2025-10-10 02:40:18,664 [INFO] Iniciando treinamento do modelo mlp_att7_3D
2025-10-10 02:40:18,664 [INFO] Configuração: att_index=7, epochs=30, layers=[128, 64, 32], lr=0.001, batch_size=32, descriptor_type=3D
2025-10-10 02:40:18,665 [INFO] Diretório para modelos: /mnt/hdd/home/jdurao/ToolBox-ChemXAI/models
2025-10-10 02:40:18,665 [INFO] Carregando dados...
2025-10-10 02:40:18,765 [INFO] Preparando dataloaders sem ruído...
2025-10-10 02:46:18,643 [INFO] Dados carregados em 359.98 segundos
2025-10-10 02:46:18,643 [INFO] Tamanhos dos conjuntos - Treino: 105179, Validação: 13147, Teste: 13148
2025-10-10 02:46:18,643 [INFO] Usando dispositivo: cuda
2025-10-10 02:46:19,002 [INFO] Dimensão de entrada: 5, Dimensão de saída: 1
2025-10-10 02:46:19,003 [INFO] Criando modelo MLP com camadas: [128, 64, 32]
2025-10-10 02:46:19,006 [INFO] Modelo criado com 11137 parâmetros
2025-10-10 02:46:19,025 [INFO] Iniciando treinamento com 30 épocas...
2025-10-10 02:46:19,590 [INFO] Época 1/30, Batch 50/3287, Loss: 0.7267
2025-10-10 02:46:19,851 [INFO] Época 1/30, Batch 100/3287, Loss: 0.7458
2025-10-10 02:46:20,111 [INFO] Época 1/30, Batch 150/3287, Loss: 0.7402
2025-10-10 02:46:20,366 [INFO] Época 1/30, Batch 200/3287, Loss: 0.8057
2025-10-10 02:46:20,623 [INFO] Época 1/30, Batch 250/3287, Loss: 0.7570
2025-10-10 02:46:20,881 [INFO] Época 1/30, Batch 300/3287, Loss: 0.7393
2025-10-10 02:46:21,150 [INFO] Época 1/30, Batch 350/3287, Loss: 0.6944
2025-10-10 02:46:21,407 [INFO] Época 1/30, Batch 400/3287, Loss: 0.6215
2025-10-10 02:46:21,663 [INFO] Época 1/30, Batch 450/3287, Loss: 0.7442
2025-10-10 02:46:21,920 [INFO] Época 1/30, Batch 500/3287, Loss: 0.5781
2025-10-10 02:46:22,179 [INFO] Época 1/30, Batch 550/3287, Loss: 0.6390
2025-10-10 02:46:22,435 [INFO] Época 1/30, Batch 600/3287, Loss: 0.4700
2025-10-10 02:46:22,692 [INFO] Época 1/30, Batch 650/3287, Loss: 0.6048
2025-10-10 02:46:22,948 [INFO] Época 1/30, Batch 700/3287, Loss: 0.7742
2025-10-10 02:46:23,204 [INFO] Época 1/30, Batch 750/3287, Loss: 0.6916
2025-10-10 02:46:23,462 [INFO] Época 1/30, Batch 800/3287, Loss: 0.7692
2025-10-10 02:46:23,718 [INFO] Época 1/30, Batch 850/3287, Loss: 0.7083
2025-10-10 02:46:23,976 [INFO] Época 1/30, Batch 900/3287, Loss: 0.7897
2025-10-10 02:46:24,232 [INFO] Época 1/30, Batch 950/3287, Loss: 0.7012
2025-10-10 02:46:24,489 [INFO] Época 1/30, Batch 1000/3287, Loss: 0.5604
2025-10-10 02:46:24,748 [INFO] Época 1/30, Batch 1050/3287, Loss: 0.7719
2025-10-10 02:46:25,004 [INFO] Época 1/30, Batch 1100/3287, Loss: 0.6459
2025-10-10 02:46:25,263 [INFO] Época 1/30, Batch 1150/3287, Loss: 0.5902
2025-10-10 02:46:25,521 [INFO] Época 1/30, Batch 1200/3287, Loss: 0.7042
2025-10-10 02:46:25,778 [INFO] Época 1/30, Batch 1250/3287, Loss: 0.6489
2025-10-10 02:46:26,035 [INFO] Época 1/30, Batch 1300/3287, Loss: 0.8377
2025-10-10 02:46:26,303 [INFO] Época 1/30, Batch 1350/3287, Loss: 0.7252
2025-10-10 02:46:26,562 [INFO] Época 1/30, Batch 1400/3287, Loss: 0.7080
2025-10-10 02:46:26,820 [INFO] Época 1/30, Batch 1450/3287, Loss: 0.7424
2025-10-10 02:46:27,078 [INFO] Época 1/30, Batch 1500/3287, Loss: 0.7515
2025-10-10 02:46:27,335 [INFO] Época 1/30, Batch 1550/3287, Loss: 0.6891
2025-10-10 02:46:27,594 [INFO] Época 1/30, Batch 1600/3287, Loss: 0.6393
2025-10-10 02:46:27,854 [INFO] Época 1/30, Batch 1650/3287, Loss: 0.6559
2025-10-10 02:46:28,111 [INFO] Época 1/30, Batch 1700/3287, Loss: 0.6809
2025-10-10 02:46:28,368 [INFO] Época 1/30, Batch 1750/3287, Loss: 0.6061
2025-10-10 02:46:28,627 [INFO] Época 1/30, Batch 1800/3287, Loss: 0.7340
2025-10-10 02:46:28,885 [INFO] Época 1/30, Batch 1850/3287, Loss: 0.6446
2025-10-10 02:46:29,138 [INFO] Época 1/30, Batch 1900/3287, Loss: 0.6722
2025-10-10 02:46:29,391 [INFO] Época 1/30, Batch 1950/3287, Loss: 0.6230
2025-10-10 02:46:29,649 [INFO] Época 1/30, Batch 2000/3287, Loss: 0.7638
2025-10-10 02:46:29,901 [INFO] Época 1/30, Batch 2050/3287, Loss: 0.7951
2025-10-10 02:46:30,157 [INFO] Época 1/30, Batch 2100/3287, Loss: 0.6468
2025-10-10 02:46:30,414 [INFO] Época 1/30, Batch 2150/3287, Loss: 0.6682
2025-10-10 02:46:30,670 [INFO] Época 1/30, Batch 2200/3287, Loss: 0.8075
2025-10-10 02:46:30,926 [INFO] Época 1/30, Batch 2250/3287, Loss: 0.7354
2025-10-10 02:46:31,183 [INFO] Época 1/30, Batch 2300/3287, Loss: 0.5775
2025-10-10 02:46:31,442 [INFO] Época 1/30, Batch 2350/3287, Loss: 0.7330
2025-10-10 02:46:31,702 [INFO] Época 1/30, Batch 2400/3287, Loss: 0.7146
2025-10-10 02:46:31,958 [INFO] Época 1/30, Batch 2450/3287, Loss: 0.7451
2025-10-10 02:46:32,216 [INFO] Época 1/30, Batch 2500/3287, Loss: 0.7429
2025-10-10 02:46:32,475 [INFO] Época 1/30, Batch 2550/3287, Loss: 0.6807
2025-10-10 02:46:32,734 [INFO] Época 1/30, Batch 2600/3287, Loss: 0.7116
2025-10-10 02:46:32,993 [INFO] Época 1/30, Batch 2650/3287, Loss: 0.6834
2025-10-10 02:46:33,250 [INFO] Época 1/30, Batch 2700/3287, Loss: 0.7120
2025-10-10 02:46:33,506 [INFO] Época 1/30, Batch 2750/3287, Loss: 0.6366
2025-10-10 02:46:33,763 [INFO] Época 1/30, Batch 2800/3287, Loss: 0.6625
2025-10-10 02:46:34,020 [INFO] Época 1/30, Batch 2850/3287, Loss: 0.6970
2025-10-10 02:46:34,276 [INFO] Época 1/30, Batch 2900/3287, Loss: 0.6549
2025-10-10 02:46:34,533 [INFO] Época 1/30, Batch 2950/3287, Loss: 0.5661
2025-10-10 02:46:34,787 [INFO] Época 1/30, Batch 3000/3287, Loss: 0.6630
2025-10-10 02:46:35,043 [INFO] Época 1/30, Batch 3050/3287, Loss: 0.7101
2025-10-10 02:46:35,299 [INFO] Época 1/30, Batch 3100/3287, Loss: 0.6357
2025-10-10 02:46:35,555 [INFO] Época 1/30, Batch 3150/3287, Loss: 0.7438
2025-10-10 02:46:35,816 [INFO] Época 1/30, Batch 3200/3287, Loss: 0.6323
2025-10-10 02:46:36,074 [INFO] Época 1/30, Batch 3250/3287, Loss: 0.7188
2025-10-10 02:46:37,756 [INFO] [1/30] Train Loss: 0.6913 | Val Loss: 0.7771 | Tempo: 18.73s
2025-10-10 02:46:37,761 [INFO] Melhor modelo salvo em: /mnt/hdd/home/jdurao/ToolBox-ChemXAI/models/mlp_qm9_3D_att7_large.pth
2025-10-10 02:46:38,316 [INFO] Época 2/30, Batch 50/3287, Loss: 0.5085
2025-10-10 02:46:38,585 [INFO] Época 2/30, Batch 100/3287, Loss: 0.7407
2025-10-10 02:46:38,853 [INFO] Época 2/30, Batch 150/3287, Loss: 0.7113
2025-10-10 02:46:39,121 [INFO] Época 2/30, Batch 200/3287, Loss: 0.8047
2025-10-10 02:46:39,388 [INFO] Época 2/30, Batch 250/3287, Loss: 0.6388
2025-10-10 02:46:39,653 [INFO] Época 2/30, Batch 300/3287, Loss: 0.6969
2025-10-10 02:46:39,920 [INFO] Época 2/30, Batch 350/3287, Loss: 0.6740
2025-10-10 02:46:40,185 [INFO] Época 2/30, Batch 400/3287, Loss: 0.6693
2025-10-10 02:46:40,452 [INFO] Época 2/30, Batch 450/3287, Loss: 0.6997
2025-10-10 02:46:40,716 [INFO] Época 2/30, Batch 500/3287, Loss: 0.6666
2025-10-10 02:46:40,976 [INFO] Época 2/30, Batch 550/3287, Loss: 0.8030
2025-10-10 02:46:41,233 [INFO] Época 2/30, Batch 600/3287, Loss: 0.6095
2025-10-10 02:46:41,490 [INFO] Época 2/30, Batch 650/3287, Loss: 0.6213
2025-10-10 02:46:41,751 [INFO] Época 2/30, Batch 700/3287, Loss: 0.6813
2025-10-10 02:46:42,011 [INFO] Época 2/30, Batch 750/3287, Loss: 0.6863
2025-10-10 02:46:42,269 [INFO] Época 2/30, Batch 800/3287, Loss: 0.6625
2025-10-10 02:46:42,525 [INFO] Época 2/30, Batch 850/3287, Loss: 0.7276
2025-10-10 02:46:42,785 [INFO] Época 2/30, Batch 900/3287, Loss: 0.6549
2025-10-10 02:46:43,049 [INFO] Época 2/30, Batch 950/3287, Loss: 0.7993
2025-10-10 02:46:43,307 [INFO] Época 2/30, Batch 1000/3287, Loss: 0.7278
2025-10-10 02:46:43,565 [INFO] Época 2/30, Batch 1050/3287, Loss: 0.7237
2025-10-10 02:46:43,825 [INFO] Época 2/30, Batch 1100/3287, Loss: 0.6600
2025-10-10 02:46:44,083 [INFO] Época 2/30, Batch 1150/3287, Loss: 0.5949
2025-10-10 02:46:44,344 [INFO] Época 2/30, Batch 1200/3287, Loss: 0.7496
2025-10-10 02:46:44,603 [INFO] Época 2/30, Batch 1250/3287, Loss: 0.6684
2025-10-10 02:46:44,861 [INFO] Época 2/30, Batch 1300/3287, Loss: 0.6283
2025-10-10 02:46:45,120 [INFO] Época 2/30, Batch 1350/3287, Loss: 0.7334
2025-10-10 02:46:45,378 [INFO] Época 2/30, Batch 1400/3287, Loss: 0.5678
2025-10-10 02:46:45,635 [INFO] Época 2/30, Batch 1450/3287, Loss: 0.7074
2025-10-10 02:46:45,892 [INFO] Época 2/30, Batch 1500/3287, Loss: 0.6070
2025-10-10 02:46:46,150 [INFO] Época 2/30, Batch 1550/3287, Loss: 0.6886
2025-10-10 02:46:46,408 [INFO] Época 2/30, Batch 1600/3287, Loss: 0.7157
2025-10-10 02:46:46,667 [INFO] Época 2/30, Batch 1650/3287, Loss: 0.7220
2025-10-10 02:46:46,928 [INFO] Época 2/30, Batch 1700/3287, Loss: 0.6930
2025-10-10 02:46:47,187 [INFO] Época 2/30, Batch 1750/3287, Loss: 0.7526
2025-10-10 02:46:47,446 [INFO] Época 2/30, Batch 1800/3287, Loss: 0.7550
2025-10-10 02:46:47,704 [INFO] Época 2/30, Batch 1850/3287, Loss: 0.6209
2025-10-10 02:46:47,963 [INFO] Época 2/30, Batch 1900/3287, Loss: 0.7046
2025-10-10 02:46:48,233 [INFO] Época 2/30, Batch 1950/3287, Loss: 0.7034
2025-10-10 02:46:48,493 [INFO] Época 2/30, Batch 2000/3287, Loss: 0.7240
2025-10-10 02:46:48,750 [INFO] Época 2/30, Batch 2050/3287, Loss: 0.5855
2025-10-10 02:46:49,008 [INFO] Época 2/30, Batch 2100/3287, Loss: 0.7102
2025-10-10 02:46:49,266 [INFO] Época 2/30, Batch 2150/3287, Loss: 0.7259
2025-10-10 02:46:49,524 [INFO] Época 2/30, Batch 2200/3287, Loss: 0.6441
2025-10-10 02:46:49,775 [INFO] Época 2/30, Batch 2250/3287, Loss: 0.8328
2025-10-10 02:46:50,032 [INFO] Época 2/30, Batch 2300/3287, Loss: 0.6082
2025-10-10 02:46:50,285 [INFO] Época 2/30, Batch 2350/3287, Loss: 0.8165
2025-10-10 02:46:50,535 [INFO] Época 2/30, Batch 2400/3287, Loss: 0.6234
2025-10-10 02:46:50,787 [INFO] Época 2/30, Batch 2450/3287, Loss: 0.7045
2025-10-10 02:46:51,039 [INFO] Época 2/30, Batch 2500/3287, Loss: 0.6889
2025-10-10 02:46:51,291 [INFO] Época 2/30, Batch 2550/3287, Loss: 0.6965
2025-10-10 02:46:51,544 [INFO] Época 2/30, Batch 2600/3287, Loss: 0.7473
2025-10-10 02:46:51,797 [INFO] Época 2/30, Batch 2650/3287, Loss: 0.6664
2025-10-10 02:46:52,048 [INFO] Época 2/30, Batch 2700/3287, Loss: 0.7558
2025-10-10 02:46:52,305 [INFO] Época 2/30, Batch 2750/3287, Loss: 0.7929
2025-10-10 02:46:52,556 [INFO] Época 2/30, Batch 2800/3287, Loss: 0.8654
2025-10-10 02:46:52,810 [INFO] Época 2/30, Batch 2850/3287, Loss: 0.8001
2025-10-10 02:46:53,061 [INFO] Época 2/30, Batch 2900/3287, Loss: 0.7371
2025-10-10 02:46:53,323 [INFO] Época 2/30, Batch 2950/3287, Loss: 0.6970
2025-10-10 02:46:53,580 [INFO] Época 2/30, Batch 3000/3287, Loss: 0.6954
2025-10-10 02:46:53,837 [INFO] Época 2/30, Batch 3050/3287, Loss: 0.7423
2025-10-10 02:46:54,095 [INFO] Época 2/30, Batch 3100/3287, Loss: 0.8158
2025-10-10 02:46:54,352 [INFO] Época 2/30, Batch 3150/3287, Loss: 0.7175
2025-10-10 02:46:54,609 [INFO] Época 2/30, Batch 3200/3287, Loss: 0.7123
2025-10-10 02:46:54,868 [INFO] Época 2/30, Batch 3250/3287, Loss: 0.6757
2025-10-10 02:46:56,612 [INFO] [2/30] Train Loss: 0.6827 | Val Loss: 0.7566 | Tempo: 18.85s
2025-10-10 02:46:56,616 [INFO] Melhor modelo salvo em: /mnt/hdd/home/jdurao/ToolBox-ChemXAI/models/mlp_qm9_3D_att7_large.pth
2025-10-10 02:46:57,184 [INFO] Época 3/30, Batch 50/3287, Loss: 0.6333
2025-10-10 02:46:57,451 [INFO] Época 3/30, Batch 100/3287, Loss: 0.6784
2025-10-10 02:46:57,712 [INFO] Época 3/30, Batch 150/3287, Loss: 0.7075
2025-10-10 02:46:57,974 [INFO] Época 3/30, Batch 200/3287, Loss: 0.5949
2025-10-10 02:46:58,236 [INFO] Época 3/30, Batch 250/3287, Loss: 0.6324
2025-10-10 02:46:58,506 [INFO] Época 3/30, Batch 300/3287, Loss: 0.6530
2025-10-10 02:46:58,765 [INFO] Época 3/30, Batch 350/3287, Loss: 0.7167
2025-10-10 02:46:59,025 [INFO] Época 3/30, Batch 400/3287, Loss: 0.7858
2025-10-10 02:46:59,286 [INFO] Época 3/30, Batch 450/3287, Loss: 0.5756
2025-10-10 02:46:59,550 [INFO] Época 3/30, Batch 500/3287, Loss: 0.7818
2025-10-10 02:46:59,811 [INFO] Época 3/30, Batch 550/3287, Loss: 0.7653
2025-10-10 02:47:00,072 [INFO] Época 3/30, Batch 600/3287, Loss: 0.6835
2025-10-10 02:47:00,334 [INFO] Época 3/30, Batch 650/3287, Loss: 0.6967
2025-10-10 02:47:00,596 [INFO] Época 3/30, Batch 700/3287, Loss: 0.6405
2025-10-10 02:47:00,857 [INFO] Época 3/30, Batch 750/3287, Loss: 0.7683
2025-10-10 02:47:01,123 [INFO] Época 3/30, Batch 800/3287, Loss: 0.7637
2025-10-10 02:47:01,390 [INFO] Época 3/30, Batch 850/3287, Loss: 0.6381
2025-10-10 02:47:01,656 [INFO] Época 3/30, Batch 900/3287, Loss: 0.8911
2025-10-10 02:47:01,927 [INFO] Época 3/30, Batch 950/3287, Loss: 0.7809
2025-10-10 02:47:02,194 [INFO] Época 3/30, Batch 1000/3287, Loss: 0.7966
2025-10-10 02:47:02,464 [INFO] Época 3/30, Batch 1050/3287, Loss: 0.7083
2025-10-10 02:47:02,729 [INFO] Época 3/30, Batch 1100/3287, Loss: 0.6891
2025-10-10 02:47:02,994 [INFO] Época 3/30, Batch 1150/3287, Loss: 0.6565
2025-10-10 02:47:03,259 [INFO] Época 3/30, Batch 1200/3287, Loss: 0.6397
2025-10-10 02:47:03,537 [INFO] Época 3/30, Batch 1250/3287, Loss: 0.8363
2025-10-10 02:47:03,801 [INFO] Época 3/30, Batch 1300/3287, Loss: 0.8985
2025-10-10 02:47:04,068 [INFO] Época 3/30, Batch 1350/3287, Loss: 0.8787
2025-10-10 02:47:04,328 [INFO] Época 3/30, Batch 1400/3287, Loss: 0.6727
2025-10-10 02:47:04,592 [INFO] Época 3/30, Batch 1450/3287, Loss: 0.7944
2025-10-10 02:47:04,860 [INFO] Época 3/30, Batch 1500/3287, Loss: 0.5874
2025-10-10 02:47:05,118 [INFO] Época 3/30, Batch 1550/3287, Loss: 0.7390
2025-10-10 02:47:05,377 [INFO] Época 3/30, Batch 1600/3287, Loss: 0.5918
2025-10-10 02:47:05,634 [INFO] Época 3/30, Batch 1650/3287, Loss: 0.7357
2025-10-10 02:47:05,892 [INFO] Época 3/30, Batch 1700/3287, Loss: 0.5457
2025-10-10 02:47:06,151 [INFO] Época 3/30, Batch 1750/3287, Loss: 0.6581
2025-10-10 02:47:06,410 [INFO] Época 3/30, Batch 1800/3287, Loss: 0.6948
2025-10-10 02:47:06,667 [INFO] Época 3/30, Batch 1850/3287, Loss: 0.6152
2025-10-10 02:47:06,922 [INFO] Época 3/30, Batch 1900/3287, Loss: 0.6160
2025-10-10 02:47:07,181 [INFO] Época 3/30, Batch 1950/3287, Loss: 0.6676
2025-10-10 02:47:07,439 [INFO] Época 3/30, Batch 2000/3287, Loss: 0.6410
2025-10-10 02:47:07,699 [INFO] Época 3/30, Batch 2050/3287, Loss: 0.7352
2025-10-10 02:47:07,955 [INFO] Época 3/30, Batch 2100/3287, Loss: 0.5449
2025-10-10 02:47:08,212 [INFO] Época 3/30, Batch 2150/3287, Loss: 0.6993
2025-10-10 02:47:08,472 [INFO] Época 3/30, Batch 2200/3287, Loss: 0.7358
2025-10-10 02:47:08,734 [INFO] Época 3/30, Batch 2250/3287, Loss: 0.6605
2025-10-10 02:47:09,010 [INFO] Época 3/30, Batch 2300/3287, Loss: 0.6628
2025-10-10 02:47:09,277 [INFO] Época 3/30, Batch 2350/3287, Loss: 0.6731
2025-10-10 02:47:09,538 [INFO] Época 3/30, Batch 2400/3287, Loss: 0.6833
2025-10-10 02:47:09,800 [INFO] Época 3/30, Batch 2450/3287, Loss: 0.4871
2025-10-10 02:47:10,064 [INFO] Época 3/30, Batch 2500/3287, Loss: 0.6850
2025-10-10 02:47:10,330 [INFO] Época 3/30, Batch 2550/3287, Loss: 0.8406
2025-10-10 02:47:10,592 [INFO] Época 3/30, Batch 2600/3287, Loss: 0.5251
2025-10-10 02:47:10,854 [INFO] Época 3/30, Batch 2650/3287, Loss: 0.5469
2025-10-10 02:47:11,114 [INFO] Época 3/30, Batch 2700/3287, Loss: 0.7020
2025-10-10 02:47:11,374 [INFO] Época 3/30, Batch 2750/3287, Loss: 0.5425
2025-10-10 02:47:11,637 [INFO] Época 3/30, Batch 2800/3287, Loss: 0.6127
2025-10-10 02:47:11,899 [INFO] Época 3/30, Batch 2850/3287, Loss: 0.6232
2025-10-10 02:47:12,161 [INFO] Época 3/30, Batch 2900/3287, Loss: 0.5855
2025-10-10 02:47:12,423 [INFO] Época 3/30, Batch 2950/3287, Loss: 0.6769
2025-10-10 02:47:12,684 [INFO] Época 3/30, Batch 3000/3287, Loss: 0.7318
2025-10-10 02:47:12,947 [INFO] Época 3/30, Batch 3050/3287, Loss: 0.6099
2025-10-10 02:47:13,210 [INFO] Época 3/30, Batch 3100/3287, Loss: 0.6761
2025-10-10 02:47:13,470 [INFO] Época 3/30, Batch 3150/3287, Loss: 0.6722
2025-10-10 02:47:13,731 [INFO] Época 3/30, Batch 3200/3287, Loss: 0.7468
2025-10-10 02:47:14,001 [INFO] Época 3/30, Batch 3250/3287, Loss: 0.7305
2025-10-10 02:47:15,636 [INFO] [3/30] Train Loss: 0.6805 | Val Loss: 0.7524 | Tempo: 19.02s
2025-10-10 02:47:15,641 [INFO] Melhor modelo salvo em: /mnt/hdd/home/jdurao/ToolBox-ChemXAI/models/mlp_qm9_3D_att7_large.pth
2025-10-10 02:47:16,201 [INFO] Época 4/30, Batch 50/3287, Loss: 0.6579
2025-10-10 02:47:16,464 [INFO] Época 4/30, Batch 100/3287, Loss: 0.6020
2025-10-10 02:47:16,725 [INFO] Época 4/30, Batch 150/3287, Loss: 0.7805
2025-10-10 02:47:16,986 [INFO] Época 4/30, Batch 200/3287, Loss: 0.6261
2025-10-10 02:47:17,243 [INFO] Época 4/30, Batch 250/3287, Loss: 0.5736
2025-10-10 02:47:17,504 [INFO] Época 4/30, Batch 300/3287, Loss: 0.7194
2025-10-10 02:47:17,759 [INFO] Época 4/30, Batch 350/3287, Loss: 0.6451
2025-10-10 02:47:18,017 [INFO] Época 4/30, Batch 400/3287, Loss: 0.6923
2025-10-10 02:47:18,272 [INFO] Época 4/30, Batch 450/3287, Loss: 0.6158
2025-10-10 02:47:18,531 [INFO] Época 4/30, Batch 500/3287, Loss: 0.6763
2025-10-10 02:47:18,788 [INFO] Época 4/30, Batch 550/3287, Loss: 0.7085
2025-10-10 02:47:19,057 [INFO] Época 4/30, Batch 600/3287, Loss: 0.6703
2025-10-10 02:47:19,314 [INFO] Época 4/30, Batch 650/3287, Loss: 0.5118
2025-10-10 02:47:19,569 [INFO] Época 4/30, Batch 700/3287, Loss: 0.7546
2025-10-10 02:47:19,821 [INFO] Época 4/30, Batch 750/3287, Loss: 0.7543
2025-10-10 02:47:20,074 [INFO] Época 4/30, Batch 800/3287, Loss: 0.5458
2025-10-10 02:47:20,326 [INFO] Época 4/30, Batch 850/3287, Loss: 0.7100
2025-10-10 02:47:20,578 [INFO] Época 4/30, Batch 900/3287, Loss: 0.6654
2025-10-10 02:47:20,827 [INFO] Época 4/30, Batch 950/3287, Loss: 0.6106
2025-10-10 02:47:21,076 [INFO] Época 4/30, Batch 1000/3287, Loss: 0.5877
2025-10-10 02:47:21,325 [INFO] Época 4/30, Batch 1050/3287, Loss: 0.6507
2025-10-10 02:47:21,574 [INFO] Época 4/30, Batch 1100/3287, Loss: 0.6574
2025-10-10 02:47:21,824 [INFO] Época 4/30, Batch 1150/3287, Loss: 0.7381
2025-10-10 02:47:22,082 [INFO] Época 4/30, Batch 1200/3287, Loss: 0.6012
2025-10-10 02:47:22,338 [INFO] Época 4/30, Batch 1250/3287, Loss: 0.6212
2025-10-10 02:47:22,592 [INFO] Época 4/30, Batch 1300/3287, Loss: 0.6052
2025-10-10 02:47:22,844 [INFO] Época 4/30, Batch 1350/3287, Loss: 0.7099
2025-10-10 02:47:23,101 [INFO] Época 4/30, Batch 1400/3287, Loss: 0.7432
2025-10-10 02:47:23,358 [INFO] Época 4/30, Batch 1450/3287, Loss: 0.6489
2025-10-10 02:47:23,616 [INFO] Época 4/30, Batch 1500/3287, Loss: 0.6454
2025-10-10 02:47:23,873 [INFO] Época 4/30, Batch 1550/3287, Loss: 0.6604
2025-10-10 02:47:24,131 [INFO] Época 4/30, Batch 1600/3287, Loss: 0.6653
2025-10-10 02:47:24,387 [INFO] Época 4/30, Batch 1650/3287, Loss: 0.6866
2025-10-10 02:47:24,645 [INFO] Época 4/30, Batch 1700/3287, Loss: 0.8340
2025-10-10 02:47:24,903 [INFO] Época 4/30, Batch 1750/3287, Loss: 0.6101
2025-10-10 02:47:25,161 [INFO] Época 4/30, Batch 1800/3287, Loss: 0.7218
2025-10-10 02:47:25,417 [INFO] Época 4/30, Batch 1850/3287, Loss: 0.7516
2025-10-10 02:47:25,676 [INFO] Época 4/30, Batch 1900/3287, Loss: 0.6144
2025-10-10 02:47:25,936 [INFO] Época 4/30, Batch 1950/3287, Loss: 0.6574
2025-10-10 02:47:26,196 [INFO] Época 4/30, Batch 2000/3287, Loss: 0.7202
2025-10-10 02:47:26,453 [INFO] Época 4/30, Batch 2050/3287, Loss: 0.7149
2025-10-10 02:47:26,711 [INFO] Época 4/30, Batch 2100/3287, Loss: 0.6585
2025-10-10 02:47:26,969 [INFO] Época 4/30, Batch 2150/3287, Loss: 0.5248
2025-10-10 02:47:27,228 [INFO] Época 4/30, Batch 2200/3287, Loss: 0.6827
2025-10-10 02:47:27,486 [INFO] Época 4/30, Batch 2250/3287, Loss: 0.8049
2025-10-10 02:47:27,744 [INFO] Época 4/30, Batch 2300/3287, Loss: 0.7290
2025-10-10 02:47:28,003 [INFO] Época 4/30, Batch 2350/3287, Loss: 0.5952
2025-10-10 02:47:28,260 [INFO] Época 4/30, Batch 2400/3287, Loss: 0.6470
2025-10-10 02:47:28,520 [INFO] Época 4/30, Batch 2450/3287, Loss: 0.7141
2025-10-10 02:47:28,778 [INFO] Época 4/30, Batch 2500/3287, Loss: 0.6505
2025-10-10 02:47:29,034 [INFO] Época 4/30, Batch 2550/3287, Loss: 0.7045
2025-10-10 02:47:29,294 [INFO] Época 4/30, Batch 2600/3287, Loss: 0.7388
2025-10-10 02:47:29,551 [INFO] Época 4/30, Batch 2650/3287, Loss: 0.7979
2025-10-10 02:47:29,810 [INFO] Época 4/30, Batch 2700/3287, Loss: 0.6586
2025-10-10 02:47:30,068 [INFO] Época 4/30, Batch 2750/3287, Loss: 0.6493
2025-10-10 02:47:30,325 [INFO] Época 4/30, Batch 2800/3287, Loss: 0.5969
2025-10-10 02:47:30,584 [INFO] Época 4/30, Batch 2850/3287, Loss: 0.7375
2025-10-10 02:47:30,839 [INFO] Época 4/30, Batch 2900/3287, Loss: 0.6377
2025-10-10 02:47:31,095 [INFO] Época 4/30, Batch 2950/3287, Loss: 0.8305
2025-10-10 02:47:31,348 [INFO] Época 4/30, Batch 3000/3287, Loss: 0.6196
2025-10-10 02:47:31,603 [INFO] Época 4/30, Batch 3050/3287, Loss: 0.6112
2025-10-10 02:47:31,860 [INFO] Época 4/30, Batch 3100/3287, Loss: 0.7468
2025-10-10 02:47:32,120 [INFO] Época 4/30, Batch 3150/3287, Loss: 0.8331
2025-10-10 02:47:32,378 [INFO] Época 4/30, Batch 3200/3287, Loss: 0.6760
2025-10-10 02:47:32,635 [INFO] Época 4/30, Batch 3250/3287, Loss: 0.6513
2025-10-10 02:47:34,288 [INFO] [4/30] Train Loss: 0.6791 | Val Loss: 0.7421 | Tempo: 18.65s
2025-10-10 02:47:34,296 [INFO] Melhor modelo salvo em: /mnt/hdd/home/jdurao/ToolBox-ChemXAI/models/mlp_qm9_3D_att7_large.pth
2025-10-10 02:47:34,848 [INFO] Época 5/30, Batch 50/3287, Loss: 0.6846
2025-10-10 02:47:35,114 [INFO] Época 5/30, Batch 100/3287, Loss: 0.7004
2025-10-10 02:47:35,377 [INFO] Época 5/30, Batch 150/3287, Loss: 0.5747
2025-10-10 02:47:35,636 [INFO] Época 5/30, Batch 200/3287, Loss: 0.6689
2025-10-10 02:47:35,897 [INFO] Época 5/30, Batch 250/3287, Loss: 0.6250
2025-10-10 02:47:36,156 [INFO] Época 5/30, Batch 300/3287, Loss: 0.6062
2025-10-10 02:47:36,417 [INFO] Época 5/30, Batch 350/3287, Loss: 0.7197
2025-10-10 02:47:36,677 [INFO] Época 5/30, Batch 400/3287, Loss: 0.6648
2025-10-10 02:47:36,937 [INFO] Época 5/30, Batch 450/3287, Loss: 0.6961
2025-10-10 02:47:37,196 [INFO] Época 5/30, Batch 500/3287, Loss: 0.6499
2025-10-10 02:47:37,456 [INFO] Época 5/30, Batch 550/3287, Loss: 0.4936
2025-10-10 02:47:37,718 [INFO] Época 5/30, Batch 600/3287, Loss: 0.6145
2025-10-10 02:47:37,976 [INFO] Época 5/30, Batch 650/3287, Loss: 0.6039
2025-10-10 02:47:38,233 [INFO] Época 5/30, Batch 700/3287, Loss: 0.6046
2025-10-10 02:47:38,489 [INFO] Época 5/30, Batch 750/3287, Loss: 0.7735
2025-10-10 02:47:38,748 [INFO] Época 5/30, Batch 800/3287, Loss: 0.5760
2025-10-10 02:47:39,007 [INFO] Época 5/30, Batch 850/3287, Loss: 0.6372
2025-10-10 02:47:39,265 [INFO] Época 5/30, Batch 900/3287, Loss: 0.8595
2025-10-10 02:47:39,523 [INFO] Época 5/30, Batch 950/3287, Loss: 0.7440
2025-10-10 02:47:39,790 [INFO] Época 5/30, Batch 1000/3287, Loss: 0.6063
2025-10-10 02:47:40,047 [INFO] Época 5/30, Batch 1050/3287, Loss: 0.7107
2025-10-10 02:47:40,306 [INFO] Época 5/30, Batch 1100/3287, Loss: 0.6591
2025-10-10 02:47:40,562 [INFO] Época 5/30, Batch 1150/3287, Loss: 0.7634
2025-10-10 02:47:40,821 [INFO] Época 5/30, Batch 1200/3287, Loss: 0.7683
2025-10-10 02:47:41,079 [INFO] Época 5/30, Batch 1250/3287, Loss: 0.7476
2025-10-10 02:47:41,337 [INFO] Época 5/30, Batch 1300/3287, Loss: 0.6520
2025-10-10 02:47:41,595 [INFO] Época 5/30, Batch 1350/3287, Loss: 0.7638
2025-10-10 02:47:41,853 [INFO] Época 5/30, Batch 1400/3287, Loss: 0.6640
2025-10-10 02:47:42,113 [INFO] Época 5/30, Batch 1450/3287, Loss: 0.7655
2025-10-10 02:47:42,369 [INFO] Época 5/30, Batch 1500/3287, Loss: 0.7181
2025-10-10 02:47:42,627 [INFO] Época 5/30, Batch 1550/3287, Loss: 0.7266
2025-10-10 02:47:42,885 [INFO] Época 5/30, Batch 1600/3287, Loss: 0.7590
2025-10-10 02:47:43,144 [INFO] Época 5/30, Batch 1650/3287, Loss: 0.7703
2025-10-10 02:47:43,401 [INFO] Época 5/30, Batch 1700/3287, Loss: 0.6518
2025-10-10 02:47:43,662 [INFO] Época 5/30, Batch 1750/3287, Loss: 0.6700
2025-10-10 02:47:43,919 [INFO] Época 5/30, Batch 1800/3287, Loss: 0.7544
2025-10-10 02:47:44,177 [INFO] Época 5/30, Batch 1850/3287, Loss: 0.6893
2025-10-10 02:47:44,434 [INFO] Época 5/30, Batch 1900/3287, Loss: 0.7400
2025-10-10 02:47:44,693 [INFO] Época 5/30, Batch 1950/3287, Loss: 0.7455
2025-10-10 02:47:44,950 [INFO] Época 5/30, Batch 2000/3287, Loss: 0.7972
2025-10-10 02:47:45,207 [INFO] Época 5/30, Batch 2050/3287, Loss: 0.8220
2025-10-10 02:47:45,465 [INFO] Época 5/30, Batch 2100/3287, Loss: 0.6100
2025-10-10 02:47:45,725 [INFO] Época 5/30, Batch 2150/3287, Loss: 0.7247
2025-10-10 02:47:45,984 [INFO] Época 5/30, Batch 2200/3287, Loss: 0.7494
2025-10-10 02:47:46,242 [INFO] Época 5/30, Batch 2250/3287, Loss: 0.6647
2025-10-10 02:47:46,501 [INFO] Época 5/30, Batch 2300/3287, Loss: 0.7397
2025-10-10 02:47:46,760 [INFO] Época 5/30, Batch 2350/3287, Loss: 0.5302
2025-10-10 02:47:47,021 [INFO] Época 5/30, Batch 2400/3287, Loss: 0.6886
2025-10-10 02:47:47,279 [INFO] Época 5/30, Batch 2450/3287, Loss: 0.7745
2025-10-10 02:47:47,538 [INFO] Época 5/30, Batch 2500/3287, Loss: 0.7599
2025-10-10 02:47:47,796 [INFO] Época 5/30, Batch 2550/3287, Loss: 0.7744
2025-10-10 02:47:48,055 [INFO] Época 5/30, Batch 2600/3287, Loss: 0.6494
2025-10-10 02:47:48,315 [INFO] Época 5/30, Batch 2650/3287, Loss: 0.6014
2025-10-10 02:47:48,576 [INFO] Época 5/30, Batch 2700/3287, Loss: 0.7876
2025-10-10 02:47:48,833 [INFO] Época 5/30, Batch 2750/3287, Loss: 0.6624
2025-10-10 02:47:49,094 [INFO] Época 5/30, Batch 2800/3287, Loss: 0.7668
2025-10-10 02:47:49,353 [INFO] Época 5/30, Batch 2850/3287, Loss: 0.5832
2025-10-10 02:47:49,612 [INFO] Época 5/30, Batch 2900/3287, Loss: 0.6741
2025-10-10 02:47:49,871 [INFO] Época 5/30, Batch 2950/3287, Loss: 0.5616
2025-10-10 02:47:50,140 [INFO] Época 5/30, Batch 3000/3287, Loss: 0.6471
2025-10-10 02:47:50,400 [INFO] Época 5/30, Batch 3050/3287, Loss: 0.5146
2025-10-10 02:47:50,658 [INFO] Época 5/30, Batch 3100/3287, Loss: 0.5549
2025-10-10 02:47:50,917 [INFO] Época 5/30, Batch 3150/3287, Loss: 0.6760
2025-10-10 02:47:51,175 [INFO] Época 5/30, Batch 3200/3287, Loss: 0.7205
2025-10-10 02:47:51,434 [INFO] Época 5/30, Batch 3250/3287, Loss: 0.6798
2025-10-10 02:47:53,195 [INFO] [5/30] Train Loss: 0.6779 | Val Loss: 0.7555 | Tempo: 18.90s
2025-10-10 02:47:53,754 [INFO] Época 6/30, Batch 50/3287, Loss: 0.7152
2025-10-10 02:47:54,013 [INFO] Época 6/30, Batch 100/3287, Loss: 0.6804
2025-10-10 02:47:54,272 [INFO] Época 6/30, Batch 150/3287, Loss: 0.7131
2025-10-10 02:47:54,526 [INFO] Época 6/30, Batch 200/3287, Loss: 0.6345
2025-10-10 02:47:54,780 [INFO] Época 6/30, Batch 250/3287, Loss: 0.8186
2025-10-10 02:47:55,035 [INFO] Época 6/30, Batch 300/3287, Loss: 0.6047
2025-10-10 02:47:55,293 [INFO] Época 6/30, Batch 350/3287, Loss: 0.5859
2025-10-10 02:47:55,548 [INFO] Época 6/30, Batch 400/3287, Loss: 0.6570
2025-10-10 02:47:55,802 [INFO] Época 6/30, Batch 450/3287, Loss: 0.6487
2025-10-10 02:47:56,055 [INFO] Época 6/30, Batch 500/3287, Loss: 0.6093
2025-10-10 02:47:56,308 [INFO] Época 6/30, Batch 550/3287, Loss: 0.6322
2025-10-10 02:47:56,562 [INFO] Época 6/30, Batch 600/3287, Loss: 0.7691
2025-10-10 02:47:56,817 [INFO] Época 6/30, Batch 650/3287, Loss: 0.5464
2025-10-10 02:47:57,069 [INFO] Época 6/30, Batch 700/3287, Loss: 0.7119
2025-10-10 02:47:57,329 [INFO] Época 6/30, Batch 750/3287, Loss: 0.6834
2025-10-10 02:47:57,587 [INFO] Época 6/30, Batch 800/3287, Loss: 0.6599
2025-10-10 02:47:57,840 [INFO] Época 6/30, Batch 850/3287, Loss: 0.5464
2025-10-10 02:47:58,081 [INFO] Época 6/30, Batch 900/3287, Loss: 0.6262
2025-10-10 02:47:58,318 [INFO] Época 6/30, Batch 950/3287, Loss: 0.6777
2025-10-10 02:47:58,558 [INFO] Época 6/30, Batch 1000/3287, Loss: 0.7079
2025-10-10 02:47:58,800 [INFO] Época 6/30, Batch 1050/3287, Loss: 0.5758
2025-10-10 02:47:59,038 [INFO] Época 6/30, Batch 1100/3287, Loss: 0.5853
2025-10-10 02:47:59,279 [INFO] Época 6/30, Batch 1150/3287, Loss: 0.6698
2025-10-10 02:47:59,517 [INFO] Época 6/30, Batch 1200/3287, Loss: 0.6748
2025-10-10 02:47:59,761 [INFO] Época 6/30, Batch 1250/3287, Loss: 0.5876
2025-10-10 02:48:00,000 [INFO] Época 6/30, Batch 1300/3287, Loss: 0.6031
2025-10-10 02:48:00,242 [INFO] Época 6/30, Batch 1350/3287, Loss: 0.6858
2025-10-10 02:48:00,494 [INFO] Época 6/30, Batch 1400/3287, Loss: 0.6895
2025-10-10 02:48:00,741 [INFO] Época 6/30, Batch 1450/3287, Loss: 0.7712
2025-10-10 02:48:00,987 [INFO] Época 6/30, Batch 1500/3287, Loss: 0.6358
2025-10-10 02:48:01,233 [INFO] Época 6/30, Batch 1550/3287, Loss: 0.7098
2025-10-10 02:48:01,479 [INFO] Época 6/30, Batch 1600/3287, Loss: 0.6064
2025-10-10 02:48:01,725 [INFO] Época 6/30, Batch 1650/3287, Loss: 0.6270
2025-10-10 02:48:01,977 [INFO] Época 6/30, Batch 1700/3287, Loss: 0.5435
2025-10-10 02:48:02,231 [INFO] Época 6/30, Batch 1750/3287, Loss: 0.6714
2025-10-10 02:48:02,485 [INFO] Época 6/30, Batch 1800/3287, Loss: 0.5613
2025-10-10 02:48:02,739 [INFO] Época 6/30, Batch 1850/3287, Loss: 0.6645
2025-10-10 02:48:02,993 [INFO] Época 6/30, Batch 1900/3287, Loss: 0.6644
2025-10-10 02:48:03,247 [INFO] Época 6/30, Batch 1950/3287, Loss: 0.6180
2025-10-10 02:48:03,497 [INFO] Época 6/30, Batch 2000/3287, Loss: 0.5247
2025-10-10 02:48:03,746 [INFO] Época 6/30, Batch 2050/3287, Loss: 0.8122
2025-10-10 02:48:03,993 [INFO] Época 6/30, Batch 2100/3287, Loss: 0.6581
2025-10-10 02:48:04,242 [INFO] Época 6/30, Batch 2150/3287, Loss: 0.7625
2025-10-10 02:48:04,492 [INFO] Época 6/30, Batch 2200/3287, Loss: 0.8737
2025-10-10 02:48:04,740 [INFO] Época 6/30, Batch 2250/3287, Loss: 0.6438
2025-10-10 02:48:04,989 [INFO] Época 6/30, Batch 2300/3287, Loss: 0.6959
2025-10-10 02:48:05,235 [INFO] Época 6/30, Batch 2350/3287, Loss: 0.8551
2025-10-10 02:48:05,482 [INFO] Época 6/30, Batch 2400/3287, Loss: 0.6732
2025-10-10 02:48:05,741 [INFO] Época 6/30, Batch 2450/3287, Loss: 0.7708
2025-10-10 02:48:05,988 [INFO] Época 6/30, Batch 2500/3287, Loss: 0.6402
2025-10-10 02:48:06,236 [INFO] Época 6/30, Batch 2550/3287, Loss: 0.4982
2025-10-10 02:48:06,483 [INFO] Época 6/30, Batch 2600/3287, Loss: 0.5827
2025-10-10 02:48:06,734 [INFO] Época 6/30, Batch 2650/3287, Loss: 0.6613
2025-10-10 02:48:06,985 [INFO] Época 6/30, Batch 2700/3287, Loss: 0.5926
2025-10-10 02:48:07,236 [INFO] Época 6/30, Batch 2750/3287, Loss: 0.6541
2025-10-10 02:48:07,489 [INFO] Época 6/30, Batch 2800/3287, Loss: 0.5317
2025-10-10 02:48:07,743 [INFO] Época 6/30, Batch 2850/3287, Loss: 0.6649
2025-10-10 02:48:07,997 [INFO] Época 6/30, Batch 2900/3287, Loss: 0.7539
2025-10-10 02:48:08,253 [INFO] Época 6/30, Batch 2950/3287, Loss: 0.5909
2025-10-10 02:48:08,510 [INFO] Época 6/30, Batch 3000/3287, Loss: 0.7234
2025-10-10 02:48:08,765 [INFO] Época 6/30, Batch 3050/3287, Loss: 0.6794
2025-10-10 02:48:09,017 [INFO] Época 6/30, Batch 3100/3287, Loss: 0.6413
2025-10-10 02:48:09,269 [INFO] Época 6/30, Batch 3150/3287, Loss: 0.7954
2025-10-10 02:48:09,523 [INFO] Época 6/30, Batch 3200/3287, Loss: 0.6166
2025-10-10 02:48:09,779 [INFO] Época 6/30, Batch 3250/3287, Loss: 0.6898
2025-10-10 02:48:11,486 [INFO] [6/30] Train Loss: 0.6768 | Val Loss: 0.7535 | Tempo: 18.29s
2025-10-10 02:48:12,044 [INFO] Época 7/30, Batch 50/3287, Loss: 0.7047
2025-10-10 02:48:12,311 [INFO] Época 7/30, Batch 100/3287, Loss: 0.6651
2025-10-10 02:48:12,573 [INFO] Época 7/30, Batch 150/3287, Loss: 0.6935
2025-10-10 02:48:12,837 [INFO] Época 7/30, Batch 200/3287, Loss: 0.6943
2025-10-10 02:48:13,098 [INFO] Época 7/30, Batch 250/3287, Loss: 0.7034
2025-10-10 02:48:13,357 [INFO] Época 7/30, Batch 300/3287, Loss: 0.5282
2025-10-10 02:48:13,615 [INFO] Época 7/30, Batch 350/3287, Loss: 0.8465
2025-10-10 02:48:13,875 [INFO] Época 7/30, Batch 400/3287, Loss: 0.7387
2025-10-10 02:48:14,136 [INFO] Época 7/30, Batch 450/3287, Loss: 0.5950
2025-10-10 02:48:14,395 [INFO] Época 7/30, Batch 500/3287, Loss: 0.6907
2025-10-10 02:48:14,656 [INFO] Época 7/30, Batch 550/3287, Loss: 0.7524
2025-10-10 02:48:14,915 [INFO] Época 7/30, Batch 600/3287, Loss: 0.6294
2025-10-10 02:48:15,173 [INFO] Época 7/30, Batch 650/3287, Loss: 0.7202
2025-10-10 02:48:15,434 [INFO] Época 7/30, Batch 700/3287, Loss: 0.6700
2025-10-10 02:48:15,694 [INFO] Época 7/30, Batch 750/3287, Loss: 0.6113
2025-10-10 02:48:15,955 [INFO] Época 7/30, Batch 800/3287, Loss: 0.6192
2025-10-10 02:48:16,213 [INFO] Época 7/30, Batch 850/3287, Loss: 0.6953
2025-10-10 02:48:16,474 [INFO] Época 7/30, Batch 900/3287, Loss: 0.7144
2025-10-10 02:48:16,738 [INFO] Época 7/30, Batch 950/3287, Loss: 0.8224
2025-10-10 02:48:17,013 [INFO] Época 7/30, Batch 1000/3287, Loss: 0.5824
2025-10-10 02:48:17,274 [INFO] Época 7/30, Batch 1050/3287, Loss: 0.6896
2025-10-10 02:48:17,531 [INFO] Época 7/30, Batch 1100/3287, Loss: 0.6595
2025-10-10 02:48:17,788 [INFO] Época 7/30, Batch 1150/3287, Loss: 0.6746
2025-10-10 02:48:18,047 [INFO] Época 7/30, Batch 1200/3287, Loss: 0.8021
2025-10-10 02:48:18,306 [INFO] Época 7/30, Batch 1250/3287, Loss: 0.6626
2025-10-10 02:48:18,564 [INFO] Época 7/30, Batch 1300/3287, Loss: 0.6713
2025-10-10 02:48:18,823 [INFO] Época 7/30, Batch 1350/3287, Loss: 0.7736
2025-10-10 02:48:19,082 [INFO] Época 7/30, Batch 1400/3287, Loss: 0.6767
2025-10-10 02:48:19,340 [INFO] Época 7/30, Batch 1450/3287, Loss: 0.7062
2025-10-10 02:48:19,599 [INFO] Época 7/30, Batch 1500/3287, Loss: 0.6604
2025-10-10 02:48:19,858 [INFO] Época 7/30, Batch 1550/3287, Loss: 0.6727
2025-10-10 02:48:20,117 [INFO] Época 7/30, Batch 1600/3287, Loss: 0.5277
2025-10-10 02:48:20,376 [INFO] Época 7/30, Batch 1650/3287, Loss: 0.7704
2025-10-10 02:48:20,634 [INFO] Época 7/30, Batch 1700/3287, Loss: 0.7309
2025-10-10 02:48:20,893 [INFO] Época 7/30, Batch 1750/3287, Loss: 0.7864
2025-10-10 02:48:21,153 [INFO] Época 7/30, Batch 1800/3287, Loss: 0.7824
2025-10-10 02:48:21,410 [INFO] Época 7/30, Batch 1850/3287, Loss: 0.7660
2025-10-10 02:48:21,667 [INFO] Época 7/30, Batch 1900/3287, Loss: 0.7289
2025-10-10 02:48:21,926 [INFO] Época 7/30, Batch 1950/3287, Loss: 0.6451
2025-10-10 02:48:22,187 [INFO] Época 7/30, Batch 2000/3287, Loss: 0.5670
2025-10-10 02:48:22,449 [INFO] Época 7/30, Batch 2050/3287, Loss: 0.7574
2025-10-10 02:48:22,710 [INFO] Época 7/30, Batch 2100/3287, Loss: 0.6036
2025-10-10 02:48:22,969 [INFO] Época 7/30, Batch 2150/3287, Loss: 0.7634
2025-10-10 02:48:23,228 [INFO] Época 7/30, Batch 2200/3287, Loss: 0.7163
2025-10-10 02:48:23,487 [INFO] Época 7/30, Batch 2250/3287, Loss: 0.6928
2025-10-10 02:48:23,747 [INFO] Época 7/30, Batch 2300/3287, Loss: 0.6809
2025-10-10 02:48:24,006 [INFO] Época 7/30, Batch 2350/3287, Loss: 0.6567
2025-10-10 02:48:24,264 [INFO] Época 7/30, Batch 2400/3287, Loss: 0.7019
2025-10-10 02:48:24,523 [INFO] Época 7/30, Batch 2450/3287, Loss: 0.7508
2025-10-10 02:48:24,783 [INFO] Época 7/30, Batch 2500/3287, Loss: 0.7233
2025-10-10 02:48:25,041 [INFO] Época 7/30, Batch 2550/3287, Loss: 0.8066
2025-10-10 02:48:25,303 [INFO] Época 7/30, Batch 2600/3287, Loss: 0.7686
2025-10-10 02:48:25,560 [INFO] Época 7/30, Batch 2650/3287, Loss: 0.7549
2025-10-10 02:48:25,817 [INFO] Época 7/30, Batch 2700/3287, Loss: 0.7930
2025-10-10 02:48:26,077 [INFO] Época 7/30, Batch 2750/3287, Loss: 0.8114
2025-10-10 02:48:26,334 [INFO] Época 7/30, Batch 2800/3287, Loss: 0.6290
2025-10-10 02:48:26,591 [INFO] Época 7/30, Batch 2850/3287, Loss: 0.6066
2025-10-10 02:48:26,848 [INFO] Época 7/30, Batch 2900/3287, Loss: 0.7396
2025-10-10 02:48:27,106 [INFO] Época 7/30, Batch 2950/3287, Loss: 0.5930
2025-10-10 02:48:27,374 [INFO] Época 7/30, Batch 3000/3287, Loss: 0.7094
2025-10-10 02:48:27,632 [INFO] Época 7/30, Batch 3050/3287, Loss: 0.5756
2025-10-10 02:48:27,889 [INFO] Época 7/30, Batch 3100/3287, Loss: 0.5967
2025-10-10 02:48:28,149 [INFO] Época 7/30, Batch 3150/3287, Loss: 0.7583
2025-10-10 02:48:28,408 [INFO] Época 7/30, Batch 3200/3287, Loss: 0.5587
2025-10-10 02:48:28,668 [INFO] Época 7/30, Batch 3250/3287, Loss: 0.6278
2025-10-10 02:48:30,373 [INFO] [7/30] Train Loss: 0.6760 | Val Loss: 0.7507 | Tempo: 18.89s
2025-10-10 02:48:30,933 [INFO] Época 8/30, Batch 50/3287, Loss: 0.8206
2025-10-10 02:48:31,196 [INFO] Época 8/30, Batch 100/3287, Loss: 0.6052
2025-10-10 02:48:31,457 [INFO] Época 8/30, Batch 150/3287, Loss: 0.6177
2025-10-10 02:48:31,718 [INFO] Época 8/30, Batch 200/3287, Loss: 0.6329
2025-10-10 02:48:31,979 [INFO] Época 8/30, Batch 250/3287, Loss: 0.6477
2025-10-10 02:48:32,239 [INFO] Época 8/30, Batch 300/3287, Loss: 0.7167
2025-10-10 02:48:32,508 [INFO] Época 8/30, Batch 350/3287, Loss: 0.7272
2025-10-10 02:48:32,766 [INFO] Época 8/30, Batch 400/3287, Loss: 0.7452
2025-10-10 02:48:33,026 [INFO] Época 8/30, Batch 450/3287, Loss: 0.6993
2025-10-10 02:48:33,288 [INFO] Época 8/30, Batch 500/3287, Loss: 0.6524
2025-10-10 02:48:33,547 [INFO] Época 8/30, Batch 550/3287, Loss: 0.7174
2025-10-10 02:48:33,804 [INFO] Época 8/30, Batch 600/3287, Loss: 0.5864
2025-10-10 02:48:34,063 [INFO] Época 8/30, Batch 650/3287, Loss: 0.5999
2025-10-10 02:48:34,321 [INFO] Época 8/30, Batch 700/3287, Loss: 0.6770
2025-10-10 02:48:34,577 [INFO] Época 8/30, Batch 750/3287, Loss: 0.7065
2025-10-10 02:48:34,833 [INFO] Época 8/30, Batch 800/3287, Loss: 0.8148
2025-10-10 02:48:35,084 [INFO] Época 8/30, Batch 850/3287, Loss: 0.6948
2025-10-10 02:48:35,332 [INFO] Época 8/30, Batch 900/3287, Loss: 0.7964
2025-10-10 02:48:35,579 [INFO] Época 8/30, Batch 950/3287, Loss: 0.7281
2025-10-10 02:48:35,828 [INFO] Época 8/30, Batch 1000/3287, Loss: 0.6868
2025-10-10 02:48:36,078 [INFO] Época 8/30, Batch 1050/3287, Loss: 0.5770
2025-10-10 02:48:36,329 [INFO] Época 8/30, Batch 1100/3287, Loss: 0.6154
2025-10-10 02:48:36,582 [INFO] Época 8/30, Batch 1150/3287, Loss: 0.7781
2025-10-10 02:48:36,834 [INFO] Época 8/30, Batch 1200/3287, Loss: 0.5839
2025-10-10 02:48:37,090 [INFO] Época 8/30, Batch 1250/3287, Loss: 0.7175
2025-10-10 02:48:37,351 [INFO] Época 8/30, Batch 1300/3287, Loss: 0.5741
2025-10-10 02:48:37,612 [INFO] Época 8/30, Batch 1350/3287, Loss: 0.5789
2025-10-10 02:48:37,870 [INFO] Época 8/30, Batch 1400/3287, Loss: 0.6575
2025-10-10 02:48:38,120 [INFO] Época 8/30, Batch 1450/3287, Loss: 0.5759
2025-10-10 02:48:38,372 [INFO] Época 8/30, Batch 1500/3287, Loss: 0.8426
2025-10-10 02:48:38,626 [INFO] Época 8/30, Batch 1550/3287, Loss: 0.5230
2025-10-10 02:48:38,880 [INFO] Época 8/30, Batch 1600/3287, Loss: 0.7556
2025-10-10 02:48:39,131 [INFO] Época 8/30, Batch 1650/3287, Loss: 0.6228
2025-10-10 02:48:39,384 [INFO] Época 8/30, Batch 1700/3287, Loss: 0.5368
2025-10-10 02:48:39,636 [INFO] Época 8/30, Batch 1750/3287, Loss: 0.7649
2025-10-10 02:48:39,890 [INFO] Época 8/30, Batch 1800/3287, Loss: 0.6976
2025-10-10 02:48:40,142 [INFO] Época 8/30, Batch 1850/3287, Loss: 0.8159
2025-10-10 02:48:40,394 [INFO] Época 8/30, Batch 1900/3287, Loss: 0.5754
2025-10-10 02:48:40,647 [INFO] Época 8/30, Batch 1950/3287, Loss: 0.6016
2025-10-10 02:48:40,906 [INFO] Época 8/30, Batch 2000/3287, Loss: 0.5849
2025-10-10 02:48:41,160 [INFO] Época 8/30, Batch 2050/3287, Loss: 0.7841
2025-10-10 02:48:41,413 [INFO] Época 8/30, Batch 2100/3287, Loss: 0.7213
2025-10-10 02:48:41,667 [INFO] Época 8/30, Batch 2150/3287, Loss: 0.6363
2025-10-10 02:48:41,928 [INFO] Época 8/30, Batch 2200/3287, Loss: 0.7480
2025-10-10 02:48:42,187 [INFO] Época 8/30, Batch 2250/3287, Loss: 0.7927
2025-10-10 02:48:42,446 [INFO] Época 8/30, Batch 2300/3287, Loss: 0.7248
2025-10-10 02:48:42,715 [INFO] Época 8/30, Batch 2350/3287, Loss: 0.7997
2025-10-10 02:48:42,974 [INFO] Época 8/30, Batch 2400/3287, Loss: 0.7917
2025-10-10 02:48:43,235 [INFO] Época 8/30, Batch 2450/3287, Loss: 0.6605
2025-10-10 02:48:43,491 [INFO] Época 8/30, Batch 2500/3287, Loss: 0.7242
2025-10-10 02:48:43,744 [INFO] Época 8/30, Batch 2550/3287, Loss: 0.6020
2025-10-10 02:48:43,997 [INFO] Época 8/30, Batch 2600/3287, Loss: 0.7729
2025-10-10 02:48:44,248 [INFO] Época 8/30, Batch 2650/3287, Loss: 0.6340
2025-10-10 02:48:44,501 [INFO] Época 8/30, Batch 2700/3287, Loss: 0.6026
2025-10-10 02:48:44,753 [INFO] Época 8/30, Batch 2750/3287, Loss: 0.4920
2025-10-10 02:48:45,004 [INFO] Época 8/30, Batch 2800/3287, Loss: 0.7447
2025-10-10 02:48:45,257 [INFO] Época 8/30, Batch 2850/3287, Loss: 0.7767
2025-10-10 02:48:45,509 [INFO] Época 8/30, Batch 2900/3287, Loss: 0.6380
2025-10-10 02:48:45,766 [INFO] Época 8/30, Batch 2950/3287, Loss: 0.8149
2025-10-10 02:48:46,024 [INFO] Época 8/30, Batch 3000/3287, Loss: 0.7585
2025-10-10 02:48:46,280 [INFO] Época 8/30, Batch 3050/3287, Loss: 0.5501
2025-10-10 02:48:46,536 [INFO] Época 8/30, Batch 3100/3287, Loss: 0.6609
2025-10-10 02:48:46,794 [INFO] Época 8/30, Batch 3150/3287, Loss: 0.6384
2025-10-10 02:48:47,053 [INFO] Época 8/30, Batch 3200/3287, Loss: 0.6928
2025-10-10 02:48:47,310 [INFO] Época 8/30, Batch 3250/3287, Loss: 0.7113
2025-10-10 02:48:49,065 [INFO] [8/30] Train Loss: 0.6753 | Val Loss: 0.7406 | Tempo: 18.69s
2025-10-10 02:48:49,069 [INFO] Melhor modelo salvo em: /mnt/hdd/home/jdurao/ToolBox-ChemXAI/models/mlp_qm9_3D_att7_large.pth
2025-10-10 02:48:49,642 [INFO] Época 9/30, Batch 50/3287, Loss: 0.8024
2025-10-10 02:48:49,916 [INFO] Época 9/30, Batch 100/3287, Loss: 0.8367
2025-10-10 02:48:50,189 [INFO] Época 9/30, Batch 150/3287, Loss: 0.8394
2025-10-10 02:48:50,459 [INFO] Época 9/30, Batch 200/3287, Loss: 0.6522
2025-10-10 02:48:50,720 [INFO] Época 9/30, Batch 250/3287, Loss: 0.6524
2025-10-10 02:48:50,973 [INFO] Época 9/30, Batch 300/3287, Loss: 0.9017
2025-10-10 02:48:51,224 [INFO] Época 9/30, Batch 350/3287, Loss: 0.7691
2025-10-10 02:48:51,476 [INFO] Época 9/30, Batch 400/3287, Loss: 0.4891
2025-10-10 02:48:51,727 [INFO] Época 9/30, Batch 450/3287, Loss: 0.7214
2025-10-10 02:48:51,979 [INFO] Época 9/30, Batch 500/3287, Loss: 0.6705
2025-10-10 02:48:52,242 [INFO] Época 9/30, Batch 550/3287, Loss: 0.6654
2025-10-10 02:48:52,508 [INFO] Época 9/30, Batch 600/3287, Loss: 0.6440
2025-10-10 02:48:52,774 [INFO] Época 9/30, Batch 650/3287, Loss: 0.7365
2025-10-10 02:48:53,036 [INFO] Época 9/30, Batch 700/3287, Loss: 0.6850
2025-10-10 02:48:53,292 [INFO] Época 9/30, Batch 750/3287, Loss: 0.6746
2025-10-10 02:48:53,549 [INFO] Época 9/30, Batch 800/3287, Loss: 0.7002
2025-10-10 02:48:53,804 [INFO] Época 9/30, Batch 850/3287, Loss: 0.8179
2025-10-10 02:48:54,066 [INFO] Época 9/30, Batch 900/3287, Loss: 0.6192
2025-10-10 02:48:54,342 [INFO] Época 9/30, Batch 950/3287, Loss: 0.8431
2025-10-10 02:48:54,610 [INFO] Época 9/30, Batch 1000/3287, Loss: 0.6582
2025-10-10 02:48:54,863 [INFO] Época 9/30, Batch 1050/3287, Loss: 0.8048
2025-10-10 02:48:55,114 [INFO] Época 9/30, Batch 1100/3287, Loss: 0.6519
2025-10-10 02:48:55,362 [INFO] Época 9/30, Batch 1150/3287, Loss: 0.7771
2025-10-10 02:48:55,616 [INFO] Época 9/30, Batch 1200/3287, Loss: 0.6860
2025-10-10 02:48:55,866 [INFO] Época 9/30, Batch 1250/3287, Loss: 0.8961
2025-10-10 02:48:56,125 [INFO] Época 9/30, Batch 1300/3287, Loss: 0.6509
2025-10-10 02:48:56,384 [INFO] Época 9/30, Batch 1350/3287, Loss: 0.5881
2025-10-10 02:48:56,643 [INFO] Época 9/30, Batch 1400/3287, Loss: 0.6202
2025-10-10 02:48:56,905 [INFO] Época 9/30, Batch 1450/3287, Loss: 0.6241
2025-10-10 02:48:57,173 [INFO] Época 9/30, Batch 1500/3287, Loss: 0.6669
2025-10-10 02:48:57,442 [INFO] Época 9/30, Batch 1550/3287, Loss: 0.5828
2025-10-10 02:48:57,712 [INFO] Época 9/30, Batch 1600/3287, Loss: 0.7786
2025-10-10 02:48:57,981 [INFO] Época 9/30, Batch 1650/3287, Loss: 0.6829
2025-10-10 02:48:58,251 [INFO] Época 9/30, Batch 1700/3287, Loss: 0.7239
2025-10-10 02:48:58,520 [INFO] Época 9/30, Batch 1750/3287, Loss: 0.7094
2025-10-10 02:48:58,790 [INFO] Época 9/30, Batch 1800/3287, Loss: 0.7407
2025-10-10 02:48:59,058 [INFO] Época 9/30, Batch 1850/3287, Loss: 0.6149
2025-10-10 02:48:59,327 [INFO] Época 9/30, Batch 1900/3287, Loss: 0.7234
2025-10-10 02:48:59,604 [INFO] Época 9/30, Batch 1950/3287, Loss: 0.5147
2025-10-10 02:48:59,865 [INFO] Época 9/30, Batch 2000/3287, Loss: 0.7170
2025-10-10 02:49:00,128 [INFO] Época 9/30, Batch 2050/3287, Loss: 0.6505
2025-10-10 02:49:00,395 [INFO] Época 9/30, Batch 2100/3287, Loss: 0.6306
2025-10-10 02:49:00,662 [INFO] Época 9/30, Batch 2150/3287, Loss: 0.6183
2025-10-10 02:49:00,929 [INFO] Época 9/30, Batch 2200/3287, Loss: 0.6750
2025-10-10 02:49:01,196 [INFO] Época 9/30, Batch 2250/3287, Loss: 0.6640
2025-10-10 02:49:01,462 [INFO] Época 9/30, Batch 2300/3287, Loss: 0.7524
2025-10-10 02:49:01,724 [INFO] Época 9/30, Batch 2350/3287, Loss: 0.6674
2025-10-10 02:49:01,984 [INFO] Época 9/30, Batch 2400/3287, Loss: 0.6839
2025-10-10 02:49:02,242 [INFO] Época 9/30, Batch 2450/3287, Loss: 0.7188
2025-10-10 02:49:02,500 [INFO] Época 9/30, Batch 2500/3287, Loss: 0.7158
2025-10-10 02:49:02,757 [INFO] Época 9/30, Batch 2550/3287, Loss: 0.6520
2025-10-10 02:49:03,016 [INFO] Época 9/30, Batch 2600/3287, Loss: 0.7444
2025-10-10 02:49:03,275 [INFO] Época 9/30, Batch 2650/3287, Loss: 0.8192
2025-10-10 02:49:03,536 [INFO] Época 9/30, Batch 2700/3287, Loss: 0.7494
2025-10-10 02:49:03,795 [INFO] Época 9/30, Batch 2750/3287, Loss: 0.4646
2025-10-10 02:49:04,054 [INFO] Época 9/30, Batch 2800/3287, Loss: 0.7136
2025-10-10 02:49:04,315 [INFO] Época 9/30, Batch 2850/3287, Loss: 0.6521
2025-10-10 02:49:04,572 [INFO] Época 9/30, Batch 2900/3287, Loss: 0.6726
2025-10-10 02:49:04,840 [INFO] Época 9/30, Batch 2950/3287, Loss: 0.5993
2025-10-10 02:49:05,099 [INFO] Época 9/30, Batch 3000/3287, Loss: 0.6713
2025-10-10 02:49:05,358 [INFO] Época 9/30, Batch 3050/3287, Loss: 0.5909
2025-10-10 02:49:05,616 [INFO] Época 9/30, Batch 3100/3287, Loss: 0.6916
2025-10-10 02:49:05,878 [INFO] Época 9/30, Batch 3150/3287, Loss: 0.6665
2025-10-10 02:49:06,137 [INFO] Época 9/30, Batch 3200/3287, Loss: 0.6701
2025-10-10 02:49:06,395 [INFO] Época 9/30, Batch 3250/3287, Loss: 0.6242
2025-10-10 02:49:08,038 [INFO] [9/30] Train Loss: 0.6749 | Val Loss: 0.7521 | Tempo: 18.97s
2025-10-10 02:49:08,594 [INFO] Época 10/30, Batch 50/3287, Loss: 0.5915
2025-10-10 02:49:08,860 [INFO] Época 10/30, Batch 100/3287, Loss: 0.4013
2025-10-10 02:49:09,120 [INFO] Época 10/30, Batch 150/3287, Loss: 0.5996
2025-10-10 02:49:09,378 [INFO] Época 10/30, Batch 200/3287, Loss: 0.5195
2025-10-10 02:49:09,636 [INFO] Época 10/30, Batch 250/3287, Loss: 0.6934
2025-10-10 02:49:09,906 [INFO] Época 10/30, Batch 300/3287, Loss: 0.6153
2025-10-10 02:49:10,165 [INFO] Época 10/30, Batch 350/3287, Loss: 0.5191
2025-10-10 02:49:10,423 [INFO] Época 10/30, Batch 400/3287, Loss: 0.5986
2025-10-10 02:49:10,681 [INFO] Época 10/30, Batch 450/3287, Loss: 0.6894
2025-10-10 02:49:10,943 [INFO] Época 10/30, Batch 500/3287, Loss: 0.6385
2025-10-10 02:49:11,202 [INFO] Época 10/30, Batch 550/3287, Loss: 0.7081
2025-10-10 02:49:11,462 [INFO] Época 10/30, Batch 600/3287, Loss: 0.7027
2025-10-10 02:49:11,726 [INFO] Época 10/30, Batch 650/3287, Loss: 0.6607
2025-10-10 02:49:11,996 [INFO] Época 10/30, Batch 700/3287, Loss: 0.7339
2025-10-10 02:49:12,253 [INFO] Época 10/30, Batch 750/3287, Loss: 0.6163
2025-10-10 02:49:12,506 [INFO] Época 10/30, Batch 800/3287, Loss: 0.6194
2025-10-10 02:49:12,755 [INFO] Época 10/30, Batch 850/3287, Loss: 0.6388
2025-10-10 02:49:13,002 [INFO] Época 10/30, Batch 900/3287, Loss: 0.6692
2025-10-10 02:49:13,246 [INFO] Época 10/30, Batch 950/3287, Loss: 0.6762
2025-10-10 02:49:13,493 [INFO] Época 10/30, Batch 1000/3287, Loss: 0.8004
2025-10-10 02:49:13,741 [INFO] Época 10/30, Batch 1050/3287, Loss: 0.6302
2025-10-10 02:49:13,988 [INFO] Época 10/30, Batch 1100/3287, Loss: 0.4912
2025-10-10 02:49:14,240 [INFO] Época 10/30, Batch 1150/3287, Loss: 0.5374
2025-10-10 02:49:14,493 [INFO] Época 10/30, Batch 1200/3287, Loss: 0.6740
2025-10-10 02:49:14,747 [INFO] Época 10/30, Batch 1250/3287, Loss: 0.7597
2025-10-10 02:49:15,010 [INFO] Época 10/30, Batch 1300/3287, Loss: 0.7394
2025-10-10 02:49:15,267 [INFO] Época 10/30, Batch 1350/3287, Loss: 0.6186
2025-10-10 02:49:15,522 [INFO] Época 10/30, Batch 1400/3287, Loss: 0.6753
2025-10-10 02:49:15,777 [INFO] Época 10/30, Batch 1450/3287, Loss: 0.6371
2025-10-10 02:49:16,034 [INFO] Época 10/30, Batch 1500/3287, Loss: 0.6770
2025-10-10 02:49:16,290 [INFO] Época 10/30, Batch 1550/3287, Loss: 0.7537
2025-10-10 02:49:16,545 [INFO] Época 10/30, Batch 1600/3287, Loss: 0.7415
2025-10-10 02:49:16,799 [INFO] Época 10/30, Batch 1650/3287, Loss: 0.6572
2025-10-10 02:49:17,053 [INFO] Época 10/30, Batch 1700/3287, Loss: 0.7138
2025-10-10 02:49:17,307 [INFO] Época 10/30, Batch 1750/3287, Loss: 0.7201
2025-10-10 02:49:17,561 [INFO] Época 10/30, Batch 1800/3287, Loss: 0.6379
2025-10-10 02:49:17,817 [INFO] Época 10/30, Batch 1850/3287, Loss: 0.7183
2025-10-10 02:49:18,072 [INFO] Época 10/30, Batch 1900/3287, Loss: 0.7036
2025-10-10 02:49:18,331 [INFO] Época 10/30, Batch 1950/3287, Loss: 0.6440
2025-10-10 02:49:18,589 [INFO] Época 10/30, Batch 2000/3287, Loss: 0.7159
2025-10-10 02:49:18,845 [INFO] Época 10/30, Batch 2050/3287, Loss: 0.6168
2025-10-10 02:49:19,103 [INFO] Época 10/30, Batch 2100/3287, Loss: 0.7567
2025-10-10 02:49:19,363 [INFO] Época 10/30, Batch 2150/3287, Loss: 0.7010
2025-10-10 02:49:19,621 [INFO] Época 10/30, Batch 2200/3287, Loss: 0.5972
2025-10-10 02:49:19,879 [INFO] Época 10/30, Batch 2250/3287, Loss: 0.6982
2025-10-10 02:49:20,138 [INFO] Época 10/30, Batch 2300/3287, Loss: 0.7694
2025-10-10 02:49:20,394 [INFO] Época 10/30, Batch 2350/3287, Loss: 0.4502
2025-10-10 02:49:20,653 [INFO] Época 10/30, Batch 2400/3287, Loss: 0.6839
2025-10-10 02:49:20,913 [INFO] Época 10/30, Batch 2450/3287, Loss: 0.9217
2025-10-10 02:49:21,172 [INFO] Época 10/30, Batch 2500/3287, Loss: 0.6545
2025-10-10 02:49:21,430 [INFO] Época 10/30, Batch 2550/3287, Loss: 0.6957
2025-10-10 02:49:21,689 [INFO] Época 10/30, Batch 2600/3287, Loss: 0.7379
2025-10-10 02:49:21,948 [INFO] Época 10/30, Batch 2650/3287, Loss: 0.6837
2025-10-10 02:49:22,207 [INFO] Época 10/30, Batch 2700/3287, Loss: 0.5788
2025-10-10 02:49:22,464 [INFO] Época 10/30, Batch 2750/3287, Loss: 0.5491
2025-10-10 02:49:22,724 [INFO] Época 10/30, Batch 2800/3287, Loss: 0.5616
2025-10-10 02:49:22,985 [INFO] Época 10/30, Batch 2850/3287, Loss: 0.7122
2025-10-10 02:49:23,245 [INFO] Época 10/30, Batch 2900/3287, Loss: 0.6195
2025-10-10 02:49:23,508 [INFO] Época 10/30, Batch 2950/3287, Loss: 0.6500
2025-10-10 02:49:23,769 [INFO] Época 10/30, Batch 3000/3287, Loss: 0.5151
2025-10-10 02:49:24,031 [INFO] Época 10/30, Batch 3050/3287, Loss: 0.6846
2025-10-10 02:49:24,290 [INFO] Época 10/30, Batch 3100/3287, Loss: 0.6250
2025-10-10 02:49:24,553 [INFO] Época 10/30, Batch 3150/3287, Loss: 0.6315
2025-10-10 02:49:24,816 [INFO] Época 10/30, Batch 3200/3287, Loss: 0.6472
2025-10-10 02:49:25,078 [INFO] Época 10/30, Batch 3250/3287, Loss: 0.5789
2025-10-10 02:49:26,858 [INFO] [10/30] Train Loss: 0.6742 | Val Loss: 0.7449 | Tempo: 18.82s
2025-10-10 02:49:27,425 [INFO] Época 11/30, Batch 50/3287, Loss: 0.7577
2025-10-10 02:49:27,691 [INFO] Época 11/30, Batch 100/3287, Loss: 0.6497
2025-10-10 02:49:27,954 [INFO] Época 11/30, Batch 150/3287, Loss: 0.7263
2025-10-10 02:49:28,216 [INFO] Época 11/30, Batch 200/3287, Loss: 0.6910
2025-10-10 02:49:28,477 [INFO] Época 11/30, Batch 250/3287, Loss: 0.6730
2025-10-10 02:49:28,740 [INFO] Época 11/30, Batch 300/3287, Loss: 0.6997
2025-10-10 02:49:29,003 [INFO] Época 11/30, Batch 350/3287, Loss: 0.6823
2025-10-10 02:49:29,266 [INFO] Época 11/30, Batch 400/3287, Loss: 0.5622
2025-10-10 02:49:29,527 [INFO] Época 11/30, Batch 450/3287, Loss: 0.6206
2025-10-10 02:49:29,789 [INFO] Época 11/30, Batch 500/3287, Loss: 0.5645
2025-10-10 02:49:30,050 [INFO] Época 11/30, Batch 550/3287, Loss: 0.7254
2025-10-10 02:49:30,312 [INFO] Época 11/30, Batch 600/3287, Loss: 0.7190
2025-10-10 02:49:30,582 [INFO] Época 11/30, Batch 650/3287, Loss: 0.7208
2025-10-10 02:49:30,845 [INFO] Época 11/30, Batch 700/3287, Loss: 0.6179
2025-10-10 02:49:31,103 [INFO] Época 11/30, Batch 750/3287, Loss: 0.6038
2025-10-10 02:49:31,362 [INFO] Época 11/30, Batch 800/3287, Loss: 0.6223
2025-10-10 02:49:31,620 [INFO] Época 11/30, Batch 850/3287, Loss: 0.6619
2025-10-10 02:49:31,883 [INFO] Época 11/30, Batch 900/3287, Loss: 0.5715
2025-10-10 02:49:32,144 [INFO] Época 11/30, Batch 950/3287, Loss: 0.5608
2025-10-10 02:49:32,402 [INFO] Época 11/30, Batch 1000/3287, Loss: 0.7981
2025-10-10 02:49:32,666 [INFO] Época 11/30, Batch 1050/3287, Loss: 0.6233
2025-10-10 02:49:32,929 [INFO] Época 11/30, Batch 1100/3287, Loss: 0.5211
2025-10-10 02:49:33,193 [INFO] Época 11/30, Batch 1150/3287, Loss: 0.7890
2025-10-10 02:49:33,461 [INFO] Época 11/30, Batch 1200/3287, Loss: 0.6707
2025-10-10 02:49:33,727 [INFO] Época 11/30, Batch 1250/3287, Loss: 0.7449
2025-10-10 02:49:33,994 [INFO] Época 11/30, Batch 1300/3287, Loss: 0.6985
2025-10-10 02:49:34,261 [INFO] Época 11/30, Batch 1350/3287, Loss: 0.6967
2025-10-10 02:49:34,525 [INFO] Época 11/30, Batch 1400/3287, Loss: 0.7091
2025-10-10 02:49:34,793 [INFO] Época 11/30, Batch 1450/3287, Loss: 0.6515
2025-10-10 02:49:35,060 [INFO] Época 11/30, Batch 1500/3287, Loss: 0.7984
2025-10-10 02:49:35,328 [INFO] Época 11/30, Batch 1550/3287, Loss: 0.6103
2025-10-10 02:49:35,605 [INFO] Época 11/30, Batch 1600/3287, Loss: 0.7363
2025-10-10 02:49:35,872 [INFO] Época 11/30, Batch 1650/3287, Loss: 0.7587
2025-10-10 02:49:36,139 [INFO] Época 11/30, Batch 1700/3287, Loss: 0.6990
2025-10-10 02:49:36,404 [INFO] Época 11/30, Batch 1750/3287, Loss: 0.7264
2025-10-10 02:49:36,669 [INFO] Época 11/30, Batch 1800/3287, Loss: 0.6207
2025-10-10 02:49:36,936 [INFO] Época 11/30, Batch 1850/3287, Loss: 0.6120
2025-10-10 02:49:37,202 [INFO] Época 11/30, Batch 1900/3287, Loss: 0.6867
2025-10-10 02:49:37,471 [INFO] Época 11/30, Batch 1950/3287, Loss: 0.5785
2025-10-10 02:49:37,737 [INFO] Época 11/30, Batch 2000/3287, Loss: 0.6022
2025-10-10 02:49:38,001 [INFO] Época 11/30, Batch 2050/3287, Loss: 0.6786
2025-10-10 02:49:38,258 [INFO] Época 11/30, Batch 2100/3287, Loss: 0.7174
2025-10-10 02:49:38,515 [INFO] Época 11/30, Batch 2150/3287, Loss: 0.7653
2025-10-10 02:49:38,774 [INFO] Época 11/30, Batch 2200/3287, Loss: 0.5800
2025-10-10 02:49:39,030 [INFO] Época 11/30, Batch 2250/3287, Loss: 0.6208
2025-10-10 02:49:39,288 [INFO] Época 11/30, Batch 2300/3287, Loss: 0.6464
2025-10-10 02:49:39,545 [INFO] Época 11/30, Batch 2350/3287, Loss: 0.6559
2025-10-10 02:49:39,806 [INFO] Época 11/30, Batch 2400/3287, Loss: 0.6277
2025-10-10 02:49:40,068 [INFO] Época 11/30, Batch 2450/3287, Loss: 0.6081
2025-10-10 02:49:40,331 [INFO] Época 11/30, Batch 2500/3287, Loss: 0.7341
2025-10-10 02:49:40,601 [INFO] Época 11/30, Batch 2550/3287, Loss: 0.5812
2025-10-10 02:49:40,863 [INFO] Época 11/30, Batch 2600/3287, Loss: 0.7875
2025-10-10 02:49:41,123 [INFO] Época 11/30, Batch 2650/3287, Loss: 0.7090
2025-10-10 02:49:41,381 [INFO] Época 11/30, Batch 2700/3287, Loss: 0.7967
2025-10-10 02:49:41,642 [INFO] Época 11/30, Batch 2750/3287, Loss: 0.6863
2025-10-10 02:49:41,900 [INFO] Época 11/30, Batch 2800/3287, Loss: 0.5847
2025-10-10 02:49:42,156 [INFO] Época 11/30, Batch 2850/3287, Loss: 0.5299
2025-10-10 02:49:42,411 [INFO] Época 11/30, Batch 2900/3287, Loss: 0.4905
2025-10-10 02:49:42,667 [INFO] Época 11/30, Batch 2950/3287, Loss: 0.6728
2025-10-10 02:49:42,924 [INFO] Época 11/30, Batch 3000/3287, Loss: 0.7450
2025-10-10 02:49:43,181 [INFO] Época 11/30, Batch 3050/3287, Loss: 0.6770
2025-10-10 02:49:43,435 [INFO] Época 11/30, Batch 3100/3287, Loss: 0.6739
2025-10-10 02:49:43,693 [INFO] Época 11/30, Batch 3150/3287, Loss: 0.6853
2025-10-10 02:49:43,951 [INFO] Época 11/30, Batch 3200/3287, Loss: 0.6653
2025-10-10 02:49:44,209 [INFO] Época 11/30, Batch 3250/3287, Loss: 0.6441
2025-10-10 02:49:45,936 [INFO] [11/30] Train Loss: 0.6737 | Val Loss: 0.7559 | Tempo: 19.08s
2025-10-10 02:49:46,481 [INFO] Época 12/30, Batch 50/3287, Loss: 0.6567
2025-10-10 02:49:46,731 [INFO] Época 12/30, Batch 100/3287, Loss: 0.7356
2025-10-10 02:49:46,980 [INFO] Época 12/30, Batch 150/3287, Loss: 0.7001
2025-10-10 02:49:47,231 [INFO] Época 12/30, Batch 200/3287, Loss: 0.8122
2025-10-10 02:49:47,475 [INFO] Época 12/30, Batch 250/3287, Loss: 0.7804
2025-10-10 02:49:47,723 [INFO] Época 12/30, Batch 300/3287, Loss: 0.6190
2025-10-10 02:49:47,971 [INFO] Época 12/30, Batch 350/3287, Loss: 0.7535
2025-10-10 02:49:48,218 [INFO] Época 12/30, Batch 400/3287, Loss: 0.5954
2025-10-10 02:49:48,466 [INFO] Época 12/30, Batch 450/3287, Loss: 0.6846
2025-10-10 02:49:48,716 [INFO] Época 12/30, Batch 500/3287, Loss: 0.7411
2025-10-10 02:49:48,965 [INFO] Época 12/30, Batch 550/3287, Loss: 0.7157
2025-10-10 02:49:49,211 [INFO] Época 12/30, Batch 600/3287, Loss: 0.6362
2025-10-10 02:49:49,458 [INFO] Época 12/30, Batch 650/3287, Loss: 0.5997
2025-10-10 02:49:49,707 [INFO] Época 12/30, Batch 700/3287, Loss: 0.6180
2025-10-10 02:49:49,957 [INFO] Época 12/30, Batch 750/3287, Loss: 0.7472
2025-10-10 02:49:50,202 [INFO] Época 12/30, Batch 800/3287, Loss: 0.6062
2025-10-10 02:49:50,446 [INFO] Época 12/30, Batch 850/3287, Loss: 0.8594
2025-10-10 02:49:50,693 [INFO] Época 12/30, Batch 900/3287, Loss: 0.8664
2025-10-10 02:49:50,941 [INFO] Época 12/30, Batch 950/3287, Loss: 0.7425
2025-10-10 02:49:51,198 [INFO] Época 12/30, Batch 1000/3287, Loss: 0.6789
2025-10-10 02:49:51,445 [INFO] Época 12/30, Batch 1050/3287, Loss: 0.4988
2025-10-10 02:49:51,692 [INFO] Época 12/30, Batch 1100/3287, Loss: 0.5988
2025-10-10 02:49:51,940 [INFO] Época 12/30, Batch 1150/3287, Loss: 0.6446
2025-10-10 02:49:52,188 [INFO] Época 12/30, Batch 1200/3287, Loss: 0.7733
2025-10-10 02:49:52,434 [INFO] Época 12/30, Batch 1250/3287, Loss: 0.7702
2025-10-10 02:49:52,682 [INFO] Época 12/30, Batch 1300/3287, Loss: 0.6686
2025-10-10 02:49:52,931 [INFO] Época 12/30, Batch 1350/3287, Loss: 0.5859
2025-10-10 02:49:53,178 [INFO] Época 12/30, Batch 1400/3287, Loss: 0.5518
2025-10-10 02:49:53,422 [INFO] Época 12/30, Batch 1450/3287, Loss: 0.7924
2025-10-10 02:49:53,668 [INFO] Época 12/30, Batch 1500/3287, Loss: 0.7834
2025-10-10 02:49:53,912 [INFO] Época 12/30, Batch 1550/3287, Loss: 0.7795
2025-10-10 02:49:54,157 [INFO] Época 12/30, Batch 1600/3287, Loss: 0.6404
2025-10-10 02:49:54,402 [INFO] Época 12/30, Batch 1650/3287, Loss: 0.7052
2025-10-10 02:49:54,648 [INFO] Época 12/30, Batch 1700/3287, Loss: 0.6384
2025-10-10 02:49:54,893 [INFO] Época 12/30, Batch 1750/3287, Loss: 0.5821
2025-10-10 02:49:55,138 [INFO] Época 12/30, Batch 1800/3287, Loss: 0.8065
2025-10-10 02:49:55,383 [INFO] Época 12/30, Batch 1850/3287, Loss: 0.7849
2025-10-10 02:49:55,629 [INFO] Época 12/30, Batch 1900/3287, Loss: 0.7083
2025-10-10 02:49:55,873 [INFO] Época 12/30, Batch 1950/3287, Loss: 0.7379
2025-10-10 02:49:56,119 [INFO] Época 12/30, Batch 2000/3287, Loss: 0.7770
2025-10-10 02:49:56,375 [INFO] Época 12/30, Batch 2050/3287, Loss: 0.7441
2025-10-10 02:49:56,622 [INFO] Época 12/30, Batch 2100/3287, Loss: 0.6562
2025-10-10 02:49:56,869 [INFO] Época 12/30, Batch 2150/3287, Loss: 0.6670
2025-10-10 02:49:57,115 [INFO] Época 12/30, Batch 2200/3287, Loss: 0.7054
2025-10-10 02:49:57,361 [INFO] Época 12/30, Batch 2250/3287, Loss: 0.6180
2025-10-10 02:49:57,605 [INFO] Época 12/30, Batch 2300/3287, Loss: 0.5528
2025-10-10 02:49:57,850 [INFO] Época 12/30, Batch 2350/3287, Loss: 0.5728
2025-10-10 02:49:58,095 [INFO] Época 12/30, Batch 2400/3287, Loss: 0.5728
2025-10-10 02:49:58,341 [INFO] Época 12/30, Batch 2450/3287, Loss: 0.7090
2025-10-10 02:49:58,587 [INFO] Época 12/30, Batch 2500/3287, Loss: 0.5952
2025-10-10 02:49:58,833 [INFO] Época 12/30, Batch 2550/3287, Loss: 0.6530
2025-10-10 02:49:59,077 [INFO] Época 12/30, Batch 2600/3287, Loss: 0.7646
2025-10-10 02:49:59,322 [INFO] Época 12/30, Batch 2650/3287, Loss: 0.7029
2025-10-10 02:49:59,568 [INFO] Época 12/30, Batch 2700/3287, Loss: 0.6010
2025-10-10 02:49:59,813 [INFO] Época 12/30, Batch 2750/3287, Loss: 0.7739
2025-10-10 02:50:00,061 [INFO] Época 12/30, Batch 2800/3287, Loss: 0.7116
2025-10-10 02:50:00,304 [INFO] Época 12/30, Batch 2850/3287, Loss: 0.7268
2025-10-10 02:50:00,548 [INFO] Época 12/30, Batch 2900/3287, Loss: 0.6261
2025-10-10 02:50:00,793 [INFO] Época 12/30, Batch 2950/3287, Loss: 0.6772
2025-10-10 02:50:01,037 [INFO] Época 12/30, Batch 3000/3287, Loss: 0.9129
2025-10-10 02:50:01,282 [INFO] Época 12/30, Batch 3050/3287, Loss: 0.4972
2025-10-10 02:50:01,537 [INFO] Época 12/30, Batch 3100/3287, Loss: 0.5945
2025-10-10 02:50:01,782 [INFO] Época 12/30, Batch 3150/3287, Loss: 0.7123
2025-10-10 02:50:02,028 [INFO] Época 12/30, Batch 3200/3287, Loss: 0.5544
2025-10-10 02:50:02,273 [INFO] Época 12/30, Batch 3250/3287, Loss: 0.7250
2025-10-10 02:50:03,976 [INFO] [12/30] Train Loss: 0.6731 | Val Loss: 0.7460 | Tempo: 18.04s
2025-10-10 02:50:04,555 [INFO] Época 13/30, Batch 50/3287, Loss: 0.5106
2025-10-10 02:50:04,827 [INFO] Época 13/30, Batch 100/3287, Loss: 0.6167
2025-10-10 02:50:05,098 [INFO] Época 13/30, Batch 150/3287, Loss: 0.6561
2025-10-10 02:50:05,370 [INFO] Época 13/30, Batch 200/3287, Loss: 0.7678
2025-10-10 02:50:05,640 [INFO] Época 13/30, Batch 250/3287, Loss: 0.6599
2025-10-10 02:50:05,907 [INFO] Época 13/30, Batch 300/3287, Loss: 0.7324
2025-10-10 02:50:06,175 [INFO] Época 13/30, Batch 350/3287, Loss: 0.6306
2025-10-10 02:50:06,442 [INFO] Época 13/30, Batch 400/3287, Loss: 0.6802
2025-10-10 02:50:06,719 [INFO] Época 13/30, Batch 450/3287, Loss: 0.7964
2025-10-10 02:50:06,985 [INFO] Época 13/30, Batch 500/3287, Loss: 0.6611
2025-10-10 02:50:07,255 [INFO] Época 13/30, Batch 550/3287, Loss: 0.6169
2025-10-10 02:50:07,524 [INFO] Época 13/30, Batch 600/3287, Loss: 0.7702
2025-10-10 02:50:07,793 [INFO] Época 13/30, Batch 650/3287, Loss: 0.6462
2025-10-10 02:50:08,062 [INFO] Época 13/30, Batch 700/3287, Loss: 0.4402
2025-10-10 02:50:08,323 [INFO] Época 13/30, Batch 750/3287, Loss: 0.6664
2025-10-10 02:50:08,580 [INFO] Época 13/30, Batch 800/3287, Loss: 0.5763
2025-10-10 02:50:08,828 [INFO] Época 13/30, Batch 850/3287, Loss: 0.6393
2025-10-10 02:50:09,075 [INFO] Época 13/30, Batch 900/3287, Loss: 0.7282
2025-10-10 02:50:09,323 [INFO] Época 13/30, Batch 950/3287, Loss: 0.5900
2025-10-10 02:50:09,572 [INFO] Época 13/30, Batch 1000/3287, Loss: 0.6427
2025-10-10 02:50:09,820 [INFO] Época 13/30, Batch 1050/3287, Loss: 0.6267
2025-10-10 02:50:10,067 [INFO] Época 13/30, Batch 1100/3287, Loss: 0.8736
2025-10-10 02:50:10,320 [INFO] Época 13/30, Batch 1150/3287, Loss: 0.7307
2025-10-10 02:50:10,579 [INFO] Época 13/30, Batch 1200/3287, Loss: 0.7391
2025-10-10 02:50:10,839 [INFO] Época 13/30, Batch 1250/3287, Loss: 0.6953
2025-10-10 02:50:11,099 [INFO] Época 13/30, Batch 1300/3287, Loss: 0.8082
2025-10-10 02:50:11,357 [INFO] Época 13/30, Batch 1350/3287, Loss: 0.5877
2025-10-10 02:50:11,614 [INFO] Época 13/30, Batch 1400/3287, Loss: 0.7547
2025-10-10 02:50:11,879 [INFO] Época 13/30, Batch 1450/3287, Loss: 0.5968
2025-10-10 02:50:12,145 [INFO] Época 13/30, Batch 1500/3287, Loss: 0.8309
2025-10-10 02:50:12,414 [INFO] Época 13/30, Batch 1550/3287, Loss: 0.8167
2025-10-10 02:50:12,677 [INFO] Época 13/30, Batch 1600/3287, Loss: 0.5991
2025-10-10 02:50:12,941 [INFO] Época 13/30, Batch 1650/3287, Loss: 0.6310
2025-10-10 02:50:13,205 [INFO] Época 13/30, Batch 1700/3287, Loss: 0.6539
2025-10-10 02:50:13,471 [INFO] Época 13/30, Batch 1750/3287, Loss: 0.6538
2025-10-10 02:50:13,735 [INFO] Época 13/30, Batch 1800/3287, Loss: 0.6612
2025-10-10 02:50:13,995 [INFO] Época 13/30, Batch 1850/3287, Loss: 0.6446
2025-10-10 02:50:14,254 [INFO] Época 13/30, Batch 1900/3287, Loss: 0.5828
2025-10-10 02:50:14,511 [INFO] Época 13/30, Batch 1950/3287, Loss: 0.7173
2025-10-10 02:50:14,771 [INFO] Época 13/30, Batch 2000/3287, Loss: 0.7226
2025-10-10 02:50:15,031 [INFO] Época 13/30, Batch 2050/3287, Loss: 0.7819
2025-10-10 02:50:15,290 [INFO] Época 13/30, Batch 2100/3287, Loss: 0.7050
2025-10-10 02:50:15,548 [INFO] Época 13/30, Batch 2150/3287, Loss: 0.6381
2025-10-10 02:50:15,808 [INFO] Época 13/30, Batch 2200/3287, Loss: 0.6260
2025-10-10 02:50:16,067 [INFO] Época 13/30, Batch 2250/3287, Loss: 0.7633
2025-10-10 02:50:16,328 [INFO] Época 13/30, Batch 2300/3287, Loss: 0.7905
2025-10-10 02:50:16,589 [INFO] Época 13/30, Batch 2350/3287, Loss: 0.6513
2025-10-10 02:50:16,847 [INFO] Época 13/30, Batch 2400/3287, Loss: 0.7618
2025-10-10 02:50:17,115 [INFO] Época 13/30, Batch 2450/3287, Loss: 0.7986
2025-10-10 02:50:17,375 [INFO] Época 13/30, Batch 2500/3287, Loss: 0.7039
2025-10-10 02:50:17,634 [INFO] Época 13/30, Batch 2550/3287, Loss: 0.5765
2025-10-10 02:50:17,896 [INFO] Época 13/30, Batch 2600/3287, Loss: 0.7692
2025-10-10 02:50:18,156 [INFO] Época 13/30, Batch 2650/3287, Loss: 0.8509
2025-10-10 02:50:18,419 [INFO] Época 13/30, Batch 2700/3287, Loss: 0.8227
2025-10-10 02:50:18,678 [INFO] Época 13/30, Batch 2750/3287, Loss: 0.5349
2025-10-10 02:50:18,935 [INFO] Época 13/30, Batch 2800/3287, Loss: 0.8189
2025-10-10 02:50:19,196 [INFO] Época 13/30, Batch 2850/3287, Loss: 0.6015
2025-10-10 02:50:19,464 [INFO] Época 13/30, Batch 2900/3287, Loss: 0.5316
2025-10-10 02:50:19,730 [INFO] Época 13/30, Batch 2950/3287, Loss: 0.6177
2025-10-10 02:50:19,997 [INFO] Época 13/30, Batch 3000/3287, Loss: 0.6784
2025-10-10 02:50:20,263 [INFO] Época 13/30, Batch 3050/3287, Loss: 0.7460
2025-10-10 02:50:20,526 [INFO] Época 13/30, Batch 3100/3287, Loss: 0.7859
2025-10-10 02:50:20,793 [INFO] Época 13/30, Batch 3150/3287, Loss: 0.7081
2025-10-10 02:50:21,059 [INFO] Época 13/30, Batch 3200/3287, Loss: 0.6402
2025-10-10 02:50:21,323 [INFO] Época 13/30, Batch 3250/3287, Loss: 0.5693
2025-10-10 02:50:22,980 [INFO] [13/30] Train Loss: 0.6724 | Val Loss: 0.7661 | Tempo: 19.00s
2025-10-10 02:50:23,544 [INFO] Época 14/30, Batch 50/3287, Loss: 0.5684
2025-10-10 02:50:23,810 [INFO] Época 14/30, Batch 100/3287, Loss: 0.7022
2025-10-10 02:50:24,069 [INFO] Época 14/30, Batch 150/3287, Loss: 0.6749
2025-10-10 02:50:24,329 [INFO] Época 14/30, Batch 200/3287, Loss: 0.7799
2025-10-10 02:50:24,588 [INFO] Época 14/30, Batch 250/3287, Loss: 0.5928
2025-10-10 02:50:24,847 [INFO] Época 14/30, Batch 300/3287, Loss: 0.6761
2025-10-10 02:50:25,106 [INFO] Época 14/30, Batch 350/3287, Loss: 0.6654
2025-10-10 02:50:25,365 [INFO] Época 14/30, Batch 400/3287, Loss: 0.6515
2025-10-10 02:50:25,622 [INFO] Época 14/30, Batch 450/3287, Loss: 0.6978
2025-10-10 02:50:25,880 [INFO] Época 14/30, Batch 500/3287, Loss: 0.7400
2025-10-10 02:50:26,138 [INFO] Época 14/30, Batch 550/3287, Loss: 0.6798
2025-10-10 02:50:26,396 [INFO] Época 14/30, Batch 600/3287, Loss: 0.7045
2025-10-10 02:50:26,651 [INFO] Época 14/30, Batch 650/3287, Loss: 0.5005
2025-10-10 02:50:26,907 [INFO] Época 14/30, Batch 700/3287, Loss: 0.5784
2025-10-10 02:50:27,162 [INFO] Época 14/30, Batch 750/3287, Loss: 0.6623
2025-10-10 02:50:27,416 [INFO] Época 14/30, Batch 800/3287, Loss: 0.7770
2025-10-10 02:50:27,669 [INFO] Época 14/30, Batch 850/3287, Loss: 0.7319
2025-10-10 02:50:27,922 [INFO] Época 14/30, Batch 900/3287, Loss: 0.8816
2025-10-10 02:50:28,177 [INFO] Época 14/30, Batch 950/3287, Loss: 0.5737
2025-10-10 02:50:28,433 [INFO] Época 14/30, Batch 1000/3287, Loss: 0.7922
2025-10-10 02:50:28,689 [INFO] Época 14/30, Batch 1050/3287, Loss: 0.6928
2025-10-10 02:50:28,946 [INFO] Época 14/30, Batch 1100/3287, Loss: 0.8385
2025-10-10 02:50:29,202 [INFO] Época 14/30, Batch 1150/3287, Loss: 0.6362
2025-10-10 02:50:29,458 [INFO] Época 14/30, Batch 1200/3287, Loss: 0.7925
2025-10-10 02:50:29,718 [INFO] Época 14/30, Batch 1250/3287, Loss: 0.6135
2025-10-10 02:50:29,976 [INFO] Época 14/30, Batch 1300/3287, Loss: 0.7046
2025-10-10 02:50:30,237 [INFO] Época 14/30, Batch 1350/3287, Loss: 0.7125
2025-10-10 02:50:30,496 [INFO] Época 14/30, Batch 1400/3287, Loss: 0.6023
2025-10-10 02:50:30,756 [INFO] Época 14/30, Batch 1450/3287, Loss: 0.5919
2025-10-10 02:50:31,016 [INFO] Época 14/30, Batch 1500/3287, Loss: 0.6913
2025-10-10 02:50:31,273 [INFO] Época 14/30, Batch 1550/3287, Loss: 0.7898
2025-10-10 02:50:31,532 [INFO] Época 14/30, Batch 1600/3287, Loss: 0.6100
2025-10-10 02:50:31,790 [INFO] Época 14/30, Batch 1650/3287, Loss: 0.5692
2025-10-10 02:50:32,050 [INFO] Época 14/30, Batch 1700/3287, Loss: 0.5395
2025-10-10 02:50:32,309 [INFO] Época 14/30, Batch 1750/3287, Loss: 0.6380
2025-10-10 02:50:32,569 [INFO] Época 14/30, Batch 1800/3287, Loss: 0.7624
2025-10-10 02:50:32,829 [INFO] Época 14/30, Batch 1850/3287, Loss: 0.6596
2025-10-10 02:50:33,088 [INFO] Época 14/30, Batch 1900/3287, Loss: 0.7447
2025-10-10 02:50:33,347 [INFO] Época 14/30, Batch 1950/3287, Loss: 0.6368
2025-10-10 02:50:33,606 [INFO] Época 14/30, Batch 2000/3287, Loss: 0.6168
2025-10-10 02:50:33,862 [INFO] Época 14/30, Batch 2050/3287, Loss: 0.5900
2025-10-10 02:50:34,120 [INFO] Época 14/30, Batch 2100/3287, Loss: 0.7963
2025-10-10 02:50:34,380 [INFO] Época 14/30, Batch 2150/3287, Loss: 0.6187
2025-10-10 02:50:34,639 [INFO] Época 14/30, Batch 2200/3287, Loss: 0.6982
2025-10-10 02:50:34,897 [INFO] Época 14/30, Batch 2250/3287, Loss: 0.5634
2025-10-10 02:50:35,154 [INFO] Época 14/30, Batch 2300/3287, Loss: 0.6532
2025-10-10 02:50:35,410 [INFO] Época 14/30, Batch 2350/3287, Loss: 0.7108
2025-10-10 02:50:35,668 [INFO] Época 14/30, Batch 2400/3287, Loss: 0.6967
2025-10-10 02:50:35,927 [INFO] Época 14/30, Batch 2450/3287, Loss: 0.5405
2025-10-10 02:50:36,184 [INFO] Época 14/30, Batch 2500/3287, Loss: 0.7171
2025-10-10 02:50:36,442 [INFO] Época 14/30, Batch 2550/3287, Loss: 0.6779
2025-10-10 02:50:36,700 [INFO] Época 14/30, Batch 2600/3287, Loss: 0.5055
2025-10-10 02:50:36,961 [INFO] Época 14/30, Batch 2650/3287, Loss: 0.6854
2025-10-10 02:50:37,220 [INFO] Época 14/30, Batch 2700/3287, Loss: 0.7790
2025-10-10 02:50:37,477 [INFO] Época 14/30, Batch 2750/3287, Loss: 0.7299
2025-10-10 02:50:37,737 [INFO] Época 14/30, Batch 2800/3287, Loss: 0.6583
2025-10-10 02:50:37,996 [INFO] Época 14/30, Batch 2850/3287, Loss: 0.6947
2025-10-10 02:50:38,255 [INFO] Época 14/30, Batch 2900/3287, Loss: 0.7661
2025-10-10 02:50:38,512 [INFO] Época 14/30, Batch 2950/3287, Loss: 0.7448
2025-10-10 02:50:38,780 [INFO] Época 14/30, Batch 3000/3287, Loss: 0.7011
2025-10-10 02:50:39,037 [INFO] Época 14/30, Batch 3050/3287, Loss: 0.5824
2025-10-10 02:50:39,294 [INFO] Época 14/30, Batch 3100/3287, Loss: 0.6352
2025-10-10 02:50:39,551 [INFO] Época 14/30, Batch 3150/3287, Loss: 0.5177
2025-10-10 02:50:39,808 [INFO] Época 14/30, Batch 3200/3287, Loss: 0.8072
2025-10-10 02:50:40,065 [INFO] Época 14/30, Batch 3250/3287, Loss: 0.5984
2025-10-10 02:50:41,750 [INFO] [14/30] Train Loss: 0.6718 | Val Loss: 0.7594 | Tempo: 18.77s
2025-10-10 02:50:42,308 [INFO] Época 15/30, Batch 50/3287, Loss: 0.6333
2025-10-10 02:50:42,570 [INFO] Época 15/30, Batch 100/3287, Loss: 0.5619
2025-10-10 02:50:42,831 [INFO] Época 15/30, Batch 150/3287, Loss: 0.6257
2025-10-10 02:50:43,089 [INFO] Época 15/30, Batch 200/3287, Loss: 0.6967
2025-10-10 02:50:43,347 [INFO] Época 15/30, Batch 250/3287, Loss: 0.6676
2025-10-10 02:50:43,606 [INFO] Época 15/30, Batch 300/3287, Loss: 0.8336
2025-10-10 02:50:43,876 [INFO] Época 15/30, Batch 350/3287, Loss: 0.5557
2025-10-10 02:50:44,135 [INFO] Época 15/30, Batch 400/3287, Loss: 0.7187
2025-10-10 02:50:44,393 [INFO] Época 15/30, Batch 450/3287, Loss: 0.7278
2025-10-10 02:50:44,650 [INFO] Época 15/30, Batch 500/3287, Loss: 0.5241
2025-10-10 02:50:44,908 [INFO] Época 15/30, Batch 550/3287, Loss: 0.6802
2025-10-10 02:50:45,167 [INFO] Época 15/30, Batch 600/3287, Loss: 0.6468
2025-10-10 02:50:45,425 [INFO] Época 15/30, Batch 650/3287, Loss: 0.7885
2025-10-10 02:50:45,685 [INFO] Época 15/30, Batch 700/3287, Loss: 0.6411
2025-10-10 02:50:45,946 [INFO] Época 15/30, Batch 750/3287, Loss: 0.6043
2025-10-10 02:50:46,209 [INFO] Época 15/30, Batch 800/3287, Loss: 0.5280
2025-10-10 02:50:46,464 [INFO] Época 15/30, Batch 850/3287, Loss: 0.6566
2025-10-10 02:50:46,723 [INFO] Época 15/30, Batch 900/3287, Loss: 0.5778
2025-10-10 02:50:46,982 [INFO] Época 15/30, Batch 950/3287, Loss: 0.6200
2025-10-10 02:50:47,238 [INFO] Época 15/30, Batch 1000/3287, Loss: 0.5705
2025-10-10 02:50:47,493 [INFO] Época 15/30, Batch 1050/3287, Loss: 0.7678
2025-10-10 02:50:47,749 [INFO] Época 15/30, Batch 1100/3287, Loss: 0.8372
2025-10-10 02:50:48,004 [INFO] Época 15/30, Batch 1150/3287, Loss: 0.7706
2025-10-10 02:50:48,260 [INFO] Época 15/30, Batch 1200/3287, Loss: 0.5838
2025-10-10 02:50:48,514 [INFO] Época 15/30, Batch 1250/3287, Loss: 0.6476
2025-10-10 02:50:48,771 [INFO] Época 15/30, Batch 1300/3287, Loss: 0.5974
2025-10-10 02:50:49,025 [INFO] Época 15/30, Batch 1350/3287, Loss: 0.6040
2025-10-10 02:50:49,279 [INFO] Época 15/30, Batch 1400/3287, Loss: 0.7015
2025-10-10 02:50:49,531 [INFO] Época 15/30, Batch 1450/3287, Loss: 0.7418
2025-10-10 02:50:49,785 [INFO] Época 15/30, Batch 1500/3287, Loss: 0.5388
2025-10-10 02:50:50,039 [INFO] Época 15/30, Batch 1550/3287, Loss: 0.4945
2025-10-10 02:50:50,294 [INFO] Época 15/30, Batch 1600/3287, Loss: 0.6451
2025-10-10 02:50:50,548 [INFO] Época 15/30, Batch 1650/3287, Loss: 0.7251
2025-10-10 02:50:50,800 [INFO] Época 15/30, Batch 1700/3287, Loss: 0.6744
2025-10-10 02:50:51,053 [INFO] Época 15/30, Batch 1750/3287, Loss: 0.6372
2025-10-10 02:50:51,304 [INFO] Época 15/30, Batch 1800/3287, Loss: 0.6470
2025-10-10 02:50:51,557 [INFO] Época 15/30, Batch 1850/3287, Loss: 0.6588
2025-10-10 02:50:51,809 [INFO] Época 15/30, Batch 1900/3287, Loss: 0.5555
2025-10-10 02:50:52,059 [INFO] Época 15/30, Batch 1950/3287, Loss: 0.5754
2025-10-10 02:50:52,311 [INFO] Época 15/30, Batch 2000/3287, Loss: 0.6299
2025-10-10 02:50:52,565 [INFO] Época 15/30, Batch 2050/3287, Loss: 0.6249
2025-10-10 02:50:52,820 [INFO] Época 15/30, Batch 2100/3287, Loss: 0.6834
2025-10-10 02:50:53,075 [INFO] Época 15/30, Batch 2150/3287, Loss: 0.6794
2025-10-10 02:50:53,331 [INFO] Época 15/30, Batch 2200/3287, Loss: 0.6344
2025-10-10 02:50:53,586 [INFO] Época 15/30, Batch 2250/3287, Loss: 0.7371
2025-10-10 02:50:53,839 [INFO] Época 15/30, Batch 2300/3287, Loss: 0.6204
2025-10-10 02:50:54,102 [INFO] Época 15/30, Batch 2350/3287, Loss: 0.5628
2025-10-10 02:50:54,356 [INFO] Época 15/30, Batch 2400/3287, Loss: 0.7581
2025-10-10 02:50:54,612 [INFO] Época 15/30, Batch 2450/3287, Loss: 0.5445
2025-10-10 02:50:54,866 [INFO] Época 15/30, Batch 2500/3287, Loss: 0.5987
2025-10-10 02:50:55,121 [INFO] Época 15/30, Batch 2550/3287, Loss: 0.8279
2025-10-10 02:50:55,377 [INFO] Época 15/30, Batch 2600/3287, Loss: 0.7280
2025-10-10 02:50:55,633 [INFO] Época 15/30, Batch 2650/3287, Loss: 0.8414
2025-10-10 02:50:55,889 [INFO] Época 15/30, Batch 2700/3287, Loss: 0.6812
2025-10-10 02:50:56,145 [INFO] Época 15/30, Batch 2750/3287, Loss: 0.7006
2025-10-10 02:50:56,402 [INFO] Época 15/30, Batch 2800/3287, Loss: 0.5743
2025-10-10 02:50:56,658 [INFO] Época 15/30, Batch 2850/3287, Loss: 0.6778
2025-10-10 02:50:56,912 [INFO] Época 15/30, Batch 2900/3287, Loss: 0.5494
2025-10-10 02:50:57,169 [INFO] Época 15/30, Batch 2950/3287, Loss: 0.6234
2025-10-10 02:50:57,424 [INFO] Época 15/30, Batch 3000/3287, Loss: 0.6718
2025-10-10 02:50:57,680 [INFO] Época 15/30, Batch 3050/3287, Loss: 0.5968
2025-10-10 02:50:57,935 [INFO] Época 15/30, Batch 3100/3287, Loss: 0.7854
2025-10-10 02:50:58,188 [INFO] Época 15/30, Batch 3150/3287, Loss: 0.6374
2025-10-10 02:50:58,444 [INFO] Época 15/30, Batch 3200/3287, Loss: 0.9181
2025-10-10 02:50:58,700 [INFO] Época 15/30, Batch 3250/3287, Loss: 0.6002
2025-10-10 02:51:00,405 [INFO] [15/30] Train Loss: 0.6714 | Val Loss: 0.7554 | Tempo: 18.65s
2025-10-10 02:51:00,976 [INFO] Época 16/30, Batch 50/3287, Loss: 0.6124
2025-10-10 02:51:01,251 [INFO] Época 16/30, Batch 100/3287, Loss: 0.5935
2025-10-10 02:51:01,522 [INFO] Época 16/30, Batch 150/3287, Loss: 0.6987
2025-10-10 02:51:01,795 [INFO] Época 16/30, Batch 200/3287, Loss: 0.7199
2025-10-10 02:51:02,065 [INFO] Época 16/30, Batch 250/3287, Loss: 0.7245
2025-10-10 02:51:02,337 [INFO] Época 16/30, Batch 300/3287, Loss: 0.6176
2025-10-10 02:51:02,609 [INFO] Época 16/30, Batch 350/3287, Loss: 0.6494
2025-10-10 02:51:02,878 [INFO] Época 16/30, Batch 400/3287, Loss: 0.7463
2025-10-10 02:51:03,151 [INFO] Época 16/30, Batch 450/3287, Loss: 0.5296
2025-10-10 02:51:03,422 [INFO] Época 16/30, Batch 500/3287, Loss: 0.8721
2025-10-10 02:51:03,692 [INFO] Época 16/30, Batch 550/3287, Loss: 0.6523
2025-10-10 02:51:03,964 [INFO] Época 16/30, Batch 600/3287, Loss: 0.7388
2025-10-10 02:51:04,235 [INFO] Época 16/30, Batch 650/3287, Loss: 0.8261
2025-10-10 02:51:04,503 [INFO] Época 16/30, Batch 700/3287, Loss: 0.7422
2025-10-10 02:51:04,768 [INFO] Época 16/30, Batch 750/3287, Loss: 0.6998
2025-10-10 02:51:05,033 [INFO] Época 16/30, Batch 800/3287, Loss: 0.6314
2025-10-10 02:51:05,291 [INFO] Época 16/30, Batch 850/3287, Loss: 0.6689
2025-10-10 02:51:05,548 [INFO] Época 16/30, Batch 900/3287, Loss: 0.7921
2025-10-10 02:51:05,810 [INFO] Época 16/30, Batch 950/3287, Loss: 0.6877
2025-10-10 02:51:06,068 [INFO] Época 16/30, Batch 1000/3287, Loss: 0.6561
2025-10-10 02:51:06,324 [INFO] Época 16/30, Batch 1050/3287, Loss: 0.9296
2025-10-10 02:51:06,581 [INFO] Época 16/30, Batch 1100/3287, Loss: 0.6593
2025-10-10 02:51:06,840 [INFO] Época 16/30, Batch 1150/3287, Loss: 0.6369
2025-10-10 02:51:07,106 [INFO] Época 16/30, Batch 1200/3287, Loss: 0.7617
2025-10-10 02:51:07,366 [INFO] Época 16/30, Batch 1250/3287, Loss: 0.7481
2025-10-10 02:51:07,623 [INFO] Época 16/30, Batch 1300/3287, Loss: 0.4688
2025-10-10 02:51:07,880 [INFO] Época 16/30, Batch 1350/3287, Loss: 0.6463
2025-10-10 02:51:08,139 [INFO] Época 16/30, Batch 1400/3287, Loss: 0.6043
2025-10-10 02:51:08,399 [INFO] Época 16/30, Batch 1450/3287, Loss: 0.6449
2025-10-10 02:51:08,658 [INFO] Época 16/30, Batch 1500/3287, Loss: 0.5634
2025-10-10 02:51:08,920 [INFO] Época 16/30, Batch 1550/3287, Loss: 0.6756
2025-10-10 02:51:09,179 [INFO] Época 16/30, Batch 1600/3287, Loss: 0.9358
2025-10-10 02:51:09,439 [INFO] Época 16/30, Batch 1650/3287, Loss: 0.5570
2025-10-10 02:51:09,698 [INFO] Época 16/30, Batch 1700/3287, Loss: 0.6494
2025-10-10 02:51:09,956 [INFO] Época 16/30, Batch 1750/3287, Loss: 0.5869
2025-10-10 02:51:10,215 [INFO] Época 16/30, Batch 1800/3287, Loss: 0.6147
2025-10-10 02:51:10,472 [INFO] Época 16/30, Batch 1850/3287, Loss: 0.6008
2025-10-10 02:51:10,730 [INFO] Época 16/30, Batch 1900/3287, Loss: 0.7090
2025-10-10 02:51:10,999 [INFO] Época 16/30, Batch 1950/3287, Loss: 0.7014
2025-10-10 02:51:11,258 [INFO] Época 16/30, Batch 2000/3287, Loss: 0.5778
2025-10-10 02:51:11,516 [INFO] Época 16/30, Batch 2050/3287, Loss: 0.6299
2025-10-10 02:51:11,774 [INFO] Época 16/30, Batch 2100/3287, Loss: 0.6608
2025-10-10 02:51:12,033 [INFO] Época 16/30, Batch 2150/3287, Loss: 0.5720
2025-10-10 02:51:12,290 [INFO] Época 16/30, Batch 2200/3287, Loss: 0.7320
2025-10-10 02:51:12,550 [INFO] Época 16/30, Batch 2250/3287, Loss: 0.7522
2025-10-10 02:51:12,808 [INFO] Época 16/30, Batch 2300/3287, Loss: 0.8003
2025-10-10 02:51:13,066 [INFO] Época 16/30, Batch 2350/3287, Loss: 0.8181
2025-10-10 02:51:13,325 [INFO] Época 16/30, Batch 2400/3287, Loss: 0.6618
2025-10-10 02:51:13,584 [INFO] Época 16/30, Batch 2450/3287, Loss: 0.7789
2025-10-10 02:51:13,847 [INFO] Época 16/30, Batch 2500/3287, Loss: 0.6989
2025-10-10 02:51:14,105 [INFO] Época 16/30, Batch 2550/3287, Loss: 0.6031
2025-10-10 02:51:14,364 [INFO] Época 16/30, Batch 2600/3287, Loss: 0.5927
2025-10-10 02:51:14,619 [INFO] Época 16/30, Batch 2650/3287, Loss: 0.7312
2025-10-10 02:51:14,878 [INFO] Época 16/30, Batch 2700/3287, Loss: 0.6379
2025-10-10 02:51:15,138 [INFO] Época 16/30, Batch 2750/3287, Loss: 0.6436
2025-10-10 02:51:15,394 [INFO] Época 16/30, Batch 2800/3287, Loss: 0.6041
2025-10-10 02:51:15,654 [INFO] Época 16/30, Batch 2850/3287, Loss: 0.7057
2025-10-10 02:51:15,913 [INFO] Época 16/30, Batch 2900/3287, Loss: 0.6223
2025-10-10 02:51:16,183 [INFO] Época 16/30, Batch 2950/3287, Loss: 0.6071
2025-10-10 02:51:16,443 [INFO] Época 16/30, Batch 3000/3287, Loss: 0.7994
2025-10-10 02:51:16,701 [INFO] Época 16/30, Batch 3050/3287, Loss: 0.7675
2025-10-10 02:51:16,960 [INFO] Época 16/30, Batch 3100/3287, Loss: 0.6228
2025-10-10 02:51:17,217 [INFO] Época 16/30, Batch 3150/3287, Loss: 0.6259
2025-10-10 02:51:17,473 [INFO] Época 16/30, Batch 3200/3287, Loss: 0.6982
2025-10-10 02:51:17,733 [INFO] Época 16/30, Batch 3250/3287, Loss: 0.5074
2025-10-10 02:51:19,472 [INFO] [16/30] Train Loss: 0.6712 | Val Loss: 0.7508 | Tempo: 19.07s
2025-10-10 02:51:20,048 [INFO] Época 17/30, Batch 50/3287, Loss: 0.7061
2025-10-10 02:51:20,316 [INFO] Época 17/30, Batch 100/3287, Loss: 0.7022
2025-10-10 02:51:20,581 [INFO] Época 17/30, Batch 150/3287, Loss: 0.8038
2025-10-10 02:51:20,843 [INFO] Época 17/30, Batch 200/3287, Loss: 0.6365
2025-10-10 02:51:21,107 [INFO] Época 17/30, Batch 250/3287, Loss: 0.6604
2025-10-10 02:51:21,371 [INFO] Época 17/30, Batch 300/3287, Loss: 0.5438
2025-10-10 02:51:21,631 [INFO] Época 17/30, Batch 350/3287, Loss: 0.4365
2025-10-10 02:51:21,892 [INFO] Época 17/30, Batch 400/3287, Loss: 0.6868
2025-10-10 02:51:22,152 [INFO] Época 17/30, Batch 450/3287, Loss: 0.6922
2025-10-10 02:51:22,414 [INFO] Época 17/30, Batch 500/3287, Loss: 0.6242
2025-10-10 02:51:22,672 [INFO] Época 17/30, Batch 550/3287, Loss: 0.7948
2025-10-10 02:51:22,932 [INFO] Época 17/30, Batch 600/3287, Loss: 0.6891
2025-10-10 02:51:23,188 [INFO] Época 17/30, Batch 650/3287, Loss: 0.6481
2025-10-10 02:51:23,447 [INFO] Época 17/30, Batch 700/3287, Loss: 0.6319
2025-10-10 02:51:23,705 [INFO] Época 17/30, Batch 750/3287, Loss: 0.7276
2025-10-10 02:51:23,962 [INFO] Época 17/30, Batch 800/3287, Loss: 0.7480
2025-10-10 02:51:24,220 [INFO] Época 17/30, Batch 850/3287, Loss: 0.6243
2025-10-10 02:51:24,477 [INFO] Época 17/30, Batch 900/3287, Loss: 0.7033
2025-10-10 02:51:24,734 [INFO] Época 17/30, Batch 950/3287, Loss: 0.6433
2025-10-10 02:51:24,994 [INFO] Época 17/30, Batch 1000/3287, Loss: 0.5552
2025-10-10 02:51:25,252 [INFO] Época 17/30, Batch 1050/3287, Loss: 0.6687
2025-10-10 02:51:25,508 [INFO] Época 17/30, Batch 1100/3287, Loss: 0.7124
2025-10-10 02:51:25,766 [INFO] Época 17/30, Batch 1150/3287, Loss: 0.7040
2025-10-10 02:51:26,021 [INFO] Época 17/30, Batch 1200/3287, Loss: 0.6062
2025-10-10 02:51:26,279 [INFO] Época 17/30, Batch 1250/3287, Loss: 0.6005
2025-10-10 02:51:26,539 [INFO] Época 17/30, Batch 1300/3287, Loss: 0.6678
2025-10-10 02:51:26,797 [INFO] Época 17/30, Batch 1350/3287, Loss: 0.7495
2025-10-10 02:51:27,057 [INFO] Época 17/30, Batch 1400/3287, Loss: 0.7970
2025-10-10 02:51:27,314 [INFO] Época 17/30, Batch 1450/3287, Loss: 0.6348
2025-10-10 02:51:27,574 [INFO] Época 17/30, Batch 1500/3287, Loss: 0.6280
2025-10-10 02:51:27,833 [INFO] Época 17/30, Batch 1550/3287, Loss: 0.6215
2025-10-10 02:51:28,091 [INFO] Época 17/30, Batch 1600/3287, Loss: 0.7334
2025-10-10 02:51:28,350 [INFO] Época 17/30, Batch 1650/3287, Loss: 0.4872
2025-10-10 02:51:28,610 [INFO] Época 17/30, Batch 1700/3287, Loss: 0.7596
2025-10-10 02:51:28,868 [INFO] Época 17/30, Batch 1750/3287, Loss: 0.6082
2025-10-10 02:51:29,126 [INFO] Época 17/30, Batch 1800/3287, Loss: 0.7983
2025-10-10 02:51:29,382 [INFO] Época 17/30, Batch 1850/3287, Loss: 0.4997
2025-10-10 02:51:29,639 [INFO] Época 17/30, Batch 1900/3287, Loss: 0.7352
2025-10-10 02:51:29,895 [INFO] Época 17/30, Batch 1950/3287, Loss: 0.5973
2025-10-10 02:51:30,153 [INFO] Época 17/30, Batch 2000/3287, Loss: 0.6686
2025-10-10 02:51:30,411 [INFO] Época 17/30, Batch 2050/3287, Loss: 0.8921
2025-10-10 02:51:30,669 [INFO] Época 17/30, Batch 2100/3287, Loss: 0.7501
2025-10-10 02:51:30,925 [INFO] Época 17/30, Batch 2150/3287, Loss: 0.5781
2025-10-10 02:51:31,181 [INFO] Época 17/30, Batch 2200/3287, Loss: 0.5623
2025-10-10 02:51:31,437 [INFO] Época 17/30, Batch 2250/3287, Loss: 0.6597
2025-10-10 02:51:31,698 [INFO] Época 17/30, Batch 2300/3287, Loss: 0.5681
2025-10-10 02:51:31,953 [INFO] Época 17/30, Batch 2350/3287, Loss: 0.7106
2025-10-10 02:51:32,209 [INFO] Época 17/30, Batch 2400/3287, Loss: 0.5848
2025-10-10 02:51:32,465 [INFO] Época 17/30, Batch 2450/3287, Loss: 0.8011
2025-10-10 02:51:32,721 [INFO] Época 17/30, Batch 2500/3287, Loss: 0.7952
2025-10-10 02:51:32,977 [INFO] Época 17/30, Batch 2550/3287, Loss: 0.6955
2025-10-10 02:51:33,234 [INFO] Época 17/30, Batch 2600/3287, Loss: 0.6791
2025-10-10 02:51:33,489 [INFO] Época 17/30, Batch 2650/3287, Loss: 0.5714
2025-10-10 02:51:33,747 [INFO] Época 17/30, Batch 2700/3287, Loss: 0.5253
2025-10-10 02:51:34,002 [INFO] Época 17/30, Batch 2750/3287, Loss: 0.8661
2025-10-10 02:51:34,258 [INFO] Época 17/30, Batch 2800/3287, Loss: 0.7016
2025-10-10 02:51:34,513 [INFO] Época 17/30, Batch 2850/3287, Loss: 0.7098
2025-10-10 02:51:34,770 [INFO] Época 17/30, Batch 2900/3287, Loss: 0.6137
2025-10-10 02:51:35,026 [INFO] Época 17/30, Batch 2950/3287, Loss: 0.6528
2025-10-10 02:51:35,283 [INFO] Época 17/30, Batch 3000/3287, Loss: 0.6923
2025-10-10 02:51:35,539 [INFO] Época 17/30, Batch 3050/3287, Loss: 0.6398
2025-10-10 02:51:35,797 [INFO] Época 17/30, Batch 3100/3287, Loss: 0.6066
2025-10-10 02:51:36,055 [INFO] Época 17/30, Batch 3150/3287, Loss: 0.5668
2025-10-10 02:51:36,314 [INFO] Época 17/30, Batch 3200/3287, Loss: 0.6174
2025-10-10 02:51:36,571 [INFO] Época 17/30, Batch 3250/3287, Loss: 0.5570
2025-10-10 02:51:38,206 [INFO] [17/30] Train Loss: 0.6703 | Val Loss: 0.7491 | Tempo: 18.73s
2025-10-10 02:51:38,766 [INFO] Época 18/30, Batch 50/3287, Loss: 0.7825
2025-10-10 02:51:39,032 [INFO] Época 18/30, Batch 100/3287, Loss: 0.5685
2025-10-10 02:51:39,296 [INFO] Época 18/30, Batch 150/3287, Loss: 0.4869
2025-10-10 02:51:39,561 [INFO] Época 18/30, Batch 200/3287, Loss: 0.7850
2025-10-10 02:51:39,822 [INFO] Época 18/30, Batch 250/3287, Loss: 0.7070
2025-10-10 02:51:40,087 [INFO] Época 18/30, Batch 300/3287, Loss: 0.6489
2025-10-10 02:51:40,352 [INFO] Época 18/30, Batch 350/3287, Loss: 0.6048
2025-10-10 02:51:40,615 [INFO] Época 18/30, Batch 400/3287, Loss: 0.7024
2025-10-10 02:51:40,875 [INFO] Época 18/30, Batch 450/3287, Loss: 0.7353
2025-10-10 02:51:41,134 [INFO] Época 18/30, Batch 500/3287, Loss: 0.7641
2025-10-10 02:51:41,396 [INFO] Época 18/30, Batch 550/3287, Loss: 0.5997
2025-10-10 02:51:41,658 [INFO] Época 18/30, Batch 600/3287, Loss: 0.8207
2025-10-10 02:51:41,918 [INFO] Época 18/30, Batch 650/3287, Loss: 0.6717
2025-10-10 02:51:42,178 [INFO] Época 18/30, Batch 700/3287, Loss: 0.5857
2025-10-10 02:51:42,438 [INFO] Época 18/30, Batch 750/3287, Loss: 0.6264
2025-10-10 02:51:42,700 [INFO] Época 18/30, Batch 800/3287, Loss: 0.6756
2025-10-10 02:51:42,962 [INFO] Época 18/30, Batch 850/3287, Loss: 0.6866
2025-10-10 02:51:43,220 [INFO] Época 18/30, Batch 900/3287, Loss: 0.7333
2025-10-10 02:51:43,479 [INFO] Época 18/30, Batch 950/3287, Loss: 0.6683
2025-10-10 02:51:43,738 [INFO] Época 18/30, Batch 1000/3287, Loss: 0.5798
2025-10-10 02:51:44,000 [INFO] Época 18/30, Batch 1050/3287, Loss: 0.8498
2025-10-10 02:51:44,261 [INFO] Época 18/30, Batch 1100/3287, Loss: 0.6220
2025-10-10 02:51:44,522 [INFO] Época 18/30, Batch 1150/3287, Loss: 0.6173
2025-10-10 02:51:44,782 [INFO] Época 18/30, Batch 1200/3287, Loss: 0.7583
2025-10-10 02:51:45,040 [INFO] Época 18/30, Batch 1250/3287, Loss: 0.6955
2025-10-10 02:51:45,302 [INFO] Época 18/30, Batch 1300/3287, Loss: 0.6291
2025-10-10 02:51:45,562 [INFO] Época 18/30, Batch 1350/3287, Loss: 0.6939
2025-10-10 02:51:45,824 [INFO] Época 18/30, Batch 1400/3287, Loss: 0.6668
2025-10-10 02:51:46,088 [INFO] Época 18/30, Batch 1450/3287, Loss: 0.7006
2025-10-10 02:51:46,353 [INFO] Época 18/30, Batch 1500/3287, Loss: 0.7480
2025-10-10 02:51:46,616 [INFO] Época 18/30, Batch 1550/3287, Loss: 0.6360
2025-10-10 02:51:46,879 [INFO] Época 18/30, Batch 1600/3287, Loss: 0.5620
2025-10-10 02:51:47,144 [INFO] Época 18/30, Batch 1650/3287, Loss: 0.6374
2025-10-10 02:51:47,408 [INFO] Época 18/30, Batch 1700/3287, Loss: 0.5758
2025-10-10 02:51:47,672 [INFO] Época 18/30, Batch 1750/3287, Loss: 0.6085
2025-10-10 02:51:47,933 [INFO] Época 18/30, Batch 1800/3287, Loss: 0.6496
2025-10-10 02:51:48,194 [INFO] Época 18/30, Batch 1850/3287, Loss: 0.7027
2025-10-10 02:51:48,454 [INFO] Época 18/30, Batch 1900/3287, Loss: 0.7299
2025-10-10 02:51:48,716 [INFO] Época 18/30, Batch 1950/3287, Loss: 0.6166
2025-10-10 02:51:48,981 [INFO] Época 18/30, Batch 2000/3287, Loss: 0.7394
2025-10-10 02:51:49,245 [INFO] Época 18/30, Batch 2050/3287, Loss: 0.7372
2025-10-10 02:51:49,508 [INFO] Época 18/30, Batch 2100/3287, Loss: 0.7270
2025-10-10 02:51:49,766 [INFO] Época 18/30, Batch 2150/3287, Loss: 0.7067
2025-10-10 02:51:50,024 [INFO] Época 18/30, Batch 2200/3287, Loss: 0.7411
2025-10-10 02:51:50,282 [INFO] Época 18/30, Batch 2250/3287, Loss: 0.7038
2025-10-10 02:51:50,540 [INFO] Época 18/30, Batch 2300/3287, Loss: 0.5350
2025-10-10 02:51:50,800 [INFO] Época 18/30, Batch 2350/3287, Loss: 0.6845
2025-10-10 02:51:51,059 [INFO] Época 18/30, Batch 2400/3287, Loss: 0.6863
2025-10-10 02:51:51,318 [INFO] Época 18/30, Batch 2450/3287, Loss: 0.6456
2025-10-10 02:51:51,575 [INFO] Época 18/30, Batch 2500/3287, Loss: 0.5708
2025-10-10 02:51:51,832 [INFO] Época 18/30, Batch 2550/3287, Loss: 0.7461
2025-10-10 02:51:52,093 [INFO] Época 18/30, Batch 2600/3287, Loss: 0.6307
2025-10-10 02:51:52,365 [INFO] Época 18/30, Batch 2650/3287, Loss: 0.8104
2025-10-10 02:51:52,626 [INFO] Época 18/30, Batch 2700/3287, Loss: 0.9651
2025-10-10 02:51:52,887 [INFO] Época 18/30, Batch 2750/3287, Loss: 0.7814
2025-10-10 02:51:53,145 [INFO] Época 18/30, Batch 2800/3287, Loss: 0.6150
2025-10-10 02:51:53,405 [INFO] Época 18/30, Batch 2850/3287, Loss: 0.7646
2025-10-10 02:51:53,667 [INFO] Época 18/30, Batch 2900/3287, Loss: 0.6509
2025-10-10 02:51:53,927 [INFO] Época 18/30, Batch 2950/3287, Loss: 0.6739
2025-10-10 02:51:54,185 [INFO] Época 18/30, Batch 3000/3287, Loss: 0.6074
2025-10-10 02:51:54,446 [INFO] Época 18/30, Batch 3050/3287, Loss: 0.6735
2025-10-10 02:51:54,707 [INFO] Época 18/30, Batch 3100/3287, Loss: 0.6053
2025-10-10 02:51:54,967 [INFO] Época 18/30, Batch 3150/3287, Loss: 0.7694
2025-10-10 02:51:55,226 [INFO] Época 18/30, Batch 3200/3287, Loss: 0.5590
2025-10-10 02:51:55,488 [INFO] Época 18/30, Batch 3250/3287, Loss: 0.7120
2025-10-10 02:51:57,244 [INFO] [18/30] Train Loss: 0.6707 | Val Loss: 0.7461 | Tempo: 19.04s
2025-10-10 02:51:57,245 [INFO] Early stopping ativado após 10 épocas sem melhoria
2025-10-10 02:51:57,245 [INFO] Treinamento concluído em 338.22 segundos (5.64 minutos)
2025-10-10 02:51:57,245 [INFO] Iniciando avaliação no conjunto de teste...
2025-10-10 02:51:58,650 [INFO] Avaliação do teste concluída em 1.40 segundos
2025-10-10 02:51:58,651 [INFO] MSE no teste: 0.5576
2025-10-10 02:51:58,651 [INFO] RMSE no teste: 0.7467
2025-10-10 02:51:58,651 [INFO] MAE no teste: 0.5777
2025-10-10 02:51:58,652 [INFO] Métricas salvas em /mnt/hdd/home/jdurao/ToolBox-ChemXAI/logs/mlp_att7_3D_metrics.json
