2025-10-10 12:07:58,323 [INFO] Iniciando treinamento do modelo mlp_att13_Avalon
2025-10-10 12:07:58,323 [INFO] Configuração: att_index=13, epochs=30, layers=[128, 64, 32], lr=0.001, batch_size=32, descriptor_type=Avalon
2025-10-10 12:07:58,324 [INFO] Diretório para modelos: /mnt/hdd/home/jdurao/ToolBox-ChemXAI/models
2025-10-10 12:07:58,324 [INFO] Carregando dados...
2025-10-10 12:07:58,410 [INFO] Preparando dataloaders sem ruído...
2025-10-10 12:08:12,908 [INFO] Dados carregados em 14.58 segundos
2025-10-10 12:08:12,908 [INFO] Tamanhos dos conjuntos - Treino: 107108, Validação: 13388, Teste: 13389
2025-10-10 12:08:12,908 [INFO] Usando dispositivo: cuda
2025-10-10 12:08:13,314 [INFO] Dimensão de entrada: 512, Dimensão de saída: 1
2025-10-10 12:08:13,315 [INFO] Criando modelo MLP com camadas: [128, 64, 32]
2025-10-10 12:08:13,319 [INFO] Modelo criado com 76033 parâmetros
2025-10-10 12:08:13,323 [INFO] Iniciando treinamento com 30 épocas...
2025-10-10 12:08:13,919 [INFO] Época 1/30, Batch 50/3348, Loss: 0.4307
2025-10-10 12:08:14,188 [INFO] Época 1/30, Batch 100/3348, Loss: 0.3406
2025-10-10 12:08:14,455 [INFO] Época 1/30, Batch 150/3348, Loss: 0.4007
2025-10-10 12:08:14,720 [INFO] Época 1/30, Batch 200/3348, Loss: 0.3268
2025-10-10 12:08:14,972 [INFO] Época 1/30, Batch 250/3348, Loss: 0.3286
2025-10-10 12:08:15,224 [INFO] Época 1/30, Batch 300/3348, Loss: 0.5100
2025-10-10 12:08:15,475 [INFO] Época 1/30, Batch 350/3348, Loss: 0.5581
2025-10-10 12:08:15,729 [INFO] Época 1/30, Batch 400/3348, Loss: 0.3937
2025-10-10 12:08:15,990 [INFO] Época 1/30, Batch 450/3348, Loss: 0.3561
2025-10-10 12:08:16,251 [INFO] Época 1/30, Batch 500/3348, Loss: 0.4713
2025-10-10 12:08:16,511 [INFO] Época 1/30, Batch 550/3348, Loss: 0.4242
2025-10-10 12:08:16,775 [INFO] Época 1/30, Batch 600/3348, Loss: 0.4350
2025-10-10 12:08:17,039 [INFO] Época 1/30, Batch 650/3348, Loss: 0.3585
2025-10-10 12:08:17,302 [INFO] Época 1/30, Batch 700/3348, Loss: 0.3748
2025-10-10 12:08:17,572 [INFO] Época 1/30, Batch 750/3348, Loss: 0.3538
2025-10-10 12:08:17,835 [INFO] Época 1/30, Batch 800/3348, Loss: 0.2926
2025-10-10 12:08:18,097 [INFO] Época 1/30, Batch 850/3348, Loss: 0.3428
2025-10-10 12:08:18,361 [INFO] Época 1/30, Batch 900/3348, Loss: 0.4299
2025-10-10 12:08:18,624 [INFO] Época 1/30, Batch 950/3348, Loss: 0.3399
2025-10-10 12:08:18,886 [INFO] Época 1/30, Batch 1000/3348, Loss: 0.3632
2025-10-10 12:08:19,149 [INFO] Época 1/30, Batch 1050/3348, Loss: 0.5171
2025-10-10 12:08:19,412 [INFO] Época 1/30, Batch 1100/3348, Loss: 0.4172
2025-10-10 12:08:19,675 [INFO] Época 1/30, Batch 1150/3348, Loss: 0.4039
2025-10-10 12:08:19,937 [INFO] Época 1/30, Batch 1200/3348, Loss: 0.3721
2025-10-10 12:08:20,199 [INFO] Época 1/30, Batch 1250/3348, Loss: 0.3149
2025-10-10 12:08:20,458 [INFO] Época 1/30, Batch 1300/3348, Loss: 0.3095
2025-10-10 12:08:20,718 [INFO] Época 1/30, Batch 1350/3348, Loss: 0.2810
2025-10-10 12:08:20,977 [INFO] Época 1/30, Batch 1400/3348, Loss: 0.2456
2025-10-10 12:08:21,236 [INFO] Época 1/30, Batch 1450/3348, Loss: 0.3860
2025-10-10 12:08:21,500 [INFO] Época 1/30, Batch 1500/3348, Loss: 0.3619
2025-10-10 12:08:21,764 [INFO] Época 1/30, Batch 1550/3348, Loss: 0.3067
2025-10-10 12:08:22,026 [INFO] Época 1/30, Batch 1600/3348, Loss: 0.4699
2025-10-10 12:08:22,290 [INFO] Época 1/30, Batch 1650/3348, Loss: 0.4975
2025-10-10 12:08:22,553 [INFO] Época 1/30, Batch 1700/3348, Loss: 0.3904
2025-10-10 12:08:22,819 [INFO] Época 1/30, Batch 1750/3348, Loss: 0.3597
2025-10-10 12:08:23,081 [INFO] Época 1/30, Batch 1800/3348, Loss: 0.3928
2025-10-10 12:08:23,343 [INFO] Época 1/30, Batch 1850/3348, Loss: 0.2890
2025-10-10 12:08:23,606 [INFO] Época 1/30, Batch 1900/3348, Loss: 0.3930
2025-10-10 12:08:23,868 [INFO] Época 1/30, Batch 1950/3348, Loss: 0.4822
2025-10-10 12:08:24,133 [INFO] Época 1/30, Batch 2000/3348, Loss: 0.3037
2025-10-10 12:08:24,394 [INFO] Época 1/30, Batch 2050/3348, Loss: 0.2922
2025-10-10 12:08:24,657 [INFO] Época 1/30, Batch 2100/3348, Loss: 0.2921
2025-10-10 12:08:24,918 [INFO] Época 1/30, Batch 2150/3348, Loss: 0.3131
2025-10-10 12:08:25,180 [INFO] Época 1/30, Batch 2200/3348, Loss: 0.3766
2025-10-10 12:08:25,444 [INFO] Época 1/30, Batch 2250/3348, Loss: 0.2990
2025-10-10 12:08:25,707 [INFO] Época 1/30, Batch 2300/3348, Loss: 0.3073
2025-10-10 12:08:25,968 [INFO] Época 1/30, Batch 2350/3348, Loss: 0.4034
2025-10-10 12:08:26,227 [INFO] Época 1/30, Batch 2400/3348, Loss: 0.2794
2025-10-10 12:08:26,488 [INFO] Época 1/30, Batch 2450/3348, Loss: 0.2789
2025-10-10 12:08:26,752 [INFO] Época 1/30, Batch 2500/3348, Loss: 0.3000
2025-10-10 12:08:27,015 [INFO] Época 1/30, Batch 2550/3348, Loss: 0.2908
2025-10-10 12:08:27,276 [INFO] Época 1/30, Batch 2600/3348, Loss: 0.2680
2025-10-10 12:08:27,538 [INFO] Época 1/30, Batch 2650/3348, Loss: 0.2448
2025-10-10 12:08:27,802 [INFO] Época 1/30, Batch 2700/3348, Loss: 0.2855
2025-10-10 12:08:28,063 [INFO] Época 1/30, Batch 2750/3348, Loss: 0.2684
2025-10-10 12:08:28,326 [INFO] Época 1/30, Batch 2800/3348, Loss: 0.3544
2025-10-10 12:08:28,591 [INFO] Época 1/30, Batch 2850/3348, Loss: 0.3775
2025-10-10 12:08:28,854 [INFO] Época 1/30, Batch 2900/3348, Loss: 0.1754
2025-10-10 12:08:29,117 [INFO] Época 1/30, Batch 2950/3348, Loss: 0.2930
2025-10-10 12:08:29,381 [INFO] Época 1/30, Batch 3000/3348, Loss: 0.3953
2025-10-10 12:08:29,644 [INFO] Época 1/30, Batch 3050/3348, Loss: 0.3204
2025-10-10 12:08:29,909 [INFO] Época 1/30, Batch 3100/3348, Loss: 0.2379
2025-10-10 12:08:30,175 [INFO] Época 1/30, Batch 3150/3348, Loss: 0.3457
2025-10-10 12:08:30,437 [INFO] Época 1/30, Batch 3200/3348, Loss: 0.2319
2025-10-10 12:08:30,700 [INFO] Época 1/30, Batch 3250/3348, Loss: 0.3411
2025-10-10 12:08:30,962 [INFO] Época 1/30, Batch 3300/3348, Loss: 0.4451
2025-10-10 12:08:32,776 [INFO] [1/30] Train Loss: 0.3391 | Val Loss: 0.2181 | Tempo: 19.45s
2025-10-10 12:08:32,781 [INFO] Melhor modelo salvo em: /mnt/hdd/home/jdurao/ToolBox-ChemXAI/models/mlp_qm9_Avalon_att13_large.pth
2025-10-10 12:08:33,365 [INFO] Época 2/30, Batch 50/3348, Loss: 0.1812
2025-10-10 12:08:33,633 [INFO] Época 2/30, Batch 100/3348, Loss: 0.4077
2025-10-10 12:08:33,900 [INFO] Época 2/30, Batch 150/3348, Loss: 0.4252
2025-10-10 12:08:34,167 [INFO] Época 2/30, Batch 200/3348, Loss: 0.2797
2025-10-10 12:08:34,434 [INFO] Época 2/30, Batch 250/3348, Loss: 0.1780
2025-10-10 12:08:34,701 [INFO] Época 2/30, Batch 300/3348, Loss: 0.1650
2025-10-10 12:08:34,967 [INFO] Época 2/30, Batch 350/3348, Loss: 0.2288
2025-10-10 12:08:35,233 [INFO] Época 2/30, Batch 400/3348, Loss: 0.3969
2025-10-10 12:08:35,497 [INFO] Época 2/30, Batch 450/3348, Loss: 0.1637
2025-10-10 12:08:35,761 [INFO] Época 2/30, Batch 500/3348, Loss: 0.2977
2025-10-10 12:08:36,023 [INFO] Época 2/30, Batch 550/3348, Loss: 0.2206
2025-10-10 12:08:36,286 [INFO] Época 2/30, Batch 600/3348, Loss: 0.2150
2025-10-10 12:08:36,549 [INFO] Época 2/30, Batch 650/3348, Loss: 0.2767
2025-10-10 12:08:36,814 [INFO] Época 2/30, Batch 700/3348, Loss: 0.3760
2025-10-10 12:08:37,080 [INFO] Época 2/30, Batch 750/3348, Loss: 0.3776
2025-10-10 12:08:37,341 [INFO] Época 2/30, Batch 800/3348, Loss: 0.2755
2025-10-10 12:08:37,602 [INFO] Época 2/30, Batch 850/3348, Loss: 0.3857
2025-10-10 12:08:37,864 [INFO] Época 2/30, Batch 900/3348, Loss: 0.1686
2025-10-10 12:08:38,125 [INFO] Época 2/30, Batch 950/3348, Loss: 0.2380
2025-10-10 12:08:38,388 [INFO] Época 2/30, Batch 1000/3348, Loss: 0.1849
2025-10-10 12:08:38,649 [INFO] Época 2/30, Batch 1050/3348, Loss: 0.2314
2025-10-10 12:08:38,909 [INFO] Época 2/30, Batch 1100/3348, Loss: 0.1200
2025-10-10 12:08:39,170 [INFO] Época 2/30, Batch 1150/3348, Loss: 0.2006
2025-10-10 12:08:39,429 [INFO] Época 2/30, Batch 1200/3348, Loss: 0.2013
2025-10-10 12:08:39,691 [INFO] Época 2/30, Batch 1250/3348, Loss: 0.2744
2025-10-10 12:08:39,957 [INFO] Época 2/30, Batch 1300/3348, Loss: 0.2122
2025-10-10 12:08:40,221 [INFO] Época 2/30, Batch 1350/3348, Loss: 0.3972
2025-10-10 12:08:40,486 [INFO] Época 2/30, Batch 1400/3348, Loss: 0.1806
2025-10-10 12:08:40,750 [INFO] Época 2/30, Batch 1450/3348, Loss: 0.3621
2025-10-10 12:08:41,016 [INFO] Época 2/30, Batch 1500/3348, Loss: 0.2294
2025-10-10 12:08:41,284 [INFO] Época 2/30, Batch 1550/3348, Loss: 0.1241
2025-10-10 12:08:41,551 [INFO] Época 2/30, Batch 1600/3348, Loss: 0.2267
2025-10-10 12:08:41,815 [INFO] Época 2/30, Batch 1650/3348, Loss: 0.3151
2025-10-10 12:08:42,078 [INFO] Época 2/30, Batch 1700/3348, Loss: 0.3600
2025-10-10 12:08:42,342 [INFO] Época 2/30, Batch 1750/3348, Loss: 0.2208
2025-10-10 12:08:42,608 [INFO] Época 2/30, Batch 1800/3348, Loss: 0.0776
2025-10-10 12:08:42,875 [INFO] Época 2/30, Batch 1850/3348, Loss: 0.2239
2025-10-10 12:08:43,141 [INFO] Época 2/30, Batch 1900/3348, Loss: 0.3531
2025-10-10 12:08:43,407 [INFO] Época 2/30, Batch 1950/3348, Loss: 0.2156
2025-10-10 12:08:43,672 [INFO] Época 2/30, Batch 2000/3348, Loss: 0.2517
2025-10-10 12:08:43,939 [INFO] Época 2/30, Batch 2050/3348, Loss: 0.2637
2025-10-10 12:08:44,203 [INFO] Época 2/30, Batch 2100/3348, Loss: 0.2975
2025-10-10 12:08:44,469 [INFO] Época 2/30, Batch 2150/3348, Loss: 0.4101
2025-10-10 12:08:44,733 [INFO] Época 2/30, Batch 2200/3348, Loss: 0.2325
2025-10-10 12:08:44,996 [INFO] Época 2/30, Batch 2250/3348, Loss: 0.2651
2025-10-10 12:08:45,260 [INFO] Época 2/30, Batch 2300/3348, Loss: 0.2683
2025-10-10 12:08:45,520 [INFO] Época 2/30, Batch 2350/3348, Loss: 0.4329
2025-10-10 12:08:45,784 [INFO] Época 2/30, Batch 2400/3348, Loss: 0.3290
2025-10-10 12:08:46,046 [INFO] Época 2/30, Batch 2450/3348, Loss: 0.2839
2025-10-10 12:08:46,308 [INFO] Época 2/30, Batch 2500/3348, Loss: 0.2754
2025-10-10 12:08:46,572 [INFO] Época 2/30, Batch 2550/3348, Loss: 0.2372
2025-10-10 12:08:46,839 [INFO] Época 2/30, Batch 2600/3348, Loss: 0.3344
2025-10-10 12:08:47,105 [INFO] Época 2/30, Batch 2650/3348, Loss: 0.1978
2025-10-10 12:08:47,370 [INFO] Época 2/30, Batch 2700/3348, Loss: 0.1112
2025-10-10 12:08:47,635 [INFO] Época 2/30, Batch 2750/3348, Loss: 0.1741
2025-10-10 12:08:47,902 [INFO] Época 2/30, Batch 2800/3348, Loss: 0.2131
2025-10-10 12:08:48,165 [INFO] Época 2/30, Batch 2850/3348, Loss: 0.2842
2025-10-10 12:08:48,427 [INFO] Época 2/30, Batch 2900/3348, Loss: 0.1788
2025-10-10 12:08:48,690 [INFO] Época 2/30, Batch 2950/3348, Loss: 0.3504
2025-10-10 12:08:48,954 [INFO] Época 2/30, Batch 3000/3348, Loss: 0.2449
2025-10-10 12:08:49,216 [INFO] Época 2/30, Batch 3050/3348, Loss: 0.2925
2025-10-10 12:08:49,480 [INFO] Época 2/30, Batch 3100/3348, Loss: 0.2173
2025-10-10 12:08:49,748 [INFO] Época 2/30, Batch 3150/3348, Loss: 0.2256
2025-10-10 12:08:50,015 [INFO] Época 2/30, Batch 3200/3348, Loss: 0.1925
2025-10-10 12:08:50,278 [INFO] Época 2/30, Batch 3250/3348, Loss: 0.2633
2025-10-10 12:08:50,541 [INFO] Época 2/30, Batch 3300/3348, Loss: 0.2570
2025-10-10 12:08:52,368 [INFO] [2/30] Train Loss: 0.2639 | Val Loss: 0.2209 | Tempo: 19.59s
2025-10-10 12:08:52,955 [INFO] Época 3/30, Batch 50/3348, Loss: 0.1166
2025-10-10 12:08:53,218 [INFO] Época 3/30, Batch 100/3348, Loss: 0.2638
2025-10-10 12:08:53,482 [INFO] Época 3/30, Batch 150/3348, Loss: 0.2643
2025-10-10 12:08:53,746 [INFO] Época 3/30, Batch 200/3348, Loss: 0.2615
2025-10-10 12:08:54,007 [INFO] Época 3/30, Batch 250/3348, Loss: 0.2282
2025-10-10 12:08:54,272 [INFO] Época 3/30, Batch 300/3348, Loss: 0.3053
2025-10-10 12:08:54,535 [INFO] Época 3/30, Batch 350/3348, Loss: 0.2455
2025-10-10 12:08:54,801 [INFO] Época 3/30, Batch 400/3348, Loss: 0.3560
2025-10-10 12:08:55,070 [INFO] Época 3/30, Batch 450/3348, Loss: 0.2184
2025-10-10 12:08:55,335 [INFO] Época 3/30, Batch 500/3348, Loss: 0.1839
2025-10-10 12:08:55,602 [INFO] Época 3/30, Batch 550/3348, Loss: 0.3209
2025-10-10 12:08:55,870 [INFO] Época 3/30, Batch 600/3348, Loss: 0.2830
2025-10-10 12:08:56,136 [INFO] Época 3/30, Batch 650/3348, Loss: 0.3207
2025-10-10 12:08:56,403 [INFO] Época 3/30, Batch 700/3348, Loss: 0.1948
2025-10-10 12:08:56,669 [INFO] Época 3/30, Batch 750/3348, Loss: 0.2059
2025-10-10 12:08:56,934 [INFO] Época 3/30, Batch 800/3348, Loss: 0.1942
2025-10-10 12:08:57,198 [INFO] Época 3/30, Batch 850/3348, Loss: 0.3460
2025-10-10 12:08:57,462 [INFO] Época 3/30, Batch 900/3348, Loss: 0.2953
2025-10-10 12:08:57,724 [INFO] Época 3/30, Batch 950/3348, Loss: 0.3173
2025-10-10 12:08:57,988 [INFO] Época 3/30, Batch 1000/3348, Loss: 0.2705
2025-10-10 12:08:58,255 [INFO] Época 3/30, Batch 1050/3348, Loss: 0.3164
2025-10-10 12:08:58,518 [INFO] Época 3/30, Batch 1100/3348, Loss: 0.2998
2025-10-10 12:08:58,783 [INFO] Época 3/30, Batch 1150/3348, Loss: 0.2758
2025-10-10 12:08:59,047 [INFO] Época 3/30, Batch 1200/3348, Loss: 0.2769
2025-10-10 12:08:59,311 [INFO] Época 3/30, Batch 1250/3348, Loss: 0.1569
2025-10-10 12:08:59,577 [INFO] Época 3/30, Batch 1300/3348, Loss: 0.1799
2025-10-10 12:08:59,844 [INFO] Época 3/30, Batch 1350/3348, Loss: 0.2562
2025-10-10 12:09:00,109 [INFO] Época 3/30, Batch 1400/3348, Loss: 0.3054
2025-10-10 12:09:00,372 [INFO] Época 3/30, Batch 1450/3348, Loss: 0.2384
2025-10-10 12:09:00,636 [INFO] Época 3/30, Batch 1500/3348, Loss: 0.2453
2025-10-10 12:09:00,901 [INFO] Época 3/30, Batch 1550/3348, Loss: 0.2034
2025-10-10 12:09:01,164 [INFO] Época 3/30, Batch 1600/3348, Loss: 0.2453
2025-10-10 12:09:01,426 [INFO] Época 3/30, Batch 1650/3348, Loss: 0.1883
2025-10-10 12:09:01,690 [INFO] Época 3/30, Batch 1700/3348, Loss: 0.1416
2025-10-10 12:09:01,953 [INFO] Época 3/30, Batch 1750/3348, Loss: 0.2063
2025-10-10 12:09:02,215 [INFO] Época 3/30, Batch 1800/3348, Loss: 0.1416
2025-10-10 12:09:02,478 [INFO] Época 3/30, Batch 1850/3348, Loss: 0.0916
2025-10-10 12:09:02,740 [INFO] Época 3/30, Batch 1900/3348, Loss: 0.2199
2025-10-10 12:09:03,003 [INFO] Época 3/30, Batch 1950/3348, Loss: 0.2103
2025-10-10 12:09:03,266 [INFO] Época 3/30, Batch 2000/3348, Loss: 0.1090
2025-10-10 12:09:03,531 [INFO] Época 3/30, Batch 2050/3348, Loss: 0.1187
2025-10-10 12:09:03,795 [INFO] Época 3/30, Batch 2100/3348, Loss: 0.2937
2025-10-10 12:09:04,057 [INFO] Época 3/30, Batch 2150/3348, Loss: 0.3799
2025-10-10 12:09:04,320 [INFO] Época 3/30, Batch 2200/3348, Loss: 0.2915
2025-10-10 12:09:04,583 [INFO] Época 3/30, Batch 2250/3348, Loss: 0.2175
2025-10-10 12:09:04,846 [INFO] Época 3/30, Batch 2300/3348, Loss: 0.2535
2025-10-10 12:09:05,110 [INFO] Época 3/30, Batch 2350/3348, Loss: 0.1765
2025-10-10 12:09:05,373 [INFO] Época 3/30, Batch 2400/3348, Loss: 0.1902
2025-10-10 12:09:05,636 [INFO] Época 3/30, Batch 2450/3348, Loss: 0.1941
2025-10-10 12:09:05,900 [INFO] Época 3/30, Batch 2500/3348, Loss: 0.2749
2025-10-10 12:09:06,164 [INFO] Época 3/30, Batch 2550/3348, Loss: 0.1478
2025-10-10 12:09:06,429 [INFO] Época 3/30, Batch 2600/3348, Loss: 0.2212
2025-10-10 12:09:06,694 [INFO] Época 3/30, Batch 2650/3348, Loss: 0.1849
2025-10-10 12:09:06,957 [INFO] Época 3/30, Batch 2700/3348, Loss: 0.1798
2025-10-10 12:09:07,219 [INFO] Época 3/30, Batch 2750/3348, Loss: 0.3834
2025-10-10 12:09:07,481 [INFO] Época 3/30, Batch 2800/3348, Loss: 0.1658
2025-10-10 12:09:07,746 [INFO] Época 3/30, Batch 2850/3348, Loss: 0.1349
2025-10-10 12:09:08,011 [INFO] Época 3/30, Batch 2900/3348, Loss: 0.3422
2025-10-10 12:09:08,276 [INFO] Época 3/30, Batch 2950/3348, Loss: 0.2868
2025-10-10 12:09:08,541 [INFO] Época 3/30, Batch 3000/3348, Loss: 0.1757
2025-10-10 12:09:08,806 [INFO] Época 3/30, Batch 3050/3348, Loss: 0.1858
2025-10-10 12:09:09,070 [INFO] Época 3/30, Batch 3100/3348, Loss: 0.2833
2025-10-10 12:09:09,336 [INFO] Época 3/30, Batch 3150/3348, Loss: 0.2276
2025-10-10 12:09:09,603 [INFO] Época 3/30, Batch 3200/3348, Loss: 0.2851
2025-10-10 12:09:09,867 [INFO] Época 3/30, Batch 3250/3348, Loss: 0.2571
2025-10-10 12:09:10,133 [INFO] Época 3/30, Batch 3300/3348, Loss: 0.2987
2025-10-10 12:09:11,917 [INFO] [3/30] Train Loss: 0.2300 | Val Loss: 0.1855 | Tempo: 19.55s
2025-10-10 12:09:11,922 [INFO] Melhor modelo salvo em: /mnt/hdd/home/jdurao/ToolBox-ChemXAI/models/mlp_qm9_Avalon_att13_large.pth
2025-10-10 12:09:12,516 [INFO] Época 4/30, Batch 50/3348, Loss: 0.2182
2025-10-10 12:09:12,793 [INFO] Época 4/30, Batch 100/3348, Loss: 0.2213
2025-10-10 12:09:13,068 [INFO] Época 4/30, Batch 150/3348, Loss: 0.2694
2025-10-10 12:09:13,340 [INFO] Época 4/30, Batch 200/3348, Loss: 0.2922
2025-10-10 12:09:13,613 [INFO] Época 4/30, Batch 250/3348, Loss: 0.1710
2025-10-10 12:09:13,889 [INFO] Época 4/30, Batch 300/3348, Loss: 0.2344
2025-10-10 12:09:14,165 [INFO] Época 4/30, Batch 350/3348, Loss: 0.2311
2025-10-10 12:09:14,438 [INFO] Época 4/30, Batch 400/3348, Loss: 0.2073
2025-10-10 12:09:14,710 [INFO] Época 4/30, Batch 450/3348, Loss: 0.3697
2025-10-10 12:09:14,983 [INFO] Época 4/30, Batch 500/3348, Loss: 0.1674
2025-10-10 12:09:15,256 [INFO] Época 4/30, Batch 550/3348, Loss: 0.2784
2025-10-10 12:09:15,531 [INFO] Época 4/30, Batch 600/3348, Loss: 0.1540
2025-10-10 12:09:15,799 [INFO] Época 4/30, Batch 650/3348, Loss: 0.1698
2025-10-10 12:09:16,063 [INFO] Época 4/30, Batch 700/3348, Loss: 0.2597
2025-10-10 12:09:16,325 [INFO] Época 4/30, Batch 750/3348, Loss: 0.1506
2025-10-10 12:09:16,588 [INFO] Época 4/30, Batch 800/3348, Loss: 0.1443
2025-10-10 12:09:16,848 [INFO] Época 4/30, Batch 850/3348, Loss: 0.1852
2025-10-10 12:09:17,098 [INFO] Época 4/30, Batch 900/3348, Loss: 0.1572
2025-10-10 12:09:17,349 [INFO] Época 4/30, Batch 950/3348, Loss: 0.3339
2025-10-10 12:09:17,601 [INFO] Época 4/30, Batch 1000/3348, Loss: 0.1024
2025-10-10 12:09:17,856 [INFO] Época 4/30, Batch 1050/3348, Loss: 0.2284
2025-10-10 12:09:18,110 [INFO] Época 4/30, Batch 1100/3348, Loss: 0.2879
2025-10-10 12:09:18,363 [INFO] Época 4/30, Batch 1150/3348, Loss: 0.2437
2025-10-10 12:09:18,618 [INFO] Época 4/30, Batch 1200/3348, Loss: 0.1690
2025-10-10 12:09:18,884 [INFO] Época 4/30, Batch 1250/3348, Loss: 0.1312
2025-10-10 12:09:19,149 [INFO] Época 4/30, Batch 1300/3348, Loss: 0.3070
2025-10-10 12:09:19,413 [INFO] Época 4/30, Batch 1350/3348, Loss: 0.1759
2025-10-10 12:09:19,676 [INFO] Época 4/30, Batch 1400/3348, Loss: 0.2327
2025-10-10 12:09:19,940 [INFO] Época 4/30, Batch 1450/3348, Loss: 0.2854
2025-10-10 12:09:20,207 [INFO] Época 4/30, Batch 1500/3348, Loss: 0.2990
2025-10-10 12:09:20,473 [INFO] Época 4/30, Batch 1550/3348, Loss: 0.3004
2025-10-10 12:09:20,738 [INFO] Época 4/30, Batch 1600/3348, Loss: 0.1510
2025-10-10 12:09:21,002 [INFO] Época 4/30, Batch 1650/3348, Loss: 0.1937
2025-10-10 12:09:21,265 [INFO] Época 4/30, Batch 1700/3348, Loss: 0.1929
2025-10-10 12:09:21,530 [INFO] Época 4/30, Batch 1750/3348, Loss: 0.2094
2025-10-10 12:09:21,794 [INFO] Época 4/30, Batch 1800/3348, Loss: 0.1894
2025-10-10 12:09:22,060 [INFO] Época 4/30, Batch 1850/3348, Loss: 0.2567
2025-10-10 12:09:22,325 [INFO] Época 4/30, Batch 1900/3348, Loss: 0.1452
2025-10-10 12:09:22,589 [INFO] Época 4/30, Batch 1950/3348, Loss: 0.1003
2025-10-10 12:09:22,852 [INFO] Época 4/30, Batch 2000/3348, Loss: 0.2748
2025-10-10 12:09:23,117 [INFO] Época 4/30, Batch 2050/3348, Loss: 0.1670
2025-10-10 12:09:23,383 [INFO] Época 4/30, Batch 2100/3348, Loss: 0.2498
2025-10-10 12:09:23,646 [INFO] Época 4/30, Batch 2150/3348, Loss: 0.1029
2025-10-10 12:09:23,910 [INFO] Época 4/30, Batch 2200/3348, Loss: 0.1732
2025-10-10 12:09:24,175 [INFO] Época 4/30, Batch 2250/3348, Loss: 0.2226
2025-10-10 12:09:24,438 [INFO] Época 4/30, Batch 2300/3348, Loss: 0.1056
2025-10-10 12:09:24,703 [INFO] Época 4/30, Batch 2350/3348, Loss: 0.2413
2025-10-10 12:09:24,967 [INFO] Época 4/30, Batch 2400/3348, Loss: 0.1097
2025-10-10 12:09:25,230 [INFO] Época 4/30, Batch 2450/3348, Loss: 0.2549
2025-10-10 12:09:25,495 [INFO] Época 4/30, Batch 2500/3348, Loss: 0.1939
2025-10-10 12:09:25,764 [INFO] Época 4/30, Batch 2550/3348, Loss: 0.2204
2025-10-10 12:09:26,036 [INFO] Época 4/30, Batch 2600/3348, Loss: 0.3377
2025-10-10 12:09:26,309 [INFO] Época 4/30, Batch 2650/3348, Loss: 0.0915
2025-10-10 12:09:26,582 [INFO] Época 4/30, Batch 2700/3348, Loss: 0.1281
2025-10-10 12:09:26,853 [INFO] Época 4/30, Batch 2750/3348, Loss: 0.1608
2025-10-10 12:09:27,128 [INFO] Época 4/30, Batch 2800/3348, Loss: 0.1488
2025-10-10 12:09:27,403 [INFO] Época 4/30, Batch 2850/3348, Loss: 0.1256
2025-10-10 12:09:27,680 [INFO] Época 4/30, Batch 2900/3348, Loss: 0.1492
2025-10-10 12:09:27,960 [INFO] Época 4/30, Batch 2950/3348, Loss: 0.1763
2025-10-10 12:09:28,236 [INFO] Época 4/30, Batch 3000/3348, Loss: 0.1936
2025-10-10 12:09:28,513 [INFO] Época 4/30, Batch 3050/3348, Loss: 0.2668
2025-10-10 12:09:28,799 [INFO] Época 4/30, Batch 3100/3348, Loss: 0.1232
2025-10-10 12:09:29,074 [INFO] Época 4/30, Batch 3150/3348, Loss: 0.1484
2025-10-10 12:09:29,346 [INFO] Época 4/30, Batch 3200/3348, Loss: 0.2043
2025-10-10 12:09:29,619 [INFO] Época 4/30, Batch 3250/3348, Loss: 0.3342
2025-10-10 12:09:29,890 [INFO] Época 4/30, Batch 3300/3348, Loss: 0.1714
2025-10-10 12:09:31,696 [INFO] [4/30] Train Loss: 0.2067 | Val Loss: 0.2440 | Tempo: 19.77s
2025-10-10 12:09:32,284 [INFO] Época 5/30, Batch 50/3348, Loss: 0.2588
2025-10-10 12:09:32,552 [INFO] Época 5/30, Batch 100/3348, Loss: 0.2414
2025-10-10 12:09:32,818 [INFO] Época 5/30, Batch 150/3348, Loss: 0.1917
2025-10-10 12:09:33,079 [INFO] Época 5/30, Batch 200/3348, Loss: 0.1620
2025-10-10 12:09:33,342 [INFO] Época 5/30, Batch 250/3348, Loss: 0.0853
2025-10-10 12:09:33,605 [INFO] Época 5/30, Batch 300/3348, Loss: 0.1892
2025-10-10 12:09:33,870 [INFO] Época 5/30, Batch 350/3348, Loss: 0.1632
2025-10-10 12:09:34,131 [INFO] Época 5/30, Batch 400/3348, Loss: 0.2823
2025-10-10 12:09:34,393 [INFO] Época 5/30, Batch 450/3348, Loss: 0.2958
2025-10-10 12:09:34,656 [INFO] Época 5/30, Batch 500/3348, Loss: 0.2603
2025-10-10 12:09:34,918 [INFO] Época 5/30, Batch 550/3348, Loss: 0.1812
2025-10-10 12:09:35,181 [INFO] Época 5/30, Batch 600/3348, Loss: 0.2057
2025-10-10 12:09:35,441 [INFO] Época 5/30, Batch 650/3348, Loss: 0.1606
2025-10-10 12:09:35,703 [INFO] Época 5/30, Batch 700/3348, Loss: 0.2043
2025-10-10 12:09:35,964 [INFO] Época 5/30, Batch 750/3348, Loss: 0.2123
2025-10-10 12:09:36,226 [INFO] Época 5/30, Batch 800/3348, Loss: 0.1125
2025-10-10 12:09:36,489 [INFO] Época 5/30, Batch 850/3348, Loss: 0.1862
2025-10-10 12:09:36,753 [INFO] Época 5/30, Batch 900/3348, Loss: 0.0912
2025-10-10 12:09:37,014 [INFO] Época 5/30, Batch 950/3348, Loss: 0.1602
2025-10-10 12:09:37,273 [INFO] Época 5/30, Batch 1000/3348, Loss: 0.1670
2025-10-10 12:09:37,534 [INFO] Época 5/30, Batch 1050/3348, Loss: 0.1473
2025-10-10 12:09:37,793 [INFO] Época 5/30, Batch 1100/3348, Loss: 0.1739
2025-10-10 12:09:38,056 [INFO] Época 5/30, Batch 1150/3348, Loss: 0.2577
2025-10-10 12:09:38,317 [INFO] Época 5/30, Batch 1200/3348, Loss: 0.1964
2025-10-10 12:09:38,580 [INFO] Época 5/30, Batch 1250/3348, Loss: 0.2479
2025-10-10 12:09:38,841 [INFO] Época 5/30, Batch 1300/3348, Loss: 0.2105
2025-10-10 12:09:39,103 [INFO] Época 5/30, Batch 1350/3348, Loss: 0.1283
2025-10-10 12:09:39,365 [INFO] Época 5/30, Batch 1400/3348, Loss: 0.2846
2025-10-10 12:09:39,627 [INFO] Época 5/30, Batch 1450/3348, Loss: 0.3478
2025-10-10 12:09:39,891 [INFO] Época 5/30, Batch 1500/3348, Loss: 0.2741
2025-10-10 12:09:40,155 [INFO] Época 5/30, Batch 1550/3348, Loss: 0.1911
2025-10-10 12:09:40,418 [INFO] Época 5/30, Batch 1600/3348, Loss: 0.3329
2025-10-10 12:09:40,685 [INFO] Época 5/30, Batch 1650/3348, Loss: 0.2813
2025-10-10 12:09:40,951 [INFO] Época 5/30, Batch 1700/3348, Loss: 0.2009
2025-10-10 12:09:41,215 [INFO] Época 5/30, Batch 1750/3348, Loss: 0.3012
2025-10-10 12:09:41,479 [INFO] Época 5/30, Batch 1800/3348, Loss: 0.1258
2025-10-10 12:09:41,744 [INFO] Época 5/30, Batch 1850/3348, Loss: 0.2396
2025-10-10 12:09:42,007 [INFO] Época 5/30, Batch 1900/3348, Loss: 0.2934
2025-10-10 12:09:42,270 [INFO] Época 5/30, Batch 1950/3348, Loss: 0.2395
2025-10-10 12:09:42,533 [INFO] Época 5/30, Batch 2000/3348, Loss: 0.2125
2025-10-10 12:09:42,796 [INFO] Época 5/30, Batch 2050/3348, Loss: 0.1509
2025-10-10 12:09:43,057 [INFO] Época 5/30, Batch 2100/3348, Loss: 0.2817
2025-10-10 12:09:43,323 [INFO] Época 5/30, Batch 2150/3348, Loss: 0.2122
2025-10-10 12:09:43,587 [INFO] Época 5/30, Batch 2200/3348, Loss: 0.1355
2025-10-10 12:09:43,852 [INFO] Época 5/30, Batch 2250/3348, Loss: 0.1661
2025-10-10 12:09:44,118 [INFO] Época 5/30, Batch 2300/3348, Loss: 0.1607
2025-10-10 12:09:44,384 [INFO] Época 5/30, Batch 2350/3348, Loss: 0.1780
2025-10-10 12:09:44,649 [INFO] Época 5/30, Batch 2400/3348, Loss: 0.1667
2025-10-10 12:09:44,912 [INFO] Época 5/30, Batch 2450/3348, Loss: 0.2399
2025-10-10 12:09:45,176 [INFO] Época 5/30, Batch 2500/3348, Loss: 0.1902
2025-10-10 12:09:45,442 [INFO] Época 5/30, Batch 2550/3348, Loss: 0.1496
2025-10-10 12:09:45,706 [INFO] Época 5/30, Batch 2600/3348, Loss: 0.1772
2025-10-10 12:09:45,973 [INFO] Época 5/30, Batch 2650/3348, Loss: 0.2019
2025-10-10 12:09:46,238 [INFO] Época 5/30, Batch 2700/3348, Loss: 0.2818
2025-10-10 12:09:46,505 [INFO] Época 5/30, Batch 2750/3348, Loss: 0.1449
2025-10-10 12:09:46,770 [INFO] Época 5/30, Batch 2800/3348, Loss: 0.3512
2025-10-10 12:09:47,034 [INFO] Época 5/30, Batch 2850/3348, Loss: 0.1663
2025-10-10 12:09:47,301 [INFO] Época 5/30, Batch 2900/3348, Loss: 0.2247
2025-10-10 12:09:47,573 [INFO] Época 5/30, Batch 2950/3348, Loss: 0.2364
2025-10-10 12:09:47,843 [INFO] Época 5/30, Batch 3000/3348, Loss: 0.2176
2025-10-10 12:09:48,110 [INFO] Época 5/30, Batch 3050/3348, Loss: 0.1448
2025-10-10 12:09:48,376 [INFO] Época 5/30, Batch 3100/3348, Loss: 0.2163
2025-10-10 12:09:48,642 [INFO] Época 5/30, Batch 3150/3348, Loss: 0.2549
2025-10-10 12:09:48,907 [INFO] Época 5/30, Batch 3200/3348, Loss: 0.1618
2025-10-10 12:09:49,172 [INFO] Época 5/30, Batch 3250/3348, Loss: 0.2104
2025-10-10 12:09:49,438 [INFO] Época 5/30, Batch 3300/3348, Loss: 0.2248
2025-10-10 12:09:51,326 [INFO] [5/30] Train Loss: 0.1910 | Val Loss: 0.2802 | Tempo: 19.63s
2025-10-10 12:09:51,933 [INFO] Época 6/30, Batch 50/3348, Loss: 0.1913
2025-10-10 12:09:52,211 [INFO] Época 6/30, Batch 100/3348, Loss: 0.1953
2025-10-10 12:09:52,488 [INFO] Época 6/30, Batch 150/3348, Loss: 0.1211
2025-10-10 12:09:52,763 [INFO] Época 6/30, Batch 200/3348, Loss: 0.2225
2025-10-10 12:09:53,037 [INFO] Época 6/30, Batch 250/3348, Loss: 0.1500
2025-10-10 12:09:53,312 [INFO] Época 6/30, Batch 300/3348, Loss: 0.1986
2025-10-10 12:09:53,586 [INFO] Época 6/30, Batch 350/3348, Loss: 0.2158
2025-10-10 12:09:53,858 [INFO] Época 6/30, Batch 400/3348, Loss: 0.1854
2025-10-10 12:09:54,131 [INFO] Época 6/30, Batch 450/3348, Loss: 0.1361
2025-10-10 12:09:54,403 [INFO] Época 6/30, Batch 500/3348, Loss: 0.1561
2025-10-10 12:09:54,674 [INFO] Época 6/30, Batch 550/3348, Loss: 0.1190
2025-10-10 12:09:54,944 [INFO] Época 6/30, Batch 600/3348, Loss: 0.3726
2025-10-10 12:09:55,210 [INFO] Época 6/30, Batch 650/3348, Loss: 0.2110
2025-10-10 12:09:55,464 [INFO] Época 6/30, Batch 700/3348, Loss: 0.1667
2025-10-10 12:09:55,717 [INFO] Época 6/30, Batch 750/3348, Loss: 0.1801
2025-10-10 12:09:55,976 [INFO] Época 6/30, Batch 800/3348, Loss: 0.0693
2025-10-10 12:09:56,239 [INFO] Época 6/30, Batch 850/3348, Loss: 0.2213
2025-10-10 12:09:56,502 [INFO] Época 6/30, Batch 900/3348, Loss: 0.1989
2025-10-10 12:09:56,766 [INFO] Época 6/30, Batch 950/3348, Loss: 0.1412
2025-10-10 12:09:57,032 [INFO] Época 6/30, Batch 1000/3348, Loss: 0.1719
2025-10-10 12:09:57,300 [INFO] Época 6/30, Batch 1050/3348, Loss: 0.0919
2025-10-10 12:09:57,568 [INFO] Época 6/30, Batch 1100/3348, Loss: 0.2444
2025-10-10 12:09:57,841 [INFO] Época 6/30, Batch 1150/3348, Loss: 0.1124
2025-10-10 12:09:58,114 [INFO] Época 6/30, Batch 1200/3348, Loss: 0.1712
2025-10-10 12:09:58,388 [INFO] Época 6/30, Batch 1250/3348, Loss: 0.1591
2025-10-10 12:09:58,662 [INFO] Época 6/30, Batch 1300/3348, Loss: 0.2487
2025-10-10 12:09:58,937 [INFO] Época 6/30, Batch 1350/3348, Loss: 0.1783
2025-10-10 12:09:59,212 [INFO] Época 6/30, Batch 1400/3348, Loss: 0.1627
2025-10-10 12:09:59,486 [INFO] Época 6/30, Batch 1450/3348, Loss: 0.2269
2025-10-10 12:09:59,759 [INFO] Época 6/30, Batch 1500/3348, Loss: 0.1229
2025-10-10 12:10:00,029 [INFO] Época 6/30, Batch 1550/3348, Loss: 0.1785
2025-10-10 12:10:00,300 [INFO] Época 6/30, Batch 1600/3348, Loss: 0.1159
2025-10-10 12:10:00,571 [INFO] Época 6/30, Batch 1650/3348, Loss: 0.3125
2025-10-10 12:10:00,845 [INFO] Época 6/30, Batch 1700/3348, Loss: 0.1948
2025-10-10 12:10:01,116 [INFO] Época 6/30, Batch 1750/3348, Loss: 0.3851
2025-10-10 12:10:01,389 [INFO] Época 6/30, Batch 1800/3348, Loss: 0.1776
2025-10-10 12:10:01,659 [INFO] Época 6/30, Batch 1850/3348, Loss: 0.1593
2025-10-10 12:10:01,932 [INFO] Época 6/30, Batch 1900/3348, Loss: 0.3001
2025-10-10 12:10:02,204 [INFO] Época 6/30, Batch 1950/3348, Loss: 0.1769
2025-10-10 12:10:02,475 [INFO] Época 6/30, Batch 2000/3348, Loss: 0.2291
2025-10-10 12:10:02,746 [INFO] Época 6/30, Batch 2050/3348, Loss: 0.0923
2025-10-10 12:10:03,018 [INFO] Época 6/30, Batch 2100/3348, Loss: 0.1167
2025-10-10 12:10:03,287 [INFO] Época 6/30, Batch 2150/3348, Loss: 0.1716
2025-10-10 12:10:03,558 [INFO] Época 6/30, Batch 2200/3348, Loss: 0.2071
2025-10-10 12:10:03,823 [INFO] Época 6/30, Batch 2250/3348, Loss: 0.2036
2025-10-10 12:10:04,085 [INFO] Época 6/30, Batch 2300/3348, Loss: 0.1693
2025-10-10 12:10:04,347 [INFO] Época 6/30, Batch 2350/3348, Loss: 0.2292
2025-10-10 12:10:04,611 [INFO] Época 6/30, Batch 2400/3348, Loss: 0.1521
2025-10-10 12:10:04,873 [INFO] Época 6/30, Batch 2450/3348, Loss: 0.1890
2025-10-10 12:10:05,136 [INFO] Época 6/30, Batch 2500/3348, Loss: 0.1961
2025-10-10 12:10:05,399 [INFO] Época 6/30, Batch 2550/3348, Loss: 0.1908
2025-10-10 12:10:05,661 [INFO] Época 6/30, Batch 2600/3348, Loss: 0.2599
2025-10-10 12:10:05,923 [INFO] Época 6/30, Batch 2650/3348, Loss: 0.0878
2025-10-10 12:10:06,186 [INFO] Época 6/30, Batch 2700/3348, Loss: 0.1563
2025-10-10 12:10:06,448 [INFO] Época 6/30, Batch 2750/3348, Loss: 0.0897
2025-10-10 12:10:06,716 [INFO] Época 6/30, Batch 2800/3348, Loss: 0.1488
2025-10-10 12:10:06,986 [INFO] Época 6/30, Batch 2850/3348, Loss: 0.1412
2025-10-10 12:10:07,256 [INFO] Época 6/30, Batch 2900/3348, Loss: 0.1506
2025-10-10 12:10:07,529 [INFO] Época 6/30, Batch 2950/3348, Loss: 0.3059
2025-10-10 12:10:07,801 [INFO] Época 6/30, Batch 3000/3348, Loss: 0.1278
2025-10-10 12:10:08,073 [INFO] Época 6/30, Batch 3050/3348, Loss: 0.1170
2025-10-10 12:10:08,344 [INFO] Época 6/30, Batch 3100/3348, Loss: 0.1162
2025-10-10 12:10:08,615 [INFO] Época 6/30, Batch 3150/3348, Loss: 0.2056
2025-10-10 12:10:08,890 [INFO] Época 6/30, Batch 3200/3348, Loss: 0.0896
2025-10-10 12:10:09,162 [INFO] Época 6/30, Batch 3250/3348, Loss: 0.1989
2025-10-10 12:10:09,433 [INFO] Época 6/30, Batch 3300/3348, Loss: 0.2027
2025-10-10 12:10:11,306 [INFO] [6/30] Train Loss: 0.1791 | Val Loss: 0.2374 | Tempo: 19.98s
2025-10-10 12:10:11,904 [INFO] Época 7/30, Batch 50/3348, Loss: 0.1871
2025-10-10 12:10:12,173 [INFO] Época 7/30, Batch 100/3348, Loss: 0.2225
2025-10-10 12:10:12,440 [INFO] Época 7/30, Batch 150/3348, Loss: 0.1631
2025-10-10 12:10:12,707 [INFO] Época 7/30, Batch 200/3348, Loss: 0.1748
2025-10-10 12:10:12,970 [INFO] Época 7/30, Batch 250/3348, Loss: 0.1970
2025-10-10 12:10:13,234 [INFO] Época 7/30, Batch 300/3348, Loss: 0.2832
2025-10-10 12:10:13,499 [INFO] Época 7/30, Batch 350/3348, Loss: 0.1447
2025-10-10 12:10:13,768 [INFO] Época 7/30, Batch 400/3348, Loss: 0.1196
2025-10-10 12:10:14,040 [INFO] Época 7/30, Batch 450/3348, Loss: 0.1200
2025-10-10 12:10:14,311 [INFO] Época 7/30, Batch 500/3348, Loss: 0.1432
2025-10-10 12:10:14,581 [INFO] Época 7/30, Batch 550/3348, Loss: 0.1638
2025-10-10 12:10:14,852 [INFO] Época 7/30, Batch 600/3348, Loss: 0.0978
2025-10-10 12:10:15,124 [INFO] Época 7/30, Batch 650/3348, Loss: 0.1141
2025-10-10 12:10:15,392 [INFO] Época 7/30, Batch 700/3348, Loss: 0.2022
2025-10-10 12:10:15,675 [INFO] Época 7/30, Batch 750/3348, Loss: 0.1796
2025-10-10 12:10:15,930 [INFO] Época 7/30, Batch 800/3348, Loss: 0.1204
2025-10-10 12:10:16,181 [INFO] Época 7/30, Batch 850/3348, Loss: 0.2268
2025-10-10 12:10:16,434 [INFO] Época 7/30, Batch 900/3348, Loss: 0.1117
2025-10-10 12:10:16,694 [INFO] Época 7/30, Batch 950/3348, Loss: 0.0999
2025-10-10 12:10:16,947 [INFO] Época 7/30, Batch 1000/3348, Loss: 0.2255
2025-10-10 12:10:17,199 [INFO] Época 7/30, Batch 1050/3348, Loss: 0.1852
2025-10-10 12:10:17,451 [INFO] Época 7/30, Batch 1100/3348, Loss: 0.1268
2025-10-10 12:10:17,704 [INFO] Época 7/30, Batch 1150/3348, Loss: 0.1542
2025-10-10 12:10:17,960 [INFO] Época 7/30, Batch 1200/3348, Loss: 0.1718
2025-10-10 12:10:18,222 [INFO] Época 7/30, Batch 1250/3348, Loss: 0.1586
2025-10-10 12:10:18,491 [INFO] Época 7/30, Batch 1300/3348, Loss: 0.2119
2025-10-10 12:10:18,760 [INFO] Época 7/30, Batch 1350/3348, Loss: 0.1086
2025-10-10 12:10:19,029 [INFO] Época 7/30, Batch 1400/3348, Loss: 0.1441
2025-10-10 12:10:19,299 [INFO] Época 7/30, Batch 1450/3348, Loss: 0.3126
2025-10-10 12:10:19,568 [INFO] Época 7/30, Batch 1500/3348, Loss: 0.1496
2025-10-10 12:10:19,836 [INFO] Época 7/30, Batch 1550/3348, Loss: 0.1993
2025-10-10 12:10:20,103 [INFO] Época 7/30, Batch 1600/3348, Loss: 0.1775
2025-10-10 12:10:20,369 [INFO] Época 7/30, Batch 1650/3348, Loss: 0.1759
2025-10-10 12:10:20,636 [INFO] Época 7/30, Batch 1700/3348, Loss: 0.1452
2025-10-10 12:10:20,906 [INFO] Época 7/30, Batch 1750/3348, Loss: 0.1275
2025-10-10 12:10:21,177 [INFO] Época 7/30, Batch 1800/3348, Loss: 0.2677
2025-10-10 12:10:21,448 [INFO] Época 7/30, Batch 1850/3348, Loss: 0.1462
2025-10-10 12:10:21,719 [INFO] Época 7/30, Batch 1900/3348, Loss: 0.1457
2025-10-10 12:10:21,990 [INFO] Época 7/30, Batch 1950/3348, Loss: 0.1551
2025-10-10 12:10:22,260 [INFO] Época 7/30, Batch 2000/3348, Loss: 0.1553
2025-10-10 12:10:22,530 [INFO] Época 7/30, Batch 2050/3348, Loss: 0.2226
2025-10-10 12:10:22,794 [INFO] Época 7/30, Batch 2100/3348, Loss: 0.1767
2025-10-10 12:10:23,056 [INFO] Época 7/30, Batch 2150/3348, Loss: 0.2104
2025-10-10 12:10:23,320 [INFO] Época 7/30, Batch 2200/3348, Loss: 0.1069
2025-10-10 12:10:23,590 [INFO] Época 7/30, Batch 2250/3348, Loss: 0.1536
2025-10-10 12:10:23,859 [INFO] Época 7/30, Batch 2300/3348, Loss: 0.2476
2025-10-10 12:10:24,129 [INFO] Época 7/30, Batch 2350/3348, Loss: 0.0635
2025-10-10 12:10:24,399 [INFO] Época 7/30, Batch 2400/3348, Loss: 0.1476
2025-10-10 12:10:24,669 [INFO] Época 7/30, Batch 2450/3348, Loss: 0.3121
2025-10-10 12:10:24,941 [INFO] Época 7/30, Batch 2500/3348, Loss: 0.2283
2025-10-10 12:10:25,210 [INFO] Época 7/30, Batch 2550/3348, Loss: 0.1223
2025-10-10 12:10:25,479 [INFO] Época 7/30, Batch 2600/3348, Loss: 0.1345
2025-10-10 12:10:25,749 [INFO] Época 7/30, Batch 2650/3348, Loss: 0.2031
2025-10-10 12:10:26,018 [INFO] Época 7/30, Batch 2700/3348, Loss: 0.1344
2025-10-10 12:10:26,288 [INFO] Época 7/30, Batch 2750/3348, Loss: 0.1838
2025-10-10 12:10:26,558 [INFO] Época 7/30, Batch 2800/3348, Loss: 0.1236
2025-10-10 12:10:26,829 [INFO] Época 7/30, Batch 2850/3348, Loss: 0.1605
2025-10-10 12:10:27,098 [INFO] Época 7/30, Batch 2900/3348, Loss: 0.1119
2025-10-10 12:10:27,370 [INFO] Época 7/30, Batch 2950/3348, Loss: 0.1295
2025-10-10 12:10:27,640 [INFO] Época 7/30, Batch 3000/3348, Loss: 0.2454
2025-10-10 12:10:27,904 [INFO] Época 7/30, Batch 3050/3348, Loss: 0.0876
2025-10-10 12:10:28,166 [INFO] Época 7/30, Batch 3100/3348, Loss: 0.1562
2025-10-10 12:10:28,428 [INFO] Época 7/30, Batch 3150/3348, Loss: 0.1683
2025-10-10 12:10:28,692 [INFO] Época 7/30, Batch 3200/3348, Loss: 0.1056
2025-10-10 12:10:28,964 [INFO] Época 7/30, Batch 3250/3348, Loss: 0.1573
2025-10-10 12:10:29,233 [INFO] Época 7/30, Batch 3300/3348, Loss: 0.1776
2025-10-10 12:10:31,095 [INFO] [7/30] Train Loss: 0.1684 | Val Loss: 0.2799 | Tempo: 19.79s
2025-10-10 12:10:31,671 [INFO] Época 8/30, Batch 50/3348, Loss: 0.1927
2025-10-10 12:10:31,952 [INFO] Época 8/30, Batch 100/3348, Loss: 0.2196
2025-10-10 12:10:32,229 [INFO] Época 8/30, Batch 150/3348, Loss: 0.1354
2025-10-10 12:10:32,504 [INFO] Época 8/30, Batch 200/3348, Loss: 0.1447
2025-10-10 12:10:32,776 [INFO] Época 8/30, Batch 250/3348, Loss: 0.2266
2025-10-10 12:10:33,050 [INFO] Época 8/30, Batch 300/3348, Loss: 0.2571
2025-10-10 12:10:33,323 [INFO] Época 8/30, Batch 350/3348, Loss: 0.1532
2025-10-10 12:10:33,595 [INFO] Época 8/30, Batch 400/3348, Loss: 0.2124
2025-10-10 12:10:33,862 [INFO] Época 8/30, Batch 450/3348, Loss: 0.1292
2025-10-10 12:10:34,128 [INFO] Época 8/30, Batch 500/3348, Loss: 0.1923
2025-10-10 12:10:34,391 [INFO] Época 8/30, Batch 550/3348, Loss: 0.0890
2025-10-10 12:10:34,657 [INFO] Época 8/30, Batch 600/3348, Loss: 0.1668
2025-10-10 12:10:34,921 [INFO] Época 8/30, Batch 650/3348, Loss: 0.0841
2025-10-10 12:10:35,187 [INFO] Época 8/30, Batch 700/3348, Loss: 0.1159
2025-10-10 12:10:35,451 [INFO] Época 8/30, Batch 750/3348, Loss: 0.1561
2025-10-10 12:10:35,713 [INFO] Época 8/30, Batch 800/3348, Loss: 0.1733
2025-10-10 12:10:35,977 [INFO] Época 8/30, Batch 850/3348, Loss: 0.2199
2025-10-10 12:10:36,241 [INFO] Época 8/30, Batch 900/3348, Loss: 0.1901
2025-10-10 12:10:36,504 [INFO] Época 8/30, Batch 950/3348, Loss: 0.1935
2025-10-10 12:10:36,772 [INFO] Época 8/30, Batch 1000/3348, Loss: 0.2371
2025-10-10 12:10:37,043 [INFO] Época 8/30, Batch 1050/3348, Loss: 0.1308
2025-10-10 12:10:37,313 [INFO] Época 8/30, Batch 1100/3348, Loss: 0.2309
2025-10-10 12:10:37,585 [INFO] Época 8/30, Batch 1150/3348, Loss: 0.1768
2025-10-10 12:10:37,857 [INFO] Época 8/30, Batch 1200/3348, Loss: 0.2056
2025-10-10 12:10:38,133 [INFO] Época 8/30, Batch 1250/3348, Loss: 0.1267
2025-10-10 12:10:38,410 [INFO] Época 8/30, Batch 1300/3348, Loss: 0.1290
2025-10-10 12:10:38,686 [INFO] Época 8/30, Batch 1350/3348, Loss: 0.1625
2025-10-10 12:10:38,959 [INFO] Época 8/30, Batch 1400/3348, Loss: 0.1018
2025-10-10 12:10:39,228 [INFO] Época 8/30, Batch 1450/3348, Loss: 0.1416
2025-10-10 12:10:39,503 [INFO] Época 8/30, Batch 1500/3348, Loss: 0.1109
2025-10-10 12:10:39,781 [INFO] Época 8/30, Batch 1550/3348, Loss: 0.1096
2025-10-10 12:10:40,056 [INFO] Época 8/30, Batch 1600/3348, Loss: 0.1117
2025-10-10 12:10:40,332 [INFO] Época 8/30, Batch 1650/3348, Loss: 0.2225
2025-10-10 12:10:40,610 [INFO] Época 8/30, Batch 1700/3348, Loss: 0.1538
2025-10-10 12:10:40,891 [INFO] Época 8/30, Batch 1750/3348, Loss: 0.1005
2025-10-10 12:10:41,169 [INFO] Época 8/30, Batch 1800/3348, Loss: 0.1376
2025-10-10 12:10:41,447 [INFO] Época 8/30, Batch 1850/3348, Loss: 0.0896
2025-10-10 12:10:41,726 [INFO] Época 8/30, Batch 1900/3348, Loss: 0.1531
2025-10-10 12:10:42,002 [INFO] Época 8/30, Batch 1950/3348, Loss: 0.2372
2025-10-10 12:10:42,278 [INFO] Época 8/30, Batch 2000/3348, Loss: 0.2308
2025-10-10 12:10:42,555 [INFO] Época 8/30, Batch 2050/3348, Loss: 0.1806
2025-10-10 12:10:42,831 [INFO] Época 8/30, Batch 2100/3348, Loss: 0.1077
2025-10-10 12:10:43,102 [INFO] Época 8/30, Batch 2150/3348, Loss: 0.2577
2025-10-10 12:10:43,375 [INFO] Época 8/30, Batch 2200/3348, Loss: 0.1143
2025-10-10 12:10:43,652 [INFO] Época 8/30, Batch 2250/3348, Loss: 0.1176
2025-10-10 12:10:43,924 [INFO] Época 8/30, Batch 2300/3348, Loss: 0.0852
2025-10-10 12:10:44,200 [INFO] Época 8/30, Batch 2350/3348, Loss: 0.1842
2025-10-10 12:10:44,471 [INFO] Época 8/30, Batch 2400/3348, Loss: 0.1928
2025-10-10 12:10:44,743 [INFO] Época 8/30, Batch 2450/3348, Loss: 0.1481
2025-10-10 12:10:45,016 [INFO] Época 8/30, Batch 2500/3348, Loss: 0.2449
2025-10-10 12:10:45,284 [INFO] Época 8/30, Batch 2550/3348, Loss: 0.3163
2025-10-10 12:10:45,550 [INFO] Época 8/30, Batch 2600/3348, Loss: 0.1362
2025-10-10 12:10:45,818 [INFO] Época 8/30, Batch 2650/3348, Loss: 0.1937
2025-10-10 12:10:46,085 [INFO] Época 8/30, Batch 2700/3348, Loss: 0.1417
2025-10-10 12:10:46,357 [INFO] Época 8/30, Batch 2750/3348, Loss: 0.1879
2025-10-10 12:10:46,624 [INFO] Época 8/30, Batch 2800/3348, Loss: 0.2177
2025-10-10 12:10:46,889 [INFO] Época 8/30, Batch 2850/3348, Loss: 0.1529
2025-10-10 12:10:47,155 [INFO] Época 8/30, Batch 2900/3348, Loss: 0.1144
2025-10-10 12:10:47,423 [INFO] Época 8/30, Batch 2950/3348, Loss: 0.1624
2025-10-10 12:10:47,693 [INFO] Época 8/30, Batch 3000/3348, Loss: 0.1191
2025-10-10 12:10:47,971 [INFO] Época 8/30, Batch 3050/3348, Loss: 0.2127
2025-10-10 12:10:48,246 [INFO] Época 8/30, Batch 3100/3348, Loss: 0.1529
2025-10-10 12:10:48,522 [INFO] Época 8/30, Batch 3150/3348, Loss: 0.1675
2025-10-10 12:10:48,792 [INFO] Época 8/30, Batch 3200/3348, Loss: 0.2759
2025-10-10 12:10:49,066 [INFO] Época 8/30, Batch 3250/3348, Loss: 0.0812
2025-10-10 12:10:49,340 [INFO] Época 8/30, Batch 3300/3348, Loss: 0.1470
2025-10-10 12:10:51,196 [INFO] [8/30] Train Loss: 0.1598 | Val Loss: 0.2903 | Tempo: 20.10s
2025-10-10 12:10:51,795 [INFO] Época 9/30, Batch 50/3348, Loss: 0.1370
2025-10-10 12:10:52,064 [INFO] Época 9/30, Batch 100/3348, Loss: 0.2246
2025-10-10 12:10:52,330 [INFO] Época 9/30, Batch 150/3348, Loss: 0.1412
2025-10-10 12:10:52,595 [INFO] Época 9/30, Batch 200/3348, Loss: 0.1391
2025-10-10 12:10:52,860 [INFO] Época 9/30, Batch 250/3348, Loss: 0.1306
2025-10-10 12:10:53,122 [INFO] Época 9/30, Batch 300/3348, Loss: 0.2491
2025-10-10 12:10:53,385 [INFO] Época 9/30, Batch 350/3348, Loss: 0.1838
2025-10-10 12:10:53,647 [INFO] Época 9/30, Batch 400/3348, Loss: 0.1065
2025-10-10 12:10:53,909 [INFO] Época 9/30, Batch 450/3348, Loss: 0.1433
2025-10-10 12:10:54,173 [INFO] Época 9/30, Batch 500/3348, Loss: 0.1132
2025-10-10 12:10:54,434 [INFO] Época 9/30, Batch 550/3348, Loss: 0.1603
2025-10-10 12:10:54,697 [INFO] Época 9/30, Batch 600/3348, Loss: 0.1187
2025-10-10 12:10:54,959 [INFO] Época 9/30, Batch 650/3348, Loss: 0.1430
2025-10-10 12:10:55,221 [INFO] Época 9/30, Batch 700/3348, Loss: 0.1027
2025-10-10 12:10:55,485 [INFO] Época 9/30, Batch 750/3348, Loss: 0.1445
2025-10-10 12:10:55,748 [INFO] Época 9/30, Batch 800/3348, Loss: 0.1526
2025-10-10 12:10:56,009 [INFO] Época 9/30, Batch 850/3348, Loss: 0.2136
2025-10-10 12:10:56,272 [INFO] Época 9/30, Batch 900/3348, Loss: 0.1232
2025-10-10 12:10:56,533 [INFO] Época 9/30, Batch 950/3348, Loss: 0.1867
2025-10-10 12:10:56,796 [INFO] Época 9/30, Batch 1000/3348, Loss: 0.1888
2025-10-10 12:10:57,059 [INFO] Época 9/30, Batch 1050/3348, Loss: 0.1438
2025-10-10 12:10:57,321 [INFO] Época 9/30, Batch 1100/3348, Loss: 0.1635
2025-10-10 12:10:57,583 [INFO] Época 9/30, Batch 1150/3348, Loss: 0.1809
2025-10-10 12:10:57,845 [INFO] Época 9/30, Batch 1200/3348, Loss: 0.0658
2025-10-10 12:10:58,108 [INFO] Época 9/30, Batch 1250/3348, Loss: 0.0452
2025-10-10 12:10:58,372 [INFO] Época 9/30, Batch 1300/3348, Loss: 0.2017
2025-10-10 12:10:58,636 [INFO] Época 9/30, Batch 1350/3348, Loss: 0.1740
2025-10-10 12:10:58,898 [INFO] Época 9/30, Batch 1400/3348, Loss: 0.1437
2025-10-10 12:10:59,162 [INFO] Época 9/30, Batch 1450/3348, Loss: 0.1754
2025-10-10 12:10:59,428 [INFO] Época 9/30, Batch 1500/3348, Loss: 0.0858
2025-10-10 12:10:59,695 [INFO] Época 9/30, Batch 1550/3348, Loss: 0.1451
2025-10-10 12:10:59,960 [INFO] Época 9/30, Batch 1600/3348, Loss: 0.0928
2025-10-10 12:11:00,228 [INFO] Época 9/30, Batch 1650/3348, Loss: 0.1164
2025-10-10 12:11:00,492 [INFO] Época 9/30, Batch 1700/3348, Loss: 0.1415
2025-10-10 12:11:00,756 [INFO] Época 9/30, Batch 1750/3348, Loss: 0.1274
2025-10-10 12:11:01,021 [INFO] Época 9/30, Batch 1800/3348, Loss: 0.2318
2025-10-10 12:11:01,285 [INFO] Época 9/30, Batch 1850/3348, Loss: 0.0953
2025-10-10 12:11:01,549 [INFO] Época 9/30, Batch 1900/3348, Loss: 0.1490
2025-10-10 12:11:01,814 [INFO] Época 9/30, Batch 1950/3348, Loss: 0.2176
2025-10-10 12:11:02,080 [INFO] Época 9/30, Batch 2000/3348, Loss: 0.2021
2025-10-10 12:11:02,348 [INFO] Época 9/30, Batch 2050/3348, Loss: 0.1833
2025-10-10 12:11:02,613 [INFO] Época 9/30, Batch 2100/3348, Loss: 0.2035
2025-10-10 12:11:02,880 [INFO] Época 9/30, Batch 2150/3348, Loss: 0.1209
2025-10-10 12:11:03,145 [INFO] Época 9/30, Batch 2200/3348, Loss: 0.1503
2025-10-10 12:11:03,410 [INFO] Época 9/30, Batch 2250/3348, Loss: 0.1550
2025-10-10 12:11:03,678 [INFO] Época 9/30, Batch 2300/3348, Loss: 0.2329
2025-10-10 12:11:03,941 [INFO] Época 9/30, Batch 2350/3348, Loss: 0.2070
2025-10-10 12:11:04,206 [INFO] Época 9/30, Batch 2400/3348, Loss: 0.1928
2025-10-10 12:11:04,472 [INFO] Época 9/30, Batch 2450/3348, Loss: 0.1188
2025-10-10 12:11:04,733 [INFO] Época 9/30, Batch 2500/3348, Loss: 0.1089
2025-10-10 12:11:04,997 [INFO] Época 9/30, Batch 2550/3348, Loss: 0.1690
2025-10-10 12:11:05,258 [INFO] Época 9/30, Batch 2600/3348, Loss: 0.1910
2025-10-10 12:11:05,520 [INFO] Época 9/30, Batch 2650/3348, Loss: 0.2069
2025-10-10 12:11:05,784 [INFO] Época 9/30, Batch 2700/3348, Loss: 0.1362
2025-10-10 12:11:06,047 [INFO] Época 9/30, Batch 2750/3348, Loss: 0.1549
2025-10-10 12:11:06,310 [INFO] Época 9/30, Batch 2800/3348, Loss: 0.2377
2025-10-10 12:11:06,572 [INFO] Época 9/30, Batch 2850/3348, Loss: 0.2287
2025-10-10 12:11:06,833 [INFO] Época 9/30, Batch 2900/3348, Loss: 0.2017
2025-10-10 12:11:07,097 [INFO] Época 9/30, Batch 2950/3348, Loss: 0.1188
2025-10-10 12:11:07,360 [INFO] Época 9/30, Batch 3000/3348, Loss: 0.2293
2025-10-10 12:11:07,622 [INFO] Época 9/30, Batch 3050/3348, Loss: 0.1519
2025-10-10 12:11:07,885 [INFO] Época 9/30, Batch 3100/3348, Loss: 0.0927
2025-10-10 12:11:08,148 [INFO] Época 9/30, Batch 3150/3348, Loss: 0.1171
2025-10-10 12:11:08,411 [INFO] Época 9/30, Batch 3200/3348, Loss: 0.1559
2025-10-10 12:11:08,680 [INFO] Época 9/30, Batch 3250/3348, Loss: 0.2206
2025-10-10 12:11:08,951 [INFO] Época 9/30, Batch 3300/3348, Loss: 0.1139
2025-10-10 12:11:10,739 [INFO] [9/30] Train Loss: 0.1517 | Val Loss: 0.2945 | Tempo: 19.54s
2025-10-10 12:11:11,334 [INFO] Época 10/30, Batch 50/3348, Loss: 0.1393
2025-10-10 12:11:11,605 [INFO] Época 10/30, Batch 100/3348, Loss: 0.1635
2025-10-10 12:11:11,872 [INFO] Época 10/30, Batch 150/3348, Loss: 0.1125
2025-10-10 12:11:12,140 [INFO] Época 10/30, Batch 200/3348, Loss: 0.1093
2025-10-10 12:11:12,405 [INFO] Época 10/30, Batch 250/3348, Loss: 0.0983
2025-10-10 12:11:12,671 [INFO] Época 10/30, Batch 300/3348, Loss: 0.1580
2025-10-10 12:11:12,935 [INFO] Época 10/30, Batch 350/3348, Loss: 0.1660
2025-10-10 12:11:13,200 [INFO] Época 10/30, Batch 400/3348, Loss: 0.1049
2025-10-10 12:11:13,465 [INFO] Época 10/30, Batch 450/3348, Loss: 0.1776
2025-10-10 12:11:13,729 [INFO] Época 10/30, Batch 500/3348, Loss: 0.1993
2025-10-10 12:11:13,994 [INFO] Época 10/30, Batch 550/3348, Loss: 0.0865
2025-10-10 12:11:14,257 [INFO] Época 10/30, Batch 600/3348, Loss: 0.1747
2025-10-10 12:11:14,524 [INFO] Época 10/30, Batch 650/3348, Loss: 0.1098
2025-10-10 12:11:14,787 [INFO] Época 10/30, Batch 700/3348, Loss: 0.1831
2025-10-10 12:11:15,049 [INFO] Época 10/30, Batch 750/3348, Loss: 0.2210
2025-10-10 12:11:15,305 [INFO] Época 10/30, Batch 800/3348, Loss: 0.1560
2025-10-10 12:11:15,559 [INFO] Época 10/30, Batch 850/3348, Loss: 0.1286
2025-10-10 12:11:15,813 [INFO] Época 10/30, Batch 900/3348, Loss: 0.1639
2025-10-10 12:11:16,066 [INFO] Época 10/30, Batch 950/3348, Loss: 0.1103
2025-10-10 12:11:16,319 [INFO] Época 10/30, Batch 1000/3348, Loss: 0.1214
2025-10-10 12:11:16,572 [INFO] Época 10/30, Batch 1050/3348, Loss: 0.1230
2025-10-10 12:11:16,826 [INFO] Época 10/30, Batch 1100/3348, Loss: 0.0498
2025-10-10 12:11:17,078 [INFO] Época 10/30, Batch 1150/3348, Loss: 0.1390
2025-10-10 12:11:17,330 [INFO] Época 10/30, Batch 1200/3348, Loss: 0.1775
2025-10-10 12:11:17,583 [INFO] Época 10/30, Batch 1250/3348, Loss: 0.2484
2025-10-10 12:11:17,839 [INFO] Época 10/30, Batch 1300/3348, Loss: 0.3170
2025-10-10 12:11:18,094 [INFO] Época 10/30, Batch 1350/3348, Loss: 0.1057
2025-10-10 12:11:18,356 [INFO] Época 10/30, Batch 1400/3348, Loss: 0.1732
2025-10-10 12:11:18,621 [INFO] Época 10/30, Batch 1450/3348, Loss: 0.1340
2025-10-10 12:11:18,896 [INFO] Época 10/30, Batch 1500/3348, Loss: 0.2130
2025-10-10 12:11:19,162 [INFO] Época 10/30, Batch 1550/3348, Loss: 0.0956
2025-10-10 12:11:19,429 [INFO] Época 10/30, Batch 1600/3348, Loss: 0.0860
2025-10-10 12:11:19,692 [INFO] Época 10/30, Batch 1650/3348, Loss: 0.1541
2025-10-10 12:11:19,952 [INFO] Época 10/30, Batch 1700/3348, Loss: 0.0801
2025-10-10 12:11:20,214 [INFO] Época 10/30, Batch 1750/3348, Loss: 0.2217
2025-10-10 12:11:20,476 [INFO] Época 10/30, Batch 1800/3348, Loss: 0.1153
2025-10-10 12:11:20,738 [INFO] Época 10/30, Batch 1850/3348, Loss: 0.1301
2025-10-10 12:11:21,001 [INFO] Época 10/30, Batch 1900/3348, Loss: 0.0848
2025-10-10 12:11:21,262 [INFO] Época 10/30, Batch 1950/3348, Loss: 0.0636
2025-10-10 12:11:21,525 [INFO] Época 10/30, Batch 2000/3348, Loss: 0.1481
2025-10-10 12:11:21,787 [INFO] Época 10/30, Batch 2050/3348, Loss: 0.1459
2025-10-10 12:11:22,049 [INFO] Época 10/30, Batch 2100/3348, Loss: 0.2886
2025-10-10 12:11:22,311 [INFO] Época 10/30, Batch 2150/3348, Loss: 0.1092
2025-10-10 12:11:22,572 [INFO] Época 10/30, Batch 2200/3348, Loss: 0.2064
2025-10-10 12:11:22,834 [INFO] Época 10/30, Batch 2250/3348, Loss: 0.1744
2025-10-10 12:11:23,100 [INFO] Época 10/30, Batch 2300/3348, Loss: 0.1059
2025-10-10 12:11:23,365 [INFO] Época 10/30, Batch 2350/3348, Loss: 0.1250
2025-10-10 12:11:23,631 [INFO] Época 10/30, Batch 2400/3348, Loss: 0.1241
2025-10-10 12:11:23,902 [INFO] Época 10/30, Batch 2450/3348, Loss: 0.2112
2025-10-10 12:11:24,168 [INFO] Época 10/30, Batch 2500/3348, Loss: 0.1571
2025-10-10 12:11:24,433 [INFO] Época 10/30, Batch 2550/3348, Loss: 0.1696
2025-10-10 12:11:24,698 [INFO] Época 10/30, Batch 2600/3348, Loss: 0.1203
2025-10-10 12:11:24,961 [INFO] Época 10/30, Batch 2650/3348, Loss: 0.1724
2025-10-10 12:11:25,229 [INFO] Época 10/30, Batch 2700/3348, Loss: 0.1052
2025-10-10 12:11:25,493 [INFO] Época 10/30, Batch 2750/3348, Loss: 0.0957
2025-10-10 12:11:25,757 [INFO] Época 10/30, Batch 2800/3348, Loss: 0.1034
2025-10-10 12:11:26,022 [INFO] Época 10/30, Batch 2850/3348, Loss: 0.1193
2025-10-10 12:11:26,286 [INFO] Época 10/30, Batch 2900/3348, Loss: 0.1215
2025-10-10 12:11:26,550 [INFO] Época 10/30, Batch 2950/3348, Loss: 0.1701
2025-10-10 12:11:26,814 [INFO] Época 10/30, Batch 3000/3348, Loss: 0.1674
2025-10-10 12:11:27,076 [INFO] Época 10/30, Batch 3050/3348, Loss: 0.1092
2025-10-10 12:11:27,343 [INFO] Época 10/30, Batch 3100/3348, Loss: 0.1494
2025-10-10 12:11:27,606 [INFO] Época 10/30, Batch 3150/3348, Loss: 0.1928
2025-10-10 12:11:27,871 [INFO] Época 10/30, Batch 3200/3348, Loss: 0.2903
2025-10-10 12:11:28,134 [INFO] Época 10/30, Batch 3250/3348, Loss: 0.1301
2025-10-10 12:11:28,397 [INFO] Época 10/30, Batch 3300/3348, Loss: 0.2500
2025-10-10 12:11:30,227 [INFO] [10/30] Train Loss: 0.1454 | Val Loss: 0.2751 | Tempo: 19.49s
2025-10-10 12:11:30,801 [INFO] Época 11/30, Batch 50/3348, Loss: 0.1922
2025-10-10 12:11:31,070 [INFO] Época 11/30, Batch 100/3348, Loss: 0.0762
2025-10-10 12:11:31,338 [INFO] Época 11/30, Batch 150/3348, Loss: 0.2158
2025-10-10 12:11:31,602 [INFO] Época 11/30, Batch 200/3348, Loss: 0.1063
2025-10-10 12:11:31,866 [INFO] Época 11/30, Batch 250/3348, Loss: 0.1782
2025-10-10 12:11:32,132 [INFO] Época 11/30, Batch 300/3348, Loss: 0.1426
2025-10-10 12:11:32,395 [INFO] Época 11/30, Batch 350/3348, Loss: 0.0741
2025-10-10 12:11:32,659 [INFO] Época 11/30, Batch 400/3348, Loss: 0.1535
2025-10-10 12:11:32,922 [INFO] Época 11/30, Batch 450/3348, Loss: 0.0536
2025-10-10 12:11:33,186 [INFO] Época 11/30, Batch 500/3348, Loss: 0.1681
2025-10-10 12:11:33,449 [INFO] Época 11/30, Batch 550/3348, Loss: 0.2176
2025-10-10 12:11:33,717 [INFO] Época 11/30, Batch 600/3348, Loss: 0.1895
2025-10-10 12:11:33,981 [INFO] Época 11/30, Batch 650/3348, Loss: 0.1079
2025-10-10 12:11:34,243 [INFO] Época 11/30, Batch 700/3348, Loss: 0.0996
2025-10-10 12:11:34,504 [INFO] Época 11/30, Batch 750/3348, Loss: 0.0827
2025-10-10 12:11:34,767 [INFO] Época 11/30, Batch 800/3348, Loss: 0.0818
2025-10-10 12:11:35,031 [INFO] Época 11/30, Batch 850/3348, Loss: 0.1057
2025-10-10 12:11:35,294 [INFO] Época 11/30, Batch 900/3348, Loss: 0.1276
2025-10-10 12:11:35,556 [INFO] Época 11/30, Batch 950/3348, Loss: 0.1535
2025-10-10 12:11:35,820 [INFO] Época 11/30, Batch 1000/3348, Loss: 0.1893
2025-10-10 12:11:36,082 [INFO] Época 11/30, Batch 1050/3348, Loss: 0.1964
2025-10-10 12:11:36,345 [INFO] Época 11/30, Batch 1100/3348, Loss: 0.1954
2025-10-10 12:11:36,598 [INFO] Época 11/30, Batch 1150/3348, Loss: 0.1766
2025-10-10 12:11:36,849 [INFO] Época 11/30, Batch 1200/3348, Loss: 0.1286
2025-10-10 12:11:37,100 [INFO] Época 11/30, Batch 1250/3348, Loss: 0.1145
2025-10-10 12:11:37,361 [INFO] Época 11/30, Batch 1300/3348, Loss: 0.2624
2025-10-10 12:11:37,627 [INFO] Época 11/30, Batch 1350/3348, Loss: 0.1096
2025-10-10 12:11:37,891 [INFO] Época 11/30, Batch 1400/3348, Loss: 0.1467
2025-10-10 12:11:38,156 [INFO] Época 11/30, Batch 1450/3348, Loss: 0.1918
2025-10-10 12:11:38,420 [INFO] Época 11/30, Batch 1500/3348, Loss: 0.1368
2025-10-10 12:11:38,684 [INFO] Época 11/30, Batch 1550/3348, Loss: 0.1504
2025-10-10 12:11:38,948 [INFO] Época 11/30, Batch 1600/3348, Loss: 0.0860
2025-10-10 12:11:39,214 [INFO] Época 11/30, Batch 1650/3348, Loss: 0.1612
2025-10-10 12:11:39,475 [INFO] Época 11/30, Batch 1700/3348, Loss: 0.0693
2025-10-10 12:11:39,742 [INFO] Época 11/30, Batch 1750/3348, Loss: 0.1652
2025-10-10 12:11:40,006 [INFO] Época 11/30, Batch 1800/3348, Loss: 0.1265
2025-10-10 12:11:40,272 [INFO] Época 11/30, Batch 1850/3348, Loss: 0.0461
2025-10-10 12:11:40,534 [INFO] Época 11/30, Batch 1900/3348, Loss: 0.0684
2025-10-10 12:11:40,799 [INFO] Época 11/30, Batch 1950/3348, Loss: 0.0988
2025-10-10 12:11:41,064 [INFO] Época 11/30, Batch 2000/3348, Loss: 0.1565
2025-10-10 12:11:41,327 [INFO] Época 11/30, Batch 2050/3348, Loss: 0.2053
2025-10-10 12:11:41,592 [INFO] Época 11/30, Batch 2100/3348, Loss: 0.1573
2025-10-10 12:11:41,860 [INFO] Época 11/30, Batch 2150/3348, Loss: 0.1441
2025-10-10 12:11:42,122 [INFO] Época 11/30, Batch 2200/3348, Loss: 0.2065
2025-10-10 12:11:42,387 [INFO] Época 11/30, Batch 2250/3348, Loss: 0.0909
2025-10-10 12:11:42,647 [INFO] Época 11/30, Batch 2300/3348, Loss: 0.1229
2025-10-10 12:11:42,912 [INFO] Época 11/30, Batch 2350/3348, Loss: 0.1762
2025-10-10 12:11:43,175 [INFO] Época 11/30, Batch 2400/3348, Loss: 0.1797
2025-10-10 12:11:43,439 [INFO] Época 11/30, Batch 2450/3348, Loss: 0.1705
2025-10-10 12:11:43,702 [INFO] Época 11/30, Batch 2500/3348, Loss: 0.1335
2025-10-10 12:11:43,966 [INFO] Época 11/30, Batch 2550/3348, Loss: 0.1434
2025-10-10 12:11:44,229 [INFO] Época 11/30, Batch 2600/3348, Loss: 0.1801
2025-10-10 12:11:44,493 [INFO] Época 11/30, Batch 2650/3348, Loss: 0.1634
2025-10-10 12:11:44,759 [INFO] Época 11/30, Batch 2700/3348, Loss: 0.1565
2025-10-10 12:11:45,021 [INFO] Época 11/30, Batch 2750/3348, Loss: 0.2304
2025-10-10 12:11:45,284 [INFO] Época 11/30, Batch 2800/3348, Loss: 0.2262
2025-10-10 12:11:45,546 [INFO] Época 11/30, Batch 2850/3348, Loss: 0.0880
2025-10-10 12:11:45,809 [INFO] Época 11/30, Batch 2900/3348, Loss: 0.0961
2025-10-10 12:11:46,071 [INFO] Época 11/30, Batch 2950/3348, Loss: 0.1320
2025-10-10 12:11:46,334 [INFO] Época 11/30, Batch 3000/3348, Loss: 0.1763
2025-10-10 12:11:46,597 [INFO] Época 11/30, Batch 3050/3348, Loss: 0.1963
2025-10-10 12:11:46,869 [INFO] Época 11/30, Batch 3100/3348, Loss: 0.0970
2025-10-10 12:11:47,138 [INFO] Época 11/30, Batch 3150/3348, Loss: 0.0803
2025-10-10 12:11:47,398 [INFO] Época 11/30, Batch 3200/3348, Loss: 0.2283
2025-10-10 12:11:47,660 [INFO] Época 11/30, Batch 3250/3348, Loss: 0.0798
2025-10-10 12:11:47,922 [INFO] Época 11/30, Batch 3300/3348, Loss: 0.1238
2025-10-10 12:11:49,721 [INFO] [11/30] Train Loss: 0.1397 | Val Loss: 0.2827 | Tempo: 19.49s
2025-10-10 12:11:50,318 [INFO] Época 12/30, Batch 50/3348, Loss: 0.0693
2025-10-10 12:11:50,586 [INFO] Época 12/30, Batch 100/3348, Loss: 0.1060
2025-10-10 12:11:50,853 [INFO] Época 12/30, Batch 150/3348, Loss: 0.1216
2025-10-10 12:11:51,118 [INFO] Época 12/30, Batch 200/3348, Loss: 0.0971
2025-10-10 12:11:51,383 [INFO] Época 12/30, Batch 250/3348, Loss: 0.1382
2025-10-10 12:11:51,648 [INFO] Época 12/30, Batch 300/3348, Loss: 0.1035
2025-10-10 12:11:51,912 [INFO] Época 12/30, Batch 350/3348, Loss: 0.1024
2025-10-10 12:11:52,175 [INFO] Época 12/30, Batch 400/3348, Loss: 0.1612
2025-10-10 12:11:52,439 [INFO] Época 12/30, Batch 450/3348, Loss: 0.2157
2025-10-10 12:11:52,701 [INFO] Época 12/30, Batch 500/3348, Loss: 0.1855
2025-10-10 12:11:52,964 [INFO] Época 12/30, Batch 550/3348, Loss: 0.0744
2025-10-10 12:11:53,232 [INFO] Época 12/30, Batch 600/3348, Loss: 0.1188
2025-10-10 12:11:53,502 [INFO] Época 12/30, Batch 650/3348, Loss: 0.1156
2025-10-10 12:11:53,766 [INFO] Época 12/30, Batch 700/3348, Loss: 0.2154
2025-10-10 12:11:54,029 [INFO] Época 12/30, Batch 750/3348, Loss: 0.1631
2025-10-10 12:11:54,289 [INFO] Época 12/30, Batch 800/3348, Loss: 0.1193
2025-10-10 12:11:54,549 [INFO] Época 12/30, Batch 850/3348, Loss: 0.1674
2025-10-10 12:11:54,809 [INFO] Época 12/30, Batch 900/3348, Loss: 0.1196
2025-10-10 12:11:55,069 [INFO] Época 12/30, Batch 950/3348, Loss: 0.1667
2025-10-10 12:11:55,328 [INFO] Época 12/30, Batch 1000/3348, Loss: 0.1612
2025-10-10 12:11:55,587 [INFO] Época 12/30, Batch 1050/3348, Loss: 0.0910
2025-10-10 12:11:55,840 [INFO] Época 12/30, Batch 1100/3348, Loss: 0.0908
2025-10-10 12:11:56,093 [INFO] Época 12/30, Batch 1150/3348, Loss: 0.1157
2025-10-10 12:11:56,355 [INFO] Época 12/30, Batch 1200/3348, Loss: 0.0854
2025-10-10 12:11:56,618 [INFO] Época 12/30, Batch 1250/3348, Loss: 0.1694
2025-10-10 12:11:56,882 [INFO] Época 12/30, Batch 1300/3348, Loss: 0.1830
2025-10-10 12:11:57,144 [INFO] Época 12/30, Batch 1350/3348, Loss: 0.1293
2025-10-10 12:11:57,408 [INFO] Época 12/30, Batch 1400/3348, Loss: 0.1339
2025-10-10 12:11:57,670 [INFO] Época 12/30, Batch 1450/3348, Loss: 0.1597
2025-10-10 12:11:57,932 [INFO] Época 12/30, Batch 1500/3348, Loss: 0.2288
2025-10-10 12:11:58,195 [INFO] Época 12/30, Batch 1550/3348, Loss: 0.0839
2025-10-10 12:11:58,458 [INFO] Época 12/30, Batch 1600/3348, Loss: 0.1665
2025-10-10 12:11:58,725 [INFO] Época 12/30, Batch 1650/3348, Loss: 0.1172
2025-10-10 12:11:58,987 [INFO] Época 12/30, Batch 1700/3348, Loss: 0.0566
2025-10-10 12:11:59,251 [INFO] Época 12/30, Batch 1750/3348, Loss: 0.2133
2025-10-10 12:11:59,515 [INFO] Época 12/30, Batch 1800/3348, Loss: 0.1693
2025-10-10 12:11:59,779 [INFO] Época 12/30, Batch 1850/3348, Loss: 0.1080
2025-10-10 12:12:00,045 [INFO] Época 12/30, Batch 1900/3348, Loss: 0.1180
2025-10-10 12:12:00,309 [INFO] Época 12/30, Batch 1950/3348, Loss: 0.1828
2025-10-10 12:12:00,574 [INFO] Época 12/30, Batch 2000/3348, Loss: 0.1339
2025-10-10 12:12:00,837 [INFO] Época 12/30, Batch 2050/3348, Loss: 0.0775
2025-10-10 12:12:01,099 [INFO] Época 12/30, Batch 2100/3348, Loss: 0.1716
2025-10-10 12:12:01,363 [INFO] Época 12/30, Batch 2150/3348, Loss: 0.2738
2025-10-10 12:12:01,626 [INFO] Época 12/30, Batch 2200/3348, Loss: 0.0684
2025-10-10 12:12:01,888 [INFO] Época 12/30, Batch 2250/3348, Loss: 0.1018
2025-10-10 12:12:02,150 [INFO] Época 12/30, Batch 2300/3348, Loss: 0.2306
2025-10-10 12:12:02,413 [INFO] Época 12/30, Batch 2350/3348, Loss: 0.1336
2025-10-10 12:12:02,677 [INFO] Época 12/30, Batch 2400/3348, Loss: 0.1059
2025-10-10 12:12:02,938 [INFO] Época 12/30, Batch 2450/3348, Loss: 0.1861
2025-10-10 12:12:03,201 [INFO] Época 12/30, Batch 2500/3348, Loss: 0.2330
2025-10-10 12:12:03,465 [INFO] Época 12/30, Batch 2550/3348, Loss: 0.2048
2025-10-10 12:12:03,727 [INFO] Época 12/30, Batch 2600/3348, Loss: 0.1401
2025-10-10 12:12:03,992 [INFO] Época 12/30, Batch 2650/3348, Loss: 0.1390
2025-10-10 12:12:04,255 [INFO] Época 12/30, Batch 2700/3348, Loss: 0.1026
2025-10-10 12:12:04,518 [INFO] Época 12/30, Batch 2750/3348, Loss: 0.0963
2025-10-10 12:12:04,780 [INFO] Época 12/30, Batch 2800/3348, Loss: 0.0868
2025-10-10 12:12:05,044 [INFO] Época 12/30, Batch 2850/3348, Loss: 0.1979
2025-10-10 12:12:05,309 [INFO] Época 12/30, Batch 2900/3348, Loss: 0.1528
2025-10-10 12:12:05,572 [INFO] Época 12/30, Batch 2950/3348, Loss: 0.2113
2025-10-10 12:12:05,834 [INFO] Época 12/30, Batch 3000/3348, Loss: 0.1175
2025-10-10 12:12:06,096 [INFO] Época 12/30, Batch 3050/3348, Loss: 0.1274
2025-10-10 12:12:06,359 [INFO] Época 12/30, Batch 3100/3348, Loss: 0.2420
2025-10-10 12:12:06,622 [INFO] Época 12/30, Batch 3150/3348, Loss: 0.1183
2025-10-10 12:12:06,885 [INFO] Época 12/30, Batch 3200/3348, Loss: 0.2018
2025-10-10 12:12:07,145 [INFO] Época 12/30, Batch 3250/3348, Loss: 0.1443
2025-10-10 12:12:07,406 [INFO] Época 12/30, Batch 3300/3348, Loss: 0.1423
2025-10-10 12:12:09,297 [INFO] [12/30] Train Loss: 0.1351 | Val Loss: 0.2687 | Tempo: 19.57s
2025-10-10 12:12:09,895 [INFO] Época 13/30, Batch 50/3348, Loss: 0.1952
2025-10-10 12:12:10,162 [INFO] Época 13/30, Batch 100/3348, Loss: 0.1460
2025-10-10 12:12:10,426 [INFO] Época 13/30, Batch 150/3348, Loss: 0.1725
2025-10-10 12:12:10,690 [INFO] Época 13/30, Batch 200/3348, Loss: 0.2154
2025-10-10 12:12:10,956 [INFO] Época 13/30, Batch 250/3348, Loss: 0.1778
2025-10-10 12:12:11,220 [INFO] Época 13/30, Batch 300/3348, Loss: 0.0917
2025-10-10 12:12:11,484 [INFO] Época 13/30, Batch 350/3348, Loss: 0.1283
2025-10-10 12:12:11,750 [INFO] Época 13/30, Batch 400/3348, Loss: 0.1600
2025-10-10 12:12:12,014 [INFO] Época 13/30, Batch 450/3348, Loss: 0.1814
2025-10-10 12:12:12,279 [INFO] Época 13/30, Batch 500/3348, Loss: 0.1290
2025-10-10 12:12:12,544 [INFO] Época 13/30, Batch 550/3348, Loss: 0.1325
2025-10-10 12:12:12,806 [INFO] Época 13/30, Batch 600/3348, Loss: 0.0959
2025-10-10 12:12:13,070 [INFO] Época 13/30, Batch 650/3348, Loss: 0.0693
2025-10-10 12:12:13,333 [INFO] Época 13/30, Batch 700/3348, Loss: 0.2257
2025-10-10 12:12:13,596 [INFO] Época 13/30, Batch 750/3348, Loss: 0.2133
2025-10-10 12:12:13,858 [INFO] Época 13/30, Batch 800/3348, Loss: 0.0933
2025-10-10 12:12:14,122 [INFO] Época 13/30, Batch 850/3348, Loss: 0.1429
2025-10-10 12:12:14,387 [INFO] Época 13/30, Batch 900/3348, Loss: 0.0765
2025-10-10 12:12:14,650 [INFO] Época 13/30, Batch 950/3348, Loss: 0.1793
2025-10-10 12:12:14,910 [INFO] Época 13/30, Batch 1000/3348, Loss: 0.1331
2025-10-10 12:12:15,174 [INFO] Época 13/30, Batch 1050/3348, Loss: 0.2575
2025-10-10 12:12:15,437 [INFO] Época 13/30, Batch 1100/3348, Loss: 0.1807
2025-10-10 12:12:15,699 [INFO] Época 13/30, Batch 1150/3348, Loss: 0.2099
2025-10-10 12:12:15,957 [INFO] Época 13/30, Batch 1200/3348, Loss: 0.0836
2025-10-10 12:12:16,218 [INFO] Época 13/30, Batch 1250/3348, Loss: 0.1361
2025-10-10 12:12:16,480 [INFO] Época 13/30, Batch 1300/3348, Loss: 0.1599
2025-10-10 12:12:16,741 [INFO] Época 13/30, Batch 1350/3348, Loss: 0.1389
2025-10-10 12:12:17,005 [INFO] Época 13/30, Batch 1400/3348, Loss: 0.0413
2025-10-10 12:12:17,269 [INFO] Época 13/30, Batch 1450/3348, Loss: 0.0955
2025-10-10 12:12:17,532 [INFO] Época 13/30, Batch 1500/3348, Loss: 0.1283
2025-10-10 12:12:17,794 [INFO] Época 13/30, Batch 1550/3348, Loss: 0.1610
2025-10-10 12:12:18,056 [INFO] Época 13/30, Batch 1600/3348, Loss: 0.1594
2025-10-10 12:12:18,319 [INFO] Época 13/30, Batch 1650/3348, Loss: 0.0913
2025-10-10 12:12:18,581 [INFO] Época 13/30, Batch 1700/3348, Loss: 0.1017
2025-10-10 12:12:18,844 [INFO] Época 13/30, Batch 1750/3348, Loss: 0.1274
2025-10-10 12:12:19,109 [INFO] Época 13/30, Batch 1800/3348, Loss: 0.1346
2025-10-10 12:12:19,372 [INFO] Época 13/30, Batch 1850/3348, Loss: 0.2007
2025-10-10 12:12:19,635 [INFO] Época 13/30, Batch 1900/3348, Loss: 0.1492
2025-10-10 12:12:19,901 [INFO] Época 13/30, Batch 1950/3348, Loss: 0.1622
2025-10-10 12:12:20,165 [INFO] Época 13/30, Batch 2000/3348, Loss: 0.0915
2025-10-10 12:12:20,427 [INFO] Época 13/30, Batch 2050/3348, Loss: 0.1535
2025-10-10 12:12:20,690 [INFO] Época 13/30, Batch 2100/3348, Loss: 0.0756
2025-10-10 12:12:20,956 [INFO] Época 13/30, Batch 2150/3348, Loss: 0.2945
2025-10-10 12:12:21,222 [INFO] Época 13/30, Batch 2200/3348, Loss: 0.1929
2025-10-10 12:12:21,484 [INFO] Época 13/30, Batch 2250/3348, Loss: 0.0749
2025-10-10 12:12:21,746 [INFO] Época 13/30, Batch 2300/3348, Loss: 0.1667
2025-10-10 12:12:22,008 [INFO] Época 13/30, Batch 2350/3348, Loss: 0.1973
2025-10-10 12:12:22,271 [INFO] Época 13/30, Batch 2400/3348, Loss: 0.1851
2025-10-10 12:12:22,537 [INFO] Época 13/30, Batch 2450/3348, Loss: 0.2118
2025-10-10 12:12:22,799 [INFO] Época 13/30, Batch 2500/3348, Loss: 0.0661
2025-10-10 12:12:23,060 [INFO] Época 13/30, Batch 2550/3348, Loss: 0.2125
2025-10-10 12:12:23,323 [INFO] Época 13/30, Batch 2600/3348, Loss: 0.0710
2025-10-10 12:12:23,587 [INFO] Época 13/30, Batch 2650/3348, Loss: 0.1306
2025-10-10 12:12:23,851 [INFO] Época 13/30, Batch 2700/3348, Loss: 0.1385
2025-10-10 12:12:24,114 [INFO] Época 13/30, Batch 2750/3348, Loss: 0.0806
2025-10-10 12:12:24,375 [INFO] Época 13/30, Batch 2800/3348, Loss: 0.1512
2025-10-10 12:12:24,640 [INFO] Época 13/30, Batch 2850/3348, Loss: 0.0938
2025-10-10 12:12:24,904 [INFO] Época 13/30, Batch 2900/3348, Loss: 0.1378
2025-10-10 12:12:25,170 [INFO] Época 13/30, Batch 2950/3348, Loss: 0.1650
2025-10-10 12:12:25,435 [INFO] Época 13/30, Batch 3000/3348, Loss: 0.1131
2025-10-10 12:12:25,699 [INFO] Época 13/30, Batch 3050/3348, Loss: 0.1273
2025-10-10 12:12:25,965 [INFO] Época 13/30, Batch 3100/3348, Loss: 0.1530
2025-10-10 12:12:26,230 [INFO] Época 13/30, Batch 3150/3348, Loss: 0.1816
2025-10-10 12:12:26,496 [INFO] Época 13/30, Batch 3200/3348, Loss: 0.1476
2025-10-10 12:12:26,760 [INFO] Época 13/30, Batch 3250/3348, Loss: 0.1458
2025-10-10 12:12:27,025 [INFO] Época 13/30, Batch 3300/3348, Loss: 0.0605
2025-10-10 12:12:28,945 [INFO] [13/30] Train Loss: 0.1308 | Val Loss: 0.2970 | Tempo: 19.65s
2025-10-10 12:12:28,946 [INFO] Early stopping ativado após 10 épocas sem melhoria
2025-10-10 12:12:28,946 [INFO] Treinamento concluído em 255.62 segundos (4.26 minutos)
2025-10-10 12:12:28,946 [INFO] Iniciando avaliação no conjunto de teste...
2025-10-10 12:12:30,414 [INFO] Avaliação do teste concluída em 1.47 segundos
2025-10-10 12:12:30,414 [INFO] MSE no teste: 1.1288
2025-10-10 12:12:30,414 [INFO] RMSE no teste: 1.0625
2025-10-10 12:12:30,414 [INFO] MAE no teste: 0.9259
2025-10-10 12:12:30,415 [INFO] Métricas salvas em /mnt/hdd/home/jdurao/ToolBox-ChemXAI/logs/mlp_att13_Avalon_metrics.json
