2025-10-09 22:32:05,740 [INFO] Iniciando treinamento do modelo mlp_att4_Avalon
2025-10-09 22:32:05,740 [INFO] Configuração: att_index=4, epochs=30, layers=[128, 64, 32], lr=0.001, batch_size=32, descriptor_type=Avalon
2025-10-09 22:32:05,740 [INFO] Diretório para modelos: /mnt/hdd/home/jdurao/ToolBox-ChemXAI/models
2025-10-09 22:32:05,740 [INFO] Carregando dados...
2025-10-09 22:32:05,824 [INFO] Preparando dataloaders sem ruído...
2025-10-09 22:32:20,156 [INFO] Dados carregados em 14.42 segundos
2025-10-09 22:32:20,156 [INFO] Tamanhos dos conjuntos - Treino: 107108, Validação: 13388, Teste: 13389
2025-10-09 22:32:20,156 [INFO] Usando dispositivo: cuda
2025-10-09 22:32:20,576 [INFO] Dimensão de entrada: 512, Dimensão de saída: 1
2025-10-09 22:32:20,577 [INFO] Criando modelo MLP com camadas: [128, 64, 32]
2025-10-09 22:32:20,580 [INFO] Modelo criado com 76033 parâmetros
2025-10-09 22:32:20,582 [INFO] Iniciando treinamento com 30 épocas...
2025-10-09 22:32:21,152 [INFO] Época 1/30, Batch 50/3348, Loss: 0.4813
2025-10-09 22:32:21,421 [INFO] Época 1/30, Batch 100/3348, Loss: 0.3477
2025-10-09 22:32:21,687 [INFO] Época 1/30, Batch 150/3348, Loss: 0.5511
2025-10-09 22:32:21,952 [INFO] Época 1/30, Batch 200/3348, Loss: 0.3804
2025-10-09 22:32:22,219 [INFO] Época 1/30, Batch 250/3348, Loss: 0.4479
2025-10-09 22:32:22,507 [INFO] Época 1/30, Batch 300/3348, Loss: 0.5154
2025-10-09 22:32:22,776 [INFO] Época 1/30, Batch 350/3348, Loss: 0.5197
2025-10-09 22:32:23,040 [INFO] Época 1/30, Batch 400/3348, Loss: 0.3853
2025-10-09 22:32:23,313 [INFO] Época 1/30, Batch 450/3348, Loss: 0.2853
2025-10-09 22:32:23,574 [INFO] Época 1/30, Batch 500/3348, Loss: 0.4872
2025-10-09 22:32:23,837 [INFO] Época 1/30, Batch 550/3348, Loss: 0.3884
2025-10-09 22:32:24,098 [INFO] Época 1/30, Batch 600/3348, Loss: 0.4075
2025-10-09 22:32:24,360 [INFO] Época 1/30, Batch 650/3348, Loss: 0.4098
2025-10-09 22:32:24,623 [INFO] Época 1/30, Batch 700/3348, Loss: 0.4469
2025-10-09 22:32:24,886 [INFO] Época 1/30, Batch 750/3348, Loss: 0.4210
2025-10-09 22:32:25,149 [INFO] Época 1/30, Batch 800/3348, Loss: 0.2921
2025-10-09 22:32:25,411 [INFO] Época 1/30, Batch 850/3348, Loss: 0.3112
2025-10-09 22:32:25,672 [INFO] Época 1/30, Batch 900/3348, Loss: 0.3891
2025-10-09 22:32:25,937 [INFO] Época 1/30, Batch 950/3348, Loss: 0.2844
2025-10-09 22:32:26,200 [INFO] Época 1/30, Batch 1000/3348, Loss: 0.3921
2025-10-09 22:32:26,463 [INFO] Época 1/30, Batch 1050/3348, Loss: 0.5545
2025-10-09 22:32:26,736 [INFO] Época 1/30, Batch 1100/3348, Loss: 0.4751
2025-10-09 22:32:27,014 [INFO] Época 1/30, Batch 1150/3348, Loss: 0.4938
2025-10-09 22:32:27,291 [INFO] Época 1/30, Batch 1200/3348, Loss: 0.3145
2025-10-09 22:32:27,559 [INFO] Época 1/30, Batch 1250/3348, Loss: 0.3684
2025-10-09 22:32:27,822 [INFO] Época 1/30, Batch 1300/3348, Loss: 0.3686
2025-10-09 22:32:28,085 [INFO] Época 1/30, Batch 1350/3348, Loss: 0.3350
2025-10-09 22:32:28,347 [INFO] Época 1/30, Batch 1400/3348, Loss: 0.3471
2025-10-09 22:32:28,609 [INFO] Época 1/30, Batch 1450/3348, Loss: 0.6493
2025-10-09 22:32:28,873 [INFO] Época 1/30, Batch 1500/3348, Loss: 0.3942
2025-10-09 22:32:29,135 [INFO] Época 1/30, Batch 1550/3348, Loss: 0.3506
2025-10-09 22:32:29,398 [INFO] Época 1/30, Batch 1600/3348, Loss: 0.4811
2025-10-09 22:32:29,659 [INFO] Época 1/30, Batch 1650/3348, Loss: 0.6155
2025-10-09 22:32:29,921 [INFO] Época 1/30, Batch 1700/3348, Loss: 0.4175
2025-10-09 22:32:30,184 [INFO] Época 1/30, Batch 1750/3348, Loss: 0.4252
2025-10-09 22:32:30,449 [INFO] Época 1/30, Batch 1800/3348, Loss: 0.5928
2025-10-09 22:32:30,714 [INFO] Época 1/30, Batch 1850/3348, Loss: 0.4051
2025-10-09 22:32:30,978 [INFO] Época 1/30, Batch 1900/3348, Loss: 0.4864
2025-10-09 22:32:31,243 [INFO] Época 1/30, Batch 1950/3348, Loss: 0.4888
2025-10-09 22:32:31,506 [INFO] Época 1/30, Batch 2000/3348, Loss: 0.3537
2025-10-09 22:32:31,768 [INFO] Época 1/30, Batch 2050/3348, Loss: 0.4237
2025-10-09 22:32:32,033 [INFO] Época 1/30, Batch 2100/3348, Loss: 0.3794
2025-10-09 22:32:32,298 [INFO] Época 1/30, Batch 2150/3348, Loss: 0.4208
2025-10-09 22:32:32,562 [INFO] Época 1/30, Batch 2200/3348, Loss: 0.4154
2025-10-09 22:32:32,826 [INFO] Época 1/30, Batch 2250/3348, Loss: 0.4526
2025-10-09 22:32:33,090 [INFO] Época 1/30, Batch 2300/3348, Loss: 0.4195
2025-10-09 22:32:33,356 [INFO] Época 1/30, Batch 2350/3348, Loss: 0.4928
2025-10-09 22:32:33,621 [INFO] Época 1/30, Batch 2400/3348, Loss: 0.3365
2025-10-09 22:32:33,886 [INFO] Época 1/30, Batch 2450/3348, Loss: 0.3201
2025-10-09 22:32:34,152 [INFO] Época 1/30, Batch 2500/3348, Loss: 0.4173
2025-10-09 22:32:34,416 [INFO] Época 1/30, Batch 2550/3348, Loss: 0.3995
2025-10-09 22:32:34,683 [INFO] Época 1/30, Batch 2600/3348, Loss: 0.3498
2025-10-09 22:32:34,948 [INFO] Época 1/30, Batch 2650/3348, Loss: 0.3788
2025-10-09 22:32:35,213 [INFO] Época 1/30, Batch 2700/3348, Loss: 0.3504
2025-10-09 22:32:35,477 [INFO] Época 1/30, Batch 2750/3348, Loss: 0.3284
2025-10-09 22:32:35,740 [INFO] Época 1/30, Batch 2800/3348, Loss: 0.3938
2025-10-09 22:32:36,004 [INFO] Época 1/30, Batch 2850/3348, Loss: 0.4607
2025-10-09 22:32:36,267 [INFO] Época 1/30, Batch 2900/3348, Loss: 0.3366
2025-10-09 22:32:36,531 [INFO] Época 1/30, Batch 2950/3348, Loss: 0.3716
2025-10-09 22:32:36,794 [INFO] Época 1/30, Batch 3000/3348, Loss: 0.4641
2025-10-09 22:32:37,059 [INFO] Época 1/30, Batch 3050/3348, Loss: 0.3777
2025-10-09 22:32:37,322 [INFO] Época 1/30, Batch 3100/3348, Loss: 0.3327
2025-10-09 22:32:37,587 [INFO] Época 1/30, Batch 3150/3348, Loss: 0.4179
2025-10-09 22:32:37,851 [INFO] Época 1/30, Batch 3200/3348, Loss: 0.2095
2025-10-09 22:32:38,117 [INFO] Época 1/30, Batch 3250/3348, Loss: 0.4272
2025-10-09 22:32:38,382 [INFO] Época 1/30, Batch 3300/3348, Loss: 0.3847
2025-10-09 22:32:40,372 [INFO] [1/30] Train Loss: 0.3964 | Val Loss: 0.3319 | Tempo: 19.79s
2025-10-09 22:32:40,377 [INFO] Melhor modelo salvo em: /mnt/hdd/home/jdurao/ToolBox-ChemXAI/models/mlp_qm9_Avalon_att4_large.pth
2025-10-09 22:32:40,998 [INFO] Época 2/30, Batch 50/3348, Loss: 0.1627
2025-10-09 22:32:41,275 [INFO] Época 2/30, Batch 100/3348, Loss: 0.4920
2025-10-09 22:32:41,549 [INFO] Época 2/30, Batch 150/3348, Loss: 0.4591
2025-10-09 22:32:41,822 [INFO] Época 2/30, Batch 200/3348, Loss: 0.3080
2025-10-09 22:32:42,095 [INFO] Época 2/30, Batch 250/3348, Loss: 0.3166
2025-10-09 22:32:42,363 [INFO] Época 2/30, Batch 300/3348, Loss: 0.2723
2025-10-09 22:32:42,633 [INFO] Época 2/30, Batch 350/3348, Loss: 0.2936
2025-10-09 22:32:42,897 [INFO] Época 2/30, Batch 400/3348, Loss: 0.4257
2025-10-09 22:32:43,160 [INFO] Época 2/30, Batch 450/3348, Loss: 0.2738
2025-10-09 22:32:43,423 [INFO] Época 2/30, Batch 500/3348, Loss: 0.3931
2025-10-09 22:32:43,688 [INFO] Época 2/30, Batch 550/3348, Loss: 0.3126
2025-10-09 22:32:43,951 [INFO] Época 2/30, Batch 600/3348, Loss: 0.4018
2025-10-09 22:32:44,218 [INFO] Época 2/30, Batch 650/3348, Loss: 0.3034
2025-10-09 22:32:44,481 [INFO] Época 2/30, Batch 700/3348, Loss: 0.3966
2025-10-09 22:32:44,733 [INFO] Época 2/30, Batch 750/3348, Loss: 0.3941
2025-10-09 22:32:44,985 [INFO] Época 2/30, Batch 800/3348, Loss: 0.3105
2025-10-09 22:32:45,242 [INFO] Época 2/30, Batch 850/3348, Loss: 0.3528
2025-10-09 22:32:45,505 [INFO] Época 2/30, Batch 900/3348, Loss: 0.2429
2025-10-09 22:32:45,768 [INFO] Época 2/30, Batch 950/3348, Loss: 0.2357
2025-10-09 22:32:46,031 [INFO] Época 2/30, Batch 1000/3348, Loss: 0.3399
2025-10-09 22:32:46,295 [INFO] Época 2/30, Batch 1050/3348, Loss: 0.3263
2025-10-09 22:32:46,552 [INFO] Época 2/30, Batch 1100/3348, Loss: 0.2609
2025-10-09 22:32:46,810 [INFO] Época 2/30, Batch 1150/3348, Loss: 0.2656
2025-10-09 22:32:47,065 [INFO] Época 2/30, Batch 1200/3348, Loss: 0.3002
2025-10-09 22:32:47,325 [INFO] Época 2/30, Batch 1250/3348, Loss: 0.3066
2025-10-09 22:32:47,589 [INFO] Época 2/30, Batch 1300/3348, Loss: 0.3426
2025-10-09 22:32:47,852 [INFO] Época 2/30, Batch 1350/3348, Loss: 0.4012
2025-10-09 22:32:48,116 [INFO] Época 2/30, Batch 1400/3348, Loss: 0.2831
2025-10-09 22:32:48,378 [INFO] Época 2/30, Batch 1450/3348, Loss: 0.3927
2025-10-09 22:32:48,647 [INFO] Época 2/30, Batch 1500/3348, Loss: 0.3632
2025-10-09 22:32:48,919 [INFO] Época 2/30, Batch 1550/3348, Loss: 0.2602
2025-10-09 22:32:49,189 [INFO] Época 2/30, Batch 1600/3348, Loss: 0.2721
2025-10-09 22:32:49,460 [INFO] Época 2/30, Batch 1650/3348, Loss: 0.4206
2025-10-09 22:32:49,737 [INFO] Época 2/30, Batch 1700/3348, Loss: 0.3260
2025-10-09 22:32:50,004 [INFO] Época 2/30, Batch 1750/3348, Loss: 0.2855
2025-10-09 22:32:50,265 [INFO] Época 2/30, Batch 1800/3348, Loss: 0.1493
2025-10-09 22:32:50,533 [INFO] Época 2/30, Batch 1850/3348, Loss: 0.3030
2025-10-09 22:32:50,808 [INFO] Época 2/30, Batch 1900/3348, Loss: 0.3773
2025-10-09 22:32:51,080 [INFO] Época 2/30, Batch 1950/3348, Loss: 0.3622
2025-10-09 22:32:51,348 [INFO] Época 2/30, Batch 2000/3348, Loss: 0.2530
2025-10-09 22:32:51,610 [INFO] Época 2/30, Batch 2050/3348, Loss: 0.2761
2025-10-09 22:32:51,878 [INFO] Época 2/30, Batch 2100/3348, Loss: 0.3454
2025-10-09 22:32:52,150 [INFO] Época 2/30, Batch 2150/3348, Loss: 0.3346
2025-10-09 22:32:52,422 [INFO] Época 2/30, Batch 2200/3348, Loss: 0.2365
2025-10-09 22:32:52,693 [INFO] Época 2/30, Batch 2250/3348, Loss: 0.3122
2025-10-09 22:32:52,964 [INFO] Época 2/30, Batch 2300/3348, Loss: 0.2868
2025-10-09 22:32:53,236 [INFO] Época 2/30, Batch 2350/3348, Loss: 0.4126
2025-10-09 22:32:53,507 [INFO] Época 2/30, Batch 2400/3348, Loss: 0.3983
2025-10-09 22:32:53,780 [INFO] Época 2/30, Batch 2450/3348, Loss: 0.3752
2025-10-09 22:32:54,048 [INFO] Época 2/30, Batch 2500/3348, Loss: 0.3298
2025-10-09 22:32:54,313 [INFO] Época 2/30, Batch 2550/3348, Loss: 0.3970
2025-10-09 22:32:54,583 [INFO] Época 2/30, Batch 2600/3348, Loss: 0.3055
2025-10-09 22:32:54,850 [INFO] Época 2/30, Batch 2650/3348, Loss: 0.2832
2025-10-09 22:32:55,113 [INFO] Época 2/30, Batch 2700/3348, Loss: 0.2111
2025-10-09 22:32:55,375 [INFO] Época 2/30, Batch 2750/3348, Loss: 0.2354
2025-10-09 22:32:55,639 [INFO] Época 2/30, Batch 2800/3348, Loss: 0.2139
2025-10-09 22:32:55,912 [INFO] Época 2/30, Batch 2850/3348, Loss: 0.4214
2025-10-09 22:32:56,182 [INFO] Época 2/30, Batch 2900/3348, Loss: 0.3044
2025-10-09 22:32:56,448 [INFO] Época 2/30, Batch 2950/3348, Loss: 0.3294
2025-10-09 22:32:56,718 [INFO] Época 2/30, Batch 3000/3348, Loss: 0.3104
2025-10-09 22:32:56,992 [INFO] Época 2/30, Batch 3050/3348, Loss: 0.2689
2025-10-09 22:32:57,267 [INFO] Época 2/30, Batch 3100/3348, Loss: 0.3363
2025-10-09 22:32:57,542 [INFO] Época 2/30, Batch 3150/3348, Loss: 0.2922
2025-10-09 22:32:57,814 [INFO] Época 2/30, Batch 3200/3348, Loss: 0.3258
2025-10-09 22:32:58,083 [INFO] Época 2/30, Batch 3250/3348, Loss: 0.2921
2025-10-09 22:32:58,350 [INFO] Época 2/30, Batch 3300/3348, Loss: 0.3840
2025-10-09 22:33:00,263 [INFO] [2/30] Train Loss: 0.3226 | Val Loss: 0.3954 | Tempo: 19.89s
2025-10-09 22:33:00,881 [INFO] Época 3/30, Batch 50/3348, Loss: 0.1951
2025-10-09 22:33:01,152 [INFO] Época 3/30, Batch 100/3348, Loss: 0.2730
2025-10-09 22:33:01,420 [INFO] Época 3/30, Batch 150/3348, Loss: 0.3112
2025-10-09 22:33:01,685 [INFO] Época 3/30, Batch 200/3348, Loss: 0.3414
2025-10-09 22:33:01,949 [INFO] Época 3/30, Batch 250/3348, Loss: 0.1822
2025-10-09 22:33:02,216 [INFO] Época 3/30, Batch 300/3348, Loss: 0.3088
2025-10-09 22:33:02,481 [INFO] Época 3/30, Batch 350/3348, Loss: 0.2730
2025-10-09 22:33:02,746 [INFO] Época 3/30, Batch 400/3348, Loss: 0.3957
2025-10-09 22:33:03,008 [INFO] Época 3/30, Batch 450/3348, Loss: 0.3092
2025-10-09 22:33:03,271 [INFO] Época 3/30, Batch 500/3348, Loss: 0.2305
2025-10-09 22:33:03,534 [INFO] Época 3/30, Batch 550/3348, Loss: 0.3627
2025-10-09 22:33:03,796 [INFO] Época 3/30, Batch 600/3348, Loss: 0.3441
2025-10-09 22:33:04,059 [INFO] Época 3/30, Batch 650/3348, Loss: 0.4099
2025-10-09 22:33:04,321 [INFO] Época 3/30, Batch 700/3348, Loss: 0.2131
2025-10-09 22:33:04,584 [INFO] Época 3/30, Batch 750/3348, Loss: 0.2560
2025-10-09 22:33:04,847 [INFO] Época 3/30, Batch 800/3348, Loss: 0.2327
2025-10-09 22:33:05,109 [INFO] Época 3/30, Batch 850/3348, Loss: 0.3689
2025-10-09 22:33:05,372 [INFO] Época 3/30, Batch 900/3348, Loss: 0.2825
2025-10-09 22:33:05,634 [INFO] Época 3/30, Batch 950/3348, Loss: 0.3515
2025-10-09 22:33:05,898 [INFO] Época 3/30, Batch 1000/3348, Loss: 0.3959
2025-10-09 22:33:06,159 [INFO] Época 3/30, Batch 1050/3348, Loss: 0.3195
2025-10-09 22:33:06,423 [INFO] Época 3/30, Batch 1100/3348, Loss: 0.3835
2025-10-09 22:33:06,696 [INFO] Época 3/30, Batch 1150/3348, Loss: 0.3565
2025-10-09 22:33:06,958 [INFO] Época 3/30, Batch 1200/3348, Loss: 0.2919
2025-10-09 22:33:07,221 [INFO] Época 3/30, Batch 1250/3348, Loss: 0.2098
2025-10-09 22:33:07,489 [INFO] Época 3/30, Batch 1300/3348, Loss: 0.2127
2025-10-09 22:33:07,754 [INFO] Época 3/30, Batch 1350/3348, Loss: 0.3188
2025-10-09 22:33:08,022 [INFO] Época 3/30, Batch 1400/3348, Loss: 0.2798
2025-10-09 22:33:08,286 [INFO] Época 3/30, Batch 1450/3348, Loss: 0.2187
2025-10-09 22:33:08,557 [INFO] Época 3/30, Batch 1500/3348, Loss: 0.2379
2025-10-09 22:33:08,828 [INFO] Época 3/30, Batch 1550/3348, Loss: 0.2593
2025-10-09 22:33:09,099 [INFO] Época 3/30, Batch 1600/3348, Loss: 0.3173
2025-10-09 22:33:09,371 [INFO] Época 3/30, Batch 1650/3348, Loss: 0.3140
2025-10-09 22:33:09,641 [INFO] Época 3/30, Batch 1700/3348, Loss: 0.2798
2025-10-09 22:33:09,908 [INFO] Época 3/30, Batch 1750/3348, Loss: 0.2841
2025-10-09 22:33:10,168 [INFO] Época 3/30, Batch 1800/3348, Loss: 0.1893
2025-10-09 22:33:10,430 [INFO] Época 3/30, Batch 1850/3348, Loss: 0.1912
2025-10-09 22:33:10,697 [INFO] Época 3/30, Batch 1900/3348, Loss: 0.2548
2025-10-09 22:33:10,960 [INFO] Época 3/30, Batch 1950/3348, Loss: 0.2775
2025-10-09 22:33:11,220 [INFO] Época 3/30, Batch 2000/3348, Loss: 0.1667
2025-10-09 22:33:11,482 [INFO] Época 3/30, Batch 2050/3348, Loss: 0.2453
2025-10-09 22:33:11,745 [INFO] Época 3/30, Batch 2100/3348, Loss: 0.3748
2025-10-09 22:33:12,008 [INFO] Época 3/30, Batch 2150/3348, Loss: 0.3802
2025-10-09 22:33:12,272 [INFO] Época 3/30, Batch 2200/3348, Loss: 0.2632
2025-10-09 22:33:12,536 [INFO] Época 3/30, Batch 2250/3348, Loss: 0.2139
2025-10-09 22:33:12,800 [INFO] Época 3/30, Batch 2300/3348, Loss: 0.2935
2025-10-09 22:33:13,063 [INFO] Época 3/30, Batch 2350/3348, Loss: 0.3330
2025-10-09 22:33:13,326 [INFO] Época 3/30, Batch 2400/3348, Loss: 0.2160
2025-10-09 22:33:13,590 [INFO] Época 3/30, Batch 2450/3348, Loss: 0.2481
2025-10-09 22:33:13,853 [INFO] Época 3/30, Batch 2500/3348, Loss: 0.3239
2025-10-09 22:33:14,117 [INFO] Época 3/30, Batch 2550/3348, Loss: 0.3390
2025-10-09 22:33:14,380 [INFO] Época 3/30, Batch 2600/3348, Loss: 0.3520
2025-10-09 22:33:14,643 [INFO] Época 3/30, Batch 2650/3348, Loss: 0.2120
2025-10-09 22:33:14,908 [INFO] Época 3/30, Batch 2700/3348, Loss: 0.1992
2025-10-09 22:33:15,171 [INFO] Época 3/30, Batch 2750/3348, Loss: 0.4636
2025-10-09 22:33:15,433 [INFO] Época 3/30, Batch 2800/3348, Loss: 0.2184
2025-10-09 22:33:15,696 [INFO] Época 3/30, Batch 2850/3348, Loss: 0.2788
2025-10-09 22:33:15,960 [INFO] Época 3/30, Batch 2900/3348, Loss: 0.2950
2025-10-09 22:33:16,224 [INFO] Época 3/30, Batch 2950/3348, Loss: 0.2916
2025-10-09 22:33:16,489 [INFO] Época 3/30, Batch 3000/3348, Loss: 0.2739
2025-10-09 22:33:16,751 [INFO] Época 3/30, Batch 3050/3348, Loss: 0.2270
2025-10-09 22:33:17,015 [INFO] Época 3/30, Batch 3100/3348, Loss: 0.3718
2025-10-09 22:33:17,279 [INFO] Época 3/30, Batch 3150/3348, Loss: 0.2952
2025-10-09 22:33:17,545 [INFO] Época 3/30, Batch 3200/3348, Loss: 0.3116
2025-10-09 22:33:17,808 [INFO] Época 3/30, Batch 3250/3348, Loss: 0.3218
2025-10-09 22:33:18,073 [INFO] Época 3/30, Batch 3300/3348, Loss: 0.3173
2025-10-09 22:33:20,016 [INFO] [3/30] Train Loss: 0.2873 | Val Loss: 0.3937 | Tempo: 19.75s
2025-10-09 22:33:20,634 [INFO] Época 4/30, Batch 50/3348, Loss: 0.3050
2025-10-09 22:33:20,904 [INFO] Época 4/30, Batch 100/3348, Loss: 0.2752
2025-10-09 22:33:21,172 [INFO] Época 4/30, Batch 150/3348, Loss: 0.2994
2025-10-09 22:33:21,437 [INFO] Época 4/30, Batch 200/3348, Loss: 0.3263
2025-10-09 22:33:21,702 [INFO] Época 4/30, Batch 250/3348, Loss: 0.2093
2025-10-09 22:33:21,965 [INFO] Época 4/30, Batch 300/3348, Loss: 0.1885
2025-10-09 22:33:22,229 [INFO] Época 4/30, Batch 350/3348, Loss: 0.3309
2025-10-09 22:33:22,494 [INFO] Época 4/30, Batch 400/3348, Loss: 0.3751
2025-10-09 22:33:22,758 [INFO] Época 4/30, Batch 450/3348, Loss: 0.4190
2025-10-09 22:33:23,019 [INFO] Época 4/30, Batch 500/3348, Loss: 0.1855
2025-10-09 22:33:23,281 [INFO] Época 4/30, Batch 550/3348, Loss: 0.3605
2025-10-09 22:33:23,543 [INFO] Época 4/30, Batch 600/3348, Loss: 0.2388
2025-10-09 22:33:23,806 [INFO] Época 4/30, Batch 650/3348, Loss: 0.2873
2025-10-09 22:33:24,068 [INFO] Época 4/30, Batch 700/3348, Loss: 0.2489
2025-10-09 22:33:24,331 [INFO] Época 4/30, Batch 750/3348, Loss: 0.2298
2025-10-09 22:33:24,593 [INFO] Época 4/30, Batch 800/3348, Loss: 0.2141
2025-10-09 22:33:24,854 [INFO] Época 4/30, Batch 850/3348, Loss: 0.1747
2025-10-09 22:33:25,115 [INFO] Época 4/30, Batch 900/3348, Loss: 0.2694
2025-10-09 22:33:25,378 [INFO] Época 4/30, Batch 950/3348, Loss: 0.3169
2025-10-09 22:33:25,641 [INFO] Época 4/30, Batch 1000/3348, Loss: 0.2115
2025-10-09 22:33:25,903 [INFO] Época 4/30, Batch 1050/3348, Loss: 0.2122
2025-10-09 22:33:26,165 [INFO] Época 4/30, Batch 1100/3348, Loss: 0.3473
2025-10-09 22:33:26,427 [INFO] Época 4/30, Batch 1150/3348, Loss: 0.2599
2025-10-09 22:33:26,690 [INFO] Época 4/30, Batch 1200/3348, Loss: 0.2346
2025-10-09 22:33:26,954 [INFO] Época 4/30, Batch 1250/3348, Loss: 0.1867
2025-10-09 22:33:27,226 [INFO] Época 4/30, Batch 1300/3348, Loss: 0.3153
2025-10-09 22:33:27,499 [INFO] Época 4/30, Batch 1350/3348, Loss: 0.3143
2025-10-09 22:33:27,770 [INFO] Época 4/30, Batch 1400/3348, Loss: 0.2763
2025-10-09 22:33:28,044 [INFO] Época 4/30, Batch 1450/3348, Loss: 0.4929
2025-10-09 22:33:28,314 [INFO] Época 4/30, Batch 1500/3348, Loss: 0.2963
2025-10-09 22:33:28,589 [INFO] Época 4/30, Batch 1550/3348, Loss: 0.2932
2025-10-09 22:33:28,860 [INFO] Época 4/30, Batch 1600/3348, Loss: 0.2148
2025-10-09 22:33:29,133 [INFO] Época 4/30, Batch 1650/3348, Loss: 0.2295
2025-10-09 22:33:29,406 [INFO] Época 4/30, Batch 1700/3348, Loss: 0.2521
2025-10-09 22:33:29,678 [INFO] Época 4/30, Batch 1750/3348, Loss: 0.2730
2025-10-09 22:33:29,950 [INFO] Época 4/30, Batch 1800/3348, Loss: 0.2156
2025-10-09 22:33:30,224 [INFO] Época 4/30, Batch 1850/3348, Loss: 0.2367
2025-10-09 22:33:30,496 [INFO] Época 4/30, Batch 1900/3348, Loss: 0.1922
2025-10-09 22:33:30,770 [INFO] Época 4/30, Batch 1950/3348, Loss: 0.2485
2025-10-09 22:33:31,042 [INFO] Época 4/30, Batch 2000/3348, Loss: 0.3310
2025-10-09 22:33:31,314 [INFO] Época 4/30, Batch 2050/3348, Loss: 0.1667
2025-10-09 22:33:31,587 [INFO] Época 4/30, Batch 2100/3348, Loss: 0.3582
2025-10-09 22:33:31,860 [INFO] Época 4/30, Batch 2150/3348, Loss: 0.1708
2025-10-09 22:33:32,131 [INFO] Época 4/30, Batch 2200/3348, Loss: 0.2387
2025-10-09 22:33:32,405 [INFO] Época 4/30, Batch 2250/3348, Loss: 0.2700
2025-10-09 22:33:32,678 [INFO] Época 4/30, Batch 2300/3348, Loss: 0.1780
2025-10-09 22:33:32,943 [INFO] Época 4/30, Batch 2350/3348, Loss: 0.2615
2025-10-09 22:33:33,215 [INFO] Época 4/30, Batch 2400/3348, Loss: 0.2312
2025-10-09 22:33:33,489 [INFO] Época 4/30, Batch 2450/3348, Loss: 0.2889
2025-10-09 22:33:33,752 [INFO] Época 4/30, Batch 2500/3348, Loss: 0.3348
2025-10-09 22:33:34,017 [INFO] Época 4/30, Batch 2550/3348, Loss: 0.2509
2025-10-09 22:33:34,281 [INFO] Época 4/30, Batch 2600/3348, Loss: 0.3063
2025-10-09 22:33:34,546 [INFO] Época 4/30, Batch 2650/3348, Loss: 0.2470
2025-10-09 22:33:34,819 [INFO] Época 4/30, Batch 2700/3348, Loss: 0.2347
2025-10-09 22:33:35,091 [INFO] Época 4/30, Batch 2750/3348, Loss: 0.2563
2025-10-09 22:33:35,358 [INFO] Época 4/30, Batch 2800/3348, Loss: 0.2249
2025-10-09 22:33:35,633 [INFO] Época 4/30, Batch 2850/3348, Loss: 0.1647
2025-10-09 22:33:35,895 [INFO] Época 4/30, Batch 2900/3348, Loss: 0.2840
2025-10-09 22:33:36,159 [INFO] Época 4/30, Batch 2950/3348, Loss: 0.2573
2025-10-09 22:33:36,423 [INFO] Época 4/30, Batch 3000/3348, Loss: 0.2974
2025-10-09 22:33:36,687 [INFO] Época 4/30, Batch 3050/3348, Loss: 0.2523
2025-10-09 22:33:36,949 [INFO] Época 4/30, Batch 3100/3348, Loss: 0.1820
2025-10-09 22:33:37,223 [INFO] Época 4/30, Batch 3150/3348, Loss: 0.2656
2025-10-09 22:33:37,485 [INFO] Época 4/30, Batch 3200/3348, Loss: 0.4155
2025-10-09 22:33:37,751 [INFO] Época 4/30, Batch 3250/3348, Loss: 0.3208
2025-10-09 22:33:38,012 [INFO] Época 4/30, Batch 3300/3348, Loss: 0.2142
2025-10-09 22:33:39,972 [INFO] [4/30] Train Loss: 0.2647 | Val Loss: 0.3879 | Tempo: 19.96s
2025-10-09 22:33:40,586 [INFO] Época 5/30, Batch 50/3348, Loss: 0.1764
2025-10-09 22:33:40,854 [INFO] Época 5/30, Batch 100/3348, Loss: 0.2532
2025-10-09 22:33:41,121 [INFO] Época 5/30, Batch 150/3348, Loss: 0.1932
2025-10-09 22:33:41,386 [INFO] Época 5/30, Batch 200/3348, Loss: 0.3286
2025-10-09 22:33:41,649 [INFO] Época 5/30, Batch 250/3348, Loss: 0.2009
2025-10-09 22:33:41,911 [INFO] Época 5/30, Batch 300/3348, Loss: 0.2697
2025-10-09 22:33:42,172 [INFO] Época 5/30, Batch 350/3348, Loss: 0.2128
2025-10-09 22:33:42,434 [INFO] Época 5/30, Batch 400/3348, Loss: 0.2622
2025-10-09 22:33:42,707 [INFO] Época 5/30, Batch 450/3348, Loss: 0.2953
2025-10-09 22:33:42,970 [INFO] Época 5/30, Batch 500/3348, Loss: 0.2476
2025-10-09 22:33:43,232 [INFO] Época 5/30, Batch 550/3348, Loss: 0.2549
2025-10-09 22:33:43,492 [INFO] Época 5/30, Batch 600/3348, Loss: 0.2750
2025-10-09 22:33:43,763 [INFO] Época 5/30, Batch 650/3348, Loss: 0.1993
2025-10-09 22:33:44,034 [INFO] Época 5/30, Batch 700/3348, Loss: 0.2940
2025-10-09 22:33:44,304 [INFO] Época 5/30, Batch 750/3348, Loss: 0.2843
2025-10-09 22:33:44,572 [INFO] Época 5/30, Batch 800/3348, Loss: 0.2156
2025-10-09 22:33:44,839 [INFO] Época 5/30, Batch 850/3348, Loss: 0.2050
2025-10-09 22:33:45,099 [INFO] Época 5/30, Batch 900/3348, Loss: 0.1544
2025-10-09 22:33:45,362 [INFO] Época 5/30, Batch 950/3348, Loss: 0.1678
2025-10-09 22:33:45,624 [INFO] Época 5/30, Batch 1000/3348, Loss: 0.2313
2025-10-09 22:33:45,893 [INFO] Época 5/30, Batch 1050/3348, Loss: 0.1797
2025-10-09 22:33:46,162 [INFO] Época 5/30, Batch 1100/3348, Loss: 0.2205
2025-10-09 22:33:46,432 [INFO] Época 5/30, Batch 1150/3348, Loss: 0.2873
2025-10-09 22:33:46,704 [INFO] Época 5/30, Batch 1200/3348, Loss: 0.3372
2025-10-09 22:33:46,965 [INFO] Época 5/30, Batch 1250/3348, Loss: 0.3233
2025-10-09 22:33:47,235 [INFO] Época 5/30, Batch 1300/3348, Loss: 0.2384
2025-10-09 22:33:47,496 [INFO] Época 5/30, Batch 1350/3348, Loss: 0.2628
2025-10-09 22:33:47,761 [INFO] Época 5/30, Batch 1400/3348, Loss: 0.3189
2025-10-09 22:33:48,023 [INFO] Época 5/30, Batch 1450/3348, Loss: 0.3467
2025-10-09 22:33:48,286 [INFO] Época 5/30, Batch 1500/3348, Loss: 0.2340
2025-10-09 22:33:48,549 [INFO] Época 5/30, Batch 1550/3348, Loss: 0.2375
2025-10-09 22:33:48,811 [INFO] Época 5/30, Batch 1600/3348, Loss: 0.3680
2025-10-09 22:33:49,074 [INFO] Época 5/30, Batch 1650/3348, Loss: 0.3506
2025-10-09 22:33:49,338 [INFO] Época 5/30, Batch 1700/3348, Loss: 0.2556
2025-10-09 22:33:49,601 [INFO] Época 5/30, Batch 1750/3348, Loss: 0.2450
2025-10-09 22:33:49,863 [INFO] Época 5/30, Batch 1800/3348, Loss: 0.1929
2025-10-09 22:33:50,123 [INFO] Época 5/30, Batch 1850/3348, Loss: 0.2297
2025-10-09 22:33:50,386 [INFO] Época 5/30, Batch 1900/3348, Loss: 0.3256
2025-10-09 22:33:50,648 [INFO] Época 5/30, Batch 1950/3348, Loss: 0.2620
2025-10-09 22:33:50,911 [INFO] Época 5/30, Batch 2000/3348, Loss: 0.3278
2025-10-09 22:33:51,181 [INFO] Época 5/30, Batch 2050/3348, Loss: 0.3030
2025-10-09 22:33:51,452 [INFO] Época 5/30, Batch 2100/3348, Loss: 0.3971
2025-10-09 22:33:51,723 [INFO] Época 5/30, Batch 2150/3348, Loss: 0.2818
2025-10-09 22:33:51,994 [INFO] Época 5/30, Batch 2200/3348, Loss: 0.1885
2025-10-09 22:33:52,266 [INFO] Época 5/30, Batch 2250/3348, Loss: 0.2298
2025-10-09 22:33:52,538 [INFO] Época 5/30, Batch 2300/3348, Loss: 0.2804
2025-10-09 22:33:52,810 [INFO] Época 5/30, Batch 2350/3348, Loss: 0.2202
2025-10-09 22:33:53,080 [INFO] Época 5/30, Batch 2400/3348, Loss: 0.1819
2025-10-09 22:33:53,349 [INFO] Época 5/30, Batch 2450/3348, Loss: 0.2468
2025-10-09 22:33:53,621 [INFO] Época 5/30, Batch 2500/3348, Loss: 0.2476
2025-10-09 22:33:53,894 [INFO] Época 5/30, Batch 2550/3348, Loss: 0.2389
2025-10-09 22:33:54,164 [INFO] Época 5/30, Batch 2600/3348, Loss: 0.2230
2025-10-09 22:33:54,434 [INFO] Época 5/30, Batch 2650/3348, Loss: 0.2173
2025-10-09 22:33:54,707 [INFO] Época 5/30, Batch 2700/3348, Loss: 0.2092
2025-10-09 22:33:54,980 [INFO] Época 5/30, Batch 2750/3348, Loss: 0.1536
2025-10-09 22:33:55,252 [INFO] Época 5/30, Batch 2800/3348, Loss: 0.2670
2025-10-09 22:33:55,522 [INFO] Época 5/30, Batch 2850/3348, Loss: 0.2277
2025-10-09 22:33:55,793 [INFO] Época 5/30, Batch 2900/3348, Loss: 0.2719
2025-10-09 22:33:56,063 [INFO] Época 5/30, Batch 2950/3348, Loss: 0.2133
2025-10-09 22:33:56,336 [INFO] Época 5/30, Batch 3000/3348, Loss: 0.3059
2025-10-09 22:33:56,606 [INFO] Época 5/30, Batch 3050/3348, Loss: 0.2009
2025-10-09 22:33:56,878 [INFO] Época 5/30, Batch 3100/3348, Loss: 0.4039
2025-10-09 22:33:57,149 [INFO] Época 5/30, Batch 3150/3348, Loss: 0.2524
2025-10-09 22:33:57,421 [INFO] Época 5/30, Batch 3200/3348, Loss: 0.2203
2025-10-09 22:33:57,695 [INFO] Época 5/30, Batch 3250/3348, Loss: 0.2419
2025-10-09 22:33:57,966 [INFO] Época 5/30, Batch 3300/3348, Loss: 0.2914
2025-10-09 22:33:59,910 [INFO] [5/30] Train Loss: 0.2492 | Val Loss: 0.4072 | Tempo: 19.94s
2025-10-09 22:34:00,519 [INFO] Época 6/30, Batch 50/3348, Loss: 0.3051
2025-10-09 22:34:00,788 [INFO] Época 6/30, Batch 100/3348, Loss: 0.1617
2025-10-09 22:34:01,054 [INFO] Época 6/30, Batch 150/3348, Loss: 0.2451
2025-10-09 22:34:01,318 [INFO] Época 6/30, Batch 200/3348, Loss: 0.3034
2025-10-09 22:34:01,583 [INFO] Época 6/30, Batch 250/3348, Loss: 0.2005
2025-10-09 22:34:01,844 [INFO] Época 6/30, Batch 300/3348, Loss: 0.2639
2025-10-09 22:34:02,107 [INFO] Época 6/30, Batch 350/3348, Loss: 0.2346
2025-10-09 22:34:02,369 [INFO] Época 6/30, Batch 400/3348, Loss: 0.2432
2025-10-09 22:34:02,631 [INFO] Época 6/30, Batch 450/3348, Loss: 0.2308
2025-10-09 22:34:02,894 [INFO] Época 6/30, Batch 500/3348, Loss: 0.2281
2025-10-09 22:34:03,153 [INFO] Época 6/30, Batch 550/3348, Loss: 0.2392
2025-10-09 22:34:03,414 [INFO] Época 6/30, Batch 600/3348, Loss: 0.3749
2025-10-09 22:34:03,676 [INFO] Época 6/30, Batch 650/3348, Loss: 0.2180
2025-10-09 22:34:03,937 [INFO] Época 6/30, Batch 700/3348, Loss: 0.2184
2025-10-09 22:34:04,199 [INFO] Época 6/30, Batch 750/3348, Loss: 0.2462
2025-10-09 22:34:04,460 [INFO] Época 6/30, Batch 800/3348, Loss: 0.2406
2025-10-09 22:34:04,717 [INFO] Época 6/30, Batch 850/3348, Loss: 0.3166
2025-10-09 22:34:04,976 [INFO] Época 6/30, Batch 900/3348, Loss: 0.2195
2025-10-09 22:34:05,238 [INFO] Época 6/30, Batch 950/3348, Loss: 0.2621
2025-10-09 22:34:05,499 [INFO] Época 6/30, Batch 1000/3348, Loss: 0.2883
2025-10-09 22:34:05,761 [INFO] Época 6/30, Batch 1050/3348, Loss: 0.1632
2025-10-09 22:34:06,026 [INFO] Época 6/30, Batch 1100/3348, Loss: 0.3254
2025-10-09 22:34:06,288 [INFO] Época 6/30, Batch 1150/3348, Loss: 0.1633
2025-10-09 22:34:06,550 [INFO] Época 6/30, Batch 1200/3348, Loss: 0.2259
2025-10-09 22:34:06,814 [INFO] Época 6/30, Batch 1250/3348, Loss: 0.2214
2025-10-09 22:34:07,076 [INFO] Época 6/30, Batch 1300/3348, Loss: 0.2355
2025-10-09 22:34:07,339 [INFO] Época 6/30, Batch 1350/3348, Loss: 0.3120
2025-10-09 22:34:07,602 [INFO] Época 6/30, Batch 1400/3348, Loss: 0.2122
2025-10-09 22:34:07,864 [INFO] Época 6/30, Batch 1450/3348, Loss: 0.2951
2025-10-09 22:34:08,128 [INFO] Época 6/30, Batch 1500/3348, Loss: 0.2304
2025-10-09 22:34:08,391 [INFO] Época 6/30, Batch 1550/3348, Loss: 0.1895
2025-10-09 22:34:08,654 [INFO] Época 6/30, Batch 1600/3348, Loss: 0.2191
2025-10-09 22:34:08,915 [INFO] Época 6/30, Batch 1650/3348, Loss: 0.2606
2025-10-09 22:34:09,178 [INFO] Época 6/30, Batch 1700/3348, Loss: 0.2243
2025-10-09 22:34:09,442 [INFO] Época 6/30, Batch 1750/3348, Loss: 0.4058
2025-10-09 22:34:09,704 [INFO] Época 6/30, Batch 1800/3348, Loss: 0.2619
2025-10-09 22:34:09,964 [INFO] Época 6/30, Batch 1850/3348, Loss: 0.1975
2025-10-09 22:34:10,222 [INFO] Época 6/30, Batch 1900/3348, Loss: 0.2879
2025-10-09 22:34:10,477 [INFO] Época 6/30, Batch 1950/3348, Loss: 0.2577
2025-10-09 22:34:10,736 [INFO] Época 6/30, Batch 2000/3348, Loss: 0.3123
2025-10-09 22:34:10,997 [INFO] Época 6/30, Batch 2050/3348, Loss: 0.1047
2025-10-09 22:34:11,258 [INFO] Época 6/30, Batch 2100/3348, Loss: 0.1998
2025-10-09 22:34:11,518 [INFO] Época 6/30, Batch 2150/3348, Loss: 0.2288
2025-10-09 22:34:11,779 [INFO] Época 6/30, Batch 2200/3348, Loss: 0.2665
2025-10-09 22:34:12,039 [INFO] Época 6/30, Batch 2250/3348, Loss: 0.2280
2025-10-09 22:34:12,300 [INFO] Época 6/30, Batch 2300/3348, Loss: 0.2150
2025-10-09 22:34:12,561 [INFO] Época 6/30, Batch 2350/3348, Loss: 0.3262
2025-10-09 22:34:12,821 [INFO] Época 6/30, Batch 2400/3348, Loss: 0.1749
2025-10-09 22:34:13,082 [INFO] Época 6/30, Batch 2450/3348, Loss: 0.2547
2025-10-09 22:34:13,344 [INFO] Época 6/30, Batch 2500/3348, Loss: 0.2187
2025-10-09 22:34:13,604 [INFO] Época 6/30, Batch 2550/3348, Loss: 0.1859
2025-10-09 22:34:13,863 [INFO] Época 6/30, Batch 2600/3348, Loss: 0.2778
2025-10-09 22:34:14,126 [INFO] Época 6/30, Batch 2650/3348, Loss: 0.1461
2025-10-09 22:34:14,390 [INFO] Época 6/30, Batch 2700/3348, Loss: 0.2113
2025-10-09 22:34:14,652 [INFO] Época 6/30, Batch 2750/3348, Loss: 0.1714
2025-10-09 22:34:14,914 [INFO] Época 6/30, Batch 2800/3348, Loss: 0.2189
2025-10-09 22:34:15,173 [INFO] Época 6/30, Batch 2850/3348, Loss: 0.2374
2025-10-09 22:34:15,433 [INFO] Época 6/30, Batch 2900/3348, Loss: 0.2146
2025-10-09 22:34:15,696 [INFO] Época 6/30, Batch 2950/3348, Loss: 0.2801
2025-10-09 22:34:15,956 [INFO] Época 6/30, Batch 3000/3348, Loss: 0.1754
2025-10-09 22:34:16,218 [INFO] Época 6/30, Batch 3050/3348, Loss: 0.2741
2025-10-09 22:34:16,480 [INFO] Época 6/30, Batch 3100/3348, Loss: 0.2109
2025-10-09 22:34:16,741 [INFO] Época 6/30, Batch 3150/3348, Loss: 0.2781
2025-10-09 22:34:17,003 [INFO] Época 6/30, Batch 3200/3348, Loss: 0.1961
2025-10-09 22:34:17,264 [INFO] Época 6/30, Batch 3250/3348, Loss: 0.2677
2025-10-09 22:34:17,523 [INFO] Época 6/30, Batch 3300/3348, Loss: 0.1858
2025-10-09 22:34:19,359 [INFO] [6/30] Train Loss: 0.2353 | Val Loss: 0.3998 | Tempo: 19.45s
2025-10-09 22:34:19,958 [INFO] Época 7/30, Batch 50/3348, Loss: 0.2656
2025-10-09 22:34:20,223 [INFO] Época 7/30, Batch 100/3348, Loss: 0.2622
2025-10-09 22:34:20,484 [INFO] Época 7/30, Batch 150/3348, Loss: 0.1894
2025-10-09 22:34:20,744 [INFO] Época 7/30, Batch 200/3348, Loss: 0.2293
2025-10-09 22:34:21,005 [INFO] Época 7/30, Batch 250/3348, Loss: 0.2404
2025-10-09 22:34:21,264 [INFO] Época 7/30, Batch 300/3348, Loss: 0.3185
2025-10-09 22:34:21,523 [INFO] Época 7/30, Batch 350/3348, Loss: 0.3050
2025-10-09 22:34:21,781 [INFO] Época 7/30, Batch 400/3348, Loss: 0.2011
2025-10-09 22:34:22,042 [INFO] Época 7/30, Batch 450/3348, Loss: 0.1945
2025-10-09 22:34:22,300 [INFO] Época 7/30, Batch 500/3348, Loss: 0.2114
2025-10-09 22:34:22,560 [INFO] Época 7/30, Batch 550/3348, Loss: 0.2689
2025-10-09 22:34:22,817 [INFO] Época 7/30, Batch 600/3348, Loss: 0.1483
2025-10-09 22:34:23,075 [INFO] Época 7/30, Batch 650/3348, Loss: 0.2177
2025-10-09 22:34:23,339 [INFO] Época 7/30, Batch 700/3348, Loss: 0.3017
2025-10-09 22:34:23,599 [INFO] Época 7/30, Batch 750/3348, Loss: 0.2371
2025-10-09 22:34:23,851 [INFO] Época 7/30, Batch 800/3348, Loss: 0.2049
2025-10-09 22:34:24,104 [INFO] Época 7/30, Batch 850/3348, Loss: 0.2610
2025-10-09 22:34:24,357 [INFO] Época 7/30, Batch 900/3348, Loss: 0.2203
2025-10-09 22:34:24,611 [INFO] Época 7/30, Batch 950/3348, Loss: 0.1308
2025-10-09 22:34:24,863 [INFO] Época 7/30, Batch 1000/3348, Loss: 0.2350
2025-10-09 22:34:25,115 [INFO] Época 7/30, Batch 1050/3348, Loss: 0.1910
2025-10-09 22:34:25,368 [INFO] Época 7/30, Batch 1100/3348, Loss: 0.2009
2025-10-09 22:34:25,622 [INFO] Época 7/30, Batch 1150/3348, Loss: 0.2567
2025-10-09 22:34:25,883 [INFO] Época 7/30, Batch 1200/3348, Loss: 0.2379
2025-10-09 22:34:26,140 [INFO] Época 7/30, Batch 1250/3348, Loss: 0.1783
2025-10-09 22:34:26,401 [INFO] Época 7/30, Batch 1300/3348, Loss: 0.2112
2025-10-09 22:34:26,659 [INFO] Época 7/30, Batch 1350/3348, Loss: 0.2084
2025-10-09 22:34:26,915 [INFO] Época 7/30, Batch 1400/3348, Loss: 0.2146
2025-10-09 22:34:27,170 [INFO] Época 7/30, Batch 1450/3348, Loss: 0.2918
2025-10-09 22:34:27,426 [INFO] Época 7/30, Batch 1500/3348, Loss: 0.1745
2025-10-09 22:34:27,685 [INFO] Época 7/30, Batch 1550/3348, Loss: 0.2593
2025-10-09 22:34:27,942 [INFO] Época 7/30, Batch 1600/3348, Loss: 0.2746
2025-10-09 22:34:28,199 [INFO] Época 7/30, Batch 1650/3348, Loss: 0.2848
2025-10-09 22:34:28,459 [INFO] Época 7/30, Batch 1700/3348, Loss: 0.2257
2025-10-09 22:34:28,720 [INFO] Época 7/30, Batch 1750/3348, Loss: 0.2037
2025-10-09 22:34:28,978 [INFO] Época 7/30, Batch 1800/3348, Loss: 0.2831
2025-10-09 22:34:29,236 [INFO] Época 7/30, Batch 1850/3348, Loss: 0.1591
2025-10-09 22:34:29,493 [INFO] Época 7/30, Batch 1900/3348, Loss: 0.2101
2025-10-09 22:34:29,752 [INFO] Época 7/30, Batch 1950/3348, Loss: 0.2065
2025-10-09 22:34:30,008 [INFO] Época 7/30, Batch 2000/3348, Loss: 0.1334
2025-10-09 22:34:30,265 [INFO] Época 7/30, Batch 2050/3348, Loss: 0.2599
2025-10-09 22:34:30,520 [INFO] Época 7/30, Batch 2100/3348, Loss: 0.1985
2025-10-09 22:34:30,775 [INFO] Época 7/30, Batch 2150/3348, Loss: 0.2761
2025-10-09 22:34:31,034 [INFO] Época 7/30, Batch 2200/3348, Loss: 0.1716
2025-10-09 22:34:31,292 [INFO] Época 7/30, Batch 2250/3348, Loss: 0.2613
2025-10-09 22:34:31,548 [INFO] Época 7/30, Batch 2300/3348, Loss: 0.2124
2025-10-09 22:34:31,802 [INFO] Época 7/30, Batch 2350/3348, Loss: 0.2035
2025-10-09 22:34:32,057 [INFO] Época 7/30, Batch 2400/3348, Loss: 0.1808
2025-10-09 22:34:32,314 [INFO] Época 7/30, Batch 2450/3348, Loss: 0.3007
2025-10-09 22:34:32,570 [INFO] Época 7/30, Batch 2500/3348, Loss: 0.3198
2025-10-09 22:34:32,825 [INFO] Época 7/30, Batch 2550/3348, Loss: 0.1880
2025-10-09 22:34:33,085 [INFO] Época 7/30, Batch 2600/3348, Loss: 0.1996
2025-10-09 22:34:33,341 [INFO] Época 7/30, Batch 2650/3348, Loss: 0.2543
2025-10-09 22:34:33,597 [INFO] Época 7/30, Batch 2700/3348, Loss: 0.1542
2025-10-09 22:34:33,853 [INFO] Época 7/30, Batch 2750/3348, Loss: 0.1585
2025-10-09 22:34:34,111 [INFO] Época 7/30, Batch 2800/3348, Loss: 0.1628
2025-10-09 22:34:34,368 [INFO] Época 7/30, Batch 2850/3348, Loss: 0.2457
2025-10-09 22:34:34,628 [INFO] Época 7/30, Batch 2900/3348, Loss: 0.1647
2025-10-09 22:34:34,888 [INFO] Época 7/30, Batch 2950/3348, Loss: 0.1825
2025-10-09 22:34:35,148 [INFO] Época 7/30, Batch 3000/3348, Loss: 0.3602
2025-10-09 22:34:35,404 [INFO] Época 7/30, Batch 3050/3348, Loss: 0.2616
2025-10-09 22:34:35,663 [INFO] Época 7/30, Batch 3100/3348, Loss: 0.2098
2025-10-09 22:34:35,922 [INFO] Época 7/30, Batch 3150/3348, Loss: 0.2114
2025-10-09 22:34:36,179 [INFO] Época 7/30, Batch 3200/3348, Loss: 0.1658
2025-10-09 22:34:36,439 [INFO] Época 7/30, Batch 3250/3348, Loss: 0.2128
2025-10-09 22:34:36,697 [INFO] Época 7/30, Batch 3300/3348, Loss: 0.2516
2025-10-09 22:34:38,603 [INFO] [7/30] Train Loss: 0.2246 | Val Loss: 0.4996 | Tempo: 19.24s
2025-10-09 22:34:39,214 [INFO] Época 8/30, Batch 50/3348, Loss: 0.2293
2025-10-09 22:34:39,484 [INFO] Época 8/30, Batch 100/3348, Loss: 0.2306
2025-10-09 22:34:39,753 [INFO] Época 8/30, Batch 150/3348, Loss: 0.1360
2025-10-09 22:34:40,028 [INFO] Época 8/30, Batch 200/3348, Loss: 0.2085
2025-10-09 22:34:40,304 [INFO] Época 8/30, Batch 250/3348, Loss: 0.3645
2025-10-09 22:34:40,579 [INFO] Época 8/30, Batch 300/3348, Loss: 0.2173
2025-10-09 22:34:40,854 [INFO] Época 8/30, Batch 350/3348, Loss: 0.2194
2025-10-09 22:34:41,127 [INFO] Época 8/30, Batch 400/3348, Loss: 0.1976
2025-10-09 22:34:41,401 [INFO] Época 8/30, Batch 450/3348, Loss: 0.1820
2025-10-09 22:34:41,674 [INFO] Época 8/30, Batch 500/3348, Loss: 0.1974
2025-10-09 22:34:41,948 [INFO] Época 8/30, Batch 550/3348, Loss: 0.1751
2025-10-09 22:34:42,220 [INFO] Época 8/30, Batch 600/3348, Loss: 0.1491
2025-10-09 22:34:42,492 [INFO] Época 8/30, Batch 650/3348, Loss: 0.1569
2025-10-09 22:34:42,763 [INFO] Época 8/30, Batch 700/3348, Loss: 0.1449
2025-10-09 22:34:43,035 [INFO] Época 8/30, Batch 750/3348, Loss: 0.2465
2025-10-09 22:34:43,306 [INFO] Época 8/30, Batch 800/3348, Loss: 0.2117
2025-10-09 22:34:43,578 [INFO] Época 8/30, Batch 850/3348, Loss: 0.2203
2025-10-09 22:34:43,842 [INFO] Época 8/30, Batch 900/3348, Loss: 0.2077
2025-10-09 22:34:44,103 [INFO] Época 8/30, Batch 950/3348, Loss: 0.2777
2025-10-09 22:34:44,365 [INFO] Época 8/30, Batch 1000/3348, Loss: 0.2403
2025-10-09 22:34:44,628 [INFO] Época 8/30, Batch 1050/3348, Loss: 0.2718
2025-10-09 22:34:44,892 [INFO] Época 8/30, Batch 1100/3348, Loss: 0.2382
2025-10-09 22:34:45,151 [INFO] Época 8/30, Batch 1150/3348, Loss: 0.2304
2025-10-09 22:34:45,413 [INFO] Época 8/30, Batch 1200/3348, Loss: 0.2266
2025-10-09 22:34:45,680 [INFO] Época 8/30, Batch 1250/3348, Loss: 0.2210
2025-10-09 22:34:45,953 [INFO] Época 8/30, Batch 1300/3348, Loss: 0.1788
2025-10-09 22:34:46,228 [INFO] Época 8/30, Batch 1350/3348, Loss: 0.2539
2025-10-09 22:34:46,504 [INFO] Época 8/30, Batch 1400/3348, Loss: 0.2036
2025-10-09 22:34:46,780 [INFO] Época 8/30, Batch 1450/3348, Loss: 0.1622
2025-10-09 22:34:47,057 [INFO] Época 8/30, Batch 1500/3348, Loss: 0.1758
2025-10-09 22:34:47,331 [INFO] Época 8/30, Batch 1550/3348, Loss: 0.2328
2025-10-09 22:34:47,608 [INFO] Época 8/30, Batch 1600/3348, Loss: 0.1966
2025-10-09 22:34:47,880 [INFO] Época 8/30, Batch 1650/3348, Loss: 0.2406
2025-10-09 22:34:48,153 [INFO] Época 8/30, Batch 1700/3348, Loss: 0.1954
2025-10-09 22:34:48,426 [INFO] Época 8/30, Batch 1750/3348, Loss: 0.2528
2025-10-09 22:34:48,700 [INFO] Época 8/30, Batch 1800/3348, Loss: 0.1543
2025-10-09 22:34:48,973 [INFO] Época 8/30, Batch 1850/3348, Loss: 0.1796
2025-10-09 22:34:49,247 [INFO] Época 8/30, Batch 1900/3348, Loss: 0.1781
2025-10-09 22:34:49,521 [INFO] Época 8/30, Batch 1950/3348, Loss: 0.2211
2025-10-09 22:34:49,786 [INFO] Época 8/30, Batch 2000/3348, Loss: 0.3212
2025-10-09 22:34:50,049 [INFO] Época 8/30, Batch 2050/3348, Loss: 0.2081
2025-10-09 22:34:50,315 [INFO] Época 8/30, Batch 2100/3348, Loss: 0.2560
2025-10-09 22:34:50,589 [INFO] Época 8/30, Batch 2150/3348, Loss: 0.3440
2025-10-09 22:34:50,860 [INFO] Época 8/30, Batch 2200/3348, Loss: 0.1954
2025-10-09 22:34:51,133 [INFO] Época 8/30, Batch 2250/3348, Loss: 0.2148
2025-10-09 22:34:51,405 [INFO] Época 8/30, Batch 2300/3348, Loss: 0.2073
2025-10-09 22:34:51,679 [INFO] Época 8/30, Batch 2350/3348, Loss: 0.3380
2025-10-09 22:34:51,952 [INFO] Época 8/30, Batch 2400/3348, Loss: 0.2269
2025-10-09 22:34:52,218 [INFO] Época 8/30, Batch 2450/3348, Loss: 0.2287
2025-10-09 22:34:52,481 [INFO] Época 8/30, Batch 2500/3348, Loss: 0.2952
2025-10-09 22:34:52,744 [INFO] Época 8/30, Batch 2550/3348, Loss: 0.2530
2025-10-09 22:34:53,010 [INFO] Época 8/30, Batch 2600/3348, Loss: 0.2037
2025-10-09 22:34:53,276 [INFO] Época 8/30, Batch 2650/3348, Loss: 0.1966
2025-10-09 22:34:53,538 [INFO] Época 8/30, Batch 2700/3348, Loss: 0.2191
2025-10-09 22:34:53,800 [INFO] Época 8/30, Batch 2750/3348, Loss: 0.1850
2025-10-09 22:34:54,062 [INFO] Época 8/30, Batch 2800/3348, Loss: 0.1871
2025-10-09 22:34:54,332 [INFO] Época 8/30, Batch 2850/3348, Loss: 0.2733
2025-10-09 22:34:54,604 [INFO] Época 8/30, Batch 2900/3348, Loss: 0.1619
2025-10-09 22:34:54,879 [INFO] Época 8/30, Batch 2950/3348, Loss: 0.1819
2025-10-09 22:34:55,150 [INFO] Época 8/30, Batch 3000/3348, Loss: 0.2117
2025-10-09 22:34:55,424 [INFO] Época 8/30, Batch 3050/3348, Loss: 0.1748
2025-10-09 22:34:55,697 [INFO] Época 8/30, Batch 3100/3348, Loss: 0.1662
2025-10-09 22:34:55,973 [INFO] Época 8/30, Batch 3150/3348, Loss: 0.2532
2025-10-09 22:34:56,244 [INFO] Época 8/30, Batch 3200/3348, Loss: 0.2458
2025-10-09 22:34:56,519 [INFO] Época 8/30, Batch 3250/3348, Loss: 0.1296
2025-10-09 22:34:56,791 [INFO] Época 8/30, Batch 3300/3348, Loss: 0.2684
2025-10-09 22:34:58,586 [INFO] [8/30] Train Loss: 0.2147 | Val Loss: 0.4059 | Tempo: 19.98s
2025-10-09 22:34:59,179 [INFO] Época 9/30, Batch 50/3348, Loss: 0.1790
2025-10-09 22:34:59,448 [INFO] Época 9/30, Batch 100/3348, Loss: 0.2397
2025-10-09 22:34:59,716 [INFO] Época 9/30, Batch 150/3348, Loss: 0.2097
2025-10-09 22:34:59,982 [INFO] Época 9/30, Batch 200/3348, Loss: 0.2126
2025-10-09 22:35:00,246 [INFO] Época 9/30, Batch 250/3348, Loss: 0.2134
2025-10-09 22:35:00,511 [INFO] Época 9/30, Batch 300/3348, Loss: 0.2394
2025-10-09 22:35:00,776 [INFO] Época 9/30, Batch 350/3348, Loss: 0.1786
2025-10-09 22:35:01,040 [INFO] Época 9/30, Batch 400/3348, Loss: 0.1872
2025-10-09 22:35:01,301 [INFO] Época 9/30, Batch 450/3348, Loss: 0.1314
2025-10-09 22:35:01,565 [INFO] Época 9/30, Batch 500/3348, Loss: 0.1749
2025-10-09 22:35:01,826 [INFO] Época 9/30, Batch 550/3348, Loss: 0.2962
2025-10-09 22:35:02,090 [INFO] Época 9/30, Batch 600/3348, Loss: 0.1824
2025-10-09 22:35:02,353 [INFO] Época 9/30, Batch 650/3348, Loss: 0.1668
2025-10-09 22:35:02,614 [INFO] Época 9/30, Batch 700/3348, Loss: 0.1942
2025-10-09 22:35:02,871 [INFO] Época 9/30, Batch 750/3348, Loss: 0.1952
2025-10-09 22:35:03,124 [INFO] Época 9/30, Batch 800/3348, Loss: 0.1937
2025-10-09 22:35:03,377 [INFO] Época 9/30, Batch 850/3348, Loss: 0.2237
2025-10-09 22:35:03,642 [INFO] Época 9/30, Batch 900/3348, Loss: 0.2518
2025-10-09 22:35:03,926 [INFO] Época 9/30, Batch 950/3348, Loss: 0.2298
2025-10-09 22:35:04,208 [INFO] Época 9/30, Batch 1000/3348, Loss: 0.2406
2025-10-09 22:35:04,460 [INFO] Época 9/30, Batch 1050/3348, Loss: 0.2250
2025-10-09 22:35:04,714 [INFO] Época 9/30, Batch 1100/3348, Loss: 0.1960
2025-10-09 22:35:04,974 [INFO] Época 9/30, Batch 1150/3348, Loss: 0.2347
2025-10-09 22:35:05,238 [INFO] Época 9/30, Batch 1200/3348, Loss: 0.1831
2025-10-09 22:35:05,501 [INFO] Época 9/30, Batch 1250/3348, Loss: 0.1252
2025-10-09 22:35:05,765 [INFO] Época 9/30, Batch 1300/3348, Loss: 0.1694
2025-10-09 22:35:06,029 [INFO] Época 9/30, Batch 1350/3348, Loss: 0.2463
2025-10-09 22:35:06,291 [INFO] Época 9/30, Batch 1400/3348, Loss: 0.1641
2025-10-09 22:35:06,553 [INFO] Época 9/30, Batch 1450/3348, Loss: 0.1067
2025-10-09 22:35:06,815 [INFO] Época 9/30, Batch 1500/3348, Loss: 0.1529
2025-10-09 22:35:07,078 [INFO] Época 9/30, Batch 1550/3348, Loss: 0.2018
2025-10-09 22:35:07,340 [INFO] Época 9/30, Batch 1600/3348, Loss: 0.2118
2025-10-09 22:35:07,604 [INFO] Época 9/30, Batch 1650/3348, Loss: 0.2591
2025-10-09 22:35:07,866 [INFO] Época 9/30, Batch 1700/3348, Loss: 0.1869
2025-10-09 22:35:08,129 [INFO] Época 9/30, Batch 1750/3348, Loss: 0.2040
2025-10-09 22:35:08,390 [INFO] Época 9/30, Batch 1800/3348, Loss: 0.2193
2025-10-09 22:35:08,653 [INFO] Época 9/30, Batch 1850/3348, Loss: 0.1823
2025-10-09 22:35:08,916 [INFO] Época 9/30, Batch 1900/3348, Loss: 0.2007
2025-10-09 22:35:09,179 [INFO] Época 9/30, Batch 1950/3348, Loss: 0.2345
2025-10-09 22:35:09,442 [INFO] Época 9/30, Batch 2000/3348, Loss: 0.2787
2025-10-09 22:35:09,702 [INFO] Época 9/30, Batch 2050/3348, Loss: 0.2857
2025-10-09 22:35:09,963 [INFO] Época 9/30, Batch 2100/3348, Loss: 0.2007
2025-10-09 22:35:10,227 [INFO] Época 9/30, Batch 2150/3348, Loss: 0.1107
2025-10-09 22:35:10,491 [INFO] Época 9/30, Batch 2200/3348, Loss: 0.1675
2025-10-09 22:35:10,756 [INFO] Época 9/30, Batch 2250/3348, Loss: 0.1952
2025-10-09 22:35:11,019 [INFO] Época 9/30, Batch 2300/3348, Loss: 0.2320
2025-10-09 22:35:11,283 [INFO] Época 9/30, Batch 2350/3348, Loss: 0.2564
2025-10-09 22:35:11,547 [INFO] Época 9/30, Batch 2400/3348, Loss: 0.1634
2025-10-09 22:35:11,810 [INFO] Época 9/30, Batch 2450/3348, Loss: 0.1512
2025-10-09 22:35:12,072 [INFO] Época 9/30, Batch 2500/3348, Loss: 0.1838
2025-10-09 22:35:12,336 [INFO] Época 9/30, Batch 2550/3348, Loss: 0.1276
2025-10-09 22:35:12,599 [INFO] Época 9/30, Batch 2600/3348, Loss: 0.2956
2025-10-09 22:35:12,863 [INFO] Época 9/30, Batch 2650/3348, Loss: 0.3004
2025-10-09 22:35:13,125 [INFO] Época 9/30, Batch 2700/3348, Loss: 0.2287
2025-10-09 22:35:13,387 [INFO] Época 9/30, Batch 2750/3348, Loss: 0.2492
2025-10-09 22:35:13,648 [INFO] Época 9/30, Batch 2800/3348, Loss: 0.2408
2025-10-09 22:35:13,912 [INFO] Época 9/30, Batch 2850/3348, Loss: 0.2459
2025-10-09 22:35:14,174 [INFO] Época 9/30, Batch 2900/3348, Loss: 0.2545
2025-10-09 22:35:14,440 [INFO] Época 9/30, Batch 2950/3348, Loss: 0.1704
2025-10-09 22:35:14,705 [INFO] Época 9/30, Batch 3000/3348, Loss: 0.2899
2025-10-09 22:35:14,971 [INFO] Época 9/30, Batch 3050/3348, Loss: 0.3214
2025-10-09 22:35:15,237 [INFO] Época 9/30, Batch 3100/3348, Loss: 0.1363
2025-10-09 22:35:15,504 [INFO] Época 9/30, Batch 3150/3348, Loss: 0.1670
2025-10-09 22:35:15,768 [INFO] Época 9/30, Batch 3200/3348, Loss: 0.2356
2025-10-09 22:35:16,033 [INFO] Época 9/30, Batch 3250/3348, Loss: 0.2484
2025-10-09 22:35:16,297 [INFO] Época 9/30, Batch 3300/3348, Loss: 0.1397
2025-10-09 22:35:18,206 [INFO] [9/30] Train Loss: 0.2077 | Val Loss: 0.4575 | Tempo: 19.62s
2025-10-09 22:35:18,813 [INFO] Época 10/30, Batch 50/3348, Loss: 0.1378
2025-10-09 22:35:19,082 [INFO] Época 10/30, Batch 100/3348, Loss: 0.2601
2025-10-09 22:35:19,347 [INFO] Época 10/30, Batch 150/3348, Loss: 0.2072
2025-10-09 22:35:19,610 [INFO] Época 10/30, Batch 200/3348, Loss: 0.1984
2025-10-09 22:35:19,874 [INFO] Época 10/30, Batch 250/3348, Loss: 0.1007
2025-10-09 22:35:20,137 [INFO] Época 10/30, Batch 300/3348, Loss: 0.2270
2025-10-09 22:35:20,399 [INFO] Época 10/30, Batch 350/3348, Loss: 0.1344
2025-10-09 22:35:20,663 [INFO] Época 10/30, Batch 400/3348, Loss: 0.1393
2025-10-09 22:35:20,927 [INFO] Época 10/30, Batch 450/3348, Loss: 0.1443
2025-10-09 22:35:21,188 [INFO] Época 10/30, Batch 500/3348, Loss: 0.2724
2025-10-09 22:35:21,449 [INFO] Época 10/30, Batch 550/3348, Loss: 0.1384
2025-10-09 22:35:21,710 [INFO] Época 10/30, Batch 600/3348, Loss: 0.2011
2025-10-09 22:35:21,972 [INFO] Época 10/30, Batch 650/3348, Loss: 0.2196
2025-10-09 22:35:22,234 [INFO] Época 10/30, Batch 700/3348, Loss: 0.1797
2025-10-09 22:35:22,495 [INFO] Época 10/30, Batch 750/3348, Loss: 0.2165
2025-10-09 22:35:22,756 [INFO] Época 10/30, Batch 800/3348, Loss: 0.1919
2025-10-09 22:35:23,015 [INFO] Época 10/30, Batch 850/3348, Loss: 0.2040
2025-10-09 22:35:23,277 [INFO] Época 10/30, Batch 900/3348, Loss: 0.1864
2025-10-09 22:35:23,538 [INFO] Época 10/30, Batch 950/3348, Loss: 0.1578
2025-10-09 22:35:23,798 [INFO] Época 10/30, Batch 1000/3348, Loss: 0.1671
2025-10-09 22:35:24,056 [INFO] Época 10/30, Batch 1050/3348, Loss: 0.1478
2025-10-09 22:35:24,316 [INFO] Época 10/30, Batch 1100/3348, Loss: 0.1235
2025-10-09 22:35:24,572 [INFO] Época 10/30, Batch 1150/3348, Loss: 0.1929
2025-10-09 22:35:24,829 [INFO] Época 10/30, Batch 1200/3348, Loss: 0.1653
2025-10-09 22:35:25,088 [INFO] Época 10/30, Batch 1250/3348, Loss: 0.3172
2025-10-09 22:35:25,347 [INFO] Época 10/30, Batch 1300/3348, Loss: 0.2042
2025-10-09 22:35:25,607 [INFO] Época 10/30, Batch 1350/3348, Loss: 0.1860
2025-10-09 22:35:25,869 [INFO] Época 10/30, Batch 1400/3348, Loss: 0.2252
2025-10-09 22:35:26,130 [INFO] Época 10/30, Batch 1450/3348, Loss: 0.1808
2025-10-09 22:35:26,391 [INFO] Época 10/30, Batch 1500/3348, Loss: 0.3019
2025-10-09 22:35:26,652 [INFO] Época 10/30, Batch 1550/3348, Loss: 0.2083
2025-10-09 22:35:26,913 [INFO] Época 10/30, Batch 1600/3348, Loss: 0.1466
2025-10-09 22:35:27,175 [INFO] Época 10/30, Batch 1650/3348, Loss: 0.2222
2025-10-09 22:35:27,437 [INFO] Época 10/30, Batch 1700/3348, Loss: 0.1255
2025-10-09 22:35:27,697 [INFO] Época 10/30, Batch 1750/3348, Loss: 0.2209
2025-10-09 22:35:27,957 [INFO] Época 10/30, Batch 1800/3348, Loss: 0.1345
2025-10-09 22:35:28,217 [INFO] Época 10/30, Batch 1850/3348, Loss: 0.2049
2025-10-09 22:35:28,478 [INFO] Época 10/30, Batch 1900/3348, Loss: 0.1948
2025-10-09 22:35:28,739 [INFO] Época 10/30, Batch 1950/3348, Loss: 0.1608
2025-10-09 22:35:28,999 [INFO] Época 10/30, Batch 2000/3348, Loss: 0.1993
2025-10-09 22:35:29,263 [INFO] Época 10/30, Batch 2050/3348, Loss: 0.1938
2025-10-09 22:35:29,525 [INFO] Época 10/30, Batch 2100/3348, Loss: 0.3084
2025-10-09 22:35:29,786 [INFO] Época 10/30, Batch 2150/3348, Loss: 0.2107
2025-10-09 22:35:30,045 [INFO] Época 10/30, Batch 2200/3348, Loss: 0.1912
2025-10-09 22:35:30,304 [INFO] Época 10/30, Batch 2250/3348, Loss: 0.2142
2025-10-09 22:35:30,564 [INFO] Época 10/30, Batch 2300/3348, Loss: 0.1966
2025-10-09 22:35:30,823 [INFO] Época 10/30, Batch 2350/3348, Loss: 0.1891
2025-10-09 22:35:31,084 [INFO] Época 10/30, Batch 2400/3348, Loss: 0.1881
2025-10-09 22:35:31,345 [INFO] Época 10/30, Batch 2450/3348, Loss: 0.2207
2025-10-09 22:35:31,605 [INFO] Época 10/30, Batch 2500/3348, Loss: 0.2201
2025-10-09 22:35:31,865 [INFO] Época 10/30, Batch 2550/3348, Loss: 0.2312
2025-10-09 22:35:32,126 [INFO] Época 10/30, Batch 2600/3348, Loss: 0.2029
2025-10-09 22:35:32,386 [INFO] Época 10/30, Batch 2650/3348, Loss: 0.2465
2025-10-09 22:35:32,648 [INFO] Época 10/30, Batch 2700/3348, Loss: 0.2237
2025-10-09 22:35:32,910 [INFO] Época 10/30, Batch 2750/3348, Loss: 0.2191
2025-10-09 22:35:33,170 [INFO] Época 10/30, Batch 2800/3348, Loss: 0.1582
2025-10-09 22:35:33,432 [INFO] Época 10/30, Batch 2850/3348, Loss: 0.1928
2025-10-09 22:35:33,692 [INFO] Época 10/30, Batch 2900/3348, Loss: 0.2170
2025-10-09 22:35:33,951 [INFO] Época 10/30, Batch 2950/3348, Loss: 0.2269
2025-10-09 22:35:34,212 [INFO] Época 10/30, Batch 3000/3348, Loss: 0.1634
2025-10-09 22:35:34,471 [INFO] Época 10/30, Batch 3050/3348, Loss: 0.2124
2025-10-09 22:35:34,733 [INFO] Época 10/30, Batch 3100/3348, Loss: 0.2173
2025-10-09 22:35:34,992 [INFO] Época 10/30, Batch 3150/3348, Loss: 0.1863
2025-10-09 22:35:35,253 [INFO] Época 10/30, Batch 3200/3348, Loss: 0.2305
2025-10-09 22:35:35,514 [INFO] Época 10/30, Batch 3250/3348, Loss: 0.1935
2025-10-09 22:35:35,774 [INFO] Época 10/30, Batch 3300/3348, Loss: 0.3051
2025-10-09 22:35:37,787 [INFO] [10/30] Train Loss: 0.2006 | Val Loss: 0.3861 | Tempo: 19.58s
2025-10-09 22:35:38,400 [INFO] Época 11/30, Batch 50/3348, Loss: 0.2640
2025-10-09 22:35:38,669 [INFO] Época 11/30, Batch 100/3348, Loss: 0.1670
2025-10-09 22:35:38,938 [INFO] Época 11/30, Batch 150/3348, Loss: 0.2799
2025-10-09 22:35:39,204 [INFO] Época 11/30, Batch 200/3348, Loss: 0.1797
2025-10-09 22:35:39,469 [INFO] Época 11/30, Batch 250/3348, Loss: 0.2165
2025-10-09 22:35:39,734 [INFO] Época 11/30, Batch 300/3348, Loss: 0.1685
2025-10-09 22:35:39,999 [INFO] Época 11/30, Batch 350/3348, Loss: 0.1514
2025-10-09 22:35:40,265 [INFO] Época 11/30, Batch 400/3348, Loss: 0.2385
2025-10-09 22:35:40,529 [INFO] Época 11/30, Batch 450/3348, Loss: 0.0935
2025-10-09 22:35:40,794 [INFO] Época 11/30, Batch 500/3348, Loss: 0.1505
2025-10-09 22:35:41,057 [INFO] Época 11/30, Batch 550/3348, Loss: 0.2520
2025-10-09 22:35:41,321 [INFO] Época 11/30, Batch 600/3348, Loss: 0.2310
2025-10-09 22:35:41,586 [INFO] Época 11/30, Batch 650/3348, Loss: 0.1712
2025-10-09 22:35:41,852 [INFO] Época 11/30, Batch 700/3348, Loss: 0.1160
2025-10-09 22:35:42,106 [INFO] Época 11/30, Batch 750/3348, Loss: 0.1488
2025-10-09 22:35:42,360 [INFO] Época 11/30, Batch 800/3348, Loss: 0.1813
2025-10-09 22:35:42,612 [INFO] Época 11/30, Batch 850/3348, Loss: 0.1778
2025-10-09 22:35:42,865 [INFO] Época 11/30, Batch 900/3348, Loss: 0.1499
2025-10-09 22:35:43,118 [INFO] Época 11/30, Batch 950/3348, Loss: 0.2116
2025-10-09 22:35:43,369 [INFO] Época 11/30, Batch 1000/3348, Loss: 0.2707
2025-10-09 22:35:43,621 [INFO] Época 11/30, Batch 1050/3348, Loss: 0.4073
2025-10-09 22:35:43,876 [INFO] Época 11/30, Batch 1100/3348, Loss: 0.2468
2025-10-09 22:35:44,137 [INFO] Época 11/30, Batch 1150/3348, Loss: 0.2741
2025-10-09 22:35:44,399 [INFO] Época 11/30, Batch 1200/3348, Loss: 0.2281
2025-10-09 22:35:44,660 [INFO] Época 11/30, Batch 1250/3348, Loss: 0.1820
2025-10-09 22:35:44,924 [INFO] Época 11/30, Batch 1300/3348, Loss: 0.2286
2025-10-09 22:35:45,186 [INFO] Época 11/30, Batch 1350/3348, Loss: 0.1241
2025-10-09 22:35:45,447 [INFO] Época 11/30, Batch 1400/3348, Loss: 0.2309
2025-10-09 22:35:45,710 [INFO] Época 11/30, Batch 1450/3348, Loss: 0.2084
2025-10-09 22:35:45,976 [INFO] Época 11/30, Batch 1500/3348, Loss: 0.2216
2025-10-09 22:35:46,237 [INFO] Época 11/30, Batch 1550/3348, Loss: 0.2576
2025-10-09 22:35:46,499 [INFO] Época 11/30, Batch 1600/3348, Loss: 0.1721
2025-10-09 22:35:46,761 [INFO] Época 11/30, Batch 1650/3348, Loss: 0.1954
2025-10-09 22:35:47,026 [INFO] Época 11/30, Batch 1700/3348, Loss: 0.1847
2025-10-09 22:35:47,289 [INFO] Época 11/30, Batch 1750/3348, Loss: 0.1844
2025-10-09 22:35:47,551 [INFO] Época 11/30, Batch 1800/3348, Loss: 0.1768
2025-10-09 22:35:47,809 [INFO] Época 11/30, Batch 1850/3348, Loss: 0.1524
2025-10-09 22:35:48,070 [INFO] Época 11/30, Batch 1900/3348, Loss: 0.1742
2025-10-09 22:35:48,333 [INFO] Época 11/30, Batch 1950/3348, Loss: 0.2111
2025-10-09 22:35:48,593 [INFO] Época 11/30, Batch 2000/3348, Loss: 0.1219
2025-10-09 22:35:48,856 [INFO] Época 11/30, Batch 2050/3348, Loss: 0.2117
2025-10-09 22:35:49,116 [INFO] Época 11/30, Batch 2100/3348, Loss: 0.2012
2025-10-09 22:35:49,377 [INFO] Época 11/30, Batch 2150/3348, Loss: 0.2489
2025-10-09 22:35:49,639 [INFO] Época 11/30, Batch 2200/3348, Loss: 0.2182
2025-10-09 22:35:49,900 [INFO] Época 11/30, Batch 2250/3348, Loss: 0.1825
2025-10-09 22:35:50,161 [INFO] Época 11/30, Batch 2300/3348, Loss: 0.1260
2025-10-09 22:35:50,424 [INFO] Época 11/30, Batch 2350/3348, Loss: 0.1943
2025-10-09 22:35:50,687 [INFO] Época 11/30, Batch 2400/3348, Loss: 0.2128
2025-10-09 22:35:50,952 [INFO] Época 11/30, Batch 2450/3348, Loss: 0.3109
2025-10-09 22:35:51,214 [INFO] Época 11/30, Batch 2500/3348, Loss: 0.2349
2025-10-09 22:35:51,476 [INFO] Época 11/30, Batch 2550/3348, Loss: 0.2558
2025-10-09 22:35:51,738 [INFO] Época 11/30, Batch 2600/3348, Loss: 0.1985
2025-10-09 22:35:51,998 [INFO] Época 11/30, Batch 2650/3348, Loss: 0.2681
2025-10-09 22:35:52,260 [INFO] Época 11/30, Batch 2700/3348, Loss: 0.1604
2025-10-09 22:35:52,521 [INFO] Época 11/30, Batch 2750/3348, Loss: 0.2327
2025-10-09 22:35:52,782 [INFO] Época 11/30, Batch 2800/3348, Loss: 0.2721
2025-10-09 22:35:53,043 [INFO] Época 11/30, Batch 2850/3348, Loss: 0.1641
2025-10-09 22:35:53,305 [INFO] Época 11/30, Batch 2900/3348, Loss: 0.1493
2025-10-09 22:35:53,564 [INFO] Época 11/30, Batch 2950/3348, Loss: 0.1747
2025-10-09 22:35:53,825 [INFO] Época 11/30, Batch 3000/3348, Loss: 0.2417
2025-10-09 22:35:54,086 [INFO] Época 11/30, Batch 3050/3348, Loss: 0.1595
2025-10-09 22:35:54,349 [INFO] Época 11/30, Batch 3100/3348, Loss: 0.2216
2025-10-09 22:35:54,610 [INFO] Época 11/30, Batch 3150/3348, Loss: 0.1689
2025-10-09 22:35:54,872 [INFO] Época 11/30, Batch 3200/3348, Loss: 0.2475
2025-10-09 22:35:55,136 [INFO] Época 11/30, Batch 3250/3348, Loss: 0.1601
2025-10-09 22:35:55,397 [INFO] Época 11/30, Batch 3300/3348, Loss: 0.1716
2025-10-09 22:35:57,255 [INFO] [11/30] Train Loss: 0.1949 | Val Loss: 0.4633 | Tempo: 19.47s
2025-10-09 22:35:57,256 [INFO] Early stopping ativado após 10 épocas sem melhoria
2025-10-09 22:35:57,256 [INFO] Treinamento concluído em 216.67 segundos (3.61 minutos)
2025-10-09 22:35:57,256 [INFO] Iniciando avaliação no conjunto de teste...
2025-10-09 22:35:58,762 [INFO] Avaliação do teste concluída em 1.51 segundos
2025-10-09 22:35:58,763 [INFO] MSE no teste: 0.9881
2025-10-09 22:35:58,763 [INFO] RMSE no teste: 0.9940
2025-10-09 22:35:58,763 [INFO] MAE no teste: 0.8180
2025-10-09 22:35:58,763 [INFO] Métricas salvas em /mnt/hdd/home/jdurao/ToolBox-ChemXAI/logs/mlp_att4_Avalon_metrics.json
