2025-10-10 10:52:58,346 [INFO] Iniciando treinamento do modelo mlp_att13_Morgan
2025-10-10 10:52:58,346 [INFO] Configuração: att_index=13, epochs=30, layers=[128, 64, 32], lr=0.001, batch_size=32, descriptor_type=Morgan
2025-10-10 10:52:58,346 [INFO] Diretório para modelos: /mnt/hdd/home/jdurao/ToolBox-ChemXAI/models
2025-10-10 10:52:58,346 [INFO] Carregando dados...
2025-10-10 10:52:58,424 [INFO] Preparando dataloaders sem ruído...
2025-10-10 10:53:06,585 [INFO] Dados carregados em 8.24 segundos
2025-10-10 10:53:06,585 [INFO] Tamanhos dos conjuntos - Treino: 107108, Validação: 13388, Teste: 13389
2025-10-10 10:53:06,585 [INFO] Usando dispositivo: cuda
2025-10-10 10:53:06,990 [INFO] Dimensão de entrada: 512, Dimensão de saída: 1
2025-10-10 10:53:06,991 [INFO] Criando modelo MLP com camadas: [128, 64, 32]
2025-10-10 10:53:06,996 [INFO] Modelo criado com 76033 parâmetros
2025-10-10 10:53:06,997 [INFO] Iniciando treinamento com 30 épocas...
2025-10-10 10:53:07,570 [INFO] Época 1/30, Batch 50/3348, Loss: 0.4811
2025-10-10 10:53:07,840 [INFO] Época 1/30, Batch 100/3348, Loss: 0.4784
2025-10-10 10:53:08,106 [INFO] Época 1/30, Batch 150/3348, Loss: 0.4875
2025-10-10 10:53:08,371 [INFO] Época 1/30, Batch 200/3348, Loss: 0.3593
2025-10-10 10:53:08,633 [INFO] Época 1/30, Batch 250/3348, Loss: 0.4322
2025-10-10 10:53:08,894 [INFO] Época 1/30, Batch 300/3348, Loss: 0.5892
2025-10-10 10:53:09,160 [INFO] Época 1/30, Batch 350/3348, Loss: 0.4782
2025-10-10 10:53:09,422 [INFO] Época 1/30, Batch 400/3348, Loss: 0.5066
2025-10-10 10:53:09,686 [INFO] Época 1/30, Batch 450/3348, Loss: 0.4164
2025-10-10 10:53:09,948 [INFO] Época 1/30, Batch 500/3348, Loss: 0.5696
2025-10-10 10:53:10,212 [INFO] Época 1/30, Batch 550/3348, Loss: 0.3950
2025-10-10 10:53:10,475 [INFO] Época 1/30, Batch 600/3348, Loss: 0.4534
2025-10-10 10:53:10,739 [INFO] Época 1/30, Batch 650/3348, Loss: 0.4517
2025-10-10 10:53:11,002 [INFO] Época 1/30, Batch 700/3348, Loss: 0.4482
2025-10-10 10:53:11,267 [INFO] Época 1/30, Batch 750/3348, Loss: 0.5074
2025-10-10 10:53:11,530 [INFO] Época 1/30, Batch 800/3348, Loss: 0.3948
2025-10-10 10:53:11,794 [INFO] Época 1/30, Batch 850/3348, Loss: 0.4759
2025-10-10 10:53:12,057 [INFO] Época 1/30, Batch 900/3348, Loss: 0.4616
2025-10-10 10:53:12,323 [INFO] Época 1/30, Batch 950/3348, Loss: 0.4284
2025-10-10 10:53:12,587 [INFO] Época 1/30, Batch 1000/3348, Loss: 0.5057
2025-10-10 10:53:12,849 [INFO] Época 1/30, Batch 1050/3348, Loss: 0.5366
2025-10-10 10:53:13,111 [INFO] Época 1/30, Batch 1100/3348, Loss: 0.5307
2025-10-10 10:53:13,376 [INFO] Época 1/30, Batch 1150/3348, Loss: 0.4425
2025-10-10 10:53:13,648 [INFO] Época 1/30, Batch 1200/3348, Loss: 0.4545
2025-10-10 10:53:13,912 [INFO] Época 1/30, Batch 1250/3348, Loss: 0.4396
2025-10-10 10:53:14,175 [INFO] Época 1/30, Batch 1300/3348, Loss: 0.3582
2025-10-10 10:53:14,436 [INFO] Época 1/30, Batch 1350/3348, Loss: 0.3860
2025-10-10 10:53:14,699 [INFO] Época 1/30, Batch 1400/3348, Loss: 0.3233
2025-10-10 10:53:14,963 [INFO] Época 1/30, Batch 1450/3348, Loss: 0.3803
2025-10-10 10:53:15,228 [INFO] Época 1/30, Batch 1500/3348, Loss: 0.4438
2025-10-10 10:53:15,492 [INFO] Época 1/30, Batch 1550/3348, Loss: 0.3432
2025-10-10 10:53:15,755 [INFO] Época 1/30, Batch 1600/3348, Loss: 0.5125
2025-10-10 10:53:16,015 [INFO] Época 1/30, Batch 1650/3348, Loss: 0.5689
2025-10-10 10:53:16,276 [INFO] Época 1/30, Batch 1700/3348, Loss: 0.5342
2025-10-10 10:53:16,539 [INFO] Época 1/30, Batch 1750/3348, Loss: 0.3445
2025-10-10 10:53:16,803 [INFO] Época 1/30, Batch 1800/3348, Loss: 0.4692
2025-10-10 10:53:17,063 [INFO] Época 1/30, Batch 1850/3348, Loss: 0.3598
2025-10-10 10:53:17,327 [INFO] Época 1/30, Batch 1900/3348, Loss: 0.4855
2025-10-10 10:53:17,591 [INFO] Época 1/30, Batch 1950/3348, Loss: 0.4546
2025-10-10 10:53:17,855 [INFO] Época 1/30, Batch 2000/3348, Loss: 0.3313
2025-10-10 10:53:18,119 [INFO] Época 1/30, Batch 2050/3348, Loss: 0.2651
2025-10-10 10:53:18,380 [INFO] Época 1/30, Batch 2100/3348, Loss: 0.4034
2025-10-10 10:53:18,643 [INFO] Época 1/30, Batch 2150/3348, Loss: 0.3490
2025-10-10 10:53:18,907 [INFO] Época 1/30, Batch 2200/3348, Loss: 0.4573
2025-10-10 10:53:19,171 [INFO] Época 1/30, Batch 2250/3348, Loss: 0.4220
2025-10-10 10:53:19,436 [INFO] Época 1/30, Batch 2300/3348, Loss: 0.4811
2025-10-10 10:53:19,698 [INFO] Época 1/30, Batch 2350/3348, Loss: 0.4402
2025-10-10 10:53:19,962 [INFO] Época 1/30, Batch 2400/3348, Loss: 0.3497
2025-10-10 10:53:20,225 [INFO] Época 1/30, Batch 2450/3348, Loss: 0.3395
2025-10-10 10:53:20,488 [INFO] Época 1/30, Batch 2500/3348, Loss: 0.4179
2025-10-10 10:53:20,753 [INFO] Época 1/30, Batch 2550/3348, Loss: 0.4958
2025-10-10 10:53:21,014 [INFO] Época 1/30, Batch 2600/3348, Loss: 0.3321
2025-10-10 10:53:21,277 [INFO] Época 1/30, Batch 2650/3348, Loss: 0.3791
2025-10-10 10:53:21,541 [INFO] Época 1/30, Batch 2700/3348, Loss: 0.3987
2025-10-10 10:53:21,805 [INFO] Época 1/30, Batch 2750/3348, Loss: 0.4278
2025-10-10 10:53:22,071 [INFO] Época 1/30, Batch 2800/3348, Loss: 0.3683
2025-10-10 10:53:22,334 [INFO] Época 1/30, Batch 2850/3348, Loss: 0.4122
2025-10-10 10:53:22,599 [INFO] Época 1/30, Batch 2900/3348, Loss: 0.2953
2025-10-10 10:53:22,861 [INFO] Época 1/30, Batch 2950/3348, Loss: 0.3907
2025-10-10 10:53:23,127 [INFO] Época 1/30, Batch 3000/3348, Loss: 0.4636
2025-10-10 10:53:23,391 [INFO] Época 1/30, Batch 3050/3348, Loss: 0.4588
2025-10-10 10:53:23,656 [INFO] Época 1/30, Batch 3100/3348, Loss: 0.3693
2025-10-10 10:53:23,918 [INFO] Época 1/30, Batch 3150/3348, Loss: 0.4529
2025-10-10 10:53:24,179 [INFO] Época 1/30, Batch 3200/3348, Loss: 0.2801
2025-10-10 10:53:24,442 [INFO] Época 1/30, Batch 3250/3348, Loss: 0.4163
2025-10-10 10:53:24,708 [INFO] Época 1/30, Batch 3300/3348, Loss: 0.5725
2025-10-10 10:53:26,515 [INFO] [1/30] Train Loss: 0.4203 | Val Loss: 0.4264 | Tempo: 19.52s
2025-10-10 10:53:26,520 [INFO] Melhor modelo salvo em: /mnt/hdd/home/jdurao/ToolBox-ChemXAI/models/mlp_qm9_Morgan_att13_large.pth
2025-10-10 10:53:27,091 [INFO] Época 2/30, Batch 50/3348, Loss: 0.2893
2025-10-10 10:53:27,362 [INFO] Época 2/30, Batch 100/3348, Loss: 0.3937
2025-10-10 10:53:27,629 [INFO] Época 2/30, Batch 150/3348, Loss: 0.4910
2025-10-10 10:53:27,907 [INFO] Época 2/30, Batch 200/3348, Loss: 0.3833
2025-10-10 10:53:28,181 [INFO] Época 2/30, Batch 250/3348, Loss: 0.2598
2025-10-10 10:53:28,457 [INFO] Época 2/30, Batch 300/3348, Loss: 0.2982
2025-10-10 10:53:28,731 [INFO] Época 2/30, Batch 350/3348, Loss: 0.2769
2025-10-10 10:53:29,006 [INFO] Época 2/30, Batch 400/3348, Loss: 0.4083
2025-10-10 10:53:29,282 [INFO] Época 2/30, Batch 450/3348, Loss: 0.2849
2025-10-10 10:53:29,557 [INFO] Época 2/30, Batch 500/3348, Loss: 0.3631
2025-10-10 10:53:29,831 [INFO] Época 2/30, Batch 550/3348, Loss: 0.3033
2025-10-10 10:53:30,105 [INFO] Época 2/30, Batch 600/3348, Loss: 0.2930
2025-10-10 10:53:30,379 [INFO] Época 2/30, Batch 650/3348, Loss: 0.3167
2025-10-10 10:53:30,653 [INFO] Época 2/30, Batch 700/3348, Loss: 0.4046
2025-10-10 10:53:30,923 [INFO] Época 2/30, Batch 750/3348, Loss: 0.4741
2025-10-10 10:53:31,198 [INFO] Época 2/30, Batch 800/3348, Loss: 0.4037
2025-10-10 10:53:31,468 [INFO] Época 2/30, Batch 850/3348, Loss: 0.3186
2025-10-10 10:53:31,741 [INFO] Época 2/30, Batch 900/3348, Loss: 0.3738
2025-10-10 10:53:32,011 [INFO] Época 2/30, Batch 950/3348, Loss: 0.4164
2025-10-10 10:53:32,283 [INFO] Época 2/30, Batch 1000/3348, Loss: 0.3651
2025-10-10 10:53:32,556 [INFO] Época 2/30, Batch 1050/3348, Loss: 0.3341
2025-10-10 10:53:32,825 [INFO] Época 2/30, Batch 1100/3348, Loss: 0.2120
2025-10-10 10:53:33,087 [INFO] Época 2/30, Batch 1150/3348, Loss: 0.3382
2025-10-10 10:53:33,348 [INFO] Época 2/30, Batch 1200/3348, Loss: 0.3096
2025-10-10 10:53:33,610 [INFO] Época 2/30, Batch 1250/3348, Loss: 0.3531
2025-10-10 10:53:33,873 [INFO] Época 2/30, Batch 1300/3348, Loss: 0.3186
2025-10-10 10:53:34,134 [INFO] Época 2/30, Batch 1350/3348, Loss: 0.4589
2025-10-10 10:53:34,394 [INFO] Época 2/30, Batch 1400/3348, Loss: 0.4001
2025-10-10 10:53:34,654 [INFO] Época 2/30, Batch 1450/3348, Loss: 0.4446
2025-10-10 10:53:34,918 [INFO] Época 2/30, Batch 1500/3348, Loss: 0.4218
2025-10-10 10:53:35,191 [INFO] Época 2/30, Batch 1550/3348, Loss: 0.2370
2025-10-10 10:53:35,465 [INFO] Época 2/30, Batch 1600/3348, Loss: 0.2576
2025-10-10 10:53:35,735 [INFO] Época 2/30, Batch 1650/3348, Loss: 0.3537
2025-10-10 10:53:35,998 [INFO] Época 2/30, Batch 1700/3348, Loss: 0.3810
2025-10-10 10:53:36,265 [INFO] Época 2/30, Batch 1750/3348, Loss: 0.3447
2025-10-10 10:53:36,527 [INFO] Época 2/30, Batch 1800/3348, Loss: 0.1790
2025-10-10 10:53:36,790 [INFO] Época 2/30, Batch 1850/3348, Loss: 0.2958
2025-10-10 10:53:37,052 [INFO] Época 2/30, Batch 1900/3348, Loss: 0.5346
2025-10-10 10:53:37,316 [INFO] Época 2/30, Batch 1950/3348, Loss: 0.4097
2025-10-10 10:53:37,582 [INFO] Época 2/30, Batch 2000/3348, Loss: 0.3678
2025-10-10 10:53:37,845 [INFO] Época 2/30, Batch 2050/3348, Loss: 0.3990
2025-10-10 10:53:38,109 [INFO] Época 2/30, Batch 2100/3348, Loss: 0.4130
2025-10-10 10:53:38,373 [INFO] Época 2/30, Batch 2150/3348, Loss: 0.3996
2025-10-10 10:53:38,637 [INFO] Época 2/30, Batch 2200/3348, Loss: 0.2784
2025-10-10 10:53:38,903 [INFO] Época 2/30, Batch 2250/3348, Loss: 0.4042
2025-10-10 10:53:39,167 [INFO] Época 2/30, Batch 2300/3348, Loss: 0.2965
2025-10-10 10:53:39,429 [INFO] Época 2/30, Batch 2350/3348, Loss: 0.5359
2025-10-10 10:53:39,691 [INFO] Época 2/30, Batch 2400/3348, Loss: 0.2946
2025-10-10 10:53:39,954 [INFO] Época 2/30, Batch 2450/3348, Loss: 0.2900
2025-10-10 10:53:40,218 [INFO] Época 2/30, Batch 2500/3348, Loss: 0.4388
2025-10-10 10:53:40,490 [INFO] Época 2/30, Batch 2550/3348, Loss: 0.3912
2025-10-10 10:53:40,763 [INFO] Época 2/30, Batch 2600/3348, Loss: 0.4448
2025-10-10 10:53:41,034 [INFO] Época 2/30, Batch 2650/3348, Loss: 0.3921
2025-10-10 10:53:41,305 [INFO] Época 2/30, Batch 2700/3348, Loss: 0.1660
2025-10-10 10:53:41,577 [INFO] Época 2/30, Batch 2750/3348, Loss: 0.2455
2025-10-10 10:53:41,850 [INFO] Época 2/30, Batch 2800/3348, Loss: 0.2682
2025-10-10 10:53:42,121 [INFO] Época 2/30, Batch 2850/3348, Loss: 0.3582
2025-10-10 10:53:42,394 [INFO] Época 2/30, Batch 2900/3348, Loss: 0.2706
2025-10-10 10:53:42,665 [INFO] Época 2/30, Batch 2950/3348, Loss: 0.4193
2025-10-10 10:53:42,941 [INFO] Época 2/30, Batch 3000/3348, Loss: 0.3690
2025-10-10 10:53:43,213 [INFO] Época 2/30, Batch 3050/3348, Loss: 0.3823
2025-10-10 10:53:43,477 [INFO] Época 2/30, Batch 3100/3348, Loss: 0.3282
2025-10-10 10:53:43,740 [INFO] Época 2/30, Batch 3150/3348, Loss: 0.3824
2025-10-10 10:53:44,002 [INFO] Época 2/30, Batch 3200/3348, Loss: 0.2688
2025-10-10 10:53:44,263 [INFO] Época 2/30, Batch 3250/3348, Loss: 0.4938
2025-10-10 10:53:44,529 [INFO] Época 2/30, Batch 3300/3348, Loss: 0.4898
2025-10-10 10:53:46,259 [INFO] [2/30] Train Loss: 0.3547 | Val Loss: 0.4391 | Tempo: 19.74s
2025-10-10 10:53:46,839 [INFO] Época 3/30, Batch 50/3348, Loss: 0.2362
2025-10-10 10:53:47,118 [INFO] Época 3/30, Batch 100/3348, Loss: 0.3499
2025-10-10 10:53:47,391 [INFO] Época 3/30, Batch 150/3348, Loss: 0.2724
2025-10-10 10:53:47,666 [INFO] Época 3/30, Batch 200/3348, Loss: 0.4163
2025-10-10 10:53:47,940 [INFO] Época 3/30, Batch 250/3348, Loss: 0.2333
2025-10-10 10:53:48,212 [INFO] Época 3/30, Batch 300/3348, Loss: 0.3657
2025-10-10 10:53:48,483 [INFO] Época 3/30, Batch 350/3348, Loss: 0.3376
2025-10-10 10:53:48,756 [INFO] Época 3/30, Batch 400/3348, Loss: 0.3504
2025-10-10 10:53:49,024 [INFO] Época 3/30, Batch 450/3348, Loss: 0.3277
2025-10-10 10:53:49,292 [INFO] Época 3/30, Batch 500/3348, Loss: 0.3871
2025-10-10 10:53:49,561 [INFO] Época 3/30, Batch 550/3348, Loss: 0.3759
2025-10-10 10:53:49,833 [INFO] Época 3/30, Batch 600/3348, Loss: 0.3624
2025-10-10 10:53:50,105 [INFO] Época 3/30, Batch 650/3348, Loss: 0.3722
2025-10-10 10:53:50,376 [INFO] Época 3/30, Batch 700/3348, Loss: 0.3323
2025-10-10 10:53:50,644 [INFO] Época 3/30, Batch 750/3348, Loss: 0.1796
2025-10-10 10:53:50,902 [INFO] Época 3/30, Batch 800/3348, Loss: 0.2752
2025-10-10 10:53:51,163 [INFO] Época 3/30, Batch 850/3348, Loss: 0.3770
2025-10-10 10:53:51,419 [INFO] Época 3/30, Batch 900/3348, Loss: 0.2538
2025-10-10 10:53:51,677 [INFO] Época 3/30, Batch 950/3348, Loss: 0.2222
2025-10-10 10:53:51,944 [INFO] Época 3/30, Batch 1000/3348, Loss: 0.3469
2025-10-10 10:53:52,215 [INFO] Época 3/30, Batch 1050/3348, Loss: 0.3864
2025-10-10 10:53:52,484 [INFO] Época 3/30, Batch 1100/3348, Loss: 0.3568
2025-10-10 10:53:52,749 [INFO] Época 3/30, Batch 1150/3348, Loss: 0.3194
2025-10-10 10:53:53,010 [INFO] Época 3/30, Batch 1200/3348, Loss: 0.3075
2025-10-10 10:53:53,273 [INFO] Época 3/30, Batch 1250/3348, Loss: 0.2275
2025-10-10 10:53:53,536 [INFO] Época 3/30, Batch 1300/3348, Loss: 0.3374
2025-10-10 10:53:53,799 [INFO] Época 3/30, Batch 1350/3348, Loss: 0.2779
2025-10-10 10:53:54,060 [INFO] Época 3/30, Batch 1400/3348, Loss: 0.3202
2025-10-10 10:53:54,322 [INFO] Época 3/30, Batch 1450/3348, Loss: 0.2906
2025-10-10 10:53:54,584 [INFO] Época 3/30, Batch 1500/3348, Loss: 0.3571
2025-10-10 10:53:54,847 [INFO] Época 3/30, Batch 1550/3348, Loss: 0.2949
2025-10-10 10:53:55,110 [INFO] Época 3/30, Batch 1600/3348, Loss: 0.4070
2025-10-10 10:53:55,372 [INFO] Época 3/30, Batch 1650/3348, Loss: 0.2384
2025-10-10 10:53:55,634 [INFO] Época 3/30, Batch 1700/3348, Loss: 0.2277
2025-10-10 10:53:55,906 [INFO] Época 3/30, Batch 1750/3348, Loss: 0.3174
2025-10-10 10:53:56,177 [INFO] Época 3/30, Batch 1800/3348, Loss: 0.2079
2025-10-10 10:53:56,447 [INFO] Época 3/30, Batch 1850/3348, Loss: 0.1982
2025-10-10 10:53:56,718 [INFO] Época 3/30, Batch 1900/3348, Loss: 0.2254
2025-10-10 10:53:56,986 [INFO] Época 3/30, Batch 1950/3348, Loss: 0.2598
2025-10-10 10:53:57,246 [INFO] Época 3/30, Batch 2000/3348, Loss: 0.3177
2025-10-10 10:53:57,507 [INFO] Época 3/30, Batch 2050/3348, Loss: 0.3225
2025-10-10 10:53:57,768 [INFO] Época 3/30, Batch 2100/3348, Loss: 0.3448
2025-10-10 10:53:58,030 [INFO] Época 3/30, Batch 2150/3348, Loss: 0.5088
2025-10-10 10:53:58,291 [INFO] Época 3/30, Batch 2200/3348, Loss: 0.4518
2025-10-10 10:53:58,551 [INFO] Época 3/30, Batch 2250/3348, Loss: 0.3545
2025-10-10 10:53:58,811 [INFO] Época 3/30, Batch 2300/3348, Loss: 0.3474
2025-10-10 10:53:59,073 [INFO] Época 3/30, Batch 2350/3348, Loss: 0.2416
2025-10-10 10:53:59,333 [INFO] Época 3/30, Batch 2400/3348, Loss: 0.2814
2025-10-10 10:53:59,593 [INFO] Época 3/30, Batch 2450/3348, Loss: 0.2451
2025-10-10 10:53:59,855 [INFO] Época 3/30, Batch 2500/3348, Loss: 0.3879
2025-10-10 10:54:00,115 [INFO] Época 3/30, Batch 2550/3348, Loss: 0.2032
2025-10-10 10:54:00,377 [INFO] Época 3/30, Batch 2600/3348, Loss: 0.2198
2025-10-10 10:54:00,638 [INFO] Época 3/30, Batch 2650/3348, Loss: 0.3265
2025-10-10 10:54:00,899 [INFO] Época 3/30, Batch 2700/3348, Loss: 0.3313
2025-10-10 10:54:01,163 [INFO] Época 3/30, Batch 2750/3348, Loss: 0.4005
2025-10-10 10:54:01,423 [INFO] Época 3/30, Batch 2800/3348, Loss: 0.3857
2025-10-10 10:54:01,685 [INFO] Época 3/30, Batch 2850/3348, Loss: 0.1892
2025-10-10 10:54:01,946 [INFO] Época 3/30, Batch 2900/3348, Loss: 0.3101
2025-10-10 10:54:02,208 [INFO] Época 3/30, Batch 2950/3348, Loss: 0.3163
2025-10-10 10:54:02,470 [INFO] Época 3/30, Batch 3000/3348, Loss: 0.2525
2025-10-10 10:54:02,731 [INFO] Época 3/30, Batch 3050/3348, Loss: 0.2750
2025-10-10 10:54:02,992 [INFO] Época 3/30, Batch 3100/3348, Loss: 0.2766
2025-10-10 10:54:03,254 [INFO] Época 3/30, Batch 3150/3348, Loss: 0.3149
2025-10-10 10:54:03,515 [INFO] Época 3/30, Batch 3200/3348, Loss: 0.3560
2025-10-10 10:54:03,776 [INFO] Época 3/30, Batch 3250/3348, Loss: 0.3373
2025-10-10 10:54:04,038 [INFO] Época 3/30, Batch 3300/3348, Loss: 0.2823
2025-10-10 10:54:05,775 [INFO] [3/30] Train Loss: 0.3225 | Val Loss: 0.4443 | Tempo: 19.52s
2025-10-10 10:54:06,333 [INFO] Época 4/30, Batch 50/3348, Loss: 0.3040
2025-10-10 10:54:06,590 [INFO] Época 4/30, Batch 100/3348, Loss: 0.2010
2025-10-10 10:54:06,842 [INFO] Época 4/30, Batch 150/3348, Loss: 0.2813
2025-10-10 10:54:07,092 [INFO] Época 4/30, Batch 200/3348, Loss: 0.3506
2025-10-10 10:54:07,342 [INFO] Época 4/30, Batch 250/3348, Loss: 0.2598
2025-10-10 10:54:07,591 [INFO] Época 4/30, Batch 300/3348, Loss: 0.3056
2025-10-10 10:54:07,844 [INFO] Época 4/30, Batch 350/3348, Loss: 0.2471
2025-10-10 10:54:08,096 [INFO] Época 4/30, Batch 400/3348, Loss: 0.2431
2025-10-10 10:54:08,346 [INFO] Época 4/30, Batch 450/3348, Loss: 0.5023
2025-10-10 10:54:08,595 [INFO] Época 4/30, Batch 500/3348, Loss: 0.2399
2025-10-10 10:54:08,846 [INFO] Época 4/30, Batch 550/3348, Loss: 0.3827
2025-10-10 10:54:09,097 [INFO] Época 4/30, Batch 600/3348, Loss: 0.3224
2025-10-10 10:54:09,346 [INFO] Época 4/30, Batch 650/3348, Loss: 0.3338
2025-10-10 10:54:09,598 [INFO] Época 4/30, Batch 700/3348, Loss: 0.3760
2025-10-10 10:54:09,848 [INFO] Época 4/30, Batch 750/3348, Loss: 0.3020
2025-10-10 10:54:10,097 [INFO] Época 4/30, Batch 800/3348, Loss: 0.1964
2025-10-10 10:54:10,347 [INFO] Época 4/30, Batch 850/3348, Loss: 0.1855
2025-10-10 10:54:10,596 [INFO] Época 4/30, Batch 900/3348, Loss: 0.2196
2025-10-10 10:54:10,846 [INFO] Época 4/30, Batch 950/3348, Loss: 0.3794
2025-10-10 10:54:11,094 [INFO] Época 4/30, Batch 1000/3348, Loss: 0.3716
2025-10-10 10:54:11,342 [INFO] Época 4/30, Batch 1050/3348, Loss: 0.2876
2025-10-10 10:54:11,592 [INFO] Época 4/30, Batch 1100/3348, Loss: 0.3659
2025-10-10 10:54:11,843 [INFO] Época 4/30, Batch 1150/3348, Loss: 0.3622
2025-10-10 10:54:12,092 [INFO] Época 4/30, Batch 1200/3348, Loss: 0.2661
2025-10-10 10:54:12,341 [INFO] Época 4/30, Batch 1250/3348, Loss: 0.2491
2025-10-10 10:54:12,590 [INFO] Época 4/30, Batch 1300/3348, Loss: 0.3711
2025-10-10 10:54:12,840 [INFO] Época 4/30, Batch 1350/3348, Loss: 0.3238
2025-10-10 10:54:13,089 [INFO] Época 4/30, Batch 1400/3348, Loss: 0.3731
2025-10-10 10:54:13,339 [INFO] Época 4/30, Batch 1450/3348, Loss: 0.4640
2025-10-10 10:54:13,590 [INFO] Época 4/30, Batch 1500/3348, Loss: 0.3783
2025-10-10 10:54:13,842 [INFO] Época 4/30, Batch 1550/3348, Loss: 0.3794
2025-10-10 10:54:14,091 [INFO] Época 4/30, Batch 1600/3348, Loss: 0.2055
2025-10-10 10:54:14,341 [INFO] Época 4/30, Batch 1650/3348, Loss: 0.2478
2025-10-10 10:54:14,591 [INFO] Época 4/30, Batch 1700/3348, Loss: 0.2245
2025-10-10 10:54:14,840 [INFO] Época 4/30, Batch 1750/3348, Loss: 0.3952
2025-10-10 10:54:15,088 [INFO] Época 4/30, Batch 1800/3348, Loss: 0.3433
2025-10-10 10:54:15,338 [INFO] Época 4/30, Batch 1850/3348, Loss: 0.2318
2025-10-10 10:54:15,588 [INFO] Época 4/30, Batch 1900/3348, Loss: 0.4140
2025-10-10 10:54:15,837 [INFO] Época 4/30, Batch 1950/3348, Loss: 0.2955
2025-10-10 10:54:16,086 [INFO] Época 4/30, Batch 2000/3348, Loss: 0.4312
2025-10-10 10:54:16,335 [INFO] Época 4/30, Batch 2050/3348, Loss: 0.2125
2025-10-10 10:54:16,586 [INFO] Época 4/30, Batch 2100/3348, Loss: 0.3342
2025-10-10 10:54:16,837 [INFO] Época 4/30, Batch 2150/3348, Loss: 0.2136
2025-10-10 10:54:17,084 [INFO] Época 4/30, Batch 2200/3348, Loss: 0.3139
2025-10-10 10:54:17,334 [INFO] Época 4/30, Batch 2250/3348, Loss: 0.4357
2025-10-10 10:54:17,584 [INFO] Época 4/30, Batch 2300/3348, Loss: 0.2339
2025-10-10 10:54:17,835 [INFO] Época 4/30, Batch 2350/3348, Loss: 0.3931
2025-10-10 10:54:18,086 [INFO] Época 4/30, Batch 2400/3348, Loss: 0.3808
2025-10-10 10:54:18,335 [INFO] Época 4/30, Batch 2450/3348, Loss: 0.3231
2025-10-10 10:54:18,583 [INFO] Época 4/30, Batch 2500/3348, Loss: 0.3427
2025-10-10 10:54:18,834 [INFO] Época 4/30, Batch 2550/3348, Loss: 0.3270
2025-10-10 10:54:19,085 [INFO] Época 4/30, Batch 2600/3348, Loss: 0.4057
2025-10-10 10:54:19,338 [INFO] Época 4/30, Batch 2650/3348, Loss: 0.3001
2025-10-10 10:54:19,589 [INFO] Época 4/30, Batch 2700/3348, Loss: 0.2776
2025-10-10 10:54:19,841 [INFO] Época 4/30, Batch 2750/3348, Loss: 0.1794
2025-10-10 10:54:20,092 [INFO] Época 4/30, Batch 2800/3348, Loss: 0.2152
2025-10-10 10:54:20,344 [INFO] Época 4/30, Batch 2850/3348, Loss: 0.2473
2025-10-10 10:54:20,597 [INFO] Época 4/30, Batch 2900/3348, Loss: 0.2407
2025-10-10 10:54:20,847 [INFO] Época 4/30, Batch 2950/3348, Loss: 0.3287
2025-10-10 10:54:21,096 [INFO] Época 4/30, Batch 3000/3348, Loss: 0.2716
2025-10-10 10:54:21,343 [INFO] Época 4/30, Batch 3050/3348, Loss: 0.3736
2025-10-10 10:54:21,592 [INFO] Época 4/30, Batch 3100/3348, Loss: 0.2388
2025-10-10 10:54:21,841 [INFO] Época 4/30, Batch 3150/3348, Loss: 0.3804
2025-10-10 10:54:22,088 [INFO] Época 4/30, Batch 3200/3348, Loss: 0.2933
2025-10-10 10:54:22,336 [INFO] Época 4/30, Batch 3250/3348, Loss: 0.4055
2025-10-10 10:54:22,583 [INFO] Época 4/30, Batch 3300/3348, Loss: 0.3747
2025-10-10 10:54:24,464 [INFO] [4/30] Train Loss: 0.3006 | Val Loss: 0.4400 | Tempo: 18.69s
2025-10-10 10:54:25,046 [INFO] Época 5/30, Batch 50/3348, Loss: 0.3551
2025-10-10 10:54:25,313 [INFO] Época 5/30, Batch 100/3348, Loss: 0.3115
2025-10-10 10:54:25,581 [INFO] Época 5/30, Batch 150/3348, Loss: 0.3003
2025-10-10 10:54:25,843 [INFO] Época 5/30, Batch 200/3348, Loss: 0.3282
2025-10-10 10:54:26,108 [INFO] Época 5/30, Batch 250/3348, Loss: 0.3051
2025-10-10 10:54:26,371 [INFO] Época 5/30, Batch 300/3348, Loss: 0.3413
2025-10-10 10:54:26,635 [INFO] Época 5/30, Batch 350/3348, Loss: 0.3287
2025-10-10 10:54:26,898 [INFO] Época 5/30, Batch 400/3348, Loss: 0.4010
2025-10-10 10:54:27,160 [INFO] Época 5/30, Batch 450/3348, Loss: 0.3056
2025-10-10 10:54:27,421 [INFO] Época 5/30, Batch 500/3348, Loss: 0.3861
2025-10-10 10:54:27,684 [INFO] Época 5/30, Batch 550/3348, Loss: 0.1745
2025-10-10 10:54:27,946 [INFO] Época 5/30, Batch 600/3348, Loss: 0.2862
2025-10-10 10:54:28,208 [INFO] Época 5/30, Batch 650/3348, Loss: 0.3163
2025-10-10 10:54:28,470 [INFO] Época 5/30, Batch 700/3348, Loss: 0.2680
2025-10-10 10:54:28,733 [INFO] Época 5/30, Batch 750/3348, Loss: 0.2375
2025-10-10 10:54:28,995 [INFO] Época 5/30, Batch 800/3348, Loss: 0.2641
2025-10-10 10:54:29,256 [INFO] Época 5/30, Batch 850/3348, Loss: 0.2857
2025-10-10 10:54:29,519 [INFO] Época 5/30, Batch 900/3348, Loss: 0.1514
2025-10-10 10:54:29,779 [INFO] Época 5/30, Batch 950/3348, Loss: 0.2086
2025-10-10 10:54:30,041 [INFO] Época 5/30, Batch 1000/3348, Loss: 0.2865
2025-10-10 10:54:30,301 [INFO] Época 5/30, Batch 1050/3348, Loss: 0.2686
2025-10-10 10:54:30,561 [INFO] Época 5/30, Batch 1100/3348, Loss: 0.2800
2025-10-10 10:54:30,824 [INFO] Época 5/30, Batch 1150/3348, Loss: 0.4352
2025-10-10 10:54:31,086 [INFO] Época 5/30, Batch 1200/3348, Loss: 0.3591
2025-10-10 10:54:31,348 [INFO] Época 5/30, Batch 1250/3348, Loss: 0.3164
2025-10-10 10:54:31,607 [INFO] Época 5/30, Batch 1300/3348, Loss: 0.2897
2025-10-10 10:54:31,869 [INFO] Época 5/30, Batch 1350/3348, Loss: 0.2721
2025-10-10 10:54:32,131 [INFO] Época 5/30, Batch 1400/3348, Loss: 0.3277
2025-10-10 10:54:32,393 [INFO] Época 5/30, Batch 1450/3348, Loss: 0.4335
2025-10-10 10:54:32,652 [INFO] Época 5/30, Batch 1500/3348, Loss: 0.2757
2025-10-10 10:54:32,911 [INFO] Época 5/30, Batch 1550/3348, Loss: 0.2163
2025-10-10 10:54:33,173 [INFO] Época 5/30, Batch 1600/3348, Loss: 0.4115
2025-10-10 10:54:33,434 [INFO] Época 5/30, Batch 1650/3348, Loss: 0.3690
2025-10-10 10:54:33,697 [INFO] Época 5/30, Batch 1700/3348, Loss: 0.3756
2025-10-10 10:54:33,957 [INFO] Época 5/30, Batch 1750/3348, Loss: 0.4300
2025-10-10 10:54:34,220 [INFO] Época 5/30, Batch 1800/3348, Loss: 0.1635
2025-10-10 10:54:34,484 [INFO] Época 5/30, Batch 1850/3348, Loss: 0.3070
2025-10-10 10:54:34,747 [INFO] Época 5/30, Batch 1900/3348, Loss: 0.3614
2025-10-10 10:54:35,007 [INFO] Época 5/30, Batch 1950/3348, Loss: 0.2734
2025-10-10 10:54:35,268 [INFO] Época 5/30, Batch 2000/3348, Loss: 0.4374
2025-10-10 10:54:35,528 [INFO] Época 5/30, Batch 2050/3348, Loss: 0.2240
2025-10-10 10:54:35,789 [INFO] Época 5/30, Batch 2100/3348, Loss: 0.2781
2025-10-10 10:54:36,050 [INFO] Época 5/30, Batch 2150/3348, Loss: 0.4657
2025-10-10 10:54:36,314 [INFO] Época 5/30, Batch 2200/3348, Loss: 0.2234
2025-10-10 10:54:36,574 [INFO] Época 5/30, Batch 2250/3348, Loss: 0.2179
2025-10-10 10:54:36,834 [INFO] Época 5/30, Batch 2300/3348, Loss: 0.3732
2025-10-10 10:54:37,094 [INFO] Época 5/30, Batch 2350/3348, Loss: 0.2041
2025-10-10 10:54:37,352 [INFO] Época 5/30, Batch 2400/3348, Loss: 0.4270
2025-10-10 10:54:37,611 [INFO] Época 5/30, Batch 2450/3348, Loss: 0.2591
2025-10-10 10:54:37,870 [INFO] Época 5/30, Batch 2500/3348, Loss: 0.2208
2025-10-10 10:54:38,128 [INFO] Época 5/30, Batch 2550/3348, Loss: 0.2550
2025-10-10 10:54:38,396 [INFO] Época 5/30, Batch 2600/3348, Loss: 0.2520
2025-10-10 10:54:38,656 [INFO] Época 5/30, Batch 2650/3348, Loss: 0.2108
2025-10-10 10:54:38,918 [INFO] Época 5/30, Batch 2700/3348, Loss: 0.4740
2025-10-10 10:54:39,176 [INFO] Época 5/30, Batch 2750/3348, Loss: 0.2677
2025-10-10 10:54:39,435 [INFO] Época 5/30, Batch 2800/3348, Loss: 0.5155
2025-10-10 10:54:39,696 [INFO] Época 5/30, Batch 2850/3348, Loss: 0.3393
2025-10-10 10:54:39,956 [INFO] Época 5/30, Batch 2900/3348, Loss: 0.3105
2025-10-10 10:54:40,216 [INFO] Época 5/30, Batch 2950/3348, Loss: 0.4073
2025-10-10 10:54:40,481 [INFO] Época 5/30, Batch 3000/3348, Loss: 0.2439
2025-10-10 10:54:40,745 [INFO] Época 5/30, Batch 3050/3348, Loss: 0.1729
2025-10-10 10:54:41,007 [INFO] Época 5/30, Batch 3100/3348, Loss: 0.2785
2025-10-10 10:54:41,269 [INFO] Época 5/30, Batch 3150/3348, Loss: 0.3915
2025-10-10 10:54:41,534 [INFO] Época 5/30, Batch 3200/3348, Loss: 0.2261
2025-10-10 10:54:41,797 [INFO] Época 5/30, Batch 3250/3348, Loss: 0.5206
2025-10-10 10:54:42,061 [INFO] Época 5/30, Batch 3300/3348, Loss: 0.3192
2025-10-10 10:54:43,832 [INFO] [5/30] Train Loss: 0.2848 | Val Loss: 0.4544 | Tempo: 19.37s
2025-10-10 10:54:44,405 [INFO] Época 6/30, Batch 50/3348, Loss: 0.3394
2025-10-10 10:54:44,677 [INFO] Época 6/30, Batch 100/3348, Loss: 0.3639
2025-10-10 10:54:44,948 [INFO] Época 6/30, Batch 150/3348, Loss: 0.2618
2025-10-10 10:54:45,215 [INFO] Época 6/30, Batch 200/3348, Loss: 0.1802
2025-10-10 10:54:45,481 [INFO] Época 6/30, Batch 250/3348, Loss: 0.2065
2025-10-10 10:54:45,747 [INFO] Época 6/30, Batch 300/3348, Loss: 0.3089
2025-10-10 10:54:46,019 [INFO] Época 6/30, Batch 350/3348, Loss: 0.3263
2025-10-10 10:54:46,292 [INFO] Época 6/30, Batch 400/3348, Loss: 0.3122
2025-10-10 10:54:46,562 [INFO] Época 6/30, Batch 450/3348, Loss: 0.3344
2025-10-10 10:54:46,833 [INFO] Época 6/30, Batch 500/3348, Loss: 0.2499
2025-10-10 10:54:47,104 [INFO] Época 6/30, Batch 550/3348, Loss: 0.2366
2025-10-10 10:54:47,374 [INFO] Época 6/30, Batch 600/3348, Loss: 0.4298
2025-10-10 10:54:47,645 [INFO] Época 6/30, Batch 650/3348, Loss: 0.3591
2025-10-10 10:54:47,916 [INFO] Época 6/30, Batch 700/3348, Loss: 0.2080
2025-10-10 10:54:48,177 [INFO] Época 6/30, Batch 750/3348, Loss: 0.3729
2025-10-10 10:54:48,437 [INFO] Época 6/30, Batch 800/3348, Loss: 0.1955
2025-10-10 10:54:48,703 [INFO] Época 6/30, Batch 850/3348, Loss: 0.3212
2025-10-10 10:54:48,971 [INFO] Época 6/30, Batch 900/3348, Loss: 0.1915
2025-10-10 10:54:49,239 [INFO] Época 6/30, Batch 950/3348, Loss: 0.3047
2025-10-10 10:54:49,501 [INFO] Época 6/30, Batch 1000/3348, Loss: 0.2906
2025-10-10 10:54:49,753 [INFO] Época 6/30, Batch 1050/3348, Loss: 0.2117
2025-10-10 10:54:50,005 [INFO] Época 6/30, Batch 1100/3348, Loss: 0.3434
2025-10-10 10:54:50,256 [INFO] Época 6/30, Batch 1150/3348, Loss: 0.1125
2025-10-10 10:54:50,508 [INFO] Época 6/30, Batch 1200/3348, Loss: 0.3277
2025-10-10 10:54:50,765 [INFO] Época 6/30, Batch 1250/3348, Loss: 0.2136
2025-10-10 10:54:51,029 [INFO] Época 6/30, Batch 1300/3348, Loss: 0.3193
2025-10-10 10:54:51,299 [INFO] Época 6/30, Batch 1350/3348, Loss: 0.2996
2025-10-10 10:54:51,568 [INFO] Época 6/30, Batch 1400/3348, Loss: 0.3767
2025-10-10 10:54:51,840 [INFO] Época 6/30, Batch 1450/3348, Loss: 0.1686
2025-10-10 10:54:52,109 [INFO] Época 6/30, Batch 1500/3348, Loss: 0.1874
2025-10-10 10:54:52,377 [INFO] Época 6/30, Batch 1550/3348, Loss: 0.3297
2025-10-10 10:54:52,646 [INFO] Época 6/30, Batch 1600/3348, Loss: 0.2766
2025-10-10 10:54:52,915 [INFO] Época 6/30, Batch 1650/3348, Loss: 0.3741
2025-10-10 10:54:53,186 [INFO] Época 6/30, Batch 1700/3348, Loss: 0.3280
2025-10-10 10:54:53,456 [INFO] Época 6/30, Batch 1750/3348, Loss: 0.2982
2025-10-10 10:54:53,725 [INFO] Época 6/30, Batch 1800/3348, Loss: 0.3620
2025-10-10 10:54:53,995 [INFO] Época 6/30, Batch 1850/3348, Loss: 0.2212
2025-10-10 10:54:54,264 [INFO] Época 6/30, Batch 1900/3348, Loss: 0.4019
2025-10-10 10:54:54,534 [INFO] Época 6/30, Batch 1950/3348, Loss: 0.2527
2025-10-10 10:54:54,803 [INFO] Época 6/30, Batch 2000/3348, Loss: 0.2046
2025-10-10 10:54:55,073 [INFO] Época 6/30, Batch 2050/3348, Loss: 0.1869
2025-10-10 10:54:55,342 [INFO] Época 6/30, Batch 2100/3348, Loss: 0.2094
2025-10-10 10:54:55,611 [INFO] Época 6/30, Batch 2150/3348, Loss: 0.2496
2025-10-10 10:54:55,877 [INFO] Época 6/30, Batch 2200/3348, Loss: 0.3369
2025-10-10 10:54:56,146 [INFO] Época 6/30, Batch 2250/3348, Loss: 0.2232
2025-10-10 10:54:56,416 [INFO] Época 6/30, Batch 2300/3348, Loss: 0.2763
2025-10-10 10:54:56,684 [INFO] Época 6/30, Batch 2350/3348, Loss: 0.2270
2025-10-10 10:54:56,955 [INFO] Época 6/30, Batch 2400/3348, Loss: 0.3541
2025-10-10 10:54:57,223 [INFO] Época 6/30, Batch 2450/3348, Loss: 0.2561
2025-10-10 10:54:57,493 [INFO] Época 6/30, Batch 2500/3348, Loss: 0.3571
2025-10-10 10:54:57,760 [INFO] Época 6/30, Batch 2550/3348, Loss: 0.3018
2025-10-10 10:54:58,028 [INFO] Época 6/30, Batch 2600/3348, Loss: 0.2966
2025-10-10 10:54:58,295 [INFO] Época 6/30, Batch 2650/3348, Loss: 0.2012
2025-10-10 10:54:58,566 [INFO] Época 6/30, Batch 2700/3348, Loss: 0.2284
2025-10-10 10:54:58,836 [INFO] Época 6/30, Batch 2750/3348, Loss: 0.2382
2025-10-10 10:54:59,105 [INFO] Época 6/30, Batch 2800/3348, Loss: 0.3118
2025-10-10 10:54:59,375 [INFO] Época 6/30, Batch 2850/3348, Loss: 0.3383
2025-10-10 10:54:59,647 [INFO] Época 6/30, Batch 2900/3348, Loss: 0.2571
2025-10-10 10:54:59,917 [INFO] Época 6/30, Batch 2950/3348, Loss: 0.4457
2025-10-10 10:55:00,189 [INFO] Época 6/30, Batch 3000/3348, Loss: 0.2783
2025-10-10 10:55:00,460 [INFO] Época 6/30, Batch 3050/3348, Loss: 0.3483
2025-10-10 10:55:00,729 [INFO] Época 6/30, Batch 3100/3348, Loss: 0.1782
2025-10-10 10:55:00,997 [INFO] Época 6/30, Batch 3150/3348, Loss: 0.2513
2025-10-10 10:55:01,266 [INFO] Época 6/30, Batch 3200/3348, Loss: 0.2820
2025-10-10 10:55:01,538 [INFO] Época 6/30, Batch 3250/3348, Loss: 0.3036
2025-10-10 10:55:01,809 [INFO] Época 6/30, Batch 3300/3348, Loss: 0.3407
2025-10-10 10:55:03,612 [INFO] [6/30] Train Loss: 0.2703 | Val Loss: 0.4176 | Tempo: 19.78s
2025-10-10 10:55:03,618 [INFO] Melhor modelo salvo em: /mnt/hdd/home/jdurao/ToolBox-ChemXAI/models/mlp_qm9_Morgan_att13_large.pth
2025-10-10 10:55:04,198 [INFO] Época 7/30, Batch 50/3348, Loss: 0.2561
2025-10-10 10:55:04,470 [INFO] Época 7/30, Batch 100/3348, Loss: 0.3181
2025-10-10 10:55:04,741 [INFO] Época 7/30, Batch 150/3348, Loss: 0.2448
2025-10-10 10:55:05,012 [INFO] Época 7/30, Batch 200/3348, Loss: 0.2692
2025-10-10 10:55:05,280 [INFO] Época 7/30, Batch 250/3348, Loss: 0.2874
2025-10-10 10:55:05,546 [INFO] Época 7/30, Batch 300/3348, Loss: 0.3147
2025-10-10 10:55:05,811 [INFO] Época 7/30, Batch 350/3348, Loss: 0.3606
2025-10-10 10:55:06,077 [INFO] Época 7/30, Batch 400/3348, Loss: 0.1877
2025-10-10 10:55:06,344 [INFO] Época 7/30, Batch 450/3348, Loss: 0.1381
2025-10-10 10:55:06,606 [INFO] Época 7/30, Batch 500/3348, Loss: 0.2437
2025-10-10 10:55:06,871 [INFO] Época 7/30, Batch 550/3348, Loss: 0.3093
2025-10-10 10:55:07,134 [INFO] Época 7/30, Batch 600/3348, Loss: 0.1937
2025-10-10 10:55:07,404 [INFO] Época 7/30, Batch 650/3348, Loss: 0.2431
2025-10-10 10:55:07,670 [INFO] Época 7/30, Batch 700/3348, Loss: 0.2394
2025-10-10 10:55:07,927 [INFO] Época 7/30, Batch 750/3348, Loss: 0.2725
2025-10-10 10:55:08,179 [INFO] Época 7/30, Batch 800/3348, Loss: 0.3086
2025-10-10 10:55:08,449 [INFO] Época 7/30, Batch 850/3348, Loss: 0.3471
2025-10-10 10:55:08,712 [INFO] Época 7/30, Batch 900/3348, Loss: 0.1810
2025-10-10 10:55:08,979 [INFO] Época 7/30, Batch 950/3348, Loss: 0.2717
2025-10-10 10:55:09,231 [INFO] Época 7/30, Batch 1000/3348, Loss: 0.3708
2025-10-10 10:55:09,482 [INFO] Época 7/30, Batch 1050/3348, Loss: 0.2988
2025-10-10 10:55:09,735 [INFO] Época 7/30, Batch 1100/3348, Loss: 0.2218
2025-10-10 10:55:09,996 [INFO] Época 7/30, Batch 1150/3348, Loss: 0.2797
2025-10-10 10:55:10,261 [INFO] Época 7/30, Batch 1200/3348, Loss: 0.2628
2025-10-10 10:55:10,523 [INFO] Época 7/30, Batch 1250/3348, Loss: 0.2045
2025-10-10 10:55:10,786 [INFO] Época 7/30, Batch 1300/3348, Loss: 0.3672
2025-10-10 10:55:11,045 [INFO] Época 7/30, Batch 1350/3348, Loss: 0.1605
2025-10-10 10:55:11,305 [INFO] Época 7/30, Batch 1400/3348, Loss: 0.2718
2025-10-10 10:55:11,566 [INFO] Época 7/30, Batch 1450/3348, Loss: 0.3452
2025-10-10 10:55:11,838 [INFO] Época 7/30, Batch 1500/3348, Loss: 0.2074
2025-10-10 10:55:12,110 [INFO] Época 7/30, Batch 1550/3348, Loss: 0.2244
2025-10-10 10:55:12,381 [INFO] Época 7/30, Batch 1600/3348, Loss: 0.2734
2025-10-10 10:55:12,648 [INFO] Época 7/30, Batch 1650/3348, Loss: 0.2379
2025-10-10 10:55:12,913 [INFO] Época 7/30, Batch 1700/3348, Loss: 0.1621
2025-10-10 10:55:13,180 [INFO] Época 7/30, Batch 1750/3348, Loss: 0.0935
2025-10-10 10:55:13,447 [INFO] Época 7/30, Batch 1800/3348, Loss: 0.3587
2025-10-10 10:55:13,713 [INFO] Época 7/30, Batch 1850/3348, Loss: 0.2829
2025-10-10 10:55:13,979 [INFO] Época 7/30, Batch 1900/3348, Loss: 0.2023
2025-10-10 10:55:14,245 [INFO] Época 7/30, Batch 1950/3348, Loss: 0.1617
2025-10-10 10:55:14,513 [INFO] Época 7/30, Batch 2000/3348, Loss: 0.2244
2025-10-10 10:55:14,779 [INFO] Época 7/30, Batch 2050/3348, Loss: 0.2338
2025-10-10 10:55:15,047 [INFO] Época 7/30, Batch 2100/3348, Loss: 0.2417
2025-10-10 10:55:15,315 [INFO] Época 7/30, Batch 2150/3348, Loss: 0.2543
2025-10-10 10:55:15,579 [INFO] Época 7/30, Batch 2200/3348, Loss: 0.1745
2025-10-10 10:55:15,846 [INFO] Época 7/30, Batch 2250/3348, Loss: 0.3925
2025-10-10 10:55:16,113 [INFO] Época 7/30, Batch 2300/3348, Loss: 0.2179
2025-10-10 10:55:16,377 [INFO] Época 7/30, Batch 2350/3348, Loss: 0.1804
2025-10-10 10:55:16,643 [INFO] Época 7/30, Batch 2400/3348, Loss: 0.1873
2025-10-10 10:55:16,911 [INFO] Época 7/30, Batch 2450/3348, Loss: 0.3612
2025-10-10 10:55:17,179 [INFO] Época 7/30, Batch 2500/3348, Loss: 0.4889
2025-10-10 10:55:17,446 [INFO] Época 7/30, Batch 2550/3348, Loss: 0.3499
2025-10-10 10:55:17,712 [INFO] Época 7/30, Batch 2600/3348, Loss: 0.2721
2025-10-10 10:55:17,981 [INFO] Época 7/30, Batch 2650/3348, Loss: 0.3423
2025-10-10 10:55:18,250 [INFO] Época 7/30, Batch 2700/3348, Loss: 0.1651
2025-10-10 10:55:18,521 [INFO] Época 7/30, Batch 2750/3348, Loss: 0.1392
2025-10-10 10:55:18,789 [INFO] Época 7/30, Batch 2800/3348, Loss: 0.2858
2025-10-10 10:55:19,058 [INFO] Época 7/30, Batch 2850/3348, Loss: 0.2084
2025-10-10 10:55:19,324 [INFO] Época 7/30, Batch 2900/3348, Loss: 0.1501
2025-10-10 10:55:19,591 [INFO] Época 7/30, Batch 2950/3348, Loss: 0.2570
2025-10-10 10:55:19,862 [INFO] Época 7/30, Batch 3000/3348, Loss: 0.3125
2025-10-10 10:55:20,129 [INFO] Época 7/30, Batch 3050/3348, Loss: 0.3558
2025-10-10 10:55:20,395 [INFO] Época 7/30, Batch 3100/3348, Loss: 0.2042
2025-10-10 10:55:20,660 [INFO] Época 7/30, Batch 3150/3348, Loss: 0.2869
2025-10-10 10:55:20,928 [INFO] Época 7/30, Batch 3200/3348, Loss: 0.2576
2025-10-10 10:55:21,196 [INFO] Época 7/30, Batch 3250/3348, Loss: 0.1987
2025-10-10 10:55:21,464 [INFO] Época 7/30, Batch 3300/3348, Loss: 0.3091
2025-10-10 10:55:23,265 [INFO] [7/30] Train Loss: 0.2602 | Val Loss: 0.4302 | Tempo: 19.65s
2025-10-10 10:55:23,831 [INFO] Época 8/30, Batch 50/3348, Loss: 0.2952
2025-10-10 10:55:24,090 [INFO] Época 8/30, Batch 100/3348, Loss: 0.3430
2025-10-10 10:55:24,347 [INFO] Época 8/30, Batch 150/3348, Loss: 0.1394
2025-10-10 10:55:24,605 [INFO] Época 8/30, Batch 200/3348, Loss: 0.1923
2025-10-10 10:55:24,865 [INFO] Época 8/30, Batch 250/3348, Loss: 0.3241
2025-10-10 10:55:25,122 [INFO] Época 8/30, Batch 300/3348, Loss: 0.3633
2025-10-10 10:55:25,390 [INFO] Época 8/30, Batch 350/3348, Loss: 0.3568
2025-10-10 10:55:25,661 [INFO] Época 8/30, Batch 400/3348, Loss: 0.2342
2025-10-10 10:55:25,919 [INFO] Época 8/30, Batch 450/3348, Loss: 0.2354
2025-10-10 10:55:26,177 [INFO] Época 8/30, Batch 500/3348, Loss: 0.2291
2025-10-10 10:55:26,434 [INFO] Época 8/30, Batch 550/3348, Loss: 0.3168
2025-10-10 10:55:26,692 [INFO] Época 8/30, Batch 600/3348, Loss: 0.1355
2025-10-10 10:55:26,949 [INFO] Época 8/30, Batch 650/3348, Loss: 0.1922
2025-10-10 10:55:27,208 [INFO] Época 8/30, Batch 700/3348, Loss: 0.1582
2025-10-10 10:55:27,473 [INFO] Época 8/30, Batch 750/3348, Loss: 0.1396
2025-10-10 10:55:27,733 [INFO] Época 8/30, Batch 800/3348, Loss: 0.2386
2025-10-10 10:55:27,983 [INFO] Época 8/30, Batch 850/3348, Loss: 0.2358
2025-10-10 10:55:28,234 [INFO] Época 8/30, Batch 900/3348, Loss: 0.2330
2025-10-10 10:55:28,484 [INFO] Época 8/30, Batch 950/3348, Loss: 0.2850
2025-10-10 10:55:28,735 [INFO] Época 8/30, Batch 1000/3348, Loss: 0.4187
2025-10-10 10:55:28,985 [INFO] Época 8/30, Batch 1050/3348, Loss: 0.1631
2025-10-10 10:55:29,235 [INFO] Época 8/30, Batch 1100/3348, Loss: 0.2844
2025-10-10 10:55:29,486 [INFO] Época 8/30, Batch 1150/3348, Loss: 0.3497
2025-10-10 10:55:29,738 [INFO] Época 8/30, Batch 1200/3348, Loss: 0.1684
2025-10-10 10:55:29,996 [INFO] Época 8/30, Batch 1250/3348, Loss: 0.2200
2025-10-10 10:55:30,253 [INFO] Época 8/30, Batch 1300/3348, Loss: 0.0868
2025-10-10 10:55:30,511 [INFO] Época 8/30, Batch 1350/3348, Loss: 0.3024
2025-10-10 10:55:30,767 [INFO] Época 8/30, Batch 1400/3348, Loss: 0.1260
2025-10-10 10:55:31,025 [INFO] Época 8/30, Batch 1450/3348, Loss: 0.2965
2025-10-10 10:55:31,283 [INFO] Época 8/30, Batch 1500/3348, Loss: 0.2924
2025-10-10 10:55:31,540 [INFO] Época 8/30, Batch 1550/3348, Loss: 0.2364
2025-10-10 10:55:31,801 [INFO] Época 8/30, Batch 1600/3348, Loss: 0.1264
2025-10-10 10:55:32,058 [INFO] Época 8/30, Batch 1650/3348, Loss: 0.3058
2025-10-10 10:55:32,318 [INFO] Época 8/30, Batch 1700/3348, Loss: 0.3137
2025-10-10 10:55:32,578 [INFO] Época 8/30, Batch 1750/3348, Loss: 0.3110
2025-10-10 10:55:32,839 [INFO] Época 8/30, Batch 1800/3348, Loss: 0.1065
2025-10-10 10:55:33,098 [INFO] Época 8/30, Batch 1850/3348, Loss: 0.2285
2025-10-10 10:55:33,357 [INFO] Época 8/30, Batch 1900/3348, Loss: 0.2471
2025-10-10 10:55:33,617 [INFO] Época 8/30, Batch 1950/3348, Loss: 0.2964
2025-10-10 10:55:33,877 [INFO] Época 8/30, Batch 2000/3348, Loss: 0.3224
2025-10-10 10:55:34,136 [INFO] Época 8/30, Batch 2050/3348, Loss: 0.3520
2025-10-10 10:55:34,394 [INFO] Época 8/30, Batch 2100/3348, Loss: 0.1744
2025-10-10 10:55:34,651 [INFO] Época 8/30, Batch 2150/3348, Loss: 0.3217
2025-10-10 10:55:34,909 [INFO] Época 8/30, Batch 2200/3348, Loss: 0.1880
2025-10-10 10:55:35,166 [INFO] Época 8/30, Batch 2250/3348, Loss: 0.1950
2025-10-10 10:55:35,424 [INFO] Época 8/30, Batch 2300/3348, Loss: 0.2022
2025-10-10 10:55:35,681 [INFO] Época 8/30, Batch 2350/3348, Loss: 0.3151
2025-10-10 10:55:35,938 [INFO] Época 8/30, Batch 2400/3348, Loss: 0.2734
2025-10-10 10:55:36,195 [INFO] Época 8/30, Batch 2450/3348, Loss: 0.2915
2025-10-10 10:55:36,454 [INFO] Época 8/30, Batch 2500/3348, Loss: 0.2915
2025-10-10 10:55:36,711 [INFO] Época 8/30, Batch 2550/3348, Loss: 0.2417
2025-10-10 10:55:36,969 [INFO] Época 8/30, Batch 2600/3348, Loss: 0.1432
2025-10-10 10:55:37,226 [INFO] Época 8/30, Batch 2650/3348, Loss: 0.3489
2025-10-10 10:55:37,484 [INFO] Época 8/30, Batch 2700/3348, Loss: 0.1488
2025-10-10 10:55:37,740 [INFO] Época 8/30, Batch 2750/3348, Loss: 0.1577
2025-10-10 10:55:37,999 [INFO] Época 8/30, Batch 2800/3348, Loss: 0.3309
2025-10-10 10:55:38,256 [INFO] Época 8/30, Batch 2850/3348, Loss: 0.2231
2025-10-10 10:55:38,512 [INFO] Época 8/30, Batch 2900/3348, Loss: 0.2005
2025-10-10 10:55:38,769 [INFO] Época 8/30, Batch 2950/3348, Loss: 0.1594
2025-10-10 10:55:39,028 [INFO] Época 8/30, Batch 3000/3348, Loss: 0.2491
2025-10-10 10:55:39,287 [INFO] Época 8/30, Batch 3050/3348, Loss: 0.2263
2025-10-10 10:55:39,545 [INFO] Época 8/30, Batch 3100/3348, Loss: 0.1978
2025-10-10 10:55:39,802 [INFO] Época 8/30, Batch 3150/3348, Loss: 0.2072
2025-10-10 10:55:40,058 [INFO] Época 8/30, Batch 3200/3348, Loss: 0.2767
2025-10-10 10:55:40,314 [INFO] Época 8/30, Batch 3250/3348, Loss: 0.1638
2025-10-10 10:55:40,572 [INFO] Época 8/30, Batch 3300/3348, Loss: 0.1787
2025-10-10 10:55:42,457 [INFO] [8/30] Train Loss: 0.2495 | Val Loss: 0.4813 | Tempo: 19.19s
2025-10-10 10:55:43,048 [INFO] Época 9/30, Batch 50/3348, Loss: 0.1986
2025-10-10 10:55:43,332 [INFO] Época 9/30, Batch 100/3348, Loss: 0.3211
2025-10-10 10:55:43,603 [INFO] Época 9/30, Batch 150/3348, Loss: 0.2573
2025-10-10 10:55:43,871 [INFO] Época 9/30, Batch 200/3348, Loss: 0.2057
2025-10-10 10:55:44,138 [INFO] Época 9/30, Batch 250/3348, Loss: 0.2004
2025-10-10 10:55:44,402 [INFO] Época 9/30, Batch 300/3348, Loss: 0.2702
2025-10-10 10:55:44,674 [INFO] Época 9/30, Batch 350/3348, Loss: 0.2638
2025-10-10 10:55:44,939 [INFO] Época 9/30, Batch 400/3348, Loss: 0.1645
2025-10-10 10:55:45,202 [INFO] Época 9/30, Batch 450/3348, Loss: 0.1426
2025-10-10 10:55:45,463 [INFO] Época 9/30, Batch 500/3348, Loss: 0.2963
2025-10-10 10:55:45,729 [INFO] Época 9/30, Batch 550/3348, Loss: 0.2081
2025-10-10 10:55:45,993 [INFO] Época 9/30, Batch 600/3348, Loss: 0.1775
2025-10-10 10:55:46,257 [INFO] Época 9/30, Batch 650/3348, Loss: 0.3113
2025-10-10 10:55:46,515 [INFO] Época 9/30, Batch 700/3348, Loss: 0.2366
2025-10-10 10:55:46,776 [INFO] Época 9/30, Batch 750/3348, Loss: 0.2089
2025-10-10 10:55:47,043 [INFO] Época 9/30, Batch 800/3348, Loss: 0.2096
2025-10-10 10:55:47,308 [INFO] Época 9/30, Batch 850/3348, Loss: 0.2981
2025-10-10 10:55:47,572 [INFO] Época 9/30, Batch 900/3348, Loss: 0.2653
2025-10-10 10:55:47,837 [INFO] Época 9/30, Batch 950/3348, Loss: 0.3583
2025-10-10 10:55:48,103 [INFO] Época 9/30, Batch 1000/3348, Loss: 0.3701
2025-10-10 10:55:48,368 [INFO] Época 9/30, Batch 1050/3348, Loss: 0.2109
2025-10-10 10:55:48,634 [INFO] Época 9/30, Batch 1100/3348, Loss: 0.1972
2025-10-10 10:55:48,899 [INFO] Época 9/30, Batch 1150/3348, Loss: 0.2738
2025-10-10 10:55:49,166 [INFO] Época 9/30, Batch 1200/3348, Loss: 0.2167
2025-10-10 10:55:49,433 [INFO] Época 9/30, Batch 1250/3348, Loss: 0.2007
2025-10-10 10:55:49,702 [INFO] Época 9/30, Batch 1300/3348, Loss: 0.3424
2025-10-10 10:55:49,966 [INFO] Época 9/30, Batch 1350/3348, Loss: 0.1674
2025-10-10 10:55:50,232 [INFO] Época 9/30, Batch 1400/3348, Loss: 0.2263
2025-10-10 10:55:50,496 [INFO] Época 9/30, Batch 1450/3348, Loss: 0.1911
2025-10-10 10:55:50,760 [INFO] Época 9/30, Batch 1500/3348, Loss: 0.2427
2025-10-10 10:55:51,024 [INFO] Época 9/30, Batch 1550/3348, Loss: 0.2130
2025-10-10 10:55:51,288 [INFO] Época 9/30, Batch 1600/3348, Loss: 0.2245
2025-10-10 10:55:51,552 [INFO] Época 9/30, Batch 1650/3348, Loss: 0.2556
2025-10-10 10:55:51,815 [INFO] Época 9/30, Batch 1700/3348, Loss: 0.1922
2025-10-10 10:55:52,079 [INFO] Época 9/30, Batch 1750/3348, Loss: 0.2802
2025-10-10 10:55:52,343 [INFO] Época 9/30, Batch 1800/3348, Loss: 0.2993
2025-10-10 10:55:52,607 [INFO] Época 9/30, Batch 1850/3348, Loss: 0.2485
2025-10-10 10:55:52,871 [INFO] Época 9/30, Batch 1900/3348, Loss: 0.2781
2025-10-10 10:55:53,134 [INFO] Época 9/30, Batch 1950/3348, Loss: 0.3037
2025-10-10 10:55:53,400 [INFO] Época 9/30, Batch 2000/3348, Loss: 0.3092
2025-10-10 10:55:53,663 [INFO] Época 9/30, Batch 2050/3348, Loss: 0.2586
2025-10-10 10:55:53,926 [INFO] Época 9/30, Batch 2100/3348, Loss: 0.2761
2025-10-10 10:55:54,189 [INFO] Época 9/30, Batch 2150/3348, Loss: 0.2486
2025-10-10 10:55:54,455 [INFO] Época 9/30, Batch 2200/3348, Loss: 0.2394
2025-10-10 10:55:54,718 [INFO] Época 9/30, Batch 2250/3348, Loss: 0.2354
2025-10-10 10:55:54,980 [INFO] Época 9/30, Batch 2300/3348, Loss: 0.3378
2025-10-10 10:55:55,241 [INFO] Época 9/30, Batch 2350/3348, Loss: 0.2202
2025-10-10 10:55:55,502 [INFO] Época 9/30, Batch 2400/3348, Loss: 0.2494
2025-10-10 10:55:55,763 [INFO] Época 9/30, Batch 2450/3348, Loss: 0.0843
2025-10-10 10:55:56,024 [INFO] Época 9/30, Batch 2500/3348, Loss: 0.2291
2025-10-10 10:55:56,287 [INFO] Época 9/30, Batch 2550/3348, Loss: 0.2581
2025-10-10 10:55:56,549 [INFO] Época 9/30, Batch 2600/3348, Loss: 0.2632
2025-10-10 10:55:56,809 [INFO] Época 9/30, Batch 2650/3348, Loss: 0.1323
2025-10-10 10:55:57,072 [INFO] Época 9/30, Batch 2700/3348, Loss: 0.2172
2025-10-10 10:55:57,332 [INFO] Época 9/30, Batch 2750/3348, Loss: 0.2333
2025-10-10 10:55:57,590 [INFO] Época 9/30, Batch 2800/3348, Loss: 0.2420
2025-10-10 10:55:57,851 [INFO] Época 9/30, Batch 2850/3348, Loss: 0.2501
2025-10-10 10:55:58,113 [INFO] Época 9/30, Batch 2900/3348, Loss: 0.2133
2025-10-10 10:55:58,375 [INFO] Época 9/30, Batch 2950/3348, Loss: 0.3001
2025-10-10 10:55:58,636 [INFO] Época 9/30, Batch 3000/3348, Loss: 0.3653
2025-10-10 10:55:58,897 [INFO] Época 9/30, Batch 3050/3348, Loss: 0.1454
2025-10-10 10:55:59,158 [INFO] Época 9/30, Batch 3100/3348, Loss: 0.1948
2025-10-10 10:55:59,418 [INFO] Época 9/30, Batch 3150/3348, Loss: 0.2046
2025-10-10 10:55:59,679 [INFO] Época 9/30, Batch 3200/3348, Loss: 0.1308
2025-10-10 10:55:59,939 [INFO] Época 9/30, Batch 3250/3348, Loss: 0.2781
2025-10-10 10:56:00,202 [INFO] Época 9/30, Batch 3300/3348, Loss: 0.3204
2025-10-10 10:56:02,084 [INFO] [9/30] Train Loss: 0.2425 | Val Loss: 0.4492 | Tempo: 19.63s
2025-10-10 10:56:02,659 [INFO] Época 10/30, Batch 50/3348, Loss: 0.2312
2025-10-10 10:56:02,928 [INFO] Época 10/30, Batch 100/3348, Loss: 0.2172
2025-10-10 10:56:03,195 [INFO] Época 10/30, Batch 150/3348, Loss: 0.2024
2025-10-10 10:56:03,461 [INFO] Época 10/30, Batch 200/3348, Loss: 0.2666
2025-10-10 10:56:03,724 [INFO] Época 10/30, Batch 250/3348, Loss: 0.1111
2025-10-10 10:56:03,988 [INFO] Época 10/30, Batch 300/3348, Loss: 0.2238
2025-10-10 10:56:04,248 [INFO] Época 10/30, Batch 350/3348, Loss: 0.2066
2025-10-10 10:56:04,509 [INFO] Época 10/30, Batch 400/3348, Loss: 0.1438
2025-10-10 10:56:04,776 [INFO] Época 10/30, Batch 450/3348, Loss: 0.2144
2025-10-10 10:56:05,037 [INFO] Época 10/30, Batch 500/3348, Loss: 0.2565
2025-10-10 10:56:05,305 [INFO] Época 10/30, Batch 550/3348, Loss: 0.3610
2025-10-10 10:56:05,574 [INFO] Época 10/30, Batch 600/3348, Loss: 0.2626
2025-10-10 10:56:05,844 [INFO] Época 10/30, Batch 650/3348, Loss: 0.1632
2025-10-10 10:56:06,108 [INFO] Época 10/30, Batch 700/3348, Loss: 0.2419
2025-10-10 10:56:06,366 [INFO] Época 10/30, Batch 750/3348, Loss: 0.2795
2025-10-10 10:56:06,618 [INFO] Época 10/30, Batch 800/3348, Loss: 0.2796
2025-10-10 10:56:06,877 [INFO] Época 10/30, Batch 850/3348, Loss: 0.1813
2025-10-10 10:56:07,142 [INFO] Época 10/30, Batch 900/3348, Loss: 0.3548
2025-10-10 10:56:07,405 [INFO] Época 10/30, Batch 950/3348, Loss: 0.0927
2025-10-10 10:56:07,671 [INFO] Época 10/30, Batch 1000/3348, Loss: 0.1703
2025-10-10 10:56:07,932 [INFO] Época 10/30, Batch 1050/3348, Loss: 0.2629
2025-10-10 10:56:08,190 [INFO] Época 10/30, Batch 1100/3348, Loss: 0.1535
2025-10-10 10:56:08,443 [INFO] Época 10/30, Batch 1150/3348, Loss: 0.1970
2025-10-10 10:56:08,696 [INFO] Época 10/30, Batch 1200/3348, Loss: 0.0882
2025-10-10 10:56:08,961 [INFO] Época 10/30, Batch 1250/3348, Loss: 0.1928
2025-10-10 10:56:09,231 [INFO] Época 10/30, Batch 1300/3348, Loss: 0.2564
2025-10-10 10:56:09,501 [INFO] Época 10/30, Batch 1350/3348, Loss: 0.3415
2025-10-10 10:56:09,768 [INFO] Época 10/30, Batch 1400/3348, Loss: 0.1598
2025-10-10 10:56:10,034 [INFO] Época 10/30, Batch 1450/3348, Loss: 0.2426
2025-10-10 10:56:10,301 [INFO] Época 10/30, Batch 1500/3348, Loss: 0.1703
2025-10-10 10:56:10,562 [INFO] Época 10/30, Batch 1550/3348, Loss: 0.2405
2025-10-10 10:56:10,827 [INFO] Época 10/30, Batch 1600/3348, Loss: 0.1911
2025-10-10 10:56:11,088 [INFO] Época 10/30, Batch 1650/3348, Loss: 0.1647
2025-10-10 10:56:11,348 [INFO] Época 10/30, Batch 1700/3348, Loss: 0.2117
2025-10-10 10:56:11,609 [INFO] Época 10/30, Batch 1750/3348, Loss: 0.2054
2025-10-10 10:56:11,870 [INFO] Época 10/30, Batch 1800/3348, Loss: 0.2487
2025-10-10 10:56:12,129 [INFO] Época 10/30, Batch 1850/3348, Loss: 0.2327
2025-10-10 10:56:12,390 [INFO] Época 10/30, Batch 1900/3348, Loss: 0.1874
2025-10-10 10:56:12,654 [INFO] Época 10/30, Batch 1950/3348, Loss: 0.1488
2025-10-10 10:56:12,913 [INFO] Época 10/30, Batch 2000/3348, Loss: 0.2662
2025-10-10 10:56:13,172 [INFO] Época 10/30, Batch 2050/3348, Loss: 0.2342
2025-10-10 10:56:13,433 [INFO] Época 10/30, Batch 2100/3348, Loss: 0.3048
2025-10-10 10:56:13,695 [INFO] Época 10/30, Batch 2150/3348, Loss: 0.2447
2025-10-10 10:56:13,958 [INFO] Época 10/30, Batch 2200/3348, Loss: 0.2119
2025-10-10 10:56:14,222 [INFO] Época 10/30, Batch 2250/3348, Loss: 0.3133
2025-10-10 10:56:14,487 [INFO] Época 10/30, Batch 2300/3348, Loss: 0.2779
2025-10-10 10:56:14,752 [INFO] Época 10/30, Batch 2350/3348, Loss: 0.1602
2025-10-10 10:56:15,016 [INFO] Época 10/30, Batch 2400/3348, Loss: 0.2919
2025-10-10 10:56:15,280 [INFO] Época 10/30, Batch 2450/3348, Loss: 0.2029
2025-10-10 10:56:15,543 [INFO] Época 10/30, Batch 2500/3348, Loss: 0.3481
2025-10-10 10:56:15,806 [INFO] Época 10/30, Batch 2550/3348, Loss: 0.2060
2025-10-10 10:56:16,071 [INFO] Época 10/30, Batch 2600/3348, Loss: 0.2243
2025-10-10 10:56:16,336 [INFO] Época 10/30, Batch 2650/3348, Loss: 0.2679
2025-10-10 10:56:16,599 [INFO] Época 10/30, Batch 2700/3348, Loss: 0.1960
2025-10-10 10:56:16,863 [INFO] Época 10/30, Batch 2750/3348, Loss: 0.2195
2025-10-10 10:56:17,129 [INFO] Época 10/30, Batch 2800/3348, Loss: 0.3474
2025-10-10 10:56:17,396 [INFO] Época 10/30, Batch 2850/3348, Loss: 0.2456
2025-10-10 10:56:17,661 [INFO] Época 10/30, Batch 2900/3348, Loss: 0.2389
2025-10-10 10:56:17,926 [INFO] Época 10/30, Batch 2950/3348, Loss: 0.3795
2025-10-10 10:56:18,190 [INFO] Época 10/30, Batch 3000/3348, Loss: 0.2322
2025-10-10 10:56:18,453 [INFO] Época 10/30, Batch 3050/3348, Loss: 0.2700
2025-10-10 10:56:18,721 [INFO] Época 10/30, Batch 3100/3348, Loss: 0.2429
2025-10-10 10:56:18,985 [INFO] Época 10/30, Batch 3150/3348, Loss: 0.1798
2025-10-10 10:56:19,248 [INFO] Época 10/30, Batch 3200/3348, Loss: 0.2120
2025-10-10 10:56:19,513 [INFO] Época 10/30, Batch 3250/3348, Loss: 0.3135
2025-10-10 10:56:19,778 [INFO] Época 10/30, Batch 3300/3348, Loss: 0.2458
2025-10-10 10:56:21,620 [INFO] [10/30] Train Loss: 0.2354 | Val Loss: 0.4491 | Tempo: 19.54s
2025-10-10 10:56:22,189 [INFO] Época 11/30, Batch 50/3348, Loss: 0.1412
2025-10-10 10:56:22,463 [INFO] Época 11/30, Batch 100/3348, Loss: 0.2871
2025-10-10 10:56:22,733 [INFO] Época 11/30, Batch 150/3348, Loss: 0.1996
2025-10-10 10:56:22,996 [INFO] Época 11/30, Batch 200/3348, Loss: 0.1505
2025-10-10 10:56:23,256 [INFO] Época 11/30, Batch 250/3348, Loss: 0.2651
2025-10-10 10:56:23,521 [INFO] Época 11/30, Batch 300/3348, Loss: 0.2737
2025-10-10 10:56:23,784 [INFO] Época 11/30, Batch 350/3348, Loss: 0.1570
2025-10-10 10:56:24,040 [INFO] Época 11/30, Batch 400/3348, Loss: 0.2077
2025-10-10 10:56:24,301 [INFO] Época 11/30, Batch 450/3348, Loss: 0.2116
2025-10-10 10:56:24,560 [INFO] Época 11/30, Batch 500/3348, Loss: 0.1961
2025-10-10 10:56:24,821 [INFO] Época 11/30, Batch 550/3348, Loss: 0.2993
2025-10-10 10:56:25,082 [INFO] Época 11/30, Batch 600/3348, Loss: 0.2907
2025-10-10 10:56:25,343 [INFO] Época 11/30, Batch 650/3348, Loss: 0.2484
2025-10-10 10:56:25,605 [INFO] Época 11/30, Batch 700/3348, Loss: 0.1907
2025-10-10 10:56:25,871 [INFO] Época 11/30, Batch 750/3348, Loss: 0.1668
2025-10-10 10:56:26,140 [INFO] Época 11/30, Batch 800/3348, Loss: 0.2204
2025-10-10 10:56:26,410 [INFO] Época 11/30, Batch 850/3348, Loss: 0.2054
2025-10-10 10:56:26,682 [INFO] Época 11/30, Batch 900/3348, Loss: 0.1596
2025-10-10 10:56:26,953 [INFO] Época 11/30, Batch 950/3348, Loss: 0.1621
2025-10-10 10:56:27,224 [INFO] Época 11/30, Batch 1000/3348, Loss: 0.3240
2025-10-10 10:56:27,497 [INFO] Época 11/30, Batch 1050/3348, Loss: 0.3867
2025-10-10 10:56:27,769 [INFO] Época 11/30, Batch 1100/3348, Loss: 0.2891
2025-10-10 10:56:28,034 [INFO] Época 11/30, Batch 1150/3348, Loss: 0.2007
2025-10-10 10:56:28,301 [INFO] Época 11/30, Batch 1200/3348, Loss: 0.3076
2025-10-10 10:56:28,578 [INFO] Época 11/30, Batch 1250/3348, Loss: 0.1737
2025-10-10 10:56:28,852 [INFO] Época 11/30, Batch 1300/3348, Loss: 0.3278
2025-10-10 10:56:29,127 [INFO] Época 11/30, Batch 1350/3348, Loss: 0.1599
2025-10-10 10:56:29,402 [INFO] Época 11/30, Batch 1400/3348, Loss: 0.2857
2025-10-10 10:56:29,677 [INFO] Época 11/30, Batch 1450/3348, Loss: 0.2766
2025-10-10 10:56:29,951 [INFO] Época 11/30, Batch 1500/3348, Loss: 0.2196
2025-10-10 10:56:30,227 [INFO] Época 11/30, Batch 1550/3348, Loss: 0.3330
2025-10-10 10:56:30,502 [INFO] Época 11/30, Batch 1600/3348, Loss: 0.2096
2025-10-10 10:56:30,779 [INFO] Época 11/30, Batch 1650/3348, Loss: 0.2344
2025-10-10 10:56:31,054 [INFO] Época 11/30, Batch 1700/3348, Loss: 0.2244
2025-10-10 10:56:31,327 [INFO] Época 11/30, Batch 1750/3348, Loss: 0.3129
2025-10-10 10:56:31,599 [INFO] Época 11/30, Batch 1800/3348, Loss: 0.2616
2025-10-10 10:56:31,872 [INFO] Época 11/30, Batch 1850/3348, Loss: 0.1599
2025-10-10 10:56:32,146 [INFO] Época 11/30, Batch 1900/3348, Loss: 0.2455
2025-10-10 10:56:32,411 [INFO] Época 11/30, Batch 1950/3348, Loss: 0.2037
2025-10-10 10:56:32,679 [INFO] Época 11/30, Batch 2000/3348, Loss: 0.2451
2025-10-10 10:56:32,944 [INFO] Época 11/30, Batch 2050/3348, Loss: 0.1733
2025-10-10 10:56:33,211 [INFO] Época 11/30, Batch 2100/3348, Loss: 0.1956
2025-10-10 10:56:33,476 [INFO] Época 11/30, Batch 2150/3348, Loss: 0.2265
2025-10-10 10:56:33,743 [INFO] Época 11/30, Batch 2200/3348, Loss: 0.1538
2025-10-10 10:56:34,009 [INFO] Época 11/30, Batch 2250/3348, Loss: 0.1655
2025-10-10 10:56:34,278 [INFO] Época 11/30, Batch 2300/3348, Loss: 0.2436
2025-10-10 10:56:34,548 [INFO] Época 11/30, Batch 2350/3348, Loss: 0.3284
2025-10-10 10:56:34,819 [INFO] Época 11/30, Batch 2400/3348, Loss: 0.2631
2025-10-10 10:56:35,087 [INFO] Época 11/30, Batch 2450/3348, Loss: 0.2234
2025-10-10 10:56:35,356 [INFO] Época 11/30, Batch 2500/3348, Loss: 0.3136
2025-10-10 10:56:35,622 [INFO] Época 11/30, Batch 2550/3348, Loss: 0.2835
2025-10-10 10:56:35,886 [INFO] Época 11/30, Batch 2600/3348, Loss: 0.2902
2025-10-10 10:56:36,152 [INFO] Época 11/30, Batch 2650/3348, Loss: 0.1953
2025-10-10 10:56:36,417 [INFO] Época 11/30, Batch 2700/3348, Loss: 0.2852
2025-10-10 10:56:36,683 [INFO] Época 11/30, Batch 2750/3348, Loss: 0.3605
2025-10-10 10:56:36,958 [INFO] Época 11/30, Batch 2800/3348, Loss: 0.2603
2025-10-10 10:56:37,234 [INFO] Época 11/30, Batch 2850/3348, Loss: 0.1563
2025-10-10 10:56:37,509 [INFO] Época 11/30, Batch 2900/3348, Loss: 0.2384
2025-10-10 10:56:37,777 [INFO] Época 11/30, Batch 2950/3348, Loss: 0.1323
2025-10-10 10:56:38,044 [INFO] Época 11/30, Batch 3000/3348, Loss: 0.1924
2025-10-10 10:56:38,310 [INFO] Época 11/30, Batch 3050/3348, Loss: 0.3956
2025-10-10 10:56:38,573 [INFO] Época 11/30, Batch 3100/3348, Loss: 0.2807
2025-10-10 10:56:38,840 [INFO] Época 11/30, Batch 3150/3348, Loss: 0.1692
2025-10-10 10:56:39,105 [INFO] Época 11/30, Batch 3200/3348, Loss: 0.2566
2025-10-10 10:56:39,371 [INFO] Época 11/30, Batch 3250/3348, Loss: 0.1828
2025-10-10 10:56:39,640 [INFO] Época 11/30, Batch 3300/3348, Loss: 0.3582
2025-10-10 10:56:41,568 [INFO] [11/30] Train Loss: 0.2282 | Val Loss: 0.4498 | Tempo: 19.95s
2025-10-10 10:56:42,152 [INFO] Época 12/30, Batch 50/3348, Loss: 0.1278
2025-10-10 10:56:42,425 [INFO] Época 12/30, Batch 100/3348, Loss: 0.2368
2025-10-10 10:56:42,697 [INFO] Época 12/30, Batch 150/3348, Loss: 0.1309
2025-10-10 10:56:42,965 [INFO] Época 12/30, Batch 200/3348, Loss: 0.2081
2025-10-10 10:56:43,234 [INFO] Época 12/30, Batch 250/3348, Loss: 0.3200
2025-10-10 10:56:43,499 [INFO] Época 12/30, Batch 300/3348, Loss: 0.1464
2025-10-10 10:56:43,766 [INFO] Época 12/30, Batch 350/3348, Loss: 0.2534
2025-10-10 10:56:44,033 [INFO] Época 12/30, Batch 400/3348, Loss: 0.2841
2025-10-10 10:56:44,301 [INFO] Época 12/30, Batch 450/3348, Loss: 0.2579
2025-10-10 10:56:44,565 [INFO] Época 12/30, Batch 500/3348, Loss: 0.2876
2025-10-10 10:56:44,832 [INFO] Época 12/30, Batch 550/3348, Loss: 0.2471
2025-10-10 10:56:45,099 [INFO] Época 12/30, Batch 600/3348, Loss: 0.1825
2025-10-10 10:56:45,367 [INFO] Época 12/30, Batch 650/3348, Loss: 0.1867
2025-10-10 10:56:45,635 [INFO] Época 12/30, Batch 700/3348, Loss: 0.3758
2025-10-10 10:56:45,898 [INFO] Época 12/30, Batch 750/3348, Loss: 0.1601
2025-10-10 10:56:46,157 [INFO] Época 12/30, Batch 800/3348, Loss: 0.1103
2025-10-10 10:56:46,416 [INFO] Época 12/30, Batch 850/3348, Loss: 0.2580
2025-10-10 10:56:46,677 [INFO] Época 12/30, Batch 900/3348, Loss: 0.1849
2025-10-10 10:56:46,936 [INFO] Época 12/30, Batch 950/3348, Loss: 0.1838
2025-10-10 10:56:47,197 [INFO] Época 12/30, Batch 1000/3348, Loss: 0.1445
2025-10-10 10:56:47,455 [INFO] Época 12/30, Batch 1050/3348, Loss: 0.2485
2025-10-10 10:56:47,714 [INFO] Época 12/30, Batch 1100/3348, Loss: 0.2053
2025-10-10 10:56:47,976 [INFO] Época 12/30, Batch 1150/3348, Loss: 0.1560
2025-10-10 10:56:48,238 [INFO] Época 12/30, Batch 1200/3348, Loss: 0.2301
2025-10-10 10:56:48,500 [INFO] Época 12/30, Batch 1250/3348, Loss: 0.2841
2025-10-10 10:56:48,764 [INFO] Época 12/30, Batch 1300/3348, Loss: 0.2826
2025-10-10 10:56:49,026 [INFO] Época 12/30, Batch 1350/3348, Loss: 0.2505
2025-10-10 10:56:49,288 [INFO] Época 12/30, Batch 1400/3348, Loss: 0.2933
2025-10-10 10:56:49,550 [INFO] Época 12/30, Batch 1450/3348, Loss: 0.2840
2025-10-10 10:56:49,812 [INFO] Época 12/30, Batch 1500/3348, Loss: 0.2059
2025-10-10 10:56:50,074 [INFO] Época 12/30, Batch 1550/3348, Loss: 0.2199
2025-10-10 10:56:50,335 [INFO] Época 12/30, Batch 1600/3348, Loss: 0.2200
2025-10-10 10:56:50,599 [INFO] Época 12/30, Batch 1650/3348, Loss: 0.1649
2025-10-10 10:56:50,861 [INFO] Época 12/30, Batch 1700/3348, Loss: 0.1285
2025-10-10 10:56:51,121 [INFO] Época 12/30, Batch 1750/3348, Loss: 0.3654
2025-10-10 10:56:51,384 [INFO] Época 12/30, Batch 1800/3348, Loss: 0.3424
2025-10-10 10:56:51,646 [INFO] Época 12/30, Batch 1850/3348, Loss: 0.1367
2025-10-10 10:56:51,909 [INFO] Época 12/30, Batch 1900/3348, Loss: 0.1924
2025-10-10 10:56:52,174 [INFO] Época 12/30, Batch 1950/3348, Loss: 0.2448
2025-10-10 10:56:52,436 [INFO] Época 12/30, Batch 2000/3348, Loss: 0.1922
2025-10-10 10:56:52,701 [INFO] Época 12/30, Batch 2050/3348, Loss: 0.1424
2025-10-10 10:56:52,963 [INFO] Época 12/30, Batch 2100/3348, Loss: 0.1922
2025-10-10 10:56:53,225 [INFO] Época 12/30, Batch 2150/3348, Loss: 0.2181
2025-10-10 10:56:53,485 [INFO] Época 12/30, Batch 2200/3348, Loss: 0.2267
2025-10-10 10:56:53,746 [INFO] Época 12/30, Batch 2250/3348, Loss: 0.2278
2025-10-10 10:56:54,008 [INFO] Época 12/30, Batch 2300/3348, Loss: 0.2596
2025-10-10 10:56:54,268 [INFO] Época 12/30, Batch 2350/3348, Loss: 0.2290
2025-10-10 10:56:54,532 [INFO] Época 12/30, Batch 2400/3348, Loss: 0.2255
2025-10-10 10:56:54,794 [INFO] Época 12/30, Batch 2450/3348, Loss: 0.2127
2025-10-10 10:56:55,053 [INFO] Época 12/30, Batch 2500/3348, Loss: 0.3755
2025-10-10 10:56:55,314 [INFO] Época 12/30, Batch 2550/3348, Loss: 0.2160
2025-10-10 10:56:55,575 [INFO] Época 12/30, Batch 2600/3348, Loss: 0.2217
2025-10-10 10:56:55,837 [INFO] Época 12/30, Batch 2650/3348, Loss: 0.1866
2025-10-10 10:56:56,100 [INFO] Época 12/30, Batch 2700/3348, Loss: 0.2262
2025-10-10 10:56:56,363 [INFO] Época 12/30, Batch 2750/3348, Loss: 0.1969
2025-10-10 10:56:56,626 [INFO] Época 12/30, Batch 2800/3348, Loss: 0.1224
2025-10-10 10:56:56,887 [INFO] Época 12/30, Batch 2850/3348, Loss: 0.2518
2025-10-10 10:56:57,148 [INFO] Época 12/30, Batch 2900/3348, Loss: 0.2337
2025-10-10 10:56:57,409 [INFO] Época 12/30, Batch 2950/3348, Loss: 0.3106
2025-10-10 10:56:57,670 [INFO] Época 12/30, Batch 3000/3348, Loss: 0.2414
2025-10-10 10:56:57,929 [INFO] Época 12/30, Batch 3050/3348, Loss: 0.1699
2025-10-10 10:56:58,188 [INFO] Época 12/30, Batch 3100/3348, Loss: 0.3770
2025-10-10 10:56:58,450 [INFO] Época 12/30, Batch 3150/3348, Loss: 0.2157
2025-10-10 10:56:58,712 [INFO] Época 12/30, Batch 3200/3348, Loss: 0.2765
2025-10-10 10:56:58,973 [INFO] Época 12/30, Batch 3250/3348, Loss: 0.2028
2025-10-10 10:56:59,234 [INFO] Época 12/30, Batch 3300/3348, Loss: 0.1936
2025-10-10 10:57:00,988 [INFO] [12/30] Train Loss: 0.2219 | Val Loss: 0.4366 | Tempo: 19.42s
2025-10-10 10:57:01,560 [INFO] Época 13/30, Batch 50/3348, Loss: 0.1863
2025-10-10 10:57:01,828 [INFO] Época 13/30, Batch 100/3348, Loss: 0.1855
2025-10-10 10:57:02,088 [INFO] Época 13/30, Batch 150/3348, Loss: 0.2848
2025-10-10 10:57:02,354 [INFO] Época 13/30, Batch 200/3348, Loss: 0.3808
2025-10-10 10:57:02,617 [INFO] Época 13/30, Batch 250/3348, Loss: 0.1365
2025-10-10 10:57:02,885 [INFO] Época 13/30, Batch 300/3348, Loss: 0.1990
2025-10-10 10:57:03,146 [INFO] Época 13/30, Batch 350/3348, Loss: 0.1890
2025-10-10 10:57:03,407 [INFO] Época 13/30, Batch 400/3348, Loss: 0.2763
2025-10-10 10:57:03,667 [INFO] Época 13/30, Batch 450/3348, Loss: 0.2211
2025-10-10 10:57:03,930 [INFO] Época 13/30, Batch 500/3348, Loss: 0.2430
2025-10-10 10:57:04,192 [INFO] Época 13/30, Batch 550/3348, Loss: 0.2643
2025-10-10 10:57:04,453 [INFO] Época 13/30, Batch 600/3348, Loss: 0.2889
2025-10-10 10:57:04,716 [INFO] Época 13/30, Batch 650/3348, Loss: 0.1473
2025-10-10 10:57:04,973 [INFO] Época 13/30, Batch 700/3348, Loss: 0.2757
2025-10-10 10:57:05,221 [INFO] Época 13/30, Batch 750/3348, Loss: 0.2686
2025-10-10 10:57:05,468 [INFO] Época 13/30, Batch 800/3348, Loss: 0.2127
2025-10-10 10:57:05,716 [INFO] Época 13/30, Batch 850/3348, Loss: 0.1563
2025-10-10 10:57:05,965 [INFO] Época 13/30, Batch 900/3348, Loss: 0.1918
2025-10-10 10:57:06,214 [INFO] Época 13/30, Batch 950/3348, Loss: 0.2019
2025-10-10 10:57:06,462 [INFO] Época 13/30, Batch 1000/3348, Loss: 0.2782
2025-10-10 10:57:06,714 [INFO] Época 13/30, Batch 1050/3348, Loss: 0.3247
2025-10-10 10:57:06,967 [INFO] Época 13/30, Batch 1100/3348, Loss: 0.2561
2025-10-10 10:57:07,218 [INFO] Época 13/30, Batch 1150/3348, Loss: 0.2230
2025-10-10 10:57:07,472 [INFO] Época 13/30, Batch 1200/3348, Loss: 0.1628
2025-10-10 10:57:07,724 [INFO] Época 13/30, Batch 1250/3348, Loss: 0.2034
2025-10-10 10:57:07,981 [INFO] Época 13/30, Batch 1300/3348, Loss: 0.2859
2025-10-10 10:57:08,250 [INFO] Época 13/30, Batch 1350/3348, Loss: 0.1374
2025-10-10 10:57:08,521 [INFO] Época 13/30, Batch 1400/3348, Loss: 0.2338
2025-10-10 10:57:08,789 [INFO] Época 13/30, Batch 1450/3348, Loss: 0.1332
2025-10-10 10:57:09,057 [INFO] Época 13/30, Batch 1500/3348, Loss: 0.2445
2025-10-10 10:57:09,322 [INFO] Época 13/30, Batch 1550/3348, Loss: 0.1559
2025-10-10 10:57:09,585 [INFO] Época 13/30, Batch 1600/3348, Loss: 0.2457
2025-10-10 10:57:09,849 [INFO] Época 13/30, Batch 1650/3348, Loss: 0.1965
2025-10-10 10:57:10,112 [INFO] Época 13/30, Batch 1700/3348, Loss: 0.2154
2025-10-10 10:57:10,374 [INFO] Época 13/30, Batch 1750/3348, Loss: 0.2388
2025-10-10 10:57:10,638 [INFO] Época 13/30, Batch 1800/3348, Loss: 0.2384
2025-10-10 10:57:10,902 [INFO] Época 13/30, Batch 1850/3348, Loss: 0.1651
2025-10-10 10:57:11,163 [INFO] Época 13/30, Batch 1900/3348, Loss: 0.2548
2025-10-10 10:57:11,428 [INFO] Época 13/30, Batch 1950/3348, Loss: 0.2061
2025-10-10 10:57:11,690 [INFO] Época 13/30, Batch 2000/3348, Loss: 0.0951
2025-10-10 10:57:11,954 [INFO] Época 13/30, Batch 2050/3348, Loss: 0.2172
2025-10-10 10:57:12,219 [INFO] Época 13/30, Batch 2100/3348, Loss: 0.1923
2025-10-10 10:57:12,481 [INFO] Época 13/30, Batch 2150/3348, Loss: 0.3149
2025-10-10 10:57:12,745 [INFO] Época 13/30, Batch 2200/3348, Loss: 0.2149
2025-10-10 10:57:13,016 [INFO] Época 13/30, Batch 2250/3348, Loss: 0.2308
2025-10-10 10:57:13,288 [INFO] Época 13/30, Batch 2300/3348, Loss: 0.1303
2025-10-10 10:57:13,561 [INFO] Época 13/30, Batch 2350/3348, Loss: 0.2185
2025-10-10 10:57:13,834 [INFO] Época 13/30, Batch 2400/3348, Loss: 0.2313
2025-10-10 10:57:14,111 [INFO] Época 13/30, Batch 2450/3348, Loss: 0.2066
2025-10-10 10:57:14,384 [INFO] Época 13/30, Batch 2500/3348, Loss: 0.1809
2025-10-10 10:57:14,656 [INFO] Época 13/30, Batch 2550/3348, Loss: 0.2402
2025-10-10 10:57:14,928 [INFO] Época 13/30, Batch 2600/3348, Loss: 0.1582
2025-10-10 10:57:15,198 [INFO] Época 13/30, Batch 2650/3348, Loss: 0.1863
2025-10-10 10:57:15,471 [INFO] Época 13/30, Batch 2700/3348, Loss: 0.1142
2025-10-10 10:57:15,737 [INFO] Época 13/30, Batch 2750/3348, Loss: 0.0762
2025-10-10 10:57:16,000 [INFO] Época 13/30, Batch 2800/3348, Loss: 0.1772
2025-10-10 10:57:16,263 [INFO] Época 13/30, Batch 2850/3348, Loss: 0.2205
2025-10-10 10:57:16,525 [INFO] Época 13/30, Batch 2900/3348, Loss: 0.1735
2025-10-10 10:57:16,795 [INFO] Época 13/30, Batch 2950/3348, Loss: 0.3437
2025-10-10 10:57:17,059 [INFO] Época 13/30, Batch 3000/3348, Loss: 0.2956
2025-10-10 10:57:17,321 [INFO] Época 13/30, Batch 3050/3348, Loss: 0.1971
2025-10-10 10:57:17,585 [INFO] Época 13/30, Batch 3100/3348, Loss: 0.2776
2025-10-10 10:57:17,851 [INFO] Época 13/30, Batch 3150/3348, Loss: 0.2205
2025-10-10 10:57:18,116 [INFO] Época 13/30, Batch 3200/3348, Loss: 0.2245
2025-10-10 10:57:18,379 [INFO] Época 13/30, Batch 3250/3348, Loss: 0.2378
2025-10-10 10:57:18,640 [INFO] Época 13/30, Batch 3300/3348, Loss: 0.2250
2025-10-10 10:57:20,495 [INFO] [13/30] Train Loss: 0.2160 | Val Loss: 0.4557 | Tempo: 19.51s
2025-10-10 10:57:21,084 [INFO] Época 14/30, Batch 50/3348, Loss: 0.2591
2025-10-10 10:57:21,363 [INFO] Época 14/30, Batch 100/3348, Loss: 0.2539
2025-10-10 10:57:21,636 [INFO] Época 14/30, Batch 150/3348, Loss: 0.1764
2025-10-10 10:57:21,910 [INFO] Época 14/30, Batch 200/3348, Loss: 0.2556
2025-10-10 10:57:22,182 [INFO] Época 14/30, Batch 250/3348, Loss: 0.1800
2025-10-10 10:57:22,454 [INFO] Época 14/30, Batch 300/3348, Loss: 0.2915
2025-10-10 10:57:22,721 [INFO] Época 14/30, Batch 350/3348, Loss: 0.2683
2025-10-10 10:57:22,982 [INFO] Época 14/30, Batch 400/3348, Loss: 0.1308
2025-10-10 10:57:23,245 [INFO] Época 14/30, Batch 450/3348, Loss: 0.1599
2025-10-10 10:57:23,505 [INFO] Época 14/30, Batch 500/3348, Loss: 0.1473
2025-10-10 10:57:23,764 [INFO] Época 14/30, Batch 550/3348, Loss: 0.1323
2025-10-10 10:57:24,025 [INFO] Época 14/30, Batch 600/3348, Loss: 0.2339
2025-10-10 10:57:24,286 [INFO] Época 14/30, Batch 650/3348, Loss: 0.1461
2025-10-10 10:57:24,547 [INFO] Época 14/30, Batch 700/3348, Loss: 0.1681
2025-10-10 10:57:24,809 [INFO] Época 14/30, Batch 750/3348, Loss: 0.1954
2025-10-10 10:57:25,079 [INFO] Época 14/30, Batch 800/3348, Loss: 0.3118
2025-10-10 10:57:25,352 [INFO] Época 14/30, Batch 850/3348, Loss: 0.2214
2025-10-10 10:57:25,624 [INFO] Época 14/30, Batch 900/3348, Loss: 0.1777
2025-10-10 10:57:25,896 [INFO] Época 14/30, Batch 950/3348, Loss: 0.2276
2025-10-10 10:57:26,167 [INFO] Época 14/30, Batch 1000/3348, Loss: 0.2009
2025-10-10 10:57:26,437 [INFO] Época 14/30, Batch 1050/3348, Loss: 0.1832
2025-10-10 10:57:26,703 [INFO] Época 14/30, Batch 1100/3348, Loss: 0.1377
2025-10-10 10:57:26,965 [INFO] Época 14/30, Batch 1150/3348, Loss: 0.1211
2025-10-10 10:57:27,225 [INFO] Época 14/30, Batch 1200/3348, Loss: 0.2272
2025-10-10 10:57:27,485 [INFO] Época 14/30, Batch 1250/3348, Loss: 0.2341
2025-10-10 10:57:27,747 [INFO] Época 14/30, Batch 1300/3348, Loss: 0.2740
2025-10-10 10:57:28,008 [INFO] Época 14/30, Batch 1350/3348, Loss: 0.2363
2025-10-10 10:57:28,269 [INFO] Época 14/30, Batch 1400/3348, Loss: 0.2533
2025-10-10 10:57:28,530 [INFO] Época 14/30, Batch 1450/3348, Loss: 0.2678
2025-10-10 10:57:28,792 [INFO] Época 14/30, Batch 1500/3348, Loss: 0.3131
2025-10-10 10:57:29,064 [INFO] Época 14/30, Batch 1550/3348, Loss: 0.1537
2025-10-10 10:57:29,337 [INFO] Época 14/30, Batch 1600/3348, Loss: 0.1962
2025-10-10 10:57:29,612 [INFO] Época 14/30, Batch 1650/3348, Loss: 0.1765
2025-10-10 10:57:29,885 [INFO] Época 14/30, Batch 1700/3348, Loss: 0.2728
2025-10-10 10:57:30,159 [INFO] Época 14/30, Batch 1750/3348, Loss: 0.2555
2025-10-10 10:57:30,433 [INFO] Época 14/30, Batch 1800/3348, Loss: 0.2418
2025-10-10 10:57:30,712 [INFO] Época 14/30, Batch 1850/3348, Loss: 0.2016
2025-10-10 10:57:30,990 [INFO] Época 14/30, Batch 1900/3348, Loss: 0.1076
2025-10-10 10:57:31,269 [INFO] Época 14/30, Batch 1950/3348, Loss: 0.1990
2025-10-10 10:57:31,549 [INFO] Época 14/30, Batch 2000/3348, Loss: 0.1548
2025-10-10 10:57:31,824 [INFO] Época 14/30, Batch 2050/3348, Loss: 0.2180
2025-10-10 10:57:32,097 [INFO] Época 14/30, Batch 2100/3348, Loss: 0.2441
2025-10-10 10:57:32,364 [INFO] Época 14/30, Batch 2150/3348, Loss: 0.1251
2025-10-10 10:57:32,640 [INFO] Época 14/30, Batch 2200/3348, Loss: 0.2735
2025-10-10 10:57:32,912 [INFO] Época 14/30, Batch 2250/3348, Loss: 0.1782
2025-10-10 10:57:33,184 [INFO] Época 14/30, Batch 2300/3348, Loss: 0.1872
2025-10-10 10:57:33,457 [INFO] Época 14/30, Batch 2350/3348, Loss: 0.2289
2025-10-10 10:57:33,729 [INFO] Época 14/30, Batch 2400/3348, Loss: 0.1944
2025-10-10 10:57:34,000 [INFO] Época 14/30, Batch 2450/3348, Loss: 0.2714
2025-10-10 10:57:34,275 [INFO] Época 14/30, Batch 2500/3348, Loss: 0.1684
2025-10-10 10:57:34,544 [INFO] Época 14/30, Batch 2550/3348, Loss: 0.2540
2025-10-10 10:57:34,815 [INFO] Época 14/30, Batch 2600/3348, Loss: 0.1430
2025-10-10 10:57:35,084 [INFO] Época 14/30, Batch 2650/3348, Loss: 0.1792
2025-10-10 10:57:35,357 [INFO] Época 14/30, Batch 2700/3348, Loss: 0.1300
2025-10-10 10:57:35,628 [INFO] Época 14/30, Batch 2750/3348, Loss: 0.1694
2025-10-10 10:57:35,899 [INFO] Época 14/30, Batch 2800/3348, Loss: 0.3084
2025-10-10 10:57:36,171 [INFO] Época 14/30, Batch 2850/3348, Loss: 0.1932
2025-10-10 10:57:36,441 [INFO] Época 14/30, Batch 2900/3348, Loss: 0.2517
2025-10-10 10:57:36,713 [INFO] Época 14/30, Batch 2950/3348, Loss: 0.2170
2025-10-10 10:57:36,987 [INFO] Época 14/30, Batch 3000/3348, Loss: 0.1708
2025-10-10 10:57:37,257 [INFO] Época 14/30, Batch 3050/3348, Loss: 0.2457
2025-10-10 10:57:37,527 [INFO] Época 14/30, Batch 3100/3348, Loss: 0.2736
2025-10-10 10:57:37,798 [INFO] Época 14/30, Batch 3150/3348, Loss: 0.1359
2025-10-10 10:57:38,069 [INFO] Época 14/30, Batch 3200/3348, Loss: 0.1429
2025-10-10 10:57:38,338 [INFO] Época 14/30, Batch 3250/3348, Loss: 0.2129
2025-10-10 10:57:38,606 [INFO] Época 14/30, Batch 3300/3348, Loss: 0.2119
2025-10-10 10:57:40,381 [INFO] [14/30] Train Loss: 0.2126 | Val Loss: 0.4743 | Tempo: 19.89s
2025-10-10 10:57:40,962 [INFO] Época 15/30, Batch 50/3348, Loss: 0.1836
2025-10-10 10:57:41,236 [INFO] Época 15/30, Batch 100/3348, Loss: 0.2445
2025-10-10 10:57:41,510 [INFO] Época 15/30, Batch 150/3348, Loss: 0.2472
2025-10-10 10:57:41,784 [INFO] Época 15/30, Batch 200/3348, Loss: 0.1917
2025-10-10 10:57:42,056 [INFO] Época 15/30, Batch 250/3348, Loss: 0.1437
2025-10-10 10:57:42,327 [INFO] Época 15/30, Batch 300/3348, Loss: 0.1830
2025-10-10 10:57:42,601 [INFO] Época 15/30, Batch 350/3348, Loss: 0.1631
2025-10-10 10:57:42,875 [INFO] Época 15/30, Batch 400/3348, Loss: 0.2636
2025-10-10 10:57:43,149 [INFO] Época 15/30, Batch 450/3348, Loss: 0.1213
2025-10-10 10:57:43,423 [INFO] Época 15/30, Batch 500/3348, Loss: 0.3355
2025-10-10 10:57:43,696 [INFO] Época 15/30, Batch 550/3348, Loss: 0.1894
2025-10-10 10:57:43,967 [INFO] Época 15/30, Batch 600/3348, Loss: 0.1290
2025-10-10 10:57:44,242 [INFO] Época 15/30, Batch 650/3348, Loss: 0.1453
2025-10-10 10:57:44,515 [INFO] Época 15/30, Batch 700/3348, Loss: 0.1956
2025-10-10 10:57:44,790 [INFO] Época 15/30, Batch 750/3348, Loss: 0.2034
2025-10-10 10:57:45,059 [INFO] Época 15/30, Batch 800/3348, Loss: 0.2281
2025-10-10 10:57:45,323 [INFO] Época 15/30, Batch 850/3348, Loss: 0.2190
2025-10-10 10:57:45,585 [INFO] Época 15/30, Batch 900/3348, Loss: 0.1207
2025-10-10 10:57:45,849 [INFO] Época 15/30, Batch 950/3348, Loss: 0.3344
2025-10-10 10:57:46,112 [INFO] Época 15/30, Batch 1000/3348, Loss: 0.2367
2025-10-10 10:57:46,377 [INFO] Época 15/30, Batch 1050/3348, Loss: 0.1990
2025-10-10 10:57:46,640 [INFO] Época 15/30, Batch 1100/3348, Loss: 0.1046
2025-10-10 10:57:46,898 [INFO] Época 15/30, Batch 1150/3348, Loss: 0.1787
2025-10-10 10:57:47,156 [INFO] Época 15/30, Batch 1200/3348, Loss: 0.1657
2025-10-10 10:57:47,420 [INFO] Época 15/30, Batch 1250/3348, Loss: 0.1659
2025-10-10 10:57:47,684 [INFO] Época 15/30, Batch 1300/3348, Loss: 0.1114
2025-10-10 10:57:47,946 [INFO] Época 15/30, Batch 1350/3348, Loss: 0.2725
2025-10-10 10:57:48,210 [INFO] Época 15/30, Batch 1400/3348, Loss: 0.0807
2025-10-10 10:57:48,473 [INFO] Época 15/30, Batch 1450/3348, Loss: 0.2620
2025-10-10 10:57:48,736 [INFO] Época 15/30, Batch 1500/3348, Loss: 0.1807
2025-10-10 10:57:48,997 [INFO] Época 15/30, Batch 1550/3348, Loss: 0.1476
2025-10-10 10:57:49,257 [INFO] Época 15/30, Batch 1600/3348, Loss: 0.2460
2025-10-10 10:57:49,519 [INFO] Época 15/30, Batch 1650/3348, Loss: 0.2519
2025-10-10 10:57:49,780 [INFO] Época 15/30, Batch 1700/3348, Loss: 0.1577
2025-10-10 10:57:50,044 [INFO] Época 15/30, Batch 1750/3348, Loss: 0.3103
2025-10-10 10:57:50,304 [INFO] Época 15/30, Batch 1800/3348, Loss: 0.2313
2025-10-10 10:57:50,565 [INFO] Época 15/30, Batch 1850/3348, Loss: 0.1741
2025-10-10 10:57:50,825 [INFO] Época 15/30, Batch 1900/3348, Loss: 0.3120
2025-10-10 10:57:51,085 [INFO] Época 15/30, Batch 1950/3348, Loss: 0.2457
2025-10-10 10:57:51,348 [INFO] Época 15/30, Batch 2000/3348, Loss: 0.2535
2025-10-10 10:57:51,607 [INFO] Época 15/30, Batch 2050/3348, Loss: 0.2640
2025-10-10 10:57:51,865 [INFO] Época 15/30, Batch 2100/3348, Loss: 0.1446
2025-10-10 10:57:52,124 [INFO] Época 15/30, Batch 2150/3348, Loss: 0.2449
2025-10-10 10:57:52,386 [INFO] Época 15/30, Batch 2200/3348, Loss: 0.2434
2025-10-10 10:57:52,648 [INFO] Época 15/30, Batch 2250/3348, Loss: 0.1360
2025-10-10 10:57:52,910 [INFO] Época 15/30, Batch 2300/3348, Loss: 0.1989
2025-10-10 10:57:53,171 [INFO] Época 15/30, Batch 2350/3348, Loss: 0.1957
2025-10-10 10:57:53,432 [INFO] Época 15/30, Batch 2400/3348, Loss: 0.1972
2025-10-10 10:57:53,695 [INFO] Época 15/30, Batch 2450/3348, Loss: 0.1729
2025-10-10 10:57:53,956 [INFO] Época 15/30, Batch 2500/3348, Loss: 0.1751
2025-10-10 10:57:54,215 [INFO] Época 15/30, Batch 2550/3348, Loss: 0.1427
2025-10-10 10:57:54,475 [INFO] Época 15/30, Batch 2600/3348, Loss: 0.2263
2025-10-10 10:57:54,736 [INFO] Época 15/30, Batch 2650/3348, Loss: 0.1067
2025-10-10 10:57:54,995 [INFO] Época 15/30, Batch 2700/3348, Loss: 0.3280
2025-10-10 10:57:55,253 [INFO] Época 15/30, Batch 2750/3348, Loss: 0.1229
2025-10-10 10:57:55,513 [INFO] Época 15/30, Batch 2800/3348, Loss: 0.1216
2025-10-10 10:57:55,770 [INFO] Época 15/30, Batch 2850/3348, Loss: 0.1487
2025-10-10 10:57:56,028 [INFO] Época 15/30, Batch 2900/3348, Loss: 0.1573
2025-10-10 10:57:56,286 [INFO] Época 15/30, Batch 2950/3348, Loss: 0.1819
2025-10-10 10:57:56,545 [INFO] Época 15/30, Batch 3000/3348, Loss: 0.2482
2025-10-10 10:57:56,808 [INFO] Época 15/30, Batch 3050/3348, Loss: 0.1581
2025-10-10 10:57:57,070 [INFO] Época 15/30, Batch 3100/3348, Loss: 0.1566
2025-10-10 10:57:57,331 [INFO] Época 15/30, Batch 3150/3348, Loss: 0.1323
2025-10-10 10:57:57,592 [INFO] Época 15/30, Batch 3200/3348, Loss: 0.1358
2025-10-10 10:57:57,853 [INFO] Época 15/30, Batch 3250/3348, Loss: 0.2182
2025-10-10 10:57:58,114 [INFO] Época 15/30, Batch 3300/3348, Loss: 0.1839
2025-10-10 10:57:59,939 [INFO] [15/30] Train Loss: 0.2077 | Val Loss: 0.4294 | Tempo: 19.56s
2025-10-10 10:58:00,510 [INFO] Época 16/30, Batch 50/3348, Loss: 0.1407
2025-10-10 10:58:00,780 [INFO] Época 16/30, Batch 100/3348, Loss: 0.1230
2025-10-10 10:58:01,047 [INFO] Época 16/30, Batch 150/3348, Loss: 0.2665
2025-10-10 10:58:01,311 [INFO] Época 16/30, Batch 200/3348, Loss: 0.0981
2025-10-10 10:58:01,579 [INFO] Época 16/30, Batch 250/3348, Loss: 0.1350
2025-10-10 10:58:01,844 [INFO] Época 16/30, Batch 300/3348, Loss: 0.1770
2025-10-10 10:58:02,109 [INFO] Época 16/30, Batch 350/3348, Loss: 0.2564
2025-10-10 10:58:02,374 [INFO] Época 16/30, Batch 400/3348, Loss: 0.1969
2025-10-10 10:58:02,638 [INFO] Época 16/30, Batch 450/3348, Loss: 0.1959
2025-10-10 10:58:02,905 [INFO] Época 16/30, Batch 500/3348, Loss: 0.2128
2025-10-10 10:58:03,169 [INFO] Época 16/30, Batch 550/3348, Loss: 0.1868
2025-10-10 10:58:03,433 [INFO] Época 16/30, Batch 600/3348, Loss: 0.1947
2025-10-10 10:58:03,698 [INFO] Época 16/30, Batch 650/3348, Loss: 0.1261
2025-10-10 10:58:03,955 [INFO] Época 16/30, Batch 700/3348, Loss: 0.2361
2025-10-10 10:58:04,210 [INFO] Época 16/30, Batch 750/3348, Loss: 0.1515
2025-10-10 10:58:04,466 [INFO] Época 16/30, Batch 800/3348, Loss: 0.1314
2025-10-10 10:58:04,721 [INFO] Época 16/30, Batch 850/3348, Loss: 0.3023
2025-10-10 10:58:04,976 [INFO] Época 16/30, Batch 900/3348, Loss: 0.1512
2025-10-10 10:58:05,230 [INFO] Época 16/30, Batch 950/3348, Loss: 0.2536
2025-10-10 10:58:05,484 [INFO] Época 16/30, Batch 1000/3348, Loss: 0.2206
2025-10-10 10:58:05,738 [INFO] Época 16/30, Batch 1050/3348, Loss: 0.1608
2025-10-10 10:58:05,991 [INFO] Época 16/30, Batch 1100/3348, Loss: 0.1187
2025-10-10 10:58:06,250 [INFO] Época 16/30, Batch 1150/3348, Loss: 0.2521
2025-10-10 10:58:06,511 [INFO] Época 16/30, Batch 1200/3348, Loss: 0.1274
2025-10-10 10:58:06,773 [INFO] Época 16/30, Batch 1250/3348, Loss: 0.1393
2025-10-10 10:58:07,035 [INFO] Época 16/30, Batch 1300/3348, Loss: 0.2258
2025-10-10 10:58:07,298 [INFO] Época 16/30, Batch 1350/3348, Loss: 0.1844
2025-10-10 10:58:07,561 [INFO] Época 16/30, Batch 1400/3348, Loss: 0.1358
2025-10-10 10:58:07,824 [INFO] Época 16/30, Batch 1450/3348, Loss: 0.2017
2025-10-10 10:58:08,087 [INFO] Época 16/30, Batch 1500/3348, Loss: 0.2209
2025-10-10 10:58:08,350 [INFO] Época 16/30, Batch 1550/3348, Loss: 0.1813
2025-10-10 10:58:08,613 [INFO] Época 16/30, Batch 1600/3348, Loss: 0.2241
2025-10-10 10:58:08,875 [INFO] Época 16/30, Batch 1650/3348, Loss: 0.2537
2025-10-10 10:58:09,136 [INFO] Época 16/30, Batch 1700/3348, Loss: 0.2036
2025-10-10 10:58:09,398 [INFO] Época 16/30, Batch 1750/3348, Loss: 0.2311
2025-10-10 10:58:09,660 [INFO] Época 16/30, Batch 1800/3348, Loss: 0.2255
2025-10-10 10:58:09,922 [INFO] Época 16/30, Batch 1850/3348, Loss: 0.1405
2025-10-10 10:58:10,181 [INFO] Época 16/30, Batch 1900/3348, Loss: 0.2190
2025-10-10 10:58:10,443 [INFO] Época 16/30, Batch 1950/3348, Loss: 0.3095
2025-10-10 10:58:10,706 [INFO] Época 16/30, Batch 2000/3348, Loss: 0.2101
2025-10-10 10:58:10,969 [INFO] Época 16/30, Batch 2050/3348, Loss: 0.1761
2025-10-10 10:58:11,233 [INFO] Época 16/30, Batch 2100/3348, Loss: 0.1178
2025-10-10 10:58:11,494 [INFO] Época 16/30, Batch 2150/3348, Loss: 0.1581
2025-10-10 10:58:11,758 [INFO] Época 16/30, Batch 2200/3348, Loss: 0.1740
2025-10-10 10:58:12,020 [INFO] Época 16/30, Batch 2250/3348, Loss: 0.1572
2025-10-10 10:58:12,282 [INFO] Época 16/30, Batch 2300/3348, Loss: 0.1316
2025-10-10 10:58:12,542 [INFO] Época 16/30, Batch 2350/3348, Loss: 0.2215
2025-10-10 10:58:12,805 [INFO] Época 16/30, Batch 2400/3348, Loss: 0.1548
2025-10-10 10:58:13,068 [INFO] Época 16/30, Batch 2450/3348, Loss: 0.2044
2025-10-10 10:58:13,330 [INFO] Época 16/30, Batch 2500/3348, Loss: 0.1871
2025-10-10 10:58:13,593 [INFO] Época 16/30, Batch 2550/3348, Loss: 0.1466
2025-10-10 10:58:13,855 [INFO] Época 16/30, Batch 2600/3348, Loss: 0.2082
2025-10-10 10:58:14,117 [INFO] Época 16/30, Batch 2650/3348, Loss: 0.2334
2025-10-10 10:58:14,379 [INFO] Época 16/30, Batch 2700/3348, Loss: 0.2142
2025-10-10 10:58:14,641 [INFO] Época 16/30, Batch 2750/3348, Loss: 0.2049
2025-10-10 10:58:14,903 [INFO] Época 16/30, Batch 2800/3348, Loss: 0.2497
2025-10-10 10:58:15,165 [INFO] Época 16/30, Batch 2850/3348, Loss: 0.1906
2025-10-10 10:58:15,427 [INFO] Época 16/30, Batch 2900/3348, Loss: 0.2329
2025-10-10 10:58:15,687 [INFO] Época 16/30, Batch 2950/3348, Loss: 0.2644
2025-10-10 10:58:15,948 [INFO] Época 16/30, Batch 3000/3348, Loss: 0.1844
2025-10-10 10:58:16,210 [INFO] Época 16/30, Batch 3050/3348, Loss: 0.1970
2025-10-10 10:58:16,473 [INFO] Época 16/30, Batch 3100/3348, Loss: 0.1944
2025-10-10 10:58:16,737 [INFO] Época 16/30, Batch 3150/3348, Loss: 0.2614
2025-10-10 10:58:16,999 [INFO] Época 16/30, Batch 3200/3348, Loss: 0.1797
2025-10-10 10:58:17,259 [INFO] Época 16/30, Batch 3250/3348, Loss: 0.2451
2025-10-10 10:58:17,520 [INFO] Época 16/30, Batch 3300/3348, Loss: 0.2355
2025-10-10 10:58:19,419 [INFO] [16/30] Train Loss: 0.2036 | Val Loss: 0.4573 | Tempo: 19.48s
2025-10-10 10:58:19,420 [INFO] Early stopping ativado após 10 épocas sem melhoria
2025-10-10 10:58:19,420 [INFO] Treinamento concluído em 312.42 segundos (5.21 minutos)
2025-10-10 10:58:19,420 [INFO] Iniciando avaliação no conjunto de teste...
2025-10-10 10:58:20,986 [INFO] Avaliação do teste concluída em 1.57 segundos
2025-10-10 10:58:20,986 [INFO] MSE no teste: 1.0103
2025-10-10 10:58:20,986 [INFO] RMSE no teste: 1.0051
2025-10-10 10:58:20,986 [INFO] MAE no teste: 0.7214
2025-10-10 10:58:20,987 [INFO] Métricas salvas em /mnt/hdd/home/jdurao/ToolBox-ChemXAI/logs/mlp_att13_Morgan_metrics.json
