2025-10-09 17:15:59,366 [INFO] Iniciando treinamento do modelo mlp_att1_3D
2025-10-09 17:15:59,366 [INFO] Configuração: att_index=1, epochs=30, layers=[128, 64, 32], lr=0.001, batch_size=32, descriptor_type=3D
2025-10-09 17:15:59,367 [INFO] Diretório para modelos: /mnt/hdd/home/jdurao/ToolBox-ChemXAI/models
2025-10-09 17:15:59,367 [INFO] Carregando dados...
2025-10-09 17:15:59,458 [INFO] Preparando dataloaders sem ruído...
2025-10-09 17:22:00,898 [INFO] Dados carregados em 361.53 segundos
2025-10-09 17:22:00,899 [INFO] Tamanhos dos conjuntos - Treino: 105179, Validação: 13147, Teste: 13148
2025-10-09 17:22:00,899 [INFO] Usando dispositivo: cuda
2025-10-09 17:22:01,255 [INFO] Dimensão de entrada: 5, Dimensão de saída: 1
2025-10-09 17:22:01,256 [INFO] Criando modelo MLP com camadas: [128, 64, 32]
2025-10-09 17:22:01,258 [INFO] Modelo criado com 11137 parâmetros
2025-10-09 17:22:01,276 [INFO] Iniciando treinamento com 30 épocas...
2025-10-09 17:22:01,827 [INFO] Época 1/30, Batch 50/3287, Loss: 0.0813
2025-10-09 17:22:02,102 [INFO] Época 1/30, Batch 100/3287, Loss: 0.0716
2025-10-09 17:22:02,373 [INFO] Época 1/30, Batch 150/3287, Loss: 0.0970
2025-10-09 17:22:02,635 [INFO] Época 1/30, Batch 200/3287, Loss: 0.0684
2025-10-09 17:22:02,898 [INFO] Época 1/30, Batch 250/3287, Loss: 0.1214
2025-10-09 17:22:03,154 [INFO] Época 1/30, Batch 300/3287, Loss: 0.0975
2025-10-09 17:22:03,402 [INFO] Época 1/30, Batch 350/3287, Loss: 0.0674
2025-10-09 17:22:03,652 [INFO] Época 1/30, Batch 400/3287, Loss: 0.0786
2025-10-09 17:22:03,906 [INFO] Época 1/30, Batch 450/3287, Loss: 0.0865
2025-10-09 17:22:04,173 [INFO] Época 1/30, Batch 500/3287, Loss: 0.0982
2025-10-09 17:22:04,443 [INFO] Época 1/30, Batch 550/3287, Loss: 0.0462
2025-10-09 17:22:04,710 [INFO] Época 1/30, Batch 600/3287, Loss: 0.0906
2025-10-09 17:22:04,975 [INFO] Época 1/30, Batch 650/3287, Loss: 0.0711
2025-10-09 17:22:05,250 [INFO] Época 1/30, Batch 700/3287, Loss: 0.0678
2025-10-09 17:22:05,515 [INFO] Época 1/30, Batch 750/3287, Loss: 0.0821
2025-10-09 17:22:05,781 [INFO] Época 1/30, Batch 800/3287, Loss: 0.0866
2025-10-09 17:22:06,047 [INFO] Época 1/30, Batch 850/3287, Loss: 0.0732
2025-10-09 17:22:06,312 [INFO] Época 1/30, Batch 900/3287, Loss: 0.0637
2025-10-09 17:22:06,578 [INFO] Época 1/30, Batch 950/3287, Loss: 0.0708
2025-10-09 17:22:06,846 [INFO] Época 1/30, Batch 1000/3287, Loss: 0.0691
2025-10-09 17:22:07,117 [INFO] Época 1/30, Batch 1050/3287, Loss: 0.0661
2025-10-09 17:22:07,393 [INFO] Época 1/30, Batch 1100/3287, Loss: 0.0765
2025-10-09 17:22:07,661 [INFO] Época 1/30, Batch 1150/3287, Loss: 0.0641
2025-10-09 17:22:07,932 [INFO] Época 1/30, Batch 1200/3287, Loss: 0.0653
2025-10-09 17:22:08,202 [INFO] Época 1/30, Batch 1250/3287, Loss: 0.0917
2025-10-09 17:22:08,467 [INFO] Época 1/30, Batch 1300/3287, Loss: 0.0601
2025-10-09 17:22:08,731 [INFO] Época 1/30, Batch 1350/3287, Loss: 0.0793
2025-10-09 17:22:08,996 [INFO] Época 1/30, Batch 1400/3287, Loss: 0.0698
2025-10-09 17:22:09,267 [INFO] Época 1/30, Batch 1450/3287, Loss: 0.0963
2025-10-09 17:22:09,535 [INFO] Época 1/30, Batch 1500/3287, Loss: 0.0671
2025-10-09 17:22:09,805 [INFO] Época 1/30, Batch 1550/3287, Loss: 0.0851
2025-10-09 17:22:10,076 [INFO] Época 1/30, Batch 1600/3287, Loss: 0.0577
2025-10-09 17:22:10,345 [INFO] Época 1/30, Batch 1650/3287, Loss: 0.0703
2025-10-09 17:22:10,619 [INFO] Época 1/30, Batch 1700/3287, Loss: 0.0817
2025-10-09 17:22:10,888 [INFO] Época 1/30, Batch 1750/3287, Loss: 0.0653
2025-10-09 17:22:11,160 [INFO] Época 1/30, Batch 1800/3287, Loss: 0.0853
2025-10-09 17:22:11,433 [INFO] Época 1/30, Batch 1850/3287, Loss: 0.0610
2025-10-09 17:22:11,705 [INFO] Época 1/30, Batch 1900/3287, Loss: 0.0887
2025-10-09 17:22:11,974 [INFO] Época 1/30, Batch 1950/3287, Loss: 0.0774
2025-10-09 17:22:12,243 [INFO] Época 1/30, Batch 2000/3287, Loss: 0.0857
2025-10-09 17:22:12,511 [INFO] Época 1/30, Batch 2050/3287, Loss: 0.0609
2025-10-09 17:22:12,777 [INFO] Época 1/30, Batch 2100/3287, Loss: 0.0647
2025-10-09 17:22:13,046 [INFO] Época 1/30, Batch 2150/3287, Loss: 0.1003
2025-10-09 17:22:13,316 [INFO] Época 1/30, Batch 2200/3287, Loss: 0.0845
2025-10-09 17:22:13,582 [INFO] Época 1/30, Batch 2250/3287, Loss: 0.1089
2025-10-09 17:22:13,851 [INFO] Época 1/30, Batch 2300/3287, Loss: 0.0743
2025-10-09 17:22:14,119 [INFO] Época 1/30, Batch 2350/3287, Loss: 0.1054
2025-10-09 17:22:14,388 [INFO] Época 1/30, Batch 2400/3287, Loss: 0.0786
2025-10-09 17:22:14,656 [INFO] Época 1/30, Batch 2450/3287, Loss: 0.0903
2025-10-09 17:22:14,926 [INFO] Época 1/30, Batch 2500/3287, Loss: 0.0791
2025-10-09 17:22:15,195 [INFO] Época 1/30, Batch 2550/3287, Loss: 0.0835
2025-10-09 17:22:15,465 [INFO] Época 1/30, Batch 2600/3287, Loss: 0.0721
2025-10-09 17:22:15,736 [INFO] Época 1/30, Batch 2650/3287, Loss: 0.0907
2025-10-09 17:22:16,008 [INFO] Época 1/30, Batch 2700/3287, Loss: 0.0706
2025-10-09 17:22:16,277 [INFO] Época 1/30, Batch 2750/3287, Loss: 0.0603
2025-10-09 17:22:16,544 [INFO] Época 1/30, Batch 2800/3287, Loss: 0.0491
2025-10-09 17:22:16,810 [INFO] Época 1/30, Batch 2850/3287, Loss: 0.0952
2025-10-09 17:22:17,082 [INFO] Época 1/30, Batch 2900/3287, Loss: 0.0912
2025-10-09 17:22:17,354 [INFO] Época 1/30, Batch 2950/3287, Loss: 0.0774
2025-10-09 17:22:17,628 [INFO] Época 1/30, Batch 3000/3287, Loss: 0.0917
2025-10-09 17:22:17,903 [INFO] Época 1/30, Batch 3050/3287, Loss: 0.0464
2025-10-09 17:22:18,176 [INFO] Época 1/30, Batch 3100/3287, Loss: 0.0515
2025-10-09 17:22:18,448 [INFO] Época 1/30, Batch 3150/3287, Loss: 0.0774
2025-10-09 17:22:18,720 [INFO] Época 1/30, Batch 3200/3287, Loss: 0.0528
2025-10-09 17:22:18,993 [INFO] Época 1/30, Batch 3250/3287, Loss: 0.0851
2025-10-09 17:22:20,703 [INFO] [1/30] Train Loss: 0.0845 | Val Loss: 0.0812 | Tempo: 19.43s
2025-10-09 17:22:20,707 [INFO] Melhor modelo salvo em: /mnt/hdd/home/jdurao/ToolBox-ChemXAI/models/mlp_qm9_3D_att1_large.pth
2025-10-09 17:22:21,256 [INFO] Época 2/30, Batch 50/3287, Loss: 0.0870
2025-10-09 17:22:21,522 [INFO] Época 2/30, Batch 100/3287, Loss: 0.0834
2025-10-09 17:22:21,785 [INFO] Época 2/30, Batch 150/3287, Loss: 0.0885
2025-10-09 17:22:22,046 [INFO] Época 2/30, Batch 200/3287, Loss: 0.0743
2025-10-09 17:22:22,309 [INFO] Época 2/30, Batch 250/3287, Loss: 0.0961
2025-10-09 17:22:22,568 [INFO] Época 2/30, Batch 300/3287, Loss: 0.0635
2025-10-09 17:22:22,832 [INFO] Época 2/30, Batch 350/3287, Loss: 0.0823
2025-10-09 17:22:23,091 [INFO] Época 2/30, Batch 400/3287, Loss: 0.0906
2025-10-09 17:22:23,349 [INFO] Época 2/30, Batch 450/3287, Loss: 0.1042
2025-10-09 17:22:23,611 [INFO] Época 2/30, Batch 500/3287, Loss: 0.0974
2025-10-09 17:22:23,873 [INFO] Época 2/30, Batch 550/3287, Loss: 0.0875
2025-10-09 17:22:24,131 [INFO] Época 2/30, Batch 600/3287, Loss: 0.0828
2025-10-09 17:22:24,392 [INFO] Época 2/30, Batch 650/3287, Loss: 0.0699
2025-10-09 17:22:24,650 [INFO] Época 2/30, Batch 700/3287, Loss: 0.1082
2025-10-09 17:22:24,907 [INFO] Época 2/30, Batch 750/3287, Loss: 0.0979
2025-10-09 17:22:25,159 [INFO] Época 2/30, Batch 800/3287, Loss: 0.0634
2025-10-09 17:22:25,405 [INFO] Época 2/30, Batch 850/3287, Loss: 0.0747
2025-10-09 17:22:25,652 [INFO] Época 2/30, Batch 900/3287, Loss: 0.0866
2025-10-09 17:22:25,899 [INFO] Época 2/30, Batch 950/3287, Loss: 0.0867
2025-10-09 17:22:26,147 [INFO] Época 2/30, Batch 1000/3287, Loss: 0.0528
2025-10-09 17:22:26,395 [INFO] Época 2/30, Batch 1050/3287, Loss: 0.0664
2025-10-09 17:22:26,642 [INFO] Época 2/30, Batch 1100/3287, Loss: 0.1236
2025-10-09 17:22:26,890 [INFO] Época 2/30, Batch 1150/3287, Loss: 0.0637
2025-10-09 17:22:27,145 [INFO] Época 2/30, Batch 1200/3287, Loss: 0.0773
2025-10-09 17:22:27,406 [INFO] Época 2/30, Batch 1250/3287, Loss: 0.0539
2025-10-09 17:22:27,665 [INFO] Época 2/30, Batch 1300/3287, Loss: 0.0677
2025-10-09 17:22:27,922 [INFO] Época 2/30, Batch 1350/3287, Loss: 0.0725
2025-10-09 17:22:28,179 [INFO] Época 2/30, Batch 1400/3287, Loss: 0.0601
2025-10-09 17:22:28,436 [INFO] Época 2/30, Batch 1450/3287, Loss: 0.0856
2025-10-09 17:22:28,695 [INFO] Época 2/30, Batch 1500/3287, Loss: 0.0930
2025-10-09 17:22:28,955 [INFO] Época 2/30, Batch 1550/3287, Loss: 0.0521
2025-10-09 17:22:29,215 [INFO] Época 2/30, Batch 1600/3287, Loss: 0.0591
2025-10-09 17:22:29,479 [INFO] Época 2/30, Batch 1650/3287, Loss: 0.0670
2025-10-09 17:22:29,742 [INFO] Época 2/30, Batch 1700/3287, Loss: 0.0589
2025-10-09 17:22:29,998 [INFO] Época 2/30, Batch 1750/3287, Loss: 0.0778
2025-10-09 17:22:30,258 [INFO] Época 2/30, Batch 1800/3287, Loss: 0.0665
2025-10-09 17:22:30,515 [INFO] Época 2/30, Batch 1850/3287, Loss: 0.0821
2025-10-09 17:22:30,771 [INFO] Época 2/30, Batch 1900/3287, Loss: 0.0779
2025-10-09 17:22:31,030 [INFO] Época 2/30, Batch 1950/3287, Loss: 2.9004
2025-10-09 17:22:31,290 [INFO] Época 2/30, Batch 2000/3287, Loss: 0.0771
2025-10-09 17:22:31,552 [INFO] Época 2/30, Batch 2050/3287, Loss: 0.0598
2025-10-09 17:22:31,813 [INFO] Época 2/30, Batch 2100/3287, Loss: 0.0691
2025-10-09 17:22:32,073 [INFO] Época 2/30, Batch 2150/3287, Loss: 0.0682
2025-10-09 17:22:32,335 [INFO] Época 2/30, Batch 2200/3287, Loss: 0.0730
2025-10-09 17:22:32,592 [INFO] Época 2/30, Batch 2250/3287, Loss: 0.0836
2025-10-09 17:22:32,847 [INFO] Época 2/30, Batch 2300/3287, Loss: 0.0597
2025-10-09 17:22:33,100 [INFO] Época 2/30, Batch 2350/3287, Loss: 0.0714
2025-10-09 17:22:33,355 [INFO] Época 2/30, Batch 2400/3287, Loss: 0.0737
2025-10-09 17:22:33,607 [INFO] Época 2/30, Batch 2450/3287, Loss: 0.0786
2025-10-09 17:22:33,847 [INFO] Época 2/30, Batch 2500/3287, Loss: 0.0948
2025-10-09 17:22:34,082 [INFO] Época 2/30, Batch 2550/3287, Loss: 0.0606
2025-10-09 17:22:34,316 [INFO] Época 2/30, Batch 2600/3287, Loss: 0.0762
2025-10-09 17:22:34,551 [INFO] Época 2/30, Batch 2650/3287, Loss: 0.1057
2025-10-09 17:22:34,786 [INFO] Época 2/30, Batch 2700/3287, Loss: 0.0530
2025-10-09 17:22:35,017 [INFO] Época 2/30, Batch 2750/3287, Loss: 0.0634
2025-10-09 17:22:35,247 [INFO] Época 2/30, Batch 2800/3287, Loss: 0.0583
2025-10-09 17:22:35,476 [INFO] Época 2/30, Batch 2850/3287, Loss: 0.0660
2025-10-09 17:22:35,715 [INFO] Época 2/30, Batch 2900/3287, Loss: 0.0560
2025-10-09 17:22:35,960 [INFO] Época 2/30, Batch 2950/3287, Loss: 0.0790
2025-10-09 17:22:36,203 [INFO] Época 2/30, Batch 3000/3287, Loss: 0.0794
2025-10-09 17:22:36,446 [INFO] Época 2/30, Batch 3050/3287, Loss: 0.0995
2025-10-09 17:22:36,690 [INFO] Época 2/30, Batch 3100/3287, Loss: 0.0779
2025-10-09 17:22:36,934 [INFO] Época 2/30, Batch 3150/3287, Loss: 0.0641
2025-10-09 17:22:37,179 [INFO] Época 2/30, Batch 3200/3287, Loss: 0.0654
2025-10-09 17:22:37,434 [INFO] Época 2/30, Batch 3250/3287, Loss: 0.0696
2025-10-09 17:22:39,038 [INFO] [2/30] Train Loss: 0.0816 | Val Loss: 0.0822 | Tempo: 18.33s
2025-10-09 17:22:39,576 [INFO] Época 3/30, Batch 50/3287, Loss: 0.0677
2025-10-09 17:22:39,827 [INFO] Época 3/30, Batch 100/3287, Loss: 0.0664
2025-10-09 17:22:40,078 [INFO] Época 3/30, Batch 150/3287, Loss: 0.0962
2025-10-09 17:22:40,326 [INFO] Época 3/30, Batch 200/3287, Loss: 0.0979
2025-10-09 17:22:40,570 [INFO] Época 3/30, Batch 250/3287, Loss: 0.0751
2025-10-09 17:22:40,811 [INFO] Época 3/30, Batch 300/3287, Loss: 0.0898
2025-10-09 17:22:41,050 [INFO] Época 3/30, Batch 350/3287, Loss: 0.0724
2025-10-09 17:22:41,288 [INFO] Época 3/30, Batch 400/3287, Loss: 0.1505
2025-10-09 17:22:41,526 [INFO] Época 3/30, Batch 450/3287, Loss: 0.0834
2025-10-09 17:22:41,765 [INFO] Época 3/30, Batch 500/3287, Loss: 0.0709
2025-10-09 17:22:42,003 [INFO] Época 3/30, Batch 550/3287, Loss: 0.0745
2025-10-09 17:22:42,240 [INFO] Época 3/30, Batch 600/3287, Loss: 0.0661
2025-10-09 17:22:42,478 [INFO] Época 3/30, Batch 650/3287, Loss: 0.0786
2025-10-09 17:22:42,716 [INFO] Época 3/30, Batch 700/3287, Loss: 0.0552
2025-10-09 17:22:42,969 [INFO] Época 3/30, Batch 750/3287, Loss: 0.0992
2025-10-09 17:22:43,230 [INFO] Época 3/30, Batch 800/3287, Loss: 0.0544
2025-10-09 17:22:43,489 [INFO] Época 3/30, Batch 850/3287, Loss: 0.0610
2025-10-09 17:22:43,746 [INFO] Época 3/30, Batch 900/3287, Loss: 0.0618
2025-10-09 17:22:44,004 [INFO] Época 3/30, Batch 950/3287, Loss: 0.0714
2025-10-09 17:22:44,268 [INFO] Época 3/30, Batch 1000/3287, Loss: 0.0908
2025-10-09 17:22:44,533 [INFO] Época 3/30, Batch 1050/3287, Loss: 0.0865
2025-10-09 17:22:44,799 [INFO] Época 3/30, Batch 1100/3287, Loss: 0.0884
2025-10-09 17:22:45,064 [INFO] Época 3/30, Batch 1150/3287, Loss: 0.0607
2025-10-09 17:22:45,328 [INFO] Época 3/30, Batch 1200/3287, Loss: 0.0798
2025-10-09 17:22:45,596 [INFO] Época 3/30, Batch 1250/3287, Loss: 0.0514
2025-10-09 17:22:45,855 [INFO] Época 3/30, Batch 1300/3287, Loss: 0.0784
2025-10-09 17:22:46,112 [INFO] Época 3/30, Batch 1350/3287, Loss: 0.0804
2025-10-09 17:22:46,362 [INFO] Época 3/30, Batch 1400/3287, Loss: 0.0659
2025-10-09 17:22:46,614 [INFO] Época 3/30, Batch 1450/3287, Loss: 0.0525
2025-10-09 17:22:46,864 [INFO] Época 3/30, Batch 1500/3287, Loss: 0.0707
2025-10-09 17:22:47,117 [INFO] Época 3/30, Batch 1550/3287, Loss: 0.0809
2025-10-09 17:22:47,368 [INFO] Época 3/30, Batch 1600/3287, Loss: 0.0670
2025-10-09 17:22:47,620 [INFO] Época 3/30, Batch 1650/3287, Loss: 0.0719
2025-10-09 17:22:47,883 [INFO] Época 3/30, Batch 1700/3287, Loss: 0.0502
2025-10-09 17:22:48,149 [INFO] Época 3/30, Batch 1750/3287, Loss: 0.0676
2025-10-09 17:22:48,418 [INFO] Época 3/30, Batch 1800/3287, Loss: 0.0863
2025-10-09 17:22:48,676 [INFO] Época 3/30, Batch 1850/3287, Loss: 0.0912
2025-10-09 17:22:48,932 [INFO] Época 3/30, Batch 1900/3287, Loss: 0.0685
2025-10-09 17:22:49,187 [INFO] Época 3/30, Batch 1950/3287, Loss: 0.0806
2025-10-09 17:22:49,443 [INFO] Época 3/30, Batch 2000/3287, Loss: 0.0588
2025-10-09 17:22:49,698 [INFO] Época 3/30, Batch 2050/3287, Loss: 0.0875
2025-10-09 17:22:49,954 [INFO] Época 3/30, Batch 2100/3287, Loss: 0.0893
2025-10-09 17:22:50,207 [INFO] Época 3/30, Batch 2150/3287, Loss: 0.0671
2025-10-09 17:22:50,458 [INFO] Época 3/30, Batch 2200/3287, Loss: 0.0934
2025-10-09 17:22:50,713 [INFO] Época 3/30, Batch 2250/3287, Loss: 0.0768
2025-10-09 17:22:50,970 [INFO] Época 3/30, Batch 2300/3287, Loss: 0.0712
2025-10-09 17:22:51,228 [INFO] Época 3/30, Batch 2350/3287, Loss: 0.0986
2025-10-09 17:22:51,485 [INFO] Época 3/30, Batch 2400/3287, Loss: 0.0941
2025-10-09 17:22:51,747 [INFO] Época 3/30, Batch 2450/3287, Loss: 0.0696
2025-10-09 17:22:52,011 [INFO] Época 3/30, Batch 2500/3287, Loss: 0.0624
2025-10-09 17:22:52,274 [INFO] Época 3/30, Batch 2550/3287, Loss: 0.0687
2025-10-09 17:22:52,542 [INFO] Época 3/30, Batch 2600/3287, Loss: 0.1004
2025-10-09 17:22:52,798 [INFO] Época 3/30, Batch 2650/3287, Loss: 0.0699
2025-10-09 17:22:53,056 [INFO] Época 3/30, Batch 2700/3287, Loss: 0.0904
2025-10-09 17:22:53,326 [INFO] Época 3/30, Batch 2750/3287, Loss: 0.0788
2025-10-09 17:22:53,600 [INFO] Época 3/30, Batch 2800/3287, Loss: 0.0828
2025-10-09 17:22:53,879 [INFO] Época 3/30, Batch 2850/3287, Loss: 0.0643
2025-10-09 17:22:54,150 [INFO] Época 3/30, Batch 2900/3287, Loss: 0.0803
2025-10-09 17:22:54,408 [INFO] Época 3/30, Batch 2950/3287, Loss: 0.1051
2025-10-09 17:22:54,671 [INFO] Época 3/30, Batch 3000/3287, Loss: 0.1095
2025-10-09 17:22:54,949 [INFO] Época 3/30, Batch 3050/3287, Loss: 0.0735
2025-10-09 17:22:55,231 [INFO] Época 3/30, Batch 3100/3287, Loss: 0.0503
2025-10-09 17:22:55,512 [INFO] Época 3/30, Batch 3150/3287, Loss: 0.0697
2025-10-09 17:22:55,782 [INFO] Época 3/30, Batch 3200/3287, Loss: 0.0842
2025-10-09 17:22:56,039 [INFO] Época 3/30, Batch 3250/3287, Loss: 0.0766
2025-10-09 17:22:57,732 [INFO] [3/30] Train Loss: 0.0807 | Val Loss: 0.0790 | Tempo: 18.69s
2025-10-09 17:22:57,734 [INFO] Melhor modelo salvo em: /mnt/hdd/home/jdurao/ToolBox-ChemXAI/models/mlp_qm9_3D_att1_large.pth
2025-10-09 17:22:58,281 [INFO] Época 4/30, Batch 50/3287, Loss: 0.0616
2025-10-09 17:22:58,553 [INFO] Época 4/30, Batch 100/3287, Loss: 0.0724
2025-10-09 17:22:58,818 [INFO] Época 4/30, Batch 150/3287, Loss: 0.0650
2025-10-09 17:22:59,086 [INFO] Época 4/30, Batch 200/3287, Loss: 0.0639
2025-10-09 17:22:59,356 [INFO] Época 4/30, Batch 250/3287, Loss: 0.0626
2025-10-09 17:22:59,622 [INFO] Época 4/30, Batch 300/3287, Loss: 0.0469
2025-10-09 17:22:59,886 [INFO] Época 4/30, Batch 350/3287, Loss: 0.0679
2025-10-09 17:23:00,149 [INFO] Época 4/30, Batch 400/3287, Loss: 0.1048
2025-10-09 17:23:00,407 [INFO] Época 4/30, Batch 450/3287, Loss: 0.0755
2025-10-09 17:23:00,668 [INFO] Época 4/30, Batch 500/3287, Loss: 0.0650
2025-10-09 17:23:00,930 [INFO] Época 4/30, Batch 550/3287, Loss: 0.0724
2025-10-09 17:23:01,193 [INFO] Época 4/30, Batch 600/3287, Loss: 0.0600
2025-10-09 17:23:01,453 [INFO] Época 4/30, Batch 650/3287, Loss: 0.0556
2025-10-09 17:23:01,705 [INFO] Época 4/30, Batch 700/3287, Loss: 0.0907
2025-10-09 17:23:01,953 [INFO] Época 4/30, Batch 750/3287, Loss: 0.0636
2025-10-09 17:23:02,200 [INFO] Época 4/30, Batch 800/3287, Loss: 0.0728
2025-10-09 17:23:02,447 [INFO] Época 4/30, Batch 850/3287, Loss: 0.0702
2025-10-09 17:23:02,693 [INFO] Época 4/30, Batch 900/3287, Loss: 0.0830
2025-10-09 17:23:02,940 [INFO] Época 4/30, Batch 950/3287, Loss: 0.0822
2025-10-09 17:23:03,186 [INFO] Época 4/30, Batch 1000/3287, Loss: 0.0482
2025-10-09 17:23:03,430 [INFO] Época 4/30, Batch 1050/3287, Loss: 0.0653
2025-10-09 17:23:03,678 [INFO] Época 4/30, Batch 1100/3287, Loss: 0.0713
2025-10-09 17:23:03,925 [INFO] Época 4/30, Batch 1150/3287, Loss: 0.0783
2025-10-09 17:23:04,179 [INFO] Época 4/30, Batch 1200/3287, Loss: 0.0903
2025-10-09 17:23:04,437 [INFO] Época 4/30, Batch 1250/3287, Loss: 0.0674
2025-10-09 17:23:04,697 [INFO] Época 4/30, Batch 1300/3287, Loss: 0.0844
2025-10-09 17:23:04,960 [INFO] Época 4/30, Batch 1350/3287, Loss: 0.0534
2025-10-09 17:23:05,222 [INFO] Época 4/30, Batch 1400/3287, Loss: 0.0857
2025-10-09 17:23:05,482 [INFO] Época 4/30, Batch 1450/3287, Loss: 0.0846
2025-10-09 17:23:05,738 [INFO] Época 4/30, Batch 1500/3287, Loss: 0.0803
2025-10-09 17:23:05,993 [INFO] Época 4/30, Batch 1550/3287, Loss: 0.0475
2025-10-09 17:23:06,248 [INFO] Época 4/30, Batch 1600/3287, Loss: 0.0745
2025-10-09 17:23:06,504 [INFO] Época 4/30, Batch 1650/3287, Loss: 0.0688
2025-10-09 17:23:06,765 [INFO] Época 4/30, Batch 1700/3287, Loss: 0.0755
2025-10-09 17:23:07,027 [INFO] Época 4/30, Batch 1750/3287, Loss: 0.0883
2025-10-09 17:23:07,287 [INFO] Época 4/30, Batch 1800/3287, Loss: 0.0841
2025-10-09 17:23:07,549 [INFO] Época 4/30, Batch 1850/3287, Loss: 0.0655
2025-10-09 17:23:07,811 [INFO] Época 4/30, Batch 1900/3287, Loss: 0.0744
2025-10-09 17:23:08,069 [INFO] Época 4/30, Batch 1950/3287, Loss: 0.0595
2025-10-09 17:23:08,322 [INFO] Época 4/30, Batch 2000/3287, Loss: 0.0517
2025-10-09 17:23:08,576 [INFO] Época 4/30, Batch 2050/3287, Loss: 0.0806
2025-10-09 17:23:08,831 [INFO] Época 4/30, Batch 2100/3287, Loss: 0.0969
2025-10-09 17:23:09,087 [INFO] Época 4/30, Batch 2150/3287, Loss: 0.0651
2025-10-09 17:23:09,341 [INFO] Época 4/30, Batch 2200/3287, Loss: 0.0753
2025-10-09 17:23:09,596 [INFO] Época 4/30, Batch 2250/3287, Loss: 0.0659
2025-10-09 17:23:09,849 [INFO] Época 4/30, Batch 2300/3287, Loss: 0.0628
2025-10-09 17:23:10,104 [INFO] Época 4/30, Batch 2350/3287, Loss: 0.0924
2025-10-09 17:23:10,358 [INFO] Época 4/30, Batch 2400/3287, Loss: 0.0735
2025-10-09 17:23:10,615 [INFO] Época 4/30, Batch 2450/3287, Loss: 0.0833
2025-10-09 17:23:10,870 [INFO] Época 4/30, Batch 2500/3287, Loss: 0.0839
2025-10-09 17:23:11,124 [INFO] Época 4/30, Batch 2550/3287, Loss: 0.0751
2025-10-09 17:23:11,379 [INFO] Época 4/30, Batch 2600/3287, Loss: 0.0499
2025-10-09 17:23:11,644 [INFO] Época 4/30, Batch 2650/3287, Loss: 0.0721
2025-10-09 17:23:11,908 [INFO] Época 4/30, Batch 2700/3287, Loss: 0.1693
2025-10-09 17:23:12,172 [INFO] Época 4/30, Batch 2750/3287, Loss: 0.0617
2025-10-09 17:23:12,435 [INFO] Época 4/30, Batch 2800/3287, Loss: 0.0744
2025-10-09 17:23:12,698 [INFO] Época 4/30, Batch 2850/3287, Loss: 0.0709
2025-10-09 17:23:12,954 [INFO] Época 4/30, Batch 2900/3287, Loss: 0.0655
2025-10-09 17:23:13,207 [INFO] Época 4/30, Batch 2950/3287, Loss: 0.0654
2025-10-09 17:23:13,463 [INFO] Época 4/30, Batch 3000/3287, Loss: 0.0604
2025-10-09 17:23:13,720 [INFO] Época 4/30, Batch 3050/3287, Loss: 0.1036
2025-10-09 17:23:13,975 [INFO] Época 4/30, Batch 3100/3287, Loss: 0.0732
2025-10-09 17:23:14,234 [INFO] Época 4/30, Batch 3150/3287, Loss: 0.0882
2025-10-09 17:23:14,487 [INFO] Época 4/30, Batch 3200/3287, Loss: 0.0773
2025-10-09 17:23:14,744 [INFO] Época 4/30, Batch 3250/3287, Loss: 0.1032
2025-10-09 17:23:16,477 [INFO] [4/30] Train Loss: 0.0804 | Val Loss: 0.0809 | Tempo: 18.74s
2025-10-09 17:23:17,024 [INFO] Época 5/30, Batch 50/3287, Loss: 0.0978
2025-10-09 17:23:17,274 [INFO] Época 5/30, Batch 100/3287, Loss: 0.0800
2025-10-09 17:23:17,524 [INFO] Época 5/30, Batch 150/3287, Loss: 0.0763
2025-10-09 17:23:17,770 [INFO] Época 5/30, Batch 200/3287, Loss: 0.0758
2025-10-09 17:23:18,017 [INFO] Época 5/30, Batch 250/3287, Loss: 0.0800
2025-10-09 17:23:18,264 [INFO] Época 5/30, Batch 300/3287, Loss: 0.0570
2025-10-09 17:23:18,510 [INFO] Época 5/30, Batch 350/3287, Loss: 0.0798
2025-10-09 17:23:18,758 [INFO] Época 5/30, Batch 400/3287, Loss: 0.0869
2025-10-09 17:23:19,006 [INFO] Época 5/30, Batch 450/3287, Loss: 0.0721
2025-10-09 17:23:19,248 [INFO] Época 5/30, Batch 500/3287, Loss: 0.0751
2025-10-09 17:23:19,489 [INFO] Época 5/30, Batch 550/3287, Loss: 0.0744
2025-10-09 17:23:19,732 [INFO] Época 5/30, Batch 600/3287, Loss: 0.0480
2025-10-09 17:23:19,973 [INFO] Época 5/30, Batch 650/3287, Loss: 0.0627
2025-10-09 17:23:20,214 [INFO] Época 5/30, Batch 700/3287, Loss: 0.0637
2025-10-09 17:23:20,468 [INFO] Época 5/30, Batch 750/3287, Loss: 0.0835
2025-10-09 17:23:20,728 [INFO] Época 5/30, Batch 800/3287, Loss: 0.0583
2025-10-09 17:23:20,986 [INFO] Época 5/30, Batch 850/3287, Loss: 0.0771
2025-10-09 17:23:21,245 [INFO] Época 5/30, Batch 900/3287, Loss: 0.2332
2025-10-09 17:23:21,504 [INFO] Época 5/30, Batch 950/3287, Loss: 0.1059
2025-10-09 17:23:21,769 [INFO] Época 5/30, Batch 1000/3287, Loss: 0.1398
2025-10-09 17:23:22,034 [INFO] Época 5/30, Batch 1050/3287, Loss: 0.0789
2025-10-09 17:23:22,299 [INFO] Época 5/30, Batch 1100/3287, Loss: 0.0750
2025-10-09 17:23:22,569 [INFO] Época 5/30, Batch 1150/3287, Loss: 0.0648
2025-10-09 17:23:22,833 [INFO] Época 5/30, Batch 1200/3287, Loss: 0.0873
2025-10-09 17:23:23,098 [INFO] Época 5/30, Batch 1250/3287, Loss: 0.0555
2025-10-09 17:23:23,361 [INFO] Época 5/30, Batch 1300/3287, Loss: 0.0838
2025-10-09 17:23:23,627 [INFO] Época 5/30, Batch 1350/3287, Loss: 0.0727
2025-10-09 17:23:23,895 [INFO] Época 5/30, Batch 1400/3287, Loss: 0.0729
2025-10-09 17:23:24,162 [INFO] Época 5/30, Batch 1450/3287, Loss: 0.0616
2025-10-09 17:23:24,430 [INFO] Época 5/30, Batch 1500/3287, Loss: 0.0739
2025-10-09 17:23:24,696 [INFO] Época 5/30, Batch 1550/3287, Loss: 0.0738
2025-10-09 17:23:24,957 [INFO] Época 5/30, Batch 1600/3287, Loss: 0.0584
2025-10-09 17:23:25,220 [INFO] Época 5/30, Batch 1650/3287, Loss: 0.0794
2025-10-09 17:23:25,479 [INFO] Época 5/30, Batch 1700/3287, Loss: 0.0780
2025-10-09 17:23:25,741 [INFO] Época 5/30, Batch 1750/3287, Loss: 0.0591
2025-10-09 17:23:26,006 [INFO] Época 5/30, Batch 1800/3287, Loss: 0.0793
2025-10-09 17:23:26,272 [INFO] Época 5/30, Batch 1850/3287, Loss: 0.1029
2025-10-09 17:23:26,539 [INFO] Época 5/30, Batch 1900/3287, Loss: 0.1115
2025-10-09 17:23:26,803 [INFO] Época 5/30, Batch 1950/3287, Loss: 0.0782
2025-10-09 17:23:27,063 [INFO] Época 5/30, Batch 2000/3287, Loss: 0.0565
2025-10-09 17:23:27,324 [INFO] Época 5/30, Batch 2050/3287, Loss: 0.0998
2025-10-09 17:23:27,584 [INFO] Época 5/30, Batch 2100/3287, Loss: 0.0686
2025-10-09 17:23:27,844 [INFO] Época 5/30, Batch 2150/3287, Loss: 0.1114
2025-10-09 17:23:28,108 [INFO] Época 5/30, Batch 2200/3287, Loss: 0.0794
2025-10-09 17:23:28,374 [INFO] Época 5/30, Batch 2250/3287, Loss: 0.0636
2025-10-09 17:23:28,642 [INFO] Época 5/30, Batch 2300/3287, Loss: 0.0917
2025-10-09 17:23:28,905 [INFO] Época 5/30, Batch 2350/3287, Loss: 0.0882
2025-10-09 17:23:29,168 [INFO] Época 5/30, Batch 2400/3287, Loss: 0.0626
2025-10-09 17:23:29,430 [INFO] Época 5/30, Batch 2450/3287, Loss: 0.0843
2025-10-09 17:23:29,693 [INFO] Época 5/30, Batch 2500/3287, Loss: 0.0736
2025-10-09 17:23:29,955 [INFO] Época 5/30, Batch 2550/3287, Loss: 0.0906
2025-10-09 17:23:30,217 [INFO] Época 5/30, Batch 2600/3287, Loss: 0.0909
2025-10-09 17:23:30,479 [INFO] Época 5/30, Batch 2650/3287, Loss: 0.0755
2025-10-09 17:23:30,741 [INFO] Época 5/30, Batch 2700/3287, Loss: 0.0632
2025-10-09 17:23:31,004 [INFO] Época 5/30, Batch 2750/3287, Loss: 0.0593
2025-10-09 17:23:31,265 [INFO] Época 5/30, Batch 2800/3287, Loss: 0.0835
2025-10-09 17:23:31,528 [INFO] Época 5/30, Batch 2850/3287, Loss: 0.0701
2025-10-09 17:23:31,790 [INFO] Época 5/30, Batch 2900/3287, Loss: 0.0803
2025-10-09 17:23:32,052 [INFO] Época 5/30, Batch 2950/3287, Loss: 0.0489
2025-10-09 17:23:32,315 [INFO] Época 5/30, Batch 3000/3287, Loss: 0.0639
2025-10-09 17:23:32,577 [INFO] Época 5/30, Batch 3050/3287, Loss: 0.0957
2025-10-09 17:23:32,845 [INFO] Época 5/30, Batch 3100/3287, Loss: 0.0778
2025-10-09 17:23:33,114 [INFO] Época 5/30, Batch 3150/3287, Loss: 0.0726
2025-10-09 17:23:33,382 [INFO] Época 5/30, Batch 3200/3287, Loss: 0.0829
2025-10-09 17:23:33,651 [INFO] Época 5/30, Batch 3250/3287, Loss: 0.0679
2025-10-09 17:23:35,426 [INFO] [5/30] Train Loss: 0.0799 | Val Loss: 0.0785 | Tempo: 18.95s
2025-10-09 17:23:35,431 [INFO] Melhor modelo salvo em: /mnt/hdd/home/jdurao/ToolBox-ChemXAI/models/mlp_qm9_3D_att1_large.pth
2025-10-09 17:23:35,994 [INFO] Época 6/30, Batch 50/3287, Loss: 0.0775
2025-10-09 17:23:36,266 [INFO] Época 6/30, Batch 100/3287, Loss: 0.0774
2025-10-09 17:23:36,539 [INFO] Época 6/30, Batch 150/3287, Loss: 0.0721
2025-10-09 17:23:36,811 [INFO] Época 6/30, Batch 200/3287, Loss: 0.0815
2025-10-09 17:23:37,080 [INFO] Época 6/30, Batch 250/3287, Loss: 0.0643
2025-10-09 17:23:37,349 [INFO] Época 6/30, Batch 300/3287, Loss: 0.0860
2025-10-09 17:23:37,620 [INFO] Época 6/30, Batch 350/3287, Loss: 0.0882
2025-10-09 17:23:37,890 [INFO] Época 6/30, Batch 400/3287, Loss: 0.0679
2025-10-09 17:23:38,158 [INFO] Época 6/30, Batch 450/3287, Loss: 0.0700
2025-10-09 17:23:38,426 [INFO] Época 6/30, Batch 500/3287, Loss: 0.0790
2025-10-09 17:23:38,696 [INFO] Época 6/30, Batch 550/3287, Loss: 0.0769
2025-10-09 17:23:38,962 [INFO] Época 6/30, Batch 600/3287, Loss: 0.0838
2025-10-09 17:23:39,232 [INFO] Época 6/30, Batch 650/3287, Loss: 0.0788
2025-10-09 17:23:39,501 [INFO] Época 6/30, Batch 700/3287, Loss: 0.0583
2025-10-09 17:23:39,765 [INFO] Época 6/30, Batch 750/3287, Loss: 0.0550
2025-10-09 17:23:40,025 [INFO] Época 6/30, Batch 800/3287, Loss: 0.0746
2025-10-09 17:23:40,284 [INFO] Época 6/30, Batch 850/3287, Loss: 0.0624
2025-10-09 17:23:40,546 [INFO] Época 6/30, Batch 900/3287, Loss: 0.0909
2025-10-09 17:23:40,809 [INFO] Época 6/30, Batch 950/3287, Loss: 0.0625
2025-10-09 17:23:41,068 [INFO] Época 6/30, Batch 1000/3287, Loss: 0.0832
2025-10-09 17:23:41,329 [INFO] Época 6/30, Batch 1050/3287, Loss: 0.0795
2025-10-09 17:23:41,590 [INFO] Época 6/30, Batch 1100/3287, Loss: 0.0655
2025-10-09 17:23:41,851 [INFO] Época 6/30, Batch 1150/3287, Loss: 0.0744
2025-10-09 17:23:42,114 [INFO] Época 6/30, Batch 1200/3287, Loss: 0.0788
2025-10-09 17:23:42,373 [INFO] Época 6/30, Batch 1250/3287, Loss: 0.0699
2025-10-09 17:23:42,635 [INFO] Época 6/30, Batch 1300/3287, Loss: 0.0729
2025-10-09 17:23:42,895 [INFO] Época 6/30, Batch 1350/3287, Loss: 0.0874
2025-10-09 17:23:43,159 [INFO] Época 6/30, Batch 1400/3287, Loss: 0.0675
2025-10-09 17:23:43,423 [INFO] Época 6/30, Batch 1450/3287, Loss: 0.0833
2025-10-09 17:23:43,687 [INFO] Época 6/30, Batch 1500/3287, Loss: 0.0758
2025-10-09 17:23:43,953 [INFO] Época 6/30, Batch 1550/3287, Loss: 0.0725
2025-10-09 17:23:44,215 [INFO] Época 6/30, Batch 1600/3287, Loss: 0.0744
2025-10-09 17:23:44,478 [INFO] Época 6/30, Batch 1650/3287, Loss: 0.0873
2025-10-09 17:23:44,740 [INFO] Época 6/30, Batch 1700/3287, Loss: 0.0574
2025-10-09 17:23:45,003 [INFO] Época 6/30, Batch 1750/3287, Loss: 0.0713
2025-10-09 17:23:45,268 [INFO] Época 6/30, Batch 1800/3287, Loss: 0.1042
2025-10-09 17:23:45,531 [INFO] Época 6/30, Batch 1850/3287, Loss: 0.0504
2025-10-09 17:23:45,797 [INFO] Época 6/30, Batch 1900/3287, Loss: 0.0584
2025-10-09 17:23:46,067 [INFO] Época 6/30, Batch 1950/3287, Loss: 0.0501
2025-10-09 17:23:46,337 [INFO] Época 6/30, Batch 2000/3287, Loss: 0.0657
2025-10-09 17:23:46,604 [INFO] Época 6/30, Batch 2050/3287, Loss: 0.0990
2025-10-09 17:23:46,869 [INFO] Época 6/30, Batch 2100/3287, Loss: 0.0654
2025-10-09 17:23:47,137 [INFO] Época 6/30, Batch 2150/3287, Loss: 0.0649
2025-10-09 17:23:47,401 [INFO] Época 6/30, Batch 2200/3287, Loss: 0.0982
2025-10-09 17:23:47,668 [INFO] Época 6/30, Batch 2250/3287, Loss: 0.0657
2025-10-09 17:23:47,934 [INFO] Época 6/30, Batch 2300/3287, Loss: 0.0870
2025-10-09 17:23:48,204 [INFO] Época 6/30, Batch 2350/3287, Loss: 0.0837
2025-10-09 17:23:48,471 [INFO] Época 6/30, Batch 2400/3287, Loss: 0.0748
2025-10-09 17:23:48,741 [INFO] Época 6/30, Batch 2450/3287, Loss: 0.0678
2025-10-09 17:23:49,010 [INFO] Época 6/30, Batch 2500/3287, Loss: 0.0811
2025-10-09 17:23:49,278 [INFO] Época 6/30, Batch 2550/3287, Loss: 0.0442
2025-10-09 17:23:49,547 [INFO] Época 6/30, Batch 2600/3287, Loss: 0.0639
2025-10-09 17:23:49,814 [INFO] Época 6/30, Batch 2650/3287, Loss: 0.0713
2025-10-09 17:23:50,082 [INFO] Época 6/30, Batch 2700/3287, Loss: 0.0782
2025-10-09 17:23:50,353 [INFO] Época 6/30, Batch 2750/3287, Loss: 0.0698
2025-10-09 17:23:50,621 [INFO] Época 6/30, Batch 2800/3287, Loss: 0.0596
2025-10-09 17:23:50,890 [INFO] Época 6/30, Batch 2850/3287, Loss: 0.0802
2025-10-09 17:23:51,157 [INFO] Época 6/30, Batch 2900/3287, Loss: 0.0537
2025-10-09 17:23:51,426 [INFO] Época 6/30, Batch 2950/3287, Loss: 0.0624
2025-10-09 17:23:51,693 [INFO] Época 6/30, Batch 3000/3287, Loss: 0.0698
2025-10-09 17:23:51,961 [INFO] Época 6/30, Batch 3050/3287, Loss: 0.0599
2025-10-09 17:23:52,228 [INFO] Época 6/30, Batch 3100/3287, Loss: 0.0740
2025-10-09 17:23:52,497 [INFO] Época 6/30, Batch 3150/3287, Loss: 0.0865
2025-10-09 17:23:52,758 [INFO] Época 6/30, Batch 3200/3287, Loss: 0.0522
2025-10-09 17:23:53,021 [INFO] Época 6/30, Batch 3250/3287, Loss: 0.0844
2025-10-09 17:23:54,653 [INFO] [6/30] Train Loss: 0.0798 | Val Loss: 0.0814 | Tempo: 19.22s
2025-10-09 17:23:55,167 [INFO] Época 7/30, Batch 50/3287, Loss: 0.0594
2025-10-09 17:23:55,407 [INFO] Época 7/30, Batch 100/3287, Loss: 0.0932
2025-10-09 17:23:55,644 [INFO] Época 7/30, Batch 150/3287, Loss: 0.0641
2025-10-09 17:23:55,881 [INFO] Época 7/30, Batch 200/3287, Loss: 0.0570
2025-10-09 17:23:56,117 [INFO] Época 7/30, Batch 250/3287, Loss: 0.0833
2025-10-09 17:23:56,351 [INFO] Época 7/30, Batch 300/3287, Loss: 0.0387
2025-10-09 17:23:56,585 [INFO] Época 7/30, Batch 350/3287, Loss: 0.1012
2025-10-09 17:23:56,820 [INFO] Época 7/30, Batch 400/3287, Loss: 0.0502
2025-10-09 17:23:57,058 [INFO] Época 7/30, Batch 450/3287, Loss: 0.0607
2025-10-09 17:23:57,296 [INFO] Época 7/30, Batch 500/3287, Loss: 0.0597
2025-10-09 17:23:57,532 [INFO] Época 7/30, Batch 550/3287, Loss: 0.0725
2025-10-09 17:23:57,773 [INFO] Época 7/30, Batch 600/3287, Loss: 0.0588
2025-10-09 17:23:58,031 [INFO] Época 7/30, Batch 650/3287, Loss: 0.0698
2025-10-09 17:23:58,285 [INFO] Época 7/30, Batch 700/3287, Loss: 0.0745
2025-10-09 17:23:58,540 [INFO] Época 7/30, Batch 750/3287, Loss: 0.0706
2025-10-09 17:23:58,797 [INFO] Época 7/30, Batch 800/3287, Loss: 0.0695
2025-10-09 17:23:59,049 [INFO] Época 7/30, Batch 850/3287, Loss: 0.0798
2025-10-09 17:23:59,296 [INFO] Época 7/30, Batch 900/3287, Loss: 0.0688
2025-10-09 17:23:59,541 [INFO] Época 7/30, Batch 950/3287, Loss: 0.0863
2025-10-09 17:23:59,790 [INFO] Época 7/30, Batch 1000/3287, Loss: 0.0908
2025-10-09 17:24:00,039 [INFO] Época 7/30, Batch 1050/3287, Loss: 0.0788
2025-10-09 17:24:00,287 [INFO] Época 7/30, Batch 1100/3287, Loss: 0.0760
2025-10-09 17:24:00,533 [INFO] Época 7/30, Batch 1150/3287, Loss: 0.0713
2025-10-09 17:24:00,784 [INFO] Época 7/30, Batch 1200/3287, Loss: 0.0540
2025-10-09 17:24:01,032 [INFO] Época 7/30, Batch 1250/3287, Loss: 0.0667
2025-10-09 17:24:01,283 [INFO] Época 7/30, Batch 1300/3287, Loss: 0.0661
2025-10-09 17:24:01,559 [INFO] Época 7/30, Batch 1350/3287, Loss: 0.0649
2025-10-09 17:24:01,840 [INFO] Época 7/30, Batch 1400/3287, Loss: 0.0732
2025-10-09 17:24:02,102 [INFO] Época 7/30, Batch 1450/3287, Loss: 0.0829
2025-10-09 17:24:02,364 [INFO] Época 7/30, Batch 1500/3287, Loss: 0.0892
2025-10-09 17:24:02,627 [INFO] Época 7/30, Batch 1550/3287, Loss: 0.0851
2025-10-09 17:24:02,889 [INFO] Época 7/30, Batch 1600/3287, Loss: 0.0671
2025-10-09 17:24:03,149 [INFO] Época 7/30, Batch 1650/3287, Loss: 0.0719
2025-10-09 17:24:03,410 [INFO] Época 7/30, Batch 1700/3287, Loss: 0.0750
2025-10-09 17:24:03,671 [INFO] Época 7/30, Batch 1750/3287, Loss: 0.0858
2025-10-09 17:24:03,932 [INFO] Época 7/30, Batch 1800/3287, Loss: 0.0948
2025-10-09 17:24:04,189 [INFO] Época 7/30, Batch 1850/3287, Loss: 0.0883
2025-10-09 17:24:04,466 [INFO] Época 7/30, Batch 1900/3287, Loss: 0.0911
2025-10-09 17:24:04,750 [INFO] Época 7/30, Batch 1950/3287, Loss: 0.0840
2025-10-09 17:24:05,031 [INFO] Época 7/30, Batch 2000/3287, Loss: 0.0633
2025-10-09 17:24:05,303 [INFO] Época 7/30, Batch 2050/3287, Loss: 0.0725
2025-10-09 17:24:05,564 [INFO] Época 7/30, Batch 2100/3287, Loss: 0.0610
2025-10-09 17:24:05,824 [INFO] Época 7/30, Batch 2150/3287, Loss: 0.0644
2025-10-09 17:24:06,086 [INFO] Época 7/30, Batch 2200/3287, Loss: 0.0851
2025-10-09 17:24:06,346 [INFO] Época 7/30, Batch 2250/3287, Loss: 0.0830
2025-10-09 17:24:06,608 [INFO] Época 7/30, Batch 2300/3287, Loss: 0.0799
2025-10-09 17:24:06,872 [INFO] Época 7/30, Batch 2350/3287, Loss: 0.0590
2025-10-09 17:24:07,133 [INFO] Época 7/30, Batch 2400/3287, Loss: 0.0550
2025-10-09 17:24:07,392 [INFO] Época 7/30, Batch 2450/3287, Loss: 0.0898
2025-10-09 17:24:07,653 [INFO] Época 7/30, Batch 2500/3287, Loss: 0.0780
2025-10-09 17:24:07,913 [INFO] Época 7/30, Batch 2550/3287, Loss: 0.0560
2025-10-09 17:24:08,181 [INFO] Época 7/30, Batch 2600/3287, Loss: 0.0663
2025-10-09 17:24:08,461 [INFO] Época 7/30, Batch 2650/3287, Loss: 0.0968
2025-10-09 17:24:08,726 [INFO] Época 7/30, Batch 2700/3287, Loss: 0.0656
2025-10-09 17:24:08,989 [INFO] Época 7/30, Batch 2750/3287, Loss: 0.0866
2025-10-09 17:24:09,246 [INFO] Época 7/30, Batch 2800/3287, Loss: 0.0806
2025-10-09 17:24:09,505 [INFO] Época 7/30, Batch 2850/3287, Loss: 0.0768
2025-10-09 17:24:09,785 [INFO] Época 7/30, Batch 2900/3287, Loss: 0.0939
2025-10-09 17:24:10,065 [INFO] Época 7/30, Batch 2950/3287, Loss: 0.0794
2025-10-09 17:24:10,347 [INFO] Época 7/30, Batch 3000/3287, Loss: 0.1095
2025-10-09 17:24:10,614 [INFO] Época 7/30, Batch 3050/3287, Loss: 0.0642
2025-10-09 17:24:10,878 [INFO] Época 7/30, Batch 3100/3287, Loss: 0.0722
2025-10-09 17:24:11,140 [INFO] Época 7/30, Batch 3150/3287, Loss: 0.0634
2025-10-09 17:24:11,403 [INFO] Época 7/30, Batch 3200/3287, Loss: 0.0557
2025-10-09 17:24:11,665 [INFO] Época 7/30, Batch 3250/3287, Loss: 0.0598
2025-10-09 17:24:13,301 [INFO] [7/30] Train Loss: 0.0793 | Val Loss: 0.0805 | Tempo: 18.65s
2025-10-09 17:24:13,864 [INFO] Época 8/30, Batch 50/3287, Loss: 0.0892
2025-10-09 17:24:14,128 [INFO] Época 8/30, Batch 100/3287, Loss: 0.0513
2025-10-09 17:24:14,406 [INFO] Época 8/30, Batch 150/3287, Loss: 0.0944
2025-10-09 17:24:14,677 [INFO] Época 8/30, Batch 200/3287, Loss: 0.0854
2025-10-09 17:24:14,945 [INFO] Época 8/30, Batch 250/3287, Loss: 0.0633
2025-10-09 17:24:15,213 [INFO] Época 8/30, Batch 300/3287, Loss: 0.0643
2025-10-09 17:24:15,479 [INFO] Época 8/30, Batch 350/3287, Loss: 0.0644
2025-10-09 17:24:15,748 [INFO] Época 8/30, Batch 400/3287, Loss: 0.0745
2025-10-09 17:24:16,015 [INFO] Época 8/30, Batch 450/3287, Loss: 0.0741
2025-10-09 17:24:16,281 [INFO] Época 8/30, Batch 500/3287, Loss: 0.0742
2025-10-09 17:24:16,548 [INFO] Época 8/30, Batch 550/3287, Loss: 0.0670
2025-10-09 17:24:16,803 [INFO] Época 8/30, Batch 600/3287, Loss: 0.0790
2025-10-09 17:24:17,057 [INFO] Época 8/30, Batch 650/3287, Loss: 0.0970
2025-10-09 17:24:17,315 [INFO] Época 8/30, Batch 700/3287, Loss: 0.0533
2025-10-09 17:24:17,568 [INFO] Época 8/30, Batch 750/3287, Loss: 0.0608
2025-10-09 17:24:17,819 [INFO] Época 8/30, Batch 800/3287, Loss: 0.0762
2025-10-09 17:24:18,072 [INFO] Época 8/30, Batch 850/3287, Loss: 0.1025
2025-10-09 17:24:18,320 [INFO] Época 8/30, Batch 900/3287, Loss: 0.0705
2025-10-09 17:24:18,568 [INFO] Época 8/30, Batch 950/3287, Loss: 0.0985
2025-10-09 17:24:18,813 [INFO] Época 8/30, Batch 1000/3287, Loss: 0.0656
2025-10-09 17:24:19,061 [INFO] Época 8/30, Batch 1050/3287, Loss: 0.0541
2025-10-09 17:24:19,315 [INFO] Época 8/30, Batch 1100/3287, Loss: 0.0697
2025-10-09 17:24:19,575 [INFO] Época 8/30, Batch 1150/3287, Loss: 0.0682
2025-10-09 17:24:19,841 [INFO] Época 8/30, Batch 1200/3287, Loss: 0.0952
2025-10-09 17:24:20,105 [INFO] Época 8/30, Batch 1250/3287, Loss: 0.0722
2025-10-09 17:24:20,374 [INFO] Época 8/30, Batch 1300/3287, Loss: 0.0939
2025-10-09 17:24:20,636 [INFO] Época 8/30, Batch 1350/3287, Loss: 0.0757
2025-10-09 17:24:20,897 [INFO] Época 8/30, Batch 1400/3287, Loss: 0.0693
2025-10-09 17:24:21,163 [INFO] Época 8/30, Batch 1450/3287, Loss: 0.0922
2025-10-09 17:24:21,428 [INFO] Época 8/30, Batch 1500/3287, Loss: 0.2225
2025-10-09 17:24:21,696 [INFO] Época 8/30, Batch 1550/3287, Loss: 0.0719
2025-10-09 17:24:21,959 [INFO] Época 8/30, Batch 1600/3287, Loss: 7.5948
2025-10-09 17:24:22,222 [INFO] Época 8/30, Batch 1650/3287, Loss: 0.0574
2025-10-09 17:24:22,483 [INFO] Época 8/30, Batch 1700/3287, Loss: 0.0693
2025-10-09 17:24:22,747 [INFO] Época 8/30, Batch 1750/3287, Loss: 0.0609
2025-10-09 17:24:23,010 [INFO] Época 8/30, Batch 1800/3287, Loss: 0.0876
2025-10-09 17:24:23,275 [INFO] Época 8/30, Batch 1850/3287, Loss: 0.0686
2025-10-09 17:24:23,538 [INFO] Época 8/30, Batch 1900/3287, Loss: 0.0720
2025-10-09 17:24:23,799 [INFO] Época 8/30, Batch 1950/3287, Loss: 0.0782
2025-10-09 17:24:24,061 [INFO] Época 8/30, Batch 2000/3287, Loss: 0.0720
2025-10-09 17:24:24,323 [INFO] Época 8/30, Batch 2050/3287, Loss: 0.0803
2025-10-09 17:24:24,584 [INFO] Época 8/30, Batch 2100/3287, Loss: 0.0664
2025-10-09 17:24:24,843 [INFO] Época 8/30, Batch 2150/3287, Loss: 0.0979
2025-10-09 17:24:25,104 [INFO] Época 8/30, Batch 2200/3287, Loss: 0.0721
2025-10-09 17:24:25,374 [INFO] Época 8/30, Batch 2250/3287, Loss: 0.0886
2025-10-09 17:24:25,633 [INFO] Época 8/30, Batch 2300/3287, Loss: 0.1144
2025-10-09 17:24:25,893 [INFO] Época 8/30, Batch 2350/3287, Loss: 0.0968
2025-10-09 17:24:26,148 [INFO] Época 8/30, Batch 2400/3287, Loss: 0.0619
2025-10-09 17:24:26,408 [INFO] Época 8/30, Batch 2450/3287, Loss: 0.0877
2025-10-09 17:24:26,668 [INFO] Época 8/30, Batch 2500/3287, Loss: 0.0800
2025-10-09 17:24:26,927 [INFO] Época 8/30, Batch 2550/3287, Loss: 0.0605
2025-10-09 17:24:27,185 [INFO] Época 8/30, Batch 2600/3287, Loss: 0.0770
2025-10-09 17:24:27,442 [INFO] Época 8/30, Batch 2650/3287, Loss: 0.0792
2025-10-09 17:24:27,699 [INFO] Época 8/30, Batch 2700/3287, Loss: 0.0797
2025-10-09 17:24:27,960 [INFO] Época 8/30, Batch 2750/3287, Loss: 0.0765
2025-10-09 17:24:28,222 [INFO] Época 8/30, Batch 2800/3287, Loss: 0.0437
2025-10-09 17:24:28,483 [INFO] Época 8/30, Batch 2850/3287, Loss: 0.0704
2025-10-09 17:24:28,748 [INFO] Época 8/30, Batch 2900/3287, Loss: 0.0691
2025-10-09 17:24:29,015 [INFO] Época 8/30, Batch 2950/3287, Loss: 0.0747
2025-10-09 17:24:29,278 [INFO] Época 8/30, Batch 3000/3287, Loss: 0.0572
2025-10-09 17:24:29,543 [INFO] Época 8/30, Batch 3050/3287, Loss: 0.0650
2025-10-09 17:24:29,808 [INFO] Época 8/30, Batch 3100/3287, Loss: 0.0785
2025-10-09 17:24:30,070 [INFO] Época 8/30, Batch 3150/3287, Loss: 0.1078
2025-10-09 17:24:30,330 [INFO] Época 8/30, Batch 3200/3287, Loss: 0.0651
2025-10-09 17:24:30,591 [INFO] Época 8/30, Batch 3250/3287, Loss: 0.0799
2025-10-09 17:24:32,283 [INFO] [8/30] Train Loss: 0.0793 | Val Loss: 0.0776 | Tempo: 18.98s
2025-10-09 17:24:32,287 [INFO] Melhor modelo salvo em: /mnt/hdd/home/jdurao/ToolBox-ChemXAI/models/mlp_qm9_3D_att1_large.pth
2025-10-09 17:24:32,814 [INFO] Época 9/30, Batch 50/3287, Loss: 0.0559
2025-10-09 17:24:33,056 [INFO] Época 9/30, Batch 100/3287, Loss: 0.0807
2025-10-09 17:24:33,307 [INFO] Época 9/30, Batch 150/3287, Loss: 0.0624
2025-10-09 17:24:33,562 [INFO] Época 9/30, Batch 200/3287, Loss: 0.0675
2025-10-09 17:24:33,800 [INFO] Época 9/30, Batch 250/3287, Loss: 0.0954
2025-10-09 17:24:34,038 [INFO] Época 9/30, Batch 300/3287, Loss: 0.0992
2025-10-09 17:24:34,273 [INFO] Época 9/30, Batch 350/3287, Loss: 0.0431
2025-10-09 17:24:34,506 [INFO] Época 9/30, Batch 400/3287, Loss: 0.0795
2025-10-09 17:24:34,740 [INFO] Época 9/30, Batch 450/3287, Loss: 0.0631
2025-10-09 17:24:34,975 [INFO] Época 9/30, Batch 500/3287, Loss: 2.2787
2025-10-09 17:24:35,225 [INFO] Época 9/30, Batch 550/3287, Loss: 0.0846
2025-10-09 17:24:35,486 [INFO] Época 9/30, Batch 600/3287, Loss: 0.0810
2025-10-09 17:24:35,746 [INFO] Época 9/30, Batch 650/3287, Loss: 0.0593
2025-10-09 17:24:36,004 [INFO] Época 9/30, Batch 700/3287, Loss: 0.0759
2025-10-09 17:24:36,264 [INFO] Época 9/30, Batch 750/3287, Loss: 0.0678
2025-10-09 17:24:36,524 [INFO] Época 9/30, Batch 800/3287, Loss: 0.0877
2025-10-09 17:24:36,782 [INFO] Época 9/30, Batch 850/3287, Loss: 0.0745
2025-10-09 17:24:37,036 [INFO] Época 9/30, Batch 900/3287, Loss: 0.0890
2025-10-09 17:24:37,290 [INFO] Época 9/30, Batch 950/3287, Loss: 0.0868
2025-10-09 17:24:37,544 [INFO] Época 9/30, Batch 1000/3287, Loss: 0.1039
2025-10-09 17:24:37,799 [INFO] Época 9/30, Batch 1050/3287, Loss: 0.0812
2025-10-09 17:24:38,053 [INFO] Época 9/30, Batch 1100/3287, Loss: 0.1588
2025-10-09 17:24:38,306 [INFO] Época 9/30, Batch 1150/3287, Loss: 0.0842
2025-10-09 17:24:38,557 [INFO] Época 9/30, Batch 1200/3287, Loss: 0.0730
2025-10-09 17:24:38,813 [INFO] Época 9/30, Batch 1250/3287, Loss: 0.0707
2025-10-09 17:24:39,067 [INFO] Época 9/30, Batch 1300/3287, Loss: 0.0716
2025-10-09 17:24:39,328 [INFO] Época 9/30, Batch 1350/3287, Loss: 0.1039
2025-10-09 17:24:39,600 [INFO] Época 9/30, Batch 1400/3287, Loss: 0.0604
2025-10-09 17:24:39,869 [INFO] Época 9/30, Batch 1450/3287, Loss: 0.0813
2025-10-09 17:24:40,137 [INFO] Época 9/30, Batch 1500/3287, Loss: 0.0562
2025-10-09 17:24:40,404 [INFO] Época 9/30, Batch 1550/3287, Loss: 0.0715
2025-10-09 17:24:40,673 [INFO] Época 9/30, Batch 1600/3287, Loss: 0.0747
2025-10-09 17:24:40,941 [INFO] Época 9/30, Batch 1650/3287, Loss: 0.1689
2025-10-09 17:24:41,208 [INFO] Época 9/30, Batch 1700/3287, Loss: 0.0788
2025-10-09 17:24:41,469 [INFO] Época 9/30, Batch 1750/3287, Loss: 0.0781
2025-10-09 17:24:41,724 [INFO] Época 9/30, Batch 1800/3287, Loss: 0.0742
2025-10-09 17:24:41,982 [INFO] Época 9/30, Batch 1850/3287, Loss: 0.0771
2025-10-09 17:24:42,241 [INFO] Época 9/30, Batch 1900/3287, Loss: 0.0881
2025-10-09 17:24:42,501 [INFO] Época 9/30, Batch 1950/3287, Loss: 0.0781
2025-10-09 17:24:42,763 [INFO] Época 9/30, Batch 2000/3287, Loss: 0.0754
2025-10-09 17:24:43,020 [INFO] Época 9/30, Batch 2050/3287, Loss: 0.0982
2025-10-09 17:24:43,276 [INFO] Época 9/30, Batch 2100/3287, Loss: 0.0688
2025-10-09 17:24:43,533 [INFO] Época 9/30, Batch 2150/3287, Loss: 0.0745
2025-10-09 17:24:43,791 [INFO] Época 9/30, Batch 2200/3287, Loss: 0.0517
2025-10-09 17:24:44,046 [INFO] Época 9/30, Batch 2250/3287, Loss: 0.0626
2025-10-09 17:24:44,303 [INFO] Época 9/30, Batch 2300/3287, Loss: 0.0662
2025-10-09 17:24:44,564 [INFO] Época 9/30, Batch 2350/3287, Loss: 0.0681
2025-10-09 17:24:44,822 [INFO] Época 9/30, Batch 2400/3287, Loss: 0.0554
2025-10-09 17:24:45,074 [INFO] Época 9/30, Batch 2450/3287, Loss: 0.0792
2025-10-09 17:24:45,326 [INFO] Época 9/30, Batch 2500/3287, Loss: 0.0774
2025-10-09 17:24:45,579 [INFO] Época 9/30, Batch 2550/3287, Loss: 0.0685
2025-10-09 17:24:45,831 [INFO] Época 9/30, Batch 2600/3287, Loss: 0.0877
2025-10-09 17:24:46,086 [INFO] Época 9/30, Batch 2650/3287, Loss: 0.0855
2025-10-09 17:24:46,339 [INFO] Época 9/30, Batch 2700/3287, Loss: 0.0903
2025-10-09 17:24:46,595 [INFO] Época 9/30, Batch 2750/3287, Loss: 0.0792
2025-10-09 17:24:46,846 [INFO] Época 9/30, Batch 2800/3287, Loss: 0.0662
2025-10-09 17:24:47,099 [INFO] Época 9/30, Batch 2850/3287, Loss: 0.0935
2025-10-09 17:24:47,351 [INFO] Época 9/30, Batch 2900/3287, Loss: 0.0537
2025-10-09 17:24:47,602 [INFO] Época 9/30, Batch 2950/3287, Loss: 0.0613
2025-10-09 17:24:47,853 [INFO] Época 9/30, Batch 3000/3287, Loss: 0.0732
2025-10-09 17:24:48,107 [INFO] Época 9/30, Batch 3050/3287, Loss: 0.0860
2025-10-09 17:24:48,360 [INFO] Época 9/30, Batch 3100/3287, Loss: 0.0795
2025-10-09 17:24:48,612 [INFO] Época 9/30, Batch 3150/3287, Loss: 0.0553
2025-10-09 17:24:48,865 [INFO] Época 9/30, Batch 3200/3287, Loss: 0.0718
2025-10-09 17:24:49,118 [INFO] Época 9/30, Batch 3250/3287, Loss: 0.0778
2025-10-09 17:24:50,854 [INFO] [9/30] Train Loss: 0.0790 | Val Loss: 0.0774 | Tempo: 18.57s
2025-10-09 17:24:50,858 [INFO] Melhor modelo salvo em: /mnt/hdd/home/jdurao/ToolBox-ChemXAI/models/mlp_qm9_3D_att1_large.pth
2025-10-09 17:24:51,416 [INFO] Época 10/30, Batch 50/3287, Loss: 0.0685
2025-10-09 17:24:51,687 [INFO] Época 10/30, Batch 100/3287, Loss: 0.0918
2025-10-09 17:24:51,949 [INFO] Época 10/30, Batch 150/3287, Loss: 0.0632
2025-10-09 17:24:52,209 [INFO] Época 10/30, Batch 200/3287, Loss: 0.0771
2025-10-09 17:24:52,468 [INFO] Época 10/30, Batch 250/3287, Loss: 0.0648
2025-10-09 17:24:52,726 [INFO] Época 10/30, Batch 300/3287, Loss: 0.0697
2025-10-09 17:24:52,991 [INFO] Época 10/30, Batch 350/3287, Loss: 0.0801
2025-10-09 17:24:53,258 [INFO] Época 10/30, Batch 400/3287, Loss: 0.0625
2025-10-09 17:24:53,522 [INFO] Época 10/30, Batch 450/3287, Loss: 0.0719
2025-10-09 17:24:53,789 [INFO] Época 10/30, Batch 500/3287, Loss: 0.0761
2025-10-09 17:24:54,055 [INFO] Época 10/30, Batch 550/3287, Loss: 0.0583
2025-10-09 17:24:54,321 [INFO] Época 10/30, Batch 600/3287, Loss: 0.0839
2025-10-09 17:24:54,586 [INFO] Época 10/30, Batch 650/3287, Loss: 0.0560
2025-10-09 17:24:54,854 [INFO] Época 10/30, Batch 700/3287, Loss: 0.0741
2025-10-09 17:24:55,117 [INFO] Época 10/30, Batch 750/3287, Loss: 0.0744
2025-10-09 17:24:55,381 [INFO] Época 10/30, Batch 800/3287, Loss: 0.0777
2025-10-09 17:24:55,643 [INFO] Época 10/30, Batch 850/3287, Loss: 0.0784
2025-10-09 17:24:55,905 [INFO] Época 10/30, Batch 900/3287, Loss: 0.0824
2025-10-09 17:24:56,169 [INFO] Época 10/30, Batch 950/3287, Loss: 0.0878
2025-10-09 17:24:56,431 [INFO] Época 10/30, Batch 1000/3287, Loss: 0.0882
2025-10-09 17:24:56,693 [INFO] Época 10/30, Batch 1050/3287, Loss: 0.1054
2025-10-09 17:24:56,956 [INFO] Época 10/30, Batch 1100/3287, Loss: 0.0772
2025-10-09 17:24:57,217 [INFO] Época 10/30, Batch 1150/3287, Loss: 0.0745
2025-10-09 17:24:57,480 [INFO] Época 10/30, Batch 1200/3287, Loss: 0.0619
2025-10-09 17:24:57,740 [INFO] Época 10/30, Batch 1250/3287, Loss: 0.0687
2025-10-09 17:24:58,002 [INFO] Época 10/30, Batch 1300/3287, Loss: 0.0798
2025-10-09 17:24:58,265 [INFO] Época 10/30, Batch 1350/3287, Loss: 0.0746
2025-10-09 17:24:58,528 [INFO] Época 10/30, Batch 1400/3287, Loss: 0.0643
2025-10-09 17:24:58,788 [INFO] Época 10/30, Batch 1450/3287, Loss: 0.1387
2025-10-09 17:24:59,053 [INFO] Época 10/30, Batch 1500/3287, Loss: 0.0651
2025-10-09 17:24:59,316 [INFO] Época 10/30, Batch 1550/3287, Loss: 0.0770
2025-10-09 17:24:59,580 [INFO] Época 10/30, Batch 1600/3287, Loss: 0.0632
2025-10-09 17:24:59,844 [INFO] Época 10/30, Batch 1650/3287, Loss: 0.0604
2025-10-09 17:25:00,108 [INFO] Época 10/30, Batch 1700/3287, Loss: 0.0758
2025-10-09 17:25:00,368 [INFO] Época 10/30, Batch 1750/3287, Loss: 0.0625
2025-10-09 17:25:00,629 [INFO] Época 10/30, Batch 1800/3287, Loss: 0.0774
2025-10-09 17:25:00,891 [INFO] Época 10/30, Batch 1850/3287, Loss: 0.1067
2025-10-09 17:25:01,150 [INFO] Época 10/30, Batch 1900/3287, Loss: 0.0933
2025-10-09 17:25:01,411 [INFO] Época 10/30, Batch 1950/3287, Loss: 0.0802
2025-10-09 17:25:01,670 [INFO] Época 10/30, Batch 2000/3287, Loss: 0.0650
2025-10-09 17:25:01,930 [INFO] Época 10/30, Batch 2050/3287, Loss: 0.0845
2025-10-09 17:25:02,191 [INFO] Época 10/30, Batch 2100/3287, Loss: 0.0596
2025-10-09 17:25:02,453 [INFO] Época 10/30, Batch 2150/3287, Loss: 0.0601
2025-10-09 17:25:02,716 [INFO] Época 10/30, Batch 2200/3287, Loss: 0.1147
2025-10-09 17:25:02,976 [INFO] Época 10/30, Batch 2250/3287, Loss: 0.0837
2025-10-09 17:25:03,239 [INFO] Época 10/30, Batch 2300/3287, Loss: 0.0731
2025-10-09 17:25:03,502 [INFO] Época 10/30, Batch 2350/3287, Loss: 0.0796
2025-10-09 17:25:03,764 [INFO] Época 10/30, Batch 2400/3287, Loss: 0.0857
2025-10-09 17:25:04,026 [INFO] Época 10/30, Batch 2450/3287, Loss: 0.0648
2025-10-09 17:25:04,287 [INFO] Época 10/30, Batch 2500/3287, Loss: 0.1003
2025-10-09 17:25:04,548 [INFO] Época 10/30, Batch 2550/3287, Loss: 0.0631
2025-10-09 17:25:04,810 [INFO] Época 10/30, Batch 2600/3287, Loss: 0.0728
2025-10-09 17:25:05,072 [INFO] Época 10/30, Batch 2650/3287, Loss: 0.0689
2025-10-09 17:25:05,335 [INFO] Época 10/30, Batch 2700/3287, Loss: 0.0676
2025-10-09 17:25:05,598 [INFO] Época 10/30, Batch 2750/3287, Loss: 0.0547
2025-10-09 17:25:05,860 [INFO] Época 10/30, Batch 2800/3287, Loss: 0.0807
2025-10-09 17:25:06,122 [INFO] Época 10/30, Batch 2850/3287, Loss: 0.0713
2025-10-09 17:25:06,396 [INFO] Época 10/30, Batch 2900/3287, Loss: 0.0871
2025-10-09 17:25:06,662 [INFO] Época 10/30, Batch 2950/3287, Loss: 0.0828
2025-10-09 17:25:06,925 [INFO] Época 10/30, Batch 3000/3287, Loss: 0.0734
2025-10-09 17:25:07,187 [INFO] Época 10/30, Batch 3050/3287, Loss: 0.0978
2025-10-09 17:25:07,453 [INFO] Época 10/30, Batch 3100/3287, Loss: 0.0710
2025-10-09 17:25:07,710 [INFO] Época 10/30, Batch 3150/3287, Loss: 0.0666
2025-10-09 17:25:07,964 [INFO] Época 10/30, Batch 3200/3287, Loss: 0.0621
2025-10-09 17:25:08,221 [INFO] Época 10/30, Batch 3250/3287, Loss: 0.0782
2025-10-09 17:25:09,796 [INFO] [10/30] Train Loss: 0.0789 | Val Loss: 0.0798 | Tempo: 18.94s
2025-10-09 17:25:10,317 [INFO] Época 11/30, Batch 50/3287, Loss: 0.0921
2025-10-09 17:25:10,562 [INFO] Época 11/30, Batch 100/3287, Loss: 0.0747
2025-10-09 17:25:10,805 [INFO] Época 11/30, Batch 150/3287, Loss: 0.0800
2025-10-09 17:25:11,051 [INFO] Época 11/30, Batch 200/3287, Loss: 0.0884
2025-10-09 17:25:11,290 [INFO] Época 11/30, Batch 250/3287, Loss: 0.0707
2025-10-09 17:25:11,530 [INFO] Época 11/30, Batch 300/3287, Loss: 0.0626
2025-10-09 17:25:11,768 [INFO] Época 11/30, Batch 350/3287, Loss: 0.0786
2025-10-09 17:25:12,009 [INFO] Época 11/30, Batch 400/3287, Loss: 0.0751
2025-10-09 17:25:12,249 [INFO] Época 11/30, Batch 450/3287, Loss: 0.0753
2025-10-09 17:25:12,489 [INFO] Época 11/30, Batch 500/3287, Loss: 0.0571
2025-10-09 17:25:12,746 [INFO] Época 11/30, Batch 550/3287, Loss: 0.0592
2025-10-09 17:25:13,005 [INFO] Época 11/30, Batch 600/3287, Loss: 0.0771
2025-10-09 17:25:13,260 [INFO] Época 11/30, Batch 650/3287, Loss: 0.0696
2025-10-09 17:25:13,515 [INFO] Época 11/30, Batch 700/3287, Loss: 0.0670
2025-10-09 17:25:13,770 [INFO] Época 11/30, Batch 750/3287, Loss: 0.0633
2025-10-09 17:25:14,018 [INFO] Época 11/30, Batch 800/3287, Loss: 0.0597
2025-10-09 17:25:14,258 [INFO] Época 11/30, Batch 850/3287, Loss: 0.0613
2025-10-09 17:25:14,499 [INFO] Época 11/30, Batch 900/3287, Loss: 0.1037
2025-10-09 17:25:14,737 [INFO] Época 11/30, Batch 950/3287, Loss: 0.0823
2025-10-09 17:25:14,977 [INFO] Época 11/30, Batch 1000/3287, Loss: 0.1017
2025-10-09 17:25:15,217 [INFO] Época 11/30, Batch 1050/3287, Loss: 0.0924
2025-10-09 17:25:15,456 [INFO] Época 11/30, Batch 1100/3287, Loss: 0.0789
2025-10-09 17:25:15,693 [INFO] Época 11/30, Batch 1150/3287, Loss: 0.0707
2025-10-09 17:25:15,931 [INFO] Época 11/30, Batch 1200/3287, Loss: 0.0776
2025-10-09 17:25:16,169 [INFO] Época 11/30, Batch 1250/3287, Loss: 0.0910
2025-10-09 17:25:16,407 [INFO] Época 11/30, Batch 1300/3287, Loss: 0.0703
2025-10-09 17:25:16,645 [INFO] Época 11/30, Batch 1350/3287, Loss: 0.0548
2025-10-09 17:25:16,883 [INFO] Época 11/30, Batch 1400/3287, Loss: 0.0578
2025-10-09 17:25:17,121 [INFO] Época 11/30, Batch 1450/3287, Loss: 0.0811
2025-10-09 17:25:17,361 [INFO] Época 11/30, Batch 1500/3287, Loss: 0.0614
2025-10-09 17:25:17,600 [INFO] Época 11/30, Batch 1550/3287, Loss: 0.0708
2025-10-09 17:25:17,838 [INFO] Época 11/30, Batch 1600/3287, Loss: 0.0887
2025-10-09 17:25:18,092 [INFO] Época 11/30, Batch 1650/3287, Loss: 0.0745
2025-10-09 17:25:18,353 [INFO] Época 11/30, Batch 1700/3287, Loss: 0.0667
2025-10-09 17:25:18,614 [INFO] Época 11/30, Batch 1750/3287, Loss: 0.0786
2025-10-09 17:25:18,875 [INFO] Época 11/30, Batch 1800/3287, Loss: 0.0527
2025-10-09 17:25:19,136 [INFO] Época 11/30, Batch 1850/3287, Loss: 0.0702
2025-10-09 17:25:19,397 [INFO] Época 11/30, Batch 1900/3287, Loss: 0.0731
2025-10-09 17:25:19,655 [INFO] Época 11/30, Batch 1950/3287, Loss: 0.0717
2025-10-09 17:25:19,916 [INFO] Época 11/30, Batch 2000/3287, Loss: 0.0730
2025-10-09 17:25:20,177 [INFO] Época 11/30, Batch 2050/3287, Loss: 0.0692
2025-10-09 17:25:20,439 [INFO] Época 11/30, Batch 2100/3287, Loss: 0.0605
2025-10-09 17:25:20,698 [INFO] Época 11/30, Batch 2150/3287, Loss: 0.0728
2025-10-09 17:25:20,958 [INFO] Época 11/30, Batch 2200/3287, Loss: 0.0540
2025-10-09 17:25:21,220 [INFO] Época 11/30, Batch 2250/3287, Loss: 0.0954
2025-10-09 17:25:21,480 [INFO] Época 11/30, Batch 2300/3287, Loss: 0.0919
2025-10-09 17:25:21,738 [INFO] Época 11/30, Batch 2350/3287, Loss: 0.0900
2025-10-09 17:25:21,998 [INFO] Época 11/30, Batch 2400/3287, Loss: 0.0653
2025-10-09 17:25:22,258 [INFO] Época 11/30, Batch 2450/3287, Loss: 0.0818
2025-10-09 17:25:22,518 [INFO] Época 11/30, Batch 2500/3287, Loss: 0.0645
2025-10-09 17:25:22,777 [INFO] Época 11/30, Batch 2550/3287, Loss: 0.0748
2025-10-09 17:25:23,036 [INFO] Época 11/30, Batch 2600/3287, Loss: 0.0675
2025-10-09 17:25:23,295 [INFO] Época 11/30, Batch 2650/3287, Loss: 0.0619
2025-10-09 17:25:23,553 [INFO] Época 11/30, Batch 2700/3287, Loss: 0.0679
2025-10-09 17:25:23,811 [INFO] Época 11/30, Batch 2750/3287, Loss: 0.0805
2025-10-09 17:25:24,075 [INFO] Época 11/30, Batch 2800/3287, Loss: 0.0734
2025-10-09 17:25:24,333 [INFO] Época 11/30, Batch 2850/3287, Loss: 0.0855
2025-10-09 17:25:24,590 [INFO] Época 11/30, Batch 2900/3287, Loss: 0.0506
2025-10-09 17:25:24,849 [INFO] Época 11/30, Batch 2950/3287, Loss: 0.0559
2025-10-09 17:25:25,108 [INFO] Época 11/30, Batch 3000/3287, Loss: 0.0724
2025-10-09 17:25:25,370 [INFO] Época 11/30, Batch 3050/3287, Loss: 0.0895
2025-10-09 17:25:25,630 [INFO] Época 11/30, Batch 3100/3287, Loss: 0.0792
2025-10-09 17:25:25,892 [INFO] Época 11/30, Batch 3150/3287, Loss: 0.0677
2025-10-09 17:25:26,153 [INFO] Época 11/30, Batch 3200/3287, Loss: 0.0687
2025-10-09 17:25:26,414 [INFO] Época 11/30, Batch 3250/3287, Loss: 0.0905
2025-10-09 17:25:28,147 [INFO] [11/30] Train Loss: 0.0792 | Val Loss: 0.0825 | Tempo: 18.35s
2025-10-09 17:25:28,705 [INFO] Época 12/30, Batch 50/3287, Loss: 0.0672
2025-10-09 17:25:28,970 [INFO] Época 12/30, Batch 100/3287, Loss: 0.0883
2025-10-09 17:25:29,227 [INFO] Época 12/30, Batch 150/3287, Loss: 0.0717
2025-10-09 17:25:29,481 [INFO] Época 12/30, Batch 200/3287, Loss: 0.0844
2025-10-09 17:25:29,754 [INFO] Época 12/30, Batch 250/3287, Loss: 0.0976
2025-10-09 17:25:30,027 [INFO] Época 12/30, Batch 300/3287, Loss: 0.0853
2025-10-09 17:25:30,301 [INFO] Época 12/30, Batch 350/3287, Loss: 0.0629
2025-10-09 17:25:30,573 [INFO] Época 12/30, Batch 400/3287, Loss: 0.0664
2025-10-09 17:25:30,848 [INFO] Época 12/30, Batch 450/3287, Loss: 0.0827
2025-10-09 17:25:31,121 [INFO] Época 12/30, Batch 500/3287, Loss: 0.0818
2025-10-09 17:25:31,397 [INFO] Época 12/30, Batch 550/3287, Loss: 0.0546
2025-10-09 17:25:31,670 [INFO] Época 12/30, Batch 600/3287, Loss: 0.0830
2025-10-09 17:25:31,944 [INFO] Época 12/30, Batch 650/3287, Loss: 0.0600
2025-10-09 17:25:32,222 [INFO] Época 12/30, Batch 700/3287, Loss: 0.0701
2025-10-09 17:25:32,499 [INFO] Época 12/30, Batch 750/3287, Loss: 0.0662
2025-10-09 17:25:32,773 [INFO] Época 12/30, Batch 800/3287, Loss: 0.0712
2025-10-09 17:25:33,049 [INFO] Época 12/30, Batch 850/3287, Loss: 0.0856
2025-10-09 17:25:33,323 [INFO] Época 12/30, Batch 900/3287, Loss: 0.0803
2025-10-09 17:25:33,597 [INFO] Época 12/30, Batch 950/3287, Loss: 0.0918
2025-10-09 17:25:33,852 [INFO] Época 12/30, Batch 1000/3287, Loss: 0.0929
2025-10-09 17:25:34,108 [INFO] Época 12/30, Batch 1050/3287, Loss: 0.0966
2025-10-09 17:25:34,363 [INFO] Época 12/30, Batch 1100/3287, Loss: 0.0776
2025-10-09 17:25:34,631 [INFO] Época 12/30, Batch 1150/3287, Loss: 0.0922
2025-10-09 17:25:34,904 [INFO] Época 12/30, Batch 1200/3287, Loss: 0.0657
2025-10-09 17:25:35,176 [INFO] Época 12/30, Batch 1250/3287, Loss: 0.0997
2025-10-09 17:25:35,457 [INFO] Época 12/30, Batch 1300/3287, Loss: 0.0563
2025-10-09 17:25:35,735 [INFO] Época 12/30, Batch 1350/3287, Loss: 0.0828
2025-10-09 17:25:36,011 [INFO] Época 12/30, Batch 1400/3287, Loss: 0.0815
2025-10-09 17:25:36,287 [INFO] Época 12/30, Batch 1450/3287, Loss: 0.0939
2025-10-09 17:25:36,563 [INFO] Época 12/30, Batch 1500/3287, Loss: 0.0857
2025-10-09 17:25:36,841 [INFO] Época 12/30, Batch 1550/3287, Loss: 0.0732
2025-10-09 17:25:37,118 [INFO] Época 12/30, Batch 1600/3287, Loss: 0.0823
2025-10-09 17:25:37,395 [INFO] Época 12/30, Batch 1650/3287, Loss: 0.0752
2025-10-09 17:25:37,671 [INFO] Época 12/30, Batch 1700/3287, Loss: 0.0825
2025-10-09 17:25:37,925 [INFO] Época 12/30, Batch 1750/3287, Loss: 0.0711
2025-10-09 17:25:38,182 [INFO] Época 12/30, Batch 1800/3287, Loss: 0.0660
2025-10-09 17:25:38,440 [INFO] Época 12/30, Batch 1850/3287, Loss: 0.0735
2025-10-09 17:25:38,698 [INFO] Época 12/30, Batch 1900/3287, Loss: 0.1106
2025-10-09 17:25:38,955 [INFO] Época 12/30, Batch 1950/3287, Loss: 0.0815
2025-10-09 17:25:39,212 [INFO] Época 12/30, Batch 2000/3287, Loss: 0.0897
2025-10-09 17:25:39,467 [INFO] Época 12/30, Batch 2050/3287, Loss: 0.0525
2025-10-09 17:25:39,724 [INFO] Época 12/30, Batch 2100/3287, Loss: 0.0725
2025-10-09 17:25:39,983 [INFO] Época 12/30, Batch 2150/3287, Loss: 0.0682
2025-10-09 17:25:40,240 [INFO] Época 12/30, Batch 2200/3287, Loss: 0.0579
2025-10-09 17:25:40,497 [INFO] Época 12/30, Batch 2250/3287, Loss: 0.0686
2025-10-09 17:25:40,755 [INFO] Época 12/30, Batch 2300/3287, Loss: 0.0747
2025-10-09 17:25:41,010 [INFO] Época 12/30, Batch 2350/3287, Loss: 0.0704
2025-10-09 17:25:41,265 [INFO] Época 12/30, Batch 2400/3287, Loss: 0.0722
2025-10-09 17:25:41,521 [INFO] Época 12/30, Batch 2450/3287, Loss: 0.0668
2025-10-09 17:25:41,778 [INFO] Época 12/30, Batch 2500/3287, Loss: 0.0852
2025-10-09 17:25:42,032 [INFO] Época 12/30, Batch 2550/3287, Loss: 0.0673
2025-10-09 17:25:42,289 [INFO] Época 12/30, Batch 2600/3287, Loss: 0.0674
2025-10-09 17:25:42,544 [INFO] Época 12/30, Batch 2650/3287, Loss: 0.0936
2025-10-09 17:25:42,813 [INFO] Época 12/30, Batch 2700/3287, Loss: 0.0851
2025-10-09 17:25:43,090 [INFO] Época 12/30, Batch 2750/3287, Loss: 0.1195
2025-10-09 17:25:43,365 [INFO] Época 12/30, Batch 2800/3287, Loss: 0.0863
2025-10-09 17:25:43,645 [INFO] Época 12/30, Batch 2850/3287, Loss: 0.0614
2025-10-09 17:25:43,922 [INFO] Época 12/30, Batch 2900/3287, Loss: 0.1030
2025-10-09 17:25:44,199 [INFO] Época 12/30, Batch 2950/3287, Loss: 0.1005
2025-10-09 17:25:44,476 [INFO] Época 12/30, Batch 3000/3287, Loss: 0.0937
2025-10-09 17:25:44,749 [INFO] Época 12/30, Batch 3050/3287, Loss: 0.0695
2025-10-09 17:25:45,008 [INFO] Época 12/30, Batch 3100/3287, Loss: 0.0747
2025-10-09 17:25:45,266 [INFO] Época 12/30, Batch 3150/3287, Loss: 0.0694
2025-10-09 17:25:45,524 [INFO] Época 12/30, Batch 3200/3287, Loss: 0.0769
2025-10-09 17:25:45,787 [INFO] Época 12/30, Batch 3250/3287, Loss: 0.0681
2025-10-09 17:25:47,517 [INFO] [12/30] Train Loss: 0.0785 | Val Loss: 0.0828 | Tempo: 19.37s
2025-10-09 17:25:48,079 [INFO] Época 13/30, Batch 50/3287, Loss: 0.0716
2025-10-09 17:25:48,365 [INFO] Época 13/30, Batch 100/3287, Loss: 0.0848
2025-10-09 17:25:48,648 [INFO] Época 13/30, Batch 150/3287, Loss: 0.0956
2025-10-09 17:25:48,926 [INFO] Época 13/30, Batch 200/3287, Loss: 0.0775
2025-10-09 17:25:49,204 [INFO] Época 13/30, Batch 250/3287, Loss: 0.0645
2025-10-09 17:25:49,484 [INFO] Época 13/30, Batch 300/3287, Loss: 0.1055
2025-10-09 17:25:49,768 [INFO] Época 13/30, Batch 350/3287, Loss: 0.0861
2025-10-09 17:25:50,047 [INFO] Época 13/30, Batch 400/3287, Loss: 0.0811
2025-10-09 17:25:50,324 [INFO] Época 13/30, Batch 450/3287, Loss: 0.0856
2025-10-09 17:25:50,599 [INFO] Época 13/30, Batch 500/3287, Loss: 0.0594
2025-10-09 17:25:50,874 [INFO] Época 13/30, Batch 550/3287, Loss: 0.0754
2025-10-09 17:25:51,150 [INFO] Época 13/30, Batch 600/3287, Loss: 0.0591
2025-10-09 17:25:51,410 [INFO] Época 13/30, Batch 650/3287, Loss: 0.0859
2025-10-09 17:25:51,646 [INFO] Época 13/30, Batch 700/3287, Loss: 0.0791
2025-10-09 17:25:51,882 [INFO] Época 13/30, Batch 750/3287, Loss: 0.0533
2025-10-09 17:25:52,119 [INFO] Época 13/30, Batch 800/3287, Loss: 0.0735
2025-10-09 17:25:52,355 [INFO] Época 13/30, Batch 850/3287, Loss: 0.0611
2025-10-09 17:25:52,591 [INFO] Época 13/30, Batch 900/3287, Loss: 0.0649
2025-10-09 17:25:52,827 [INFO] Época 13/30, Batch 950/3287, Loss: 0.0841
2025-10-09 17:25:53,064 [INFO] Época 13/30, Batch 1000/3287, Loss: 0.0687
2025-10-09 17:25:53,302 [INFO] Época 13/30, Batch 1050/3287, Loss: 0.1559
2025-10-09 17:25:53,540 [INFO] Época 13/30, Batch 1100/3287, Loss: 0.1028
2025-10-09 17:25:53,788 [INFO] Época 13/30, Batch 1150/3287, Loss: 0.0615
2025-10-09 17:25:54,061 [INFO] Época 13/30, Batch 1200/3287, Loss: 0.0850
2025-10-09 17:25:54,331 [INFO] Época 13/30, Batch 1250/3287, Loss: 0.0719
2025-10-09 17:25:54,604 [INFO] Época 13/30, Batch 1300/3287, Loss: 0.0849
2025-10-09 17:25:54,866 [INFO] Época 13/30, Batch 1350/3287, Loss: 0.0617
2025-10-09 17:25:55,123 [INFO] Época 13/30, Batch 1400/3287, Loss: 0.0779
2025-10-09 17:25:55,369 [INFO] Época 13/30, Batch 1450/3287, Loss: 0.0681
2025-10-09 17:25:55,624 [INFO] Época 13/30, Batch 1500/3287, Loss: 0.0864
2025-10-09 17:25:55,881 [INFO] Época 13/30, Batch 1550/3287, Loss: 0.0805
2025-10-09 17:25:56,138 [INFO] Época 13/30, Batch 1600/3287, Loss: 0.0732
2025-10-09 17:25:56,394 [INFO] Época 13/30, Batch 1650/3287, Loss: 0.0493
2025-10-09 17:25:56,652 [INFO] Época 13/30, Batch 1700/3287, Loss: 0.0542
2025-10-09 17:25:56,912 [INFO] Época 13/30, Batch 1750/3287, Loss: 0.0764
2025-10-09 17:25:57,174 [INFO] Época 13/30, Batch 1800/3287, Loss: 0.0511
2025-10-09 17:25:57,445 [INFO] Época 13/30, Batch 1850/3287, Loss: 0.0606
2025-10-09 17:25:57,729 [INFO] Época 13/30, Batch 1900/3287, Loss: 0.0562
2025-10-09 17:25:58,011 [INFO] Época 13/30, Batch 1950/3287, Loss: 0.0642
2025-10-09 17:25:58,271 [INFO] Época 13/30, Batch 2000/3287, Loss: 0.0682
2025-10-09 17:25:58,531 [INFO] Época 13/30, Batch 2050/3287, Loss: 0.0825
2025-10-09 17:25:58,792 [INFO] Época 13/30, Batch 2100/3287, Loss: 0.0763
2025-10-09 17:25:59,051 [INFO] Época 13/30, Batch 2150/3287, Loss: 0.0611
2025-10-09 17:25:59,310 [INFO] Época 13/30, Batch 2200/3287, Loss: 0.0890
2025-10-09 17:25:59,569 [INFO] Época 13/30, Batch 2250/3287, Loss: 0.0707
2025-10-09 17:25:59,826 [INFO] Época 13/30, Batch 2300/3287, Loss: 0.0590
2025-10-09 17:26:00,084 [INFO] Época 13/30, Batch 2350/3287, Loss: 0.1072
2025-10-09 17:26:00,343 [INFO] Época 13/30, Batch 2400/3287, Loss: 0.0642
2025-10-09 17:26:00,601 [INFO] Época 13/30, Batch 2450/3287, Loss: 0.0625
2025-10-09 17:26:00,859 [INFO] Época 13/30, Batch 2500/3287, Loss: 0.0718
2025-10-09 17:26:01,118 [INFO] Época 13/30, Batch 2550/3287, Loss: 0.0423
2025-10-09 17:26:01,377 [INFO] Época 13/30, Batch 2600/3287, Loss: 0.0884
2025-10-09 17:26:01,638 [INFO] Época 13/30, Batch 2650/3287, Loss: 0.0696
2025-10-09 17:26:01,899 [INFO] Época 13/30, Batch 2700/3287, Loss: 0.0752
2025-10-09 17:26:02,158 [INFO] Época 13/30, Batch 2750/3287, Loss: 0.0806
2025-10-09 17:26:02,417 [INFO] Época 13/30, Batch 2800/3287, Loss: 0.0785
2025-10-09 17:26:02,683 [INFO] Época 13/30, Batch 2850/3287, Loss: 0.0794
2025-10-09 17:26:02,946 [INFO] Época 13/30, Batch 2900/3287, Loss: 0.0923
2025-10-09 17:26:03,206 [INFO] Época 13/30, Batch 2950/3287, Loss: 0.0595
2025-10-09 17:26:03,479 [INFO] Época 13/30, Batch 3000/3287, Loss: 0.0599
2025-10-09 17:26:03,760 [INFO] Época 13/30, Batch 3050/3287, Loss: 0.0626
2025-10-09 17:26:04,044 [INFO] Época 13/30, Batch 3100/3287, Loss: 0.0800
2025-10-09 17:26:04,309 [INFO] Época 13/30, Batch 3150/3287, Loss: 0.0851
2025-10-09 17:26:04,572 [INFO] Época 13/30, Batch 3200/3287, Loss: 0.0866
2025-10-09 17:26:04,840 [INFO] Época 13/30, Batch 3250/3287, Loss: 0.0584
2025-10-09 17:26:06,618 [INFO] [13/30] Train Loss: 0.0786 | Val Loss: 0.0795 | Tempo: 19.10s
2025-10-09 17:26:07,187 [INFO] Época 14/30, Batch 50/3287, Loss: 0.0599
2025-10-09 17:26:07,455 [INFO] Época 14/30, Batch 100/3287, Loss: 0.1022
2025-10-09 17:26:07,725 [INFO] Época 14/30, Batch 150/3287, Loss: 0.0555
2025-10-09 17:26:07,990 [INFO] Época 14/30, Batch 200/3287, Loss: 0.0709
2025-10-09 17:26:08,260 [INFO] Época 14/30, Batch 250/3287, Loss: 0.0578
2025-10-09 17:26:08,525 [INFO] Época 14/30, Batch 300/3287, Loss: 0.0848
2025-10-09 17:26:08,790 [INFO] Época 14/30, Batch 350/3287, Loss: 0.0775
2025-10-09 17:26:09,054 [INFO] Época 14/30, Batch 400/3287, Loss: 0.0521
2025-10-09 17:26:09,345 [INFO] Época 14/30, Batch 450/3287, Loss: 0.0974
2025-10-09 17:26:09,622 [INFO] Época 14/30, Batch 500/3287, Loss: 0.0717
2025-10-09 17:26:09,884 [INFO] Época 14/30, Batch 550/3287, Loss: 0.0784
2025-10-09 17:26:10,143 [INFO] Época 14/30, Batch 600/3287, Loss: 0.0895
2025-10-09 17:26:10,418 [INFO] Época 14/30, Batch 650/3287, Loss: 0.0983
2025-10-09 17:26:10,696 [INFO] Época 14/30, Batch 700/3287, Loss: 0.0626
2025-10-09 17:26:10,959 [INFO] Época 14/30, Batch 750/3287, Loss: 0.0533
2025-10-09 17:26:11,218 [INFO] Época 14/30, Batch 800/3287, Loss: 0.0986
2025-10-09 17:26:11,479 [INFO] Época 14/30, Batch 850/3287, Loss: 0.0519
2025-10-09 17:26:11,741 [INFO] Época 14/30, Batch 900/3287, Loss: 0.0825
2025-10-09 17:26:12,000 [INFO] Época 14/30, Batch 950/3287, Loss: 0.0678
2025-10-09 17:26:12,260 [INFO] Época 14/30, Batch 1000/3287, Loss: 0.0621
2025-10-09 17:26:12,522 [INFO] Época 14/30, Batch 1050/3287, Loss: 0.0783
2025-10-09 17:26:12,782 [INFO] Época 14/30, Batch 1100/3287, Loss: 0.0611
2025-10-09 17:26:13,054 [INFO] Época 14/30, Batch 1150/3287, Loss: 0.0811
2025-10-09 17:26:13,331 [INFO] Época 14/30, Batch 1200/3287, Loss: 0.0724
2025-10-09 17:26:13,609 [INFO] Época 14/30, Batch 1250/3287, Loss: 0.1004
2025-10-09 17:26:13,890 [INFO] Época 14/30, Batch 1300/3287, Loss: 0.0532
2025-10-09 17:26:14,170 [INFO] Época 14/30, Batch 1350/3287, Loss: 0.0600
2025-10-09 17:26:14,450 [INFO] Época 14/30, Batch 1400/3287, Loss: 0.0691
2025-10-09 17:26:14,729 [INFO] Época 14/30, Batch 1450/3287, Loss: 0.0843
2025-10-09 17:26:15,008 [INFO] Época 14/30, Batch 1500/3287, Loss: 0.0743
2025-10-09 17:26:15,286 [INFO] Época 14/30, Batch 1550/3287, Loss: 0.0848
2025-10-09 17:26:15,563 [INFO] Época 14/30, Batch 1600/3287, Loss: 0.0812
2025-10-09 17:26:15,842 [INFO] Época 14/30, Batch 1650/3287, Loss: 0.0541
2025-10-09 17:26:16,120 [INFO] Época 14/30, Batch 1700/3287, Loss: 0.0978
2025-10-09 17:26:16,398 [INFO] Época 14/30, Batch 1750/3287, Loss: 0.0857
2025-10-09 17:26:16,676 [INFO] Época 14/30, Batch 1800/3287, Loss: 0.0604
2025-10-09 17:26:16,955 [INFO] Época 14/30, Batch 1850/3287, Loss: 0.0831
2025-10-09 17:26:17,218 [INFO] Época 14/30, Batch 1900/3287, Loss: 0.0486
2025-10-09 17:26:17,479 [INFO] Época 14/30, Batch 1950/3287, Loss: 0.0744
2025-10-09 17:26:17,740 [INFO] Época 14/30, Batch 2000/3287, Loss: 0.0465
2025-10-09 17:26:18,007 [INFO] Época 14/30, Batch 2050/3287, Loss: 0.0995
2025-10-09 17:26:18,269 [INFO] Época 14/30, Batch 2100/3287, Loss: 0.0900
2025-10-09 17:26:18,530 [INFO] Época 14/30, Batch 2150/3287, Loss: 0.0867
2025-10-09 17:26:18,792 [INFO] Época 14/30, Batch 2200/3287, Loss: 0.0763
2025-10-09 17:26:19,052 [INFO] Época 14/30, Batch 2250/3287, Loss: 0.0769
2025-10-09 17:26:19,327 [INFO] Época 14/30, Batch 2300/3287, Loss: 0.0742
2025-10-09 17:26:19,591 [INFO] Época 14/30, Batch 2350/3287, Loss: 0.0637
2025-10-09 17:26:19,850 [INFO] Época 14/30, Batch 2400/3287, Loss: 0.0737
2025-10-09 17:26:20,111 [INFO] Época 14/30, Batch 2450/3287, Loss: 0.0847
2025-10-09 17:26:20,369 [INFO] Época 14/30, Batch 2500/3287, Loss: 0.0559
2025-10-09 17:26:20,631 [INFO] Época 14/30, Batch 2550/3287, Loss: 0.0518
2025-10-09 17:26:20,889 [INFO] Época 14/30, Batch 2600/3287, Loss: 0.0527
2025-10-09 17:26:21,149 [INFO] Época 14/30, Batch 2650/3287, Loss: 0.0676
2025-10-09 17:26:21,411 [INFO] Época 14/30, Batch 2700/3287, Loss: 0.0810
2025-10-09 17:26:21,674 [INFO] Época 14/30, Batch 2750/3287, Loss: 0.0634
2025-10-09 17:26:21,934 [INFO] Época 14/30, Batch 2800/3287, Loss: 0.0678
2025-10-09 17:26:22,194 [INFO] Época 14/30, Batch 2850/3287, Loss: 0.0673
2025-10-09 17:26:22,457 [INFO] Época 14/30, Batch 2900/3287, Loss: 0.0873
2025-10-09 17:26:22,719 [INFO] Época 14/30, Batch 2950/3287, Loss: 0.0660
2025-10-09 17:26:22,979 [INFO] Época 14/30, Batch 3000/3287, Loss: 0.1186
2025-10-09 17:26:23,239 [INFO] Época 14/30, Batch 3050/3287, Loss: 0.0755
2025-10-09 17:26:23,498 [INFO] Época 14/30, Batch 3100/3287, Loss: 0.0627
2025-10-09 17:26:23,758 [INFO] Época 14/30, Batch 3150/3287, Loss: 0.0644
2025-10-09 17:26:24,018 [INFO] Época 14/30, Batch 3200/3287, Loss: 0.0854
2025-10-09 17:26:24,277 [INFO] Época 14/30, Batch 3250/3287, Loss: 0.0565
2025-10-09 17:26:26,021 [INFO] [14/30] Train Loss: 0.0785 | Val Loss: 0.0787 | Tempo: 19.40s
2025-10-09 17:26:26,590 [INFO] Época 15/30, Batch 50/3287, Loss: 0.0752
2025-10-09 17:26:26,863 [INFO] Época 15/30, Batch 100/3287, Loss: 0.1006
2025-10-09 17:26:27,134 [INFO] Época 15/30, Batch 150/3287, Loss: 0.0915
2025-10-09 17:26:27,404 [INFO] Época 15/30, Batch 200/3287, Loss: 0.0794
2025-10-09 17:26:27,670 [INFO] Época 15/30, Batch 250/3287, Loss: 0.0889
2025-10-09 17:26:27,929 [INFO] Época 15/30, Batch 300/3287, Loss: 0.0790
2025-10-09 17:26:28,200 [INFO] Época 15/30, Batch 350/3287, Loss: 0.0482
2025-10-09 17:26:28,471 [INFO] Época 15/30, Batch 400/3287, Loss: 0.0699
2025-10-09 17:26:28,742 [INFO] Época 15/30, Batch 450/3287, Loss: 0.0730
2025-10-09 17:26:29,015 [INFO] Época 15/30, Batch 500/3287, Loss: 0.0817
2025-10-09 17:26:29,290 [INFO] Época 15/30, Batch 550/3287, Loss: 0.0625
2025-10-09 17:26:29,544 [INFO] Época 15/30, Batch 600/3287, Loss: 0.0626
2025-10-09 17:26:29,796 [INFO] Época 15/30, Batch 650/3287, Loss: 0.0972
2025-10-09 17:26:30,049 [INFO] Época 15/30, Batch 700/3287, Loss: 0.0702
2025-10-09 17:26:30,300 [INFO] Época 15/30, Batch 750/3287, Loss: 0.0859
2025-10-09 17:26:30,552 [INFO] Época 15/30, Batch 800/3287, Loss: 0.0596
2025-10-09 17:26:30,809 [INFO] Época 15/30, Batch 850/3287, Loss: 0.0727
2025-10-09 17:26:31,062 [INFO] Época 15/30, Batch 900/3287, Loss: 0.0861
2025-10-09 17:26:31,315 [INFO] Época 15/30, Batch 950/3287, Loss: 0.0581
2025-10-09 17:26:31,566 [INFO] Época 15/30, Batch 1000/3287, Loss: 0.0993
2025-10-09 17:26:31,813 [INFO] Época 15/30, Batch 1050/3287, Loss: 0.0816
2025-10-09 17:26:32,056 [INFO] Época 15/30, Batch 1100/3287, Loss: 0.0858
2025-10-09 17:26:32,300 [INFO] Época 15/30, Batch 1150/3287, Loss: 0.0812
2025-10-09 17:26:32,547 [INFO] Época 15/30, Batch 1200/3287, Loss: 0.0942
2025-10-09 17:26:32,796 [INFO] Época 15/30, Batch 1250/3287, Loss: 0.0550
2025-10-09 17:26:33,058 [INFO] Época 15/30, Batch 1300/3287, Loss: 0.0680
2025-10-09 17:26:33,331 [INFO] Época 15/30, Batch 1350/3287, Loss: 0.1132
2025-10-09 17:26:33,600 [INFO] Época 15/30, Batch 1400/3287, Loss: 0.0800
2025-10-09 17:26:33,869 [INFO] Época 15/30, Batch 1450/3287, Loss: 0.0713
2025-10-09 17:26:34,135 [INFO] Época 15/30, Batch 1500/3287, Loss: 0.0830
2025-10-09 17:26:34,402 [INFO] Época 15/30, Batch 1550/3287, Loss: 0.0458
2025-10-09 17:26:34,673 [INFO] Época 15/30, Batch 1600/3287, Loss: 0.0660
2025-10-09 17:26:34,947 [INFO] Época 15/30, Batch 1650/3287, Loss: 0.0570
2025-10-09 17:26:35,222 [INFO] Época 15/30, Batch 1700/3287, Loss: 0.0674
2025-10-09 17:26:35,503 [INFO] Época 15/30, Batch 1750/3287, Loss: 0.0850
2025-10-09 17:26:35,779 [INFO] Época 15/30, Batch 1800/3287, Loss: 0.1198
2025-10-09 17:26:36,053 [INFO] Época 15/30, Batch 1850/3287, Loss: 0.1140
2025-10-09 17:26:36,329 [INFO] Época 15/30, Batch 1900/3287, Loss: 0.0678
2025-10-09 17:26:36,613 [INFO] Época 15/30, Batch 1950/3287, Loss: 0.0648
2025-10-09 17:26:36,897 [INFO] Época 15/30, Batch 2000/3287, Loss: 0.0573
2025-10-09 17:26:37,184 [INFO] Época 15/30, Batch 2050/3287, Loss: 0.0704
2025-10-09 17:26:37,460 [INFO] Época 15/30, Batch 2100/3287, Loss: 0.0762
2025-10-09 17:26:37,732 [INFO] Época 15/30, Batch 2150/3287, Loss: 0.0621
2025-10-09 17:26:38,006 [INFO] Época 15/30, Batch 2200/3287, Loss: 0.0675
2025-10-09 17:26:38,279 [INFO] Época 15/30, Batch 2250/3287, Loss: 0.0698
2025-10-09 17:26:38,553 [INFO] Época 15/30, Batch 2300/3287, Loss: 0.0762
2025-10-09 17:26:38,824 [INFO] Época 15/30, Batch 2350/3287, Loss: 0.0787
2025-10-09 17:26:39,098 [INFO] Época 15/30, Batch 2400/3287, Loss: 0.0484
2025-10-09 17:26:39,373 [INFO] Época 15/30, Batch 2450/3287, Loss: 0.0680
2025-10-09 17:26:39,649 [INFO] Época 15/30, Batch 2500/3287, Loss: 0.0730
2025-10-09 17:26:39,922 [INFO] Época 15/30, Batch 2550/3287, Loss: 0.0647
2025-10-09 17:26:40,195 [INFO] Época 15/30, Batch 2600/3287, Loss: 0.0681
2025-10-09 17:26:40,468 [INFO] Época 15/30, Batch 2650/3287, Loss: 0.0837
2025-10-09 17:26:40,742 [INFO] Época 15/30, Batch 2700/3287, Loss: 0.4516
2025-10-09 17:26:41,018 [INFO] Época 15/30, Batch 2750/3287, Loss: 0.0629
2025-10-09 17:26:41,292 [INFO] Época 15/30, Batch 2800/3287, Loss: 0.0777
2025-10-09 17:26:41,565 [INFO] Época 15/30, Batch 2850/3287, Loss: 0.0492
2025-10-09 17:26:41,839 [INFO] Época 15/30, Batch 2900/3287, Loss: 0.0668
2025-10-09 17:26:42,115 [INFO] Época 15/30, Batch 2950/3287, Loss: 0.0820
2025-10-09 17:26:42,393 [INFO] Época 15/30, Batch 3000/3287, Loss: 0.0522
2025-10-09 17:26:42,669 [INFO] Época 15/30, Batch 3050/3287, Loss: 0.0549
2025-10-09 17:26:42,929 [INFO] Época 15/30, Batch 3100/3287, Loss: 0.0561
2025-10-09 17:26:43,203 [INFO] Época 15/30, Batch 3150/3287, Loss: 0.0522
2025-10-09 17:26:43,480 [INFO] Época 15/30, Batch 3200/3287, Loss: 0.0765
2025-10-09 17:26:43,754 [INFO] Época 15/30, Batch 3250/3287, Loss: 0.0631
2025-10-09 17:26:45,550 [INFO] [15/30] Train Loss: 0.0778 | Val Loss: 0.0800 | Tempo: 19.53s
2025-10-09 17:26:46,103 [INFO] Época 16/30, Batch 50/3287, Loss: 0.0866
2025-10-09 17:26:46,369 [INFO] Época 16/30, Batch 100/3287, Loss: 0.0996
2025-10-09 17:26:46,633 [INFO] Época 16/30, Batch 150/3287, Loss: 0.0863
2025-10-09 17:26:46,896 [INFO] Época 16/30, Batch 200/3287, Loss: 0.0676
2025-10-09 17:26:47,161 [INFO] Época 16/30, Batch 250/3287, Loss: 0.0582
2025-10-09 17:26:47,425 [INFO] Época 16/30, Batch 300/3287, Loss: 0.0906
2025-10-09 17:26:47,692 [INFO] Época 16/30, Batch 350/3287, Loss: 0.0716
2025-10-09 17:26:47,953 [INFO] Época 16/30, Batch 400/3287, Loss: 0.1052
2025-10-09 17:26:48,226 [INFO] Época 16/30, Batch 450/3287, Loss: 0.0746
2025-10-09 17:26:48,505 [INFO] Época 16/30, Batch 500/3287, Loss: 0.0754
2025-10-09 17:26:48,784 [INFO] Época 16/30, Batch 550/3287, Loss: 0.1051
2025-10-09 17:26:49,063 [INFO] Época 16/30, Batch 600/3287, Loss: 0.0607
2025-10-09 17:26:49,342 [INFO] Época 16/30, Batch 650/3287, Loss: 0.0685
2025-10-09 17:26:49,619 [INFO] Época 16/30, Batch 700/3287, Loss: 0.0579
2025-10-09 17:26:49,897 [INFO] Época 16/30, Batch 750/3287, Loss: 0.0842
2025-10-09 17:26:50,180 [INFO] Época 16/30, Batch 800/3287, Loss: 0.0763
2025-10-09 17:26:50,450 [INFO] Época 16/30, Batch 850/3287, Loss: 0.0880
2025-10-09 17:26:50,719 [INFO] Época 16/30, Batch 900/3287, Loss: 0.0638
2025-10-09 17:26:50,981 [INFO] Época 16/30, Batch 950/3287, Loss: 0.0757
2025-10-09 17:26:51,242 [INFO] Época 16/30, Batch 1000/3287, Loss: 0.0709
2025-10-09 17:26:51,504 [INFO] Época 16/30, Batch 1050/3287, Loss: 0.0720
2025-10-09 17:26:51,769 [INFO] Época 16/30, Batch 1100/3287, Loss: 0.0892
2025-10-09 17:26:52,029 [INFO] Época 16/30, Batch 1150/3287, Loss: 0.0786
2025-10-09 17:26:52,290 [INFO] Época 16/30, Batch 1200/3287, Loss: 0.0686
2025-10-09 17:26:52,551 [INFO] Época 16/30, Batch 1250/3287, Loss: 0.0566
2025-10-09 17:26:52,821 [INFO] Época 16/30, Batch 1300/3287, Loss: 0.0656
2025-10-09 17:26:53,104 [INFO] Época 16/30, Batch 1350/3287, Loss: 0.0504
2025-10-09 17:26:53,363 [INFO] Época 16/30, Batch 1400/3287, Loss: 0.0384
2025-10-09 17:26:53,625 [INFO] Época 16/30, Batch 1450/3287, Loss: 1.2386
2025-10-09 17:26:53,888 [INFO] Época 16/30, Batch 1500/3287, Loss: 0.1141
2025-10-09 17:26:54,150 [INFO] Época 16/30, Batch 1550/3287, Loss: 0.0757
2025-10-09 17:26:54,411 [INFO] Época 16/30, Batch 1600/3287, Loss: 0.0970
2025-10-09 17:26:54,672 [INFO] Época 16/30, Batch 1650/3287, Loss: 0.0509
2025-10-09 17:26:54,932 [INFO] Época 16/30, Batch 1700/3287, Loss: 0.0747
2025-10-09 17:26:55,197 [INFO] Época 16/30, Batch 1750/3287, Loss: 0.0634
2025-10-09 17:26:55,467 [INFO] Época 16/30, Batch 1800/3287, Loss: 0.0730
2025-10-09 17:26:55,739 [INFO] Época 16/30, Batch 1850/3287, Loss: 0.1012
2025-10-09 17:26:56,011 [INFO] Época 16/30, Batch 1900/3287, Loss: 0.0776
2025-10-09 17:26:56,281 [INFO] Época 16/30, Batch 1950/3287, Loss: 0.0589
2025-10-09 17:26:56,552 [INFO] Época 16/30, Batch 2000/3287, Loss: 0.0687
2025-10-09 17:26:56,825 [INFO] Época 16/30, Batch 2050/3287, Loss: 0.0739
2025-10-09 17:26:57,095 [INFO] Época 16/30, Batch 2100/3287, Loss: 0.0514
2025-10-09 17:26:57,366 [INFO] Época 16/30, Batch 2150/3287, Loss: 0.0727
2025-10-09 17:26:57,637 [INFO] Época 16/30, Batch 2200/3287, Loss: 0.0630
2025-10-09 17:26:57,908 [INFO] Época 16/30, Batch 2250/3287, Loss: 0.0729
2025-10-09 17:26:58,181 [INFO] Época 16/30, Batch 2300/3287, Loss: 0.0720
2025-10-09 17:26:58,451 [INFO] Época 16/30, Batch 2350/3287, Loss: 0.0879
2025-10-09 17:26:58,723 [INFO] Época 16/30, Batch 2400/3287, Loss: 0.0797
2025-10-09 17:26:58,994 [INFO] Época 16/30, Batch 2450/3287, Loss: 0.0654
2025-10-09 17:26:59,267 [INFO] Época 16/30, Batch 2500/3287, Loss: 0.0967
2025-10-09 17:26:59,538 [INFO] Época 16/30, Batch 2550/3287, Loss: 0.0814
2025-10-09 17:26:59,809 [INFO] Época 16/30, Batch 2600/3287, Loss: 0.0708
2025-10-09 17:27:00,080 [INFO] Época 16/30, Batch 2650/3287, Loss: 0.0691
2025-10-09 17:27:00,354 [INFO] Época 16/30, Batch 2700/3287, Loss: 0.0589
2025-10-09 17:27:00,626 [INFO] Época 16/30, Batch 2750/3287, Loss: 0.0463
2025-10-09 17:27:00,899 [INFO] Época 16/30, Batch 2800/3287, Loss: 0.0668
2025-10-09 17:27:01,169 [INFO] Época 16/30, Batch 2850/3287, Loss: 0.0674
2025-10-09 17:27:01,440 [INFO] Época 16/30, Batch 2900/3287, Loss: 0.0736
2025-10-09 17:27:01,711 [INFO] Época 16/30, Batch 2950/3287, Loss: 0.0583
2025-10-09 17:27:01,983 [INFO] Época 16/30, Batch 3000/3287, Loss: 0.0824
2025-10-09 17:27:02,255 [INFO] Época 16/30, Batch 3050/3287, Loss: 0.0679
2025-10-09 17:27:02,525 [INFO] Época 16/30, Batch 3100/3287, Loss: 0.1201
2025-10-09 17:27:02,796 [INFO] Época 16/30, Batch 3150/3287, Loss: 0.0745
2025-10-09 17:27:03,066 [INFO] Época 16/30, Batch 3200/3287, Loss: 0.0906
2025-10-09 17:27:03,338 [INFO] Época 16/30, Batch 3250/3287, Loss: 0.0612
2025-10-09 17:27:05,076 [INFO] [16/30] Train Loss: 0.0777 | Val Loss: 0.0792 | Tempo: 19.52s
2025-10-09 17:27:05,638 [INFO] Época 17/30, Batch 50/3287, Loss: 0.0640
2025-10-09 17:27:05,916 [INFO] Época 17/30, Batch 100/3287, Loss: 0.0570
2025-10-09 17:27:06,189 [INFO] Época 17/30, Batch 150/3287, Loss: 0.1011
2025-10-09 17:27:06,460 [INFO] Época 17/30, Batch 200/3287, Loss: 0.0634
2025-10-09 17:27:06,722 [INFO] Época 17/30, Batch 250/3287, Loss: 0.0724
2025-10-09 17:27:06,970 [INFO] Época 17/30, Batch 300/3287, Loss: 0.0574
2025-10-09 17:27:07,221 [INFO] Época 17/30, Batch 350/3287, Loss: 0.0867
2025-10-09 17:27:07,475 [INFO] Época 17/30, Batch 400/3287, Loss: 0.0875
2025-10-09 17:27:07,722 [INFO] Época 17/30, Batch 450/3287, Loss: 0.0657
2025-10-09 17:27:07,967 [INFO] Época 17/30, Batch 500/3287, Loss: 0.0864
2025-10-09 17:27:08,216 [INFO] Época 17/30, Batch 550/3287, Loss: 0.0684
2025-10-09 17:27:08,463 [INFO] Época 17/30, Batch 600/3287, Loss: 0.0712
2025-10-09 17:27:08,711 [INFO] Época 17/30, Batch 650/3287, Loss: 0.0848
2025-10-09 17:27:08,956 [INFO] Época 17/30, Batch 700/3287, Loss: 0.0573
2025-10-09 17:27:09,201 [INFO] Época 17/30, Batch 750/3287, Loss: 0.0618
2025-10-09 17:27:09,443 [INFO] Época 17/30, Batch 800/3287, Loss: 0.0538
2025-10-09 17:27:09,687 [INFO] Época 17/30, Batch 850/3287, Loss: 0.0554
2025-10-09 17:27:09,928 [INFO] Época 17/30, Batch 900/3287, Loss: 0.0778
2025-10-09 17:27:10,171 [INFO] Época 17/30, Batch 950/3287, Loss: 0.0896
2025-10-09 17:27:10,431 [INFO] Época 17/30, Batch 1000/3287, Loss: 0.0845
2025-10-09 17:27:10,701 [INFO] Época 17/30, Batch 1050/3287, Loss: 0.0545
2025-10-09 17:27:10,980 [INFO] Época 17/30, Batch 1100/3287, Loss: 0.0526
2025-10-09 17:27:11,261 [INFO] Época 17/30, Batch 1150/3287, Loss: 0.0675
2025-10-09 17:27:11,542 [INFO] Época 17/30, Batch 1200/3287, Loss: 0.0938
2025-10-09 17:27:11,823 [INFO] Época 17/30, Batch 1250/3287, Loss: 0.0749
2025-10-09 17:27:12,104 [INFO] Época 17/30, Batch 1300/3287, Loss: 0.0721
2025-10-09 17:27:12,384 [INFO] Época 17/30, Batch 1350/3287, Loss: 0.1139
2025-10-09 17:27:12,665 [INFO] Época 17/30, Batch 1400/3287, Loss: 0.0629
2025-10-09 17:27:12,945 [INFO] Época 17/30, Batch 1450/3287, Loss: 0.0798
2025-10-09 17:27:13,226 [INFO] Época 17/30, Batch 1500/3287, Loss: 0.0727
2025-10-09 17:27:13,505 [INFO] Época 17/30, Batch 1550/3287, Loss: 0.0621
2025-10-09 17:27:13,784 [INFO] Época 17/30, Batch 1600/3287, Loss: 0.1018
2025-10-09 17:27:14,057 [INFO] Época 17/30, Batch 1650/3287, Loss: 0.0884
2025-10-09 17:27:14,328 [INFO] Época 17/30, Batch 1700/3287, Loss: 0.0829
2025-10-09 17:27:14,598 [INFO] Época 17/30, Batch 1750/3287, Loss: 0.0826
2025-10-09 17:27:14,870 [INFO] Época 17/30, Batch 1800/3287, Loss: 0.0630
2025-10-09 17:27:15,142 [INFO] Época 17/30, Batch 1850/3287, Loss: 0.0621
2025-10-09 17:27:15,413 [INFO] Época 17/30, Batch 1900/3287, Loss: 0.0658
2025-10-09 17:27:15,684 [INFO] Época 17/30, Batch 1950/3287, Loss: 0.0738
2025-10-09 17:27:15,957 [INFO] Época 17/30, Batch 2000/3287, Loss: 0.0636
2025-10-09 17:27:16,228 [INFO] Época 17/30, Batch 2050/3287, Loss: 0.0845
2025-10-09 17:27:16,504 [INFO] Época 17/30, Batch 2100/3287, Loss: 0.0739
2025-10-09 17:27:16,783 [INFO] Época 17/30, Batch 2150/3287, Loss: 0.0640
2025-10-09 17:27:17,061 [INFO] Época 17/30, Batch 2200/3287, Loss: 0.0766
2025-10-09 17:27:17,339 [INFO] Época 17/30, Batch 2250/3287, Loss: 0.0828
2025-10-09 17:27:17,618 [INFO] Época 17/30, Batch 2300/3287, Loss: 0.0805
2025-10-09 17:27:17,896 [INFO] Época 17/30, Batch 2350/3287, Loss: 0.0828
2025-10-09 17:27:18,174 [INFO] Época 17/30, Batch 2400/3287, Loss: 0.0590
2025-10-09 17:27:18,451 [INFO] Época 17/30, Batch 2450/3287, Loss: 0.0550
2025-10-09 17:27:18,731 [INFO] Época 17/30, Batch 2500/3287, Loss: 0.0674
2025-10-09 17:27:19,010 [INFO] Época 17/30, Batch 2550/3287, Loss: 0.0731
2025-10-09 17:27:19,290 [INFO] Época 17/30, Batch 2600/3287, Loss: 0.0573
2025-10-09 17:27:19,570 [INFO] Época 17/30, Batch 2650/3287, Loss: 0.0675
2025-10-09 17:27:19,850 [INFO] Época 17/30, Batch 2700/3287, Loss: 0.0740
2025-10-09 17:27:20,128 [INFO] Época 17/30, Batch 2750/3287, Loss: 0.0577
2025-10-09 17:27:20,408 [INFO] Época 17/30, Batch 2800/3287, Loss: 0.0623
2025-10-09 17:27:20,688 [INFO] Época 17/30, Batch 2850/3287, Loss: 0.0594
2025-10-09 17:27:20,970 [INFO] Época 17/30, Batch 2900/3287, Loss: 0.0740
2025-10-09 17:27:21,249 [INFO] Época 17/30, Batch 2950/3287, Loss: 0.0780
2025-10-09 17:27:21,528 [INFO] Época 17/30, Batch 3000/3287, Loss: 0.0697
2025-10-09 17:27:21,807 [INFO] Época 17/30, Batch 3050/3287, Loss: 0.0659
2025-10-09 17:27:22,088 [INFO] Época 17/30, Batch 3100/3287, Loss: 0.0795
2025-10-09 17:27:22,364 [INFO] Época 17/30, Batch 3150/3287, Loss: 0.0537
2025-10-09 17:27:22,635 [INFO] Época 17/30, Batch 3200/3287, Loss: 0.0647
2025-10-09 17:27:22,905 [INFO] Época 17/30, Batch 3250/3287, Loss: 0.0863
2025-10-09 17:27:24,644 [INFO] [17/30] Train Loss: 0.0773 | Val Loss: 0.0781 | Tempo: 19.57s
2025-10-09 17:27:25,210 [INFO] Época 18/30, Batch 50/3287, Loss: 0.0633
2025-10-09 17:27:25,487 [INFO] Época 18/30, Batch 100/3287, Loss: 0.0660
2025-10-09 17:27:25,759 [INFO] Época 18/30, Batch 150/3287, Loss: 0.0771
2025-10-09 17:27:26,021 [INFO] Época 18/30, Batch 200/3287, Loss: 0.0922
2025-10-09 17:27:26,282 [INFO] Época 18/30, Batch 250/3287, Loss: 0.0787
2025-10-09 17:27:26,545 [INFO] Época 18/30, Batch 300/3287, Loss: 0.0889
2025-10-09 17:27:26,809 [INFO] Época 18/30, Batch 350/3287, Loss: 0.0783
2025-10-09 17:27:27,070 [INFO] Época 18/30, Batch 400/3287, Loss: 0.0700
2025-10-09 17:27:27,329 [INFO] Época 18/30, Batch 450/3287, Loss: 0.0515
2025-10-09 17:27:27,587 [INFO] Época 18/30, Batch 500/3287, Loss: 0.0676
2025-10-09 17:27:27,846 [INFO] Época 18/30, Batch 550/3287, Loss: 0.0875
2025-10-09 17:27:28,109 [INFO] Época 18/30, Batch 600/3287, Loss: 0.0821
2025-10-09 17:27:28,370 [INFO] Época 18/30, Batch 650/3287, Loss: 0.0973
2025-10-09 17:27:28,630 [INFO] Época 18/30, Batch 700/3287, Loss: 0.0777
2025-10-09 17:27:28,891 [INFO] Época 18/30, Batch 750/3287, Loss: 0.0563
2025-10-09 17:27:29,152 [INFO] Época 18/30, Batch 800/3287, Loss: 0.0746
2025-10-09 17:27:29,414 [INFO] Época 18/30, Batch 850/3287, Loss: 0.0962
2025-10-09 17:27:29,676 [INFO] Época 18/30, Batch 900/3287, Loss: 0.0760
2025-10-09 17:27:29,938 [INFO] Época 18/30, Batch 950/3287, Loss: 0.0737
2025-10-09 17:27:30,200 [INFO] Época 18/30, Batch 1000/3287, Loss: 0.0722
2025-10-09 17:27:30,462 [INFO] Época 18/30, Batch 1050/3287, Loss: 0.0708
2025-10-09 17:27:30,729 [INFO] Época 18/30, Batch 1100/3287, Loss: 0.0954
2025-10-09 17:27:30,999 [INFO] Época 18/30, Batch 1150/3287, Loss: 0.0676
2025-10-09 17:27:31,268 [INFO] Época 18/30, Batch 1200/3287, Loss: 0.0633
2025-10-09 17:27:31,538 [INFO] Época 18/30, Batch 1250/3287, Loss: 0.0549
2025-10-09 17:27:31,808 [INFO] Época 18/30, Batch 1300/3287, Loss: 0.0613
2025-10-09 17:27:32,079 [INFO] Época 18/30, Batch 1350/3287, Loss: 0.0432
2025-10-09 17:27:32,351 [INFO] Época 18/30, Batch 1400/3287, Loss: 0.0652
2025-10-09 17:27:32,623 [INFO] Época 18/30, Batch 1450/3287, Loss: 0.0663
2025-10-09 17:27:32,887 [INFO] Época 18/30, Batch 1500/3287, Loss: 0.0785
2025-10-09 17:27:33,149 [INFO] Época 18/30, Batch 1550/3287, Loss: 0.1020
2025-10-09 17:27:33,410 [INFO] Época 18/30, Batch 1600/3287, Loss: 0.0575
2025-10-09 17:27:33,676 [INFO] Época 18/30, Batch 1650/3287, Loss: 0.0874
2025-10-09 17:27:33,940 [INFO] Época 18/30, Batch 1700/3287, Loss: 0.0821
2025-10-09 17:27:34,201 [INFO] Época 18/30, Batch 1750/3287, Loss: 0.0690
2025-10-09 17:27:34,462 [INFO] Época 18/30, Batch 1800/3287, Loss: 0.0531
2025-10-09 17:27:34,734 [INFO] Época 18/30, Batch 1850/3287, Loss: 0.0770
2025-10-09 17:27:35,007 [INFO] Época 18/30, Batch 1900/3287, Loss: 0.0915
2025-10-09 17:27:35,280 [INFO] Época 18/30, Batch 1950/3287, Loss: 0.0727
2025-10-09 17:27:35,558 [INFO] Época 18/30, Batch 2000/3287, Loss: 0.0807
2025-10-09 17:27:35,831 [INFO] Época 18/30, Batch 2050/3287, Loss: 0.0789
2025-10-09 17:27:36,104 [INFO] Época 18/30, Batch 2100/3287, Loss: 0.0636
2025-10-09 17:27:36,378 [INFO] Época 18/30, Batch 2150/3287, Loss: 0.0716
2025-10-09 17:27:36,654 [INFO] Época 18/30, Batch 2200/3287, Loss: 0.0887
2025-10-09 17:27:36,920 [INFO] Época 18/30, Batch 2250/3287, Loss: 0.0716
2025-10-09 17:27:37,186 [INFO] Época 18/30, Batch 2300/3287, Loss: 0.1011
2025-10-09 17:27:37,451 [INFO] Época 18/30, Batch 2350/3287, Loss: 0.0847
2025-10-09 17:27:37,727 [INFO] Época 18/30, Batch 2400/3287, Loss: 0.0582
2025-10-09 17:27:38,003 [INFO] Época 18/30, Batch 2450/3287, Loss: 0.0923
2025-10-09 17:27:38,277 [INFO] Época 18/30, Batch 2500/3287, Loss: 0.0818
2025-10-09 17:27:38,553 [INFO] Época 18/30, Batch 2550/3287, Loss: 0.0552
2025-10-09 17:27:38,829 [INFO] Época 18/30, Batch 2600/3287, Loss: 0.0804
2025-10-09 17:27:39,106 [INFO] Época 18/30, Batch 2650/3287, Loss: 0.0881
2025-10-09 17:27:39,381 [INFO] Época 18/30, Batch 2700/3287, Loss: 0.0671
2025-10-09 17:27:39,657 [INFO] Época 18/30, Batch 2750/3287, Loss: 0.0486
2025-10-09 17:27:39,932 [INFO] Época 18/30, Batch 2800/3287, Loss: 0.0721
2025-10-09 17:27:40,209 [INFO] Época 18/30, Batch 2850/3287, Loss: 0.0874
2025-10-09 17:27:40,490 [INFO] Época 18/30, Batch 2900/3287, Loss: 0.0693
2025-10-09 17:27:40,766 [INFO] Época 18/30, Batch 2950/3287, Loss: 0.0726
2025-10-09 17:27:41,046 [INFO] Época 18/30, Batch 3000/3287, Loss: 0.0826
2025-10-09 17:27:41,325 [INFO] Época 18/30, Batch 3050/3287, Loss: 0.0631
2025-10-09 17:27:41,604 [INFO] Época 18/30, Batch 3100/3287, Loss: 0.0564
2025-10-09 17:27:41,883 [INFO] Época 18/30, Batch 3150/3287, Loss: 0.0798
2025-10-09 17:27:42,159 [INFO] Época 18/30, Batch 3200/3287, Loss: 0.0846
2025-10-09 17:27:42,437 [INFO] Época 18/30, Batch 3250/3287, Loss: 0.0704
2025-10-09 17:27:44,149 [INFO] [18/30] Train Loss: 0.0779 | Val Loss: 0.0788 | Tempo: 19.50s
2025-10-09 17:27:44,676 [INFO] Época 19/30, Batch 50/3287, Loss: 0.0530
2025-10-09 17:27:44,914 [INFO] Época 19/30, Batch 100/3287, Loss: 0.0864
2025-10-09 17:27:45,152 [INFO] Época 19/30, Batch 150/3287, Loss: 0.0701
2025-10-09 17:27:45,390 [INFO] Época 19/30, Batch 200/3287, Loss: 0.0803
2025-10-09 17:27:45,627 [INFO] Época 19/30, Batch 250/3287, Loss: 0.0611
2025-10-09 17:27:45,867 [INFO] Época 19/30, Batch 300/3287, Loss: 0.0692
2025-10-09 17:27:46,111 [INFO] Época 19/30, Batch 350/3287, Loss: 0.0737
2025-10-09 17:27:46,356 [INFO] Época 19/30, Batch 400/3287, Loss: 0.0546
2025-10-09 17:27:46,598 [INFO] Época 19/30, Batch 450/3287, Loss: 0.0592
2025-10-09 17:27:46,838 [INFO] Época 19/30, Batch 500/3287, Loss: 0.0720
2025-10-09 17:27:47,080 [INFO] Época 19/30, Batch 550/3287, Loss: 0.0449
2025-10-09 17:27:47,321 [INFO] Época 19/30, Batch 600/3287, Loss: 0.0818
2025-10-09 17:27:47,567 [INFO] Época 19/30, Batch 650/3287, Loss: 0.0698
2025-10-09 17:27:47,823 [INFO] Época 19/30, Batch 700/3287, Loss: 0.0689
2025-10-09 17:27:48,088 [INFO] Época 19/30, Batch 750/3287, Loss: 0.0993
2025-10-09 17:27:48,344 [INFO] Época 19/30, Batch 800/3287, Loss: 0.0528
2025-10-09 17:27:48,601 [INFO] Época 19/30, Batch 850/3287, Loss: 0.0676
2025-10-09 17:27:48,861 [INFO] Época 19/30, Batch 900/3287, Loss: 0.0793
2025-10-09 17:27:49,117 [INFO] Época 19/30, Batch 950/3287, Loss: 0.0895
2025-10-09 17:27:49,373 [INFO] Época 19/30, Batch 1000/3287, Loss: 0.0668
2025-10-09 17:27:49,629 [INFO] Época 19/30, Batch 1050/3287, Loss: 0.0676
2025-10-09 17:27:49,886 [INFO] Época 19/30, Batch 1100/3287, Loss: 0.0754
2025-10-09 17:27:50,143 [INFO] Época 19/30, Batch 1150/3287, Loss: 0.0637
2025-10-09 17:27:50,401 [INFO] Época 19/30, Batch 1200/3287, Loss: 0.0786
2025-10-09 17:27:50,659 [INFO] Época 19/30, Batch 1250/3287, Loss: 0.0657
2025-10-09 17:27:50,919 [INFO] Época 19/30, Batch 1300/3287, Loss: 0.0778
2025-10-09 17:27:51,186 [INFO] Época 19/30, Batch 1350/3287, Loss: 0.0589
2025-10-09 17:27:51,453 [INFO] Época 19/30, Batch 1400/3287, Loss: 0.0646
2025-10-09 17:27:51,722 [INFO] Época 19/30, Batch 1450/3287, Loss: 0.0868
2025-10-09 17:27:51,988 [INFO] Época 19/30, Batch 1500/3287, Loss: 0.0847
2025-10-09 17:27:52,254 [INFO] Época 19/30, Batch 1550/3287, Loss: 0.0729
2025-10-09 17:27:52,522 [INFO] Época 19/30, Batch 1600/3287, Loss: 0.0628
2025-10-09 17:27:52,792 [INFO] Época 19/30, Batch 1650/3287, Loss: 0.0771
2025-10-09 17:27:53,062 [INFO] Época 19/30, Batch 1700/3287, Loss: 0.0820
2025-10-09 17:27:53,322 [INFO] Época 19/30, Batch 1750/3287, Loss: 0.1158
2025-10-09 17:27:53,582 [INFO] Época 19/30, Batch 1800/3287, Loss: 0.0717
2025-10-09 17:27:53,841 [INFO] Época 19/30, Batch 1850/3287, Loss: 0.0782
2025-10-09 17:27:54,101 [INFO] Época 19/30, Batch 1900/3287, Loss: 0.0939
2025-10-09 17:27:54,361 [INFO] Época 19/30, Batch 1950/3287, Loss: 0.0721
2025-10-09 17:27:54,631 [INFO] Época 19/30, Batch 2000/3287, Loss: 0.0735
2025-10-09 17:27:54,903 [INFO] Época 19/30, Batch 2050/3287, Loss: 0.0664
2025-10-09 17:27:55,165 [INFO] Época 19/30, Batch 2100/3287, Loss: 0.0535
2025-10-09 17:27:55,427 [INFO] Época 19/30, Batch 2150/3287, Loss: 0.0840
2025-10-09 17:27:55,689 [INFO] Época 19/30, Batch 2200/3287, Loss: 0.0630
2025-10-09 17:27:55,951 [INFO] Época 19/30, Batch 2250/3287, Loss: 0.0904
2025-10-09 17:27:56,212 [INFO] Época 19/30, Batch 2300/3287, Loss: 0.0705
2025-10-09 17:27:56,473 [INFO] Época 19/30, Batch 2350/3287, Loss: 0.0662
2025-10-09 17:27:56,734 [INFO] Época 19/30, Batch 2400/3287, Loss: 0.0786
2025-10-09 17:27:57,006 [INFO] Época 19/30, Batch 2450/3287, Loss: 0.0535
2025-10-09 17:27:57,285 [INFO] Época 19/30, Batch 2500/3287, Loss: 0.0549
2025-10-09 17:27:57,565 [INFO] Época 19/30, Batch 2550/3287, Loss: 0.0768
2025-10-09 17:27:57,844 [INFO] Época 19/30, Batch 2600/3287, Loss: 0.0843
2025-10-09 17:27:58,123 [INFO] Época 19/30, Batch 2650/3287, Loss: 0.0917
2025-10-09 17:27:58,404 [INFO] Época 19/30, Batch 2700/3287, Loss: 0.0661
2025-10-09 17:27:58,684 [INFO] Época 19/30, Batch 2750/3287, Loss: 0.0595
2025-10-09 17:27:58,963 [INFO] Época 19/30, Batch 2800/3287, Loss: 0.0594
2025-10-09 17:27:59,238 [INFO] Época 19/30, Batch 2850/3287, Loss: 0.0655
2025-10-09 17:27:59,514 [INFO] Época 19/30, Batch 2900/3287, Loss: 0.0824
2025-10-09 17:27:59,792 [INFO] Época 19/30, Batch 2950/3287, Loss: 0.0734
2025-10-09 17:28:00,069 [INFO] Época 19/30, Batch 3000/3287, Loss: 0.0924
2025-10-09 17:28:00,342 [INFO] Época 19/30, Batch 3050/3287, Loss: 0.1079
2025-10-09 17:28:00,623 [INFO] Época 19/30, Batch 3100/3287, Loss: 0.0841
2025-10-09 17:28:00,897 [INFO] Época 19/30, Batch 3150/3287, Loss: 0.0657
2025-10-09 17:28:01,175 [INFO] Época 19/30, Batch 3200/3287, Loss: 0.0649
2025-10-09 17:28:01,458 [INFO] Época 19/30, Batch 3250/3287, Loss: 0.0698
2025-10-09 17:28:03,180 [INFO] [19/30] Train Loss: 0.0770 | Val Loss: 0.0807 | Tempo: 19.03s
2025-10-09 17:28:03,181 [INFO] Early stopping ativado após 10 épocas sem melhoria
2025-10-09 17:28:03,181 [INFO] Treinamento concluído em 361.90 segundos (6.03 minutos)
2025-10-09 17:28:03,181 [INFO] Iniciando avaliação no conjunto de teste...
2025-10-09 17:28:04,625 [INFO] Avaliação do teste concluída em 1.44 segundos
2025-10-09 17:28:04,626 [INFO] MSE no teste: 0.0090
2025-10-09 17:28:04,626 [INFO] RMSE no teste: 0.0949
2025-10-09 17:28:04,626 [INFO] MAE no teste: 0.0662
2025-10-09 17:28:04,627 [INFO] Métricas salvas em /mnt/hdd/home/jdurao/ToolBox-ChemXAI/logs/mlp_att1_3D_metrics.json
