2025-10-10 09:02:26,358 [INFO] Iniciando treinamento do modelo mlp_att11_EState
2025-10-10 09:02:26,358 [INFO] Configuração: att_index=11, epochs=30, layers=[128, 64, 32], lr=0.001, batch_size=32, descriptor_type=EState
2025-10-10 09:02:26,359 [INFO] Diretório para modelos: /mnt/hdd/home/jdurao/ToolBox-ChemXAI/models
2025-10-10 09:02:26,359 [INFO] Carregando dados...
2025-10-10 09:02:26,446 [INFO] Preparando dataloaders sem ruído...
2025-10-10 09:02:29,248 [INFO] Dados carregados em 2.89 segundos
2025-10-10 09:02:29,248 [INFO] Tamanhos dos conjuntos - Treino: 107108, Validação: 13388, Teste: 13389
2025-10-10 09:02:29,248 [INFO] Usando dispositivo: cuda
2025-10-10 09:02:29,598 [INFO] Dimensão de entrada: 79, Dimensão de saída: 1
2025-10-10 09:02:29,599 [INFO] Criando modelo MLP com camadas: [128, 64, 32]
2025-10-10 09:02:29,600 [INFO] Modelo criado com 20609 parâmetros
2025-10-10 09:02:29,601 [INFO] Iniciando treinamento com 30 épocas...
2025-10-10 09:02:30,155 [INFO] Época 1/30, Batch 50/3348, Loss: 0.5221
2025-10-10 09:02:30,423 [INFO] Época 1/30, Batch 100/3348, Loss: 0.6404
2025-10-10 09:02:30,693 [INFO] Época 1/30, Batch 150/3348, Loss: 0.4557
2025-10-10 09:02:30,962 [INFO] Época 1/30, Batch 200/3348, Loss: 0.4271
2025-10-10 09:02:31,230 [INFO] Época 1/30, Batch 250/3348, Loss: 0.3387
2025-10-10 09:02:31,502 [INFO] Época 1/30, Batch 300/3348, Loss: 0.4295
2025-10-10 09:02:31,784 [INFO] Época 1/30, Batch 350/3348, Loss: 0.4779
2025-10-10 09:02:32,054 [INFO] Época 1/30, Batch 400/3348, Loss: 0.5417
2025-10-10 09:02:32,323 [INFO] Época 1/30, Batch 450/3348, Loss: 0.3656
2025-10-10 09:02:32,584 [INFO] Época 1/30, Batch 500/3348, Loss: 0.4276
2025-10-10 09:02:32,842 [INFO] Época 1/30, Batch 550/3348, Loss: 0.3725
2025-10-10 09:02:33,096 [INFO] Época 1/30, Batch 600/3348, Loss: 0.5310
2025-10-10 09:02:33,350 [INFO] Época 1/30, Batch 650/3348, Loss: 0.4623
2025-10-10 09:02:33,605 [INFO] Época 1/30, Batch 700/3348, Loss: 0.3773
2025-10-10 09:02:33,860 [INFO] Época 1/30, Batch 750/3348, Loss: 0.4022
2025-10-10 09:02:34,117 [INFO] Época 1/30, Batch 800/3348, Loss: 0.4295
2025-10-10 09:02:34,365 [INFO] Época 1/30, Batch 850/3348, Loss: 0.4852
2025-10-10 09:02:34,613 [INFO] Época 1/30, Batch 900/3348, Loss: 0.2838
2025-10-10 09:02:34,859 [INFO] Época 1/30, Batch 950/3348, Loss: 0.4303
2025-10-10 09:02:35,113 [INFO] Época 1/30, Batch 1000/3348, Loss: 0.4384
2025-10-10 09:02:35,368 [INFO] Época 1/30, Batch 1050/3348, Loss: 0.6191
2025-10-10 09:02:35,620 [INFO] Época 1/30, Batch 1100/3348, Loss: 0.4089
2025-10-10 09:02:35,875 [INFO] Época 1/30, Batch 1150/3348, Loss: 0.2201
2025-10-10 09:02:36,125 [INFO] Época 1/30, Batch 1200/3348, Loss: 0.4411
2025-10-10 09:02:36,382 [INFO] Época 1/30, Batch 1250/3348, Loss: 0.3546
2025-10-10 09:02:36,639 [INFO] Época 1/30, Batch 1300/3348, Loss: 0.3023
2025-10-10 09:02:36,894 [INFO] Época 1/30, Batch 1350/3348, Loss: 0.3452
2025-10-10 09:02:37,150 [INFO] Época 1/30, Batch 1400/3348, Loss: 0.4958
2025-10-10 09:02:37,404 [INFO] Época 1/30, Batch 1450/3348, Loss: 0.3939
2025-10-10 09:02:37,661 [INFO] Época 1/30, Batch 1500/3348, Loss: 0.6260
2025-10-10 09:02:37,924 [INFO] Época 1/30, Batch 1550/3348, Loss: 0.3653
2025-10-10 09:02:38,185 [INFO] Época 1/30, Batch 1600/3348, Loss: 0.3871
2025-10-10 09:02:38,445 [INFO] Época 1/30, Batch 1650/3348, Loss: 0.5367
2025-10-10 09:02:38,707 [INFO] Época 1/30, Batch 1700/3348, Loss: 0.7820
2025-10-10 09:02:38,967 [INFO] Época 1/30, Batch 1750/3348, Loss: 0.4403
2025-10-10 09:02:39,226 [INFO] Época 1/30, Batch 1800/3348, Loss: 0.3932
2025-10-10 09:02:39,486 [INFO] Época 1/30, Batch 1850/3348, Loss: 0.4404
2025-10-10 09:02:39,750 [INFO] Época 1/30, Batch 1900/3348, Loss: 0.5917
2025-10-10 09:02:40,016 [INFO] Época 1/30, Batch 1950/3348, Loss: 0.2538
2025-10-10 09:02:40,277 [INFO] Época 1/30, Batch 2000/3348, Loss: 0.4362
2025-10-10 09:02:40,536 [INFO] Época 1/30, Batch 2050/3348, Loss: 0.4727
2025-10-10 09:02:40,799 [INFO] Época 1/30, Batch 2100/3348, Loss: 0.3691
2025-10-10 09:02:41,058 [INFO] Época 1/30, Batch 2150/3348, Loss: 0.4414
2025-10-10 09:02:41,317 [INFO] Época 1/30, Batch 2200/3348, Loss: 0.3894
2025-10-10 09:02:41,578 [INFO] Época 1/30, Batch 2250/3348, Loss: 0.3225
2025-10-10 09:02:41,832 [INFO] Época 1/30, Batch 2300/3348, Loss: 0.4188
2025-10-10 09:02:42,104 [INFO] Época 1/30, Batch 2350/3348, Loss: 0.2872
2025-10-10 09:02:42,367 [INFO] Época 1/30, Batch 2400/3348, Loss: 0.2238
2025-10-10 09:02:42,628 [INFO] Época 1/30, Batch 2450/3348, Loss: 0.3948
2025-10-10 09:02:42,889 [INFO] Época 1/30, Batch 2500/3348, Loss: 0.5062
2025-10-10 09:02:43,149 [INFO] Época 1/30, Batch 2550/3348, Loss: 0.3927
2025-10-10 09:02:43,411 [INFO] Época 1/30, Batch 2600/3348, Loss: 0.4488
2025-10-10 09:02:43,671 [INFO] Época 1/30, Batch 2650/3348, Loss: 0.3743
2025-10-10 09:02:43,927 [INFO] Época 1/30, Batch 2700/3348, Loss: 0.3068
2025-10-10 09:02:44,188 [INFO] Época 1/30, Batch 2750/3348, Loss: 0.3265
2025-10-10 09:02:44,448 [INFO] Época 1/30, Batch 2800/3348, Loss: 0.4568
2025-10-10 09:02:44,707 [INFO] Época 1/30, Batch 2850/3348, Loss: 0.5631
2025-10-10 09:02:44,965 [INFO] Época 1/30, Batch 2900/3348, Loss: 0.3949
2025-10-10 09:02:45,218 [INFO] Época 1/30, Batch 2950/3348, Loss: 0.4228
2025-10-10 09:02:45,471 [INFO] Época 1/30, Batch 3000/3348, Loss: 0.6763
2025-10-10 09:02:45,725 [INFO] Época 1/30, Batch 3050/3348, Loss: 0.2601
2025-10-10 09:02:45,984 [INFO] Época 1/30, Batch 3100/3348, Loss: 0.4098
2025-10-10 09:02:46,243 [INFO] Época 1/30, Batch 3150/3348, Loss: 0.5495
2025-10-10 09:02:46,500 [INFO] Época 1/30, Batch 3200/3348, Loss: 0.3839
2025-10-10 09:02:46,756 [INFO] Época 1/30, Batch 3250/3348, Loss: 0.2766
2025-10-10 09:02:47,011 [INFO] Época 1/30, Batch 3300/3348, Loss: 0.4353
2025-10-10 09:02:48,716 [INFO] [1/30] Train Loss: 0.4077 | Val Loss: 0.2619 | Tempo: 19.12s
2025-10-10 09:02:48,721 [INFO] Melhor modelo salvo em: /mnt/hdd/home/jdurao/ToolBox-ChemXAI/models/mlp_qm9_EState_att11_large.pth
2025-10-10 09:02:49,270 [INFO] Época 2/30, Batch 50/3348, Loss: 0.3963
2025-10-10 09:02:49,529 [INFO] Época 2/30, Batch 100/3348, Loss: 0.4978
2025-10-10 09:02:49,789 [INFO] Época 2/30, Batch 150/3348, Loss: 0.4521
2025-10-10 09:02:50,048 [INFO] Época 2/30, Batch 200/3348, Loss: 0.3832
2025-10-10 09:02:50,307 [INFO] Época 2/30, Batch 250/3348, Loss: 0.3906
2025-10-10 09:02:50,567 [INFO] Época 2/30, Batch 300/3348, Loss: 0.5178
2025-10-10 09:02:50,826 [INFO] Época 2/30, Batch 350/3348, Loss: 0.4269
2025-10-10 09:02:51,083 [INFO] Época 2/30, Batch 400/3348, Loss: 0.4857
2025-10-10 09:02:51,338 [INFO] Época 2/30, Batch 450/3348, Loss: 0.3348
2025-10-10 09:02:51,597 [INFO] Época 2/30, Batch 500/3348, Loss: 0.3195
2025-10-10 09:02:51,855 [INFO] Época 2/30, Batch 550/3348, Loss: 0.3772
2025-10-10 09:02:52,115 [INFO] Época 2/30, Batch 600/3348, Loss: 0.4123
2025-10-10 09:02:52,383 [INFO] Época 2/30, Batch 650/3348, Loss: 0.2791
2025-10-10 09:02:52,641 [INFO] Época 2/30, Batch 700/3348, Loss: 0.3636
2025-10-10 09:02:52,899 [INFO] Época 2/30, Batch 750/3348, Loss: 0.3658
2025-10-10 09:02:53,158 [INFO] Época 2/30, Batch 800/3348, Loss: 0.4371
2025-10-10 09:02:53,418 [INFO] Época 2/30, Batch 850/3348, Loss: 0.4430
2025-10-10 09:02:53,677 [INFO] Época 2/30, Batch 900/3348, Loss: 0.3566
2025-10-10 09:02:53,936 [INFO] Época 2/30, Batch 950/3348, Loss: 0.5809
2025-10-10 09:02:54,195 [INFO] Época 2/30, Batch 1000/3348, Loss: 0.3212
2025-10-10 09:02:54,454 [INFO] Época 2/30, Batch 1050/3348, Loss: 0.3886
2025-10-10 09:02:54,714 [INFO] Época 2/30, Batch 1100/3348, Loss: 0.4931
2025-10-10 09:02:54,974 [INFO] Época 2/30, Batch 1150/3348, Loss: 0.4558
2025-10-10 09:02:55,234 [INFO] Época 2/30, Batch 1200/3348, Loss: 0.3282
2025-10-10 09:02:55,494 [INFO] Época 2/30, Batch 1250/3348, Loss: 0.2589
2025-10-10 09:02:55,751 [INFO] Época 2/30, Batch 1300/3348, Loss: 0.3444
2025-10-10 09:02:56,006 [INFO] Época 2/30, Batch 1350/3348, Loss: 0.2853
2025-10-10 09:02:56,259 [INFO] Época 2/30, Batch 1400/3348, Loss: 0.2216
2025-10-10 09:02:56,514 [INFO] Época 2/30, Batch 1450/3348, Loss: 0.3654
2025-10-10 09:02:56,767 [INFO] Época 2/30, Batch 1500/3348, Loss: 0.5702
2025-10-10 09:02:57,022 [INFO] Época 2/30, Batch 1550/3348, Loss: 0.5102
2025-10-10 09:02:57,276 [INFO] Época 2/30, Batch 1600/3348, Loss: 0.3904
2025-10-10 09:02:57,539 [INFO] Época 2/30, Batch 1650/3348, Loss: 0.3661
2025-10-10 09:02:57,796 [INFO] Época 2/30, Batch 1700/3348, Loss: 0.3690
2025-10-10 09:02:58,054 [INFO] Época 2/30, Batch 1750/3348, Loss: 0.3322
2025-10-10 09:02:58,314 [INFO] Época 2/30, Batch 1800/3348, Loss: 0.4080
2025-10-10 09:02:58,575 [INFO] Época 2/30, Batch 1850/3348, Loss: 0.4282
2025-10-10 09:02:58,833 [INFO] Época 2/30, Batch 1900/3348, Loss: 0.5004
2025-10-10 09:02:59,090 [INFO] Época 2/30, Batch 1950/3348, Loss: 0.4488
2025-10-10 09:02:59,345 [INFO] Época 2/30, Batch 2000/3348, Loss: 0.3765
2025-10-10 09:02:59,599 [INFO] Época 2/30, Batch 2050/3348, Loss: 0.4324
2025-10-10 09:02:59,855 [INFO] Época 2/30, Batch 2100/3348, Loss: 0.2688
2025-10-10 09:03:00,110 [INFO] Época 2/30, Batch 2150/3348, Loss: 0.3977
2025-10-10 09:03:00,364 [INFO] Época 2/30, Batch 2200/3348, Loss: 0.2908
2025-10-10 09:03:00,617 [INFO] Época 2/30, Batch 2250/3348, Loss: 0.3488
2025-10-10 09:03:00,872 [INFO] Época 2/30, Batch 2300/3348, Loss: 0.5654
2025-10-10 09:03:01,126 [INFO] Época 2/30, Batch 2350/3348, Loss: 0.3477
2025-10-10 09:03:01,381 [INFO] Época 2/30, Batch 2400/3348, Loss: 0.2817
2025-10-10 09:03:01,634 [INFO] Época 2/30, Batch 2450/3348, Loss: 0.4222
2025-10-10 09:03:01,887 [INFO] Época 2/30, Batch 2500/3348, Loss: 0.5101
2025-10-10 09:03:02,140 [INFO] Época 2/30, Batch 2550/3348, Loss: 0.4692
2025-10-10 09:03:02,394 [INFO] Época 2/30, Batch 2600/3348, Loss: 0.3757
2025-10-10 09:03:02,655 [INFO] Época 2/30, Batch 2650/3348, Loss: 0.3998
2025-10-10 09:03:02,917 [INFO] Época 2/30, Batch 2700/3348, Loss: 0.5115
2025-10-10 09:03:03,176 [INFO] Época 2/30, Batch 2750/3348, Loss: 0.5000
2025-10-10 09:03:03,436 [INFO] Época 2/30, Batch 2800/3348, Loss: 0.4312
2025-10-10 09:03:03,694 [INFO] Época 2/30, Batch 2850/3348, Loss: 0.5039
2025-10-10 09:03:03,955 [INFO] Época 2/30, Batch 2900/3348, Loss: 0.3997
2025-10-10 09:03:04,214 [INFO] Época 2/30, Batch 2950/3348, Loss: 0.2291
2025-10-10 09:03:04,474 [INFO] Época 2/30, Batch 3000/3348, Loss: 0.2698
2025-10-10 09:03:04,732 [INFO] Época 2/30, Batch 3050/3348, Loss: 0.2916
2025-10-10 09:03:04,992 [INFO] Época 2/30, Batch 3100/3348, Loss: 0.3993
2025-10-10 09:03:05,253 [INFO] Época 2/30, Batch 3150/3348, Loss: 0.3719
2025-10-10 09:03:05,512 [INFO] Época 2/30, Batch 3200/3348, Loss: 0.1064
2025-10-10 09:03:05,770 [INFO] Época 2/30, Batch 3250/3348, Loss: 0.3361
2025-10-10 09:03:06,029 [INFO] Época 2/30, Batch 3300/3348, Loss: 0.3320
2025-10-10 09:03:07,745 [INFO] [2/30] Train Loss: 0.3910 | Val Loss: 0.2582 | Tempo: 19.02s
2025-10-10 09:03:07,749 [INFO] Melhor modelo salvo em: /mnt/hdd/home/jdurao/ToolBox-ChemXAI/models/mlp_qm9_EState_att11_large.pth
2025-10-10 09:03:08,308 [INFO] Época 3/30, Batch 50/3348, Loss: 0.4565
2025-10-10 09:03:08,573 [INFO] Época 3/30, Batch 100/3348, Loss: 0.5467
2025-10-10 09:03:08,835 [INFO] Época 3/30, Batch 150/3348, Loss: 0.2991
2025-10-10 09:03:09,098 [INFO] Época 3/30, Batch 200/3348, Loss: 0.3177
2025-10-10 09:03:09,366 [INFO] Época 3/30, Batch 250/3348, Loss: 0.5998
2025-10-10 09:03:09,635 [INFO] Época 3/30, Batch 300/3348, Loss: 0.4577
2025-10-10 09:03:09,896 [INFO] Época 3/30, Batch 350/3348, Loss: 0.4690
2025-10-10 09:03:10,155 [INFO] Época 3/30, Batch 400/3348, Loss: 0.4517
2025-10-10 09:03:10,415 [INFO] Época 3/30, Batch 450/3348, Loss: 0.4845
2025-10-10 09:03:10,673 [INFO] Época 3/30, Batch 500/3348, Loss: 0.2719
2025-10-10 09:03:10,933 [INFO] Época 3/30, Batch 550/3348, Loss: 0.4875
2025-10-10 09:03:11,193 [INFO] Época 3/30, Batch 600/3348, Loss: 0.4195
2025-10-10 09:03:11,452 [INFO] Época 3/30, Batch 650/3348, Loss: 0.4199
2025-10-10 09:03:11,712 [INFO] Época 3/30, Batch 700/3348, Loss: 0.4261
2025-10-10 09:03:11,970 [INFO] Época 3/30, Batch 750/3348, Loss: 0.5633
2025-10-10 09:03:12,229 [INFO] Época 3/30, Batch 800/3348, Loss: 0.4430
2025-10-10 09:03:12,490 [INFO] Época 3/30, Batch 850/3348, Loss: 0.3257
2025-10-10 09:03:12,752 [INFO] Época 3/30, Batch 900/3348, Loss: 0.2921
2025-10-10 09:03:13,025 [INFO] Época 3/30, Batch 950/3348, Loss: 0.5221
2025-10-10 09:03:13,285 [INFO] Época 3/30, Batch 1000/3348, Loss: 0.2920
2025-10-10 09:03:13,547 [INFO] Época 3/30, Batch 1050/3348, Loss: 0.3055
2025-10-10 09:03:13,806 [INFO] Época 3/30, Batch 1100/3348, Loss: 0.7409
2025-10-10 09:03:14,067 [INFO] Época 3/30, Batch 1150/3348, Loss: 0.3008
2025-10-10 09:03:14,332 [INFO] Época 3/30, Batch 1200/3348, Loss: 0.2927
2025-10-10 09:03:14,599 [INFO] Época 3/30, Batch 1250/3348, Loss: 0.4525
2025-10-10 09:03:14,865 [INFO] Época 3/30, Batch 1300/3348, Loss: 0.5273
2025-10-10 09:03:15,130 [INFO] Época 3/30, Batch 1350/3348, Loss: 0.2858
2025-10-10 09:03:15,396 [INFO] Época 3/30, Batch 1400/3348, Loss: 0.3819
2025-10-10 09:03:15,664 [INFO] Época 3/30, Batch 1450/3348, Loss: 0.2987
2025-10-10 09:03:15,930 [INFO] Época 3/30, Batch 1500/3348, Loss: 0.3593
2025-10-10 09:03:16,198 [INFO] Época 3/30, Batch 1550/3348, Loss: 0.4820
2025-10-10 09:03:16,464 [INFO] Época 3/30, Batch 1600/3348, Loss: 0.2515
2025-10-10 09:03:16,722 [INFO] Época 3/30, Batch 1650/3348, Loss: 0.5229
2025-10-10 09:03:16,980 [INFO] Época 3/30, Batch 1700/3348, Loss: 0.2007
2025-10-10 09:03:17,243 [INFO] Época 3/30, Batch 1750/3348, Loss: 0.5408
2025-10-10 09:03:17,512 [INFO] Época 3/30, Batch 1800/3348, Loss: 0.3572
2025-10-10 09:03:17,781 [INFO] Época 3/30, Batch 1850/3348, Loss: 0.5610
2025-10-10 09:03:18,054 [INFO] Época 3/30, Batch 1900/3348, Loss: 0.4000
2025-10-10 09:03:18,322 [INFO] Época 3/30, Batch 1950/3348, Loss: 0.3904
2025-10-10 09:03:18,588 [INFO] Época 3/30, Batch 2000/3348, Loss: 0.3967
2025-10-10 09:03:18,854 [INFO] Época 3/30, Batch 2050/3348, Loss: 0.4477
2025-10-10 09:03:19,121 [INFO] Época 3/30, Batch 2100/3348, Loss: 0.4042
2025-10-10 09:03:19,390 [INFO] Época 3/30, Batch 2150/3348, Loss: 0.4944
2025-10-10 09:03:19,657 [INFO] Época 3/30, Batch 2200/3348, Loss: 0.4415
2025-10-10 09:03:19,914 [INFO] Época 3/30, Batch 2250/3348, Loss: 0.3494
2025-10-10 09:03:20,171 [INFO] Época 3/30, Batch 2300/3348, Loss: 0.3227
2025-10-10 09:03:20,431 [INFO] Época 3/30, Batch 2350/3348, Loss: 0.2744
2025-10-10 09:03:20,690 [INFO] Época 3/30, Batch 2400/3348, Loss: 0.4733
2025-10-10 09:03:20,956 [INFO] Época 3/30, Batch 2450/3348, Loss: 0.3790
2025-10-10 09:03:21,223 [INFO] Época 3/30, Batch 2500/3348, Loss: 0.4358
2025-10-10 09:03:21,490 [INFO] Época 3/30, Batch 2550/3348, Loss: 0.5490
2025-10-10 09:03:21,754 [INFO] Época 3/30, Batch 2600/3348, Loss: 0.4302
2025-10-10 09:03:22,012 [INFO] Época 3/30, Batch 2650/3348, Loss: 0.5362
2025-10-10 09:03:22,272 [INFO] Época 3/30, Batch 2700/3348, Loss: 0.3781
2025-10-10 09:03:22,543 [INFO] Época 3/30, Batch 2750/3348, Loss: 0.4014
2025-10-10 09:03:22,812 [INFO] Época 3/30, Batch 2800/3348, Loss: 0.2718
2025-10-10 09:03:23,082 [INFO] Época 3/30, Batch 2850/3348, Loss: 0.3920
2025-10-10 09:03:23,351 [INFO] Época 3/30, Batch 2900/3348, Loss: 0.2323
2025-10-10 09:03:23,620 [INFO] Época 3/30, Batch 2950/3348, Loss: 0.5299
2025-10-10 09:03:23,889 [INFO] Época 3/30, Batch 3000/3348, Loss: 0.5524
2025-10-10 09:03:24,153 [INFO] Época 3/30, Batch 3050/3348, Loss: 0.3970
2025-10-10 09:03:24,411 [INFO] Época 3/30, Batch 3100/3348, Loss: 0.3829
2025-10-10 09:03:24,669 [INFO] Época 3/30, Batch 3150/3348, Loss: 0.4355
2025-10-10 09:03:24,928 [INFO] Época 3/30, Batch 3200/3348, Loss: 0.4217
2025-10-10 09:03:25,189 [INFO] Época 3/30, Batch 3250/3348, Loss: 0.3418
2025-10-10 09:03:25,457 [INFO] Época 3/30, Batch 3300/3348, Loss: 0.4871
2025-10-10 09:03:27,201 [INFO] [3/30] Train Loss: 0.3858 | Val Loss: 0.2606 | Tempo: 19.45s
2025-10-10 09:03:27,754 [INFO] Época 4/30, Batch 50/3348, Loss: 0.2523
2025-10-10 09:03:28,015 [INFO] Época 4/30, Batch 100/3348, Loss: 0.5478
2025-10-10 09:03:28,283 [INFO] Época 4/30, Batch 150/3348, Loss: 0.5541
2025-10-10 09:03:28,539 [INFO] Época 4/30, Batch 200/3348, Loss: 0.3814
2025-10-10 09:03:28,806 [INFO] Época 4/30, Batch 250/3348, Loss: 0.3317
2025-10-10 09:03:29,081 [INFO] Época 4/30, Batch 300/3348, Loss: 0.4150
2025-10-10 09:03:29,340 [INFO] Época 4/30, Batch 350/3348, Loss: 0.5223
2025-10-10 09:03:29,599 [INFO] Época 4/30, Batch 400/3348, Loss: 0.2618
2025-10-10 09:03:29,855 [INFO] Época 4/30, Batch 450/3348, Loss: 0.4419
2025-10-10 09:03:30,113 [INFO] Época 4/30, Batch 500/3348, Loss: 0.2872
2025-10-10 09:03:30,379 [INFO] Época 4/30, Batch 550/3348, Loss: 0.4375
2025-10-10 09:03:30,636 [INFO] Época 4/30, Batch 600/3348, Loss: 0.3221
2025-10-10 09:03:30,894 [INFO] Época 4/30, Batch 650/3348, Loss: 0.4149
2025-10-10 09:03:31,150 [INFO] Época 4/30, Batch 700/3348, Loss: 0.3856
2025-10-10 09:03:31,410 [INFO] Época 4/30, Batch 750/3348, Loss: 0.3955
2025-10-10 09:03:31,669 [INFO] Época 4/30, Batch 800/3348, Loss: 0.3066
2025-10-10 09:03:31,927 [INFO] Época 4/30, Batch 850/3348, Loss: 0.5815
2025-10-10 09:03:32,184 [INFO] Época 4/30, Batch 900/3348, Loss: 0.2906
2025-10-10 09:03:32,433 [INFO] Época 4/30, Batch 950/3348, Loss: 0.3955
2025-10-10 09:03:32,683 [INFO] Época 4/30, Batch 1000/3348, Loss: 0.6619
2025-10-10 09:03:32,932 [INFO] Época 4/30, Batch 1050/3348, Loss: 0.4456
2025-10-10 09:03:33,179 [INFO] Época 4/30, Batch 1100/3348, Loss: 0.2616
2025-10-10 09:03:33,430 [INFO] Época 4/30, Batch 1150/3348, Loss: 0.4390
2025-10-10 09:03:33,678 [INFO] Época 4/30, Batch 1200/3348, Loss: 0.3278
2025-10-10 09:03:33,925 [INFO] Época 4/30, Batch 1250/3348, Loss: 0.2253
2025-10-10 09:03:34,178 [INFO] Época 4/30, Batch 1300/3348, Loss: 0.3973
2025-10-10 09:03:34,434 [INFO] Época 4/30, Batch 1350/3348, Loss: 0.2986
2025-10-10 09:03:34,694 [INFO] Época 4/30, Batch 1400/3348, Loss: 0.2751
2025-10-10 09:03:34,953 [INFO] Época 4/30, Batch 1450/3348, Loss: 0.4264
2025-10-10 09:03:35,213 [INFO] Época 4/30, Batch 1500/3348, Loss: 0.2434
2025-10-10 09:03:35,473 [INFO] Época 4/30, Batch 1550/3348, Loss: 0.3753
2025-10-10 09:03:35,743 [INFO] Época 4/30, Batch 1600/3348, Loss: 0.2470
2025-10-10 09:03:36,019 [INFO] Época 4/30, Batch 1650/3348, Loss: 0.2137
2025-10-10 09:03:36,284 [INFO] Época 4/30, Batch 1700/3348, Loss: 0.5013
2025-10-10 09:03:36,543 [INFO] Época 4/30, Batch 1750/3348, Loss: 0.2529
2025-10-10 09:03:36,802 [INFO] Época 4/30, Batch 1800/3348, Loss: 0.4794
2025-10-10 09:03:37,062 [INFO] Época 4/30, Batch 1850/3348, Loss: 0.4242
2025-10-10 09:03:37,319 [INFO] Época 4/30, Batch 1900/3348, Loss: 0.5062
2025-10-10 09:03:37,578 [INFO] Época 4/30, Batch 1950/3348, Loss: 0.3682
2025-10-10 09:03:37,831 [INFO] Época 4/30, Batch 2000/3348, Loss: 0.3585
2025-10-10 09:03:38,079 [INFO] Época 4/30, Batch 2050/3348, Loss: 0.4236
2025-10-10 09:03:38,329 [INFO] Época 4/30, Batch 2100/3348, Loss: 0.3525
2025-10-10 09:03:38,585 [INFO] Época 4/30, Batch 2150/3348, Loss: 0.4710
2025-10-10 09:03:38,839 [INFO] Época 4/30, Batch 2200/3348, Loss: 0.3007
2025-10-10 09:03:39,092 [INFO] Época 4/30, Batch 2250/3348, Loss: 0.5348
2025-10-10 09:03:39,345 [INFO] Época 4/30, Batch 2300/3348, Loss: 0.3339
2025-10-10 09:03:39,598 [INFO] Época 4/30, Batch 2350/3348, Loss: 0.4061
2025-10-10 09:03:39,851 [INFO] Época 4/30, Batch 2400/3348, Loss: 0.3729
2025-10-10 09:03:40,103 [INFO] Época 4/30, Batch 2450/3348, Loss: 0.3563
2025-10-10 09:03:40,352 [INFO] Época 4/30, Batch 2500/3348, Loss: 0.2486
2025-10-10 09:03:40,603 [INFO] Época 4/30, Batch 2550/3348, Loss: 0.3689
2025-10-10 09:03:40,850 [INFO] Época 4/30, Batch 2600/3348, Loss: 0.2748
2025-10-10 09:03:41,099 [INFO] Época 4/30, Batch 2650/3348, Loss: 0.5136
2025-10-10 09:03:41,347 [INFO] Época 4/30, Batch 2700/3348, Loss: 0.5686
2025-10-10 09:03:41,595 [INFO] Época 4/30, Batch 2750/3348, Loss: 0.3777
2025-10-10 09:03:41,840 [INFO] Época 4/30, Batch 2800/3348, Loss: 0.4926
2025-10-10 09:03:42,090 [INFO] Época 4/30, Batch 2850/3348, Loss: 0.3315
2025-10-10 09:03:42,336 [INFO] Época 4/30, Batch 2900/3348, Loss: 0.4378
2025-10-10 09:03:42,586 [INFO] Época 4/30, Batch 2950/3348, Loss: 0.4444
2025-10-10 09:03:42,834 [INFO] Época 4/30, Batch 3000/3348, Loss: 0.4293
2025-10-10 09:03:43,082 [INFO] Época 4/30, Batch 3050/3348, Loss: 0.3358
2025-10-10 09:03:43,331 [INFO] Época 4/30, Batch 3100/3348, Loss: 0.3633
2025-10-10 09:03:43,589 [INFO] Época 4/30, Batch 3150/3348, Loss: 0.3497
2025-10-10 09:03:43,841 [INFO] Época 4/30, Batch 3200/3348, Loss: 0.2997
2025-10-10 09:03:44,094 [INFO] Época 4/30, Batch 3250/3348, Loss: 0.1462
2025-10-10 09:03:44,347 [INFO] Época 4/30, Batch 3300/3348, Loss: 0.4194
2025-10-10 09:03:46,156 [INFO] [4/30] Train Loss: 0.3823 | Val Loss: 0.2556 | Tempo: 18.95s
2025-10-10 09:03:46,160 [INFO] Melhor modelo salvo em: /mnt/hdd/home/jdurao/ToolBox-ChemXAI/models/mlp_qm9_EState_att11_large.pth
2025-10-10 09:03:46,718 [INFO] Época 5/30, Batch 50/3348, Loss: 0.4888
2025-10-10 09:03:46,987 [INFO] Época 5/30, Batch 100/3348, Loss: 0.3122
2025-10-10 09:03:47,254 [INFO] Época 5/30, Batch 150/3348, Loss: 0.3467
2025-10-10 09:03:47,520 [INFO] Época 5/30, Batch 200/3348, Loss: 0.4746
2025-10-10 09:03:47,783 [INFO] Época 5/30, Batch 250/3348, Loss: 0.4701
2025-10-10 09:03:48,048 [INFO] Época 5/30, Batch 300/3348, Loss: 0.4580
2025-10-10 09:03:48,310 [INFO] Época 5/30, Batch 350/3348, Loss: 0.2765
2025-10-10 09:03:48,573 [INFO] Época 5/30, Batch 400/3348, Loss: 0.5268
2025-10-10 09:03:48,851 [INFO] Época 5/30, Batch 450/3348, Loss: 0.6513
2025-10-10 09:03:49,112 [INFO] Época 5/30, Batch 500/3348, Loss: 0.3287
2025-10-10 09:03:49,375 [INFO] Época 5/30, Batch 550/3348, Loss: 0.3726
2025-10-10 09:03:49,635 [INFO] Época 5/30, Batch 600/3348, Loss: 0.4869
2025-10-10 09:03:49,898 [INFO] Época 5/30, Batch 650/3348, Loss: 0.3747
2025-10-10 09:03:50,164 [INFO] Época 5/30, Batch 700/3348, Loss: 0.4251
2025-10-10 09:03:50,417 [INFO] Época 5/30, Batch 750/3348, Loss: 0.3895
2025-10-10 09:03:50,671 [INFO] Época 5/30, Batch 800/3348, Loss: 0.5319
2025-10-10 09:03:50,944 [INFO] Época 5/30, Batch 850/3348, Loss: 0.3437
2025-10-10 09:03:51,207 [INFO] Época 5/30, Batch 900/3348, Loss: 0.4104
2025-10-10 09:03:51,470 [INFO] Época 5/30, Batch 950/3348, Loss: 0.3259
2025-10-10 09:03:51,732 [INFO] Época 5/30, Batch 1000/3348, Loss: 0.4890
2025-10-10 09:03:51,993 [INFO] Época 5/30, Batch 1050/3348, Loss: 0.3320
2025-10-10 09:03:52,255 [INFO] Época 5/30, Batch 1100/3348, Loss: 0.5570
2025-10-10 09:03:52,518 [INFO] Época 5/30, Batch 1150/3348, Loss: 0.3554
2025-10-10 09:03:52,782 [INFO] Época 5/30, Batch 1200/3348, Loss: 0.4406
2025-10-10 09:03:53,044 [INFO] Época 5/30, Batch 1250/3348, Loss: 0.3089
2025-10-10 09:03:53,312 [INFO] Época 5/30, Batch 1300/3348, Loss: 0.6538
2025-10-10 09:03:53,573 [INFO] Época 5/30, Batch 1350/3348, Loss: 0.3565
2025-10-10 09:03:53,830 [INFO] Época 5/30, Batch 1400/3348, Loss: 0.2730
2025-10-10 09:03:54,091 [INFO] Época 5/30, Batch 1450/3348, Loss: 0.3669
2025-10-10 09:03:54,347 [INFO] Época 5/30, Batch 1500/3348, Loss: 0.2995
2025-10-10 09:03:54,605 [INFO] Época 5/30, Batch 1550/3348, Loss: 0.2141
2025-10-10 09:03:54,862 [INFO] Época 5/30, Batch 1600/3348, Loss: 0.3257
2025-10-10 09:03:55,120 [INFO] Época 5/30, Batch 1650/3348, Loss: 0.4120
2025-10-10 09:03:55,378 [INFO] Época 5/30, Batch 1700/3348, Loss: 0.3958
2025-10-10 09:03:55,633 [INFO] Época 5/30, Batch 1750/3348, Loss: 0.3051
2025-10-10 09:03:55,889 [INFO] Época 5/30, Batch 1800/3348, Loss: 0.2728
2025-10-10 09:03:56,147 [INFO] Época 5/30, Batch 1850/3348, Loss: 0.4665
2025-10-10 09:03:56,405 [INFO] Época 5/30, Batch 1900/3348, Loss: 0.4823
2025-10-10 09:03:56,665 [INFO] Época 5/30, Batch 1950/3348, Loss: 0.3288
2025-10-10 09:03:56,927 [INFO] Época 5/30, Batch 2000/3348, Loss: 0.3184
2025-10-10 09:03:57,183 [INFO] Época 5/30, Batch 2050/3348, Loss: 0.4491
2025-10-10 09:03:57,435 [INFO] Época 5/30, Batch 2100/3348, Loss: 0.3130
2025-10-10 09:03:57,689 [INFO] Época 5/30, Batch 2150/3348, Loss: 0.3275
2025-10-10 09:03:57,942 [INFO] Época 5/30, Batch 2200/3348, Loss: 0.2125
2025-10-10 09:03:58,195 [INFO] Época 5/30, Batch 2250/3348, Loss: 0.6071
2025-10-10 09:03:58,449 [INFO] Época 5/30, Batch 2300/3348, Loss: 0.2784
2025-10-10 09:03:58,703 [INFO] Época 5/30, Batch 2350/3348, Loss: 0.4390
2025-10-10 09:03:58,956 [INFO] Época 5/30, Batch 2400/3348, Loss: 0.5116
2025-10-10 09:03:59,208 [INFO] Época 5/30, Batch 2450/3348, Loss: 0.2644
2025-10-10 09:03:59,461 [INFO] Época 5/30, Batch 2500/3348, Loss: 0.4106
2025-10-10 09:03:59,715 [INFO] Época 5/30, Batch 2550/3348, Loss: 0.3878
2025-10-10 09:03:59,967 [INFO] Época 5/30, Batch 2600/3348, Loss: 0.5417
2025-10-10 09:04:00,222 [INFO] Época 5/30, Batch 2650/3348, Loss: 0.1928
2025-10-10 09:04:00,491 [INFO] Época 5/30, Batch 2700/3348, Loss: 0.4030
2025-10-10 09:04:00,762 [INFO] Época 5/30, Batch 2750/3348, Loss: 0.3874
2025-10-10 09:04:01,032 [INFO] Época 5/30, Batch 2800/3348, Loss: 0.4462
2025-10-10 09:04:01,304 [INFO] Época 5/30, Batch 2850/3348, Loss: 0.3057
2025-10-10 09:04:01,574 [INFO] Época 5/30, Batch 2900/3348, Loss: 0.2650
2025-10-10 09:04:01,839 [INFO] Época 5/30, Batch 2950/3348, Loss: 0.5120
2025-10-10 09:04:02,092 [INFO] Época 5/30, Batch 3000/3348, Loss: 0.3124
2025-10-10 09:04:02,346 [INFO] Época 5/30, Batch 3050/3348, Loss: 0.4465
2025-10-10 09:04:02,599 [INFO] Época 5/30, Batch 3100/3348, Loss: 0.4160
2025-10-10 09:04:02,852 [INFO] Época 5/30, Batch 3150/3348, Loss: 0.3383
2025-10-10 09:04:03,105 [INFO] Época 5/30, Batch 3200/3348, Loss: 0.2997
2025-10-10 09:04:03,359 [INFO] Época 5/30, Batch 3250/3348, Loss: 0.4995
2025-10-10 09:04:03,612 [INFO] Época 5/30, Batch 3300/3348, Loss: 0.3957
2025-10-10 09:04:05,471 [INFO] [5/30] Train Loss: 0.3798 | Val Loss: 0.2607 | Tempo: 19.31s
2025-10-10 09:04:06,037 [INFO] Época 6/30, Batch 50/3348, Loss: 0.3156
2025-10-10 09:04:06,298 [INFO] Época 6/30, Batch 100/3348, Loss: 0.4030
2025-10-10 09:04:06,557 [INFO] Época 6/30, Batch 150/3348, Loss: 0.4680
2025-10-10 09:04:06,819 [INFO] Época 6/30, Batch 200/3348, Loss: 0.2774
2025-10-10 09:04:07,079 [INFO] Época 6/30, Batch 250/3348, Loss: 0.3710
2025-10-10 09:04:07,337 [INFO] Época 6/30, Batch 300/3348, Loss: 0.4238
2025-10-10 09:04:07,596 [INFO] Época 6/30, Batch 350/3348, Loss: 0.2742
2025-10-10 09:04:07,856 [INFO] Época 6/30, Batch 400/3348, Loss: 0.3718
2025-10-10 09:04:08,115 [INFO] Época 6/30, Batch 450/3348, Loss: 0.2308
2025-10-10 09:04:08,375 [INFO] Época 6/30, Batch 500/3348, Loss: 0.3505
2025-10-10 09:04:08,634 [INFO] Época 6/30, Batch 550/3348, Loss: 0.3206
2025-10-10 09:04:08,891 [INFO] Época 6/30, Batch 600/3348, Loss: 0.2402
2025-10-10 09:04:09,148 [INFO] Época 6/30, Batch 650/3348, Loss: 0.3812
2025-10-10 09:04:09,408 [INFO] Época 6/30, Batch 700/3348, Loss: 0.3448
2025-10-10 09:04:09,658 [INFO] Época 6/30, Batch 750/3348, Loss: 0.4924
2025-10-10 09:04:09,905 [INFO] Época 6/30, Batch 800/3348, Loss: 0.2643
2025-10-10 09:04:10,154 [INFO] Época 6/30, Batch 850/3348, Loss: 0.3676
2025-10-10 09:04:10,403 [INFO] Época 6/30, Batch 900/3348, Loss: 0.3551
2025-10-10 09:04:10,650 [INFO] Época 6/30, Batch 950/3348, Loss: 0.4733
2025-10-10 09:04:10,900 [INFO] Época 6/30, Batch 1000/3348, Loss: 0.1784
2025-10-10 09:04:11,148 [INFO] Época 6/30, Batch 1050/3348, Loss: 0.4177
2025-10-10 09:04:11,394 [INFO] Época 6/30, Batch 1100/3348, Loss: 0.3798
2025-10-10 09:04:11,641 [INFO] Época 6/30, Batch 1150/3348, Loss: 0.5741
2025-10-10 09:04:11,889 [INFO] Época 6/30, Batch 1200/3348, Loss: 0.4815
2025-10-10 09:04:12,139 [INFO] Época 6/30, Batch 1250/3348, Loss: 0.3943
2025-10-10 09:04:12,397 [INFO] Época 6/30, Batch 1300/3348, Loss: 0.5152
2025-10-10 09:04:12,653 [INFO] Época 6/30, Batch 1350/3348, Loss: 0.4601
2025-10-10 09:04:12,913 [INFO] Época 6/30, Batch 1400/3348, Loss: 0.4315
2025-10-10 09:04:13,174 [INFO] Época 6/30, Batch 1450/3348, Loss: 0.3090
2025-10-10 09:04:13,437 [INFO] Época 6/30, Batch 1500/3348, Loss: 0.4272
2025-10-10 09:04:13,697 [INFO] Época 6/30, Batch 1550/3348, Loss: 0.2368
2025-10-10 09:04:13,958 [INFO] Época 6/30, Batch 1600/3348, Loss: 0.4875
2025-10-10 09:04:14,216 [INFO] Época 6/30, Batch 1650/3348, Loss: 0.4145
2025-10-10 09:04:14,474 [INFO] Época 6/30, Batch 1700/3348, Loss: 0.2324
2025-10-10 09:04:14,734 [INFO] Época 6/30, Batch 1750/3348, Loss: 0.3480
2025-10-10 09:04:14,990 [INFO] Época 6/30, Batch 1800/3348, Loss: 0.4325
2025-10-10 09:04:15,247 [INFO] Época 6/30, Batch 1850/3348, Loss: 0.2950
2025-10-10 09:04:15,505 [INFO] Época 6/30, Batch 1900/3348, Loss: 0.4241
2025-10-10 09:04:15,763 [INFO] Época 6/30, Batch 1950/3348, Loss: 0.3426
2025-10-10 09:04:16,032 [INFO] Época 6/30, Batch 2000/3348, Loss: 0.3210
2025-10-10 09:04:16,292 [INFO] Época 6/30, Batch 2050/3348, Loss: 0.4096
2025-10-10 09:04:16,548 [INFO] Época 6/30, Batch 2100/3348, Loss: 0.3269
2025-10-10 09:04:16,806 [INFO] Época 6/30, Batch 2150/3348, Loss: 0.2915
2025-10-10 09:04:17,064 [INFO] Época 6/30, Batch 2200/3348, Loss: 0.5585
2025-10-10 09:04:17,326 [INFO] Época 6/30, Batch 2250/3348, Loss: 0.3941
2025-10-10 09:04:17,583 [INFO] Época 6/30, Batch 2300/3348, Loss: 0.2290
2025-10-10 09:04:17,839 [INFO] Época 6/30, Batch 2350/3348, Loss: 0.3176
2025-10-10 09:04:18,095 [INFO] Época 6/30, Batch 2400/3348, Loss: 0.1942
2025-10-10 09:04:18,350 [INFO] Época 6/30, Batch 2450/3348, Loss: 0.3889
2025-10-10 09:04:18,609 [INFO] Época 6/30, Batch 2500/3348, Loss: 0.3438
2025-10-10 09:04:18,868 [INFO] Época 6/30, Batch 2550/3348, Loss: 0.3159
2025-10-10 09:04:19,125 [INFO] Época 6/30, Batch 2600/3348, Loss: 0.3883
2025-10-10 09:04:19,384 [INFO] Época 6/30, Batch 2650/3348, Loss: 0.4139
2025-10-10 09:04:19,640 [INFO] Época 6/30, Batch 2700/3348, Loss: 0.2619
2025-10-10 09:04:19,900 [INFO] Época 6/30, Batch 2750/3348, Loss: 0.2817
2025-10-10 09:04:20,161 [INFO] Época 6/30, Batch 2800/3348, Loss: 0.3837
2025-10-10 09:04:20,418 [INFO] Época 6/30, Batch 2850/3348, Loss: 0.4238
2025-10-10 09:04:20,677 [INFO] Época 6/30, Batch 2900/3348, Loss: 0.3682
2025-10-10 09:04:20,936 [INFO] Época 6/30, Batch 2950/3348, Loss: 0.3538
2025-10-10 09:04:21,198 [INFO] Época 6/30, Batch 3000/3348, Loss: 0.3832
2025-10-10 09:04:21,459 [INFO] Época 6/30, Batch 3050/3348, Loss: 0.3145
2025-10-10 09:04:21,719 [INFO] Época 6/30, Batch 3100/3348, Loss: 0.2805
2025-10-10 09:04:21,977 [INFO] Época 6/30, Batch 3150/3348, Loss: 0.3047
2025-10-10 09:04:22,237 [INFO] Época 6/30, Batch 3200/3348, Loss: 0.3752
2025-10-10 09:04:22,496 [INFO] Época 6/30, Batch 3250/3348, Loss: 0.4648
2025-10-10 09:04:22,755 [INFO] Época 6/30, Batch 3300/3348, Loss: 0.4081
2025-10-10 09:04:24,457 [INFO] [6/30] Train Loss: 0.3776 | Val Loss: 0.2658 | Tempo: 18.99s
2025-10-10 09:04:25,019 [INFO] Época 7/30, Batch 50/3348, Loss: 0.3513
2025-10-10 09:04:25,284 [INFO] Época 7/30, Batch 100/3348, Loss: 0.4267
2025-10-10 09:04:25,548 [INFO] Época 7/30, Batch 150/3348, Loss: 0.4735
2025-10-10 09:04:25,810 [INFO] Época 7/30, Batch 200/3348, Loss: 0.3447
2025-10-10 09:04:26,073 [INFO] Época 7/30, Batch 250/3348, Loss: 0.3140
2025-10-10 09:04:26,333 [INFO] Época 7/30, Batch 300/3348, Loss: 0.3748
2025-10-10 09:04:26,594 [INFO] Época 7/30, Batch 350/3348, Loss: 0.3123
2025-10-10 09:04:26,856 [INFO] Época 7/30, Batch 400/3348, Loss: 0.3602
2025-10-10 09:04:27,119 [INFO] Época 7/30, Batch 450/3348, Loss: 0.3455
2025-10-10 09:04:27,384 [INFO] Época 7/30, Batch 500/3348, Loss: 0.3918
2025-10-10 09:04:27,645 [INFO] Época 7/30, Batch 550/3348, Loss: 0.3639
2025-10-10 09:04:27,913 [INFO] Época 7/30, Batch 600/3348, Loss: 0.4133
2025-10-10 09:04:28,182 [INFO] Época 7/30, Batch 650/3348, Loss: 0.2205
2025-10-10 09:04:28,450 [INFO] Época 7/30, Batch 700/3348, Loss: 0.5590
2025-10-10 09:04:28,716 [INFO] Época 7/30, Batch 750/3348, Loss: 0.3262
2025-10-10 09:04:28,977 [INFO] Época 7/30, Batch 800/3348, Loss: 0.3681
2025-10-10 09:04:29,238 [INFO] Época 7/30, Batch 850/3348, Loss: 0.5206
2025-10-10 09:04:29,499 [INFO] Época 7/30, Batch 900/3348, Loss: 0.4785
2025-10-10 09:04:29,761 [INFO] Época 7/30, Batch 950/3348, Loss: 0.2403
2025-10-10 09:04:30,022 [INFO] Época 7/30, Batch 1000/3348, Loss: 0.3157
2025-10-10 09:04:30,282 [INFO] Época 7/30, Batch 1050/3348, Loss: 0.2620
2025-10-10 09:04:30,542 [INFO] Época 7/30, Batch 1100/3348, Loss: 0.5075
2025-10-10 09:04:30,794 [INFO] Época 7/30, Batch 1150/3348, Loss: 0.3612
2025-10-10 09:04:31,045 [INFO] Época 7/30, Batch 1200/3348, Loss: 0.4882
2025-10-10 09:04:31,300 [INFO] Época 7/30, Batch 1250/3348, Loss: 0.3103
2025-10-10 09:04:31,572 [INFO] Época 7/30, Batch 1300/3348, Loss: 0.3695
2025-10-10 09:04:31,832 [INFO] Época 7/30, Batch 1350/3348, Loss: 0.4747
2025-10-10 09:04:32,093 [INFO] Época 7/30, Batch 1400/3348, Loss: 0.3959
2025-10-10 09:04:32,353 [INFO] Época 7/30, Batch 1450/3348, Loss: 0.4422
2025-10-10 09:04:32,615 [INFO] Época 7/30, Batch 1500/3348, Loss: 0.4537
2025-10-10 09:04:32,883 [INFO] Época 7/30, Batch 1550/3348, Loss: 0.2646
2025-10-10 09:04:33,149 [INFO] Época 7/30, Batch 1600/3348, Loss: 0.3797
2025-10-10 09:04:33,416 [INFO] Época 7/30, Batch 1650/3348, Loss: 0.3251
2025-10-10 09:04:33,684 [INFO] Época 7/30, Batch 1700/3348, Loss: 0.3929
2025-10-10 09:04:33,951 [INFO] Época 7/30, Batch 1750/3348, Loss: 0.3797
2025-10-10 09:04:34,219 [INFO] Época 7/30, Batch 1800/3348, Loss: 0.3075
2025-10-10 09:04:34,485 [INFO] Época 7/30, Batch 1850/3348, Loss: 0.3145
2025-10-10 09:04:34,751 [INFO] Época 7/30, Batch 1900/3348, Loss: 0.5687
2025-10-10 09:04:35,019 [INFO] Época 7/30, Batch 1950/3348, Loss: 0.1733
2025-10-10 09:04:35,286 [INFO] Época 7/30, Batch 2000/3348, Loss: 0.2534
2025-10-10 09:04:35,553 [INFO] Época 7/30, Batch 2050/3348, Loss: 0.3536
2025-10-10 09:04:35,815 [INFO] Época 7/30, Batch 2100/3348, Loss: 0.3747
2025-10-10 09:04:36,078 [INFO] Época 7/30, Batch 2150/3348, Loss: 0.3173
2025-10-10 09:04:36,341 [INFO] Época 7/30, Batch 2200/3348, Loss: 0.4792
2025-10-10 09:04:36,613 [INFO] Época 7/30, Batch 2250/3348, Loss: 0.2562
2025-10-10 09:04:36,876 [INFO] Época 7/30, Batch 2300/3348, Loss: 0.4327
2025-10-10 09:04:37,138 [INFO] Época 7/30, Batch 2350/3348, Loss: 0.2346
2025-10-10 09:04:37,398 [INFO] Época 7/30, Batch 2400/3348, Loss: 0.2897
2025-10-10 09:04:37,657 [INFO] Época 7/30, Batch 2450/3348, Loss: 0.5082
2025-10-10 09:04:37,918 [INFO] Época 7/30, Batch 2500/3348, Loss: 0.5036
2025-10-10 09:04:38,182 [INFO] Época 7/30, Batch 2550/3348, Loss: 0.4530
2025-10-10 09:04:38,441 [INFO] Época 7/30, Batch 2600/3348, Loss: 0.4674
2025-10-10 09:04:38,701 [INFO] Época 7/30, Batch 2650/3348, Loss: 0.4508
2025-10-10 09:04:38,963 [INFO] Época 7/30, Batch 2700/3348, Loss: 0.4587
2025-10-10 09:04:39,225 [INFO] Época 7/30, Batch 2750/3348, Loss: 0.4390
2025-10-10 09:04:39,484 [INFO] Época 7/30, Batch 2800/3348, Loss: 0.4335
2025-10-10 09:04:39,746 [INFO] Época 7/30, Batch 2850/3348, Loss: 0.3521
2025-10-10 09:04:40,014 [INFO] Época 7/30, Batch 2900/3348, Loss: 0.3608
2025-10-10 09:04:40,283 [INFO] Época 7/30, Batch 2950/3348, Loss: 0.3699
2025-10-10 09:04:40,553 [INFO] Época 7/30, Batch 3000/3348, Loss: 0.3027
2025-10-10 09:04:40,823 [INFO] Época 7/30, Batch 3050/3348, Loss: 0.3206
2025-10-10 09:04:41,089 [INFO] Época 7/30, Batch 3100/3348, Loss: 0.1733
2025-10-10 09:04:41,358 [INFO] Época 7/30, Batch 3150/3348, Loss: 0.2939
2025-10-10 09:04:41,623 [INFO] Época 7/30, Batch 3200/3348, Loss: 0.3514
2025-10-10 09:04:41,882 [INFO] Época 7/30, Batch 3250/3348, Loss: 0.3937
2025-10-10 09:04:42,145 [INFO] Época 7/30, Batch 3300/3348, Loss: 0.5669
2025-10-10 09:04:43,962 [INFO] [7/30] Train Loss: 0.3762 | Val Loss: 0.2617 | Tempo: 19.50s
2025-10-10 09:04:44,541 [INFO] Época 8/30, Batch 50/3348, Loss: 0.3072
2025-10-10 09:04:44,805 [INFO] Época 8/30, Batch 100/3348, Loss: 0.3441
2025-10-10 09:04:45,067 [INFO] Época 8/30, Batch 150/3348, Loss: 0.3462
2025-10-10 09:04:45,327 [INFO] Época 8/30, Batch 200/3348, Loss: 0.3528
2025-10-10 09:04:45,587 [INFO] Época 8/30, Batch 250/3348, Loss: 0.1564
2025-10-10 09:04:45,851 [INFO] Época 8/30, Batch 300/3348, Loss: 0.3937
2025-10-10 09:04:46,113 [INFO] Época 8/30, Batch 350/3348, Loss: 0.4436
2025-10-10 09:04:46,372 [INFO] Época 8/30, Batch 400/3348, Loss: 0.3427
2025-10-10 09:04:46,632 [INFO] Época 8/30, Batch 450/3348, Loss: 0.2956
2025-10-10 09:04:46,892 [INFO] Época 8/30, Batch 500/3348, Loss: 0.3956
2025-10-10 09:04:47,152 [INFO] Época 8/30, Batch 550/3348, Loss: 0.3810
2025-10-10 09:04:47,415 [INFO] Época 8/30, Batch 600/3348, Loss: 0.3995
2025-10-10 09:04:47,675 [INFO] Época 8/30, Batch 650/3348, Loss: 0.3756
2025-10-10 09:04:47,933 [INFO] Época 8/30, Batch 700/3348, Loss: 0.3256
2025-10-10 09:04:48,192 [INFO] Época 8/30, Batch 750/3348, Loss: 0.2535
2025-10-10 09:04:48,452 [INFO] Época 8/30, Batch 800/3348, Loss: 0.2593
2025-10-10 09:04:48,711 [INFO] Época 8/30, Batch 850/3348, Loss: 0.4925
2025-10-10 09:04:48,972 [INFO] Época 8/30, Batch 900/3348, Loss: 0.3026
2025-10-10 09:04:49,231 [INFO] Época 8/30, Batch 950/3348, Loss: 0.3536
2025-10-10 09:04:49,490 [INFO] Época 8/30, Batch 1000/3348, Loss: 0.1551
2025-10-10 09:04:49,749 [INFO] Época 8/30, Batch 1050/3348, Loss: 0.5117
2025-10-10 09:04:50,005 [INFO] Época 8/30, Batch 1100/3348, Loss: 0.3627
2025-10-10 09:04:50,262 [INFO] Época 8/30, Batch 1150/3348, Loss: 0.3019
2025-10-10 09:04:50,520 [INFO] Época 8/30, Batch 1200/3348, Loss: 0.3218
2025-10-10 09:04:50,778 [INFO] Época 8/30, Batch 1250/3348, Loss: 0.4087
2025-10-10 09:04:51,037 [INFO] Época 8/30, Batch 1300/3348, Loss: 0.2882
2025-10-10 09:04:51,293 [INFO] Época 8/30, Batch 1350/3348, Loss: 0.4069
2025-10-10 09:04:51,550 [INFO] Época 8/30, Batch 1400/3348, Loss: 0.4237
2025-10-10 09:04:51,806 [INFO] Época 8/30, Batch 1450/3348, Loss: 0.4708
2025-10-10 09:04:52,067 [INFO] Época 8/30, Batch 1500/3348, Loss: 0.2652
2025-10-10 09:04:52,325 [INFO] Época 8/30, Batch 1550/3348, Loss: 0.3903
2025-10-10 09:04:52,580 [INFO] Época 8/30, Batch 1600/3348, Loss: 0.2392
2025-10-10 09:04:52,838 [INFO] Época 8/30, Batch 1650/3348, Loss: 0.2486
2025-10-10 09:04:53,095 [INFO] Época 8/30, Batch 1700/3348, Loss: 0.3537
2025-10-10 09:04:53,353 [INFO] Época 8/30, Batch 1750/3348, Loss: 0.4118
2025-10-10 09:04:53,611 [INFO] Época 8/30, Batch 1800/3348, Loss: 0.2950
2025-10-10 09:04:53,868 [INFO] Época 8/30, Batch 1850/3348, Loss: 0.4862
2025-10-10 09:04:54,126 [INFO] Época 8/30, Batch 1900/3348, Loss: 0.2885
2025-10-10 09:04:54,384 [INFO] Época 8/30, Batch 1950/3348, Loss: 0.3919
2025-10-10 09:04:54,642 [INFO] Época 8/30, Batch 2000/3348, Loss: 0.2559
2025-10-10 09:04:54,900 [INFO] Época 8/30, Batch 2050/3348, Loss: 0.3617
2025-10-10 09:04:55,158 [INFO] Época 8/30, Batch 2100/3348, Loss: 0.4505
2025-10-10 09:04:55,415 [INFO] Época 8/30, Batch 2150/3348, Loss: 0.5210
2025-10-10 09:04:55,674 [INFO] Época 8/30, Batch 2200/3348, Loss: 0.4644
2025-10-10 09:04:55,931 [INFO] Época 8/30, Batch 2250/3348, Loss: 0.3011
2025-10-10 09:04:56,189 [INFO] Época 8/30, Batch 2300/3348, Loss: 0.4526
2025-10-10 09:04:56,447 [INFO] Época 8/30, Batch 2350/3348, Loss: 0.3004
2025-10-10 09:04:56,704 [INFO] Época 8/30, Batch 2400/3348, Loss: 0.3306
2025-10-10 09:04:56,961 [INFO] Época 8/30, Batch 2450/3348, Loss: 0.3873
2025-10-10 09:04:57,226 [INFO] Época 8/30, Batch 2500/3348, Loss: 0.2504
2025-10-10 09:04:57,481 [INFO] Época 8/30, Batch 2550/3348, Loss: 0.4257
2025-10-10 09:04:57,740 [INFO] Época 8/30, Batch 2600/3348, Loss: 0.4299
2025-10-10 09:04:57,996 [INFO] Época 8/30, Batch 2650/3348, Loss: 0.4799
2025-10-10 09:04:58,254 [INFO] Época 8/30, Batch 2700/3348, Loss: 0.3078
2025-10-10 09:04:58,511 [INFO] Época 8/30, Batch 2750/3348, Loss: 0.5552
2025-10-10 09:04:58,769 [INFO] Época 8/30, Batch 2800/3348, Loss: 0.2301
2025-10-10 09:04:59,027 [INFO] Época 8/30, Batch 2850/3348, Loss: 0.4314
2025-10-10 09:04:59,285 [INFO] Época 8/30, Batch 2900/3348, Loss: 0.3313
2025-10-10 09:04:59,545 [INFO] Época 8/30, Batch 2950/3348, Loss: 0.2830
2025-10-10 09:04:59,803 [INFO] Época 8/30, Batch 3000/3348, Loss: 0.2985
2025-10-10 09:05:00,065 [INFO] Época 8/30, Batch 3050/3348, Loss: 0.2286
2025-10-10 09:05:00,325 [INFO] Época 8/30, Batch 3100/3348, Loss: 0.1992
2025-10-10 09:05:00,585 [INFO] Época 8/30, Batch 3150/3348, Loss: 0.2603
2025-10-10 09:05:00,845 [INFO] Época 8/30, Batch 3200/3348, Loss: 0.3073
2025-10-10 09:05:01,104 [INFO] Época 8/30, Batch 3250/3348, Loss: 0.4820
2025-10-10 09:05:01,360 [INFO] Época 8/30, Batch 3300/3348, Loss: 0.1451
2025-10-10 09:05:03,216 [INFO] [8/30] Train Loss: 0.3748 | Val Loss: 0.2568 | Tempo: 19.25s
2025-10-10 09:05:03,783 [INFO] Época 9/30, Batch 50/3348, Loss: 0.3961
2025-10-10 09:05:04,047 [INFO] Época 9/30, Batch 100/3348, Loss: 0.4706
2025-10-10 09:05:04,308 [INFO] Época 9/30, Batch 150/3348, Loss: 0.3675
2025-10-10 09:05:04,566 [INFO] Época 9/30, Batch 200/3348, Loss: 0.1351
2025-10-10 09:05:04,825 [INFO] Época 9/30, Batch 250/3348, Loss: 0.3792
2025-10-10 09:05:05,085 [INFO] Época 9/30, Batch 300/3348, Loss: 0.2956
2025-10-10 09:05:05,343 [INFO] Época 9/30, Batch 350/3348, Loss: 0.3234
2025-10-10 09:05:05,601 [INFO] Época 9/30, Batch 400/3348, Loss: 0.3982
2025-10-10 09:05:05,858 [INFO] Época 9/30, Batch 450/3348, Loss: 0.3680
2025-10-10 09:05:06,117 [INFO] Época 9/30, Batch 500/3348, Loss: 0.4641
2025-10-10 09:05:06,376 [INFO] Época 9/30, Batch 550/3348, Loss: 0.3150
2025-10-10 09:05:06,636 [INFO] Época 9/30, Batch 600/3348, Loss: 0.3704
2025-10-10 09:05:06,894 [INFO] Época 9/30, Batch 650/3348, Loss: 0.2677
2025-10-10 09:05:07,150 [INFO] Época 9/30, Batch 700/3348, Loss: 0.4052
2025-10-10 09:05:07,408 [INFO] Época 9/30, Batch 750/3348, Loss: 0.3376
2025-10-10 09:05:07,665 [INFO] Época 9/30, Batch 800/3348, Loss: 0.3278
2025-10-10 09:05:07,924 [INFO] Época 9/30, Batch 850/3348, Loss: 0.2874
2025-10-10 09:05:08,180 [INFO] Época 9/30, Batch 900/3348, Loss: 0.5132
2025-10-10 09:05:08,437 [INFO] Época 9/30, Batch 950/3348, Loss: 0.4938
2025-10-10 09:05:08,703 [INFO] Época 9/30, Batch 1000/3348, Loss: 0.3158
2025-10-10 09:05:08,967 [INFO] Época 9/30, Batch 1050/3348, Loss: 0.2875
2025-10-10 09:05:09,231 [INFO] Época 9/30, Batch 1100/3348, Loss: 0.2216
2025-10-10 09:05:09,492 [INFO] Época 9/30, Batch 1150/3348, Loss: 0.2602
2025-10-10 09:05:09,756 [INFO] Época 9/30, Batch 1200/3348, Loss: 0.3019
2025-10-10 09:05:10,020 [INFO] Época 9/30, Batch 1250/3348, Loss: 0.4569
2025-10-10 09:05:10,280 [INFO] Época 9/30, Batch 1300/3348, Loss: 0.5138
2025-10-10 09:05:10,539 [INFO] Época 9/30, Batch 1350/3348, Loss: 0.2647
2025-10-10 09:05:10,797 [INFO] Época 9/30, Batch 1400/3348, Loss: 0.2577
2025-10-10 09:05:11,059 [INFO] Época 9/30, Batch 1450/3348, Loss: 0.4374
2025-10-10 09:05:11,321 [INFO] Época 9/30, Batch 1500/3348, Loss: 0.2484
2025-10-10 09:05:11,581 [INFO] Época 9/30, Batch 1550/3348, Loss: 0.4522
2025-10-10 09:05:11,842 [INFO] Época 9/30, Batch 1600/3348, Loss: 0.3246
2025-10-10 09:05:12,104 [INFO] Época 9/30, Batch 1650/3348, Loss: 0.4466
2025-10-10 09:05:12,367 [INFO] Época 9/30, Batch 1700/3348, Loss: 0.3001
2025-10-10 09:05:12,627 [INFO] Época 9/30, Batch 1750/3348, Loss: 0.4024
2025-10-10 09:05:12,887 [INFO] Época 9/30, Batch 1800/3348, Loss: 0.2888
2025-10-10 09:05:13,145 [INFO] Época 9/30, Batch 1850/3348, Loss: 0.3454
2025-10-10 09:05:13,402 [INFO] Época 9/30, Batch 1900/3348, Loss: 0.3345
2025-10-10 09:05:13,659 [INFO] Época 9/30, Batch 1950/3348, Loss: 0.2685
2025-10-10 09:05:13,918 [INFO] Época 9/30, Batch 2000/3348, Loss: 0.2375
2025-10-10 09:05:14,176 [INFO] Época 9/30, Batch 2050/3348, Loss: 0.3779
2025-10-10 09:05:14,433 [INFO] Época 9/30, Batch 2100/3348, Loss: 0.4154
2025-10-10 09:05:14,690 [INFO] Época 9/30, Batch 2150/3348, Loss: 0.2714
2025-10-10 09:05:14,948 [INFO] Época 9/30, Batch 2200/3348, Loss: 0.3531
2025-10-10 09:05:15,207 [INFO] Época 9/30, Batch 2250/3348, Loss: 0.2943
2025-10-10 09:05:15,463 [INFO] Época 9/30, Batch 2300/3348, Loss: 0.5128
2025-10-10 09:05:15,722 [INFO] Época 9/30, Batch 2350/3348, Loss: 0.5053
2025-10-10 09:05:15,981 [INFO] Época 9/30, Batch 2400/3348, Loss: 0.3080
2025-10-10 09:05:16,239 [INFO] Época 9/30, Batch 2450/3348, Loss: 0.2705
2025-10-10 09:05:16,498 [INFO] Época 9/30, Batch 2500/3348, Loss: 0.2919
2025-10-10 09:05:16,755 [INFO] Época 9/30, Batch 2550/3348, Loss: 0.1955
2025-10-10 09:05:17,013 [INFO] Época 9/30, Batch 2600/3348, Loss: 0.3580
2025-10-10 09:05:17,272 [INFO] Época 9/30, Batch 2650/3348, Loss: 0.3465
2025-10-10 09:05:17,529 [INFO] Época 9/30, Batch 2700/3348, Loss: 0.1928
2025-10-10 09:05:17,785 [INFO] Época 9/30, Batch 2750/3348, Loss: 0.4297
2025-10-10 09:05:18,044 [INFO] Época 9/30, Batch 2800/3348, Loss: 0.4554
2025-10-10 09:05:18,302 [INFO] Época 9/30, Batch 2850/3348, Loss: 0.4516
2025-10-10 09:05:18,558 [INFO] Época 9/30, Batch 2900/3348, Loss: 0.4000
2025-10-10 09:05:18,816 [INFO] Época 9/30, Batch 2950/3348, Loss: 0.4237
2025-10-10 09:05:19,083 [INFO] Época 9/30, Batch 3000/3348, Loss: 0.3523
2025-10-10 09:05:19,341 [INFO] Época 9/30, Batch 3050/3348, Loss: 0.5738
2025-10-10 09:05:19,600 [INFO] Época 9/30, Batch 3100/3348, Loss: 0.3350
2025-10-10 09:05:19,857 [INFO] Época 9/30, Batch 3150/3348, Loss: 0.2760
2025-10-10 09:05:20,116 [INFO] Época 9/30, Batch 3200/3348, Loss: 0.4590
2025-10-10 09:05:20,375 [INFO] Época 9/30, Batch 3250/3348, Loss: 0.3975
2025-10-10 09:05:20,635 [INFO] Época 9/30, Batch 3300/3348, Loss: 0.4376
2025-10-10 09:05:22,342 [INFO] [9/30] Train Loss: 0.3730 | Val Loss: 0.2569 | Tempo: 19.13s
2025-10-10 09:05:22,885 [INFO] Época 10/30, Batch 50/3348, Loss: 0.3941
2025-10-10 09:05:23,150 [INFO] Época 10/30, Batch 100/3348, Loss: 0.3668
2025-10-10 09:05:23,411 [INFO] Época 10/30, Batch 150/3348, Loss: 0.3245
2025-10-10 09:05:23,670 [INFO] Época 10/30, Batch 200/3348, Loss: 0.3561
2025-10-10 09:05:23,931 [INFO] Época 10/30, Batch 250/3348, Loss: 0.3580
2025-10-10 09:05:24,201 [INFO] Época 10/30, Batch 300/3348, Loss: 0.2021
2025-10-10 09:05:24,463 [INFO] Época 10/30, Batch 350/3348, Loss: 0.3408
2025-10-10 09:05:24,722 [INFO] Época 10/30, Batch 400/3348, Loss: 0.2669
2025-10-10 09:05:24,981 [INFO] Época 10/30, Batch 450/3348, Loss: 0.2665
2025-10-10 09:05:25,239 [INFO] Época 10/30, Batch 500/3348, Loss: 0.4334
2025-10-10 09:05:25,497 [INFO] Época 10/30, Batch 550/3348, Loss: 0.3838
2025-10-10 09:05:25,756 [INFO] Época 10/30, Batch 600/3348, Loss: 0.5497
2025-10-10 09:05:26,012 [INFO] Época 10/30, Batch 650/3348, Loss: 0.5056
2025-10-10 09:05:26,269 [INFO] Época 10/30, Batch 700/3348, Loss: 0.2733
2025-10-10 09:05:26,526 [INFO] Época 10/30, Batch 750/3348, Loss: 0.4919
2025-10-10 09:05:26,783 [INFO] Época 10/30, Batch 800/3348, Loss: 0.5016
2025-10-10 09:05:27,041 [INFO] Época 10/30, Batch 850/3348, Loss: 0.3750
2025-10-10 09:05:27,297 [INFO] Época 10/30, Batch 900/3348, Loss: 0.2297
2025-10-10 09:05:27,553 [INFO] Época 10/30, Batch 950/3348, Loss: 0.6098
2025-10-10 09:05:27,810 [INFO] Época 10/30, Batch 1000/3348, Loss: 0.3565
2025-10-10 09:05:28,067 [INFO] Época 10/30, Batch 1050/3348, Loss: 0.3614
2025-10-10 09:05:28,323 [INFO] Época 10/30, Batch 1100/3348, Loss: 0.3885
2025-10-10 09:05:28,582 [INFO] Época 10/30, Batch 1150/3348, Loss: 0.3976
2025-10-10 09:05:28,841 [INFO] Época 10/30, Batch 1200/3348, Loss: 0.4141
2025-10-10 09:05:29,101 [INFO] Época 10/30, Batch 1250/3348, Loss: 0.3727
2025-10-10 09:05:29,363 [INFO] Época 10/30, Batch 1300/3348, Loss: 0.2900
2025-10-10 09:05:29,622 [INFO] Época 10/30, Batch 1350/3348, Loss: 0.1999
2025-10-10 09:05:29,883 [INFO] Época 10/30, Batch 1400/3348, Loss: 0.3382
2025-10-10 09:05:30,142 [INFO] Época 10/30, Batch 1450/3348, Loss: 0.3400
2025-10-10 09:05:30,401 [INFO] Época 10/30, Batch 1500/3348, Loss: 0.2619
2025-10-10 09:05:30,660 [INFO] Época 10/30, Batch 1550/3348, Loss: 0.3435
2025-10-10 09:05:30,920 [INFO] Época 10/30, Batch 1600/3348, Loss: 0.2949
2025-10-10 09:05:31,181 [INFO] Época 10/30, Batch 1650/3348, Loss: 0.4354
2025-10-10 09:05:31,441 [INFO] Época 10/30, Batch 1700/3348, Loss: 0.3311
2025-10-10 09:05:31,701 [INFO] Época 10/30, Batch 1750/3348, Loss: 0.4029
2025-10-10 09:05:31,959 [INFO] Época 10/30, Batch 1800/3348, Loss: 0.3715
2025-10-10 09:05:32,218 [INFO] Época 10/30, Batch 1850/3348, Loss: 0.3264
2025-10-10 09:05:32,479 [INFO] Época 10/30, Batch 1900/3348, Loss: 0.4163
2025-10-10 09:05:32,739 [INFO] Época 10/30, Batch 1950/3348, Loss: 0.3991
2025-10-10 09:05:32,996 [INFO] Época 10/30, Batch 2000/3348, Loss: 0.3097
2025-10-10 09:05:33,255 [INFO] Época 10/30, Batch 2050/3348, Loss: 0.3575
2025-10-10 09:05:33,513 [INFO] Época 10/30, Batch 2100/3348, Loss: 0.3503
2025-10-10 09:05:33,773 [INFO] Época 10/30, Batch 2150/3348, Loss: 0.4321
2025-10-10 09:05:34,031 [INFO] Época 10/30, Batch 2200/3348, Loss: 0.3158
2025-10-10 09:05:34,288 [INFO] Época 10/30, Batch 2250/3348, Loss: 0.3130
2025-10-10 09:05:34,556 [INFO] Época 10/30, Batch 2300/3348, Loss: 0.5417
2025-10-10 09:05:34,813 [INFO] Época 10/30, Batch 2350/3348, Loss: 0.5025
2025-10-10 09:05:35,074 [INFO] Época 10/30, Batch 2400/3348, Loss: 0.3115
2025-10-10 09:05:35,333 [INFO] Época 10/30, Batch 2450/3348, Loss: 0.3551
2025-10-10 09:05:35,592 [INFO] Época 10/30, Batch 2500/3348, Loss: 0.3164
2025-10-10 09:05:35,850 [INFO] Época 10/30, Batch 2550/3348, Loss: 0.1999
2025-10-10 09:05:36,107 [INFO] Época 10/30, Batch 2600/3348, Loss: 0.2884
2025-10-10 09:05:36,368 [INFO] Época 10/30, Batch 2650/3348, Loss: 0.4052
2025-10-10 09:05:36,626 [INFO] Época 10/30, Batch 2700/3348, Loss: 0.4267
2025-10-10 09:05:36,884 [INFO] Época 10/30, Batch 2750/3348, Loss: 0.3251
2025-10-10 09:05:37,142 [INFO] Época 10/30, Batch 2800/3348, Loss: 0.3956
2025-10-10 09:05:37,402 [INFO] Época 10/30, Batch 2850/3348, Loss: 0.2438
2025-10-10 09:05:37,662 [INFO] Época 10/30, Batch 2900/3348, Loss: 0.3702
2025-10-10 09:05:37,924 [INFO] Época 10/30, Batch 2950/3348, Loss: 0.3569
2025-10-10 09:05:38,185 [INFO] Época 10/30, Batch 3000/3348, Loss: 0.3597
2025-10-10 09:05:38,443 [INFO] Época 10/30, Batch 3050/3348, Loss: 0.3114
2025-10-10 09:05:38,703 [INFO] Época 10/30, Batch 3100/3348, Loss: 0.4536
2025-10-10 09:05:38,963 [INFO] Época 10/30, Batch 3150/3348, Loss: 0.3806
2025-10-10 09:05:39,221 [INFO] Época 10/30, Batch 3200/3348, Loss: 0.3337
2025-10-10 09:05:39,478 [INFO] Época 10/30, Batch 3250/3348, Loss: 0.3167
2025-10-10 09:05:39,740 [INFO] Época 10/30, Batch 3300/3348, Loss: 0.3824
2025-10-10 09:05:41,488 [INFO] [10/30] Train Loss: 0.3721 | Val Loss: 0.2589 | Tempo: 19.15s
2025-10-10 09:05:42,046 [INFO] Época 11/30, Batch 50/3348, Loss: 0.4109
2025-10-10 09:05:42,308 [INFO] Época 11/30, Batch 100/3348, Loss: 0.3361
2025-10-10 09:05:42,571 [INFO] Época 11/30, Batch 150/3348, Loss: 0.4043
2025-10-10 09:05:42,831 [INFO] Época 11/30, Batch 200/3348, Loss: 0.2717
2025-10-10 09:05:43,090 [INFO] Época 11/30, Batch 250/3348, Loss: 0.3777
2025-10-10 09:05:43,349 [INFO] Época 11/30, Batch 300/3348, Loss: 0.4341
2025-10-10 09:05:43,606 [INFO] Época 11/30, Batch 350/3348, Loss: 0.3767
2025-10-10 09:05:43,870 [INFO] Época 11/30, Batch 400/3348, Loss: 0.2256
2025-10-10 09:05:44,133 [INFO] Época 11/30, Batch 450/3348, Loss: 0.3064
2025-10-10 09:05:44,394 [INFO] Época 11/30, Batch 500/3348, Loss: 0.2195
2025-10-10 09:05:44,652 [INFO] Época 11/30, Batch 550/3348, Loss: 0.3123
2025-10-10 09:05:44,912 [INFO] Época 11/30, Batch 600/3348, Loss: 0.2493
2025-10-10 09:05:45,171 [INFO] Época 11/30, Batch 650/3348, Loss: 0.4601
2025-10-10 09:05:45,430 [INFO] Época 11/30, Batch 700/3348, Loss: 0.2964
2025-10-10 09:05:45,692 [INFO] Época 11/30, Batch 750/3348, Loss: 0.2819
2025-10-10 09:05:45,950 [INFO] Época 11/30, Batch 800/3348, Loss: 0.2208
2025-10-10 09:05:46,206 [INFO] Época 11/30, Batch 850/3348, Loss: 0.3929
2025-10-10 09:05:46,465 [INFO] Época 11/30, Batch 900/3348, Loss: 0.2599
2025-10-10 09:05:46,724 [INFO] Época 11/30, Batch 950/3348, Loss: 0.3339
2025-10-10 09:05:46,982 [INFO] Época 11/30, Batch 1000/3348, Loss: 0.4217
2025-10-10 09:05:47,241 [INFO] Época 11/30, Batch 1050/3348, Loss: 0.4001
2025-10-10 09:05:47,500 [INFO] Época 11/30, Batch 1100/3348, Loss: 0.2378
2025-10-10 09:05:47,760 [INFO] Época 11/30, Batch 1150/3348, Loss: 0.3104
2025-10-10 09:05:48,018 [INFO] Época 11/30, Batch 1200/3348, Loss: 0.3254
2025-10-10 09:05:48,277 [INFO] Época 11/30, Batch 1250/3348, Loss: 0.1633
2025-10-10 09:05:48,536 [INFO] Época 11/30, Batch 1300/3348, Loss: 0.1642
2025-10-10 09:05:48,795 [INFO] Época 11/30, Batch 1350/3348, Loss: 0.4888
2025-10-10 09:05:49,053 [INFO] Época 11/30, Batch 1400/3348, Loss: 0.5229
2025-10-10 09:05:49,312 [INFO] Época 11/30, Batch 1450/3348, Loss: 0.3028
2025-10-10 09:05:49,572 [INFO] Época 11/30, Batch 1500/3348, Loss: 0.2716
2025-10-10 09:05:49,832 [INFO] Época 11/30, Batch 1550/3348, Loss: 0.3326
2025-10-10 09:05:50,101 [INFO] Época 11/30, Batch 1600/3348, Loss: 0.1937
2025-10-10 09:05:50,360 [INFO] Época 11/30, Batch 1650/3348, Loss: 0.4649
2025-10-10 09:05:50,621 [INFO] Época 11/30, Batch 1700/3348, Loss: 0.4850
2025-10-10 09:05:50,881 [INFO] Época 11/30, Batch 1750/3348, Loss: 0.3218
2025-10-10 09:05:51,141 [INFO] Época 11/30, Batch 1800/3348, Loss: 0.4351
2025-10-10 09:05:51,403 [INFO] Época 11/30, Batch 1850/3348, Loss: 0.4347
2025-10-10 09:05:51,662 [INFO] Época 11/30, Batch 1900/3348, Loss: 0.2672
2025-10-10 09:05:51,922 [INFO] Época 11/30, Batch 1950/3348, Loss: 0.2948
2025-10-10 09:05:52,181 [INFO] Época 11/30, Batch 2000/3348, Loss: 0.2912
2025-10-10 09:05:52,440 [INFO] Época 11/30, Batch 2050/3348, Loss: 0.4602
2025-10-10 09:05:52,700 [INFO] Época 11/30, Batch 2100/3348, Loss: 0.4465
2025-10-10 09:05:52,960 [INFO] Época 11/30, Batch 2150/3348, Loss: 0.3371
2025-10-10 09:05:53,219 [INFO] Época 11/30, Batch 2200/3348, Loss: 0.3852
2025-10-10 09:05:53,478 [INFO] Época 11/30, Batch 2250/3348, Loss: 0.3606
2025-10-10 09:05:53,739 [INFO] Época 11/30, Batch 2300/3348, Loss: 0.4711
2025-10-10 09:05:54,000 [INFO] Época 11/30, Batch 2350/3348, Loss: 0.4387
2025-10-10 09:05:54,259 [INFO] Época 11/30, Batch 2400/3348, Loss: 0.3684
2025-10-10 09:05:54,519 [INFO] Época 11/30, Batch 2450/3348, Loss: 0.4288
2025-10-10 09:05:54,779 [INFO] Época 11/30, Batch 2500/3348, Loss: 0.4424
2025-10-10 09:05:55,038 [INFO] Época 11/30, Batch 2550/3348, Loss: 0.2807
2025-10-10 09:05:55,307 [INFO] Época 11/30, Batch 2600/3348, Loss: 0.3373
2025-10-10 09:05:55,567 [INFO] Época 11/30, Batch 2650/3348, Loss: 0.2851
2025-10-10 09:05:55,827 [INFO] Época 11/30, Batch 2700/3348, Loss: 0.4962
2025-10-10 09:05:56,084 [INFO] Época 11/30, Batch 2750/3348, Loss: 0.3741
2025-10-10 09:05:56,343 [INFO] Época 11/30, Batch 2800/3348, Loss: 0.4631
2025-10-10 09:05:56,602 [INFO] Época 11/30, Batch 2850/3348, Loss: 0.2867
2025-10-10 09:05:56,862 [INFO] Época 11/30, Batch 2900/3348, Loss: 0.2980
2025-10-10 09:05:57,125 [INFO] Época 11/30, Batch 2950/3348, Loss: 0.4522
2025-10-10 09:05:57,387 [INFO] Época 11/30, Batch 3000/3348, Loss: 0.3398
2025-10-10 09:05:57,646 [INFO] Época 11/30, Batch 3050/3348, Loss: 0.4352
2025-10-10 09:05:57,906 [INFO] Época 11/30, Batch 3100/3348, Loss: 0.4477
2025-10-10 09:05:58,165 [INFO] Época 11/30, Batch 3150/3348, Loss: 0.1950
2025-10-10 09:05:58,425 [INFO] Época 11/30, Batch 3200/3348, Loss: 0.4042
2025-10-10 09:05:58,685 [INFO] Época 11/30, Batch 3250/3348, Loss: 0.5516
2025-10-10 09:05:58,945 [INFO] Época 11/30, Batch 3300/3348, Loss: 0.3103
2025-10-10 09:06:00,683 [INFO] [11/30] Train Loss: 0.3712 | Val Loss: 0.2640 | Tempo: 19.19s
2025-10-10 09:06:01,236 [INFO] Época 12/30, Batch 50/3348, Loss: 0.2550
2025-10-10 09:06:01,499 [INFO] Época 12/30, Batch 100/3348, Loss: 0.3629
2025-10-10 09:06:01,759 [INFO] Época 12/30, Batch 150/3348, Loss: 0.3532
2025-10-10 09:06:02,021 [INFO] Época 12/30, Batch 200/3348, Loss: 0.3958
2025-10-10 09:06:02,282 [INFO] Época 12/30, Batch 250/3348, Loss: 0.3055
2025-10-10 09:06:02,541 [INFO] Época 12/30, Batch 300/3348, Loss: 0.3062
2025-10-10 09:06:02,798 [INFO] Época 12/30, Batch 350/3348, Loss: 0.4140
2025-10-10 09:06:03,056 [INFO] Época 12/30, Batch 400/3348, Loss: 0.4853
2025-10-10 09:06:03,316 [INFO] Época 12/30, Batch 450/3348, Loss: 0.5172
2025-10-10 09:06:03,573 [INFO] Época 12/30, Batch 500/3348, Loss: 0.3247
2025-10-10 09:06:03,832 [INFO] Época 12/30, Batch 550/3348, Loss: 0.4101
2025-10-10 09:06:04,088 [INFO] Época 12/30, Batch 600/3348, Loss: 0.4068
2025-10-10 09:06:04,345 [INFO] Época 12/30, Batch 650/3348, Loss: 0.3076
2025-10-10 09:06:04,603 [INFO] Época 12/30, Batch 700/3348, Loss: 0.2396
2025-10-10 09:06:04,862 [INFO] Época 12/30, Batch 750/3348, Loss: 0.4100
2025-10-10 09:06:05,120 [INFO] Época 12/30, Batch 800/3348, Loss: 0.3734
2025-10-10 09:06:05,379 [INFO] Época 12/30, Batch 850/3348, Loss: 0.1794
2025-10-10 09:06:05,639 [INFO] Época 12/30, Batch 900/3348, Loss: 0.1996
2025-10-10 09:06:05,898 [INFO] Época 12/30, Batch 950/3348, Loss: 0.2566
2025-10-10 09:06:06,167 [INFO] Época 12/30, Batch 1000/3348, Loss: 0.3031
2025-10-10 09:06:06,425 [INFO] Época 12/30, Batch 1050/3348, Loss: 0.4076
2025-10-10 09:06:06,683 [INFO] Época 12/30, Batch 1100/3348, Loss: 0.4248
2025-10-10 09:06:06,944 [INFO] Época 12/30, Batch 1150/3348, Loss: 0.3996
2025-10-10 09:06:07,207 [INFO] Época 12/30, Batch 1200/3348, Loss: 0.3278
2025-10-10 09:06:07,465 [INFO] Época 12/30, Batch 1250/3348, Loss: 0.4717
2025-10-10 09:06:07,724 [INFO] Época 12/30, Batch 1300/3348, Loss: 0.3098
2025-10-10 09:06:07,983 [INFO] Época 12/30, Batch 1350/3348, Loss: 0.4169
2025-10-10 09:06:08,240 [INFO] Época 12/30, Batch 1400/3348, Loss: 0.4868
2025-10-10 09:06:08,500 [INFO] Época 12/30, Batch 1450/3348, Loss: 0.3904
2025-10-10 09:06:08,756 [INFO] Época 12/30, Batch 1500/3348, Loss: 0.3843
2025-10-10 09:06:09,011 [INFO] Época 12/30, Batch 1550/3348, Loss: 0.3987
2025-10-10 09:06:09,266 [INFO] Época 12/30, Batch 1600/3348, Loss: 0.2501
2025-10-10 09:06:09,522 [INFO] Época 12/30, Batch 1650/3348, Loss: 0.6373
2025-10-10 09:06:09,779 [INFO] Época 12/30, Batch 1700/3348, Loss: 0.4590
2025-10-10 09:06:10,035 [INFO] Época 12/30, Batch 1750/3348, Loss: 0.3824
2025-10-10 09:06:10,292 [INFO] Época 12/30, Batch 1800/3348, Loss: 0.2736
2025-10-10 09:06:10,549 [INFO] Época 12/30, Batch 1850/3348, Loss: 0.3398
2025-10-10 09:06:10,804 [INFO] Época 12/30, Batch 1900/3348, Loss: 0.2315
2025-10-10 09:06:11,057 [INFO] Época 12/30, Batch 1950/3348, Loss: 0.2616
2025-10-10 09:06:11,311 [INFO] Época 12/30, Batch 2000/3348, Loss: 0.3906
2025-10-10 09:06:11,565 [INFO] Época 12/30, Batch 2050/3348, Loss: 0.2921
2025-10-10 09:06:11,821 [INFO] Época 12/30, Batch 2100/3348, Loss: 0.2606
2025-10-10 09:06:12,078 [INFO] Época 12/30, Batch 2150/3348, Loss: 0.4765
2025-10-10 09:06:12,335 [INFO] Época 12/30, Batch 2200/3348, Loss: 0.3560
2025-10-10 09:06:12,591 [INFO] Época 12/30, Batch 2250/3348, Loss: 0.5124
2025-10-10 09:06:12,844 [INFO] Época 12/30, Batch 2300/3348, Loss: 0.3599
2025-10-10 09:06:13,096 [INFO] Época 12/30, Batch 2350/3348, Loss: 0.3977
2025-10-10 09:06:13,347 [INFO] Época 12/30, Batch 2400/3348, Loss: 0.5444
2025-10-10 09:06:13,600 [INFO] Época 12/30, Batch 2450/3348, Loss: 0.5661
2025-10-10 09:06:13,857 [INFO] Época 12/30, Batch 2500/3348, Loss: 0.3374
2025-10-10 09:06:14,113 [INFO] Época 12/30, Batch 2550/3348, Loss: 0.3107
2025-10-10 09:06:14,369 [INFO] Época 12/30, Batch 2600/3348, Loss: 0.3682
2025-10-10 09:06:14,624 [INFO] Época 12/30, Batch 2650/3348, Loss: 0.4098
2025-10-10 09:06:14,880 [INFO] Época 12/30, Batch 2700/3348, Loss: 0.4902
2025-10-10 09:06:15,137 [INFO] Época 12/30, Batch 2750/3348, Loss: 0.3491
2025-10-10 09:06:15,393 [INFO] Época 12/30, Batch 2800/3348, Loss: 0.3105
2025-10-10 09:06:15,649 [INFO] Época 12/30, Batch 2850/3348, Loss: 0.3430
2025-10-10 09:06:15,902 [INFO] Época 12/30, Batch 2900/3348, Loss: 0.3722
2025-10-10 09:06:16,153 [INFO] Época 12/30, Batch 2950/3348, Loss: 0.4702
2025-10-10 09:06:16,406 [INFO] Época 12/30, Batch 3000/3348, Loss: 0.2850
2025-10-10 09:06:16,660 [INFO] Época 12/30, Batch 3050/3348, Loss: 0.2410
2025-10-10 09:06:16,913 [INFO] Época 12/30, Batch 3100/3348, Loss: 0.3868
2025-10-10 09:06:17,166 [INFO] Época 12/30, Batch 3150/3348, Loss: 0.2878
2025-10-10 09:06:17,420 [INFO] Época 12/30, Batch 3200/3348, Loss: 0.4799
2025-10-10 09:06:17,672 [INFO] Época 12/30, Batch 3250/3348, Loss: 0.2904
2025-10-10 09:06:17,926 [INFO] Época 12/30, Batch 3300/3348, Loss: 0.3091
2025-10-10 09:06:19,784 [INFO] [12/30] Train Loss: 0.3702 | Val Loss: 0.2645 | Tempo: 19.10s
2025-10-10 09:06:20,356 [INFO] Época 13/30, Batch 50/3348, Loss: 0.2265
2025-10-10 09:06:20,621 [INFO] Época 13/30, Batch 100/3348, Loss: 0.4287
2025-10-10 09:06:20,883 [INFO] Época 13/30, Batch 150/3348, Loss: 0.5598
2025-10-10 09:06:21,146 [INFO] Época 13/30, Batch 200/3348, Loss: 0.2278
2025-10-10 09:06:21,408 [INFO] Época 13/30, Batch 250/3348, Loss: 0.3449
2025-10-10 09:06:21,678 [INFO] Época 13/30, Batch 300/3348, Loss: 0.4371
2025-10-10 09:06:21,937 [INFO] Época 13/30, Batch 350/3348, Loss: 0.2964
2025-10-10 09:06:22,195 [INFO] Época 13/30, Batch 400/3348, Loss: 0.4767
2025-10-10 09:06:22,455 [INFO] Época 13/30, Batch 450/3348, Loss: 0.4391
2025-10-10 09:06:22,715 [INFO] Época 13/30, Batch 500/3348, Loss: 0.5192
2025-10-10 09:06:22,974 [INFO] Época 13/30, Batch 550/3348, Loss: 0.3590
2025-10-10 09:06:23,233 [INFO] Época 13/30, Batch 600/3348, Loss: 0.3050
2025-10-10 09:06:23,492 [INFO] Época 13/30, Batch 650/3348, Loss: 0.3465
2025-10-10 09:06:23,753 [INFO] Época 13/30, Batch 700/3348, Loss: 0.5127
2025-10-10 09:06:24,007 [INFO] Época 13/30, Batch 750/3348, Loss: 0.2515
2025-10-10 09:06:24,259 [INFO] Época 13/30, Batch 800/3348, Loss: 0.3967
2025-10-10 09:06:24,516 [INFO] Época 13/30, Batch 850/3348, Loss: 0.3495
2025-10-10 09:06:24,771 [INFO] Época 13/30, Batch 900/3348, Loss: 0.3288
2025-10-10 09:06:25,023 [INFO] Época 13/30, Batch 950/3348, Loss: 0.3333
2025-10-10 09:06:25,276 [INFO] Época 13/30, Batch 1000/3348, Loss: 0.3203
2025-10-10 09:06:25,528 [INFO] Época 13/30, Batch 1050/3348, Loss: 0.3001
2025-10-10 09:06:25,780 [INFO] Época 13/30, Batch 1100/3348, Loss: 0.4425
2025-10-10 09:06:26,034 [INFO] Época 13/30, Batch 1150/3348, Loss: 0.3082
2025-10-10 09:06:26,288 [INFO] Época 13/30, Batch 1200/3348, Loss: 0.4490
2025-10-10 09:06:26,543 [INFO] Época 13/30, Batch 1250/3348, Loss: 0.2515
2025-10-10 09:06:26,806 [INFO] Época 13/30, Batch 1300/3348, Loss: 0.2995
2025-10-10 09:06:27,066 [INFO] Época 13/30, Batch 1350/3348, Loss: 0.3149
2025-10-10 09:06:27,326 [INFO] Época 13/30, Batch 1400/3348, Loss: 0.2849
2025-10-10 09:06:27,583 [INFO] Época 13/30, Batch 1450/3348, Loss: 0.4072
2025-10-10 09:06:27,841 [INFO] Época 13/30, Batch 1500/3348, Loss: 0.2548
2025-10-10 09:06:28,098 [INFO] Época 13/30, Batch 1550/3348, Loss: 0.4412
2025-10-10 09:06:28,357 [INFO] Época 13/30, Batch 1600/3348, Loss: 0.4744
2025-10-10 09:06:28,616 [INFO] Época 13/30, Batch 1650/3348, Loss: 0.3778
2025-10-10 09:06:28,874 [INFO] Época 13/30, Batch 1700/3348, Loss: 0.3999
2025-10-10 09:06:29,135 [INFO] Época 13/30, Batch 1750/3348, Loss: 0.3916
2025-10-10 09:06:29,394 [INFO] Época 13/30, Batch 1800/3348, Loss: 0.4971
2025-10-10 09:06:29,651 [INFO] Época 13/30, Batch 1850/3348, Loss: 0.2800
2025-10-10 09:06:29,908 [INFO] Época 13/30, Batch 1900/3348, Loss: 0.4079
2025-10-10 09:06:30,166 [INFO] Época 13/30, Batch 1950/3348, Loss: 0.2874
2025-10-10 09:06:30,426 [INFO] Época 13/30, Batch 2000/3348, Loss: 0.5032
2025-10-10 09:06:30,685 [INFO] Época 13/30, Batch 2050/3348, Loss: 0.3462
2025-10-10 09:06:30,944 [INFO] Época 13/30, Batch 2100/3348, Loss: 0.5698
2025-10-10 09:06:31,202 [INFO] Época 13/30, Batch 2150/3348, Loss: 0.2454
2025-10-10 09:06:31,461 [INFO] Época 13/30, Batch 2200/3348, Loss: 0.3196
2025-10-10 09:06:31,720 [INFO] Época 13/30, Batch 2250/3348, Loss: 0.5492
2025-10-10 09:06:31,978 [INFO] Época 13/30, Batch 2300/3348, Loss: 0.3502
2025-10-10 09:06:32,236 [INFO] Época 13/30, Batch 2350/3348, Loss: 0.2498
2025-10-10 09:06:32,494 [INFO] Época 13/30, Batch 2400/3348, Loss: 0.3815
2025-10-10 09:06:32,754 [INFO] Época 13/30, Batch 2450/3348, Loss: 0.4789
2025-10-10 09:06:33,013 [INFO] Época 13/30, Batch 2500/3348, Loss: 0.2716
2025-10-10 09:06:33,271 [INFO] Época 13/30, Batch 2550/3348, Loss: 0.3157
2025-10-10 09:06:33,529 [INFO] Época 13/30, Batch 2600/3348, Loss: 0.4575
2025-10-10 09:06:33,787 [INFO] Época 13/30, Batch 2650/3348, Loss: 0.5622
2025-10-10 09:06:34,046 [INFO] Época 13/30, Batch 2700/3348, Loss: 0.3585
2025-10-10 09:06:34,310 [INFO] Época 13/30, Batch 2750/3348, Loss: 0.2814
2025-10-10 09:06:34,573 [INFO] Época 13/30, Batch 2800/3348, Loss: 0.4630
2025-10-10 09:06:34,833 [INFO] Época 13/30, Batch 2850/3348, Loss: 0.3626
2025-10-10 09:06:35,093 [INFO] Época 13/30, Batch 2900/3348, Loss: 0.2055
2025-10-10 09:06:35,354 [INFO] Época 13/30, Batch 2950/3348, Loss: 0.4499
2025-10-10 09:06:35,618 [INFO] Época 13/30, Batch 3000/3348, Loss: 0.4700
2025-10-10 09:06:35,882 [INFO] Época 13/30, Batch 3050/3348, Loss: 0.3666
2025-10-10 09:06:36,144 [INFO] Época 13/30, Batch 3100/3348, Loss: 0.3395
2025-10-10 09:06:36,409 [INFO] Época 13/30, Batch 3150/3348, Loss: 0.6643
2025-10-10 09:06:36,672 [INFO] Época 13/30, Batch 3200/3348, Loss: 0.2811
2025-10-10 09:06:36,936 [INFO] Época 13/30, Batch 3250/3348, Loss: 0.4128
2025-10-10 09:06:37,201 [INFO] Época 13/30, Batch 3300/3348, Loss: 0.3002
2025-10-10 09:06:38,902 [INFO] [13/30] Train Loss: 0.3692 | Val Loss: 0.2600 | Tempo: 19.12s
2025-10-10 09:06:39,466 [INFO] Época 14/30, Batch 50/3348, Loss: 0.2358
2025-10-10 09:06:39,741 [INFO] Época 14/30, Batch 100/3348, Loss: 0.4013
2025-10-10 09:06:40,012 [INFO] Época 14/30, Batch 150/3348, Loss: 0.4805
2025-10-10 09:06:40,280 [INFO] Época 14/30, Batch 200/3348, Loss: 0.2699
2025-10-10 09:06:40,550 [INFO] Época 14/30, Batch 250/3348, Loss: 0.4420
2025-10-10 09:06:40,818 [INFO] Época 14/30, Batch 300/3348, Loss: 0.3111
2025-10-10 09:06:41,087 [INFO] Época 14/30, Batch 350/3348, Loss: 0.4595
2025-10-10 09:06:41,357 [INFO] Época 14/30, Batch 400/3348, Loss: 0.5559
2025-10-10 09:06:41,625 [INFO] Época 14/30, Batch 450/3348, Loss: 0.4353
2025-10-10 09:06:41,893 [INFO] Época 14/30, Batch 500/3348, Loss: 0.3197
2025-10-10 09:06:42,159 [INFO] Época 14/30, Batch 550/3348, Loss: 0.4367
2025-10-10 09:06:42,427 [INFO] Época 14/30, Batch 600/3348, Loss: 0.2482
2025-10-10 09:06:42,693 [INFO] Época 14/30, Batch 650/3348, Loss: 0.3754
2025-10-10 09:06:42,955 [INFO] Época 14/30, Batch 700/3348, Loss: 0.2460
2025-10-10 09:06:43,213 [INFO] Época 14/30, Batch 750/3348, Loss: 0.2923
2025-10-10 09:06:43,470 [INFO] Época 14/30, Batch 800/3348, Loss: 0.2689
2025-10-10 09:06:43,732 [INFO] Época 14/30, Batch 850/3348, Loss: 0.3332
2025-10-10 09:06:44,000 [INFO] Época 14/30, Batch 900/3348, Loss: 0.3243
2025-10-10 09:06:44,265 [INFO] Época 14/30, Batch 950/3348, Loss: 0.5674
2025-10-10 09:06:44,531 [INFO] Época 14/30, Batch 1000/3348, Loss: 0.3435
2025-10-10 09:06:44,792 [INFO] Época 14/30, Batch 1050/3348, Loss: 0.3648
2025-10-10 09:06:45,051 [INFO] Época 14/30, Batch 1100/3348, Loss: 0.5848
2025-10-10 09:06:45,309 [INFO] Época 14/30, Batch 1150/3348, Loss: 0.3036
2025-10-10 09:06:45,568 [INFO] Época 14/30, Batch 1200/3348, Loss: 0.5212
2025-10-10 09:06:45,826 [INFO] Época 14/30, Batch 1250/3348, Loss: 0.4090
2025-10-10 09:06:46,085 [INFO] Época 14/30, Batch 1300/3348, Loss: 0.4746
2025-10-10 09:06:46,346 [INFO] Época 14/30, Batch 1350/3348, Loss: 0.3853
2025-10-10 09:06:46,609 [INFO] Época 14/30, Batch 1400/3348, Loss: 0.3091
2025-10-10 09:06:46,873 [INFO] Época 14/30, Batch 1450/3348, Loss: 0.2998
2025-10-10 09:06:47,139 [INFO] Época 14/30, Batch 1500/3348, Loss: 0.3495
2025-10-10 09:06:47,405 [INFO] Época 14/30, Batch 1550/3348, Loss: 0.3322
2025-10-10 09:06:47,681 [INFO] Época 14/30, Batch 1600/3348, Loss: 0.3339
2025-10-10 09:06:47,946 [INFO] Época 14/30, Batch 1650/3348, Loss: 0.5567
2025-10-10 09:06:48,213 [INFO] Época 14/30, Batch 1700/3348, Loss: 0.2734
2025-10-10 09:06:48,478 [INFO] Época 14/30, Batch 1750/3348, Loss: 0.3876
2025-10-10 09:06:48,745 [INFO] Época 14/30, Batch 1800/3348, Loss: 0.5594
2025-10-10 09:06:49,006 [INFO] Época 14/30, Batch 1850/3348, Loss: 0.3478
2025-10-10 09:06:49,267 [INFO] Época 14/30, Batch 1900/3348, Loss: 0.2642
2025-10-10 09:06:49,533 [INFO] Época 14/30, Batch 1950/3348, Loss: 0.2815
2025-10-10 09:06:49,799 [INFO] Época 14/30, Batch 2000/3348, Loss: 0.3079
2025-10-10 09:06:50,065 [INFO] Época 14/30, Batch 2050/3348, Loss: 0.4165
2025-10-10 09:06:50,333 [INFO] Época 14/30, Batch 2100/3348, Loss: 0.4952
2025-10-10 09:06:50,597 [INFO] Época 14/30, Batch 2150/3348, Loss: 0.3504
2025-10-10 09:06:50,863 [INFO] Época 14/30, Batch 2200/3348, Loss: 0.4584
2025-10-10 09:06:51,128 [INFO] Época 14/30, Batch 2250/3348, Loss: 0.1924
2025-10-10 09:06:51,395 [INFO] Época 14/30, Batch 2300/3348, Loss: 0.4772
2025-10-10 09:06:51,654 [INFO] Época 14/30, Batch 2350/3348, Loss: 0.3163
2025-10-10 09:06:51,912 [INFO] Época 14/30, Batch 2400/3348, Loss: 0.2873
2025-10-10 09:06:52,172 [INFO] Época 14/30, Batch 2450/3348, Loss: 0.5692
2025-10-10 09:06:52,431 [INFO] Época 14/30, Batch 2500/3348, Loss: 0.1938
2025-10-10 09:06:52,702 [INFO] Época 14/30, Batch 2550/3348, Loss: 0.2813
2025-10-10 09:06:52,967 [INFO] Época 14/30, Batch 2600/3348, Loss: 0.6133
2025-10-10 09:06:53,227 [INFO] Época 14/30, Batch 2650/3348, Loss: 0.3252
2025-10-10 09:06:53,485 [INFO] Época 14/30, Batch 2700/3348, Loss: 0.2008
2025-10-10 09:06:53,744 [INFO] Época 14/30, Batch 2750/3348, Loss: 0.5187
2025-10-10 09:06:54,006 [INFO] Época 14/30, Batch 2800/3348, Loss: 0.4969
2025-10-10 09:06:54,270 [INFO] Época 14/30, Batch 2850/3348, Loss: 0.2402
2025-10-10 09:06:54,536 [INFO] Época 14/30, Batch 2900/3348, Loss: 0.3045
2025-10-10 09:06:54,801 [INFO] Época 14/30, Batch 2950/3348, Loss: 0.3177
2025-10-10 09:06:55,067 [INFO] Época 14/30, Batch 3000/3348, Loss: 0.3595
2025-10-10 09:06:55,331 [INFO] Época 14/30, Batch 3050/3348, Loss: 0.4182
2025-10-10 09:06:55,589 [INFO] Época 14/30, Batch 3100/3348, Loss: 0.4401
2025-10-10 09:06:55,849 [INFO] Época 14/30, Batch 3150/3348, Loss: 0.5205
2025-10-10 09:06:56,109 [INFO] Época 14/30, Batch 3200/3348, Loss: 0.1792
2025-10-10 09:06:56,367 [INFO] Época 14/30, Batch 3250/3348, Loss: 0.4762
2025-10-10 09:06:56,627 [INFO] Época 14/30, Batch 3300/3348, Loss: 0.2216
2025-10-10 09:06:58,347 [INFO] [14/30] Train Loss: 0.3695 | Val Loss: 0.2570 | Tempo: 19.44s
2025-10-10 09:06:58,348 [INFO] Early stopping ativado após 10 épocas sem melhoria
2025-10-10 09:06:58,348 [INFO] Treinamento concluído em 268.75 segundos (4.48 minutos)
2025-10-10 09:06:58,348 [INFO] Iniciando avaliação no conjunto de teste...
2025-10-10 09:06:59,823 [INFO] Avaliação do teste concluída em 1.47 segundos
2025-10-10 09:06:59,823 [INFO] MSE no teste: 0.5963
2025-10-10 09:06:59,823 [INFO] RMSE no teste: 0.7722
2025-10-10 09:06:59,823 [INFO] MAE no teste: 0.5395
2025-10-10 09:06:59,824 [INFO] Métricas salvas em /mnt/hdd/home/jdurao/ToolBox-ChemXAI/logs/mlp_att11_EState_metrics.json
