2025-10-10 06:29:06,851 [INFO] Iniciando treinamento do modelo mlp_att9_Avalon
2025-10-10 06:29:06,851 [INFO] Configuração: att_index=9, epochs=30, layers=[128, 64, 32], lr=0.001, batch_size=32, descriptor_type=Avalon
2025-10-10 06:29:06,851 [INFO] Diretório para modelos: /mnt/hdd/home/jdurao/ToolBox-ChemXAI/models
2025-10-10 06:29:06,851 [INFO] Carregando dados...
2025-10-10 06:29:06,937 [INFO] Preparando dataloaders sem ruído...
2025-10-10 06:29:21,103 [INFO] Dados carregados em 14.25 segundos
2025-10-10 06:29:21,103 [INFO] Tamanhos dos conjuntos - Treino: 107108, Validação: 13388, Teste: 13389
2025-10-10 06:29:21,104 [INFO] Usando dispositivo: cuda
2025-10-10 06:29:21,469 [INFO] Dimensão de entrada: 512, Dimensão de saída: 1
2025-10-10 06:29:21,470 [INFO] Criando modelo MLP com camadas: [128, 64, 32]
2025-10-10 06:29:21,474 [INFO] Modelo criado com 76033 parâmetros
2025-10-10 06:29:21,475 [INFO] Iniciando treinamento com 30 épocas...
2025-10-10 06:29:22,065 [INFO] Época 1/30, Batch 50/3348, Loss: 0.4129
2025-10-10 06:29:22,343 [INFO] Época 1/30, Batch 100/3348, Loss: 0.3931
2025-10-10 06:29:22,617 [INFO] Época 1/30, Batch 150/3348, Loss: 0.4375
2025-10-10 06:29:22,890 [INFO] Época 1/30, Batch 200/3348, Loss: 0.3382
2025-10-10 06:29:23,161 [INFO] Época 1/30, Batch 250/3348, Loss: 0.3116
2025-10-10 06:29:23,433 [INFO] Época 1/30, Batch 300/3348, Loss: 0.3165
2025-10-10 06:29:23,706 [INFO] Época 1/30, Batch 350/3348, Loss: 0.4125
2025-10-10 06:29:23,978 [INFO] Época 1/30, Batch 400/3348, Loss: 0.3399
2025-10-10 06:29:24,260 [INFO] Época 1/30, Batch 450/3348, Loss: 0.2504
2025-10-10 06:29:24,532 [INFO] Época 1/30, Batch 500/3348, Loss: 0.3392
2025-10-10 06:29:24,806 [INFO] Época 1/30, Batch 550/3348, Loss: 0.2884
2025-10-10 06:29:25,075 [INFO] Época 1/30, Batch 600/3348, Loss: 0.2863
2025-10-10 06:29:25,338 [INFO] Época 1/30, Batch 650/3348, Loss: 0.2972
2025-10-10 06:29:25,604 [INFO] Época 1/30, Batch 700/3348, Loss: 0.3663
2025-10-10 06:29:25,875 [INFO] Época 1/30, Batch 750/3348, Loss: 0.3201
2025-10-10 06:29:26,149 [INFO] Época 1/30, Batch 800/3348, Loss: 0.2430
2025-10-10 06:29:26,420 [INFO] Época 1/30, Batch 850/3348, Loss: 0.3154
2025-10-10 06:29:26,689 [INFO] Época 1/30, Batch 900/3348, Loss: 0.2823
2025-10-10 06:29:26,953 [INFO] Época 1/30, Batch 950/3348, Loss: 0.2589
2025-10-10 06:29:27,215 [INFO] Época 1/30, Batch 1000/3348, Loss: 0.2392
2025-10-10 06:29:27,479 [INFO] Época 1/30, Batch 1050/3348, Loss: 0.3266
2025-10-10 06:29:27,741 [INFO] Época 1/30, Batch 1100/3348, Loss: 0.3414
2025-10-10 06:29:28,008 [INFO] Época 1/30, Batch 1150/3348, Loss: 0.3431
2025-10-10 06:29:28,279 [INFO] Época 1/30, Batch 1200/3348, Loss: 0.1945
2025-10-10 06:29:28,551 [INFO] Época 1/30, Batch 1250/3348, Loss: 0.2818
2025-10-10 06:29:28,823 [INFO] Época 1/30, Batch 1300/3348, Loss: 0.2542
2025-10-10 06:29:29,093 [INFO] Época 1/30, Batch 1350/3348, Loss: 0.2324
2025-10-10 06:29:29,369 [INFO] Época 1/30, Batch 1400/3348, Loss: 0.2697
2025-10-10 06:29:29,641 [INFO] Época 1/30, Batch 1450/3348, Loss: 0.3531
2025-10-10 06:29:29,912 [INFO] Época 1/30, Batch 1500/3348, Loss: 0.2764
2025-10-10 06:29:30,183 [INFO] Época 1/30, Batch 1550/3348, Loss: 0.2457
2025-10-10 06:29:30,456 [INFO] Época 1/30, Batch 1600/3348, Loss: 0.2809
2025-10-10 06:29:30,728 [INFO] Época 1/30, Batch 1650/3348, Loss: 0.3906
2025-10-10 06:29:30,999 [INFO] Época 1/30, Batch 1700/3348, Loss: 0.2626
2025-10-10 06:29:31,270 [INFO] Época 1/30, Batch 1750/3348, Loss: 0.2836
2025-10-10 06:29:31,542 [INFO] Época 1/30, Batch 1800/3348, Loss: 0.3448
2025-10-10 06:29:31,813 [INFO] Época 1/30, Batch 1850/3348, Loss: 0.2994
2025-10-10 06:29:32,081 [INFO] Época 1/30, Batch 1900/3348, Loss: 0.3157
2025-10-10 06:29:32,344 [INFO] Época 1/30, Batch 1950/3348, Loss: 0.2807
2025-10-10 06:29:32,608 [INFO] Época 1/30, Batch 2000/3348, Loss: 0.2252
2025-10-10 06:29:32,870 [INFO] Época 1/30, Batch 2050/3348, Loss: 0.3193
2025-10-10 06:29:33,136 [INFO] Época 1/30, Batch 2100/3348, Loss: 0.2277
2025-10-10 06:29:33,398 [INFO] Época 1/30, Batch 2150/3348, Loss: 0.2468
2025-10-10 06:29:33,660 [INFO] Época 1/30, Batch 2200/3348, Loss: 0.3362
2025-10-10 06:29:33,922 [INFO] Época 1/30, Batch 2250/3348, Loss: 0.2806
2025-10-10 06:29:34,187 [INFO] Época 1/30, Batch 2300/3348, Loss: 0.2476
2025-10-10 06:29:34,450 [INFO] Época 1/30, Batch 2350/3348, Loss: 0.2410
2025-10-10 06:29:34,713 [INFO] Época 1/30, Batch 2400/3348, Loss: 0.2393
2025-10-10 06:29:34,976 [INFO] Época 1/30, Batch 2450/3348, Loss: 0.2096
2025-10-10 06:29:35,238 [INFO] Época 1/30, Batch 2500/3348, Loss: 0.2112
2025-10-10 06:29:35,501 [INFO] Época 1/30, Batch 2550/3348, Loss: 0.2343
2025-10-10 06:29:35,764 [INFO] Época 1/30, Batch 2600/3348, Loss: 0.2642
2025-10-10 06:29:36,027 [INFO] Época 1/30, Batch 2650/3348, Loss: 0.2449
2025-10-10 06:29:36,288 [INFO] Época 1/30, Batch 2700/3348, Loss: 0.2023
2025-10-10 06:29:36,549 [INFO] Época 1/30, Batch 2750/3348, Loss: 0.2220
2025-10-10 06:29:36,810 [INFO] Época 1/30, Batch 2800/3348, Loss: 0.2341
2025-10-10 06:29:37,071 [INFO] Época 1/30, Batch 2850/3348, Loss: 0.3131
2025-10-10 06:29:37,333 [INFO] Época 1/30, Batch 2900/3348, Loss: 0.2071
2025-10-10 06:29:37,598 [INFO] Época 1/30, Batch 2950/3348, Loss: 0.2414
2025-10-10 06:29:37,871 [INFO] Época 1/30, Batch 3000/3348, Loss: 0.2898
2025-10-10 06:29:38,145 [INFO] Época 1/30, Batch 3050/3348, Loss: 0.2355
2025-10-10 06:29:38,420 [INFO] Época 1/30, Batch 3100/3348, Loss: 0.2760
2025-10-10 06:29:38,690 [INFO] Época 1/30, Batch 3150/3348, Loss: 0.2649
2025-10-10 06:29:38,954 [INFO] Época 1/30, Batch 3200/3348, Loss: 0.1947
2025-10-10 06:29:39,214 [INFO] Época 1/30, Batch 3250/3348, Loss: 0.2296
2025-10-10 06:29:39,486 [INFO] Época 1/30, Batch 3300/3348, Loss: 0.2387
2025-10-10 06:29:41,226 [INFO] [1/30] Train Loss: 0.2756 | Val Loss: 0.2796 | Tempo: 19.75s
2025-10-10 06:29:41,231 [INFO] Melhor modelo salvo em: /mnt/hdd/home/jdurao/ToolBox-ChemXAI/models/mlp_qm9_Avalon_att9_large.pth
2025-10-10 06:29:41,814 [INFO] Época 2/30, Batch 50/3348, Loss: 0.1541
2025-10-10 06:29:42,088 [INFO] Época 2/30, Batch 100/3348, Loss: 0.2891
2025-10-10 06:29:42,359 [INFO] Época 2/30, Batch 150/3348, Loss: 0.2598
2025-10-10 06:29:42,624 [INFO] Época 2/30, Batch 200/3348, Loss: 0.2308
2025-10-10 06:29:42,896 [INFO] Época 2/30, Batch 250/3348, Loss: 0.2222
2025-10-10 06:29:43,164 [INFO] Época 2/30, Batch 300/3348, Loss: 0.2337
2025-10-10 06:29:43,434 [INFO] Época 2/30, Batch 350/3348, Loss: 0.2489
2025-10-10 06:29:43,701 [INFO] Época 2/30, Batch 400/3348, Loss: 0.2759
2025-10-10 06:29:43,964 [INFO] Época 2/30, Batch 450/3348, Loss: 0.2002
2025-10-10 06:29:44,225 [INFO] Época 2/30, Batch 500/3348, Loss: 0.3353
2025-10-10 06:29:44,499 [INFO] Época 2/30, Batch 550/3348, Loss: 0.2414
2025-10-10 06:29:44,760 [INFO] Época 2/30, Batch 600/3348, Loss: 0.2398
2025-10-10 06:29:45,022 [INFO] Época 2/30, Batch 650/3348, Loss: 0.2509
2025-10-10 06:29:45,278 [INFO] Época 2/30, Batch 700/3348, Loss: 0.2238
2025-10-10 06:29:45,537 [INFO] Época 2/30, Batch 750/3348, Loss: 0.2341
2025-10-10 06:29:45,799 [INFO] Época 2/30, Batch 800/3348, Loss: 0.2172
2025-10-10 06:29:46,064 [INFO] Época 2/30, Batch 850/3348, Loss: 0.2169
2025-10-10 06:29:46,333 [INFO] Época 2/30, Batch 900/3348, Loss: 0.1704
2025-10-10 06:29:46,603 [INFO] Época 2/30, Batch 950/3348, Loss: 0.1561
2025-10-10 06:29:46,866 [INFO] Época 2/30, Batch 1000/3348, Loss: 0.2230
2025-10-10 06:29:47,126 [INFO] Época 2/30, Batch 1050/3348, Loss: 0.2183
2025-10-10 06:29:47,385 [INFO] Época 2/30, Batch 1100/3348, Loss: 0.1566
2025-10-10 06:29:47,655 [INFO] Época 2/30, Batch 1150/3348, Loss: 0.1923
2025-10-10 06:29:47,924 [INFO] Época 2/30, Batch 1200/3348, Loss: 0.2196
2025-10-10 06:29:48,194 [INFO] Época 2/30, Batch 1250/3348, Loss: 0.2393
2025-10-10 06:29:48,461 [INFO] Época 2/30, Batch 1300/3348, Loss: 0.2479
2025-10-10 06:29:48,733 [INFO] Época 2/30, Batch 1350/3348, Loss: 0.2840
2025-10-10 06:29:49,004 [INFO] Época 2/30, Batch 1400/3348, Loss: 0.1607
2025-10-10 06:29:49,275 [INFO] Época 2/30, Batch 1450/3348, Loss: 0.2561
2025-10-10 06:29:49,556 [INFO] Época 2/30, Batch 1500/3348, Loss: 0.2323
2025-10-10 06:29:49,829 [INFO] Época 2/30, Batch 1550/3348, Loss: 0.2167
2025-10-10 06:29:50,098 [INFO] Época 2/30, Batch 1600/3348, Loss: 0.2191
2025-10-10 06:29:50,360 [INFO] Época 2/30, Batch 1650/3348, Loss: 0.2142
2025-10-10 06:29:50,623 [INFO] Época 2/30, Batch 1700/3348, Loss: 0.1956
2025-10-10 06:29:50,886 [INFO] Época 2/30, Batch 1750/3348, Loss: 0.2153
2025-10-10 06:29:51,147 [INFO] Época 2/30, Batch 1800/3348, Loss: 0.1441
2025-10-10 06:29:51,410 [INFO] Época 2/30, Batch 1850/3348, Loss: 0.1523
2025-10-10 06:29:51,672 [INFO] Época 2/30, Batch 1900/3348, Loss: 0.2686
2025-10-10 06:29:51,933 [INFO] Época 2/30, Batch 1950/3348, Loss: 0.1952
2025-10-10 06:29:52,194 [INFO] Época 2/30, Batch 2000/3348, Loss: 0.2311
2025-10-10 06:29:52,457 [INFO] Época 2/30, Batch 2050/3348, Loss: 0.2218
2025-10-10 06:29:52,728 [INFO] Época 2/30, Batch 2100/3348, Loss: 0.2306
2025-10-10 06:29:53,000 [INFO] Época 2/30, Batch 2150/3348, Loss: 0.1980
2025-10-10 06:29:53,272 [INFO] Época 2/30, Batch 2200/3348, Loss: 0.1597
2025-10-10 06:29:53,542 [INFO] Época 2/30, Batch 2250/3348, Loss: 0.2490
2025-10-10 06:29:53,808 [INFO] Época 2/30, Batch 2300/3348, Loss: 0.2183
2025-10-10 06:29:54,070 [INFO] Época 2/30, Batch 2350/3348, Loss: 0.2330
2025-10-10 06:29:54,331 [INFO] Época 2/30, Batch 2400/3348, Loss: 0.1902
2025-10-10 06:29:54,606 [INFO] Época 2/30, Batch 2450/3348, Loss: 0.3141
2025-10-10 06:29:54,866 [INFO] Época 2/30, Batch 2500/3348, Loss: 0.2407
2025-10-10 06:29:55,127 [INFO] Época 2/30, Batch 2550/3348, Loss: 0.2299
2025-10-10 06:29:55,388 [INFO] Época 2/30, Batch 2600/3348, Loss: 0.2007
2025-10-10 06:29:55,650 [INFO] Época 2/30, Batch 2650/3348, Loss: 0.1681
2025-10-10 06:29:55,913 [INFO] Época 2/30, Batch 2700/3348, Loss: 0.1966
2025-10-10 06:29:56,173 [INFO] Época 2/30, Batch 2750/3348, Loss: 0.2132
2025-10-10 06:29:56,432 [INFO] Época 2/30, Batch 2800/3348, Loss: 0.1744
2025-10-10 06:29:56,692 [INFO] Época 2/30, Batch 2850/3348, Loss: 0.1942
2025-10-10 06:29:56,952 [INFO] Época 2/30, Batch 2900/3348, Loss: 0.1969
2025-10-10 06:29:57,212 [INFO] Época 2/30, Batch 2950/3348, Loss: 0.2882
2025-10-10 06:29:57,473 [INFO] Época 2/30, Batch 3000/3348, Loss: 0.2101
2025-10-10 06:29:57,732 [INFO] Época 2/30, Batch 3050/3348, Loss: 0.1725
2025-10-10 06:29:57,993 [INFO] Época 2/30, Batch 3100/3348, Loss: 0.2147
2025-10-10 06:29:58,252 [INFO] Época 2/30, Batch 3150/3348, Loss: 0.1799
2025-10-10 06:29:58,513 [INFO] Época 2/30, Batch 3200/3348, Loss: 0.1969
2025-10-10 06:29:58,772 [INFO] Época 2/30, Batch 3250/3348, Loss: 0.2113
2025-10-10 06:29:59,032 [INFO] Época 2/30, Batch 3300/3348, Loss: 0.2633
2025-10-10 06:30:00,829 [INFO] [2/30] Train Loss: 0.2159 | Val Loss: 0.3109 | Tempo: 19.60s
2025-10-10 06:30:01,405 [INFO] Época 3/30, Batch 50/3348, Loss: 0.1040
2025-10-10 06:30:01,672 [INFO] Época 3/30, Batch 100/3348, Loss: 0.2084
2025-10-10 06:30:01,938 [INFO] Época 3/30, Batch 150/3348, Loss: 0.1462
2025-10-10 06:30:02,205 [INFO] Época 3/30, Batch 200/3348, Loss: 0.2322
2025-10-10 06:30:02,468 [INFO] Época 3/30, Batch 250/3348, Loss: 0.1302
2025-10-10 06:30:02,732 [INFO] Época 3/30, Batch 300/3348, Loss: 0.2099
2025-10-10 06:30:02,996 [INFO] Época 3/30, Batch 350/3348, Loss: 0.1787
2025-10-10 06:30:03,260 [INFO] Época 3/30, Batch 400/3348, Loss: 0.2129
2025-10-10 06:30:03,524 [INFO] Época 3/30, Batch 450/3348, Loss: 0.1705
2025-10-10 06:30:03,786 [INFO] Época 3/30, Batch 500/3348, Loss: 0.1455
2025-10-10 06:30:04,048 [INFO] Época 3/30, Batch 550/3348, Loss: 0.2113
2025-10-10 06:30:04,310 [INFO] Época 3/30, Batch 600/3348, Loss: 0.1936
2025-10-10 06:30:04,573 [INFO] Época 3/30, Batch 650/3348, Loss: 0.3014
2025-10-10 06:30:04,837 [INFO] Época 3/30, Batch 700/3348, Loss: 0.1386
2025-10-10 06:30:05,101 [INFO] Época 3/30, Batch 750/3348, Loss: 0.1809
2025-10-10 06:30:05,364 [INFO] Época 3/30, Batch 800/3348, Loss: 0.1568
2025-10-10 06:30:05,622 [INFO] Época 3/30, Batch 850/3348, Loss: 0.2113
2025-10-10 06:30:05,881 [INFO] Época 3/30, Batch 900/3348, Loss: 0.1889
2025-10-10 06:30:06,153 [INFO] Época 3/30, Batch 950/3348, Loss: 0.1978
2025-10-10 06:30:06,413 [INFO] Época 3/30, Batch 1000/3348, Loss: 0.1717
2025-10-10 06:30:06,677 [INFO] Época 3/30, Batch 1050/3348, Loss: 0.2065
2025-10-10 06:30:06,943 [INFO] Época 3/30, Batch 1100/3348, Loss: 0.2402
2025-10-10 06:30:07,209 [INFO] Época 3/30, Batch 1150/3348, Loss: 0.2580
2025-10-10 06:30:07,474 [INFO] Época 3/30, Batch 1200/3348, Loss: 0.1979
2025-10-10 06:30:07,739 [INFO] Época 3/30, Batch 1250/3348, Loss: 0.1730
2025-10-10 06:30:08,001 [INFO] Época 3/30, Batch 1300/3348, Loss: 0.1745
2025-10-10 06:30:08,266 [INFO] Época 3/30, Batch 1350/3348, Loss: 0.1543
2025-10-10 06:30:08,530 [INFO] Época 3/30, Batch 1400/3348, Loss: 0.2234
2025-10-10 06:30:08,794 [INFO] Época 3/30, Batch 1450/3348, Loss: 0.1670
2025-10-10 06:30:09,057 [INFO] Época 3/30, Batch 1500/3348, Loss: 0.1586
2025-10-10 06:30:09,320 [INFO] Época 3/30, Batch 1550/3348, Loss: 0.1552
2025-10-10 06:30:09,581 [INFO] Época 3/30, Batch 1600/3348, Loss: 0.1940
2025-10-10 06:30:09,844 [INFO] Época 3/30, Batch 1650/3348, Loss: 0.1879
2025-10-10 06:30:10,106 [INFO] Época 3/30, Batch 1700/3348, Loss: 0.2506
2025-10-10 06:30:10,367 [INFO] Época 3/30, Batch 1750/3348, Loss: 0.1896
2025-10-10 06:30:10,631 [INFO] Época 3/30, Batch 1800/3348, Loss: 0.1196
2025-10-10 06:30:10,894 [INFO] Época 3/30, Batch 1850/3348, Loss: 0.1145
2025-10-10 06:30:11,164 [INFO] Época 3/30, Batch 1900/3348, Loss: 0.1645
2025-10-10 06:30:11,426 [INFO] Época 3/30, Batch 1950/3348, Loss: 0.1896
2025-10-10 06:30:11,685 [INFO] Época 3/30, Batch 2000/3348, Loss: 0.1228
2025-10-10 06:30:11,949 [INFO] Época 3/30, Batch 2050/3348, Loss: 0.1446
2025-10-10 06:30:12,209 [INFO] Época 3/30, Batch 2100/3348, Loss: 0.2592
2025-10-10 06:30:12,470 [INFO] Época 3/30, Batch 2150/3348, Loss: 0.2463
2025-10-10 06:30:12,731 [INFO] Época 3/30, Batch 2200/3348, Loss: 0.1410
2025-10-10 06:30:12,995 [INFO] Época 3/30, Batch 2250/3348, Loss: 0.1617
2025-10-10 06:30:13,258 [INFO] Época 3/30, Batch 2300/3348, Loss: 0.1444
2025-10-10 06:30:13,518 [INFO] Época 3/30, Batch 2350/3348, Loss: 0.1995
2025-10-10 06:30:13,777 [INFO] Época 3/30, Batch 2400/3348, Loss: 0.1529
2025-10-10 06:30:14,038 [INFO] Época 3/30, Batch 2450/3348, Loss: 0.1607
2025-10-10 06:30:14,299 [INFO] Época 3/30, Batch 2500/3348, Loss: 0.1759
2025-10-10 06:30:14,559 [INFO] Época 3/30, Batch 2550/3348, Loss: 0.2285
2025-10-10 06:30:14,823 [INFO] Época 3/30, Batch 2600/3348, Loss: 0.1893
2025-10-10 06:30:15,083 [INFO] Época 3/30, Batch 2650/3348, Loss: 0.1458
2025-10-10 06:30:15,344 [INFO] Época 3/30, Batch 2700/3348, Loss: 0.1453
2025-10-10 06:30:15,607 [INFO] Época 3/30, Batch 2750/3348, Loss: 0.2308
2025-10-10 06:30:15,870 [INFO] Época 3/30, Batch 2800/3348, Loss: 0.1207
2025-10-10 06:30:16,130 [INFO] Época 3/30, Batch 2850/3348, Loss: 0.1594
2025-10-10 06:30:16,399 [INFO] Época 3/30, Batch 2900/3348, Loss: 0.2075
2025-10-10 06:30:16,659 [INFO] Época 3/30, Batch 2950/3348, Loss: 0.1301
2025-10-10 06:30:16,922 [INFO] Época 3/30, Batch 3000/3348, Loss: 0.1899
2025-10-10 06:30:17,182 [INFO] Época 3/30, Batch 3050/3348, Loss: 0.1512
2025-10-10 06:30:17,444 [INFO] Época 3/30, Batch 3100/3348, Loss: 0.2563
2025-10-10 06:30:17,704 [INFO] Época 3/30, Batch 3150/3348, Loss: 0.1331
2025-10-10 06:30:17,964 [INFO] Época 3/30, Batch 3200/3348, Loss: 0.2063
2025-10-10 06:30:18,225 [INFO] Época 3/30, Batch 3250/3348, Loss: 0.2138
2025-10-10 06:30:18,485 [INFO] Época 3/30, Batch 3300/3348, Loss: 0.1896
2025-10-10 06:30:20,262 [INFO] [3/30] Train Loss: 0.1866 | Val Loss: 0.3228 | Tempo: 19.43s
2025-10-10 06:30:20,840 [INFO] Época 4/30, Batch 50/3348, Loss: 0.1646
2025-10-10 06:30:21,107 [INFO] Época 4/30, Batch 100/3348, Loss: 0.2082
2025-10-10 06:30:21,372 [INFO] Época 4/30, Batch 150/3348, Loss: 0.1791
2025-10-10 06:30:21,635 [INFO] Época 4/30, Batch 200/3348, Loss: 0.2220
2025-10-10 06:30:21,901 [INFO] Época 4/30, Batch 250/3348, Loss: 0.1557
2025-10-10 06:30:22,167 [INFO] Época 4/30, Batch 300/3348, Loss: 0.1258
2025-10-10 06:30:22,429 [INFO] Época 4/30, Batch 350/3348, Loss: 0.1664
2025-10-10 06:30:22,691 [INFO] Época 4/30, Batch 400/3348, Loss: 0.1707
2025-10-10 06:30:22,955 [INFO] Época 4/30, Batch 450/3348, Loss: 0.1906
2025-10-10 06:30:23,219 [INFO] Época 4/30, Batch 500/3348, Loss: 0.1487
2025-10-10 06:30:23,483 [INFO] Época 4/30, Batch 550/3348, Loss: 0.2398
2025-10-10 06:30:23,746 [INFO] Época 4/30, Batch 600/3348, Loss: 0.1224
2025-10-10 06:30:24,009 [INFO] Época 4/30, Batch 650/3348, Loss: 0.1825
2025-10-10 06:30:24,272 [INFO] Época 4/30, Batch 700/3348, Loss: 0.1624
2025-10-10 06:30:24,534 [INFO] Época 4/30, Batch 750/3348, Loss: 0.1616
2025-10-10 06:30:24,796 [INFO] Época 4/30, Batch 800/3348, Loss: 0.1661
2025-10-10 06:30:25,056 [INFO] Época 4/30, Batch 850/3348, Loss: 0.1092
2025-10-10 06:30:25,307 [INFO] Época 4/30, Batch 900/3348, Loss: 0.1302
2025-10-10 06:30:25,557 [INFO] Época 4/30, Batch 950/3348, Loss: 0.2155
2025-10-10 06:30:25,809 [INFO] Época 4/30, Batch 1000/3348, Loss: 0.1801
2025-10-10 06:30:26,061 [INFO] Época 4/30, Batch 1050/3348, Loss: 0.1302
2025-10-10 06:30:26,312 [INFO] Época 4/30, Batch 1100/3348, Loss: 0.2227
2025-10-10 06:30:26,563 [INFO] Época 4/30, Batch 1150/3348, Loss: 0.1317
2025-10-10 06:30:26,824 [INFO] Época 4/30, Batch 1200/3348, Loss: 0.1291
2025-10-10 06:30:27,075 [INFO] Época 4/30, Batch 1250/3348, Loss: 0.1270
2025-10-10 06:30:27,338 [INFO] Época 4/30, Batch 1300/3348, Loss: 0.2089
2025-10-10 06:30:27,601 [INFO] Época 4/30, Batch 1350/3348, Loss: 0.1759
2025-10-10 06:30:27,865 [INFO] Época 4/30, Batch 1400/3348, Loss: 0.1843
2025-10-10 06:30:28,127 [INFO] Época 4/30, Batch 1450/3348, Loss: 0.2638
2025-10-10 06:30:28,391 [INFO] Época 4/30, Batch 1500/3348, Loss: 0.2169
2025-10-10 06:30:28,656 [INFO] Época 4/30, Batch 1550/3348, Loss: 0.1829
2025-10-10 06:30:28,919 [INFO] Época 4/30, Batch 1600/3348, Loss: 0.1290
2025-10-10 06:30:29,182 [INFO] Época 4/30, Batch 1650/3348, Loss: 0.1677
2025-10-10 06:30:29,444 [INFO] Época 4/30, Batch 1700/3348, Loss: 0.1636
2025-10-10 06:30:29,709 [INFO] Época 4/30, Batch 1750/3348, Loss: 0.1507
2025-10-10 06:30:29,973 [INFO] Época 4/30, Batch 1800/3348, Loss: 0.1687
2025-10-10 06:30:30,237 [INFO] Época 4/30, Batch 1850/3348, Loss: 0.1677
2025-10-10 06:30:30,501 [INFO] Época 4/30, Batch 1900/3348, Loss: 0.1467
2025-10-10 06:30:30,764 [INFO] Época 4/30, Batch 1950/3348, Loss: 0.1834
2025-10-10 06:30:31,027 [INFO] Época 4/30, Batch 2000/3348, Loss: 0.2198
2025-10-10 06:30:31,289 [INFO] Época 4/30, Batch 2050/3348, Loss: 0.1245
2025-10-10 06:30:31,552 [INFO] Época 4/30, Batch 2100/3348, Loss: 0.1868
2025-10-10 06:30:31,815 [INFO] Época 4/30, Batch 2150/3348, Loss: 0.1273
2025-10-10 06:30:32,087 [INFO] Época 4/30, Batch 2200/3348, Loss: 0.1522
2025-10-10 06:30:32,351 [INFO] Época 4/30, Batch 2250/3348, Loss: 0.1766
2025-10-10 06:30:32,613 [INFO] Época 4/30, Batch 2300/3348, Loss: 0.1502
2025-10-10 06:30:32,878 [INFO] Época 4/30, Batch 2350/3348, Loss: 0.1582
2025-10-10 06:30:33,141 [INFO] Época 4/30, Batch 2400/3348, Loss: 0.1655
2025-10-10 06:30:33,404 [INFO] Época 4/30, Batch 2450/3348, Loss: 0.2102
2025-10-10 06:30:33,670 [INFO] Época 4/30, Batch 2500/3348, Loss: 0.1763
2025-10-10 06:30:33,933 [INFO] Época 4/30, Batch 2550/3348, Loss: 0.1249
2025-10-10 06:30:34,196 [INFO] Época 4/30, Batch 2600/3348, Loss: 0.1871
2025-10-10 06:30:34,460 [INFO] Época 4/30, Batch 2650/3348, Loss: 0.1385
2025-10-10 06:30:34,725 [INFO] Época 4/30, Batch 2700/3348, Loss: 0.1183
2025-10-10 06:30:34,988 [INFO] Época 4/30, Batch 2750/3348, Loss: 0.1830
2025-10-10 06:30:35,252 [INFO] Época 4/30, Batch 2800/3348, Loss: 0.1009
2025-10-10 06:30:35,512 [INFO] Época 4/30, Batch 2850/3348, Loss: 0.1349
2025-10-10 06:30:35,773 [INFO] Época 4/30, Batch 2900/3348, Loss: 0.1763
2025-10-10 06:30:36,034 [INFO] Época 4/30, Batch 2950/3348, Loss: 0.1606
2025-10-10 06:30:36,296 [INFO] Época 4/30, Batch 3000/3348, Loss: 0.1604
2025-10-10 06:30:36,561 [INFO] Época 4/30, Batch 3050/3348, Loss: 0.1583
2025-10-10 06:30:36,822 [INFO] Época 4/30, Batch 3100/3348, Loss: 0.1549
2025-10-10 06:30:37,094 [INFO] Época 4/30, Batch 3150/3348, Loss: 0.1338
2025-10-10 06:30:37,356 [INFO] Época 4/30, Batch 3200/3348, Loss: 0.1650
2025-10-10 06:30:37,617 [INFO] Época 4/30, Batch 3250/3348, Loss: 0.2108
2025-10-10 06:30:37,879 [INFO] Época 4/30, Batch 3300/3348, Loss: 0.1249
2025-10-10 06:30:39,755 [INFO] [4/30] Train Loss: 0.1688 | Val Loss: 0.3303 | Tempo: 19.49s
2025-10-10 06:30:40,339 [INFO] Época 5/30, Batch 50/3348, Loss: 0.1388
2025-10-10 06:30:40,609 [INFO] Época 5/30, Batch 100/3348, Loss: 0.1964
2025-10-10 06:30:40,877 [INFO] Época 5/30, Batch 150/3348, Loss: 0.1159
2025-10-10 06:30:41,140 [INFO] Época 5/30, Batch 200/3348, Loss: 0.1735
2025-10-10 06:30:41,407 [INFO] Época 5/30, Batch 250/3348, Loss: 0.1230
2025-10-10 06:30:41,672 [INFO] Época 5/30, Batch 300/3348, Loss: 0.1699
2025-10-10 06:30:41,936 [INFO] Época 5/30, Batch 350/3348, Loss: 0.1661
2025-10-10 06:30:42,209 [INFO] Época 5/30, Batch 400/3348, Loss: 0.1543
2025-10-10 06:30:42,471 [INFO] Época 5/30, Batch 450/3348, Loss: 0.1108
2025-10-10 06:30:42,735 [INFO] Época 5/30, Batch 500/3348, Loss: 0.2017
2025-10-10 06:30:42,996 [INFO] Época 5/30, Batch 550/3348, Loss: 0.1603
2025-10-10 06:30:43,258 [INFO] Época 5/30, Batch 600/3348, Loss: 0.1442
2025-10-10 06:30:43,523 [INFO] Época 5/30, Batch 650/3348, Loss: 0.1477
2025-10-10 06:30:43,781 [INFO] Época 5/30, Batch 700/3348, Loss: 0.1547
2025-10-10 06:30:44,037 [INFO] Época 5/30, Batch 750/3348, Loss: 0.1535
2025-10-10 06:30:44,300 [INFO] Época 5/30, Batch 800/3348, Loss: 0.1461
2025-10-10 06:30:44,563 [INFO] Época 5/30, Batch 850/3348, Loss: 0.1278
2025-10-10 06:30:44,825 [INFO] Época 5/30, Batch 900/3348, Loss: 0.1356
2025-10-10 06:30:45,086 [INFO] Época 5/30, Batch 950/3348, Loss: 0.1772
2025-10-10 06:30:45,349 [INFO] Época 5/30, Batch 1000/3348, Loss: 0.1709
2025-10-10 06:30:45,610 [INFO] Época 5/30, Batch 1050/3348, Loss: 0.0978
2025-10-10 06:30:45,872 [INFO] Época 5/30, Batch 1100/3348, Loss: 0.1474
2025-10-10 06:30:46,133 [INFO] Época 5/30, Batch 1150/3348, Loss: 0.1897
2025-10-10 06:30:46,396 [INFO] Época 5/30, Batch 1200/3348, Loss: 0.1353
2025-10-10 06:30:46,658 [INFO] Época 5/30, Batch 1250/3348, Loss: 0.2252
2025-10-10 06:30:46,921 [INFO] Época 5/30, Batch 1300/3348, Loss: 0.1574
2025-10-10 06:30:47,182 [INFO] Época 5/30, Batch 1350/3348, Loss: 0.1270
2025-10-10 06:30:47,447 [INFO] Época 5/30, Batch 1400/3348, Loss: 0.1966
2025-10-10 06:30:47,711 [INFO] Época 5/30, Batch 1450/3348, Loss: 0.1948
2025-10-10 06:30:47,978 [INFO] Época 5/30, Batch 1500/3348, Loss: 0.1157
2025-10-10 06:30:48,245 [INFO] Época 5/30, Batch 1550/3348, Loss: 0.1519
2025-10-10 06:30:48,510 [INFO] Época 5/30, Batch 1600/3348, Loss: 0.2525
2025-10-10 06:30:48,775 [INFO] Época 5/30, Batch 1650/3348, Loss: 0.1701
2025-10-10 06:30:49,041 [INFO] Época 5/30, Batch 1700/3348, Loss: 0.1610
2025-10-10 06:30:49,304 [INFO] Época 5/30, Batch 1750/3348, Loss: 0.1105
2025-10-10 06:30:49,570 [INFO] Época 5/30, Batch 1800/3348, Loss: 0.1210
2025-10-10 06:30:49,837 [INFO] Época 5/30, Batch 1850/3348, Loss: 0.1683
2025-10-10 06:30:50,101 [INFO] Época 5/30, Batch 1900/3348, Loss: 0.1465
2025-10-10 06:30:50,366 [INFO] Época 5/30, Batch 1950/3348, Loss: 0.1403
2025-10-10 06:30:50,630 [INFO] Época 5/30, Batch 2000/3348, Loss: 0.1809
2025-10-10 06:30:50,896 [INFO] Época 5/30, Batch 2050/3348, Loss: 0.1335
2025-10-10 06:30:51,160 [INFO] Época 5/30, Batch 2100/3348, Loss: 0.2446
2025-10-10 06:30:51,425 [INFO] Época 5/30, Batch 2150/3348, Loss: 0.1408
2025-10-10 06:30:51,691 [INFO] Época 5/30, Batch 2200/3348, Loss: 0.1584
2025-10-10 06:30:51,957 [INFO] Época 5/30, Batch 2250/3348, Loss: 0.1690
2025-10-10 06:30:52,223 [INFO] Época 5/30, Batch 2300/3348, Loss: 0.1582
2025-10-10 06:30:52,494 [INFO] Época 5/30, Batch 2350/3348, Loss: 0.1257
2025-10-10 06:30:52,757 [INFO] Época 5/30, Batch 2400/3348, Loss: 0.1379
2025-10-10 06:30:53,018 [INFO] Época 5/30, Batch 2450/3348, Loss: 0.1725
2025-10-10 06:30:53,279 [INFO] Época 5/30, Batch 2500/3348, Loss: 0.1863
2025-10-10 06:30:53,542 [INFO] Época 5/30, Batch 2550/3348, Loss: 0.1606
2025-10-10 06:30:53,802 [INFO] Época 5/30, Batch 2600/3348, Loss: 0.1569
2025-10-10 06:30:54,064 [INFO] Época 5/30, Batch 2650/3348, Loss: 0.1498
2025-10-10 06:30:54,326 [INFO] Época 5/30, Batch 2700/3348, Loss: 0.1794
2025-10-10 06:30:54,588 [INFO] Época 5/30, Batch 2750/3348, Loss: 0.1355
2025-10-10 06:30:54,850 [INFO] Época 5/30, Batch 2800/3348, Loss: 0.1257
2025-10-10 06:30:55,111 [INFO] Época 5/30, Batch 2850/3348, Loss: 0.1093
2025-10-10 06:30:55,372 [INFO] Época 5/30, Batch 2900/3348, Loss: 0.1549
2025-10-10 06:30:55,636 [INFO] Época 5/30, Batch 2950/3348, Loss: 0.2135
2025-10-10 06:30:55,901 [INFO] Época 5/30, Batch 3000/3348, Loss: 0.1376
2025-10-10 06:30:56,168 [INFO] Época 5/30, Batch 3050/3348, Loss: 0.1496
2025-10-10 06:30:56,437 [INFO] Época 5/30, Batch 3100/3348, Loss: 0.1661
2025-10-10 06:30:56,703 [INFO] Época 5/30, Batch 3150/3348, Loss: 0.1795
2025-10-10 06:30:56,968 [INFO] Época 5/30, Batch 3200/3348, Loss: 0.1161
2025-10-10 06:30:57,231 [INFO] Época 5/30, Batch 3250/3348, Loss: 0.1391
2025-10-10 06:30:57,505 [INFO] Época 5/30, Batch 3300/3348, Loss: 0.1563
2025-10-10 06:30:59,380 [INFO] [5/30] Train Loss: 0.1562 | Val Loss: 0.3268 | Tempo: 19.63s
2025-10-10 06:30:59,967 [INFO] Época 6/30, Batch 50/3348, Loss: 0.1734
2025-10-10 06:31:00,236 [INFO] Época 6/30, Batch 100/3348, Loss: 0.1381
2025-10-10 06:31:00,502 [INFO] Época 6/30, Batch 150/3348, Loss: 0.1423
2025-10-10 06:31:00,767 [INFO] Época 6/30, Batch 200/3348, Loss: 0.1216
2025-10-10 06:31:01,030 [INFO] Época 6/30, Batch 250/3348, Loss: 0.1782
2025-10-10 06:31:01,294 [INFO] Época 6/30, Batch 300/3348, Loss: 0.1387
2025-10-10 06:31:01,556 [INFO] Época 6/30, Batch 350/3348, Loss: 0.1572
2025-10-10 06:31:01,817 [INFO] Época 6/30, Batch 400/3348, Loss: 0.1680
2025-10-10 06:31:02,080 [INFO] Época 6/30, Batch 450/3348, Loss: 0.1209
2025-10-10 06:31:02,340 [INFO] Época 6/30, Batch 500/3348, Loss: 0.1419
2025-10-10 06:31:02,603 [INFO] Época 6/30, Batch 550/3348, Loss: 0.1147
2025-10-10 06:31:02,865 [INFO] Época 6/30, Batch 600/3348, Loss: 0.2081
2025-10-10 06:31:03,127 [INFO] Época 6/30, Batch 650/3348, Loss: 0.1637
2025-10-10 06:31:03,384 [INFO] Época 6/30, Batch 700/3348, Loss: 0.1091
2025-10-10 06:31:03,638 [INFO] Época 6/30, Batch 750/3348, Loss: 0.1409
2025-10-10 06:31:03,892 [INFO] Época 6/30, Batch 800/3348, Loss: 0.1357
2025-10-10 06:31:04,146 [INFO] Época 6/30, Batch 850/3348, Loss: 0.2421
2025-10-10 06:31:04,408 [INFO] Época 6/30, Batch 900/3348, Loss: 0.1124
2025-10-10 06:31:04,672 [INFO] Época 6/30, Batch 950/3348, Loss: 0.1225
2025-10-10 06:31:04,942 [INFO] Época 6/30, Batch 1000/3348, Loss: 0.1609
2025-10-10 06:31:05,215 [INFO] Época 6/30, Batch 1050/3348, Loss: 0.1166
2025-10-10 06:31:05,483 [INFO] Época 6/30, Batch 1100/3348, Loss: 0.1821
2025-10-10 06:31:05,752 [INFO] Época 6/30, Batch 1150/3348, Loss: 0.1154
2025-10-10 06:31:06,022 [INFO] Época 6/30, Batch 1200/3348, Loss: 0.1556
2025-10-10 06:31:06,296 [INFO] Época 6/30, Batch 1250/3348, Loss: 0.1627
2025-10-10 06:31:06,569 [INFO] Época 6/30, Batch 1300/3348, Loss: 0.1565
2025-10-10 06:31:06,843 [INFO] Época 6/30, Batch 1350/3348, Loss: 0.2007
2025-10-10 06:31:07,114 [INFO] Época 6/30, Batch 1400/3348, Loss: 0.1810
2025-10-10 06:31:07,386 [INFO] Época 6/30, Batch 1450/3348, Loss: 0.1510
2025-10-10 06:31:07,668 [INFO] Época 6/30, Batch 1500/3348, Loss: 0.1443
2025-10-10 06:31:07,941 [INFO] Época 6/30, Batch 1550/3348, Loss: 0.1551
2025-10-10 06:31:08,214 [INFO] Época 6/30, Batch 1600/3348, Loss: 0.1649
2025-10-10 06:31:08,486 [INFO] Época 6/30, Batch 1650/3348, Loss: 0.1459
2025-10-10 06:31:08,759 [INFO] Época 6/30, Batch 1700/3348, Loss: 0.1160
2025-10-10 06:31:09,032 [INFO] Época 6/30, Batch 1750/3348, Loss: 0.2268
2025-10-10 06:31:09,305 [INFO] Época 6/30, Batch 1800/3348, Loss: 0.1536
2025-10-10 06:31:09,577 [INFO] Época 6/30, Batch 1850/3348, Loss: 0.1106
2025-10-10 06:31:09,846 [INFO] Época 6/30, Batch 1900/3348, Loss: 0.1969
2025-10-10 06:31:10,118 [INFO] Época 6/30, Batch 1950/3348, Loss: 0.1287
2025-10-10 06:31:10,391 [INFO] Época 6/30, Batch 2000/3348, Loss: 0.1811
2025-10-10 06:31:10,664 [INFO] Época 6/30, Batch 2050/3348, Loss: 0.1231
2025-10-10 06:31:10,938 [INFO] Época 6/30, Batch 2100/3348, Loss: 0.1037
2025-10-10 06:31:11,211 [INFO] Época 6/30, Batch 2150/3348, Loss: 0.1357
2025-10-10 06:31:11,483 [INFO] Época 6/30, Batch 2200/3348, Loss: 0.1486
2025-10-10 06:31:11,747 [INFO] Época 6/30, Batch 2250/3348, Loss: 0.1477
2025-10-10 06:31:12,009 [INFO] Época 6/30, Batch 2300/3348, Loss: 0.1048
2025-10-10 06:31:12,271 [INFO] Época 6/30, Batch 2350/3348, Loss: 0.1907
2025-10-10 06:31:12,538 [INFO] Época 6/30, Batch 2400/3348, Loss: 0.1707
2025-10-10 06:31:12,814 [INFO] Época 6/30, Batch 2450/3348, Loss: 0.1701
2025-10-10 06:31:13,086 [INFO] Época 6/30, Batch 2500/3348, Loss: 0.1202
2025-10-10 06:31:13,358 [INFO] Época 6/30, Batch 2550/3348, Loss: 0.1534
2025-10-10 06:31:13,630 [INFO] Época 6/30, Batch 2600/3348, Loss: 0.1279
2025-10-10 06:31:13,902 [INFO] Época 6/30, Batch 2650/3348, Loss: 0.1825
2025-10-10 06:31:14,174 [INFO] Época 6/30, Batch 2700/3348, Loss: 0.1139
2025-10-10 06:31:14,446 [INFO] Época 6/30, Batch 2750/3348, Loss: 0.0769
2025-10-10 06:31:14,718 [INFO] Época 6/30, Batch 2800/3348, Loss: 0.1656
2025-10-10 06:31:14,994 [INFO] Época 6/30, Batch 2850/3348, Loss: 0.1165
2025-10-10 06:31:15,265 [INFO] Época 6/30, Batch 2900/3348, Loss: 0.1983
2025-10-10 06:31:15,537 [INFO] Época 6/30, Batch 2950/3348, Loss: 0.2136
2025-10-10 06:31:15,808 [INFO] Época 6/30, Batch 3000/3348, Loss: 0.1402
2025-10-10 06:31:16,081 [INFO] Época 6/30, Batch 3050/3348, Loss: 0.1495
2025-10-10 06:31:16,354 [INFO] Época 6/30, Batch 3100/3348, Loss: 0.0983
2025-10-10 06:31:16,628 [INFO] Época 6/30, Batch 3150/3348, Loss: 0.1677
2025-10-10 06:31:16,901 [INFO] Época 6/30, Batch 3200/3348, Loss: 0.1015
2025-10-10 06:31:17,178 [INFO] Época 6/30, Batch 3250/3348, Loss: 0.1436
2025-10-10 06:31:17,452 [INFO] Época 6/30, Batch 3300/3348, Loss: 0.0880
2025-10-10 06:31:19,253 [INFO] [6/30] Train Loss: 0.1471 | Val Loss: 0.3140 | Tempo: 19.87s
2025-10-10 06:31:19,830 [INFO] Época 7/30, Batch 50/3348, Loss: 0.1797
2025-10-10 06:31:20,098 [INFO] Época 7/30, Batch 100/3348, Loss: 0.1222
2025-10-10 06:31:20,366 [INFO] Época 7/30, Batch 150/3348, Loss: 0.1435
2025-10-10 06:31:20,633 [INFO] Época 7/30, Batch 200/3348, Loss: 0.1833
2025-10-10 06:31:20,896 [INFO] Época 7/30, Batch 250/3348, Loss: 0.1314
2025-10-10 06:31:21,161 [INFO] Época 7/30, Batch 300/3348, Loss: 0.1615
2025-10-10 06:31:21,427 [INFO] Época 7/30, Batch 350/3348, Loss: 0.1873
2025-10-10 06:31:21,689 [INFO] Época 7/30, Batch 400/3348, Loss: 0.1467
2025-10-10 06:31:21,952 [INFO] Época 7/30, Batch 450/3348, Loss: 0.1301
2025-10-10 06:31:22,214 [INFO] Época 7/30, Batch 500/3348, Loss: 0.1078
2025-10-10 06:31:22,477 [INFO] Época 7/30, Batch 550/3348, Loss: 0.1454
2025-10-10 06:31:22,744 [INFO] Época 7/30, Batch 600/3348, Loss: 0.1250
2025-10-10 06:31:23,008 [INFO] Época 7/30, Batch 650/3348, Loss: 0.2049
2025-10-10 06:31:23,267 [INFO] Época 7/30, Batch 700/3348, Loss: 0.1203
2025-10-10 06:31:23,520 [INFO] Época 7/30, Batch 750/3348, Loss: 0.1241
2025-10-10 06:31:23,772 [INFO] Época 7/30, Batch 800/3348, Loss: 0.1037
2025-10-10 06:31:24,024 [INFO] Época 7/30, Batch 850/3348, Loss: 0.1907
2025-10-10 06:31:24,274 [INFO] Época 7/30, Batch 900/3348, Loss: 0.1402
2025-10-10 06:31:24,536 [INFO] Época 7/30, Batch 950/3348, Loss: 0.1399
2025-10-10 06:31:24,785 [INFO] Época 7/30, Batch 1000/3348, Loss: 0.1725
2025-10-10 06:31:25,032 [INFO] Época 7/30, Batch 1050/3348, Loss: 0.1024
2025-10-10 06:31:25,281 [INFO] Época 7/30, Batch 1100/3348, Loss: 0.1432
2025-10-10 06:31:25,527 [INFO] Época 7/30, Batch 1150/3348, Loss: 0.1410
2025-10-10 06:31:25,778 [INFO] Época 7/30, Batch 1200/3348, Loss: 0.1257
2025-10-10 06:31:26,031 [INFO] Época 7/30, Batch 1250/3348, Loss: 0.1362
2025-10-10 06:31:26,288 [INFO] Época 7/30, Batch 1300/3348, Loss: 0.1143
2025-10-10 06:31:26,553 [INFO] Época 7/30, Batch 1350/3348, Loss: 0.1288
2025-10-10 06:31:26,816 [INFO] Época 7/30, Batch 1400/3348, Loss: 0.1154
2025-10-10 06:31:27,080 [INFO] Época 7/30, Batch 1450/3348, Loss: 0.1508
2025-10-10 06:31:27,342 [INFO] Época 7/30, Batch 1500/3348, Loss: 0.1343
2025-10-10 06:31:27,608 [INFO] Época 7/30, Batch 1550/3348, Loss: 0.1703
2025-10-10 06:31:27,871 [INFO] Época 7/30, Batch 1600/3348, Loss: 0.1133
2025-10-10 06:31:28,132 [INFO] Época 7/30, Batch 1650/3348, Loss: 0.1498
2025-10-10 06:31:28,391 [INFO] Época 7/30, Batch 1700/3348, Loss: 0.1068
2025-10-10 06:31:28,653 [INFO] Época 7/30, Batch 1750/3348, Loss: 0.0839
2025-10-10 06:31:28,916 [INFO] Época 7/30, Batch 1800/3348, Loss: 0.1603
2025-10-10 06:31:29,182 [INFO] Época 7/30, Batch 1850/3348, Loss: 0.1365
2025-10-10 06:31:29,445 [INFO] Época 7/30, Batch 1900/3348, Loss: 0.1532
2025-10-10 06:31:29,714 [INFO] Época 7/30, Batch 1950/3348, Loss: 0.1636
2025-10-10 06:31:29,979 [INFO] Época 7/30, Batch 2000/3348, Loss: 0.1326
2025-10-10 06:31:30,242 [INFO] Época 7/30, Batch 2050/3348, Loss: 0.1621
2025-10-10 06:31:30,506 [INFO] Época 7/30, Batch 2100/3348, Loss: 0.1344
2025-10-10 06:31:30,770 [INFO] Época 7/30, Batch 2150/3348, Loss: 0.2182
2025-10-10 06:31:31,033 [INFO] Época 7/30, Batch 2200/3348, Loss: 0.1329
2025-10-10 06:31:31,297 [INFO] Época 7/30, Batch 2250/3348, Loss: 0.1773
2025-10-10 06:31:31,561 [INFO] Época 7/30, Batch 2300/3348, Loss: 0.1821
2025-10-10 06:31:31,827 [INFO] Época 7/30, Batch 2350/3348, Loss: 0.0839
2025-10-10 06:31:32,090 [INFO] Época 7/30, Batch 2400/3348, Loss: 0.1186
2025-10-10 06:31:32,354 [INFO] Época 7/30, Batch 2450/3348, Loss: 0.1425
2025-10-10 06:31:32,617 [INFO] Época 7/30, Batch 2500/3348, Loss: 0.2272
2025-10-10 06:31:32,884 [INFO] Época 7/30, Batch 2550/3348, Loss: 0.1195
2025-10-10 06:31:33,148 [INFO] Época 7/30, Batch 2600/3348, Loss: 0.1405
2025-10-10 06:31:33,412 [INFO] Época 7/30, Batch 2650/3348, Loss: 0.1748
2025-10-10 06:31:33,676 [INFO] Época 7/30, Batch 2700/3348, Loss: 0.1049
2025-10-10 06:31:33,942 [INFO] Época 7/30, Batch 2750/3348, Loss: 0.1262
2025-10-10 06:31:34,207 [INFO] Época 7/30, Batch 2800/3348, Loss: 0.1078
2025-10-10 06:31:34,472 [INFO] Época 7/30, Batch 2850/3348, Loss: 0.1532
2025-10-10 06:31:34,751 [INFO] Época 7/30, Batch 2900/3348, Loss: 0.1234
2025-10-10 06:31:35,014 [INFO] Época 7/30, Batch 2950/3348, Loss: 0.1127
2025-10-10 06:31:35,277 [INFO] Época 7/30, Batch 3000/3348, Loss: 0.2110
2025-10-10 06:31:35,542 [INFO] Época 7/30, Batch 3050/3348, Loss: 0.1249
2025-10-10 06:31:35,806 [INFO] Época 7/30, Batch 3100/3348, Loss: 0.1242
2025-10-10 06:31:36,069 [INFO] Época 7/30, Batch 3150/3348, Loss: 0.1665
2025-10-10 06:31:36,333 [INFO] Época 7/30, Batch 3200/3348, Loss: 0.1130
2025-10-10 06:31:36,595 [INFO] Época 7/30, Batch 3250/3348, Loss: 0.1257
2025-10-10 06:31:36,859 [INFO] Época 7/30, Batch 3300/3348, Loss: 0.1919
2025-10-10 06:31:38,629 [INFO] [7/30] Train Loss: 0.1400 | Val Loss: 0.3246 | Tempo: 19.38s
2025-10-10 06:31:39,207 [INFO] Época 8/30, Batch 50/3348, Loss: 0.0955
2025-10-10 06:31:39,478 [INFO] Época 8/30, Batch 100/3348, Loss: 0.1660
2025-10-10 06:31:39,757 [INFO] Época 8/30, Batch 150/3348, Loss: 0.0768
2025-10-10 06:31:40,024 [INFO] Época 8/30, Batch 200/3348, Loss: 0.1219
2025-10-10 06:31:40,288 [INFO] Época 8/30, Batch 250/3348, Loss: 0.1261
2025-10-10 06:31:40,551 [INFO] Época 8/30, Batch 300/3348, Loss: 0.1667
2025-10-10 06:31:40,816 [INFO] Época 8/30, Batch 350/3348, Loss: 0.1166
2025-10-10 06:31:41,081 [INFO] Época 8/30, Batch 400/3348, Loss: 0.1822
2025-10-10 06:31:41,342 [INFO] Época 8/30, Batch 450/3348, Loss: 0.1204
2025-10-10 06:31:41,606 [INFO] Época 8/30, Batch 500/3348, Loss: 0.1356
2025-10-10 06:31:41,869 [INFO] Época 8/30, Batch 550/3348, Loss: 0.0932
2025-10-10 06:31:42,132 [INFO] Época 8/30, Batch 600/3348, Loss: 0.1351
2025-10-10 06:31:42,394 [INFO] Época 8/30, Batch 650/3348, Loss: 0.0984
2025-10-10 06:31:42,655 [INFO] Época 8/30, Batch 700/3348, Loss: 0.0733
2025-10-10 06:31:42,920 [INFO] Época 8/30, Batch 750/3348, Loss: 0.1603
2025-10-10 06:31:43,185 [INFO] Época 8/30, Batch 800/3348, Loss: 0.1857
2025-10-10 06:31:43,450 [INFO] Época 8/30, Batch 850/3348, Loss: 0.1174
2025-10-10 06:31:43,715 [INFO] Época 8/30, Batch 900/3348, Loss: 0.0991
2025-10-10 06:31:43,980 [INFO] Época 8/30, Batch 950/3348, Loss: 0.1288
2025-10-10 06:31:44,243 [INFO] Época 8/30, Batch 1000/3348, Loss: 0.1569
2025-10-10 06:31:44,504 [INFO] Época 8/30, Batch 1050/3348, Loss: 0.1454
2025-10-10 06:31:44,778 [INFO] Época 8/30, Batch 1100/3348, Loss: 0.1344
2025-10-10 06:31:45,042 [INFO] Época 8/30, Batch 1150/3348, Loss: 0.1565
2025-10-10 06:31:45,304 [INFO] Época 8/30, Batch 1200/3348, Loss: 0.1486
2025-10-10 06:31:45,568 [INFO] Época 8/30, Batch 1250/3348, Loss: 0.1272
2025-10-10 06:31:45,829 [INFO] Época 8/30, Batch 1300/3348, Loss: 0.1129
2025-10-10 06:31:46,090 [INFO] Época 8/30, Batch 1350/3348, Loss: 0.1664
2025-10-10 06:31:46,355 [INFO] Época 8/30, Batch 1400/3348, Loss: 0.1254
2025-10-10 06:31:46,618 [INFO] Época 8/30, Batch 1450/3348, Loss: 0.1271
2025-10-10 06:31:46,880 [INFO] Época 8/30, Batch 1500/3348, Loss: 0.1752
2025-10-10 06:31:47,142 [INFO] Época 8/30, Batch 1550/3348, Loss: 0.1323
2025-10-10 06:31:47,404 [INFO] Época 8/30, Batch 1600/3348, Loss: 0.1216
2025-10-10 06:31:47,667 [INFO] Época 8/30, Batch 1650/3348, Loss: 0.1254
2025-10-10 06:31:47,930 [INFO] Época 8/30, Batch 1700/3348, Loss: 0.1772
2025-10-10 06:31:48,192 [INFO] Época 8/30, Batch 1750/3348, Loss: 0.1296
2025-10-10 06:31:48,455 [INFO] Época 8/30, Batch 1800/3348, Loss: 0.1031
2025-10-10 06:31:48,716 [INFO] Época 8/30, Batch 1850/3348, Loss: 0.1163
2025-10-10 06:31:48,981 [INFO] Época 8/30, Batch 1900/3348, Loss: 0.0914
2025-10-10 06:31:49,242 [INFO] Época 8/30, Batch 1950/3348, Loss: 0.1765
2025-10-10 06:31:49,504 [INFO] Época 8/30, Batch 2000/3348, Loss: 0.1988
2025-10-10 06:31:49,767 [INFO] Época 8/30, Batch 2050/3348, Loss: 0.1117
2025-10-10 06:31:50,028 [INFO] Época 8/30, Batch 2100/3348, Loss: 0.1481
2025-10-10 06:31:50,292 [INFO] Época 8/30, Batch 2150/3348, Loss: 0.2448
2025-10-10 06:31:50,556 [INFO] Época 8/30, Batch 2200/3348, Loss: 0.1134
2025-10-10 06:31:50,818 [INFO] Época 8/30, Batch 2250/3348, Loss: 0.1618
2025-10-10 06:31:51,080 [INFO] Época 8/30, Batch 2300/3348, Loss: 0.1117
2025-10-10 06:31:51,342 [INFO] Época 8/30, Batch 2350/3348, Loss: 0.1832
2025-10-10 06:31:51,607 [INFO] Época 8/30, Batch 2400/3348, Loss: 0.1376
2025-10-10 06:31:51,870 [INFO] Época 8/30, Batch 2450/3348, Loss: 0.1202
2025-10-10 06:31:52,132 [INFO] Época 8/30, Batch 2500/3348, Loss: 0.2265
2025-10-10 06:31:52,395 [INFO] Época 8/30, Batch 2550/3348, Loss: 0.1469
2025-10-10 06:31:52,660 [INFO] Época 8/30, Batch 2600/3348, Loss: 0.1260
2025-10-10 06:31:52,924 [INFO] Época 8/30, Batch 2650/3348, Loss: 0.1142
2025-10-10 06:31:53,185 [INFO] Época 8/30, Batch 2700/3348, Loss: 0.1298
2025-10-10 06:31:53,448 [INFO] Época 8/30, Batch 2750/3348, Loss: 0.1045
2025-10-10 06:31:53,713 [INFO] Época 8/30, Batch 2800/3348, Loss: 0.1506
2025-10-10 06:31:53,978 [INFO] Época 8/30, Batch 2850/3348, Loss: 0.1215
2025-10-10 06:31:54,243 [INFO] Época 8/30, Batch 2900/3348, Loss: 0.1155
2025-10-10 06:31:54,507 [INFO] Época 8/30, Batch 2950/3348, Loss: 0.0744
2025-10-10 06:31:54,785 [INFO] Época 8/30, Batch 3000/3348, Loss: 0.1427
2025-10-10 06:31:55,051 [INFO] Época 8/30, Batch 3050/3348, Loss: 0.0900
2025-10-10 06:31:55,316 [INFO] Época 8/30, Batch 3100/3348, Loss: 0.1065
2025-10-10 06:31:55,580 [INFO] Época 8/30, Batch 3150/3348, Loss: 0.1455
2025-10-10 06:31:55,844 [INFO] Época 8/30, Batch 3200/3348, Loss: 0.1588
2025-10-10 06:31:56,107 [INFO] Época 8/30, Batch 3250/3348, Loss: 0.0915
2025-10-10 06:31:56,371 [INFO] Época 8/30, Batch 3300/3348, Loss: 0.1482
2025-10-10 06:31:58,320 [INFO] [8/30] Train Loss: 0.1337 | Val Loss: 0.3340 | Tempo: 19.69s
2025-10-10 06:31:58,895 [INFO] Época 9/30, Batch 50/3348, Loss: 0.1231
2025-10-10 06:31:59,162 [INFO] Época 9/30, Batch 100/3348, Loss: 0.1330
2025-10-10 06:31:59,424 [INFO] Época 9/30, Batch 150/3348, Loss: 0.1224
2025-10-10 06:31:59,686 [INFO] Época 9/30, Batch 200/3348, Loss: 0.1268
2025-10-10 06:31:59,950 [INFO] Época 9/30, Batch 250/3348, Loss: 0.1533
2025-10-10 06:32:00,212 [INFO] Época 9/30, Batch 300/3348, Loss: 0.1362
2025-10-10 06:32:00,471 [INFO] Época 9/30, Batch 350/3348, Loss: 0.1315
2025-10-10 06:32:00,735 [INFO] Época 9/30, Batch 400/3348, Loss: 0.0894
2025-10-10 06:32:00,995 [INFO] Época 9/30, Batch 450/3348, Loss: 0.0949
2025-10-10 06:32:01,256 [INFO] Época 9/30, Batch 500/3348, Loss: 0.1193
2025-10-10 06:32:01,516 [INFO] Época 9/30, Batch 550/3348, Loss: 0.1411
2025-10-10 06:32:01,776 [INFO] Época 9/30, Batch 600/3348, Loss: 0.1157
2025-10-10 06:32:02,036 [INFO] Época 9/30, Batch 650/3348, Loss: 0.1025
2025-10-10 06:32:02,297 [INFO] Época 9/30, Batch 700/3348, Loss: 0.0947
2025-10-10 06:32:02,557 [INFO] Época 9/30, Batch 750/3348, Loss: 0.1106
2025-10-10 06:32:02,818 [INFO] Época 9/30, Batch 800/3348, Loss: 0.1602
2025-10-10 06:32:03,081 [INFO] Época 9/30, Batch 850/3348, Loss: 0.1482
2025-10-10 06:32:03,342 [INFO] Época 9/30, Batch 900/3348, Loss: 0.1221
2025-10-10 06:32:03,601 [INFO] Época 9/30, Batch 950/3348, Loss: 0.1234
2025-10-10 06:32:03,862 [INFO] Época 9/30, Batch 1000/3348, Loss: 0.2115
2025-10-10 06:32:04,122 [INFO] Época 9/30, Batch 1050/3348, Loss: 0.1530
2025-10-10 06:32:04,381 [INFO] Época 9/30, Batch 1100/3348, Loss: 0.1241
2025-10-10 06:32:04,643 [INFO] Época 9/30, Batch 1150/3348, Loss: 0.1271
2025-10-10 06:32:04,904 [INFO] Época 9/30, Batch 1200/3348, Loss: 0.1353
2025-10-10 06:32:05,165 [INFO] Época 9/30, Batch 1250/3348, Loss: 0.0809
2025-10-10 06:32:05,424 [INFO] Época 9/30, Batch 1300/3348, Loss: 0.1460
2025-10-10 06:32:05,684 [INFO] Época 9/30, Batch 1350/3348, Loss: 0.1231
2025-10-10 06:32:05,946 [INFO] Época 9/30, Batch 1400/3348, Loss: 0.1358
2025-10-10 06:32:06,205 [INFO] Época 9/30, Batch 1450/3348, Loss: 0.1034
2025-10-10 06:32:06,465 [INFO] Época 9/30, Batch 1500/3348, Loss: 0.1574
2025-10-10 06:32:06,725 [INFO] Época 9/30, Batch 1550/3348, Loss: 0.1221
2025-10-10 06:32:06,984 [INFO] Época 9/30, Batch 1600/3348, Loss: 0.1270
2025-10-10 06:32:07,245 [INFO] Época 9/30, Batch 1650/3348, Loss: 0.1217
2025-10-10 06:32:07,504 [INFO] Época 9/30, Batch 1700/3348, Loss: 0.1315
2025-10-10 06:32:07,763 [INFO] Época 9/30, Batch 1750/3348, Loss: 0.1499
2025-10-10 06:32:08,024 [INFO] Época 9/30, Batch 1800/3348, Loss: 0.1247
2025-10-10 06:32:08,285 [INFO] Época 9/30, Batch 1850/3348, Loss: 0.1006
2025-10-10 06:32:08,544 [INFO] Época 9/30, Batch 1900/3348, Loss: 0.1030
2025-10-10 06:32:08,804 [INFO] Época 9/30, Batch 1950/3348, Loss: 0.1306
2025-10-10 06:32:09,063 [INFO] Época 9/30, Batch 2000/3348, Loss: 0.1450
2025-10-10 06:32:09,322 [INFO] Época 9/30, Batch 2050/3348, Loss: 0.1188
2025-10-10 06:32:09,582 [INFO] Época 9/30, Batch 2100/3348, Loss: 0.1194
2025-10-10 06:32:09,842 [INFO] Época 9/30, Batch 2150/3348, Loss: 0.0886
2025-10-10 06:32:10,103 [INFO] Época 9/30, Batch 2200/3348, Loss: 0.1603
2025-10-10 06:32:10,372 [INFO] Época 9/30, Batch 2250/3348, Loss: 0.1149
2025-10-10 06:32:10,632 [INFO] Época 9/30, Batch 2300/3348, Loss: 0.1985
2025-10-10 06:32:10,893 [INFO] Época 9/30, Batch 2350/3348, Loss: 0.1433
2025-10-10 06:32:11,151 [INFO] Época 9/30, Batch 2400/3348, Loss: 0.1290
2025-10-10 06:32:11,414 [INFO] Época 9/30, Batch 2450/3348, Loss: 0.0862
2025-10-10 06:32:11,674 [INFO] Época 9/30, Batch 2500/3348, Loss: 0.1091
2025-10-10 06:32:11,933 [INFO] Época 9/30, Batch 2550/3348, Loss: 0.1490
2025-10-10 06:32:12,192 [INFO] Época 9/30, Batch 2600/3348, Loss: 0.1271
2025-10-10 06:32:12,452 [INFO] Época 9/30, Batch 2650/3348, Loss: 0.1384
2025-10-10 06:32:12,713 [INFO] Época 9/30, Batch 2700/3348, Loss: 0.1281
2025-10-10 06:32:12,973 [INFO] Época 9/30, Batch 2750/3348, Loss: 0.0878
2025-10-10 06:32:13,233 [INFO] Época 9/30, Batch 2800/3348, Loss: 0.1482
2025-10-10 06:32:13,494 [INFO] Época 9/30, Batch 2850/3348, Loss: 0.1250
2025-10-10 06:32:13,753 [INFO] Época 9/30, Batch 2900/3348, Loss: 0.1426
2025-10-10 06:32:14,015 [INFO] Época 9/30, Batch 2950/3348, Loss: 0.1063
2025-10-10 06:32:14,276 [INFO] Época 9/30, Batch 3000/3348, Loss: 0.1401
2025-10-10 06:32:14,535 [INFO] Época 9/30, Batch 3050/3348, Loss: 0.1107
2025-10-10 06:32:14,796 [INFO] Época 9/30, Batch 3100/3348, Loss: 0.1139
2025-10-10 06:32:15,056 [INFO] Época 9/30, Batch 3150/3348, Loss: 0.1048
2025-10-10 06:32:15,318 [INFO] Época 9/30, Batch 3200/3348, Loss: 0.1318
2025-10-10 06:32:15,579 [INFO] Época 9/30, Batch 3250/3348, Loss: 0.2075
2025-10-10 06:32:15,841 [INFO] Época 9/30, Batch 3300/3348, Loss: 0.0646
2025-10-10 06:32:17,752 [INFO] [9/30] Train Loss: 0.1288 | Val Loss: 0.3197 | Tempo: 19.43s
2025-10-10 06:32:18,331 [INFO] Época 10/30, Batch 50/3348, Loss: 0.0866
2025-10-10 06:32:18,599 [INFO] Época 10/30, Batch 100/3348, Loss: 0.1237
2025-10-10 06:32:18,865 [INFO] Época 10/30, Batch 150/3348, Loss: 0.0862
2025-10-10 06:32:19,130 [INFO] Época 10/30, Batch 200/3348, Loss: 0.1417
2025-10-10 06:32:19,394 [INFO] Época 10/30, Batch 250/3348, Loss: 0.0848
2025-10-10 06:32:19,657 [INFO] Época 10/30, Batch 300/3348, Loss: 0.1762
2025-10-10 06:32:19,923 [INFO] Época 10/30, Batch 350/3348, Loss: 0.0881
2025-10-10 06:32:20,187 [INFO] Época 10/30, Batch 400/3348, Loss: 0.0763
2025-10-10 06:32:20,451 [INFO] Época 10/30, Batch 450/3348, Loss: 0.1124
2025-10-10 06:32:20,715 [INFO] Época 10/30, Batch 500/3348, Loss: 0.1113
2025-10-10 06:32:20,976 [INFO] Época 10/30, Batch 550/3348, Loss: 0.0804
2025-10-10 06:32:21,237 [INFO] Época 10/30, Batch 600/3348, Loss: 0.1018
2025-10-10 06:32:21,498 [INFO] Época 10/30, Batch 650/3348, Loss: 0.0950
2025-10-10 06:32:21,760 [INFO] Época 10/30, Batch 700/3348, Loss: 0.1154
2025-10-10 06:32:22,022 [INFO] Época 10/30, Batch 750/3348, Loss: 0.1584
2025-10-10 06:32:22,286 [INFO] Época 10/30, Batch 800/3348, Loss: 0.1193
2025-10-10 06:32:22,543 [INFO] Época 10/30, Batch 850/3348, Loss: 0.1013
2025-10-10 06:32:22,793 [INFO] Época 10/30, Batch 900/3348, Loss: 0.1058
2025-10-10 06:32:23,045 [INFO] Época 10/30, Batch 950/3348, Loss: 0.1169
2025-10-10 06:32:23,297 [INFO] Época 10/30, Batch 1000/3348, Loss: 0.1353
2025-10-10 06:32:23,548 [INFO] Época 10/30, Batch 1050/3348, Loss: 0.1029
2025-10-10 06:32:23,800 [INFO] Época 10/30, Batch 1100/3348, Loss: 0.1781
2025-10-10 06:32:24,053 [INFO] Época 10/30, Batch 1150/3348, Loss: 0.1038
2025-10-10 06:32:24,306 [INFO] Época 10/30, Batch 1200/3348, Loss: 0.0664
2025-10-10 06:32:24,561 [INFO] Época 10/30, Batch 1250/3348, Loss: 0.1929
2025-10-10 06:32:24,823 [INFO] Época 10/30, Batch 1300/3348, Loss: 0.1314
2025-10-10 06:32:25,088 [INFO] Época 10/30, Batch 1350/3348, Loss: 0.1233
2025-10-10 06:32:25,349 [INFO] Época 10/30, Batch 1400/3348, Loss: 0.1650
2025-10-10 06:32:25,611 [INFO] Época 10/30, Batch 1450/3348, Loss: 0.1262
2025-10-10 06:32:25,875 [INFO] Época 10/30, Batch 1500/3348, Loss: 0.1995
2025-10-10 06:32:26,135 [INFO] Época 10/30, Batch 1550/3348, Loss: 0.1666
2025-10-10 06:32:26,397 [INFO] Época 10/30, Batch 1600/3348, Loss: 0.1243
2025-10-10 06:32:26,658 [INFO] Época 10/30, Batch 1650/3348, Loss: 0.1035
2025-10-10 06:32:26,920 [INFO] Época 10/30, Batch 1700/3348, Loss: 0.0751
2025-10-10 06:32:27,180 [INFO] Época 10/30, Batch 1750/3348, Loss: 0.1225
2025-10-10 06:32:27,441 [INFO] Época 10/30, Batch 1800/3348, Loss: 0.1079
2025-10-10 06:32:27,701 [INFO] Época 10/30, Batch 1850/3348, Loss: 0.0981
2025-10-10 06:32:27,961 [INFO] Época 10/30, Batch 1900/3348, Loss: 0.0742
2025-10-10 06:32:28,224 [INFO] Época 10/30, Batch 1950/3348, Loss: 0.0773
2025-10-10 06:32:28,484 [INFO] Época 10/30, Batch 2000/3348, Loss: 0.0843
2025-10-10 06:32:28,743 [INFO] Época 10/30, Batch 2050/3348, Loss: 0.1211
2025-10-10 06:32:29,004 [INFO] Época 10/30, Batch 2100/3348, Loss: 0.1670
2025-10-10 06:32:29,265 [INFO] Época 10/30, Batch 2150/3348, Loss: 0.1496
2025-10-10 06:32:29,527 [INFO] Época 10/30, Batch 2200/3348, Loss: 0.1194
2025-10-10 06:32:29,787 [INFO] Época 10/30, Batch 2250/3348, Loss: 0.1379
2025-10-10 06:32:30,048 [INFO] Época 10/30, Batch 2300/3348, Loss: 0.1099
2025-10-10 06:32:30,307 [INFO] Época 10/30, Batch 2350/3348, Loss: 0.1155
2025-10-10 06:32:30,566 [INFO] Época 10/30, Batch 2400/3348, Loss: 0.1353
2025-10-10 06:32:30,827 [INFO] Época 10/30, Batch 2450/3348, Loss: 0.1046
2025-10-10 06:32:31,100 [INFO] Época 10/30, Batch 2500/3348, Loss: 0.1455
2025-10-10 06:32:31,360 [INFO] Época 10/30, Batch 2550/3348, Loss: 0.1329
2025-10-10 06:32:31,620 [INFO] Época 10/30, Batch 2600/3348, Loss: 0.0987
2025-10-10 06:32:31,880 [INFO] Época 10/30, Batch 2650/3348, Loss: 0.1782
2025-10-10 06:32:32,140 [INFO] Época 10/30, Batch 2700/3348, Loss: 0.1418
2025-10-10 06:32:32,399 [INFO] Época 10/30, Batch 2750/3348, Loss: 0.1307
2025-10-10 06:32:32,659 [INFO] Época 10/30, Batch 2800/3348, Loss: 0.0980
2025-10-10 06:32:32,918 [INFO] Época 10/30, Batch 2850/3348, Loss: 0.1008
2025-10-10 06:32:33,179 [INFO] Época 10/30, Batch 2900/3348, Loss: 0.1224
2025-10-10 06:32:33,439 [INFO] Época 10/30, Batch 2950/3348, Loss: 0.1673
2025-10-10 06:32:33,702 [INFO] Época 10/30, Batch 3000/3348, Loss: 0.1416
2025-10-10 06:32:33,963 [INFO] Época 10/30, Batch 3050/3348, Loss: 0.1058
2025-10-10 06:32:34,223 [INFO] Época 10/30, Batch 3100/3348, Loss: 0.1318
2025-10-10 06:32:34,482 [INFO] Época 10/30, Batch 3150/3348, Loss: 0.1443
2025-10-10 06:32:34,742 [INFO] Época 10/30, Batch 3200/3348, Loss: 0.1439
2025-10-10 06:32:35,002 [INFO] Época 10/30, Batch 3250/3348, Loss: 0.1739
2025-10-10 06:32:35,262 [INFO] Época 10/30, Batch 3300/3348, Loss: 0.1916
2025-10-10 06:32:37,162 [INFO] [10/30] Train Loss: 0.1252 | Val Loss: 0.3171 | Tempo: 19.41s
2025-10-10 06:32:37,748 [INFO] Época 11/30, Batch 50/3348, Loss: 0.1142
2025-10-10 06:32:38,019 [INFO] Época 11/30, Batch 100/3348, Loss: 0.0777
2025-10-10 06:32:38,287 [INFO] Época 11/30, Batch 150/3348, Loss: 0.1541
2025-10-10 06:32:38,555 [INFO] Época 11/30, Batch 200/3348, Loss: 0.1427
2025-10-10 06:32:38,819 [INFO] Época 11/30, Batch 250/3348, Loss: 0.1715
2025-10-10 06:32:39,082 [INFO] Época 11/30, Batch 300/3348, Loss: 0.0553
2025-10-10 06:32:39,346 [INFO] Época 11/30, Batch 350/3348, Loss: 0.1018
2025-10-10 06:32:39,610 [INFO] Época 11/30, Batch 400/3348, Loss: 0.1192
2025-10-10 06:32:39,884 [INFO] Época 11/30, Batch 450/3348, Loss: 0.0863
2025-10-10 06:32:40,157 [INFO] Época 11/30, Batch 500/3348, Loss: 0.0937
2025-10-10 06:32:40,431 [INFO] Época 11/30, Batch 550/3348, Loss: 0.1290
2025-10-10 06:32:40,706 [INFO] Época 11/30, Batch 600/3348, Loss: 0.1166
2025-10-10 06:32:40,982 [INFO] Época 11/30, Batch 650/3348, Loss: 0.0842
2025-10-10 06:32:41,255 [INFO] Época 11/30, Batch 700/3348, Loss: 0.1196
2025-10-10 06:32:41,523 [INFO] Época 11/30, Batch 750/3348, Loss: 0.1050
2025-10-10 06:32:41,794 [INFO] Época 11/30, Batch 800/3348, Loss: 0.1179
2025-10-10 06:32:42,066 [INFO] Época 11/30, Batch 850/3348, Loss: 0.0747
2025-10-10 06:32:42,337 [INFO] Época 11/30, Batch 900/3348, Loss: 0.1215
2025-10-10 06:32:42,610 [INFO] Época 11/30, Batch 950/3348, Loss: 0.0934
2025-10-10 06:32:42,883 [INFO] Época 11/30, Batch 1000/3348, Loss: 0.1533
2025-10-10 06:32:43,155 [INFO] Época 11/30, Batch 1050/3348, Loss: 0.1591
2025-10-10 06:32:43,427 [INFO] Época 11/30, Batch 1100/3348, Loss: 0.1317
2025-10-10 06:32:43,699 [INFO] Época 11/30, Batch 1150/3348, Loss: 0.1398
2025-10-10 06:32:43,961 [INFO] Época 11/30, Batch 1200/3348, Loss: 0.1468
2025-10-10 06:32:44,225 [INFO] Época 11/30, Batch 1250/3348, Loss: 0.1366
2025-10-10 06:32:44,486 [INFO] Época 11/30, Batch 1300/3348, Loss: 0.1566
2025-10-10 06:32:44,752 [INFO] Época 11/30, Batch 1350/3348, Loss: 0.0948
2025-10-10 06:32:45,015 [INFO] Época 11/30, Batch 1400/3348, Loss: 0.1708
2025-10-10 06:32:45,279 [INFO] Época 11/30, Batch 1450/3348, Loss: 0.0712
2025-10-10 06:32:45,543 [INFO] Época 11/30, Batch 1500/3348, Loss: 0.1083
2025-10-10 06:32:45,815 [INFO] Época 11/30, Batch 1550/3348, Loss: 0.1273
2025-10-10 06:32:46,080 [INFO] Época 11/30, Batch 1600/3348, Loss: 0.1047
2025-10-10 06:32:46,345 [INFO] Época 11/30, Batch 1650/3348, Loss: 0.0887
2025-10-10 06:32:46,609 [INFO] Época 11/30, Batch 1700/3348, Loss: 0.1081
2025-10-10 06:32:46,876 [INFO] Época 11/30, Batch 1750/3348, Loss: 0.1533
2025-10-10 06:32:47,141 [INFO] Época 11/30, Batch 1800/3348, Loss: 0.1206
2025-10-10 06:32:47,406 [INFO] Época 11/30, Batch 1850/3348, Loss: 0.1011
2025-10-10 06:32:47,682 [INFO] Época 11/30, Batch 1900/3348, Loss: 0.1186
2025-10-10 06:32:47,945 [INFO] Época 11/30, Batch 1950/3348, Loss: 0.1806
2025-10-10 06:32:48,213 [INFO] Época 11/30, Batch 2000/3348, Loss: 0.1454
2025-10-10 06:32:48,478 [INFO] Época 11/30, Batch 2050/3348, Loss: 0.1304
2025-10-10 06:32:48,742 [INFO] Época 11/30, Batch 2100/3348, Loss: 0.1372
2025-10-10 06:32:49,005 [INFO] Época 11/30, Batch 2150/3348, Loss: 0.1165
2025-10-10 06:32:49,270 [INFO] Época 11/30, Batch 2200/3348, Loss: 0.1055
2025-10-10 06:32:49,536 [INFO] Época 11/30, Batch 2250/3348, Loss: 0.0648
2025-10-10 06:32:49,803 [INFO] Época 11/30, Batch 2300/3348, Loss: 0.0920
2025-10-10 06:32:50,069 [INFO] Época 11/30, Batch 2350/3348, Loss: 0.1022
2025-10-10 06:32:50,334 [INFO] Época 11/30, Batch 2400/3348, Loss: 0.0912
2025-10-10 06:32:50,599 [INFO] Época 11/30, Batch 2450/3348, Loss: 0.1313
2025-10-10 06:32:50,869 [INFO] Época 11/30, Batch 2500/3348, Loss: 0.0787
2025-10-10 06:32:51,136 [INFO] Época 11/30, Batch 2550/3348, Loss: 0.1224
2025-10-10 06:32:51,404 [INFO] Época 11/30, Batch 2600/3348, Loss: 0.1368
2025-10-10 06:32:51,670 [INFO] Época 11/30, Batch 2650/3348, Loss: 0.0873
2025-10-10 06:32:51,939 [INFO] Época 11/30, Batch 2700/3348, Loss: 0.0830
2025-10-10 06:32:52,209 [INFO] Época 11/30, Batch 2750/3348, Loss: 0.1687
2025-10-10 06:32:52,477 [INFO] Época 11/30, Batch 2800/3348, Loss: 0.1563
2025-10-10 06:32:52,755 [INFO] Época 11/30, Batch 2850/3348, Loss: 0.1346
2025-10-10 06:32:53,019 [INFO] Época 11/30, Batch 2900/3348, Loss: 0.1182
2025-10-10 06:32:53,287 [INFO] Época 11/30, Batch 2950/3348, Loss: 0.1249
2025-10-10 06:32:53,553 [INFO] Época 11/30, Batch 3000/3348, Loss: 0.1350
2025-10-10 06:32:53,821 [INFO] Época 11/30, Batch 3050/3348, Loss: 0.1151
2025-10-10 06:32:54,083 [INFO] Época 11/30, Batch 3100/3348, Loss: 0.1520
2025-10-10 06:32:54,345 [INFO] Época 11/30, Batch 3150/3348, Loss: 0.0727
2025-10-10 06:32:54,609 [INFO] Época 11/30, Batch 3200/3348, Loss: 0.1332
2025-10-10 06:32:54,871 [INFO] Época 11/30, Batch 3250/3348, Loss: 0.0758
2025-10-10 06:32:55,136 [INFO] Época 11/30, Batch 3300/3348, Loss: 0.1173
2025-10-10 06:32:57,000 [INFO] [11/30] Train Loss: 0.1213 | Val Loss: 0.2934 | Tempo: 19.84s
2025-10-10 06:32:57,001 [INFO] Early stopping ativado após 10 épocas sem melhoria
2025-10-10 06:32:57,001 [INFO] Treinamento concluído em 215.53 segundos (3.59 minutos)
2025-10-10 06:32:57,001 [INFO] Iniciando avaliação no conjunto de teste...
2025-10-10 06:32:58,483 [INFO] Avaliação do teste concluída em 1.48 segundos
2025-10-10 06:32:58,483 [INFO] MSE no teste: 0.2026
2025-10-10 06:32:58,483 [INFO] RMSE no teste: 0.4501
2025-10-10 06:32:58,484 [INFO] MAE no teste: 0.3497
2025-10-10 06:32:58,484 [INFO] Métricas salvas em /mnt/hdd/home/jdurao/ToolBox-ChemXAI/logs/mlp_att9_Avalon_metrics.json
