2025-10-10 10:28:26,125 [INFO] Iniciando treinamento do modelo mlp_att12_EState
2025-10-10 10:28:26,126 [INFO] Configuração: att_index=12, epochs=30, layers=[128, 64, 32], lr=0.001, batch_size=32, descriptor_type=EState
2025-10-10 10:28:26,126 [INFO] Diretório para modelos: /mnt/hdd/home/jdurao/ToolBox-ChemXAI/models
2025-10-10 10:28:26,126 [INFO] Carregando dados...
2025-10-10 10:28:26,211 [INFO] Preparando dataloaders sem ruído...
2025-10-10 10:28:28,993 [INFO] Dados carregados em 2.87 segundos
2025-10-10 10:28:28,993 [INFO] Tamanhos dos conjuntos - Treino: 107108, Validação: 13388, Teste: 13389
2025-10-10 10:28:28,994 [INFO] Usando dispositivo: cuda
2025-10-10 10:28:29,354 [INFO] Dimensão de entrada: 79, Dimensão de saída: 1
2025-10-10 10:28:29,354 [INFO] Criando modelo MLP com camadas: [128, 64, 32]
2025-10-10 10:28:29,357 [INFO] Modelo criado com 20609 parâmetros
2025-10-10 10:28:29,359 [INFO] Iniciando treinamento com 30 épocas...
2025-10-10 10:28:29,895 [INFO] Época 1/30, Batch 50/3348, Loss: 0.5221
2025-10-10 10:28:30,156 [INFO] Época 1/30, Batch 100/3348, Loss: 0.6404
2025-10-10 10:28:30,413 [INFO] Época 1/30, Batch 150/3348, Loss: 0.4557
2025-10-10 10:28:30,670 [INFO] Época 1/30, Batch 200/3348, Loss: 0.4271
2025-10-10 10:28:30,929 [INFO] Época 1/30, Batch 250/3348, Loss: 0.3387
2025-10-10 10:28:31,187 [INFO] Época 1/30, Batch 300/3348, Loss: 0.4295
2025-10-10 10:28:31,446 [INFO] Época 1/30, Batch 350/3348, Loss: 0.4779
2025-10-10 10:28:31,705 [INFO] Época 1/30, Batch 400/3348, Loss: 0.5417
2025-10-10 10:28:31,962 [INFO] Época 1/30, Batch 450/3348, Loss: 0.3656
2025-10-10 10:28:32,220 [INFO] Época 1/30, Batch 500/3348, Loss: 0.4276
2025-10-10 10:28:32,476 [INFO] Época 1/30, Batch 550/3348, Loss: 0.3725
2025-10-10 10:28:32,735 [INFO] Época 1/30, Batch 600/3348, Loss: 0.5310
2025-10-10 10:28:32,992 [INFO] Época 1/30, Batch 650/3348, Loss: 0.4623
2025-10-10 10:28:33,251 [INFO] Época 1/30, Batch 700/3348, Loss: 0.3773
2025-10-10 10:28:33,509 [INFO] Época 1/30, Batch 750/3348, Loss: 0.4022
2025-10-10 10:28:33,768 [INFO] Época 1/30, Batch 800/3348, Loss: 0.4295
2025-10-10 10:28:34,026 [INFO] Época 1/30, Batch 850/3348, Loss: 0.4852
2025-10-10 10:28:34,285 [INFO] Época 1/30, Batch 900/3348, Loss: 0.2838
2025-10-10 10:28:34,543 [INFO] Época 1/30, Batch 950/3348, Loss: 0.4303
2025-10-10 10:28:34,802 [INFO] Época 1/30, Batch 1000/3348, Loss: 0.4384
2025-10-10 10:28:35,062 [INFO] Época 1/30, Batch 1050/3348, Loss: 0.6191
2025-10-10 10:28:35,324 [INFO] Época 1/30, Batch 1100/3348, Loss: 0.4089
2025-10-10 10:28:35,581 [INFO] Época 1/30, Batch 1150/3348, Loss: 0.2201
2025-10-10 10:28:35,838 [INFO] Época 1/30, Batch 1200/3348, Loss: 0.4411
2025-10-10 10:28:36,096 [INFO] Época 1/30, Batch 1250/3348, Loss: 0.3546
2025-10-10 10:28:36,355 [INFO] Época 1/30, Batch 1300/3348, Loss: 0.3023
2025-10-10 10:28:36,610 [INFO] Época 1/30, Batch 1350/3348, Loss: 0.3452
2025-10-10 10:28:36,875 [INFO] Época 1/30, Batch 1400/3348, Loss: 0.4958
2025-10-10 10:28:37,140 [INFO] Época 1/30, Batch 1450/3348, Loss: 0.3939
2025-10-10 10:28:37,407 [INFO] Época 1/30, Batch 1500/3348, Loss: 0.6260
2025-10-10 10:28:37,671 [INFO] Época 1/30, Batch 1550/3348, Loss: 0.3653
2025-10-10 10:28:37,937 [INFO] Época 1/30, Batch 1600/3348, Loss: 0.3871
2025-10-10 10:28:38,203 [INFO] Época 1/30, Batch 1650/3348, Loss: 0.5367
2025-10-10 10:28:38,469 [INFO] Época 1/30, Batch 1700/3348, Loss: 0.7820
2025-10-10 10:28:38,735 [INFO] Época 1/30, Batch 1750/3348, Loss: 0.4403
2025-10-10 10:28:39,001 [INFO] Época 1/30, Batch 1800/3348, Loss: 0.3932
2025-10-10 10:28:39,265 [INFO] Época 1/30, Batch 1850/3348, Loss: 0.4404
2025-10-10 10:28:39,531 [INFO] Época 1/30, Batch 1900/3348, Loss: 0.5917
2025-10-10 10:28:39,797 [INFO] Época 1/30, Batch 1950/3348, Loss: 0.2538
2025-10-10 10:28:40,064 [INFO] Época 1/30, Batch 2000/3348, Loss: 0.4362
2025-10-10 10:28:40,329 [INFO] Época 1/30, Batch 2050/3348, Loss: 0.4727
2025-10-10 10:28:40,594 [INFO] Época 1/30, Batch 2100/3348, Loss: 0.3691
2025-10-10 10:28:40,859 [INFO] Época 1/30, Batch 2150/3348, Loss: 0.4414
2025-10-10 10:28:41,125 [INFO] Época 1/30, Batch 2200/3348, Loss: 0.3894
2025-10-10 10:28:41,390 [INFO] Época 1/30, Batch 2250/3348, Loss: 0.3225
2025-10-10 10:28:41,657 [INFO] Época 1/30, Batch 2300/3348, Loss: 0.4188
2025-10-10 10:28:41,922 [INFO] Época 1/30, Batch 2350/3348, Loss: 0.2872
2025-10-10 10:28:42,188 [INFO] Época 1/30, Batch 2400/3348, Loss: 0.2238
2025-10-10 10:28:42,455 [INFO] Época 1/30, Batch 2450/3348, Loss: 0.3948
2025-10-10 10:28:42,722 [INFO] Época 1/30, Batch 2500/3348, Loss: 0.5062
2025-10-10 10:28:42,990 [INFO] Época 1/30, Batch 2550/3348, Loss: 0.3927
2025-10-10 10:28:43,256 [INFO] Época 1/30, Batch 2600/3348, Loss: 0.4488
2025-10-10 10:28:43,520 [INFO] Época 1/30, Batch 2650/3348, Loss: 0.3743
2025-10-10 10:28:43,787 [INFO] Época 1/30, Batch 2700/3348, Loss: 0.3068
2025-10-10 10:28:44,053 [INFO] Época 1/30, Batch 2750/3348, Loss: 0.3265
2025-10-10 10:28:44,318 [INFO] Época 1/30, Batch 2800/3348, Loss: 0.4568
2025-10-10 10:28:44,583 [INFO] Época 1/30, Batch 2850/3348, Loss: 0.5631
2025-10-10 10:28:44,846 [INFO] Época 1/30, Batch 2900/3348, Loss: 0.3949
2025-10-10 10:28:45,111 [INFO] Época 1/30, Batch 2950/3348, Loss: 0.4228
2025-10-10 10:28:45,378 [INFO] Época 1/30, Batch 3000/3348, Loss: 0.6763
2025-10-10 10:28:45,642 [INFO] Época 1/30, Batch 3050/3348, Loss: 0.2601
2025-10-10 10:28:45,909 [INFO] Época 1/30, Batch 3100/3348, Loss: 0.4098
2025-10-10 10:28:46,173 [INFO] Época 1/30, Batch 3150/3348, Loss: 0.5495
2025-10-10 10:28:46,439 [INFO] Época 1/30, Batch 3200/3348, Loss: 0.3839
2025-10-10 10:28:46,704 [INFO] Época 1/30, Batch 3250/3348, Loss: 0.2766
2025-10-10 10:28:46,970 [INFO] Época 1/30, Batch 3300/3348, Loss: 0.4353
2025-10-10 10:28:48,802 [INFO] [1/30] Train Loss: 0.4077 | Val Loss: 0.2619 | Tempo: 19.44s
2025-10-10 10:28:48,807 [INFO] Melhor modelo salvo em: /mnt/hdd/home/jdurao/ToolBox-ChemXAI/models/mlp_qm9_EState_att12_large.pth
2025-10-10 10:28:49,362 [INFO] Época 2/30, Batch 50/3348, Loss: 0.3963
2025-10-10 10:28:49,622 [INFO] Época 2/30, Batch 100/3348, Loss: 0.4978
2025-10-10 10:28:49,882 [INFO] Época 2/30, Batch 150/3348, Loss: 0.4521
2025-10-10 10:28:50,142 [INFO] Época 2/30, Batch 200/3348, Loss: 0.3832
2025-10-10 10:28:50,400 [INFO] Época 2/30, Batch 250/3348, Loss: 0.3906
2025-10-10 10:28:50,661 [INFO] Época 2/30, Batch 300/3348, Loss: 0.5178
2025-10-10 10:28:50,920 [INFO] Época 2/30, Batch 350/3348, Loss: 0.4269
2025-10-10 10:28:51,180 [INFO] Época 2/30, Batch 400/3348, Loss: 0.4857
2025-10-10 10:28:51,444 [INFO] Época 2/30, Batch 450/3348, Loss: 0.3348
2025-10-10 10:28:51,714 [INFO] Época 2/30, Batch 500/3348, Loss: 0.3195
2025-10-10 10:28:51,986 [INFO] Época 2/30, Batch 550/3348, Loss: 0.3772
2025-10-10 10:28:52,245 [INFO] Época 2/30, Batch 600/3348, Loss: 0.4123
2025-10-10 10:28:52,506 [INFO] Época 2/30, Batch 650/3348, Loss: 0.2791
2025-10-10 10:28:52,766 [INFO] Época 2/30, Batch 700/3348, Loss: 0.3636
2025-10-10 10:28:53,040 [INFO] Época 2/30, Batch 750/3348, Loss: 0.3658
2025-10-10 10:28:53,309 [INFO] Época 2/30, Batch 800/3348, Loss: 0.4371
2025-10-10 10:28:53,570 [INFO] Época 2/30, Batch 850/3348, Loss: 0.4430
2025-10-10 10:28:53,833 [INFO] Época 2/30, Batch 900/3348, Loss: 0.3566
2025-10-10 10:28:54,095 [INFO] Época 2/30, Batch 950/3348, Loss: 0.5809
2025-10-10 10:28:54,356 [INFO] Época 2/30, Batch 1000/3348, Loss: 0.3212
2025-10-10 10:28:54,620 [INFO] Época 2/30, Batch 1050/3348, Loss: 0.3886
2025-10-10 10:28:54,883 [INFO] Época 2/30, Batch 1100/3348, Loss: 0.4931
2025-10-10 10:28:55,147 [INFO] Época 2/30, Batch 1150/3348, Loss: 0.4558
2025-10-10 10:28:55,409 [INFO] Época 2/30, Batch 1200/3348, Loss: 0.3282
2025-10-10 10:28:55,673 [INFO] Época 2/30, Batch 1250/3348, Loss: 0.2589
2025-10-10 10:28:55,934 [INFO] Época 2/30, Batch 1300/3348, Loss: 0.3444
2025-10-10 10:28:56,197 [INFO] Época 2/30, Batch 1350/3348, Loss: 0.2853
2025-10-10 10:28:56,457 [INFO] Época 2/30, Batch 1400/3348, Loss: 0.2216
2025-10-10 10:28:56,719 [INFO] Época 2/30, Batch 1450/3348, Loss: 0.3654
2025-10-10 10:28:56,979 [INFO] Época 2/30, Batch 1500/3348, Loss: 0.5702
2025-10-10 10:28:57,240 [INFO] Época 2/30, Batch 1550/3348, Loss: 0.5102
2025-10-10 10:28:57,500 [INFO] Época 2/30, Batch 1600/3348, Loss: 0.3904
2025-10-10 10:28:57,763 [INFO] Época 2/30, Batch 1650/3348, Loss: 0.3661
2025-10-10 10:28:58,032 [INFO] Época 2/30, Batch 1700/3348, Loss: 0.3690
2025-10-10 10:28:58,300 [INFO] Época 2/30, Batch 1750/3348, Loss: 0.3322
2025-10-10 10:28:58,567 [INFO] Época 2/30, Batch 1800/3348, Loss: 0.4080
2025-10-10 10:28:58,827 [INFO] Época 2/30, Batch 1850/3348, Loss: 0.4282
2025-10-10 10:28:59,085 [INFO] Época 2/30, Batch 1900/3348, Loss: 0.5004
2025-10-10 10:28:59,343 [INFO] Época 2/30, Batch 1950/3348, Loss: 0.4488
2025-10-10 10:28:59,608 [INFO] Época 2/30, Batch 2000/3348, Loss: 0.3765
2025-10-10 10:28:59,869 [INFO] Época 2/30, Batch 2050/3348, Loss: 0.4324
2025-10-10 10:29:00,132 [INFO] Época 2/30, Batch 2100/3348, Loss: 0.2688
2025-10-10 10:29:00,392 [INFO] Época 2/30, Batch 2150/3348, Loss: 0.3977
2025-10-10 10:29:00,650 [INFO] Época 2/30, Batch 2200/3348, Loss: 0.2908
2025-10-10 10:29:00,912 [INFO] Época 2/30, Batch 2250/3348, Loss: 0.3488
2025-10-10 10:29:01,173 [INFO] Época 2/30, Batch 2300/3348, Loss: 0.5654
2025-10-10 10:29:01,443 [INFO] Época 2/30, Batch 2350/3348, Loss: 0.3477
2025-10-10 10:29:01,713 [INFO] Época 2/30, Batch 2400/3348, Loss: 0.2817
2025-10-10 10:29:01,979 [INFO] Época 2/30, Batch 2450/3348, Loss: 0.4222
2025-10-10 10:29:02,245 [INFO] Época 2/30, Batch 2500/3348, Loss: 0.5101
2025-10-10 10:29:02,511 [INFO] Época 2/30, Batch 2550/3348, Loss: 0.4692
2025-10-10 10:29:02,780 [INFO] Época 2/30, Batch 2600/3348, Loss: 0.3757
2025-10-10 10:29:03,045 [INFO] Época 2/30, Batch 2650/3348, Loss: 0.3998
2025-10-10 10:29:03,311 [INFO] Época 2/30, Batch 2700/3348, Loss: 0.5115
2025-10-10 10:29:03,575 [INFO] Época 2/30, Batch 2750/3348, Loss: 0.5000
2025-10-10 10:29:03,835 [INFO] Época 2/30, Batch 2800/3348, Loss: 0.4312
2025-10-10 10:29:04,094 [INFO] Época 2/30, Batch 2850/3348, Loss: 0.5039
2025-10-10 10:29:04,353 [INFO] Época 2/30, Batch 2900/3348, Loss: 0.3997
2025-10-10 10:29:04,613 [INFO] Época 2/30, Batch 2950/3348, Loss: 0.2291
2025-10-10 10:29:04,872 [INFO] Época 2/30, Batch 3000/3348, Loss: 0.2698
2025-10-10 10:29:05,129 [INFO] Época 2/30, Batch 3050/3348, Loss: 0.2916
2025-10-10 10:29:05,388 [INFO] Época 2/30, Batch 3100/3348, Loss: 0.3993
2025-10-10 10:29:05,646 [INFO] Época 2/30, Batch 3150/3348, Loss: 0.3719
2025-10-10 10:29:05,905 [INFO] Época 2/30, Batch 3200/3348, Loss: 0.1064
2025-10-10 10:29:06,163 [INFO] Época 2/30, Batch 3250/3348, Loss: 0.3361
2025-10-10 10:29:06,421 [INFO] Época 2/30, Batch 3300/3348, Loss: 0.3320
2025-10-10 10:29:08,139 [INFO] [2/30] Train Loss: 0.3910 | Val Loss: 0.2582 | Tempo: 19.33s
2025-10-10 10:29:08,143 [INFO] Melhor modelo salvo em: /mnt/hdd/home/jdurao/ToolBox-ChemXAI/models/mlp_qm9_EState_att12_large.pth
2025-10-10 10:29:08,681 [INFO] Época 3/30, Batch 50/3348, Loss: 0.4565
2025-10-10 10:29:08,939 [INFO] Época 3/30, Batch 100/3348, Loss: 0.5467
2025-10-10 10:29:09,196 [INFO] Época 3/30, Batch 150/3348, Loss: 0.2991
2025-10-10 10:29:09,448 [INFO] Época 3/30, Batch 200/3348, Loss: 0.3177
2025-10-10 10:29:09,702 [INFO] Época 3/30, Batch 250/3348, Loss: 0.5998
2025-10-10 10:29:09,956 [INFO] Época 3/30, Batch 300/3348, Loss: 0.4577
2025-10-10 10:29:10,211 [INFO] Época 3/30, Batch 350/3348, Loss: 0.4690
2025-10-10 10:29:10,463 [INFO] Época 3/30, Batch 400/3348, Loss: 0.4517
2025-10-10 10:29:10,716 [INFO] Época 3/30, Batch 450/3348, Loss: 0.4845
2025-10-10 10:29:10,969 [INFO] Época 3/30, Batch 500/3348, Loss: 0.2719
2025-10-10 10:29:11,221 [INFO] Época 3/30, Batch 550/3348, Loss: 0.4875
2025-10-10 10:29:11,474 [INFO] Época 3/30, Batch 600/3348, Loss: 0.4195
2025-10-10 10:29:11,726 [INFO] Época 3/30, Batch 650/3348, Loss: 0.4199
2025-10-10 10:29:11,982 [INFO] Época 3/30, Batch 700/3348, Loss: 0.4261
2025-10-10 10:29:12,231 [INFO] Época 3/30, Batch 750/3348, Loss: 0.5633
2025-10-10 10:29:12,479 [INFO] Época 3/30, Batch 800/3348, Loss: 0.4430
2025-10-10 10:29:12,734 [INFO] Época 3/30, Batch 850/3348, Loss: 0.3257
2025-10-10 10:29:12,991 [INFO] Época 3/30, Batch 900/3348, Loss: 0.2921
2025-10-10 10:29:13,248 [INFO] Época 3/30, Batch 950/3348, Loss: 0.5221
2025-10-10 10:29:13,505 [INFO] Época 3/30, Batch 1000/3348, Loss: 0.2920
2025-10-10 10:29:13,761 [INFO] Época 3/30, Batch 1050/3348, Loss: 0.3055
2025-10-10 10:29:14,016 [INFO] Época 3/30, Batch 1100/3348, Loss: 0.7409
2025-10-10 10:29:14,271 [INFO] Época 3/30, Batch 1150/3348, Loss: 0.3008
2025-10-10 10:29:14,527 [INFO] Época 3/30, Batch 1200/3348, Loss: 0.2927
2025-10-10 10:29:14,784 [INFO] Época 3/30, Batch 1250/3348, Loss: 0.4525
2025-10-10 10:29:15,038 [INFO] Época 3/30, Batch 1300/3348, Loss: 0.5273
2025-10-10 10:29:15,292 [INFO] Época 3/30, Batch 1350/3348, Loss: 0.2858
2025-10-10 10:29:15,546 [INFO] Época 3/30, Batch 1400/3348, Loss: 0.3819
2025-10-10 10:29:15,803 [INFO] Época 3/30, Batch 1450/3348, Loss: 0.2987
2025-10-10 10:29:16,057 [INFO] Época 3/30, Batch 1500/3348, Loss: 0.3593
2025-10-10 10:29:16,310 [INFO] Época 3/30, Batch 1550/3348, Loss: 0.4820
2025-10-10 10:29:16,566 [INFO] Época 3/30, Batch 1600/3348, Loss: 0.2515
2025-10-10 10:29:16,821 [INFO] Época 3/30, Batch 1650/3348, Loss: 0.5229
2025-10-10 10:29:17,078 [INFO] Época 3/30, Batch 1700/3348, Loss: 0.2007
2025-10-10 10:29:17,334 [INFO] Época 3/30, Batch 1750/3348, Loss: 0.5408
2025-10-10 10:29:17,587 [INFO] Época 3/30, Batch 1800/3348, Loss: 0.3572
2025-10-10 10:29:17,842 [INFO] Época 3/30, Batch 1850/3348, Loss: 0.5610
2025-10-10 10:29:18,098 [INFO] Época 3/30, Batch 1900/3348, Loss: 0.4000
2025-10-10 10:29:18,352 [INFO] Época 3/30, Batch 1950/3348, Loss: 0.3904
2025-10-10 10:29:18,607 [INFO] Época 3/30, Batch 2000/3348, Loss: 0.3967
2025-10-10 10:29:18,863 [INFO] Época 3/30, Batch 2050/3348, Loss: 0.4477
2025-10-10 10:29:19,118 [INFO] Época 3/30, Batch 2100/3348, Loss: 0.4042
2025-10-10 10:29:19,375 [INFO] Época 3/30, Batch 2150/3348, Loss: 0.4944
2025-10-10 10:29:19,631 [INFO] Época 3/30, Batch 2200/3348, Loss: 0.4415
2025-10-10 10:29:19,886 [INFO] Época 3/30, Batch 2250/3348, Loss: 0.3494
2025-10-10 10:29:20,141 [INFO] Época 3/30, Batch 2300/3348, Loss: 0.3227
2025-10-10 10:29:20,396 [INFO] Época 3/30, Batch 2350/3348, Loss: 0.2744
2025-10-10 10:29:20,654 [INFO] Época 3/30, Batch 2400/3348, Loss: 0.4733
2025-10-10 10:29:20,909 [INFO] Época 3/30, Batch 2450/3348, Loss: 0.3790
2025-10-10 10:29:21,162 [INFO] Época 3/30, Batch 2500/3348, Loss: 0.4358
2025-10-10 10:29:21,417 [INFO] Época 3/30, Batch 2550/3348, Loss: 0.5490
2025-10-10 10:29:21,672 [INFO] Época 3/30, Batch 2600/3348, Loss: 0.4302
2025-10-10 10:29:21,934 [INFO] Época 3/30, Batch 2650/3348, Loss: 0.5362
2025-10-10 10:29:22,195 [INFO] Época 3/30, Batch 2700/3348, Loss: 0.3781
2025-10-10 10:29:22,455 [INFO] Época 3/30, Batch 2750/3348, Loss: 0.4014
2025-10-10 10:29:22,718 [INFO] Época 3/30, Batch 2800/3348, Loss: 0.2718
2025-10-10 10:29:22,979 [INFO] Época 3/30, Batch 2850/3348, Loss: 0.3920
2025-10-10 10:29:23,241 [INFO] Época 3/30, Batch 2900/3348, Loss: 0.2323
2025-10-10 10:29:23,502 [INFO] Época 3/30, Batch 2950/3348, Loss: 0.5299
2025-10-10 10:29:23,760 [INFO] Época 3/30, Batch 3000/3348, Loss: 0.5524
2025-10-10 10:29:24,016 [INFO] Época 3/30, Batch 3050/3348, Loss: 0.3970
2025-10-10 10:29:24,271 [INFO] Época 3/30, Batch 3100/3348, Loss: 0.3829
2025-10-10 10:29:24,528 [INFO] Época 3/30, Batch 3150/3348, Loss: 0.4355
2025-10-10 10:29:24,784 [INFO] Época 3/30, Batch 3200/3348, Loss: 0.4217
2025-10-10 10:29:25,041 [INFO] Época 3/30, Batch 3250/3348, Loss: 0.3418
2025-10-10 10:29:25,298 [INFO] Época 3/30, Batch 3300/3348, Loss: 0.4871
2025-10-10 10:29:27,160 [INFO] [3/30] Train Loss: 0.3858 | Val Loss: 0.2606 | Tempo: 19.02s
2025-10-10 10:29:27,710 [INFO] Época 4/30, Batch 50/3348, Loss: 0.2523
2025-10-10 10:29:27,971 [INFO] Época 4/30, Batch 100/3348, Loss: 0.5478
2025-10-10 10:29:28,229 [INFO] Época 4/30, Batch 150/3348, Loss: 0.5541
2025-10-10 10:29:28,486 [INFO] Época 4/30, Batch 200/3348, Loss: 0.3814
2025-10-10 10:29:28,741 [INFO] Época 4/30, Batch 250/3348, Loss: 0.3317
2025-10-10 10:29:28,998 [INFO] Época 4/30, Batch 300/3348, Loss: 0.4150
2025-10-10 10:29:29,253 [INFO] Época 4/30, Batch 350/3348, Loss: 0.5223
2025-10-10 10:29:29,508 [INFO] Época 4/30, Batch 400/3348, Loss: 0.2618
2025-10-10 10:29:29,764 [INFO] Época 4/30, Batch 450/3348, Loss: 0.4419
2025-10-10 10:29:30,019 [INFO] Época 4/30, Batch 500/3348, Loss: 0.2872
2025-10-10 10:29:30,274 [INFO] Época 4/30, Batch 550/3348, Loss: 0.4375
2025-10-10 10:29:30,530 [INFO] Época 4/30, Batch 600/3348, Loss: 0.3221
2025-10-10 10:29:30,786 [INFO] Época 4/30, Batch 650/3348, Loss: 0.4149
2025-10-10 10:29:31,042 [INFO] Época 4/30, Batch 700/3348, Loss: 0.3856
2025-10-10 10:29:31,300 [INFO] Época 4/30, Batch 750/3348, Loss: 0.3955
2025-10-10 10:29:31,556 [INFO] Época 4/30, Batch 800/3348, Loss: 0.3066
2025-10-10 10:29:31,809 [INFO] Época 4/30, Batch 850/3348, Loss: 0.5815
2025-10-10 10:29:32,052 [INFO] Época 4/30, Batch 900/3348, Loss: 0.2906
2025-10-10 10:29:32,295 [INFO] Época 4/30, Batch 950/3348, Loss: 0.3955
2025-10-10 10:29:32,539 [INFO] Época 4/30, Batch 1000/3348, Loss: 0.6619
2025-10-10 10:29:32,784 [INFO] Época 4/30, Batch 1050/3348, Loss: 0.4456
2025-10-10 10:29:33,027 [INFO] Época 4/30, Batch 1100/3348, Loss: 0.2616
2025-10-10 10:29:33,272 [INFO] Época 4/30, Batch 1150/3348, Loss: 0.4390
2025-10-10 10:29:33,517 [INFO] Época 4/30, Batch 1200/3348, Loss: 0.3278
2025-10-10 10:29:33,766 [INFO] Época 4/30, Batch 1250/3348, Loss: 0.2253
2025-10-10 10:29:34,021 [INFO] Época 4/30, Batch 1300/3348, Loss: 0.3973
2025-10-10 10:29:34,274 [INFO] Época 4/30, Batch 1350/3348, Loss: 0.2986
2025-10-10 10:29:34,530 [INFO] Época 4/30, Batch 1400/3348, Loss: 0.2751
2025-10-10 10:29:34,784 [INFO] Época 4/30, Batch 1450/3348, Loss: 0.4264
2025-10-10 10:29:35,038 [INFO] Época 4/30, Batch 1500/3348, Loss: 0.2434
2025-10-10 10:29:35,291 [INFO] Época 4/30, Batch 1550/3348, Loss: 0.3753
2025-10-10 10:29:35,546 [INFO] Época 4/30, Batch 1600/3348, Loss: 0.2470
2025-10-10 10:29:35,801 [INFO] Época 4/30, Batch 1650/3348, Loss: 0.2137
2025-10-10 10:29:36,054 [INFO] Época 4/30, Batch 1700/3348, Loss: 0.5013
2025-10-10 10:29:36,306 [INFO] Época 4/30, Batch 1750/3348, Loss: 0.2529
2025-10-10 10:29:36,558 [INFO] Época 4/30, Batch 1800/3348, Loss: 0.4794
2025-10-10 10:29:36,808 [INFO] Época 4/30, Batch 1850/3348, Loss: 0.4242
2025-10-10 10:29:37,060 [INFO] Época 4/30, Batch 1900/3348, Loss: 0.5062
2025-10-10 10:29:37,310 [INFO] Época 4/30, Batch 1950/3348, Loss: 0.3682
2025-10-10 10:29:37,561 [INFO] Época 4/30, Batch 2000/3348, Loss: 0.3585
2025-10-10 10:29:37,813 [INFO] Época 4/30, Batch 2050/3348, Loss: 0.4236
2025-10-10 10:29:38,066 [INFO] Época 4/30, Batch 2100/3348, Loss: 0.3525
2025-10-10 10:29:38,319 [INFO] Época 4/30, Batch 2150/3348, Loss: 0.4710
2025-10-10 10:29:38,571 [INFO] Época 4/30, Batch 2200/3348, Loss: 0.3007
2025-10-10 10:29:38,822 [INFO] Época 4/30, Batch 2250/3348, Loss: 0.5348
2025-10-10 10:29:39,074 [INFO] Época 4/30, Batch 2300/3348, Loss: 0.3339
2025-10-10 10:29:39,324 [INFO] Época 4/30, Batch 2350/3348, Loss: 0.4061
2025-10-10 10:29:39,577 [INFO] Época 4/30, Batch 2400/3348, Loss: 0.3729
2025-10-10 10:29:39,837 [INFO] Época 4/30, Batch 2450/3348, Loss: 0.3563
2025-10-10 10:29:40,095 [INFO] Época 4/30, Batch 2500/3348, Loss: 0.2486
2025-10-10 10:29:40,352 [INFO] Época 4/30, Batch 2550/3348, Loss: 0.3689
2025-10-10 10:29:40,613 [INFO] Época 4/30, Batch 2600/3348, Loss: 0.2748
2025-10-10 10:29:40,874 [INFO] Época 4/30, Batch 2650/3348, Loss: 0.5136
2025-10-10 10:29:41,148 [INFO] Época 4/30, Batch 2700/3348, Loss: 0.5686
2025-10-10 10:29:41,422 [INFO] Época 4/30, Batch 2750/3348, Loss: 0.3777
2025-10-10 10:29:41,687 [INFO] Época 4/30, Batch 2800/3348, Loss: 0.4926
2025-10-10 10:29:41,948 [INFO] Época 4/30, Batch 2850/3348, Loss: 0.3315
2025-10-10 10:29:42,208 [INFO] Época 4/30, Batch 2900/3348, Loss: 0.4378
2025-10-10 10:29:42,467 [INFO] Época 4/30, Batch 2950/3348, Loss: 0.4444
2025-10-10 10:29:42,729 [INFO] Época 4/30, Batch 3000/3348, Loss: 0.4293
2025-10-10 10:29:42,987 [INFO] Época 4/30, Batch 3050/3348, Loss: 0.3358
2025-10-10 10:29:43,248 [INFO] Época 4/30, Batch 3100/3348, Loss: 0.3633
2025-10-10 10:29:43,505 [INFO] Época 4/30, Batch 3150/3348, Loss: 0.3497
2025-10-10 10:29:43,756 [INFO] Época 4/30, Batch 3200/3348, Loss: 0.2997
2025-10-10 10:29:44,006 [INFO] Época 4/30, Batch 3250/3348, Loss: 0.1462
2025-10-10 10:29:44,257 [INFO] Época 4/30, Batch 3300/3348, Loss: 0.4194
2025-10-10 10:29:46,106 [INFO] [4/30] Train Loss: 0.3823 | Val Loss: 0.2556 | Tempo: 18.95s
2025-10-10 10:29:46,111 [INFO] Melhor modelo salvo em: /mnt/hdd/home/jdurao/ToolBox-ChemXAI/models/mlp_qm9_EState_att12_large.pth
2025-10-10 10:29:46,653 [INFO] Época 5/30, Batch 50/3348, Loss: 0.4888
2025-10-10 10:29:46,917 [INFO] Época 5/30, Batch 100/3348, Loss: 0.3122
2025-10-10 10:29:47,178 [INFO] Época 5/30, Batch 150/3348, Loss: 0.3467
2025-10-10 10:29:47,436 [INFO] Época 5/30, Batch 200/3348, Loss: 0.4746
2025-10-10 10:29:47,695 [INFO] Época 5/30, Batch 250/3348, Loss: 0.4701
2025-10-10 10:29:47,954 [INFO] Época 5/30, Batch 300/3348, Loss: 0.4580
2025-10-10 10:29:48,212 [INFO] Época 5/30, Batch 350/3348, Loss: 0.2765
2025-10-10 10:29:48,472 [INFO] Época 5/30, Batch 400/3348, Loss: 0.5268
2025-10-10 10:29:48,732 [INFO] Época 5/30, Batch 450/3348, Loss: 0.6513
2025-10-10 10:29:48,991 [INFO] Época 5/30, Batch 500/3348, Loss: 0.3287
2025-10-10 10:29:49,248 [INFO] Época 5/30, Batch 550/3348, Loss: 0.3726
2025-10-10 10:29:49,504 [INFO] Época 5/30, Batch 600/3348, Loss: 0.4869
2025-10-10 10:29:49,762 [INFO] Época 5/30, Batch 650/3348, Loss: 0.3747
2025-10-10 10:29:50,014 [INFO] Época 5/30, Batch 700/3348, Loss: 0.4251
2025-10-10 10:29:50,266 [INFO] Época 5/30, Batch 750/3348, Loss: 0.3895
2025-10-10 10:29:50,513 [INFO] Época 5/30, Batch 800/3348, Loss: 0.5319
2025-10-10 10:29:50,762 [INFO] Época 5/30, Batch 850/3348, Loss: 0.3437
2025-10-10 10:29:51,011 [INFO] Época 5/30, Batch 900/3348, Loss: 0.4104
2025-10-10 10:29:51,253 [INFO] Época 5/30, Batch 950/3348, Loss: 0.3259
2025-10-10 10:29:51,497 [INFO] Época 5/30, Batch 1000/3348, Loss: 0.4890
2025-10-10 10:29:51,740 [INFO] Época 5/30, Batch 1050/3348, Loss: 0.3320
2025-10-10 10:29:51,982 [INFO] Época 5/30, Batch 1100/3348, Loss: 0.5570
2025-10-10 10:29:52,224 [INFO] Época 5/30, Batch 1150/3348, Loss: 0.3554
2025-10-10 10:29:52,469 [INFO] Época 5/30, Batch 1200/3348, Loss: 0.4406
2025-10-10 10:29:52,713 [INFO] Época 5/30, Batch 1250/3348, Loss: 0.3089
2025-10-10 10:29:52,965 [INFO] Época 5/30, Batch 1300/3348, Loss: 0.6538
2025-10-10 10:29:53,221 [INFO] Época 5/30, Batch 1350/3348, Loss: 0.3565
2025-10-10 10:29:53,477 [INFO] Época 5/30, Batch 1400/3348, Loss: 0.2730
2025-10-10 10:29:53,734 [INFO] Época 5/30, Batch 1450/3348, Loss: 0.3669
2025-10-10 10:29:53,989 [INFO] Época 5/30, Batch 1500/3348, Loss: 0.2995
2025-10-10 10:29:54,244 [INFO] Época 5/30, Batch 1550/3348, Loss: 0.2141
2025-10-10 10:29:54,501 [INFO] Época 5/30, Batch 1600/3348, Loss: 0.3257
2025-10-10 10:29:54,757 [INFO] Época 5/30, Batch 1650/3348, Loss: 0.4120
2025-10-10 10:29:55,014 [INFO] Época 5/30, Batch 1700/3348, Loss: 0.3958
2025-10-10 10:29:55,282 [INFO] Época 5/30, Batch 1750/3348, Loss: 0.3051
2025-10-10 10:29:55,540 [INFO] Época 5/30, Batch 1800/3348, Loss: 0.2728
2025-10-10 10:29:55,799 [INFO] Época 5/30, Batch 1850/3348, Loss: 0.4665
2025-10-10 10:29:56,055 [INFO] Época 5/30, Batch 1900/3348, Loss: 0.4823
2025-10-10 10:29:56,313 [INFO] Época 5/30, Batch 1950/3348, Loss: 0.3288
2025-10-10 10:29:56,570 [INFO] Época 5/30, Batch 2000/3348, Loss: 0.3184
2025-10-10 10:29:56,830 [INFO] Época 5/30, Batch 2050/3348, Loss: 0.4491
2025-10-10 10:29:57,087 [INFO] Época 5/30, Batch 2100/3348, Loss: 0.3130
2025-10-10 10:29:57,344 [INFO] Época 5/30, Batch 2150/3348, Loss: 0.3275
2025-10-10 10:29:57,602 [INFO] Época 5/30, Batch 2200/3348, Loss: 0.2125
2025-10-10 10:29:57,860 [INFO] Época 5/30, Batch 2250/3348, Loss: 0.6071
2025-10-10 10:29:58,117 [INFO] Época 5/30, Batch 2300/3348, Loss: 0.2784
2025-10-10 10:29:58,374 [INFO] Época 5/30, Batch 2350/3348, Loss: 0.4390
2025-10-10 10:29:58,633 [INFO] Época 5/30, Batch 2400/3348, Loss: 0.5116
2025-10-10 10:29:58,891 [INFO] Época 5/30, Batch 2450/3348, Loss: 0.2644
2025-10-10 10:29:59,151 [INFO] Época 5/30, Batch 2500/3348, Loss: 0.4106
2025-10-10 10:29:59,410 [INFO] Época 5/30, Batch 2550/3348, Loss: 0.3878
2025-10-10 10:29:59,670 [INFO] Época 5/30, Batch 2600/3348, Loss: 0.5417
2025-10-10 10:29:59,928 [INFO] Época 5/30, Batch 2650/3348, Loss: 0.1928
2025-10-10 10:30:00,189 [INFO] Época 5/30, Batch 2700/3348, Loss: 0.4030
2025-10-10 10:30:00,446 [INFO] Época 5/30, Batch 2750/3348, Loss: 0.3874
2025-10-10 10:30:00,704 [INFO] Época 5/30, Batch 2800/3348, Loss: 0.4462
2025-10-10 10:30:00,962 [INFO] Época 5/30, Batch 2850/3348, Loss: 0.3057
2025-10-10 10:30:01,217 [INFO] Época 5/30, Batch 2900/3348, Loss: 0.2650
2025-10-10 10:30:01,478 [INFO] Época 5/30, Batch 2950/3348, Loss: 0.5120
2025-10-10 10:30:01,735 [INFO] Época 5/30, Batch 3000/3348, Loss: 0.3124
2025-10-10 10:30:01,991 [INFO] Época 5/30, Batch 3050/3348, Loss: 0.4465
2025-10-10 10:30:02,249 [INFO] Época 5/30, Batch 3100/3348, Loss: 0.4160
2025-10-10 10:30:02,506 [INFO] Época 5/30, Batch 3150/3348, Loss: 0.3383
2025-10-10 10:30:02,763 [INFO] Época 5/30, Batch 3200/3348, Loss: 0.2997
2025-10-10 10:30:03,020 [INFO] Época 5/30, Batch 3250/3348, Loss: 0.4995
2025-10-10 10:30:03,276 [INFO] Época 5/30, Batch 3300/3348, Loss: 0.3957
2025-10-10 10:30:05,111 [INFO] [5/30] Train Loss: 0.3798 | Val Loss: 0.2607 | Tempo: 19.00s
2025-10-10 10:30:05,659 [INFO] Época 6/30, Batch 50/3348, Loss: 0.3156
2025-10-10 10:30:05,921 [INFO] Época 6/30, Batch 100/3348, Loss: 0.4030
2025-10-10 10:30:06,181 [INFO] Época 6/30, Batch 150/3348, Loss: 0.4680
2025-10-10 10:30:06,447 [INFO] Época 6/30, Batch 200/3348, Loss: 0.2774
2025-10-10 10:30:06,705 [INFO] Época 6/30, Batch 250/3348, Loss: 0.3710
2025-10-10 10:30:06,966 [INFO] Época 6/30, Batch 300/3348, Loss: 0.4238
2025-10-10 10:30:07,224 [INFO] Época 6/30, Batch 350/3348, Loss: 0.2742
2025-10-10 10:30:07,483 [INFO] Época 6/30, Batch 400/3348, Loss: 0.3718
2025-10-10 10:30:07,743 [INFO] Época 6/30, Batch 450/3348, Loss: 0.2308
2025-10-10 10:30:08,000 [INFO] Época 6/30, Batch 500/3348, Loss: 0.3505
2025-10-10 10:30:08,259 [INFO] Época 6/30, Batch 550/3348, Loss: 0.3206
2025-10-10 10:30:08,517 [INFO] Época 6/30, Batch 600/3348, Loss: 0.2402
2025-10-10 10:30:08,775 [INFO] Época 6/30, Batch 650/3348, Loss: 0.3812
2025-10-10 10:30:09,035 [INFO] Época 6/30, Batch 700/3348, Loss: 0.3448
2025-10-10 10:30:09,284 [INFO] Época 6/30, Batch 750/3348, Loss: 0.4924
2025-10-10 10:30:09,534 [INFO] Época 6/30, Batch 800/3348, Loss: 0.2643
2025-10-10 10:30:09,786 [INFO] Época 6/30, Batch 850/3348, Loss: 0.3676
2025-10-10 10:30:10,046 [INFO] Época 6/30, Batch 900/3348, Loss: 0.3551
2025-10-10 10:30:10,302 [INFO] Época 6/30, Batch 950/3348, Loss: 0.4733
2025-10-10 10:30:10,548 [INFO] Época 6/30, Batch 1000/3348, Loss: 0.1784
2025-10-10 10:30:10,795 [INFO] Época 6/30, Batch 1050/3348, Loss: 0.4177
2025-10-10 10:30:11,052 [INFO] Época 6/30, Batch 1100/3348, Loss: 0.3798
2025-10-10 10:30:11,306 [INFO] Época 6/30, Batch 1150/3348, Loss: 0.5741
2025-10-10 10:30:11,581 [INFO] Época 6/30, Batch 1200/3348, Loss: 0.4815
2025-10-10 10:30:11,854 [INFO] Época 6/30, Batch 1250/3348, Loss: 0.3943
2025-10-10 10:30:12,111 [INFO] Época 6/30, Batch 1300/3348, Loss: 0.5152
2025-10-10 10:30:12,368 [INFO] Época 6/30, Batch 1350/3348, Loss: 0.4601
2025-10-10 10:30:12,624 [INFO] Época 6/30, Batch 1400/3348, Loss: 0.4315
2025-10-10 10:30:12,882 [INFO] Época 6/30, Batch 1450/3348, Loss: 0.3090
2025-10-10 10:30:13,139 [INFO] Época 6/30, Batch 1500/3348, Loss: 0.4272
2025-10-10 10:30:13,397 [INFO] Época 6/30, Batch 1550/3348, Loss: 0.2368
2025-10-10 10:30:13,655 [INFO] Época 6/30, Batch 1600/3348, Loss: 0.4875
2025-10-10 10:30:13,912 [INFO] Época 6/30, Batch 1650/3348, Loss: 0.4145
2025-10-10 10:30:14,168 [INFO] Época 6/30, Batch 1700/3348, Loss: 0.2324
2025-10-10 10:30:14,426 [INFO] Época 6/30, Batch 1750/3348, Loss: 0.3480
2025-10-10 10:30:14,683 [INFO] Época 6/30, Batch 1800/3348, Loss: 0.4325
2025-10-10 10:30:14,939 [INFO] Época 6/30, Batch 1850/3348, Loss: 0.2950
2025-10-10 10:30:15,194 [INFO] Época 6/30, Batch 1900/3348, Loss: 0.4241
2025-10-10 10:30:15,451 [INFO] Época 6/30, Batch 1950/3348, Loss: 0.3426
2025-10-10 10:30:15,707 [INFO] Época 6/30, Batch 2000/3348, Loss: 0.3210
2025-10-10 10:30:15,964 [INFO] Época 6/30, Batch 2050/3348, Loss: 0.4096
2025-10-10 10:30:16,220 [INFO] Época 6/30, Batch 2100/3348, Loss: 0.3269
2025-10-10 10:30:16,476 [INFO] Época 6/30, Batch 2150/3348, Loss: 0.2915
2025-10-10 10:30:16,731 [INFO] Época 6/30, Batch 2200/3348, Loss: 0.5585
2025-10-10 10:30:16,988 [INFO] Época 6/30, Batch 2250/3348, Loss: 0.3941
2025-10-10 10:30:17,244 [INFO] Época 6/30, Batch 2300/3348, Loss: 0.2290
2025-10-10 10:30:17,503 [INFO] Época 6/30, Batch 2350/3348, Loss: 0.3176
2025-10-10 10:30:17,760 [INFO] Época 6/30, Batch 2400/3348, Loss: 0.1942
2025-10-10 10:30:18,017 [INFO] Época 6/30, Batch 2450/3348, Loss: 0.3889
2025-10-10 10:30:18,281 [INFO] Época 6/30, Batch 2500/3348, Loss: 0.3438
2025-10-10 10:30:18,539 [INFO] Época 6/30, Batch 2550/3348, Loss: 0.3159
2025-10-10 10:30:18,796 [INFO] Época 6/30, Batch 2600/3348, Loss: 0.3883
2025-10-10 10:30:19,053 [INFO] Época 6/30, Batch 2650/3348, Loss: 0.4139
2025-10-10 10:30:19,311 [INFO] Época 6/30, Batch 2700/3348, Loss: 0.2619
2025-10-10 10:30:19,570 [INFO] Época 6/30, Batch 2750/3348, Loss: 0.2817
2025-10-10 10:30:19,828 [INFO] Época 6/30, Batch 2800/3348, Loss: 0.3837
2025-10-10 10:30:20,087 [INFO] Época 6/30, Batch 2850/3348, Loss: 0.4238
2025-10-10 10:30:20,345 [INFO] Época 6/30, Batch 2900/3348, Loss: 0.3682
2025-10-10 10:30:20,601 [INFO] Época 6/30, Batch 2950/3348, Loss: 0.3538
2025-10-10 10:30:20,859 [INFO] Época 6/30, Batch 3000/3348, Loss: 0.3832
2025-10-10 10:30:21,116 [INFO] Época 6/30, Batch 3050/3348, Loss: 0.3145
2025-10-10 10:30:21,370 [INFO] Época 6/30, Batch 3100/3348, Loss: 0.2805
2025-10-10 10:30:21,627 [INFO] Época 6/30, Batch 3150/3348, Loss: 0.3047
2025-10-10 10:30:21,884 [INFO] Época 6/30, Batch 3200/3348, Loss: 0.3752
2025-10-10 10:30:22,143 [INFO] Época 6/30, Batch 3250/3348, Loss: 0.4648
2025-10-10 10:30:22,400 [INFO] Época 6/30, Batch 3300/3348, Loss: 0.4081
2025-10-10 10:30:24,096 [INFO] [6/30] Train Loss: 0.3776 | Val Loss: 0.2658 | Tempo: 18.98s
2025-10-10 10:30:24,644 [INFO] Época 7/30, Batch 50/3348, Loss: 0.3513
2025-10-10 10:30:24,908 [INFO] Época 7/30, Batch 100/3348, Loss: 0.4267
2025-10-10 10:30:25,169 [INFO] Época 7/30, Batch 150/3348, Loss: 0.4735
2025-10-10 10:30:25,431 [INFO] Época 7/30, Batch 200/3348, Loss: 0.3447
2025-10-10 10:30:25,691 [INFO] Época 7/30, Batch 250/3348, Loss: 0.3140
2025-10-10 10:30:25,951 [INFO] Época 7/30, Batch 300/3348, Loss: 0.3748
2025-10-10 10:30:26,208 [INFO] Época 7/30, Batch 350/3348, Loss: 0.3123
2025-10-10 10:30:26,464 [INFO] Época 7/30, Batch 400/3348, Loss: 0.3602
2025-10-10 10:30:26,720 [INFO] Época 7/30, Batch 450/3348, Loss: 0.3455
2025-10-10 10:30:26,977 [INFO] Época 7/30, Batch 500/3348, Loss: 0.3918
2025-10-10 10:30:27,232 [INFO] Época 7/30, Batch 550/3348, Loss: 0.3639
2025-10-10 10:30:27,489 [INFO] Época 7/30, Batch 600/3348, Loss: 0.4133
2025-10-10 10:30:27,747 [INFO] Época 7/30, Batch 650/3348, Loss: 0.2205
2025-10-10 10:30:28,006 [INFO] Época 7/30, Batch 700/3348, Loss: 0.5590
2025-10-10 10:30:28,266 [INFO] Época 7/30, Batch 750/3348, Loss: 0.3262
2025-10-10 10:30:28,526 [INFO] Época 7/30, Batch 800/3348, Loss: 0.3681
2025-10-10 10:30:28,785 [INFO] Época 7/30, Batch 850/3348, Loss: 0.5206
2025-10-10 10:30:29,047 [INFO] Época 7/30, Batch 900/3348, Loss: 0.4785
2025-10-10 10:30:29,304 [INFO] Época 7/30, Batch 950/3348, Loss: 0.2403
2025-10-10 10:30:29,565 [INFO] Época 7/30, Batch 1000/3348, Loss: 0.3157
2025-10-10 10:30:29,823 [INFO] Época 7/30, Batch 1050/3348, Loss: 0.2620
2025-10-10 10:30:30,083 [INFO] Época 7/30, Batch 1100/3348, Loss: 0.5075
2025-10-10 10:30:30,335 [INFO] Época 7/30, Batch 1150/3348, Loss: 0.3612
2025-10-10 10:30:30,585 [INFO] Época 7/30, Batch 1200/3348, Loss: 0.4882
2025-10-10 10:30:30,835 [INFO] Época 7/30, Batch 1250/3348, Loss: 0.3103
2025-10-10 10:30:31,095 [INFO] Época 7/30, Batch 1300/3348, Loss: 0.3695
2025-10-10 10:30:31,355 [INFO] Época 7/30, Batch 1350/3348, Loss: 0.4747
2025-10-10 10:30:31,617 [INFO] Época 7/30, Batch 1400/3348, Loss: 0.3959
2025-10-10 10:30:31,878 [INFO] Época 7/30, Batch 1450/3348, Loss: 0.4422
2025-10-10 10:30:32,145 [INFO] Época 7/30, Batch 1500/3348, Loss: 0.4537
2025-10-10 10:30:32,408 [INFO] Época 7/30, Batch 1550/3348, Loss: 0.2646
2025-10-10 10:30:32,668 [INFO] Época 7/30, Batch 1600/3348, Loss: 0.3797
2025-10-10 10:30:32,938 [INFO] Época 7/30, Batch 1650/3348, Loss: 0.3251
2025-10-10 10:30:33,206 [INFO] Época 7/30, Batch 1700/3348, Loss: 0.3929
2025-10-10 10:30:33,474 [INFO] Época 7/30, Batch 1750/3348, Loss: 0.3797
2025-10-10 10:30:33,732 [INFO] Época 7/30, Batch 1800/3348, Loss: 0.3075
2025-10-10 10:30:33,988 [INFO] Época 7/30, Batch 1850/3348, Loss: 0.3145
2025-10-10 10:30:34,244 [INFO] Época 7/30, Batch 1900/3348, Loss: 0.5687
2025-10-10 10:30:34,498 [INFO] Época 7/30, Batch 1950/3348, Loss: 0.1733
2025-10-10 10:30:34,756 [INFO] Época 7/30, Batch 2000/3348, Loss: 0.2534
2025-10-10 10:30:35,013 [INFO] Época 7/30, Batch 2050/3348, Loss: 0.3536
2025-10-10 10:30:35,270 [INFO] Época 7/30, Batch 2100/3348, Loss: 0.3747
2025-10-10 10:30:35,526 [INFO] Época 7/30, Batch 2150/3348, Loss: 0.3173
2025-10-10 10:30:35,785 [INFO] Época 7/30, Batch 2200/3348, Loss: 0.4792
2025-10-10 10:30:36,047 [INFO] Época 7/30, Batch 2250/3348, Loss: 0.2562
2025-10-10 10:30:36,305 [INFO] Época 7/30, Batch 2300/3348, Loss: 0.4327
2025-10-10 10:30:36,563 [INFO] Época 7/30, Batch 2350/3348, Loss: 0.2346
2025-10-10 10:30:36,820 [INFO] Época 7/30, Batch 2400/3348, Loss: 0.2897
2025-10-10 10:30:37,076 [INFO] Época 7/30, Batch 2450/3348, Loss: 0.5082
2025-10-10 10:30:37,333 [INFO] Época 7/30, Batch 2500/3348, Loss: 0.5036
2025-10-10 10:30:37,589 [INFO] Época 7/30, Batch 2550/3348, Loss: 0.4530
2025-10-10 10:30:37,847 [INFO] Época 7/30, Batch 2600/3348, Loss: 0.4674
2025-10-10 10:30:38,106 [INFO] Época 7/30, Batch 2650/3348, Loss: 0.4508
2025-10-10 10:30:38,364 [INFO] Época 7/30, Batch 2700/3348, Loss: 0.4587
2025-10-10 10:30:38,622 [INFO] Época 7/30, Batch 2750/3348, Loss: 0.4390
2025-10-10 10:30:38,882 [INFO] Época 7/30, Batch 2800/3348, Loss: 0.4335
2025-10-10 10:30:39,141 [INFO] Época 7/30, Batch 2850/3348, Loss: 0.3521
2025-10-10 10:30:39,397 [INFO] Época 7/30, Batch 2900/3348, Loss: 0.3608
2025-10-10 10:30:39,655 [INFO] Época 7/30, Batch 2950/3348, Loss: 0.3699
2025-10-10 10:30:39,914 [INFO] Época 7/30, Batch 3000/3348, Loss: 0.3027
2025-10-10 10:30:40,171 [INFO] Época 7/30, Batch 3050/3348, Loss: 0.3206
2025-10-10 10:30:40,432 [INFO] Época 7/30, Batch 3100/3348, Loss: 0.1733
2025-10-10 10:30:40,691 [INFO] Época 7/30, Batch 3150/3348, Loss: 0.2939
2025-10-10 10:30:40,950 [INFO] Época 7/30, Batch 3200/3348, Loss: 0.3514
2025-10-10 10:30:41,207 [INFO] Época 7/30, Batch 3250/3348, Loss: 0.3937
2025-10-10 10:30:41,464 [INFO] Época 7/30, Batch 3300/3348, Loss: 0.5669
2025-10-10 10:30:43,166 [INFO] [7/30] Train Loss: 0.3762 | Val Loss: 0.2617 | Tempo: 19.07s
2025-10-10 10:30:43,723 [INFO] Época 8/30, Batch 50/3348, Loss: 0.3072
2025-10-10 10:30:43,996 [INFO] Época 8/30, Batch 100/3348, Loss: 0.3441
2025-10-10 10:30:44,266 [INFO] Época 8/30, Batch 150/3348, Loss: 0.3462
2025-10-10 10:30:44,535 [INFO] Época 8/30, Batch 200/3348, Loss: 0.3528
2025-10-10 10:30:44,807 [INFO] Época 8/30, Batch 250/3348, Loss: 0.1564
2025-10-10 10:30:45,076 [INFO] Época 8/30, Batch 300/3348, Loss: 0.3937
2025-10-10 10:30:45,346 [INFO] Época 8/30, Batch 350/3348, Loss: 0.4436
2025-10-10 10:30:45,615 [INFO] Época 8/30, Batch 400/3348, Loss: 0.3427
2025-10-10 10:30:45,883 [INFO] Época 8/30, Batch 450/3348, Loss: 0.2956
2025-10-10 10:30:46,151 [INFO] Época 8/30, Batch 500/3348, Loss: 0.3956
2025-10-10 10:30:46,419 [INFO] Época 8/30, Batch 550/3348, Loss: 0.3810
2025-10-10 10:30:46,680 [INFO] Época 8/30, Batch 600/3348, Loss: 0.3995
2025-10-10 10:30:46,937 [INFO] Época 8/30, Batch 650/3348, Loss: 0.3756
2025-10-10 10:30:47,194 [INFO] Época 8/30, Batch 700/3348, Loss: 0.3256
2025-10-10 10:30:47,451 [INFO] Época 8/30, Batch 750/3348, Loss: 0.2535
2025-10-10 10:30:47,710 [INFO] Época 8/30, Batch 800/3348, Loss: 0.2593
2025-10-10 10:30:47,976 [INFO] Época 8/30, Batch 850/3348, Loss: 0.4925
2025-10-10 10:30:48,245 [INFO] Época 8/30, Batch 900/3348, Loss: 0.3026
2025-10-10 10:30:48,511 [INFO] Época 8/30, Batch 950/3348, Loss: 0.3536
2025-10-10 10:30:48,779 [INFO] Época 8/30, Batch 1000/3348, Loss: 0.1551
2025-10-10 10:30:49,048 [INFO] Época 8/30, Batch 1050/3348, Loss: 0.5117
2025-10-10 10:30:49,315 [INFO] Época 8/30, Batch 1100/3348, Loss: 0.3627
2025-10-10 10:30:49,582 [INFO] Época 8/30, Batch 1150/3348, Loss: 0.3019
2025-10-10 10:30:49,844 [INFO] Época 8/30, Batch 1200/3348, Loss: 0.3218
2025-10-10 10:30:50,109 [INFO] Época 8/30, Batch 1250/3348, Loss: 0.4087
2025-10-10 10:30:50,377 [INFO] Época 8/30, Batch 1300/3348, Loss: 0.2882
2025-10-10 10:30:50,641 [INFO] Época 8/30, Batch 1350/3348, Loss: 0.4069
2025-10-10 10:30:50,897 [INFO] Época 8/30, Batch 1400/3348, Loss: 0.4237
2025-10-10 10:30:51,152 [INFO] Época 8/30, Batch 1450/3348, Loss: 0.4708
2025-10-10 10:30:51,411 [INFO] Época 8/30, Batch 1500/3348, Loss: 0.2652
2025-10-10 10:30:51,672 [INFO] Época 8/30, Batch 1550/3348, Loss: 0.3903
2025-10-10 10:30:51,940 [INFO] Época 8/30, Batch 1600/3348, Loss: 0.2392
2025-10-10 10:30:52,207 [INFO] Época 8/30, Batch 1650/3348, Loss: 0.2486
2025-10-10 10:30:52,475 [INFO] Época 8/30, Batch 1700/3348, Loss: 0.3537
2025-10-10 10:30:52,743 [INFO] Época 8/30, Batch 1750/3348, Loss: 0.4118
2025-10-10 10:30:53,010 [INFO] Época 8/30, Batch 1800/3348, Loss: 0.2950
2025-10-10 10:30:53,276 [INFO] Época 8/30, Batch 1850/3348, Loss: 0.4862
2025-10-10 10:30:53,541 [INFO] Época 8/30, Batch 1900/3348, Loss: 0.2885
2025-10-10 10:30:53,807 [INFO] Época 8/30, Batch 1950/3348, Loss: 0.3919
2025-10-10 10:30:54,073 [INFO] Época 8/30, Batch 2000/3348, Loss: 0.2559
2025-10-10 10:30:54,342 [INFO] Época 8/30, Batch 2050/3348, Loss: 0.3617
2025-10-10 10:30:54,609 [INFO] Época 8/30, Batch 2100/3348, Loss: 0.4505
2025-10-10 10:30:54,879 [INFO] Época 8/30, Batch 2150/3348, Loss: 0.5210
2025-10-10 10:30:55,142 [INFO] Época 8/30, Batch 2200/3348, Loss: 0.4644
2025-10-10 10:30:55,407 [INFO] Época 8/30, Batch 2250/3348, Loss: 0.3011
2025-10-10 10:30:55,668 [INFO] Época 8/30, Batch 2300/3348, Loss: 0.4526
2025-10-10 10:30:55,927 [INFO] Época 8/30, Batch 2350/3348, Loss: 0.3004
2025-10-10 10:30:56,187 [INFO] Época 8/30, Batch 2400/3348, Loss: 0.3306
2025-10-10 10:30:56,448 [INFO] Época 8/30, Batch 2450/3348, Loss: 0.3873
2025-10-10 10:30:56,714 [INFO] Época 8/30, Batch 2500/3348, Loss: 0.2504
2025-10-10 10:30:56,984 [INFO] Época 8/30, Batch 2550/3348, Loss: 0.4257
2025-10-10 10:30:57,248 [INFO] Época 8/30, Batch 2600/3348, Loss: 0.4299
2025-10-10 10:30:57,504 [INFO] Época 8/30, Batch 2650/3348, Loss: 0.4799
2025-10-10 10:30:57,762 [INFO] Época 8/30, Batch 2700/3348, Loss: 0.3078
2025-10-10 10:30:58,020 [INFO] Época 8/30, Batch 2750/3348, Loss: 0.5552
2025-10-10 10:30:58,279 [INFO] Época 8/30, Batch 2800/3348, Loss: 0.2301
2025-10-10 10:30:58,538 [INFO] Época 8/30, Batch 2850/3348, Loss: 0.4314
2025-10-10 10:30:58,793 [INFO] Época 8/30, Batch 2900/3348, Loss: 0.3313
2025-10-10 10:30:59,048 [INFO] Época 8/30, Batch 2950/3348, Loss: 0.2830
2025-10-10 10:30:59,304 [INFO] Época 8/30, Batch 3000/3348, Loss: 0.2985
2025-10-10 10:30:59,561 [INFO] Época 8/30, Batch 3050/3348, Loss: 0.2286
2025-10-10 10:30:59,829 [INFO] Época 8/30, Batch 3100/3348, Loss: 0.1992
2025-10-10 10:31:00,095 [INFO] Época 8/30, Batch 3150/3348, Loss: 0.2603
2025-10-10 10:31:00,359 [INFO] Época 8/30, Batch 3200/3348, Loss: 0.3073
2025-10-10 10:31:00,625 [INFO] Época 8/30, Batch 3250/3348, Loss: 0.4820
2025-10-10 10:31:00,891 [INFO] Época 8/30, Batch 3300/3348, Loss: 0.1451
2025-10-10 10:31:02,601 [INFO] [8/30] Train Loss: 0.3748 | Val Loss: 0.2568 | Tempo: 19.43s
2025-10-10 10:31:03,139 [INFO] Época 9/30, Batch 50/3348, Loss: 0.3961
2025-10-10 10:31:03,412 [INFO] Época 9/30, Batch 100/3348, Loss: 0.4706
2025-10-10 10:31:03,687 [INFO] Época 9/30, Batch 150/3348, Loss: 0.3675
2025-10-10 10:31:03,968 [INFO] Época 9/30, Batch 200/3348, Loss: 0.1351
2025-10-10 10:31:04,246 [INFO] Época 9/30, Batch 250/3348, Loss: 0.3792
2025-10-10 10:31:04,522 [INFO] Época 9/30, Batch 300/3348, Loss: 0.2956
2025-10-10 10:31:04,794 [INFO] Época 9/30, Batch 350/3348, Loss: 0.3234
2025-10-10 10:31:05,066 [INFO] Época 9/30, Batch 400/3348, Loss: 0.3982
2025-10-10 10:31:05,345 [INFO] Época 9/30, Batch 450/3348, Loss: 0.3680
2025-10-10 10:31:05,614 [INFO] Época 9/30, Batch 500/3348, Loss: 0.4641
2025-10-10 10:31:05,887 [INFO] Época 9/30, Batch 550/3348, Loss: 0.3150
2025-10-10 10:31:06,157 [INFO] Época 9/30, Batch 600/3348, Loss: 0.3704
2025-10-10 10:31:06,419 [INFO] Época 9/30, Batch 650/3348, Loss: 0.2677
2025-10-10 10:31:06,679 [INFO] Época 9/30, Batch 700/3348, Loss: 0.4052
2025-10-10 10:31:06,942 [INFO] Época 9/30, Batch 750/3348, Loss: 0.3376
2025-10-10 10:31:07,204 [INFO] Época 9/30, Batch 800/3348, Loss: 0.3278
2025-10-10 10:31:07,464 [INFO] Época 9/30, Batch 850/3348, Loss: 0.2874
2025-10-10 10:31:07,725 [INFO] Época 9/30, Batch 900/3348, Loss: 0.5132
2025-10-10 10:31:07,983 [INFO] Época 9/30, Batch 950/3348, Loss: 0.4938
2025-10-10 10:31:08,245 [INFO] Época 9/30, Batch 1000/3348, Loss: 0.3158
2025-10-10 10:31:08,506 [INFO] Época 9/30, Batch 1050/3348, Loss: 0.2875
2025-10-10 10:31:08,765 [INFO] Época 9/30, Batch 1100/3348, Loss: 0.2216
2025-10-10 10:31:09,020 [INFO] Época 9/30, Batch 1150/3348, Loss: 0.2602
2025-10-10 10:31:09,276 [INFO] Época 9/30, Batch 1200/3348, Loss: 0.3019
2025-10-10 10:31:09,533 [INFO] Época 9/30, Batch 1250/3348, Loss: 0.4569
2025-10-10 10:31:09,790 [INFO] Época 9/30, Batch 1300/3348, Loss: 0.5138
2025-10-10 10:31:10,050 [INFO] Época 9/30, Batch 1350/3348, Loss: 0.2647
2025-10-10 10:31:10,307 [INFO] Época 9/30, Batch 1400/3348, Loss: 0.2577
2025-10-10 10:31:10,567 [INFO] Época 9/30, Batch 1450/3348, Loss: 0.4374
2025-10-10 10:31:10,828 [INFO] Época 9/30, Batch 1500/3348, Loss: 0.2484
2025-10-10 10:31:11,090 [INFO] Época 9/30, Batch 1550/3348, Loss: 0.4522
2025-10-10 10:31:11,351 [INFO] Época 9/30, Batch 1600/3348, Loss: 0.3246
2025-10-10 10:31:11,613 [INFO] Época 9/30, Batch 1650/3348, Loss: 0.4466
2025-10-10 10:31:11,874 [INFO] Época 9/30, Batch 1700/3348, Loss: 0.3001
2025-10-10 10:31:12,133 [INFO] Época 9/30, Batch 1750/3348, Loss: 0.4024
2025-10-10 10:31:12,392 [INFO] Época 9/30, Batch 1800/3348, Loss: 0.2888
2025-10-10 10:31:12,653 [INFO] Época 9/30, Batch 1850/3348, Loss: 0.3454
2025-10-10 10:31:12,911 [INFO] Época 9/30, Batch 1900/3348, Loss: 0.3345
2025-10-10 10:31:13,169 [INFO] Época 9/30, Batch 1950/3348, Loss: 0.2685
2025-10-10 10:31:13,427 [INFO] Época 9/30, Batch 2000/3348, Loss: 0.2375
2025-10-10 10:31:13,690 [INFO] Época 9/30, Batch 2050/3348, Loss: 0.3779
2025-10-10 10:31:13,948 [INFO] Época 9/30, Batch 2100/3348, Loss: 0.4154
2025-10-10 10:31:14,208 [INFO] Época 9/30, Batch 2150/3348, Loss: 0.2714
2025-10-10 10:31:14,466 [INFO] Época 9/30, Batch 2200/3348, Loss: 0.3531
2025-10-10 10:31:14,727 [INFO] Época 9/30, Batch 2250/3348, Loss: 0.2943
2025-10-10 10:31:14,985 [INFO] Época 9/30, Batch 2300/3348, Loss: 0.5128
2025-10-10 10:31:15,245 [INFO] Época 9/30, Batch 2350/3348, Loss: 0.5053
2025-10-10 10:31:15,504 [INFO] Época 9/30, Batch 2400/3348, Loss: 0.3080
2025-10-10 10:31:15,766 [INFO] Época 9/30, Batch 2450/3348, Loss: 0.2705
2025-10-10 10:31:16,026 [INFO] Época 9/30, Batch 2500/3348, Loss: 0.2919
2025-10-10 10:31:16,284 [INFO] Época 9/30, Batch 2550/3348, Loss: 0.1955
2025-10-10 10:31:16,543 [INFO] Época 9/30, Batch 2600/3348, Loss: 0.3580
2025-10-10 10:31:16,805 [INFO] Época 9/30, Batch 2650/3348, Loss: 0.3465
2025-10-10 10:31:17,064 [INFO] Época 9/30, Batch 2700/3348, Loss: 0.1928
2025-10-10 10:31:17,324 [INFO] Época 9/30, Batch 2750/3348, Loss: 0.4297
2025-10-10 10:31:17,582 [INFO] Época 9/30, Batch 2800/3348, Loss: 0.4554
2025-10-10 10:31:17,846 [INFO] Época 9/30, Batch 2850/3348, Loss: 0.4516
2025-10-10 10:31:18,105 [INFO] Época 9/30, Batch 2900/3348, Loss: 0.4000
2025-10-10 10:31:18,366 [INFO] Época 9/30, Batch 2950/3348, Loss: 0.4237
2025-10-10 10:31:18,625 [INFO] Época 9/30, Batch 3000/3348, Loss: 0.3523
2025-10-10 10:31:18,885 [INFO] Época 9/30, Batch 3050/3348, Loss: 0.5738
2025-10-10 10:31:19,145 [INFO] Época 9/30, Batch 3100/3348, Loss: 0.3350
2025-10-10 10:31:19,404 [INFO] Época 9/30, Batch 3150/3348, Loss: 0.2760
2025-10-10 10:31:19,663 [INFO] Época 9/30, Batch 3200/3348, Loss: 0.4590
2025-10-10 10:31:19,918 [INFO] Época 9/30, Batch 3250/3348, Loss: 0.3975
2025-10-10 10:31:20,174 [INFO] Época 9/30, Batch 3300/3348, Loss: 0.4376
2025-10-10 10:31:21,824 [INFO] [9/30] Train Loss: 0.3730 | Val Loss: 0.2569 | Tempo: 19.22s
2025-10-10 10:31:22,367 [INFO] Época 10/30, Batch 50/3348, Loss: 0.3941
2025-10-10 10:31:22,629 [INFO] Época 10/30, Batch 100/3348, Loss: 0.3668
2025-10-10 10:31:22,888 [INFO] Época 10/30, Batch 150/3348, Loss: 0.3245
2025-10-10 10:31:23,147 [INFO] Época 10/30, Batch 200/3348, Loss: 0.3561
2025-10-10 10:31:23,404 [INFO] Época 10/30, Batch 250/3348, Loss: 0.3580
2025-10-10 10:31:23,663 [INFO] Época 10/30, Batch 300/3348, Loss: 0.2021
2025-10-10 10:31:23,919 [INFO] Época 10/30, Batch 350/3348, Loss: 0.3408
2025-10-10 10:31:24,173 [INFO] Época 10/30, Batch 400/3348, Loss: 0.2669
2025-10-10 10:31:24,427 [INFO] Época 10/30, Batch 450/3348, Loss: 0.2665
2025-10-10 10:31:24,681 [INFO] Época 10/30, Batch 500/3348, Loss: 0.4334
2025-10-10 10:31:24,936 [INFO] Época 10/30, Batch 550/3348, Loss: 0.3838
2025-10-10 10:31:25,192 [INFO] Época 10/30, Batch 600/3348, Loss: 0.5497
2025-10-10 10:31:25,445 [INFO] Época 10/30, Batch 650/3348, Loss: 0.5056
2025-10-10 10:31:25,699 [INFO] Época 10/30, Batch 700/3348, Loss: 0.2733
2025-10-10 10:31:25,953 [INFO] Época 10/30, Batch 750/3348, Loss: 0.4919
2025-10-10 10:31:26,208 [INFO] Época 10/30, Batch 800/3348, Loss: 0.5016
2025-10-10 10:31:26,466 [INFO] Época 10/30, Batch 850/3348, Loss: 0.3750
2025-10-10 10:31:26,720 [INFO] Época 10/30, Batch 900/3348, Loss: 0.2297
2025-10-10 10:31:26,976 [INFO] Época 10/30, Batch 950/3348, Loss: 0.6098
2025-10-10 10:31:27,232 [INFO] Época 10/30, Batch 1000/3348, Loss: 0.3565
2025-10-10 10:31:27,488 [INFO] Época 10/30, Batch 1050/3348, Loss: 0.3614
2025-10-10 10:31:27,745 [INFO] Época 10/30, Batch 1100/3348, Loss: 0.3885
2025-10-10 10:31:28,000 [INFO] Época 10/30, Batch 1150/3348, Loss: 0.3976
2025-10-10 10:31:28,255 [INFO] Época 10/30, Batch 1200/3348, Loss: 0.4141
2025-10-10 10:31:28,511 [INFO] Época 10/30, Batch 1250/3348, Loss: 0.3727
2025-10-10 10:31:28,766 [INFO] Época 10/30, Batch 1300/3348, Loss: 0.2900
2025-10-10 10:31:29,022 [INFO] Época 10/30, Batch 1350/3348, Loss: 0.1999
2025-10-10 10:31:29,277 [INFO] Época 10/30, Batch 1400/3348, Loss: 0.3382
2025-10-10 10:31:29,532 [INFO] Época 10/30, Batch 1450/3348, Loss: 0.3400
2025-10-10 10:31:29,787 [INFO] Época 10/30, Batch 1500/3348, Loss: 0.2619
2025-10-10 10:31:30,042 [INFO] Época 10/30, Batch 1550/3348, Loss: 0.3435
2025-10-10 10:31:30,296 [INFO] Época 10/30, Batch 1600/3348, Loss: 0.2949
2025-10-10 10:31:30,551 [INFO] Época 10/30, Batch 1650/3348, Loss: 0.4354
2025-10-10 10:31:30,804 [INFO] Época 10/30, Batch 1700/3348, Loss: 0.3311
2025-10-10 10:31:31,058 [INFO] Época 10/30, Batch 1750/3348, Loss: 0.4029
2025-10-10 10:31:31,312 [INFO] Época 10/30, Batch 1800/3348, Loss: 0.3715
2025-10-10 10:31:31,567 [INFO] Época 10/30, Batch 1850/3348, Loss: 0.3264
2025-10-10 10:31:31,821 [INFO] Época 10/30, Batch 1900/3348, Loss: 0.4163
2025-10-10 10:31:32,075 [INFO] Época 10/30, Batch 1950/3348, Loss: 0.3991
2025-10-10 10:31:32,328 [INFO] Época 10/30, Batch 2000/3348, Loss: 0.3097
2025-10-10 10:31:32,583 [INFO] Época 10/30, Batch 2050/3348, Loss: 0.3575
2025-10-10 10:31:32,842 [INFO] Época 10/30, Batch 2100/3348, Loss: 0.3503
2025-10-10 10:31:33,106 [INFO] Época 10/30, Batch 2150/3348, Loss: 0.4321
2025-10-10 10:31:33,369 [INFO] Época 10/30, Batch 2200/3348, Loss: 0.3158
2025-10-10 10:31:33,631 [INFO] Época 10/30, Batch 2250/3348, Loss: 0.3130
2025-10-10 10:31:33,893 [INFO] Época 10/30, Batch 2300/3348, Loss: 0.5417
2025-10-10 10:31:34,155 [INFO] Época 10/30, Batch 2350/3348, Loss: 0.5025
2025-10-10 10:31:34,420 [INFO] Época 10/30, Batch 2400/3348, Loss: 0.3115
2025-10-10 10:31:34,686 [INFO] Época 10/30, Batch 2450/3348, Loss: 0.3551
2025-10-10 10:31:34,948 [INFO] Época 10/30, Batch 2500/3348, Loss: 0.3164
2025-10-10 10:31:35,213 [INFO] Época 10/30, Batch 2550/3348, Loss: 0.1999
2025-10-10 10:31:35,477 [INFO] Época 10/30, Batch 2600/3348, Loss: 0.2884
2025-10-10 10:31:35,743 [INFO] Época 10/30, Batch 2650/3348, Loss: 0.4052
2025-10-10 10:31:36,006 [INFO] Época 10/30, Batch 2700/3348, Loss: 0.4267
2025-10-10 10:31:36,269 [INFO] Época 10/30, Batch 2750/3348, Loss: 0.3251
2025-10-10 10:31:36,532 [INFO] Época 10/30, Batch 2800/3348, Loss: 0.3956
2025-10-10 10:31:36,797 [INFO] Época 10/30, Batch 2850/3348, Loss: 0.2438
2025-10-10 10:31:37,062 [INFO] Época 10/30, Batch 2900/3348, Loss: 0.3702
2025-10-10 10:31:37,327 [INFO] Época 10/30, Batch 2950/3348, Loss: 0.3569
2025-10-10 10:31:37,591 [INFO] Época 10/30, Batch 3000/3348, Loss: 0.3597
2025-10-10 10:31:37,848 [INFO] Época 10/30, Batch 3050/3348, Loss: 0.3114
2025-10-10 10:31:38,100 [INFO] Época 10/30, Batch 3100/3348, Loss: 0.4536
2025-10-10 10:31:38,353 [INFO] Época 10/30, Batch 3150/3348, Loss: 0.3806
2025-10-10 10:31:38,606 [INFO] Época 10/30, Batch 3200/3348, Loss: 0.3337
2025-10-10 10:31:38,862 [INFO] Época 10/30, Batch 3250/3348, Loss: 0.3167
2025-10-10 10:31:39,115 [INFO] Época 10/30, Batch 3300/3348, Loss: 0.3824
2025-10-10 10:31:40,948 [INFO] [10/30] Train Loss: 0.3721 | Val Loss: 0.2589 | Tempo: 19.12s
2025-10-10 10:31:41,505 [INFO] Época 11/30, Batch 50/3348, Loss: 0.4109
2025-10-10 10:31:41,771 [INFO] Época 11/30, Batch 100/3348, Loss: 0.3361
2025-10-10 10:31:42,030 [INFO] Época 11/30, Batch 150/3348, Loss: 0.4043
2025-10-10 10:31:42,288 [INFO] Época 11/30, Batch 200/3348, Loss: 0.2717
2025-10-10 10:31:42,549 [INFO] Época 11/30, Batch 250/3348, Loss: 0.3777
2025-10-10 10:31:42,809 [INFO] Época 11/30, Batch 300/3348, Loss: 0.4341
2025-10-10 10:31:43,072 [INFO] Época 11/30, Batch 350/3348, Loss: 0.3767
2025-10-10 10:31:43,332 [INFO] Época 11/30, Batch 400/3348, Loss: 0.2256
2025-10-10 10:31:43,590 [INFO] Época 11/30, Batch 450/3348, Loss: 0.3064
2025-10-10 10:31:43,847 [INFO] Época 11/30, Batch 500/3348, Loss: 0.2195
2025-10-10 10:31:44,106 [INFO] Época 11/30, Batch 550/3348, Loss: 0.3123
2025-10-10 10:31:44,365 [INFO] Época 11/30, Batch 600/3348, Loss: 0.2493
2025-10-10 10:31:44,623 [INFO] Época 11/30, Batch 650/3348, Loss: 0.4601
2025-10-10 10:31:44,882 [INFO] Época 11/30, Batch 700/3348, Loss: 0.2964
2025-10-10 10:31:45,140 [INFO] Época 11/30, Batch 750/3348, Loss: 0.2819
2025-10-10 10:31:45,402 [INFO] Época 11/30, Batch 800/3348, Loss: 0.2208
2025-10-10 10:31:45,660 [INFO] Época 11/30, Batch 850/3348, Loss: 0.3929
2025-10-10 10:31:45,917 [INFO] Época 11/30, Batch 900/3348, Loss: 0.2599
2025-10-10 10:31:46,177 [INFO] Época 11/30, Batch 950/3348, Loss: 0.3339
2025-10-10 10:31:46,437 [INFO] Época 11/30, Batch 1000/3348, Loss: 0.4217
2025-10-10 10:31:46,695 [INFO] Época 11/30, Batch 1050/3348, Loss: 0.4001
2025-10-10 10:31:46,951 [INFO] Época 11/30, Batch 1100/3348, Loss: 0.2378
2025-10-10 10:31:47,213 [INFO] Época 11/30, Batch 1150/3348, Loss: 0.3104
2025-10-10 10:31:47,472 [INFO] Época 11/30, Batch 1200/3348, Loss: 0.3254
2025-10-10 10:31:47,730 [INFO] Época 11/30, Batch 1250/3348, Loss: 0.1633
2025-10-10 10:31:47,986 [INFO] Época 11/30, Batch 1300/3348, Loss: 0.1642
2025-10-10 10:31:48,241 [INFO] Época 11/30, Batch 1350/3348, Loss: 0.4888
2025-10-10 10:31:48,497 [INFO] Época 11/30, Batch 1400/3348, Loss: 0.5229
2025-10-10 10:31:48,753 [INFO] Época 11/30, Batch 1450/3348, Loss: 0.3028
2025-10-10 10:31:49,009 [INFO] Época 11/30, Batch 1500/3348, Loss: 0.2716
2025-10-10 10:31:49,264 [INFO] Época 11/30, Batch 1550/3348, Loss: 0.3326
2025-10-10 10:31:49,522 [INFO] Época 11/30, Batch 1600/3348, Loss: 0.1937
2025-10-10 10:31:49,778 [INFO] Época 11/30, Batch 1650/3348, Loss: 0.4649
2025-10-10 10:31:50,033 [INFO] Época 11/30, Batch 1700/3348, Loss: 0.4850
2025-10-10 10:31:50,288 [INFO] Época 11/30, Batch 1750/3348, Loss: 0.3218
2025-10-10 10:31:50,542 [INFO] Época 11/30, Batch 1800/3348, Loss: 0.4351
2025-10-10 10:31:50,797 [INFO] Época 11/30, Batch 1850/3348, Loss: 0.4347
2025-10-10 10:31:51,053 [INFO] Época 11/30, Batch 1900/3348, Loss: 0.2672
2025-10-10 10:31:51,307 [INFO] Época 11/30, Batch 1950/3348, Loss: 0.2948
2025-10-10 10:31:51,560 [INFO] Época 11/30, Batch 2000/3348, Loss: 0.2912
2025-10-10 10:31:51,815 [INFO] Época 11/30, Batch 2050/3348, Loss: 0.4602
2025-10-10 10:31:52,070 [INFO] Época 11/30, Batch 2100/3348, Loss: 0.4465
2025-10-10 10:31:52,328 [INFO] Época 11/30, Batch 2150/3348, Loss: 0.3371
2025-10-10 10:31:52,584 [INFO] Época 11/30, Batch 2200/3348, Loss: 0.3852
2025-10-10 10:31:52,839 [INFO] Época 11/30, Batch 2250/3348, Loss: 0.3606
2025-10-10 10:31:53,095 [INFO] Época 11/30, Batch 2300/3348, Loss: 0.4711
2025-10-10 10:31:53,350 [INFO] Época 11/30, Batch 2350/3348, Loss: 0.4387
2025-10-10 10:31:53,602 [INFO] Época 11/30, Batch 2400/3348, Loss: 0.3684
2025-10-10 10:31:53,853 [INFO] Época 11/30, Batch 2450/3348, Loss: 0.4288
2025-10-10 10:31:54,105 [INFO] Época 11/30, Batch 2500/3348, Loss: 0.4424
2025-10-10 10:31:54,359 [INFO] Época 11/30, Batch 2550/3348, Loss: 0.2807
2025-10-10 10:31:54,612 [INFO] Época 11/30, Batch 2600/3348, Loss: 0.3373
2025-10-10 10:31:54,865 [INFO] Época 11/30, Batch 2650/3348, Loss: 0.2851
2025-10-10 10:31:55,118 [INFO] Época 11/30, Batch 2700/3348, Loss: 0.4962
2025-10-10 10:31:55,375 [INFO] Época 11/30, Batch 2750/3348, Loss: 0.3741
2025-10-10 10:31:55,629 [INFO] Época 11/30, Batch 2800/3348, Loss: 0.4631
2025-10-10 10:31:55,884 [INFO] Época 11/30, Batch 2850/3348, Loss: 0.2867
2025-10-10 10:31:56,137 [INFO] Época 11/30, Batch 2900/3348, Loss: 0.2980
2025-10-10 10:31:56,393 [INFO] Época 11/30, Batch 2950/3348, Loss: 0.4522
2025-10-10 10:31:56,647 [INFO] Época 11/30, Batch 3000/3348, Loss: 0.3398
2025-10-10 10:31:56,901 [INFO] Época 11/30, Batch 3050/3348, Loss: 0.4352
2025-10-10 10:31:57,154 [INFO] Época 11/30, Batch 3100/3348, Loss: 0.4477
2025-10-10 10:31:57,407 [INFO] Época 11/30, Batch 3150/3348, Loss: 0.1950
2025-10-10 10:31:57,662 [INFO] Época 11/30, Batch 3200/3348, Loss: 0.4042
2025-10-10 10:31:57,915 [INFO] Época 11/30, Batch 3250/3348, Loss: 0.5516
2025-10-10 10:31:58,169 [INFO] Época 11/30, Batch 3300/3348, Loss: 0.3103
2025-10-10 10:31:59,926 [INFO] [11/30] Train Loss: 0.3712 | Val Loss: 0.2640 | Tempo: 18.98s
2025-10-10 10:32:00,500 [INFO] Época 12/30, Batch 50/3348, Loss: 0.2550
2025-10-10 10:32:00,759 [INFO] Época 12/30, Batch 100/3348, Loss: 0.3629
2025-10-10 10:32:01,019 [INFO] Época 12/30, Batch 150/3348, Loss: 0.3532
2025-10-10 10:32:01,277 [INFO] Época 12/30, Batch 200/3348, Loss: 0.3958
2025-10-10 10:32:01,534 [INFO] Época 12/30, Batch 250/3348, Loss: 0.3055
2025-10-10 10:32:01,791 [INFO] Época 12/30, Batch 300/3348, Loss: 0.3062
2025-10-10 10:32:02,047 [INFO] Época 12/30, Batch 350/3348, Loss: 0.4140
2025-10-10 10:32:02,305 [INFO] Época 12/30, Batch 400/3348, Loss: 0.4853
2025-10-10 10:32:02,560 [INFO] Época 12/30, Batch 450/3348, Loss: 0.5172
2025-10-10 10:32:02,817 [INFO] Época 12/30, Batch 500/3348, Loss: 0.3247
2025-10-10 10:32:03,073 [INFO] Época 12/30, Batch 550/3348, Loss: 0.4101
2025-10-10 10:32:03,329 [INFO] Época 12/30, Batch 600/3348, Loss: 0.4068
2025-10-10 10:32:03,584 [INFO] Época 12/30, Batch 650/3348, Loss: 0.3076
2025-10-10 10:32:03,837 [INFO] Época 12/30, Batch 700/3348, Loss: 0.2396
2025-10-10 10:32:04,090 [INFO] Época 12/30, Batch 750/3348, Loss: 0.4100
2025-10-10 10:32:04,342 [INFO] Época 12/30, Batch 800/3348, Loss: 0.3734
2025-10-10 10:32:04,594 [INFO] Época 12/30, Batch 850/3348, Loss: 0.1794
2025-10-10 10:32:04,848 [INFO] Época 12/30, Batch 900/3348, Loss: 0.1996
2025-10-10 10:32:05,099 [INFO] Época 12/30, Batch 950/3348, Loss: 0.2566
2025-10-10 10:32:05,360 [INFO] Época 12/30, Batch 1000/3348, Loss: 0.3031
2025-10-10 10:32:05,608 [INFO] Época 12/30, Batch 1050/3348, Loss: 0.4076
2025-10-10 10:32:05,858 [INFO] Época 12/30, Batch 1100/3348, Loss: 0.4248
2025-10-10 10:32:06,113 [INFO] Época 12/30, Batch 1150/3348, Loss: 0.3996
2025-10-10 10:32:06,369 [INFO] Época 12/30, Batch 1200/3348, Loss: 0.3278
2025-10-10 10:32:06,625 [INFO] Época 12/30, Batch 1250/3348, Loss: 0.4717
2025-10-10 10:32:06,880 [INFO] Época 12/30, Batch 1300/3348, Loss: 0.3098
2025-10-10 10:32:07,136 [INFO] Época 12/30, Batch 1350/3348, Loss: 0.4169
2025-10-10 10:32:07,389 [INFO] Época 12/30, Batch 1400/3348, Loss: 0.4868
2025-10-10 10:32:07,644 [INFO] Época 12/30, Batch 1450/3348, Loss: 0.3904
2025-10-10 10:32:07,897 [INFO] Época 12/30, Batch 1500/3348, Loss: 0.3843
2025-10-10 10:32:08,150 [INFO] Época 12/30, Batch 1550/3348, Loss: 0.3987
2025-10-10 10:32:08,403 [INFO] Época 12/30, Batch 1600/3348, Loss: 0.2501
2025-10-10 10:32:08,656 [INFO] Época 12/30, Batch 1650/3348, Loss: 0.6373
2025-10-10 10:32:08,910 [INFO] Época 12/30, Batch 1700/3348, Loss: 0.4590
2025-10-10 10:32:09,162 [INFO] Época 12/30, Batch 1750/3348, Loss: 0.3824
2025-10-10 10:32:09,417 [INFO] Época 12/30, Batch 1800/3348, Loss: 0.2736
2025-10-10 10:32:09,672 [INFO] Época 12/30, Batch 1850/3348, Loss: 0.3398
2025-10-10 10:32:09,925 [INFO] Época 12/30, Batch 1900/3348, Loss: 0.2315
2025-10-10 10:32:10,179 [INFO] Época 12/30, Batch 1950/3348, Loss: 0.2616
2025-10-10 10:32:10,431 [INFO] Época 12/30, Batch 2000/3348, Loss: 0.3906
2025-10-10 10:32:10,684 [INFO] Época 12/30, Batch 2050/3348, Loss: 0.2921
2025-10-10 10:32:10,939 [INFO] Época 12/30, Batch 2100/3348, Loss: 0.2606
2025-10-10 10:32:11,195 [INFO] Época 12/30, Batch 2150/3348, Loss: 0.4765
2025-10-10 10:32:11,448 [INFO] Época 12/30, Batch 2200/3348, Loss: 0.3560
2025-10-10 10:32:11,700 [INFO] Época 12/30, Batch 2250/3348, Loss: 0.5124
2025-10-10 10:32:11,952 [INFO] Época 12/30, Batch 2300/3348, Loss: 0.3599
2025-10-10 10:32:12,208 [INFO] Época 12/30, Batch 2350/3348, Loss: 0.3977
2025-10-10 10:32:12,462 [INFO] Época 12/30, Batch 2400/3348, Loss: 0.5444
2025-10-10 10:32:12,715 [INFO] Época 12/30, Batch 2450/3348, Loss: 0.5661
2025-10-10 10:32:12,967 [INFO] Época 12/30, Batch 2500/3348, Loss: 0.3374
2025-10-10 10:32:13,219 [INFO] Época 12/30, Batch 2550/3348, Loss: 0.3107
2025-10-10 10:32:13,469 [INFO] Época 12/30, Batch 2600/3348, Loss: 0.3682
2025-10-10 10:32:13,720 [INFO] Época 12/30, Batch 2650/3348, Loss: 0.4098
2025-10-10 10:32:13,970 [INFO] Época 12/30, Batch 2700/3348, Loss: 0.4902
2025-10-10 10:32:14,220 [INFO] Época 12/30, Batch 2750/3348, Loss: 0.3491
2025-10-10 10:32:14,469 [INFO] Época 12/30, Batch 2800/3348, Loss: 0.3105
2025-10-10 10:32:14,723 [INFO] Época 12/30, Batch 2850/3348, Loss: 0.3430
2025-10-10 10:32:14,975 [INFO] Época 12/30, Batch 2900/3348, Loss: 0.3722
2025-10-10 10:32:15,233 [INFO] Época 12/30, Batch 2950/3348, Loss: 0.4702
2025-10-10 10:32:15,491 [INFO] Época 12/30, Batch 3000/3348, Loss: 0.2850
2025-10-10 10:32:15,748 [INFO] Época 12/30, Batch 3050/3348, Loss: 0.2410
2025-10-10 10:32:16,006 [INFO] Época 12/30, Batch 3100/3348, Loss: 0.3868
2025-10-10 10:32:16,263 [INFO] Época 12/30, Batch 3150/3348, Loss: 0.2878
2025-10-10 10:32:16,522 [INFO] Época 12/30, Batch 3200/3348, Loss: 0.4799
2025-10-10 10:32:16,780 [INFO] Época 12/30, Batch 3250/3348, Loss: 0.2904
2025-10-10 10:32:17,037 [INFO] Época 12/30, Batch 3300/3348, Loss: 0.3091
2025-10-10 10:32:18,738 [INFO] [12/30] Train Loss: 0.3702 | Val Loss: 0.2645 | Tempo: 18.81s
2025-10-10 10:32:19,281 [INFO] Época 13/30, Batch 50/3348, Loss: 0.2265
2025-10-10 10:32:19,542 [INFO] Época 13/30, Batch 100/3348, Loss: 0.4287
2025-10-10 10:32:19,802 [INFO] Época 13/30, Batch 150/3348, Loss: 0.5598
2025-10-10 10:32:20,061 [INFO] Época 13/30, Batch 200/3348, Loss: 0.2278
2025-10-10 10:32:20,319 [INFO] Época 13/30, Batch 250/3348, Loss: 0.3449
2025-10-10 10:32:20,579 [INFO] Época 13/30, Batch 300/3348, Loss: 0.4371
2025-10-10 10:32:20,835 [INFO] Época 13/30, Batch 350/3348, Loss: 0.2964
2025-10-10 10:32:21,091 [INFO] Época 13/30, Batch 400/3348, Loss: 0.4767
2025-10-10 10:32:21,348 [INFO] Época 13/30, Batch 450/3348, Loss: 0.4391
2025-10-10 10:32:21,605 [INFO] Época 13/30, Batch 500/3348, Loss: 0.5192
2025-10-10 10:32:21,863 [INFO] Época 13/30, Batch 550/3348, Loss: 0.3590
2025-10-10 10:32:22,131 [INFO] Época 13/30, Batch 600/3348, Loss: 0.3050
2025-10-10 10:32:22,392 [INFO] Época 13/30, Batch 650/3348, Loss: 0.3465
2025-10-10 10:32:22,654 [INFO] Época 13/30, Batch 700/3348, Loss: 0.5127
2025-10-10 10:32:22,916 [INFO] Época 13/30, Batch 750/3348, Loss: 0.2515
2025-10-10 10:32:23,169 [INFO] Época 13/30, Batch 800/3348, Loss: 0.3967
2025-10-10 10:32:23,414 [INFO] Época 13/30, Batch 850/3348, Loss: 0.3495
2025-10-10 10:32:23,659 [INFO] Época 13/30, Batch 900/3348, Loss: 0.3288
2025-10-10 10:32:23,906 [INFO] Época 13/30, Batch 950/3348, Loss: 0.3333
2025-10-10 10:32:24,149 [INFO] Época 13/30, Batch 1000/3348, Loss: 0.3203
2025-10-10 10:32:24,394 [INFO] Época 13/30, Batch 1050/3348, Loss: 0.3001
2025-10-10 10:32:24,639 [INFO] Época 13/30, Batch 1100/3348, Loss: 0.4425
2025-10-10 10:32:24,882 [INFO] Época 13/30, Batch 1150/3348, Loss: 0.3082
2025-10-10 10:32:25,130 [INFO] Época 13/30, Batch 1200/3348, Loss: 0.4490
2025-10-10 10:32:25,385 [INFO] Época 13/30, Batch 1250/3348, Loss: 0.2515
2025-10-10 10:32:25,639 [INFO] Época 13/30, Batch 1300/3348, Loss: 0.2995
2025-10-10 10:32:25,890 [INFO] Época 13/30, Batch 1350/3348, Loss: 0.3149
2025-10-10 10:32:26,144 [INFO] Época 13/30, Batch 1400/3348, Loss: 0.2849
2025-10-10 10:32:26,398 [INFO] Época 13/30, Batch 1450/3348, Loss: 0.4072
2025-10-10 10:32:26,653 [INFO] Época 13/30, Batch 1500/3348, Loss: 0.2548
2025-10-10 10:32:26,909 [INFO] Época 13/30, Batch 1550/3348, Loss: 0.4412
2025-10-10 10:32:27,164 [INFO] Época 13/30, Batch 1600/3348, Loss: 0.4744
2025-10-10 10:32:27,419 [INFO] Época 13/30, Batch 1650/3348, Loss: 0.3778
2025-10-10 10:32:27,673 [INFO] Época 13/30, Batch 1700/3348, Loss: 0.3999
2025-10-10 10:32:27,928 [INFO] Época 13/30, Batch 1750/3348, Loss: 0.3916
2025-10-10 10:32:28,182 [INFO] Época 13/30, Batch 1800/3348, Loss: 0.4971
2025-10-10 10:32:28,436 [INFO] Época 13/30, Batch 1850/3348, Loss: 0.2800
2025-10-10 10:32:28,695 [INFO] Época 13/30, Batch 1900/3348, Loss: 0.4079
2025-10-10 10:32:28,951 [INFO] Época 13/30, Batch 1950/3348, Loss: 0.2874
2025-10-10 10:32:29,211 [INFO] Época 13/30, Batch 2000/3348, Loss: 0.5032
2025-10-10 10:32:29,469 [INFO] Época 13/30, Batch 2050/3348, Loss: 0.3462
2025-10-10 10:32:29,725 [INFO] Época 13/30, Batch 2100/3348, Loss: 0.5698
2025-10-10 10:32:29,983 [INFO] Época 13/30, Batch 2150/3348, Loss: 0.2454
2025-10-10 10:32:30,240 [INFO] Época 13/30, Batch 2200/3348, Loss: 0.3196
2025-10-10 10:32:30,500 [INFO] Época 13/30, Batch 2250/3348, Loss: 0.5492
2025-10-10 10:32:30,757 [INFO] Época 13/30, Batch 2300/3348, Loss: 0.3502
2025-10-10 10:32:31,014 [INFO] Época 13/30, Batch 2350/3348, Loss: 0.2498
2025-10-10 10:32:31,271 [INFO] Época 13/30, Batch 2400/3348, Loss: 0.3815
2025-10-10 10:32:31,526 [INFO] Época 13/30, Batch 2450/3348, Loss: 0.4789
2025-10-10 10:32:31,780 [INFO] Época 13/30, Batch 2500/3348, Loss: 0.2716
2025-10-10 10:32:32,033 [INFO] Época 13/30, Batch 2550/3348, Loss: 0.3157
2025-10-10 10:32:32,287 [INFO] Época 13/30, Batch 2600/3348, Loss: 0.4575
2025-10-10 10:32:32,538 [INFO] Época 13/30, Batch 2650/3348, Loss: 0.5622
2025-10-10 10:32:32,787 [INFO] Época 13/30, Batch 2700/3348, Loss: 0.3585
2025-10-10 10:32:33,037 [INFO] Época 13/30, Batch 2750/3348, Loss: 0.2814
2025-10-10 10:32:33,283 [INFO] Época 13/30, Batch 2800/3348, Loss: 0.4630
2025-10-10 10:32:33,528 [INFO] Época 13/30, Batch 2850/3348, Loss: 0.3626
2025-10-10 10:32:33,775 [INFO] Época 13/30, Batch 2900/3348, Loss: 0.2055
2025-10-10 10:32:34,022 [INFO] Época 13/30, Batch 2950/3348, Loss: 0.4499
2025-10-10 10:32:34,274 [INFO] Época 13/30, Batch 3000/3348, Loss: 0.4700
2025-10-10 10:32:34,522 [INFO] Época 13/30, Batch 3050/3348, Loss: 0.3666
2025-10-10 10:32:34,768 [INFO] Época 13/30, Batch 3100/3348, Loss: 0.3395
2025-10-10 10:32:35,015 [INFO] Época 13/30, Batch 3150/3348, Loss: 0.6643
2025-10-10 10:32:35,262 [INFO] Época 13/30, Batch 3200/3348, Loss: 0.2811
2025-10-10 10:32:35,509 [INFO] Época 13/30, Batch 3250/3348, Loss: 0.4128
2025-10-10 10:32:35,756 [INFO] Época 13/30, Batch 3300/3348, Loss: 0.3002
2025-10-10 10:32:37,476 [INFO] [13/30] Train Loss: 0.3692 | Val Loss: 0.2600 | Tempo: 18.74s
2025-10-10 10:32:38,028 [INFO] Época 14/30, Batch 50/3348, Loss: 0.2358
2025-10-10 10:32:38,295 [INFO] Época 14/30, Batch 100/3348, Loss: 0.4013
2025-10-10 10:32:38,555 [INFO] Época 14/30, Batch 150/3348, Loss: 0.4805
2025-10-10 10:32:38,816 [INFO] Época 14/30, Batch 200/3348, Loss: 0.2699
2025-10-10 10:32:39,075 [INFO] Época 14/30, Batch 250/3348, Loss: 0.4420
2025-10-10 10:32:39,332 [INFO] Época 14/30, Batch 300/3348, Loss: 0.3111
2025-10-10 10:32:39,589 [INFO] Época 14/30, Batch 350/3348, Loss: 0.4595
2025-10-10 10:32:39,846 [INFO] Época 14/30, Batch 400/3348, Loss: 0.5559
2025-10-10 10:32:40,104 [INFO] Época 14/30, Batch 450/3348, Loss: 0.4353
2025-10-10 10:32:40,364 [INFO] Época 14/30, Batch 500/3348, Loss: 0.3197
2025-10-10 10:32:40,623 [INFO] Época 14/30, Batch 550/3348, Loss: 0.4367
2025-10-10 10:32:40,892 [INFO] Época 14/30, Batch 600/3348, Loss: 0.2482
2025-10-10 10:32:41,158 [INFO] Época 14/30, Batch 650/3348, Loss: 0.3754
2025-10-10 10:32:41,423 [INFO] Época 14/30, Batch 700/3348, Loss: 0.2460
2025-10-10 10:32:41,679 [INFO] Época 14/30, Batch 750/3348, Loss: 0.2923
2025-10-10 10:32:41,933 [INFO] Época 14/30, Batch 800/3348, Loss: 0.2689
2025-10-10 10:32:42,189 [INFO] Época 14/30, Batch 850/3348, Loss: 0.3332
2025-10-10 10:32:42,453 [INFO] Época 14/30, Batch 900/3348, Loss: 0.3243
2025-10-10 10:32:42,716 [INFO] Época 14/30, Batch 950/3348, Loss: 0.5674
2025-10-10 10:32:42,981 [INFO] Época 14/30, Batch 1000/3348, Loss: 0.3435
2025-10-10 10:32:43,245 [INFO] Época 14/30, Batch 1050/3348, Loss: 0.3648
2025-10-10 10:32:43,509 [INFO] Época 14/30, Batch 1100/3348, Loss: 0.5848
2025-10-10 10:32:43,769 [INFO] Época 14/30, Batch 1150/3348, Loss: 0.3036
2025-10-10 10:32:44,025 [INFO] Época 14/30, Batch 1200/3348, Loss: 0.5212
2025-10-10 10:32:44,279 [INFO] Época 14/30, Batch 1250/3348, Loss: 0.4090
2025-10-10 10:32:44,534 [INFO] Época 14/30, Batch 1300/3348, Loss: 0.4746
2025-10-10 10:32:44,789 [INFO] Época 14/30, Batch 1350/3348, Loss: 0.3853
2025-10-10 10:32:45,048 [INFO] Época 14/30, Batch 1400/3348, Loss: 0.3091
2025-10-10 10:32:45,307 [INFO] Época 14/30, Batch 1450/3348, Loss: 0.2998
2025-10-10 10:32:45,567 [INFO] Época 14/30, Batch 1500/3348, Loss: 0.3495
2025-10-10 10:32:45,827 [INFO] Época 14/30, Batch 1550/3348, Loss: 0.3322
2025-10-10 10:32:46,086 [INFO] Época 14/30, Batch 1600/3348, Loss: 0.3339
2025-10-10 10:32:46,346 [INFO] Época 14/30, Batch 1650/3348, Loss: 0.5567
2025-10-10 10:32:46,604 [INFO] Época 14/30, Batch 1700/3348, Loss: 0.2734
2025-10-10 10:32:46,863 [INFO] Época 14/30, Batch 1750/3348, Loss: 0.3876
2025-10-10 10:32:47,122 [INFO] Época 14/30, Batch 1800/3348, Loss: 0.5594
2025-10-10 10:32:47,379 [INFO] Época 14/30, Batch 1850/3348, Loss: 0.3478
2025-10-10 10:32:47,639 [INFO] Época 14/30, Batch 1900/3348, Loss: 0.2642
2025-10-10 10:32:47,897 [INFO] Época 14/30, Batch 1950/3348, Loss: 0.2815
2025-10-10 10:32:48,157 [INFO] Época 14/30, Batch 2000/3348, Loss: 0.3079
2025-10-10 10:32:48,416 [INFO] Época 14/30, Batch 2050/3348, Loss: 0.4165
2025-10-10 10:32:48,676 [INFO] Época 14/30, Batch 2100/3348, Loss: 0.4952
2025-10-10 10:32:48,934 [INFO] Época 14/30, Batch 2150/3348, Loss: 0.3504
2025-10-10 10:32:49,192 [INFO] Época 14/30, Batch 2200/3348, Loss: 0.4584
2025-10-10 10:32:49,451 [INFO] Época 14/30, Batch 2250/3348, Loss: 0.1924
2025-10-10 10:32:49,709 [INFO] Época 14/30, Batch 2300/3348, Loss: 0.4772
2025-10-10 10:32:49,969 [INFO] Época 14/30, Batch 2350/3348, Loss: 0.3163
2025-10-10 10:32:50,226 [INFO] Época 14/30, Batch 2400/3348, Loss: 0.2873
2025-10-10 10:32:50,484 [INFO] Época 14/30, Batch 2450/3348, Loss: 0.5692
2025-10-10 10:32:50,742 [INFO] Época 14/30, Batch 2500/3348, Loss: 0.1938
2025-10-10 10:32:51,004 [INFO] Época 14/30, Batch 2550/3348, Loss: 0.2813
2025-10-10 10:32:51,262 [INFO] Época 14/30, Batch 2600/3348, Loss: 0.6133
2025-10-10 10:32:51,520 [INFO] Época 14/30, Batch 2650/3348, Loss: 0.3252
2025-10-10 10:32:51,779 [INFO] Época 14/30, Batch 2700/3348, Loss: 0.2008
2025-10-10 10:32:52,038 [INFO] Época 14/30, Batch 2750/3348, Loss: 0.5187
2025-10-10 10:32:52,302 [INFO] Época 14/30, Batch 2800/3348, Loss: 0.4969
2025-10-10 10:32:52,563 [INFO] Época 14/30, Batch 2850/3348, Loss: 0.2402
2025-10-10 10:32:52,825 [INFO] Época 14/30, Batch 2900/3348, Loss: 0.3045
2025-10-10 10:32:53,088 [INFO] Época 14/30, Batch 2950/3348, Loss: 0.3177
2025-10-10 10:32:53,349 [INFO] Época 14/30, Batch 3000/3348, Loss: 0.3595
2025-10-10 10:32:53,611 [INFO] Época 14/30, Batch 3050/3348, Loss: 0.4182
2025-10-10 10:32:53,875 [INFO] Época 14/30, Batch 3100/3348, Loss: 0.4401
2025-10-10 10:32:54,138 [INFO] Época 14/30, Batch 3150/3348, Loss: 0.5205
2025-10-10 10:32:54,402 [INFO] Época 14/30, Batch 3200/3348, Loss: 0.1792
2025-10-10 10:32:54,661 [INFO] Época 14/30, Batch 3250/3348, Loss: 0.4762
2025-10-10 10:32:54,920 [INFO] Época 14/30, Batch 3300/3348, Loss: 0.2216
2025-10-10 10:32:56,624 [INFO] [14/30] Train Loss: 0.3695 | Val Loss: 0.2570 | Tempo: 19.15s
2025-10-10 10:32:56,625 [INFO] Early stopping ativado após 10 épocas sem melhoria
2025-10-10 10:32:56,625 [INFO] Treinamento concluído em 267.27 segundos (4.45 minutos)
2025-10-10 10:32:56,625 [INFO] Iniciando avaliação no conjunto de teste...
2025-10-10 10:32:58,017 [INFO] Avaliação do teste concluída em 1.39 segundos
2025-10-10 10:32:58,017 [INFO] MSE no teste: 0.5963
2025-10-10 10:32:58,017 [INFO] RMSE no teste: 0.7722
2025-10-10 10:32:58,017 [INFO] MAE no teste: 0.5395
2025-10-10 10:32:58,018 [INFO] Métricas salvas em /mnt/hdd/home/jdurao/ToolBox-ChemXAI/logs/mlp_att12_EState_metrics.json
