2025-10-09 20:47:58,982 [INFO] Iniciando treinamento do modelo mlp_att3_EState
2025-10-09 20:47:58,982 [INFO] Configuração: att_index=3, epochs=30, layers=[128, 64, 32], lr=0.001, batch_size=32, descriptor_type=EState
2025-10-09 20:47:58,982 [INFO] Diretório para modelos: /mnt/hdd/home/jdurao/ToolBox-ChemXAI/models
2025-10-09 20:47:58,982 [INFO] Carregando dados...
2025-10-09 20:47:59,068 [INFO] Preparando dataloaders sem ruído...
2025-10-09 20:48:01,854 [INFO] Dados carregados em 2.87 segundos
2025-10-09 20:48:01,855 [INFO] Tamanhos dos conjuntos - Treino: 107108, Validação: 13388, Teste: 13389
2025-10-09 20:48:01,855 [INFO] Usando dispositivo: cuda
2025-10-09 20:48:02,243 [INFO] Dimensão de entrada: 79, Dimensão de saída: 1
2025-10-09 20:48:02,244 [INFO] Criando modelo MLP com camadas: [128, 64, 32]
2025-10-09 20:48:02,246 [INFO] Modelo criado com 20609 parâmetros
2025-10-09 20:48:02,248 [INFO] Iniciando treinamento com 30 épocas...
2025-10-09 20:48:02,821 [INFO] Época 1/30, Batch 50/3348, Loss: 0.6370
2025-10-09 20:48:03,084 [INFO] Época 1/30, Batch 100/3348, Loss: 0.5436
2025-10-09 20:48:03,341 [INFO] Época 1/30, Batch 150/3348, Loss: 0.5713
2025-10-09 20:48:03,598 [INFO] Época 1/30, Batch 200/3348, Loss: 0.4048
2025-10-09 20:48:03,856 [INFO] Época 1/30, Batch 250/3348, Loss: 0.5182
2025-10-09 20:48:04,113 [INFO] Época 1/30, Batch 300/3348, Loss: 0.4020
2025-10-09 20:48:04,371 [INFO] Época 1/30, Batch 350/3348, Loss: 0.4394
2025-10-09 20:48:04,627 [INFO] Época 1/30, Batch 400/3348, Loss: 0.8455
2025-10-09 20:48:04,884 [INFO] Época 1/30, Batch 450/3348, Loss: 0.4266
2025-10-09 20:48:05,142 [INFO] Época 1/30, Batch 500/3348, Loss: 0.4398
2025-10-09 20:48:05,400 [INFO] Época 1/30, Batch 550/3348, Loss: 0.4889
2025-10-09 20:48:05,657 [INFO] Época 1/30, Batch 600/3348, Loss: 0.5367
2025-10-09 20:48:05,914 [INFO] Época 1/30, Batch 650/3348, Loss: 0.5585
2025-10-09 20:48:06,170 [INFO] Época 1/30, Batch 700/3348, Loss: 0.4439
2025-10-09 20:48:06,427 [INFO] Época 1/30, Batch 750/3348, Loss: 0.4483
2025-10-09 20:48:06,684 [INFO] Época 1/30, Batch 800/3348, Loss: 0.5308
2025-10-09 20:48:06,939 [INFO] Época 1/30, Batch 850/3348, Loss: 0.5049
2025-10-09 20:48:07,195 [INFO] Época 1/30, Batch 900/3348, Loss: 0.4307
2025-10-09 20:48:07,452 [INFO] Época 1/30, Batch 950/3348, Loss: 0.3860
2025-10-09 20:48:07,711 [INFO] Época 1/30, Batch 1000/3348, Loss: 0.4344
2025-10-09 20:48:07,969 [INFO] Época 1/30, Batch 1050/3348, Loss: 0.4706
2025-10-09 20:48:08,227 [INFO] Época 1/30, Batch 1100/3348, Loss: 0.4823
2025-10-09 20:48:08,486 [INFO] Época 1/30, Batch 1150/3348, Loss: 0.3868
2025-10-09 20:48:08,743 [INFO] Época 1/30, Batch 1200/3348, Loss: 0.3380
2025-10-09 20:48:09,001 [INFO] Época 1/30, Batch 1250/3348, Loss: 0.5197
2025-10-09 20:48:09,258 [INFO] Época 1/30, Batch 1300/3348, Loss: 0.5737
2025-10-09 20:48:09,514 [INFO] Época 1/30, Batch 1350/3348, Loss: 0.3856
2025-10-09 20:48:09,772 [INFO] Época 1/30, Batch 1400/3348, Loss: 0.4826
2025-10-09 20:48:10,029 [INFO] Época 1/30, Batch 1450/3348, Loss: 0.4930
2025-10-09 20:48:10,284 [INFO] Época 1/30, Batch 1500/3348, Loss: 0.5145
2025-10-09 20:48:10,539 [INFO] Época 1/30, Batch 1550/3348, Loss: 0.5438
2025-10-09 20:48:10,800 [INFO] Época 1/30, Batch 1600/3348, Loss: 0.6633
2025-10-09 20:48:11,058 [INFO] Época 1/30, Batch 1650/3348, Loss: 0.4013
2025-10-09 20:48:11,314 [INFO] Época 1/30, Batch 1700/3348, Loss: 0.5233
2025-10-09 20:48:11,572 [INFO] Época 1/30, Batch 1750/3348, Loss: 0.3912
2025-10-09 20:48:11,829 [INFO] Época 1/30, Batch 1800/3348, Loss: 0.4065
2025-10-09 20:48:12,086 [INFO] Época 1/30, Batch 1850/3348, Loss: 0.5537
2025-10-09 20:48:12,344 [INFO] Época 1/30, Batch 1900/3348, Loss: 0.4477
2025-10-09 20:48:12,602 [INFO] Época 1/30, Batch 1950/3348, Loss: 0.5876
2025-10-09 20:48:12,860 [INFO] Época 1/30, Batch 2000/3348, Loss: 0.5475
2025-10-09 20:48:13,121 [INFO] Época 1/30, Batch 2050/3348, Loss: 0.3910
2025-10-09 20:48:13,378 [INFO] Época 1/30, Batch 2100/3348, Loss: 0.4796
2025-10-09 20:48:13,638 [INFO] Época 1/30, Batch 2150/3348, Loss: 0.6254
2025-10-09 20:48:13,895 [INFO] Época 1/30, Batch 2200/3348, Loss: 0.3781
2025-10-09 20:48:14,152 [INFO] Época 1/30, Batch 2250/3348, Loss: 0.4817
2025-10-09 20:48:14,409 [INFO] Época 1/30, Batch 2300/3348, Loss: 0.4279
2025-10-09 20:48:14,666 [INFO] Época 1/30, Batch 2350/3348, Loss: 0.5025
2025-10-09 20:48:14,923 [INFO] Época 1/30, Batch 2400/3348, Loss: 0.4678
2025-10-09 20:48:15,180 [INFO] Época 1/30, Batch 2450/3348, Loss: 0.3841
2025-10-09 20:48:15,436 [INFO] Época 1/30, Batch 2500/3348, Loss: 0.5229
2025-10-09 20:48:15,692 [INFO] Época 1/30, Batch 2550/3348, Loss: 0.3170
2025-10-09 20:48:15,949 [INFO] Época 1/30, Batch 2600/3348, Loss: 0.4151
2025-10-09 20:48:16,206 [INFO] Época 1/30, Batch 2650/3348, Loss: 0.4357
2025-10-09 20:48:16,461 [INFO] Época 1/30, Batch 2700/3348, Loss: 0.5481
2025-10-09 20:48:16,718 [INFO] Época 1/30, Batch 2750/3348, Loss: 0.3750
2025-10-09 20:48:16,973 [INFO] Época 1/30, Batch 2800/3348, Loss: 0.5734
2025-10-09 20:48:17,230 [INFO] Época 1/30, Batch 2850/3348, Loss: 0.5495
2025-10-09 20:48:17,486 [INFO] Época 1/30, Batch 2900/3348, Loss: 0.4135
2025-10-09 20:48:17,743 [INFO] Época 1/30, Batch 2950/3348, Loss: 0.4173
2025-10-09 20:48:17,999 [INFO] Época 1/30, Batch 3000/3348, Loss: 0.5689
2025-10-09 20:48:18,255 [INFO] Época 1/30, Batch 3050/3348, Loss: 0.7988
2025-10-09 20:48:18,513 [INFO] Época 1/30, Batch 3100/3348, Loss: 0.5517
2025-10-09 20:48:18,768 [INFO] Época 1/30, Batch 3150/3348, Loss: 0.3667
2025-10-09 20:48:19,024 [INFO] Época 1/30, Batch 3200/3348, Loss: 0.5852
2025-10-09 20:48:19,278 [INFO] Época 1/30, Batch 3250/3348, Loss: 0.4144
2025-10-09 20:48:19,532 [INFO] Época 1/30, Batch 3300/3348, Loss: 0.5255
2025-10-09 20:48:21,300 [INFO] [1/30] Train Loss: 0.4783 | Val Loss: 0.4303 | Tempo: 19.05s
2025-10-09 20:48:21,304 [INFO] Melhor modelo salvo em: /mnt/hdd/home/jdurao/ToolBox-ChemXAI/models/mlp_qm9_EState_att3_large.pth
2025-10-09 20:48:21,869 [INFO] Época 2/30, Batch 50/3348, Loss: 0.5688
2025-10-09 20:48:22,129 [INFO] Época 2/30, Batch 100/3348, Loss: 0.4253
2025-10-09 20:48:22,388 [INFO] Época 2/30, Batch 150/3348, Loss: 0.5488
2025-10-09 20:48:22,645 [INFO] Época 2/30, Batch 200/3348, Loss: 0.6822
2025-10-09 20:48:22,901 [INFO] Época 2/30, Batch 250/3348, Loss: 0.7047
2025-10-09 20:48:23,160 [INFO] Época 2/30, Batch 300/3348, Loss: 0.5817
2025-10-09 20:48:23,422 [INFO] Época 2/30, Batch 350/3348, Loss: 0.4530
2025-10-09 20:48:23,684 [INFO] Época 2/30, Batch 400/3348, Loss: 0.4623
2025-10-09 20:48:23,945 [INFO] Época 2/30, Batch 450/3348, Loss: 0.3836
2025-10-09 20:48:24,207 [INFO] Época 2/30, Batch 500/3348, Loss: 0.4032
2025-10-09 20:48:24,467 [INFO] Época 2/30, Batch 550/3348, Loss: 0.5094
2025-10-09 20:48:24,728 [INFO] Época 2/30, Batch 600/3348, Loss: 0.5550
2025-10-09 20:48:24,990 [INFO] Época 2/30, Batch 650/3348, Loss: 0.4391
2025-10-09 20:48:25,252 [INFO] Época 2/30, Batch 700/3348, Loss: 0.3453
2025-10-09 20:48:25,511 [INFO] Época 2/30, Batch 750/3348, Loss: 0.5195
2025-10-09 20:48:25,765 [INFO] Época 2/30, Batch 800/3348, Loss: 0.5268
2025-10-09 20:48:26,014 [INFO] Época 2/30, Batch 850/3348, Loss: 0.5117
2025-10-09 20:48:26,261 [INFO] Época 2/30, Batch 900/3348, Loss: 0.3670
2025-10-09 20:48:26,507 [INFO] Época 2/30, Batch 950/3348, Loss: 0.3610
2025-10-09 20:48:26,753 [INFO] Época 2/30, Batch 1000/3348, Loss: 0.4058
2025-10-09 20:48:26,999 [INFO] Época 2/30, Batch 1050/3348, Loss: 0.2822
2025-10-09 20:48:27,245 [INFO] Época 2/30, Batch 1100/3348, Loss: 0.5678
2025-10-09 20:48:27,493 [INFO] Época 2/30, Batch 1150/3348, Loss: 0.4452
2025-10-09 20:48:27,739 [INFO] Época 2/30, Batch 1200/3348, Loss: 0.5101
2025-10-09 20:48:27,985 [INFO] Época 2/30, Batch 1250/3348, Loss: 0.4096
2025-10-09 20:48:28,243 [INFO] Época 2/30, Batch 1300/3348, Loss: 0.4196
2025-10-09 20:48:28,502 [INFO] Época 2/30, Batch 1350/3348, Loss: 0.4635
2025-10-09 20:48:28,761 [INFO] Época 2/30, Batch 1400/3348, Loss: 0.3413
2025-10-09 20:48:29,020 [INFO] Época 2/30, Batch 1450/3348, Loss: 0.3742
2025-10-09 20:48:29,279 [INFO] Época 2/30, Batch 1500/3348, Loss: 0.4746
2025-10-09 20:48:29,537 [INFO] Época 2/30, Batch 1550/3348, Loss: 0.4237
2025-10-09 20:48:29,800 [INFO] Época 2/30, Batch 1600/3348, Loss: 0.4203
2025-10-09 20:48:30,068 [INFO] Época 2/30, Batch 1650/3348, Loss: 0.6227
2025-10-09 20:48:30,336 [INFO] Época 2/30, Batch 1700/3348, Loss: 0.4414
2025-10-09 20:48:30,602 [INFO] Época 2/30, Batch 1750/3348, Loss: 0.4144
2025-10-09 20:48:30,863 [INFO] Época 2/30, Batch 1800/3348, Loss: 0.3880
2025-10-09 20:48:31,121 [INFO] Época 2/30, Batch 1850/3348, Loss: 0.4604
2025-10-09 20:48:31,378 [INFO] Época 2/30, Batch 1900/3348, Loss: 0.4925
2025-10-09 20:48:31,638 [INFO] Época 2/30, Batch 1950/3348, Loss: 0.3494
2025-10-09 20:48:31,898 [INFO] Época 2/30, Batch 2000/3348, Loss: 0.4038
2025-10-09 20:48:32,165 [INFO] Época 2/30, Batch 2050/3348, Loss: 0.3447
2025-10-09 20:48:32,428 [INFO] Época 2/30, Batch 2100/3348, Loss: 0.4026
2025-10-09 20:48:32,688 [INFO] Época 2/30, Batch 2150/3348, Loss: 0.6566
2025-10-09 20:48:32,947 [INFO] Época 2/30, Batch 2200/3348, Loss: 0.4351
2025-10-09 20:48:33,207 [INFO] Época 2/30, Batch 2250/3348, Loss: 0.3596
2025-10-09 20:48:33,465 [INFO] Época 2/30, Batch 2300/3348, Loss: 0.3670
2025-10-09 20:48:33,724 [INFO] Época 2/30, Batch 2350/3348, Loss: 0.5239
2025-10-09 20:48:33,985 [INFO] Época 2/30, Batch 2400/3348, Loss: 0.4324
2025-10-09 20:48:34,245 [INFO] Época 2/30, Batch 2450/3348, Loss: 0.3985
2025-10-09 20:48:34,503 [INFO] Época 2/30, Batch 2500/3348, Loss: 0.3983
2025-10-09 20:48:34,764 [INFO] Época 2/30, Batch 2550/3348, Loss: 0.3696
2025-10-09 20:48:35,021 [INFO] Época 2/30, Batch 2600/3348, Loss: 0.3970
2025-10-09 20:48:35,279 [INFO] Época 2/30, Batch 2650/3348, Loss: 0.3745
2025-10-09 20:48:35,539 [INFO] Época 2/30, Batch 2700/3348, Loss: 0.3650
2025-10-09 20:48:35,798 [INFO] Época 2/30, Batch 2750/3348, Loss: 0.4909
2025-10-09 20:48:36,056 [INFO] Época 2/30, Batch 2800/3348, Loss: 0.4955
2025-10-09 20:48:36,313 [INFO] Época 2/30, Batch 2850/3348, Loss: 0.3366
2025-10-09 20:48:36,572 [INFO] Época 2/30, Batch 2900/3348, Loss: 0.3897
2025-10-09 20:48:36,831 [INFO] Época 2/30, Batch 2950/3348, Loss: 0.4928
2025-10-09 20:48:37,089 [INFO] Época 2/30, Batch 3000/3348, Loss: 0.3597
2025-10-09 20:48:37,347 [INFO] Época 2/30, Batch 3050/3348, Loss: 0.6189
2025-10-09 20:48:37,603 [INFO] Época 2/30, Batch 3100/3348, Loss: 0.5430
2025-10-09 20:48:37,859 [INFO] Época 2/30, Batch 3150/3348, Loss: 0.4432
2025-10-09 20:48:38,118 [INFO] Época 2/30, Batch 3200/3348, Loss: 0.4458
2025-10-09 20:48:38,376 [INFO] Época 2/30, Batch 3250/3348, Loss: 0.3774
2025-10-09 20:48:38,633 [INFO] Época 2/30, Batch 3300/3348, Loss: 0.4370
2025-10-09 20:48:40,441 [INFO] [2/30] Train Loss: 0.4649 | Val Loss: 0.4317 | Tempo: 19.14s
2025-10-09 20:48:41,047 [INFO] Época 3/30, Batch 50/3348, Loss: 0.3527
2025-10-09 20:48:41,314 [INFO] Época 3/30, Batch 100/3348, Loss: 0.4214
2025-10-09 20:48:41,576 [INFO] Época 3/30, Batch 150/3348, Loss: 0.5137
2025-10-09 20:48:41,840 [INFO] Época 3/30, Batch 200/3348, Loss: 0.5339
2025-10-09 20:48:42,102 [INFO] Época 3/30, Batch 250/3348, Loss: 0.4730
2025-10-09 20:48:42,366 [INFO] Época 3/30, Batch 300/3348, Loss: 0.4868
2025-10-09 20:48:42,627 [INFO] Época 3/30, Batch 350/3348, Loss: 0.4493
2025-10-09 20:48:42,886 [INFO] Época 3/30, Batch 400/3348, Loss: 0.4341
2025-10-09 20:48:43,147 [INFO] Época 3/30, Batch 450/3348, Loss: 0.5031
2025-10-09 20:48:43,409 [INFO] Época 3/30, Batch 500/3348, Loss: 0.3441
2025-10-09 20:48:43,662 [INFO] Época 3/30, Batch 550/3348, Loss: 0.3923
2025-10-09 20:48:43,915 [INFO] Época 3/30, Batch 600/3348, Loss: 0.5522
2025-10-09 20:48:44,170 [INFO] Época 3/30, Batch 650/3348, Loss: 0.3861
2025-10-09 20:48:44,420 [INFO] Época 3/30, Batch 700/3348, Loss: 0.4188
2025-10-09 20:48:44,670 [INFO] Época 3/30, Batch 750/3348, Loss: 0.5251
2025-10-09 20:48:44,928 [INFO] Época 3/30, Batch 800/3348, Loss: 0.4271
2025-10-09 20:48:45,187 [INFO] Época 3/30, Batch 850/3348, Loss: 0.5090
2025-10-09 20:48:45,445 [INFO] Época 3/30, Batch 900/3348, Loss: 0.3910
2025-10-09 20:48:45,705 [INFO] Época 3/30, Batch 950/3348, Loss: 0.4612
2025-10-09 20:48:45,965 [INFO] Época 3/30, Batch 1000/3348, Loss: 0.4528
2025-10-09 20:48:46,216 [INFO] Época 3/30, Batch 1050/3348, Loss: 0.5117
2025-10-09 20:48:46,467 [INFO] Época 3/30, Batch 1100/3348, Loss: 0.5574
2025-10-09 20:48:46,720 [INFO] Época 3/30, Batch 1150/3348, Loss: 0.5154
2025-10-09 20:48:46,973 [INFO] Época 3/30, Batch 1200/3348, Loss: 0.4502
2025-10-09 20:48:47,231 [INFO] Época 3/30, Batch 1250/3348, Loss: 0.5047
2025-10-09 20:48:47,489 [INFO] Época 3/30, Batch 1300/3348, Loss: 0.5033
2025-10-09 20:48:47,745 [INFO] Época 3/30, Batch 1350/3348, Loss: 0.2731
2025-10-09 20:48:48,005 [INFO] Época 3/30, Batch 1400/3348, Loss: 0.4458
2025-10-09 20:48:48,263 [INFO] Época 3/30, Batch 1450/3348, Loss: 0.4825
2025-10-09 20:48:48,518 [INFO] Época 3/30, Batch 1500/3348, Loss: 0.3166
2025-10-09 20:48:48,773 [INFO] Época 3/30, Batch 1550/3348, Loss: 0.4086
2025-10-09 20:48:49,030 [INFO] Época 3/30, Batch 1600/3348, Loss: 0.6302
2025-10-09 20:48:49,285 [INFO] Época 3/30, Batch 1650/3348, Loss: 0.5386
2025-10-09 20:48:49,544 [INFO] Época 3/30, Batch 1700/3348, Loss: 0.5153
2025-10-09 20:48:49,800 [INFO] Época 3/30, Batch 1750/3348, Loss: 0.4930
2025-10-09 20:48:50,059 [INFO] Época 3/30, Batch 1800/3348, Loss: 0.4217
2025-10-09 20:48:50,317 [INFO] Época 3/30, Batch 1850/3348, Loss: 0.5089
2025-10-09 20:48:50,575 [INFO] Época 3/30, Batch 1900/3348, Loss: 0.5308
2025-10-09 20:48:50,840 [INFO] Época 3/30, Batch 1950/3348, Loss: 0.4774
2025-10-09 20:48:51,096 [INFO] Época 3/30, Batch 2000/3348, Loss: 0.4362
2025-10-09 20:48:51,355 [INFO] Época 3/30, Batch 2050/3348, Loss: 0.4217
2025-10-09 20:48:51,619 [INFO] Época 3/30, Batch 2100/3348, Loss: 0.5591
2025-10-09 20:48:51,885 [INFO] Época 3/30, Batch 2150/3348, Loss: 0.5168
2025-10-09 20:48:52,149 [INFO] Época 3/30, Batch 2200/3348, Loss: 0.4310
2025-10-09 20:48:52,415 [INFO] Época 3/30, Batch 2250/3348, Loss: 0.5668
2025-10-09 20:48:52,679 [INFO] Época 3/30, Batch 2300/3348, Loss: 0.5284
2025-10-09 20:48:52,941 [INFO] Época 3/30, Batch 2350/3348, Loss: 0.5361
2025-10-09 20:48:53,209 [INFO] Época 3/30, Batch 2400/3348, Loss: 0.4387
2025-10-09 20:48:53,471 [INFO] Época 3/30, Batch 2450/3348, Loss: 0.4404
2025-10-09 20:48:53,735 [INFO] Época 3/30, Batch 2500/3348, Loss: 0.4788
2025-10-09 20:48:54,000 [INFO] Época 3/30, Batch 2550/3348, Loss: 0.5528
2025-10-09 20:48:54,260 [INFO] Época 3/30, Batch 2600/3348, Loss: 0.3777
2025-10-09 20:48:54,523 [INFO] Época 3/30, Batch 2650/3348, Loss: 0.4919
2025-10-09 20:48:54,786 [INFO] Época 3/30, Batch 2700/3348, Loss: 0.4249
2025-10-09 20:48:55,047 [INFO] Época 3/30, Batch 2750/3348, Loss: 0.4119
2025-10-09 20:48:55,307 [INFO] Época 3/30, Batch 2800/3348, Loss: 0.3327
2025-10-09 20:48:55,566 [INFO] Época 3/30, Batch 2850/3348, Loss: 0.4063
2025-10-09 20:48:55,827 [INFO] Época 3/30, Batch 2900/3348, Loss: 0.5940
2025-10-09 20:48:56,087 [INFO] Época 3/30, Batch 2950/3348, Loss: 0.4444
2025-10-09 20:48:56,347 [INFO] Época 3/30, Batch 3000/3348, Loss: 0.4105
2025-10-09 20:48:56,606 [INFO] Época 3/30, Batch 3050/3348, Loss: 0.5741
2025-10-09 20:48:56,869 [INFO] Época 3/30, Batch 3100/3348, Loss: 0.3360
2025-10-09 20:48:57,130 [INFO] Época 3/30, Batch 3150/3348, Loss: 0.3419
2025-10-09 20:48:57,391 [INFO] Época 3/30, Batch 3200/3348, Loss: 0.5313
2025-10-09 20:48:57,651 [INFO] Época 3/30, Batch 3250/3348, Loss: 0.3862
2025-10-09 20:48:57,908 [INFO] Época 3/30, Batch 3300/3348, Loss: 0.4110
2025-10-09 20:48:59,649 [INFO] [3/30] Train Loss: 0.4618 | Val Loss: 0.4309 | Tempo: 19.21s
2025-10-09 20:49:00,206 [INFO] Época 4/30, Batch 50/3348, Loss: 0.6729
2025-10-09 20:49:00,468 [INFO] Época 4/30, Batch 100/3348, Loss: 0.4629
2025-10-09 20:49:00,728 [INFO] Época 4/30, Batch 150/3348, Loss: 0.6226
2025-10-09 20:49:00,988 [INFO] Época 4/30, Batch 200/3348, Loss: 0.4699
2025-10-09 20:49:01,245 [INFO] Época 4/30, Batch 250/3348, Loss: 0.4390
2025-10-09 20:49:01,504 [INFO] Época 4/30, Batch 300/3348, Loss: 0.4475
2025-10-09 20:49:01,764 [INFO] Época 4/30, Batch 350/3348, Loss: 0.4555
2025-10-09 20:49:02,020 [INFO] Época 4/30, Batch 400/3348, Loss: 0.5963
2025-10-09 20:49:02,278 [INFO] Época 4/30, Batch 450/3348, Loss: 0.3280
2025-10-09 20:49:02,537 [INFO] Época 4/30, Batch 500/3348, Loss: 0.5455
2025-10-09 20:49:02,793 [INFO] Época 4/30, Batch 550/3348, Loss: 0.4257
2025-10-09 20:49:03,051 [INFO] Época 4/30, Batch 600/3348, Loss: 0.5091
2025-10-09 20:49:03,305 [INFO] Época 4/30, Batch 650/3348, Loss: 0.3809
2025-10-09 20:49:03,563 [INFO] Época 4/30, Batch 700/3348, Loss: 0.4765
2025-10-09 20:49:03,825 [INFO] Época 4/30, Batch 750/3348, Loss: 0.3422
2025-10-09 20:49:04,074 [INFO] Época 4/30, Batch 800/3348, Loss: 0.4665
2025-10-09 20:49:04,330 [INFO] Época 4/30, Batch 850/3348, Loss: 0.3362
2025-10-09 20:49:04,586 [INFO] Época 4/30, Batch 900/3348, Loss: 0.4579
2025-10-09 20:49:04,844 [INFO] Época 4/30, Batch 950/3348, Loss: 0.3488
2025-10-09 20:49:05,100 [INFO] Época 4/30, Batch 1000/3348, Loss: 0.4348
2025-10-09 20:49:05,357 [INFO] Época 4/30, Batch 1050/3348, Loss: 0.4034
2025-10-09 20:49:05,614 [INFO] Época 4/30, Batch 1100/3348, Loss: 0.4741
2025-10-09 20:49:05,880 [INFO] Época 4/30, Batch 1150/3348, Loss: 0.3850
2025-10-09 20:49:06,143 [INFO] Época 4/30, Batch 1200/3348, Loss: 0.3049
2025-10-09 20:49:06,406 [INFO] Época 4/30, Batch 1250/3348, Loss: 0.4611
2025-10-09 20:49:06,667 [INFO] Época 4/30, Batch 1300/3348, Loss: 0.4935
2025-10-09 20:49:06,926 [INFO] Época 4/30, Batch 1350/3348, Loss: 0.3108
2025-10-09 20:49:07,186 [INFO] Época 4/30, Batch 1400/3348, Loss: 0.3981
2025-10-09 20:49:07,444 [INFO] Época 4/30, Batch 1450/3348, Loss: 0.4602
2025-10-09 20:49:07,705 [INFO] Época 4/30, Batch 1500/3348, Loss: 0.5370
2025-10-09 20:49:07,967 [INFO] Época 4/30, Batch 1550/3348, Loss: 0.4180
2025-10-09 20:49:08,229 [INFO] Época 4/30, Batch 1600/3348, Loss: 0.4478
2025-10-09 20:49:08,488 [INFO] Época 4/30, Batch 1650/3348, Loss: 0.4592
2025-10-09 20:49:08,749 [INFO] Época 4/30, Batch 1700/3348, Loss: 0.5894
2025-10-09 20:49:09,018 [INFO] Época 4/30, Batch 1750/3348, Loss: 0.4912
2025-10-09 20:49:09,283 [INFO] Época 4/30, Batch 1800/3348, Loss: 0.4367
2025-10-09 20:49:09,550 [INFO] Época 4/30, Batch 1850/3348, Loss: 0.5182
2025-10-09 20:49:09,819 [INFO] Época 4/30, Batch 1900/3348, Loss: 0.4407
2025-10-09 20:49:10,088 [INFO] Época 4/30, Batch 1950/3348, Loss: 0.4820
2025-10-09 20:49:10,354 [INFO] Época 4/30, Batch 2000/3348, Loss: 0.3344
2025-10-09 20:49:10,610 [INFO] Época 4/30, Batch 2050/3348, Loss: 0.4359
2025-10-09 20:49:10,868 [INFO] Época 4/30, Batch 2100/3348, Loss: 0.3759
2025-10-09 20:49:11,125 [INFO] Época 4/30, Batch 2150/3348, Loss: 0.3493
2025-10-09 20:49:11,385 [INFO] Época 4/30, Batch 2200/3348, Loss: 0.4716
2025-10-09 20:49:11,645 [INFO] Época 4/30, Batch 2250/3348, Loss: 0.3672
2025-10-09 20:49:11,902 [INFO] Época 4/30, Batch 2300/3348, Loss: 0.4440
2025-10-09 20:49:12,166 [INFO] Época 4/30, Batch 2350/3348, Loss: 0.4504
2025-10-09 20:49:12,429 [INFO] Época 4/30, Batch 2400/3348, Loss: 0.4989
2025-10-09 20:49:12,692 [INFO] Época 4/30, Batch 2450/3348, Loss: 0.3982
2025-10-09 20:49:12,953 [INFO] Época 4/30, Batch 2500/3348, Loss: 0.3719
2025-10-09 20:49:13,213 [INFO] Época 4/30, Batch 2550/3348, Loss: 0.4539
2025-10-09 20:49:13,475 [INFO] Época 4/30, Batch 2600/3348, Loss: 0.3723
2025-10-09 20:49:13,736 [INFO] Época 4/30, Batch 2650/3348, Loss: 0.4261
2025-10-09 20:49:13,998 [INFO] Época 4/30, Batch 2700/3348, Loss: 0.4544
2025-10-09 20:49:14,260 [INFO] Época 4/30, Batch 2750/3348, Loss: 0.5779
2025-10-09 20:49:14,523 [INFO] Época 4/30, Batch 2800/3348, Loss: 0.4462
2025-10-09 20:49:14,782 [INFO] Época 4/30, Batch 2850/3348, Loss: 0.4473
2025-10-09 20:49:15,040 [INFO] Época 4/30, Batch 2900/3348, Loss: 0.4414
2025-10-09 20:49:15,296 [INFO] Época 4/30, Batch 2950/3348, Loss: 0.3271
2025-10-09 20:49:15,553 [INFO] Época 4/30, Batch 3000/3348, Loss: 0.4013
2025-10-09 20:49:15,812 [INFO] Época 4/30, Batch 3050/3348, Loss: 0.3081
2025-10-09 20:49:16,070 [INFO] Época 4/30, Batch 3100/3348, Loss: 0.4809
2025-10-09 20:49:16,330 [INFO] Época 4/30, Batch 3150/3348, Loss: 0.4301
2025-10-09 20:49:16,591 [INFO] Época 4/30, Batch 3200/3348, Loss: 0.5438
2025-10-09 20:49:16,851 [INFO] Época 4/30, Batch 3250/3348, Loss: 0.4992
2025-10-09 20:49:17,110 [INFO] Época 4/30, Batch 3300/3348, Loss: 0.4886
2025-10-09 20:49:18,933 [INFO] [4/30] Train Loss: 0.4593 | Val Loss: 0.4245 | Tempo: 19.28s
2025-10-09 20:49:18,938 [INFO] Melhor modelo salvo em: /mnt/hdd/home/jdurao/ToolBox-ChemXAI/models/mlp_qm9_EState_att3_large.pth
2025-10-09 20:49:19,518 [INFO] Época 5/30, Batch 50/3348, Loss: 0.3794
2025-10-09 20:49:19,788 [INFO] Época 5/30, Batch 100/3348, Loss: 0.5511
2025-10-09 20:49:20,058 [INFO] Época 5/30, Batch 150/3348, Loss: 0.4450
2025-10-09 20:49:20,327 [INFO] Época 5/30, Batch 200/3348, Loss: 0.4315
2025-10-09 20:49:20,593 [INFO] Época 5/30, Batch 250/3348, Loss: 0.4873
2025-10-09 20:49:20,854 [INFO] Época 5/30, Batch 300/3348, Loss: 0.4880
2025-10-09 20:49:21,122 [INFO] Época 5/30, Batch 350/3348, Loss: 0.4866
2025-10-09 20:49:21,384 [INFO] Época 5/30, Batch 400/3348, Loss: 0.4463
2025-10-09 20:49:21,642 [INFO] Época 5/30, Batch 450/3348, Loss: 0.3552
2025-10-09 20:49:21,901 [INFO] Época 5/30, Batch 500/3348, Loss: 0.4844
2025-10-09 20:49:22,158 [INFO] Época 5/30, Batch 550/3348, Loss: 0.3857
2025-10-09 20:49:22,416 [INFO] Época 5/30, Batch 600/3348, Loss: 0.4137
2025-10-09 20:49:22,673 [INFO] Época 5/30, Batch 650/3348, Loss: 0.4267
2025-10-09 20:49:22,929 [INFO] Época 5/30, Batch 700/3348, Loss: 0.5301
2025-10-09 20:49:23,187 [INFO] Época 5/30, Batch 750/3348, Loss: 0.5471
2025-10-09 20:49:23,444 [INFO] Época 5/30, Batch 800/3348, Loss: 0.3698
2025-10-09 20:49:23,696 [INFO] Época 5/30, Batch 850/3348, Loss: 0.5437
2025-10-09 20:49:23,941 [INFO] Época 5/30, Batch 900/3348, Loss: 0.4329
2025-10-09 20:49:24,187 [INFO] Época 5/30, Batch 950/3348, Loss: 0.4264
2025-10-09 20:49:24,434 [INFO] Época 5/30, Batch 1000/3348, Loss: 0.6066
2025-10-09 20:49:24,679 [INFO] Época 5/30, Batch 1050/3348, Loss: 0.3877
2025-10-09 20:49:24,925 [INFO] Época 5/30, Batch 1100/3348, Loss: 0.4222
2025-10-09 20:49:25,173 [INFO] Época 5/30, Batch 1150/3348, Loss: 0.2903
2025-10-09 20:49:25,422 [INFO] Época 5/30, Batch 1200/3348, Loss: 0.4132
2025-10-09 20:49:25,673 [INFO] Época 5/30, Batch 1250/3348, Loss: 0.5073
2025-10-09 20:49:25,928 [INFO] Época 5/30, Batch 1300/3348, Loss: 0.4377
2025-10-09 20:49:26,180 [INFO] Época 5/30, Batch 1350/3348, Loss: 0.3642
2025-10-09 20:49:26,435 [INFO] Época 5/30, Batch 1400/3348, Loss: 0.4861
2025-10-09 20:49:26,687 [INFO] Época 5/30, Batch 1450/3348, Loss: 0.4864
2025-10-09 20:49:26,939 [INFO] Época 5/30, Batch 1500/3348, Loss: 0.3919
2025-10-09 20:49:27,191 [INFO] Época 5/30, Batch 1550/3348, Loss: 0.3876
2025-10-09 20:49:27,443 [INFO] Época 5/30, Batch 1600/3348, Loss: 0.4617
2025-10-09 20:49:27,695 [INFO] Época 5/30, Batch 1650/3348, Loss: 0.3664
2025-10-09 20:49:27,945 [INFO] Época 5/30, Batch 1700/3348, Loss: 0.4106
2025-10-09 20:49:28,199 [INFO] Época 5/30, Batch 1750/3348, Loss: 0.3586
2025-10-09 20:49:28,455 [INFO] Época 5/30, Batch 1800/3348, Loss: 0.3795
2025-10-09 20:49:28,709 [INFO] Época 5/30, Batch 1850/3348, Loss: 0.3825
2025-10-09 20:49:28,964 [INFO] Época 5/30, Batch 1900/3348, Loss: 0.6149
2025-10-09 20:49:29,216 [INFO] Época 5/30, Batch 1950/3348, Loss: 0.3949
2025-10-09 20:49:29,469 [INFO] Época 5/30, Batch 2000/3348, Loss: 0.4830
2025-10-09 20:49:29,723 [INFO] Época 5/30, Batch 2050/3348, Loss: 0.3971
2025-10-09 20:49:29,975 [INFO] Época 5/30, Batch 2100/3348, Loss: 0.4089
2025-10-09 20:49:30,226 [INFO] Época 5/30, Batch 2150/3348, Loss: 0.4749
2025-10-09 20:49:30,477 [INFO] Época 5/30, Batch 2200/3348, Loss: 0.4110
2025-10-09 20:49:30,729 [INFO] Época 5/30, Batch 2250/3348, Loss: 0.3479
2025-10-09 20:49:30,981 [INFO] Época 5/30, Batch 2300/3348, Loss: 0.6733
2025-10-09 20:49:31,230 [INFO] Época 5/30, Batch 2350/3348, Loss: 0.3616
2025-10-09 20:49:31,480 [INFO] Época 5/30, Batch 2400/3348, Loss: 0.4357
2025-10-09 20:49:31,733 [INFO] Época 5/30, Batch 2450/3348, Loss: 0.6363
2025-10-09 20:49:31,987 [INFO] Época 5/30, Batch 2500/3348, Loss: 0.4559
2025-10-09 20:49:32,241 [INFO] Época 5/30, Batch 2550/3348, Loss: 0.3017
2025-10-09 20:49:32,494 [INFO] Época 5/30, Batch 2600/3348, Loss: 0.4956
2025-10-09 20:49:32,750 [INFO] Época 5/30, Batch 2650/3348, Loss: 0.3855
2025-10-09 20:49:33,005 [INFO] Época 5/30, Batch 2700/3348, Loss: 0.5477
2025-10-09 20:49:33,260 [INFO] Época 5/30, Batch 2750/3348, Loss: 0.4170
2025-10-09 20:49:33,514 [INFO] Época 5/30, Batch 2800/3348, Loss: 0.3840
2025-10-09 20:49:33,770 [INFO] Época 5/30, Batch 2850/3348, Loss: 0.5955
2025-10-09 20:49:34,024 [INFO] Época 5/30, Batch 2900/3348, Loss: 0.4355
2025-10-09 20:49:34,288 [INFO] Época 5/30, Batch 2950/3348, Loss: 0.3882
2025-10-09 20:49:34,559 [INFO] Época 5/30, Batch 3000/3348, Loss: 0.5086
2025-10-09 20:49:34,833 [INFO] Época 5/30, Batch 3050/3348, Loss: 0.4877
2025-10-09 20:49:35,089 [INFO] Época 5/30, Batch 3100/3348, Loss: 0.4233
2025-10-09 20:49:35,341 [INFO] Época 5/30, Batch 3150/3348, Loss: 0.3299
2025-10-09 20:49:35,598 [INFO] Época 5/30, Batch 3200/3348, Loss: 0.3524
2025-10-09 20:49:35,849 [INFO] Época 5/30, Batch 3250/3348, Loss: 0.3839
2025-10-09 20:49:36,103 [INFO] Época 5/30, Batch 3300/3348, Loss: 0.4965
2025-10-09 20:49:37,960 [INFO] [5/30] Train Loss: 0.4580 | Val Loss: 0.4248 | Tempo: 19.02s
2025-10-09 20:49:38,543 [INFO] Época 6/30, Batch 50/3348, Loss: 0.5183
2025-10-09 20:49:38,806 [INFO] Época 6/30, Batch 100/3348, Loss: 0.4991
2025-10-09 20:49:39,067 [INFO] Época 6/30, Batch 150/3348, Loss: 0.6909
2025-10-09 20:49:39,326 [INFO] Época 6/30, Batch 200/3348, Loss: 0.3895
2025-10-09 20:49:39,585 [INFO] Época 6/30, Batch 250/3348, Loss: 0.5716
2025-10-09 20:49:39,846 [INFO] Época 6/30, Batch 300/3348, Loss: 0.5023
2025-10-09 20:49:40,103 [INFO] Época 6/30, Batch 350/3348, Loss: 0.4484
2025-10-09 20:49:40,361 [INFO] Época 6/30, Batch 400/3348, Loss: 0.3867
2025-10-09 20:49:40,619 [INFO] Época 6/30, Batch 450/3348, Loss: 0.4555
2025-10-09 20:49:40,876 [INFO] Época 6/30, Batch 500/3348, Loss: 0.5374
2025-10-09 20:49:41,136 [INFO] Época 6/30, Batch 550/3348, Loss: 0.3584
2025-10-09 20:49:41,394 [INFO] Época 6/30, Batch 600/3348, Loss: 0.7407
2025-10-09 20:49:41,652 [INFO] Época 6/30, Batch 650/3348, Loss: 0.4004
2025-10-09 20:49:41,911 [INFO] Época 6/30, Batch 700/3348, Loss: 0.4003
2025-10-09 20:49:42,167 [INFO] Época 6/30, Batch 750/3348, Loss: 0.8099
2025-10-09 20:49:42,426 [INFO] Época 6/30, Batch 800/3348, Loss: 0.4832
2025-10-09 20:49:42,682 [INFO] Época 6/30, Batch 850/3348, Loss: 0.5177
2025-10-09 20:49:42,940 [INFO] Época 6/30, Batch 900/3348, Loss: 0.4131
2025-10-09 20:49:43,198 [INFO] Época 6/30, Batch 950/3348, Loss: 0.5236
2025-10-09 20:49:43,455 [INFO] Época 6/30, Batch 1000/3348, Loss: 0.4987
2025-10-09 20:49:43,713 [INFO] Época 6/30, Batch 1050/3348, Loss: 0.4408
2025-10-09 20:49:43,970 [INFO] Época 6/30, Batch 1100/3348, Loss: 0.4616
2025-10-09 20:49:44,228 [INFO] Época 6/30, Batch 1150/3348, Loss: 0.3018
2025-10-09 20:49:44,486 [INFO] Época 6/30, Batch 1200/3348, Loss: 0.4127
2025-10-09 20:49:44,744 [INFO] Época 6/30, Batch 1250/3348, Loss: 0.3931
2025-10-09 20:49:45,002 [INFO] Época 6/30, Batch 1300/3348, Loss: 0.5406
2025-10-09 20:49:45,258 [INFO] Época 6/30, Batch 1350/3348, Loss: 0.6055
2025-10-09 20:49:45,513 [INFO] Época 6/30, Batch 1400/3348, Loss: 0.4299
2025-10-09 20:49:45,772 [INFO] Época 6/30, Batch 1450/3348, Loss: 0.3823
2025-10-09 20:49:46,031 [INFO] Época 6/30, Batch 1500/3348, Loss: 0.4900
2025-10-09 20:49:46,291 [INFO] Época 6/30, Batch 1550/3348, Loss: 0.7464
2025-10-09 20:49:46,552 [INFO] Época 6/30, Batch 1600/3348, Loss: 0.4628
2025-10-09 20:49:46,810 [INFO] Época 6/30, Batch 1650/3348, Loss: 0.4705
2025-10-09 20:49:47,077 [INFO] Época 6/30, Batch 1700/3348, Loss: 0.2944
2025-10-09 20:49:47,335 [INFO] Época 6/30, Batch 1750/3348, Loss: 0.4445
2025-10-09 20:49:47,593 [INFO] Época 6/30, Batch 1800/3348, Loss: 0.3954
2025-10-09 20:49:47,859 [INFO] Época 6/30, Batch 1850/3348, Loss: 0.5323
2025-10-09 20:49:48,125 [INFO] Época 6/30, Batch 1900/3348, Loss: 0.4214
2025-10-09 20:49:48,394 [INFO] Época 6/30, Batch 1950/3348, Loss: 0.5085
2025-10-09 20:49:48,660 [INFO] Época 6/30, Batch 2000/3348, Loss: 0.4150
2025-10-09 20:49:48,929 [INFO] Época 6/30, Batch 2050/3348, Loss: 0.5410
2025-10-09 20:49:49,196 [INFO] Época 6/30, Batch 2100/3348, Loss: 0.5555
2025-10-09 20:49:49,461 [INFO] Época 6/30, Batch 2150/3348, Loss: 0.2764
2025-10-09 20:49:49,728 [INFO] Época 6/30, Batch 2200/3348, Loss: 0.6872
2025-10-09 20:49:49,994 [INFO] Época 6/30, Batch 2250/3348, Loss: 0.4072
2025-10-09 20:49:50,254 [INFO] Época 6/30, Batch 2300/3348, Loss: 0.4312
2025-10-09 20:49:50,513 [INFO] Época 6/30, Batch 2350/3348, Loss: 0.3645
2025-10-09 20:49:50,771 [INFO] Época 6/30, Batch 2400/3348, Loss: 0.3806
2025-10-09 20:49:51,030 [INFO] Época 6/30, Batch 2450/3348, Loss: 0.4830
2025-10-09 20:49:51,287 [INFO] Época 6/30, Batch 2500/3348, Loss: 0.4103
2025-10-09 20:49:51,544 [INFO] Época 6/30, Batch 2550/3348, Loss: 0.4162
2025-10-09 20:49:51,802 [INFO] Época 6/30, Batch 2600/3348, Loss: 0.4765
2025-10-09 20:49:52,059 [INFO] Época 6/30, Batch 2650/3348, Loss: 0.5157
2025-10-09 20:49:52,317 [INFO] Época 6/30, Batch 2700/3348, Loss: 0.3802
2025-10-09 20:49:52,575 [INFO] Época 6/30, Batch 2750/3348, Loss: 0.5041
2025-10-09 20:49:52,832 [INFO] Época 6/30, Batch 2800/3348, Loss: 0.3967
2025-10-09 20:49:53,092 [INFO] Época 6/30, Batch 2850/3348, Loss: 0.3794
2025-10-09 20:49:53,350 [INFO] Época 6/30, Batch 2900/3348, Loss: 0.3711
2025-10-09 20:49:53,609 [INFO] Época 6/30, Batch 2950/3348, Loss: 0.3861
2025-10-09 20:49:53,866 [INFO] Época 6/30, Batch 3000/3348, Loss: 0.3276
2025-10-09 20:49:54,124 [INFO] Época 6/30, Batch 3050/3348, Loss: 0.5660
2025-10-09 20:49:54,383 [INFO] Época 6/30, Batch 3100/3348, Loss: 0.3965
2025-10-09 20:49:54,641 [INFO] Época 6/30, Batch 3150/3348, Loss: 0.3996
2025-10-09 20:49:54,899 [INFO] Época 6/30, Batch 3200/3348, Loss: 0.4776
2025-10-09 20:49:55,156 [INFO] Época 6/30, Batch 3250/3348, Loss: 0.4559
2025-10-09 20:49:55,415 [INFO] Época 6/30, Batch 3300/3348, Loss: 0.7019
2025-10-09 20:49:57,176 [INFO] [6/30] Train Loss: 0.4567 | Val Loss: 0.4277 | Tempo: 19.22s
2025-10-09 20:49:57,750 [INFO] Época 7/30, Batch 50/3348, Loss: 0.4385
2025-10-09 20:49:58,012 [INFO] Época 7/30, Batch 100/3348, Loss: 0.4599
2025-10-09 20:49:58,274 [INFO] Época 7/30, Batch 150/3348, Loss: 0.4873
2025-10-09 20:49:58,532 [INFO] Época 7/30, Batch 200/3348, Loss: 0.5529
2025-10-09 20:49:58,788 [INFO] Época 7/30, Batch 250/3348, Loss: 0.4472
2025-10-09 20:49:59,045 [INFO] Época 7/30, Batch 300/3348, Loss: 0.5469
2025-10-09 20:49:59,304 [INFO] Época 7/30, Batch 350/3348, Loss: 0.6244
2025-10-09 20:49:59,561 [INFO] Época 7/30, Batch 400/3348, Loss: 0.7037
2025-10-09 20:49:59,817 [INFO] Época 7/30, Batch 450/3348, Loss: 0.4680
2025-10-09 20:50:00,069 [INFO] Época 7/30, Batch 500/3348, Loss: 0.4464
2025-10-09 20:50:00,320 [INFO] Época 7/30, Batch 550/3348, Loss: 0.4496
2025-10-09 20:50:00,572 [INFO] Época 7/30, Batch 600/3348, Loss: 0.4699
2025-10-09 20:50:00,828 [INFO] Época 7/30, Batch 650/3348, Loss: 0.3211
2025-10-09 20:50:01,081 [INFO] Época 7/30, Batch 700/3348, Loss: 0.6838
2025-10-09 20:50:01,330 [INFO] Época 7/30, Batch 750/3348, Loss: 0.6965
2025-10-09 20:50:01,577 [INFO] Época 7/30, Batch 800/3348, Loss: 0.3880
2025-10-09 20:50:01,825 [INFO] Época 7/30, Batch 850/3348, Loss: 0.4388
2025-10-09 20:50:02,071 [INFO] Época 7/30, Batch 900/3348, Loss: 0.7275
2025-10-09 20:50:02,319 [INFO] Época 7/30, Batch 950/3348, Loss: 0.4132
2025-10-09 20:50:02,565 [INFO] Época 7/30, Batch 1000/3348, Loss: 0.4219
2025-10-09 20:50:02,817 [INFO] Época 7/30, Batch 1050/3348, Loss: 0.5683
2025-10-09 20:50:03,076 [INFO] Época 7/30, Batch 1100/3348, Loss: 0.4737
2025-10-09 20:50:03,332 [INFO] Época 7/30, Batch 1150/3348, Loss: 0.3827
2025-10-09 20:50:03,589 [INFO] Época 7/30, Batch 1200/3348, Loss: 0.4023
2025-10-09 20:50:03,846 [INFO] Época 7/30, Batch 1250/3348, Loss: 0.5444
2025-10-09 20:50:04,097 [INFO] Época 7/30, Batch 1300/3348, Loss: 0.4246
2025-10-09 20:50:04,348 [INFO] Época 7/30, Batch 1350/3348, Loss: 0.4760
2025-10-09 20:50:04,599 [INFO] Época 7/30, Batch 1400/3348, Loss: 0.4495
2025-10-09 20:50:04,852 [INFO] Época 7/30, Batch 1450/3348, Loss: 0.3985
2025-10-09 20:50:05,105 [INFO] Época 7/30, Batch 1500/3348, Loss: 0.4460
2025-10-09 20:50:05,357 [INFO] Época 7/30, Batch 1550/3348, Loss: 0.5309
2025-10-09 20:50:05,612 [INFO] Época 7/30, Batch 1600/3348, Loss: 0.4970
2025-10-09 20:50:05,868 [INFO] Época 7/30, Batch 1650/3348, Loss: 0.5002
2025-10-09 20:50:06,119 [INFO] Época 7/30, Batch 1700/3348, Loss: 0.4798
2025-10-09 20:50:06,373 [INFO] Época 7/30, Batch 1750/3348, Loss: 0.5212
2025-10-09 20:50:06,625 [INFO] Época 7/30, Batch 1800/3348, Loss: 0.4661
2025-10-09 20:50:06,879 [INFO] Época 7/30, Batch 1850/3348, Loss: 0.4726
2025-10-09 20:50:07,132 [INFO] Época 7/30, Batch 1900/3348, Loss: 0.4857
2025-10-09 20:50:07,390 [INFO] Época 7/30, Batch 1950/3348, Loss: 0.4435
2025-10-09 20:50:07,671 [INFO] Época 7/30, Batch 2000/3348, Loss: 0.4895
2025-10-09 20:50:07,952 [INFO] Época 7/30, Batch 2050/3348, Loss: 0.4977
2025-10-09 20:50:08,233 [INFO] Época 7/30, Batch 2100/3348, Loss: 0.4801
2025-10-09 20:50:08,503 [INFO] Época 7/30, Batch 2150/3348, Loss: 0.5132
2025-10-09 20:50:08,756 [INFO] Época 7/30, Batch 2200/3348, Loss: 0.6631
2025-10-09 20:50:09,007 [INFO] Época 7/30, Batch 2250/3348, Loss: 0.3182
2025-10-09 20:50:09,259 [INFO] Época 7/30, Batch 2300/3348, Loss: 0.4629
2025-10-09 20:50:09,512 [INFO] Época 7/30, Batch 2350/3348, Loss: 0.4329
2025-10-09 20:50:09,763 [INFO] Época 7/30, Batch 2400/3348, Loss: 0.2821
2025-10-09 20:50:10,015 [INFO] Época 7/30, Batch 2450/3348, Loss: 0.4554
2025-10-09 20:50:10,267 [INFO] Época 7/30, Batch 2500/3348, Loss: 0.4136
2025-10-09 20:50:10,520 [INFO] Época 7/30, Batch 2550/3348, Loss: 0.4467
2025-10-09 20:50:10,772 [INFO] Época 7/30, Batch 2600/3348, Loss: 0.5420
2025-10-09 20:50:11,023 [INFO] Época 7/30, Batch 2650/3348, Loss: 0.4988
2025-10-09 20:50:11,276 [INFO] Época 7/30, Batch 2700/3348, Loss: 0.4735
2025-10-09 20:50:11,526 [INFO] Época 7/30, Batch 2750/3348, Loss: 0.3376
2025-10-09 20:50:11,778 [INFO] Época 7/30, Batch 2800/3348, Loss: 0.4028
2025-10-09 20:50:12,028 [INFO] Época 7/30, Batch 2850/3348, Loss: 0.3767
2025-10-09 20:50:12,282 [INFO] Época 7/30, Batch 2900/3348, Loss: 0.3674
2025-10-09 20:50:12,531 [INFO] Época 7/30, Batch 2950/3348, Loss: 0.4359
2025-10-09 20:50:12,781 [INFO] Época 7/30, Batch 3000/3348, Loss: 0.4262
2025-10-09 20:50:13,030 [INFO] Época 7/30, Batch 3050/3348, Loss: 0.5995
2025-10-09 20:50:13,280 [INFO] Época 7/30, Batch 3100/3348, Loss: 0.4834
2025-10-09 20:50:13,530 [INFO] Época 7/30, Batch 3150/3348, Loss: 0.4112
2025-10-09 20:50:13,783 [INFO] Época 7/30, Batch 3200/3348, Loss: 0.4713
2025-10-09 20:50:14,040 [INFO] Época 7/30, Batch 3250/3348, Loss: 0.5614
2025-10-09 20:50:14,295 [INFO] Época 7/30, Batch 3300/3348, Loss: 0.5428
2025-10-09 20:50:16,147 [INFO] [7/30] Train Loss: 0.4555 | Val Loss: 0.4246 | Tempo: 18.97s
2025-10-09 20:50:16,716 [INFO] Época 8/30, Batch 50/3348, Loss: 0.4422
2025-10-09 20:50:16,985 [INFO] Época 8/30, Batch 100/3348, Loss: 0.4130
2025-10-09 20:50:17,247 [INFO] Época 8/30, Batch 150/3348, Loss: 0.4978
2025-10-09 20:50:17,507 [INFO] Época 8/30, Batch 200/3348, Loss: 0.5911
2025-10-09 20:50:17,765 [INFO] Época 8/30, Batch 250/3348, Loss: 0.4114
2025-10-09 20:50:18,025 [INFO] Época 8/30, Batch 300/3348, Loss: 0.4191
2025-10-09 20:50:18,285 [INFO] Época 8/30, Batch 350/3348, Loss: 0.5844
2025-10-09 20:50:18,546 [INFO] Época 8/30, Batch 400/3348, Loss: 0.5152
2025-10-09 20:50:18,805 [INFO] Época 8/30, Batch 450/3348, Loss: 0.4208
2025-10-09 20:50:19,063 [INFO] Época 8/30, Batch 500/3348, Loss: 0.4604
2025-10-09 20:50:19,320 [INFO] Época 8/30, Batch 550/3348, Loss: 0.6806
2025-10-09 20:50:19,580 [INFO] Época 8/30, Batch 600/3348, Loss: 0.3541
2025-10-09 20:50:19,839 [INFO] Época 8/30, Batch 650/3348, Loss: 0.5052
2025-10-09 20:50:20,096 [INFO] Época 8/30, Batch 700/3348, Loss: 0.4908
2025-10-09 20:50:20,351 [INFO] Época 8/30, Batch 750/3348, Loss: 0.5752
2025-10-09 20:50:20,599 [INFO] Época 8/30, Batch 800/3348, Loss: 0.4206
2025-10-09 20:50:20,849 [INFO] Época 8/30, Batch 850/3348, Loss: 0.3857
2025-10-09 20:50:21,096 [INFO] Época 8/30, Batch 900/3348, Loss: 0.3359
2025-10-09 20:50:21,342 [INFO] Época 8/30, Batch 950/3348, Loss: 0.5402
2025-10-09 20:50:21,590 [INFO] Época 8/30, Batch 1000/3348, Loss: 0.3719
2025-10-09 20:50:21,836 [INFO] Época 8/30, Batch 1050/3348, Loss: 0.4636
2025-10-09 20:50:22,083 [INFO] Época 8/30, Batch 1100/3348, Loss: 0.5004
2025-10-09 20:50:22,338 [INFO] Época 8/30, Batch 1150/3348, Loss: 0.3723
2025-10-09 20:50:22,601 [INFO] Época 8/30, Batch 1200/3348, Loss: 0.4258
2025-10-09 20:50:22,856 [INFO] Época 8/30, Batch 1250/3348, Loss: 0.3226
2025-10-09 20:50:23,110 [INFO] Época 8/30, Batch 1300/3348, Loss: 0.4855
2025-10-09 20:50:23,364 [INFO] Época 8/30, Batch 1350/3348, Loss: 0.4472
2025-10-09 20:50:23,625 [INFO] Época 8/30, Batch 1400/3348, Loss: 0.4281
2025-10-09 20:50:23,883 [INFO] Época 8/30, Batch 1450/3348, Loss: 0.3925
2025-10-09 20:50:24,141 [INFO] Época 8/30, Batch 1500/3348, Loss: 0.4289
2025-10-09 20:50:24,400 [INFO] Época 8/30, Batch 1550/3348, Loss: 0.5054
2025-10-09 20:50:24,657 [INFO] Época 8/30, Batch 1600/3348, Loss: 0.3974
2025-10-09 20:50:24,919 [INFO] Época 8/30, Batch 1650/3348, Loss: 0.3824
2025-10-09 20:50:25,177 [INFO] Época 8/30, Batch 1700/3348, Loss: 0.3741
2025-10-09 20:50:25,435 [INFO] Época 8/30, Batch 1750/3348, Loss: 0.5743
2025-10-09 20:50:25,693 [INFO] Época 8/30, Batch 1800/3348, Loss: 0.5303
2025-10-09 20:50:25,952 [INFO] Época 8/30, Batch 1850/3348, Loss: 0.4309
2025-10-09 20:50:26,212 [INFO] Época 8/30, Batch 1900/3348, Loss: 0.5552
2025-10-09 20:50:26,472 [INFO] Época 8/30, Batch 1950/3348, Loss: 0.6153
2025-10-09 20:50:26,729 [INFO] Época 8/30, Batch 2000/3348, Loss: 0.3268
2025-10-09 20:50:26,988 [INFO] Época 8/30, Batch 2050/3348, Loss: 0.4158
2025-10-09 20:50:27,246 [INFO] Época 8/30, Batch 2100/3348, Loss: 0.7471
2025-10-09 20:50:27,505 [INFO] Época 8/30, Batch 2150/3348, Loss: 0.3728
2025-10-09 20:50:27,763 [INFO] Época 8/30, Batch 2200/3348, Loss: 0.3664
2025-10-09 20:50:28,019 [INFO] Época 8/30, Batch 2250/3348, Loss: 0.5264
2025-10-09 20:50:28,276 [INFO] Época 8/30, Batch 2300/3348, Loss: 0.3754
2025-10-09 20:50:28,537 [INFO] Época 8/30, Batch 2350/3348, Loss: 0.5449
2025-10-09 20:50:28,797 [INFO] Época 8/30, Batch 2400/3348, Loss: 0.5470
2025-10-09 20:50:29,053 [INFO] Época 8/30, Batch 2450/3348, Loss: 0.4637
2025-10-09 20:50:29,309 [INFO] Época 8/30, Batch 2500/3348, Loss: 0.4062
2025-10-09 20:50:29,566 [INFO] Época 8/30, Batch 2550/3348, Loss: 0.5296
2025-10-09 20:50:29,824 [INFO] Época 8/30, Batch 2600/3348, Loss: 0.3883
2025-10-09 20:50:30,082 [INFO] Época 8/30, Batch 2650/3348, Loss: 0.4884
2025-10-09 20:50:30,338 [INFO] Época 8/30, Batch 2700/3348, Loss: 0.5328
2025-10-09 20:50:30,596 [INFO] Época 8/30, Batch 2750/3348, Loss: 0.4543
2025-10-09 20:50:30,855 [INFO] Época 8/30, Batch 2800/3348, Loss: 0.4606
2025-10-09 20:50:31,116 [INFO] Época 8/30, Batch 2850/3348, Loss: 0.5100
2025-10-09 20:50:31,378 [INFO] Época 8/30, Batch 2900/3348, Loss: 0.3608
2025-10-09 20:50:31,637 [INFO] Época 8/30, Batch 2950/3348, Loss: 0.3963
2025-10-09 20:50:31,897 [INFO] Época 8/30, Batch 3000/3348, Loss: 0.4536
2025-10-09 20:50:32,154 [INFO] Época 8/30, Batch 3050/3348, Loss: 0.3721
2025-10-09 20:50:32,412 [INFO] Época 8/30, Batch 3100/3348, Loss: 0.4163
2025-10-09 20:50:32,668 [INFO] Época 8/30, Batch 3150/3348, Loss: 0.5094
2025-10-09 20:50:32,927 [INFO] Época 8/30, Batch 3200/3348, Loss: 0.8431
2025-10-09 20:50:33,187 [INFO] Época 8/30, Batch 3250/3348, Loss: 0.6611
2025-10-09 20:50:33,445 [INFO] Época 8/30, Batch 3300/3348, Loss: 0.4160
2025-10-09 20:50:35,272 [INFO] [8/30] Train Loss: 0.4546 | Val Loss: 0.4257 | Tempo: 19.12s
2025-10-09 20:50:35,875 [INFO] Época 9/30, Batch 50/3348, Loss: 0.4572
2025-10-09 20:50:36,141 [INFO] Época 9/30, Batch 100/3348, Loss: 0.3818
2025-10-09 20:50:36,408 [INFO] Época 9/30, Batch 150/3348, Loss: 0.5033
2025-10-09 20:50:36,671 [INFO] Época 9/30, Batch 200/3348, Loss: 0.6597
2025-10-09 20:50:36,933 [INFO] Época 9/30, Batch 250/3348, Loss: 0.5440
2025-10-09 20:50:37,195 [INFO] Época 9/30, Batch 300/3348, Loss: 0.3551
2025-10-09 20:50:37,454 [INFO] Época 9/30, Batch 350/3348, Loss: 0.3727
2025-10-09 20:50:37,713 [INFO] Época 9/30, Batch 400/3348, Loss: 0.4219
2025-10-09 20:50:37,974 [INFO] Época 9/30, Batch 450/3348, Loss: 0.4508
2025-10-09 20:50:38,237 [INFO] Época 9/30, Batch 500/3348, Loss: 0.3990
2025-10-09 20:50:38,502 [INFO] Época 9/30, Batch 550/3348, Loss: 0.4850
2025-10-09 20:50:38,763 [INFO] Época 9/30, Batch 600/3348, Loss: 0.3237
2025-10-09 20:50:39,024 [INFO] Época 9/30, Batch 650/3348, Loss: 0.3839
2025-10-09 20:50:39,276 [INFO] Época 9/30, Batch 700/3348, Loss: 0.3886
2025-10-09 20:50:39,527 [INFO] Época 9/30, Batch 750/3348, Loss: 0.5479
2025-10-09 20:50:39,776 [INFO] Época 9/30, Batch 800/3348, Loss: 0.4967
2025-10-09 20:50:40,025 [INFO] Época 9/30, Batch 850/3348, Loss: 0.4326
2025-10-09 20:50:40,275 [INFO] Época 9/30, Batch 900/3348, Loss: 0.5925
2025-10-09 20:50:40,525 [INFO] Época 9/30, Batch 950/3348, Loss: 0.5815
2025-10-09 20:50:40,773 [INFO] Época 9/30, Batch 1000/3348, Loss: 0.4983
2025-10-09 20:50:41,021 [INFO] Época 9/30, Batch 1050/3348, Loss: 0.4996
2025-10-09 20:50:41,268 [INFO] Época 9/30, Batch 1100/3348, Loss: 0.3985
2025-10-09 20:50:41,527 [INFO] Época 9/30, Batch 1150/3348, Loss: 0.4690
2025-10-09 20:50:41,787 [INFO] Época 9/30, Batch 1200/3348, Loss: 0.4068
2025-10-09 20:50:42,048 [INFO] Época 9/30, Batch 1250/3348, Loss: 0.5547
2025-10-09 20:50:42,308 [INFO] Época 9/30, Batch 1300/3348, Loss: 0.3689
2025-10-09 20:50:42,570 [INFO] Época 9/30, Batch 1350/3348, Loss: 0.4391
2025-10-09 20:50:42,832 [INFO] Época 9/30, Batch 1400/3348, Loss: 0.5299
2025-10-09 20:50:43,091 [INFO] Época 9/30, Batch 1450/3348, Loss: 0.3568
2025-10-09 20:50:43,351 [INFO] Época 9/30, Batch 1500/3348, Loss: 0.4239
2025-10-09 20:50:43,610 [INFO] Época 9/30, Batch 1550/3348, Loss: 0.4321
2025-10-09 20:50:43,870 [INFO] Época 9/30, Batch 1600/3348, Loss: 0.4083
2025-10-09 20:50:44,131 [INFO] Época 9/30, Batch 1650/3348, Loss: 0.4461
2025-10-09 20:50:44,394 [INFO] Época 9/30, Batch 1700/3348, Loss: 0.6308
2025-10-09 20:50:44,652 [INFO] Época 9/30, Batch 1750/3348, Loss: 0.3424
2025-10-09 20:50:44,911 [INFO] Época 9/30, Batch 1800/3348, Loss: 0.3589
2025-10-09 20:50:45,170 [INFO] Época 9/30, Batch 1850/3348, Loss: 0.4979
2025-10-09 20:50:45,429 [INFO] Época 9/30, Batch 1900/3348, Loss: 0.3921
2025-10-09 20:50:45,689 [INFO] Época 9/30, Batch 1950/3348, Loss: 0.4703
2025-10-09 20:50:45,948 [INFO] Época 9/30, Batch 2000/3348, Loss: 0.3975
2025-10-09 20:50:46,206 [INFO] Época 9/30, Batch 2050/3348, Loss: 0.5322
2025-10-09 20:50:46,463 [INFO] Época 9/30, Batch 2100/3348, Loss: 0.4800
2025-10-09 20:50:46,722 [INFO] Época 9/30, Batch 2150/3348, Loss: 0.4189
2025-10-09 20:50:46,983 [INFO] Época 9/30, Batch 2200/3348, Loss: 0.4452
2025-10-09 20:50:47,240 [INFO] Época 9/30, Batch 2250/3348, Loss: 0.4815
2025-10-09 20:50:47,499 [INFO] Época 9/30, Batch 2300/3348, Loss: 0.4090
2025-10-09 20:50:47,757 [INFO] Época 9/30, Batch 2350/3348, Loss: 0.4582
2025-10-09 20:50:48,015 [INFO] Época 9/30, Batch 2400/3348, Loss: 0.3626
2025-10-09 20:50:48,275 [INFO] Época 9/30, Batch 2450/3348, Loss: 0.4794
2025-10-09 20:50:48,535 [INFO] Época 9/30, Batch 2500/3348, Loss: 0.4522
2025-10-09 20:50:48,798 [INFO] Época 9/30, Batch 2550/3348, Loss: 0.4113
2025-10-09 20:50:49,062 [INFO] Época 9/30, Batch 2600/3348, Loss: 0.3351
2025-10-09 20:50:49,325 [INFO] Época 9/30, Batch 2650/3348, Loss: 0.5869
2025-10-09 20:50:49,587 [INFO] Época 9/30, Batch 2700/3348, Loss: 0.4484
2025-10-09 20:50:49,851 [INFO] Época 9/30, Batch 2750/3348, Loss: 0.4589
2025-10-09 20:50:50,112 [INFO] Época 9/30, Batch 2800/3348, Loss: 0.4034
2025-10-09 20:50:50,373 [INFO] Época 9/30, Batch 2850/3348, Loss: 0.5272
2025-10-09 20:50:50,631 [INFO] Época 9/30, Batch 2900/3348, Loss: 0.3607
2025-10-09 20:50:50,896 [INFO] Época 9/30, Batch 2950/3348, Loss: 0.3597
2025-10-09 20:50:51,158 [INFO] Época 9/30, Batch 3000/3348, Loss: 0.7313
2025-10-09 20:50:51,422 [INFO] Época 9/30, Batch 3050/3348, Loss: 0.5238
2025-10-09 20:50:51,686 [INFO] Época 9/30, Batch 3100/3348, Loss: 0.5759
2025-10-09 20:50:51,949 [INFO] Época 9/30, Batch 3150/3348, Loss: 0.2736
2025-10-09 20:50:52,215 [INFO] Época 9/30, Batch 3200/3348, Loss: 0.5355
2025-10-09 20:50:52,481 [INFO] Época 9/30, Batch 3250/3348, Loss: 0.4890
2025-10-09 20:50:52,742 [INFO] Época 9/30, Batch 3300/3348, Loss: 0.5428
2025-10-09 20:50:54,491 [INFO] [9/30] Train Loss: 0.4536 | Val Loss: 0.4268 | Tempo: 19.22s
2025-10-09 20:50:55,074 [INFO] Época 10/30, Batch 50/3348, Loss: 0.4494
2025-10-09 20:50:55,339 [INFO] Época 10/30, Batch 100/3348, Loss: 0.3597
2025-10-09 20:50:55,598 [INFO] Época 10/30, Batch 150/3348, Loss: 0.4752
2025-10-09 20:50:55,858 [INFO] Época 10/30, Batch 200/3348, Loss: 0.5034
2025-10-09 20:50:56,115 [INFO] Época 10/30, Batch 250/3348, Loss: 0.4102
2025-10-09 20:50:56,371 [INFO] Época 10/30, Batch 300/3348, Loss: 0.5265
2025-10-09 20:50:56,627 [INFO] Época 10/30, Batch 350/3348, Loss: 0.4220
2025-10-09 20:50:56,885 [INFO] Época 10/30, Batch 400/3348, Loss: 0.5041
2025-10-09 20:50:57,144 [INFO] Época 10/30, Batch 450/3348, Loss: 0.4976
2025-10-09 20:50:57,400 [INFO] Época 10/30, Batch 500/3348, Loss: 0.5649
2025-10-09 20:50:57,659 [INFO] Época 10/30, Batch 550/3348, Loss: 0.5444
2025-10-09 20:50:57,917 [INFO] Época 10/30, Batch 600/3348, Loss: 0.6261
2025-10-09 20:50:58,176 [INFO] Época 10/30, Batch 650/3348, Loss: 0.3836
2025-10-09 20:50:58,432 [INFO] Época 10/30, Batch 700/3348, Loss: 0.3934
2025-10-09 20:50:58,688 [INFO] Época 10/30, Batch 750/3348, Loss: 0.4743
2025-10-09 20:50:58,942 [INFO] Época 10/30, Batch 800/3348, Loss: 0.5073
2025-10-09 20:50:59,199 [INFO] Época 10/30, Batch 850/3348, Loss: 0.4236
2025-10-09 20:50:59,451 [INFO] Época 10/30, Batch 900/3348, Loss: 0.3864
2025-10-09 20:50:59,698 [INFO] Época 10/30, Batch 950/3348, Loss: 0.3234
2025-10-09 20:50:59,943 [INFO] Época 10/30, Batch 1000/3348, Loss: 0.3307
2025-10-09 20:51:00,187 [INFO] Época 10/30, Batch 1050/3348, Loss: 0.4824
2025-10-09 20:51:00,432 [INFO] Época 10/30, Batch 1100/3348, Loss: 0.4182
2025-10-09 20:51:00,678 [INFO] Época 10/30, Batch 1150/3348, Loss: 0.3940
2025-10-09 20:51:00,927 [INFO] Época 10/30, Batch 1200/3348, Loss: 0.3842
2025-10-09 20:51:01,173 [INFO] Época 10/30, Batch 1250/3348, Loss: 0.4456
2025-10-09 20:51:01,421 [INFO] Época 10/30, Batch 1300/3348, Loss: 0.5570
2025-10-09 20:51:01,677 [INFO] Época 10/30, Batch 1350/3348, Loss: 0.3493
2025-10-09 20:51:01,935 [INFO] Época 10/30, Batch 1400/3348, Loss: 0.3870
2025-10-09 20:51:02,192 [INFO] Época 10/30, Batch 1450/3348, Loss: 0.5483
2025-10-09 20:51:02,452 [INFO] Época 10/30, Batch 1500/3348, Loss: 0.4222
2025-10-09 20:51:02,709 [INFO] Época 10/30, Batch 1550/3348, Loss: 0.6504
2025-10-09 20:51:02,964 [INFO] Época 10/30, Batch 1600/3348, Loss: 0.5453
2025-10-09 20:51:03,220 [INFO] Época 10/30, Batch 1650/3348, Loss: 0.4182
2025-10-09 20:51:03,479 [INFO] Época 10/30, Batch 1700/3348, Loss: 0.4531
2025-10-09 20:51:03,737 [INFO] Época 10/30, Batch 1750/3348, Loss: 0.4786
2025-10-09 20:51:03,998 [INFO] Época 10/30, Batch 1800/3348, Loss: 0.5403
2025-10-09 20:51:04,256 [INFO] Época 10/30, Batch 1850/3348, Loss: 0.4762
2025-10-09 20:51:04,515 [INFO] Época 10/30, Batch 1900/3348, Loss: 0.4489
2025-10-09 20:51:04,773 [INFO] Época 10/30, Batch 1950/3348, Loss: 0.5291
2025-10-09 20:51:05,029 [INFO] Época 10/30, Batch 2000/3348, Loss: 0.5001
2025-10-09 20:51:05,286 [INFO] Época 10/30, Batch 2050/3348, Loss: 0.3300
2025-10-09 20:51:05,543 [INFO] Época 10/30, Batch 2100/3348, Loss: 0.4047
2025-10-09 20:51:05,801 [INFO] Época 10/30, Batch 2150/3348, Loss: 0.6278
2025-10-09 20:51:06,060 [INFO] Época 10/30, Batch 2200/3348, Loss: 0.5100
2025-10-09 20:51:06,318 [INFO] Época 10/30, Batch 2250/3348, Loss: 0.4094
2025-10-09 20:51:06,575 [INFO] Época 10/30, Batch 2300/3348, Loss: 0.4669
2025-10-09 20:51:06,833 [INFO] Época 10/30, Batch 2350/3348, Loss: 0.7793
2025-10-09 20:51:07,090 [INFO] Época 10/30, Batch 2400/3348, Loss: 0.4476
2025-10-09 20:51:07,347 [INFO] Época 10/30, Batch 2450/3348, Loss: 0.5644
2025-10-09 20:51:07,606 [INFO] Época 10/30, Batch 2500/3348, Loss: 0.4479
2025-10-09 20:51:07,864 [INFO] Época 10/30, Batch 2550/3348, Loss: 0.4628
2025-10-09 20:51:08,123 [INFO] Época 10/30, Batch 2600/3348, Loss: 0.5525
2025-10-09 20:51:08,380 [INFO] Época 10/30, Batch 2650/3348, Loss: 0.6602
2025-10-09 20:51:08,637 [INFO] Época 10/30, Batch 2700/3348, Loss: 0.4446
2025-10-09 20:51:08,894 [INFO] Época 10/30, Batch 2750/3348, Loss: 0.3655
2025-10-09 20:51:09,151 [INFO] Época 10/30, Batch 2800/3348, Loss: 0.6389
2025-10-09 20:51:09,407 [INFO] Época 10/30, Batch 2850/3348, Loss: 0.4789
2025-10-09 20:51:09,664 [INFO] Época 10/30, Batch 2900/3348, Loss: 0.4201
2025-10-09 20:51:09,921 [INFO] Época 10/30, Batch 2950/3348, Loss: 0.3963
2025-10-09 20:51:10,179 [INFO] Época 10/30, Batch 3000/3348, Loss: 0.3541
2025-10-09 20:51:10,435 [INFO] Época 10/30, Batch 3050/3348, Loss: 0.5808
2025-10-09 20:51:10,692 [INFO] Época 10/30, Batch 3100/3348, Loss: 0.3911
2025-10-09 20:51:10,950 [INFO] Época 10/30, Batch 3150/3348, Loss: 0.4546
2025-10-09 20:51:11,210 [INFO] Época 10/30, Batch 3200/3348, Loss: 0.5439
2025-10-09 20:51:11,470 [INFO] Época 10/30, Batch 3250/3348, Loss: 0.4634
2025-10-09 20:51:11,727 [INFO] Época 10/30, Batch 3300/3348, Loss: 0.3516
2025-10-09 20:51:13,588 [INFO] [10/30] Train Loss: 0.4531 | Val Loss: 0.4261 | Tempo: 19.10s
2025-10-09 20:51:14,157 [INFO] Época 11/30, Batch 50/3348, Loss: 0.4137
2025-10-09 20:51:14,412 [INFO] Época 11/30, Batch 100/3348, Loss: 0.4418
2025-10-09 20:51:14,667 [INFO] Época 11/30, Batch 150/3348, Loss: 0.4051
2025-10-09 20:51:14,923 [INFO] Época 11/30, Batch 200/3348, Loss: 0.3133
2025-10-09 20:51:15,175 [INFO] Época 11/30, Batch 250/3348, Loss: 0.3382
2025-10-09 20:51:15,426 [INFO] Época 11/30, Batch 300/3348, Loss: 0.4028
2025-10-09 20:51:15,678 [INFO] Época 11/30, Batch 350/3348, Loss: 0.5707
2025-10-09 20:51:15,931 [INFO] Época 11/30, Batch 400/3348, Loss: 0.5027
2025-10-09 20:51:16,183 [INFO] Época 11/30, Batch 450/3348, Loss: 0.4986
2025-10-09 20:51:16,435 [INFO] Época 11/30, Batch 500/3348, Loss: 0.4091
2025-10-09 20:51:16,690 [INFO] Época 11/30, Batch 550/3348, Loss: 0.4667
2025-10-09 20:51:16,940 [INFO] Época 11/30, Batch 600/3348, Loss: 0.4692
2025-10-09 20:51:17,190 [INFO] Época 11/30, Batch 650/3348, Loss: 0.4314
2025-10-09 20:51:17,442 [INFO] Época 11/30, Batch 700/3348, Loss: 0.3753
2025-10-09 20:51:17,694 [INFO] Época 11/30, Batch 750/3348, Loss: 0.4342
2025-10-09 20:51:17,939 [INFO] Época 11/30, Batch 800/3348, Loss: 0.3946
2025-10-09 20:51:18,187 [INFO] Época 11/30, Batch 850/3348, Loss: 0.4670
2025-10-09 20:51:18,433 [INFO] Época 11/30, Batch 900/3348, Loss: 0.4194
2025-10-09 20:51:18,681 [INFO] Época 11/30, Batch 950/3348, Loss: 0.5181
2025-10-09 20:51:18,927 [INFO] Época 11/30, Batch 1000/3348, Loss: 0.4942
2025-10-09 20:51:19,175 [INFO] Época 11/30, Batch 1050/3348, Loss: 0.4447
2025-10-09 20:51:19,421 [INFO] Época 11/30, Batch 1100/3348, Loss: 0.4331
2025-10-09 20:51:19,668 [INFO] Época 11/30, Batch 1150/3348, Loss: 0.4937
2025-10-09 20:51:19,917 [INFO] Época 11/30, Batch 1200/3348, Loss: 0.4175
2025-10-09 20:51:20,164 [INFO] Época 11/30, Batch 1250/3348, Loss: 0.3642
2025-10-09 20:51:20,411 [INFO] Época 11/30, Batch 1300/3348, Loss: 0.5365
2025-10-09 20:51:20,670 [INFO] Época 11/30, Batch 1350/3348, Loss: 0.3960
2025-10-09 20:51:20,926 [INFO] Época 11/30, Batch 1400/3348, Loss: 0.4651
2025-10-09 20:51:21,184 [INFO] Época 11/30, Batch 1450/3348, Loss: 0.5937
2025-10-09 20:51:21,441 [INFO] Época 11/30, Batch 1500/3348, Loss: 0.5554
2025-10-09 20:51:21,699 [INFO] Época 11/30, Batch 1550/3348, Loss: 0.5014
2025-10-09 20:51:21,956 [INFO] Época 11/30, Batch 1600/3348, Loss: 0.3253
2025-10-09 20:51:22,215 [INFO] Época 11/30, Batch 1650/3348, Loss: 0.4859
2025-10-09 20:51:22,470 [INFO] Época 11/30, Batch 1700/3348, Loss: 0.4976
2025-10-09 20:51:22,728 [INFO] Época 11/30, Batch 1750/3348, Loss: 0.4459
2025-10-09 20:51:22,984 [INFO] Época 11/30, Batch 1800/3348, Loss: 0.3310
2025-10-09 20:51:23,244 [INFO] Época 11/30, Batch 1850/3348, Loss: 0.3943
2025-10-09 20:51:23,501 [INFO] Época 11/30, Batch 1900/3348, Loss: 0.4143
2025-10-09 20:51:23,758 [INFO] Época 11/30, Batch 1950/3348, Loss: 0.5877
2025-10-09 20:51:24,016 [INFO] Época 11/30, Batch 2000/3348, Loss: 0.4812
2025-10-09 20:51:24,273 [INFO] Época 11/30, Batch 2050/3348, Loss: 0.4348
2025-10-09 20:51:24,528 [INFO] Época 11/30, Batch 2100/3348, Loss: 0.5505
2025-10-09 20:51:24,785 [INFO] Época 11/30, Batch 2150/3348, Loss: 0.7861
2025-10-09 20:51:25,042 [INFO] Época 11/30, Batch 2200/3348, Loss: 0.4120
2025-10-09 20:51:25,302 [INFO] Época 11/30, Batch 2250/3348, Loss: 0.5027
2025-10-09 20:51:25,557 [INFO] Época 11/30, Batch 2300/3348, Loss: 0.3749
2025-10-09 20:51:25,814 [INFO] Época 11/30, Batch 2350/3348, Loss: 0.3796
2025-10-09 20:51:26,069 [INFO] Época 11/30, Batch 2400/3348, Loss: 0.6576
2025-10-09 20:51:26,325 [INFO] Época 11/30, Batch 2450/3348, Loss: 0.5114
2025-10-09 20:51:26,580 [INFO] Época 11/30, Batch 2500/3348, Loss: 0.4436
2025-10-09 20:51:26,836 [INFO] Época 11/30, Batch 2550/3348, Loss: 0.4310
2025-10-09 20:51:27,092 [INFO] Época 11/30, Batch 2600/3348, Loss: 0.3512
2025-10-09 20:51:27,349 [INFO] Época 11/30, Batch 2650/3348, Loss: 0.3897
2025-10-09 20:51:27,605 [INFO] Época 11/30, Batch 2700/3348, Loss: 0.3985
2025-10-09 20:51:27,862 [INFO] Época 11/30, Batch 2750/3348, Loss: 0.5588
2025-10-09 20:51:28,117 [INFO] Época 11/30, Batch 2800/3348, Loss: 0.4717
2025-10-09 20:51:28,375 [INFO] Época 11/30, Batch 2850/3348, Loss: 0.4106
2025-10-09 20:51:28,631 [INFO] Época 11/30, Batch 2900/3348, Loss: 0.5123
2025-10-09 20:51:28,886 [INFO] Época 11/30, Batch 2950/3348, Loss: 0.4621
2025-10-09 20:51:29,143 [INFO] Época 11/30, Batch 3000/3348, Loss: 0.4832
2025-10-09 20:51:29,399 [INFO] Época 11/30, Batch 3050/3348, Loss: 0.3733
2025-10-09 20:51:29,654 [INFO] Época 11/30, Batch 3100/3348, Loss: 0.4055
2025-10-09 20:51:29,911 [INFO] Época 11/30, Batch 3150/3348, Loss: 0.4558
2025-10-09 20:51:30,166 [INFO] Época 11/30, Batch 3200/3348, Loss: 0.5412
2025-10-09 20:51:30,422 [INFO] Época 11/30, Batch 3250/3348, Loss: 0.4405
2025-10-09 20:51:30,678 [INFO] Época 11/30, Batch 3300/3348, Loss: 0.4576
2025-10-09 20:51:32,417 [INFO] [11/30] Train Loss: 0.4522 | Val Loss: 0.4252 | Tempo: 18.83s
2025-10-09 20:51:32,978 [INFO] Época 12/30, Batch 50/3348, Loss: 0.4101
2025-10-09 20:51:33,237 [INFO] Época 12/30, Batch 100/3348, Loss: 0.3662
2025-10-09 20:51:33,493 [INFO] Época 12/30, Batch 150/3348, Loss: 0.5530
2025-10-09 20:51:33,748 [INFO] Época 12/30, Batch 200/3348, Loss: 0.4517
2025-10-09 20:51:34,001 [INFO] Época 12/30, Batch 250/3348, Loss: 0.4796
2025-10-09 20:51:34,255 [INFO] Época 12/30, Batch 300/3348, Loss: 0.3996
2025-10-09 20:51:34,508 [INFO] Época 12/30, Batch 350/3348, Loss: 0.3016
2025-10-09 20:51:34,759 [INFO] Época 12/30, Batch 400/3348, Loss: 0.3589
2025-10-09 20:51:35,012 [INFO] Época 12/30, Batch 450/3348, Loss: 0.4245
2025-10-09 20:51:35,266 [INFO] Época 12/30, Batch 500/3348, Loss: 0.3427
2025-10-09 20:51:35,518 [INFO] Época 12/30, Batch 550/3348, Loss: 0.4583
2025-10-09 20:51:35,769 [INFO] Época 12/30, Batch 600/3348, Loss: 0.5076
2025-10-09 20:51:36,020 [INFO] Época 12/30, Batch 650/3348, Loss: 0.4377
2025-10-09 20:51:36,271 [INFO] Época 12/30, Batch 700/3348, Loss: 0.6104
2025-10-09 20:51:36,522 [INFO] Época 12/30, Batch 750/3348, Loss: 0.4466
2025-10-09 20:51:36,770 [INFO] Época 12/30, Batch 800/3348, Loss: 0.5432
2025-10-09 20:51:37,017 [INFO] Época 12/30, Batch 850/3348, Loss: 0.4583
2025-10-09 20:51:37,264 [INFO] Época 12/30, Batch 900/3348, Loss: 0.4131
2025-10-09 20:51:37,515 [INFO] Época 12/30, Batch 950/3348, Loss: 0.4154
2025-10-09 20:51:37,773 [INFO] Época 12/30, Batch 1000/3348, Loss: 0.4699
2025-10-09 20:51:38,029 [INFO] Época 12/30, Batch 1050/3348, Loss: 0.5080
2025-10-09 20:51:38,285 [INFO] Época 12/30, Batch 1100/3348, Loss: 0.4540
2025-10-09 20:51:38,540 [INFO] Época 12/30, Batch 1150/3348, Loss: 0.4174
2025-10-09 20:51:38,784 [INFO] Época 12/30, Batch 1200/3348, Loss: 0.4942
2025-10-09 20:51:39,032 [INFO] Época 12/30, Batch 1250/3348, Loss: 0.3300
2025-10-09 20:51:39,278 [INFO] Época 12/30, Batch 1300/3348, Loss: 0.4597
2025-10-09 20:51:39,528 [INFO] Época 12/30, Batch 1350/3348, Loss: 0.4043
2025-10-09 20:51:39,791 [INFO] Época 12/30, Batch 1400/3348, Loss: 0.4150
2025-10-09 20:51:40,054 [INFO] Época 12/30, Batch 1450/3348, Loss: 0.4746
2025-10-09 20:51:40,315 [INFO] Época 12/30, Batch 1500/3348, Loss: 0.4847
2025-10-09 20:51:40,578 [INFO] Época 12/30, Batch 1550/3348, Loss: 0.4917
2025-10-09 20:51:40,839 [INFO] Época 12/30, Batch 1600/3348, Loss: 0.3356
2025-10-09 20:51:41,097 [INFO] Época 12/30, Batch 1650/3348, Loss: 0.4272
2025-10-09 20:51:41,349 [INFO] Época 12/30, Batch 1700/3348, Loss: 0.4119
2025-10-09 20:51:41,602 [INFO] Época 12/30, Batch 1750/3348, Loss: 0.4570
2025-10-09 20:51:41,856 [INFO] Época 12/30, Batch 1800/3348, Loss: 0.3487
2025-10-09 20:51:42,108 [INFO] Época 12/30, Batch 1850/3348, Loss: 0.4097
2025-10-09 20:51:42,360 [INFO] Época 12/30, Batch 1900/3348, Loss: 0.4286
2025-10-09 20:51:42,613 [INFO] Época 12/30, Batch 1950/3348, Loss: 0.4423
2025-10-09 20:51:42,865 [INFO] Época 12/30, Batch 2000/3348, Loss: 0.5015
2025-10-09 20:51:43,118 [INFO] Época 12/30, Batch 2050/3348, Loss: 0.5413
2025-10-09 20:51:43,369 [INFO] Época 12/30, Batch 2100/3348, Loss: 0.5423
2025-10-09 20:51:43,621 [INFO] Época 12/30, Batch 2150/3348, Loss: 0.4960
2025-10-09 20:51:43,881 [INFO] Época 12/30, Batch 2200/3348, Loss: 0.4398
2025-10-09 20:51:44,140 [INFO] Época 12/30, Batch 2250/3348, Loss: 0.3926
2025-10-09 20:51:44,402 [INFO] Época 12/30, Batch 2300/3348, Loss: 0.5263
2025-10-09 20:51:44,664 [INFO] Época 12/30, Batch 2350/3348, Loss: 0.5288
2025-10-09 20:51:44,926 [INFO] Época 12/30, Batch 2400/3348, Loss: 0.6467
2025-10-09 20:51:45,186 [INFO] Época 12/30, Batch 2450/3348, Loss: 0.3411
2025-10-09 20:51:45,448 [INFO] Época 12/30, Batch 2500/3348, Loss: 0.4788
2025-10-09 20:51:45,710 [INFO] Época 12/30, Batch 2550/3348, Loss: 0.4000
2025-10-09 20:51:45,972 [INFO] Época 12/30, Batch 2600/3348, Loss: 0.5305
2025-10-09 20:51:46,226 [INFO] Época 12/30, Batch 2650/3348, Loss: 0.4974
2025-10-09 20:51:46,479 [INFO] Época 12/30, Batch 2700/3348, Loss: 0.5487
2025-10-09 20:51:46,734 [INFO] Época 12/30, Batch 2750/3348, Loss: 0.4427
2025-10-09 20:51:46,990 [INFO] Época 12/30, Batch 2800/3348, Loss: 0.4429
2025-10-09 20:51:47,245 [INFO] Época 12/30, Batch 2850/3348, Loss: 0.2954
2025-10-09 20:51:47,500 [INFO] Época 12/30, Batch 2900/3348, Loss: 0.4330
2025-10-09 20:51:47,753 [INFO] Época 12/30, Batch 2950/3348, Loss: 0.4640
2025-10-09 20:51:48,010 [INFO] Época 12/30, Batch 3000/3348, Loss: 0.4920
2025-10-09 20:51:48,264 [INFO] Época 12/30, Batch 3050/3348, Loss: 0.5912
2025-10-09 20:51:48,516 [INFO] Época 12/30, Batch 3100/3348, Loss: 0.4375
2025-10-09 20:51:48,769 [INFO] Época 12/30, Batch 3150/3348, Loss: 0.3919
2025-10-09 20:51:49,021 [INFO] Época 12/30, Batch 3200/3348, Loss: 0.3932
2025-10-09 20:51:49,275 [INFO] Época 12/30, Batch 3250/3348, Loss: 0.3637
2025-10-09 20:51:49,528 [INFO] Época 12/30, Batch 3300/3348, Loss: 0.3543
2025-10-09 20:51:51,209 [INFO] [12/30] Train Loss: 0.4514 | Val Loss: 0.4265 | Tempo: 18.79s
2025-10-09 20:51:51,784 [INFO] Época 13/30, Batch 50/3348, Loss: 0.3968
2025-10-09 20:51:52,056 [INFO] Época 13/30, Batch 100/3348, Loss: 0.3953
2025-10-09 20:51:52,324 [INFO] Época 13/30, Batch 150/3348, Loss: 0.4627
2025-10-09 20:51:52,593 [INFO] Época 13/30, Batch 200/3348, Loss: 0.5717
2025-10-09 20:51:52,857 [INFO] Época 13/30, Batch 250/3348, Loss: 0.4730
2025-10-09 20:51:53,116 [INFO] Época 13/30, Batch 300/3348, Loss: 0.4424
2025-10-09 20:51:53,373 [INFO] Época 13/30, Batch 350/3348, Loss: 0.3517
2025-10-09 20:51:53,640 [INFO] Época 13/30, Batch 400/3348, Loss: 0.3701
2025-10-09 20:51:53,901 [INFO] Época 13/30, Batch 450/3348, Loss: 0.3359
2025-10-09 20:51:54,162 [INFO] Época 13/30, Batch 500/3348, Loss: 0.4192
2025-10-09 20:51:54,423 [INFO] Época 13/30, Batch 550/3348, Loss: 0.5362
2025-10-09 20:51:54,684 [INFO] Época 13/30, Batch 600/3348, Loss: 0.4831
2025-10-09 20:51:54,942 [INFO] Época 13/30, Batch 650/3348, Loss: 0.2628
2025-10-09 20:51:55,200 [INFO] Época 13/30, Batch 700/3348, Loss: 0.6590
2025-10-09 20:51:55,460 [INFO] Época 13/30, Batch 750/3348, Loss: 0.3175
2025-10-09 20:51:55,716 [INFO] Época 13/30, Batch 800/3348, Loss: 0.6102
2025-10-09 20:51:55,965 [INFO] Época 13/30, Batch 850/3348, Loss: 0.3318
2025-10-09 20:51:56,215 [INFO] Época 13/30, Batch 900/3348, Loss: 0.5899
2025-10-09 20:51:56,464 [INFO] Época 13/30, Batch 950/3348, Loss: 0.4787
2025-10-09 20:51:56,719 [INFO] Época 13/30, Batch 1000/3348, Loss: 0.5058
2025-10-09 20:51:56,970 [INFO] Época 13/30, Batch 1050/3348, Loss: 0.4652
2025-10-09 20:51:57,220 [INFO] Época 13/30, Batch 1100/3348, Loss: 0.3049
2025-10-09 20:51:57,470 [INFO] Época 13/30, Batch 1150/3348, Loss: 0.3789
2025-10-09 20:51:57,726 [INFO] Época 13/30, Batch 1200/3348, Loss: 0.3714
2025-10-09 20:51:57,985 [INFO] Época 13/30, Batch 1250/3348, Loss: 0.5709
2025-10-09 20:51:58,246 [INFO] Época 13/30, Batch 1300/3348, Loss: 0.4693
2025-10-09 20:51:58,505 [INFO] Época 13/30, Batch 1350/3348, Loss: 0.4554
2025-10-09 20:51:58,768 [INFO] Época 13/30, Batch 1400/3348, Loss: 0.5184
2025-10-09 20:51:59,031 [INFO] Época 13/30, Batch 1450/3348, Loss: 0.4059
2025-10-09 20:51:59,290 [INFO] Época 13/30, Batch 1500/3348, Loss: 0.3289
2025-10-09 20:51:59,550 [INFO] Época 13/30, Batch 1550/3348, Loss: 0.3907
2025-10-09 20:51:59,810 [INFO] Época 13/30, Batch 1600/3348, Loss: 0.6249
2025-10-09 20:52:00,066 [INFO] Época 13/30, Batch 1650/3348, Loss: 0.5941
2025-10-09 20:52:00,330 [INFO] Época 13/30, Batch 1700/3348, Loss: 0.4348
2025-10-09 20:52:00,593 [INFO] Época 13/30, Batch 1750/3348, Loss: 0.4716
2025-10-09 20:52:00,852 [INFO] Época 13/30, Batch 1800/3348, Loss: 0.5585
2025-10-09 20:52:01,111 [INFO] Época 13/30, Batch 1850/3348, Loss: 0.4215
2025-10-09 20:52:01,371 [INFO] Época 13/30, Batch 1900/3348, Loss: 0.3396
2025-10-09 20:52:01,629 [INFO] Época 13/30, Batch 1950/3348, Loss: 0.4287
2025-10-09 20:52:01,888 [INFO] Época 13/30, Batch 2000/3348, Loss: 0.3860
2025-10-09 20:52:02,145 [INFO] Época 13/30, Batch 2050/3348, Loss: 0.5526
2025-10-09 20:52:02,403 [INFO] Época 13/30, Batch 2100/3348, Loss: 0.4846
2025-10-09 20:52:02,663 [INFO] Época 13/30, Batch 2150/3348, Loss: 0.4008
2025-10-09 20:52:02,922 [INFO] Época 13/30, Batch 2200/3348, Loss: 0.4603
2025-10-09 20:52:03,181 [INFO] Época 13/30, Batch 2250/3348, Loss: 0.5013
2025-10-09 20:52:03,440 [INFO] Época 13/30, Batch 2300/3348, Loss: 0.4768
2025-10-09 20:52:03,700 [INFO] Época 13/30, Batch 2350/3348, Loss: 0.5373
2025-10-09 20:52:03,961 [INFO] Época 13/30, Batch 2400/3348, Loss: 0.4802
2025-10-09 20:52:04,219 [INFO] Época 13/30, Batch 2450/3348, Loss: 0.5704
2025-10-09 20:52:04,477 [INFO] Época 13/30, Batch 2500/3348, Loss: 0.3884
2025-10-09 20:52:04,735 [INFO] Época 13/30, Batch 2550/3348, Loss: 0.4409
2025-10-09 20:52:04,998 [INFO] Época 13/30, Batch 2600/3348, Loss: 0.3722
2025-10-09 20:52:05,258 [INFO] Época 13/30, Batch 2650/3348, Loss: 0.3024
2025-10-09 20:52:05,517 [INFO] Época 13/30, Batch 2700/3348, Loss: 0.3471
2025-10-09 20:52:05,777 [INFO] Época 13/30, Batch 2750/3348, Loss: 0.4419
2025-10-09 20:52:06,035 [INFO] Época 13/30, Batch 2800/3348, Loss: 0.5066
2025-10-09 20:52:06,301 [INFO] Época 13/30, Batch 2850/3348, Loss: 0.3901
2025-10-09 20:52:06,571 [INFO] Época 13/30, Batch 2900/3348, Loss: 0.3857
2025-10-09 20:52:06,845 [INFO] Época 13/30, Batch 2950/3348, Loss: 0.4552
2025-10-09 20:52:07,118 [INFO] Época 13/30, Batch 3000/3348, Loss: 0.4084
2025-10-09 20:52:07,380 [INFO] Época 13/30, Batch 3050/3348, Loss: 0.4188
2025-10-09 20:52:07,641 [INFO] Época 13/30, Batch 3100/3348, Loss: 0.4852
2025-10-09 20:52:07,902 [INFO] Época 13/30, Batch 3150/3348, Loss: 0.3434
2025-10-09 20:52:08,162 [INFO] Época 13/30, Batch 3200/3348, Loss: 0.4157
2025-10-09 20:52:08,424 [INFO] Época 13/30, Batch 3250/3348, Loss: 0.3384
2025-10-09 20:52:08,684 [INFO] Época 13/30, Batch 3300/3348, Loss: 0.5275
2025-10-09 20:52:10,564 [INFO] [13/30] Train Loss: 0.4509 | Val Loss: 0.4251 | Tempo: 19.35s
2025-10-09 20:52:11,147 [INFO] Época 14/30, Batch 50/3348, Loss: 0.5216
2025-10-09 20:52:11,411 [INFO] Época 14/30, Batch 100/3348, Loss: 0.4214
2025-10-09 20:52:11,676 [INFO] Época 14/30, Batch 150/3348, Loss: 0.4097
2025-10-09 20:52:11,937 [INFO] Época 14/30, Batch 200/3348, Loss: 0.3487
2025-10-09 20:52:12,195 [INFO] Época 14/30, Batch 250/3348, Loss: 0.5439
2025-10-09 20:52:12,457 [INFO] Época 14/30, Batch 300/3348, Loss: 0.3545
2025-10-09 20:52:12,717 [INFO] Época 14/30, Batch 350/3348, Loss: 0.3836
2025-10-09 20:52:12,975 [INFO] Época 14/30, Batch 400/3348, Loss: 0.3711
2025-10-09 20:52:13,232 [INFO] Época 14/30, Batch 450/3348, Loss: 0.4758
2025-10-09 20:52:13,492 [INFO] Época 14/30, Batch 500/3348, Loss: 0.4949
2025-10-09 20:52:13,751 [INFO] Época 14/30, Batch 550/3348, Loss: 0.4285
2025-10-09 20:52:14,011 [INFO] Época 14/30, Batch 600/3348, Loss: 0.4675
2025-10-09 20:52:14,271 [INFO] Época 14/30, Batch 650/3348, Loss: 0.3464
2025-10-09 20:52:14,532 [INFO] Época 14/30, Batch 700/3348, Loss: 0.4265
2025-10-09 20:52:14,795 [INFO] Época 14/30, Batch 750/3348, Loss: 0.3423
2025-10-09 20:52:15,057 [INFO] Época 14/30, Batch 800/3348, Loss: 0.4374
2025-10-09 20:52:15,321 [INFO] Época 14/30, Batch 850/3348, Loss: 0.4400
2025-10-09 20:52:15,583 [INFO] Época 14/30, Batch 900/3348, Loss: 0.4912
2025-10-09 20:52:15,845 [INFO] Época 14/30, Batch 950/3348, Loss: 0.5379
2025-10-09 20:52:16,104 [INFO] Época 14/30, Batch 1000/3348, Loss: 0.3470
2025-10-09 20:52:16,368 [INFO] Época 14/30, Batch 1050/3348, Loss: 0.3938
2025-10-09 20:52:16,635 [INFO] Época 14/30, Batch 1100/3348, Loss: 0.5256
2025-10-09 20:52:16,891 [INFO] Época 14/30, Batch 1150/3348, Loss: 0.4948
2025-10-09 20:52:17,148 [INFO] Época 14/30, Batch 1200/3348, Loss: 0.3562
2025-10-09 20:52:17,405 [INFO] Época 14/30, Batch 1250/3348, Loss: 0.5229
2025-10-09 20:52:17,662 [INFO] Época 14/30, Batch 1300/3348, Loss: 0.4454
2025-10-09 20:52:17,919 [INFO] Época 14/30, Batch 1350/3348, Loss: 0.4551
2025-10-09 20:52:18,174 [INFO] Época 14/30, Batch 1400/3348, Loss: 0.3965
2025-10-09 20:52:18,430 [INFO] Época 14/30, Batch 1450/3348, Loss: 0.4728
2025-10-09 20:52:18,686 [INFO] Época 14/30, Batch 1500/3348, Loss: 0.5213
2025-10-09 20:52:18,942 [INFO] Época 14/30, Batch 1550/3348, Loss: 0.4373
2025-10-09 20:52:19,198 [INFO] Época 14/30, Batch 1600/3348, Loss: 0.5505
2025-10-09 20:52:19,453 [INFO] Época 14/30, Batch 1650/3348, Loss: 0.3719
2025-10-09 20:52:19,708 [INFO] Época 14/30, Batch 1700/3348, Loss: 0.3632
2025-10-09 20:52:19,962 [INFO] Época 14/30, Batch 1750/3348, Loss: 0.3942
2025-10-09 20:52:20,217 [INFO] Época 14/30, Batch 1800/3348, Loss: 0.3685
2025-10-09 20:52:20,475 [INFO] Época 14/30, Batch 1850/3348, Loss: 0.4308
2025-10-09 20:52:20,730 [INFO] Época 14/30, Batch 1900/3348, Loss: 0.6054
2025-10-09 20:52:20,988 [INFO] Época 14/30, Batch 1950/3348, Loss: 0.5583
2025-10-09 20:52:21,244 [INFO] Época 14/30, Batch 2000/3348, Loss: 0.5168
2025-10-09 20:52:21,500 [INFO] Época 14/30, Batch 2050/3348, Loss: 0.4136
2025-10-09 20:52:21,761 [INFO] Época 14/30, Batch 2100/3348, Loss: 0.5230
2025-10-09 20:52:22,029 [INFO] Época 14/30, Batch 2150/3348, Loss: 0.5220
2025-10-09 20:52:22,299 [INFO] Época 14/30, Batch 2200/3348, Loss: 0.4541
2025-10-09 20:52:22,570 [INFO] Época 14/30, Batch 2250/3348, Loss: 0.4199
2025-10-09 20:52:22,828 [INFO] Época 14/30, Batch 2300/3348, Loss: 0.4427
2025-10-09 20:52:23,086 [INFO] Época 14/30, Batch 2350/3348, Loss: 0.5002
2025-10-09 20:52:23,343 [INFO] Época 14/30, Batch 2400/3348, Loss: 0.4107
2025-10-09 20:52:23,600 [INFO] Época 14/30, Batch 2450/3348, Loss: 0.3788
2025-10-09 20:52:23,856 [INFO] Época 14/30, Batch 2500/3348, Loss: 0.3713
2025-10-09 20:52:24,113 [INFO] Época 14/30, Batch 2550/3348, Loss: 0.4330
2025-10-09 20:52:24,369 [INFO] Época 14/30, Batch 2600/3348, Loss: 0.3431
2025-10-09 20:52:24,641 [INFO] Época 14/30, Batch 2650/3348, Loss: 0.5518
2025-10-09 20:52:24,898 [INFO] Época 14/30, Batch 2700/3348, Loss: 0.4048
2025-10-09 20:52:25,151 [INFO] Época 14/30, Batch 2750/3348, Loss: 0.7259
2025-10-09 20:52:25,408 [INFO] Época 14/30, Batch 2800/3348, Loss: 0.3293
2025-10-09 20:52:25,665 [INFO] Época 14/30, Batch 2850/3348, Loss: 0.5583
2025-10-09 20:52:25,923 [INFO] Época 14/30, Batch 2900/3348, Loss: 0.4507
2025-10-09 20:52:26,178 [INFO] Época 14/30, Batch 2950/3348, Loss: 0.2949
2025-10-09 20:52:26,432 [INFO] Época 14/30, Batch 3000/3348, Loss: 0.3360
2025-10-09 20:52:26,688 [INFO] Época 14/30, Batch 3050/3348, Loss: 0.5582
2025-10-09 20:52:26,945 [INFO] Época 14/30, Batch 3100/3348, Loss: 0.4006
2025-10-09 20:52:27,202 [INFO] Época 14/30, Batch 3150/3348, Loss: 0.6799
2025-10-09 20:52:27,456 [INFO] Época 14/30, Batch 3200/3348, Loss: 0.5094
2025-10-09 20:52:27,714 [INFO] Época 14/30, Batch 3250/3348, Loss: 0.5697
2025-10-09 20:52:27,970 [INFO] Época 14/30, Batch 3300/3348, Loss: 0.3949
2025-10-09 20:52:29,775 [INFO] [14/30] Train Loss: 0.4506 | Val Loss: 0.4266 | Tempo: 19.21s
2025-10-09 20:52:29,775 [INFO] Early stopping ativado após 10 épocas sem melhoria
2025-10-09 20:52:29,775 [INFO] Treinamento concluído em 267.53 segundos (4.46 minutos)
2025-10-09 20:52:29,775 [INFO] Iniciando avaliação no conjunto de teste...
2025-10-09 20:52:31,251 [INFO] Avaliação do teste concluída em 1.48 segundos
2025-10-09 20:52:31,251 [INFO] MSE no teste: 1.0028
2025-10-09 20:52:31,252 [INFO] RMSE no teste: 1.0014
2025-10-09 20:52:31,252 [INFO] MAE no teste: 0.7347
2025-10-09 20:52:31,252 [INFO] Métricas salvas em /mnt/hdd/home/jdurao/ToolBox-ChemXAI/logs/mlp_att3_EState_metrics.json
