2025-10-10 08:45:49,146 [INFO] Iniciando treinamento do modelo mlp_att11_Topological
2025-10-10 08:45:49,146 [INFO] Configuração: att_index=11, epochs=30, layers=[128, 64, 32], lr=0.001, batch_size=32, descriptor_type=Topological
2025-10-10 08:45:49,147 [INFO] Diretório para modelos: /mnt/hdd/home/jdurao/ToolBox-ChemXAI/models
2025-10-10 08:45:49,147 [INFO] Carregando dados...
2025-10-10 08:45:49,224 [INFO] Preparando dataloaders sem ruído...
2025-10-10 08:46:05,741 [INFO] Dados carregados em 16.59 segundos
2025-10-10 08:46:05,741 [INFO] Tamanhos dos conjuntos - Treino: 107108, Validação: 13388, Teste: 13389
2025-10-10 08:46:05,741 [INFO] Usando dispositivo: cuda
2025-10-10 08:46:06,140 [INFO] Dimensão de entrada: 512, Dimensão de saída: 1
2025-10-10 08:46:06,141 [INFO] Criando modelo MLP com camadas: [128, 64, 32]
2025-10-10 08:46:06,145 [INFO] Modelo criado com 76033 parâmetros
2025-10-10 08:46:06,164 [INFO] Iniciando treinamento com 30 épocas...
2025-10-10 08:46:06,748 [INFO] Época 1/30, Batch 50/3348, Loss: 0.5067
2025-10-10 08:46:07,028 [INFO] Época 1/30, Batch 100/3348, Loss: 0.3166
2025-10-10 08:46:07,301 [INFO] Época 1/30, Batch 150/3348, Loss: 0.4696
2025-10-10 08:46:07,573 [INFO] Época 1/30, Batch 200/3348, Loss: 0.3356
2025-10-10 08:46:07,845 [INFO] Época 1/30, Batch 250/3348, Loss: 0.3319
2025-10-10 08:46:08,119 [INFO] Época 1/30, Batch 300/3348, Loss: 0.5136
2025-10-10 08:46:08,392 [INFO] Época 1/30, Batch 350/3348, Loss: 0.4475
2025-10-10 08:46:08,664 [INFO] Época 1/30, Batch 400/3348, Loss: 0.3146
2025-10-10 08:46:08,936 [INFO] Época 1/30, Batch 450/3348, Loss: 0.3933
2025-10-10 08:46:09,210 [INFO] Época 1/30, Batch 500/3348, Loss: 0.5288
2025-10-10 08:46:09,482 [INFO] Época 1/30, Batch 550/3348, Loss: 0.3576
2025-10-10 08:46:09,758 [INFO] Época 1/30, Batch 600/3348, Loss: 0.3301
2025-10-10 08:46:10,034 [INFO] Época 1/30, Batch 650/3348, Loss: 0.3707
2025-10-10 08:46:10,309 [INFO] Época 1/30, Batch 700/3348, Loss: 0.4440
2025-10-10 08:46:10,580 [INFO] Época 1/30, Batch 750/3348, Loss: 0.3405
2025-10-10 08:46:10,853 [INFO] Época 1/30, Batch 800/3348, Loss: 0.2775
2025-10-10 08:46:11,122 [INFO] Época 1/30, Batch 850/3348, Loss: 0.3135
2025-10-10 08:46:11,395 [INFO] Época 1/30, Batch 900/3348, Loss: 0.4690
2025-10-10 08:46:11,664 [INFO] Época 1/30, Batch 950/3348, Loss: 0.2758
2025-10-10 08:46:11,934 [INFO] Época 1/30, Batch 1000/3348, Loss: 0.1920
2025-10-10 08:46:12,203 [INFO] Época 1/30, Batch 1050/3348, Loss: 0.4291
2025-10-10 08:46:12,471 [INFO] Época 1/30, Batch 1100/3348, Loss: 0.3209
2025-10-10 08:46:12,734 [INFO] Época 1/30, Batch 1150/3348, Loss: 0.3373
2025-10-10 08:46:12,998 [INFO] Época 1/30, Batch 1200/3348, Loss: 0.3752
2025-10-10 08:46:13,259 [INFO] Época 1/30, Batch 1250/3348, Loss: 0.2204
2025-10-10 08:46:13,523 [INFO] Época 1/30, Batch 1300/3348, Loss: 0.2937
2025-10-10 08:46:13,788 [INFO] Época 1/30, Batch 1350/3348, Loss: 0.2729
2025-10-10 08:46:14,060 [INFO] Época 1/30, Batch 1400/3348, Loss: 0.2420
2025-10-10 08:46:14,336 [INFO] Época 1/30, Batch 1450/3348, Loss: 0.2562
2025-10-10 08:46:14,613 [INFO] Época 1/30, Batch 1500/3348, Loss: 0.2668
2025-10-10 08:46:14,888 [INFO] Época 1/30, Batch 1550/3348, Loss: 0.1800
2025-10-10 08:46:15,160 [INFO] Época 1/30, Batch 1600/3348, Loss: 0.3991
2025-10-10 08:46:15,430 [INFO] Época 1/30, Batch 1650/3348, Loss: 0.3039
2025-10-10 08:46:15,695 [INFO] Época 1/30, Batch 1700/3348, Loss: 0.3464
2025-10-10 08:46:15,971 [INFO] Época 1/30, Batch 1750/3348, Loss: 0.3360
2025-10-10 08:46:16,241 [INFO] Época 1/30, Batch 1800/3348, Loss: 0.2945
2025-10-10 08:46:16,511 [INFO] Época 1/30, Batch 1850/3348, Loss: 0.2186
2025-10-10 08:46:16,782 [INFO] Época 1/30, Batch 1900/3348, Loss: 0.2275
2025-10-10 08:46:17,052 [INFO] Época 1/30, Batch 1950/3348, Loss: 0.2684
2025-10-10 08:46:17,322 [INFO] Época 1/30, Batch 2000/3348, Loss: 0.2506
2025-10-10 08:46:17,591 [INFO] Época 1/30, Batch 2050/3348, Loss: 0.2064
2025-10-10 08:46:17,853 [INFO] Época 1/30, Batch 2100/3348, Loss: 0.3337
2025-10-10 08:46:18,122 [INFO] Época 1/30, Batch 2150/3348, Loss: 0.3332
2025-10-10 08:46:18,387 [INFO] Época 1/30, Batch 2200/3348, Loss: 0.1755
2025-10-10 08:46:18,656 [INFO] Época 1/30, Batch 2250/3348, Loss: 0.2669
2025-10-10 08:46:18,929 [INFO] Época 1/30, Batch 2300/3348, Loss: 0.2754
2025-10-10 08:46:19,197 [INFO] Época 1/30, Batch 2350/3348, Loss: 0.2871
2025-10-10 08:46:19,468 [INFO] Época 1/30, Batch 2400/3348, Loss: 0.2106
2025-10-10 08:46:19,736 [INFO] Época 1/30, Batch 2450/3348, Loss: 0.2232
2025-10-10 08:46:19,998 [INFO] Época 1/30, Batch 2500/3348, Loss: 0.2242
2025-10-10 08:46:20,266 [INFO] Época 1/30, Batch 2550/3348, Loss: 0.1929
2025-10-10 08:46:20,530 [INFO] Época 1/30, Batch 2600/3348, Loss: 0.1879
2025-10-10 08:46:20,792 [INFO] Época 1/30, Batch 2650/3348, Loss: 0.2743
2025-10-10 08:46:21,051 [INFO] Época 1/30, Batch 2700/3348, Loss: 0.2425
2025-10-10 08:46:21,311 [INFO] Época 1/30, Batch 2750/3348, Loss: 0.2239
2025-10-10 08:46:21,572 [INFO] Época 1/30, Batch 2800/3348, Loss: 0.3602
2025-10-10 08:46:21,834 [INFO] Época 1/30, Batch 2850/3348, Loss: 0.3378
2025-10-10 08:46:22,095 [INFO] Época 1/30, Batch 2900/3348, Loss: 0.2252
2025-10-10 08:46:22,357 [INFO] Época 1/30, Batch 2950/3348, Loss: 0.1458
2025-10-10 08:46:22,626 [INFO] Época 1/30, Batch 3000/3348, Loss: 0.2749
2025-10-10 08:46:22,897 [INFO] Época 1/30, Batch 3050/3348, Loss: 0.2539
2025-10-10 08:46:23,170 [INFO] Época 1/30, Batch 3100/3348, Loss: 0.2230
2025-10-10 08:46:23,440 [INFO] Época 1/30, Batch 3150/3348, Loss: 0.2606
2025-10-10 08:46:23,720 [INFO] Época 1/30, Batch 3200/3348, Loss: 0.1762
2025-10-10 08:46:23,999 [INFO] Época 1/30, Batch 3250/3348, Loss: 0.3212
2025-10-10 08:46:24,270 [INFO] Época 1/30, Batch 3300/3348, Loss: 0.2936
2025-10-10 08:46:26,101 [INFO] [1/30] Train Loss: 0.3057 | Val Loss: 0.1998 | Tempo: 19.94s
2025-10-10 08:46:26,106 [INFO] Melhor modelo salvo em: /mnt/hdd/home/jdurao/ToolBox-ChemXAI/models/mlp_qm9_Topological_att11_large.pth
2025-10-10 08:46:26,700 [INFO] Época 2/30, Batch 50/3348, Loss: 0.2316
2025-10-10 08:46:26,980 [INFO] Época 2/30, Batch 100/3348, Loss: 0.3534
2025-10-10 08:46:27,258 [INFO] Época 2/30, Batch 150/3348, Loss: 0.2756
2025-10-10 08:46:27,533 [INFO] Época 2/30, Batch 200/3348, Loss: 0.2091
2025-10-10 08:46:27,807 [INFO] Época 2/30, Batch 250/3348, Loss: 0.1887
2025-10-10 08:46:28,083 [INFO] Época 2/30, Batch 300/3348, Loss: 0.1568
2025-10-10 08:46:28,359 [INFO] Época 2/30, Batch 350/3348, Loss: 0.1734
2025-10-10 08:46:28,636 [INFO] Época 2/30, Batch 400/3348, Loss: 0.3062
2025-10-10 08:46:28,903 [INFO] Época 2/30, Batch 450/3348, Loss: 0.1982
2025-10-10 08:46:29,170 [INFO] Época 2/30, Batch 500/3348, Loss: 0.2323
2025-10-10 08:46:29,438 [INFO] Época 2/30, Batch 550/3348, Loss: 0.2108
2025-10-10 08:46:29,704 [INFO] Época 2/30, Batch 600/3348, Loss: 0.2063
2025-10-10 08:46:29,969 [INFO] Época 2/30, Batch 650/3348, Loss: 0.2206
2025-10-10 08:46:30,233 [INFO] Época 2/30, Batch 700/3348, Loss: 0.3737
2025-10-10 08:46:30,497 [INFO] Época 2/30, Batch 750/3348, Loss: 0.3114
2025-10-10 08:46:30,763 [INFO] Época 2/30, Batch 800/3348, Loss: 0.3293
2025-10-10 08:46:31,034 [INFO] Época 2/30, Batch 850/3348, Loss: 0.2509
2025-10-10 08:46:31,301 [INFO] Época 2/30, Batch 900/3348, Loss: 0.1925
2025-10-10 08:46:31,567 [INFO] Época 2/30, Batch 950/3348, Loss: 0.1662
2025-10-10 08:46:31,831 [INFO] Época 2/30, Batch 1000/3348, Loss: 0.2029
2025-10-10 08:46:32,096 [INFO] Época 2/30, Batch 1050/3348, Loss: 0.1532
2025-10-10 08:46:32,360 [INFO] Época 2/30, Batch 1100/3348, Loss: 0.1494
2025-10-10 08:46:32,626 [INFO] Época 2/30, Batch 1150/3348, Loss: 0.2068
2025-10-10 08:46:32,888 [INFO] Época 2/30, Batch 1200/3348, Loss: 0.1675
2025-10-10 08:46:33,151 [INFO] Época 2/30, Batch 1250/3348, Loss: 0.2737
2025-10-10 08:46:33,416 [INFO] Época 2/30, Batch 1300/3348, Loss: 0.1829
2025-10-10 08:46:33,680 [INFO] Época 2/30, Batch 1350/3348, Loss: 0.2917
2025-10-10 08:46:33,953 [INFO] Época 2/30, Batch 1400/3348, Loss: 0.1452
2025-10-10 08:46:34,238 [INFO] Época 2/30, Batch 1450/3348, Loss: 0.2794
2025-10-10 08:46:34,511 [INFO] Época 2/30, Batch 1500/3348, Loss: 0.2365
2025-10-10 08:46:34,785 [INFO] Época 2/30, Batch 1550/3348, Loss: 0.1528
2025-10-10 08:46:35,061 [INFO] Época 2/30, Batch 1600/3348, Loss: 0.1765
2025-10-10 08:46:35,332 [INFO] Época 2/30, Batch 1650/3348, Loss: 0.3300
2025-10-10 08:46:35,607 [INFO] Época 2/30, Batch 1700/3348, Loss: 0.2876
2025-10-10 08:46:35,881 [INFO] Época 2/30, Batch 1750/3348, Loss: 0.1757
2025-10-10 08:46:36,157 [INFO] Época 2/30, Batch 1800/3348, Loss: 0.0905
2025-10-10 08:46:36,432 [INFO] Época 2/30, Batch 1850/3348, Loss: 0.2450
2025-10-10 08:46:36,702 [INFO] Época 2/30, Batch 1900/3348, Loss: 0.2305
2025-10-10 08:46:36,971 [INFO] Época 2/30, Batch 1950/3348, Loss: 0.1368
2025-10-10 08:46:37,241 [INFO] Época 2/30, Batch 2000/3348, Loss: 0.1822
2025-10-10 08:46:37,514 [INFO] Época 2/30, Batch 2050/3348, Loss: 0.1829
2025-10-10 08:46:37,786 [INFO] Época 2/30, Batch 2100/3348, Loss: 0.2442
2025-10-10 08:46:38,058 [INFO] Época 2/30, Batch 2150/3348, Loss: 0.2485
2025-10-10 08:46:38,331 [INFO] Época 2/30, Batch 2200/3348, Loss: 0.2230
2025-10-10 08:46:38,598 [INFO] Época 2/30, Batch 2250/3348, Loss: 0.1709
2025-10-10 08:46:38,863 [INFO] Época 2/30, Batch 2300/3348, Loss: 0.1492
2025-10-10 08:46:39,133 [INFO] Época 2/30, Batch 2350/3348, Loss: 0.2377
2025-10-10 08:46:39,406 [INFO] Época 2/30, Batch 2400/3348, Loss: 0.1816
2025-10-10 08:46:39,682 [INFO] Época 2/30, Batch 2450/3348, Loss: 0.1569
2025-10-10 08:46:39,955 [INFO] Época 2/30, Batch 2500/3348, Loss: 0.2015
2025-10-10 08:46:40,223 [INFO] Época 2/30, Batch 2550/3348, Loss: 0.2392
2025-10-10 08:46:40,492 [INFO] Época 2/30, Batch 2600/3348, Loss: 0.2670
2025-10-10 08:46:40,759 [INFO] Época 2/30, Batch 2650/3348, Loss: 0.1402
2025-10-10 08:46:41,026 [INFO] Época 2/30, Batch 2700/3348, Loss: 0.0705
2025-10-10 08:46:41,292 [INFO] Época 2/30, Batch 2750/3348, Loss: 0.1581
2025-10-10 08:46:41,559 [INFO] Época 2/30, Batch 2800/3348, Loss: 0.1932
2025-10-10 08:46:41,830 [INFO] Época 2/30, Batch 2850/3348, Loss: 0.1735
2025-10-10 08:46:42,100 [INFO] Época 2/30, Batch 2900/3348, Loss: 0.1371
2025-10-10 08:46:42,374 [INFO] Época 2/30, Batch 2950/3348, Loss: 0.1430
2025-10-10 08:46:42,649 [INFO] Época 2/30, Batch 3000/3348, Loss: 0.2091
2025-10-10 08:46:42,913 [INFO] Época 2/30, Batch 3050/3348, Loss: 0.2019
2025-10-10 08:46:43,188 [INFO] Época 2/30, Batch 3100/3348, Loss: 0.2418
2025-10-10 08:46:43,465 [INFO] Época 2/30, Batch 3150/3348, Loss: 0.2728
2025-10-10 08:46:43,739 [INFO] Época 2/30, Batch 3200/3348, Loss: 0.3149
2025-10-10 08:46:44,012 [INFO] Época 2/30, Batch 3250/3348, Loss: 0.2095
2025-10-10 08:46:44,288 [INFO] Época 2/30, Batch 3300/3348, Loss: 0.2146
2025-10-10 08:46:46,222 [INFO] [2/30] Train Loss: 0.2098 | Val Loss: 0.1975 | Tempo: 20.12s
2025-10-10 08:46:46,227 [INFO] Melhor modelo salvo em: /mnt/hdd/home/jdurao/ToolBox-ChemXAI/models/mlp_qm9_Topological_att11_large.pth
2025-10-10 08:46:46,820 [INFO] Época 3/30, Batch 50/3348, Loss: 0.1291
2025-10-10 08:46:47,090 [INFO] Época 3/30, Batch 100/3348, Loss: 0.2179
2025-10-10 08:46:47,354 [INFO] Época 3/30, Batch 150/3348, Loss: 0.1840
2025-10-10 08:46:47,621 [INFO] Época 3/30, Batch 200/3348, Loss: 0.2597
2025-10-10 08:46:47,885 [INFO] Época 3/30, Batch 250/3348, Loss: 0.1562
2025-10-10 08:46:48,151 [INFO] Época 3/30, Batch 300/3348, Loss: 0.2360
2025-10-10 08:46:48,415 [INFO] Época 3/30, Batch 350/3348, Loss: 0.1573
2025-10-10 08:46:48,679 [INFO] Época 3/30, Batch 400/3348, Loss: 0.1685
2025-10-10 08:46:48,945 [INFO] Época 3/30, Batch 450/3348, Loss: 0.1630
2025-10-10 08:46:49,211 [INFO] Época 3/30, Batch 500/3348, Loss: 0.1667
2025-10-10 08:46:49,475 [INFO] Época 3/30, Batch 550/3348, Loss: 0.2799
2025-10-10 08:46:49,741 [INFO] Época 3/30, Batch 600/3348, Loss: 0.1818
2025-10-10 08:46:50,005 [INFO] Época 3/30, Batch 650/3348, Loss: 0.1725
2025-10-10 08:46:50,271 [INFO] Época 3/30, Batch 700/3348, Loss: 0.1629
2025-10-10 08:46:50,535 [INFO] Época 3/30, Batch 750/3348, Loss: 0.0936
2025-10-10 08:46:50,797 [INFO] Época 3/30, Batch 800/3348, Loss: 0.1710
2025-10-10 08:46:51,058 [INFO] Época 3/30, Batch 850/3348, Loss: 0.2116
2025-10-10 08:46:51,319 [INFO] Época 3/30, Batch 900/3348, Loss: 0.1587
2025-10-10 08:46:51,581 [INFO] Época 3/30, Batch 950/3348, Loss: 0.1644
2025-10-10 08:46:51,848 [INFO] Época 3/30, Batch 1000/3348, Loss: 0.1743
2025-10-10 08:46:52,104 [INFO] Época 3/30, Batch 1050/3348, Loss: 0.2262
2025-10-10 08:46:52,359 [INFO] Época 3/30, Batch 1100/3348, Loss: 0.1563
2025-10-10 08:46:52,635 [INFO] Época 3/30, Batch 1150/3348, Loss: 0.2858
2025-10-10 08:46:52,895 [INFO] Época 3/30, Batch 1200/3348, Loss: 0.2019
2025-10-10 08:46:53,159 [INFO] Época 3/30, Batch 1250/3348, Loss: 0.1316
2025-10-10 08:46:53,422 [INFO] Época 3/30, Batch 1300/3348, Loss: 0.2075
2025-10-10 08:46:53,684 [INFO] Época 3/30, Batch 1350/3348, Loss: 0.2137
2025-10-10 08:46:53,946 [INFO] Época 3/30, Batch 1400/3348, Loss: 0.2164
2025-10-10 08:46:54,209 [INFO] Época 3/30, Batch 1450/3348, Loss: 0.1963
2025-10-10 08:46:54,472 [INFO] Época 3/30, Batch 1500/3348, Loss: 0.1575
2025-10-10 08:46:54,736 [INFO] Época 3/30, Batch 1550/3348, Loss: 0.1040
2025-10-10 08:46:55,000 [INFO] Época 3/30, Batch 1600/3348, Loss: 0.1501
2025-10-10 08:46:55,262 [INFO] Época 3/30, Batch 1650/3348, Loss: 0.1721
2025-10-10 08:46:55,528 [INFO] Época 3/30, Batch 1700/3348, Loss: 0.1226
2025-10-10 08:46:55,791 [INFO] Época 3/30, Batch 1750/3348, Loss: 0.1324
2025-10-10 08:46:56,055 [INFO] Época 3/30, Batch 1800/3348, Loss: 0.1574
2025-10-10 08:46:56,318 [INFO] Época 3/30, Batch 1850/3348, Loss: 0.0999
2025-10-10 08:46:56,581 [INFO] Época 3/30, Batch 1900/3348, Loss: 0.1216
2025-10-10 08:46:56,844 [INFO] Época 3/30, Batch 1950/3348, Loss: 0.1094
2025-10-10 08:46:57,107 [INFO] Época 3/30, Batch 2000/3348, Loss: 0.1931
2025-10-10 08:46:57,367 [INFO] Época 3/30, Batch 2050/3348, Loss: 0.1480
2025-10-10 08:46:57,628 [INFO] Época 3/30, Batch 2100/3348, Loss: 0.2200
2025-10-10 08:46:57,891 [INFO] Época 3/30, Batch 2150/3348, Loss: 0.2814
2025-10-10 08:46:58,153 [INFO] Época 3/30, Batch 2200/3348, Loss: 0.1793
2025-10-10 08:46:58,416 [INFO] Época 3/30, Batch 2250/3348, Loss: 0.1514
2025-10-10 08:46:58,679 [INFO] Época 3/30, Batch 2300/3348, Loss: 0.1873
2025-10-10 08:46:58,941 [INFO] Época 3/30, Batch 2350/3348, Loss: 0.1795
2025-10-10 08:46:59,203 [INFO] Época 3/30, Batch 2400/3348, Loss: 0.1343
2025-10-10 08:46:59,465 [INFO] Época 3/30, Batch 2450/3348, Loss: 0.2588
2025-10-10 08:46:59,726 [INFO] Época 3/30, Batch 2500/3348, Loss: 0.2801
2025-10-10 08:46:59,988 [INFO] Época 3/30, Batch 2550/3348, Loss: 0.1054
2025-10-10 08:47:00,250 [INFO] Época 3/30, Batch 2600/3348, Loss: 0.1241
2025-10-10 08:47:00,510 [INFO] Época 3/30, Batch 2650/3348, Loss: 0.2468
2025-10-10 08:47:00,772 [INFO] Época 3/30, Batch 2700/3348, Loss: 0.2093
2025-10-10 08:47:01,034 [INFO] Época 3/30, Batch 2750/3348, Loss: 0.2465
2025-10-10 08:47:01,295 [INFO] Época 3/30, Batch 2800/3348, Loss: 0.1420
2025-10-10 08:47:01,556 [INFO] Época 3/30, Batch 2850/3348, Loss: 0.1251
2025-10-10 08:47:01,819 [INFO] Época 3/30, Batch 2900/3348, Loss: 0.1655
2025-10-10 08:47:02,082 [INFO] Época 3/30, Batch 2950/3348, Loss: 0.1333
2025-10-10 08:47:02,346 [INFO] Época 3/30, Batch 3000/3348, Loss: 0.1499
2025-10-10 08:47:02,610 [INFO] Época 3/30, Batch 3050/3348, Loss: 0.1136
2025-10-10 08:47:02,872 [INFO] Época 3/30, Batch 3100/3348, Loss: 0.2282
2025-10-10 08:47:03,134 [INFO] Época 3/30, Batch 3150/3348, Loss: 0.2070
2025-10-10 08:47:03,396 [INFO] Época 3/30, Batch 3200/3348, Loss: 0.2615
2025-10-10 08:47:03,661 [INFO] Época 3/30, Batch 3250/3348, Loss: 0.2178
2025-10-10 08:47:03,925 [INFO] Época 3/30, Batch 3300/3348, Loss: 0.1301
2025-10-10 08:47:05,757 [INFO] [3/30] Train Loss: 0.1718 | Val Loss: 0.1670 | Tempo: 19.53s
2025-10-10 08:47:05,772 [INFO] Melhor modelo salvo em: /mnt/hdd/home/jdurao/ToolBox-ChemXAI/models/mlp_qm9_Topological_att11_large.pth
2025-10-10 08:47:06,356 [INFO] Época 4/30, Batch 50/3348, Loss: 0.1263
2025-10-10 08:47:06,627 [INFO] Época 4/30, Batch 100/3348, Loss: 0.1682
2025-10-10 08:47:06,896 [INFO] Época 4/30, Batch 150/3348, Loss: 0.1911
2025-10-10 08:47:07,164 [INFO] Época 4/30, Batch 200/3348, Loss: 0.1687
2025-10-10 08:47:07,429 [INFO] Época 4/30, Batch 250/3348, Loss: 0.1099
2025-10-10 08:47:07,696 [INFO] Época 4/30, Batch 300/3348, Loss: 0.1132
2025-10-10 08:47:07,960 [INFO] Época 4/30, Batch 350/3348, Loss: 0.0852
2025-10-10 08:47:08,225 [INFO] Época 4/30, Batch 400/3348, Loss: 0.1347
2025-10-10 08:47:08,493 [INFO] Época 4/30, Batch 450/3348, Loss: 0.2175
2025-10-10 08:47:08,758 [INFO] Época 4/30, Batch 500/3348, Loss: 0.1065
2025-10-10 08:47:09,020 [INFO] Época 4/30, Batch 550/3348, Loss: 0.1423
2025-10-10 08:47:09,283 [INFO] Época 4/30, Batch 600/3348, Loss: 0.0791
2025-10-10 08:47:09,547 [INFO] Época 4/30, Batch 650/3348, Loss: 0.2008
2025-10-10 08:47:09,805 [INFO] Época 4/30, Batch 700/3348, Loss: 0.1758
2025-10-10 08:47:10,067 [INFO] Época 4/30, Batch 750/3348, Loss: 0.1678
2025-10-10 08:47:10,327 [INFO] Época 4/30, Batch 800/3348, Loss: 0.1286
2025-10-10 08:47:10,588 [INFO] Época 4/30, Batch 850/3348, Loss: 0.1264
2025-10-10 08:47:10,850 [INFO] Época 4/30, Batch 900/3348, Loss: 0.1371
2025-10-10 08:47:11,122 [INFO] Época 4/30, Batch 950/3348, Loss: 0.2256
2025-10-10 08:47:11,382 [INFO] Época 4/30, Batch 1000/3348, Loss: 0.1859
2025-10-10 08:47:11,643 [INFO] Época 4/30, Batch 1050/3348, Loss: 0.1227
2025-10-10 08:47:11,904 [INFO] Época 4/30, Batch 1100/3348, Loss: 0.1621
2025-10-10 08:47:12,164 [INFO] Época 4/30, Batch 1150/3348, Loss: 0.2349
2025-10-10 08:47:12,425 [INFO] Época 4/30, Batch 1200/3348, Loss: 0.1845
2025-10-10 08:47:12,686 [INFO] Época 4/30, Batch 1250/3348, Loss: 0.1094
2025-10-10 08:47:12,948 [INFO] Época 4/30, Batch 1300/3348, Loss: 0.1374
2025-10-10 08:47:13,208 [INFO] Época 4/30, Batch 1350/3348, Loss: 0.1298
2025-10-10 08:47:13,470 [INFO] Época 4/30, Batch 1400/3348, Loss: 0.1813
2025-10-10 08:47:13,731 [INFO] Época 4/30, Batch 1450/3348, Loss: 0.1792
2025-10-10 08:47:13,994 [INFO] Época 4/30, Batch 1500/3348, Loss: 0.2010
2025-10-10 08:47:14,256 [INFO] Época 4/30, Batch 1550/3348, Loss: 0.1465
2025-10-10 08:47:14,519 [INFO] Época 4/30, Batch 1600/3348, Loss: 0.0944
2025-10-10 08:47:14,781 [INFO] Época 4/30, Batch 1650/3348, Loss: 0.0736
2025-10-10 08:47:15,043 [INFO] Época 4/30, Batch 1700/3348, Loss: 0.1740
2025-10-10 08:47:15,307 [INFO] Época 4/30, Batch 1750/3348, Loss: 0.1814
2025-10-10 08:47:15,571 [INFO] Época 4/30, Batch 1800/3348, Loss: 0.2171
2025-10-10 08:47:15,832 [INFO] Época 4/30, Batch 1850/3348, Loss: 0.1517
2025-10-10 08:47:16,093 [INFO] Época 4/30, Batch 1900/3348, Loss: 0.1117
2025-10-10 08:47:16,354 [INFO] Época 4/30, Batch 1950/3348, Loss: 0.1086
2025-10-10 08:47:16,620 [INFO] Época 4/30, Batch 2000/3348, Loss: 0.1882
2025-10-10 08:47:16,882 [INFO] Época 4/30, Batch 2050/3348, Loss: 0.1471
2025-10-10 08:47:17,143 [INFO] Época 4/30, Batch 2100/3348, Loss: 0.1937
2025-10-10 08:47:17,406 [INFO] Época 4/30, Batch 2150/3348, Loss: 0.1038
2025-10-10 08:47:17,667 [INFO] Época 4/30, Batch 2200/3348, Loss: 0.1061
2025-10-10 08:47:17,930 [INFO] Época 4/30, Batch 2250/3348, Loss: 0.1500
2025-10-10 08:47:18,190 [INFO] Época 4/30, Batch 2300/3348, Loss: 0.0929
2025-10-10 08:47:18,451 [INFO] Época 4/30, Batch 2350/3348, Loss: 0.1504
2025-10-10 08:47:18,712 [INFO] Época 4/30, Batch 2400/3348, Loss: 0.1262
2025-10-10 08:47:18,977 [INFO] Época 4/30, Batch 2450/3348, Loss: 0.1292
2025-10-10 08:47:19,241 [INFO] Época 4/30, Batch 2500/3348, Loss: 0.1838
2025-10-10 08:47:19,500 [INFO] Época 4/30, Batch 2550/3348, Loss: 0.1225
2025-10-10 08:47:19,762 [INFO] Época 4/30, Batch 2600/3348, Loss: 0.1760
2025-10-10 08:47:20,026 [INFO] Época 4/30, Batch 2650/3348, Loss: 0.1051
2025-10-10 08:47:20,288 [INFO] Época 4/30, Batch 2700/3348, Loss: 0.0909
2025-10-10 08:47:20,552 [INFO] Época 4/30, Batch 2750/3348, Loss: 0.1202
2025-10-10 08:47:20,817 [INFO] Época 4/30, Batch 2800/3348, Loss: 0.1098
2025-10-10 08:47:21,079 [INFO] Época 4/30, Batch 2850/3348, Loss: 0.1208
2025-10-10 08:47:21,341 [INFO] Época 4/30, Batch 2900/3348, Loss: 0.1605
2025-10-10 08:47:21,616 [INFO] Época 4/30, Batch 2950/3348, Loss: 0.2308
2025-10-10 08:47:21,882 [INFO] Época 4/30, Batch 3000/3348, Loss: 0.0970
2025-10-10 08:47:22,148 [INFO] Época 4/30, Batch 3050/3348, Loss: 0.2184
2025-10-10 08:47:22,416 [INFO] Época 4/30, Batch 3100/3348, Loss: 0.1370
2025-10-10 08:47:22,681 [INFO] Época 4/30, Batch 3150/3348, Loss: 0.1459
2025-10-10 08:47:22,947 [INFO] Época 4/30, Batch 3200/3348, Loss: 0.1510
2025-10-10 08:47:23,212 [INFO] Época 4/30, Batch 3250/3348, Loss: 0.1435
2025-10-10 08:47:23,479 [INFO] Época 4/30, Batch 3300/3348, Loss: 0.0902
2025-10-10 08:47:25,431 [INFO] [4/30] Train Loss: 0.1495 | Val Loss: 0.2026 | Tempo: 19.66s
2025-10-10 08:47:26,030 [INFO] Época 5/30, Batch 50/3348, Loss: 0.1430
2025-10-10 08:47:26,305 [INFO] Época 5/30, Batch 100/3348, Loss: 0.1439
2025-10-10 08:47:26,580 [INFO] Época 5/30, Batch 150/3348, Loss: 0.1046
2025-10-10 08:47:26,865 [INFO] Época 5/30, Batch 200/3348, Loss: 0.1786
2025-10-10 08:47:27,141 [INFO] Época 5/30, Batch 250/3348, Loss: 0.0961
2025-10-10 08:47:27,414 [INFO] Época 5/30, Batch 300/3348, Loss: 0.1379
2025-10-10 08:47:27,687 [INFO] Época 5/30, Batch 350/3348, Loss: 0.1564
2025-10-10 08:47:27,948 [INFO] Época 5/30, Batch 400/3348, Loss: 0.2171
2025-10-10 08:47:28,208 [INFO] Época 5/30, Batch 450/3348, Loss: 0.0997
2025-10-10 08:47:28,467 [INFO] Época 5/30, Batch 500/3348, Loss: 0.1561
2025-10-10 08:47:28,730 [INFO] Época 5/30, Batch 550/3348, Loss: 0.1289
2025-10-10 08:47:28,991 [INFO] Época 5/30, Batch 600/3348, Loss: 0.1396
2025-10-10 08:47:29,249 [INFO] Época 5/30, Batch 650/3348, Loss: 0.1075
2025-10-10 08:47:29,503 [INFO] Época 5/30, Batch 700/3348, Loss: 0.1263
2025-10-10 08:47:29,756 [INFO] Época 5/30, Batch 750/3348, Loss: 0.1370
2025-10-10 08:47:30,011 [INFO] Época 5/30, Batch 800/3348, Loss: 0.1255
2025-10-10 08:47:30,270 [INFO] Época 5/30, Batch 850/3348, Loss: 0.1173
2025-10-10 08:47:30,530 [INFO] Época 5/30, Batch 900/3348, Loss: 0.0939
2025-10-10 08:47:30,790 [INFO] Época 5/30, Batch 950/3348, Loss: 0.1192
2025-10-10 08:47:31,050 [INFO] Época 5/30, Batch 1000/3348, Loss: 0.1269
2025-10-10 08:47:31,311 [INFO] Época 5/30, Batch 1050/3348, Loss: 0.1576
2025-10-10 08:47:31,571 [INFO] Época 5/30, Batch 1100/3348, Loss: 0.0932
2025-10-10 08:47:31,831 [INFO] Época 5/30, Batch 1150/3348, Loss: 0.1521
2025-10-10 08:47:32,100 [INFO] Época 5/30, Batch 1200/3348, Loss: 0.1550
2025-10-10 08:47:32,362 [INFO] Época 5/30, Batch 1250/3348, Loss: 0.1871
2025-10-10 08:47:32,626 [INFO] Época 5/30, Batch 1300/3348, Loss: 0.0996
2025-10-10 08:47:32,893 [INFO] Época 5/30, Batch 1350/3348, Loss: 0.1393
2025-10-10 08:47:33,161 [INFO] Época 5/30, Batch 1400/3348, Loss: 0.1022
2025-10-10 08:47:33,427 [INFO] Época 5/30, Batch 1450/3348, Loss: 0.1299
2025-10-10 08:47:33,690 [INFO] Época 5/30, Batch 1500/3348, Loss: 0.1070
2025-10-10 08:47:33,953 [INFO] Época 5/30, Batch 1550/3348, Loss: 0.1321
2025-10-10 08:47:34,217 [INFO] Época 5/30, Batch 1600/3348, Loss: 0.2547
2025-10-10 08:47:34,483 [INFO] Época 5/30, Batch 1650/3348, Loss: 0.1679
2025-10-10 08:47:34,750 [INFO] Época 5/30, Batch 1700/3348, Loss: 0.1430
2025-10-10 08:47:35,014 [INFO] Época 5/30, Batch 1750/3348, Loss: 0.3102
2025-10-10 08:47:35,280 [INFO] Época 5/30, Batch 1800/3348, Loss: 0.0795
2025-10-10 08:47:35,551 [INFO] Época 5/30, Batch 1850/3348, Loss: 0.1419
2025-10-10 08:47:35,817 [INFO] Época 5/30, Batch 1900/3348, Loss: 0.1625
2025-10-10 08:47:36,083 [INFO] Época 5/30, Batch 1950/3348, Loss: 0.0890
2025-10-10 08:47:36,348 [INFO] Época 5/30, Batch 2000/3348, Loss: 0.2952
2025-10-10 08:47:36,615 [INFO] Época 5/30, Batch 2050/3348, Loss: 0.1025
2025-10-10 08:47:36,882 [INFO] Época 5/30, Batch 2100/3348, Loss: 0.1961
2025-10-10 08:47:37,159 [INFO] Época 5/30, Batch 2150/3348, Loss: 0.2582
2025-10-10 08:47:37,424 [INFO] Época 5/30, Batch 2200/3348, Loss: 0.1631
2025-10-10 08:47:37,690 [INFO] Época 5/30, Batch 2250/3348, Loss: 0.1002
2025-10-10 08:47:37,960 [INFO] Época 5/30, Batch 2300/3348, Loss: 0.0870
2025-10-10 08:47:38,225 [INFO] Época 5/30, Batch 2350/3348, Loss: 0.1682
2025-10-10 08:47:38,490 [INFO] Época 5/30, Batch 2400/3348, Loss: 0.1601
2025-10-10 08:47:38,755 [INFO] Época 5/30, Batch 2450/3348, Loss: 0.1566
2025-10-10 08:47:39,021 [INFO] Época 5/30, Batch 2500/3348, Loss: 0.1264
2025-10-10 08:47:39,290 [INFO] Época 5/30, Batch 2550/3348, Loss: 0.0967
2025-10-10 08:47:39,558 [INFO] Época 5/30, Batch 2600/3348, Loss: 0.0968
2025-10-10 08:47:39,827 [INFO] Época 5/30, Batch 2650/3348, Loss: 0.1688
2025-10-10 08:47:40,094 [INFO] Época 5/30, Batch 2700/3348, Loss: 0.2256
2025-10-10 08:47:40,360 [INFO] Época 5/30, Batch 2750/3348, Loss: 0.1174
2025-10-10 08:47:40,622 [INFO] Época 5/30, Batch 2800/3348, Loss: 0.3192
2025-10-10 08:47:40,883 [INFO] Época 5/30, Batch 2850/3348, Loss: 0.1662
2025-10-10 08:47:41,147 [INFO] Época 5/30, Batch 2900/3348, Loss: 0.0742
2025-10-10 08:47:41,414 [INFO] Época 5/30, Batch 2950/3348, Loss: 0.1647
2025-10-10 08:47:41,683 [INFO] Época 5/30, Batch 3000/3348, Loss: 0.1840
2025-10-10 08:47:41,948 [INFO] Época 5/30, Batch 3050/3348, Loss: 0.1108
2025-10-10 08:47:42,221 [INFO] Época 5/30, Batch 3100/3348, Loss: 0.1015
2025-10-10 08:47:42,486 [INFO] Época 5/30, Batch 3150/3348, Loss: 0.0861
2025-10-10 08:47:42,754 [INFO] Época 5/30, Batch 3200/3348, Loss: 0.0951
2025-10-10 08:47:43,018 [INFO] Época 5/30, Batch 3250/3348, Loss: 0.1640
2025-10-10 08:47:43,283 [INFO] Época 5/30, Batch 3300/3348, Loss: 0.1408
2025-10-10 08:47:45,091 [INFO] [5/30] Train Loss: 0.1341 | Val Loss: 0.1832 | Tempo: 19.66s
2025-10-10 08:47:45,684 [INFO] Época 6/30, Batch 50/3348, Loss: 0.1176
2025-10-10 08:47:45,956 [INFO] Época 6/30, Batch 100/3348, Loss: 0.0998
2025-10-10 08:47:46,225 [INFO] Época 6/30, Batch 150/3348, Loss: 0.1068
2025-10-10 08:47:46,493 [INFO] Época 6/30, Batch 200/3348, Loss: 0.1191
2025-10-10 08:47:46,759 [INFO] Época 6/30, Batch 250/3348, Loss: 0.1085
2025-10-10 08:47:47,025 [INFO] Época 6/30, Batch 300/3348, Loss: 0.1146
2025-10-10 08:47:47,302 [INFO] Época 6/30, Batch 350/3348, Loss: 0.1292
2025-10-10 08:47:47,569 [INFO] Época 6/30, Batch 400/3348, Loss: 0.1090
2025-10-10 08:47:47,835 [INFO] Época 6/30, Batch 450/3348, Loss: 0.1164
2025-10-10 08:47:48,101 [INFO] Época 6/30, Batch 500/3348, Loss: 0.1226
2025-10-10 08:47:48,368 [INFO] Época 6/30, Batch 550/3348, Loss: 0.1353
2025-10-10 08:47:48,633 [INFO] Época 6/30, Batch 600/3348, Loss: 0.1580
2025-10-10 08:47:48,898 [INFO] Época 6/30, Batch 650/3348, Loss: 0.1211
2025-10-10 08:47:49,161 [INFO] Época 6/30, Batch 700/3348, Loss: 0.1314
2025-10-10 08:47:49,420 [INFO] Época 6/30, Batch 750/3348, Loss: 0.1025
2025-10-10 08:47:49,679 [INFO] Época 6/30, Batch 800/3348, Loss: 0.0630
2025-10-10 08:47:49,934 [INFO] Época 6/30, Batch 850/3348, Loss: 0.2085
2025-10-10 08:47:50,200 [INFO] Época 6/30, Batch 900/3348, Loss: 0.0497
2025-10-10 08:47:50,463 [INFO] Época 6/30, Batch 950/3348, Loss: 0.1268
2025-10-10 08:47:50,727 [INFO] Época 6/30, Batch 1000/3348, Loss: 0.0955
2025-10-10 08:47:50,983 [INFO] Época 6/30, Batch 1050/3348, Loss: 0.0896
2025-10-10 08:47:51,239 [INFO] Época 6/30, Batch 1100/3348, Loss: 0.1242
2025-10-10 08:47:51,495 [INFO] Época 6/30, Batch 1150/3348, Loss: 0.1103
2025-10-10 08:47:51,751 [INFO] Época 6/30, Batch 1200/3348, Loss: 0.0690
2025-10-10 08:47:52,009 [INFO] Época 6/30, Batch 1250/3348, Loss: 0.1238
2025-10-10 08:47:52,277 [INFO] Época 6/30, Batch 1300/3348, Loss: 0.1225
2025-10-10 08:47:52,542 [INFO] Época 6/30, Batch 1350/3348, Loss: 0.1247
2025-10-10 08:47:52,804 [INFO] Época 6/30, Batch 1400/3348, Loss: 0.1725
2025-10-10 08:47:53,066 [INFO] Época 6/30, Batch 1450/3348, Loss: 0.1740
2025-10-10 08:47:53,330 [INFO] Época 6/30, Batch 1500/3348, Loss: 0.1010
2025-10-10 08:47:53,595 [INFO] Época 6/30, Batch 1550/3348, Loss: 0.1773
2025-10-10 08:47:53,860 [INFO] Época 6/30, Batch 1600/3348, Loss: 0.0755
2025-10-10 08:47:54,124 [INFO] Época 6/30, Batch 1650/3348, Loss: 0.1289
2025-10-10 08:47:54,388 [INFO] Época 6/30, Batch 1700/3348, Loss: 0.1508
2025-10-10 08:47:54,650 [INFO] Época 6/30, Batch 1750/3348, Loss: 0.1403
2025-10-10 08:47:54,915 [INFO] Época 6/30, Batch 1800/3348, Loss: 0.0754
2025-10-10 08:47:55,178 [INFO] Época 6/30, Batch 1850/3348, Loss: 0.1441
2025-10-10 08:47:55,442 [INFO] Época 6/30, Batch 1900/3348, Loss: 0.1795
2025-10-10 08:47:55,707 [INFO] Época 6/30, Batch 1950/3348, Loss: 0.1271
2025-10-10 08:47:55,976 [INFO] Época 6/30, Batch 2000/3348, Loss: 0.1337
2025-10-10 08:47:56,246 [INFO] Época 6/30, Batch 2050/3348, Loss: 0.0903
2025-10-10 08:47:56,516 [INFO] Época 6/30, Batch 2100/3348, Loss: 0.0872
2025-10-10 08:47:56,784 [INFO] Época 6/30, Batch 2150/3348, Loss: 0.1267
2025-10-10 08:47:57,051 [INFO] Época 6/30, Batch 2200/3348, Loss: 0.1006
2025-10-10 08:47:57,321 [INFO] Época 6/30, Batch 2250/3348, Loss: 0.1032
2025-10-10 08:47:57,600 [INFO] Época 6/30, Batch 2300/3348, Loss: 0.1009
2025-10-10 08:47:57,868 [INFO] Época 6/30, Batch 2350/3348, Loss: 0.0985
2025-10-10 08:47:58,135 [INFO] Época 6/30, Batch 2400/3348, Loss: 0.1861
2025-10-10 08:47:58,405 [INFO] Época 6/30, Batch 2450/3348, Loss: 0.1341
2025-10-10 08:47:58,674 [INFO] Época 6/30, Batch 2500/3348, Loss: 0.1505
2025-10-10 08:47:58,941 [INFO] Época 6/30, Batch 2550/3348, Loss: 0.1384
2025-10-10 08:47:59,211 [INFO] Época 6/30, Batch 2600/3348, Loss: 0.1191
2025-10-10 08:47:59,481 [INFO] Época 6/30, Batch 2650/3348, Loss: 0.1109
2025-10-10 08:47:59,749 [INFO] Época 6/30, Batch 2700/3348, Loss: 0.0961
2025-10-10 08:48:00,018 [INFO] Época 6/30, Batch 2750/3348, Loss: 0.1051
2025-10-10 08:48:00,296 [INFO] Época 6/30, Batch 2800/3348, Loss: 0.0927
2025-10-10 08:48:00,573 [INFO] Época 6/30, Batch 2850/3348, Loss: 0.0819
2025-10-10 08:48:00,845 [INFO] Época 6/30, Batch 2900/3348, Loss: 0.1098
2025-10-10 08:48:01,119 [INFO] Época 6/30, Batch 2950/3348, Loss: 0.1366
2025-10-10 08:48:01,393 [INFO] Época 6/30, Batch 3000/3348, Loss: 0.1075
2025-10-10 08:48:01,667 [INFO] Época 6/30, Batch 3050/3348, Loss: 0.1125
2025-10-10 08:48:01,941 [INFO] Época 6/30, Batch 3100/3348, Loss: 0.0696
2025-10-10 08:48:02,208 [INFO] Época 6/30, Batch 3150/3348, Loss: 0.0782
2025-10-10 08:48:02,472 [INFO] Época 6/30, Batch 3200/3348, Loss: 0.1178
2025-10-10 08:48:02,735 [INFO] Época 6/30, Batch 3250/3348, Loss: 0.1529
2025-10-10 08:48:03,004 [INFO] Época 6/30, Batch 3300/3348, Loss: 0.0964
2025-10-10 08:48:04,941 [INFO] [6/30] Train Loss: 0.1242 | Val Loss: 0.1845 | Tempo: 19.85s
2025-10-10 08:48:05,543 [INFO] Época 7/30, Batch 50/3348, Loss: 0.1140
2025-10-10 08:48:05,819 [INFO] Época 7/30, Batch 100/3348, Loss: 0.1345
2025-10-10 08:48:06,093 [INFO] Época 7/30, Batch 150/3348, Loss: 0.0813
2025-10-10 08:48:06,365 [INFO] Época 7/30, Batch 200/3348, Loss: 0.0828
2025-10-10 08:48:06,638 [INFO] Época 7/30, Batch 250/3348, Loss: 0.0939
2025-10-10 08:48:06,900 [INFO] Época 7/30, Batch 300/3348, Loss: 0.1673
2025-10-10 08:48:07,163 [INFO] Época 7/30, Batch 350/3348, Loss: 0.1044
2025-10-10 08:48:07,424 [INFO] Época 7/30, Batch 400/3348, Loss: 0.0720
2025-10-10 08:48:07,684 [INFO] Época 7/30, Batch 450/3348, Loss: 0.0691
2025-10-10 08:48:07,945 [INFO] Época 7/30, Batch 500/3348, Loss: 0.1905
2025-10-10 08:48:08,205 [INFO] Época 7/30, Batch 550/3348, Loss: 0.1261
2025-10-10 08:48:08,466 [INFO] Época 7/30, Batch 600/3348, Loss: 0.0922
2025-10-10 08:48:08,727 [INFO] Época 7/30, Batch 650/3348, Loss: 0.1364
2025-10-10 08:48:08,987 [INFO] Época 7/30, Batch 700/3348, Loss: 0.1314
2025-10-10 08:48:09,253 [INFO] Época 7/30, Batch 750/3348, Loss: 0.1524
2025-10-10 08:48:09,524 [INFO] Época 7/30, Batch 800/3348, Loss: 0.1434
2025-10-10 08:48:09,795 [INFO] Época 7/30, Batch 850/3348, Loss: 0.1307
2025-10-10 08:48:10,063 [INFO] Época 7/30, Batch 900/3348, Loss: 0.0906
2025-10-10 08:48:10,328 [INFO] Época 7/30, Batch 950/3348, Loss: 0.0805
2025-10-10 08:48:10,590 [INFO] Época 7/30, Batch 1000/3348, Loss: 0.1295
2025-10-10 08:48:10,855 [INFO] Época 7/30, Batch 1050/3348, Loss: 0.1018
2025-10-10 08:48:11,123 [INFO] Época 7/30, Batch 1100/3348, Loss: 0.0912
2025-10-10 08:48:11,394 [INFO] Época 7/30, Batch 1150/3348, Loss: 0.1119
2025-10-10 08:48:11,665 [INFO] Época 7/30, Batch 1200/3348, Loss: 0.0991
2025-10-10 08:48:11,935 [INFO] Época 7/30, Batch 1250/3348, Loss: 0.1268
2025-10-10 08:48:12,204 [INFO] Época 7/30, Batch 1300/3348, Loss: 0.1370
2025-10-10 08:48:12,474 [INFO] Época 7/30, Batch 1350/3348, Loss: 0.0900
2025-10-10 08:48:12,735 [INFO] Época 7/30, Batch 1400/3348, Loss: 0.0696
2025-10-10 08:48:13,006 [INFO] Época 7/30, Batch 1450/3348, Loss: 0.1535
2025-10-10 08:48:13,267 [INFO] Época 7/30, Batch 1500/3348, Loss: 0.1596
2025-10-10 08:48:13,527 [INFO] Época 7/30, Batch 1550/3348, Loss: 0.1204
2025-10-10 08:48:13,789 [INFO] Época 7/30, Batch 1600/3348, Loss: 0.0828
2025-10-10 08:48:14,049 [INFO] Época 7/30, Batch 1650/3348, Loss: 0.1025
2025-10-10 08:48:14,311 [INFO] Época 7/30, Batch 1700/3348, Loss: 0.0910
2025-10-10 08:48:14,572 [INFO] Época 7/30, Batch 1750/3348, Loss: 0.0814
2025-10-10 08:48:14,834 [INFO] Época 7/30, Batch 1800/3348, Loss: 0.1724
2025-10-10 08:48:15,098 [INFO] Época 7/30, Batch 1850/3348, Loss: 0.1364
2025-10-10 08:48:15,360 [INFO] Época 7/30, Batch 1900/3348, Loss: 0.1173
2025-10-10 08:48:15,622 [INFO] Época 7/30, Batch 1950/3348, Loss: 0.0988
2025-10-10 08:48:15,884 [INFO] Época 7/30, Batch 2000/3348, Loss: 0.0966
2025-10-10 08:48:16,145 [INFO] Época 7/30, Batch 2050/3348, Loss: 0.0978
2025-10-10 08:48:16,407 [INFO] Época 7/30, Batch 2100/3348, Loss: 0.0773
2025-10-10 08:48:16,672 [INFO] Época 7/30, Batch 2150/3348, Loss: 0.1202
2025-10-10 08:48:16,942 [INFO] Época 7/30, Batch 2200/3348, Loss: 0.0644
2025-10-10 08:48:17,212 [INFO] Época 7/30, Batch 2250/3348, Loss: 0.0751
2025-10-10 08:48:17,480 [INFO] Época 7/30, Batch 2300/3348, Loss: 0.1135
2025-10-10 08:48:17,750 [INFO] Época 7/30, Batch 2350/3348, Loss: 0.0752
2025-10-10 08:48:18,031 [INFO] Época 7/30, Batch 2400/3348, Loss: 0.1073
2025-10-10 08:48:18,303 [INFO] Época 7/30, Batch 2450/3348, Loss: 0.1253
2025-10-10 08:48:18,572 [INFO] Época 7/30, Batch 2500/3348, Loss: 0.1556
2025-10-10 08:48:18,844 [INFO] Época 7/30, Batch 2550/3348, Loss: 0.1338
2025-10-10 08:48:19,113 [INFO] Época 7/30, Batch 2600/3348, Loss: 0.1501
2025-10-10 08:48:19,385 [INFO] Época 7/30, Batch 2650/3348, Loss: 0.0843
2025-10-10 08:48:19,655 [INFO] Época 7/30, Batch 2700/3348, Loss: 0.0708
2025-10-10 08:48:19,925 [INFO] Época 7/30, Batch 2750/3348, Loss: 0.1284
2025-10-10 08:48:20,197 [INFO] Época 7/30, Batch 2800/3348, Loss: 0.1707
2025-10-10 08:48:20,468 [INFO] Época 7/30, Batch 2850/3348, Loss: 0.0789
2025-10-10 08:48:20,738 [INFO] Época 7/30, Batch 2900/3348, Loss: 0.0842
2025-10-10 08:48:21,009 [INFO] Época 7/30, Batch 2950/3348, Loss: 0.1125
2025-10-10 08:48:21,278 [INFO] Época 7/30, Batch 3000/3348, Loss: 0.1712
2025-10-10 08:48:21,548 [INFO] Época 7/30, Batch 3050/3348, Loss: 0.1274
2025-10-10 08:48:21,814 [INFO] Época 7/30, Batch 3100/3348, Loss: 0.1163
2025-10-10 08:48:22,076 [INFO] Época 7/30, Batch 3150/3348, Loss: 0.1271
2025-10-10 08:48:22,335 [INFO] Época 7/30, Batch 3200/3348, Loss: 0.1076
2025-10-10 08:48:22,593 [INFO] Época 7/30, Batch 3250/3348, Loss: 0.1006
2025-10-10 08:48:22,852 [INFO] Época 7/30, Batch 3300/3348, Loss: 0.1354
2025-10-10 08:48:24,654 [INFO] [7/30] Train Loss: 0.1147 | Val Loss: 0.1756 | Tempo: 19.71s
2025-10-10 08:48:25,244 [INFO] Época 8/30, Batch 50/3348, Loss: 0.0864
2025-10-10 08:48:25,519 [INFO] Época 8/30, Batch 100/3348, Loss: 0.1566
2025-10-10 08:48:25,791 [INFO] Época 8/30, Batch 150/3348, Loss: 0.1084
2025-10-10 08:48:26,062 [INFO] Época 8/30, Batch 200/3348, Loss: 0.1155
2025-10-10 08:48:26,333 [INFO] Época 8/30, Batch 250/3348, Loss: 0.1868
2025-10-10 08:48:26,602 [INFO] Época 8/30, Batch 300/3348, Loss: 0.1184
2025-10-10 08:48:26,872 [INFO] Época 8/30, Batch 350/3348, Loss: 0.1048
2025-10-10 08:48:27,140 [INFO] Época 8/30, Batch 400/3348, Loss: 0.0849
2025-10-10 08:48:27,409 [INFO] Época 8/30, Batch 450/3348, Loss: 0.0726
2025-10-10 08:48:27,674 [INFO] Época 8/30, Batch 500/3348, Loss: 0.1205
2025-10-10 08:48:27,934 [INFO] Época 8/30, Batch 550/3348, Loss: 0.0939
2025-10-10 08:48:28,207 [INFO] Época 8/30, Batch 600/3348, Loss: 0.0751
2025-10-10 08:48:28,466 [INFO] Época 8/30, Batch 650/3348, Loss: 0.1377
2025-10-10 08:48:28,728 [INFO] Época 8/30, Batch 700/3348, Loss: 0.1140
2025-10-10 08:48:28,988 [INFO] Época 8/30, Batch 750/3348, Loss: 0.0836
2025-10-10 08:48:29,248 [INFO] Época 8/30, Batch 800/3348, Loss: 0.1234
2025-10-10 08:48:29,507 [INFO] Época 8/30, Batch 850/3348, Loss: 0.1059
2025-10-10 08:48:29,768 [INFO] Época 8/30, Batch 900/3348, Loss: 0.0972
2025-10-10 08:48:30,030 [INFO] Época 8/30, Batch 950/3348, Loss: 0.0910
2025-10-10 08:48:30,293 [INFO] Época 8/30, Batch 1000/3348, Loss: 0.2150
2025-10-10 08:48:30,554 [INFO] Época 8/30, Batch 1050/3348, Loss: 0.1076
2025-10-10 08:48:30,816 [INFO] Época 8/30, Batch 1100/3348, Loss: 0.1485
2025-10-10 08:48:31,079 [INFO] Época 8/30, Batch 1150/3348, Loss: 0.1161
2025-10-10 08:48:31,341 [INFO] Época 8/30, Batch 1200/3348, Loss: 0.1386
2025-10-10 08:48:31,603 [INFO] Época 8/30, Batch 1250/3348, Loss: 0.0460
2025-10-10 08:48:31,877 [INFO] Época 8/30, Batch 1300/3348, Loss: 0.1005
2025-10-10 08:48:32,149 [INFO] Época 8/30, Batch 1350/3348, Loss: 0.1204
2025-10-10 08:48:32,418 [INFO] Época 8/30, Batch 1400/3348, Loss: 0.1280
2025-10-10 08:48:32,688 [INFO] Época 8/30, Batch 1450/3348, Loss: 0.0755
2025-10-10 08:48:32,957 [INFO] Época 8/30, Batch 1500/3348, Loss: 0.1223
2025-10-10 08:48:33,236 [INFO] Época 8/30, Batch 1550/3348, Loss: 0.0825
2025-10-10 08:48:33,508 [INFO] Época 8/30, Batch 1600/3348, Loss: 0.0944
2025-10-10 08:48:33,784 [INFO] Época 8/30, Batch 1650/3348, Loss: 0.1125
2025-10-10 08:48:34,054 [INFO] Época 8/30, Batch 1700/3348, Loss: 0.0967
2025-10-10 08:48:34,327 [INFO] Época 8/30, Batch 1750/3348, Loss: 0.0916
2025-10-10 08:48:34,597 [INFO] Época 8/30, Batch 1800/3348, Loss: 0.0592
2025-10-10 08:48:34,868 [INFO] Época 8/30, Batch 1850/3348, Loss: 0.0593
2025-10-10 08:48:35,141 [INFO] Época 8/30, Batch 1900/3348, Loss: 0.1405
2025-10-10 08:48:35,413 [INFO] Época 8/30, Batch 1950/3348, Loss: 0.1487
2025-10-10 08:48:35,683 [INFO] Época 8/30, Batch 2000/3348, Loss: 0.1147
2025-10-10 08:48:35,954 [INFO] Época 8/30, Batch 2050/3348, Loss: 0.1036
2025-10-10 08:48:36,224 [INFO] Época 8/30, Batch 2100/3348, Loss: 0.1183
2025-10-10 08:48:36,499 [INFO] Época 8/30, Batch 2150/3348, Loss: 0.1324
2025-10-10 08:48:36,771 [INFO] Época 8/30, Batch 2200/3348, Loss: 0.0555
2025-10-10 08:48:37,034 [INFO] Época 8/30, Batch 2250/3348, Loss: 0.0966
2025-10-10 08:48:37,298 [INFO] Época 8/30, Batch 2300/3348, Loss: 0.1006
2025-10-10 08:48:37,562 [INFO] Época 8/30, Batch 2350/3348, Loss: 0.1747
2025-10-10 08:48:37,828 [INFO] Época 8/30, Batch 2400/3348, Loss: 0.0796
2025-10-10 08:48:38,092 [INFO] Época 8/30, Batch 2450/3348, Loss: 0.0913
2025-10-10 08:48:38,354 [INFO] Época 8/30, Batch 2500/3348, Loss: 0.1242
2025-10-10 08:48:38,616 [INFO] Época 8/30, Batch 2550/3348, Loss: 0.2006
2025-10-10 08:48:38,877 [INFO] Época 8/30, Batch 2600/3348, Loss: 0.0930
2025-10-10 08:48:39,141 [INFO] Época 8/30, Batch 2650/3348, Loss: 0.1274
2025-10-10 08:48:39,404 [INFO] Época 8/30, Batch 2700/3348, Loss: 0.1072
2025-10-10 08:48:39,667 [INFO] Época 8/30, Batch 2750/3348, Loss: 0.0793
2025-10-10 08:48:39,933 [INFO] Época 8/30, Batch 2800/3348, Loss: 0.1658
2025-10-10 08:48:40,207 [INFO] Época 8/30, Batch 2850/3348, Loss: 0.1114
2025-10-10 08:48:40,480 [INFO] Época 8/30, Batch 2900/3348, Loss: 0.1321
2025-10-10 08:48:40,749 [INFO] Época 8/30, Batch 2950/3348, Loss: 0.1045
2025-10-10 08:48:41,014 [INFO] Época 8/30, Batch 3000/3348, Loss: 0.0954
2025-10-10 08:48:41,278 [INFO] Época 8/30, Batch 3050/3348, Loss: 0.0750
2025-10-10 08:48:41,542 [INFO] Época 8/30, Batch 3100/3348, Loss: 0.0338
2025-10-10 08:48:41,804 [INFO] Época 8/30, Batch 3150/3348, Loss: 0.0806
2025-10-10 08:48:42,069 [INFO] Época 8/30, Batch 3200/3348, Loss: 0.0966
2025-10-10 08:48:42,333 [INFO] Época 8/30, Batch 3250/3348, Loss: 0.0807
2025-10-10 08:48:42,597 [INFO] Época 8/30, Batch 3300/3348, Loss: 0.0752
2025-10-10 08:48:44,537 [INFO] [8/30] Train Loss: 0.1083 | Val Loss: 0.1854 | Tempo: 19.88s
2025-10-10 08:48:45,129 [INFO] Época 9/30, Batch 50/3348, Loss: 0.1097
2025-10-10 08:48:45,399 [INFO] Época 9/30, Batch 100/3348, Loss: 0.1447
2025-10-10 08:48:45,664 [INFO] Época 9/30, Batch 150/3348, Loss: 0.0959
2025-10-10 08:48:45,931 [INFO] Época 9/30, Batch 200/3348, Loss: 0.0911
2025-10-10 08:48:46,198 [INFO] Época 9/30, Batch 250/3348, Loss: 0.0919
2025-10-10 08:48:46,464 [INFO] Época 9/30, Batch 300/3348, Loss: 0.1180
2025-10-10 08:48:46,729 [INFO] Época 9/30, Batch 350/3348, Loss: 0.1271
2025-10-10 08:48:46,995 [INFO] Época 9/30, Batch 400/3348, Loss: 0.1546
2025-10-10 08:48:47,261 [INFO] Época 9/30, Batch 450/3348, Loss: 0.1150
2025-10-10 08:48:47,524 [INFO] Época 9/30, Batch 500/3348, Loss: 0.0971
2025-10-10 08:48:47,788 [INFO] Época 9/30, Batch 550/3348, Loss: 0.1195
2025-10-10 08:48:48,050 [INFO] Época 9/30, Batch 600/3348, Loss: 0.0516
2025-10-10 08:48:48,316 [INFO] Época 9/30, Batch 650/3348, Loss: 0.0902
2025-10-10 08:48:48,580 [INFO] Época 9/30, Batch 700/3348, Loss: 0.0996
2025-10-10 08:48:48,847 [INFO] Época 9/30, Batch 750/3348, Loss: 0.1368
2025-10-10 08:48:49,112 [INFO] Época 9/30, Batch 800/3348, Loss: 0.0475
2025-10-10 08:48:49,373 [INFO] Época 9/30, Batch 850/3348, Loss: 0.1116
2025-10-10 08:48:49,629 [INFO] Época 9/30, Batch 900/3348, Loss: 0.1389
2025-10-10 08:48:49,894 [INFO] Época 9/30, Batch 950/3348, Loss: 0.1332
2025-10-10 08:48:50,148 [INFO] Época 9/30, Batch 1000/3348, Loss: 0.1425
2025-10-10 08:48:50,403 [INFO] Época 9/30, Batch 1050/3348, Loss: 0.1210
2025-10-10 08:48:50,657 [INFO] Época 9/30, Batch 1100/3348, Loss: 0.0672
2025-10-10 08:48:50,912 [INFO] Época 9/30, Batch 1150/3348, Loss: 0.1045
2025-10-10 08:48:51,173 [INFO] Época 9/30, Batch 1200/3348, Loss: 0.1146
2025-10-10 08:48:51,439 [INFO] Época 9/30, Batch 1250/3348, Loss: 0.0643
2025-10-10 08:48:51,703 [INFO] Época 9/30, Batch 1300/3348, Loss: 0.1424
2025-10-10 08:48:51,969 [INFO] Época 9/30, Batch 1350/3348, Loss: 0.0697
2025-10-10 08:48:52,234 [INFO] Época 9/30, Batch 1400/3348, Loss: 0.1348
2025-10-10 08:48:52,500 [INFO] Época 9/30, Batch 1450/3348, Loss: 0.0725
2025-10-10 08:48:52,765 [INFO] Época 9/30, Batch 1500/3348, Loss: 0.1562
2025-10-10 08:48:53,032 [INFO] Época 9/30, Batch 1550/3348, Loss: 0.0702
2025-10-10 08:48:53,298 [INFO] Época 9/30, Batch 1600/3348, Loss: 0.0548
2025-10-10 08:48:53,565 [INFO] Época 9/30, Batch 1650/3348, Loss: 0.0874
2025-10-10 08:48:53,831 [INFO] Época 9/30, Batch 1700/3348, Loss: 0.1209
2025-10-10 08:48:54,094 [INFO] Época 9/30, Batch 1750/3348, Loss: 0.0668
2025-10-10 08:48:54,360 [INFO] Época 9/30, Batch 1800/3348, Loss: 0.1034
2025-10-10 08:48:54,622 [INFO] Época 9/30, Batch 1850/3348, Loss: 0.0643
2025-10-10 08:48:54,884 [INFO] Época 9/30, Batch 1900/3348, Loss: 0.0784
2025-10-10 08:48:55,157 [INFO] Época 9/30, Batch 1950/3348, Loss: 0.0949
2025-10-10 08:48:55,418 [INFO] Época 9/30, Batch 2000/3348, Loss: 0.1644
2025-10-10 08:48:55,684 [INFO] Época 9/30, Batch 2050/3348, Loss: 0.1130
2025-10-10 08:48:55,949 [INFO] Época 9/30, Batch 2100/3348, Loss: 0.0747
2025-10-10 08:48:56,212 [INFO] Época 9/30, Batch 2150/3348, Loss: 0.1211
2025-10-10 08:48:56,476 [INFO] Época 9/30, Batch 2200/3348, Loss: 0.0974
2025-10-10 08:48:56,741 [INFO] Época 9/30, Batch 2250/3348, Loss: 0.1154
2025-10-10 08:48:57,004 [INFO] Época 9/30, Batch 2300/3348, Loss: 0.0967
2025-10-10 08:48:57,266 [INFO] Época 9/30, Batch 2350/3348, Loss: 0.0831
2025-10-10 08:48:57,528 [INFO] Época 9/30, Batch 2400/3348, Loss: 0.1767
2025-10-10 08:48:57,791 [INFO] Época 9/30, Batch 2450/3348, Loss: 0.1361
2025-10-10 08:48:58,052 [INFO] Época 9/30, Batch 2500/3348, Loss: 0.0405
2025-10-10 08:48:58,314 [INFO] Época 9/30, Batch 2550/3348, Loss: 0.0874
2025-10-10 08:48:58,575 [INFO] Época 9/30, Batch 2600/3348, Loss: 0.1120
2025-10-10 08:48:58,839 [INFO] Época 9/30, Batch 2650/3348, Loss: 0.0632
2025-10-10 08:48:59,102 [INFO] Época 9/30, Batch 2700/3348, Loss: 0.1201
2025-10-10 08:48:59,364 [INFO] Época 9/30, Batch 2750/3348, Loss: 0.0950
2025-10-10 08:48:59,628 [INFO] Época 9/30, Batch 2800/3348, Loss: 0.1169
2025-10-10 08:48:59,891 [INFO] Época 9/30, Batch 2850/3348, Loss: 0.1058
2025-10-10 08:49:00,162 [INFO] Época 9/30, Batch 2900/3348, Loss: 0.1653
2025-10-10 08:49:00,425 [INFO] Época 9/30, Batch 2950/3348, Loss: 0.0749
2025-10-10 08:49:00,687 [INFO] Época 9/30, Batch 3000/3348, Loss: 0.0967
2025-10-10 08:49:00,949 [INFO] Época 9/30, Batch 3050/3348, Loss: 0.1500
2025-10-10 08:49:01,211 [INFO] Época 9/30, Batch 3100/3348, Loss: 0.1266
2025-10-10 08:49:01,472 [INFO] Época 9/30, Batch 3150/3348, Loss: 0.0465
2025-10-10 08:49:01,735 [INFO] Época 9/30, Batch 3200/3348, Loss: 0.0855
2025-10-10 08:49:01,996 [INFO] Época 9/30, Batch 3250/3348, Loss: 0.1128
2025-10-10 08:49:02,256 [INFO] Época 9/30, Batch 3300/3348, Loss: 0.1641
2025-10-10 08:49:04,024 [INFO] [9/30] Train Loss: 0.1040 | Val Loss: 0.1300 | Tempo: 19.49s
2025-10-10 08:49:04,029 [INFO] Melhor modelo salvo em: /mnt/hdd/home/jdurao/ToolBox-ChemXAI/models/mlp_qm9_Topological_att11_large.pth
2025-10-10 08:49:04,615 [INFO] Época 10/30, Batch 50/3348, Loss: 0.0729
2025-10-10 08:49:04,883 [INFO] Época 10/30, Batch 100/3348, Loss: 0.1244
2025-10-10 08:49:05,149 [INFO] Época 10/30, Batch 150/3348, Loss: 0.0554
2025-10-10 08:49:05,425 [INFO] Época 10/30, Batch 200/3348, Loss: 0.1029
2025-10-10 08:49:05,688 [INFO] Época 10/30, Batch 250/3348, Loss: 0.0800
2025-10-10 08:49:05,953 [INFO] Época 10/30, Batch 300/3348, Loss: 0.1625
2025-10-10 08:49:06,218 [INFO] Época 10/30, Batch 350/3348, Loss: 0.1455
2025-10-10 08:49:06,482 [INFO] Época 10/30, Batch 400/3348, Loss: 0.0860
2025-10-10 08:49:06,748 [INFO] Época 10/30, Batch 450/3348, Loss: 0.0799
2025-10-10 08:49:07,012 [INFO] Época 10/30, Batch 500/3348, Loss: 0.0606
2025-10-10 08:49:07,275 [INFO] Época 10/30, Batch 550/3348, Loss: 0.1675
2025-10-10 08:49:07,539 [INFO] Época 10/30, Batch 600/3348, Loss: 0.1333
2025-10-10 08:49:07,800 [INFO] Época 10/30, Batch 650/3348, Loss: 0.1223
2025-10-10 08:49:08,062 [INFO] Época 10/30, Batch 700/3348, Loss: 0.0542
2025-10-10 08:49:08,323 [INFO] Época 10/30, Batch 750/3348, Loss: 0.1646
2025-10-10 08:49:08,579 [INFO] Época 10/30, Batch 800/3348, Loss: 0.1402
2025-10-10 08:49:08,836 [INFO] Época 10/30, Batch 850/3348, Loss: 0.0620
2025-10-10 08:49:09,091 [INFO] Época 10/30, Batch 900/3348, Loss: 0.0709
2025-10-10 08:49:09,348 [INFO] Época 10/30, Batch 950/3348, Loss: 0.1097
2025-10-10 08:49:09,604 [INFO] Época 10/30, Batch 1000/3348, Loss: 0.0535
2025-10-10 08:49:09,858 [INFO] Época 10/30, Batch 1050/3348, Loss: 0.1182
2025-10-10 08:49:10,115 [INFO] Época 10/30, Batch 1100/3348, Loss: 0.1377
2025-10-10 08:49:10,378 [INFO] Época 10/30, Batch 1150/3348, Loss: 0.1394
2025-10-10 08:49:10,650 [INFO] Época 10/30, Batch 1200/3348, Loss: 0.0898
2025-10-10 08:49:10,914 [INFO] Época 10/30, Batch 1250/3348, Loss: 0.0902
2025-10-10 08:49:11,175 [INFO] Época 10/30, Batch 1300/3348, Loss: 0.0862
2025-10-10 08:49:11,437 [INFO] Época 10/30, Batch 1350/3348, Loss: 0.1163
2025-10-10 08:49:11,701 [INFO] Época 10/30, Batch 1400/3348, Loss: 0.1270
2025-10-10 08:49:11,966 [INFO] Época 10/30, Batch 1450/3348, Loss: 0.1035
2025-10-10 08:49:12,228 [INFO] Época 10/30, Batch 1500/3348, Loss: 0.1192
2025-10-10 08:49:12,492 [INFO] Época 10/30, Batch 1550/3348, Loss: 0.1760
2025-10-10 08:49:12,753 [INFO] Época 10/30, Batch 1600/3348, Loss: 0.0694
2025-10-10 08:49:13,017 [INFO] Época 10/30, Batch 1650/3348, Loss: 0.0741
2025-10-10 08:49:13,281 [INFO] Época 10/30, Batch 1700/3348, Loss: 0.0982
2025-10-10 08:49:13,546 [INFO] Época 10/30, Batch 1750/3348, Loss: 0.0821
2025-10-10 08:49:13,809 [INFO] Época 10/30, Batch 1800/3348, Loss: 0.0600
2025-10-10 08:49:14,074 [INFO] Época 10/30, Batch 1850/3348, Loss: 0.0998
2025-10-10 08:49:14,339 [INFO] Época 10/30, Batch 1900/3348, Loss: 0.0718
2025-10-10 08:49:14,604 [INFO] Época 10/30, Batch 1950/3348, Loss: 0.0586
2025-10-10 08:49:14,868 [INFO] Época 10/30, Batch 2000/3348, Loss: 0.1023
2025-10-10 08:49:15,131 [INFO] Época 10/30, Batch 2050/3348, Loss: 0.1127
2025-10-10 08:49:15,392 [INFO] Época 10/30, Batch 2100/3348, Loss: 0.1587
2025-10-10 08:49:15,656 [INFO] Época 10/30, Batch 2150/3348, Loss: 0.1223
2025-10-10 08:49:15,918 [INFO] Época 10/30, Batch 2200/3348, Loss: 0.1175
2025-10-10 08:49:16,185 [INFO] Época 10/30, Batch 2250/3348, Loss: 0.1615
2025-10-10 08:49:16,448 [INFO] Época 10/30, Batch 2300/3348, Loss: 0.1228
2025-10-10 08:49:16,712 [INFO] Época 10/30, Batch 2350/3348, Loss: 0.0600
2025-10-10 08:49:16,974 [INFO] Época 10/30, Batch 2400/3348, Loss: 0.1361
2025-10-10 08:49:17,237 [INFO] Época 10/30, Batch 2450/3348, Loss: 0.0835
2025-10-10 08:49:17,501 [INFO] Época 10/30, Batch 2500/3348, Loss: 0.0932
2025-10-10 08:49:17,765 [INFO] Época 10/30, Batch 2550/3348, Loss: 0.1191
2025-10-10 08:49:18,028 [INFO] Época 10/30, Batch 2600/3348, Loss: 0.0943
2025-10-10 08:49:18,292 [INFO] Época 10/30, Batch 2650/3348, Loss: 0.1029
2025-10-10 08:49:18,555 [INFO] Época 10/30, Batch 2700/3348, Loss: 0.0657
2025-10-10 08:49:18,820 [INFO] Época 10/30, Batch 2750/3348, Loss: 0.0569
2025-10-10 08:49:19,086 [INFO] Época 10/30, Batch 2800/3348, Loss: 0.1028
2025-10-10 08:49:19,350 [INFO] Época 10/30, Batch 2850/3348, Loss: 0.0470
2025-10-10 08:49:19,618 [INFO] Época 10/30, Batch 2900/3348, Loss: 0.0695
2025-10-10 08:49:19,885 [INFO] Época 10/30, Batch 2950/3348, Loss: 0.1239
2025-10-10 08:49:20,155 [INFO] Época 10/30, Batch 3000/3348, Loss: 0.0937
2025-10-10 08:49:20,426 [INFO] Época 10/30, Batch 3050/3348, Loss: 0.0858
2025-10-10 08:49:20,705 [INFO] Época 10/30, Batch 3100/3348, Loss: 0.0664
2025-10-10 08:49:20,972 [INFO] Época 10/30, Batch 3150/3348, Loss: 0.1080
2025-10-10 08:49:21,239 [INFO] Época 10/30, Batch 3200/3348, Loss: 0.1230
2025-10-10 08:49:21,507 [INFO] Época 10/30, Batch 3250/3348, Loss: 0.1141
2025-10-10 08:49:21,775 [INFO] Época 10/30, Batch 3300/3348, Loss: 0.0662
2025-10-10 08:49:23,679 [INFO] [10/30] Train Loss: 0.0993 | Val Loss: 0.1368 | Tempo: 19.65s
2025-10-10 08:49:24,276 [INFO] Época 11/30, Batch 50/3348, Loss: 0.0885
2025-10-10 08:49:24,546 [INFO] Época 11/30, Batch 100/3348, Loss: 0.0890
2025-10-10 08:49:24,817 [INFO] Época 11/30, Batch 150/3348, Loss: 0.0766
2025-10-10 08:49:25,085 [INFO] Época 11/30, Batch 200/3348, Loss: 0.0596
2025-10-10 08:49:25,351 [INFO] Época 11/30, Batch 250/3348, Loss: 0.1070
2025-10-10 08:49:25,616 [INFO] Época 11/30, Batch 300/3348, Loss: 0.1570
2025-10-10 08:49:25,880 [INFO] Época 11/30, Batch 350/3348, Loss: 0.0529
2025-10-10 08:49:26,145 [INFO] Época 11/30, Batch 400/3348, Loss: 0.0597
2025-10-10 08:49:26,411 [INFO] Época 11/30, Batch 450/3348, Loss: 0.0635
2025-10-10 08:49:26,678 [INFO] Época 11/30, Batch 500/3348, Loss: 0.1011
2025-10-10 08:49:26,947 [INFO] Época 11/30, Batch 550/3348, Loss: 0.0621
2025-10-10 08:49:27,213 [INFO] Época 11/30, Batch 600/3348, Loss: 0.0708
2025-10-10 08:49:27,481 [INFO] Época 11/30, Batch 650/3348, Loss: 0.1192
2025-10-10 08:49:27,745 [INFO] Época 11/30, Batch 700/3348, Loss: 0.0698
2025-10-10 08:49:28,008 [INFO] Época 11/30, Batch 750/3348, Loss: 0.0850
2025-10-10 08:49:28,271 [INFO] Época 11/30, Batch 800/3348, Loss: 0.0603
2025-10-10 08:49:28,534 [INFO] Época 11/30, Batch 850/3348, Loss: 0.0392
2025-10-10 08:49:28,797 [INFO] Época 11/30, Batch 900/3348, Loss: 0.0702
2025-10-10 08:49:29,059 [INFO] Época 11/30, Batch 950/3348, Loss: 0.0507
2025-10-10 08:49:29,313 [INFO] Época 11/30, Batch 1000/3348, Loss: 0.0918
2025-10-10 08:49:29,567 [INFO] Época 11/30, Batch 1050/3348, Loss: 0.1029
2025-10-10 08:49:29,823 [INFO] Época 11/30, Batch 1100/3348, Loss: 0.1491
2025-10-10 08:49:30,080 [INFO] Época 11/30, Batch 1150/3348, Loss: 0.0645
2025-10-10 08:49:30,339 [INFO] Época 11/30, Batch 1200/3348, Loss: 0.1349
2025-10-10 08:49:30,603 [INFO] Época 11/30, Batch 1250/3348, Loss: 0.0617
2025-10-10 08:49:30,866 [INFO] Época 11/30, Batch 1300/3348, Loss: 0.1445
2025-10-10 08:49:31,140 [INFO] Época 11/30, Batch 1350/3348, Loss: 0.0473
2025-10-10 08:49:31,405 [INFO] Época 11/30, Batch 1400/3348, Loss: 0.1000
2025-10-10 08:49:31,670 [INFO] Época 11/30, Batch 1450/3348, Loss: 0.0824
2025-10-10 08:49:31,937 [INFO] Época 11/30, Batch 1500/3348, Loss: 0.0825
2025-10-10 08:49:32,202 [INFO] Época 11/30, Batch 1550/3348, Loss: 0.1566
2025-10-10 08:49:32,465 [INFO] Época 11/30, Batch 1600/3348, Loss: 0.0973
2025-10-10 08:49:32,729 [INFO] Época 11/30, Batch 1650/3348, Loss: 0.0722
2025-10-10 08:49:32,993 [INFO] Época 11/30, Batch 1700/3348, Loss: 0.0604
2025-10-10 08:49:33,259 [INFO] Época 11/30, Batch 1750/3348, Loss: 0.0833
2025-10-10 08:49:33,525 [INFO] Época 11/30, Batch 1800/3348, Loss: 0.0815
2025-10-10 08:49:33,790 [INFO] Época 11/30, Batch 1850/3348, Loss: 0.0714
2025-10-10 08:49:34,051 [INFO] Época 11/30, Batch 1900/3348, Loss: 0.0760
2025-10-10 08:49:34,315 [INFO] Época 11/30, Batch 1950/3348, Loss: 0.1025
2025-10-10 08:49:34,580 [INFO] Época 11/30, Batch 2000/3348, Loss: 0.0549
2025-10-10 08:49:34,847 [INFO] Época 11/30, Batch 2050/3348, Loss: 0.0791
2025-10-10 08:49:35,113 [INFO] Época 11/30, Batch 2100/3348, Loss: 0.0877
2025-10-10 08:49:35,377 [INFO] Época 11/30, Batch 2150/3348, Loss: 0.0806
2025-10-10 08:49:35,644 [INFO] Época 11/30, Batch 2200/3348, Loss: 0.1017
2025-10-10 08:49:35,910 [INFO] Época 11/30, Batch 2250/3348, Loss: 0.0745
2025-10-10 08:49:36,190 [INFO] Época 11/30, Batch 2300/3348, Loss: 0.1012
2025-10-10 08:49:36,459 [INFO] Época 11/30, Batch 2350/3348, Loss: 0.0521
2025-10-10 08:49:36,725 [INFO] Época 11/30, Batch 2400/3348, Loss: 0.1249
2025-10-10 08:49:36,991 [INFO] Época 11/30, Batch 2450/3348, Loss: 0.1262
2025-10-10 08:49:37,256 [INFO] Época 11/30, Batch 2500/3348, Loss: 0.1188
2025-10-10 08:49:37,521 [INFO] Época 11/30, Batch 2550/3348, Loss: 0.0750
2025-10-10 08:49:37,787 [INFO] Época 11/30, Batch 2600/3348, Loss: 0.0650
2025-10-10 08:49:38,051 [INFO] Época 11/30, Batch 2650/3348, Loss: 0.1011
2025-10-10 08:49:38,316 [INFO] Época 11/30, Batch 2700/3348, Loss: 0.0904
2025-10-10 08:49:38,583 [INFO] Época 11/30, Batch 2750/3348, Loss: 0.0954
2025-10-10 08:49:38,849 [INFO] Época 11/30, Batch 2800/3348, Loss: 0.1266
2025-10-10 08:49:39,113 [INFO] Época 11/30, Batch 2850/3348, Loss: 0.0461
2025-10-10 08:49:39,377 [INFO] Época 11/30, Batch 2900/3348, Loss: 0.1374
2025-10-10 08:49:39,641 [INFO] Época 11/30, Batch 2950/3348, Loss: 0.0630
2025-10-10 08:49:39,907 [INFO] Época 11/30, Batch 3000/3348, Loss: 0.1450
2025-10-10 08:49:40,171 [INFO] Época 11/30, Batch 3050/3348, Loss: 0.1959
2025-10-10 08:49:40,434 [INFO] Época 11/30, Batch 3100/3348, Loss: 0.1093
2025-10-10 08:49:40,697 [INFO] Época 11/30, Batch 3150/3348, Loss: 0.0860
2025-10-10 08:49:40,960 [INFO] Época 11/30, Batch 3200/3348, Loss: 0.1241
2025-10-10 08:49:41,235 [INFO] Época 11/30, Batch 3250/3348, Loss: 0.0750
2025-10-10 08:49:41,500 [INFO] Época 11/30, Batch 3300/3348, Loss: 0.1291
2025-10-10 08:49:43,271 [INFO] [11/30] Train Loss: 0.0946 | Val Loss: 0.1583 | Tempo: 19.59s
2025-10-10 08:49:43,863 [INFO] Época 12/30, Batch 50/3348, Loss: 0.0583
2025-10-10 08:49:44,140 [INFO] Época 12/30, Batch 100/3348, Loss: 0.1367
2025-10-10 08:49:44,417 [INFO] Época 12/30, Batch 150/3348, Loss: 0.0788
2025-10-10 08:49:44,689 [INFO] Época 12/30, Batch 200/3348, Loss: 0.0956
2025-10-10 08:49:44,963 [INFO] Época 12/30, Batch 250/3348, Loss: 0.0686
2025-10-10 08:49:45,226 [INFO] Época 12/30, Batch 300/3348, Loss: 0.0871
2025-10-10 08:49:45,488 [INFO] Época 12/30, Batch 350/3348, Loss: 0.0360
2025-10-10 08:49:45,754 [INFO] Época 12/30, Batch 400/3348, Loss: 0.0701
2025-10-10 08:49:46,025 [INFO] Época 12/30, Batch 450/3348, Loss: 0.0708
2025-10-10 08:49:46,300 [INFO] Época 12/30, Batch 500/3348, Loss: 0.0738
2025-10-10 08:49:46,564 [INFO] Época 12/30, Batch 550/3348, Loss: 0.1217
2025-10-10 08:49:46,828 [INFO] Época 12/30, Batch 600/3348, Loss: 0.0787
2025-10-10 08:49:47,090 [INFO] Época 12/30, Batch 650/3348, Loss: 0.0527
2025-10-10 08:49:47,353 [INFO] Época 12/30, Batch 700/3348, Loss: 0.1347
2025-10-10 08:49:47,620 [INFO] Época 12/30, Batch 750/3348, Loss: 0.0836
2025-10-10 08:49:47,886 [INFO] Época 12/30, Batch 800/3348, Loss: 0.0379
2025-10-10 08:49:48,152 [INFO] Época 12/30, Batch 850/3348, Loss: 0.1288
2025-10-10 08:49:48,417 [INFO] Época 12/30, Batch 900/3348, Loss: 0.1314
2025-10-10 08:49:48,682 [INFO] Época 12/30, Batch 950/3348, Loss: 0.1569
2025-10-10 08:49:48,949 [INFO] Época 12/30, Batch 1000/3348, Loss: 0.0556
2025-10-10 08:49:49,215 [INFO] Época 12/30, Batch 1050/3348, Loss: 0.0531
2025-10-10 08:49:49,480 [INFO] Época 12/30, Batch 1100/3348, Loss: 0.0918
2025-10-10 08:49:49,752 [INFO] Época 12/30, Batch 1150/3348, Loss: 0.0265
2025-10-10 08:49:50,026 [INFO] Época 12/30, Batch 1200/3348, Loss: 0.0774
2025-10-10 08:49:50,302 [INFO] Época 12/30, Batch 1250/3348, Loss: 0.1121
2025-10-10 08:49:50,579 [INFO] Época 12/30, Batch 1300/3348, Loss: 0.1808
2025-10-10 08:49:50,853 [INFO] Época 12/30, Batch 1350/3348, Loss: 0.0794
2025-10-10 08:49:51,128 [INFO] Época 12/30, Batch 1400/3348, Loss: 0.1271
2025-10-10 08:49:51,416 [INFO] Época 12/30, Batch 1450/3348, Loss: 0.0925
2025-10-10 08:49:51,688 [INFO] Época 12/30, Batch 1500/3348, Loss: 0.0781
2025-10-10 08:49:51,953 [INFO] Época 12/30, Batch 1550/3348, Loss: 0.0780
2025-10-10 08:49:52,217 [INFO] Época 12/30, Batch 1600/3348, Loss: 0.1023
2025-10-10 08:49:52,483 [INFO] Época 12/30, Batch 1650/3348, Loss: 0.0745
2025-10-10 08:49:52,752 [INFO] Época 12/30, Batch 1700/3348, Loss: 0.0644
2025-10-10 08:49:53,027 [INFO] Época 12/30, Batch 1750/3348, Loss: 0.1353
2025-10-10 08:49:53,302 [INFO] Época 12/30, Batch 1800/3348, Loss: 0.1411
2025-10-10 08:49:53,576 [INFO] Época 12/30, Batch 1850/3348, Loss: 0.0666
2025-10-10 08:49:53,847 [INFO] Época 12/30, Batch 1900/3348, Loss: 0.1056
2025-10-10 08:49:54,111 [INFO] Época 12/30, Batch 1950/3348, Loss: 0.1328
2025-10-10 08:49:54,377 [INFO] Época 12/30, Batch 2000/3348, Loss: 0.0928
2025-10-10 08:49:54,652 [INFO] Época 12/30, Batch 2050/3348, Loss: 0.0822
2025-10-10 08:49:54,921 [INFO] Época 12/30, Batch 2100/3348, Loss: 0.1263
2025-10-10 08:49:55,191 [INFO] Época 12/30, Batch 2150/3348, Loss: 0.1077
2025-10-10 08:49:55,459 [INFO] Época 12/30, Batch 2200/3348, Loss: 0.0532
2025-10-10 08:49:55,728 [INFO] Época 12/30, Batch 2250/3348, Loss: 0.0866
2025-10-10 08:49:55,996 [INFO] Época 12/30, Batch 2300/3348, Loss: 0.1437
2025-10-10 08:49:56,264 [INFO] Época 12/30, Batch 2350/3348, Loss: 0.0703
2025-10-10 08:49:56,535 [INFO] Época 12/30, Batch 2400/3348, Loss: 0.1023
2025-10-10 08:49:56,804 [INFO] Época 12/30, Batch 2450/3348, Loss: 0.0677
2025-10-10 08:49:57,073 [INFO] Época 12/30, Batch 2500/3348, Loss: 0.1544
2025-10-10 08:49:57,342 [INFO] Época 12/30, Batch 2550/3348, Loss: 0.0869
2025-10-10 08:49:57,616 [INFO] Época 12/30, Batch 2600/3348, Loss: 0.1050
2025-10-10 08:49:57,891 [INFO] Época 12/30, Batch 2650/3348, Loss: 0.0926
2025-10-10 08:49:58,166 [INFO] Época 12/30, Batch 2700/3348, Loss: 0.0780
2025-10-10 08:49:58,439 [INFO] Época 12/30, Batch 2750/3348, Loss: 0.1159
2025-10-10 08:49:58,715 [INFO] Época 12/30, Batch 2800/3348, Loss: 0.0846
2025-10-10 08:49:58,989 [INFO] Época 12/30, Batch 2850/3348, Loss: 0.0814
2025-10-10 08:49:59,261 [INFO] Época 12/30, Batch 2900/3348, Loss: 0.0635
2025-10-10 08:49:59,525 [INFO] Época 12/30, Batch 2950/3348, Loss: 0.0682
2025-10-10 08:49:59,789 [INFO] Época 12/30, Batch 3000/3348, Loss: 0.0888
2025-10-10 08:50:00,056 [INFO] Época 12/30, Batch 3050/3348, Loss: 0.0498
2025-10-10 08:50:00,320 [INFO] Época 12/30, Batch 3100/3348, Loss: 0.0945
2025-10-10 08:50:00,583 [INFO] Época 12/30, Batch 3150/3348, Loss: 0.0799
2025-10-10 08:50:00,848 [INFO] Época 12/30, Batch 3200/3348, Loss: 0.1163
2025-10-10 08:50:01,111 [INFO] Época 12/30, Batch 3250/3348, Loss: 0.0670
2025-10-10 08:50:01,377 [INFO] Época 12/30, Batch 3300/3348, Loss: 0.0831
2025-10-10 08:50:03,204 [INFO] [12/30] Train Loss: 0.0926 | Val Loss: 0.1771 | Tempo: 19.93s
2025-10-10 08:50:03,799 [INFO] Época 13/30, Batch 50/3348, Loss: 0.0696
2025-10-10 08:50:04,074 [INFO] Época 13/30, Batch 100/3348, Loss: 0.1033
2025-10-10 08:50:04,341 [INFO] Época 13/30, Batch 150/3348, Loss: 0.0638
2025-10-10 08:50:04,607 [INFO] Época 13/30, Batch 200/3348, Loss: 0.0667
2025-10-10 08:50:04,871 [INFO] Época 13/30, Batch 250/3348, Loss: 0.0544
2025-10-10 08:50:05,137 [INFO] Época 13/30, Batch 300/3348, Loss: 0.0961
2025-10-10 08:50:05,404 [INFO] Época 13/30, Batch 350/3348, Loss: 0.1158
2025-10-10 08:50:05,669 [INFO] Época 13/30, Batch 400/3348, Loss: 0.1496
2025-10-10 08:50:05,939 [INFO] Época 13/30, Batch 450/3348, Loss: 0.0576
2025-10-10 08:50:06,211 [INFO] Época 13/30, Batch 500/3348, Loss: 0.0706
2025-10-10 08:50:06,487 [INFO] Época 13/30, Batch 550/3348, Loss: 0.0480
2025-10-10 08:50:06,770 [INFO] Época 13/30, Batch 600/3348, Loss: 0.0653
2025-10-10 08:50:07,040 [INFO] Época 13/30, Batch 650/3348, Loss: 0.0573
2025-10-10 08:50:07,305 [INFO] Época 13/30, Batch 700/3348, Loss: 0.1256
2025-10-10 08:50:07,574 [INFO] Época 13/30, Batch 750/3348, Loss: 0.0939
2025-10-10 08:50:07,844 [INFO] Época 13/30, Batch 800/3348, Loss: 0.0835
2025-10-10 08:50:08,114 [INFO] Época 13/30, Batch 850/3348, Loss: 0.1182
2025-10-10 08:50:08,384 [INFO] Época 13/30, Batch 900/3348, Loss: 0.0614
2025-10-10 08:50:08,653 [INFO] Época 13/30, Batch 950/3348, Loss: 0.0527
2025-10-10 08:50:08,915 [INFO] Época 13/30, Batch 1000/3348, Loss: 0.0470
2025-10-10 08:50:09,176 [INFO] Época 13/30, Batch 1050/3348, Loss: 0.1909
2025-10-10 08:50:09,449 [INFO] Época 13/30, Batch 1100/3348, Loss: 0.0588
2025-10-10 08:50:09,714 [INFO] Época 13/30, Batch 1150/3348, Loss: 0.1101
2025-10-10 08:50:09,977 [INFO] Época 13/30, Batch 1200/3348, Loss: 0.1066
2025-10-10 08:50:10,241 [INFO] Época 13/30, Batch 1250/3348, Loss: 0.1283
2025-10-10 08:50:10,504 [INFO] Época 13/30, Batch 1300/3348, Loss: 0.0812
2025-10-10 08:50:10,770 [INFO] Época 13/30, Batch 1350/3348, Loss: 0.0667
2025-10-10 08:50:11,033 [INFO] Época 13/30, Batch 1400/3348, Loss: 0.1140
2025-10-10 08:50:11,298 [INFO] Época 13/30, Batch 1450/3348, Loss: 0.0719
2025-10-10 08:50:11,564 [INFO] Época 13/30, Batch 1500/3348, Loss: 0.0722
2025-10-10 08:50:11,840 [INFO] Época 13/30, Batch 1550/3348, Loss: 0.1928
2025-10-10 08:50:12,103 [INFO] Época 13/30, Batch 1600/3348, Loss: 0.0624
2025-10-10 08:50:12,366 [INFO] Época 13/30, Batch 1650/3348, Loss: 0.1276
2025-10-10 08:50:12,631 [INFO] Época 13/30, Batch 1700/3348, Loss: 0.1104
2025-10-10 08:50:12,904 [INFO] Época 13/30, Batch 1750/3348, Loss: 0.1144
2025-10-10 08:50:13,176 [INFO] Época 13/30, Batch 1800/3348, Loss: 0.0784
2025-10-10 08:50:13,447 [INFO] Época 13/30, Batch 1850/3348, Loss: 0.0956
2025-10-10 08:50:13,719 [INFO] Época 13/30, Batch 1900/3348, Loss: 0.1071
2025-10-10 08:50:13,989 [INFO] Época 13/30, Batch 1950/3348, Loss: 0.1179
2025-10-10 08:50:14,261 [INFO] Época 13/30, Batch 2000/3348, Loss: 0.0575
2025-10-10 08:50:14,533 [INFO] Época 13/30, Batch 2050/3348, Loss: 0.1105
2025-10-10 08:50:14,803 [INFO] Época 13/30, Batch 2100/3348, Loss: 0.0622
2025-10-10 08:50:15,074 [INFO] Época 13/30, Batch 2150/3348, Loss: 0.1620
2025-10-10 08:50:15,345 [INFO] Época 13/30, Batch 2200/3348, Loss: 0.0934
2025-10-10 08:50:15,615 [INFO] Época 13/30, Batch 2250/3348, Loss: 0.1489
2025-10-10 08:50:15,878 [INFO] Época 13/30, Batch 2300/3348, Loss: 0.1170
2025-10-10 08:50:16,140 [INFO] Época 13/30, Batch 2350/3348, Loss: 0.1934
2025-10-10 08:50:16,402 [INFO] Época 13/30, Batch 2400/3348, Loss: 0.1171
2025-10-10 08:50:16,665 [INFO] Época 13/30, Batch 2450/3348, Loss: 0.0761
2025-10-10 08:50:16,929 [INFO] Época 13/30, Batch 2500/3348, Loss: 0.1414
2025-10-10 08:50:17,188 [INFO] Época 13/30, Batch 2550/3348, Loss: 0.1182
2025-10-10 08:50:17,451 [INFO] Época 13/30, Batch 2600/3348, Loss: 0.0697
2025-10-10 08:50:17,712 [INFO] Época 13/30, Batch 2650/3348, Loss: 0.1346
2025-10-10 08:50:17,974 [INFO] Época 13/30, Batch 2700/3348, Loss: 0.0872
2025-10-10 08:50:18,236 [INFO] Época 13/30, Batch 2750/3348, Loss: 0.0860
2025-10-10 08:50:18,497 [INFO] Época 13/30, Batch 2800/3348, Loss: 0.0248
2025-10-10 08:50:18,761 [INFO] Época 13/30, Batch 2850/3348, Loss: 0.0610
2025-10-10 08:50:19,023 [INFO] Época 13/30, Batch 2900/3348, Loss: 0.0715
2025-10-10 08:50:19,285 [INFO] Época 13/30, Batch 2950/3348, Loss: 0.1191
2025-10-10 08:50:19,547 [INFO] Época 13/30, Batch 3000/3348, Loss: 0.1105
2025-10-10 08:50:19,809 [INFO] Época 13/30, Batch 3050/3348, Loss: 0.0669
2025-10-10 08:50:20,074 [INFO] Época 13/30, Batch 3100/3348, Loss: 0.0605
2025-10-10 08:50:20,337 [INFO] Época 13/30, Batch 3150/3348, Loss: 0.1079
2025-10-10 08:50:20,598 [INFO] Época 13/30, Batch 3200/3348, Loss: 0.1213
2025-10-10 08:50:20,860 [INFO] Época 13/30, Batch 3250/3348, Loss: 0.1785
2025-10-10 08:50:21,122 [INFO] Época 13/30, Batch 3300/3348, Loss: 0.1183
2025-10-10 08:50:23,039 [INFO] [13/30] Train Loss: 0.0900 | Val Loss: 0.1699 | Tempo: 19.83s
2025-10-10 08:50:23,637 [INFO] Época 14/30, Batch 50/3348, Loss: 0.0877
2025-10-10 08:50:23,915 [INFO] Época 14/30, Batch 100/3348, Loss: 0.1001
2025-10-10 08:50:24,192 [INFO] Época 14/30, Batch 150/3348, Loss: 0.1003
2025-10-10 08:50:24,465 [INFO] Época 14/30, Batch 200/3348, Loss: 0.1063
2025-10-10 08:50:24,732 [INFO] Época 14/30, Batch 250/3348, Loss: 0.1003
2025-10-10 08:50:24,997 [INFO] Época 14/30, Batch 300/3348, Loss: 0.1213
2025-10-10 08:50:25,263 [INFO] Época 14/30, Batch 350/3348, Loss: 0.0657
2025-10-10 08:50:25,525 [INFO] Época 14/30, Batch 400/3348, Loss: 0.0511
2025-10-10 08:50:25,788 [INFO] Época 14/30, Batch 450/3348, Loss: 0.0870
2025-10-10 08:50:26,052 [INFO] Época 14/30, Batch 500/3348, Loss: 0.0443
2025-10-10 08:50:26,317 [INFO] Época 14/30, Batch 550/3348, Loss: 0.1050
2025-10-10 08:50:26,580 [INFO] Época 14/30, Batch 600/3348, Loss: 0.1544
2025-10-10 08:50:26,842 [INFO] Época 14/30, Batch 650/3348, Loss: 0.0916
2025-10-10 08:50:27,103 [INFO] Época 14/30, Batch 700/3348, Loss: 0.0387
2025-10-10 08:50:27,362 [INFO] Época 14/30, Batch 750/3348, Loss: 0.0908
2025-10-10 08:50:27,623 [INFO] Época 14/30, Batch 800/3348, Loss: 0.1561
2025-10-10 08:50:27,885 [INFO] Época 14/30, Batch 850/3348, Loss: 0.1265
2025-10-10 08:50:28,145 [INFO] Época 14/30, Batch 900/3348, Loss: 0.0818
2025-10-10 08:50:28,419 [INFO] Época 14/30, Batch 950/3348, Loss: 0.0576
2025-10-10 08:50:28,678 [INFO] Época 14/30, Batch 1000/3348, Loss: 0.0530
2025-10-10 08:50:28,938 [INFO] Época 14/30, Batch 1050/3348, Loss: 0.0616
2025-10-10 08:50:29,200 [INFO] Época 14/30, Batch 1100/3348, Loss: 0.1047
2025-10-10 08:50:29,458 [INFO] Época 14/30, Batch 1150/3348, Loss: 0.0689
2025-10-10 08:50:29,720 [INFO] Época 14/30, Batch 1200/3348, Loss: 0.0630
2025-10-10 08:50:29,981 [INFO] Época 14/30, Batch 1250/3348, Loss: 0.1086
2025-10-10 08:50:30,242 [INFO] Época 14/30, Batch 1300/3348, Loss: 0.0910
2025-10-10 08:50:30,504 [INFO] Época 14/30, Batch 1350/3348, Loss: 0.0779
2025-10-10 08:50:30,765 [INFO] Época 14/30, Batch 1400/3348, Loss: 0.1142
2025-10-10 08:50:31,025 [INFO] Época 14/30, Batch 1450/3348, Loss: 0.0631
2025-10-10 08:50:31,286 [INFO] Época 14/30, Batch 1500/3348, Loss: 0.0857
2025-10-10 08:50:31,548 [INFO] Época 14/30, Batch 1550/3348, Loss: 0.0543
2025-10-10 08:50:31,810 [INFO] Época 14/30, Batch 1600/3348, Loss: 0.0911
2025-10-10 08:50:32,073 [INFO] Época 14/30, Batch 1650/3348, Loss: 0.0516
2025-10-10 08:50:32,336 [INFO] Época 14/30, Batch 1700/3348, Loss: 0.0340
2025-10-10 08:50:32,609 [INFO] Época 14/30, Batch 1750/3348, Loss: 0.1223
2025-10-10 08:50:32,897 [INFO] Época 14/30, Batch 1800/3348, Loss: 0.1183
2025-10-10 08:50:33,177 [INFO] Época 14/30, Batch 1850/3348, Loss: 0.0737
2025-10-10 08:50:33,456 [INFO] Época 14/30, Batch 1900/3348, Loss: 0.0575
2025-10-10 08:50:33,725 [INFO] Época 14/30, Batch 1950/3348, Loss: 0.1077
2025-10-10 08:50:34,003 [INFO] Época 14/30, Batch 2000/3348, Loss: 0.0698
2025-10-10 08:50:34,283 [INFO] Época 14/30, Batch 2050/3348, Loss: 0.1267
2025-10-10 08:50:34,563 [INFO] Época 14/30, Batch 2100/3348, Loss: 0.1420
2025-10-10 08:50:34,842 [INFO] Época 14/30, Batch 2150/3348, Loss: 0.1231
2025-10-10 08:50:35,122 [INFO] Época 14/30, Batch 2200/3348, Loss: 0.0830
2025-10-10 08:50:35,401 [INFO] Época 14/30, Batch 2250/3348, Loss: 0.0759
2025-10-10 08:50:35,679 [INFO] Época 14/30, Batch 2300/3348, Loss: 0.0828
2025-10-10 08:50:35,957 [INFO] Época 14/30, Batch 2350/3348, Loss: 0.1009
2025-10-10 08:50:36,237 [INFO] Época 14/30, Batch 2400/3348, Loss: 0.0610
2025-10-10 08:50:36,515 [INFO] Época 14/30, Batch 2450/3348, Loss: 0.1076
2025-10-10 08:50:36,795 [INFO] Época 14/30, Batch 2500/3348, Loss: 0.0544
2025-10-10 08:50:37,073 [INFO] Época 14/30, Batch 2550/3348, Loss: 0.2179
2025-10-10 08:50:37,329 [INFO] Época 14/30, Batch 2600/3348, Loss: 0.0794
2025-10-10 08:50:37,586 [INFO] Época 14/30, Batch 2650/3348, Loss: 0.0605
2025-10-10 08:50:37,858 [INFO] Época 14/30, Batch 2700/3348, Loss: 0.0957
2025-10-10 08:50:38,134 [INFO] Época 14/30, Batch 2750/3348, Loss: 0.1523
2025-10-10 08:50:38,413 [INFO] Época 14/30, Batch 2800/3348, Loss: 0.0955
2025-10-10 08:50:38,692 [INFO] Época 14/30, Batch 2850/3348, Loss: 0.0853
2025-10-10 08:50:38,953 [INFO] Época 14/30, Batch 2900/3348, Loss: 0.1318
2025-10-10 08:50:39,209 [INFO] Época 14/30, Batch 2950/3348, Loss: 0.0716
2025-10-10 08:50:39,462 [INFO] Época 14/30, Batch 3000/3348, Loss: 0.0595
2025-10-10 08:50:39,722 [INFO] Época 14/30, Batch 3050/3348, Loss: 0.0946
2025-10-10 08:50:40,000 [INFO] Época 14/30, Batch 3100/3348, Loss: 0.0916
2025-10-10 08:50:40,278 [INFO] Época 14/30, Batch 3150/3348, Loss: 0.0777
2025-10-10 08:50:40,547 [INFO] Época 14/30, Batch 3200/3348, Loss: 0.0541
2025-10-10 08:50:40,808 [INFO] Época 14/30, Batch 3250/3348, Loss: 0.1507
2025-10-10 08:50:41,069 [INFO] Época 14/30, Batch 3300/3348, Loss: 0.0344
2025-10-10 08:50:42,866 [INFO] [14/30] Train Loss: 0.0869 | Val Loss: 0.1870 | Tempo: 19.83s
2025-10-10 08:50:43,432 [INFO] Época 15/30, Batch 50/3348, Loss: 0.1235
2025-10-10 08:50:43,714 [INFO] Época 15/30, Batch 100/3348, Loss: 0.0665
2025-10-10 08:50:43,980 [INFO] Época 15/30, Batch 150/3348, Loss: 0.1005
2025-10-10 08:50:44,244 [INFO] Época 15/30, Batch 200/3348, Loss: 0.1700
2025-10-10 08:50:44,508 [INFO] Época 15/30, Batch 250/3348, Loss: 0.1069
2025-10-10 08:50:44,773 [INFO] Época 15/30, Batch 300/3348, Loss: 0.0349
2025-10-10 08:50:45,037 [INFO] Época 15/30, Batch 350/3348, Loss: 0.0468
2025-10-10 08:50:45,301 [INFO] Época 15/30, Batch 400/3348, Loss: 0.0314
2025-10-10 08:50:45,563 [INFO] Época 15/30, Batch 450/3348, Loss: 0.1095
2025-10-10 08:50:45,827 [INFO] Época 15/30, Batch 500/3348, Loss: 0.1115
2025-10-10 08:50:46,091 [INFO] Época 15/30, Batch 550/3348, Loss: 0.0860
2025-10-10 08:50:46,357 [INFO] Época 15/30, Batch 600/3348, Loss: 0.0670
2025-10-10 08:50:46,619 [INFO] Época 15/30, Batch 650/3348, Loss: 0.1047
2025-10-10 08:50:46,877 [INFO] Época 15/30, Batch 700/3348, Loss: 0.0418
2025-10-10 08:50:47,133 [INFO] Época 15/30, Batch 750/3348, Loss: 0.0778
2025-10-10 08:50:47,390 [INFO] Época 15/30, Batch 800/3348, Loss: 0.0843
2025-10-10 08:50:47,648 [INFO] Época 15/30, Batch 850/3348, Loss: 0.0281
2025-10-10 08:50:47,902 [INFO] Época 15/30, Batch 900/3348, Loss: 0.0718
2025-10-10 08:50:48,157 [INFO] Época 15/30, Batch 950/3348, Loss: 0.1158
2025-10-10 08:50:48,411 [INFO] Época 15/30, Batch 1000/3348, Loss: 0.1000
2025-10-10 08:50:48,668 [INFO] Época 15/30, Batch 1050/3348, Loss: 0.0693
2025-10-10 08:50:48,926 [INFO] Época 15/30, Batch 1100/3348, Loss: 0.0804
2025-10-10 08:50:49,186 [INFO] Época 15/30, Batch 1150/3348, Loss: 0.0707
2025-10-10 08:50:49,442 [INFO] Época 15/30, Batch 1200/3348, Loss: 0.0884
2025-10-10 08:50:49,704 [INFO] Época 15/30, Batch 1250/3348, Loss: 0.0798
2025-10-10 08:50:49,967 [INFO] Época 15/30, Batch 1300/3348, Loss: 0.0673
2025-10-10 08:50:50,229 [INFO] Época 15/30, Batch 1350/3348, Loss: 0.1754
2025-10-10 08:50:50,492 [INFO] Época 15/30, Batch 1400/3348, Loss: 0.0362
2025-10-10 08:50:50,755 [INFO] Época 15/30, Batch 1450/3348, Loss: 0.0633
2025-10-10 08:50:51,015 [INFO] Época 15/30, Batch 1500/3348, Loss: 0.0446
2025-10-10 08:50:51,275 [INFO] Época 15/30, Batch 1550/3348, Loss: 0.0520
2025-10-10 08:50:51,535 [INFO] Época 15/30, Batch 1600/3348, Loss: 0.1005
2025-10-10 08:50:51,799 [INFO] Época 15/30, Batch 1650/3348, Loss: 0.1207
2025-10-10 08:50:52,063 [INFO] Época 15/30, Batch 1700/3348, Loss: 0.0807
2025-10-10 08:50:52,326 [INFO] Época 15/30, Batch 1750/3348, Loss: 0.1214
2025-10-10 08:50:52,587 [INFO] Época 15/30, Batch 1800/3348, Loss: 0.0972
2025-10-10 08:50:52,852 [INFO] Época 15/30, Batch 1850/3348, Loss: 0.0757
2025-10-10 08:50:53,116 [INFO] Época 15/30, Batch 1900/3348, Loss: 0.1661
2025-10-10 08:50:53,383 [INFO] Época 15/30, Batch 1950/3348, Loss: 0.1703
2025-10-10 08:50:53,645 [INFO] Época 15/30, Batch 2000/3348, Loss: 0.0783
2025-10-10 08:50:53,908 [INFO] Época 15/30, Batch 2050/3348, Loss: 0.1011
2025-10-10 08:50:54,180 [INFO] Época 15/30, Batch 2100/3348, Loss: 0.0564
2025-10-10 08:50:54,442 [INFO] Época 15/30, Batch 2150/3348, Loss: 0.0821
2025-10-10 08:50:54,703 [INFO] Época 15/30, Batch 2200/3348, Loss: 0.1009
2025-10-10 08:50:54,963 [INFO] Época 15/30, Batch 2250/3348, Loss: 0.0650
2025-10-10 08:50:55,223 [INFO] Época 15/30, Batch 2300/3348, Loss: 0.0567
2025-10-10 08:50:55,483 [INFO] Época 15/30, Batch 2350/3348, Loss: 0.0521
2025-10-10 08:50:55,745 [INFO] Época 15/30, Batch 2400/3348, Loss: 0.1725
2025-10-10 08:50:56,005 [INFO] Época 15/30, Batch 2450/3348, Loss: 0.0460
2025-10-10 08:50:56,263 [INFO] Época 15/30, Batch 2500/3348, Loss: 0.0778
2025-10-10 08:50:56,524 [INFO] Época 15/30, Batch 2550/3348, Loss: 0.0414
2025-10-10 08:50:56,784 [INFO] Época 15/30, Batch 2600/3348, Loss: 0.1182
2025-10-10 08:50:57,046 [INFO] Época 15/30, Batch 2650/3348, Loss: 0.0556
2025-10-10 08:50:57,304 [INFO] Época 15/30, Batch 2700/3348, Loss: 0.0946
2025-10-10 08:50:57,564 [INFO] Época 15/30, Batch 2750/3348, Loss: 0.1021
2025-10-10 08:50:57,825 [INFO] Época 15/30, Batch 2800/3348, Loss: 0.0362
2025-10-10 08:50:58,086 [INFO] Época 15/30, Batch 2850/3348, Loss: 0.0792
2025-10-10 08:50:58,348 [INFO] Época 15/30, Batch 2900/3348, Loss: 0.0713
2025-10-10 08:50:58,608 [INFO] Época 15/30, Batch 2950/3348, Loss: 0.1343
2025-10-10 08:50:58,868 [INFO] Época 15/30, Batch 3000/3348, Loss: 0.1055
2025-10-10 08:50:59,128 [INFO] Época 15/30, Batch 3050/3348, Loss: 0.0846
2025-10-10 08:50:59,389 [INFO] Época 15/30, Batch 3100/3348, Loss: 0.0755
2025-10-10 08:50:59,647 [INFO] Época 15/30, Batch 3150/3348, Loss: 0.0752
2025-10-10 08:50:59,907 [INFO] Época 15/30, Batch 3200/3348, Loss: 0.0723
2025-10-10 08:51:00,166 [INFO] Época 15/30, Batch 3250/3348, Loss: 0.0815
2025-10-10 08:51:00,425 [INFO] Época 15/30, Batch 3300/3348, Loss: 0.0406
2025-10-10 08:51:02,256 [INFO] [15/30] Train Loss: 0.0839 | Val Loss: 0.1672 | Tempo: 19.39s
2025-10-10 08:51:02,843 [INFO] Época 16/30, Batch 50/3348, Loss: 0.0526
2025-10-10 08:51:03,121 [INFO] Época 16/30, Batch 100/3348, Loss: 0.0346
2025-10-10 08:51:03,399 [INFO] Época 16/30, Batch 150/3348, Loss: 0.0710
2025-10-10 08:51:03,675 [INFO] Época 16/30, Batch 200/3348, Loss: 0.1056
2025-10-10 08:51:03,949 [INFO] Época 16/30, Batch 250/3348, Loss: 0.1020
2025-10-10 08:51:04,222 [INFO] Época 16/30, Batch 300/3348, Loss: 0.0407
2025-10-10 08:51:04,495 [INFO] Época 16/30, Batch 350/3348, Loss: 0.0642
2025-10-10 08:51:04,770 [INFO] Época 16/30, Batch 400/3348, Loss: 0.0480
2025-10-10 08:51:05,044 [INFO] Época 16/30, Batch 450/3348, Loss: 0.0819
2025-10-10 08:51:05,317 [INFO] Época 16/30, Batch 500/3348, Loss: 0.0949
2025-10-10 08:51:05,590 [INFO] Época 16/30, Batch 550/3348, Loss: 0.0394
2025-10-10 08:51:05,863 [INFO] Época 16/30, Batch 600/3348, Loss: 0.0746
2025-10-10 08:51:06,136 [INFO] Época 16/30, Batch 650/3348, Loss: 0.1122
2025-10-10 08:51:06,397 [INFO] Época 16/30, Batch 700/3348, Loss: 0.0989
2025-10-10 08:51:06,664 [INFO] Época 16/30, Batch 750/3348, Loss: 0.0431
2025-10-10 08:51:06,935 [INFO] Época 16/30, Batch 800/3348, Loss: 0.1094
2025-10-10 08:51:07,206 [INFO] Época 16/30, Batch 850/3348, Loss: 0.1489
2025-10-10 08:51:07,478 [INFO] Época 16/30, Batch 900/3348, Loss: 0.0631
2025-10-10 08:51:07,749 [INFO] Época 16/30, Batch 950/3348, Loss: 0.0966
2025-10-10 08:51:08,018 [INFO] Época 16/30, Batch 1000/3348, Loss: 0.0955
2025-10-10 08:51:08,288 [INFO] Época 16/30, Batch 1050/3348, Loss: 0.0762
2025-10-10 08:51:08,558 [INFO] Época 16/30, Batch 1100/3348, Loss: 0.0607
2025-10-10 08:51:08,825 [INFO] Época 16/30, Batch 1150/3348, Loss: 0.0802
2025-10-10 08:51:09,088 [INFO] Época 16/30, Batch 1200/3348, Loss: 0.0848
2025-10-10 08:51:09,353 [INFO] Época 16/30, Batch 1250/3348, Loss: 0.0310
2025-10-10 08:51:09,627 [INFO] Época 16/30, Batch 1300/3348, Loss: 0.1381
2025-10-10 08:51:09,892 [INFO] Época 16/30, Batch 1350/3348, Loss: 0.0687
2025-10-10 08:51:10,161 [INFO] Época 16/30, Batch 1400/3348, Loss: 0.0401
2025-10-10 08:51:10,433 [INFO] Época 16/30, Batch 1450/3348, Loss: 0.0435
2025-10-10 08:51:10,707 [INFO] Época 16/30, Batch 1500/3348, Loss: 0.0627
2025-10-10 08:51:10,981 [INFO] Época 16/30, Batch 1550/3348, Loss: 0.1059
2025-10-10 08:51:11,253 [INFO] Época 16/30, Batch 1600/3348, Loss: 0.0480
2025-10-10 08:51:11,528 [INFO] Época 16/30, Batch 1650/3348, Loss: 0.0514
2025-10-10 08:51:11,803 [INFO] Época 16/30, Batch 1700/3348, Loss: 0.1337
2025-10-10 08:51:12,074 [INFO] Época 16/30, Batch 1750/3348, Loss: 0.1141
2025-10-10 08:51:12,342 [INFO] Época 16/30, Batch 1800/3348, Loss: 0.0376
2025-10-10 08:51:12,614 [INFO] Época 16/30, Batch 1850/3348, Loss: 0.0501
2025-10-10 08:51:12,885 [INFO] Época 16/30, Batch 1900/3348, Loss: 0.0572
2025-10-10 08:51:13,173 [INFO] Época 16/30, Batch 1950/3348, Loss: 0.0822
2025-10-10 08:51:13,461 [INFO] Época 16/30, Batch 2000/3348, Loss: 0.0440
2025-10-10 08:51:13,749 [INFO] Época 16/30, Batch 2050/3348, Loss: 0.1110
2025-10-10 08:51:14,036 [INFO] Época 16/30, Batch 2100/3348, Loss: 0.0706
2025-10-10 08:51:14,324 [INFO] Época 16/30, Batch 2150/3348, Loss: 0.0998
2025-10-10 08:51:14,609 [INFO] Época 16/30, Batch 2200/3348, Loss: 0.0633
2025-10-10 08:51:14,896 [INFO] Época 16/30, Batch 2250/3348, Loss: 0.0353
2025-10-10 08:51:15,176 [INFO] Época 16/30, Batch 2300/3348, Loss: 0.0586
2025-10-10 08:51:15,456 [INFO] Época 16/30, Batch 2350/3348, Loss: 0.1008
2025-10-10 08:51:15,729 [INFO] Época 16/30, Batch 2400/3348, Loss: 0.0772
2025-10-10 08:51:15,995 [INFO] Época 16/30, Batch 2450/3348, Loss: 0.1035
2025-10-10 08:51:16,260 [INFO] Época 16/30, Batch 2500/3348, Loss: 0.1383
2025-10-10 08:51:16,532 [INFO] Época 16/30, Batch 2550/3348, Loss: 0.0527
2025-10-10 08:51:16,801 [INFO] Época 16/30, Batch 2600/3348, Loss: 0.0604
2025-10-10 08:51:17,074 [INFO] Época 16/30, Batch 2650/3348, Loss: 0.0912
2025-10-10 08:51:17,346 [INFO] Época 16/30, Batch 2700/3348, Loss: 0.1730
2025-10-10 08:51:17,618 [INFO] Época 16/30, Batch 2750/3348, Loss: 0.0977
2025-10-10 08:51:17,883 [INFO] Época 16/30, Batch 2800/3348, Loss: 0.0893
2025-10-10 08:51:18,154 [INFO] Época 16/30, Batch 2850/3348, Loss: 0.0948
2025-10-10 08:51:18,428 [INFO] Época 16/30, Batch 2900/3348, Loss: 0.1245
2025-10-10 08:51:18,701 [INFO] Época 16/30, Batch 2950/3348, Loss: 0.1096
2025-10-10 08:51:18,973 [INFO] Época 16/30, Batch 3000/3348, Loss: 0.1260
2025-10-10 08:51:19,246 [INFO] Época 16/30, Batch 3050/3348, Loss: 0.0305
2025-10-10 08:51:19,514 [INFO] Época 16/30, Batch 3100/3348, Loss: 0.0552
2025-10-10 08:51:19,780 [INFO] Época 16/30, Batch 3150/3348, Loss: 0.0760
2025-10-10 08:51:20,053 [INFO] Época 16/30, Batch 3200/3348, Loss: 0.1206
2025-10-10 08:51:20,325 [INFO] Época 16/30, Batch 3250/3348, Loss: 0.0926
2025-10-10 08:51:20,600 [INFO] Época 16/30, Batch 3300/3348, Loss: 0.1883
2025-10-10 08:51:22,523 [INFO] [16/30] Train Loss: 0.0825 | Val Loss: 0.1433 | Tempo: 20.27s
2025-10-10 08:51:23,115 [INFO] Época 17/30, Batch 50/3348, Loss: 0.0534
2025-10-10 08:51:23,384 [INFO] Época 17/30, Batch 100/3348, Loss: 0.0565
2025-10-10 08:51:23,653 [INFO] Época 17/30, Batch 150/3348, Loss: 0.0697
2025-10-10 08:51:23,921 [INFO] Época 17/30, Batch 200/3348, Loss: 0.0564
2025-10-10 08:51:24,187 [INFO] Época 17/30, Batch 250/3348, Loss: 0.0515
2025-10-10 08:51:24,452 [INFO] Época 17/30, Batch 300/3348, Loss: 0.0584
2025-10-10 08:51:24,717 [INFO] Época 17/30, Batch 350/3348, Loss: 0.0993
2025-10-10 08:51:24,982 [INFO] Época 17/30, Batch 400/3348, Loss: 0.0649
2025-10-10 08:51:25,259 [INFO] Época 17/30, Batch 450/3348, Loss: 0.1096
2025-10-10 08:51:25,523 [INFO] Época 17/30, Batch 500/3348, Loss: 0.0761
2025-10-10 08:51:25,789 [INFO] Época 17/30, Batch 550/3348, Loss: 0.0952
2025-10-10 08:51:26,053 [INFO] Época 17/30, Batch 600/3348, Loss: 0.0922
2025-10-10 08:51:26,319 [INFO] Época 17/30, Batch 650/3348, Loss: 0.0966
2025-10-10 08:51:26,577 [INFO] Época 17/30, Batch 700/3348, Loss: 0.0540
2025-10-10 08:51:26,843 [INFO] Época 17/30, Batch 750/3348, Loss: 0.1006
2025-10-10 08:51:27,109 [INFO] Época 17/30, Batch 800/3348, Loss: 0.0526
2025-10-10 08:51:27,375 [INFO] Época 17/30, Batch 850/3348, Loss: 0.0473
2025-10-10 08:51:27,641 [INFO] Época 17/30, Batch 900/3348, Loss: 0.1107
2025-10-10 08:51:27,907 [INFO] Época 17/30, Batch 950/3348, Loss: 0.0527
2025-10-10 08:51:28,171 [INFO] Época 17/30, Batch 1000/3348, Loss: 0.0477
2025-10-10 08:51:28,436 [INFO] Época 17/30, Batch 1050/3348, Loss: 0.0571
2025-10-10 08:51:28,701 [INFO] Época 17/30, Batch 1100/3348, Loss: 0.0826
2025-10-10 08:51:28,967 [INFO] Época 17/30, Batch 1150/3348, Loss: 0.0965
2025-10-10 08:51:29,233 [INFO] Época 17/30, Batch 1200/3348, Loss: 0.0543
2025-10-10 08:51:29,499 [INFO] Época 17/30, Batch 1250/3348, Loss: 0.0836
2025-10-10 08:51:29,763 [INFO] Época 17/30, Batch 1300/3348, Loss: 0.1188
2025-10-10 08:51:30,028 [INFO] Época 17/30, Batch 1350/3348, Loss: 0.1151
2025-10-10 08:51:30,304 [INFO] Época 17/30, Batch 1400/3348, Loss: 0.1007
2025-10-10 08:51:30,571 [INFO] Época 17/30, Batch 1450/3348, Loss: 0.0989
2025-10-10 08:51:30,834 [INFO] Época 17/30, Batch 1500/3348, Loss: 0.0420
2025-10-10 08:51:31,098 [INFO] Época 17/30, Batch 1550/3348, Loss: 0.0844
2025-10-10 08:51:31,361 [INFO] Época 17/30, Batch 1600/3348, Loss: 0.0870
2025-10-10 08:51:31,626 [INFO] Época 17/30, Batch 1650/3348, Loss: 0.1225
2025-10-10 08:51:31,889 [INFO] Época 17/30, Batch 1700/3348, Loss: 0.0619
2025-10-10 08:51:32,150 [INFO] Época 17/30, Batch 1750/3348, Loss: 0.0974
2025-10-10 08:51:32,414 [INFO] Época 17/30, Batch 1800/3348, Loss: 0.0968
2025-10-10 08:51:32,676 [INFO] Época 17/30, Batch 1850/3348, Loss: 0.0506
2025-10-10 08:51:32,938 [INFO] Época 17/30, Batch 1900/3348, Loss: 0.1303
2025-10-10 08:51:33,201 [INFO] Época 17/30, Batch 1950/3348, Loss: 0.0784
2025-10-10 08:51:33,464 [INFO] Época 17/30, Batch 2000/3348, Loss: 0.0487
2025-10-10 08:51:33,727 [INFO] Época 17/30, Batch 2050/3348, Loss: 0.1231
2025-10-10 08:51:33,989 [INFO] Época 17/30, Batch 2100/3348, Loss: 0.1318
2025-10-10 08:51:34,252 [INFO] Época 17/30, Batch 2150/3348, Loss: 0.1683
2025-10-10 08:51:34,511 [INFO] Época 17/30, Batch 2200/3348, Loss: 0.0772
2025-10-10 08:51:34,768 [INFO] Época 17/30, Batch 2250/3348, Loss: 0.0630
2025-10-10 08:51:35,026 [INFO] Época 17/30, Batch 2300/3348, Loss: 0.0725
2025-10-10 08:51:35,287 [INFO] Época 17/30, Batch 2350/3348, Loss: 0.0617
2025-10-10 08:51:35,545 [INFO] Época 17/30, Batch 2400/3348, Loss: 0.1446
2025-10-10 08:51:35,801 [INFO] Época 17/30, Batch 2450/3348, Loss: 0.0660
2025-10-10 08:51:36,060 [INFO] Época 17/30, Batch 2500/3348, Loss: 0.0881
2025-10-10 08:51:36,317 [INFO] Época 17/30, Batch 2550/3348, Loss: 0.0607
2025-10-10 08:51:36,575 [INFO] Época 17/30, Batch 2600/3348, Loss: 0.0461
2025-10-10 08:51:36,835 [INFO] Época 17/30, Batch 2650/3348, Loss: 0.0485
2025-10-10 08:51:37,097 [INFO] Época 17/30, Batch 2700/3348, Loss: 0.0858
2025-10-10 08:51:37,359 [INFO] Época 17/30, Batch 2750/3348, Loss: 0.0471
2025-10-10 08:51:37,621 [INFO] Época 17/30, Batch 2800/3348, Loss: 0.0629
2025-10-10 08:51:37,882 [INFO] Época 17/30, Batch 2850/3348, Loss: 0.0621
2025-10-10 08:51:38,144 [INFO] Época 17/30, Batch 2900/3348, Loss: 0.0680
2025-10-10 08:51:38,407 [INFO] Época 17/30, Batch 2950/3348, Loss: 0.1209
2025-10-10 08:51:38,670 [INFO] Época 17/30, Batch 3000/3348, Loss: 0.1076
2025-10-10 08:51:38,930 [INFO] Época 17/30, Batch 3050/3348, Loss: 0.1084
2025-10-10 08:51:39,191 [INFO] Época 17/30, Batch 3100/3348, Loss: 0.0811
2025-10-10 08:51:39,453 [INFO] Época 17/30, Batch 3150/3348, Loss: 0.0282
2025-10-10 08:51:39,714 [INFO] Época 17/30, Batch 3200/3348, Loss: 0.0721
2025-10-10 08:51:39,974 [INFO] Época 17/30, Batch 3250/3348, Loss: 0.0534
2025-10-10 08:51:40,233 [INFO] Época 17/30, Batch 3300/3348, Loss: 0.0610
2025-10-10 08:51:42,015 [INFO] [17/30] Train Loss: 0.0796 | Val Loss: 0.1485 | Tempo: 19.49s
2025-10-10 08:51:42,608 [INFO] Época 18/30, Batch 50/3348, Loss: 0.0571
2025-10-10 08:51:42,881 [INFO] Época 18/30, Batch 100/3348, Loss: 0.0810
2025-10-10 08:51:43,151 [INFO] Época 18/30, Batch 150/3348, Loss: 0.0285
2025-10-10 08:51:43,424 [INFO] Época 18/30, Batch 200/3348, Loss: 0.1119
2025-10-10 08:51:43,692 [INFO] Época 18/30, Batch 250/3348, Loss: 0.0615
2025-10-10 08:51:43,959 [INFO] Época 18/30, Batch 300/3348, Loss: 0.0505
2025-10-10 08:51:44,225 [INFO] Época 18/30, Batch 350/3348, Loss: 0.0748
2025-10-10 08:51:44,484 [INFO] Época 18/30, Batch 400/3348, Loss: 0.1087
2025-10-10 08:51:44,747 [INFO] Época 18/30, Batch 450/3348, Loss: 0.0708
2025-10-10 08:51:45,004 [INFO] Época 18/30, Batch 500/3348, Loss: 0.0565
2025-10-10 08:51:45,261 [INFO] Época 18/30, Batch 550/3348, Loss: 0.1100
2025-10-10 08:51:45,521 [INFO] Época 18/30, Batch 600/3348, Loss: 0.0381
2025-10-10 08:51:45,782 [INFO] Época 18/30, Batch 650/3348, Loss: 0.0469
2025-10-10 08:51:46,036 [INFO] Época 18/30, Batch 700/3348, Loss: 0.1141
2025-10-10 08:51:46,287 [INFO] Época 18/30, Batch 750/3348, Loss: 0.1422
2025-10-10 08:51:46,538 [INFO] Época 18/30, Batch 800/3348, Loss: 0.0465
2025-10-10 08:51:46,792 [INFO] Época 18/30, Batch 850/3348, Loss: 0.0440
2025-10-10 08:51:47,043 [INFO] Época 18/30, Batch 900/3348, Loss: 0.0991
2025-10-10 08:51:47,305 [INFO] Época 18/30, Batch 950/3348, Loss: 0.0743
2025-10-10 08:51:47,556 [INFO] Época 18/30, Batch 1000/3348, Loss: 0.0644
2025-10-10 08:51:47,807 [INFO] Época 18/30, Batch 1050/3348, Loss: 0.1087
2025-10-10 08:51:48,056 [INFO] Época 18/30, Batch 1100/3348, Loss: 0.1109
2025-10-10 08:51:48,306 [INFO] Época 18/30, Batch 1150/3348, Loss: 0.0541
2025-10-10 08:51:48,558 [INFO] Época 18/30, Batch 1200/3348, Loss: 0.0664
2025-10-10 08:51:48,812 [INFO] Época 18/30, Batch 1250/3348, Loss: 0.0768
2025-10-10 08:51:49,073 [INFO] Época 18/30, Batch 1300/3348, Loss: 0.0601
2025-10-10 08:51:49,334 [INFO] Época 18/30, Batch 1350/3348, Loss: 0.0882
2025-10-10 08:51:49,594 [INFO] Época 18/30, Batch 1400/3348, Loss: 0.0945
2025-10-10 08:51:49,853 [INFO] Época 18/30, Batch 1450/3348, Loss: 0.0537
2025-10-10 08:51:50,117 [INFO] Época 18/30, Batch 1500/3348, Loss: 0.1364
2025-10-10 08:51:50,379 [INFO] Época 18/30, Batch 1550/3348, Loss: 0.1281
2025-10-10 08:51:50,638 [INFO] Época 18/30, Batch 1600/3348, Loss: 0.0663
2025-10-10 08:51:50,897 [INFO] Época 18/30, Batch 1650/3348, Loss: 0.0894
2025-10-10 08:51:51,157 [INFO] Época 18/30, Batch 1700/3348, Loss: 0.1136
2025-10-10 08:51:51,422 [INFO] Época 18/30, Batch 1750/3348, Loss: 0.0850
2025-10-10 08:51:51,686 [INFO] Época 18/30, Batch 1800/3348, Loss: 0.0757
2025-10-10 08:51:51,950 [INFO] Época 18/30, Batch 1850/3348, Loss: 0.0508
2025-10-10 08:51:52,214 [INFO] Época 18/30, Batch 1900/3348, Loss: 0.0678
2025-10-10 08:51:52,475 [INFO] Época 18/30, Batch 1950/3348, Loss: 0.0576
2025-10-10 08:51:52,739 [INFO] Época 18/30, Batch 2000/3348, Loss: 0.0673
2025-10-10 08:51:52,999 [INFO] Época 18/30, Batch 2050/3348, Loss: 0.0798
2025-10-10 08:51:53,260 [INFO] Época 18/30, Batch 2100/3348, Loss: 0.0335
2025-10-10 08:51:53,519 [INFO] Época 18/30, Batch 2150/3348, Loss: 0.0770
2025-10-10 08:51:53,783 [INFO] Época 18/30, Batch 2200/3348, Loss: 0.0698
2025-10-10 08:51:54,049 [INFO] Época 18/30, Batch 2250/3348, Loss: 0.0734
2025-10-10 08:51:54,314 [INFO] Época 18/30, Batch 2300/3348, Loss: 0.1396
2025-10-10 08:51:54,578 [INFO] Época 18/30, Batch 2350/3348, Loss: 0.0675
2025-10-10 08:51:54,840 [INFO] Época 18/30, Batch 2400/3348, Loss: 0.0959
2025-10-10 08:51:55,101 [INFO] Época 18/30, Batch 2450/3348, Loss: 0.0707
2025-10-10 08:51:55,363 [INFO] Época 18/30, Batch 2500/3348, Loss: 0.0646
2025-10-10 08:51:55,623 [INFO] Época 18/30, Batch 2550/3348, Loss: 0.0474
2025-10-10 08:51:55,884 [INFO] Época 18/30, Batch 2600/3348, Loss: 0.0673
2025-10-10 08:51:56,147 [INFO] Época 18/30, Batch 2650/3348, Loss: 0.0760
2025-10-10 08:51:56,413 [INFO] Época 18/30, Batch 2700/3348, Loss: 0.0979
2025-10-10 08:51:56,675 [INFO] Época 18/30, Batch 2750/3348, Loss: 0.0356
2025-10-10 08:51:56,936 [INFO] Época 18/30, Batch 2800/3348, Loss: 0.0674
2025-10-10 08:51:57,199 [INFO] Época 18/30, Batch 2850/3348, Loss: 0.0807
2025-10-10 08:51:57,463 [INFO] Época 18/30, Batch 2900/3348, Loss: 0.0565
2025-10-10 08:51:57,736 [INFO] Época 18/30, Batch 2950/3348, Loss: 0.0926
2025-10-10 08:51:57,998 [INFO] Época 18/30, Batch 3000/3348, Loss: 0.0845
2025-10-10 08:51:58,261 [INFO] Época 18/30, Batch 3050/3348, Loss: 0.0572
2025-10-10 08:51:58,524 [INFO] Época 18/30, Batch 3100/3348, Loss: 0.0654
2025-10-10 08:51:58,788 [INFO] Época 18/30, Batch 3150/3348, Loss: 0.0828
2025-10-10 08:51:59,052 [INFO] Época 18/30, Batch 3200/3348, Loss: 0.0847
2025-10-10 08:51:59,315 [INFO] Época 18/30, Batch 3250/3348, Loss: 0.0347
2025-10-10 08:51:59,578 [INFO] Época 18/30, Batch 3300/3348, Loss: 0.1266
2025-10-10 08:52:01,358 [INFO] [18/30] Train Loss: 0.0786 | Val Loss: 0.1560 | Tempo: 19.34s
2025-10-10 08:52:01,949 [INFO] Época 19/30, Batch 50/3348, Loss: 0.0300
2025-10-10 08:52:02,223 [INFO] Época 19/30, Batch 100/3348, Loss: 0.1282
2025-10-10 08:52:02,494 [INFO] Época 19/30, Batch 150/3348, Loss: 0.1187
2025-10-10 08:52:02,775 [INFO] Época 19/30, Batch 200/3348, Loss: 0.0988
2025-10-10 08:52:03,045 [INFO] Época 19/30, Batch 250/3348, Loss: 0.0815
2025-10-10 08:52:03,313 [INFO] Época 19/30, Batch 300/3348, Loss: 0.0319
2025-10-10 08:52:03,581 [INFO] Época 19/30, Batch 350/3348, Loss: 0.0518
2025-10-10 08:52:03,849 [INFO] Época 19/30, Batch 400/3348, Loss: 0.0790
2025-10-10 08:52:04,115 [INFO] Época 19/30, Batch 450/3348, Loss: 0.0611
2025-10-10 08:52:04,384 [INFO] Época 19/30, Batch 500/3348, Loss: 0.0675
2025-10-10 08:52:04,648 [INFO] Época 19/30, Batch 550/3348, Loss: 0.0717
2025-10-10 08:52:04,913 [INFO] Época 19/30, Batch 600/3348, Loss: 0.0392
2025-10-10 08:52:05,179 [INFO] Época 19/30, Batch 650/3348, Loss: 0.1263
2025-10-10 08:52:05,442 [INFO] Época 19/30, Batch 700/3348, Loss: 0.0787
2025-10-10 08:52:05,705 [INFO] Época 19/30, Batch 750/3348, Loss: 0.0896
2025-10-10 08:52:05,959 [INFO] Época 19/30, Batch 800/3348, Loss: 0.1087
2025-10-10 08:52:06,213 [INFO] Época 19/30, Batch 850/3348, Loss: 0.0446
2025-10-10 08:52:06,467 [INFO] Época 19/30, Batch 900/3348, Loss: 0.0606
2025-10-10 08:52:06,720 [INFO] Época 19/30, Batch 950/3348, Loss: 0.1254
2025-10-10 08:52:06,972 [INFO] Época 19/30, Batch 1000/3348, Loss: 0.0465
2025-10-10 08:52:07,223 [INFO] Época 19/30, Batch 1050/3348, Loss: 0.0477
2025-10-10 08:52:07,475 [INFO] Época 19/30, Batch 1100/3348, Loss: 0.0411
2025-10-10 08:52:07,729 [INFO] Época 19/30, Batch 1150/3348, Loss: 0.0586
2025-10-10 08:52:07,993 [INFO] Época 19/30, Batch 1200/3348, Loss: 0.0337
2025-10-10 08:52:08,259 [INFO] Época 19/30, Batch 1250/3348, Loss: 0.0349
2025-10-10 08:52:08,523 [INFO] Época 19/30, Batch 1300/3348, Loss: 0.0356
2025-10-10 08:52:08,787 [INFO] Época 19/30, Batch 1350/3348, Loss: 0.0501
2025-10-10 08:52:09,049 [INFO] Época 19/30, Batch 1400/3348, Loss: 0.0404
2025-10-10 08:52:09,310 [INFO] Época 19/30, Batch 1450/3348, Loss: 0.0764
2025-10-10 08:52:09,574 [INFO] Época 19/30, Batch 1500/3348, Loss: 0.0335
2025-10-10 08:52:09,837 [INFO] Época 19/30, Batch 1550/3348, Loss: 0.0626
2025-10-10 08:52:10,100 [INFO] Época 19/30, Batch 1600/3348, Loss: 0.1069
2025-10-10 08:52:10,363 [INFO] Época 19/30, Batch 1650/3348, Loss: 0.0912
2025-10-10 08:52:10,627 [INFO] Época 19/30, Batch 1700/3348, Loss: 0.1166
2025-10-10 08:52:10,891 [INFO] Época 19/30, Batch 1750/3348, Loss: 0.0506
2025-10-10 08:52:11,156 [INFO] Época 19/30, Batch 1800/3348, Loss: 0.0867
2025-10-10 08:52:11,421 [INFO] Época 19/30, Batch 1850/3348, Loss: 0.1036
2025-10-10 08:52:11,683 [INFO] Época 19/30, Batch 1900/3348, Loss: 0.1190
2025-10-10 08:52:11,951 [INFO] Época 19/30, Batch 1950/3348, Loss: 0.0438
2025-10-10 08:52:12,215 [INFO] Época 19/30, Batch 2000/3348, Loss: 0.0842
2025-10-10 08:52:12,481 [INFO] Época 19/30, Batch 2050/3348, Loss: 0.1028
2025-10-10 08:52:12,746 [INFO] Época 19/30, Batch 2100/3348, Loss: 0.1483
2025-10-10 08:52:13,023 [INFO] Época 19/30, Batch 2150/3348, Loss: 0.0289
2025-10-10 08:52:13,288 [INFO] Época 19/30, Batch 2200/3348, Loss: 0.0739
2025-10-10 08:52:13,554 [INFO] Época 19/30, Batch 2250/3348, Loss: 0.0977
2025-10-10 08:52:13,821 [INFO] Época 19/30, Batch 2300/3348, Loss: 0.0657
2025-10-10 08:52:14,085 [INFO] Época 19/30, Batch 2350/3348, Loss: 0.0532
2025-10-10 08:52:14,350 [INFO] Época 19/30, Batch 2400/3348, Loss: 0.0436
2025-10-10 08:52:14,615 [INFO] Época 19/30, Batch 2450/3348, Loss: 0.0677
2025-10-10 08:52:14,879 [INFO] Época 19/30, Batch 2500/3348, Loss: 0.0868
2025-10-10 08:52:15,145 [INFO] Época 19/30, Batch 2550/3348, Loss: 0.1022
2025-10-10 08:52:15,408 [INFO] Época 19/30, Batch 2600/3348, Loss: 0.0654
2025-10-10 08:52:15,673 [INFO] Época 19/30, Batch 2650/3348, Loss: 0.0396
2025-10-10 08:52:15,937 [INFO] Época 19/30, Batch 2700/3348, Loss: 0.0362
2025-10-10 08:52:16,204 [INFO] Época 19/30, Batch 2750/3348, Loss: 0.0537
2025-10-10 08:52:16,467 [INFO] Época 19/30, Batch 2800/3348, Loss: 0.0860
2025-10-10 08:52:16,733 [INFO] Época 19/30, Batch 2850/3348, Loss: 0.0892
2025-10-10 08:52:17,000 [INFO] Época 19/30, Batch 2900/3348, Loss: 0.0742
2025-10-10 08:52:17,265 [INFO] Época 19/30, Batch 2950/3348, Loss: 0.0653
2025-10-10 08:52:17,529 [INFO] Época 19/30, Batch 3000/3348, Loss: 0.0632
2025-10-10 08:52:17,796 [INFO] Época 19/30, Batch 3050/3348, Loss: 0.0797
2025-10-10 08:52:18,072 [INFO] Época 19/30, Batch 3100/3348, Loss: 0.0822
2025-10-10 08:52:18,337 [INFO] Época 19/30, Batch 3150/3348, Loss: 0.0619
2025-10-10 08:52:18,603 [INFO] Época 19/30, Batch 3200/3348, Loss: 0.0938
2025-10-10 08:52:18,868 [INFO] Época 19/30, Batch 3250/3348, Loss: 0.0609
2025-10-10 08:52:19,133 [INFO] Época 19/30, Batch 3300/3348, Loss: 0.0482
2025-10-10 08:52:21,001 [INFO] [19/30] Train Loss: 0.0771 | Val Loss: 0.1389 | Tempo: 19.64s
2025-10-10 08:52:21,002 [INFO] Early stopping ativado após 10 épocas sem melhoria
2025-10-10 08:52:21,002 [INFO] Treinamento concluído em 374.84 segundos (6.25 minutos)
2025-10-10 08:52:21,002 [INFO] Iniciando avaliação no conjunto de teste...
2025-10-10 08:52:22,483 [INFO] Avaliação do teste concluída em 1.48 segundos
2025-10-10 08:52:22,483 [INFO] MSE no teste: 1.1905
2025-10-10 08:52:22,484 [INFO] RMSE no teste: 1.0911
2025-10-10 08:52:22,484 [INFO] MAE no teste: 0.9061
2025-10-10 08:52:22,484 [INFO] Métricas salvas em /mnt/hdd/home/jdurao/ToolBox-ChemXAI/logs/mlp_att11_Topological_metrics.json
