2025-10-10 11:40:55,036 [INFO] Iniciando treinamento do modelo mlp_att13_Topological
2025-10-10 11:40:55,037 [INFO] Configuração: att_index=13, epochs=30, layers=[128, 64, 32], lr=0.001, batch_size=32, descriptor_type=Topological
2025-10-10 11:40:55,037 [INFO] Diretório para modelos: /mnt/hdd/home/jdurao/ToolBox-ChemXAI/models
2025-10-10 11:40:55,037 [INFO] Carregando dados...
2025-10-10 11:40:55,099 [INFO] Preparando dataloaders sem ruído...
2025-10-10 11:41:14,018 [INFO] Dados carregados em 18.98 segundos
2025-10-10 11:41:14,018 [INFO] Tamanhos dos conjuntos - Treino: 107108, Validação: 13388, Teste: 13389
2025-10-10 11:41:14,018 [INFO] Usando dispositivo: cuda
2025-10-10 11:41:14,392 [INFO] Dimensão de entrada: 512, Dimensão de saída: 1
2025-10-10 11:41:14,392 [INFO] Criando modelo MLP com camadas: [128, 64, 32]
2025-10-10 11:41:14,394 [INFO] Modelo criado com 76033 parâmetros
2025-10-10 11:41:14,399 [INFO] Iniciando treinamento com 30 épocas...
2025-10-10 11:41:14,877 [INFO] Época 1/30, Batch 50/3348, Loss: 0.5067
2025-10-10 11:41:15,026 [INFO] Época 1/30, Batch 100/3348, Loss: 0.3166
2025-10-10 11:41:15,244 [INFO] Época 1/30, Batch 150/3348, Loss: 0.4696
2025-10-10 11:41:15,462 [INFO] Época 1/30, Batch 200/3348, Loss: 0.3357
2025-10-10 11:41:15,688 [INFO] Época 1/30, Batch 250/3348, Loss: 0.3319
2025-10-10 11:41:15,904 [INFO] Época 1/30, Batch 300/3348, Loss: 0.5136
2025-10-10 11:41:16,151 [INFO] Época 1/30, Batch 350/3348, Loss: 0.4475
2025-10-10 11:41:16,464 [INFO] Época 1/30, Batch 400/3348, Loss: 0.3146
2025-10-10 11:41:16,701 [INFO] Época 1/30, Batch 450/3348, Loss: 0.3933
2025-10-10 11:41:16,917 [INFO] Época 1/30, Batch 500/3348, Loss: 0.5275
2025-10-10 11:41:17,176 [INFO] Época 1/30, Batch 550/3348, Loss: 0.3742
2025-10-10 11:41:17,453 [INFO] Época 1/30, Batch 600/3348, Loss: 0.2993
2025-10-10 11:41:17,713 [INFO] Época 1/30, Batch 650/3348, Loss: 0.3655
2025-10-10 11:41:17,983 [INFO] Época 1/30, Batch 700/3348, Loss: 0.4543
2025-10-10 11:41:18,274 [INFO] Época 1/30, Batch 750/3348, Loss: 0.3546
2025-10-10 11:41:18,581 [INFO] Época 1/30, Batch 800/3348, Loss: 0.2824
2025-10-10 11:41:18,839 [INFO] Época 1/30, Batch 850/3348, Loss: 0.2702
2025-10-10 11:41:19,087 [INFO] Época 1/30, Batch 900/3348, Loss: 0.4350
2025-10-10 11:41:19,335 [INFO] Época 1/30, Batch 950/3348, Loss: 0.2770
2025-10-10 11:41:19,588 [INFO] Época 1/30, Batch 1000/3348, Loss: 0.2147
2025-10-10 11:41:19,823 [INFO] Época 1/30, Batch 1050/3348, Loss: 0.4283
2025-10-10 11:41:20,020 [INFO] Época 1/30, Batch 1100/3348, Loss: 0.2613
2025-10-10 11:41:20,177 [INFO] Época 1/30, Batch 1150/3348, Loss: 0.4089
2025-10-10 11:41:20,425 [INFO] Época 1/30, Batch 1200/3348, Loss: 0.3612
2025-10-10 11:41:20,681 [INFO] Época 1/30, Batch 1250/3348, Loss: 0.2704
2025-10-10 11:41:20,940 [INFO] Época 1/30, Batch 1300/3348, Loss: 0.3257
2025-10-10 11:41:21,194 [INFO] Época 1/30, Batch 1350/3348, Loss: 0.2776
2025-10-10 11:41:21,441 [INFO] Época 1/30, Batch 1400/3348, Loss: 0.2340
2025-10-10 11:41:21,640 [INFO] Época 1/30, Batch 1450/3348, Loss: 0.2861
2025-10-10 11:41:21,832 [INFO] Época 1/30, Batch 1500/3348, Loss: 0.2925
2025-10-10 11:41:22,053 [INFO] Época 1/30, Batch 1550/3348, Loss: 0.1732
2025-10-10 11:41:22,271 [INFO] Época 1/30, Batch 1600/3348, Loss: 0.4246
2025-10-10 11:41:22,495 [INFO] Época 1/30, Batch 1650/3348, Loss: 0.3016
2025-10-10 11:41:22,717 [INFO] Época 1/30, Batch 1700/3348, Loss: 0.3327
2025-10-10 11:41:22,943 [INFO] Época 1/30, Batch 1750/3348, Loss: 0.3272
2025-10-10 11:41:23,178 [INFO] Época 1/30, Batch 1800/3348, Loss: 0.3481
2025-10-10 11:41:23,397 [INFO] Época 1/30, Batch 1850/3348, Loss: 0.2197
2025-10-10 11:41:23,609 [INFO] Época 1/30, Batch 1900/3348, Loss: 0.2422
2025-10-10 11:41:23,823 [INFO] Época 1/30, Batch 1950/3348, Loss: 0.2867
2025-10-10 11:41:24,069 [INFO] Época 1/30, Batch 2000/3348, Loss: 0.2800
2025-10-10 11:41:24,317 [INFO] Época 1/30, Batch 2050/3348, Loss: 0.1987
2025-10-10 11:41:24,553 [INFO] Época 1/30, Batch 2100/3348, Loss: 0.3046
2025-10-10 11:41:24,733 [INFO] Época 1/30, Batch 2150/3348, Loss: 0.3374
2025-10-10 11:41:25,006 [INFO] Época 1/30, Batch 2200/3348, Loss: 0.1865
2025-10-10 11:41:25,252 [INFO] Época 1/30, Batch 2250/3348, Loss: 0.2314
2025-10-10 11:41:25,486 [INFO] Época 1/30, Batch 2300/3348, Loss: 0.2764
2025-10-10 11:41:25,703 [INFO] Época 1/30, Batch 2350/3348, Loss: 0.2616
2025-10-10 11:41:25,947 [INFO] Época 1/30, Batch 2400/3348, Loss: 0.2014
2025-10-10 11:41:26,191 [INFO] Época 1/30, Batch 2450/3348, Loss: 0.2374
2025-10-10 11:41:26,427 [INFO] Época 1/30, Batch 2500/3348, Loss: 0.1843
2025-10-10 11:41:26,656 [INFO] Época 1/30, Batch 2550/3348, Loss: 0.2435
2025-10-10 11:41:26,868 [INFO] Época 1/30, Batch 2600/3348, Loss: 0.1670
2025-10-10 11:41:27,096 [INFO] Época 1/30, Batch 2650/3348, Loss: 0.2253
2025-10-10 11:41:27,338 [INFO] Época 1/30, Batch 2700/3348, Loss: 0.2457
2025-10-10 11:41:27,542 [INFO] Época 1/30, Batch 2750/3348, Loss: 0.2459
2025-10-10 11:41:27,735 [INFO] Época 1/30, Batch 2800/3348, Loss: 0.3063
2025-10-10 11:41:27,945 [INFO] Época 1/30, Batch 2850/3348, Loss: 0.3243
2025-10-10 11:41:28,160 [INFO] Época 1/30, Batch 2900/3348, Loss: 0.1967
2025-10-10 11:41:28,389 [INFO] Época 1/30, Batch 2950/3348, Loss: 0.1849
2025-10-10 11:41:28,595 [INFO] Época 1/30, Batch 3000/3348, Loss: 0.2389
2025-10-10 11:41:28,801 [INFO] Época 1/30, Batch 3050/3348, Loss: 0.2621
2025-10-10 11:41:29,010 [INFO] Época 1/30, Batch 3100/3348, Loss: 0.2153
2025-10-10 11:41:29,226 [INFO] Época 1/30, Batch 3150/3348, Loss: 0.2673
2025-10-10 11:41:29,450 [INFO] Época 1/30, Batch 3200/3348, Loss: 0.2013
2025-10-10 11:41:29,680 [INFO] Época 1/30, Batch 3250/3348, Loss: 0.3029
2025-10-10 11:41:29,902 [INFO] Época 1/30, Batch 3300/3348, Loss: 0.3655
2025-10-10 11:41:31,588 [INFO] [1/30] Train Loss: 0.3053 | Val Loss: 0.2304 | Tempo: 17.19s
2025-10-10 11:41:31,595 [INFO] Melhor modelo salvo em: /mnt/hdd/home/jdurao/ToolBox-ChemXAI/models/mlp_qm9_Topological_att13_large.pth
2025-10-10 11:41:32,097 [INFO] Época 2/30, Batch 50/3348, Loss: 0.2620
2025-10-10 11:41:32,343 [INFO] Época 2/30, Batch 100/3348, Loss: 0.2990
2025-10-10 11:41:32,584 [INFO] Época 2/30, Batch 150/3348, Loss: 0.3121
2025-10-10 11:41:32,798 [INFO] Época 2/30, Batch 200/3348, Loss: 0.1913
2025-10-10 11:41:33,128 [INFO] Época 2/30, Batch 250/3348, Loss: 0.2185
2025-10-10 11:41:33,350 [INFO] Época 2/30, Batch 300/3348, Loss: 0.1734
2025-10-10 11:41:33,559 [INFO] Época 2/30, Batch 350/3348, Loss: 0.1394
2025-10-10 11:41:33,775 [INFO] Época 2/30, Batch 400/3348, Loss: 0.3227
2025-10-10 11:41:33,995 [INFO] Época 2/30, Batch 450/3348, Loss: 0.1944
2025-10-10 11:41:34,213 [INFO] Época 2/30, Batch 500/3348, Loss: 0.3002
2025-10-10 11:41:34,422 [INFO] Época 2/30, Batch 550/3348, Loss: 0.2570
2025-10-10 11:41:34,632 [INFO] Época 2/30, Batch 600/3348, Loss: 0.1906
2025-10-10 11:41:34,839 [INFO] Época 2/30, Batch 650/3348, Loss: 0.2702
2025-10-10 11:41:35,059 [INFO] Época 2/30, Batch 700/3348, Loss: 0.4123
2025-10-10 11:41:35,267 [INFO] Época 2/30, Batch 750/3348, Loss: 0.2767
2025-10-10 11:41:35,483 [INFO] Época 2/30, Batch 800/3348, Loss: 0.3260
2025-10-10 11:41:35,693 [INFO] Época 2/30, Batch 850/3348, Loss: 0.2885
2025-10-10 11:41:35,904 [INFO] Época 2/30, Batch 900/3348, Loss: 0.2548
2025-10-10 11:41:36,109 [INFO] Época 2/30, Batch 950/3348, Loss: 0.2032
2025-10-10 11:41:36,270 [INFO] Época 2/30, Batch 1000/3348, Loss: 0.1762
2025-10-10 11:41:36,439 [INFO] Época 2/30, Batch 1050/3348, Loss: 0.1592
2025-10-10 11:41:36,657 [INFO] Época 2/30, Batch 1100/3348, Loss: 0.1369
2025-10-10 11:41:36,866 [INFO] Época 2/30, Batch 1150/3348, Loss: 0.2152
2025-10-10 11:41:37,093 [INFO] Época 2/30, Batch 1200/3348, Loss: 0.1708
2025-10-10 11:41:37,348 [INFO] Época 2/30, Batch 1250/3348, Loss: 0.2639
2025-10-10 11:41:37,581 [INFO] Época 2/30, Batch 1300/3348, Loss: 0.1839
2025-10-10 11:41:37,839 [INFO] Época 2/30, Batch 1350/3348, Loss: 0.2213
2025-10-10 11:41:38,089 [INFO] Época 2/30, Batch 1400/3348, Loss: 0.1740
2025-10-10 11:41:38,309 [INFO] Época 2/30, Batch 1450/3348, Loss: 0.3142
2025-10-10 11:41:38,517 [INFO] Época 2/30, Batch 1500/3348, Loss: 0.2138
2025-10-10 11:41:38,685 [INFO] Época 2/30, Batch 1550/3348, Loss: 0.1514
2025-10-10 11:41:38,868 [INFO] Época 2/30, Batch 1600/3348, Loss: 0.1492
2025-10-10 11:41:39,078 [INFO] Época 2/30, Batch 1650/3348, Loss: 0.3127
2025-10-10 11:41:39,293 [INFO] Época 2/30, Batch 1700/3348, Loss: 0.2444
2025-10-10 11:41:39,521 [INFO] Época 2/30, Batch 1750/3348, Loss: 0.1732
2025-10-10 11:41:39,744 [INFO] Época 2/30, Batch 1800/3348, Loss: 0.0993
2025-10-10 11:41:39,955 [INFO] Época 2/30, Batch 1850/3348, Loss: 0.2279
2025-10-10 11:41:40,174 [INFO] Época 2/30, Batch 1900/3348, Loss: 0.2920
2025-10-10 11:41:40,389 [INFO] Época 2/30, Batch 1950/3348, Loss: 0.1469
2025-10-10 11:41:40,604 [INFO] Época 2/30, Batch 2000/3348, Loss: 0.1792
2025-10-10 11:41:40,819 [INFO] Época 2/30, Batch 2050/3348, Loss: 0.2648
2025-10-10 11:41:41,031 [INFO] Época 2/30, Batch 2100/3348, Loss: 0.1938
2025-10-10 11:41:41,247 [INFO] Época 2/30, Batch 2150/3348, Loss: 0.2318
2025-10-10 11:41:41,458 [INFO] Época 2/30, Batch 2200/3348, Loss: 0.2404
2025-10-10 11:41:41,671 [INFO] Época 2/30, Batch 2250/3348, Loss: 0.1575
2025-10-10 11:41:41,886 [INFO] Época 2/30, Batch 2300/3348, Loss: 0.1543
2025-10-10 11:41:42,099 [INFO] Época 2/30, Batch 2350/3348, Loss: 0.2370
2025-10-10 11:41:42,323 [INFO] Época 2/30, Batch 2400/3348, Loss: 0.1855
2025-10-10 11:41:42,547 [INFO] Época 2/30, Batch 2450/3348, Loss: 0.1796
2025-10-10 11:41:42,764 [INFO] Época 2/30, Batch 2500/3348, Loss: 0.1918
2025-10-10 11:41:42,976 [INFO] Época 2/30, Batch 2550/3348, Loss: 0.1852
2025-10-10 11:41:43,187 [INFO] Época 2/30, Batch 2600/3348, Loss: 0.2985
2025-10-10 11:41:43,397 [INFO] Época 2/30, Batch 2650/3348, Loss: 0.1548
2025-10-10 11:41:43,611 [INFO] Época 2/30, Batch 2700/3348, Loss: 0.0750
2025-10-10 11:41:43,824 [INFO] Época 2/30, Batch 2750/3348, Loss: 0.1625
2025-10-10 11:41:44,039 [INFO] Época 2/30, Batch 2800/3348, Loss: 0.1890
2025-10-10 11:41:44,252 [INFO] Época 2/30, Batch 2850/3348, Loss: 0.1601
2025-10-10 11:41:44,462 [INFO] Época 2/30, Batch 2900/3348, Loss: 0.1262
2025-10-10 11:41:44,676 [INFO] Época 2/30, Batch 2950/3348, Loss: 0.1285
2025-10-10 11:41:44,889 [INFO] Época 2/30, Batch 3000/3348, Loss: 0.2550
2025-10-10 11:41:45,100 [INFO] Época 2/30, Batch 3050/3348, Loss: 0.2063
2025-10-10 11:41:45,282 [INFO] Época 2/30, Batch 3100/3348, Loss: 0.2117
2025-10-10 11:41:45,500 [INFO] Época 2/30, Batch 3150/3348, Loss: 0.2726
2025-10-10 11:41:45,715 [INFO] Época 2/30, Batch 3200/3348, Loss: 0.2623
2025-10-10 11:41:45,932 [INFO] Época 2/30, Batch 3250/3348, Loss: 0.2170
2025-10-10 11:41:46,122 [INFO] Época 2/30, Batch 3300/3348, Loss: 0.2499
2025-10-10 11:41:47,554 [INFO] [2/30] Train Loss: 0.2113 | Val Loss: 0.1867 | Tempo: 15.96s
2025-10-10 11:41:47,559 [INFO] Melhor modelo salvo em: /mnt/hdd/home/jdurao/ToolBox-ChemXAI/models/mlp_qm9_Topological_att13_large.pth
2025-10-10 11:41:48,066 [INFO] Época 3/30, Batch 50/3348, Loss: 0.1482
2025-10-10 11:41:48,286 [INFO] Época 3/30, Batch 100/3348, Loss: 0.2358
2025-10-10 11:41:48,533 [INFO] Época 3/30, Batch 150/3348, Loss: 0.1740
2025-10-10 11:41:48,760 [INFO] Época 3/30, Batch 200/3348, Loss: 0.2326
2025-10-10 11:41:48,991 [INFO] Época 3/30, Batch 250/3348, Loss: 0.1676
2025-10-10 11:41:49,229 [INFO] Época 3/30, Batch 300/3348, Loss: 0.2015
2025-10-10 11:41:49,478 [INFO] Época 3/30, Batch 350/3348, Loss: 0.2092
2025-10-10 11:41:49,737 [INFO] Época 3/30, Batch 400/3348, Loss: 0.1386
2025-10-10 11:41:49,997 [INFO] Época 3/30, Batch 450/3348, Loss: 0.1825
2025-10-10 11:41:50,257 [INFO] Época 3/30, Batch 500/3348, Loss: 0.1162
2025-10-10 11:41:50,518 [INFO] Época 3/30, Batch 550/3348, Loss: 0.2434
2025-10-10 11:41:50,768 [INFO] Época 3/30, Batch 600/3348, Loss: 0.1718
2025-10-10 11:41:51,023 [INFO] Época 3/30, Batch 650/3348, Loss: 0.1532
2025-10-10 11:41:51,283 [INFO] Época 3/30, Batch 700/3348, Loss: 0.1223
2025-10-10 11:41:51,533 [INFO] Época 3/30, Batch 750/3348, Loss: 0.0979
2025-10-10 11:41:51,780 [INFO] Época 3/30, Batch 800/3348, Loss: 0.1520
2025-10-10 11:41:51,967 [INFO] Época 3/30, Batch 850/3348, Loss: 0.2074
2025-10-10 11:41:52,160 [INFO] Época 3/30, Batch 900/3348, Loss: 0.1452
2025-10-10 11:41:52,316 [INFO] Época 3/30, Batch 950/3348, Loss: 0.1226
2025-10-10 11:41:52,454 [INFO] Época 3/30, Batch 1000/3348, Loss: 0.1618
2025-10-10 11:41:52,630 [INFO] Época 3/30, Batch 1050/3348, Loss: 0.1764
2025-10-10 11:41:52,806 [INFO] Época 3/30, Batch 1100/3348, Loss: 0.1442
2025-10-10 11:41:53,001 [INFO] Época 3/30, Batch 1150/3348, Loss: 0.2237
2025-10-10 11:41:53,236 [INFO] Época 3/30, Batch 1200/3348, Loss: 0.1663
2025-10-10 11:41:53,428 [INFO] Época 3/30, Batch 1250/3348, Loss: 0.1158
2025-10-10 11:41:53,669 [INFO] Época 3/30, Batch 1300/3348, Loss: 0.1464
2025-10-10 11:41:53,928 [INFO] Época 3/30, Batch 1350/3348, Loss: 0.2059
2025-10-10 11:41:54,182 [INFO] Época 3/30, Batch 1400/3348, Loss: 0.2128
2025-10-10 11:41:54,368 [INFO] Época 3/30, Batch 1450/3348, Loss: 0.2340
2025-10-10 11:41:54,560 [INFO] Época 3/30, Batch 1500/3348, Loss: 0.1854
2025-10-10 11:41:54,784 [INFO] Época 3/30, Batch 1550/3348, Loss: 0.1064
2025-10-10 11:41:54,996 [INFO] Época 3/30, Batch 1600/3348, Loss: 0.1817
2025-10-10 11:41:55,206 [INFO] Época 3/30, Batch 1650/3348, Loss: 0.1959
2025-10-10 11:41:55,415 [INFO] Época 3/30, Batch 1700/3348, Loss: 0.0997
2025-10-10 11:41:55,596 [INFO] Época 3/30, Batch 1750/3348, Loss: 0.1064
2025-10-10 11:41:55,734 [INFO] Época 3/30, Batch 1800/3348, Loss: 0.1340
2025-10-10 11:41:55,871 [INFO] Época 3/30, Batch 1850/3348, Loss: 0.1039
2025-10-10 11:41:56,078 [INFO] Época 3/30, Batch 1900/3348, Loss: 0.1143
2025-10-10 11:41:56,282 [INFO] Época 3/30, Batch 1950/3348, Loss: 0.1280
2025-10-10 11:41:56,490 [INFO] Época 3/30, Batch 2000/3348, Loss: 0.1858
2025-10-10 11:41:56,694 [INFO] Época 3/30, Batch 2050/3348, Loss: 0.1411
2025-10-10 11:41:56,900 [INFO] Época 3/30, Batch 2100/3348, Loss: 0.2346
2025-10-10 11:41:57,104 [INFO] Época 3/30, Batch 2150/3348, Loss: 0.2954
2025-10-10 11:41:57,311 [INFO] Época 3/30, Batch 2200/3348, Loss: 0.1679
2025-10-10 11:41:57,517 [INFO] Época 3/30, Batch 2250/3348, Loss: 0.1651
2025-10-10 11:41:57,726 [INFO] Época 3/30, Batch 2300/3348, Loss: 0.1749
2025-10-10 11:41:57,945 [INFO] Época 3/30, Batch 2350/3348, Loss: 0.1836
2025-10-10 11:41:58,170 [INFO] Época 3/30, Batch 2400/3348, Loss: 0.1905
2025-10-10 11:41:58,405 [INFO] Época 3/30, Batch 2450/3348, Loss: 0.2183
2025-10-10 11:41:58,613 [INFO] Época 3/30, Batch 2500/3348, Loss: 0.2271
2025-10-10 11:41:58,796 [INFO] Época 3/30, Batch 2550/3348, Loss: 0.1241
2025-10-10 11:41:59,005 [INFO] Época 3/30, Batch 2600/3348, Loss: 0.1340
2025-10-10 11:41:59,222 [INFO] Época 3/30, Batch 2650/3348, Loss: 0.1587
2025-10-10 11:41:59,454 [INFO] Época 3/30, Batch 2700/3348, Loss: 0.2058
2025-10-10 11:41:59,686 [INFO] Época 3/30, Batch 2750/3348, Loss: 0.2531
2025-10-10 11:41:59,935 [INFO] Época 3/30, Batch 2800/3348, Loss: 0.1287
2025-10-10 11:42:00,168 [INFO] Época 3/30, Batch 2850/3348, Loss: 0.1363
2025-10-10 11:42:00,399 [INFO] Época 3/30, Batch 2900/3348, Loss: 0.1636
2025-10-10 11:42:00,608 [INFO] Época 3/30, Batch 2950/3348, Loss: 0.1639
2025-10-10 11:42:00,834 [INFO] Época 3/30, Batch 3000/3348, Loss: 0.1190
2025-10-10 11:42:01,054 [INFO] Época 3/30, Batch 3050/3348, Loss: 0.0945
2025-10-10 11:42:01,290 [INFO] Época 3/30, Batch 3100/3348, Loss: 0.2615
2025-10-10 11:42:01,489 [INFO] Época 3/30, Batch 3150/3348, Loss: 0.2247
2025-10-10 11:42:01,712 [INFO] Época 3/30, Batch 3200/3348, Loss: 0.2080
2025-10-10 11:42:01,965 [INFO] Época 3/30, Batch 3250/3348, Loss: 0.1915
2025-10-10 11:42:02,192 [INFO] Época 3/30, Batch 3300/3348, Loss: 0.1218
2025-10-10 11:42:03,852 [INFO] [3/30] Train Loss: 0.1734 | Val Loss: 0.1921 | Tempo: 16.29s
2025-10-10 11:42:04,395 [INFO] Época 4/30, Batch 50/3348, Loss: 0.1367
2025-10-10 11:42:04,630 [INFO] Época 4/30, Batch 100/3348, Loss: 0.2184
2025-10-10 11:42:04,815 [INFO] Época 4/30, Batch 150/3348, Loss: 0.1247
2025-10-10 11:42:04,982 [INFO] Época 4/30, Batch 200/3348, Loss: 0.1949
2025-10-10 11:42:05,192 [INFO] Época 4/30, Batch 250/3348, Loss: 0.1155
2025-10-10 11:42:05,402 [INFO] Época 4/30, Batch 300/3348, Loss: 0.1332
2025-10-10 11:42:05,569 [INFO] Época 4/30, Batch 350/3348, Loss: 0.1114
2025-10-10 11:42:05,772 [INFO] Época 4/30, Batch 400/3348, Loss: 0.1460
2025-10-10 11:42:05,987 [INFO] Época 4/30, Batch 450/3348, Loss: 0.2235
2025-10-10 11:42:06,201 [INFO] Época 4/30, Batch 500/3348, Loss: 0.1498
2025-10-10 11:42:06,412 [INFO] Época 4/30, Batch 550/3348, Loss: 0.1247
2025-10-10 11:42:06,627 [INFO] Época 4/30, Batch 600/3348, Loss: 0.1049
2025-10-10 11:42:06,849 [INFO] Época 4/30, Batch 650/3348, Loss: 0.2190
2025-10-10 11:42:07,082 [INFO] Época 4/30, Batch 700/3348, Loss: 0.1403
2025-10-10 11:42:07,303 [INFO] Época 4/30, Batch 750/3348, Loss: 0.1157
2025-10-10 11:42:07,523 [INFO] Época 4/30, Batch 800/3348, Loss: 0.1435
2025-10-10 11:42:07,716 [INFO] Época 4/30, Batch 850/3348, Loss: 0.0942
2025-10-10 11:42:07,894 [INFO] Época 4/30, Batch 900/3348, Loss: 0.1425
2025-10-10 11:42:08,041 [INFO] Época 4/30, Batch 950/3348, Loss: 0.1942
2025-10-10 11:42:08,208 [INFO] Época 4/30, Batch 1000/3348, Loss: 0.1980
2025-10-10 11:42:08,368 [INFO] Época 4/30, Batch 1050/3348, Loss: 0.1368
2025-10-10 11:42:08,505 [INFO] Época 4/30, Batch 1100/3348, Loss: 0.2218
2025-10-10 11:42:08,637 [INFO] Época 4/30, Batch 1150/3348, Loss: 0.2686
2025-10-10 11:42:08,819 [INFO] Época 4/30, Batch 1200/3348, Loss: 0.1578
2025-10-10 11:42:09,055 [INFO] Época 4/30, Batch 1250/3348, Loss: 0.1334
2025-10-10 11:42:09,292 [INFO] Época 4/30, Batch 1300/3348, Loss: 0.1641
2025-10-10 11:42:09,528 [INFO] Época 4/30, Batch 1350/3348, Loss: 0.1735
2025-10-10 11:42:09,766 [INFO] Época 4/30, Batch 1400/3348, Loss: 0.1815
2025-10-10 11:42:10,002 [INFO] Época 4/30, Batch 1450/3348, Loss: 0.1842
2025-10-10 11:42:10,239 [INFO] Época 4/30, Batch 1500/3348, Loss: 0.2552
2025-10-10 11:42:10,463 [INFO] Época 4/30, Batch 1550/3348, Loss: 0.1390
2025-10-10 11:42:10,705 [INFO] Época 4/30, Batch 1600/3348, Loss: 0.0935
2025-10-10 11:42:10,965 [INFO] Época 4/30, Batch 1650/3348, Loss: 0.0861
2025-10-10 11:42:11,221 [INFO] Época 4/30, Batch 1700/3348, Loss: 0.1543
2025-10-10 11:42:11,463 [INFO] Época 4/30, Batch 1750/3348, Loss: 0.1565
2025-10-10 11:42:11,705 [INFO] Época 4/30, Batch 1800/3348, Loss: 0.1371
2025-10-10 11:42:11,956 [INFO] Época 4/30, Batch 1850/3348, Loss: 0.1568
2025-10-10 11:42:12,201 [INFO] Época 4/30, Batch 1900/3348, Loss: 0.0950
2025-10-10 11:42:12,452 [INFO] Época 4/30, Batch 1950/3348, Loss: 0.2202
2025-10-10 11:42:12,703 [INFO] Época 4/30, Batch 2000/3348, Loss: 0.2579
2025-10-10 11:42:12,968 [INFO] Época 4/30, Batch 2050/3348, Loss: 0.1258
2025-10-10 11:42:13,233 [INFO] Época 4/30, Batch 2100/3348, Loss: 0.1687
2025-10-10 11:42:13,512 [INFO] Época 4/30, Batch 2150/3348, Loss: 0.1103
2025-10-10 11:42:13,773 [INFO] Época 4/30, Batch 2200/3348, Loss: 0.1541
2025-10-10 11:42:14,025 [INFO] Época 4/30, Batch 2250/3348, Loss: 0.1602
2025-10-10 11:42:14,268 [INFO] Época 4/30, Batch 2300/3348, Loss: 0.0761
2025-10-10 11:42:14,528 [INFO] Época 4/30, Batch 2350/3348, Loss: 0.1544
2025-10-10 11:42:14,783 [INFO] Época 4/30, Batch 2400/3348, Loss: 0.0801
2025-10-10 11:42:15,010 [INFO] Época 4/30, Batch 2450/3348, Loss: 0.1029
2025-10-10 11:42:15,239 [INFO] Época 4/30, Batch 2500/3348, Loss: 0.1327
2025-10-10 11:42:15,474 [INFO] Época 4/30, Batch 2550/3348, Loss: 0.1381
2025-10-10 11:42:15,715 [INFO] Época 4/30, Batch 2600/3348, Loss: 0.2313
2025-10-10 11:42:15,884 [INFO] Época 4/30, Batch 2650/3348, Loss: 0.1046
2025-10-10 11:42:16,030 [INFO] Época 4/30, Batch 2700/3348, Loss: 0.1343
2025-10-10 11:42:16,184 [INFO] Época 4/30, Batch 2750/3348, Loss: 0.1423
2025-10-10 11:42:16,401 [INFO] Época 4/30, Batch 2800/3348, Loss: 0.1403
2025-10-10 11:42:16,617 [INFO] Época 4/30, Batch 2850/3348, Loss: 0.1083
2025-10-10 11:42:16,859 [INFO] Época 4/30, Batch 2900/3348, Loss: 0.1749
2025-10-10 11:42:17,078 [INFO] Época 4/30, Batch 2950/3348, Loss: 0.2222
2025-10-10 11:42:17,261 [INFO] Época 4/30, Batch 3000/3348, Loss: 0.1371
2025-10-10 11:42:17,478 [INFO] Época 4/30, Batch 3050/3348, Loss: 0.2019
2025-10-10 11:42:17,684 [INFO] Época 4/30, Batch 3100/3348, Loss: 0.1080
2025-10-10 11:42:17,898 [INFO] Época 4/30, Batch 3150/3348, Loss: 0.1652
2025-10-10 11:42:18,082 [INFO] Época 4/30, Batch 3200/3348, Loss: 0.1370
2025-10-10 11:42:18,270 [INFO] Época 4/30, Batch 3250/3348, Loss: 0.1871
2025-10-10 11:42:18,487 [INFO] Época 4/30, Batch 3300/3348, Loss: 0.0999
2025-10-10 11:42:19,954 [INFO] [4/30] Train Loss: 0.1504 | Val Loss: 0.2055 | Tempo: 16.10s
2025-10-10 11:42:20,450 [INFO] Época 5/30, Batch 50/3348, Loss: 0.1135
2025-10-10 11:42:20,664 [INFO] Época 5/30, Batch 100/3348, Loss: 0.1652
2025-10-10 11:42:20,875 [INFO] Época 5/30, Batch 150/3348, Loss: 0.1451
2025-10-10 11:42:21,088 [INFO] Época 5/30, Batch 200/3348, Loss: 0.1589
2025-10-10 11:42:21,300 [INFO] Época 5/30, Batch 250/3348, Loss: 0.1144
2025-10-10 11:42:21,512 [INFO] Época 5/30, Batch 300/3348, Loss: 0.1596
2025-10-10 11:42:21,695 [INFO] Época 5/30, Batch 350/3348, Loss: 0.1201
2025-10-10 11:42:21,929 [INFO] Época 5/30, Batch 400/3348, Loss: 0.1481
2025-10-10 11:42:22,141 [INFO] Época 5/30, Batch 450/3348, Loss: 0.1020
2025-10-10 11:42:22,366 [INFO] Época 5/30, Batch 500/3348, Loss: 0.1816
2025-10-10 11:42:22,585 [INFO] Época 5/30, Batch 550/3348, Loss: 0.1168
2025-10-10 11:42:22,798 [INFO] Época 5/30, Batch 600/3348, Loss: 0.1545
2025-10-10 11:42:23,014 [INFO] Época 5/30, Batch 650/3348, Loss: 0.1023
2025-10-10 11:42:23,235 [INFO] Época 5/30, Batch 700/3348, Loss: 0.1631
2025-10-10 11:42:23,453 [INFO] Época 5/30, Batch 750/3348, Loss: 0.1338
2025-10-10 11:42:23,668 [INFO] Época 5/30, Batch 800/3348, Loss: 0.1612
2025-10-10 11:42:23,885 [INFO] Época 5/30, Batch 850/3348, Loss: 0.0821
2025-10-10 11:42:24,096 [INFO] Época 5/30, Batch 900/3348, Loss: 0.0751
2025-10-10 11:42:24,308 [INFO] Época 5/30, Batch 950/3348, Loss: 0.1007
2025-10-10 11:42:24,520 [INFO] Época 5/30, Batch 1000/3348, Loss: 0.1223
2025-10-10 11:42:24,739 [INFO] Época 5/30, Batch 1050/3348, Loss: 0.1665
2025-10-10 11:42:24,961 [INFO] Época 5/30, Batch 1100/3348, Loss: 0.1164
2025-10-10 11:42:25,179 [INFO] Época 5/30, Batch 1150/3348, Loss: 0.1260
2025-10-10 11:42:25,397 [INFO] Época 5/30, Batch 1200/3348, Loss: 0.1902
2025-10-10 11:42:25,614 [INFO] Época 5/30, Batch 1250/3348, Loss: 0.1959
2025-10-10 11:42:25,825 [INFO] Época 5/30, Batch 1300/3348, Loss: 0.1404
2025-10-10 11:42:26,041 [INFO] Época 5/30, Batch 1350/3348, Loss: 0.1327
2025-10-10 11:42:26,265 [INFO] Época 5/30, Batch 1400/3348, Loss: 0.1250
2025-10-10 11:42:26,521 [INFO] Época 5/30, Batch 1450/3348, Loss: 0.1451
2025-10-10 11:42:26,783 [INFO] Época 5/30, Batch 1500/3348, Loss: 0.1040
2025-10-10 11:42:26,983 [INFO] Época 5/30, Batch 1550/3348, Loss: 0.1203
2025-10-10 11:42:27,160 [INFO] Época 5/30, Batch 1600/3348, Loss: 0.2476
2025-10-10 11:42:27,336 [INFO] Época 5/30, Batch 1650/3348, Loss: 0.1187
2025-10-10 11:42:27,512 [INFO] Época 5/30, Batch 1700/3348, Loss: 0.1278
2025-10-10 11:42:27,688 [INFO] Época 5/30, Batch 1750/3348, Loss: 0.2845
2025-10-10 11:42:27,859 [INFO] Época 5/30, Batch 1800/3348, Loss: 0.0963
2025-10-10 11:42:28,007 [INFO] Época 5/30, Batch 1850/3348, Loss: 0.1821
2025-10-10 11:42:28,150 [INFO] Época 5/30, Batch 1900/3348, Loss: 0.1723
2025-10-10 11:42:28,320 [INFO] Época 5/30, Batch 1950/3348, Loss: 0.0745
2025-10-10 11:42:28,503 [INFO] Época 5/30, Batch 2000/3348, Loss: 0.2493
2025-10-10 11:42:28,681 [INFO] Época 5/30, Batch 2050/3348, Loss: 0.1548
2025-10-10 11:42:28,864 [INFO] Época 5/30, Batch 2100/3348, Loss: 0.1777
2025-10-10 11:42:29,043 [INFO] Época 5/30, Batch 2150/3348, Loss: 0.2243
2025-10-10 11:42:29,226 [INFO] Época 5/30, Batch 2200/3348, Loss: 0.1262
2025-10-10 11:42:29,407 [INFO] Época 5/30, Batch 2250/3348, Loss: 0.1039
2025-10-10 11:42:29,588 [INFO] Época 5/30, Batch 2300/3348, Loss: 0.0575
2025-10-10 11:42:29,771 [INFO] Época 5/30, Batch 2350/3348, Loss: 0.1676
2025-10-10 11:42:29,950 [INFO] Época 5/30, Batch 2400/3348, Loss: 0.1956
2025-10-10 11:42:30,133 [INFO] Época 5/30, Batch 2450/3348, Loss: 0.2479
2025-10-10 11:42:30,309 [INFO] Época 5/30, Batch 2500/3348, Loss: 0.1385
2025-10-10 11:42:30,489 [INFO] Época 5/30, Batch 2550/3348, Loss: 0.1135
2025-10-10 11:42:30,668 [INFO] Época 5/30, Batch 2600/3348, Loss: 0.0977
2025-10-10 11:42:30,844 [INFO] Época 5/30, Batch 2650/3348, Loss: 0.1616
2025-10-10 11:42:31,020 [INFO] Época 5/30, Batch 2700/3348, Loss: 0.2311
2025-10-10 11:42:31,196 [INFO] Época 5/30, Batch 2750/3348, Loss: 0.0904
2025-10-10 11:42:31,372 [INFO] Época 5/30, Batch 2800/3348, Loss: 0.3305
2025-10-10 11:42:31,547 [INFO] Época 5/30, Batch 2850/3348, Loss: 0.1565
2025-10-10 11:42:31,699 [INFO] Época 5/30, Batch 2900/3348, Loss: 0.1086
2025-10-10 11:42:31,840 [INFO] Época 5/30, Batch 2950/3348, Loss: 0.1539
2025-10-10 11:42:31,997 [INFO] Época 5/30, Batch 3000/3348, Loss: 0.2254
2025-10-10 11:42:32,174 [INFO] Época 5/30, Batch 3050/3348, Loss: 0.1643
2025-10-10 11:42:32,350 [INFO] Época 5/30, Batch 3100/3348, Loss: 0.1079
2025-10-10 11:42:32,526 [INFO] Época 5/30, Batch 3150/3348, Loss: 0.0970
2025-10-10 11:42:32,703 [INFO] Época 5/30, Batch 3200/3348, Loss: 0.1224
2025-10-10 11:42:32,879 [INFO] Época 5/30, Batch 3250/3348, Loss: 0.1977
2025-10-10 11:42:33,055 [INFO] Época 5/30, Batch 3300/3348, Loss: 0.1986
2025-10-10 11:42:34,636 [INFO] [5/30] Train Loss: 0.1355 | Val Loss: 0.1351 | Tempo: 14.68s
2025-10-10 11:42:34,640 [INFO] Melhor modelo salvo em: /mnt/hdd/home/jdurao/ToolBox-ChemXAI/models/mlp_qm9_Topological_att13_large.pth
2025-10-10 11:42:35,098 [INFO] Época 6/30, Batch 50/3348, Loss: 0.1507
2025-10-10 11:42:35,311 [INFO] Época 6/30, Batch 100/3348, Loss: 0.1181
2025-10-10 11:42:35,527 [INFO] Época 6/30, Batch 150/3348, Loss: 0.1086
2025-10-10 11:42:35,743 [INFO] Época 6/30, Batch 200/3348, Loss: 0.1273
2025-10-10 11:42:35,960 [INFO] Época 6/30, Batch 250/3348, Loss: 0.0926
2025-10-10 11:42:36,179 [INFO] Época 6/30, Batch 300/3348, Loss: 0.1856
2025-10-10 11:42:36,398 [INFO] Época 6/30, Batch 350/3348, Loss: 0.1154
2025-10-10 11:42:36,612 [INFO] Época 6/30, Batch 400/3348, Loss: 0.1079
2025-10-10 11:42:36,830 [INFO] Época 6/30, Batch 450/3348, Loss: 0.1397
2025-10-10 11:42:37,047 [INFO] Época 6/30, Batch 500/3348, Loss: 0.1327
2025-10-10 11:42:37,263 [INFO] Época 6/30, Batch 550/3348, Loss: 0.1635
2025-10-10 11:42:37,479 [INFO] Época 6/30, Batch 600/3348, Loss: 0.1516
2025-10-10 11:42:37,695 [INFO] Época 6/30, Batch 650/3348, Loss: 0.1356
2025-10-10 11:42:37,912 [INFO] Época 6/30, Batch 700/3348, Loss: 0.1429
2025-10-10 11:42:38,134 [INFO] Época 6/30, Batch 750/3348, Loss: 0.1130
2025-10-10 11:42:38,354 [INFO] Época 6/30, Batch 800/3348, Loss: 0.1312
2025-10-10 11:42:38,571 [INFO] Época 6/30, Batch 850/3348, Loss: 0.1734
2025-10-10 11:42:38,786 [INFO] Época 6/30, Batch 900/3348, Loss: 0.0954
2025-10-10 11:42:39,001 [INFO] Época 6/30, Batch 950/3348, Loss: 0.1210
2025-10-10 11:42:39,218 [INFO] Época 6/30, Batch 1000/3348, Loss: 0.1104
2025-10-10 11:42:39,438 [INFO] Época 6/30, Batch 1050/3348, Loss: 0.0982
2025-10-10 11:42:39,654 [INFO] Época 6/30, Batch 1100/3348, Loss: 0.1676
2025-10-10 11:42:39,870 [INFO] Época 6/30, Batch 1150/3348, Loss: 0.0500
2025-10-10 11:42:40,086 [INFO] Época 6/30, Batch 1200/3348, Loss: 0.1216
2025-10-10 11:42:40,301 [INFO] Época 6/30, Batch 1250/3348, Loss: 0.1558
2025-10-10 11:42:40,517 [INFO] Época 6/30, Batch 1300/3348, Loss: 0.1008
2025-10-10 11:42:40,733 [INFO] Época 6/30, Batch 1350/3348, Loss: 0.0934
2025-10-10 11:42:40,927 [INFO] Época 6/30, Batch 1400/3348, Loss: 0.2437
2025-10-10 11:42:41,072 [INFO] Época 6/30, Batch 1450/3348, Loss: 0.1863
2025-10-10 11:42:41,217 [INFO] Época 6/30, Batch 1500/3348, Loss: 0.0696
2025-10-10 11:42:41,406 [INFO] Época 6/30, Batch 1550/3348, Loss: 0.1877
2025-10-10 11:42:41,618 [INFO] Época 6/30, Batch 1600/3348, Loss: 0.1028
2025-10-10 11:42:41,828 [INFO] Época 6/30, Batch 1650/3348, Loss: 0.1715
2025-10-10 11:42:42,039 [INFO] Época 6/30, Batch 1700/3348, Loss: 0.1930
2025-10-10 11:42:42,250 [INFO] Época 6/30, Batch 1750/3348, Loss: 0.1710
2025-10-10 11:42:42,462 [INFO] Época 6/30, Batch 1800/3348, Loss: 0.0797
2025-10-10 11:42:42,674 [INFO] Época 6/30, Batch 1850/3348, Loss: 0.1243
2025-10-10 11:42:42,886 [INFO] Época 6/30, Batch 1900/3348, Loss: 0.1645
2025-10-10 11:42:43,096 [INFO] Época 6/30, Batch 1950/3348, Loss: 0.1732
2025-10-10 11:42:43,307 [INFO] Época 6/30, Batch 2000/3348, Loss: 0.1781
2025-10-10 11:42:43,517 [INFO] Época 6/30, Batch 2050/3348, Loss: 0.1009
2025-10-10 11:42:43,728 [INFO] Época 6/30, Batch 2100/3348, Loss: 0.1076
2025-10-10 11:42:43,925 [INFO] Época 6/30, Batch 2150/3348, Loss: 0.1337
2025-10-10 11:42:44,070 [INFO] Época 6/30, Batch 2200/3348, Loss: 0.1406
2025-10-10 11:42:44,215 [INFO] Época 6/30, Batch 2250/3348, Loss: 0.1146
2025-10-10 11:42:44,401 [INFO] Época 6/30, Batch 2300/3348, Loss: 0.0854
2025-10-10 11:42:44,611 [INFO] Época 6/30, Batch 2350/3348, Loss: 0.1538
2025-10-10 11:42:44,824 [INFO] Época 6/30, Batch 2400/3348, Loss: 0.1557
2025-10-10 11:42:45,044 [INFO] Época 6/30, Batch 2450/3348, Loss: 0.1178
2025-10-10 11:42:45,278 [INFO] Época 6/30, Batch 2500/3348, Loss: 0.1083
2025-10-10 11:42:45,494 [INFO] Época 6/30, Batch 2550/3348, Loss: 0.1729
2025-10-10 11:42:45,711 [INFO] Época 6/30, Batch 2600/3348, Loss: 0.1302
2025-10-10 11:42:45,928 [INFO] Época 6/30, Batch 2650/3348, Loss: 0.1219
2025-10-10 11:42:46,141 [INFO] Época 6/30, Batch 2700/3348, Loss: 0.0821
2025-10-10 11:42:46,352 [INFO] Época 6/30, Batch 2750/3348, Loss: 0.1463
2025-10-10 11:42:46,565 [INFO] Época 6/30, Batch 2800/3348, Loss: 0.0734
2025-10-10 11:42:46,778 [INFO] Época 6/30, Batch 2850/3348, Loss: 0.1369
2025-10-10 11:42:46,966 [INFO] Época 6/30, Batch 2900/3348, Loss: 0.0895
2025-10-10 11:42:47,143 [INFO] Época 6/30, Batch 2950/3348, Loss: 0.1412
2025-10-10 11:42:47,288 [INFO] Época 6/30, Batch 3000/3348, Loss: 0.0791
2025-10-10 11:42:47,498 [INFO] Época 6/30, Batch 3050/3348, Loss: 0.0834
2025-10-10 11:42:47,708 [INFO] Época 6/30, Batch 3100/3348, Loss: 0.0720
2025-10-10 11:42:47,921 [INFO] Época 6/30, Batch 3150/3348, Loss: 0.1524
2025-10-10 11:42:48,134 [INFO] Época 6/30, Batch 3200/3348, Loss: 0.1531
2025-10-10 11:42:48,349 [INFO] Época 6/30, Batch 3250/3348, Loss: 0.2043
2025-10-10 11:42:48,564 [INFO] Época 6/30, Batch 3300/3348, Loss: 0.0811
2025-10-10 11:42:50,092 [INFO] [6/30] Train Loss: 0.1256 | Val Loss: 0.1468 | Tempo: 15.45s
2025-10-10 11:42:50,625 [INFO] Época 7/30, Batch 50/3348, Loss: 0.0992
2025-10-10 11:42:50,837 [INFO] Época 7/30, Batch 100/3348, Loss: 0.1689
2025-10-10 11:42:51,053 [INFO] Época 7/30, Batch 150/3348, Loss: 0.1312
2025-10-10 11:42:51,277 [INFO] Época 7/30, Batch 200/3348, Loss: 0.1033
2025-10-10 11:42:51,499 [INFO] Época 7/30, Batch 250/3348, Loss: 0.1153
2025-10-10 11:42:51,718 [INFO] Época 7/30, Batch 300/3348, Loss: 0.2250
2025-10-10 11:42:51,940 [INFO] Época 7/30, Batch 350/3348, Loss: 0.1223
2025-10-10 11:42:52,155 [INFO] Época 7/30, Batch 400/3348, Loss: 0.0660
2025-10-10 11:42:52,370 [INFO] Época 7/30, Batch 450/3348, Loss: 0.0594
2025-10-10 11:42:52,584 [INFO] Época 7/30, Batch 500/3348, Loss: 0.1757
2025-10-10 11:42:52,798 [INFO] Época 7/30, Batch 550/3348, Loss: 0.1197
2025-10-10 11:42:53,025 [INFO] Época 7/30, Batch 600/3348, Loss: 0.0683
2025-10-10 11:42:53,253 [INFO] Época 7/30, Batch 650/3348, Loss: 0.1762
2025-10-10 11:42:53,470 [INFO] Época 7/30, Batch 700/3348, Loss: 0.1547
2025-10-10 11:42:53,691 [INFO] Época 7/30, Batch 750/3348, Loss: 0.1521
2025-10-10 11:42:53,928 [INFO] Época 7/30, Batch 800/3348, Loss: 0.0808
2025-10-10 11:42:54,158 [INFO] Época 7/30, Batch 850/3348, Loss: 0.1674
2025-10-10 11:42:54,397 [INFO] Época 7/30, Batch 900/3348, Loss: 0.1032
2025-10-10 11:42:54,625 [INFO] Época 7/30, Batch 950/3348, Loss: 0.0772
2025-10-10 11:42:54,848 [INFO] Época 7/30, Batch 1000/3348, Loss: 0.1386
2025-10-10 11:42:55,076 [INFO] Época 7/30, Batch 1050/3348, Loss: 0.0971
2025-10-10 11:42:55,290 [INFO] Época 7/30, Batch 1100/3348, Loss: 0.1460
2025-10-10 11:42:55,506 [INFO] Época 7/30, Batch 1150/3348, Loss: 0.1167
2025-10-10 11:42:55,729 [INFO] Época 7/30, Batch 1200/3348, Loss: 0.1544
2025-10-10 11:42:55,945 [INFO] Época 7/30, Batch 1250/3348, Loss: 0.1735
2025-10-10 11:42:56,169 [INFO] Época 7/30, Batch 1300/3348, Loss: 0.1234
2025-10-10 11:42:56,394 [INFO] Época 7/30, Batch 1350/3348, Loss: 0.0803
2025-10-10 11:42:56,628 [INFO] Época 7/30, Batch 1400/3348, Loss: 0.0854
2025-10-10 11:42:56,880 [INFO] Época 7/30, Batch 1450/3348, Loss: 0.1115
2025-10-10 11:42:57,119 [INFO] Época 7/30, Batch 1500/3348, Loss: 0.1605
2025-10-10 11:42:57,342 [INFO] Época 7/30, Batch 1550/3348, Loss: 0.1454
2025-10-10 11:42:57,558 [INFO] Época 7/30, Batch 1600/3348, Loss: 0.0958
2025-10-10 11:42:57,766 [INFO] Época 7/30, Batch 1650/3348, Loss: 0.1365
2025-10-10 11:42:57,976 [INFO] Época 7/30, Batch 1700/3348, Loss: 0.1077
2025-10-10 11:42:58,183 [INFO] Época 7/30, Batch 1750/3348, Loss: 0.0564
2025-10-10 11:42:58,391 [INFO] Época 7/30, Batch 1800/3348, Loss: 0.1346
2025-10-10 11:42:58,597 [INFO] Época 7/30, Batch 1850/3348, Loss: 0.1617
2025-10-10 11:42:58,806 [INFO] Época 7/30, Batch 1900/3348, Loss: 0.0992
2025-10-10 11:42:58,986 [INFO] Época 7/30, Batch 1950/3348, Loss: 0.0734
2025-10-10 11:42:59,122 [INFO] Época 7/30, Batch 2000/3348, Loss: 0.1383
2025-10-10 11:42:59,259 [INFO] Época 7/30, Batch 2050/3348, Loss: 0.1347
2025-10-10 11:42:59,460 [INFO] Época 7/30, Batch 2100/3348, Loss: 0.0780
2025-10-10 11:42:59,669 [INFO] Época 7/30, Batch 2150/3348, Loss: 0.1339
2025-10-10 11:42:59,864 [INFO] Época 7/30, Batch 2200/3348, Loss: 0.0509
2025-10-10 11:43:00,040 [INFO] Época 7/30, Batch 2250/3348, Loss: 0.0956
2025-10-10 11:43:00,217 [INFO] Época 7/30, Batch 2300/3348, Loss: 0.1648
2025-10-10 11:43:00,393 [INFO] Época 7/30, Batch 2350/3348, Loss: 0.0558
2025-10-10 11:43:00,586 [INFO] Época 7/30, Batch 2400/3348, Loss: 0.1362
2025-10-10 11:43:00,769 [INFO] Época 7/30, Batch 2450/3348, Loss: 0.1248
2025-10-10 11:43:00,948 [INFO] Época 7/30, Batch 2500/3348, Loss: 0.1413
2025-10-10 11:43:01,125 [INFO] Época 7/30, Batch 2550/3348, Loss: 0.1307
2025-10-10 11:43:01,318 [INFO] Época 7/30, Batch 2600/3348, Loss: 0.1177
2025-10-10 11:43:01,523 [INFO] Época 7/30, Batch 2650/3348, Loss: 0.1068
2025-10-10 11:43:01,741 [INFO] Época 7/30, Batch 2700/3348, Loss: 0.0865
2025-10-10 11:43:01,932 [INFO] Época 7/30, Batch 2750/3348, Loss: 0.1054
2025-10-10 11:43:02,183 [INFO] Época 7/30, Batch 2800/3348, Loss: 0.1354
2025-10-10 11:43:02,445 [INFO] Época 7/30, Batch 2850/3348, Loss: 0.0989
2025-10-10 11:43:02,682 [INFO] Época 7/30, Batch 2900/3348, Loss: 0.0535
2025-10-10 11:43:02,935 [INFO] Época 7/30, Batch 2950/3348, Loss: 0.1163
2025-10-10 11:43:03,117 [INFO] Época 7/30, Batch 3000/3348, Loss: 0.1147
2025-10-10 11:43:03,335 [INFO] Época 7/30, Batch 3050/3348, Loss: 0.1402
2025-10-10 11:43:03,571 [INFO] Época 7/30, Batch 3100/3348, Loss: 0.1045
2025-10-10 11:43:03,818 [INFO] Época 7/30, Batch 3150/3348, Loss: 0.0871
2025-10-10 11:43:04,074 [INFO] Época 7/30, Batch 3200/3348, Loss: 0.0853
2025-10-10 11:43:04,301 [INFO] Época 7/30, Batch 3250/3348, Loss: 0.0857
2025-10-10 11:43:04,564 [INFO] Época 7/30, Batch 3300/3348, Loss: 0.1301
2025-10-10 11:43:06,159 [INFO] [7/30] Train Loss: 0.1173 | Val Loss: 0.1877 | Tempo: 16.07s
2025-10-10 11:43:06,644 [INFO] Época 8/30, Batch 50/3348, Loss: 0.1391
2025-10-10 11:43:06,835 [INFO] Época 8/30, Batch 100/3348, Loss: 0.1583
2025-10-10 11:43:07,044 [INFO] Época 8/30, Batch 150/3348, Loss: 0.0650
2025-10-10 11:43:07,221 [INFO] Época 8/30, Batch 200/3348, Loss: 0.1765
2025-10-10 11:43:07,397 [INFO] Época 8/30, Batch 250/3348, Loss: 0.1799
2025-10-10 11:43:07,572 [INFO] Época 8/30, Batch 300/3348, Loss: 0.1023
2025-10-10 11:43:07,749 [INFO] Época 8/30, Batch 350/3348, Loss: 0.0843
2025-10-10 11:43:07,923 [INFO] Época 8/30, Batch 400/3348, Loss: 0.0922
2025-10-10 11:43:08,098 [INFO] Época 8/30, Batch 450/3348, Loss: 0.0826
2025-10-10 11:43:08,274 [INFO] Época 8/30, Batch 500/3348, Loss: 0.1474
2025-10-10 11:43:08,450 [INFO] Época 8/30, Batch 550/3348, Loss: 0.0930
2025-10-10 11:43:08,625 [INFO] Época 8/30, Batch 600/3348, Loss: 0.0402
2025-10-10 11:43:08,802 [INFO] Época 8/30, Batch 650/3348, Loss: 0.1056
2025-10-10 11:43:08,977 [INFO] Época 8/30, Batch 700/3348, Loss: 0.1179
2025-10-10 11:43:09,152 [INFO] Época 8/30, Batch 750/3348, Loss: 0.1605
2025-10-10 11:43:09,329 [INFO] Época 8/30, Batch 800/3348, Loss: 0.0844
2025-10-10 11:43:09,502 [INFO] Época 8/30, Batch 850/3348, Loss: 0.0824
2025-10-10 11:43:09,675 [INFO] Época 8/30, Batch 900/3348, Loss: 0.0828
2025-10-10 11:43:09,819 [INFO] Época 8/30, Batch 950/3348, Loss: 0.0828
2025-10-10 11:43:09,956 [INFO] Época 8/30, Batch 1000/3348, Loss: 0.2050
2025-10-10 11:43:10,115 [INFO] Época 8/30, Batch 1050/3348, Loss: 0.1187
2025-10-10 11:43:10,290 [INFO] Época 8/30, Batch 1100/3348, Loss: 0.1594
2025-10-10 11:43:10,465 [INFO] Época 8/30, Batch 1150/3348, Loss: 0.1479
2025-10-10 11:43:10,643 [INFO] Época 8/30, Batch 1200/3348, Loss: 0.1274
2025-10-10 11:43:10,817 [INFO] Época 8/30, Batch 1250/3348, Loss: 0.0759
2025-10-10 11:43:10,991 [INFO] Época 8/30, Batch 1300/3348, Loss: 0.1021
2025-10-10 11:43:11,169 [INFO] Época 8/30, Batch 1350/3348, Loss: 0.1409
2025-10-10 11:43:11,342 [INFO] Época 8/30, Batch 1400/3348, Loss: 0.1094
2025-10-10 11:43:11,517 [INFO] Época 8/30, Batch 1450/3348, Loss: 0.1182
2025-10-10 11:43:11,694 [INFO] Época 8/30, Batch 1500/3348, Loss: 0.0953
2025-10-10 11:43:11,868 [INFO] Época 8/30, Batch 1550/3348, Loss: 0.0714
2025-10-10 11:43:12,043 [INFO] Época 8/30, Batch 1600/3348, Loss: 0.0731
2025-10-10 11:43:12,220 [INFO] Época 8/30, Batch 1650/3348, Loss: 0.1024
2025-10-10 11:43:12,404 [INFO] Época 8/30, Batch 1700/3348, Loss: 0.1441
2025-10-10 11:43:12,607 [INFO] Época 8/30, Batch 1750/3348, Loss: 0.0822
2025-10-10 11:43:12,808 [INFO] Época 8/30, Batch 1800/3348, Loss: 0.0567
2025-10-10 11:43:13,015 [INFO] Época 8/30, Batch 1850/3348, Loss: 0.0915
2025-10-10 11:43:13,199 [INFO] Época 8/30, Batch 1900/3348, Loss: 0.1174
2025-10-10 11:43:13,343 [INFO] Época 8/30, Batch 1950/3348, Loss: 0.1234
2025-10-10 11:43:13,480 [INFO] Época 8/30, Batch 2000/3348, Loss: 0.1014
2025-10-10 11:43:13,683 [INFO] Época 8/30, Batch 2050/3348, Loss: 0.0690
2025-10-10 11:43:13,891 [INFO] Época 8/30, Batch 2100/3348, Loss: 0.1207
2025-10-10 11:43:14,105 [INFO] Época 8/30, Batch 2150/3348, Loss: 0.1409
2025-10-10 11:43:14,319 [INFO] Época 8/30, Batch 2200/3348, Loss: 0.0884
2025-10-10 11:43:14,542 [INFO] Época 8/30, Batch 2250/3348, Loss: 0.1034
2025-10-10 11:43:14,748 [INFO] Época 8/30, Batch 2300/3348, Loss: 0.0957
2025-10-10 11:43:14,955 [INFO] Época 8/30, Batch 2350/3348, Loss: 0.1375
2025-10-10 11:43:15,161 [INFO] Época 8/30, Batch 2400/3348, Loss: 0.0658
2025-10-10 11:43:15,366 [INFO] Época 8/30, Batch 2450/3348, Loss: 0.1223
2025-10-10 11:43:15,575 [INFO] Época 8/30, Batch 2500/3348, Loss: 0.1649
2025-10-10 11:43:15,781 [INFO] Época 8/30, Batch 2550/3348, Loss: 0.1272
2025-10-10 11:43:16,012 [INFO] Época 8/30, Batch 2600/3348, Loss: 0.0497
2025-10-10 11:43:16,249 [INFO] Época 8/30, Batch 2650/3348, Loss: 0.1078
2025-10-10 11:43:16,386 [INFO] Época 8/30, Batch 2700/3348, Loss: 0.1171
2025-10-10 11:43:16,577 [INFO] Época 8/30, Batch 2750/3348, Loss: 0.0705
2025-10-10 11:43:16,786 [INFO] Época 8/30, Batch 2800/3348, Loss: 0.1162
2025-10-10 11:43:16,991 [INFO] Época 8/30, Batch 2850/3348, Loss: 0.1209
2025-10-10 11:43:17,199 [INFO] Época 8/30, Batch 2900/3348, Loss: 0.1228
2025-10-10 11:43:17,404 [INFO] Época 8/30, Batch 2950/3348, Loss: 0.0673
2025-10-10 11:43:17,614 [INFO] Época 8/30, Batch 3000/3348, Loss: 0.0901
2025-10-10 11:43:17,822 [INFO] Época 8/30, Batch 3050/3348, Loss: 0.0813
2025-10-10 11:43:18,027 [INFO] Época 8/30, Batch 3100/3348, Loss: 0.0575
2025-10-10 11:43:18,262 [INFO] Época 8/30, Batch 3150/3348, Loss: 0.1187
2025-10-10 11:43:18,485 [INFO] Época 8/30, Batch 3200/3348, Loss: 0.1306
2025-10-10 11:43:18,682 [INFO] Época 8/30, Batch 3250/3348, Loss: 0.0692
2025-10-10 11:43:18,876 [INFO] Época 8/30, Batch 3300/3348, Loss: 0.0816
2025-10-10 11:43:20,365 [INFO] [8/30] Train Loss: 0.1103 | Val Loss: 0.1498 | Tempo: 14.21s
2025-10-10 11:43:20,868 [INFO] Época 9/30, Batch 50/3348, Loss: 0.0927
2025-10-10 11:43:21,043 [INFO] Época 9/30, Batch 100/3348, Loss: 0.1015
2025-10-10 11:43:21,225 [INFO] Época 9/30, Batch 150/3348, Loss: 0.0779
2025-10-10 11:43:21,417 [INFO] Época 9/30, Batch 200/3348, Loss: 0.1202
2025-10-10 11:43:21,608 [INFO] Época 9/30, Batch 250/3348, Loss: 0.0998
2025-10-10 11:43:21,865 [INFO] Época 9/30, Batch 300/3348, Loss: 0.1580
2025-10-10 11:43:22,124 [INFO] Época 9/30, Batch 350/3348, Loss: 0.1369
2025-10-10 11:43:22,384 [INFO] Época 9/30, Batch 400/3348, Loss: 0.1664
2025-10-10 11:43:22,606 [INFO] Época 9/30, Batch 450/3348, Loss: 0.0862
2025-10-10 11:43:22,826 [INFO] Época 9/30, Batch 500/3348, Loss: 0.0908
2025-10-10 11:43:23,043 [INFO] Época 9/30, Batch 550/3348, Loss: 0.1427
2025-10-10 11:43:23,265 [INFO] Época 9/30, Batch 600/3348, Loss: 0.0518
2025-10-10 11:43:23,483 [INFO] Época 9/30, Batch 650/3348, Loss: 0.0760
2025-10-10 11:43:23,696 [INFO] Época 9/30, Batch 700/3348, Loss: 0.0842
2025-10-10 11:43:23,913 [INFO] Época 9/30, Batch 750/3348, Loss: 0.1166
2025-10-10 11:43:24,127 [INFO] Época 9/30, Batch 800/3348, Loss: 0.0644
2025-10-10 11:43:24,341 [INFO] Época 9/30, Batch 850/3348, Loss: 0.1002
2025-10-10 11:43:24,554 [INFO] Época 9/30, Batch 900/3348, Loss: 0.1049
2025-10-10 11:43:24,768 [INFO] Época 9/30, Batch 950/3348, Loss: 0.1103
2025-10-10 11:43:24,981 [INFO] Época 9/30, Batch 1000/3348, Loss: 0.1551
2025-10-10 11:43:25,192 [INFO] Época 9/30, Batch 1050/3348, Loss: 0.0729
2025-10-10 11:43:25,404 [INFO] Época 9/30, Batch 1100/3348, Loss: 0.0708
2025-10-10 11:43:25,628 [INFO] Época 9/30, Batch 1150/3348, Loss: 0.0727
2025-10-10 11:43:25,846 [INFO] Época 9/30, Batch 1200/3348, Loss: 0.0920
2025-10-10 11:43:26,058 [INFO] Época 9/30, Batch 1250/3348, Loss: 0.0620
2025-10-10 11:43:26,271 [INFO] Época 9/30, Batch 1300/3348, Loss: 0.1119
2025-10-10 11:43:26,481 [INFO] Época 9/30, Batch 1350/3348, Loss: 0.1294
2025-10-10 11:43:26,695 [INFO] Época 9/30, Batch 1400/3348, Loss: 0.1189
2025-10-10 11:43:26,906 [INFO] Época 9/30, Batch 1450/3348, Loss: 0.0748
2025-10-10 11:43:27,117 [INFO] Época 9/30, Batch 1500/3348, Loss: 0.0839
2025-10-10 11:43:27,328 [INFO] Época 9/30, Batch 1550/3348, Loss: 0.0868
2025-10-10 11:43:27,541 [INFO] Época 9/30, Batch 1600/3348, Loss: 0.0359
2025-10-10 11:43:27,752 [INFO] Época 9/30, Batch 1650/3348, Loss: 0.1080
2025-10-10 11:43:27,962 [INFO] Época 9/30, Batch 1700/3348, Loss: 0.0505
2025-10-10 11:43:28,176 [INFO] Época 9/30, Batch 1750/3348, Loss: 0.1282
2025-10-10 11:43:28,394 [INFO] Época 9/30, Batch 1800/3348, Loss: 0.1606
2025-10-10 11:43:28,621 [INFO] Época 9/30, Batch 1850/3348, Loss: 0.0653
2025-10-10 11:43:28,847 [INFO] Época 9/30, Batch 1900/3348, Loss: 0.1023
2025-10-10 11:43:29,077 [INFO] Época 9/30, Batch 1950/3348, Loss: 0.0602
2025-10-10 11:43:29,292 [INFO] Época 9/30, Batch 2000/3348, Loss: 0.1473
2025-10-10 11:43:29,505 [INFO] Época 9/30, Batch 2050/3348, Loss: 0.1266
2025-10-10 11:43:29,717 [INFO] Época 9/30, Batch 2100/3348, Loss: 0.0844
2025-10-10 11:43:29,927 [INFO] Época 9/30, Batch 2150/3348, Loss: 0.1150
2025-10-10 11:43:30,140 [INFO] Época 9/30, Batch 2200/3348, Loss: 0.0676
2025-10-10 11:43:30,350 [INFO] Época 9/30, Batch 2250/3348, Loss: 0.1206
2025-10-10 11:43:30,563 [INFO] Época 9/30, Batch 2300/3348, Loss: 0.0876
2025-10-10 11:43:30,773 [INFO] Época 9/30, Batch 2350/3348, Loss: 0.1190
2025-10-10 11:43:30,986 [INFO] Época 9/30, Batch 2400/3348, Loss: 0.1143
2025-10-10 11:43:31,198 [INFO] Época 9/30, Batch 2450/3348, Loss: 0.1077
2025-10-10 11:43:31,412 [INFO] Época 9/30, Batch 2500/3348, Loss: 0.0496
2025-10-10 11:43:31,634 [INFO] Época 9/30, Batch 2550/3348, Loss: 0.0675
2025-10-10 11:43:31,845 [INFO] Época 9/30, Batch 2600/3348, Loss: 0.0982
2025-10-10 11:43:32,058 [INFO] Época 9/30, Batch 2650/3348, Loss: 0.0512
2025-10-10 11:43:32,271 [INFO] Época 9/30, Batch 2700/3348, Loss: 0.0762
2025-10-10 11:43:32,485 [INFO] Época 9/30, Batch 2750/3348, Loss: 0.0572
2025-10-10 11:43:32,699 [INFO] Época 9/30, Batch 2800/3348, Loss: 0.0897
2025-10-10 11:43:32,911 [INFO] Época 9/30, Batch 2850/3348, Loss: 0.0857
2025-10-10 11:43:33,122 [INFO] Época 9/30, Batch 2900/3348, Loss: 0.1691
2025-10-10 11:43:33,334 [INFO] Época 9/30, Batch 2950/3348, Loss: 0.1417
2025-10-10 11:43:33,549 [INFO] Época 9/30, Batch 3000/3348, Loss: 0.0840
2025-10-10 11:43:33,768 [INFO] Época 9/30, Batch 3050/3348, Loss: 0.1403
2025-10-10 11:43:33,982 [INFO] Época 9/30, Batch 3100/3348, Loss: 0.1115
2025-10-10 11:43:34,195 [INFO] Época 9/30, Batch 3150/3348, Loss: 0.0556
2025-10-10 11:43:34,407 [INFO] Época 9/30, Batch 3200/3348, Loss: 0.0926
2025-10-10 11:43:34,565 [INFO] Época 9/30, Batch 3250/3348, Loss: 0.1278
2025-10-10 11:43:34,732 [INFO] Época 9/30, Batch 3300/3348, Loss: 0.1059
2025-10-10 11:43:36,208 [INFO] [9/30] Train Loss: 0.1049 | Val Loss: 0.1647 | Tempo: 15.84s
2025-10-10 11:43:36,772 [INFO] Época 10/30, Batch 50/3348, Loss: 0.0659
2025-10-10 11:43:36,943 [INFO] Época 10/30, Batch 100/3348, Loss: 0.1754
2025-10-10 11:43:37,120 [INFO] Época 10/30, Batch 150/3348, Loss: 0.0910
2025-10-10 11:43:37,290 [INFO] Época 10/30, Batch 200/3348, Loss: 0.1291
2025-10-10 11:43:37,466 [INFO] Época 10/30, Batch 250/3348, Loss: 0.0791
2025-10-10 11:43:37,644 [INFO] Época 10/30, Batch 300/3348, Loss: 0.1463
2025-10-10 11:43:37,817 [INFO] Época 10/30, Batch 350/3348, Loss: 0.1510
2025-10-10 11:43:37,991 [INFO] Época 10/30, Batch 400/3348, Loss: 0.0505
2025-10-10 11:43:38,140 [INFO] Época 10/30, Batch 450/3348, Loss: 0.0891
2025-10-10 11:43:38,278 [INFO] Época 10/30, Batch 500/3348, Loss: 0.0724
2025-10-10 11:43:38,452 [INFO] Época 10/30, Batch 550/3348, Loss: 0.1434
2025-10-10 11:43:38,661 [INFO] Época 10/30, Batch 600/3348, Loss: 0.0880
2025-10-10 11:43:38,865 [INFO] Época 10/30, Batch 650/3348, Loss: 0.1441
2025-10-10 11:43:39,041 [INFO] Época 10/30, Batch 700/3348, Loss: 0.0800
2025-10-10 11:43:39,218 [INFO] Época 10/30, Batch 750/3348, Loss: 0.1182
2025-10-10 11:43:39,393 [INFO] Época 10/30, Batch 800/3348, Loss: 0.1733
2025-10-10 11:43:39,568 [INFO] Época 10/30, Batch 850/3348, Loss: 0.0302
2025-10-10 11:43:39,745 [INFO] Época 10/30, Batch 900/3348, Loss: 0.0469
2025-10-10 11:43:39,919 [INFO] Época 10/30, Batch 950/3348, Loss: 0.1186
2025-10-10 11:43:40,099 [INFO] Época 10/30, Batch 1000/3348, Loss: 0.0486
2025-10-10 11:43:40,273 [INFO] Época 10/30, Batch 1050/3348, Loss: 0.1102
2025-10-10 11:43:40,449 [INFO] Época 10/30, Batch 1100/3348, Loss: 0.1237
2025-10-10 11:43:40,625 [INFO] Época 10/30, Batch 1150/3348, Loss: 0.1020
2025-10-10 11:43:40,801 [INFO] Época 10/30, Batch 1200/3348, Loss: 0.0943
2025-10-10 11:43:40,976 [INFO] Época 10/30, Batch 1250/3348, Loss: 0.1486
2025-10-10 11:43:41,154 [INFO] Época 10/30, Batch 1300/3348, Loss: 0.0996
2025-10-10 11:43:41,328 [INFO] Época 10/30, Batch 1350/3348, Loss: 0.1262
2025-10-10 11:43:41,504 [INFO] Época 10/30, Batch 1400/3348, Loss: 0.0898
2025-10-10 11:43:41,652 [INFO] Época 10/30, Batch 1450/3348, Loss: 0.0925
2025-10-10 11:43:41,791 [INFO] Época 10/30, Batch 1500/3348, Loss: 0.1145
2025-10-10 11:43:41,953 [INFO] Época 10/30, Batch 1550/3348, Loss: 0.1757
2025-10-10 11:43:42,128 [INFO] Época 10/30, Batch 1600/3348, Loss: 0.1121
2025-10-10 11:43:42,304 [INFO] Época 10/30, Batch 1650/3348, Loss: 0.0913
2025-10-10 11:43:42,480 [INFO] Época 10/30, Batch 1700/3348, Loss: 0.1162
2025-10-10 11:43:42,657 [INFO] Época 10/30, Batch 1750/3348, Loss: 0.1204
2025-10-10 11:43:42,832 [INFO] Época 10/30, Batch 1800/3348, Loss: 0.0681
2025-10-10 11:43:43,007 [INFO] Época 10/30, Batch 1850/3348, Loss: 0.0914
2025-10-10 11:43:43,185 [INFO] Época 10/30, Batch 1900/3348, Loss: 0.0757
2025-10-10 11:43:43,359 [INFO] Época 10/30, Batch 1950/3348, Loss: 0.0547
2025-10-10 11:43:43,535 [INFO] Época 10/30, Batch 2000/3348, Loss: 0.0786
2025-10-10 11:43:43,713 [INFO] Época 10/30, Batch 2050/3348, Loss: 0.0961
2025-10-10 11:43:43,887 [INFO] Época 10/30, Batch 2100/3348, Loss: 0.1359
2025-10-10 11:43:44,062 [INFO] Época 10/30, Batch 2150/3348, Loss: 0.0994
2025-10-10 11:43:44,239 [INFO] Época 10/30, Batch 2200/3348, Loss: 0.1206
2025-10-10 11:43:44,413 [INFO] Época 10/30, Batch 2250/3348, Loss: 0.1928
2025-10-10 11:43:44,589 [INFO] Época 10/30, Batch 2300/3348, Loss: 0.0975
2025-10-10 11:43:44,765 [INFO] Época 10/30, Batch 2350/3348, Loss: 0.0684
2025-10-10 11:43:44,939 [INFO] Época 10/30, Batch 2400/3348, Loss: 0.0875
2025-10-10 11:43:45,115 [INFO] Época 10/30, Batch 2450/3348, Loss: 0.0699
2025-10-10 11:43:45,265 [INFO] Época 10/30, Batch 2500/3348, Loss: 0.0754
2025-10-10 11:43:45,404 [INFO] Época 10/30, Batch 2550/3348, Loss: 0.0611
2025-10-10 11:43:45,550 [INFO] Época 10/30, Batch 2600/3348, Loss: 0.1062
2025-10-10 11:43:45,728 [INFO] Época 10/30, Batch 2650/3348, Loss: 0.0812
2025-10-10 11:43:45,904 [INFO] Época 10/30, Batch 2700/3348, Loss: 0.0603
2025-10-10 11:43:46,080 [INFO] Época 10/30, Batch 2750/3348, Loss: 0.0672
2025-10-10 11:43:46,256 [INFO] Época 10/30, Batch 2800/3348, Loss: 0.1045
2025-10-10 11:43:46,433 [INFO] Época 10/30, Batch 2850/3348, Loss: 0.0645
2025-10-10 11:43:46,607 [INFO] Época 10/30, Batch 2900/3348, Loss: 0.1192
2025-10-10 11:43:46,782 [INFO] Época 10/30, Batch 2950/3348, Loss: 0.1762
2025-10-10 11:43:46,959 [INFO] Época 10/30, Batch 3000/3348, Loss: 0.1036
2025-10-10 11:43:47,133 [INFO] Época 10/30, Batch 3050/3348, Loss: 0.0939
2025-10-10 11:43:47,309 [INFO] Época 10/30, Batch 3100/3348, Loss: 0.0428
2025-10-10 11:43:47,485 [INFO] Época 10/30, Batch 3150/3348, Loss: 0.0743
2025-10-10 11:43:47,659 [INFO] Época 10/30, Batch 3200/3348, Loss: 0.1408
2025-10-10 11:43:47,835 [INFO] Época 10/30, Batch 3250/3348, Loss: 0.0939
2025-10-10 11:43:48,011 [INFO] Época 10/30, Batch 3300/3348, Loss: 0.0725
2025-10-10 11:43:49,466 [INFO] [10/30] Train Loss: 0.1001 | Val Loss: 0.1446 | Tempo: 13.26s
2025-10-10 11:43:49,999 [INFO] Época 11/30, Batch 50/3348, Loss: 0.0987
2025-10-10 11:43:50,235 [INFO] Época 11/30, Batch 100/3348, Loss: 0.0809
2025-10-10 11:43:50,436 [INFO] Época 11/30, Batch 150/3348, Loss: 0.0815
2025-10-10 11:43:50,620 [INFO] Época 11/30, Batch 200/3348, Loss: 0.0544
2025-10-10 11:43:50,802 [INFO] Época 11/30, Batch 250/3348, Loss: 0.0591
2025-10-10 11:43:50,986 [INFO] Época 11/30, Batch 300/3348, Loss: 0.1205
2025-10-10 11:43:51,175 [INFO] Época 11/30, Batch 350/3348, Loss: 0.0791
2025-10-10 11:43:51,378 [INFO] Época 11/30, Batch 400/3348, Loss: 0.0788
2025-10-10 11:43:51,591 [INFO] Época 11/30, Batch 450/3348, Loss: 0.0665
2025-10-10 11:43:51,766 [INFO] Época 11/30, Batch 500/3348, Loss: 0.0998
2025-10-10 11:43:51,999 [INFO] Época 11/30, Batch 550/3348, Loss: 0.1193
2025-10-10 11:43:52,242 [INFO] Época 11/30, Batch 600/3348, Loss: 0.1204
2025-10-10 11:43:52,472 [INFO] Época 11/30, Batch 650/3348, Loss: 0.1552
2025-10-10 11:43:52,694 [INFO] Época 11/30, Batch 700/3348, Loss: 0.0547
2025-10-10 11:43:52,903 [INFO] Época 11/30, Batch 750/3348, Loss: 0.0822
2025-10-10 11:43:53,125 [INFO] Época 11/30, Batch 800/3348, Loss: 0.0605
2025-10-10 11:43:53,348 [INFO] Época 11/30, Batch 850/3348, Loss: 0.0494
2025-10-10 11:43:53,571 [INFO] Época 11/30, Batch 900/3348, Loss: 0.0940
2025-10-10 11:43:53,795 [INFO] Época 11/30, Batch 950/3348, Loss: 0.0919
2025-10-10 11:43:54,016 [INFO] Época 11/30, Batch 1000/3348, Loss: 0.1110
2025-10-10 11:43:54,232 [INFO] Época 11/30, Batch 1050/3348, Loss: 0.1682
2025-10-10 11:43:54,448 [INFO] Época 11/30, Batch 1100/3348, Loss: 0.1368
2025-10-10 11:43:54,668 [INFO] Época 11/30, Batch 1150/3348, Loss: 0.1262
2025-10-10 11:43:54,884 [INFO] Época 11/30, Batch 1200/3348, Loss: 0.0877
2025-10-10 11:43:55,100 [INFO] Época 11/30, Batch 1250/3348, Loss: 0.0824
2025-10-10 11:43:55,316 [INFO] Época 11/30, Batch 1300/3348, Loss: 0.1153
2025-10-10 11:43:55,535 [INFO] Época 11/30, Batch 1350/3348, Loss: 0.0563
2025-10-10 11:43:55,744 [INFO] Época 11/30, Batch 1400/3348, Loss: 0.1400
2025-10-10 11:43:55,965 [INFO] Época 11/30, Batch 1450/3348, Loss: 0.0888
2025-10-10 11:43:56,181 [INFO] Época 11/30, Batch 1500/3348, Loss: 0.0948
2025-10-10 11:43:56,396 [INFO] Época 11/30, Batch 1550/3348, Loss: 0.1837
2025-10-10 11:43:56,616 [INFO] Época 11/30, Batch 1600/3348, Loss: 0.1349
2025-10-10 11:43:56,832 [INFO] Época 11/30, Batch 1650/3348, Loss: 0.0956
2025-10-10 11:43:57,048 [INFO] Época 11/30, Batch 1700/3348, Loss: 0.0978
2025-10-10 11:43:57,264 [INFO] Época 11/30, Batch 1750/3348, Loss: 0.1096
2025-10-10 11:43:57,480 [INFO] Época 11/30, Batch 1800/3348, Loss: 0.0843
2025-10-10 11:43:57,695 [INFO] Época 11/30, Batch 1850/3348, Loss: 0.0966
2025-10-10 11:43:57,911 [INFO] Época 11/30, Batch 1900/3348, Loss: 0.0885
2025-10-10 11:43:58,128 [INFO] Época 11/30, Batch 1950/3348, Loss: 0.0905
2025-10-10 11:43:58,344 [INFO] Época 11/30, Batch 2000/3348, Loss: 0.0985
2025-10-10 11:43:58,560 [INFO] Época 11/30, Batch 2050/3348, Loss: 0.1297
2025-10-10 11:43:58,781 [INFO] Época 11/30, Batch 2100/3348, Loss: 0.1074
2025-10-10 11:43:59,003 [INFO] Época 11/30, Batch 2150/3348, Loss: 0.0606
2025-10-10 11:43:59,220 [INFO] Época 11/30, Batch 2200/3348, Loss: 0.1044
2025-10-10 11:43:59,437 [INFO] Época 11/30, Batch 2250/3348, Loss: 0.0942
2025-10-10 11:43:59,653 [INFO] Época 11/30, Batch 2300/3348, Loss: 0.1014
2025-10-10 11:43:59,867 [INFO] Época 11/30, Batch 2350/3348, Loss: 0.0941
2025-10-10 11:44:00,083 [INFO] Época 11/30, Batch 2400/3348, Loss: 0.1095
2025-10-10 11:44:00,299 [INFO] Época 11/30, Batch 2450/3348, Loss: 0.1217
2025-10-10 11:44:00,516 [INFO] Época 11/30, Batch 2500/3348, Loss: 0.1076
2025-10-10 11:44:00,732 [INFO] Época 11/30, Batch 2550/3348, Loss: 0.1118
2025-10-10 11:44:00,948 [INFO] Época 11/30, Batch 2600/3348, Loss: 0.0696
2025-10-10 11:44:01,165 [INFO] Época 11/30, Batch 2650/3348, Loss: 0.1257
2025-10-10 11:44:01,380 [INFO] Época 11/30, Batch 2700/3348, Loss: 0.0677
2025-10-10 11:44:01,596 [INFO] Época 11/30, Batch 2750/3348, Loss: 0.0936
2025-10-10 11:44:01,756 [INFO] Época 11/30, Batch 2800/3348, Loss: 0.1246
2025-10-10 11:44:01,903 [INFO] Época 11/30, Batch 2850/3348, Loss: 0.0474
2025-10-10 11:44:02,074 [INFO] Época 11/30, Batch 2900/3348, Loss: 0.1648
2025-10-10 11:44:02,290 [INFO] Época 11/30, Batch 2950/3348, Loss: 0.0298
2025-10-10 11:44:02,506 [INFO] Época 11/30, Batch 3000/3348, Loss: 0.1265
2025-10-10 11:44:02,721 [INFO] Época 11/30, Batch 3050/3348, Loss: 0.2242
2025-10-10 11:44:02,936 [INFO] Época 11/30, Batch 3100/3348, Loss: 0.0839
2025-10-10 11:44:03,154 [INFO] Época 11/30, Batch 3150/3348, Loss: 0.1078
2025-10-10 11:44:03,369 [INFO] Época 11/30, Batch 3200/3348, Loss: 0.1242
2025-10-10 11:44:03,586 [INFO] Época 11/30, Batch 3250/3348, Loss: 0.1337
2025-10-10 11:44:03,804 [INFO] Época 11/30, Batch 3300/3348, Loss: 0.1067
2025-10-10 11:44:05,364 [INFO] [11/30] Train Loss: 0.0967 | Val Loss: 0.1645 | Tempo: 15.90s
2025-10-10 11:44:05,883 [INFO] Época 12/30, Batch 50/3348, Loss: 0.1136
2025-10-10 11:44:06,098 [INFO] Época 12/30, Batch 100/3348, Loss: 0.0796
2025-10-10 11:44:06,315 [INFO] Época 12/30, Batch 150/3348, Loss: 0.0740
2025-10-10 11:44:06,530 [INFO] Época 12/30, Batch 200/3348, Loss: 0.1081
2025-10-10 11:44:06,748 [INFO] Época 12/30, Batch 250/3348, Loss: 0.0673
2025-10-10 11:44:06,972 [INFO] Época 12/30, Batch 300/3348, Loss: 0.0356
2025-10-10 11:44:07,191 [INFO] Época 12/30, Batch 350/3348, Loss: 0.0461
2025-10-10 11:44:07,408 [INFO] Época 12/30, Batch 400/3348, Loss: 0.0741
2025-10-10 11:44:07,626 [INFO] Época 12/30, Batch 450/3348, Loss: 0.0900
2025-10-10 11:44:07,816 [INFO] Época 12/30, Batch 500/3348, Loss: 0.1219
2025-10-10 11:44:07,963 [INFO] Época 12/30, Batch 550/3348, Loss: 0.1001
2025-10-10 11:44:08,128 [INFO] Época 12/30, Batch 600/3348, Loss: 0.1016
2025-10-10 11:44:08,344 [INFO] Época 12/30, Batch 650/3348, Loss: 0.0554
2025-10-10 11:44:08,560 [INFO] Época 12/30, Batch 700/3348, Loss: 0.1106
2025-10-10 11:44:08,776 [INFO] Época 12/30, Batch 750/3348, Loss: 0.0842
2025-10-10 11:44:08,992 [INFO] Época 12/30, Batch 800/3348, Loss: 0.0511
2025-10-10 11:44:09,207 [INFO] Época 12/30, Batch 850/3348, Loss: 0.0839
2025-10-10 11:44:09,420 [INFO] Época 12/30, Batch 900/3348, Loss: 0.0975
2025-10-10 11:44:09,634 [INFO] Época 12/30, Batch 950/3348, Loss: 0.0944
2025-10-10 11:44:09,848 [INFO] Época 12/30, Batch 1000/3348, Loss: 0.1240
2025-10-10 11:44:10,067 [INFO] Época 12/30, Batch 1050/3348, Loss: 0.0588
2025-10-10 11:44:10,278 [INFO] Época 12/30, Batch 1100/3348, Loss: 0.0830
2025-10-10 11:44:10,492 [INFO] Época 12/30, Batch 1150/3348, Loss: 0.0601
2025-10-10 11:44:10,705 [INFO] Época 12/30, Batch 1200/3348, Loss: 0.0767
2025-10-10 11:44:10,867 [INFO] Época 12/30, Batch 1250/3348, Loss: 0.1455
2025-10-10 11:44:11,015 [INFO] Época 12/30, Batch 1300/3348, Loss: 0.2018
2025-10-10 11:44:11,177 [INFO] Época 12/30, Batch 1350/3348, Loss: 0.0662
2025-10-10 11:44:11,391 [INFO] Época 12/30, Batch 1400/3348, Loss: 0.1159
2025-10-10 11:44:11,605 [INFO] Época 12/30, Batch 1450/3348, Loss: 0.0844
2025-10-10 11:44:11,820 [INFO] Época 12/30, Batch 1500/3348, Loss: 0.0480
2025-10-10 11:44:12,034 [INFO] Época 12/30, Batch 1550/3348, Loss: 0.0424
2025-10-10 11:44:12,249 [INFO] Época 12/30, Batch 1600/3348, Loss: 0.0967
2025-10-10 11:44:12,463 [INFO] Época 12/30, Batch 1650/3348, Loss: 0.0925
2025-10-10 11:44:12,678 [INFO] Época 12/30, Batch 1700/3348, Loss: 0.0667
2025-10-10 11:44:12,893 [INFO] Época 12/30, Batch 1750/3348, Loss: 0.1473
2025-10-10 11:44:13,109 [INFO] Época 12/30, Batch 1800/3348, Loss: 0.1148
2025-10-10 11:44:13,329 [INFO] Época 12/30, Batch 1850/3348, Loss: 0.0994
2025-10-10 11:44:13,544 [INFO] Época 12/30, Batch 1900/3348, Loss: 0.1155
2025-10-10 11:44:13,759 [INFO] Época 12/30, Batch 1950/3348, Loss: 0.0891
2025-10-10 11:44:13,933 [INFO] Época 12/30, Batch 2000/3348, Loss: 0.1272
2025-10-10 11:44:14,081 [INFO] Época 12/30, Batch 2050/3348, Loss: 0.1009
2025-10-10 11:44:14,246 [INFO] Época 12/30, Batch 2100/3348, Loss: 0.1024
2025-10-10 11:44:14,462 [INFO] Época 12/30, Batch 2150/3348, Loss: 0.1157
2025-10-10 11:44:14,677 [INFO] Época 12/30, Batch 2200/3348, Loss: 0.0758
2025-10-10 11:44:14,892 [INFO] Época 12/30, Batch 2250/3348, Loss: 0.0514
2025-10-10 11:44:15,107 [INFO] Época 12/30, Batch 2300/3348, Loss: 0.1497
2025-10-10 11:44:15,322 [INFO] Época 12/30, Batch 2350/3348, Loss: 0.0931
2025-10-10 11:44:15,538 [INFO] Época 12/30, Batch 2400/3348, Loss: 0.0752
2025-10-10 11:44:15,753 [INFO] Época 12/30, Batch 2450/3348, Loss: 0.0880
2025-10-10 11:44:15,969 [INFO] Época 12/30, Batch 2500/3348, Loss: 0.1275
2025-10-10 11:44:16,184 [INFO] Época 12/30, Batch 2550/3348, Loss: 0.0678
2025-10-10 11:44:16,398 [INFO] Época 12/30, Batch 2600/3348, Loss: 0.0612
2025-10-10 11:44:16,614 [INFO] Época 12/30, Batch 2650/3348, Loss: 0.0823
2025-10-10 11:44:16,835 [INFO] Época 12/30, Batch 2700/3348, Loss: 0.0383
2025-10-10 11:44:16,997 [INFO] Época 12/30, Batch 2750/3348, Loss: 0.0832
2025-10-10 11:44:17,144 [INFO] Época 12/30, Batch 2800/3348, Loss: 0.0701
2025-10-10 11:44:17,310 [INFO] Época 12/30, Batch 2850/3348, Loss: 0.0863
2025-10-10 11:44:17,525 [INFO] Época 12/30, Batch 2900/3348, Loss: 0.0468
2025-10-10 11:44:17,740 [INFO] Época 12/30, Batch 2950/3348, Loss: 0.1116
2025-10-10 11:44:17,955 [INFO] Época 12/30, Batch 3000/3348, Loss: 0.1016
2025-10-10 11:44:18,168 [INFO] Época 12/30, Batch 3050/3348, Loss: 0.0422
2025-10-10 11:44:18,382 [INFO] Época 12/30, Batch 3100/3348, Loss: 0.1678
2025-10-10 11:44:18,598 [INFO] Época 12/30, Batch 3150/3348, Loss: 0.0874
2025-10-10 11:44:18,814 [INFO] Época 12/30, Batch 3200/3348, Loss: 0.1109
2025-10-10 11:44:19,029 [INFO] Época 12/30, Batch 3250/3348, Loss: 0.0604
2025-10-10 11:44:19,244 [INFO] Época 12/30, Batch 3300/3348, Loss: 0.1126
2025-10-10 11:44:20,880 [INFO] [12/30] Train Loss: 0.0934 | Val Loss: 0.1602 | Tempo: 15.52s
2025-10-10 11:44:21,372 [INFO] Época 13/30, Batch 50/3348, Loss: 0.0775
2025-10-10 11:44:21,588 [INFO] Época 13/30, Batch 100/3348, Loss: 0.0844
2025-10-10 11:44:21,804 [INFO] Época 13/30, Batch 150/3348, Loss: 0.1217
2025-10-10 11:44:22,018 [INFO] Época 13/30, Batch 200/3348, Loss: 0.1094
2025-10-10 11:44:22,237 [INFO] Época 13/30, Batch 250/3348, Loss: 0.0744
2025-10-10 11:44:22,466 [INFO] Época 13/30, Batch 300/3348, Loss: 0.1091
2025-10-10 11:44:22,683 [INFO] Época 13/30, Batch 350/3348, Loss: 0.1283
2025-10-10 11:44:22,899 [INFO] Época 13/30, Batch 400/3348, Loss: 0.0514
2025-10-10 11:44:23,129 [INFO] Época 13/30, Batch 450/3348, Loss: 0.0815
2025-10-10 11:44:23,355 [INFO] Época 13/30, Batch 500/3348, Loss: 0.0973
2025-10-10 11:44:23,599 [INFO] Época 13/30, Batch 550/3348, Loss: 0.0560
2025-10-10 11:44:23,816 [INFO] Época 13/30, Batch 600/3348, Loss: 0.0708
2025-10-10 11:44:24,031 [INFO] Época 13/30, Batch 650/3348, Loss: 0.0357
2025-10-10 11:44:24,246 [INFO] Época 13/30, Batch 700/3348, Loss: 0.1730
2025-10-10 11:44:24,462 [INFO] Época 13/30, Batch 750/3348, Loss: 0.0964
2025-10-10 11:44:24,678 [INFO] Época 13/30, Batch 800/3348, Loss: 0.0530
2025-10-10 11:44:24,895 [INFO] Época 13/30, Batch 850/3348, Loss: 0.0907
2025-10-10 11:44:25,111 [INFO] Época 13/30, Batch 900/3348, Loss: 0.0585
2025-10-10 11:44:25,324 [INFO] Época 13/30, Batch 950/3348, Loss: 0.0882
2025-10-10 11:44:25,537 [INFO] Época 13/30, Batch 1000/3348, Loss: 0.1255
2025-10-10 11:44:25,750 [INFO] Época 13/30, Batch 1050/3348, Loss: 0.1967
2025-10-10 11:44:25,964 [INFO] Época 13/30, Batch 1100/3348, Loss: 0.0998
2025-10-10 11:44:26,116 [INFO] Época 13/30, Batch 1150/3348, Loss: 0.1233
2025-10-10 11:44:26,264 [INFO] Época 13/30, Batch 1200/3348, Loss: 0.1103
2025-10-10 11:44:26,433 [INFO] Época 13/30, Batch 1250/3348, Loss: 0.0962
2025-10-10 11:44:26,653 [INFO] Época 13/30, Batch 1300/3348, Loss: 0.0713
2025-10-10 11:44:26,867 [INFO] Época 13/30, Batch 1350/3348, Loss: 0.0534
2025-10-10 11:44:27,081 [INFO] Época 13/30, Batch 1400/3348, Loss: 0.1035
2025-10-10 11:44:27,295 [INFO] Época 13/30, Batch 1450/3348, Loss: 0.0735
2025-10-10 11:44:27,508 [INFO] Época 13/30, Batch 1500/3348, Loss: 0.0645
2025-10-10 11:44:27,721 [INFO] Época 13/30, Batch 1550/3348, Loss: 0.1433
2025-10-10 11:44:27,935 [INFO] Época 13/30, Batch 1600/3348, Loss: 0.0552
2025-10-10 11:44:28,149 [INFO] Época 13/30, Batch 1650/3348, Loss: 0.1148
2025-10-10 11:44:28,362 [INFO] Época 13/30, Batch 1700/3348, Loss: 0.0701
2025-10-10 11:44:28,576 [INFO] Época 13/30, Batch 1750/3348, Loss: 0.1377
2025-10-10 11:44:28,795 [INFO] Época 13/30, Batch 1800/3348, Loss: 0.0545
2025-10-10 11:44:29,010 [INFO] Época 13/30, Batch 1850/3348, Loss: 0.0796
2025-10-10 11:44:29,164 [INFO] Época 13/30, Batch 1900/3348, Loss: 0.0941
2025-10-10 11:44:29,376 [INFO] Época 13/30, Batch 1950/3348, Loss: 0.0680
2025-10-10 11:44:29,605 [INFO] Época 13/30, Batch 2000/3348, Loss: 0.0467
2025-10-10 11:44:29,821 [INFO] Época 13/30, Batch 2050/3348, Loss: 0.1652
2025-10-10 11:44:30,038 [INFO] Época 13/30, Batch 2100/3348, Loss: 0.0831
2025-10-10 11:44:30,254 [INFO] Época 13/30, Batch 2150/3348, Loss: 0.1104
2025-10-10 11:44:30,472 [INFO] Época 13/30, Batch 2200/3348, Loss: 0.0909
2025-10-10 11:44:30,686 [INFO] Época 13/30, Batch 2250/3348, Loss: 0.1556
2025-10-10 11:44:30,902 [INFO] Época 13/30, Batch 2300/3348, Loss: 0.1008
2025-10-10 11:44:31,118 [INFO] Época 13/30, Batch 2350/3348, Loss: 0.1747
2025-10-10 11:44:31,335 [INFO] Época 13/30, Batch 2400/3348, Loss: 0.1344
2025-10-10 11:44:31,552 [INFO] Época 13/30, Batch 2450/3348, Loss: 0.0542
2025-10-10 11:44:31,771 [INFO] Época 13/30, Batch 2500/3348, Loss: 0.1077
2025-10-10 11:44:31,990 [INFO] Época 13/30, Batch 2550/3348, Loss: 0.1554
2025-10-10 11:44:32,210 [INFO] Época 13/30, Batch 2600/3348, Loss: 0.1025
2025-10-10 11:44:32,438 [INFO] Época 13/30, Batch 2650/3348, Loss: 0.1039
2025-10-10 11:44:32,662 [INFO] Época 13/30, Batch 2700/3348, Loss: 0.0494
2025-10-10 11:44:32,878 [INFO] Época 13/30, Batch 2750/3348, Loss: 0.0802
2025-10-10 11:44:33,095 [INFO] Época 13/30, Batch 2800/3348, Loss: 0.0623
2025-10-10 11:44:33,312 [INFO] Época 13/30, Batch 2850/3348, Loss: 0.1086
2025-10-10 11:44:33,529 [INFO] Época 13/30, Batch 2900/3348, Loss: 0.0507
2025-10-10 11:44:33,746 [INFO] Época 13/30, Batch 2950/3348, Loss: 0.0789
2025-10-10 11:44:33,962 [INFO] Época 13/30, Batch 3000/3348, Loss: 0.1275
2025-10-10 11:44:34,183 [INFO] Época 13/30, Batch 3050/3348, Loss: 0.0607
2025-10-10 11:44:34,395 [INFO] Época 13/30, Batch 3100/3348, Loss: 0.0447
2025-10-10 11:44:34,610 [INFO] Época 13/30, Batch 3150/3348, Loss: 0.1797
2025-10-10 11:44:34,831 [INFO] Época 13/30, Batch 3200/3348, Loss: 0.1478
2025-10-10 11:44:35,043 [INFO] Época 13/30, Batch 3250/3348, Loss: 0.0996
2025-10-10 11:44:35,258 [INFO] Época 13/30, Batch 3300/3348, Loss: 0.1137
2025-10-10 11:44:36,848 [INFO] [13/30] Train Loss: 0.0915 | Val Loss: 0.1645 | Tempo: 15.97s
2025-10-10 11:44:37,370 [INFO] Época 14/30, Batch 50/3348, Loss: 0.0816
2025-10-10 11:44:37,588 [INFO] Época 14/30, Batch 100/3348, Loss: 0.0605
2025-10-10 11:44:37,816 [INFO] Época 14/30, Batch 150/3348, Loss: 0.0538
2025-10-10 11:44:38,034 [INFO] Época 14/30, Batch 200/3348, Loss: 0.1146
2025-10-10 11:44:38,263 [INFO] Época 14/30, Batch 250/3348, Loss: 0.0987
2025-10-10 11:44:38,496 [INFO] Época 14/30, Batch 300/3348, Loss: 0.0782
2025-10-10 11:44:38,713 [INFO] Época 14/30, Batch 350/3348, Loss: 0.0519
2025-10-10 11:44:38,924 [INFO] Época 14/30, Batch 400/3348, Loss: 0.0474
2025-10-10 11:44:39,153 [INFO] Época 14/30, Batch 450/3348, Loss: 0.1001
2025-10-10 11:44:39,364 [INFO] Época 14/30, Batch 500/3348, Loss: 0.0462
2025-10-10 11:44:39,583 [INFO] Época 14/30, Batch 550/3348, Loss: 0.0829
2025-10-10 11:44:39,815 [INFO] Época 14/30, Batch 600/3348, Loss: 0.1081
2025-10-10 11:44:40,046 [INFO] Época 14/30, Batch 650/3348, Loss: 0.1633
2025-10-10 11:44:40,271 [INFO] Época 14/30, Batch 700/3348, Loss: 0.0841
2025-10-10 11:44:40,489 [INFO] Época 14/30, Batch 750/3348, Loss: 0.0849
2025-10-10 11:44:40,707 [INFO] Época 14/30, Batch 800/3348, Loss: 0.0876
2025-10-10 11:44:40,929 [INFO] Época 14/30, Batch 850/3348, Loss: 0.1021
2025-10-10 11:44:41,166 [INFO] Época 14/30, Batch 900/3348, Loss: 0.0739
2025-10-10 11:44:41,409 [INFO] Época 14/30, Batch 950/3348, Loss: 0.0840
2025-10-10 11:44:41,640 [INFO] Época 14/30, Batch 1000/3348, Loss: 0.0482
2025-10-10 11:44:41,853 [INFO] Época 14/30, Batch 1050/3348, Loss: 0.0905
2025-10-10 11:44:42,052 [INFO] Época 14/30, Batch 1100/3348, Loss: 0.0932
2025-10-10 11:44:42,245 [INFO] Época 14/30, Batch 1150/3348, Loss: 0.0775
2025-10-10 11:44:42,436 [INFO] Época 14/30, Batch 1200/3348, Loss: 0.0764
2025-10-10 11:44:42,614 [INFO] Época 14/30, Batch 1250/3348, Loss: 0.0796
2025-10-10 11:44:42,785 [INFO] Época 14/30, Batch 1300/3348, Loss: 0.1176
2025-10-10 11:44:42,962 [INFO] Época 14/30, Batch 1350/3348, Loss: 0.0638
2025-10-10 11:44:43,135 [INFO] Época 14/30, Batch 1400/3348, Loss: 0.0591
2025-10-10 11:44:43,311 [INFO] Época 14/30, Batch 1450/3348, Loss: 0.1108
2025-10-10 11:44:43,488 [INFO] Época 14/30, Batch 1500/3348, Loss: 0.1777
2025-10-10 11:44:43,664 [INFO] Época 14/30, Batch 1550/3348, Loss: 0.0359
2025-10-10 11:44:43,840 [INFO] Época 14/30, Batch 1600/3348, Loss: 0.1088
2025-10-10 11:44:44,020 [INFO] Época 14/30, Batch 1650/3348, Loss: 0.0519
2025-10-10 11:44:44,197 [INFO] Época 14/30, Batch 1700/3348, Loss: 0.0334
2025-10-10 11:44:44,371 [INFO] Época 14/30, Batch 1750/3348, Loss: 0.1700
2025-10-10 11:44:44,547 [INFO] Época 14/30, Batch 1800/3348, Loss: 0.1362
2025-10-10 11:44:44,717 [INFO] Época 14/30, Batch 1850/3348, Loss: 0.0720
2025-10-10 11:44:44,857 [INFO] Época 14/30, Batch 1900/3348, Loss: 0.1123
2025-10-10 11:44:44,992 [INFO] Época 14/30, Batch 1950/3348, Loss: 0.0410
2025-10-10 11:44:45,160 [INFO] Época 14/30, Batch 2000/3348, Loss: 0.0438
2025-10-10 11:44:45,340 [INFO] Época 14/30, Batch 2050/3348, Loss: 0.1131
2025-10-10 11:44:45,520 [INFO] Época 14/30, Batch 2100/3348, Loss: 0.1542
2025-10-10 11:44:45,707 [INFO] Época 14/30, Batch 2150/3348, Loss: 0.0734
2025-10-10 11:44:45,889 [INFO] Época 14/30, Batch 2200/3348, Loss: 0.0902
2025-10-10 11:44:46,105 [INFO] Época 14/30, Batch 2250/3348, Loss: 0.0914
2025-10-10 11:44:46,299 [INFO] Época 14/30, Batch 2300/3348, Loss: 0.1064
2025-10-10 11:44:46,475 [INFO] Época 14/30, Batch 2350/3348, Loss: 0.1161
2025-10-10 11:44:46,651 [INFO] Época 14/30, Batch 2400/3348, Loss: 0.0422
2025-10-10 11:44:46,826 [INFO] Época 14/30, Batch 2450/3348, Loss: 0.1434
2025-10-10 11:44:47,001 [INFO] Época 14/30, Batch 2500/3348, Loss: 0.0494
2025-10-10 11:44:47,177 [INFO] Época 14/30, Batch 2550/3348, Loss: 0.1491
2025-10-10 11:44:47,351 [INFO] Época 14/30, Batch 2600/3348, Loss: 0.0527
2025-10-10 11:44:47,527 [INFO] Época 14/30, Batch 2650/3348, Loss: 0.0564
2025-10-10 11:44:47,703 [INFO] Época 14/30, Batch 2700/3348, Loss: 0.0640
2025-10-10 11:44:47,877 [INFO] Época 14/30, Batch 2750/3348, Loss: 0.1367
2025-10-10 11:44:48,053 [INFO] Época 14/30, Batch 2800/3348, Loss: 0.0645
2025-10-10 11:44:48,229 [INFO] Época 14/30, Batch 2850/3348, Loss: 0.0998
2025-10-10 11:44:48,384 [INFO] Época 14/30, Batch 2900/3348, Loss: 0.1653
2025-10-10 11:44:48,521 [INFO] Época 14/30, Batch 2950/3348, Loss: 0.0439
2025-10-10 11:44:48,665 [INFO] Época 14/30, Batch 3000/3348, Loss: 0.0881
2025-10-10 11:44:48,843 [INFO] Época 14/30, Batch 3050/3348, Loss: 0.0837
2025-10-10 11:44:49,020 [INFO] Época 14/30, Batch 3100/3348, Loss: 0.0750
2025-10-10 11:44:49,194 [INFO] Época 14/30, Batch 3150/3348, Loss: 0.0877
2025-10-10 11:44:49,370 [INFO] Época 14/30, Batch 3200/3348, Loss: 0.0327
2025-10-10 11:44:49,547 [INFO] Época 14/30, Batch 3250/3348, Loss: 0.1650
2025-10-10 11:44:49,720 [INFO] Época 14/30, Batch 3300/3348, Loss: 0.0485
2025-10-10 11:44:51,108 [INFO] [14/30] Train Loss: 0.0893 | Val Loss: 0.1594 | Tempo: 14.26s
2025-10-10 11:44:51,652 [INFO] Época 15/30, Batch 50/3348, Loss: 0.0681
2025-10-10 11:44:51,861 [INFO] Época 15/30, Batch 100/3348, Loss: 0.0715
2025-10-10 11:44:52,112 [INFO] Época 15/30, Batch 150/3348, Loss: 0.0976
2025-10-10 11:44:52,369 [INFO] Época 15/30, Batch 200/3348, Loss: 0.1662
2025-10-10 11:44:52,623 [INFO] Época 15/30, Batch 250/3348, Loss: 0.1359
2025-10-10 11:44:52,877 [INFO] Época 15/30, Batch 300/3348, Loss: 0.0726
2025-10-10 11:44:53,129 [INFO] Época 15/30, Batch 350/3348, Loss: 0.0617
2025-10-10 11:44:53,376 [INFO] Época 15/30, Batch 400/3348, Loss: 0.0601
2025-10-10 11:44:53,629 [INFO] Época 15/30, Batch 450/3348, Loss: 0.1180
2025-10-10 11:44:53,868 [INFO] Época 15/30, Batch 500/3348, Loss: 0.1043
2025-10-10 11:44:54,100 [INFO] Época 15/30, Batch 550/3348, Loss: 0.1374
2025-10-10 11:44:54,318 [INFO] Época 15/30, Batch 600/3348, Loss: 0.0616
2025-10-10 11:44:54,570 [INFO] Época 15/30, Batch 650/3348, Loss: 0.1076
2025-10-10 11:44:54,819 [INFO] Época 15/30, Batch 700/3348, Loss: 0.0775
2025-10-10 11:44:55,074 [INFO] Época 15/30, Batch 750/3348, Loss: 0.0780
2025-10-10 11:44:55,296 [INFO] Época 15/30, Batch 800/3348, Loss: 0.0895
2025-10-10 11:44:55,528 [INFO] Época 15/30, Batch 850/3348, Loss: 0.0457
2025-10-10 11:44:55,781 [INFO] Época 15/30, Batch 900/3348, Loss: 0.0601
2025-10-10 11:44:56,010 [INFO] Época 15/30, Batch 950/3348, Loss: 0.0815
2025-10-10 11:44:56,237 [INFO] Época 15/30, Batch 1000/3348, Loss: 0.0966
2025-10-10 11:44:56,465 [INFO] Época 15/30, Batch 1050/3348, Loss: 0.0990
2025-10-10 11:44:56,689 [INFO] Época 15/30, Batch 1100/3348, Loss: 0.1073
2025-10-10 11:44:56,912 [INFO] Época 15/30, Batch 1150/3348, Loss: 0.0769
2025-10-10 11:44:57,150 [INFO] Época 15/30, Batch 1200/3348, Loss: 0.0998
2025-10-10 11:44:57,381 [INFO] Época 15/30, Batch 1250/3348, Loss: 0.0438
2025-10-10 11:44:57,589 [INFO] Época 15/30, Batch 1300/3348, Loss: 0.0779
2025-10-10 11:44:57,818 [INFO] Época 15/30, Batch 1350/3348, Loss: 0.1453
2025-10-10 11:44:58,042 [INFO] Época 15/30, Batch 1400/3348, Loss: 0.0569
2025-10-10 11:44:58,268 [INFO] Época 15/30, Batch 1450/3348, Loss: 0.0541
2025-10-10 11:44:58,495 [INFO] Época 15/30, Batch 1500/3348, Loss: 0.0538
2025-10-10 11:44:58,706 [INFO] Época 15/30, Batch 1550/3348, Loss: 0.0436
2025-10-10 11:44:58,870 [INFO] Época 15/30, Batch 1600/3348, Loss: 0.1305
2025-10-10 11:44:59,019 [INFO] Época 15/30, Batch 1650/3348, Loss: 0.1091
2025-10-10 11:44:59,184 [INFO] Época 15/30, Batch 1700/3348, Loss: 0.1248
2025-10-10 11:44:59,390 [INFO] Época 15/30, Batch 1750/3348, Loss: 0.1048
2025-10-10 11:44:59,590 [INFO] Época 15/30, Batch 1800/3348, Loss: 0.1038
2025-10-10 11:44:59,772 [INFO] Época 15/30, Batch 1850/3348, Loss: 0.1547
2025-10-10 11:44:59,957 [INFO] Época 15/30, Batch 1900/3348, Loss: 0.1459
2025-10-10 11:45:00,136 [INFO] Época 15/30, Batch 1950/3348, Loss: 0.2185
2025-10-10 11:45:00,320 [INFO] Época 15/30, Batch 2000/3348, Loss: 0.0959
2025-10-10 11:45:00,497 [INFO] Época 15/30, Batch 2050/3348, Loss: 0.0903
2025-10-10 11:45:00,671 [INFO] Época 15/30, Batch 2100/3348, Loss: 0.0654
2025-10-10 11:45:00,852 [INFO] Época 15/30, Batch 2150/3348, Loss: 0.1033
2025-10-10 11:45:01,035 [INFO] Época 15/30, Batch 2200/3348, Loss: 0.0795
2025-10-10 11:45:01,213 [INFO] Época 15/30, Batch 2250/3348, Loss: 0.0564
2025-10-10 11:45:01,389 [INFO] Época 15/30, Batch 2300/3348, Loss: 0.1410
2025-10-10 11:45:01,564 [INFO] Época 15/30, Batch 2350/3348, Loss: 0.0668
2025-10-10 11:45:01,781 [INFO] Época 15/30, Batch 2400/3348, Loss: 0.1550
2025-10-10 11:45:02,037 [INFO] Época 15/30, Batch 2450/3348, Loss: 0.0823
2025-10-10 11:45:02,297 [INFO] Época 15/30, Batch 2500/3348, Loss: 0.0632
2025-10-10 11:45:02,488 [INFO] Época 15/30, Batch 2550/3348, Loss: 0.0769
2025-10-10 11:45:02,626 [INFO] Época 15/30, Batch 2600/3348, Loss: 0.1297
2025-10-10 11:45:02,805 [INFO] Época 15/30, Batch 2650/3348, Loss: 0.0952
2025-10-10 11:45:03,013 [INFO] Época 15/30, Batch 2700/3348, Loss: 0.1113
2025-10-10 11:45:03,223 [INFO] Época 15/30, Batch 2750/3348, Loss: 0.0573
2025-10-10 11:45:03,433 [INFO] Época 15/30, Batch 2800/3348, Loss: 0.0586
2025-10-10 11:45:03,643 [INFO] Época 15/30, Batch 2850/3348, Loss: 0.1442
2025-10-10 11:45:03,853 [INFO] Época 15/30, Batch 2900/3348, Loss: 0.0608
2025-10-10 11:45:04,062 [INFO] Época 15/30, Batch 2950/3348, Loss: 0.1533
2025-10-10 11:45:04,272 [INFO] Época 15/30, Batch 3000/3348, Loss: 0.0662
2025-10-10 11:45:04,479 [INFO] Época 15/30, Batch 3050/3348, Loss: 0.0426
2025-10-10 11:45:04,689 [INFO] Época 15/30, Batch 3100/3348, Loss: 0.1385
2025-10-10 11:45:04,899 [INFO] Época 15/30, Batch 3150/3348, Loss: 0.0538
2025-10-10 11:45:05,109 [INFO] Época 15/30, Batch 3200/3348, Loss: 0.0803
2025-10-10 11:45:05,311 [INFO] Época 15/30, Batch 3250/3348, Loss: 0.1577
2025-10-10 11:45:05,449 [INFO] Época 15/30, Batch 3300/3348, Loss: 0.0585
2025-10-10 11:45:06,854 [INFO] [15/30] Train Loss: 0.0868 | Val Loss: 0.1591 | Tempo: 15.75s
2025-10-10 11:45:06,855 [INFO] Early stopping ativado após 10 épocas sem melhoria
2025-10-10 11:45:06,855 [INFO] Treinamento concluído em 232.46 segundos (3.87 minutos)
2025-10-10 11:45:06,855 [INFO] Iniciando avaliação no conjunto de teste...
2025-10-10 11:45:08,064 [INFO] Avaliação do teste concluída em 1.21 segundos
2025-10-10 11:45:08,064 [INFO] MSE no teste: 1.0865
2025-10-10 11:45:08,064 [INFO] RMSE no teste: 1.0424
2025-10-10 11:45:08,064 [INFO] MAE no teste: 0.8574
2025-10-10 11:45:08,065 [INFO] Métricas salvas em /mnt/hdd/home/jdurao/ToolBox-ChemXAI/logs/mlp_att13_Topological_metrics.json
