2025-10-10 04:20:24,099 [INFO] Iniciando treinamento do modelo mlp_att8_3D
2025-10-10 04:20:24,099 [INFO] Configuração: att_index=8, epochs=30, layers=[128, 64, 32], lr=0.001, batch_size=32, descriptor_type=3D
2025-10-10 04:20:24,099 [INFO] Diretório para modelos: /mnt/hdd/home/jdurao/ToolBox-ChemXAI/models
2025-10-10 04:20:24,099 [INFO] Carregando dados...
2025-10-10 04:20:24,198 [INFO] Preparando dataloaders sem ruído...
2025-10-10 04:26:22,513 [INFO] Dados carregados em 358.41 segundos
2025-10-10 04:26:22,514 [INFO] Tamanhos dos conjuntos - Treino: 105179, Validação: 13147, Teste: 13148
2025-10-10 04:26:22,514 [INFO] Usando dispositivo: cuda
2025-10-10 04:26:22,888 [INFO] Dimensão de entrada: 5, Dimensão de saída: 1
2025-10-10 04:26:22,889 [INFO] Criando modelo MLP com camadas: [128, 64, 32]
2025-10-10 04:26:22,892 [INFO] Modelo criado com 11137 parâmetros
2025-10-10 04:26:22,911 [INFO] Iniciando treinamento com 30 épocas...
2025-10-10 04:26:23,452 [INFO] Época 1/30, Batch 50/3287, Loss: 0.2845
2025-10-10 04:26:23,714 [INFO] Época 1/30, Batch 100/3287, Loss: 0.3095
2025-10-10 04:26:23,970 [INFO] Época 1/30, Batch 150/3287, Loss: 0.2470
2025-10-10 04:26:24,219 [INFO] Época 1/30, Batch 200/3287, Loss: 0.2373
2025-10-10 04:26:24,468 [INFO] Época 1/30, Batch 250/3287, Loss: 0.2671
2025-10-10 04:26:24,732 [INFO] Época 1/30, Batch 300/3287, Loss: 0.3330
2025-10-10 04:26:25,002 [INFO] Época 1/30, Batch 350/3287, Loss: 0.1698
2025-10-10 04:26:25,265 [INFO] Época 1/30, Batch 400/3287, Loss: 0.2040
2025-10-10 04:26:25,527 [INFO] Época 1/30, Batch 450/3287, Loss: 0.3190
2025-10-10 04:26:25,788 [INFO] Época 1/30, Batch 500/3287, Loss: 0.2809
2025-10-10 04:26:26,048 [INFO] Época 1/30, Batch 550/3287, Loss: 0.2266
2025-10-10 04:26:26,312 [INFO] Época 1/30, Batch 600/3287, Loss: 0.1917
2025-10-10 04:26:26,576 [INFO] Época 1/30, Batch 650/3287, Loss: 0.2273
2025-10-10 04:26:26,845 [INFO] Época 1/30, Batch 700/3287, Loss: 0.2817
2025-10-10 04:26:27,114 [INFO] Época 1/30, Batch 750/3287, Loss: 0.2505
2025-10-10 04:26:27,371 [INFO] Época 1/30, Batch 800/3287, Loss: 0.2019
2025-10-10 04:26:27,629 [INFO] Época 1/30, Batch 850/3287, Loss: 0.2247
2025-10-10 04:26:27,886 [INFO] Época 1/30, Batch 900/3287, Loss: 0.1830
2025-10-10 04:26:28,143 [INFO] Época 1/30, Batch 950/3287, Loss: 0.2830
2025-10-10 04:26:28,403 [INFO] Época 1/30, Batch 1000/3287, Loss: 0.2588
2025-10-10 04:26:28,662 [INFO] Época 1/30, Batch 1050/3287, Loss: 0.2784
2025-10-10 04:26:28,920 [INFO] Época 1/30, Batch 1100/3287, Loss: 0.2333
2025-10-10 04:26:29,178 [INFO] Época 1/30, Batch 1150/3287, Loss: 0.2614
2025-10-10 04:26:29,436 [INFO] Época 1/30, Batch 1200/3287, Loss: 0.2744
2025-10-10 04:26:29,696 [INFO] Época 1/30, Batch 1250/3287, Loss: 0.2566
2025-10-10 04:26:29,959 [INFO] Época 1/30, Batch 1300/3287, Loss: 0.2002
2025-10-10 04:26:30,219 [INFO] Época 1/30, Batch 1350/3287, Loss: 0.2188
2025-10-10 04:26:30,480 [INFO] Época 1/30, Batch 1400/3287, Loss: 0.1278
2025-10-10 04:26:30,738 [INFO] Época 1/30, Batch 1450/3287, Loss: 0.2883
2025-10-10 04:26:30,997 [INFO] Época 1/30, Batch 1500/3287, Loss: 0.2817
2025-10-10 04:26:31,255 [INFO] Época 1/30, Batch 1550/3287, Loss: 0.3223
2025-10-10 04:26:31,514 [INFO] Época 1/30, Batch 1600/3287, Loss: 0.2450
2025-10-10 04:26:31,773 [INFO] Época 1/30, Batch 1650/3287, Loss: 0.2161
2025-10-10 04:26:32,029 [INFO] Época 1/30, Batch 1700/3287, Loss: 0.2369
2025-10-10 04:26:32,289 [INFO] Época 1/30, Batch 1750/3287, Loss: 0.2390
2025-10-10 04:26:32,546 [INFO] Época 1/30, Batch 1800/3287, Loss: 0.2046
2025-10-10 04:26:32,804 [INFO] Época 1/30, Batch 1850/3287, Loss: 0.3127
2025-10-10 04:26:33,061 [INFO] Época 1/30, Batch 1900/3287, Loss: 0.2967
2025-10-10 04:26:33,318 [INFO] Época 1/30, Batch 1950/3287, Loss: 0.2048
2025-10-10 04:26:33,576 [INFO] Época 1/30, Batch 2000/3287, Loss: 0.1696
2025-10-10 04:26:33,833 [INFO] Época 1/30, Batch 2050/3287, Loss: 0.1636
2025-10-10 04:26:34,089 [INFO] Época 1/30, Batch 2100/3287, Loss: 0.2221
2025-10-10 04:26:34,348 [INFO] Época 1/30, Batch 2150/3287, Loss: 0.2144
2025-10-10 04:26:34,608 [INFO] Época 1/30, Batch 2200/3287, Loss: 0.3374
2025-10-10 04:26:34,868 [INFO] Época 1/30, Batch 2250/3287, Loss: 0.2243
2025-10-10 04:26:35,126 [INFO] Época 1/30, Batch 2300/3287, Loss: 0.2579
2025-10-10 04:26:35,394 [INFO] Época 1/30, Batch 2350/3287, Loss: 0.2931
2025-10-10 04:26:35,651 [INFO] Época 1/30, Batch 2400/3287, Loss: 0.2707
2025-10-10 04:26:35,911 [INFO] Época 1/30, Batch 2450/3287, Loss: 0.2260
2025-10-10 04:26:36,171 [INFO] Época 1/30, Batch 2500/3287, Loss: 0.2093
2025-10-10 04:26:36,428 [INFO] Época 1/30, Batch 2550/3287, Loss: 0.2227
2025-10-10 04:26:36,686 [INFO] Época 1/30, Batch 2600/3287, Loss: 0.2434
2025-10-10 04:26:36,946 [INFO] Época 1/30, Batch 2650/3287, Loss: 0.2449
2025-10-10 04:26:37,206 [INFO] Época 1/30, Batch 2700/3287, Loss: 0.2966
2025-10-10 04:26:37,467 [INFO] Época 1/30, Batch 2750/3287, Loss: 0.2261
2025-10-10 04:26:37,728 [INFO] Época 1/30, Batch 2800/3287, Loss: 0.1608
2025-10-10 04:26:37,988 [INFO] Época 1/30, Batch 2850/3287, Loss: 0.2785
2025-10-10 04:26:38,250 [INFO] Época 1/30, Batch 2900/3287, Loss: 0.3178
2025-10-10 04:26:38,511 [INFO] Época 1/30, Batch 2950/3287, Loss: 0.2432
2025-10-10 04:26:38,771 [INFO] Época 1/30, Batch 3000/3287, Loss: 0.2741
2025-10-10 04:26:39,033 [INFO] Época 1/30, Batch 3050/3287, Loss: 0.1729
2025-10-10 04:26:39,294 [INFO] Época 1/30, Batch 3100/3287, Loss: 0.1599
2025-10-10 04:26:39,556 [INFO] Época 1/30, Batch 3150/3287, Loss: 0.2362
2025-10-10 04:26:39,820 [INFO] Época 1/30, Batch 3200/3287, Loss: 0.1985
2025-10-10 04:26:40,084 [INFO] Época 1/30, Batch 3250/3287, Loss: 0.2714
2025-10-10 04:26:41,691 [INFO] [1/30] Train Loss: 0.2414 | Val Loss: 0.3920 | Tempo: 18.78s
2025-10-10 04:26:41,696 [INFO] Melhor modelo salvo em: /mnt/hdd/home/jdurao/ToolBox-ChemXAI/models/mlp_qm9_3D_att8_large.pth
2025-10-10 04:26:42,240 [INFO] Época 2/30, Batch 50/3287, Loss: 0.2285
2025-10-10 04:26:42,504 [INFO] Época 2/30, Batch 100/3287, Loss: 0.2271
2025-10-10 04:26:42,766 [INFO] Época 2/30, Batch 150/3287, Loss: 0.2333
2025-10-10 04:26:43,026 [INFO] Época 2/30, Batch 200/3287, Loss: 0.2258
2025-10-10 04:26:43,287 [INFO] Época 2/30, Batch 250/3287, Loss: 0.3043
2025-10-10 04:26:43,548 [INFO] Época 2/30, Batch 300/3287, Loss: 0.2501
2025-10-10 04:26:43,807 [INFO] Época 2/30, Batch 350/3287, Loss: 0.2620
2025-10-10 04:26:44,063 [INFO] Época 2/30, Batch 400/3287, Loss: 0.2042
2025-10-10 04:26:44,319 [INFO] Época 2/30, Batch 450/3287, Loss: 0.2546
2025-10-10 04:26:44,574 [INFO] Época 2/30, Batch 500/3287, Loss: 0.2737
2025-10-10 04:26:44,832 [INFO] Época 2/30, Batch 550/3287, Loss: 0.2598
2025-10-10 04:26:45,087 [INFO] Época 2/30, Batch 600/3287, Loss: 0.2541
2025-10-10 04:26:45,345 [INFO] Época 2/30, Batch 650/3287, Loss: 0.1758
2025-10-10 04:26:45,602 [INFO] Época 2/30, Batch 700/3287, Loss: 0.3878
2025-10-10 04:26:45,860 [INFO] Época 2/30, Batch 750/3287, Loss: 0.2483
2025-10-10 04:26:46,121 [INFO] Época 2/30, Batch 800/3287, Loss: 0.2091
2025-10-10 04:26:46,379 [INFO] Época 2/30, Batch 850/3287, Loss: 0.2065
2025-10-10 04:26:46,639 [INFO] Época 2/30, Batch 900/3287, Loss: 0.2228
2025-10-10 04:26:46,899 [INFO] Época 2/30, Batch 950/3287, Loss: 0.2049
2025-10-10 04:26:47,161 [INFO] Época 2/30, Batch 1000/3287, Loss: 0.2335
2025-10-10 04:26:47,410 [INFO] Época 2/30, Batch 1050/3287, Loss: 0.2566
2025-10-10 04:26:47,657 [INFO] Época 2/30, Batch 1100/3287, Loss: 0.2705
2025-10-10 04:26:47,911 [INFO] Época 2/30, Batch 1150/3287, Loss: 0.2506
2025-10-10 04:26:48,167 [INFO] Época 2/30, Batch 1200/3287, Loss: 0.2250
2025-10-10 04:26:48,423 [INFO] Época 2/30, Batch 1250/3287, Loss: 0.2596
2025-10-10 04:26:48,684 [INFO] Época 2/30, Batch 1300/3287, Loss: 0.2141
2025-10-10 04:26:48,939 [INFO] Época 2/30, Batch 1350/3287, Loss: 0.2507
2025-10-10 04:26:49,198 [INFO] Época 2/30, Batch 1400/3287, Loss: 0.2194
2025-10-10 04:26:49,457 [INFO] Época 2/30, Batch 1450/3287, Loss: 0.2966
2025-10-10 04:26:49,711 [INFO] Época 2/30, Batch 1500/3287, Loss: 0.2628
2025-10-10 04:26:49,970 [INFO] Época 2/30, Batch 1550/3287, Loss: 0.1880
2025-10-10 04:26:50,226 [INFO] Época 2/30, Batch 1600/3287, Loss: 0.1832
2025-10-10 04:26:50,483 [INFO] Época 2/30, Batch 1650/3287, Loss: 0.1886
2025-10-10 04:26:50,739 [INFO] Época 2/30, Batch 1700/3287, Loss: 0.2018
2025-10-10 04:26:51,004 [INFO] Época 2/30, Batch 1750/3287, Loss: 0.2158
2025-10-10 04:26:51,262 [INFO] Época 2/30, Batch 1800/3287, Loss: 0.1900
2025-10-10 04:26:51,521 [INFO] Época 2/30, Batch 1850/3287, Loss: 0.2060
2025-10-10 04:26:51,780 [INFO] Época 2/30, Batch 1900/3287, Loss: 0.1817
2025-10-10 04:26:52,040 [INFO] Época 2/30, Batch 1950/3287, Loss: 0.2366
2025-10-10 04:26:52,302 [INFO] Época 2/30, Batch 2000/3287, Loss: 0.1915
2025-10-10 04:26:52,562 [INFO] Época 2/30, Batch 2050/3287, Loss: 0.1880
2025-10-10 04:26:52,822 [INFO] Época 2/30, Batch 2100/3287, Loss: 0.2104
2025-10-10 04:26:53,082 [INFO] Época 2/30, Batch 2150/3287, Loss: 0.2484
2025-10-10 04:26:53,342 [INFO] Época 2/30, Batch 2200/3287, Loss: 0.2174
2025-10-10 04:26:53,604 [INFO] Época 2/30, Batch 2250/3287, Loss: 0.2004
2025-10-10 04:26:53,868 [INFO] Época 2/30, Batch 2300/3287, Loss: 0.2429
2025-10-10 04:26:54,129 [INFO] Época 2/30, Batch 2350/3287, Loss: 0.1925
2025-10-10 04:26:54,390 [INFO] Época 2/30, Batch 2400/3287, Loss: 0.2575
2025-10-10 04:26:54,649 [INFO] Época 2/30, Batch 2450/3287, Loss: 0.2227
2025-10-10 04:26:54,911 [INFO] Época 2/30, Batch 2500/3287, Loss: 0.2718
2025-10-10 04:26:55,171 [INFO] Época 2/30, Batch 2550/3287, Loss: 0.2155
2025-10-10 04:26:55,434 [INFO] Época 2/30, Batch 2600/3287, Loss: 0.2414
2025-10-10 04:26:55,696 [INFO] Época 2/30, Batch 2650/3287, Loss: 0.2351
2025-10-10 04:26:55,956 [INFO] Época 2/30, Batch 2700/3287, Loss: 0.2255
2025-10-10 04:26:56,215 [INFO] Época 2/30, Batch 2750/3287, Loss: 0.2277
2025-10-10 04:26:56,475 [INFO] Época 2/30, Batch 2800/3287, Loss: 0.2110
2025-10-10 04:26:56,733 [INFO] Época 2/30, Batch 2850/3287, Loss: 0.2982
2025-10-10 04:26:56,991 [INFO] Época 2/30, Batch 2900/3287, Loss: 0.1863
2025-10-10 04:26:57,249 [INFO] Época 2/30, Batch 2950/3287, Loss: 0.1933
2025-10-10 04:26:57,509 [INFO] Época 2/30, Batch 3000/3287, Loss: 0.2153
2025-10-10 04:26:57,766 [INFO] Época 2/30, Batch 3050/3287, Loss: 0.3256
2025-10-10 04:26:58,026 [INFO] Época 2/30, Batch 3100/3287, Loss: 0.2465
2025-10-10 04:26:58,285 [INFO] Época 2/30, Batch 3150/3287, Loss: 0.2193
2025-10-10 04:26:58,543 [INFO] Época 2/30, Batch 3200/3287, Loss: 0.1800
2025-10-10 04:26:58,799 [INFO] Época 2/30, Batch 3250/3287, Loss: 0.2054
2025-10-10 04:27:00,443 [INFO] [2/30] Train Loss: 0.2323 | Val Loss: 0.3220 | Tempo: 18.75s
2025-10-10 04:27:00,447 [INFO] Melhor modelo salvo em: /mnt/hdd/home/jdurao/ToolBox-ChemXAI/models/mlp_qm9_3D_att8_large.pth
2025-10-10 04:27:01,001 [INFO] Época 3/30, Batch 50/3287, Loss: 0.2198
2025-10-10 04:27:01,265 [INFO] Época 3/30, Batch 100/3287, Loss: 0.2421
2025-10-10 04:27:01,526 [INFO] Época 3/30, Batch 150/3287, Loss: 0.2593
2025-10-10 04:27:01,786 [INFO] Época 3/30, Batch 200/3287, Loss: 0.2652
2025-10-10 04:27:02,048 [INFO] Época 3/30, Batch 250/3287, Loss: 0.2791
2025-10-10 04:27:02,310 [INFO] Época 3/30, Batch 300/3287, Loss: 0.1904
2025-10-10 04:27:02,576 [INFO] Época 3/30, Batch 350/3287, Loss: 0.1901
2025-10-10 04:27:02,834 [INFO] Época 3/30, Batch 400/3287, Loss: 0.2244
2025-10-10 04:27:03,093 [INFO] Época 3/30, Batch 450/3287, Loss: 0.2152
2025-10-10 04:27:03,352 [INFO] Época 3/30, Batch 500/3287, Loss: 0.1917
2025-10-10 04:27:03,613 [INFO] Época 3/30, Batch 550/3287, Loss: 0.2038
2025-10-10 04:27:03,874 [INFO] Época 3/30, Batch 600/3287, Loss: 0.2483
2025-10-10 04:27:04,132 [INFO] Época 3/30, Batch 650/3287, Loss: 0.2610
2025-10-10 04:27:04,390 [INFO] Época 3/30, Batch 700/3287, Loss: 0.2048
2025-10-10 04:27:04,648 [INFO] Época 3/30, Batch 750/3287, Loss: 0.2527
2025-10-10 04:27:04,906 [INFO] Época 3/30, Batch 800/3287, Loss: 0.2181
2025-10-10 04:27:05,166 [INFO] Época 3/30, Batch 850/3287, Loss: 0.2149
2025-10-10 04:27:05,423 [INFO] Época 3/30, Batch 900/3287, Loss: 0.2476
2025-10-10 04:27:05,682 [INFO] Época 3/30, Batch 950/3287, Loss: 0.1931
2025-10-10 04:27:05,939 [INFO] Época 3/30, Batch 1000/3287, Loss: 0.2151
2025-10-10 04:27:06,198 [INFO] Época 3/30, Batch 1050/3287, Loss: 0.3053
2025-10-10 04:27:06,456 [INFO] Época 3/30, Batch 1100/3287, Loss: 0.2247
2025-10-10 04:27:06,712 [INFO] Época 3/30, Batch 1150/3287, Loss: 0.1593
2025-10-10 04:27:06,969 [INFO] Época 3/30, Batch 1200/3287, Loss: 0.2558
2025-10-10 04:27:07,228 [INFO] Época 3/30, Batch 1250/3287, Loss: 0.2056
2025-10-10 04:27:07,486 [INFO] Época 3/30, Batch 1300/3287, Loss: 0.2503
2025-10-10 04:27:07,755 [INFO] Época 3/30, Batch 1350/3287, Loss: 0.2220
2025-10-10 04:27:08,014 [INFO] Época 3/30, Batch 1400/3287, Loss: 0.2549
2025-10-10 04:27:08,273 [INFO] Época 3/30, Batch 1450/3287, Loss: 0.1989
2025-10-10 04:27:08,530 [INFO] Época 3/30, Batch 1500/3287, Loss: 0.2096
2025-10-10 04:27:08,789 [INFO] Época 3/30, Batch 1550/3287, Loss: 0.2137
2025-10-10 04:27:09,047 [INFO] Época 3/30, Batch 1600/3287, Loss: 0.2811
2025-10-10 04:27:09,305 [INFO] Época 3/30, Batch 1650/3287, Loss: 0.1980
2025-10-10 04:27:09,562 [INFO] Época 3/30, Batch 1700/3287, Loss: 0.1841
2025-10-10 04:27:09,820 [INFO] Época 3/30, Batch 1750/3287, Loss: 0.2296
2025-10-10 04:27:10,078 [INFO] Época 3/30, Batch 1800/3287, Loss: 0.2786
2025-10-10 04:27:10,336 [INFO] Época 3/30, Batch 1850/3287, Loss: 0.2817
2025-10-10 04:27:10,594 [INFO] Época 3/30, Batch 1900/3287, Loss: 0.2076
2025-10-10 04:27:10,851 [INFO] Época 3/30, Batch 1950/3287, Loss: 0.2047
2025-10-10 04:27:11,107 [INFO] Época 3/30, Batch 2000/3287, Loss: 0.2178
2025-10-10 04:27:11,365 [INFO] Época 3/30, Batch 2050/3287, Loss: 0.2757
2025-10-10 04:27:11,624 [INFO] Época 3/30, Batch 2100/3287, Loss: 0.3167
2025-10-10 04:27:11,880 [INFO] Época 3/30, Batch 2150/3287, Loss: 0.2366
2025-10-10 04:27:12,136 [INFO] Época 3/30, Batch 2200/3287, Loss: 0.2412
2025-10-10 04:27:12,393 [INFO] Época 3/30, Batch 2250/3287, Loss: 0.2864
2025-10-10 04:27:12,652 [INFO] Época 3/30, Batch 2300/3287, Loss: 0.1734
2025-10-10 04:27:12,912 [INFO] Época 3/30, Batch 2350/3287, Loss: 0.2440
2025-10-10 04:27:13,171 [INFO] Época 3/30, Batch 2400/3287, Loss: 0.2529
2025-10-10 04:27:13,429 [INFO] Época 3/30, Batch 2450/3287, Loss: 0.2741
2025-10-10 04:27:13,687 [INFO] Época 3/30, Batch 2500/3287, Loss: 0.1829
2025-10-10 04:27:13,944 [INFO] Época 3/30, Batch 2550/3287, Loss: 0.1689
2025-10-10 04:27:14,204 [INFO] Época 3/30, Batch 2600/3287, Loss: 0.2401
2025-10-10 04:27:14,462 [INFO] Época 3/30, Batch 2650/3287, Loss: 0.1907
2025-10-10 04:27:14,720 [INFO] Época 3/30, Batch 2700/3287, Loss: 0.2709
2025-10-10 04:27:14,977 [INFO] Época 3/30, Batch 2750/3287, Loss: 0.2560
2025-10-10 04:27:15,233 [INFO] Época 3/30, Batch 2800/3287, Loss: 0.2522
2025-10-10 04:27:15,490 [INFO] Época 3/30, Batch 2850/3287, Loss: 0.1791
2025-10-10 04:27:15,750 [INFO] Época 3/30, Batch 2900/3287, Loss: 0.1957
2025-10-10 04:27:16,006 [INFO] Época 3/30, Batch 2950/3287, Loss: 0.3745
2025-10-10 04:27:16,262 [INFO] Época 3/30, Batch 3000/3287, Loss: 0.2920
2025-10-10 04:27:16,518 [INFO] Época 3/30, Batch 3050/3287, Loss: 0.2125
2025-10-10 04:27:16,777 [INFO] Época 3/30, Batch 3100/3287, Loss: 0.1669
2025-10-10 04:27:17,036 [INFO] Época 3/30, Batch 3150/3287, Loss: 0.2532
2025-10-10 04:27:17,293 [INFO] Época 3/30, Batch 3200/3287, Loss: 0.2495
2025-10-10 04:27:17,553 [INFO] Época 3/30, Batch 3250/3287, Loss: 0.2212
2025-10-10 04:27:19,278 [INFO] [3/30] Train Loss: 0.2307 | Val Loss: 0.3077 | Tempo: 18.83s
2025-10-10 04:27:19,282 [INFO] Melhor modelo salvo em: /mnt/hdd/home/jdurao/ToolBox-ChemXAI/models/mlp_qm9_3D_att8_large.pth
2025-10-10 04:27:19,837 [INFO] Época 4/30, Batch 50/3287, Loss: 0.1878
2025-10-10 04:27:20,108 [INFO] Época 4/30, Batch 100/3287, Loss: 0.1979
2025-10-10 04:27:20,381 [INFO] Época 4/30, Batch 150/3287, Loss: 0.2163
2025-10-10 04:27:20,650 [INFO] Época 4/30, Batch 200/3287, Loss: 0.1625
2025-10-10 04:27:20,920 [INFO] Época 4/30, Batch 250/3287, Loss: 0.1461
2025-10-10 04:27:21,191 [INFO] Época 4/30, Batch 300/3287, Loss: 0.1616
2025-10-10 04:27:21,460 [INFO] Época 4/30, Batch 350/3287, Loss: 0.1916
2025-10-10 04:27:21,727 [INFO] Época 4/30, Batch 400/3287, Loss: 0.3160
2025-10-10 04:27:21,985 [INFO] Época 4/30, Batch 450/3287, Loss: 0.2834
2025-10-10 04:27:22,244 [INFO] Época 4/30, Batch 500/3287, Loss: 0.2077
2025-10-10 04:27:22,505 [INFO] Época 4/30, Batch 550/3287, Loss: 0.2245
2025-10-10 04:27:22,764 [INFO] Época 4/30, Batch 600/3287, Loss: 0.1697
2025-10-10 04:27:23,022 [INFO] Época 4/30, Batch 650/3287, Loss: 0.2049
2025-10-10 04:27:23,279 [INFO] Época 4/30, Batch 700/3287, Loss: 0.2168
2025-10-10 04:27:23,534 [INFO] Época 4/30, Batch 750/3287, Loss: 0.2307
2025-10-10 04:27:23,798 [INFO] Época 4/30, Batch 800/3287, Loss: 0.2264
2025-10-10 04:27:24,060 [INFO] Época 4/30, Batch 850/3287, Loss: 0.2315
2025-10-10 04:27:24,324 [INFO] Época 4/30, Batch 900/3287, Loss: 0.2580
2025-10-10 04:27:24,593 [INFO] Época 4/30, Batch 950/3287, Loss: 0.2212
2025-10-10 04:27:24,848 [INFO] Época 4/30, Batch 1000/3287, Loss: 0.1968
2025-10-10 04:27:25,103 [INFO] Época 4/30, Batch 1050/3287, Loss: 0.1548
2025-10-10 04:27:25,356 [INFO] Época 4/30, Batch 1100/3287, Loss: 0.2851
2025-10-10 04:27:25,612 [INFO] Época 4/30, Batch 1150/3287, Loss: 0.2148
2025-10-10 04:27:25,865 [INFO] Época 4/30, Batch 1200/3287, Loss: 0.2560
2025-10-10 04:27:26,121 [INFO] Época 4/30, Batch 1250/3287, Loss: 0.2293
2025-10-10 04:27:26,374 [INFO] Época 4/30, Batch 1300/3287, Loss: 0.2590
2025-10-10 04:27:26,638 [INFO] Época 4/30, Batch 1350/3287, Loss: 0.1900
2025-10-10 04:27:26,902 [INFO] Época 4/30, Batch 1400/3287, Loss: 0.2242
2025-10-10 04:27:27,164 [INFO] Época 4/30, Batch 1450/3287, Loss: 0.2137
2025-10-10 04:27:27,427 [INFO] Época 4/30, Batch 1500/3287, Loss: 0.2108
2025-10-10 04:27:27,689 [INFO] Época 4/30, Batch 1550/3287, Loss: 0.1851
2025-10-10 04:27:27,952 [INFO] Época 4/30, Batch 1600/3287, Loss: 0.2219
2025-10-10 04:27:28,216 [INFO] Época 4/30, Batch 1650/3287, Loss: 0.1936
2025-10-10 04:27:28,481 [INFO] Época 4/30, Batch 1700/3287, Loss: 0.2857
2025-10-10 04:27:28,744 [INFO] Época 4/30, Batch 1750/3287, Loss: 0.2922
2025-10-10 04:27:29,007 [INFO] Época 4/30, Batch 1800/3287, Loss: 0.1929
2025-10-10 04:27:29,269 [INFO] Época 4/30, Batch 1850/3287, Loss: 0.2388
2025-10-10 04:27:29,534 [INFO] Época 4/30, Batch 1900/3287, Loss: 0.1866
2025-10-10 04:27:29,796 [INFO] Época 4/30, Batch 1950/3287, Loss: 0.2683
2025-10-10 04:27:30,058 [INFO] Época 4/30, Batch 2000/3287, Loss: 0.2514
2025-10-10 04:27:30,322 [INFO] Época 4/30, Batch 2050/3287, Loss: 0.1853
2025-10-10 04:27:30,586 [INFO] Época 4/30, Batch 2100/3287, Loss: 0.2989
2025-10-10 04:27:30,850 [INFO] Época 4/30, Batch 2150/3287, Loss: 0.1736
2025-10-10 04:27:31,116 [INFO] Época 4/30, Batch 2200/3287, Loss: 0.1953
2025-10-10 04:27:31,380 [INFO] Época 4/30, Batch 2250/3287, Loss: 0.2009
2025-10-10 04:27:31,647 [INFO] Época 4/30, Batch 2300/3287, Loss: 0.1497
2025-10-10 04:27:31,912 [INFO] Época 4/30, Batch 2350/3287, Loss: 0.1813
2025-10-10 04:27:32,179 [INFO] Época 4/30, Batch 2400/3287, Loss: 0.1672
2025-10-10 04:27:32,445 [INFO] Época 4/30, Batch 2450/3287, Loss: 0.2294
2025-10-10 04:27:32,712 [INFO] Época 4/30, Batch 2500/3287, Loss: 0.2405
2025-10-10 04:27:32,976 [INFO] Época 4/30, Batch 2550/3287, Loss: 0.2109
2025-10-10 04:27:33,242 [INFO] Época 4/30, Batch 2600/3287, Loss: 0.1552
2025-10-10 04:27:33,505 [INFO] Época 4/30, Batch 2650/3287, Loss: 0.3296
2025-10-10 04:27:33,770 [INFO] Época 4/30, Batch 2700/3287, Loss: 0.2812
2025-10-10 04:27:34,033 [INFO] Época 4/30, Batch 2750/3287, Loss: 0.1567
2025-10-10 04:27:34,296 [INFO] Época 4/30, Batch 2800/3287, Loss: 0.2190
2025-10-10 04:27:34,560 [INFO] Época 4/30, Batch 2850/3287, Loss: 0.2794
2025-10-10 04:27:34,827 [INFO] Época 4/30, Batch 2900/3287, Loss: 0.1802
2025-10-10 04:27:35,094 [INFO] Época 4/30, Batch 2950/3287, Loss: 0.1894
2025-10-10 04:27:35,360 [INFO] Época 4/30, Batch 3000/3287, Loss: 0.1679
2025-10-10 04:27:35,625 [INFO] Época 4/30, Batch 3050/3287, Loss: 0.3185
2025-10-10 04:27:35,895 [INFO] Época 4/30, Batch 3100/3287, Loss: 0.2534
2025-10-10 04:27:36,170 [INFO] Época 4/30, Batch 3150/3287, Loss: 0.3167
2025-10-10 04:27:36,446 [INFO] Época 4/30, Batch 3200/3287, Loss: 0.2209
2025-10-10 04:27:36,721 [INFO] Época 4/30, Batch 3250/3287, Loss: 0.2039
2025-10-10 04:27:38,452 [INFO] [4/30] Train Loss: 0.2295 | Val Loss: 0.3272 | Tempo: 19.17s
2025-10-10 04:27:39,004 [INFO] Época 5/30, Batch 50/3287, Loss: 0.2591
2025-10-10 04:27:39,267 [INFO] Época 5/30, Batch 100/3287, Loss: 0.2222
2025-10-10 04:27:39,527 [INFO] Época 5/30, Batch 150/3287, Loss: 0.2588
2025-10-10 04:27:39,787 [INFO] Época 5/30, Batch 200/3287, Loss: 0.2856
2025-10-10 04:27:40,049 [INFO] Época 5/30, Batch 250/3287, Loss: 0.2339
2025-10-10 04:27:40,307 [INFO] Época 5/30, Batch 300/3287, Loss: 0.2306
2025-10-10 04:27:40,565 [INFO] Época 5/30, Batch 350/3287, Loss: 0.2062
2025-10-10 04:27:40,823 [INFO] Época 5/30, Batch 400/3287, Loss: 0.2444
2025-10-10 04:27:41,083 [INFO] Época 5/30, Batch 450/3287, Loss: 0.1890
2025-10-10 04:27:41,342 [INFO] Época 5/30, Batch 500/3287, Loss: 0.2023
2025-10-10 04:27:41,601 [INFO] Época 5/30, Batch 550/3287, Loss: 0.1814
2025-10-10 04:27:41,857 [INFO] Época 5/30, Batch 600/3287, Loss: 0.2061
2025-10-10 04:27:42,119 [INFO] Época 5/30, Batch 650/3287, Loss: 0.2165
2025-10-10 04:27:42,381 [INFO] Época 5/30, Batch 700/3287, Loss: 0.2437
2025-10-10 04:27:42,647 [INFO] Época 5/30, Batch 750/3287, Loss: 0.2295
2025-10-10 04:27:42,912 [INFO] Época 5/30, Batch 800/3287, Loss: 0.1772
2025-10-10 04:27:43,179 [INFO] Época 5/30, Batch 850/3287, Loss: 0.1863
2025-10-10 04:27:43,446 [INFO] Época 5/30, Batch 900/3287, Loss: 0.3604
2025-10-10 04:27:43,711 [INFO] Época 5/30, Batch 950/3287, Loss: 0.2364
2025-10-10 04:27:43,978 [INFO] Época 5/30, Batch 1000/3287, Loss: 0.1715
2025-10-10 04:27:44,242 [INFO] Época 5/30, Batch 1050/3287, Loss: 0.2041
2025-10-10 04:27:44,508 [INFO] Época 5/30, Batch 1100/3287, Loss: 0.2210
2025-10-10 04:27:44,772 [INFO] Época 5/30, Batch 1150/3287, Loss: 0.2084
2025-10-10 04:27:45,030 [INFO] Época 5/30, Batch 1200/3287, Loss: 0.2307
2025-10-10 04:27:45,287 [INFO] Época 5/30, Batch 1250/3287, Loss: 0.1455
2025-10-10 04:27:45,545 [INFO] Época 5/30, Batch 1300/3287, Loss: 0.2336
2025-10-10 04:27:45,803 [INFO] Época 5/30, Batch 1350/3287, Loss: 0.1889
2025-10-10 04:27:46,060 [INFO] Época 5/30, Batch 1400/3287, Loss: 0.2430
2025-10-10 04:27:46,319 [INFO] Época 5/30, Batch 1450/3287, Loss: 0.1806
2025-10-10 04:27:46,577 [INFO] Época 5/30, Batch 1500/3287, Loss: 0.1584
2025-10-10 04:27:46,836 [INFO] Época 5/30, Batch 1550/3287, Loss: 0.1824
2025-10-10 04:27:47,095 [INFO] Época 5/30, Batch 1600/3287, Loss: 0.1504
2025-10-10 04:27:47,354 [INFO] Época 5/30, Batch 1650/3287, Loss: 0.2319
2025-10-10 04:27:47,615 [INFO] Época 5/30, Batch 1700/3287, Loss: 0.2454
2025-10-10 04:27:47,873 [INFO] Época 5/30, Batch 1750/3287, Loss: 0.2439
2025-10-10 04:27:48,132 [INFO] Época 5/30, Batch 1800/3287, Loss: 0.2076
2025-10-10 04:27:48,390 [INFO] Época 5/30, Batch 1850/3287, Loss: 0.2811
2025-10-10 04:27:48,650 [INFO] Época 5/30, Batch 1900/3287, Loss: 0.1981
2025-10-10 04:27:48,914 [INFO] Época 5/30, Batch 1950/3287, Loss: 0.2235
2025-10-10 04:27:49,179 [INFO] Época 5/30, Batch 2000/3287, Loss: 0.2031
2025-10-10 04:27:49,439 [INFO] Época 5/30, Batch 2050/3287, Loss: 0.2158
2025-10-10 04:27:49,696 [INFO] Época 5/30, Batch 2100/3287, Loss: 0.1780
2025-10-10 04:27:49,954 [INFO] Época 5/30, Batch 2150/3287, Loss: 0.2474
2025-10-10 04:27:50,221 [INFO] Época 5/30, Batch 2200/3287, Loss: 0.1883
2025-10-10 04:27:50,489 [INFO] Época 5/30, Batch 2250/3287, Loss: 0.1832
2025-10-10 04:27:50,756 [INFO] Época 5/30, Batch 2300/3287, Loss: 0.2714
2025-10-10 04:27:51,023 [INFO] Época 5/30, Batch 2350/3287, Loss: 0.2855
2025-10-10 04:27:51,282 [INFO] Época 5/30, Batch 2400/3287, Loss: 0.1806
2025-10-10 04:27:51,542 [INFO] Época 5/30, Batch 2450/3287, Loss: 0.2670
2025-10-10 04:27:51,804 [INFO] Época 5/30, Batch 2500/3287, Loss: 0.2313
2025-10-10 04:27:52,072 [INFO] Época 5/30, Batch 2550/3287, Loss: 0.2128
2025-10-10 04:27:52,341 [INFO] Época 5/30, Batch 2600/3287, Loss: 0.2537
2025-10-10 04:27:52,606 [INFO] Época 5/30, Batch 2650/3287, Loss: 0.2013
2025-10-10 04:27:52,863 [INFO] Época 5/30, Batch 2700/3287, Loss: 0.2548
2025-10-10 04:27:53,122 [INFO] Época 5/30, Batch 2750/3287, Loss: 0.2001
2025-10-10 04:27:53,382 [INFO] Época 5/30, Batch 2800/3287, Loss: 0.2393
2025-10-10 04:27:53,641 [INFO] Época 5/30, Batch 2850/3287, Loss: 0.2066
2025-10-10 04:27:53,909 [INFO] Época 5/30, Batch 2900/3287, Loss: 0.2106
2025-10-10 04:27:54,176 [INFO] Época 5/30, Batch 2950/3287, Loss: 0.1709
2025-10-10 04:27:54,444 [INFO] Época 5/30, Batch 3000/3287, Loss: 0.2004
2025-10-10 04:27:54,711 [INFO] Época 5/30, Batch 3050/3287, Loss: 0.2665
2025-10-10 04:27:54,971 [INFO] Época 5/30, Batch 3100/3287, Loss: 0.2053
2025-10-10 04:27:55,229 [INFO] Época 5/30, Batch 3150/3287, Loss: 0.1786
2025-10-10 04:27:55,497 [INFO] Época 5/30, Batch 3200/3287, Loss: 0.2123
2025-10-10 04:27:55,760 [INFO] Época 5/30, Batch 3250/3287, Loss: 0.1878
2025-10-10 04:27:57,384 [INFO] [5/30] Train Loss: 0.2288 | Val Loss: 0.3068 | Tempo: 18.93s
2025-10-10 04:27:57,388 [INFO] Melhor modelo salvo em: /mnt/hdd/home/jdurao/ToolBox-ChemXAI/models/mlp_qm9_3D_att8_large.pth
2025-10-10 04:27:57,936 [INFO] Época 6/30, Batch 50/3287, Loss: 0.2321
2025-10-10 04:27:58,204 [INFO] Época 6/30, Batch 100/3287, Loss: 0.1893
2025-10-10 04:27:58,469 [INFO] Época 6/30, Batch 150/3287, Loss: 0.2114
2025-10-10 04:27:58,730 [INFO] Época 6/30, Batch 200/3287, Loss: 0.2257
2025-10-10 04:27:58,992 [INFO] Época 6/30, Batch 250/3287, Loss: 0.1937
2025-10-10 04:27:59,250 [INFO] Época 6/30, Batch 300/3287, Loss: 0.2575
2025-10-10 04:27:59,509 [INFO] Época 6/30, Batch 350/3287, Loss: 0.2867
2025-10-10 04:27:59,769 [INFO] Época 6/30, Batch 400/3287, Loss: 0.2076
2025-10-10 04:28:00,036 [INFO] Época 6/30, Batch 450/3287, Loss: 0.2761
2025-10-10 04:28:00,303 [INFO] Época 6/30, Batch 500/3287, Loss: 0.2005
2025-10-10 04:28:00,578 [INFO] Época 6/30, Batch 550/3287, Loss: 0.2669
2025-10-10 04:28:00,837 [INFO] Época 6/30, Batch 600/3287, Loss: 0.2526
2025-10-10 04:28:01,095 [INFO] Época 6/30, Batch 650/3287, Loss: 0.2020
2025-10-10 04:28:01,355 [INFO] Época 6/30, Batch 700/3287, Loss: 0.2043
2025-10-10 04:28:01,616 [INFO] Época 6/30, Batch 750/3287, Loss: 0.2038
2025-10-10 04:28:01,877 [INFO] Época 6/30, Batch 800/3287, Loss: 0.2315
2025-10-10 04:28:02,136 [INFO] Época 6/30, Batch 850/3287, Loss: 0.2802
2025-10-10 04:28:02,397 [INFO] Época 6/30, Batch 900/3287, Loss: 0.2845
2025-10-10 04:28:02,658 [INFO] Época 6/30, Batch 950/3287, Loss: 0.1797
2025-10-10 04:28:02,917 [INFO] Época 6/30, Batch 1000/3287, Loss: 0.2250
2025-10-10 04:28:03,178 [INFO] Época 6/30, Batch 1050/3287, Loss: 0.2601
2025-10-10 04:28:03,434 [INFO] Época 6/30, Batch 1100/3287, Loss: 0.2243
2025-10-10 04:28:03,691 [INFO] Época 6/30, Batch 1150/3287, Loss: 0.1660
2025-10-10 04:28:03,948 [INFO] Época 6/30, Batch 1200/3287, Loss: 0.2691
2025-10-10 04:28:04,213 [INFO] Época 6/30, Batch 1250/3287, Loss: 0.2074
2025-10-10 04:28:04,473 [INFO] Época 6/30, Batch 1300/3287, Loss: 0.2508
2025-10-10 04:28:04,735 [INFO] Época 6/30, Batch 1350/3287, Loss: 0.1840
2025-10-10 04:28:04,993 [INFO] Época 6/30, Batch 1400/3287, Loss: 0.2083
2025-10-10 04:28:05,251 [INFO] Época 6/30, Batch 1450/3287, Loss: 0.1796
2025-10-10 04:28:05,510 [INFO] Época 6/30, Batch 1500/3287, Loss: 0.2336
2025-10-10 04:28:05,770 [INFO] Época 6/30, Batch 1550/3287, Loss: 0.2658
2025-10-10 04:28:06,032 [INFO] Época 6/30, Batch 1600/3287, Loss: 0.2525
2025-10-10 04:28:06,294 [INFO] Época 6/30, Batch 1650/3287, Loss: 0.2586
2025-10-10 04:28:06,555 [INFO] Época 6/30, Batch 1700/3287, Loss: 0.1536
2025-10-10 04:28:06,813 [INFO] Época 6/30, Batch 1750/3287, Loss: 0.2124
2025-10-10 04:28:07,075 [INFO] Época 6/30, Batch 1800/3287, Loss: 0.2998
2025-10-10 04:28:07,336 [INFO] Época 6/30, Batch 1850/3287, Loss: 0.1517
2025-10-10 04:28:07,596 [INFO] Época 6/30, Batch 1900/3287, Loss: 0.2310
2025-10-10 04:28:07,853 [INFO] Época 6/30, Batch 1950/3287, Loss: 0.1860
2025-10-10 04:28:08,112 [INFO] Época 6/30, Batch 2000/3287, Loss: 0.2766
2025-10-10 04:28:08,372 [INFO] Época 6/30, Batch 2050/3287, Loss: 0.3203
2025-10-10 04:28:08,633 [INFO] Época 6/30, Batch 2100/3287, Loss: 0.2420
2025-10-10 04:28:08,895 [INFO] Época 6/30, Batch 2150/3287, Loss: 0.1905
2025-10-10 04:28:09,155 [INFO] Época 6/30, Batch 2200/3287, Loss: 0.2789
2025-10-10 04:28:09,417 [INFO] Época 6/30, Batch 2250/3287, Loss: 0.2054
2025-10-10 04:28:09,676 [INFO] Época 6/30, Batch 2300/3287, Loss: 0.1648
2025-10-10 04:28:09,934 [INFO] Época 6/30, Batch 2350/3287, Loss: 0.2581
2025-10-10 04:28:10,193 [INFO] Época 6/30, Batch 2400/3287, Loss: 0.2235
2025-10-10 04:28:10,451 [INFO] Época 6/30, Batch 2450/3287, Loss: 0.2242
2025-10-10 04:28:10,709 [INFO] Época 6/30, Batch 2500/3287, Loss: 0.2915
2025-10-10 04:28:10,980 [INFO] Época 6/30, Batch 2550/3287, Loss: 0.1914
2025-10-10 04:28:11,238 [INFO] Época 6/30, Batch 2600/3287, Loss: 0.1844
2025-10-10 04:28:11,497 [INFO] Época 6/30, Batch 2650/3287, Loss: 0.2509
2025-10-10 04:28:11,756 [INFO] Época 6/30, Batch 2700/3287, Loss: 0.2723
2025-10-10 04:28:12,015 [INFO] Época 6/30, Batch 2750/3287, Loss: 0.2578
2025-10-10 04:28:12,275 [INFO] Época 6/30, Batch 2800/3287, Loss: 0.2049
2025-10-10 04:28:12,534 [INFO] Época 6/30, Batch 2850/3287, Loss: 0.2586
2025-10-10 04:28:12,793 [INFO] Época 6/30, Batch 2900/3287, Loss: 0.1539
2025-10-10 04:28:13,050 [INFO] Época 6/30, Batch 2950/3287, Loss: 0.1941
2025-10-10 04:28:13,309 [INFO] Época 6/30, Batch 3000/3287, Loss: 0.2918
2025-10-10 04:28:13,568 [INFO] Época 6/30, Batch 3050/3287, Loss: 0.1803
2025-10-10 04:28:13,825 [INFO] Época 6/30, Batch 3100/3287, Loss: 0.2112
2025-10-10 04:28:14,086 [INFO] Época 6/30, Batch 3150/3287, Loss: 0.2320
2025-10-10 04:28:14,352 [INFO] Época 6/30, Batch 3200/3287, Loss: 0.2174
2025-10-10 04:28:14,619 [INFO] Época 6/30, Batch 3250/3287, Loss: 0.2659
2025-10-10 04:28:16,360 [INFO] [6/30] Train Loss: 0.2281 | Val Loss: 0.3272 | Tempo: 18.97s
2025-10-10 04:28:16,925 [INFO] Época 7/30, Batch 50/3287, Loss: 0.1935
2025-10-10 04:28:17,201 [INFO] Época 7/30, Batch 100/3287, Loss: 0.2544
2025-10-10 04:28:17,476 [INFO] Época 7/30, Batch 150/3287, Loss: 0.2186
2025-10-10 04:28:17,747 [INFO] Época 7/30, Batch 200/3287, Loss: 0.1809
2025-10-10 04:28:18,015 [INFO] Época 7/30, Batch 250/3287, Loss: 0.2945
2025-10-10 04:28:18,286 [INFO] Época 7/30, Batch 300/3287, Loss: 0.1083
2025-10-10 04:28:18,553 [INFO] Época 7/30, Batch 350/3287, Loss: 0.3021
2025-10-10 04:28:18,823 [INFO] Época 7/30, Batch 400/3287, Loss: 0.2492
2025-10-10 04:28:19,086 [INFO] Época 7/30, Batch 450/3287, Loss: 0.1805
2025-10-10 04:28:19,344 [INFO] Época 7/30, Batch 500/3287, Loss: 0.2295
2025-10-10 04:28:19,602 [INFO] Época 7/30, Batch 550/3287, Loss: 0.1810
2025-10-10 04:28:19,859 [INFO] Época 7/30, Batch 600/3287, Loss: 0.2334
2025-10-10 04:28:20,118 [INFO] Época 7/30, Batch 650/3287, Loss: 0.2412
2025-10-10 04:28:20,376 [INFO] Época 7/30, Batch 700/3287, Loss: 0.2381
2025-10-10 04:28:20,631 [INFO] Época 7/30, Batch 750/3287, Loss: 0.2334
2025-10-10 04:28:20,891 [INFO] Época 7/30, Batch 800/3287, Loss: 0.2505
2025-10-10 04:28:21,145 [INFO] Época 7/30, Batch 850/3287, Loss: 0.2405
2025-10-10 04:28:21,399 [INFO] Época 7/30, Batch 900/3287, Loss: 0.2012
2025-10-10 04:28:21,652 [INFO] Época 7/30, Batch 950/3287, Loss: 0.2020
2025-10-10 04:28:21,910 [INFO] Época 7/30, Batch 1000/3287, Loss: 0.2456
2025-10-10 04:28:22,176 [INFO] Época 7/30, Batch 1050/3287, Loss: 0.2271
2025-10-10 04:28:22,441 [INFO] Época 7/30, Batch 1100/3287, Loss: 0.2131
2025-10-10 04:28:22,705 [INFO] Época 7/30, Batch 1150/3287, Loss: 0.3003
2025-10-10 04:28:22,970 [INFO] Época 7/30, Batch 1200/3287, Loss: 0.1693
2025-10-10 04:28:23,237 [INFO] Época 7/30, Batch 1250/3287, Loss: 0.2472
2025-10-10 04:28:23,506 [INFO] Época 7/30, Batch 1300/3287, Loss: 0.1465
2025-10-10 04:28:23,772 [INFO] Época 7/30, Batch 1350/3287, Loss: 0.2037
2025-10-10 04:28:24,037 [INFO] Época 7/30, Batch 1400/3287, Loss: 0.2166
2025-10-10 04:28:24,304 [INFO] Época 7/30, Batch 1450/3287, Loss: 0.1825
2025-10-10 04:28:24,571 [INFO] Época 7/30, Batch 1500/3287, Loss: 0.2554
2025-10-10 04:28:24,829 [INFO] Época 7/30, Batch 1550/3287, Loss: 0.2302
2025-10-10 04:28:25,086 [INFO] Época 7/30, Batch 1600/3287, Loss: 0.1377
2025-10-10 04:28:25,339 [INFO] Época 7/30, Batch 1650/3287, Loss: 0.2060
2025-10-10 04:28:25,597 [INFO] Época 7/30, Batch 1700/3287, Loss: 0.1596
2025-10-10 04:28:25,864 [INFO] Época 7/30, Batch 1750/3287, Loss: 0.2570
2025-10-10 04:28:26,123 [INFO] Época 7/30, Batch 1800/3287, Loss: 0.2588
2025-10-10 04:28:26,379 [INFO] Época 7/30, Batch 1850/3287, Loss: 0.2983
2025-10-10 04:28:26,634 [INFO] Época 7/30, Batch 1900/3287, Loss: 0.2984
2025-10-10 04:28:26,890 [INFO] Época 7/30, Batch 1950/3287, Loss: 0.2236
2025-10-10 04:28:27,144 [INFO] Época 7/30, Batch 2000/3287, Loss: 0.2266
2025-10-10 04:28:27,400 [INFO] Época 7/30, Batch 2050/3287, Loss: 0.2024
2025-10-10 04:28:27,656 [INFO] Época 7/30, Batch 2100/3287, Loss: 0.2129
2025-10-10 04:28:27,911 [INFO] Época 7/30, Batch 2150/3287, Loss: 0.1907
2025-10-10 04:28:28,167 [INFO] Época 7/30, Batch 2200/3287, Loss: 0.2450
2025-10-10 04:28:28,422 [INFO] Época 7/30, Batch 2250/3287, Loss: 0.1955
2025-10-10 04:28:28,678 [INFO] Época 7/30, Batch 2300/3287, Loss: 0.2929
2025-10-10 04:28:28,934 [INFO] Época 7/30, Batch 2350/3287, Loss: 0.2376
2025-10-10 04:28:29,194 [INFO] Época 7/30, Batch 2400/3287, Loss: 0.2190
2025-10-10 04:28:29,452 [INFO] Época 7/30, Batch 2450/3287, Loss: 0.2622
2025-10-10 04:28:29,709 [INFO] Época 7/30, Batch 2500/3287, Loss: 0.2111
2025-10-10 04:28:29,973 [INFO] Época 7/30, Batch 2550/3287, Loss: 0.1829
2025-10-10 04:28:30,242 [INFO] Época 7/30, Batch 2600/3287, Loss: 0.2186
2025-10-10 04:28:30,508 [INFO] Época 7/30, Batch 2650/3287, Loss: 0.3278
2025-10-10 04:28:30,778 [INFO] Época 7/30, Batch 2700/3287, Loss: 0.1695
2025-10-10 04:28:31,045 [INFO] Época 7/30, Batch 2750/3287, Loss: 0.2411
2025-10-10 04:28:31,316 [INFO] Época 7/30, Batch 2800/3287, Loss: 0.2859
2025-10-10 04:28:31,584 [INFO] Época 7/30, Batch 2850/3287, Loss: 0.2398
2025-10-10 04:28:31,850 [INFO] Época 7/30, Batch 2900/3287, Loss: 0.2179
2025-10-10 04:28:32,117 [INFO] Época 7/30, Batch 2950/3287, Loss: 0.2204
2025-10-10 04:28:32,384 [INFO] Época 7/30, Batch 3000/3287, Loss: 0.2354
2025-10-10 04:28:32,651 [INFO] Época 7/30, Batch 3050/3287, Loss: 0.2255
2025-10-10 04:28:32,915 [INFO] Época 7/30, Batch 3100/3287, Loss: 0.2622
2025-10-10 04:28:33,171 [INFO] Época 7/30, Batch 3150/3287, Loss: 0.1812
2025-10-10 04:28:33,428 [INFO] Época 7/30, Batch 3200/3287, Loss: 0.1619
2025-10-10 04:28:33,684 [INFO] Época 7/30, Batch 3250/3287, Loss: 0.1990
2025-10-10 04:28:35,294 [INFO] [7/30] Train Loss: 0.2277 | Val Loss: 0.3209 | Tempo: 18.93s
2025-10-10 04:28:35,838 [INFO] Época 8/30, Batch 50/3287, Loss: 0.2622
2025-10-10 04:28:36,100 [INFO] Época 8/30, Batch 100/3287, Loss: 0.1727
2025-10-10 04:28:36,358 [INFO] Época 8/30, Batch 150/3287, Loss: 0.2764
2025-10-10 04:28:36,617 [INFO] Época 8/30, Batch 200/3287, Loss: 0.2231
2025-10-10 04:28:36,875 [INFO] Época 8/30, Batch 250/3287, Loss: 0.1884
2025-10-10 04:28:37,134 [INFO] Época 8/30, Batch 300/3287, Loss: 0.2361
2025-10-10 04:28:37,395 [INFO] Época 8/30, Batch 350/3287, Loss: 0.2683
2025-10-10 04:28:37,653 [INFO] Época 8/30, Batch 400/3287, Loss: 0.2101
2025-10-10 04:28:37,910 [INFO] Época 8/30, Batch 450/3287, Loss: 0.1927
2025-10-10 04:28:38,166 [INFO] Época 8/30, Batch 500/3287, Loss: 0.2602
2025-10-10 04:28:38,424 [INFO] Época 8/30, Batch 550/3287, Loss: 0.2192
2025-10-10 04:28:38,686 [INFO] Época 8/30, Batch 600/3287, Loss: 0.2486
2025-10-10 04:28:38,944 [INFO] Época 8/30, Batch 650/3287, Loss: 0.2805
2025-10-10 04:28:39,201 [INFO] Época 8/30, Batch 700/3287, Loss: 0.1928
2025-10-10 04:28:39,459 [INFO] Época 8/30, Batch 750/3287, Loss: 0.1751
2025-10-10 04:28:39,717 [INFO] Época 8/30, Batch 800/3287, Loss: 0.2319
2025-10-10 04:28:39,977 [INFO] Época 8/30, Batch 850/3287, Loss: 0.2751
2025-10-10 04:28:40,236 [INFO] Época 8/30, Batch 900/3287, Loss: 0.2161
2025-10-10 04:28:40,493 [INFO] Época 8/30, Batch 950/3287, Loss: 0.2697
2025-10-10 04:28:40,753 [INFO] Época 8/30, Batch 1000/3287, Loss: 0.1571
2025-10-10 04:28:41,011 [INFO] Época 8/30, Batch 1050/3287, Loss: 0.2057
2025-10-10 04:28:41,269 [INFO] Época 8/30, Batch 1100/3287, Loss: 0.1910
2025-10-10 04:28:41,527 [INFO] Época 8/30, Batch 1150/3287, Loss: 0.2898
2025-10-10 04:28:41,785 [INFO] Época 8/30, Batch 1200/3287, Loss: 0.2642
2025-10-10 04:28:42,045 [INFO] Época 8/30, Batch 1250/3287, Loss: 0.2748
2025-10-10 04:28:42,313 [INFO] Época 8/30, Batch 1300/3287, Loss: 0.2225
2025-10-10 04:28:42,578 [INFO] Época 8/30, Batch 1350/3287, Loss: 0.2181
2025-10-10 04:28:42,843 [INFO] Época 8/30, Batch 1400/3287, Loss: 0.2759
2025-10-10 04:28:43,111 [INFO] Época 8/30, Batch 1450/3287, Loss: 0.2613
2025-10-10 04:28:43,371 [INFO] Época 8/30, Batch 1500/3287, Loss: 0.2309
2025-10-10 04:28:43,630 [INFO] Época 8/30, Batch 1550/3287, Loss: 0.2265
2025-10-10 04:28:43,897 [INFO] Época 8/30, Batch 1600/3287, Loss: 0.2983
2025-10-10 04:28:44,164 [INFO] Época 8/30, Batch 1650/3287, Loss: 0.2147
2025-10-10 04:28:44,429 [INFO] Época 8/30, Batch 1700/3287, Loss: 0.2030
2025-10-10 04:28:44,697 [INFO] Época 8/30, Batch 1750/3287, Loss: 0.2258
2025-10-10 04:28:44,963 [INFO] Época 8/30, Batch 1800/3287, Loss: 0.2033
2025-10-10 04:28:45,230 [INFO] Época 8/30, Batch 1850/3287, Loss: 0.2439
2025-10-10 04:28:45,496 [INFO] Época 8/30, Batch 1900/3287, Loss: 0.1934
2025-10-10 04:28:45,758 [INFO] Época 8/30, Batch 1950/3287, Loss: 0.2367
2025-10-10 04:28:46,015 [INFO] Época 8/30, Batch 2000/3287, Loss: 0.2332
2025-10-10 04:28:46,272 [INFO] Época 8/30, Batch 2050/3287, Loss: 0.2000
2025-10-10 04:28:46,530 [INFO] Época 8/30, Batch 2100/3287, Loss: 0.2380
2025-10-10 04:28:46,789 [INFO] Época 8/30, Batch 2150/3287, Loss: 0.2132
2025-10-10 04:28:47,047 [INFO] Época 8/30, Batch 2200/3287, Loss: 0.2338
2025-10-10 04:28:47,303 [INFO] Época 8/30, Batch 2250/3287, Loss: 0.2995
2025-10-10 04:28:47,560 [INFO] Época 8/30, Batch 2300/3287, Loss: 0.2651
2025-10-10 04:28:47,817 [INFO] Época 8/30, Batch 2350/3287, Loss: 0.3066
2025-10-10 04:28:48,076 [INFO] Época 8/30, Batch 2400/3287, Loss: 0.2071
2025-10-10 04:28:48,333 [INFO] Época 8/30, Batch 2450/3287, Loss: 0.2332
2025-10-10 04:28:48,590 [INFO] Época 8/30, Batch 2500/3287, Loss: 0.1718
2025-10-10 04:28:48,848 [INFO] Época 8/30, Batch 2550/3287, Loss: 0.1589
2025-10-10 04:28:49,107 [INFO] Época 8/30, Batch 2600/3287, Loss: 0.2793
2025-10-10 04:28:49,374 [INFO] Época 8/30, Batch 2650/3287, Loss: 0.2352
2025-10-10 04:28:49,639 [INFO] Época 8/30, Batch 2700/3287, Loss: 0.2185
2025-10-10 04:28:49,905 [INFO] Época 8/30, Batch 2750/3287, Loss: 0.2896
2025-10-10 04:28:50,171 [INFO] Época 8/30, Batch 2800/3287, Loss: 0.1390
2025-10-10 04:28:50,437 [INFO] Época 8/30, Batch 2850/3287, Loss: 0.1798
2025-10-10 04:28:50,702 [INFO] Época 8/30, Batch 2900/3287, Loss: 0.3223
2025-10-10 04:28:50,959 [INFO] Época 8/30, Batch 2950/3287, Loss: 0.2322
2025-10-10 04:28:51,213 [INFO] Época 8/30, Batch 3000/3287, Loss: 0.1460
2025-10-10 04:28:51,468 [INFO] Época 8/30, Batch 3050/3287, Loss: 0.1599
2025-10-10 04:28:51,726 [INFO] Época 8/30, Batch 3100/3287, Loss: 0.2630
2025-10-10 04:28:51,992 [INFO] Época 8/30, Batch 3150/3287, Loss: 0.2579
2025-10-10 04:28:52,256 [INFO] Época 8/30, Batch 3200/3287, Loss: 0.2066
2025-10-10 04:28:52,523 [INFO] Época 8/30, Batch 3250/3287, Loss: 0.2489
2025-10-10 04:28:54,270 [INFO] [8/30] Train Loss: 0.2273 | Val Loss: 0.3059 | Tempo: 18.98s
2025-10-10 04:28:54,274 [INFO] Melhor modelo salvo em: /mnt/hdd/home/jdurao/ToolBox-ChemXAI/models/mlp_qm9_3D_att8_large.pth
2025-10-10 04:28:54,830 [INFO] Época 9/30, Batch 50/3287, Loss: 0.2486
2025-10-10 04:28:55,100 [INFO] Época 9/30, Batch 100/3287, Loss: 0.2017
2025-10-10 04:28:55,366 [INFO] Época 9/30, Batch 150/3287, Loss: 0.2376
2025-10-10 04:28:55,630 [INFO] Época 9/30, Batch 200/3287, Loss: 0.2104
2025-10-10 04:28:55,892 [INFO] Época 9/30, Batch 250/3287, Loss: 0.1908
2025-10-10 04:28:56,153 [INFO] Época 9/30, Batch 300/3287, Loss: 0.3372
2025-10-10 04:28:56,415 [INFO] Época 9/30, Batch 350/3287, Loss: 0.1527
2025-10-10 04:28:56,668 [INFO] Época 9/30, Batch 400/3287, Loss: 0.2066
2025-10-10 04:28:56,927 [INFO] Época 9/30, Batch 450/3287, Loss: 0.2039
2025-10-10 04:28:57,187 [INFO] Época 9/30, Batch 500/3287, Loss: 0.2729
2025-10-10 04:28:57,448 [INFO] Época 9/30, Batch 550/3287, Loss: 0.2981
2025-10-10 04:28:57,714 [INFO] Época 9/30, Batch 600/3287, Loss: 0.2525
2025-10-10 04:28:57,969 [INFO] Época 9/30, Batch 650/3287, Loss: 0.1547
2025-10-10 04:28:58,226 [INFO] Época 9/30, Batch 700/3287, Loss: 0.2193
2025-10-10 04:28:58,486 [INFO] Época 9/30, Batch 750/3287, Loss: 0.2205
2025-10-10 04:28:58,745 [INFO] Época 9/30, Batch 800/3287, Loss: 0.2143
2025-10-10 04:28:59,000 [INFO] Época 9/30, Batch 850/3287, Loss: 0.1749
2025-10-10 04:28:59,248 [INFO] Época 9/30, Batch 900/3287, Loss: 0.1819
2025-10-10 04:28:59,495 [INFO] Época 9/30, Batch 950/3287, Loss: 0.3056
2025-10-10 04:28:59,743 [INFO] Época 9/30, Batch 1000/3287, Loss: 0.2537
2025-10-10 04:28:59,989 [INFO] Época 9/30, Batch 1050/3287, Loss: 0.1993
2025-10-10 04:29:00,236 [INFO] Época 9/30, Batch 1100/3287, Loss: 0.3343
2025-10-10 04:29:00,483 [INFO] Época 9/30, Batch 1150/3287, Loss: 0.2147
2025-10-10 04:29:00,733 [INFO] Época 9/30, Batch 1200/3287, Loss: 0.2131
2025-10-10 04:29:00,986 [INFO] Época 9/30, Batch 1250/3287, Loss: 0.2128
2025-10-10 04:29:01,244 [INFO] Época 9/30, Batch 1300/3287, Loss: 0.2095
2025-10-10 04:29:01,502 [INFO] Época 9/30, Batch 1350/3287, Loss: 0.2476
2025-10-10 04:29:01,760 [INFO] Época 9/30, Batch 1400/3287, Loss: 0.2701
2025-10-10 04:29:02,021 [INFO] Época 9/30, Batch 1450/3287, Loss: 0.2183
2025-10-10 04:29:02,277 [INFO] Época 9/30, Batch 1500/3287, Loss: 0.2031
2025-10-10 04:29:02,537 [INFO] Época 9/30, Batch 1550/3287, Loss: 0.2825
2025-10-10 04:29:02,793 [INFO] Época 9/30, Batch 1600/3287, Loss: 0.1904
2025-10-10 04:29:03,052 [INFO] Época 9/30, Batch 1650/3287, Loss: 0.2053
2025-10-10 04:29:03,312 [INFO] Época 9/30, Batch 1700/3287, Loss: 0.3311
2025-10-10 04:29:03,570 [INFO] Época 9/30, Batch 1750/3287, Loss: 0.2476
2025-10-10 04:29:03,826 [INFO] Época 9/30, Batch 1800/3287, Loss: 0.2275
2025-10-10 04:29:04,082 [INFO] Época 9/30, Batch 1850/3287, Loss: 0.2335
2025-10-10 04:29:04,336 [INFO] Época 9/30, Batch 1900/3287, Loss: 0.2581
2025-10-10 04:29:04,592 [INFO] Época 9/30, Batch 1950/3287, Loss: 0.1995
2025-10-10 04:29:04,847 [INFO] Época 9/30, Batch 2000/3287, Loss: 0.1735
2025-10-10 04:29:05,102 [INFO] Época 9/30, Batch 2050/3287, Loss: 0.2276
2025-10-10 04:29:05,355 [INFO] Época 9/30, Batch 2100/3287, Loss: 0.1535
2025-10-10 04:29:05,610 [INFO] Época 9/30, Batch 2150/3287, Loss: 0.1615
2025-10-10 04:29:05,865 [INFO] Época 9/30, Batch 2200/3287, Loss: 0.2699
2025-10-10 04:29:06,118 [INFO] Época 9/30, Batch 2250/3287, Loss: 0.2579
2025-10-10 04:29:06,369 [INFO] Época 9/30, Batch 2300/3287, Loss: 0.2182
2025-10-10 04:29:06,622 [INFO] Época 9/30, Batch 2350/3287, Loss: 0.2340
2025-10-10 04:29:06,875 [INFO] Época 9/30, Batch 2400/3287, Loss: 0.1479
2025-10-10 04:29:07,128 [INFO] Época 9/30, Batch 2450/3287, Loss: 0.2573
2025-10-10 04:29:07,382 [INFO] Época 9/30, Batch 2500/3287, Loss: 0.2371
2025-10-10 04:29:07,635 [INFO] Época 9/30, Batch 2550/3287, Loss: 0.2040
2025-10-10 04:29:07,896 [INFO] Época 9/30, Batch 2600/3287, Loss: 0.2369
2025-10-10 04:29:08,157 [INFO] Época 9/30, Batch 2650/3287, Loss: 0.2242
2025-10-10 04:29:08,418 [INFO] Época 9/30, Batch 2700/3287, Loss: 0.2264
2025-10-10 04:29:08,679 [INFO] Época 9/30, Batch 2750/3287, Loss: 0.2014
2025-10-10 04:29:08,932 [INFO] Época 9/30, Batch 2800/3287, Loss: 0.1886
2025-10-10 04:29:09,187 [INFO] Época 9/30, Batch 2850/3287, Loss: 0.2056
2025-10-10 04:29:09,440 [INFO] Época 9/30, Batch 2900/3287, Loss: 0.2106
2025-10-10 04:29:09,695 [INFO] Época 9/30, Batch 2950/3287, Loss: 0.1846
2025-10-10 04:29:09,950 [INFO] Época 9/30, Batch 3000/3287, Loss: 0.1922
2025-10-10 04:29:10,203 [INFO] Época 9/30, Batch 3050/3287, Loss: 0.2200
2025-10-10 04:29:10,457 [INFO] Época 9/30, Batch 3100/3287, Loss: 0.2279
2025-10-10 04:29:10,712 [INFO] Época 9/30, Batch 3150/3287, Loss: 0.2134
2025-10-10 04:29:10,969 [INFO] Época 9/30, Batch 3200/3287, Loss: 0.2444
2025-10-10 04:29:11,224 [INFO] Época 9/30, Batch 3250/3287, Loss: 0.2926
2025-10-10 04:29:12,878 [INFO] [9/30] Train Loss: 0.2271 | Val Loss: 0.3081 | Tempo: 18.60s
2025-10-10 04:29:13,444 [INFO] Época 10/30, Batch 50/3287, Loss: 0.2289
2025-10-10 04:29:13,708 [INFO] Época 10/30, Batch 100/3287, Loss: 0.2212
2025-10-10 04:29:13,968 [INFO] Época 10/30, Batch 150/3287, Loss: 0.1666
2025-10-10 04:29:14,231 [INFO] Época 10/30, Batch 200/3287, Loss: 0.2003
2025-10-10 04:29:14,495 [INFO] Época 10/30, Batch 250/3287, Loss: 0.2355
2025-10-10 04:29:14,756 [INFO] Época 10/30, Batch 300/3287, Loss: 0.1804
2025-10-10 04:29:15,016 [INFO] Época 10/30, Batch 350/3287, Loss: 0.1627
2025-10-10 04:29:15,279 [INFO] Época 10/30, Batch 400/3287, Loss: 0.1723
2025-10-10 04:29:15,540 [INFO] Época 10/30, Batch 450/3287, Loss: 0.2552
2025-10-10 04:29:15,795 [INFO] Época 10/30, Batch 500/3287, Loss: 0.2198
2025-10-10 04:29:16,056 [INFO] Época 10/30, Batch 550/3287, Loss: 0.1614
2025-10-10 04:29:16,313 [INFO] Época 10/30, Batch 600/3287, Loss: 0.2424
2025-10-10 04:29:16,571 [INFO] Época 10/30, Batch 650/3287, Loss: 0.1930
2025-10-10 04:29:16,828 [INFO] Época 10/30, Batch 700/3287, Loss: 0.3209
2025-10-10 04:29:17,080 [INFO] Época 10/30, Batch 750/3287, Loss: 0.2408
2025-10-10 04:29:17,327 [INFO] Época 10/30, Batch 800/3287, Loss: 0.2082
2025-10-10 04:29:17,573 [INFO] Época 10/30, Batch 850/3287, Loss: 0.1962
2025-10-10 04:29:17,822 [INFO] Época 10/30, Batch 900/3287, Loss: 0.2535
2025-10-10 04:29:18,068 [INFO] Época 10/30, Batch 950/3287, Loss: 0.2473
2025-10-10 04:29:18,315 [INFO] Época 10/30, Batch 1000/3287, Loss: 0.2265
2025-10-10 04:29:18,562 [INFO] Época 10/30, Batch 1050/3287, Loss: 0.2518
2025-10-10 04:29:18,808 [INFO] Época 10/30, Batch 1100/3287, Loss: 0.2289
2025-10-10 04:29:19,060 [INFO] Época 10/30, Batch 1150/3287, Loss: 0.2332
2025-10-10 04:29:19,322 [INFO] Época 10/30, Batch 1200/3287, Loss: 0.2284
2025-10-10 04:29:19,583 [INFO] Época 10/30, Batch 1250/3287, Loss: 0.2035
2025-10-10 04:29:19,844 [INFO] Época 10/30, Batch 1300/3287, Loss: 0.2137
2025-10-10 04:29:20,108 [INFO] Época 10/30, Batch 1350/3287, Loss: 0.2581
2025-10-10 04:29:20,369 [INFO] Época 10/30, Batch 1400/3287, Loss: 0.1707
2025-10-10 04:29:20,630 [INFO] Época 10/30, Batch 1450/3287, Loss: 0.2765
2025-10-10 04:29:20,890 [INFO] Época 10/30, Batch 1500/3287, Loss: 0.2304
2025-10-10 04:29:21,148 [INFO] Época 10/30, Batch 1550/3287, Loss: 0.2008
2025-10-10 04:29:21,406 [INFO] Época 10/30, Batch 1600/3287, Loss: 0.1950
2025-10-10 04:29:21,666 [INFO] Época 10/30, Batch 1650/3287, Loss: 0.1764
2025-10-10 04:29:21,924 [INFO] Época 10/30, Batch 1700/3287, Loss: 0.2226
2025-10-10 04:29:22,184 [INFO] Época 10/30, Batch 1750/3287, Loss: 0.1933
2025-10-10 04:29:22,442 [INFO] Época 10/30, Batch 1800/3287, Loss: 0.2510
2025-10-10 04:29:22,705 [INFO] Época 10/30, Batch 1850/3287, Loss: 0.2722
2025-10-10 04:29:22,970 [INFO] Época 10/30, Batch 1900/3287, Loss: 0.3112
2025-10-10 04:29:23,232 [INFO] Época 10/30, Batch 1950/3287, Loss: 0.2630
2025-10-10 04:29:23,494 [INFO] Época 10/30, Batch 2000/3287, Loss: 0.2198
2025-10-10 04:29:23,752 [INFO] Época 10/30, Batch 2050/3287, Loss: 0.2668
2025-10-10 04:29:24,010 [INFO] Época 10/30, Batch 2100/3287, Loss: 0.1374
2025-10-10 04:29:24,268 [INFO] Época 10/30, Batch 2150/3287, Loss: 0.2048
2025-10-10 04:29:24,528 [INFO] Época 10/30, Batch 2200/3287, Loss: 0.2436
2025-10-10 04:29:24,788 [INFO] Época 10/30, Batch 2250/3287, Loss: 0.2435
2025-10-10 04:29:25,048 [INFO] Época 10/30, Batch 2300/3287, Loss: 0.2170
2025-10-10 04:29:25,311 [INFO] Época 10/30, Batch 2350/3287, Loss: 0.2006
2025-10-10 04:29:25,569 [INFO] Época 10/30, Batch 2400/3287, Loss: 0.2358
2025-10-10 04:29:25,829 [INFO] Época 10/30, Batch 2450/3287, Loss: 0.2398
2025-10-10 04:29:26,088 [INFO] Época 10/30, Batch 2500/3287, Loss: 0.2716
2025-10-10 04:29:26,346 [INFO] Época 10/30, Batch 2550/3287, Loss: 0.2362
2025-10-10 04:29:26,606 [INFO] Época 10/30, Batch 2600/3287, Loss: 0.2545
2025-10-10 04:29:26,866 [INFO] Época 10/30, Batch 2650/3287, Loss: 0.2549
2025-10-10 04:29:27,126 [INFO] Época 10/30, Batch 2700/3287, Loss: 0.2553
2025-10-10 04:29:27,386 [INFO] Época 10/30, Batch 2750/3287, Loss: 0.1740
2025-10-10 04:29:27,648 [INFO] Época 10/30, Batch 2800/3287, Loss: 0.2106
2025-10-10 04:29:27,907 [INFO] Época 10/30, Batch 2850/3287, Loss: 0.1866
2025-10-10 04:29:28,167 [INFO] Época 10/30, Batch 2900/3287, Loss: 0.2309
2025-10-10 04:29:28,428 [INFO] Época 10/30, Batch 2950/3287, Loss: 0.2917
2025-10-10 04:29:28,697 [INFO] Época 10/30, Batch 3000/3287, Loss: 0.2156
2025-10-10 04:29:28,957 [INFO] Época 10/30, Batch 3050/3287, Loss: 0.2303
2025-10-10 04:29:29,216 [INFO] Época 10/30, Batch 3100/3287, Loss: 0.1899
2025-10-10 04:29:29,478 [INFO] Época 10/30, Batch 3150/3287, Loss: 0.2117
2025-10-10 04:29:29,741 [INFO] Época 10/30, Batch 3200/3287, Loss: 0.1748
2025-10-10 04:29:30,003 [INFO] Época 10/30, Batch 3250/3287, Loss: 0.2106
2025-10-10 04:29:31,757 [INFO] [10/30] Train Loss: 0.2267 | Val Loss: 0.3166 | Tempo: 18.87s
2025-10-10 04:29:32,319 [INFO] Época 11/30, Batch 50/3287, Loss: 0.2653
2025-10-10 04:29:32,584 [INFO] Época 11/30, Batch 100/3287, Loss: 0.2771
2025-10-10 04:29:32,845 [INFO] Época 11/30, Batch 150/3287, Loss: 0.2119
2025-10-10 04:29:33,106 [INFO] Época 11/30, Batch 200/3287, Loss: 0.1814
2025-10-10 04:29:33,366 [INFO] Época 11/30, Batch 250/3287, Loss: 0.2367
2025-10-10 04:29:33,626 [INFO] Época 11/30, Batch 300/3287, Loss: 0.1819
2025-10-10 04:29:33,886 [INFO] Época 11/30, Batch 350/3287, Loss: 0.2009
2025-10-10 04:29:34,147 [INFO] Época 11/30, Batch 400/3287, Loss: 0.2338
2025-10-10 04:29:34,407 [INFO] Época 11/30, Batch 450/3287, Loss: 0.1731
2025-10-10 04:29:34,669 [INFO] Época 11/30, Batch 500/3287, Loss: 0.1745
2025-10-10 04:29:34,930 [INFO] Época 11/30, Batch 550/3287, Loss: 0.2830
2025-10-10 04:29:35,188 [INFO] Época 11/30, Batch 600/3287, Loss: 0.2520
2025-10-10 04:29:35,449 [INFO] Época 11/30, Batch 650/3287, Loss: 0.2350
2025-10-10 04:29:35,710 [INFO] Época 11/30, Batch 700/3287, Loss: 0.2030
2025-10-10 04:29:35,969 [INFO] Época 11/30, Batch 750/3287, Loss: 0.1412
2025-10-10 04:29:36,229 [INFO] Época 11/30, Batch 800/3287, Loss: 0.2244
2025-10-10 04:29:36,488 [INFO] Época 11/30, Batch 850/3287, Loss: 0.1974
2025-10-10 04:29:36,746 [INFO] Época 11/30, Batch 900/3287, Loss: 0.2316
2025-10-10 04:29:37,004 [INFO] Época 11/30, Batch 950/3287, Loss: 0.2172
2025-10-10 04:29:37,259 [INFO] Época 11/30, Batch 1000/3287, Loss: 0.3176
2025-10-10 04:29:37,517 [INFO] Época 11/30, Batch 1050/3287, Loss: 0.2731
2025-10-10 04:29:37,776 [INFO] Época 11/30, Batch 1100/3287, Loss: 0.1722
2025-10-10 04:29:38,035 [INFO] Época 11/30, Batch 1150/3287, Loss: 0.1381
2025-10-10 04:29:38,294 [INFO] Época 11/30, Batch 1200/3287, Loss: 0.3063
2025-10-10 04:29:38,554 [INFO] Época 11/30, Batch 1250/3287, Loss: 0.2075
2025-10-10 04:29:38,816 [INFO] Época 11/30, Batch 1300/3287, Loss: 0.2309
2025-10-10 04:29:39,077 [INFO] Época 11/30, Batch 1350/3287, Loss: 0.2453
2025-10-10 04:29:39,335 [INFO] Época 11/30, Batch 1400/3287, Loss: 0.1800
2025-10-10 04:29:39,594 [INFO] Época 11/30, Batch 1450/3287, Loss: 0.2157
2025-10-10 04:29:39,855 [INFO] Época 11/30, Batch 1500/3287, Loss: 0.1713
2025-10-10 04:29:40,116 [INFO] Época 11/30, Batch 1550/3287, Loss: 0.2603
2025-10-10 04:29:40,375 [INFO] Época 11/30, Batch 1600/3287, Loss: 0.2197
2025-10-10 04:29:40,635 [INFO] Época 11/30, Batch 1650/3287, Loss: 0.2415
2025-10-10 04:29:40,894 [INFO] Época 11/30, Batch 1700/3287, Loss: 0.2486
2025-10-10 04:29:41,153 [INFO] Época 11/30, Batch 1750/3287, Loss: 0.2274
2025-10-10 04:29:41,415 [INFO] Época 11/30, Batch 1800/3287, Loss: 0.1612
2025-10-10 04:29:41,674 [INFO] Época 11/30, Batch 1850/3287, Loss: 0.2043
2025-10-10 04:29:41,935 [INFO] Época 11/30, Batch 1900/3287, Loss: 0.2032
2025-10-10 04:29:42,192 [INFO] Época 11/30, Batch 1950/3287, Loss: 0.2303
2025-10-10 04:29:42,451 [INFO] Época 11/30, Batch 2000/3287, Loss: 0.2525
2025-10-10 04:29:42,712 [INFO] Época 11/30, Batch 2050/3287, Loss: 0.2054
2025-10-10 04:29:42,972 [INFO] Época 11/30, Batch 2100/3287, Loss: 0.2024
2025-10-10 04:29:43,233 [INFO] Época 11/30, Batch 2150/3287, Loss: 0.2284
2025-10-10 04:29:43,493 [INFO] Época 11/30, Batch 2200/3287, Loss: 0.1740
2025-10-10 04:29:43,753 [INFO] Época 11/30, Batch 2250/3287, Loss: 0.2610
2025-10-10 04:29:44,014 [INFO] Época 11/30, Batch 2300/3287, Loss: 0.2100
2025-10-10 04:29:44,286 [INFO] Época 11/30, Batch 2350/3287, Loss: 0.2608
2025-10-10 04:29:44,544 [INFO] Época 11/30, Batch 2400/3287, Loss: 0.2467
2025-10-10 04:29:44,804 [INFO] Época 11/30, Batch 2450/3287, Loss: 0.2411
2025-10-10 04:29:45,063 [INFO] Época 11/30, Batch 2500/3287, Loss: 0.1633
2025-10-10 04:29:45,322 [INFO] Época 11/30, Batch 2550/3287, Loss: 0.2169
2025-10-10 04:29:45,581 [INFO] Época 11/30, Batch 2600/3287, Loss: 0.2763
2025-10-10 04:29:45,838 [INFO] Época 11/30, Batch 2650/3287, Loss: 0.2001
2025-10-10 04:29:46,096 [INFO] Época 11/30, Batch 2700/3287, Loss: 0.1779
2025-10-10 04:29:46,357 [INFO] Época 11/30, Batch 2750/3287, Loss: 0.2444
2025-10-10 04:29:46,616 [INFO] Época 11/30, Batch 2800/3287, Loss: 0.2481
2025-10-10 04:29:46,878 [INFO] Época 11/30, Batch 2850/3287, Loss: 0.2926
2025-10-10 04:29:47,137 [INFO] Época 11/30, Batch 2900/3287, Loss: 0.2287
2025-10-10 04:29:47,400 [INFO] Época 11/30, Batch 2950/3287, Loss: 0.1588
2025-10-10 04:29:47,661 [INFO] Época 11/30, Batch 3000/3287, Loss: 0.2556
2025-10-10 04:29:47,920 [INFO] Época 11/30, Batch 3050/3287, Loss: 0.2790
2025-10-10 04:29:48,180 [INFO] Época 11/30, Batch 3100/3287, Loss: 0.1824
2025-10-10 04:29:48,442 [INFO] Época 11/30, Batch 3150/3287, Loss: 0.2296
2025-10-10 04:29:48,701 [INFO] Época 11/30, Batch 3200/3287, Loss: 0.2249
2025-10-10 04:29:48,960 [INFO] Época 11/30, Batch 3250/3287, Loss: 0.2645
2025-10-10 04:29:50,692 [INFO] [11/30] Train Loss: 0.2266 | Val Loss: 0.3459 | Tempo: 18.93s
2025-10-10 04:29:51,251 [INFO] Época 12/30, Batch 50/3287, Loss: 0.3066
2025-10-10 04:29:51,514 [INFO] Época 12/30, Batch 100/3287, Loss: 0.2599
2025-10-10 04:29:51,775 [INFO] Época 12/30, Batch 150/3287, Loss: 0.1982
2025-10-10 04:29:52,036 [INFO] Época 12/30, Batch 200/3287, Loss: 0.2367
2025-10-10 04:29:52,294 [INFO] Época 12/30, Batch 250/3287, Loss: 0.3819
2025-10-10 04:29:52,556 [INFO] Época 12/30, Batch 300/3287, Loss: 0.2399
2025-10-10 04:29:52,816 [INFO] Época 12/30, Batch 350/3287, Loss: 0.2392
2025-10-10 04:29:53,075 [INFO] Época 12/30, Batch 400/3287, Loss: 0.3361
2025-10-10 04:29:53,334 [INFO] Época 12/30, Batch 450/3287, Loss: 0.2289
2025-10-10 04:29:53,593 [INFO] Época 12/30, Batch 500/3287, Loss: 0.2793
2025-10-10 04:29:53,852 [INFO] Época 12/30, Batch 550/3287, Loss: 0.1821
2025-10-10 04:29:54,110 [INFO] Época 12/30, Batch 600/3287, Loss: 0.2341
2025-10-10 04:29:54,368 [INFO] Época 12/30, Batch 650/3287, Loss: 0.1980
2025-10-10 04:29:54,626 [INFO] Época 12/30, Batch 700/3287, Loss: 0.2066
2025-10-10 04:29:54,883 [INFO] Época 12/30, Batch 750/3287, Loss: 0.1669
2025-10-10 04:29:55,141 [INFO] Época 12/30, Batch 800/3287, Loss: 0.2074
2025-10-10 04:29:55,401 [INFO] Época 12/30, Batch 850/3287, Loss: 0.3019
2025-10-10 04:29:55,658 [INFO] Época 12/30, Batch 900/3287, Loss: 0.2826
2025-10-10 04:29:55,913 [INFO] Época 12/30, Batch 950/3287, Loss: 0.3043
2025-10-10 04:29:56,171 [INFO] Época 12/30, Batch 1000/3287, Loss: 0.2062
2025-10-10 04:29:56,428 [INFO] Época 12/30, Batch 1050/3287, Loss: 0.2704
2025-10-10 04:29:56,686 [INFO] Época 12/30, Batch 1100/3287, Loss: 0.2326
2025-10-10 04:29:56,944 [INFO] Época 12/30, Batch 1150/3287, Loss: 0.2301
2025-10-10 04:29:57,202 [INFO] Época 12/30, Batch 1200/3287, Loss: 0.2852
2025-10-10 04:29:57,459 [INFO] Época 12/30, Batch 1250/3287, Loss: 0.2780
2025-10-10 04:29:57,716 [INFO] Época 12/30, Batch 1300/3287, Loss: 0.1534
2025-10-10 04:29:57,974 [INFO] Época 12/30, Batch 1350/3287, Loss: 0.2245
2025-10-10 04:29:58,229 [INFO] Época 12/30, Batch 1400/3287, Loss: 0.1847
2025-10-10 04:29:58,485 [INFO] Época 12/30, Batch 1450/3287, Loss: 0.2501
2025-10-10 04:29:58,741 [INFO] Época 12/30, Batch 1500/3287, Loss: 0.3032
2025-10-10 04:29:59,000 [INFO] Época 12/30, Batch 1550/3287, Loss: 0.2279
2025-10-10 04:29:59,257 [INFO] Época 12/30, Batch 1600/3287, Loss: 0.1853
2025-10-10 04:29:59,515 [INFO] Época 12/30, Batch 1650/3287, Loss: 0.1505
2025-10-10 04:29:59,771 [INFO] Época 12/30, Batch 1700/3287, Loss: 0.2667
2025-10-10 04:30:00,029 [INFO] Época 12/30, Batch 1750/3287, Loss: 0.2102
2025-10-10 04:30:00,287 [INFO] Época 12/30, Batch 1800/3287, Loss: 0.2662
2025-10-10 04:30:00,545 [INFO] Época 12/30, Batch 1850/3287, Loss: 0.2280
2025-10-10 04:30:00,806 [INFO] Época 12/30, Batch 1900/3287, Loss: 0.2757
2025-10-10 04:30:01,063 [INFO] Época 12/30, Batch 1950/3287, Loss: 0.3598
2025-10-10 04:30:01,322 [INFO] Época 12/30, Batch 2000/3287, Loss: 0.2115
2025-10-10 04:30:01,580 [INFO] Época 12/30, Batch 2050/3287, Loss: 0.2257
2025-10-10 04:30:01,839 [INFO] Época 12/30, Batch 2100/3287, Loss: 0.2100
2025-10-10 04:30:02,097 [INFO] Época 12/30, Batch 2150/3287, Loss: 0.1871
2025-10-10 04:30:02,356 [INFO] Época 12/30, Batch 2200/3287, Loss: 0.2189
2025-10-10 04:30:02,613 [INFO] Época 12/30, Batch 2250/3287, Loss: 0.2291
2025-10-10 04:30:02,871 [INFO] Época 12/30, Batch 2300/3287, Loss: 0.2611
2025-10-10 04:30:03,130 [INFO] Época 12/30, Batch 2350/3287, Loss: 0.2550
2025-10-10 04:30:03,389 [INFO] Época 12/30, Batch 2400/3287, Loss: 0.1867
2025-10-10 04:30:03,648 [INFO] Época 12/30, Batch 2450/3287, Loss: 0.2478
2025-10-10 04:30:03,905 [INFO] Época 12/30, Batch 2500/3287, Loss: 0.2739
2025-10-10 04:30:04,163 [INFO] Época 12/30, Batch 2550/3287, Loss: 0.2706
2025-10-10 04:30:04,420 [INFO] Época 12/30, Batch 2600/3287, Loss: 0.2169
2025-10-10 04:30:04,680 [INFO] Época 12/30, Batch 2650/3287, Loss: 0.2545
2025-10-10 04:30:04,939 [INFO] Época 12/30, Batch 2700/3287, Loss: 0.2173
2025-10-10 04:30:05,198 [INFO] Época 12/30, Batch 2750/3287, Loss: 0.2485
2025-10-10 04:30:05,456 [INFO] Época 12/30, Batch 2800/3287, Loss: 0.2353
2025-10-10 04:30:05,713 [INFO] Época 12/30, Batch 2850/3287, Loss: 0.1943
2025-10-10 04:30:05,972 [INFO] Época 12/30, Batch 2900/3287, Loss: 0.3712
2025-10-10 04:30:06,231 [INFO] Época 12/30, Batch 2950/3287, Loss: 0.2356
2025-10-10 04:30:06,490 [INFO] Época 12/30, Batch 3000/3287, Loss: 0.2817
2025-10-10 04:30:06,749 [INFO] Época 12/30, Batch 3050/3287, Loss: 0.2389
2025-10-10 04:30:07,008 [INFO] Época 12/30, Batch 3100/3287, Loss: 0.2129
2025-10-10 04:30:07,268 [INFO] Época 12/30, Batch 3150/3287, Loss: 0.1822
2025-10-10 04:30:07,525 [INFO] Época 12/30, Batch 3200/3287, Loss: 0.1695
2025-10-10 04:30:07,784 [INFO] Época 12/30, Batch 3250/3287, Loss: 0.1930
2025-10-10 04:30:09,551 [INFO] [12/30] Train Loss: 0.2263 | Val Loss: 0.3287 | Tempo: 18.86s
2025-10-10 04:30:10,103 [INFO] Época 13/30, Batch 50/3287, Loss: 0.1449
2025-10-10 04:30:10,366 [INFO] Época 13/30, Batch 100/3287, Loss: 0.3267
2025-10-10 04:30:10,626 [INFO] Época 13/30, Batch 150/3287, Loss: 0.2437
2025-10-10 04:30:10,884 [INFO] Época 13/30, Batch 200/3287, Loss: 0.1990
2025-10-10 04:30:11,144 [INFO] Época 13/30, Batch 250/3287, Loss: 0.2030
2025-10-10 04:30:11,401 [INFO] Época 13/30, Batch 300/3287, Loss: 0.2588
2025-10-10 04:30:11,659 [INFO] Época 13/30, Batch 350/3287, Loss: 0.2355
2025-10-10 04:30:11,920 [INFO] Época 13/30, Batch 400/3287, Loss: 0.2555
2025-10-10 04:30:12,177 [INFO] Época 13/30, Batch 450/3287, Loss: 0.2153
2025-10-10 04:30:12,437 [INFO] Época 13/30, Batch 500/3287, Loss: 0.2006
2025-10-10 04:30:12,697 [INFO] Época 13/30, Batch 550/3287, Loss: 0.2404
2025-10-10 04:30:12,962 [INFO] Época 13/30, Batch 600/3287, Loss: 0.1879
2025-10-10 04:30:13,234 [INFO] Época 13/30, Batch 650/3287, Loss: 0.2867
2025-10-10 04:30:13,506 [INFO] Época 13/30, Batch 700/3287, Loss: 0.2410
2025-10-10 04:30:13,775 [INFO] Época 13/30, Batch 750/3287, Loss: 0.2138
2025-10-10 04:30:14,039 [INFO] Época 13/30, Batch 800/3287, Loss: 0.2715
2025-10-10 04:30:14,315 [INFO] Época 13/30, Batch 850/3287, Loss: 0.2048
2025-10-10 04:30:14,584 [INFO] Época 13/30, Batch 900/3287, Loss: 0.1909
2025-10-10 04:30:14,833 [INFO] Época 13/30, Batch 950/3287, Loss: 0.1718
2025-10-10 04:30:15,094 [INFO] Época 13/30, Batch 1000/3287, Loss: 0.1882
2025-10-10 04:30:15,358 [INFO] Época 13/30, Batch 1050/3287, Loss: 0.2697
2025-10-10 04:30:15,622 [INFO] Época 13/30, Batch 1100/3287, Loss: 0.2494
2025-10-10 04:30:15,888 [INFO] Época 13/30, Batch 1150/3287, Loss: 0.2425
2025-10-10 04:30:16,155 [INFO] Época 13/30, Batch 1200/3287, Loss: 0.2124
2025-10-10 04:30:16,430 [INFO] Época 13/30, Batch 1250/3287, Loss: 0.3529
2025-10-10 04:30:16,717 [INFO] Época 13/30, Batch 1300/3287, Loss: 0.2234
2025-10-10 04:30:16,991 [INFO] Época 13/30, Batch 1350/3287, Loss: 0.2589
2025-10-10 04:30:17,267 [INFO] Época 13/30, Batch 1400/3287, Loss: 0.1637
2025-10-10 04:30:17,544 [INFO] Época 13/30, Batch 1450/3287, Loss: 0.1836
2025-10-10 04:30:17,819 [INFO] Época 13/30, Batch 1500/3287, Loss: 0.2564
2025-10-10 04:30:18,094 [INFO] Época 13/30, Batch 1550/3287, Loss: 0.2741
2025-10-10 04:30:18,369 [INFO] Época 13/30, Batch 1600/3287, Loss: 0.1979
2025-10-10 04:30:18,645 [INFO] Época 13/30, Batch 1650/3287, Loss: 0.1870
2025-10-10 04:30:18,920 [INFO] Época 13/30, Batch 1700/3287, Loss: 0.1598
2025-10-10 04:30:19,196 [INFO] Época 13/30, Batch 1750/3287, Loss: 0.1682
2025-10-10 04:30:19,470 [INFO] Época 13/30, Batch 1800/3287, Loss: 0.2008
2025-10-10 04:30:19,743 [INFO] Época 13/30, Batch 1850/3287, Loss: 0.2089
2025-10-10 04:30:20,019 [INFO] Época 13/30, Batch 1900/3287, Loss: 0.2217
2025-10-10 04:30:20,294 [INFO] Época 13/30, Batch 1950/3287, Loss: 0.2171
2025-10-10 04:30:20,568 [INFO] Época 13/30, Batch 2000/3287, Loss: 0.1769
2025-10-10 04:30:20,830 [INFO] Época 13/30, Batch 2050/3287, Loss: 0.2416
2025-10-10 04:30:21,089 [INFO] Época 13/30, Batch 2100/3287, Loss: 0.1934
2025-10-10 04:30:21,349 [INFO] Época 13/30, Batch 2150/3287, Loss: 0.2317
2025-10-10 04:30:21,608 [INFO] Época 13/30, Batch 2200/3287, Loss: 0.3215
2025-10-10 04:30:21,867 [INFO] Época 13/30, Batch 2250/3287, Loss: 0.1991
2025-10-10 04:30:22,126 [INFO] Época 13/30, Batch 2300/3287, Loss: 0.2619
2025-10-10 04:30:22,384 [INFO] Época 13/30, Batch 2350/3287, Loss: 0.2995
2025-10-10 04:30:22,643 [INFO] Época 13/30, Batch 2400/3287, Loss: 0.1652
2025-10-10 04:30:22,903 [INFO] Época 13/30, Batch 2450/3287, Loss: 0.1694
2025-10-10 04:30:23,162 [INFO] Época 13/30, Batch 2500/3287, Loss: 0.2280
2025-10-10 04:30:23,422 [INFO] Época 13/30, Batch 2550/3287, Loss: 0.1987
2025-10-10 04:30:23,688 [INFO] Época 13/30, Batch 2600/3287, Loss: 0.1978
2025-10-10 04:30:23,962 [INFO] Época 13/30, Batch 2650/3287, Loss: 0.2078
2025-10-10 04:30:24,238 [INFO] Época 13/30, Batch 2700/3287, Loss: 0.3018
2025-10-10 04:30:24,515 [INFO] Época 13/30, Batch 2750/3287, Loss: 0.2270
2025-10-10 04:30:24,780 [INFO] Época 13/30, Batch 2800/3287, Loss: 0.2386
2025-10-10 04:30:25,055 [INFO] Época 13/30, Batch 2850/3287, Loss: 0.2545
2025-10-10 04:30:25,333 [INFO] Época 13/30, Batch 2900/3287, Loss: 0.2145
2025-10-10 04:30:25,609 [INFO] Época 13/30, Batch 2950/3287, Loss: 0.1939
2025-10-10 04:30:25,886 [INFO] Época 13/30, Batch 3000/3287, Loss: 0.2958
2025-10-10 04:30:26,162 [INFO] Época 13/30, Batch 3050/3287, Loss: 0.2329
2025-10-10 04:30:26,437 [INFO] Época 13/30, Batch 3100/3287, Loss: 0.2071
2025-10-10 04:30:26,712 [INFO] Época 13/30, Batch 3150/3287, Loss: 0.2384
2025-10-10 04:30:26,989 [INFO] Época 13/30, Batch 3200/3287, Loss: 0.1761
2025-10-10 04:30:27,266 [INFO] Época 13/30, Batch 3250/3287, Loss: 0.2092
2025-10-10 04:30:28,879 [INFO] [13/30] Train Loss: 0.2258 | Val Loss: 0.3215 | Tempo: 19.33s
2025-10-10 04:30:29,434 [INFO] Época 14/30, Batch 50/3287, Loss: 0.1991
2025-10-10 04:30:29,706 [INFO] Época 14/30, Batch 100/3287, Loss: 0.2679
2025-10-10 04:30:29,974 [INFO] Época 14/30, Batch 150/3287, Loss: 0.1778
2025-10-10 04:30:30,244 [INFO] Época 14/30, Batch 200/3287, Loss: 0.2499
2025-10-10 04:30:30,513 [INFO] Época 14/30, Batch 250/3287, Loss: 0.1722
2025-10-10 04:30:30,782 [INFO] Época 14/30, Batch 300/3287, Loss: 0.3047
2025-10-10 04:30:31,049 [INFO] Época 14/30, Batch 350/3287, Loss: 0.2170
2025-10-10 04:30:31,316 [INFO] Época 14/30, Batch 400/3287, Loss: 0.2265
2025-10-10 04:30:31,585 [INFO] Época 14/30, Batch 450/3287, Loss: 0.2625
2025-10-10 04:30:31,847 [INFO] Época 14/30, Batch 500/3287, Loss: 0.1909
2025-10-10 04:30:32,109 [INFO] Época 14/30, Batch 550/3287, Loss: 0.2349
2025-10-10 04:30:32,368 [INFO] Época 14/30, Batch 600/3287, Loss: 0.2846
2025-10-10 04:30:32,628 [INFO] Época 14/30, Batch 650/3287, Loss: 0.2827
2025-10-10 04:30:32,889 [INFO] Época 14/30, Batch 700/3287, Loss: 0.1767
2025-10-10 04:30:33,138 [INFO] Época 14/30, Batch 750/3287, Loss: 0.1500
2025-10-10 04:30:33,394 [INFO] Época 14/30, Batch 800/3287, Loss: 0.2186
2025-10-10 04:30:33,655 [INFO] Época 14/30, Batch 850/3287, Loss: 0.2093
2025-10-10 04:30:33,914 [INFO] Época 14/30, Batch 900/3287, Loss: 0.1697
2025-10-10 04:30:34,179 [INFO] Época 14/30, Batch 950/3287, Loss: 0.1933
2025-10-10 04:30:34,438 [INFO] Época 14/30, Batch 1000/3287, Loss: 0.2258
2025-10-10 04:30:34,696 [INFO] Época 14/30, Batch 1050/3287, Loss: 0.2354
2025-10-10 04:30:34,956 [INFO] Época 14/30, Batch 1100/3287, Loss: 0.2245
2025-10-10 04:30:35,215 [INFO] Época 14/30, Batch 1150/3287, Loss: 0.2837
2025-10-10 04:30:35,478 [INFO] Época 14/30, Batch 1200/3287, Loss: 0.2763
2025-10-10 04:30:35,738 [INFO] Época 14/30, Batch 1250/3287, Loss: 0.2426
2025-10-10 04:30:35,996 [INFO] Época 14/30, Batch 1300/3287, Loss: 0.2259
2025-10-10 04:30:36,253 [INFO] Época 14/30, Batch 1350/3287, Loss: 0.1499
2025-10-10 04:30:36,512 [INFO] Época 14/30, Batch 1400/3287, Loss: 0.2765
2025-10-10 04:30:36,770 [INFO] Época 14/30, Batch 1450/3287, Loss: 0.2716
2025-10-10 04:30:37,028 [INFO] Época 14/30, Batch 1500/3287, Loss: 0.2143
2025-10-10 04:30:37,287 [INFO] Época 14/30, Batch 1550/3287, Loss: 0.1683
2025-10-10 04:30:37,544 [INFO] Época 14/30, Batch 1600/3287, Loss: 0.1993
2025-10-10 04:30:37,801 [INFO] Época 14/30, Batch 1650/3287, Loss: 0.2854
2025-10-10 04:30:38,060 [INFO] Época 14/30, Batch 1700/3287, Loss: 0.2876
2025-10-10 04:30:38,318 [INFO] Época 14/30, Batch 1750/3287, Loss: 0.1905
2025-10-10 04:30:38,578 [INFO] Época 14/30, Batch 1800/3287, Loss: 0.1843
2025-10-10 04:30:38,839 [INFO] Época 14/30, Batch 1850/3287, Loss: 0.2850
2025-10-10 04:30:39,101 [INFO] Época 14/30, Batch 1900/3287, Loss: 0.2427
2025-10-10 04:30:39,363 [INFO] Época 14/30, Batch 1950/3287, Loss: 0.2602
2025-10-10 04:30:39,630 [INFO] Época 14/30, Batch 2000/3287, Loss: 0.1960
2025-10-10 04:30:39,892 [INFO] Época 14/30, Batch 2050/3287, Loss: 0.3061
2025-10-10 04:30:40,153 [INFO] Época 14/30, Batch 2100/3287, Loss: 0.3066
2025-10-10 04:30:40,411 [INFO] Época 14/30, Batch 2150/3287, Loss: 0.2229
2025-10-10 04:30:40,668 [INFO] Época 14/30, Batch 2200/3287, Loss: 0.2383
2025-10-10 04:30:40,926 [INFO] Época 14/30, Batch 2250/3287, Loss: 0.3004
2025-10-10 04:30:41,185 [INFO] Época 14/30, Batch 2300/3287, Loss: 0.2216
2025-10-10 04:30:41,443 [INFO] Época 14/30, Batch 2350/3287, Loss: 0.2024
2025-10-10 04:30:41,704 [INFO] Época 14/30, Batch 2400/3287, Loss: 0.1656
2025-10-10 04:30:41,964 [INFO] Época 14/30, Batch 2450/3287, Loss: 0.2605
2025-10-10 04:30:42,224 [INFO] Época 14/30, Batch 2500/3287, Loss: 0.2088
2025-10-10 04:30:42,485 [INFO] Época 14/30, Batch 2550/3287, Loss: 0.2088
2025-10-10 04:30:42,745 [INFO] Época 14/30, Batch 2600/3287, Loss: 0.1663
2025-10-10 04:30:43,005 [INFO] Época 14/30, Batch 2650/3287, Loss: 0.2405
2025-10-10 04:30:43,266 [INFO] Época 14/30, Batch 2700/3287, Loss: 0.2646
2025-10-10 04:30:43,529 [INFO] Época 14/30, Batch 2750/3287, Loss: 0.2195
2025-10-10 04:30:43,790 [INFO] Época 14/30, Batch 2800/3287, Loss: 0.2482
2025-10-10 04:30:44,052 [INFO] Época 14/30, Batch 2850/3287, Loss: 0.2463
2025-10-10 04:30:44,313 [INFO] Época 14/30, Batch 2900/3287, Loss: 0.1772
2025-10-10 04:30:44,576 [INFO] Época 14/30, Batch 2950/3287, Loss: 0.2245
2025-10-10 04:30:44,839 [INFO] Época 14/30, Batch 3000/3287, Loss: 0.2026
2025-10-10 04:30:45,099 [INFO] Época 14/30, Batch 3050/3287, Loss: 0.2461
2025-10-10 04:30:45,359 [INFO] Época 14/30, Batch 3100/3287, Loss: 0.1928
2025-10-10 04:30:45,621 [INFO] Época 14/30, Batch 3150/3287, Loss: 0.2774
2025-10-10 04:30:45,882 [INFO] Época 14/30, Batch 3200/3287, Loss: 0.2254
2025-10-10 04:30:46,144 [INFO] Época 14/30, Batch 3250/3287, Loss: 0.1690
2025-10-10 04:30:47,897 [INFO] [14/30] Train Loss: 0.2258 | Val Loss: 0.3298 | Tempo: 19.02s
2025-10-10 04:30:48,465 [INFO] Época 15/30, Batch 50/3287, Loss: 0.2685
2025-10-10 04:30:48,732 [INFO] Época 15/30, Batch 100/3287, Loss: 0.2605
2025-10-10 04:30:48,997 [INFO] Época 15/30, Batch 150/3287, Loss: 0.2480
2025-10-10 04:30:49,262 [INFO] Época 15/30, Batch 200/3287, Loss: 0.2511
2025-10-10 04:30:49,524 [INFO] Época 15/30, Batch 250/3287, Loss: 0.2614
2025-10-10 04:30:49,783 [INFO] Época 15/30, Batch 300/3287, Loss: 0.2289
2025-10-10 04:30:50,043 [INFO] Época 15/30, Batch 350/3287, Loss: 0.1587
2025-10-10 04:30:50,300 [INFO] Época 15/30, Batch 400/3287, Loss: 0.2275
2025-10-10 04:30:50,558 [INFO] Época 15/30, Batch 450/3287, Loss: 0.2403
2025-10-10 04:30:50,817 [INFO] Época 15/30, Batch 500/3287, Loss: 0.2277
2025-10-10 04:30:51,076 [INFO] Época 15/30, Batch 550/3287, Loss: 0.2671
2025-10-10 04:30:51,335 [INFO] Época 15/30, Batch 600/3287, Loss: 0.1980
2025-10-10 04:30:51,591 [INFO] Época 15/30, Batch 650/3287, Loss: 0.2551
2025-10-10 04:30:51,851 [INFO] Época 15/30, Batch 700/3287, Loss: 0.1821
2025-10-10 04:30:52,109 [INFO] Época 15/30, Batch 750/3287, Loss: 0.3498
2025-10-10 04:30:52,365 [INFO] Época 15/30, Batch 800/3287, Loss: 0.2433
2025-10-10 04:30:52,622 [INFO] Época 15/30, Batch 850/3287, Loss: 0.2707
2025-10-10 04:30:52,890 [INFO] Época 15/30, Batch 900/3287, Loss: 0.2809
2025-10-10 04:30:53,159 [INFO] Época 15/30, Batch 950/3287, Loss: 0.2035
2025-10-10 04:30:53,427 [INFO] Época 15/30, Batch 1000/3287, Loss: 0.2550
2025-10-10 04:30:53,684 [INFO] Época 15/30, Batch 1050/3287, Loss: 0.1985
2025-10-10 04:30:53,941 [INFO] Época 15/30, Batch 1100/3287, Loss: 0.2125
2025-10-10 04:30:54,198 [INFO] Época 15/30, Batch 1150/3287, Loss: 0.1774
2025-10-10 04:30:54,458 [INFO] Época 15/30, Batch 1200/3287, Loss: 0.3317
2025-10-10 04:30:54,718 [INFO] Época 15/30, Batch 1250/3287, Loss: 0.1881
2025-10-10 04:30:54,976 [INFO] Época 15/30, Batch 1300/3287, Loss: 0.2225
2025-10-10 04:30:55,234 [INFO] Época 15/30, Batch 1350/3287, Loss: 0.3098
2025-10-10 04:30:55,493 [INFO] Época 15/30, Batch 1400/3287, Loss: 0.2492
2025-10-10 04:30:55,753 [INFO] Época 15/30, Batch 1450/3287, Loss: 0.2184
2025-10-10 04:30:56,012 [INFO] Época 15/30, Batch 1500/3287, Loss: 0.2467
2025-10-10 04:30:56,270 [INFO] Época 15/30, Batch 1550/3287, Loss: 0.1813
2025-10-10 04:30:56,529 [INFO] Época 15/30, Batch 1600/3287, Loss: 0.2408
2025-10-10 04:30:56,788 [INFO] Época 15/30, Batch 1650/3287, Loss: 0.2208
2025-10-10 04:30:57,044 [INFO] Época 15/30, Batch 1700/3287, Loss: 0.1852
2025-10-10 04:30:57,304 [INFO] Época 15/30, Batch 1750/3287, Loss: 0.1893
2025-10-10 04:30:57,564 [INFO] Época 15/30, Batch 1800/3287, Loss: 0.2715
2025-10-10 04:30:57,823 [INFO] Época 15/30, Batch 1850/3287, Loss: 0.2466
2025-10-10 04:30:58,080 [INFO] Época 15/30, Batch 1900/3287, Loss: 0.1905
2025-10-10 04:30:58,340 [INFO] Época 15/30, Batch 1950/3287, Loss: 0.2237
2025-10-10 04:30:58,599 [INFO] Época 15/30, Batch 2000/3287, Loss: 0.2340
2025-10-10 04:30:58,858 [INFO] Época 15/30, Batch 2050/3287, Loss: 0.2648
2025-10-10 04:30:59,118 [INFO] Época 15/30, Batch 2100/3287, Loss: 0.2183
2025-10-10 04:30:59,380 [INFO] Época 15/30, Batch 2150/3287, Loss: 0.2377
2025-10-10 04:30:59,640 [INFO] Época 15/30, Batch 2200/3287, Loss: 0.2418
2025-10-10 04:30:59,900 [INFO] Época 15/30, Batch 2250/3287, Loss: 0.2129
2025-10-10 04:31:00,161 [INFO] Época 15/30, Batch 2300/3287, Loss: 0.2877
2025-10-10 04:31:00,419 [INFO] Época 15/30, Batch 2350/3287, Loss: 0.2313
2025-10-10 04:31:00,677 [INFO] Época 15/30, Batch 2400/3287, Loss: 0.2285
2025-10-10 04:31:00,934 [INFO] Época 15/30, Batch 2450/3287, Loss: 0.2022
2025-10-10 04:31:01,191 [INFO] Época 15/30, Batch 2500/3287, Loss: 0.2142
2025-10-10 04:31:01,451 [INFO] Época 15/30, Batch 2550/3287, Loss: 0.2037
2025-10-10 04:31:01,711 [INFO] Época 15/30, Batch 2600/3287, Loss: 0.2650
2025-10-10 04:31:01,971 [INFO] Época 15/30, Batch 2650/3287, Loss: 0.3076
2025-10-10 04:31:02,230 [INFO] Época 15/30, Batch 2700/3287, Loss: 0.2873
2025-10-10 04:31:02,492 [INFO] Época 15/30, Batch 2750/3287, Loss: 0.1621
2025-10-10 04:31:02,755 [INFO] Época 15/30, Batch 2800/3287, Loss: 0.1724
2025-10-10 04:31:03,017 [INFO] Época 15/30, Batch 2850/3287, Loss: 0.1773
2025-10-10 04:31:03,280 [INFO] Época 15/30, Batch 2900/3287, Loss: 0.2270
2025-10-10 04:31:03,538 [INFO] Época 15/30, Batch 2950/3287, Loss: 0.1824
2025-10-10 04:31:03,797 [INFO] Época 15/30, Batch 3000/3287, Loss: 0.2219
2025-10-10 04:31:04,058 [INFO] Época 15/30, Batch 3050/3287, Loss: 0.1843
2025-10-10 04:31:04,319 [INFO] Época 15/30, Batch 3100/3287, Loss: 0.2353
2025-10-10 04:31:04,581 [INFO] Época 15/30, Batch 3150/3287, Loss: 0.1270
2025-10-10 04:31:04,840 [INFO] Época 15/30, Batch 3200/3287, Loss: 0.2233
2025-10-10 04:31:05,099 [INFO] Época 15/30, Batch 3250/3287, Loss: 0.1571
2025-10-10 04:31:06,726 [INFO] [15/30] Train Loss: 0.2257 | Val Loss: 0.3147 | Tempo: 18.82s
2025-10-10 04:31:07,271 [INFO] Época 16/30, Batch 50/3287, Loss: 0.1852
2025-10-10 04:31:07,534 [INFO] Época 16/30, Batch 100/3287, Loss: 0.2614
2025-10-10 04:31:07,793 [INFO] Época 16/30, Batch 150/3287, Loss: 0.2893
2025-10-10 04:31:08,052 [INFO] Época 16/30, Batch 200/3287, Loss: 0.1352
2025-10-10 04:31:08,309 [INFO] Época 16/30, Batch 250/3287, Loss: 0.1686
2025-10-10 04:31:08,569 [INFO] Época 16/30, Batch 300/3287, Loss: 0.2135
2025-10-10 04:31:08,827 [INFO] Época 16/30, Batch 350/3287, Loss: 0.2993
2025-10-10 04:31:09,083 [INFO] Época 16/30, Batch 400/3287, Loss: 0.3176
2025-10-10 04:31:09,340 [INFO] Época 16/30, Batch 450/3287, Loss: 0.2675
2025-10-10 04:31:09,596 [INFO] Época 16/30, Batch 500/3287, Loss: 0.2336
2025-10-10 04:31:09,856 [INFO] Época 16/30, Batch 550/3287, Loss: 0.2145
2025-10-10 04:31:10,114 [INFO] Época 16/30, Batch 600/3287, Loss: 0.1834
2025-10-10 04:31:10,370 [INFO] Época 16/30, Batch 650/3287, Loss: 0.1924
2025-10-10 04:31:10,627 [INFO] Época 16/30, Batch 700/3287, Loss: 0.1654
2025-10-10 04:31:10,884 [INFO] Época 16/30, Batch 750/3287, Loss: 0.2603
2025-10-10 04:31:11,142 [INFO] Época 16/30, Batch 800/3287, Loss: 0.2191
2025-10-10 04:31:11,397 [INFO] Época 16/30, Batch 850/3287, Loss: 0.3077
2025-10-10 04:31:11,654 [INFO] Época 16/30, Batch 900/3287, Loss: 0.2169
2025-10-10 04:31:11,910 [INFO] Época 16/30, Batch 950/3287, Loss: 0.2360
2025-10-10 04:31:12,165 [INFO] Época 16/30, Batch 1000/3287, Loss: 0.2433
2025-10-10 04:31:12,423 [INFO] Época 16/30, Batch 1050/3287, Loss: 0.1869
2025-10-10 04:31:12,680 [INFO] Época 16/30, Batch 1100/3287, Loss: 0.3019
2025-10-10 04:31:12,936 [INFO] Época 16/30, Batch 1150/3287, Loss: 0.2113
2025-10-10 04:31:13,192 [INFO] Época 16/30, Batch 1200/3287, Loss: 0.2289
2025-10-10 04:31:13,449 [INFO] Época 16/30, Batch 1250/3287, Loss: 0.2423
2025-10-10 04:31:13,706 [INFO] Época 16/30, Batch 1300/3287, Loss: 0.1764
2025-10-10 04:31:13,964 [INFO] Época 16/30, Batch 1350/3287, Loss: 0.1886
2025-10-10 04:31:14,218 [INFO] Época 16/30, Batch 1400/3287, Loss: 0.1832
2025-10-10 04:31:14,474 [INFO] Época 16/30, Batch 1450/3287, Loss: 0.2566
2025-10-10 04:31:14,730 [INFO] Época 16/30, Batch 1500/3287, Loss: 0.2449
2025-10-10 04:31:14,990 [INFO] Época 16/30, Batch 1550/3287, Loss: 0.2251
2025-10-10 04:31:15,246 [INFO] Época 16/30, Batch 1600/3287, Loss: 0.2650
2025-10-10 04:31:15,501 [INFO] Época 16/30, Batch 1650/3287, Loss: 0.1939
2025-10-10 04:31:15,758 [INFO] Época 16/30, Batch 1700/3287, Loss: 0.2741
2025-10-10 04:31:16,015 [INFO] Época 16/30, Batch 1750/3287, Loss: 0.1899
2025-10-10 04:31:16,271 [INFO] Época 16/30, Batch 1800/3287, Loss: 0.2411
2025-10-10 04:31:16,527 [INFO] Época 16/30, Batch 1850/3287, Loss: 0.2528
2025-10-10 04:31:16,783 [INFO] Época 16/30, Batch 1900/3287, Loss: 0.2458
2025-10-10 04:31:17,040 [INFO] Época 16/30, Batch 1950/3287, Loss: 0.2948
2025-10-10 04:31:17,295 [INFO] Época 16/30, Batch 2000/3287, Loss: 0.1571
2025-10-10 04:31:17,550 [INFO] Época 16/30, Batch 2050/3287, Loss: 0.2375
2025-10-10 04:31:17,807 [INFO] Época 16/30, Batch 2100/3287, Loss: 0.1702
2025-10-10 04:31:18,063 [INFO] Época 16/30, Batch 2150/3287, Loss: 0.2579
2025-10-10 04:31:18,320 [INFO] Época 16/30, Batch 2200/3287, Loss: 0.1916
2025-10-10 04:31:18,578 [INFO] Época 16/30, Batch 2250/3287, Loss: 0.1869
2025-10-10 04:31:18,833 [INFO] Época 16/30, Batch 2300/3287, Loss: 0.2517
2025-10-10 04:31:19,096 [INFO] Época 16/30, Batch 2350/3287, Loss: 0.1805
2025-10-10 04:31:19,354 [INFO] Época 16/30, Batch 2400/3287, Loss: 0.1991
2025-10-10 04:31:19,610 [INFO] Época 16/30, Batch 2450/3287, Loss: 0.2213
2025-10-10 04:31:19,867 [INFO] Época 16/30, Batch 2500/3287, Loss: 0.2176
2025-10-10 04:31:20,121 [INFO] Época 16/30, Batch 2550/3287, Loss: 0.1452
2025-10-10 04:31:20,379 [INFO] Época 16/30, Batch 2600/3287, Loss: 0.2200
2025-10-10 04:31:20,636 [INFO] Época 16/30, Batch 2650/3287, Loss: 0.2338
2025-10-10 04:31:20,894 [INFO] Época 16/30, Batch 2700/3287, Loss: 0.2081
2025-10-10 04:31:21,151 [INFO] Época 16/30, Batch 2750/3287, Loss: 0.1848
2025-10-10 04:31:21,406 [INFO] Época 16/30, Batch 2800/3287, Loss: 0.2423
2025-10-10 04:31:21,664 [INFO] Época 16/30, Batch 2850/3287, Loss: 0.2367
2025-10-10 04:31:21,921 [INFO] Época 16/30, Batch 2900/3287, Loss: 0.1771
2025-10-10 04:31:22,178 [INFO] Época 16/30, Batch 2950/3287, Loss: 0.2176
2025-10-10 04:31:22,433 [INFO] Época 16/30, Batch 3000/3287, Loss: 0.2112
2025-10-10 04:31:22,688 [INFO] Época 16/30, Batch 3050/3287, Loss: 0.2410
2025-10-10 04:31:22,945 [INFO] Época 16/30, Batch 3100/3287, Loss: 0.2994
2025-10-10 04:31:23,199 [INFO] Época 16/30, Batch 3150/3287, Loss: 0.2727
2025-10-10 04:31:23,455 [INFO] Época 16/30, Batch 3200/3287, Loss: 0.3152
2025-10-10 04:31:23,710 [INFO] Época 16/30, Batch 3250/3287, Loss: 0.1471
2025-10-10 04:31:25,345 [INFO] [16/30] Train Loss: 0.2255 | Val Loss: 0.3234 | Tempo: 18.62s
2025-10-10 04:31:25,898 [INFO] Época 17/30, Batch 50/3287, Loss: 0.2109
2025-10-10 04:31:26,164 [INFO] Época 17/30, Batch 100/3287, Loss: 0.2499
2025-10-10 04:31:26,425 [INFO] Época 17/30, Batch 150/3287, Loss: 0.2321
2025-10-10 04:31:26,685 [INFO] Época 17/30, Batch 200/3287, Loss: 0.2398
2025-10-10 04:31:26,948 [INFO] Época 17/30, Batch 250/3287, Loss: 0.1734
2025-10-10 04:31:27,207 [INFO] Época 17/30, Batch 300/3287, Loss: 0.2004
2025-10-10 04:31:27,471 [INFO] Época 17/30, Batch 350/3287, Loss: 0.2654
2025-10-10 04:31:27,730 [INFO] Época 17/30, Batch 400/3287, Loss: 0.2474
2025-10-10 04:31:27,990 [INFO] Época 17/30, Batch 450/3287, Loss: 0.2724
2025-10-10 04:31:28,249 [INFO] Época 17/30, Batch 500/3287, Loss: 0.2086
2025-10-10 04:31:28,509 [INFO] Época 17/30, Batch 550/3287, Loss: 0.2182
2025-10-10 04:31:28,769 [INFO] Época 17/30, Batch 600/3287, Loss: 0.2928
2025-10-10 04:31:29,027 [INFO] Época 17/30, Batch 650/3287, Loss: 0.2799
2025-10-10 04:31:29,284 [INFO] Época 17/30, Batch 700/3287, Loss: 0.2090
2025-10-10 04:31:29,540 [INFO] Época 17/30, Batch 750/3287, Loss: 0.2073
2025-10-10 04:31:29,796 [INFO] Época 17/30, Batch 800/3287, Loss: 0.1970
2025-10-10 04:31:30,054 [INFO] Época 17/30, Batch 850/3287, Loss: 0.1787
2025-10-10 04:31:30,309 [INFO] Época 17/30, Batch 900/3287, Loss: 0.2303
2025-10-10 04:31:30,567 [INFO] Época 17/30, Batch 950/3287, Loss: 0.2023
2025-10-10 04:31:30,823 [INFO] Época 17/30, Batch 1000/3287, Loss: 0.2604
2025-10-10 04:31:31,082 [INFO] Época 17/30, Batch 1050/3287, Loss: 0.1779
2025-10-10 04:31:31,341 [INFO] Época 17/30, Batch 1100/3287, Loss: 0.1597
2025-10-10 04:31:31,599 [INFO] Época 17/30, Batch 1150/3287, Loss: 0.2285
2025-10-10 04:31:31,858 [INFO] Época 17/30, Batch 1200/3287, Loss: 0.2642
2025-10-10 04:31:32,115 [INFO] Época 17/30, Batch 1250/3287, Loss: 0.2911
2025-10-10 04:31:32,374 [INFO] Época 17/30, Batch 1300/3287, Loss: 0.2335
2025-10-10 04:31:32,635 [INFO] Época 17/30, Batch 1350/3287, Loss: 0.2116
2025-10-10 04:31:32,894 [INFO] Época 17/30, Batch 1400/3287, Loss: 0.2042
2025-10-10 04:31:33,153 [INFO] Época 17/30, Batch 1450/3287, Loss: 0.2237
2025-10-10 04:31:33,411 [INFO] Época 17/30, Batch 1500/3287, Loss: 0.2215
2025-10-10 04:31:33,670 [INFO] Época 17/30, Batch 1550/3287, Loss: 0.1842
2025-10-10 04:31:33,928 [INFO] Época 17/30, Batch 1600/3287, Loss: 0.2965
2025-10-10 04:31:34,189 [INFO] Época 17/30, Batch 1650/3287, Loss: 0.2609
2025-10-10 04:31:34,447 [INFO] Época 17/30, Batch 1700/3287, Loss: 0.2119
2025-10-10 04:31:34,703 [INFO] Época 17/30, Batch 1750/3287, Loss: 0.2810
2025-10-10 04:31:34,962 [INFO] Época 17/30, Batch 1800/3287, Loss: 0.1956
2025-10-10 04:31:35,221 [INFO] Época 17/30, Batch 1850/3287, Loss: 0.2478
2025-10-10 04:31:35,480 [INFO] Época 17/30, Batch 1900/3287, Loss: 0.2366
2025-10-10 04:31:35,741 [INFO] Época 17/30, Batch 1950/3287, Loss: 0.2217
2025-10-10 04:31:36,010 [INFO] Época 17/30, Batch 2000/3287, Loss: 0.2116
2025-10-10 04:31:36,266 [INFO] Época 17/30, Batch 2050/3287, Loss: 0.2064
2025-10-10 04:31:36,524 [INFO] Época 17/30, Batch 2100/3287, Loss: 0.2046
2025-10-10 04:31:36,782 [INFO] Época 17/30, Batch 2150/3287, Loss: 0.1658
2025-10-10 04:31:37,040 [INFO] Época 17/30, Batch 2200/3287, Loss: 0.2369
2025-10-10 04:31:37,297 [INFO] Época 17/30, Batch 2250/3287, Loss: 0.2768
2025-10-10 04:31:37,554 [INFO] Época 17/30, Batch 2300/3287, Loss: 0.2543
2025-10-10 04:31:37,812 [INFO] Época 17/30, Batch 2350/3287, Loss: 0.2667
2025-10-10 04:31:38,073 [INFO] Época 17/30, Batch 2400/3287, Loss: 0.1941
2025-10-10 04:31:38,334 [INFO] Época 17/30, Batch 2450/3287, Loss: 0.1557
2025-10-10 04:31:38,592 [INFO] Época 17/30, Batch 2500/3287, Loss: 0.1952
2025-10-10 04:31:38,853 [INFO] Época 17/30, Batch 2550/3287, Loss: 0.2526
2025-10-10 04:31:39,113 [INFO] Época 17/30, Batch 2600/3287, Loss: 0.2048
2025-10-10 04:31:39,376 [INFO] Época 17/30, Batch 2650/3287, Loss: 0.2436
2025-10-10 04:31:39,636 [INFO] Época 17/30, Batch 2700/3287, Loss: 0.1535
2025-10-10 04:31:39,896 [INFO] Época 17/30, Batch 2750/3287, Loss: 0.1665
2025-10-10 04:31:40,153 [INFO] Época 17/30, Batch 2800/3287, Loss: 0.2101
2025-10-10 04:31:40,413 [INFO] Época 17/30, Batch 2850/3287, Loss: 0.2390
2025-10-10 04:31:40,672 [INFO] Época 17/30, Batch 2900/3287, Loss: 0.2270
2025-10-10 04:31:40,932 [INFO] Época 17/30, Batch 2950/3287, Loss: 0.2000
2025-10-10 04:31:41,190 [INFO] Época 17/30, Batch 3000/3287, Loss: 0.1943
2025-10-10 04:31:41,448 [INFO] Época 17/30, Batch 3050/3287, Loss: 0.2024
2025-10-10 04:31:41,705 [INFO] Época 17/30, Batch 3100/3287, Loss: 0.2842
2025-10-10 04:31:41,965 [INFO] Época 17/30, Batch 3150/3287, Loss: 0.1878
2025-10-10 04:31:42,220 [INFO] Época 17/30, Batch 3200/3287, Loss: 0.2297
2025-10-10 04:31:42,477 [INFO] Época 17/30, Batch 3250/3287, Loss: 0.2225
2025-10-10 04:31:44,132 [INFO] [17/30] Train Loss: 0.2251 | Val Loss: 0.3315 | Tempo: 18.79s
2025-10-10 04:31:44,668 [INFO] Época 18/30, Batch 50/3287, Loss: 0.1620
2025-10-10 04:31:44,924 [INFO] Época 18/30, Batch 100/3287, Loss: 0.2163
2025-10-10 04:31:45,179 [INFO] Época 18/30, Batch 150/3287, Loss: 0.2697
2025-10-10 04:31:45,429 [INFO] Época 18/30, Batch 200/3287, Loss: 0.2184
2025-10-10 04:31:45,681 [INFO] Época 18/30, Batch 250/3287, Loss: 0.2067
2025-10-10 04:31:45,933 [INFO] Época 18/30, Batch 300/3287, Loss: 0.2755
2025-10-10 04:31:46,185 [INFO] Época 18/30, Batch 350/3287, Loss: 0.2041
2025-10-10 04:31:46,437 [INFO] Época 18/30, Batch 400/3287, Loss: 0.1663
2025-10-10 04:31:46,688 [INFO] Época 18/30, Batch 450/3287, Loss: 0.2486
2025-10-10 04:31:46,939 [INFO] Época 18/30, Batch 500/3287, Loss: 0.1879
2025-10-10 04:31:47,190 [INFO] Época 18/30, Batch 550/3287, Loss: 0.2190
2025-10-10 04:31:47,443 [INFO] Época 18/30, Batch 600/3287, Loss: 0.2062
2025-10-10 04:31:47,695 [INFO] Época 18/30, Batch 650/3287, Loss: 0.1842
2025-10-10 04:31:47,941 [INFO] Época 18/30, Batch 700/3287, Loss: 0.2389
2025-10-10 04:31:48,190 [INFO] Época 18/30, Batch 750/3287, Loss: 0.2210
2025-10-10 04:31:48,443 [INFO] Época 18/30, Batch 800/3287, Loss: 0.1822
2025-10-10 04:31:48,692 [INFO] Época 18/30, Batch 850/3287, Loss: 0.2909
2025-10-10 04:31:48,940 [INFO] Época 18/30, Batch 900/3287, Loss: 0.1957
2025-10-10 04:31:49,189 [INFO] Época 18/30, Batch 950/3287, Loss: 0.2297
2025-10-10 04:31:49,438 [INFO] Época 18/30, Batch 1000/3287, Loss: 0.2815
2025-10-10 04:31:49,684 [INFO] Época 18/30, Batch 1050/3287, Loss: 0.2201
2025-10-10 04:31:49,932 [INFO] Época 18/30, Batch 1100/3287, Loss: 0.2989
2025-10-10 04:31:50,180 [INFO] Época 18/30, Batch 1150/3287, Loss: 0.1824
2025-10-10 04:31:50,433 [INFO] Época 18/30, Batch 1200/3287, Loss: 0.2123
2025-10-10 04:31:50,698 [INFO] Época 18/30, Batch 1250/3287, Loss: 0.2185
2025-10-10 04:31:50,965 [INFO] Época 18/30, Batch 1300/3287, Loss: 0.1697
2025-10-10 04:31:51,243 [INFO] Época 18/30, Batch 1350/3287, Loss: 0.1489
2025-10-10 04:31:51,500 [INFO] Época 18/30, Batch 1400/3287, Loss: 0.2750
2025-10-10 04:31:51,764 [INFO] Época 18/30, Batch 1450/3287, Loss: 0.2535
2025-10-10 04:31:52,027 [INFO] Época 18/30, Batch 1500/3287, Loss: 0.1786
2025-10-10 04:31:52,287 [INFO] Época 18/30, Batch 1550/3287, Loss: 0.2492
2025-10-10 04:31:52,547 [INFO] Época 18/30, Batch 1600/3287, Loss: 0.1839
2025-10-10 04:31:52,807 [INFO] Época 18/30, Batch 1650/3287, Loss: 0.2597
2025-10-10 04:31:53,069 [INFO] Época 18/30, Batch 1700/3287, Loss: 0.2142
2025-10-10 04:31:53,328 [INFO] Época 18/30, Batch 1750/3287, Loss: 0.1878
2025-10-10 04:31:53,589 [INFO] Época 18/30, Batch 1800/3287, Loss: 0.1780
2025-10-10 04:31:53,851 [INFO] Época 18/30, Batch 1850/3287, Loss: 0.1638
2025-10-10 04:31:54,110 [INFO] Época 18/30, Batch 1900/3287, Loss: 0.2125
2025-10-10 04:31:54,371 [INFO] Época 18/30, Batch 1950/3287, Loss: 0.1788
2025-10-10 04:31:54,630 [INFO] Época 18/30, Batch 2000/3287, Loss: 0.3059
2025-10-10 04:31:54,893 [INFO] Época 18/30, Batch 2050/3287, Loss: 0.2393
2025-10-10 04:31:55,161 [INFO] Época 18/30, Batch 2100/3287, Loss: 0.1945
2025-10-10 04:31:55,430 [INFO] Época 18/30, Batch 2150/3287, Loss: 0.2100
2025-10-10 04:31:55,699 [INFO] Época 18/30, Batch 2200/3287, Loss: 0.2477
2025-10-10 04:31:55,956 [INFO] Época 18/30, Batch 2250/3287, Loss: 0.2069
2025-10-10 04:31:56,221 [INFO] Época 18/30, Batch 2300/3287, Loss: 0.2631
2025-10-10 04:31:56,478 [INFO] Época 18/30, Batch 2350/3287, Loss: 0.2541
2025-10-10 04:31:56,733 [INFO] Época 18/30, Batch 2400/3287, Loss: 0.1376
2025-10-10 04:31:56,990 [INFO] Época 18/30, Batch 2450/3287, Loss: 0.2439
2025-10-10 04:31:57,245 [INFO] Época 18/30, Batch 2500/3287, Loss: 0.2298
2025-10-10 04:31:57,503 [INFO] Época 18/30, Batch 2550/3287, Loss: 0.2038
2025-10-10 04:31:57,762 [INFO] Época 18/30, Batch 2600/3287, Loss: 0.2355
2025-10-10 04:31:58,019 [INFO] Época 18/30, Batch 2650/3287, Loss: 0.2908
2025-10-10 04:31:58,276 [INFO] Época 18/30, Batch 2700/3287, Loss: 0.1742
2025-10-10 04:31:58,535 [INFO] Época 18/30, Batch 2750/3287, Loss: 0.1699
2025-10-10 04:31:58,793 [INFO] Época 18/30, Batch 2800/3287, Loss: 0.2404
2025-10-10 04:31:59,055 [INFO] Época 18/30, Batch 2850/3287, Loss: 0.2370
2025-10-10 04:31:59,322 [INFO] Época 18/30, Batch 2900/3287, Loss: 0.2115
2025-10-10 04:31:59,585 [INFO] Época 18/30, Batch 2950/3287, Loss: 0.1923
2025-10-10 04:31:59,843 [INFO] Época 18/30, Batch 3000/3287, Loss: 0.2760
2025-10-10 04:32:00,103 [INFO] Época 18/30, Batch 3050/3287, Loss: 0.2319
2025-10-10 04:32:00,363 [INFO] Época 18/30, Batch 3100/3287, Loss: 0.1831
2025-10-10 04:32:00,621 [INFO] Época 18/30, Batch 3150/3287, Loss: 0.2277
2025-10-10 04:32:00,881 [INFO] Época 18/30, Batch 3200/3287, Loss: 0.3291
2025-10-10 04:32:01,142 [INFO] Época 18/30, Batch 3250/3287, Loss: 0.1986
2025-10-10 04:32:02,861 [INFO] [18/30] Train Loss: 0.2250 | Val Loss: 0.3186 | Tempo: 18.73s
2025-10-10 04:32:02,861 [INFO] Early stopping ativado após 10 épocas sem melhoria
2025-10-10 04:32:02,861 [INFO] Treinamento concluído em 339.95 segundos (5.67 minutos)
2025-10-10 04:32:02,862 [INFO] Iniciando avaliação no conjunto de teste...
2025-10-10 04:32:04,256 [INFO] Avaliação do teste concluída em 1.39 segundos
2025-10-10 04:32:04,256 [INFO] MSE no teste: 0.2545
2025-10-10 04:32:04,256 [INFO] RMSE no teste: 0.5044
2025-10-10 04:32:04,256 [INFO] MAE no teste: 0.3185
2025-10-10 04:32:04,257 [INFO] Métricas salvas em /mnt/hdd/home/jdurao/ToolBox-ChemXAI/logs/mlp_att8_3D_metrics.json
