2025-10-10 04:49:19,330 [INFO] Iniciando treinamento do modelo mlp_att8_Pattern
2025-10-10 04:49:19,330 [INFO] Configuração: att_index=8, epochs=30, layers=[128, 64, 32], lr=0.001, batch_size=32, descriptor_type=Pattern
2025-10-10 04:49:19,330 [INFO] Diretório para modelos: /mnt/hdd/home/jdurao/ToolBox-ChemXAI/models
2025-10-10 04:49:19,330 [INFO] Carregando dados...
2025-10-10 04:49:19,434 [INFO] Preparando dataloaders sem ruído...
2025-10-10 04:49:35,459 [INFO] Dados carregados em 16.13 segundos
2025-10-10 04:49:35,459 [INFO] Tamanhos dos conjuntos - Treino: 107108, Validação: 13388, Teste: 13389
2025-10-10 04:49:35,459 [INFO] Usando dispositivo: cuda
2025-10-10 04:49:35,833 [INFO] Dimensão de entrada: 512, Dimensão de saída: 1
2025-10-10 04:49:35,837 [INFO] Criando modelo MLP com camadas: [128, 64, 32]
2025-10-10 04:49:35,840 [INFO] Modelo criado com 76033 parâmetros
2025-10-10 04:49:35,844 [INFO] Iniciando treinamento com 30 épocas...
2025-10-10 04:49:36,389 [INFO] Época 1/30, Batch 50/3348, Loss: 0.3425
2025-10-10 04:49:36,661 [INFO] Época 1/30, Batch 100/3348, Loss: 0.2875
2025-10-10 04:49:36,927 [INFO] Época 1/30, Batch 150/3348, Loss: 0.3790
2025-10-10 04:49:37,193 [INFO] Época 1/30, Batch 200/3348, Loss: 0.3605
2025-10-10 04:49:37,457 [INFO] Época 1/30, Batch 250/3348, Loss: 0.3928
2025-10-10 04:49:37,725 [INFO] Época 1/30, Batch 300/3348, Loss: 0.4076
2025-10-10 04:49:37,988 [INFO] Época 1/30, Batch 350/3348, Loss: 0.3150
2025-10-10 04:49:38,253 [INFO] Época 1/30, Batch 400/3348, Loss: 0.1885
2025-10-10 04:49:38,519 [INFO] Época 1/30, Batch 450/3348, Loss: 0.2857
2025-10-10 04:49:38,784 [INFO] Época 1/30, Batch 500/3348, Loss: 0.3698
2025-10-10 04:49:39,048 [INFO] Época 1/30, Batch 550/3348, Loss: 0.2720
2025-10-10 04:49:39,310 [INFO] Época 1/30, Batch 600/3348, Loss: 0.2605
2025-10-10 04:49:39,576 [INFO] Época 1/30, Batch 650/3348, Loss: 0.2438
2025-10-10 04:49:39,843 [INFO] Época 1/30, Batch 700/3348, Loss: 0.3089
2025-10-10 04:49:40,109 [INFO] Época 1/30, Batch 750/3348, Loss: 0.3191
2025-10-10 04:49:40,375 [INFO] Época 1/30, Batch 800/3348, Loss: 0.2586
2025-10-10 04:49:40,641 [INFO] Época 1/30, Batch 850/3348, Loss: 0.2672
2025-10-10 04:49:40,907 [INFO] Época 1/30, Batch 900/3348, Loss: 0.3186
2025-10-10 04:49:41,175 [INFO] Época 1/30, Batch 950/3348, Loss: 0.2614
2025-10-10 04:49:41,440 [INFO] Época 1/30, Batch 1000/3348, Loss: 0.1729
2025-10-10 04:49:41,704 [INFO] Época 1/30, Batch 1050/3348, Loss: 0.2069
2025-10-10 04:49:41,968 [INFO] Época 1/30, Batch 1100/3348, Loss: 0.3878
2025-10-10 04:49:42,233 [INFO] Época 1/30, Batch 1150/3348, Loss: 0.1929
2025-10-10 04:49:42,499 [INFO] Época 1/30, Batch 1200/3348, Loss: 0.3027
2025-10-10 04:49:42,764 [INFO] Época 1/30, Batch 1250/3348, Loss: 0.2177
2025-10-10 04:49:43,027 [INFO] Época 1/30, Batch 1300/3348, Loss: 0.2403
2025-10-10 04:49:43,293 [INFO] Época 1/30, Batch 1350/3348, Loss: 0.2224
2025-10-10 04:49:43,563 [INFO] Época 1/30, Batch 1400/3348, Loss: 0.2828
2025-10-10 04:49:43,833 [INFO] Época 1/30, Batch 1450/3348, Loss: 0.3435
2025-10-10 04:49:44,100 [INFO] Época 1/30, Batch 1500/3348, Loss: 0.2208
2025-10-10 04:49:44,370 [INFO] Época 1/30, Batch 1550/3348, Loss: 0.2522
2025-10-10 04:49:44,637 [INFO] Época 1/30, Batch 1600/3348, Loss: 0.2863
2025-10-10 04:49:44,909 [INFO] Época 1/30, Batch 1650/3348, Loss: 0.2555
2025-10-10 04:49:45,179 [INFO] Época 1/30, Batch 1700/3348, Loss: 0.2307
2025-10-10 04:49:45,448 [INFO] Época 1/30, Batch 1750/3348, Loss: 0.1820
2025-10-10 04:49:45,715 [INFO] Época 1/30, Batch 1800/3348, Loss: 0.2961
2025-10-10 04:49:45,981 [INFO] Época 1/30, Batch 1850/3348, Loss: 0.2295
2025-10-10 04:49:46,251 [INFO] Época 1/30, Batch 1900/3348, Loss: 0.2542
2025-10-10 04:49:46,521 [INFO] Época 1/30, Batch 1950/3348, Loss: 0.1734
2025-10-10 04:49:46,790 [INFO] Época 1/30, Batch 2000/3348, Loss: 0.2779
2025-10-10 04:49:47,060 [INFO] Época 1/30, Batch 2050/3348, Loss: 0.2328
2025-10-10 04:49:47,329 [INFO] Época 1/30, Batch 2100/3348, Loss: 0.2243
2025-10-10 04:49:47,599 [INFO] Época 1/30, Batch 2150/3348, Loss: 0.2256
2025-10-10 04:49:47,867 [INFO] Época 1/30, Batch 2200/3348, Loss: 0.2185
2025-10-10 04:49:48,138 [INFO] Época 1/30, Batch 2250/3348, Loss: 0.1901
2025-10-10 04:49:48,405 [INFO] Época 1/30, Batch 2300/3348, Loss: 0.2104
2025-10-10 04:49:48,676 [INFO] Época 1/30, Batch 2350/3348, Loss: 0.3120
2025-10-10 04:49:48,944 [INFO] Época 1/30, Batch 2400/3348, Loss: 0.2408
2025-10-10 04:49:49,212 [INFO] Época 1/30, Batch 2450/3348, Loss: 0.2443
2025-10-10 04:49:49,482 [INFO] Época 1/30, Batch 2500/3348, Loss: 0.1917
2025-10-10 04:49:49,753 [INFO] Época 1/30, Batch 2550/3348, Loss: 0.2717
2025-10-10 04:49:50,022 [INFO] Época 1/30, Batch 2600/3348, Loss: 0.2090
2025-10-10 04:49:50,291 [INFO] Época 1/30, Batch 2650/3348, Loss: 0.2659
2025-10-10 04:49:50,565 [INFO] Época 1/30, Batch 2700/3348, Loss: 0.2127
2025-10-10 04:49:50,832 [INFO] Época 1/30, Batch 2750/3348, Loss: 0.1934
2025-10-10 04:49:51,096 [INFO] Época 1/30, Batch 2800/3348, Loss: 0.2125
2025-10-10 04:49:51,363 [INFO] Época 1/30, Batch 2850/3348, Loss: 0.3174
2025-10-10 04:49:51,627 [INFO] Época 1/30, Batch 2900/3348, Loss: 0.2472
2025-10-10 04:49:51,890 [INFO] Época 1/30, Batch 2950/3348, Loss: 0.2079
2025-10-10 04:49:52,152 [INFO] Época 1/30, Batch 3000/3348, Loss: 0.2219
2025-10-10 04:49:52,414 [INFO] Época 1/30, Batch 3050/3348, Loss: 0.3096
2025-10-10 04:49:52,675 [INFO] Época 1/30, Batch 3100/3348, Loss: 0.2246
2025-10-10 04:49:52,938 [INFO] Época 1/30, Batch 3150/3348, Loss: 0.2272
2025-10-10 04:49:53,203 [INFO] Época 1/30, Batch 3200/3348, Loss: 0.1725
2025-10-10 04:49:53,471 [INFO] Época 1/30, Batch 3250/3348, Loss: 0.2181
2025-10-10 04:49:53,737 [INFO] Época 1/30, Batch 3300/3348, Loss: 0.2231
2025-10-10 04:49:55,604 [INFO] [1/30] Train Loss: 0.2558 | Val Loss: 0.3473 | Tempo: 19.76s
2025-10-10 04:49:55,609 [INFO] Melhor modelo salvo em: /mnt/hdd/home/jdurao/ToolBox-ChemXAI/models/mlp_qm9_Pattern_att8_large.pth
2025-10-10 04:49:56,197 [INFO] Época 2/30, Batch 50/3348, Loss: 0.1303
2025-10-10 04:49:56,475 [INFO] Época 2/30, Batch 100/3348, Loss: 0.1982
2025-10-10 04:49:56,741 [INFO] Época 2/30, Batch 150/3348, Loss: 0.1964
2025-10-10 04:49:57,007 [INFO] Época 2/30, Batch 200/3348, Loss: 0.1753
2025-10-10 04:49:57,270 [INFO] Época 2/30, Batch 250/3348, Loss: 0.2553
2025-10-10 04:49:57,533 [INFO] Época 2/30, Batch 300/3348, Loss: 0.2055
2025-10-10 04:49:57,795 [INFO] Época 2/30, Batch 350/3348, Loss: 0.2458
2025-10-10 04:49:58,059 [INFO] Época 2/30, Batch 400/3348, Loss: 0.2714
2025-10-10 04:49:58,322 [INFO] Época 2/30, Batch 450/3348, Loss: 0.3023
2025-10-10 04:49:58,584 [INFO] Época 2/30, Batch 500/3348, Loss: 0.1628
2025-10-10 04:49:58,846 [INFO] Época 2/30, Batch 550/3348, Loss: 0.1881
2025-10-10 04:49:59,108 [INFO] Época 2/30, Batch 600/3348, Loss: 0.2585
2025-10-10 04:49:59,370 [INFO] Época 2/30, Batch 650/3348, Loss: 0.2173
2025-10-10 04:49:59,634 [INFO] Época 2/30, Batch 700/3348, Loss: 0.1538
2025-10-10 04:49:59,895 [INFO] Época 2/30, Batch 750/3348, Loss: 0.2563
2025-10-10 04:50:00,150 [INFO] Época 2/30, Batch 800/3348, Loss: 0.1798
2025-10-10 04:50:00,405 [INFO] Época 2/30, Batch 850/3348, Loss: 0.2075
2025-10-10 04:50:00,661 [INFO] Época 2/30, Batch 900/3348, Loss: 0.2362
2025-10-10 04:50:00,915 [INFO] Época 2/30, Batch 950/3348, Loss: 0.1568
2025-10-10 04:50:01,170 [INFO] Época 2/30, Batch 1000/3348, Loss: 0.1406
2025-10-10 04:50:01,424 [INFO] Época 2/30, Batch 1050/3348, Loss: 0.1708
2025-10-10 04:50:01,679 [INFO] Época 2/30, Batch 1100/3348, Loss: 0.1951
2025-10-10 04:50:01,933 [INFO] Época 2/30, Batch 1150/3348, Loss: 0.1519
2025-10-10 04:50:02,185 [INFO] Época 2/30, Batch 1200/3348, Loss: 0.2466
2025-10-10 04:50:02,440 [INFO] Época 2/30, Batch 1250/3348, Loss: 0.1868
2025-10-10 04:50:02,702 [INFO] Época 2/30, Batch 1300/3348, Loss: 0.2170
2025-10-10 04:50:02,963 [INFO] Época 2/30, Batch 1350/3348, Loss: 0.1991
2025-10-10 04:50:03,227 [INFO] Época 2/30, Batch 1400/3348, Loss: 0.1894
2025-10-10 04:50:03,490 [INFO] Época 2/30, Batch 1450/3348, Loss: 0.2003
2025-10-10 04:50:03,752 [INFO] Época 2/30, Batch 1500/3348, Loss: 0.3093
2025-10-10 04:50:04,012 [INFO] Época 2/30, Batch 1550/3348, Loss: 0.1918
2025-10-10 04:50:04,275 [INFO] Época 2/30, Batch 1600/3348, Loss: 0.1848
2025-10-10 04:50:04,537 [INFO] Época 2/30, Batch 1650/3348, Loss: 0.2039
2025-10-10 04:50:04,798 [INFO] Época 2/30, Batch 1700/3348, Loss: 0.1630
2025-10-10 04:50:05,062 [INFO] Época 2/30, Batch 1750/3348, Loss: 0.1782
2025-10-10 04:50:05,324 [INFO] Época 2/30, Batch 1800/3348, Loss: 0.1715
2025-10-10 04:50:05,588 [INFO] Época 2/30, Batch 1850/3348, Loss: 0.1806
2025-10-10 04:50:05,852 [INFO] Época 2/30, Batch 1900/3348, Loss: 0.2834
2025-10-10 04:50:06,114 [INFO] Época 2/30, Batch 1950/3348, Loss: 0.1451
2025-10-10 04:50:06,378 [INFO] Época 2/30, Batch 2000/3348, Loss: 0.2054
2025-10-10 04:50:06,640 [INFO] Época 2/30, Batch 2050/3348, Loss: 0.1983
2025-10-10 04:50:06,900 [INFO] Época 2/30, Batch 2100/3348, Loss: 0.1893
2025-10-10 04:50:07,162 [INFO] Época 2/30, Batch 2150/3348, Loss: 0.1881
2025-10-10 04:50:07,423 [INFO] Época 2/30, Batch 2200/3348, Loss: 0.1589
2025-10-10 04:50:07,690 [INFO] Época 2/30, Batch 2250/3348, Loss: 0.2313
2025-10-10 04:50:07,952 [INFO] Época 2/30, Batch 2300/3348, Loss: 0.2208
2025-10-10 04:50:08,213 [INFO] Época 2/30, Batch 2350/3348, Loss: 0.2297
2025-10-10 04:50:08,475 [INFO] Época 2/30, Batch 2400/3348, Loss: 0.2143
2025-10-10 04:50:08,738 [INFO] Época 2/30, Batch 2450/3348, Loss: 0.2044
2025-10-10 04:50:09,003 [INFO] Época 2/30, Batch 2500/3348, Loss: 0.1934
2025-10-10 04:50:09,266 [INFO] Época 2/30, Batch 2550/3348, Loss: 0.1483
2025-10-10 04:50:09,527 [INFO] Época 2/30, Batch 2600/3348, Loss: 0.1375
2025-10-10 04:50:09,789 [INFO] Época 2/30, Batch 2650/3348, Loss: 0.2092
2025-10-10 04:50:10,065 [INFO] Época 2/30, Batch 2700/3348, Loss: 0.2286
2025-10-10 04:50:10,340 [INFO] Época 2/30, Batch 2750/3348, Loss: 0.2254
2025-10-10 04:50:10,606 [INFO] Época 2/30, Batch 2800/3348, Loss: 0.2088
2025-10-10 04:50:10,870 [INFO] Época 2/30, Batch 2850/3348, Loss: 0.2150
2025-10-10 04:50:11,131 [INFO] Época 2/30, Batch 2900/3348, Loss: 0.1524
2025-10-10 04:50:11,393 [INFO] Época 2/30, Batch 2950/3348, Loss: 0.1380
2025-10-10 04:50:11,658 [INFO] Época 2/30, Batch 3000/3348, Loss: 0.2886
2025-10-10 04:50:11,923 [INFO] Época 2/30, Batch 3050/3348, Loss: 0.1842
2025-10-10 04:50:12,184 [INFO] Época 2/30, Batch 3100/3348, Loss: 0.1848
2025-10-10 04:50:12,444 [INFO] Época 2/30, Batch 3150/3348, Loss: 0.1903
2025-10-10 04:50:12,707 [INFO] Época 2/30, Batch 3200/3348, Loss: 0.1557
2025-10-10 04:50:12,970 [INFO] Época 2/30, Batch 3250/3348, Loss: 0.1664
2025-10-10 04:50:13,232 [INFO] Época 2/30, Batch 3300/3348, Loss: 0.1858
2025-10-10 04:50:15,124 [INFO] [2/30] Train Loss: 0.1973 | Val Loss: 0.3305 | Tempo: 19.51s
2025-10-10 04:50:15,129 [INFO] Melhor modelo salvo em: /mnt/hdd/home/jdurao/ToolBox-ChemXAI/models/mlp_qm9_Pattern_att8_large.pth
2025-10-10 04:50:15,725 [INFO] Época 3/30, Batch 50/3348, Loss: 0.1332
2025-10-10 04:50:15,997 [INFO] Época 3/30, Batch 100/3348, Loss: 0.1768
2025-10-10 04:50:16,264 [INFO] Época 3/30, Batch 150/3348, Loss: 0.2153
2025-10-10 04:50:16,530 [INFO] Época 3/30, Batch 200/3348, Loss: 0.1696
2025-10-10 04:50:16,797 [INFO] Época 3/30, Batch 250/3348, Loss: 0.2071
2025-10-10 04:50:17,072 [INFO] Época 3/30, Batch 300/3348, Loss: 0.1297
2025-10-10 04:50:17,333 [INFO] Época 3/30, Batch 350/3348, Loss: 0.1606
2025-10-10 04:50:17,596 [INFO] Época 3/30, Batch 400/3348, Loss: 0.1676
2025-10-10 04:50:17,859 [INFO] Época 3/30, Batch 450/3348, Loss: 0.1804
2025-10-10 04:50:18,123 [INFO] Época 3/30, Batch 500/3348, Loss: 0.1696
2025-10-10 04:50:18,388 [INFO] Época 3/30, Batch 550/3348, Loss: 0.1644
2025-10-10 04:50:18,653 [INFO] Época 3/30, Batch 600/3348, Loss: 0.1740
2025-10-10 04:50:18,919 [INFO] Época 3/30, Batch 650/3348, Loss: 0.2015
2025-10-10 04:50:19,178 [INFO] Época 3/30, Batch 700/3348, Loss: 0.1833
2025-10-10 04:50:19,436 [INFO] Época 3/30, Batch 750/3348, Loss: 0.1769
2025-10-10 04:50:19,694 [INFO] Época 3/30, Batch 800/3348, Loss: 0.1410
2025-10-10 04:50:19,959 [INFO] Época 3/30, Batch 850/3348, Loss: 0.1928
2025-10-10 04:50:20,226 [INFO] Época 3/30, Batch 900/3348, Loss: 0.1647
2025-10-10 04:50:20,490 [INFO] Época 3/30, Batch 950/3348, Loss: 0.2291
2025-10-10 04:50:20,755 [INFO] Época 3/30, Batch 1000/3348, Loss: 0.1451
2025-10-10 04:50:21,019 [INFO] Época 3/30, Batch 1050/3348, Loss: 0.1285
2025-10-10 04:50:21,282 [INFO] Época 3/30, Batch 1100/3348, Loss: 0.1808
2025-10-10 04:50:21,545 [INFO] Época 3/30, Batch 1150/3348, Loss: 0.2529
2025-10-10 04:50:21,808 [INFO] Época 3/30, Batch 1200/3348, Loss: 0.1616
2025-10-10 04:50:22,084 [INFO] Época 3/30, Batch 1250/3348, Loss: 0.1151
2025-10-10 04:50:22,351 [INFO] Época 3/30, Batch 1300/3348, Loss: 0.1998
2025-10-10 04:50:22,616 [INFO] Época 3/30, Batch 1350/3348, Loss: 0.1900
2025-10-10 04:50:22,880 [INFO] Época 3/30, Batch 1400/3348, Loss: 0.1823
2025-10-10 04:50:23,143 [INFO] Época 3/30, Batch 1450/3348, Loss: 0.2052
2025-10-10 04:50:23,406 [INFO] Época 3/30, Batch 1500/3348, Loss: 0.1375
2025-10-10 04:50:23,670 [INFO] Época 3/30, Batch 1550/3348, Loss: 0.2012
2025-10-10 04:50:23,932 [INFO] Época 3/30, Batch 1600/3348, Loss: 0.1594
2025-10-10 04:50:24,193 [INFO] Época 3/30, Batch 1650/3348, Loss: 0.2107
2025-10-10 04:50:24,453 [INFO] Época 3/30, Batch 1700/3348, Loss: 0.2277
2025-10-10 04:50:24,713 [INFO] Época 3/30, Batch 1750/3348, Loss: 0.1945
2025-10-10 04:50:24,977 [INFO] Época 3/30, Batch 1800/3348, Loss: 0.1586
2025-10-10 04:50:25,239 [INFO] Época 3/30, Batch 1850/3348, Loss: 0.1444
2025-10-10 04:50:25,499 [INFO] Época 3/30, Batch 1900/3348, Loss: 0.1551
2025-10-10 04:50:25,760 [INFO] Época 3/30, Batch 1950/3348, Loss: 0.1394
2025-10-10 04:50:26,021 [INFO] Época 3/30, Batch 2000/3348, Loss: 0.1341
2025-10-10 04:50:26,282 [INFO] Época 3/30, Batch 2050/3348, Loss: 0.1938
2025-10-10 04:50:26,543 [INFO] Época 3/30, Batch 2100/3348, Loss: 0.2406
2025-10-10 04:50:26,805 [INFO] Época 3/30, Batch 2150/3348, Loss: 0.1707
2025-10-10 04:50:27,066 [INFO] Época 3/30, Batch 2200/3348, Loss: 0.1830
2025-10-10 04:50:27,337 [INFO] Época 3/30, Batch 2250/3348, Loss: 0.1531
2025-10-10 04:50:27,600 [INFO] Época 3/30, Batch 2300/3348, Loss: 0.1509
2025-10-10 04:50:27,860 [INFO] Época 3/30, Batch 2350/3348, Loss: 0.2194
2025-10-10 04:50:28,122 [INFO] Época 3/30, Batch 2400/3348, Loss: 0.1465
2025-10-10 04:50:28,384 [INFO] Época 3/30, Batch 2450/3348, Loss: 0.2177
2025-10-10 04:50:28,645 [INFO] Época 3/30, Batch 2500/3348, Loss: 0.2597
2025-10-10 04:50:28,907 [INFO] Época 3/30, Batch 2550/3348, Loss: 0.2324
2025-10-10 04:50:29,167 [INFO] Época 3/30, Batch 2600/3348, Loss: 0.1406
2025-10-10 04:50:29,432 [INFO] Época 3/30, Batch 2650/3348, Loss: 0.2259
2025-10-10 04:50:29,693 [INFO] Época 3/30, Batch 2700/3348, Loss: 0.1770
2025-10-10 04:50:29,955 [INFO] Época 3/30, Batch 2750/3348, Loss: 0.1694
2025-10-10 04:50:30,216 [INFO] Época 3/30, Batch 2800/3348, Loss: 0.1626
2025-10-10 04:50:30,477 [INFO] Época 3/30, Batch 2850/3348, Loss: 0.1954
2025-10-10 04:50:30,737 [INFO] Época 3/30, Batch 2900/3348, Loss: 0.1769
2025-10-10 04:50:30,999 [INFO] Época 3/30, Batch 2950/3348, Loss: 0.2069
2025-10-10 04:50:31,260 [INFO] Época 3/30, Batch 3000/3348, Loss: 0.2045
2025-10-10 04:50:31,522 [INFO] Época 3/30, Batch 3050/3348, Loss: 0.1369
2025-10-10 04:50:31,786 [INFO] Época 3/30, Batch 3100/3348, Loss: 0.1915
2025-10-10 04:50:32,050 [INFO] Época 3/30, Batch 3150/3348, Loss: 0.1523
2025-10-10 04:50:32,315 [INFO] Época 3/30, Batch 3200/3348, Loss: 0.1353
2025-10-10 04:50:32,590 [INFO] Época 3/30, Batch 3250/3348, Loss: 0.1695
2025-10-10 04:50:32,853 [INFO] Época 3/30, Batch 3300/3348, Loss: 0.1855
2025-10-10 04:50:34,648 [INFO] [3/30] Train Loss: 0.1821 | Val Loss: 0.3606 | Tempo: 19.52s
2025-10-10 04:50:35,247 [INFO] Época 4/30, Batch 50/3348, Loss: 0.1955
2025-10-10 04:50:35,523 [INFO] Época 4/30, Batch 100/3348, Loss: 0.1911
2025-10-10 04:50:35,797 [INFO] Época 4/30, Batch 150/3348, Loss: 0.1279
2025-10-10 04:50:36,069 [INFO] Época 4/30, Batch 200/3348, Loss: 0.1126
2025-10-10 04:50:36,339 [INFO] Época 4/30, Batch 250/3348, Loss: 0.1550
2025-10-10 04:50:36,613 [INFO] Época 4/30, Batch 300/3348, Loss: 0.2142
2025-10-10 04:50:36,884 [INFO] Época 4/30, Batch 350/3348, Loss: 0.2581
2025-10-10 04:50:37,155 [INFO] Época 4/30, Batch 400/3348, Loss: 0.2140
2025-10-10 04:50:37,425 [INFO] Época 4/30, Batch 450/3348, Loss: 0.1947
2025-10-10 04:50:37,698 [INFO] Época 4/30, Batch 500/3348, Loss: 0.1865
2025-10-10 04:50:37,970 [INFO] Época 4/30, Batch 550/3348, Loss: 0.2097
2025-10-10 04:50:38,241 [INFO] Época 4/30, Batch 600/3348, Loss: 0.1500
2025-10-10 04:50:38,513 [INFO] Época 4/30, Batch 650/3348, Loss: 0.1072
2025-10-10 04:50:38,783 [INFO] Época 4/30, Batch 700/3348, Loss: 0.1526
2025-10-10 04:50:39,052 [INFO] Época 4/30, Batch 750/3348, Loss: 0.1373
2025-10-10 04:50:39,319 [INFO] Época 4/30, Batch 800/3348, Loss: 0.1428
2025-10-10 04:50:39,583 [INFO] Época 4/30, Batch 850/3348, Loss: 0.1285
2025-10-10 04:50:39,845 [INFO] Época 4/30, Batch 900/3348, Loss: 0.2082
2025-10-10 04:50:40,108 [INFO] Época 4/30, Batch 950/3348, Loss: 0.1822
2025-10-10 04:50:40,371 [INFO] Época 4/30, Batch 1000/3348, Loss: 0.2178
2025-10-10 04:50:40,634 [INFO] Época 4/30, Batch 1050/3348, Loss: 0.1812
2025-10-10 04:50:40,896 [INFO] Época 4/30, Batch 1100/3348, Loss: 0.2414
2025-10-10 04:50:41,156 [INFO] Época 4/30, Batch 1150/3348, Loss: 0.1630
2025-10-10 04:50:41,417 [INFO] Época 4/30, Batch 1200/3348, Loss: 0.1595
2025-10-10 04:50:41,678 [INFO] Época 4/30, Batch 1250/3348, Loss: 0.1343
2025-10-10 04:50:41,941 [INFO] Época 4/30, Batch 1300/3348, Loss: 0.1999
2025-10-10 04:50:42,201 [INFO] Época 4/30, Batch 1350/3348, Loss: 0.1451
2025-10-10 04:50:42,462 [INFO] Época 4/30, Batch 1400/3348, Loss: 0.1247
2025-10-10 04:50:42,735 [INFO] Época 4/30, Batch 1450/3348, Loss: 0.2090
2025-10-10 04:50:42,999 [INFO] Época 4/30, Batch 1500/3348, Loss: 0.1999
2025-10-10 04:50:43,263 [INFO] Época 4/30, Batch 1550/3348, Loss: 0.1467
2025-10-10 04:50:43,523 [INFO] Época 4/30, Batch 1600/3348, Loss: 0.1419
2025-10-10 04:50:43,783 [INFO] Época 4/30, Batch 1650/3348, Loss: 0.1788
2025-10-10 04:50:44,043 [INFO] Época 4/30, Batch 1700/3348, Loss: 0.1692
2025-10-10 04:50:44,301 [INFO] Época 4/30, Batch 1750/3348, Loss: 0.1726
2025-10-10 04:50:44,565 [INFO] Época 4/30, Batch 1800/3348, Loss: 0.1480
2025-10-10 04:50:44,825 [INFO] Época 4/30, Batch 1850/3348, Loss: 0.1816
2025-10-10 04:50:45,085 [INFO] Época 4/30, Batch 1900/3348, Loss: 0.1288
2025-10-10 04:50:45,344 [INFO] Época 4/30, Batch 1950/3348, Loss: 0.1421
2025-10-10 04:50:45,604 [INFO] Época 4/30, Batch 2000/3348, Loss: 0.1680
2025-10-10 04:50:45,866 [INFO] Época 4/30, Batch 2050/3348, Loss: 0.1749
2025-10-10 04:50:46,127 [INFO] Época 4/30, Batch 2100/3348, Loss: 0.1334
2025-10-10 04:50:46,387 [INFO] Época 4/30, Batch 2150/3348, Loss: 0.1306
2025-10-10 04:50:46,647 [INFO] Época 4/30, Batch 2200/3348, Loss: 0.2013
2025-10-10 04:50:46,907 [INFO] Época 4/30, Batch 2250/3348, Loss: 0.1214
2025-10-10 04:50:47,167 [INFO] Época 4/30, Batch 2300/3348, Loss: 0.1555
2025-10-10 04:50:47,428 [INFO] Época 4/30, Batch 2350/3348, Loss: 0.1863
2025-10-10 04:50:47,688 [INFO] Época 4/30, Batch 2400/3348, Loss: 0.1697
2025-10-10 04:50:47,958 [INFO] Época 4/30, Batch 2450/3348, Loss: 0.1658
2025-10-10 04:50:48,218 [INFO] Época 4/30, Batch 2500/3348, Loss: 0.1407
2025-10-10 04:50:48,478 [INFO] Época 4/30, Batch 2550/3348, Loss: 0.1754
2025-10-10 04:50:48,738 [INFO] Época 4/30, Batch 2600/3348, Loss: 0.1628
2025-10-10 04:50:48,999 [INFO] Época 4/30, Batch 2650/3348, Loss: 0.0993
2025-10-10 04:50:49,261 [INFO] Época 4/30, Batch 2700/3348, Loss: 0.1864
2025-10-10 04:50:49,521 [INFO] Época 4/30, Batch 2750/3348, Loss: 0.1519
2025-10-10 04:50:49,782 [INFO] Época 4/30, Batch 2800/3348, Loss: 0.2379
2025-10-10 04:50:50,043 [INFO] Época 4/30, Batch 2850/3348, Loss: 0.1793
2025-10-10 04:50:50,302 [INFO] Época 4/30, Batch 2900/3348, Loss: 0.2020
2025-10-10 04:50:50,564 [INFO] Época 4/30, Batch 2950/3348, Loss: 0.2165
2025-10-10 04:50:50,823 [INFO] Época 4/30, Batch 3000/3348, Loss: 0.2129
2025-10-10 04:50:51,084 [INFO] Época 4/30, Batch 3050/3348, Loss: 0.1832
2025-10-10 04:50:51,346 [INFO] Época 4/30, Batch 3100/3348, Loss: 0.1676
2025-10-10 04:50:51,609 [INFO] Época 4/30, Batch 3150/3348, Loss: 0.2355
2025-10-10 04:50:51,869 [INFO] Época 4/30, Batch 3200/3348, Loss: 0.1674
2025-10-10 04:50:52,128 [INFO] Época 4/30, Batch 3250/3348, Loss: 0.1733
2025-10-10 04:50:52,389 [INFO] Época 4/30, Batch 3300/3348, Loss: 0.1232
2025-10-10 04:50:54,295 [INFO] [4/30] Train Loss: 0.1719 | Val Loss: 0.2994 | Tempo: 19.65s
2025-10-10 04:50:54,300 [INFO] Melhor modelo salvo em: /mnt/hdd/home/jdurao/ToolBox-ChemXAI/models/mlp_qm9_Pattern_att8_large.pth
2025-10-10 04:50:54,894 [INFO] Época 5/30, Batch 50/3348, Loss: 0.2247
2025-10-10 04:50:55,165 [INFO] Época 5/30, Batch 100/3348, Loss: 0.1496
2025-10-10 04:50:55,431 [INFO] Época 5/30, Batch 150/3348, Loss: 0.1188
2025-10-10 04:50:55,697 [INFO] Época 5/30, Batch 200/3348, Loss: 0.1293
2025-10-10 04:50:55,960 [INFO] Época 5/30, Batch 250/3348, Loss: 0.2025
2025-10-10 04:50:56,225 [INFO] Época 5/30, Batch 300/3348, Loss: 0.1584
2025-10-10 04:50:56,488 [INFO] Época 5/30, Batch 350/3348, Loss: 0.1376
2025-10-10 04:50:56,751 [INFO] Época 5/30, Batch 400/3348, Loss: 0.1419
2025-10-10 04:50:57,018 [INFO] Época 5/30, Batch 450/3348, Loss: 0.1720
2025-10-10 04:50:57,283 [INFO] Época 5/30, Batch 500/3348, Loss: 0.1764
2025-10-10 04:50:57,550 [INFO] Época 5/30, Batch 550/3348, Loss: 0.1275
2025-10-10 04:50:57,821 [INFO] Época 5/30, Batch 600/3348, Loss: 0.2188
2025-10-10 04:50:58,087 [INFO] Época 5/30, Batch 650/3348, Loss: 0.1545
2025-10-10 04:50:58,349 [INFO] Época 5/30, Batch 700/3348, Loss: 0.1520
2025-10-10 04:50:58,609 [INFO] Época 5/30, Batch 750/3348, Loss: 0.1597
2025-10-10 04:50:58,871 [INFO] Época 5/30, Batch 800/3348, Loss: 0.2079
2025-10-10 04:50:59,131 [INFO] Época 5/30, Batch 850/3348, Loss: 0.1570
2025-10-10 04:50:59,391 [INFO] Época 5/30, Batch 900/3348, Loss: 0.1420
2025-10-10 04:50:59,665 [INFO] Época 5/30, Batch 950/3348, Loss: 0.1591
2025-10-10 04:50:59,927 [INFO] Época 5/30, Batch 1000/3348, Loss: 0.1726
2025-10-10 04:51:00,188 [INFO] Época 5/30, Batch 1050/3348, Loss: 0.1760
2025-10-10 04:51:00,450 [INFO] Época 5/30, Batch 1100/3348, Loss: 0.1544
2025-10-10 04:51:00,711 [INFO] Época 5/30, Batch 1150/3348, Loss: 0.1677
2025-10-10 04:51:00,974 [INFO] Época 5/30, Batch 1200/3348, Loss: 0.2056
2025-10-10 04:51:01,236 [INFO] Época 5/30, Batch 1250/3348, Loss: 0.1095
2025-10-10 04:51:01,499 [INFO] Época 5/30, Batch 1300/3348, Loss: 0.1596
2025-10-10 04:51:01,761 [INFO] Época 5/30, Batch 1350/3348, Loss: 0.1373
2025-10-10 04:51:02,023 [INFO] Época 5/30, Batch 1400/3348, Loss: 0.1742
2025-10-10 04:51:02,285 [INFO] Época 5/30, Batch 1450/3348, Loss: 0.2087
2025-10-10 04:51:02,547 [INFO] Época 5/30, Batch 1500/3348, Loss: 0.1073
2025-10-10 04:51:02,809 [INFO] Época 5/30, Batch 1550/3348, Loss: 0.2109
2025-10-10 04:51:03,072 [INFO] Época 5/30, Batch 1600/3348, Loss: 0.1715
2025-10-10 04:51:03,334 [INFO] Época 5/30, Batch 1650/3348, Loss: 0.1339
2025-10-10 04:51:03,595 [INFO] Época 5/30, Batch 1700/3348, Loss: 0.1816
2025-10-10 04:51:03,857 [INFO] Época 5/30, Batch 1750/3348, Loss: 0.1344
2025-10-10 04:51:04,118 [INFO] Época 5/30, Batch 1800/3348, Loss: 0.1383
2025-10-10 04:51:04,381 [INFO] Época 5/30, Batch 1850/3348, Loss: 0.1439
2025-10-10 04:51:04,642 [INFO] Época 5/30, Batch 1900/3348, Loss: 0.1787
2025-10-10 04:51:04,914 [INFO] Época 5/30, Batch 1950/3348, Loss: 0.1308
2025-10-10 04:51:05,176 [INFO] Época 5/30, Batch 2000/3348, Loss: 0.1663
2025-10-10 04:51:05,436 [INFO] Época 5/30, Batch 2050/3348, Loss: 0.1177
2025-10-10 04:51:05,700 [INFO] Época 5/30, Batch 2100/3348, Loss: 0.2073
2025-10-10 04:51:05,962 [INFO] Época 5/30, Batch 2150/3348, Loss: 0.2510
2025-10-10 04:51:06,224 [INFO] Época 5/30, Batch 2200/3348, Loss: 0.1666
2025-10-10 04:51:06,486 [INFO] Época 5/30, Batch 2250/3348, Loss: 0.1653
2025-10-10 04:51:06,749 [INFO] Época 5/30, Batch 2300/3348, Loss: 0.1872
2025-10-10 04:51:07,011 [INFO] Época 5/30, Batch 2350/3348, Loss: 0.1759
2025-10-10 04:51:07,273 [INFO] Época 5/30, Batch 2400/3348, Loss: 0.1145
2025-10-10 04:51:07,535 [INFO] Época 5/30, Batch 2450/3348, Loss: 0.1653
2025-10-10 04:51:07,796 [INFO] Época 5/30, Batch 2500/3348, Loss: 0.1660
2025-10-10 04:51:08,058 [INFO] Época 5/30, Batch 2550/3348, Loss: 0.1939
2025-10-10 04:51:08,322 [INFO] Época 5/30, Batch 2600/3348, Loss: 0.1593
2025-10-10 04:51:08,584 [INFO] Época 5/30, Batch 2650/3348, Loss: 0.1543
2025-10-10 04:51:08,849 [INFO] Época 5/30, Batch 2700/3348, Loss: 0.2615
2025-10-10 04:51:09,112 [INFO] Época 5/30, Batch 2750/3348, Loss: 0.1440
2025-10-10 04:51:09,374 [INFO] Época 5/30, Batch 2800/3348, Loss: 0.1879
2025-10-10 04:51:09,635 [INFO] Época 5/30, Batch 2850/3348, Loss: 0.2111
2025-10-10 04:51:09,896 [INFO] Época 5/30, Batch 2900/3348, Loss: 0.1804
2025-10-10 04:51:10,167 [INFO] Época 5/30, Batch 2950/3348, Loss: 0.2110
2025-10-10 04:51:10,428 [INFO] Época 5/30, Batch 3000/3348, Loss: 0.1322
2025-10-10 04:51:10,691 [INFO] Época 5/30, Batch 3050/3348, Loss: 0.1334
2025-10-10 04:51:10,956 [INFO] Época 5/30, Batch 3100/3348, Loss: 0.1934
2025-10-10 04:51:11,222 [INFO] Época 5/30, Batch 3150/3348, Loss: 0.0968
2025-10-10 04:51:11,486 [INFO] Época 5/30, Batch 3200/3348, Loss: 0.1510
2025-10-10 04:51:11,750 [INFO] Época 5/30, Batch 3250/3348, Loss: 0.1124
2025-10-10 04:51:12,015 [INFO] Época 5/30, Batch 3300/3348, Loss: 0.1982
2025-10-10 04:51:13,832 [INFO] [5/30] Train Loss: 0.1647 | Val Loss: 0.3052 | Tempo: 19.53s
2025-10-10 04:51:14,423 [INFO] Época 6/30, Batch 50/3348, Loss: 0.1512
2025-10-10 04:51:14,696 [INFO] Época 6/30, Batch 100/3348, Loss: 0.1405
2025-10-10 04:51:14,962 [INFO] Época 6/30, Batch 150/3348, Loss: 0.2046
2025-10-10 04:51:15,226 [INFO] Época 6/30, Batch 200/3348, Loss: 0.2678
2025-10-10 04:51:15,491 [INFO] Época 6/30, Batch 250/3348, Loss: 0.1691
2025-10-10 04:51:15,759 [INFO] Época 6/30, Batch 300/3348, Loss: 0.1723
2025-10-10 04:51:16,025 [INFO] Época 6/30, Batch 350/3348, Loss: 0.1559
2025-10-10 04:51:16,289 [INFO] Época 6/30, Batch 400/3348, Loss: 0.2376
2025-10-10 04:51:16,553 [INFO] Época 6/30, Batch 450/3348, Loss: 0.1215
2025-10-10 04:51:16,818 [INFO] Época 6/30, Batch 500/3348, Loss: 0.1395
2025-10-10 04:51:17,080 [INFO] Época 6/30, Batch 550/3348, Loss: 0.1888
2025-10-10 04:51:17,345 [INFO] Época 6/30, Batch 600/3348, Loss: 0.2591
2025-10-10 04:51:17,609 [INFO] Época 6/30, Batch 650/3348, Loss: 0.1599
2025-10-10 04:51:17,865 [INFO] Época 6/30, Batch 700/3348, Loss: 0.1004
2025-10-10 04:51:18,127 [INFO] Época 6/30, Batch 750/3348, Loss: 0.1524
2025-10-10 04:51:18,389 [INFO] Época 6/30, Batch 800/3348, Loss: 0.1777
2025-10-10 04:51:18,654 [INFO] Época 6/30, Batch 850/3348, Loss: 0.1319
2025-10-10 04:51:18,926 [INFO] Época 6/30, Batch 900/3348, Loss: 0.2014
2025-10-10 04:51:19,198 [INFO] Época 6/30, Batch 950/3348, Loss: 0.1963
2025-10-10 04:51:19,471 [INFO] Época 6/30, Batch 1000/3348, Loss: 0.1886
2025-10-10 04:51:19,743 [INFO] Época 6/30, Batch 1050/3348, Loss: 0.1648
2025-10-10 04:51:20,015 [INFO] Época 6/30, Batch 1100/3348, Loss: 0.2257
2025-10-10 04:51:20,297 [INFO] Época 6/30, Batch 1150/3348, Loss: 0.1215
2025-10-10 04:51:20,567 [INFO] Época 6/30, Batch 1200/3348, Loss: 0.1503
2025-10-10 04:51:20,834 [INFO] Época 6/30, Batch 1250/3348, Loss: 0.1336
2025-10-10 04:51:21,096 [INFO] Época 6/30, Batch 1300/3348, Loss: 0.1435
2025-10-10 04:51:21,359 [INFO] Época 6/30, Batch 1350/3348, Loss: 0.1548
2025-10-10 04:51:21,624 [INFO] Época 6/30, Batch 1400/3348, Loss: 0.1685
2025-10-10 04:51:21,888 [INFO] Época 6/30, Batch 1450/3348, Loss: 0.2477
2025-10-10 04:51:22,152 [INFO] Época 6/30, Batch 1500/3348, Loss: 0.1278
2025-10-10 04:51:22,417 [INFO] Época 6/30, Batch 1550/3348, Loss: 0.1830
2025-10-10 04:51:22,680 [INFO] Época 6/30, Batch 1600/3348, Loss: 0.1164
2025-10-10 04:51:22,944 [INFO] Época 6/30, Batch 1650/3348, Loss: 0.1713
2025-10-10 04:51:23,208 [INFO] Época 6/30, Batch 1700/3348, Loss: 0.1241
2025-10-10 04:51:23,473 [INFO] Época 6/30, Batch 1750/3348, Loss: 0.1848
2025-10-10 04:51:23,737 [INFO] Época 6/30, Batch 1800/3348, Loss: 0.1717
2025-10-10 04:51:24,000 [INFO] Época 6/30, Batch 1850/3348, Loss: 0.1519
2025-10-10 04:51:24,263 [INFO] Época 6/30, Batch 1900/3348, Loss: 0.1837
2025-10-10 04:51:24,527 [INFO] Época 6/30, Batch 1950/3348, Loss: 0.1610
2025-10-10 04:51:24,791 [INFO] Época 6/30, Batch 2000/3348, Loss: 0.1724
2025-10-10 04:51:25,058 [INFO] Época 6/30, Batch 2050/3348, Loss: 0.0928
2025-10-10 04:51:25,331 [INFO] Época 6/30, Batch 2100/3348, Loss: 0.1730
2025-10-10 04:51:25,595 [INFO] Época 6/30, Batch 2150/3348, Loss: 0.1600
2025-10-10 04:51:25,858 [INFO] Época 6/30, Batch 2200/3348, Loss: 0.1678
2025-10-10 04:51:26,123 [INFO] Época 6/30, Batch 2250/3348, Loss: 0.1505
2025-10-10 04:51:26,386 [INFO] Época 6/30, Batch 2300/3348, Loss: 0.1540
2025-10-10 04:51:26,649 [INFO] Época 6/30, Batch 2350/3348, Loss: 0.1458
2025-10-10 04:51:26,914 [INFO] Época 6/30, Batch 2400/3348, Loss: 0.2030
2025-10-10 04:51:27,178 [INFO] Época 6/30, Batch 2450/3348, Loss: 0.2325
2025-10-10 04:51:27,440 [INFO] Época 6/30, Batch 2500/3348, Loss: 0.1455
2025-10-10 04:51:27,705 [INFO] Época 6/30, Batch 2550/3348, Loss: 0.1511
2025-10-10 04:51:27,966 [INFO] Época 6/30, Batch 2600/3348, Loss: 0.1497
2025-10-10 04:51:28,230 [INFO] Época 6/30, Batch 2650/3348, Loss: 0.1667
2025-10-10 04:51:28,494 [INFO] Época 6/30, Batch 2700/3348, Loss: 0.1697
2025-10-10 04:51:28,757 [INFO] Época 6/30, Batch 2750/3348, Loss: 0.1516
2025-10-10 04:51:29,020 [INFO] Época 6/30, Batch 2800/3348, Loss: 0.1839
2025-10-10 04:51:29,283 [INFO] Época 6/30, Batch 2850/3348, Loss: 0.1837
2025-10-10 04:51:29,551 [INFO] Época 6/30, Batch 2900/3348, Loss: 0.1605
2025-10-10 04:51:29,816 [INFO] Época 6/30, Batch 2950/3348, Loss: 0.1660
2025-10-10 04:51:30,082 [INFO] Época 6/30, Batch 3000/3348, Loss: 0.1740
2025-10-10 04:51:30,359 [INFO] Época 6/30, Batch 3050/3348, Loss: 0.1228
2025-10-10 04:51:30,626 [INFO] Época 6/30, Batch 3100/3348, Loss: 0.1454
2025-10-10 04:51:30,892 [INFO] Época 6/30, Batch 3150/3348, Loss: 0.2278
2025-10-10 04:51:31,158 [INFO] Época 6/30, Batch 3200/3348, Loss: 0.1396
2025-10-10 04:51:31,425 [INFO] Época 6/30, Batch 3250/3348, Loss: 0.1511
2025-10-10 04:51:31,690 [INFO] Época 6/30, Batch 3300/3348, Loss: 0.1516
2025-10-10 04:51:33,545 [INFO] [6/30] Train Loss: 0.1594 | Val Loss: 0.2733 | Tempo: 19.71s
2025-10-10 04:51:33,550 [INFO] Melhor modelo salvo em: /mnt/hdd/home/jdurao/ToolBox-ChemXAI/models/mlp_qm9_Pattern_att8_large.pth
2025-10-10 04:51:34,119 [INFO] Época 7/30, Batch 50/3348, Loss: 0.1782
2025-10-10 04:51:34,381 [INFO] Época 7/30, Batch 100/3348, Loss: 0.1099
2025-10-10 04:51:34,641 [INFO] Época 7/30, Batch 150/3348, Loss: 0.1541
2025-10-10 04:51:34,902 [INFO] Época 7/30, Batch 200/3348, Loss: 0.1493
2025-10-10 04:51:35,158 [INFO] Época 7/30, Batch 250/3348, Loss: 0.1826
2025-10-10 04:51:35,426 [INFO] Época 7/30, Batch 300/3348, Loss: 0.2110
2025-10-10 04:51:35,683 [INFO] Época 7/30, Batch 350/3348, Loss: 0.1109
2025-10-10 04:51:35,941 [INFO] Época 7/30, Batch 400/3348, Loss: 0.1648
2025-10-10 04:51:36,199 [INFO] Época 7/30, Batch 450/3348, Loss: 0.1362
2025-10-10 04:51:36,455 [INFO] Época 7/30, Batch 500/3348, Loss: 0.1741
2025-10-10 04:51:36,711 [INFO] Época 7/30, Batch 550/3348, Loss: 0.1589
2025-10-10 04:51:36,967 [INFO] Época 7/30, Batch 600/3348, Loss: 0.2265
2025-10-10 04:51:37,227 [INFO] Época 7/30, Batch 650/3348, Loss: 0.1429
2025-10-10 04:51:37,491 [INFO] Época 7/30, Batch 700/3348, Loss: 0.2212
2025-10-10 04:51:37,761 [INFO] Época 7/30, Batch 750/3348, Loss: 0.1974
2025-10-10 04:51:38,024 [INFO] Época 7/30, Batch 800/3348, Loss: 0.1407
2025-10-10 04:51:38,282 [INFO] Época 7/30, Batch 850/3348, Loss: 0.1364
2025-10-10 04:51:38,538 [INFO] Época 7/30, Batch 900/3348, Loss: 0.1304
2025-10-10 04:51:38,791 [INFO] Época 7/30, Batch 950/3348, Loss: 0.1558
2025-10-10 04:51:39,047 [INFO] Época 7/30, Batch 1000/3348, Loss: 0.2829
2025-10-10 04:51:39,306 [INFO] Época 7/30, Batch 1050/3348, Loss: 0.1602
2025-10-10 04:51:39,561 [INFO] Época 7/30, Batch 1100/3348, Loss: 0.1407
2025-10-10 04:51:39,816 [INFO] Época 7/30, Batch 1150/3348, Loss: 0.1502
2025-10-10 04:51:40,077 [INFO] Época 7/30, Batch 1200/3348, Loss: 0.1923
2025-10-10 04:51:40,341 [INFO] Época 7/30, Batch 1250/3348, Loss: 0.1865
2025-10-10 04:51:40,612 [INFO] Época 7/30, Batch 1300/3348, Loss: 0.1770
2025-10-10 04:51:40,874 [INFO] Época 7/30, Batch 1350/3348, Loss: 0.1197
2025-10-10 04:51:41,130 [INFO] Época 7/30, Batch 1400/3348, Loss: 0.1168
2025-10-10 04:51:41,386 [INFO] Época 7/30, Batch 1450/3348, Loss: 0.1830
2025-10-10 04:51:41,644 [INFO] Época 7/30, Batch 1500/3348, Loss: 0.1450
2025-10-10 04:51:41,900 [INFO] Época 7/30, Batch 1550/3348, Loss: 0.1832
2025-10-10 04:51:42,163 [INFO] Época 7/30, Batch 1600/3348, Loss: 0.1779
2025-10-10 04:51:42,426 [INFO] Época 7/30, Batch 1650/3348, Loss: 0.1567
2025-10-10 04:51:42,691 [INFO] Época 7/30, Batch 1700/3348, Loss: 0.1743
2025-10-10 04:51:42,950 [INFO] Época 7/30, Batch 1750/3348, Loss: 0.1290
2025-10-10 04:51:43,208 [INFO] Época 7/30, Batch 1800/3348, Loss: 0.1244
2025-10-10 04:51:43,464 [INFO] Época 7/30, Batch 1850/3348, Loss: 0.1421
2025-10-10 04:51:43,723 [INFO] Época 7/30, Batch 1900/3348, Loss: 0.1371
2025-10-10 04:51:43,978 [INFO] Época 7/30, Batch 1950/3348, Loss: 0.1204
2025-10-10 04:51:44,233 [INFO] Época 7/30, Batch 2000/3348, Loss: 0.1719
2025-10-10 04:51:44,500 [INFO] Época 7/30, Batch 2050/3348, Loss: 0.1752
2025-10-10 04:51:44,762 [INFO] Época 7/30, Batch 2100/3348, Loss: 0.1346
2025-10-10 04:51:45,018 [INFO] Época 7/30, Batch 2150/3348, Loss: 0.1420
2025-10-10 04:51:45,275 [INFO] Época 7/30, Batch 2200/3348, Loss: 0.1076
2025-10-10 04:51:45,530 [INFO] Época 7/30, Batch 2250/3348, Loss: 0.2006
2025-10-10 04:51:45,796 [INFO] Época 7/30, Batch 2300/3348, Loss: 0.1510
2025-10-10 04:51:46,053 [INFO] Época 7/30, Batch 2350/3348, Loss: 0.1206
2025-10-10 04:51:46,309 [INFO] Época 7/30, Batch 2400/3348, Loss: 0.1442
2025-10-10 04:51:46,567 [INFO] Época 7/30, Batch 2450/3348, Loss: 0.1188
2025-10-10 04:51:46,822 [INFO] Época 7/30, Batch 2500/3348, Loss: 0.1155
2025-10-10 04:51:47,079 [INFO] Época 7/30, Batch 2550/3348, Loss: 0.1351
2025-10-10 04:51:47,335 [INFO] Época 7/30, Batch 2600/3348, Loss: 0.1369
2025-10-10 04:51:47,590 [INFO] Época 7/30, Batch 2650/3348, Loss: 0.1671
2025-10-10 04:51:47,853 [INFO] Época 7/30, Batch 2700/3348, Loss: 0.1141
2025-10-10 04:51:48,114 [INFO] Época 7/30, Batch 2750/3348, Loss: 0.1940
2025-10-10 04:51:48,379 [INFO] Época 7/30, Batch 2800/3348, Loss: 0.1141
2025-10-10 04:51:48,645 [INFO] Época 7/30, Batch 2850/3348, Loss: 0.1414
2025-10-10 04:51:48,910 [INFO] Época 7/30, Batch 2900/3348, Loss: 0.1125
2025-10-10 04:51:49,178 [INFO] Época 7/30, Batch 2950/3348, Loss: 0.1419
2025-10-10 04:51:49,444 [INFO] Época 7/30, Batch 3000/3348, Loss: 0.1520
2025-10-10 04:51:49,711 [INFO] Época 7/30, Batch 3050/3348, Loss: 0.1659
2025-10-10 04:51:49,982 [INFO] Época 7/30, Batch 3100/3348, Loss: 0.2506
2025-10-10 04:51:50,249 [INFO] Época 7/30, Batch 3150/3348, Loss: 0.1382
2025-10-10 04:51:50,515 [INFO] Época 7/30, Batch 3200/3348, Loss: 0.1718
2025-10-10 04:51:50,777 [INFO] Época 7/30, Batch 3250/3348, Loss: 0.1373
2025-10-10 04:51:51,044 [INFO] Época 7/30, Batch 3300/3348, Loss: 0.1668
2025-10-10 04:51:52,832 [INFO] [7/30] Train Loss: 0.1547 | Val Loss: 0.3346 | Tempo: 19.28s
2025-10-10 04:51:53,409 [INFO] Época 8/30, Batch 50/3348, Loss: 0.2150
2025-10-10 04:51:53,680 [INFO] Época 8/30, Batch 100/3348, Loss: 0.1511
2025-10-10 04:51:53,949 [INFO] Época 8/30, Batch 150/3348, Loss: 0.1646
2025-10-10 04:51:54,219 [INFO] Época 8/30, Batch 200/3348, Loss: 0.1519
2025-10-10 04:51:54,487 [INFO] Época 8/30, Batch 250/3348, Loss: 0.1727
2025-10-10 04:51:54,754 [INFO] Época 8/30, Batch 300/3348, Loss: 0.1658
2025-10-10 04:51:55,015 [INFO] Época 8/30, Batch 350/3348, Loss: 0.1473
2025-10-10 04:51:55,276 [INFO] Época 8/30, Batch 400/3348, Loss: 0.1534
2025-10-10 04:51:55,537 [INFO] Época 8/30, Batch 450/3348, Loss: 0.1783
2025-10-10 04:51:55,802 [INFO] Época 8/30, Batch 500/3348, Loss: 0.1857
2025-10-10 04:51:56,065 [INFO] Época 8/30, Batch 550/3348, Loss: 0.2168
2025-10-10 04:51:56,330 [INFO] Época 8/30, Batch 600/3348, Loss: 0.1442
2025-10-10 04:51:56,595 [INFO] Época 8/30, Batch 650/3348, Loss: 0.1046
2025-10-10 04:51:56,847 [INFO] Época 8/30, Batch 700/3348, Loss: 0.1075
2025-10-10 04:51:57,101 [INFO] Época 8/30, Batch 750/3348, Loss: 0.1671
2025-10-10 04:51:57,356 [INFO] Época 8/30, Batch 800/3348, Loss: 0.1488
2025-10-10 04:51:57,607 [INFO] Época 8/30, Batch 850/3348, Loss: 0.1348
2025-10-10 04:51:57,858 [INFO] Época 8/30, Batch 900/3348, Loss: 0.1305
2025-10-10 04:51:58,111 [INFO] Época 8/30, Batch 950/3348, Loss: 0.2073
2025-10-10 04:51:58,364 [INFO] Época 8/30, Batch 1000/3348, Loss: 0.1424
2025-10-10 04:51:58,618 [INFO] Época 8/30, Batch 1050/3348, Loss: 0.1170
2025-10-10 04:51:58,876 [INFO] Época 8/30, Batch 1100/3348, Loss: 0.1548
2025-10-10 04:51:59,141 [INFO] Época 8/30, Batch 1150/3348, Loss: 0.1631
2025-10-10 04:51:59,411 [INFO] Época 8/30, Batch 1200/3348, Loss: 0.1518
2025-10-10 04:51:59,678 [INFO] Época 8/30, Batch 1250/3348, Loss: 0.1167
2025-10-10 04:51:59,944 [INFO] Época 8/30, Batch 1300/3348, Loss: 0.1850
2025-10-10 04:52:00,211 [INFO] Época 8/30, Batch 1350/3348, Loss: 0.1450
2025-10-10 04:52:00,477 [INFO] Época 8/30, Batch 1400/3348, Loss: 0.1424
2025-10-10 04:52:00,743 [INFO] Época 8/30, Batch 1450/3348, Loss: 0.1050
2025-10-10 04:52:01,008 [INFO] Época 8/30, Batch 1500/3348, Loss: 0.1488
2025-10-10 04:52:01,284 [INFO] Época 8/30, Batch 1550/3348, Loss: 0.1579
2025-10-10 04:52:01,550 [INFO] Época 8/30, Batch 1600/3348, Loss: 0.1575
2025-10-10 04:52:01,816 [INFO] Época 8/30, Batch 1650/3348, Loss: 0.1275
2025-10-10 04:52:02,085 [INFO] Época 8/30, Batch 1700/3348, Loss: 0.1194
2025-10-10 04:52:02,349 [INFO] Época 8/30, Batch 1750/3348, Loss: 0.1920
2025-10-10 04:52:02,614 [INFO] Época 8/30, Batch 1800/3348, Loss: 0.1464
2025-10-10 04:52:02,878 [INFO] Época 8/30, Batch 1850/3348, Loss: 0.1561
2025-10-10 04:52:03,143 [INFO] Época 8/30, Batch 1900/3348, Loss: 0.1738
2025-10-10 04:52:03,411 [INFO] Época 8/30, Batch 1950/3348, Loss: 0.1136
2025-10-10 04:52:03,677 [INFO] Época 8/30, Batch 2000/3348, Loss: 0.1540
2025-10-10 04:52:03,943 [INFO] Época 8/30, Batch 2050/3348, Loss: 0.1325
2025-10-10 04:52:04,210 [INFO] Época 8/30, Batch 2100/3348, Loss: 0.1249
2025-10-10 04:52:04,478 [INFO] Época 8/30, Batch 2150/3348, Loss: 0.1980
2025-10-10 04:52:04,743 [INFO] Época 8/30, Batch 2200/3348, Loss: 0.2183
2025-10-10 04:52:05,007 [INFO] Época 8/30, Batch 2250/3348, Loss: 0.1674
2025-10-10 04:52:05,270 [INFO] Época 8/30, Batch 2300/3348, Loss: 0.1234
2025-10-10 04:52:05,534 [INFO] Época 8/30, Batch 2350/3348, Loss: 0.1954
2025-10-10 04:52:05,798 [INFO] Época 8/30, Batch 2400/3348, Loss: 0.1181
2025-10-10 04:52:06,060 [INFO] Época 8/30, Batch 2450/3348, Loss: 0.1819
2025-10-10 04:52:06,324 [INFO] Época 8/30, Batch 2500/3348, Loss: 0.1750
2025-10-10 04:52:06,586 [INFO] Época 8/30, Batch 2550/3348, Loss: 0.1455
2025-10-10 04:52:06,850 [INFO] Época 8/30, Batch 2600/3348, Loss: 0.1841
2025-10-10 04:52:07,111 [INFO] Época 8/30, Batch 2650/3348, Loss: 0.1396
2025-10-10 04:52:07,375 [INFO] Época 8/30, Batch 2700/3348, Loss: 0.1423
2025-10-10 04:52:07,639 [INFO] Época 8/30, Batch 2750/3348, Loss: 0.1922
2025-10-10 04:52:07,899 [INFO] Época 8/30, Batch 2800/3348, Loss: 0.1506
2025-10-10 04:52:08,161 [INFO] Época 8/30, Batch 2850/3348, Loss: 0.1223
2025-10-10 04:52:08,425 [INFO] Época 8/30, Batch 2900/3348, Loss: 0.0925
2025-10-10 04:52:08,689 [INFO] Época 8/30, Batch 2950/3348, Loss: 0.1347
2025-10-10 04:52:08,953 [INFO] Época 8/30, Batch 3000/3348, Loss: 0.1443
2025-10-10 04:52:09,217 [INFO] Época 8/30, Batch 3050/3348, Loss: 0.1441
2025-10-10 04:52:09,479 [INFO] Época 8/30, Batch 3100/3348, Loss: 0.1371
2025-10-10 04:52:09,745 [INFO] Época 8/30, Batch 3150/3348, Loss: 0.1110
2025-10-10 04:52:10,009 [INFO] Época 8/30, Batch 3200/3348, Loss: 0.1212
2025-10-10 04:52:10,273 [INFO] Época 8/30, Batch 3250/3348, Loss: 0.1399
2025-10-10 04:52:10,549 [INFO] Época 8/30, Batch 3300/3348, Loss: 0.2153
2025-10-10 04:52:12,461 [INFO] [8/30] Train Loss: 0.1510 | Val Loss: 0.3175 | Tempo: 19.63s
2025-10-10 04:52:13,055 [INFO] Época 9/30, Batch 50/3348, Loss: 0.2025
2025-10-10 04:52:13,330 [INFO] Época 9/30, Batch 100/3348, Loss: 0.1022
2025-10-10 04:52:13,604 [INFO] Época 9/30, Batch 150/3348, Loss: 0.0980
2025-10-10 04:52:13,871 [INFO] Época 9/30, Batch 200/3348, Loss: 0.1337
2025-10-10 04:52:14,136 [INFO] Época 9/30, Batch 250/3348, Loss: 0.2022
2025-10-10 04:52:14,400 [INFO] Época 9/30, Batch 300/3348, Loss: 0.1765
2025-10-10 04:52:14,664 [INFO] Época 9/30, Batch 350/3348, Loss: 0.1414
2025-10-10 04:52:14,934 [INFO] Época 9/30, Batch 400/3348, Loss: 0.2215
2025-10-10 04:52:15,207 [INFO] Época 9/30, Batch 450/3348, Loss: 0.1306
2025-10-10 04:52:15,476 [INFO] Época 9/30, Batch 500/3348, Loss: 0.1528
2025-10-10 04:52:15,745 [INFO] Época 9/30, Batch 550/3348, Loss: 0.2374
2025-10-10 04:52:16,015 [INFO] Época 9/30, Batch 600/3348, Loss: 0.1645
2025-10-10 04:52:16,284 [INFO] Época 9/30, Batch 650/3348, Loss: 0.1513
2025-10-10 04:52:16,556 [INFO] Época 9/30, Batch 700/3348, Loss: 0.0998
2025-10-10 04:52:16,822 [INFO] Época 9/30, Batch 750/3348, Loss: 0.1692
2025-10-10 04:52:17,080 [INFO] Época 9/30, Batch 800/3348, Loss: 0.1134
2025-10-10 04:52:17,331 [INFO] Época 9/30, Batch 850/3348, Loss: 0.1704
2025-10-10 04:52:17,583 [INFO] Época 9/30, Batch 900/3348, Loss: 0.1177
2025-10-10 04:52:17,846 [INFO] Época 9/30, Batch 950/3348, Loss: 0.1472
2025-10-10 04:52:18,099 [INFO] Época 9/30, Batch 1000/3348, Loss: 0.1420
2025-10-10 04:52:18,350 [INFO] Época 9/30, Batch 1050/3348, Loss: 0.1421
2025-10-10 04:52:18,602 [INFO] Época 9/30, Batch 1100/3348, Loss: 0.1519
2025-10-10 04:52:18,862 [INFO] Época 9/30, Batch 1150/3348, Loss: 0.1147
2025-10-10 04:52:19,126 [INFO] Época 9/30, Batch 1200/3348, Loss: 0.1570
2025-10-10 04:52:19,395 [INFO] Época 9/30, Batch 1250/3348, Loss: 0.1188
2025-10-10 04:52:19,656 [INFO] Época 9/30, Batch 1300/3348, Loss: 0.1303
2025-10-10 04:52:19,925 [INFO] Época 9/30, Batch 1350/3348, Loss: 0.1788
2025-10-10 04:52:20,194 [INFO] Época 9/30, Batch 1400/3348, Loss: 0.1614
2025-10-10 04:52:20,461 [INFO] Época 9/30, Batch 1450/3348, Loss: 0.1614
2025-10-10 04:52:20,723 [INFO] Época 9/30, Batch 1500/3348, Loss: 0.1430
2025-10-10 04:52:20,985 [INFO] Época 9/30, Batch 1550/3348, Loss: 0.1633
2025-10-10 04:52:21,248 [INFO] Época 9/30, Batch 1600/3348, Loss: 0.1433
2025-10-10 04:52:21,510 [INFO] Época 9/30, Batch 1650/3348, Loss: 0.1885
2025-10-10 04:52:21,771 [INFO] Época 9/30, Batch 1700/3348, Loss: 0.1415
2025-10-10 04:52:22,033 [INFO] Época 9/30, Batch 1750/3348, Loss: 0.1641
2025-10-10 04:52:22,294 [INFO] Época 9/30, Batch 1800/3348, Loss: 0.2163
2025-10-10 04:52:22,554 [INFO] Época 9/30, Batch 1850/3348, Loss: 0.1390
2025-10-10 04:52:22,816 [INFO] Época 9/30, Batch 1900/3348, Loss: 0.1203
2025-10-10 04:52:23,078 [INFO] Época 9/30, Batch 1950/3348, Loss: 0.1774
2025-10-10 04:52:23,342 [INFO] Época 9/30, Batch 2000/3348, Loss: 0.1564
2025-10-10 04:52:23,604 [INFO] Época 9/30, Batch 2050/3348, Loss: 0.1911
2025-10-10 04:52:23,867 [INFO] Época 9/30, Batch 2100/3348, Loss: 0.1355
2025-10-10 04:52:24,127 [INFO] Época 9/30, Batch 2150/3348, Loss: 0.1574
2025-10-10 04:52:24,390 [INFO] Época 9/30, Batch 2200/3348, Loss: 0.1536
2025-10-10 04:52:24,652 [INFO] Época 9/30, Batch 2250/3348, Loss: 0.1764
2025-10-10 04:52:24,917 [INFO] Época 9/30, Batch 2300/3348, Loss: 0.1569
2025-10-10 04:52:25,188 [INFO] Época 9/30, Batch 2350/3348, Loss: 0.1650
2025-10-10 04:52:25,456 [INFO] Época 9/30, Batch 2400/3348, Loss: 0.2076
2025-10-10 04:52:25,727 [INFO] Época 9/30, Batch 2450/3348, Loss: 0.1566
2025-10-10 04:52:25,997 [INFO] Época 9/30, Batch 2500/3348, Loss: 0.1305
2025-10-10 04:52:26,268 [INFO] Época 9/30, Batch 2550/3348, Loss: 0.2101
2025-10-10 04:52:26,538 [INFO] Época 9/30, Batch 2600/3348, Loss: 0.1072
2025-10-10 04:52:26,807 [INFO] Época 9/30, Batch 2650/3348, Loss: 0.1892
2025-10-10 04:52:27,077 [INFO] Época 9/30, Batch 2700/3348, Loss: 0.1738
2025-10-10 04:52:27,348 [INFO] Época 9/30, Batch 2750/3348, Loss: 0.1217
2025-10-10 04:52:27,619 [INFO] Época 9/30, Batch 2800/3348, Loss: 0.1753
2025-10-10 04:52:27,887 [INFO] Época 9/30, Batch 2850/3348, Loss: 0.1674
2025-10-10 04:52:28,168 [INFO] Época 9/30, Batch 2900/3348, Loss: 0.1665
2025-10-10 04:52:28,439 [INFO] Época 9/30, Batch 2950/3348, Loss: 0.0969
2025-10-10 04:52:28,710 [INFO] Época 9/30, Batch 3000/3348, Loss: 0.1839
2025-10-10 04:52:28,980 [INFO] Época 9/30, Batch 3050/3348, Loss: 0.1679
2025-10-10 04:52:29,250 [INFO] Época 9/30, Batch 3100/3348, Loss: 0.1855
2025-10-10 04:52:29,522 [INFO] Época 9/30, Batch 3150/3348, Loss: 0.1238
2025-10-10 04:52:29,785 [INFO] Época 9/30, Batch 3200/3348, Loss: 0.1687
2025-10-10 04:52:30,046 [INFO] Época 9/30, Batch 3250/3348, Loss: 0.1796
2025-10-10 04:52:30,309 [INFO] Época 9/30, Batch 3300/3348, Loss: 0.1234
2025-10-10 04:52:32,098 [INFO] [9/30] Train Loss: 0.1478 | Val Loss: 0.3125 | Tempo: 19.64s
2025-10-10 04:52:32,668 [INFO] Época 10/30, Batch 50/3348, Loss: 0.0997
2025-10-10 04:52:32,934 [INFO] Época 10/30, Batch 100/3348, Loss: 0.1696
2025-10-10 04:52:33,209 [INFO] Época 10/30, Batch 150/3348, Loss: 0.1552
2025-10-10 04:52:33,472 [INFO] Época 10/30, Batch 200/3348, Loss: 0.1530
2025-10-10 04:52:33,735 [INFO] Época 10/30, Batch 250/3348, Loss: 0.1314
2025-10-10 04:52:33,994 [INFO] Época 10/30, Batch 300/3348, Loss: 0.2029
2025-10-10 04:52:34,255 [INFO] Época 10/30, Batch 350/3348, Loss: 0.1451
2025-10-10 04:52:34,512 [INFO] Época 10/30, Batch 400/3348, Loss: 0.1162
2025-10-10 04:52:34,770 [INFO] Época 10/30, Batch 450/3348, Loss: 0.1281
2025-10-10 04:52:35,029 [INFO] Época 10/30, Batch 500/3348, Loss: 0.1090
2025-10-10 04:52:35,287 [INFO] Época 10/30, Batch 550/3348, Loss: 0.1288
2025-10-10 04:52:35,543 [INFO] Época 10/30, Batch 600/3348, Loss: 0.1005
2025-10-10 04:52:35,802 [INFO] Época 10/30, Batch 650/3348, Loss: 0.1106
2025-10-10 04:52:36,058 [INFO] Época 10/30, Batch 700/3348, Loss: 0.1140
2025-10-10 04:52:36,308 [INFO] Época 10/30, Batch 750/3348, Loss: 0.1796
2025-10-10 04:52:36,555 [INFO] Época 10/30, Batch 800/3348, Loss: 0.1663
2025-10-10 04:52:36,802 [INFO] Época 10/30, Batch 850/3348, Loss: 0.1010
2025-10-10 04:52:37,052 [INFO] Época 10/30, Batch 900/3348, Loss: 0.1805
2025-10-10 04:52:37,302 [INFO] Época 10/30, Batch 950/3348, Loss: 0.1360
2025-10-10 04:52:37,553 [INFO] Época 10/30, Batch 1000/3348, Loss: 0.1126
2025-10-10 04:52:37,802 [INFO] Época 10/30, Batch 1050/3348, Loss: 0.1802
2025-10-10 04:52:38,050 [INFO] Época 10/30, Batch 1100/3348, Loss: 0.1187
2025-10-10 04:52:38,303 [INFO] Época 10/30, Batch 1150/3348, Loss: 0.1079
2025-10-10 04:52:38,561 [INFO] Época 10/30, Batch 1200/3348, Loss: 0.1297
2025-10-10 04:52:38,821 [INFO] Época 10/30, Batch 1250/3348, Loss: 0.1487
2025-10-10 04:52:39,082 [INFO] Época 10/30, Batch 1300/3348, Loss: 0.1756
2025-10-10 04:52:39,341 [INFO] Época 10/30, Batch 1350/3348, Loss: 0.1289
2025-10-10 04:52:39,602 [INFO] Época 10/30, Batch 1400/3348, Loss: 0.1887
2025-10-10 04:52:39,858 [INFO] Época 10/30, Batch 1450/3348, Loss: 0.1888
2025-10-10 04:52:40,118 [INFO] Época 10/30, Batch 1500/3348, Loss: 0.1710
2025-10-10 04:52:40,377 [INFO] Época 10/30, Batch 1550/3348, Loss: 0.1176
2025-10-10 04:52:40,635 [INFO] Época 10/30, Batch 1600/3348, Loss: 0.1666
2025-10-10 04:52:40,893 [INFO] Época 10/30, Batch 1650/3348, Loss: 0.1935
2025-10-10 04:52:41,152 [INFO] Época 10/30, Batch 1700/3348, Loss: 0.1168
2025-10-10 04:52:41,412 [INFO] Época 10/30, Batch 1750/3348, Loss: 0.1598
2025-10-10 04:52:41,682 [INFO] Época 10/30, Batch 1800/3348, Loss: 0.1295
2025-10-10 04:52:41,947 [INFO] Época 10/30, Batch 1850/3348, Loss: 0.1872
2025-10-10 04:52:42,206 [INFO] Época 10/30, Batch 1900/3348, Loss: 0.1821
2025-10-10 04:52:42,465 [INFO] Época 10/30, Batch 1950/3348, Loss: 0.1146
2025-10-10 04:52:42,735 [INFO] Época 10/30, Batch 2000/3348, Loss: 0.1360
2025-10-10 04:52:42,997 [INFO] Época 10/30, Batch 2050/3348, Loss: 0.1607
2025-10-10 04:52:43,256 [INFO] Época 10/30, Batch 2100/3348, Loss: 0.2323
2025-10-10 04:52:43,523 [INFO] Época 10/30, Batch 2150/3348, Loss: 0.1775
2025-10-10 04:52:43,784 [INFO] Época 10/30, Batch 2200/3348, Loss: 0.1855
2025-10-10 04:52:44,046 [INFO] Época 10/30, Batch 2250/3348, Loss: 0.1771
2025-10-10 04:52:44,309 [INFO] Época 10/30, Batch 2300/3348, Loss: 0.1233
2025-10-10 04:52:44,568 [INFO] Época 10/30, Batch 2350/3348, Loss: 0.1168
2025-10-10 04:52:44,831 [INFO] Época 10/30, Batch 2400/3348, Loss: 0.1568
2025-10-10 04:52:45,094 [INFO] Época 10/30, Batch 2450/3348, Loss: 0.0842
2025-10-10 04:52:45,365 [INFO] Época 10/30, Batch 2500/3348, Loss: 0.1314
2025-10-10 04:52:45,640 [INFO] Época 10/30, Batch 2550/3348, Loss: 0.1532
2025-10-10 04:52:45,912 [INFO] Época 10/30, Batch 2600/3348, Loss: 0.1547
2025-10-10 04:52:46,177 [INFO] Época 10/30, Batch 2650/3348, Loss: 0.1376
2025-10-10 04:52:46,438 [INFO] Época 10/30, Batch 2700/3348, Loss: 0.1749
2025-10-10 04:52:46,700 [INFO] Época 10/30, Batch 2750/3348, Loss: 0.1597
2025-10-10 04:52:46,965 [INFO] Época 10/30, Batch 2800/3348, Loss: 0.1244
2025-10-10 04:52:47,227 [INFO] Época 10/30, Batch 2850/3348, Loss: 0.1625
2025-10-10 04:52:47,489 [INFO] Época 10/30, Batch 2900/3348, Loss: 0.1894
2025-10-10 04:52:47,759 [INFO] Época 10/30, Batch 2950/3348, Loss: 0.1687
2025-10-10 04:52:48,033 [INFO] Época 10/30, Batch 3000/3348, Loss: 0.1472
2025-10-10 04:52:48,297 [INFO] Época 10/30, Batch 3050/3348, Loss: 0.1354
2025-10-10 04:52:48,570 [INFO] Época 10/30, Batch 3100/3348, Loss: 0.0749
2025-10-10 04:52:48,832 [INFO] Época 10/30, Batch 3150/3348, Loss: 0.1264
2025-10-10 04:52:49,095 [INFO] Época 10/30, Batch 3200/3348, Loss: 0.1450
2025-10-10 04:52:49,357 [INFO] Época 10/30, Batch 3250/3348, Loss: 0.1267
2025-10-10 04:52:49,618 [INFO] Época 10/30, Batch 3300/3348, Loss: 0.1985
2025-10-10 04:52:51,557 [INFO] [10/30] Train Loss: 0.1446 | Val Loss: 0.3346 | Tempo: 19.46s
2025-10-10 04:52:52,155 [INFO] Época 11/30, Batch 50/3348, Loss: 0.1547
2025-10-10 04:52:52,429 [INFO] Época 11/30, Batch 100/3348, Loss: 0.1178
2025-10-10 04:52:52,699 [INFO] Época 11/30, Batch 150/3348, Loss: 0.1359
2025-10-10 04:52:52,969 [INFO] Época 11/30, Batch 200/3348, Loss: 0.1099
2025-10-10 04:52:53,236 [INFO] Época 11/30, Batch 250/3348, Loss: 0.1371
2025-10-10 04:52:53,504 [INFO] Época 11/30, Batch 300/3348, Loss: 0.1074
2025-10-10 04:52:53,774 [INFO] Época 11/30, Batch 350/3348, Loss: 0.1337
2025-10-10 04:52:54,042 [INFO] Época 11/30, Batch 400/3348, Loss: 0.1099
2025-10-10 04:52:54,312 [INFO] Época 11/30, Batch 450/3348, Loss: 0.0934
2025-10-10 04:52:54,578 [INFO] Época 11/30, Batch 500/3348, Loss: 0.0975
2025-10-10 04:52:54,848 [INFO] Época 11/30, Batch 550/3348, Loss: 0.2002
2025-10-10 04:52:55,115 [INFO] Época 11/30, Batch 600/3348, Loss: 0.1299
2025-10-10 04:52:55,381 [INFO] Época 11/30, Batch 650/3348, Loss: 0.1014
2025-10-10 04:52:55,645 [INFO] Época 11/30, Batch 700/3348, Loss: 0.1125
2025-10-10 04:52:55,910 [INFO] Época 11/30, Batch 750/3348, Loss: 0.1159
2025-10-10 04:52:56,175 [INFO] Época 11/30, Batch 800/3348, Loss: 0.1231
2025-10-10 04:52:56,427 [INFO] Época 11/30, Batch 850/3348, Loss: 0.1417
2025-10-10 04:52:56,681 [INFO] Época 11/30, Batch 900/3348, Loss: 0.0962
2025-10-10 04:52:56,935 [INFO] Época 11/30, Batch 950/3348, Loss: 0.1921
2025-10-10 04:52:57,187 [INFO] Época 11/30, Batch 1000/3348, Loss: 0.1765
2025-10-10 04:52:57,439 [INFO] Época 11/30, Batch 1050/3348, Loss: 0.1389
2025-10-10 04:52:57,692 [INFO] Época 11/30, Batch 1100/3348, Loss: 0.1792
2025-10-10 04:52:57,945 [INFO] Época 11/30, Batch 1150/3348, Loss: 0.1178
2025-10-10 04:52:58,195 [INFO] Época 11/30, Batch 1200/3348, Loss: 0.0971
2025-10-10 04:52:58,462 [INFO] Época 11/30, Batch 1250/3348, Loss: 0.1406
2025-10-10 04:52:58,731 [INFO] Época 11/30, Batch 1300/3348, Loss: 0.1034
2025-10-10 04:52:58,996 [INFO] Época 11/30, Batch 1350/3348, Loss: 0.1150
2025-10-10 04:52:59,262 [INFO] Época 11/30, Batch 1400/3348, Loss: 0.1492
2025-10-10 04:52:59,530 [INFO] Época 11/30, Batch 1450/3348, Loss: 0.1337
2025-10-10 04:52:59,795 [INFO] Época 11/30, Batch 1500/3348, Loss: 0.1426
2025-10-10 04:53:00,065 [INFO] Época 11/30, Batch 1550/3348, Loss: 0.1111
2025-10-10 04:53:00,330 [INFO] Época 11/30, Batch 1600/3348, Loss: 0.1135
2025-10-10 04:53:00,596 [INFO] Época 11/30, Batch 1650/3348, Loss: 0.1157
2025-10-10 04:53:00,862 [INFO] Época 11/30, Batch 1700/3348, Loss: 0.1260
2025-10-10 04:53:01,128 [INFO] Época 11/30, Batch 1750/3348, Loss: 0.1333
2025-10-10 04:53:01,395 [INFO] Época 11/30, Batch 1800/3348, Loss: 0.1291
2025-10-10 04:53:01,662 [INFO] Época 11/30, Batch 1850/3348, Loss: 0.0853
2025-10-10 04:53:01,927 [INFO] Época 11/30, Batch 1900/3348, Loss: 0.1279
2025-10-10 04:53:02,193 [INFO] Época 11/30, Batch 1950/3348, Loss: 0.1530
2025-10-10 04:53:02,459 [INFO] Época 11/30, Batch 2000/3348, Loss: 0.1546
2025-10-10 04:53:02,726 [INFO] Época 11/30, Batch 2050/3348, Loss: 0.1913
2025-10-10 04:53:02,992 [INFO] Época 11/30, Batch 2100/3348, Loss: 0.1141
2025-10-10 04:53:03,258 [INFO] Época 11/30, Batch 2150/3348, Loss: 0.1640
2025-10-10 04:53:03,523 [INFO] Época 11/30, Batch 2200/3348, Loss: 0.1870
2025-10-10 04:53:03,788 [INFO] Época 11/30, Batch 2250/3348, Loss: 0.1732
2025-10-10 04:53:04,066 [INFO] Época 11/30, Batch 2300/3348, Loss: 0.1232
2025-10-10 04:53:04,330 [INFO] Época 11/30, Batch 2350/3348, Loss: 0.1305
2025-10-10 04:53:04,596 [INFO] Época 11/30, Batch 2400/3348, Loss: 0.1780
2025-10-10 04:53:04,859 [INFO] Época 11/30, Batch 2450/3348, Loss: 0.1846
2025-10-10 04:53:05,123 [INFO] Época 11/30, Batch 2500/3348, Loss: 0.1348
2025-10-10 04:53:05,386 [INFO] Época 11/30, Batch 2550/3348, Loss: 0.1876
2025-10-10 04:53:05,653 [INFO] Época 11/30, Batch 2600/3348, Loss: 0.1393
2025-10-10 04:53:05,918 [INFO] Época 11/30, Batch 2650/3348, Loss: 0.1425
2025-10-10 04:53:06,183 [INFO] Época 11/30, Batch 2700/3348, Loss: 0.1354
2025-10-10 04:53:06,449 [INFO] Época 11/30, Batch 2750/3348, Loss: 0.1889
2025-10-10 04:53:06,713 [INFO] Época 11/30, Batch 2800/3348, Loss: 0.1598
2025-10-10 04:53:06,977 [INFO] Época 11/30, Batch 2850/3348, Loss: 0.1094
2025-10-10 04:53:07,241 [INFO] Época 11/30, Batch 2900/3348, Loss: 0.1389
2025-10-10 04:53:07,505 [INFO] Época 11/30, Batch 2950/3348, Loss: 0.1463
2025-10-10 04:53:07,769 [INFO] Época 11/30, Batch 3000/3348, Loss: 0.1438
2025-10-10 04:53:08,033 [INFO] Época 11/30, Batch 3050/3348, Loss: 0.1978
2025-10-10 04:53:08,299 [INFO] Época 11/30, Batch 3100/3348, Loss: 0.1754
2025-10-10 04:53:08,564 [INFO] Época 11/30, Batch 3150/3348, Loss: 0.1885
2025-10-10 04:53:08,829 [INFO] Época 11/30, Batch 3200/3348, Loss: 0.1296
2025-10-10 04:53:09,093 [INFO] Época 11/30, Batch 3250/3348, Loss: 0.0870
2025-10-10 04:53:09,358 [INFO] Época 11/30, Batch 3300/3348, Loss: 0.1373
2025-10-10 04:53:11,162 [INFO] [11/30] Train Loss: 0.1422 | Val Loss: 0.3002 | Tempo: 19.60s
2025-10-10 04:53:11,745 [INFO] Época 12/30, Batch 50/3348, Loss: 0.1226
2025-10-10 04:53:12,013 [INFO] Época 12/30, Batch 100/3348, Loss: 0.2080
2025-10-10 04:53:12,281 [INFO] Época 12/30, Batch 150/3348, Loss: 0.0916
2025-10-10 04:53:12,547 [INFO] Época 12/30, Batch 200/3348, Loss: 0.1149
2025-10-10 04:53:12,809 [INFO] Época 12/30, Batch 250/3348, Loss: 0.1401
2025-10-10 04:53:13,075 [INFO] Época 12/30, Batch 300/3348, Loss: 0.1642
2025-10-10 04:53:13,336 [INFO] Época 12/30, Batch 350/3348, Loss: 0.1321
2025-10-10 04:53:13,602 [INFO] Época 12/30, Batch 400/3348, Loss: 0.1619
2025-10-10 04:53:13,863 [INFO] Época 12/30, Batch 450/3348, Loss: 0.1339
2025-10-10 04:53:14,135 [INFO] Época 12/30, Batch 500/3348, Loss: 0.1395
2025-10-10 04:53:14,397 [INFO] Época 12/30, Batch 550/3348, Loss: 0.1120
2025-10-10 04:53:14,659 [INFO] Época 12/30, Batch 600/3348, Loss: 0.1609
2025-10-10 04:53:14,922 [INFO] Época 12/30, Batch 650/3348, Loss: 0.1187
2025-10-10 04:53:15,183 [INFO] Época 12/30, Batch 700/3348, Loss: 0.0939
2025-10-10 04:53:15,438 [INFO] Época 12/30, Batch 750/3348, Loss: 0.1721
2025-10-10 04:53:15,691 [INFO] Época 12/30, Batch 800/3348, Loss: 0.1408
2025-10-10 04:53:15,945 [INFO] Época 12/30, Batch 850/3348, Loss: 0.1166
2025-10-10 04:53:16,209 [INFO] Época 12/30, Batch 900/3348, Loss: 0.1834
2025-10-10 04:53:16,476 [INFO] Época 12/30, Batch 950/3348, Loss: 0.1510
2025-10-10 04:53:16,730 [INFO] Época 12/30, Batch 1000/3348, Loss: 0.1352
2025-10-10 04:53:16,983 [INFO] Época 12/30, Batch 1050/3348, Loss: 0.1149
2025-10-10 04:53:17,252 [INFO] Época 12/30, Batch 1100/3348, Loss: 0.1559
2025-10-10 04:53:17,527 [INFO] Época 12/30, Batch 1150/3348, Loss: 0.1091
2025-10-10 04:53:17,799 [INFO] Época 12/30, Batch 1200/3348, Loss: 0.1689
2025-10-10 04:53:18,061 [INFO] Época 12/30, Batch 1250/3348, Loss: 0.1532
2025-10-10 04:53:18,325 [INFO] Época 12/30, Batch 1300/3348, Loss: 0.1341
2025-10-10 04:53:18,591 [INFO] Época 12/30, Batch 1350/3348, Loss: 0.1459
2025-10-10 04:53:18,855 [INFO] Época 12/30, Batch 1400/3348, Loss: 0.1168
2025-10-10 04:53:19,122 [INFO] Época 12/30, Batch 1450/3348, Loss: 0.1633
2025-10-10 04:53:19,398 [INFO] Época 12/30, Batch 1500/3348, Loss: 0.1986
2025-10-10 04:53:19,665 [INFO] Época 12/30, Batch 1550/3348, Loss: 0.1191
2025-10-10 04:53:19,931 [INFO] Época 12/30, Batch 1600/3348, Loss: 0.1910
2025-10-10 04:53:20,192 [INFO] Época 12/30, Batch 1650/3348, Loss: 0.1097
2025-10-10 04:53:20,452 [INFO] Época 12/30, Batch 1700/3348, Loss: 0.1257
2025-10-10 04:53:20,712 [INFO] Época 12/30, Batch 1750/3348, Loss: 0.1583
2025-10-10 04:53:20,974 [INFO] Época 12/30, Batch 1800/3348, Loss: 0.1275
2025-10-10 04:53:21,239 [INFO] Época 12/30, Batch 1850/3348, Loss: 0.1607
2025-10-10 04:53:21,500 [INFO] Época 12/30, Batch 1900/3348, Loss: 0.1211
2025-10-10 04:53:21,765 [INFO] Época 12/30, Batch 1950/3348, Loss: 0.1232
2025-10-10 04:53:22,027 [INFO] Época 12/30, Batch 2000/3348, Loss: 0.1073
2025-10-10 04:53:22,289 [INFO] Época 12/30, Batch 2050/3348, Loss: 0.1664
2025-10-10 04:53:22,554 [INFO] Época 12/30, Batch 2100/3348, Loss: 0.1328
2025-10-10 04:53:22,818 [INFO] Época 12/30, Batch 2150/3348, Loss: 0.1643
2025-10-10 04:53:23,082 [INFO] Época 12/30, Batch 2200/3348, Loss: 0.1861
2025-10-10 04:53:23,347 [INFO] Época 12/30, Batch 2250/3348, Loss: 0.1266
2025-10-10 04:53:23,610 [INFO] Época 12/30, Batch 2300/3348, Loss: 0.1291
2025-10-10 04:53:23,875 [INFO] Época 12/30, Batch 2350/3348, Loss: 0.1253
2025-10-10 04:53:24,138 [INFO] Época 12/30, Batch 2400/3348, Loss: 0.1112
2025-10-10 04:53:24,400 [INFO] Época 12/30, Batch 2450/3348, Loss: 0.1362
2025-10-10 04:53:24,664 [INFO] Época 12/30, Batch 2500/3348, Loss: 0.1287
2025-10-10 04:53:24,924 [INFO] Época 12/30, Batch 2550/3348, Loss: 0.1555
2025-10-10 04:53:25,187 [INFO] Época 12/30, Batch 2600/3348, Loss: 0.1458
2025-10-10 04:53:25,451 [INFO] Época 12/30, Batch 2650/3348, Loss: 0.1320
2025-10-10 04:53:25,713 [INFO] Época 12/30, Batch 2700/3348, Loss: 0.1168
2025-10-10 04:53:25,976 [INFO] Época 12/30, Batch 2750/3348, Loss: 0.1213
2025-10-10 04:53:26,238 [INFO] Época 12/30, Batch 2800/3348, Loss: 0.1133
2025-10-10 04:53:26,500 [INFO] Época 12/30, Batch 2850/3348, Loss: 0.1204
2025-10-10 04:53:26,763 [INFO] Época 12/30, Batch 2900/3348, Loss: 0.1117
2025-10-10 04:53:27,024 [INFO] Época 12/30, Batch 2950/3348, Loss: 0.0865
2025-10-10 04:53:27,285 [INFO] Época 12/30, Batch 3000/3348, Loss: 0.1438
2025-10-10 04:53:27,547 [INFO] Época 12/30, Batch 3050/3348, Loss: 0.1344
2025-10-10 04:53:27,810 [INFO] Época 12/30, Batch 3100/3348, Loss: 0.1676
2025-10-10 04:53:28,071 [INFO] Época 12/30, Batch 3150/3348, Loss: 0.2054
2025-10-10 04:53:28,333 [INFO] Época 12/30, Batch 3200/3348, Loss: 0.1612
2025-10-10 04:53:28,594 [INFO] Época 12/30, Batch 3250/3348, Loss: 0.1331
2025-10-10 04:53:28,856 [INFO] Época 12/30, Batch 3300/3348, Loss: 0.1529
2025-10-10 04:53:30,760 [INFO] [12/30] Train Loss: 0.1400 | Val Loss: 0.3384 | Tempo: 19.60s
2025-10-10 04:53:31,360 [INFO] Época 13/30, Batch 50/3348, Loss: 0.0826
2025-10-10 04:53:31,639 [INFO] Época 13/30, Batch 100/3348, Loss: 0.1664
2025-10-10 04:53:31,919 [INFO] Época 13/30, Batch 150/3348, Loss: 0.1301
2025-10-10 04:53:32,196 [INFO] Época 13/30, Batch 200/3348, Loss: 0.2125
2025-10-10 04:53:32,471 [INFO] Época 13/30, Batch 250/3348, Loss: 0.1434
2025-10-10 04:53:32,746 [INFO] Época 13/30, Batch 300/3348, Loss: 0.1147
2025-10-10 04:53:33,022 [INFO] Época 13/30, Batch 350/3348, Loss: 0.1002
2025-10-10 04:53:33,296 [INFO] Época 13/30, Batch 400/3348, Loss: 0.1044
2025-10-10 04:53:33,569 [INFO] Época 13/30, Batch 450/3348, Loss: 0.2290
2025-10-10 04:53:33,846 [INFO] Época 13/30, Batch 500/3348, Loss: 0.1000
2025-10-10 04:53:34,119 [INFO] Época 13/30, Batch 550/3348, Loss: 0.1436
2025-10-10 04:53:34,394 [INFO] Época 13/30, Batch 600/3348, Loss: 0.1091
2025-10-10 04:53:34,667 [INFO] Época 13/30, Batch 650/3348, Loss: 0.1774
2025-10-10 04:53:34,936 [INFO] Época 13/30, Batch 700/3348, Loss: 0.1291
2025-10-10 04:53:35,206 [INFO] Época 13/30, Batch 750/3348, Loss: 0.1708
2025-10-10 04:53:35,479 [INFO] Época 13/30, Batch 800/3348, Loss: 0.1353
2025-10-10 04:53:35,747 [INFO] Época 13/30, Batch 850/3348, Loss: 0.1445
2025-10-10 04:53:36,009 [INFO] Época 13/30, Batch 900/3348, Loss: 0.1284
2025-10-10 04:53:36,280 [INFO] Época 13/30, Batch 950/3348, Loss: 0.0997
2025-10-10 04:53:36,545 [INFO] Época 13/30, Batch 1000/3348, Loss: 0.1829
2025-10-10 04:53:36,810 [INFO] Época 13/30, Batch 1050/3348, Loss: 0.1122
2025-10-10 04:53:37,072 [INFO] Época 13/30, Batch 1100/3348, Loss: 0.1464
2025-10-10 04:53:37,334 [INFO] Época 13/30, Batch 1150/3348, Loss: 0.1219
2025-10-10 04:53:37,599 [INFO] Época 13/30, Batch 1200/3348, Loss: 0.1778
2025-10-10 04:53:37,865 [INFO] Época 13/30, Batch 1250/3348, Loss: 0.1695
2025-10-10 04:53:38,130 [INFO] Época 13/30, Batch 1300/3348, Loss: 0.1308
2025-10-10 04:53:38,397 [INFO] Época 13/30, Batch 1350/3348, Loss: 0.1425
2025-10-10 04:53:38,662 [INFO] Época 13/30, Batch 1400/3348, Loss: 0.2035
2025-10-10 04:53:38,927 [INFO] Época 13/30, Batch 1450/3348, Loss: 0.1280
2025-10-10 04:53:39,200 [INFO] Época 13/30, Batch 1500/3348, Loss: 0.1098
2025-10-10 04:53:39,470 [INFO] Época 13/30, Batch 1550/3348, Loss: 0.1860
2025-10-10 04:53:39,741 [INFO] Época 13/30, Batch 1600/3348, Loss: 0.0871
2025-10-10 04:53:40,014 [INFO] Época 13/30, Batch 1650/3348, Loss: 0.1131
2025-10-10 04:53:40,287 [INFO] Época 13/30, Batch 1700/3348, Loss: 0.0928
2025-10-10 04:53:40,559 [INFO] Época 13/30, Batch 1750/3348, Loss: 0.1173
2025-10-10 04:53:40,830 [INFO] Época 13/30, Batch 1800/3348, Loss: 0.1365
2025-10-10 04:53:41,102 [INFO] Época 13/30, Batch 1850/3348, Loss: 0.1614
2025-10-10 04:53:41,374 [INFO] Época 13/30, Batch 1900/3348, Loss: 0.1449
2025-10-10 04:53:41,646 [INFO] Época 13/30, Batch 1950/3348, Loss: 0.1230
2025-10-10 04:53:41,916 [INFO] Época 13/30, Batch 2000/3348, Loss: 0.1101
2025-10-10 04:53:42,187 [INFO] Época 13/30, Batch 2050/3348, Loss: 0.1505
2025-10-10 04:53:42,457 [INFO] Época 13/30, Batch 2100/3348, Loss: 0.1505
2025-10-10 04:53:42,732 [INFO] Época 13/30, Batch 2150/3348, Loss: 0.2800
2025-10-10 04:53:43,001 [INFO] Época 13/30, Batch 2200/3348, Loss: 0.1211
2025-10-10 04:53:43,266 [INFO] Época 13/30, Batch 2250/3348, Loss: 0.1384
2025-10-10 04:53:43,531 [INFO] Época 13/30, Batch 2300/3348, Loss: 0.1363
2025-10-10 04:53:43,794 [INFO] Época 13/30, Batch 2350/3348, Loss: 0.1481
2025-10-10 04:53:44,060 [INFO] Época 13/30, Batch 2400/3348, Loss: 0.0896
2025-10-10 04:53:44,326 [INFO] Época 13/30, Batch 2450/3348, Loss: 0.1639
2025-10-10 04:53:44,590 [INFO] Época 13/30, Batch 2500/3348, Loss: 0.1184
2025-10-10 04:53:44,856 [INFO] Época 13/30, Batch 2550/3348, Loss: 0.1451
2025-10-10 04:53:45,119 [INFO] Época 13/30, Batch 2600/3348, Loss: 0.1045
2025-10-10 04:53:45,384 [INFO] Época 13/30, Batch 2650/3348, Loss: 0.1815
2025-10-10 04:53:45,647 [INFO] Época 13/30, Batch 2700/3348, Loss: 0.0835
2025-10-10 04:53:45,919 [INFO] Época 13/30, Batch 2750/3348, Loss: 0.1994
2025-10-10 04:53:46,191 [INFO] Época 13/30, Batch 2800/3348, Loss: 0.2097
2025-10-10 04:53:46,473 [INFO] Época 13/30, Batch 2850/3348, Loss: 0.1158
2025-10-10 04:53:46,745 [INFO] Época 13/30, Batch 2900/3348, Loss: 0.1314
2025-10-10 04:53:47,015 [INFO] Época 13/30, Batch 2950/3348, Loss: 0.1605
2025-10-10 04:53:47,287 [INFO] Época 13/30, Batch 3000/3348, Loss: 0.1174
2025-10-10 04:53:47,558 [INFO] Época 13/30, Batch 3050/3348, Loss: 0.1372
2025-10-10 04:53:47,829 [INFO] Época 13/30, Batch 3100/3348, Loss: 0.1860
2025-10-10 04:53:48,102 [INFO] Época 13/30, Batch 3150/3348, Loss: 0.1159
2025-10-10 04:53:48,369 [INFO] Época 13/30, Batch 3200/3348, Loss: 0.1032
2025-10-10 04:53:48,634 [INFO] Época 13/30, Batch 3250/3348, Loss: 0.0981
2025-10-10 04:53:48,897 [INFO] Época 13/30, Batch 3300/3348, Loss: 0.0849
2025-10-10 04:53:50,678 [INFO] [13/30] Train Loss: 0.1379 | Val Loss: 0.3093 | Tempo: 19.92s
2025-10-10 04:53:51,253 [INFO] Época 14/30, Batch 50/3348, Loss: 0.1445
2025-10-10 04:53:51,535 [INFO] Época 14/30, Batch 100/3348, Loss: 0.1499
2025-10-10 04:53:51,803 [INFO] Época 14/30, Batch 150/3348, Loss: 0.1161
2025-10-10 04:53:52,069 [INFO] Época 14/30, Batch 200/3348, Loss: 0.1375
2025-10-10 04:53:52,333 [INFO] Época 14/30, Batch 250/3348, Loss: 0.1756
2025-10-10 04:53:52,598 [INFO] Época 14/30, Batch 300/3348, Loss: 0.1257
2025-10-10 04:53:52,861 [INFO] Época 14/30, Batch 350/3348, Loss: 0.0832
2025-10-10 04:53:53,125 [INFO] Época 14/30, Batch 400/3348, Loss: 0.1154
2025-10-10 04:53:53,389 [INFO] Época 14/30, Batch 450/3348, Loss: 0.1558
2025-10-10 04:53:53,655 [INFO] Época 14/30, Batch 500/3348, Loss: 0.1968
2025-10-10 04:53:53,921 [INFO] Época 14/30, Batch 550/3348, Loss: 0.1255
2025-10-10 04:53:54,187 [INFO] Época 14/30, Batch 600/3348, Loss: 0.1950
2025-10-10 04:53:54,454 [INFO] Época 14/30, Batch 650/3348, Loss: 0.1084
2025-10-10 04:53:54,715 [INFO] Época 14/30, Batch 700/3348, Loss: 0.1449
2025-10-10 04:53:54,975 [INFO] Época 14/30, Batch 750/3348, Loss: 0.2185
2025-10-10 04:53:55,234 [INFO] Época 14/30, Batch 800/3348, Loss: 0.1348
2025-10-10 04:53:55,498 [INFO] Época 14/30, Batch 850/3348, Loss: 0.1792
2025-10-10 04:53:55,764 [INFO] Época 14/30, Batch 900/3348, Loss: 0.1649
2025-10-10 04:53:56,025 [INFO] Época 14/30, Batch 950/3348, Loss: 0.1218
2025-10-10 04:53:56,278 [INFO] Época 14/30, Batch 1000/3348, Loss: 0.1175
2025-10-10 04:53:56,533 [INFO] Época 14/30, Batch 1050/3348, Loss: 0.0819
2025-10-10 04:53:56,788 [INFO] Época 14/30, Batch 1100/3348, Loss: 0.0949
2025-10-10 04:53:57,075 [INFO] Época 14/30, Batch 1150/3348, Loss: 0.1437
2025-10-10 04:53:57,328 [INFO] Época 14/30, Batch 1200/3348, Loss: 0.1404
2025-10-10 04:53:57,594 [INFO] Época 14/30, Batch 1250/3348, Loss: 0.1507
2025-10-10 04:53:57,859 [INFO] Época 14/30, Batch 1300/3348, Loss: 0.1498
2025-10-10 04:53:58,123 [INFO] Época 14/30, Batch 1350/3348, Loss: 0.1378
2025-10-10 04:53:58,388 [INFO] Época 14/30, Batch 1400/3348, Loss: 0.0729
2025-10-10 04:53:58,652 [INFO] Época 14/30, Batch 1450/3348, Loss: 0.1105
2025-10-10 04:53:58,917 [INFO] Época 14/30, Batch 1500/3348, Loss: 0.1620
2025-10-10 04:53:59,179 [INFO] Época 14/30, Batch 1550/3348, Loss: 0.1531
2025-10-10 04:53:59,444 [INFO] Época 14/30, Batch 1600/3348, Loss: 0.1235
2025-10-10 04:53:59,709 [INFO] Época 14/30, Batch 1650/3348, Loss: 0.1312
2025-10-10 04:53:59,973 [INFO] Época 14/30, Batch 1700/3348, Loss: 0.0974
2025-10-10 04:54:00,237 [INFO] Época 14/30, Batch 1750/3348, Loss: 0.1450
2025-10-10 04:54:00,500 [INFO] Época 14/30, Batch 1800/3348, Loss: 0.1225
2025-10-10 04:54:00,766 [INFO] Época 14/30, Batch 1850/3348, Loss: 0.0793
2025-10-10 04:54:01,030 [INFO] Época 14/30, Batch 1900/3348, Loss: 0.1453
2025-10-10 04:54:01,297 [INFO] Época 14/30, Batch 1950/3348, Loss: 0.3437
2025-10-10 04:54:01,572 [INFO] Época 14/30, Batch 2000/3348, Loss: 0.1600
2025-10-10 04:54:01,835 [INFO] Época 14/30, Batch 2050/3348, Loss: 0.1321
2025-10-10 04:54:02,101 [INFO] Época 14/30, Batch 2100/3348, Loss: 0.1470
2025-10-10 04:54:02,370 [INFO] Época 14/30, Batch 2150/3348, Loss: 0.1378
2025-10-10 04:54:02,642 [INFO] Época 14/30, Batch 2200/3348, Loss: 0.1440
2025-10-10 04:54:02,906 [INFO] Época 14/30, Batch 2250/3348, Loss: 0.1432
2025-10-10 04:54:03,170 [INFO] Época 14/30, Batch 2300/3348, Loss: 0.1298
2025-10-10 04:54:03,437 [INFO] Época 14/30, Batch 2350/3348, Loss: 0.1604
2025-10-10 04:54:03,701 [INFO] Época 14/30, Batch 2400/3348, Loss: 0.1351
2025-10-10 04:54:03,962 [INFO] Época 14/30, Batch 2450/3348, Loss: 0.1213
2025-10-10 04:54:04,225 [INFO] Época 14/30, Batch 2500/3348, Loss: 0.1151
2025-10-10 04:54:04,486 [INFO] Época 14/30, Batch 2550/3348, Loss: 0.1991
2025-10-10 04:54:04,750 [INFO] Época 14/30, Batch 2600/3348, Loss: 0.1275
2025-10-10 04:54:05,014 [INFO] Época 14/30, Batch 2650/3348, Loss: 0.1147
2025-10-10 04:54:05,280 [INFO] Época 14/30, Batch 2700/3348, Loss: 0.1642
2025-10-10 04:54:05,544 [INFO] Época 14/30, Batch 2750/3348, Loss: 0.1660
2025-10-10 04:54:05,808 [INFO] Época 14/30, Batch 2800/3348, Loss: 0.1350
2025-10-10 04:54:06,075 [INFO] Época 14/30, Batch 2850/3348, Loss: 0.1303
2025-10-10 04:54:06,340 [INFO] Época 14/30, Batch 2900/3348, Loss: 0.0937
2025-10-10 04:54:06,620 [INFO] Época 14/30, Batch 2950/3348, Loss: 0.1412
2025-10-10 04:54:06,883 [INFO] Época 14/30, Batch 3000/3348, Loss: 0.1250
2025-10-10 04:54:07,146 [INFO] Época 14/30, Batch 3050/3348, Loss: 0.0867
2025-10-10 04:54:07,410 [INFO] Época 14/30, Batch 3100/3348, Loss: 0.1924
2025-10-10 04:54:07,674 [INFO] Época 14/30, Batch 3150/3348, Loss: 0.1234
2025-10-10 04:54:07,943 [INFO] Época 14/30, Batch 3200/3348, Loss: 0.1179
2025-10-10 04:54:08,206 [INFO] Época 14/30, Batch 3250/3348, Loss: 0.1066
2025-10-10 04:54:08,469 [INFO] Época 14/30, Batch 3300/3348, Loss: 0.1367
2025-10-10 04:54:10,236 [INFO] [14/30] Train Loss: 0.1363 | Val Loss: 0.2902 | Tempo: 19.56s
2025-10-10 04:54:10,823 [INFO] Época 15/30, Batch 50/3348, Loss: 0.1603
2025-10-10 04:54:11,092 [INFO] Época 15/30, Batch 100/3348, Loss: 0.1357
2025-10-10 04:54:11,358 [INFO] Época 15/30, Batch 150/3348, Loss: 0.1442
2025-10-10 04:54:11,625 [INFO] Época 15/30, Batch 200/3348, Loss: 0.0871
2025-10-10 04:54:11,892 [INFO] Época 15/30, Batch 250/3348, Loss: 0.2121
2025-10-10 04:54:12,155 [INFO] Época 15/30, Batch 300/3348, Loss: 0.1019
2025-10-10 04:54:12,420 [INFO] Época 15/30, Batch 350/3348, Loss: 0.1355
2025-10-10 04:54:12,683 [INFO] Época 15/30, Batch 400/3348, Loss: 0.1957
2025-10-10 04:54:12,947 [INFO] Época 15/30, Batch 450/3348, Loss: 0.1213
2025-10-10 04:54:13,208 [INFO] Época 15/30, Batch 500/3348, Loss: 0.1366
2025-10-10 04:54:13,470 [INFO] Época 15/30, Batch 550/3348, Loss: 0.1124
2025-10-10 04:54:13,732 [INFO] Época 15/30, Batch 600/3348, Loss: 0.1406
2025-10-10 04:54:13,993 [INFO] Época 15/30, Batch 650/3348, Loss: 0.1736
2025-10-10 04:54:14,256 [INFO] Época 15/30, Batch 700/3348, Loss: 0.1681
2025-10-10 04:54:14,517 [INFO] Época 15/30, Batch 750/3348, Loss: 0.1184
2025-10-10 04:54:14,778 [INFO] Época 15/30, Batch 800/3348, Loss: 0.1133
2025-10-10 04:54:15,038 [INFO] Época 15/30, Batch 850/3348, Loss: 0.1149
2025-10-10 04:54:15,297 [INFO] Época 15/30, Batch 900/3348, Loss: 0.1590
2025-10-10 04:54:15,559 [INFO] Época 15/30, Batch 950/3348, Loss: 0.1189
2025-10-10 04:54:15,819 [INFO] Época 15/30, Batch 1000/3348, Loss: 0.0867
2025-10-10 04:54:16,079 [INFO] Época 15/30, Batch 1050/3348, Loss: 0.1368
2025-10-10 04:54:16,339 [INFO] Época 15/30, Batch 1100/3348, Loss: 0.1349
2025-10-10 04:54:16,600 [INFO] Época 15/30, Batch 1150/3348, Loss: 0.1161
2025-10-10 04:54:16,872 [INFO] Época 15/30, Batch 1200/3348, Loss: 0.1237
2025-10-10 04:54:17,134 [INFO] Época 15/30, Batch 1250/3348, Loss: 0.1284
2025-10-10 04:54:17,394 [INFO] Época 15/30, Batch 1300/3348, Loss: 0.1290
2025-10-10 04:54:17,657 [INFO] Época 15/30, Batch 1350/3348, Loss: 0.1743
2025-10-10 04:54:17,919 [INFO] Época 15/30, Batch 1400/3348, Loss: 0.1455
2025-10-10 04:54:18,180 [INFO] Época 15/30, Batch 1450/3348, Loss: 0.1151
2025-10-10 04:54:18,441 [INFO] Época 15/30, Batch 1500/3348, Loss: 0.1346
2025-10-10 04:54:18,704 [INFO] Época 15/30, Batch 1550/3348, Loss: 0.1457
2025-10-10 04:54:18,966 [INFO] Época 15/30, Batch 1600/3348, Loss: 0.1475
2025-10-10 04:54:19,228 [INFO] Época 15/30, Batch 1650/3348, Loss: 0.1515
2025-10-10 04:54:19,492 [INFO] Época 15/30, Batch 1700/3348, Loss: 0.1842
2025-10-10 04:54:19,753 [INFO] Época 15/30, Batch 1750/3348, Loss: 0.2100
2025-10-10 04:54:20,014 [INFO] Época 15/30, Batch 1800/3348, Loss: 0.1297
2025-10-10 04:54:20,276 [INFO] Época 15/30, Batch 1850/3348, Loss: 0.2318
2025-10-10 04:54:20,537 [INFO] Época 15/30, Batch 1900/3348, Loss: 0.1088
2025-10-10 04:54:20,799 [INFO] Época 15/30, Batch 1950/3348, Loss: 0.1575
2025-10-10 04:54:21,059 [INFO] Época 15/30, Batch 2000/3348, Loss: 0.1350
2025-10-10 04:54:21,320 [INFO] Época 15/30, Batch 2050/3348, Loss: 0.1203
2025-10-10 04:54:21,580 [INFO] Época 15/30, Batch 2100/3348, Loss: 0.1026
2025-10-10 04:54:21,841 [INFO] Época 15/30, Batch 2150/3348, Loss: 0.1301
2025-10-10 04:54:22,113 [INFO] Época 15/30, Batch 2200/3348, Loss: 0.1808
2025-10-10 04:54:22,374 [INFO] Época 15/30, Batch 2250/3348, Loss: 0.1366
2025-10-10 04:54:22,635 [INFO] Época 15/30, Batch 2300/3348, Loss: 0.1831
2025-10-10 04:54:22,898 [INFO] Época 15/30, Batch 2350/3348, Loss: 0.1950
2025-10-10 04:54:23,159 [INFO] Época 15/30, Batch 2400/3348, Loss: 0.1559
2025-10-10 04:54:23,420 [INFO] Época 15/30, Batch 2450/3348, Loss: 0.1364
2025-10-10 04:54:23,683 [INFO] Época 15/30, Batch 2500/3348, Loss: 0.1393
2025-10-10 04:54:23,945 [INFO] Época 15/30, Batch 2550/3348, Loss: 0.1264
2025-10-10 04:54:24,208 [INFO] Época 15/30, Batch 2600/3348, Loss: 0.1296
2025-10-10 04:54:24,471 [INFO] Época 15/30, Batch 2650/3348, Loss: 0.1037
2025-10-10 04:54:24,734 [INFO] Época 15/30, Batch 2700/3348, Loss: 0.1454
2025-10-10 04:54:24,999 [INFO] Época 15/30, Batch 2750/3348, Loss: 0.0886
2025-10-10 04:54:25,263 [INFO] Época 15/30, Batch 2800/3348, Loss: 0.1510
2025-10-10 04:54:25,525 [INFO] Época 15/30, Batch 2850/3348, Loss: 0.1114
2025-10-10 04:54:25,787 [INFO] Época 15/30, Batch 2900/3348, Loss: 0.1142
2025-10-10 04:54:26,049 [INFO] Época 15/30, Batch 2950/3348, Loss: 0.2278
2025-10-10 04:54:26,311 [INFO] Época 15/30, Batch 3000/3348, Loss: 0.1200
2025-10-10 04:54:26,572 [INFO] Época 15/30, Batch 3050/3348, Loss: 0.1584
2025-10-10 04:54:26,833 [INFO] Época 15/30, Batch 3100/3348, Loss: 0.1580
2025-10-10 04:54:27,096 [INFO] Época 15/30, Batch 3150/3348, Loss: 0.1610
2025-10-10 04:54:27,367 [INFO] Época 15/30, Batch 3200/3348, Loss: 0.1194
2025-10-10 04:54:27,627 [INFO] Época 15/30, Batch 3250/3348, Loss: 0.1509
2025-10-10 04:54:27,887 [INFO] Época 15/30, Batch 3300/3348, Loss: 0.1398
2025-10-10 04:54:29,737 [INFO] [15/30] Train Loss: 0.1352 | Val Loss: 0.3109 | Tempo: 19.50s
2025-10-10 04:54:30,301 [INFO] Época 16/30, Batch 50/3348, Loss: 0.1181
2025-10-10 04:54:30,569 [INFO] Época 16/30, Batch 100/3348, Loss: 0.1682
2025-10-10 04:54:30,837 [INFO] Época 16/30, Batch 150/3348, Loss: 0.0939
2025-10-10 04:54:31,107 [INFO] Época 16/30, Batch 200/3348, Loss: 0.1946
2025-10-10 04:54:31,373 [INFO] Época 16/30, Batch 250/3348, Loss: 0.1457
2025-10-10 04:54:31,640 [INFO] Época 16/30, Batch 300/3348, Loss: 0.1146
2025-10-10 04:54:31,904 [INFO] Época 16/30, Batch 350/3348, Loss: 0.0898
2025-10-10 04:54:32,168 [INFO] Época 16/30, Batch 400/3348, Loss: 0.1994
2025-10-10 04:54:32,432 [INFO] Época 16/30, Batch 450/3348, Loss: 0.1528
2025-10-10 04:54:32,696 [INFO] Época 16/30, Batch 500/3348, Loss: 0.1309
2025-10-10 04:54:32,958 [INFO] Época 16/30, Batch 550/3348, Loss: 0.0834
2025-10-10 04:54:33,221 [INFO] Época 16/30, Batch 600/3348, Loss: 0.1202
2025-10-10 04:54:33,483 [INFO] Época 16/30, Batch 650/3348, Loss: 0.1278
2025-10-10 04:54:33,744 [INFO] Época 16/30, Batch 700/3348, Loss: 0.1254
2025-10-10 04:54:34,001 [INFO] Época 16/30, Batch 750/3348, Loss: 0.1119
2025-10-10 04:54:34,257 [INFO] Época 16/30, Batch 800/3348, Loss: 0.0926
2025-10-10 04:54:34,513 [INFO] Época 16/30, Batch 850/3348, Loss: 0.1888
2025-10-10 04:54:34,769 [INFO] Época 16/30, Batch 900/3348, Loss: 0.1145
2025-10-10 04:54:35,024 [INFO] Época 16/30, Batch 950/3348, Loss: 0.0867
2025-10-10 04:54:35,280 [INFO] Época 16/30, Batch 1000/3348, Loss: 0.1955
2025-10-10 04:54:35,534 [INFO] Época 16/30, Batch 1050/3348, Loss: 0.1584
2025-10-10 04:54:35,788 [INFO] Época 16/30, Batch 1100/3348, Loss: 0.1417
2025-10-10 04:54:36,040 [INFO] Época 16/30, Batch 1150/3348, Loss: 0.1485
2025-10-10 04:54:36,294 [INFO] Época 16/30, Batch 1200/3348, Loss: 0.1224
2025-10-10 04:54:36,548 [INFO] Época 16/30, Batch 1250/3348, Loss: 0.1111
2025-10-10 04:54:36,813 [INFO] Época 16/30, Batch 1300/3348, Loss: 0.0882
2025-10-10 04:54:37,077 [INFO] Época 16/30, Batch 1350/3348, Loss: 0.1204
2025-10-10 04:54:37,339 [INFO] Época 16/30, Batch 1400/3348, Loss: 0.1361
2025-10-10 04:54:37,602 [INFO] Época 16/30, Batch 1450/3348, Loss: 0.1292
2025-10-10 04:54:37,865 [INFO] Época 16/30, Batch 1500/3348, Loss: 0.1582
2025-10-10 04:54:38,128 [INFO] Época 16/30, Batch 1550/3348, Loss: 0.1212
2025-10-10 04:54:38,389 [INFO] Época 16/30, Batch 1600/3348, Loss: 0.1527
2025-10-10 04:54:38,652 [INFO] Época 16/30, Batch 1650/3348, Loss: 0.1539
2025-10-10 04:54:38,915 [INFO] Época 16/30, Batch 1700/3348, Loss: 0.1666
2025-10-10 04:54:39,178 [INFO] Época 16/30, Batch 1750/3348, Loss: 0.1362
2025-10-10 04:54:39,441 [INFO] Época 16/30, Batch 1800/3348, Loss: 0.0982
2025-10-10 04:54:39,704 [INFO] Época 16/30, Batch 1850/3348, Loss: 0.1054
2025-10-10 04:54:39,970 [INFO] Época 16/30, Batch 1900/3348, Loss: 0.1461
2025-10-10 04:54:40,235 [INFO] Época 16/30, Batch 1950/3348, Loss: 0.1096
2025-10-10 04:54:40,502 [INFO] Época 16/30, Batch 2000/3348, Loss: 0.1451
2025-10-10 04:54:40,766 [INFO] Época 16/30, Batch 2050/3348, Loss: 0.1209
2025-10-10 04:54:41,030 [INFO] Época 16/30, Batch 2100/3348, Loss: 0.1429
2025-10-10 04:54:41,294 [INFO] Época 16/30, Batch 2150/3348, Loss: 0.1664
2025-10-10 04:54:41,559 [INFO] Época 16/30, Batch 2200/3348, Loss: 0.1209
2025-10-10 04:54:41,823 [INFO] Época 16/30, Batch 2250/3348, Loss: 0.1801
2025-10-10 04:54:42,085 [INFO] Época 16/30, Batch 2300/3348, Loss: 0.1013
2025-10-10 04:54:42,345 [INFO] Época 16/30, Batch 2350/3348, Loss: 0.1434
2025-10-10 04:54:42,620 [INFO] Época 16/30, Batch 2400/3348, Loss: 0.2018
2025-10-10 04:54:42,883 [INFO] Época 16/30, Batch 2450/3348, Loss: 0.1202
2025-10-10 04:54:43,148 [INFO] Época 16/30, Batch 2500/3348, Loss: 0.1135
2025-10-10 04:54:43,412 [INFO] Época 16/30, Batch 2550/3348, Loss: 0.0874
2025-10-10 04:54:43,674 [INFO] Época 16/30, Batch 2600/3348, Loss: 0.1829
2025-10-10 04:54:43,934 [INFO] Época 16/30, Batch 2650/3348, Loss: 0.1037
2025-10-10 04:54:44,196 [INFO] Época 16/30, Batch 2700/3348, Loss: 0.1307
2025-10-10 04:54:44,459 [INFO] Época 16/30, Batch 2750/3348, Loss: 0.1207
2025-10-10 04:54:44,720 [INFO] Época 16/30, Batch 2800/3348, Loss: 0.1112
2025-10-10 04:54:44,983 [INFO] Época 16/30, Batch 2850/3348, Loss: 0.1459
2025-10-10 04:54:45,247 [INFO] Época 16/30, Batch 2900/3348, Loss: 0.1089
2025-10-10 04:54:45,510 [INFO] Época 16/30, Batch 2950/3348, Loss: 0.1327
2025-10-10 04:54:45,772 [INFO] Época 16/30, Batch 3000/3348, Loss: 0.1282
2025-10-10 04:54:46,032 [INFO] Época 16/30, Batch 3050/3348, Loss: 0.1432
2025-10-10 04:54:46,292 [INFO] Época 16/30, Batch 3100/3348, Loss: 0.1672
2025-10-10 04:54:46,555 [INFO] Época 16/30, Batch 3150/3348, Loss: 0.0723
2025-10-10 04:54:46,815 [INFO] Época 16/30, Batch 3200/3348, Loss: 0.0677
2025-10-10 04:54:47,075 [INFO] Época 16/30, Batch 3250/3348, Loss: 0.1011
2025-10-10 04:54:47,338 [INFO] Época 16/30, Batch 3300/3348, Loss: 0.1291
2025-10-10 04:54:49,169 [INFO] [16/30] Train Loss: 0.1329 | Val Loss: 0.2966 | Tempo: 19.43s
2025-10-10 04:54:49,170 [INFO] Early stopping ativado após 10 épocas sem melhoria
2025-10-10 04:54:49,170 [INFO] Treinamento concluído em 313.33 segundos (5.22 minutos)
2025-10-10 04:54:49,170 [INFO] Iniciando avaliação no conjunto de teste...
2025-10-10 04:54:50,676 [INFO] Avaliação do teste concluída em 1.51 segundos
2025-10-10 04:54:50,677 [INFO] MSE no teste: 0.2401
2025-10-10 04:54:50,677 [INFO] RMSE no teste: 0.4900
2025-10-10 04:54:50,677 [INFO] MAE no teste: 0.3439
2025-10-10 04:54:50,678 [INFO] Métricas salvas em /mnt/hdd/home/jdurao/ToolBox-ChemXAI/logs/mlp_att8_Pattern_metrics.json
