2025-10-10 10:32:58,033 [INFO] Iniciando treinamento do modelo mlp_att12_Pattern
2025-10-10 10:32:58,033 [INFO] Configuração: att_index=12, epochs=30, layers=[128, 64, 32], lr=0.001, batch_size=32, descriptor_type=Pattern
2025-10-10 10:32:58,033 [INFO] Diretório para modelos: /mnt/hdd/home/jdurao/ToolBox-ChemXAI/models
2025-10-10 10:32:58,034 [INFO] Carregando dados...
2025-10-10 10:32:58,132 [INFO] Preparando dataloaders sem ruído...
2025-10-10 10:33:14,860 [INFO] Dados carregados em 16.83 segundos
2025-10-10 10:33:14,861 [INFO] Tamanhos dos conjuntos - Treino: 107108, Validação: 13388, Teste: 13389
2025-10-10 10:33:14,861 [INFO] Usando dispositivo: cuda
2025-10-10 10:33:15,234 [INFO] Dimensão de entrada: 512, Dimensão de saída: 1
2025-10-10 10:33:15,235 [INFO] Criando modelo MLP com camadas: [128, 64, 32]
2025-10-10 10:33:15,239 [INFO] Modelo criado com 76033 parâmetros
2025-10-10 10:33:15,258 [INFO] Iniciando treinamento com 30 épocas...
2025-10-10 10:33:15,818 [INFO] Época 1/30, Batch 50/3348, Loss: 0.4556
2025-10-10 10:33:16,099 [INFO] Época 1/30, Batch 100/3348, Loss: 0.3137
2025-10-10 10:33:16,365 [INFO] Época 1/30, Batch 150/3348, Loss: 0.3112
2025-10-10 10:33:16,630 [INFO] Época 1/30, Batch 200/3348, Loss: 0.3066
2025-10-10 10:33:16,896 [INFO] Época 1/30, Batch 250/3348, Loss: 0.3080
2025-10-10 10:33:17,169 [INFO] Época 1/30, Batch 300/3348, Loss: 0.3267
2025-10-10 10:33:17,434 [INFO] Época 1/30, Batch 350/3348, Loss: 0.2603
2025-10-10 10:33:17,697 [INFO] Época 1/30, Batch 400/3348, Loss: 0.3012
2025-10-10 10:33:17,959 [INFO] Época 1/30, Batch 450/3348, Loss: 0.2879
2025-10-10 10:33:18,220 [INFO] Época 1/30, Batch 500/3348, Loss: 0.3843
2025-10-10 10:33:18,482 [INFO] Época 1/30, Batch 550/3348, Loss: 0.3022
2025-10-10 10:33:18,747 [INFO] Época 1/30, Batch 600/3348, Loss: 0.2513
2025-10-10 10:33:19,008 [INFO] Época 1/30, Batch 650/3348, Loss: 0.3206
2025-10-10 10:33:19,270 [INFO] Época 1/30, Batch 700/3348, Loss: 0.2581
2025-10-10 10:33:19,533 [INFO] Época 1/30, Batch 750/3348, Loss: 0.2794
2025-10-10 10:33:19,795 [INFO] Época 1/30, Batch 800/3348, Loss: 0.2977
2025-10-10 10:33:20,057 [INFO] Época 1/30, Batch 850/3348, Loss: 0.2419
2025-10-10 10:33:20,317 [INFO] Época 1/30, Batch 900/3348, Loss: 0.3179
2025-10-10 10:33:20,579 [INFO] Época 1/30, Batch 950/3348, Loss: 0.2269
2025-10-10 10:33:20,848 [INFO] Época 1/30, Batch 1000/3348, Loss: 0.2680
2025-10-10 10:33:21,117 [INFO] Época 1/30, Batch 1050/3348, Loss: 0.3199
2025-10-10 10:33:21,387 [INFO] Época 1/30, Batch 1100/3348, Loss: 0.2061
2025-10-10 10:33:21,660 [INFO] Época 1/30, Batch 1150/3348, Loss: 0.2478
2025-10-10 10:33:21,931 [INFO] Época 1/30, Batch 1200/3348, Loss: 0.2519
2025-10-10 10:33:22,200 [INFO] Época 1/30, Batch 1250/3348, Loss: 0.2596
2025-10-10 10:33:22,471 [INFO] Época 1/30, Batch 1300/3348, Loss: 0.2883
2025-10-10 10:33:22,741 [INFO] Época 1/30, Batch 1350/3348, Loss: 0.2818
2025-10-10 10:33:23,008 [INFO] Época 1/30, Batch 1400/3348, Loss: 0.2664
2025-10-10 10:33:23,269 [INFO] Época 1/30, Batch 1450/3348, Loss: 0.1790
2025-10-10 10:33:23,531 [INFO] Época 1/30, Batch 1500/3348, Loss: 0.2737
2025-10-10 10:33:23,792 [INFO] Época 1/30, Batch 1550/3348, Loss: 0.2346
2025-10-10 10:33:24,052 [INFO] Época 1/30, Batch 1600/3348, Loss: 0.2875
2025-10-10 10:33:24,313 [INFO] Época 1/30, Batch 1650/3348, Loss: 0.2180
2025-10-10 10:33:24,581 [INFO] Época 1/30, Batch 1700/3348, Loss: 0.2486
2025-10-10 10:33:24,857 [INFO] Época 1/30, Batch 1750/3348, Loss: 0.1639
2025-10-10 10:33:25,129 [INFO] Época 1/30, Batch 1800/3348, Loss: 0.2564
2025-10-10 10:33:25,398 [INFO] Época 1/30, Batch 1850/3348, Loss: 0.2015
2025-10-10 10:33:25,670 [INFO] Época 1/30, Batch 1900/3348, Loss: 0.2436
2025-10-10 10:33:25,939 [INFO] Época 1/30, Batch 1950/3348, Loss: 0.2179
2025-10-10 10:33:26,211 [INFO] Época 1/30, Batch 2000/3348, Loss: 0.2629
2025-10-10 10:33:26,484 [INFO] Época 1/30, Batch 2050/3348, Loss: 0.1582
2025-10-10 10:33:26,759 [INFO] Época 1/30, Batch 2100/3348, Loss: 0.2324
2025-10-10 10:33:27,030 [INFO] Época 1/30, Batch 2150/3348, Loss: 0.2359
2025-10-10 10:33:27,303 [INFO] Época 1/30, Batch 2200/3348, Loss: 0.2860
2025-10-10 10:33:27,571 [INFO] Época 1/30, Batch 2250/3348, Loss: 0.2414
2025-10-10 10:33:27,832 [INFO] Época 1/30, Batch 2300/3348, Loss: 0.2059
2025-10-10 10:33:28,093 [INFO] Época 1/30, Batch 2350/3348, Loss: 0.2201
2025-10-10 10:33:28,356 [INFO] Época 1/30, Batch 2400/3348, Loss: 0.1508
2025-10-10 10:33:28,616 [INFO] Época 1/30, Batch 2450/3348, Loss: 0.1909
2025-10-10 10:33:28,879 [INFO] Época 1/30, Batch 2500/3348, Loss: 0.2455
2025-10-10 10:33:29,140 [INFO] Época 1/30, Batch 2550/3348, Loss: 0.2526
2025-10-10 10:33:29,402 [INFO] Época 1/30, Batch 2600/3348, Loss: 0.2195
2025-10-10 10:33:29,664 [INFO] Época 1/30, Batch 2650/3348, Loss: 0.2308
2025-10-10 10:33:29,925 [INFO] Época 1/30, Batch 2700/3348, Loss: 0.1544
2025-10-10 10:33:30,187 [INFO] Época 1/30, Batch 2750/3348, Loss: 0.2435
2025-10-10 10:33:30,448 [INFO] Época 1/30, Batch 2800/3348, Loss: 0.2023
2025-10-10 10:33:30,710 [INFO] Época 1/30, Batch 2850/3348, Loss: 0.2488
2025-10-10 10:33:30,972 [INFO] Época 1/30, Batch 2900/3348, Loss: 0.1580
2025-10-10 10:33:31,233 [INFO] Época 1/30, Batch 2950/3348, Loss: 0.1808
2025-10-10 10:33:31,495 [INFO] Época 1/30, Batch 3000/3348, Loss: 0.2047
2025-10-10 10:33:31,756 [INFO] Época 1/30, Batch 3050/3348, Loss: 0.2708
2025-10-10 10:33:32,017 [INFO] Época 1/30, Batch 3100/3348, Loss: 0.2310
2025-10-10 10:33:32,279 [INFO] Época 1/30, Batch 3150/3348, Loss: 0.2929
2025-10-10 10:33:32,540 [INFO] Época 1/30, Batch 3200/3348, Loss: 0.2566
2025-10-10 10:33:32,803 [INFO] Época 1/30, Batch 3250/3348, Loss: 0.1749
2025-10-10 10:33:33,066 [INFO] Época 1/30, Batch 3300/3348, Loss: 0.2345
2025-10-10 10:33:34,859 [INFO] [1/30] Train Loss: 0.2569 | Val Loss: 0.3207 | Tempo: 19.60s
2025-10-10 10:33:34,862 [INFO] Melhor modelo salvo em: /mnt/hdd/home/jdurao/ToolBox-ChemXAI/models/mlp_qm9_Pattern_att12_large.pth
2025-10-10 10:33:35,421 [INFO] Época 2/30, Batch 50/3348, Loss: 0.1511
2025-10-10 10:33:35,688 [INFO] Época 2/30, Batch 100/3348, Loss: 0.2765
2025-10-10 10:33:35,952 [INFO] Época 2/30, Batch 150/3348, Loss: 0.2464
2025-10-10 10:33:36,211 [INFO] Época 2/30, Batch 200/3348, Loss: 0.1528
2025-10-10 10:33:36,470 [INFO] Época 2/30, Batch 250/3348, Loss: 0.1393
2025-10-10 10:33:36,736 [INFO] Época 2/30, Batch 300/3348, Loss: 0.1842
2025-10-10 10:33:37,007 [INFO] Época 2/30, Batch 350/3348, Loss: 0.2258
2025-10-10 10:33:37,278 [INFO] Época 2/30, Batch 400/3348, Loss: 0.1444
2025-10-10 10:33:37,551 [INFO] Época 2/30, Batch 450/3348, Loss: 0.1862
2025-10-10 10:33:37,820 [INFO] Época 2/30, Batch 500/3348, Loss: 0.2026
2025-10-10 10:33:38,074 [INFO] Época 2/30, Batch 550/3348, Loss: 0.1982
2025-10-10 10:33:38,325 [INFO] Época 2/30, Batch 600/3348, Loss: 0.1869
2025-10-10 10:33:38,579 [INFO] Época 2/30, Batch 650/3348, Loss: 0.1820
2025-10-10 10:33:38,831 [INFO] Época 2/30, Batch 700/3348, Loss: 0.1778
2025-10-10 10:33:39,084 [INFO] Época 2/30, Batch 750/3348, Loss: 0.2145
2025-10-10 10:33:39,337 [INFO] Época 2/30, Batch 800/3348, Loss: 0.2158
2025-10-10 10:33:39,587 [INFO] Época 2/30, Batch 850/3348, Loss: 0.1154
2025-10-10 10:33:39,839 [INFO] Época 2/30, Batch 900/3348, Loss: 0.1020
2025-10-10 10:33:40,090 [INFO] Época 2/30, Batch 950/3348, Loss: 0.2326
2025-10-10 10:33:40,342 [INFO] Época 2/30, Batch 1000/3348, Loss: 0.1269
2025-10-10 10:33:40,592 [INFO] Época 2/30, Batch 1050/3348, Loss: 0.1698
2025-10-10 10:33:40,842 [INFO] Época 2/30, Batch 1100/3348, Loss: 0.1695
2025-10-10 10:33:41,094 [INFO] Época 2/30, Batch 1150/3348, Loss: 0.1787
2025-10-10 10:33:41,345 [INFO] Época 2/30, Batch 1200/3348, Loss: 0.1437
2025-10-10 10:33:41,597 [INFO] Época 2/30, Batch 1250/3348, Loss: 0.1772
2025-10-10 10:33:41,849 [INFO] Época 2/30, Batch 1300/3348, Loss: 0.1401
2025-10-10 10:33:42,101 [INFO] Época 2/30, Batch 1350/3348, Loss: 0.2708
2025-10-10 10:33:42,354 [INFO] Época 2/30, Batch 1400/3348, Loss: 0.1456
2025-10-10 10:33:42,605 [INFO] Época 2/30, Batch 1450/3348, Loss: 0.1362
2025-10-10 10:33:42,860 [INFO] Época 2/30, Batch 1500/3348, Loss: 0.1800
2025-10-10 10:33:43,116 [INFO] Época 2/30, Batch 1550/3348, Loss: 0.1432
2025-10-10 10:33:43,374 [INFO] Época 2/30, Batch 1600/3348, Loss: 0.1388
2025-10-10 10:33:43,634 [INFO] Época 2/30, Batch 1650/3348, Loss: 0.1982
2025-10-10 10:33:43,905 [INFO] Época 2/30, Batch 1700/3348, Loss: 0.1821
2025-10-10 10:33:44,174 [INFO] Época 2/30, Batch 1750/3348, Loss: 0.1798
2025-10-10 10:33:44,442 [INFO] Época 2/30, Batch 1800/3348, Loss: 0.1960
2025-10-10 10:33:44,713 [INFO] Época 2/30, Batch 1850/3348, Loss: 0.1925
2025-10-10 10:33:44,980 [INFO] Época 2/30, Batch 1900/3348, Loss: 0.1760
2025-10-10 10:33:45,241 [INFO] Época 2/30, Batch 1950/3348, Loss: 0.1369
2025-10-10 10:33:45,494 [INFO] Época 2/30, Batch 2000/3348, Loss: 0.1776
2025-10-10 10:33:45,750 [INFO] Época 2/30, Batch 2050/3348, Loss: 0.1002
2025-10-10 10:33:46,004 [INFO] Época 2/30, Batch 2100/3348, Loss: 0.1353
2025-10-10 10:33:46,259 [INFO] Época 2/30, Batch 2150/3348, Loss: 0.2652
2025-10-10 10:33:46,514 [INFO] Época 2/30, Batch 2200/3348, Loss: 0.2069
2025-10-10 10:33:46,768 [INFO] Época 2/30, Batch 2250/3348, Loss: 0.1456
2025-10-10 10:33:47,021 [INFO] Época 2/30, Batch 2300/3348, Loss: 0.1828
2025-10-10 10:33:47,275 [INFO] Época 2/30, Batch 2350/3348, Loss: 0.2404
2025-10-10 10:33:47,528 [INFO] Época 2/30, Batch 2400/3348, Loss: 0.1824
2025-10-10 10:33:47,782 [INFO] Época 2/30, Batch 2450/3348, Loss: 0.1578
2025-10-10 10:33:48,035 [INFO] Época 2/30, Batch 2500/3348, Loss: 0.1464
2025-10-10 10:33:48,287 [INFO] Época 2/30, Batch 2550/3348, Loss: 0.2096
2025-10-10 10:33:48,541 [INFO] Época 2/30, Batch 2600/3348, Loss: 0.1313
2025-10-10 10:33:48,792 [INFO] Época 2/30, Batch 2650/3348, Loss: 0.1644
2025-10-10 10:33:49,043 [INFO] Época 2/30, Batch 2700/3348, Loss: 0.1787
2025-10-10 10:33:49,296 [INFO] Época 2/30, Batch 2750/3348, Loss: 0.1591
2025-10-10 10:33:49,549 [INFO] Época 2/30, Batch 2800/3348, Loss: 0.1584
2025-10-10 10:33:49,801 [INFO] Época 2/30, Batch 2850/3348, Loss: 0.1276
2025-10-10 10:33:50,054 [INFO] Época 2/30, Batch 2900/3348, Loss: 0.2214
2025-10-10 10:33:50,307 [INFO] Época 2/30, Batch 2950/3348, Loss: 0.0960
2025-10-10 10:33:50,559 [INFO] Época 2/30, Batch 3000/3348, Loss: 0.1870
2025-10-10 10:33:50,811 [INFO] Época 2/30, Batch 3050/3348, Loss: 0.1158
2025-10-10 10:33:51,066 [INFO] Época 2/30, Batch 3100/3348, Loss: 0.1902
2025-10-10 10:33:51,318 [INFO] Época 2/30, Batch 3150/3348, Loss: 0.1169
2025-10-10 10:33:51,570 [INFO] Época 2/30, Batch 3200/3348, Loss: 0.1823
2025-10-10 10:33:51,822 [INFO] Época 2/30, Batch 3250/3348, Loss: 0.2081
2025-10-10 10:33:52,077 [INFO] Época 2/30, Batch 3300/3348, Loss: 0.1910
2025-10-10 10:33:53,836 [INFO] [2/30] Train Loss: 0.1843 | Val Loss: 0.2768 | Tempo: 18.97s
2025-10-10 10:33:53,841 [INFO] Melhor modelo salvo em: /mnt/hdd/home/jdurao/ToolBox-ChemXAI/models/mlp_qm9_Pattern_att12_large.pth
2025-10-10 10:33:54,428 [INFO] Época 3/30, Batch 50/3348, Loss: 0.1446
2025-10-10 10:33:54,714 [INFO] Época 3/30, Batch 100/3348, Loss: 0.1447
2025-10-10 10:33:54,995 [INFO] Época 3/30, Batch 150/3348, Loss: 0.1989
2025-10-10 10:33:55,266 [INFO] Época 3/30, Batch 200/3348, Loss: 0.1276
2025-10-10 10:33:55,532 [INFO] Época 3/30, Batch 250/3348, Loss: 0.1626
2025-10-10 10:33:55,797 [INFO] Época 3/30, Batch 300/3348, Loss: 0.1725
2025-10-10 10:33:56,062 [INFO] Época 3/30, Batch 350/3348, Loss: 0.1494
2025-10-10 10:33:56,327 [INFO] Época 3/30, Batch 400/3348, Loss: 0.1519
2025-10-10 10:33:56,593 [INFO] Época 3/30, Batch 450/3348, Loss: 0.1427
2025-10-10 10:33:56,859 [INFO] Época 3/30, Batch 500/3348, Loss: 0.1584
2025-10-10 10:33:57,123 [INFO] Época 3/30, Batch 550/3348, Loss: 0.1024
2025-10-10 10:33:57,384 [INFO] Época 3/30, Batch 600/3348, Loss: 0.2239
2025-10-10 10:33:57,644 [INFO] Época 3/30, Batch 650/3348, Loss: 0.1506
2025-10-10 10:33:57,902 [INFO] Época 3/30, Batch 700/3348, Loss: 0.1829
2025-10-10 10:33:58,166 [INFO] Época 3/30, Batch 750/3348, Loss: 0.1160
2025-10-10 10:33:58,430 [INFO] Época 3/30, Batch 800/3348, Loss: 0.1458
2025-10-10 10:33:58,694 [INFO] Época 3/30, Batch 850/3348, Loss: 0.1238
2025-10-10 10:33:58,956 [INFO] Época 3/30, Batch 900/3348, Loss: 0.0969
2025-10-10 10:33:59,224 [INFO] Época 3/30, Batch 950/3348, Loss: 0.2138
2025-10-10 10:33:59,489 [INFO] Época 3/30, Batch 1000/3348, Loss: 0.1845
2025-10-10 10:33:59,752 [INFO] Época 3/30, Batch 1050/3348, Loss: 0.1820
2025-10-10 10:34:00,014 [INFO] Época 3/30, Batch 1100/3348, Loss: 0.1385
2025-10-10 10:34:00,275 [INFO] Época 3/30, Batch 1150/3348, Loss: 0.1891
2025-10-10 10:34:00,539 [INFO] Época 3/30, Batch 1200/3348, Loss: 0.1699
2025-10-10 10:34:00,801 [INFO] Época 3/30, Batch 1250/3348, Loss: 0.1373
2025-10-10 10:34:01,062 [INFO] Época 3/30, Batch 1300/3348, Loss: 0.1254
2025-10-10 10:34:01,322 [INFO] Época 3/30, Batch 1350/3348, Loss: 0.1909
2025-10-10 10:34:01,584 [INFO] Época 3/30, Batch 1400/3348, Loss: 0.0974
2025-10-10 10:34:01,844 [INFO] Época 3/30, Batch 1450/3348, Loss: 0.1466
2025-10-10 10:34:02,106 [INFO] Época 3/30, Batch 1500/3348, Loss: 0.1436
2025-10-10 10:34:02,367 [INFO] Época 3/30, Batch 1550/3348, Loss: 0.1649
2025-10-10 10:34:02,628 [INFO] Época 3/30, Batch 1600/3348, Loss: 0.1589
2025-10-10 10:34:02,893 [INFO] Época 3/30, Batch 1650/3348, Loss: 0.1861
2025-10-10 10:34:03,155 [INFO] Época 3/30, Batch 1700/3348, Loss: 0.1205
2025-10-10 10:34:03,416 [INFO] Época 3/30, Batch 1750/3348, Loss: 0.1261
2025-10-10 10:34:03,677 [INFO] Época 3/30, Batch 1800/3348, Loss: 0.2489
2025-10-10 10:34:03,938 [INFO] Época 3/30, Batch 1850/3348, Loss: 0.1993
2025-10-10 10:34:04,199 [INFO] Época 3/30, Batch 1900/3348, Loss: 0.1980
2025-10-10 10:34:04,461 [INFO] Época 3/30, Batch 1950/3348, Loss: 0.1345
2025-10-10 10:34:04,719 [INFO] Época 3/30, Batch 2000/3348, Loss: 0.1614
2025-10-10 10:34:04,980 [INFO] Época 3/30, Batch 2050/3348, Loss: 0.1356
2025-10-10 10:34:05,242 [INFO] Época 3/30, Batch 2100/3348, Loss: 0.1908
2025-10-10 10:34:05,502 [INFO] Época 3/30, Batch 2150/3348, Loss: 0.1953
2025-10-10 10:34:05,765 [INFO] Época 3/30, Batch 2200/3348, Loss: 0.1431
2025-10-10 10:34:06,029 [INFO] Época 3/30, Batch 2250/3348, Loss: 0.1341
2025-10-10 10:34:06,293 [INFO] Época 3/30, Batch 2300/3348, Loss: 0.1376
2025-10-10 10:34:06,554 [INFO] Época 3/30, Batch 2350/3348, Loss: 0.1654
2025-10-10 10:34:06,814 [INFO] Época 3/30, Batch 2400/3348, Loss: 0.1922
2025-10-10 10:34:07,074 [INFO] Época 3/30, Batch 2450/3348, Loss: 0.0940
2025-10-10 10:34:07,338 [INFO] Época 3/30, Batch 2500/3348, Loss: 0.1123
2025-10-10 10:34:07,602 [INFO] Época 3/30, Batch 2550/3348, Loss: 0.1507
2025-10-10 10:34:07,868 [INFO] Época 3/30, Batch 2600/3348, Loss: 0.1089
2025-10-10 10:34:08,143 [INFO] Época 3/30, Batch 2650/3348, Loss: 0.2133
2025-10-10 10:34:08,420 [INFO] Época 3/30, Batch 2700/3348, Loss: 0.2135
2025-10-10 10:34:08,694 [INFO] Época 3/30, Batch 2750/3348, Loss: 0.1877
2025-10-10 10:34:08,956 [INFO] Época 3/30, Batch 2800/3348, Loss: 0.2233
2025-10-10 10:34:09,215 [INFO] Época 3/30, Batch 2850/3348, Loss: 0.0759
2025-10-10 10:34:09,472 [INFO] Época 3/30, Batch 2900/3348, Loss: 0.1661
2025-10-10 10:34:09,730 [INFO] Época 3/30, Batch 2950/3348, Loss: 0.2507
2025-10-10 10:34:09,988 [INFO] Época 3/30, Batch 3000/3348, Loss: 0.1549
2025-10-10 10:34:10,245 [INFO] Época 3/30, Batch 3050/3348, Loss: 0.1780
2025-10-10 10:34:10,502 [INFO] Época 3/30, Batch 3100/3348, Loss: 0.1382
2025-10-10 10:34:10,760 [INFO] Época 3/30, Batch 3150/3348, Loss: 0.1902
2025-10-10 10:34:11,017 [INFO] Época 3/30, Batch 3200/3348, Loss: 0.1680
2025-10-10 10:34:11,281 [INFO] Época 3/30, Batch 3250/3348, Loss: 0.1475
2025-10-10 10:34:11,541 [INFO] Época 3/30, Batch 3300/3348, Loss: 0.2023
2025-10-10 10:34:13,326 [INFO] [3/30] Train Loss: 0.1605 | Val Loss: 0.2960 | Tempo: 19.48s
2025-10-10 10:34:13,900 [INFO] Época 4/30, Batch 50/3348, Loss: 0.2168
2025-10-10 10:34:14,167 [INFO] Época 4/30, Batch 100/3348, Loss: 0.1455
2025-10-10 10:34:14,432 [INFO] Época 4/30, Batch 150/3348, Loss: 0.0777
2025-10-10 10:34:14,700 [INFO] Época 4/30, Batch 200/3348, Loss: 0.1282
2025-10-10 10:34:14,963 [INFO] Época 4/30, Batch 250/3348, Loss: 0.2105
2025-10-10 10:34:15,226 [INFO] Época 4/30, Batch 300/3348, Loss: 0.1346
2025-10-10 10:34:15,486 [INFO] Época 4/30, Batch 350/3348, Loss: 0.1540
2025-10-10 10:34:15,749 [INFO] Época 4/30, Batch 400/3348, Loss: 0.0869
2025-10-10 10:34:16,014 [INFO] Época 4/30, Batch 450/3348, Loss: 0.1727
2025-10-10 10:34:16,277 [INFO] Época 4/30, Batch 500/3348, Loss: 0.2041
2025-10-10 10:34:16,540 [INFO] Época 4/30, Batch 550/3348, Loss: 0.1354
2025-10-10 10:34:16,803 [INFO] Época 4/30, Batch 600/3348, Loss: 0.1530
2025-10-10 10:34:17,064 [INFO] Época 4/30, Batch 650/3348, Loss: 0.2145
2025-10-10 10:34:17,329 [INFO] Época 4/30, Batch 700/3348, Loss: 0.1833
2025-10-10 10:34:17,583 [INFO] Época 4/30, Batch 750/3348, Loss: 0.1206
2025-10-10 10:34:17,836 [INFO] Época 4/30, Batch 800/3348, Loss: 0.1731
2025-10-10 10:34:18,094 [INFO] Época 4/30, Batch 850/3348, Loss: 0.1238
2025-10-10 10:34:18,357 [INFO] Época 4/30, Batch 900/3348, Loss: 0.1347
2025-10-10 10:34:18,621 [INFO] Época 4/30, Batch 950/3348, Loss: 0.2105
2025-10-10 10:34:18,886 [INFO] Época 4/30, Batch 1000/3348, Loss: 0.1367
2025-10-10 10:34:19,149 [INFO] Época 4/30, Batch 1050/3348, Loss: 0.1583
2025-10-10 10:34:19,410 [INFO] Época 4/30, Batch 1100/3348, Loss: 0.1591
2025-10-10 10:34:19,670 [INFO] Época 4/30, Batch 1150/3348, Loss: 0.1552
2025-10-10 10:34:19,931 [INFO] Época 4/30, Batch 1200/3348, Loss: 0.1091
2025-10-10 10:34:20,193 [INFO] Época 4/30, Batch 1250/3348, Loss: 0.1190
2025-10-10 10:34:20,458 [INFO] Época 4/30, Batch 1300/3348, Loss: 0.1553
2025-10-10 10:34:20,723 [INFO] Época 4/30, Batch 1350/3348, Loss: 0.1244
2025-10-10 10:34:20,984 [INFO] Época 4/30, Batch 1400/3348, Loss: 0.2468
2025-10-10 10:34:21,247 [INFO] Época 4/30, Batch 1450/3348, Loss: 0.1633
2025-10-10 10:34:21,510 [INFO] Época 4/30, Batch 1500/3348, Loss: 0.1376
2025-10-10 10:34:21,772 [INFO] Época 4/30, Batch 1550/3348, Loss: 0.1090
2025-10-10 10:34:22,034 [INFO] Época 4/30, Batch 1600/3348, Loss: 0.0863
2025-10-10 10:34:22,299 [INFO] Época 4/30, Batch 1650/3348, Loss: 0.0672
2025-10-10 10:34:22,559 [INFO] Época 4/30, Batch 1700/3348, Loss: 0.1233
2025-10-10 10:34:22,822 [INFO] Época 4/30, Batch 1750/3348, Loss: 0.1297
2025-10-10 10:34:23,083 [INFO] Época 4/30, Batch 1800/3348, Loss: 0.1012
2025-10-10 10:34:23,346 [INFO] Época 4/30, Batch 1850/3348, Loss: 0.1651
2025-10-10 10:34:23,608 [INFO] Época 4/30, Batch 1900/3348, Loss: 0.1688
2025-10-10 10:34:23,870 [INFO] Época 4/30, Batch 1950/3348, Loss: 0.1371
2025-10-10 10:34:24,135 [INFO] Época 4/30, Batch 2000/3348, Loss: 0.1205
2025-10-10 10:34:24,398 [INFO] Época 4/30, Batch 2050/3348, Loss: 0.1669
2025-10-10 10:34:24,660 [INFO] Época 4/30, Batch 2100/3348, Loss: 0.2005
2025-10-10 10:34:24,920 [INFO] Época 4/30, Batch 2150/3348, Loss: 0.1454
2025-10-10 10:34:25,182 [INFO] Época 4/30, Batch 2200/3348, Loss: 0.1073
2025-10-10 10:34:25,449 [INFO] Época 4/30, Batch 2250/3348, Loss: 0.1465
2025-10-10 10:34:25,713 [INFO] Época 4/30, Batch 2300/3348, Loss: 0.1538
2025-10-10 10:34:25,976 [INFO] Época 4/30, Batch 2350/3348, Loss: 0.1344
2025-10-10 10:34:26,240 [INFO] Época 4/30, Batch 2400/3348, Loss: 0.1263
2025-10-10 10:34:26,518 [INFO] Época 4/30, Batch 2450/3348, Loss: 0.1384
2025-10-10 10:34:26,783 [INFO] Época 4/30, Batch 2500/3348, Loss: 0.1775
2025-10-10 10:34:27,044 [INFO] Época 4/30, Batch 2550/3348, Loss: 0.1490
2025-10-10 10:34:27,308 [INFO] Época 4/30, Batch 2600/3348, Loss: 0.2417
2025-10-10 10:34:27,571 [INFO] Época 4/30, Batch 2650/3348, Loss: 0.1147
2025-10-10 10:34:27,833 [INFO] Época 4/30, Batch 2700/3348, Loss: 0.1525
2025-10-10 10:34:28,099 [INFO] Época 4/30, Batch 2750/3348, Loss: 0.1245
2025-10-10 10:34:28,362 [INFO] Época 4/30, Batch 2800/3348, Loss: 0.1457
2025-10-10 10:34:28,625 [INFO] Época 4/30, Batch 2850/3348, Loss: 0.1212
2025-10-10 10:34:28,887 [INFO] Época 4/30, Batch 2900/3348, Loss: 0.0617
2025-10-10 10:34:29,149 [INFO] Época 4/30, Batch 2950/3348, Loss: 0.1945
2025-10-10 10:34:29,412 [INFO] Época 4/30, Batch 3000/3348, Loss: 0.2027
2025-10-10 10:34:29,676 [INFO] Época 4/30, Batch 3050/3348, Loss: 0.1642
2025-10-10 10:34:29,938 [INFO] Época 4/30, Batch 3100/3348, Loss: 0.1381
2025-10-10 10:34:30,200 [INFO] Época 4/30, Batch 3150/3348, Loss: 0.1185
2025-10-10 10:34:30,465 [INFO] Época 4/30, Batch 3200/3348, Loss: 0.1423
2025-10-10 10:34:30,729 [INFO] Época 4/30, Batch 3250/3348, Loss: 0.1857
2025-10-10 10:34:30,995 [INFO] Época 4/30, Batch 3300/3348, Loss: 0.0984
2025-10-10 10:34:32,815 [INFO] [4/30] Train Loss: 0.1497 | Val Loss: 0.2792 | Tempo: 19.49s
2025-10-10 10:34:33,392 [INFO] Época 5/30, Batch 50/3348, Loss: 0.1891
2025-10-10 10:34:33,661 [INFO] Época 5/30, Batch 100/3348, Loss: 0.0916
2025-10-10 10:34:33,929 [INFO] Época 5/30, Batch 150/3348, Loss: 0.0566
2025-10-10 10:34:34,194 [INFO] Época 5/30, Batch 200/3348, Loss: 0.1122
2025-10-10 10:34:34,459 [INFO] Época 5/30, Batch 250/3348, Loss: 0.1660
2025-10-10 10:34:34,722 [INFO] Época 5/30, Batch 300/3348, Loss: 0.1347
2025-10-10 10:34:34,986 [INFO] Época 5/30, Batch 350/3348, Loss: 0.1674
2025-10-10 10:34:35,251 [INFO] Época 5/30, Batch 400/3348, Loss: 0.1528
2025-10-10 10:34:35,515 [INFO] Época 5/30, Batch 450/3348, Loss: 0.1248
2025-10-10 10:34:35,779 [INFO] Época 5/30, Batch 500/3348, Loss: 0.1609
2025-10-10 10:34:36,043 [INFO] Época 5/30, Batch 550/3348, Loss: 0.1404
2025-10-10 10:34:36,307 [INFO] Época 5/30, Batch 600/3348, Loss: 0.1788
2025-10-10 10:34:36,581 [INFO] Época 5/30, Batch 650/3348, Loss: 0.1238
2025-10-10 10:34:36,845 [INFO] Época 5/30, Batch 700/3348, Loss: 0.0909
2025-10-10 10:34:37,101 [INFO] Época 5/30, Batch 750/3348, Loss: 0.1247
2025-10-10 10:34:37,366 [INFO] Época 5/30, Batch 800/3348, Loss: 0.1280
2025-10-10 10:34:37,630 [INFO] Época 5/30, Batch 850/3348, Loss: 0.1196
2025-10-10 10:34:37,892 [INFO] Época 5/30, Batch 900/3348, Loss: 0.0955
2025-10-10 10:34:38,155 [INFO] Época 5/30, Batch 950/3348, Loss: 0.1576
2025-10-10 10:34:38,414 [INFO] Época 5/30, Batch 1000/3348, Loss: 0.1792
2025-10-10 10:34:38,669 [INFO] Época 5/30, Batch 1050/3348, Loss: 0.1499
2025-10-10 10:34:38,937 [INFO] Época 5/30, Batch 1100/3348, Loss: 0.1328
2025-10-10 10:34:39,200 [INFO] Época 5/30, Batch 1150/3348, Loss: 0.1714
2025-10-10 10:34:39,460 [INFO] Época 5/30, Batch 1200/3348, Loss: 0.1612
2025-10-10 10:34:39,720 [INFO] Época 5/30, Batch 1250/3348, Loss: 0.2330
2025-10-10 10:34:39,981 [INFO] Época 5/30, Batch 1300/3348, Loss: 0.1206
2025-10-10 10:34:40,239 [INFO] Época 5/30, Batch 1350/3348, Loss: 0.1180
2025-10-10 10:34:40,495 [INFO] Época 5/30, Batch 1400/3348, Loss: 0.2250
2025-10-10 10:34:40,749 [INFO] Época 5/30, Batch 1450/3348, Loss: 0.1339
2025-10-10 10:34:41,004 [INFO] Época 5/30, Batch 1500/3348, Loss: 0.0684
2025-10-10 10:34:41,260 [INFO] Época 5/30, Batch 1550/3348, Loss: 0.1664
2025-10-10 10:34:41,517 [INFO] Época 5/30, Batch 1600/3348, Loss: 0.1784
2025-10-10 10:34:41,775 [INFO] Época 5/30, Batch 1650/3348, Loss: 0.1950
2025-10-10 10:34:42,035 [INFO] Época 5/30, Batch 1700/3348, Loss: 0.1440
2025-10-10 10:34:42,297 [INFO] Época 5/30, Batch 1750/3348, Loss: 0.2001
2025-10-10 10:34:42,558 [INFO] Época 5/30, Batch 1800/3348, Loss: 0.0723
2025-10-10 10:34:42,816 [INFO] Época 5/30, Batch 1850/3348, Loss: 0.1316
2025-10-10 10:34:43,073 [INFO] Época 5/30, Batch 1900/3348, Loss: 0.1961
2025-10-10 10:34:43,330 [INFO] Época 5/30, Batch 1950/3348, Loss: 0.0544
2025-10-10 10:34:43,585 [INFO] Época 5/30, Batch 2000/3348, Loss: 0.2583
2025-10-10 10:34:43,843 [INFO] Época 5/30, Batch 2050/3348, Loss: 0.1282
2025-10-10 10:34:44,100 [INFO] Época 5/30, Batch 2100/3348, Loss: 0.0959
2025-10-10 10:34:44,360 [INFO] Época 5/30, Batch 2150/3348, Loss: 0.1275
2025-10-10 10:34:44,619 [INFO] Época 5/30, Batch 2200/3348, Loss: 0.1515
2025-10-10 10:34:44,878 [INFO] Época 5/30, Batch 2250/3348, Loss: 0.1866
2025-10-10 10:34:45,139 [INFO] Época 5/30, Batch 2300/3348, Loss: 0.1692
2025-10-10 10:34:45,396 [INFO] Época 5/30, Batch 2350/3348, Loss: 0.1262
2025-10-10 10:34:45,656 [INFO] Época 5/30, Batch 2400/3348, Loss: 0.1654
2025-10-10 10:34:45,913 [INFO] Época 5/30, Batch 2450/3348, Loss: 0.1858
2025-10-10 10:34:46,174 [INFO] Época 5/30, Batch 2500/3348, Loss: 0.0665
2025-10-10 10:34:46,433 [INFO] Época 5/30, Batch 2550/3348, Loss: 0.1192
2025-10-10 10:34:46,692 [INFO] Época 5/30, Batch 2600/3348, Loss: 0.2065
2025-10-10 10:34:46,952 [INFO] Época 5/30, Batch 2650/3348, Loss: 0.1445
2025-10-10 10:34:47,211 [INFO] Época 5/30, Batch 2700/3348, Loss: 0.0969
2025-10-10 10:34:47,468 [INFO] Época 5/30, Batch 2750/3348, Loss: 0.0949
2025-10-10 10:34:47,726 [INFO] Época 5/30, Batch 2800/3348, Loss: 0.1774
2025-10-10 10:34:47,983 [INFO] Época 5/30, Batch 2850/3348, Loss: 0.2162
2025-10-10 10:34:48,240 [INFO] Época 5/30, Batch 2900/3348, Loss: 0.1804
2025-10-10 10:34:48,497 [INFO] Época 5/30, Batch 2950/3348, Loss: 0.1084
2025-10-10 10:34:48,755 [INFO] Época 5/30, Batch 3000/3348, Loss: 0.1270
2025-10-10 10:34:49,011 [INFO] Época 5/30, Batch 3050/3348, Loss: 0.0790
2025-10-10 10:34:49,270 [INFO] Época 5/30, Batch 3100/3348, Loss: 0.2021
2025-10-10 10:34:49,527 [INFO] Época 5/30, Batch 3150/3348, Loss: 0.1552
2025-10-10 10:34:49,784 [INFO] Época 5/30, Batch 3200/3348, Loss: 0.2152
2025-10-10 10:34:50,042 [INFO] Época 5/30, Batch 3250/3348, Loss: 0.0961
2025-10-10 10:34:50,304 [INFO] Época 5/30, Batch 3300/3348, Loss: 0.1738
2025-10-10 10:34:52,054 [INFO] [5/30] Train Loss: 0.1412 | Val Loss: 0.2764 | Tempo: 19.24s
2025-10-10 10:34:52,059 [INFO] Melhor modelo salvo em: /mnt/hdd/home/jdurao/ToolBox-ChemXAI/models/mlp_qm9_Pattern_att12_large.pth
2025-10-10 10:34:52,651 [INFO] Época 6/30, Batch 50/3348, Loss: 0.1095
2025-10-10 10:34:52,930 [INFO] Época 6/30, Batch 100/3348, Loss: 0.1780
2025-10-10 10:34:53,198 [INFO] Época 6/30, Batch 150/3348, Loss: 0.1694
2025-10-10 10:34:53,463 [INFO] Época 6/30, Batch 200/3348, Loss: 0.0885
2025-10-10 10:34:53,725 [INFO] Época 6/30, Batch 250/3348, Loss: 0.1925
2025-10-10 10:34:53,990 [INFO] Época 6/30, Batch 300/3348, Loss: 0.1047
2025-10-10 10:34:54,252 [INFO] Época 6/30, Batch 350/3348, Loss: 0.1363
2025-10-10 10:34:54,514 [INFO] Época 6/30, Batch 400/3348, Loss: 0.0657
2025-10-10 10:34:54,776 [INFO] Época 6/30, Batch 450/3348, Loss: 0.1128
2025-10-10 10:34:55,037 [INFO] Época 6/30, Batch 500/3348, Loss: 0.0882
2025-10-10 10:34:55,301 [INFO] Época 6/30, Batch 550/3348, Loss: 0.0825
2025-10-10 10:34:55,561 [INFO] Época 6/30, Batch 600/3348, Loss: 0.1508
2025-10-10 10:34:55,823 [INFO] Época 6/30, Batch 650/3348, Loss: 0.1423
2025-10-10 10:34:56,086 [INFO] Época 6/30, Batch 700/3348, Loss: 0.1644
2025-10-10 10:34:56,337 [INFO] Época 6/30, Batch 750/3348, Loss: 0.1500
2025-10-10 10:34:56,590 [INFO] Época 6/30, Batch 800/3348, Loss: 0.1288
2025-10-10 10:34:56,842 [INFO] Época 6/30, Batch 850/3348, Loss: 0.1839
2025-10-10 10:34:57,092 [INFO] Época 6/30, Batch 900/3348, Loss: 0.1224
2025-10-10 10:34:57,341 [INFO] Época 6/30, Batch 950/3348, Loss: 0.1952
2025-10-10 10:34:57,590 [INFO] Época 6/30, Batch 1000/3348, Loss: 0.1779
2025-10-10 10:34:57,841 [INFO] Época 6/30, Batch 1050/3348, Loss: 0.1355
2025-10-10 10:34:58,089 [INFO] Época 6/30, Batch 1100/3348, Loss: 0.1361
2025-10-10 10:34:58,338 [INFO] Época 6/30, Batch 1150/3348, Loss: 0.1229
2025-10-10 10:34:58,588 [INFO] Época 6/30, Batch 1200/3348, Loss: 0.2020
2025-10-10 10:34:58,840 [INFO] Época 6/30, Batch 1250/3348, Loss: 0.0759
2025-10-10 10:34:59,090 [INFO] Época 6/30, Batch 1300/3348, Loss: 0.0947
2025-10-10 10:34:59,352 [INFO] Época 6/30, Batch 1350/3348, Loss: 0.1711
2025-10-10 10:34:59,614 [INFO] Época 6/30, Batch 1400/3348, Loss: 0.1686
2025-10-10 10:34:59,876 [INFO] Época 6/30, Batch 1450/3348, Loss: 0.2270
2025-10-10 10:35:00,138 [INFO] Época 6/30, Batch 1500/3348, Loss: 0.1817
2025-10-10 10:35:00,401 [INFO] Época 6/30, Batch 1550/3348, Loss: 0.1257
2025-10-10 10:35:00,663 [INFO] Época 6/30, Batch 1600/3348, Loss: 0.0789
2025-10-10 10:35:00,924 [INFO] Época 6/30, Batch 1650/3348, Loss: 0.1951
2025-10-10 10:35:01,188 [INFO] Época 6/30, Batch 1700/3348, Loss: 0.0719
2025-10-10 10:35:01,449 [INFO] Época 6/30, Batch 1750/3348, Loss: 0.1931
2025-10-10 10:35:01,713 [INFO] Época 6/30, Batch 1800/3348, Loss: 0.1605
2025-10-10 10:35:01,976 [INFO] Época 6/30, Batch 1850/3348, Loss: 0.1892
2025-10-10 10:35:02,239 [INFO] Época 6/30, Batch 1900/3348, Loss: 0.1976
2025-10-10 10:35:02,501 [INFO] Época 6/30, Batch 1950/3348, Loss: 0.1813
2025-10-10 10:35:02,764 [INFO] Época 6/30, Batch 2000/3348, Loss: 0.0814
2025-10-10 10:35:03,024 [INFO] Época 6/30, Batch 2050/3348, Loss: 0.1495
2025-10-10 10:35:03,283 [INFO] Época 6/30, Batch 2100/3348, Loss: 0.1146
2025-10-10 10:35:03,543 [INFO] Época 6/30, Batch 2150/3348, Loss: 0.1129
2025-10-10 10:35:03,801 [INFO] Época 6/30, Batch 2200/3348, Loss: 0.1476
2025-10-10 10:35:04,060 [INFO] Época 6/30, Batch 2250/3348, Loss: 0.1747
2025-10-10 10:35:04,320 [INFO] Época 6/30, Batch 2300/3348, Loss: 0.0941
2025-10-10 10:35:04,583 [INFO] Época 6/30, Batch 2350/3348, Loss: 0.1288
2025-10-10 10:35:04,848 [INFO] Época 6/30, Batch 2400/3348, Loss: 0.1158
2025-10-10 10:35:05,110 [INFO] Época 6/30, Batch 2450/3348, Loss: 0.1434
2025-10-10 10:35:05,373 [INFO] Época 6/30, Batch 2500/3348, Loss: 0.2076
2025-10-10 10:35:05,636 [INFO] Época 6/30, Batch 2550/3348, Loss: 0.1692
2025-10-10 10:35:05,898 [INFO] Época 6/30, Batch 2600/3348, Loss: 0.1828
2025-10-10 10:35:06,160 [INFO] Época 6/30, Batch 2650/3348, Loss: 0.1250
2025-10-10 10:35:06,420 [INFO] Época 6/30, Batch 2700/3348, Loss: 0.0492
2025-10-10 10:35:06,680 [INFO] Época 6/30, Batch 2750/3348, Loss: 0.1288
2025-10-10 10:35:06,939 [INFO] Época 6/30, Batch 2800/3348, Loss: 0.1138
2025-10-10 10:35:07,204 [INFO] Época 6/30, Batch 2850/3348, Loss: 0.1105
2025-10-10 10:35:07,468 [INFO] Época 6/30, Batch 2900/3348, Loss: 0.1271
2025-10-10 10:35:07,732 [INFO] Época 6/30, Batch 2950/3348, Loss: 0.1678
2025-10-10 10:35:07,992 [INFO] Época 6/30, Batch 3000/3348, Loss: 0.1723
2025-10-10 10:35:08,252 [INFO] Época 6/30, Batch 3050/3348, Loss: 0.1310
2025-10-10 10:35:08,514 [INFO] Época 6/30, Batch 3100/3348, Loss: 0.1393
2025-10-10 10:35:08,775 [INFO] Época 6/30, Batch 3150/3348, Loss: 0.1048
2025-10-10 10:35:09,034 [INFO] Época 6/30, Batch 3200/3348, Loss: 0.1746
2025-10-10 10:35:09,293 [INFO] Época 6/30, Batch 3250/3348, Loss: 0.2425
2025-10-10 10:35:09,552 [INFO] Época 6/30, Batch 3300/3348, Loss: 0.0914
2025-10-10 10:35:11,307 [INFO] [6/30] Train Loss: 0.1357 | Val Loss: 0.2527 | Tempo: 19.25s
2025-10-10 10:35:11,312 [INFO] Melhor modelo salvo em: /mnt/hdd/home/jdurao/ToolBox-ChemXAI/models/mlp_qm9_Pattern_att12_large.pth
2025-10-10 10:35:11,903 [INFO] Época 7/30, Batch 50/3348, Loss: 0.1530
2025-10-10 10:35:12,180 [INFO] Época 7/30, Batch 100/3348, Loss: 0.1473
2025-10-10 10:35:12,453 [INFO] Época 7/30, Batch 150/3348, Loss: 0.1009
2025-10-10 10:35:12,725 [INFO] Época 7/30, Batch 200/3348, Loss: 0.1013
2025-10-10 10:35:12,996 [INFO] Época 7/30, Batch 250/3348, Loss: 0.1872
2025-10-10 10:35:13,270 [INFO] Época 7/30, Batch 300/3348, Loss: 0.0871
2025-10-10 10:35:13,544 [INFO] Época 7/30, Batch 350/3348, Loss: 0.1070
2025-10-10 10:35:13,814 [INFO] Época 7/30, Batch 400/3348, Loss: 0.0940
2025-10-10 10:35:14,078 [INFO] Época 7/30, Batch 450/3348, Loss: 0.1179
2025-10-10 10:35:14,343 [INFO] Época 7/30, Batch 500/3348, Loss: 0.1802
2025-10-10 10:35:14,608 [INFO] Época 7/30, Batch 550/3348, Loss: 0.2022
2025-10-10 10:35:14,874 [INFO] Época 7/30, Batch 600/3348, Loss: 0.1588
2025-10-10 10:35:15,139 [INFO] Época 7/30, Batch 650/3348, Loss: 0.1530
2025-10-10 10:35:15,400 [INFO] Época 7/30, Batch 700/3348, Loss: 0.0931
2025-10-10 10:35:15,656 [INFO] Época 7/30, Batch 750/3348, Loss: 0.2205
2025-10-10 10:35:15,908 [INFO] Época 7/30, Batch 800/3348, Loss: 0.1345
2025-10-10 10:35:16,161 [INFO] Época 7/30, Batch 850/3348, Loss: 0.0985
2025-10-10 10:35:16,411 [INFO] Época 7/30, Batch 900/3348, Loss: 0.1199
2025-10-10 10:35:16,663 [INFO] Época 7/30, Batch 950/3348, Loss: 0.1750
2025-10-10 10:35:16,912 [INFO] Época 7/30, Batch 1000/3348, Loss: 0.1492
2025-10-10 10:35:17,164 [INFO] Época 7/30, Batch 1050/3348, Loss: 0.0800
2025-10-10 10:35:17,417 [INFO] Época 7/30, Batch 1100/3348, Loss: 0.1516
2025-10-10 10:35:17,666 [INFO] Época 7/30, Batch 1150/3348, Loss: 0.1612
2025-10-10 10:35:17,918 [INFO] Época 7/30, Batch 1200/3348, Loss: 0.1014
2025-10-10 10:35:18,170 [INFO] Época 7/30, Batch 1250/3348, Loss: 0.1989
2025-10-10 10:35:18,432 [INFO] Época 7/30, Batch 1300/3348, Loss: 0.1317
2025-10-10 10:35:18,699 [INFO] Época 7/30, Batch 1350/3348, Loss: 0.0661
2025-10-10 10:35:18,963 [INFO] Época 7/30, Batch 1400/3348, Loss: 0.0965
2025-10-10 10:35:19,226 [INFO] Época 7/30, Batch 1450/3348, Loss: 0.1120
2025-10-10 10:35:19,493 [INFO] Época 7/30, Batch 1500/3348, Loss: 0.2679
2025-10-10 10:35:19,759 [INFO] Época 7/30, Batch 1550/3348, Loss: 0.0482
2025-10-10 10:35:20,026 [INFO] Época 7/30, Batch 1600/3348, Loss: 0.1194
2025-10-10 10:35:20,289 [INFO] Época 7/30, Batch 1650/3348, Loss: 0.1156
2025-10-10 10:35:20,555 [INFO] Época 7/30, Batch 1700/3348, Loss: 0.1084
2025-10-10 10:35:20,820 [INFO] Época 7/30, Batch 1750/3348, Loss: 0.0900
2025-10-10 10:35:21,087 [INFO] Época 7/30, Batch 1800/3348, Loss: 0.1152
2025-10-10 10:35:21,351 [INFO] Época 7/30, Batch 1850/3348, Loss: 0.2637
2025-10-10 10:35:21,618 [INFO] Época 7/30, Batch 1900/3348, Loss: 0.2040
2025-10-10 10:35:21,882 [INFO] Época 7/30, Batch 1950/3348, Loss: 0.0467
2025-10-10 10:35:22,146 [INFO] Época 7/30, Batch 2000/3348, Loss: 0.1463
2025-10-10 10:35:22,401 [INFO] Época 7/30, Batch 2050/3348, Loss: 0.0784
2025-10-10 10:35:22,654 [INFO] Época 7/30, Batch 2100/3348, Loss: 0.0765
2025-10-10 10:35:22,908 [INFO] Época 7/30, Batch 2150/3348, Loss: 0.1798
2025-10-10 10:35:23,165 [INFO] Época 7/30, Batch 2200/3348, Loss: 0.1300
2025-10-10 10:35:23,419 [INFO] Época 7/30, Batch 2250/3348, Loss: 0.0997
2025-10-10 10:35:23,676 [INFO] Época 7/30, Batch 2300/3348, Loss: 0.0656
2025-10-10 10:35:23,935 [INFO] Época 7/30, Batch 2350/3348, Loss: 0.1557
2025-10-10 10:35:24,193 [INFO] Época 7/30, Batch 2400/3348, Loss: 0.1281
2025-10-10 10:35:24,450 [INFO] Época 7/30, Batch 2450/3348, Loss: 0.0713
2025-10-10 10:35:24,705 [INFO] Época 7/30, Batch 2500/3348, Loss: 0.1014
2025-10-10 10:35:24,962 [INFO] Época 7/30, Batch 2550/3348, Loss: 0.1959
2025-10-10 10:35:25,223 [INFO] Época 7/30, Batch 2600/3348, Loss: 0.0984
2025-10-10 10:35:25,486 [INFO] Época 7/30, Batch 2650/3348, Loss: 0.1209
2025-10-10 10:35:25,739 [INFO] Época 7/30, Batch 2700/3348, Loss: 0.0964
2025-10-10 10:35:25,995 [INFO] Época 7/30, Batch 2750/3348, Loss: 0.1198
2025-10-10 10:35:26,252 [INFO] Época 7/30, Batch 2800/3348, Loss: 0.0756
2025-10-10 10:35:26,513 [INFO] Época 7/30, Batch 2850/3348, Loss: 0.0598
2025-10-10 10:35:26,774 [INFO] Época 7/30, Batch 2900/3348, Loss: 0.1425
2025-10-10 10:35:27,029 [INFO] Época 7/30, Batch 2950/3348, Loss: 0.0785
2025-10-10 10:35:27,289 [INFO] Época 7/30, Batch 3000/3348, Loss: 0.1496
2025-10-10 10:35:27,555 [INFO] Época 7/30, Batch 3050/3348, Loss: 0.1228
2025-10-10 10:35:27,818 [INFO] Época 7/30, Batch 3100/3348, Loss: 0.1616
2025-10-10 10:35:28,081 [INFO] Época 7/30, Batch 3150/3348, Loss: 0.1976
2025-10-10 10:35:28,343 [INFO] Época 7/30, Batch 3200/3348, Loss: 0.1279
2025-10-10 10:35:28,605 [INFO] Época 7/30, Batch 3250/3348, Loss: 0.0907
2025-10-10 10:35:28,868 [INFO] Época 7/30, Batch 3300/3348, Loss: 0.1160
2025-10-10 10:35:30,638 [INFO] [7/30] Train Loss: 0.1298 | Val Loss: 0.2571 | Tempo: 19.32s
2025-10-10 10:35:31,227 [INFO] Época 8/30, Batch 50/3348, Loss: 0.1496
2025-10-10 10:35:31,508 [INFO] Época 8/30, Batch 100/3348, Loss: 0.1302
2025-10-10 10:35:31,780 [INFO] Época 8/30, Batch 150/3348, Loss: 0.1307
2025-10-10 10:35:32,048 [INFO] Época 8/30, Batch 200/3348, Loss: 0.1206
2025-10-10 10:35:32,316 [INFO] Época 8/30, Batch 250/3348, Loss: 0.1578
2025-10-10 10:35:32,582 [INFO] Época 8/30, Batch 300/3348, Loss: 0.1711
2025-10-10 10:35:32,849 [INFO] Época 8/30, Batch 350/3348, Loss: 0.1021
2025-10-10 10:35:33,111 [INFO] Época 8/30, Batch 400/3348, Loss: 0.1008
2025-10-10 10:35:33,373 [INFO] Época 8/30, Batch 450/3348, Loss: 0.1380
2025-10-10 10:35:33,636 [INFO] Época 8/30, Batch 500/3348, Loss: 0.1725
2025-10-10 10:35:33,896 [INFO] Época 8/30, Batch 550/3348, Loss: 0.0818
2025-10-10 10:35:34,161 [INFO] Época 8/30, Batch 600/3348, Loss: 0.1775
2025-10-10 10:35:34,424 [INFO] Época 8/30, Batch 650/3348, Loss: 0.1805
2025-10-10 10:35:34,686 [INFO] Época 8/30, Batch 700/3348, Loss: 0.1104
2025-10-10 10:35:34,947 [INFO] Época 8/30, Batch 750/3348, Loss: 0.1014
2025-10-10 10:35:35,209 [INFO] Época 8/30, Batch 800/3348, Loss: 0.0549
2025-10-10 10:35:35,474 [INFO] Época 8/30, Batch 850/3348, Loss: 0.1870
2025-10-10 10:35:35,737 [INFO] Época 8/30, Batch 900/3348, Loss: 0.1033
2025-10-10 10:35:35,991 [INFO] Época 8/30, Batch 950/3348, Loss: 0.2025
2025-10-10 10:35:36,243 [INFO] Época 8/30, Batch 1000/3348, Loss: 0.1505
2025-10-10 10:35:36,495 [INFO] Época 8/30, Batch 1050/3348, Loss: 0.1448
2025-10-10 10:35:36,749 [INFO] Época 8/30, Batch 1100/3348, Loss: 0.1970
2025-10-10 10:35:37,003 [INFO] Época 8/30, Batch 1150/3348, Loss: 0.1687
2025-10-10 10:35:37,261 [INFO] Época 8/30, Batch 1200/3348, Loss: 0.0682
2025-10-10 10:35:37,526 [INFO] Época 8/30, Batch 1250/3348, Loss: 0.1092
2025-10-10 10:35:37,792 [INFO] Época 8/30, Batch 1300/3348, Loss: 0.1202
2025-10-10 10:35:38,058 [INFO] Época 8/30, Batch 1350/3348, Loss: 0.0819
2025-10-10 10:35:38,326 [INFO] Época 8/30, Batch 1400/3348, Loss: 0.1056
2025-10-10 10:35:38,590 [INFO] Época 8/30, Batch 1450/3348, Loss: 0.1419
2025-10-10 10:35:38,856 [INFO] Época 8/30, Batch 1500/3348, Loss: 0.1510
2025-10-10 10:35:39,120 [INFO] Época 8/30, Batch 1550/3348, Loss: 0.1203
2025-10-10 10:35:39,382 [INFO] Época 8/30, Batch 1600/3348, Loss: 0.1282
2025-10-10 10:35:39,646 [INFO] Época 8/30, Batch 1650/3348, Loss: 0.1634
2025-10-10 10:35:39,909 [INFO] Época 8/30, Batch 1700/3348, Loss: 0.1078
2025-10-10 10:35:40,172 [INFO] Época 8/30, Batch 1750/3348, Loss: 0.1522
2025-10-10 10:35:40,434 [INFO] Época 8/30, Batch 1800/3348, Loss: 0.0946
2025-10-10 10:35:40,702 [INFO] Época 8/30, Batch 1850/3348, Loss: 0.1130
2025-10-10 10:35:40,967 [INFO] Época 8/30, Batch 1900/3348, Loss: 0.0656
2025-10-10 10:35:41,233 [INFO] Época 8/30, Batch 1950/3348, Loss: 0.1257
2025-10-10 10:35:41,498 [INFO] Época 8/30, Batch 2000/3348, Loss: 0.0998
2025-10-10 10:35:41,762 [INFO] Época 8/30, Batch 2050/3348, Loss: 0.1433
2025-10-10 10:35:42,027 [INFO] Época 8/30, Batch 2100/3348, Loss: 0.1136
2025-10-10 10:35:42,294 [INFO] Época 8/30, Batch 2150/3348, Loss: 0.1737
2025-10-10 10:35:42,559 [INFO] Época 8/30, Batch 2200/3348, Loss: 0.1411
2025-10-10 10:35:42,823 [INFO] Época 8/30, Batch 2250/3348, Loss: 0.1127
2025-10-10 10:35:43,090 [INFO] Época 8/30, Batch 2300/3348, Loss: 0.1115
2025-10-10 10:35:43,352 [INFO] Época 8/30, Batch 2350/3348, Loss: 0.1237
2025-10-10 10:35:43,616 [INFO] Época 8/30, Batch 2400/3348, Loss: 0.1391
2025-10-10 10:35:43,878 [INFO] Época 8/30, Batch 2450/3348, Loss: 0.0513
2025-10-10 10:35:44,140 [INFO] Época 8/30, Batch 2500/3348, Loss: 0.0715
2025-10-10 10:35:44,403 [INFO] Época 8/30, Batch 2550/3348, Loss: 0.1277
2025-10-10 10:35:44,666 [INFO] Época 8/30, Batch 2600/3348, Loss: 0.0527
2025-10-10 10:35:44,930 [INFO] Época 8/30, Batch 2650/3348, Loss: 0.0999
2025-10-10 10:35:45,190 [INFO] Época 8/30, Batch 2700/3348, Loss: 0.1103
2025-10-10 10:35:45,450 [INFO] Época 8/30, Batch 2750/3348, Loss: 0.2249
2025-10-10 10:35:45,713 [INFO] Época 8/30, Batch 2800/3348, Loss: 0.1261
2025-10-10 10:35:45,974 [INFO] Época 8/30, Batch 2850/3348, Loss: 0.0956
2025-10-10 10:35:46,237 [INFO] Época 8/30, Batch 2900/3348, Loss: 0.1603
2025-10-10 10:35:46,498 [INFO] Época 8/30, Batch 2950/3348, Loss: 0.0938
2025-10-10 10:35:46,762 [INFO] Época 8/30, Batch 3000/3348, Loss: 0.1609
2025-10-10 10:35:47,025 [INFO] Época 8/30, Batch 3050/3348, Loss: 0.1083
2025-10-10 10:35:47,285 [INFO] Época 8/30, Batch 3100/3348, Loss: 0.1573
2025-10-10 10:35:47,549 [INFO] Época 8/30, Batch 3150/3348, Loss: 0.0748
2025-10-10 10:35:47,811 [INFO] Época 8/30, Batch 3200/3348, Loss: 0.1066
2025-10-10 10:35:48,074 [INFO] Época 8/30, Batch 3250/3348, Loss: 0.1298
2025-10-10 10:35:48,339 [INFO] Época 8/30, Batch 3300/3348, Loss: 0.1534
2025-10-10 10:35:50,138 [INFO] [8/30] Train Loss: 0.1269 | Val Loss: 0.2556 | Tempo: 19.50s
2025-10-10 10:35:50,714 [INFO] Época 9/30, Batch 50/3348, Loss: 0.0753
2025-10-10 10:35:50,983 [INFO] Época 9/30, Batch 100/3348, Loss: 0.1275
2025-10-10 10:35:51,252 [INFO] Época 9/30, Batch 150/3348, Loss: 0.0901
2025-10-10 10:35:51,517 [INFO] Época 9/30, Batch 200/3348, Loss: 0.0575
2025-10-10 10:35:51,783 [INFO] Época 9/30, Batch 250/3348, Loss: 0.1243
2025-10-10 10:35:52,046 [INFO] Época 9/30, Batch 300/3348, Loss: 0.1503
2025-10-10 10:35:52,310 [INFO] Época 9/30, Batch 350/3348, Loss: 0.0784
2025-10-10 10:35:52,574 [INFO] Época 9/30, Batch 400/3348, Loss: 0.1262
2025-10-10 10:35:52,835 [INFO] Época 9/30, Batch 450/3348, Loss: 0.0741
2025-10-10 10:35:53,097 [INFO] Época 9/30, Batch 500/3348, Loss: 0.2018
2025-10-10 10:35:53,358 [INFO] Época 9/30, Batch 550/3348, Loss: 0.0976
2025-10-10 10:35:53,621 [INFO] Época 9/30, Batch 600/3348, Loss: 0.1051
2025-10-10 10:35:53,887 [INFO] Época 9/30, Batch 650/3348, Loss: 0.1081
2025-10-10 10:35:54,150 [INFO] Época 9/30, Batch 700/3348, Loss: 0.1082
2025-10-10 10:35:54,411 [INFO] Época 9/30, Batch 750/3348, Loss: 0.1245
2025-10-10 10:35:54,673 [INFO] Época 9/30, Batch 800/3348, Loss: 0.1006
2025-10-10 10:35:54,936 [INFO] Época 9/30, Batch 850/3348, Loss: 0.0961
2025-10-10 10:35:55,202 [INFO] Época 9/30, Batch 900/3348, Loss: 0.1036
2025-10-10 10:35:55,466 [INFO] Época 9/30, Batch 950/3348, Loss: 0.1064
2025-10-10 10:35:55,730 [INFO] Época 9/30, Batch 1000/3348, Loss: 0.2185
2025-10-10 10:35:55,995 [INFO] Época 9/30, Batch 1050/3348, Loss: 0.1465
2025-10-10 10:35:56,258 [INFO] Época 9/30, Batch 1100/3348, Loss: 0.1421
2025-10-10 10:35:56,524 [INFO] Época 9/30, Batch 1150/3348, Loss: 0.0726
2025-10-10 10:35:56,788 [INFO] Época 9/30, Batch 1200/3348, Loss: 0.0978
2025-10-10 10:35:57,051 [INFO] Época 9/30, Batch 1250/3348, Loss: 0.1236
2025-10-10 10:35:57,315 [INFO] Época 9/30, Batch 1300/3348, Loss: 0.1354
2025-10-10 10:35:57,579 [INFO] Época 9/30, Batch 1350/3348, Loss: 0.0755
2025-10-10 10:35:57,844 [INFO] Época 9/30, Batch 1400/3348, Loss: 0.1481
2025-10-10 10:35:58,106 [INFO] Época 9/30, Batch 1450/3348, Loss: 0.0764
2025-10-10 10:35:58,369 [INFO] Época 9/30, Batch 1500/3348, Loss: 0.1235
2025-10-10 10:35:58,633 [INFO] Época 9/30, Batch 1550/3348, Loss: 0.0803
2025-10-10 10:35:58,895 [INFO] Época 9/30, Batch 1600/3348, Loss: 0.1917
2025-10-10 10:35:59,158 [INFO] Época 9/30, Batch 1650/3348, Loss: 0.1410
2025-10-10 10:35:59,420 [INFO] Época 9/30, Batch 1700/3348, Loss: 0.1735
2025-10-10 10:35:59,682 [INFO] Época 9/30, Batch 1750/3348, Loss: 0.1614
2025-10-10 10:35:59,943 [INFO] Época 9/30, Batch 1800/3348, Loss: 0.1401
2025-10-10 10:36:00,205 [INFO] Época 9/30, Batch 1850/3348, Loss: 0.1397
2025-10-10 10:36:00,468 [INFO] Época 9/30, Batch 1900/3348, Loss: 0.1350
2025-10-10 10:36:00,735 [INFO] Época 9/30, Batch 1950/3348, Loss: 0.1175
2025-10-10 10:36:00,999 [INFO] Época 9/30, Batch 2000/3348, Loss: 0.1211
2025-10-10 10:36:01,262 [INFO] Época 9/30, Batch 2050/3348, Loss: 0.1256
2025-10-10 10:36:01,525 [INFO] Época 9/30, Batch 2100/3348, Loss: 0.1482
2025-10-10 10:36:01,787 [INFO] Época 9/30, Batch 2150/3348, Loss: 0.1082
2025-10-10 10:36:02,049 [INFO] Época 9/30, Batch 2200/3348, Loss: 0.1601
2025-10-10 10:36:02,309 [INFO] Época 9/30, Batch 2250/3348, Loss: 0.0719
2025-10-10 10:36:02,569 [INFO] Época 9/30, Batch 2300/3348, Loss: 0.0993
2025-10-10 10:36:02,831 [INFO] Época 9/30, Batch 2350/3348, Loss: 0.1477
2025-10-10 10:36:03,094 [INFO] Época 9/30, Batch 2400/3348, Loss: 0.1471
2025-10-10 10:36:03,359 [INFO] Época 9/30, Batch 2450/3348, Loss: 0.0845
2025-10-10 10:36:03,623 [INFO] Época 9/30, Batch 2500/3348, Loss: 0.0857
2025-10-10 10:36:03,887 [INFO] Época 9/30, Batch 2550/3348, Loss: 0.1883
2025-10-10 10:36:04,150 [INFO] Época 9/30, Batch 2600/3348, Loss: 0.1155
2025-10-10 10:36:04,415 [INFO] Época 9/30, Batch 2650/3348, Loss: 0.1427
2025-10-10 10:36:04,680 [INFO] Época 9/30, Batch 2700/3348, Loss: 0.1066
2025-10-10 10:36:04,945 [INFO] Época 9/30, Batch 2750/3348, Loss: 0.0778
2025-10-10 10:36:05,207 [INFO] Época 9/30, Batch 2800/3348, Loss: 0.1256
2025-10-10 10:36:05,471 [INFO] Época 9/30, Batch 2850/3348, Loss: 0.1710
2025-10-10 10:36:05,733 [INFO] Época 9/30, Batch 2900/3348, Loss: 0.1441
2025-10-10 10:36:05,996 [INFO] Época 9/30, Batch 2950/3348, Loss: 0.1431
2025-10-10 10:36:06,258 [INFO] Época 9/30, Batch 3000/3348, Loss: 0.0979
2025-10-10 10:36:06,523 [INFO] Época 9/30, Batch 3050/3348, Loss: 0.0558
2025-10-10 10:36:06,785 [INFO] Época 9/30, Batch 3100/3348, Loss: 0.0925
2025-10-10 10:36:07,046 [INFO] Época 9/30, Batch 3150/3348, Loss: 0.1377
2025-10-10 10:36:07,309 [INFO] Época 9/30, Batch 3200/3348, Loss: 0.1339
2025-10-10 10:36:07,570 [INFO] Época 9/30, Batch 3250/3348, Loss: 0.1635
2025-10-10 10:36:07,832 [INFO] Época 9/30, Batch 3300/3348, Loss: 0.1065
2025-10-10 10:36:09,730 [INFO] [9/30] Train Loss: 0.1240 | Val Loss: 0.2648 | Tempo: 19.59s
2025-10-10 10:36:10,350 [INFO] Época 10/30, Batch 50/3348, Loss: 0.1295
2025-10-10 10:36:10,621 [INFO] Época 10/30, Batch 100/3348, Loss: 0.1043
2025-10-10 10:36:10,892 [INFO] Época 10/30, Batch 150/3348, Loss: 0.1337
2025-10-10 10:36:11,160 [INFO] Época 10/30, Batch 200/3348, Loss: 0.1448
2025-10-10 10:36:11,426 [INFO] Época 10/30, Batch 250/3348, Loss: 0.2056
2025-10-10 10:36:11,691 [INFO] Época 10/30, Batch 300/3348, Loss: 0.1409
2025-10-10 10:36:11,954 [INFO] Época 10/30, Batch 350/3348, Loss: 0.1543
2025-10-10 10:36:12,218 [INFO] Época 10/30, Batch 400/3348, Loss: 0.2238
2025-10-10 10:36:12,484 [INFO] Época 10/30, Batch 450/3348, Loss: 0.1106
2025-10-10 10:36:12,747 [INFO] Época 10/30, Batch 500/3348, Loss: 0.1424
2025-10-10 10:36:13,009 [INFO] Época 10/30, Batch 550/3348, Loss: 0.1215
2025-10-10 10:36:13,271 [INFO] Época 10/30, Batch 600/3348, Loss: 0.0503
2025-10-10 10:36:13,532 [INFO] Época 10/30, Batch 650/3348, Loss: 0.1773
2025-10-10 10:36:13,788 [INFO] Época 10/30, Batch 700/3348, Loss: 0.1338
2025-10-10 10:36:14,042 [INFO] Época 10/30, Batch 750/3348, Loss: 0.1951
2025-10-10 10:36:14,296 [INFO] Época 10/30, Batch 800/3348, Loss: 0.1725
2025-10-10 10:36:14,546 [INFO] Época 10/30, Batch 850/3348, Loss: 0.1408
2025-10-10 10:36:14,797 [INFO] Época 10/30, Batch 900/3348, Loss: 0.1474
2025-10-10 10:36:15,048 [INFO] Época 10/30, Batch 950/3348, Loss: 0.1482
2025-10-10 10:36:15,298 [INFO] Época 10/30, Batch 1000/3348, Loss: 0.1073
2025-10-10 10:36:15,548 [INFO] Época 10/30, Batch 1050/3348, Loss: 0.1181
2025-10-10 10:36:15,800 [INFO] Época 10/30, Batch 1100/3348, Loss: 0.0951
2025-10-10 10:36:16,053 [INFO] Época 10/30, Batch 1150/3348, Loss: 0.1352
2025-10-10 10:36:16,308 [INFO] Época 10/30, Batch 1200/3348, Loss: 0.1491
2025-10-10 10:36:16,568 [INFO] Época 10/30, Batch 1250/3348, Loss: 0.1159
2025-10-10 10:36:16,828 [INFO] Época 10/30, Batch 1300/3348, Loss: 0.0966
2025-10-10 10:36:17,090 [INFO] Época 10/30, Batch 1350/3348, Loss: 0.1166
2025-10-10 10:36:17,356 [INFO] Época 10/30, Batch 1400/3348, Loss: 0.1307
2025-10-10 10:36:17,620 [INFO] Época 10/30, Batch 1450/3348, Loss: 0.1634
2025-10-10 10:36:17,885 [INFO] Época 10/30, Batch 1500/3348, Loss: 0.1452
2025-10-10 10:36:18,151 [INFO] Época 10/30, Batch 1550/3348, Loss: 0.1505
2025-10-10 10:36:18,416 [INFO] Época 10/30, Batch 1600/3348, Loss: 0.1058
2025-10-10 10:36:18,678 [INFO] Época 10/30, Batch 1650/3348, Loss: 0.1979
2025-10-10 10:36:18,940 [INFO] Época 10/30, Batch 1700/3348, Loss: 0.1154
2025-10-10 10:36:19,199 [INFO] Época 10/30, Batch 1750/3348, Loss: 0.1208
2025-10-10 10:36:19,459 [INFO] Época 10/30, Batch 1800/3348, Loss: 0.0823
2025-10-10 10:36:19,721 [INFO] Época 10/30, Batch 1850/3348, Loss: 0.1198
2025-10-10 10:36:19,980 [INFO] Época 10/30, Batch 1900/3348, Loss: 0.1138
2025-10-10 10:36:20,243 [INFO] Época 10/30, Batch 1950/3348, Loss: 0.0846
2025-10-10 10:36:20,503 [INFO] Época 10/30, Batch 2000/3348, Loss: 0.1551
2025-10-10 10:36:20,763 [INFO] Época 10/30, Batch 2050/3348, Loss: 0.0889
2025-10-10 10:36:21,024 [INFO] Época 10/30, Batch 2100/3348, Loss: 0.1288
2025-10-10 10:36:21,285 [INFO] Época 10/30, Batch 2150/3348, Loss: 0.1745
2025-10-10 10:36:21,545 [INFO] Época 10/30, Batch 2200/3348, Loss: 0.1086
2025-10-10 10:36:21,805 [INFO] Época 10/30, Batch 2250/3348, Loss: 0.1342
2025-10-10 10:36:22,065 [INFO] Época 10/30, Batch 2300/3348, Loss: 0.0602
2025-10-10 10:36:22,326 [INFO] Época 10/30, Batch 2350/3348, Loss: 0.1062
2025-10-10 10:36:22,587 [INFO] Época 10/30, Batch 2400/3348, Loss: 0.1304
2025-10-10 10:36:22,847 [INFO] Época 10/30, Batch 2450/3348, Loss: 0.1346
2025-10-10 10:36:23,108 [INFO] Época 10/30, Batch 2500/3348, Loss: 0.1405
2025-10-10 10:36:23,367 [INFO] Época 10/30, Batch 2550/3348, Loss: 0.1213
2025-10-10 10:36:23,628 [INFO] Época 10/30, Batch 2600/3348, Loss: 0.1057
2025-10-10 10:36:23,887 [INFO] Época 10/30, Batch 2650/3348, Loss: 0.0918
2025-10-10 10:36:24,148 [INFO] Época 10/30, Batch 2700/3348, Loss: 0.1254
2025-10-10 10:36:24,409 [INFO] Época 10/30, Batch 2750/3348, Loss: 0.1438
2025-10-10 10:36:24,669 [INFO] Época 10/30, Batch 2800/3348, Loss: 0.2405
2025-10-10 10:36:24,929 [INFO] Época 10/30, Batch 2850/3348, Loss: 0.0639
2025-10-10 10:36:25,189 [INFO] Época 10/30, Batch 2900/3348, Loss: 0.1538
2025-10-10 10:36:25,448 [INFO] Época 10/30, Batch 2950/3348, Loss: 0.1460
2025-10-10 10:36:25,712 [INFO] Época 10/30, Batch 3000/3348, Loss: 0.1296
2025-10-10 10:36:25,973 [INFO] Época 10/30, Batch 3050/3348, Loss: 0.1041
2025-10-10 10:36:26,233 [INFO] Época 10/30, Batch 3100/3348, Loss: 0.1299
2025-10-10 10:36:26,494 [INFO] Época 10/30, Batch 3150/3348, Loss: 0.0649
2025-10-10 10:36:26,760 [INFO] Época 10/30, Batch 3200/3348, Loss: 0.0825
2025-10-10 10:36:27,025 [INFO] Época 10/30, Batch 3250/3348, Loss: 0.1051
2025-10-10 10:36:27,289 [INFO] Época 10/30, Batch 3300/3348, Loss: 0.1753
2025-10-10 10:36:29,142 [INFO] [10/30] Train Loss: 0.1220 | Val Loss: 0.2562 | Tempo: 19.41s
2025-10-10 10:36:29,716 [INFO] Época 11/30, Batch 50/3348, Loss: 0.1351
2025-10-10 10:36:29,981 [INFO] Época 11/30, Batch 100/3348, Loss: 0.0597
2025-10-10 10:36:30,246 [INFO] Época 11/30, Batch 150/3348, Loss: 0.1293
2025-10-10 10:36:30,512 [INFO] Época 11/30, Batch 200/3348, Loss: 0.0953
2025-10-10 10:36:30,775 [INFO] Época 11/30, Batch 250/3348, Loss: 0.1294
2025-10-10 10:36:31,036 [INFO] Época 11/30, Batch 300/3348, Loss: 0.1372
2025-10-10 10:36:31,297 [INFO] Época 11/30, Batch 350/3348, Loss: 0.0602
2025-10-10 10:36:31,558 [INFO] Época 11/30, Batch 400/3348, Loss: 0.0540
2025-10-10 10:36:31,820 [INFO] Época 11/30, Batch 450/3348, Loss: 0.1036
2025-10-10 10:36:32,081 [INFO] Época 11/30, Batch 500/3348, Loss: 0.1274
2025-10-10 10:36:32,341 [INFO] Época 11/30, Batch 550/3348, Loss: 0.1244
2025-10-10 10:36:32,603 [INFO] Época 11/30, Batch 600/3348, Loss: 0.0669
2025-10-10 10:36:32,865 [INFO] Época 11/30, Batch 650/3348, Loss: 0.1083
2025-10-10 10:36:33,129 [INFO] Época 11/30, Batch 700/3348, Loss: 0.1152
2025-10-10 10:36:33,390 [INFO] Época 11/30, Batch 750/3348, Loss: 0.1623
2025-10-10 10:36:33,642 [INFO] Época 11/30, Batch 800/3348, Loss: 0.0900
2025-10-10 10:36:33,892 [INFO] Época 11/30, Batch 850/3348, Loss: 0.1153
2025-10-10 10:36:34,144 [INFO] Época 11/30, Batch 900/3348, Loss: 0.0791
2025-10-10 10:36:34,401 [INFO] Época 11/30, Batch 950/3348, Loss: 0.1133
2025-10-10 10:36:34,659 [INFO] Época 11/30, Batch 1000/3348, Loss: 0.1562
2025-10-10 10:36:34,915 [INFO] Época 11/30, Batch 1050/3348, Loss: 0.1245
2025-10-10 10:36:35,172 [INFO] Época 11/30, Batch 1100/3348, Loss: 0.1203
2025-10-10 10:36:35,431 [INFO] Época 11/30, Batch 1150/3348, Loss: 0.0919
2025-10-10 10:36:35,692 [INFO] Época 11/30, Batch 1200/3348, Loss: 0.1161
2025-10-10 10:36:35,953 [INFO] Época 11/30, Batch 1250/3348, Loss: 0.0943
2025-10-10 10:36:36,225 [INFO] Época 11/30, Batch 1300/3348, Loss: 0.1541
2025-10-10 10:36:36,499 [INFO] Época 11/30, Batch 1350/3348, Loss: 0.0662
2025-10-10 10:36:36,772 [INFO] Época 11/30, Batch 1400/3348, Loss: 0.0949
2025-10-10 10:36:37,046 [INFO] Época 11/30, Batch 1450/3348, Loss: 0.0640
2025-10-10 10:36:37,320 [INFO] Época 11/30, Batch 1500/3348, Loss: 0.1420
2025-10-10 10:36:37,591 [INFO] Época 11/30, Batch 1550/3348, Loss: 0.1756
2025-10-10 10:36:37,854 [INFO] Época 11/30, Batch 1600/3348, Loss: 0.0886
2025-10-10 10:36:38,113 [INFO] Época 11/30, Batch 1650/3348, Loss: 0.0884
2025-10-10 10:36:38,373 [INFO] Época 11/30, Batch 1700/3348, Loss: 0.0656
2025-10-10 10:36:38,635 [INFO] Época 11/30, Batch 1750/3348, Loss: 0.1209
2025-10-10 10:36:38,898 [INFO] Época 11/30, Batch 1800/3348, Loss: 0.0751
2025-10-10 10:36:39,157 [INFO] Época 11/30, Batch 1850/3348, Loss: 0.0664
2025-10-10 10:36:39,416 [INFO] Época 11/30, Batch 1900/3348, Loss: 0.0957
2025-10-10 10:36:39,678 [INFO] Época 11/30, Batch 1950/3348, Loss: 0.1510
2025-10-10 10:36:39,939 [INFO] Época 11/30, Batch 2000/3348, Loss: 0.1435
2025-10-10 10:36:40,199 [INFO] Época 11/30, Batch 2050/3348, Loss: 0.1637
2025-10-10 10:36:40,460 [INFO] Época 11/30, Batch 2100/3348, Loss: 0.0703
2025-10-10 10:36:40,719 [INFO] Época 11/30, Batch 2150/3348, Loss: 0.0446
2025-10-10 10:36:40,983 [INFO] Época 11/30, Batch 2200/3348, Loss: 0.2176
2025-10-10 10:36:41,248 [INFO] Época 11/30, Batch 2250/3348, Loss: 0.1074
2025-10-10 10:36:41,513 [INFO] Época 11/30, Batch 2300/3348, Loss: 0.1112
2025-10-10 10:36:41,774 [INFO] Época 11/30, Batch 2350/3348, Loss: 0.2355
2025-10-10 10:36:42,036 [INFO] Época 11/30, Batch 2400/3348, Loss: 0.1203
2025-10-10 10:36:42,297 [INFO] Época 11/30, Batch 2450/3348, Loss: 0.1224
2025-10-10 10:36:42,559 [INFO] Época 11/30, Batch 2500/3348, Loss: 0.1248
2025-10-10 10:36:42,820 [INFO] Época 11/30, Batch 2550/3348, Loss: 0.1214
2025-10-10 10:36:43,081 [INFO] Época 11/30, Batch 2600/3348, Loss: 0.1739
2025-10-10 10:36:43,341 [INFO] Época 11/30, Batch 2650/3348, Loss: 0.1966
2025-10-10 10:36:43,603 [INFO] Época 11/30, Batch 2700/3348, Loss: 0.0724
2025-10-10 10:36:43,868 [INFO] Época 11/30, Batch 2750/3348, Loss: 0.1760
2025-10-10 10:36:44,133 [INFO] Época 11/30, Batch 2800/3348, Loss: 0.1468
2025-10-10 10:36:44,396 [INFO] Época 11/30, Batch 2850/3348, Loss: 0.1479
2025-10-10 10:36:44,660 [INFO] Época 11/30, Batch 2900/3348, Loss: 0.1413
2025-10-10 10:36:44,925 [INFO] Época 11/30, Batch 2950/3348, Loss: 0.0991
2025-10-10 10:36:45,190 [INFO] Época 11/30, Batch 3000/3348, Loss: 0.1598
2025-10-10 10:36:45,453 [INFO] Época 11/30, Batch 3050/3348, Loss: 0.1404
2025-10-10 10:36:45,717 [INFO] Época 11/30, Batch 3100/3348, Loss: 0.0487
2025-10-10 10:36:45,982 [INFO] Época 11/30, Batch 3150/3348, Loss: 0.1232
2025-10-10 10:36:46,248 [INFO] Época 11/30, Batch 3200/3348, Loss: 0.1237
2025-10-10 10:36:46,514 [INFO] Época 11/30, Batch 3250/3348, Loss: 0.0770
2025-10-10 10:36:46,779 [INFO] Época 11/30, Batch 3300/3348, Loss: 0.1495
2025-10-10 10:36:48,566 [INFO] [11/30] Train Loss: 0.1215 | Val Loss: 0.2611 | Tempo: 19.42s
2025-10-10 10:36:49,147 [INFO] Época 12/30, Batch 50/3348, Loss: 0.0907
2025-10-10 10:36:49,417 [INFO] Época 12/30, Batch 100/3348, Loss: 0.1886
2025-10-10 10:36:49,686 [INFO] Época 12/30, Batch 150/3348, Loss: 0.0447
2025-10-10 10:36:49,953 [INFO] Época 12/30, Batch 200/3348, Loss: 0.0827
2025-10-10 10:36:50,222 [INFO] Época 12/30, Batch 250/3348, Loss: 0.1013
2025-10-10 10:36:50,486 [INFO] Época 12/30, Batch 300/3348, Loss: 0.0983
2025-10-10 10:36:50,751 [INFO] Época 12/30, Batch 350/3348, Loss: 0.1612
2025-10-10 10:36:51,019 [INFO] Época 12/30, Batch 400/3348, Loss: 0.1856
2025-10-10 10:36:51,285 [INFO] Época 12/30, Batch 450/3348, Loss: 0.1754
2025-10-10 10:36:51,552 [INFO] Época 12/30, Batch 500/3348, Loss: 0.1687
2025-10-10 10:36:51,819 [INFO] Época 12/30, Batch 550/3348, Loss: 0.0736
2025-10-10 10:36:52,086 [INFO] Época 12/30, Batch 600/3348, Loss: 0.1255
2025-10-10 10:36:52,351 [INFO] Época 12/30, Batch 650/3348, Loss: 0.1110
2025-10-10 10:36:52,620 [INFO] Época 12/30, Batch 700/3348, Loss: 0.1203
2025-10-10 10:36:52,888 [INFO] Época 12/30, Batch 750/3348, Loss: 0.1820
2025-10-10 10:36:53,149 [INFO] Época 12/30, Batch 800/3348, Loss: 0.1130
2025-10-10 10:36:53,410 [INFO] Época 12/30, Batch 850/3348, Loss: 0.1722
2025-10-10 10:36:53,673 [INFO] Época 12/30, Batch 900/3348, Loss: 0.1288
2025-10-10 10:36:53,939 [INFO] Época 12/30, Batch 950/3348, Loss: 0.0879
2025-10-10 10:36:54,205 [INFO] Época 12/30, Batch 1000/3348, Loss: 0.0778
2025-10-10 10:36:54,469 [INFO] Época 12/30, Batch 1050/3348, Loss: 0.0814
2025-10-10 10:36:54,734 [INFO] Época 12/30, Batch 1100/3348, Loss: 0.1608
2025-10-10 10:36:54,997 [INFO] Época 12/30, Batch 1150/3348, Loss: 0.1162
2025-10-10 10:36:55,283 [INFO] Época 12/30, Batch 1200/3348, Loss: 0.1412
2025-10-10 10:36:55,556 [INFO] Época 12/30, Batch 1250/3348, Loss: 0.1457
2025-10-10 10:36:55,820 [INFO] Época 12/30, Batch 1300/3348, Loss: 0.0939
2025-10-10 10:36:56,081 [INFO] Época 12/30, Batch 1350/3348, Loss: 0.1376
2025-10-10 10:36:56,341 [INFO] Época 12/30, Batch 1400/3348, Loss: 0.0842
2025-10-10 10:36:56,601 [INFO] Época 12/30, Batch 1450/3348, Loss: 0.1181
2025-10-10 10:36:56,864 [INFO] Época 12/30, Batch 1500/3348, Loss: 0.1247
2025-10-10 10:36:57,125 [INFO] Época 12/30, Batch 1550/3348, Loss: 0.1542
2025-10-10 10:36:57,384 [INFO] Época 12/30, Batch 1600/3348, Loss: 0.1795
2025-10-10 10:36:57,644 [INFO] Época 12/30, Batch 1650/3348, Loss: 0.1431
2025-10-10 10:36:57,909 [INFO] Época 12/30, Batch 1700/3348, Loss: 0.1640
2025-10-10 10:36:58,172 [INFO] Época 12/30, Batch 1750/3348, Loss: 0.1794
2025-10-10 10:36:58,433 [INFO] Época 12/30, Batch 1800/3348, Loss: 0.1816
2025-10-10 10:36:58,695 [INFO] Época 12/30, Batch 1850/3348, Loss: 0.1622
2025-10-10 10:36:58,958 [INFO] Época 12/30, Batch 1900/3348, Loss: 0.1508
2025-10-10 10:36:59,222 [INFO] Época 12/30, Batch 1950/3348, Loss: 0.0916
2025-10-10 10:36:59,483 [INFO] Época 12/30, Batch 2000/3348, Loss: 0.0996
2025-10-10 10:36:59,746 [INFO] Época 12/30, Batch 2050/3348, Loss: 0.0817
2025-10-10 10:37:00,013 [INFO] Época 12/30, Batch 2100/3348, Loss: 0.0224
2025-10-10 10:37:00,275 [INFO] Época 12/30, Batch 2150/3348, Loss: 0.1277
2025-10-10 10:37:00,539 [INFO] Época 12/30, Batch 2200/3348, Loss: 0.1940
2025-10-10 10:37:00,804 [INFO] Época 12/30, Batch 2250/3348, Loss: 0.2495
2025-10-10 10:37:01,071 [INFO] Época 12/30, Batch 2300/3348, Loss: 0.1224
2025-10-10 10:37:01,337 [INFO] Época 12/30, Batch 2350/3348, Loss: 0.1833
2025-10-10 10:37:01,606 [INFO] Época 12/30, Batch 2400/3348, Loss: 0.1066
2025-10-10 10:37:01,873 [INFO] Época 12/30, Batch 2450/3348, Loss: 0.2005
2025-10-10 10:37:02,138 [INFO] Época 12/30, Batch 2500/3348, Loss: 0.1265
2025-10-10 10:37:02,404 [INFO] Época 12/30, Batch 2550/3348, Loss: 0.1491
2025-10-10 10:37:02,670 [INFO] Época 12/30, Batch 2600/3348, Loss: 0.1466
2025-10-10 10:37:02,934 [INFO] Época 12/30, Batch 2650/3348, Loss: 0.0742
2025-10-10 10:37:03,197 [INFO] Época 12/30, Batch 2700/3348, Loss: 0.0591
2025-10-10 10:37:03,460 [INFO] Época 12/30, Batch 2750/3348, Loss: 0.1398
2025-10-10 10:37:03,724 [INFO] Época 12/30, Batch 2800/3348, Loss: 0.0931
2025-10-10 10:37:03,995 [INFO] Época 12/30, Batch 2850/3348, Loss: 0.0764
2025-10-10 10:37:04,258 [INFO] Época 12/30, Batch 2900/3348, Loss: 0.2396
2025-10-10 10:37:04,522 [INFO] Época 12/30, Batch 2950/3348, Loss: 0.0487
2025-10-10 10:37:04,785 [INFO] Época 12/30, Batch 3000/3348, Loss: 0.2029
2025-10-10 10:37:05,049 [INFO] Época 12/30, Batch 3050/3348, Loss: 0.1245
2025-10-10 10:37:05,313 [INFO] Época 12/30, Batch 3100/3348, Loss: 0.1715
2025-10-10 10:37:05,576 [INFO] Época 12/30, Batch 3150/3348, Loss: 0.1357
2025-10-10 10:37:05,840 [INFO] Época 12/30, Batch 3200/3348, Loss: 0.1966
2025-10-10 10:37:06,106 [INFO] Época 12/30, Batch 3250/3348, Loss: 0.1558
2025-10-10 10:37:06,371 [INFO] Época 12/30, Batch 3300/3348, Loss: 0.1362
2025-10-10 10:37:08,173 [INFO] [12/30] Train Loss: 0.1201 | Val Loss: 0.2603 | Tempo: 19.61s
2025-10-10 10:37:08,787 [INFO] Época 13/30, Batch 50/3348, Loss: 0.1435
2025-10-10 10:37:09,057 [INFO] Época 13/30, Batch 100/3348, Loss: 0.1336
2025-10-10 10:37:09,323 [INFO] Época 13/30, Batch 150/3348, Loss: 0.0519
2025-10-10 10:37:09,589 [INFO] Época 13/30, Batch 200/3348, Loss: 0.1313
2025-10-10 10:37:09,854 [INFO] Época 13/30, Batch 250/3348, Loss: 0.1103
2025-10-10 10:37:10,120 [INFO] Época 13/30, Batch 300/3348, Loss: 0.1188
2025-10-10 10:37:10,383 [INFO] Época 13/30, Batch 350/3348, Loss: 0.1275
2025-10-10 10:37:10,645 [INFO] Época 13/30, Batch 400/3348, Loss: 0.1731
2025-10-10 10:37:10,908 [INFO] Época 13/30, Batch 450/3348, Loss: 0.1069
2025-10-10 10:37:11,169 [INFO] Época 13/30, Batch 500/3348, Loss: 0.0995
2025-10-10 10:37:11,441 [INFO] Época 13/30, Batch 550/3348, Loss: 0.1980
2025-10-10 10:37:11,711 [INFO] Época 13/30, Batch 600/3348, Loss: 0.1761
2025-10-10 10:37:11,982 [INFO] Época 13/30, Batch 650/3348, Loss: 0.1237
2025-10-10 10:37:12,256 [INFO] Época 13/30, Batch 700/3348, Loss: 0.1731
2025-10-10 10:37:12,526 [INFO] Época 13/30, Batch 750/3348, Loss: 0.1079
2025-10-10 10:37:12,790 [INFO] Época 13/30, Batch 800/3348, Loss: 0.0860
2025-10-10 10:37:13,052 [INFO] Época 13/30, Batch 850/3348, Loss: 0.1197
2025-10-10 10:37:13,315 [INFO] Época 13/30, Batch 900/3348, Loss: 0.1010
2025-10-10 10:37:13,575 [INFO] Época 13/30, Batch 950/3348, Loss: 0.1290
2025-10-10 10:37:13,838 [INFO] Época 13/30, Batch 1000/3348, Loss: 0.1030
2025-10-10 10:37:14,100 [INFO] Época 13/30, Batch 1050/3348, Loss: 0.1408
2025-10-10 10:37:14,360 [INFO] Época 13/30, Batch 1100/3348, Loss: 0.1056
2025-10-10 10:37:14,631 [INFO] Época 13/30, Batch 1150/3348, Loss: 0.1074
2025-10-10 10:37:14,900 [INFO] Época 13/30, Batch 1200/3348, Loss: 0.1473
2025-10-10 10:37:15,170 [INFO] Época 13/30, Batch 1250/3348, Loss: 0.0608
2025-10-10 10:37:15,438 [INFO] Época 13/30, Batch 1300/3348, Loss: 0.1912
2025-10-10 10:37:15,708 [INFO] Época 13/30, Batch 1350/3348, Loss: 0.1338
2025-10-10 10:37:15,977 [INFO] Época 13/30, Batch 1400/3348, Loss: 0.1514
2025-10-10 10:37:16,248 [INFO] Época 13/30, Batch 1450/3348, Loss: 0.0666
2025-10-10 10:37:16,518 [INFO] Época 13/30, Batch 1500/3348, Loss: 0.1149
2025-10-10 10:37:16,792 [INFO] Época 13/30, Batch 1550/3348, Loss: 0.0950
2025-10-10 10:37:17,062 [INFO] Época 13/30, Batch 1600/3348, Loss: 0.0877
2025-10-10 10:37:17,334 [INFO] Época 13/30, Batch 1650/3348, Loss: 0.1141
2025-10-10 10:37:17,610 [INFO] Época 13/30, Batch 1700/3348, Loss: 0.0886
2025-10-10 10:37:17,885 [INFO] Época 13/30, Batch 1750/3348, Loss: 0.0720
2025-10-10 10:37:18,158 [INFO] Época 13/30, Batch 1800/3348, Loss: 0.1329
2025-10-10 10:37:18,433 [INFO] Época 13/30, Batch 1850/3348, Loss: 0.1038
2025-10-10 10:37:18,706 [INFO] Época 13/30, Batch 1900/3348, Loss: 0.1634
2025-10-10 10:37:18,983 [INFO] Época 13/30, Batch 1950/3348, Loss: 0.0971
2025-10-10 10:37:19,258 [INFO] Época 13/30, Batch 2000/3348, Loss: 0.1530
2025-10-10 10:37:19,535 [INFO] Época 13/30, Batch 2050/3348, Loss: 0.1534
2025-10-10 10:37:19,811 [INFO] Época 13/30, Batch 2100/3348, Loss: 0.1649
2025-10-10 10:37:20,085 [INFO] Época 13/30, Batch 2150/3348, Loss: 0.1350
2025-10-10 10:37:20,357 [INFO] Época 13/30, Batch 2200/3348, Loss: 0.1750
2025-10-10 10:37:20,631 [INFO] Época 13/30, Batch 2250/3348, Loss: 0.1249
2025-10-10 10:37:20,901 [INFO] Época 13/30, Batch 2300/3348, Loss: 0.1806
2025-10-10 10:37:21,173 [INFO] Época 13/30, Batch 2350/3348, Loss: 0.1462
2025-10-10 10:37:21,444 [INFO] Época 13/30, Batch 2400/3348, Loss: 0.0907
2025-10-10 10:37:21,716 [INFO] Época 13/30, Batch 2450/3348, Loss: 0.0885
2025-10-10 10:37:21,988 [INFO] Época 13/30, Batch 2500/3348, Loss: 0.0715
2025-10-10 10:37:22,259 [INFO] Época 13/30, Batch 2550/3348, Loss: 0.1200
2025-10-10 10:37:22,530 [INFO] Época 13/30, Batch 2600/3348, Loss: 0.0965
2025-10-10 10:37:22,802 [INFO] Época 13/30, Batch 2650/3348, Loss: 0.1654
2025-10-10 10:37:23,075 [INFO] Época 13/30, Batch 2700/3348, Loss: 0.1508
2025-10-10 10:37:23,347 [INFO] Época 13/30, Batch 2750/3348, Loss: 0.0921
2025-10-10 10:37:23,619 [INFO] Época 13/30, Batch 2800/3348, Loss: 0.1968
2025-10-10 10:37:23,891 [INFO] Época 13/30, Batch 2850/3348, Loss: 0.0680
2025-10-10 10:37:24,165 [INFO] Época 13/30, Batch 2900/3348, Loss: 0.1498
2025-10-10 10:37:24,437 [INFO] Época 13/30, Batch 2950/3348, Loss: 0.0769
2025-10-10 10:37:24,707 [INFO] Época 13/30, Batch 3000/3348, Loss: 0.1714
2025-10-10 10:37:24,978 [INFO] Época 13/30, Batch 3050/3348, Loss: 0.0415
2025-10-10 10:37:25,250 [INFO] Época 13/30, Batch 3100/3348, Loss: 0.1534
2025-10-10 10:37:25,521 [INFO] Época 13/30, Batch 3150/3348, Loss: 0.1302
2025-10-10 10:37:25,792 [INFO] Época 13/30, Batch 3200/3348, Loss: 0.1124
2025-10-10 10:37:26,063 [INFO] Época 13/30, Batch 3250/3348, Loss: 0.0895
2025-10-10 10:37:26,337 [INFO] Época 13/30, Batch 3300/3348, Loss: 0.0492
2025-10-10 10:37:28,224 [INFO] [13/30] Train Loss: 0.1177 | Val Loss: 0.2793 | Tempo: 20.05s
2025-10-10 10:37:28,806 [INFO] Época 14/30, Batch 50/3348, Loss: 0.1848
2025-10-10 10:37:29,080 [INFO] Época 14/30, Batch 100/3348, Loss: 0.0632
2025-10-10 10:37:29,349 [INFO] Época 14/30, Batch 150/3348, Loss: 0.1947
2025-10-10 10:37:29,613 [INFO] Época 14/30, Batch 200/3348, Loss: 0.1901
2025-10-10 10:37:29,877 [INFO] Época 14/30, Batch 250/3348, Loss: 0.0786
2025-10-10 10:37:30,143 [INFO] Época 14/30, Batch 300/3348, Loss: 0.0779
2025-10-10 10:37:30,408 [INFO] Época 14/30, Batch 350/3348, Loss: 0.0552
2025-10-10 10:37:30,670 [INFO] Época 14/30, Batch 400/3348, Loss: 0.0478
2025-10-10 10:37:30,932 [INFO] Época 14/30, Batch 450/3348, Loss: 0.0854
2025-10-10 10:37:31,193 [INFO] Época 14/30, Batch 500/3348, Loss: 0.0817
2025-10-10 10:37:31,456 [INFO] Época 14/30, Batch 550/3348, Loss: 0.1093
2025-10-10 10:37:31,716 [INFO] Época 14/30, Batch 600/3348, Loss: 0.1440
2025-10-10 10:37:31,977 [INFO] Época 14/30, Batch 650/3348, Loss: 0.1791
2025-10-10 10:37:32,237 [INFO] Época 14/30, Batch 700/3348, Loss: 0.0635
2025-10-10 10:37:32,498 [INFO] Época 14/30, Batch 750/3348, Loss: 0.1652
2025-10-10 10:37:32,754 [INFO] Época 14/30, Batch 800/3348, Loss: 0.1771
2025-10-10 10:37:33,012 [INFO] Época 14/30, Batch 850/3348, Loss: 0.0973
2025-10-10 10:37:33,267 [INFO] Época 14/30, Batch 900/3348, Loss: 0.0614
2025-10-10 10:37:33,523 [INFO] Época 14/30, Batch 950/3348, Loss: 0.1019
2025-10-10 10:37:33,777 [INFO] Época 14/30, Batch 1000/3348, Loss: 0.0970
2025-10-10 10:37:34,027 [INFO] Época 14/30, Batch 1050/3348, Loss: 0.0724
2025-10-10 10:37:34,278 [INFO] Época 14/30, Batch 1100/3348, Loss: 0.1243
2025-10-10 10:37:34,533 [INFO] Época 14/30, Batch 1150/3348, Loss: 0.1187
2025-10-10 10:37:34,793 [INFO] Época 14/30, Batch 1200/3348, Loss: 0.1515
2025-10-10 10:37:35,053 [INFO] Época 14/30, Batch 1250/3348, Loss: 0.1094
2025-10-10 10:37:35,314 [INFO] Época 14/30, Batch 1300/3348, Loss: 0.1965
2025-10-10 10:37:35,577 [INFO] Época 14/30, Batch 1350/3348, Loss: 0.1689
2025-10-10 10:37:35,837 [INFO] Época 14/30, Batch 1400/3348, Loss: 0.0880
2025-10-10 10:37:36,097 [INFO] Época 14/30, Batch 1450/3348, Loss: 0.1249
2025-10-10 10:37:36,357 [INFO] Época 14/30, Batch 1500/3348, Loss: 0.1286
2025-10-10 10:37:36,617 [INFO] Época 14/30, Batch 1550/3348, Loss: 0.1365
2025-10-10 10:37:36,879 [INFO] Época 14/30, Batch 1600/3348, Loss: 0.0970
2025-10-10 10:37:37,138 [INFO] Época 14/30, Batch 1650/3348, Loss: 0.1188
2025-10-10 10:37:37,399 [INFO] Época 14/30, Batch 1700/3348, Loss: 0.0245
2025-10-10 10:37:37,659 [INFO] Época 14/30, Batch 1750/3348, Loss: 0.0567
2025-10-10 10:37:37,919 [INFO] Época 14/30, Batch 1800/3348, Loss: 0.0743
2025-10-10 10:37:38,182 [INFO] Época 14/30, Batch 1850/3348, Loss: 0.0919
2025-10-10 10:37:38,447 [INFO] Época 14/30, Batch 1900/3348, Loss: 0.1030
2025-10-10 10:37:38,722 [INFO] Época 14/30, Batch 1950/3348, Loss: 0.1237
2025-10-10 10:37:38,998 [INFO] Época 14/30, Batch 2000/3348, Loss: 0.2197
2025-10-10 10:37:39,261 [INFO] Época 14/30, Batch 2050/3348, Loss: 0.0940
2025-10-10 10:37:39,523 [INFO] Época 14/30, Batch 2100/3348, Loss: 0.1405
2025-10-10 10:37:39,785 [INFO] Época 14/30, Batch 2150/3348, Loss: 0.1466
2025-10-10 10:37:40,047 [INFO] Época 14/30, Batch 2200/3348, Loss: 0.0821
2025-10-10 10:37:40,309 [INFO] Época 14/30, Batch 2250/3348, Loss: 0.0521
2025-10-10 10:37:40,571 [INFO] Época 14/30, Batch 2300/3348, Loss: 0.0818
2025-10-10 10:37:40,834 [INFO] Época 14/30, Batch 2350/3348, Loss: 0.1003
2025-10-10 10:37:41,096 [INFO] Época 14/30, Batch 2400/3348, Loss: 0.1604
2025-10-10 10:37:41,358 [INFO] Época 14/30, Batch 2450/3348, Loss: 0.1129
2025-10-10 10:37:41,621 [INFO] Época 14/30, Batch 2500/3348, Loss: 0.0646
2025-10-10 10:37:41,883 [INFO] Época 14/30, Batch 2550/3348, Loss: 0.2920
2025-10-10 10:37:42,146 [INFO] Época 14/30, Batch 2600/3348, Loss: 0.1907
2025-10-10 10:37:42,408 [INFO] Época 14/30, Batch 2650/3348, Loss: 0.1336
2025-10-10 10:37:42,672 [INFO] Época 14/30, Batch 2700/3348, Loss: 0.0617
2025-10-10 10:37:42,936 [INFO] Época 14/30, Batch 2750/3348, Loss: 0.1799
2025-10-10 10:37:43,200 [INFO] Época 14/30, Batch 2800/3348, Loss: 0.1297
2025-10-10 10:37:43,464 [INFO] Época 14/30, Batch 2850/3348, Loss: 0.0852
2025-10-10 10:37:43,729 [INFO] Época 14/30, Batch 2900/3348, Loss: 0.0902
2025-10-10 10:37:43,993 [INFO] Época 14/30, Batch 2950/3348, Loss: 0.1107
2025-10-10 10:37:44,256 [INFO] Época 14/30, Batch 3000/3348, Loss: 0.0646
2025-10-10 10:37:44,521 [INFO] Época 14/30, Batch 3050/3348, Loss: 0.1080
2025-10-10 10:37:44,784 [INFO] Época 14/30, Batch 3100/3348, Loss: 0.2002
2025-10-10 10:37:45,048 [INFO] Época 14/30, Batch 3150/3348, Loss: 0.1070
2025-10-10 10:37:45,312 [INFO] Época 14/30, Batch 3200/3348, Loss: 0.1215
2025-10-10 10:37:45,578 [INFO] Época 14/30, Batch 3250/3348, Loss: 0.1805
2025-10-10 10:37:45,844 [INFO] Época 14/30, Batch 3300/3348, Loss: 0.2078
2025-10-10 10:37:47,614 [INFO] [14/30] Train Loss: 0.1166 | Val Loss: 0.2727 | Tempo: 19.39s
2025-10-10 10:37:48,202 [INFO] Época 15/30, Batch 50/3348, Loss: 0.1522
2025-10-10 10:37:48,480 [INFO] Época 15/30, Batch 100/3348, Loss: 0.1092
2025-10-10 10:37:48,751 [INFO] Época 15/30, Batch 150/3348, Loss: 0.1361
2025-10-10 10:37:49,016 [INFO] Época 15/30, Batch 200/3348, Loss: 0.1100
2025-10-10 10:37:49,281 [INFO] Época 15/30, Batch 250/3348, Loss: 0.0815
2025-10-10 10:37:49,547 [INFO] Época 15/30, Batch 300/3348, Loss: 0.1056
2025-10-10 10:37:49,813 [INFO] Época 15/30, Batch 350/3348, Loss: 0.0500
2025-10-10 10:37:50,077 [INFO] Época 15/30, Batch 400/3348, Loss: 0.0999
2025-10-10 10:37:50,337 [INFO] Época 15/30, Batch 450/3348, Loss: 0.1335
2025-10-10 10:37:50,602 [INFO] Época 15/30, Batch 500/3348, Loss: 0.0581
2025-10-10 10:37:50,867 [INFO] Época 15/30, Batch 550/3348, Loss: 0.1203
2025-10-10 10:37:51,130 [INFO] Época 15/30, Batch 600/3348, Loss: 0.1922
2025-10-10 10:37:51,394 [INFO] Época 15/30, Batch 650/3348, Loss: 0.0645
2025-10-10 10:37:51,670 [INFO] Época 15/30, Batch 700/3348, Loss: 0.1655
2025-10-10 10:37:51,927 [INFO] Época 15/30, Batch 750/3348, Loss: 0.1013
2025-10-10 10:37:52,179 [INFO] Época 15/30, Batch 800/3348, Loss: 0.0375
2025-10-10 10:37:52,444 [INFO] Época 15/30, Batch 850/3348, Loss: 0.0946
2025-10-10 10:37:52,700 [INFO] Época 15/30, Batch 900/3348, Loss: 0.1958
2025-10-10 10:37:52,962 [INFO] Época 15/30, Batch 950/3348, Loss: 0.1180
2025-10-10 10:37:53,225 [INFO] Época 15/30, Batch 1000/3348, Loss: 0.1593
2025-10-10 10:37:53,490 [INFO] Época 15/30, Batch 1050/3348, Loss: 0.1308
2025-10-10 10:37:53,762 [INFO] Época 15/30, Batch 1100/3348, Loss: 0.1046
2025-10-10 10:37:54,047 [INFO] Época 15/30, Batch 1150/3348, Loss: 0.0877
2025-10-10 10:37:54,310 [INFO] Época 15/30, Batch 1200/3348, Loss: 0.1513
2025-10-10 10:37:54,579 [INFO] Época 15/30, Batch 1250/3348, Loss: 0.0887
2025-10-10 10:37:54,852 [INFO] Época 15/30, Batch 1300/3348, Loss: 0.1511
2025-10-10 10:37:55,127 [INFO] Época 15/30, Batch 1350/3348, Loss: 0.1044
2025-10-10 10:37:55,402 [INFO] Época 15/30, Batch 1400/3348, Loss: 0.2426
2025-10-10 10:37:55,679 [INFO] Época 15/30, Batch 1450/3348, Loss: 0.1166
2025-10-10 10:37:55,953 [INFO] Época 15/30, Batch 1500/3348, Loss: 0.1343
2025-10-10 10:37:56,226 [INFO] Época 15/30, Batch 1550/3348, Loss: 0.1017
2025-10-10 10:37:56,500 [INFO] Época 15/30, Batch 1600/3348, Loss: 0.1601
2025-10-10 10:37:56,767 [INFO] Época 15/30, Batch 1650/3348, Loss: 0.1495
2025-10-10 10:37:57,029 [INFO] Época 15/30, Batch 1700/3348, Loss: 0.0746
2025-10-10 10:37:57,292 [INFO] Época 15/30, Batch 1750/3348, Loss: 0.0683
2025-10-10 10:37:57,554 [INFO] Época 15/30, Batch 1800/3348, Loss: 0.0903
2025-10-10 10:37:57,816 [INFO] Época 15/30, Batch 1850/3348, Loss: 0.1424
2025-10-10 10:37:58,092 [INFO] Época 15/30, Batch 1900/3348, Loss: 0.1429
2025-10-10 10:37:58,367 [INFO] Época 15/30, Batch 1950/3348, Loss: 0.1289
2025-10-10 10:37:58,642 [INFO] Época 15/30, Batch 2000/3348, Loss: 0.1361
2025-10-10 10:37:58,921 [INFO] Época 15/30, Batch 2050/3348, Loss: 0.1103
2025-10-10 10:37:59,196 [INFO] Época 15/30, Batch 2100/3348, Loss: 0.1434
2025-10-10 10:37:59,472 [INFO] Época 15/30, Batch 2150/3348, Loss: 0.0854
2025-10-10 10:37:59,748 [INFO] Época 15/30, Batch 2200/3348, Loss: 0.1312
2025-10-10 10:38:00,023 [INFO] Época 15/30, Batch 2250/3348, Loss: 0.2121
2025-10-10 10:38:00,293 [INFO] Época 15/30, Batch 2300/3348, Loss: 0.0852
2025-10-10 10:38:00,557 [INFO] Época 15/30, Batch 2350/3348, Loss: 0.1173
2025-10-10 10:38:00,831 [INFO] Época 15/30, Batch 2400/3348, Loss: 0.1115
2025-10-10 10:38:01,106 [INFO] Época 15/30, Batch 2450/3348, Loss: 0.1413
2025-10-10 10:38:01,382 [INFO] Época 15/30, Batch 2500/3348, Loss: 0.0997
2025-10-10 10:38:01,647 [INFO] Época 15/30, Batch 2550/3348, Loss: 0.0710
2025-10-10 10:38:01,920 [INFO] Época 15/30, Batch 2600/3348, Loss: 0.0874
2025-10-10 10:38:02,198 [INFO] Época 15/30, Batch 2650/3348, Loss: 0.0895
2025-10-10 10:38:02,464 [INFO] Época 15/30, Batch 2700/3348, Loss: 0.1049
2025-10-10 10:38:02,727 [INFO] Época 15/30, Batch 2750/3348, Loss: 0.2058
2025-10-10 10:38:02,993 [INFO] Época 15/30, Batch 2800/3348, Loss: 0.1142
2025-10-10 10:38:03,257 [INFO] Época 15/30, Batch 2850/3348, Loss: 0.0922
2025-10-10 10:38:03,524 [INFO] Época 15/30, Batch 2900/3348, Loss: 0.1080
2025-10-10 10:38:03,802 [INFO] Época 15/30, Batch 2950/3348, Loss: 0.0939
2025-10-10 10:38:04,082 [INFO] Época 15/30, Batch 3000/3348, Loss: 0.0645
2025-10-10 10:38:04,363 [INFO] Época 15/30, Batch 3050/3348, Loss: 0.0568
2025-10-10 10:38:04,642 [INFO] Época 15/30, Batch 3100/3348, Loss: 0.1416
2025-10-10 10:38:04,923 [INFO] Época 15/30, Batch 3150/3348, Loss: 0.1589
2025-10-10 10:38:05,199 [INFO] Época 15/30, Batch 3200/3348, Loss: 0.1833
2025-10-10 10:38:05,475 [INFO] Época 15/30, Batch 3250/3348, Loss: 0.1389
2025-10-10 10:38:05,754 [INFO] Época 15/30, Batch 3300/3348, Loss: 0.1267
2025-10-10 10:38:07,600 [INFO] [15/30] Train Loss: 0.1155 | Val Loss: 0.2659 | Tempo: 19.99s
2025-10-10 10:38:08,190 [INFO] Época 16/30, Batch 50/3348, Loss: 0.1385
2025-10-10 10:38:08,467 [INFO] Época 16/30, Batch 100/3348, Loss: 0.1177
2025-10-10 10:38:08,744 [INFO] Época 16/30, Batch 150/3348, Loss: 0.0413
2025-10-10 10:38:09,016 [INFO] Época 16/30, Batch 200/3348, Loss: 0.1377
2025-10-10 10:38:09,285 [INFO] Época 16/30, Batch 250/3348, Loss: 0.0795
2025-10-10 10:38:09,548 [INFO] Época 16/30, Batch 300/3348, Loss: 0.1191
2025-10-10 10:38:09,810 [INFO] Época 16/30, Batch 350/3348, Loss: 0.0578
2025-10-10 10:38:10,073 [INFO] Época 16/30, Batch 400/3348, Loss: 0.1116
2025-10-10 10:38:10,335 [INFO] Época 16/30, Batch 450/3348, Loss: 0.1583
2025-10-10 10:38:10,599 [INFO] Época 16/30, Batch 500/3348, Loss: 0.1126
2025-10-10 10:38:10,860 [INFO] Época 16/30, Batch 550/3348, Loss: 0.0890
2025-10-10 10:38:11,116 [INFO] Época 16/30, Batch 600/3348, Loss: 0.1144
2025-10-10 10:38:11,376 [INFO] Época 16/30, Batch 650/3348, Loss: 0.1681
2025-10-10 10:38:11,635 [INFO] Época 16/30, Batch 700/3348, Loss: 0.1139
2025-10-10 10:38:11,893 [INFO] Época 16/30, Batch 750/3348, Loss: 0.1150
2025-10-10 10:38:12,152 [INFO] Época 16/30, Batch 800/3348, Loss: 0.1125
2025-10-10 10:38:12,411 [INFO] Época 16/30, Batch 850/3348, Loss: 0.1517
2025-10-10 10:38:12,678 [INFO] Época 16/30, Batch 900/3348, Loss: 0.0919
2025-10-10 10:38:12,950 [INFO] Época 16/30, Batch 950/3348, Loss: 0.0815
2025-10-10 10:38:13,224 [INFO] Época 16/30, Batch 1000/3348, Loss: 0.1021
2025-10-10 10:38:13,497 [INFO] Época 16/30, Batch 1050/3348, Loss: 0.1740
2025-10-10 10:38:13,764 [INFO] Época 16/30, Batch 1100/3348, Loss: 0.1879
2025-10-10 10:38:14,029 [INFO] Época 16/30, Batch 1150/3348, Loss: 0.1932
2025-10-10 10:38:14,293 [INFO] Época 16/30, Batch 1200/3348, Loss: 0.1132
2025-10-10 10:38:14,560 [INFO] Época 16/30, Batch 1250/3348, Loss: 0.0945
2025-10-10 10:38:14,829 [INFO] Época 16/30, Batch 1300/3348, Loss: 0.1325
2025-10-10 10:38:15,099 [INFO] Época 16/30, Batch 1350/3348, Loss: 0.1161
2025-10-10 10:38:15,372 [INFO] Época 16/30, Batch 1400/3348, Loss: 0.1497
2025-10-10 10:38:15,642 [INFO] Época 16/30, Batch 1450/3348, Loss: 0.1575
2025-10-10 10:38:15,915 [INFO] Época 16/30, Batch 1500/3348, Loss: 0.0902
2025-10-10 10:38:16,186 [INFO] Época 16/30, Batch 1550/3348, Loss: 0.1185
2025-10-10 10:38:16,458 [INFO] Época 16/30, Batch 1600/3348, Loss: 0.0829
2025-10-10 10:38:16,730 [INFO] Época 16/30, Batch 1650/3348, Loss: 0.1541
2025-10-10 10:38:17,001 [INFO] Época 16/30, Batch 1700/3348, Loss: 0.0775
2025-10-10 10:38:17,272 [INFO] Época 16/30, Batch 1750/3348, Loss: 0.1322
2025-10-10 10:38:17,542 [INFO] Época 16/30, Batch 1800/3348, Loss: 0.0476
2025-10-10 10:38:17,814 [INFO] Época 16/30, Batch 1850/3348, Loss: 0.1008
2025-10-10 10:38:18,086 [INFO] Época 16/30, Batch 1900/3348, Loss: 0.1678
2025-10-10 10:38:18,357 [INFO] Época 16/30, Batch 1950/3348, Loss: 0.1400
2025-10-10 10:38:18,629 [INFO] Época 16/30, Batch 2000/3348, Loss: 0.1257
2025-10-10 10:38:18,908 [INFO] Época 16/30, Batch 2050/3348, Loss: 0.0537
2025-10-10 10:38:19,186 [INFO] Época 16/30, Batch 2100/3348, Loss: 0.1024
2025-10-10 10:38:19,465 [INFO] Época 16/30, Batch 2150/3348, Loss: 0.0776
2025-10-10 10:38:19,745 [INFO] Época 16/30, Batch 2200/3348, Loss: 0.1557
2025-10-10 10:38:20,022 [INFO] Época 16/30, Batch 2250/3348, Loss: 0.1476
2025-10-10 10:38:20,300 [INFO] Época 16/30, Batch 2300/3348, Loss: 0.0702
2025-10-10 10:38:20,578 [INFO] Época 16/30, Batch 2350/3348, Loss: 0.0990
2025-10-10 10:38:20,850 [INFO] Época 16/30, Batch 2400/3348, Loss: 0.0988
2025-10-10 10:38:21,122 [INFO] Época 16/30, Batch 2450/3348, Loss: 0.0762
2025-10-10 10:38:21,392 [INFO] Época 16/30, Batch 2500/3348, Loss: 0.1057
2025-10-10 10:38:21,663 [INFO] Época 16/30, Batch 2550/3348, Loss: 0.0784
2025-10-10 10:38:21,935 [INFO] Época 16/30, Batch 2600/3348, Loss: 0.1087
2025-10-10 10:38:22,206 [INFO] Época 16/30, Batch 2650/3348, Loss: 0.0967
2025-10-10 10:38:22,475 [INFO] Época 16/30, Batch 2700/3348, Loss: 0.0976
2025-10-10 10:38:22,746 [INFO] Época 16/30, Batch 2750/3348, Loss: 0.1419
2025-10-10 10:38:23,019 [INFO] Época 16/30, Batch 2800/3348, Loss: 0.1814
2025-10-10 10:38:23,288 [INFO] Época 16/30, Batch 2850/3348, Loss: 0.1443
2025-10-10 10:38:23,558 [INFO] Época 16/30, Batch 2900/3348, Loss: 0.0942
2025-10-10 10:38:23,836 [INFO] Época 16/30, Batch 2950/3348, Loss: 0.1418
2025-10-10 10:38:24,117 [INFO] Época 16/30, Batch 3000/3348, Loss: 0.0879
2025-10-10 10:38:24,397 [INFO] Época 16/30, Batch 3050/3348, Loss: 0.1027
2025-10-10 10:38:24,678 [INFO] Época 16/30, Batch 3100/3348, Loss: 0.0899
2025-10-10 10:38:24,960 [INFO] Época 16/30, Batch 3150/3348, Loss: 0.0843
2025-10-10 10:38:25,244 [INFO] Época 16/30, Batch 3200/3348, Loss: 0.1323
2025-10-10 10:38:25,526 [INFO] Época 16/30, Batch 3250/3348, Loss: 0.0884
2025-10-10 10:38:25,805 [INFO] Época 16/30, Batch 3300/3348, Loss: 0.0884
2025-10-10 10:38:27,603 [INFO] [16/30] Train Loss: 0.1140 | Val Loss: 0.2619 | Tempo: 20.00s
2025-10-10 10:38:27,604 [INFO] Early stopping ativado após 10 épocas sem melhoria
2025-10-10 10:38:27,604 [INFO] Treinamento concluído em 312.35 segundos (5.21 minutos)
2025-10-10 10:38:27,604 [INFO] Iniciando avaliação no conjunto de teste...
2025-10-10 10:38:29,089 [INFO] Avaliação do teste concluída em 1.48 segundos
2025-10-10 10:38:29,089 [INFO] MSE no teste: 0.4830
2025-10-10 10:38:29,089 [INFO] RMSE no teste: 0.6950
2025-10-10 10:38:29,089 [INFO] MAE no teste: 0.5305
2025-10-10 10:38:29,090 [INFO] Métricas salvas em /mnt/hdd/home/jdurao/ToolBox-ChemXAI/logs/mlp_att12_Pattern_metrics.json
