2025-10-09 16:41:45,464 [INFO] Iniciando treinamento do modelo mlp_att1_Morgan
2025-10-09 16:41:45,464 [INFO] Configuração: att_index=1, epochs=30, layers=[128, 64, 32], lr=0.001, batch_size=32, descriptor_type=Morgan
2025-10-09 16:41:45,464 [INFO] Diretório para modelos: /mnt/hdd/home/jdurao/ToolBox-ChemXAI/models
2025-10-09 16:41:45,464 [INFO] Carregando dados...
2025-10-09 16:41:45,565 [INFO] Preparando dataloaders sem ruído...
2025-10-09 16:41:58,194 [INFO] Dados carregados em 12.73 segundos
2025-10-09 16:41:58,195 [INFO] Tamanhos dos conjuntos - Treino: 107108, Validação: 13388, Teste: 13389
2025-10-09 16:41:58,195 [INFO] Usando dispositivo: cuda
2025-10-09 16:41:58,456 [INFO] Dimensão de entrada: 512, Dimensão de saída: 1
2025-10-09 16:41:58,456 [INFO] Criando modelo MLP com camadas: [128, 64, 32]
2025-10-09 16:41:58,461 [INFO] Modelo criado com 76033 parâmetros
2025-10-09 16:41:58,463 [INFO] Iniciando treinamento com 30 épocas...
2025-10-09 16:41:58,934 [INFO] Época 1/30, Batch 50/3348, Loss: 0.1617
2025-10-09 16:41:59,200 [INFO] Época 1/30, Batch 100/3348, Loss: 0.1178
2025-10-09 16:41:59,460 [INFO] Época 1/30, Batch 150/3348, Loss: 0.2086
2025-10-09 16:41:59,717 [INFO] Época 1/30, Batch 200/3348, Loss: 0.1073
2025-10-09 16:41:59,977 [INFO] Época 1/30, Batch 250/3348, Loss: 0.1516
2025-10-09 16:42:00,234 [INFO] Época 1/30, Batch 300/3348, Loss: 0.1696
2025-10-09 16:42:00,490 [INFO] Época 1/30, Batch 350/3348, Loss: 0.2144
2025-10-09 16:42:00,747 [INFO] Época 1/30, Batch 400/3348, Loss: 0.1256
2025-10-09 16:42:01,012 [INFO] Época 1/30, Batch 450/3348, Loss: 0.1446
2025-10-09 16:42:01,277 [INFO] Época 1/30, Batch 500/3348, Loss: 0.2205
2025-10-09 16:42:01,541 [INFO] Época 1/30, Batch 550/3348, Loss: 0.1289
2025-10-09 16:42:01,804 [INFO] Época 1/30, Batch 600/3348, Loss: 0.1494
2025-10-09 16:42:02,065 [INFO] Época 1/30, Batch 650/3348, Loss: 0.1273
2025-10-09 16:42:02,324 [INFO] Época 1/30, Batch 700/3348, Loss: 0.1386
2025-10-09 16:42:02,584 [INFO] Época 1/30, Batch 750/3348, Loss: 0.1485
2025-10-09 16:42:02,843 [INFO] Época 1/30, Batch 800/3348, Loss: 0.0953
2025-10-09 16:42:03,101 [INFO] Época 1/30, Batch 850/3348, Loss: 0.1467
2025-10-09 16:42:03,361 [INFO] Época 1/30, Batch 900/3348, Loss: 0.1434
2025-10-09 16:42:03,625 [INFO] Época 1/30, Batch 950/3348, Loss: 0.1663
2025-10-09 16:42:03,893 [INFO] Época 1/30, Batch 1000/3348, Loss: 0.1250
2025-10-09 16:42:04,156 [INFO] Época 1/30, Batch 1050/3348, Loss: 0.2482
2025-10-09 16:42:04,417 [INFO] Época 1/30, Batch 1100/3348, Loss: 0.1894
2025-10-09 16:42:04,678 [INFO] Época 1/30, Batch 1150/3348, Loss: 0.1212
2025-10-09 16:42:04,935 [INFO] Época 1/30, Batch 1200/3348, Loss: 0.1323
2025-10-09 16:42:05,194 [INFO] Época 1/30, Batch 1250/3348, Loss: 0.1329
2025-10-09 16:42:05,456 [INFO] Época 1/30, Batch 1300/3348, Loss: 0.1550
2025-10-09 16:42:05,719 [INFO] Época 1/30, Batch 1350/3348, Loss: 0.1520
2025-10-09 16:42:05,981 [INFO] Época 1/30, Batch 1400/3348, Loss: 0.1487
2025-10-09 16:42:06,245 [INFO] Época 1/30, Batch 1450/3348, Loss: 0.1404
2025-10-09 16:42:06,509 [INFO] Época 1/30, Batch 1500/3348, Loss: 0.1592
2025-10-09 16:42:06,770 [INFO] Época 1/30, Batch 1550/3348, Loss: 0.1363
2025-10-09 16:42:07,032 [INFO] Época 1/30, Batch 1600/3348, Loss: 0.1417
2025-10-09 16:42:07,289 [INFO] Época 1/30, Batch 1650/3348, Loss: 0.2109
2025-10-09 16:42:07,550 [INFO] Época 1/30, Batch 1700/3348, Loss: 0.1423
2025-10-09 16:42:07,809 [INFO] Época 1/30, Batch 1750/3348, Loss: 0.1275
2025-10-09 16:42:08,071 [INFO] Época 1/30, Batch 1800/3348, Loss: 0.1572
2025-10-09 16:42:08,334 [INFO] Época 1/30, Batch 1850/3348, Loss: 0.1386
2025-10-09 16:42:08,602 [INFO] Época 1/30, Batch 1900/3348, Loss: 0.1065
2025-10-09 16:42:08,863 [INFO] Época 1/30, Batch 1950/3348, Loss: 0.1953
2025-10-09 16:42:09,124 [INFO] Época 1/30, Batch 2000/3348, Loss: 0.1506
2025-10-09 16:42:09,398 [INFO] Época 1/30, Batch 2050/3348, Loss: 0.1149
2025-10-09 16:42:09,663 [INFO] Época 1/30, Batch 2100/3348, Loss: 0.1453
2025-10-09 16:42:09,927 [INFO] Época 1/30, Batch 2150/3348, Loss: 0.1308
2025-10-09 16:42:10,189 [INFO] Época 1/30, Batch 2200/3348, Loss: 0.1604
2025-10-09 16:42:10,448 [INFO] Época 1/30, Batch 2250/3348, Loss: 0.1177
2025-10-09 16:42:10,714 [INFO] Época 1/30, Batch 2300/3348, Loss: 0.1292
2025-10-09 16:42:10,975 [INFO] Época 1/30, Batch 2350/3348, Loss: 0.1508
2025-10-09 16:42:11,232 [INFO] Época 1/30, Batch 2400/3348, Loss: 0.1113
2025-10-09 16:42:11,490 [INFO] Época 1/30, Batch 2450/3348, Loss: 0.1143
2025-10-09 16:42:11,754 [INFO] Época 1/30, Batch 2500/3348, Loss: 0.1379
2025-10-09 16:42:12,019 [INFO] Época 1/30, Batch 2550/3348, Loss: 0.1051
2025-10-09 16:42:12,284 [INFO] Época 1/30, Batch 2600/3348, Loss: 0.1236
2025-10-09 16:42:12,549 [INFO] Época 1/30, Batch 2650/3348, Loss: 0.1190
2025-10-09 16:42:12,808 [INFO] Época 1/30, Batch 2700/3348, Loss: 0.1235
2025-10-09 16:42:13,066 [INFO] Época 1/30, Batch 2750/3348, Loss: 0.1323
2025-10-09 16:42:13,326 [INFO] Época 1/30, Batch 2800/3348, Loss: 0.1067
2025-10-09 16:42:13,587 [INFO] Época 1/30, Batch 2850/3348, Loss: 0.1411
2025-10-09 16:42:13,846 [INFO] Época 1/30, Batch 2900/3348, Loss: 0.1136
2025-10-09 16:42:14,104 [INFO] Época 1/30, Batch 2950/3348, Loss: 0.1221
2025-10-09 16:42:14,362 [INFO] Época 1/30, Batch 3000/3348, Loss: 0.1472
2025-10-09 16:42:14,621 [INFO] Época 1/30, Batch 3050/3348, Loss: 0.1745
2025-10-09 16:42:14,878 [INFO] Época 1/30, Batch 3100/3348, Loss: 0.1132
2025-10-09 16:42:15,135 [INFO] Época 1/30, Batch 3150/3348, Loss: 0.1538
2025-10-09 16:42:15,391 [INFO] Época 1/30, Batch 3200/3348, Loss: 0.0944
2025-10-09 16:42:15,648 [INFO] Época 1/30, Batch 3250/3348, Loss: 0.1513
2025-10-09 16:42:15,905 [INFO] Época 1/30, Batch 3300/3348, Loss: 0.1703
2025-10-09 16:42:17,494 [INFO] [1/30] Train Loss: 0.1478 | Val Loss: 0.1243 | Tempo: 19.03s
2025-10-09 16:42:17,500 [INFO] Melhor modelo salvo em: /mnt/hdd/home/jdurao/ToolBox-ChemXAI/models/mlp_qm9_Morgan_att1_large.pth
2025-10-09 16:42:17,972 [INFO] Época 2/30, Batch 50/3348, Loss: 0.1349
2025-10-09 16:42:18,239 [INFO] Época 2/30, Batch 100/3348, Loss: 0.1339
2025-10-09 16:42:18,505 [INFO] Época 2/30, Batch 150/3348, Loss: 0.1963
2025-10-09 16:42:18,770 [INFO] Época 2/30, Batch 200/3348, Loss: 0.1441
2025-10-09 16:42:19,032 [INFO] Época 2/30, Batch 250/3348, Loss: 0.1156
2025-10-09 16:42:19,294 [INFO] Época 2/30, Batch 300/3348, Loss: 0.1112
2025-10-09 16:42:19,556 [INFO] Época 2/30, Batch 350/3348, Loss: 0.1002
2025-10-09 16:42:19,817 [INFO] Época 2/30, Batch 400/3348, Loss: 0.1214
2025-10-09 16:42:20,079 [INFO] Época 2/30, Batch 450/3348, Loss: 0.1196
2025-10-09 16:42:20,342 [INFO] Época 2/30, Batch 500/3348, Loss: 0.1784
2025-10-09 16:42:20,606 [INFO] Época 2/30, Batch 550/3348, Loss: 0.1143
2025-10-09 16:42:20,869 [INFO] Época 2/30, Batch 600/3348, Loss: 0.0983
2025-10-09 16:42:21,130 [INFO] Época 2/30, Batch 650/3348, Loss: 0.1021
2025-10-09 16:42:21,389 [INFO] Época 2/30, Batch 700/3348, Loss: 0.1510
2025-10-09 16:42:21,651 [INFO] Época 2/30, Batch 750/3348, Loss: 0.1455
2025-10-09 16:42:21,908 [INFO] Época 2/30, Batch 800/3348, Loss: 0.1413
2025-10-09 16:42:22,161 [INFO] Época 2/30, Batch 850/3348, Loss: 0.1054
2025-10-09 16:42:22,414 [INFO] Época 2/30, Batch 900/3348, Loss: 0.0785
2025-10-09 16:42:22,667 [INFO] Época 2/30, Batch 950/3348, Loss: 0.0943
2025-10-09 16:42:22,920 [INFO] Época 2/30, Batch 1000/3348, Loss: 0.1469
2025-10-09 16:42:23,174 [INFO] Época 2/30, Batch 1050/3348, Loss: 0.0935
2025-10-09 16:42:23,427 [INFO] Época 2/30, Batch 1100/3348, Loss: 0.1073
2025-10-09 16:42:23,679 [INFO] Época 2/30, Batch 1150/3348, Loss: 0.1370
2025-10-09 16:42:23,940 [INFO] Época 2/30, Batch 1200/3348, Loss: 0.1071
2025-10-09 16:42:24,203 [INFO] Época 2/30, Batch 1250/3348, Loss: 0.0932
2025-10-09 16:42:24,465 [INFO] Época 2/30, Batch 1300/3348, Loss: 0.1496
2025-10-09 16:42:24,730 [INFO] Época 2/30, Batch 1350/3348, Loss: 0.1650
2025-10-09 16:42:24,992 [INFO] Época 2/30, Batch 1400/3348, Loss: 0.1136
2025-10-09 16:42:25,257 [INFO] Época 2/30, Batch 1450/3348, Loss: 0.1675
2025-10-09 16:42:25,523 [INFO] Época 2/30, Batch 1500/3348, Loss: 0.1519
2025-10-09 16:42:25,788 [INFO] Época 2/30, Batch 1550/3348, Loss: 0.0976
2025-10-09 16:42:26,055 [INFO] Época 2/30, Batch 1600/3348, Loss: 0.0983
2025-10-09 16:42:26,320 [INFO] Época 2/30, Batch 1650/3348, Loss: 0.0898
2025-10-09 16:42:26,586 [INFO] Época 2/30, Batch 1700/3348, Loss: 0.1238
2025-10-09 16:42:26,854 [INFO] Época 2/30, Batch 1750/3348, Loss: 0.0970
2025-10-09 16:42:27,120 [INFO] Época 2/30, Batch 1800/3348, Loss: 0.1152
2025-10-09 16:42:27,384 [INFO] Época 2/30, Batch 1850/3348, Loss: 0.1045
2025-10-09 16:42:27,647 [INFO] Época 2/30, Batch 1900/3348, Loss: 0.1590
2025-10-09 16:42:27,912 [INFO] Época 2/30, Batch 1950/3348, Loss: 0.1117
2025-10-09 16:42:28,173 [INFO] Época 2/30, Batch 2000/3348, Loss: 0.1081
2025-10-09 16:42:28,435 [INFO] Época 2/30, Batch 2050/3348, Loss: 0.1246
2025-10-09 16:42:28,698 [INFO] Época 2/30, Batch 2100/3348, Loss: 0.1230
2025-10-09 16:42:28,972 [INFO] Época 2/30, Batch 2150/3348, Loss: 0.1548
2025-10-09 16:42:29,233 [INFO] Época 2/30, Batch 2200/3348, Loss: 0.1037
2025-10-09 16:42:29,495 [INFO] Época 2/30, Batch 2250/3348, Loss: 0.1307
2025-10-09 16:42:29,757 [INFO] Época 2/30, Batch 2300/3348, Loss: 0.1021
2025-10-09 16:42:30,022 [INFO] Época 2/30, Batch 2350/3348, Loss: 0.1336
2025-10-09 16:42:30,284 [INFO] Época 2/30, Batch 2400/3348, Loss: 0.1396
2025-10-09 16:42:30,546 [INFO] Época 2/30, Batch 2450/3348, Loss: 0.1105
2025-10-09 16:42:30,808 [INFO] Época 2/30, Batch 2500/3348, Loss: 0.1502
2025-10-09 16:42:31,072 [INFO] Época 2/30, Batch 2550/3348, Loss: 0.1257
2025-10-09 16:42:31,336 [INFO] Época 2/30, Batch 2600/3348, Loss: 0.1159
2025-10-09 16:42:31,600 [INFO] Época 2/30, Batch 2650/3348, Loss: 0.1845
2025-10-09 16:42:31,865 [INFO] Época 2/30, Batch 2700/3348, Loss: 0.1175
2025-10-09 16:42:32,130 [INFO] Época 2/30, Batch 2750/3348, Loss: 0.1109
2025-10-09 16:42:32,393 [INFO] Época 2/30, Batch 2800/3348, Loss: 0.1205
2025-10-09 16:42:32,657 [INFO] Época 2/30, Batch 2850/3348, Loss: 0.1234
2025-10-09 16:42:32,921 [INFO] Época 2/30, Batch 2900/3348, Loss: 0.1111
2025-10-09 16:42:33,184 [INFO] Época 2/30, Batch 2950/3348, Loss: 0.1789
2025-10-09 16:42:33,445 [INFO] Época 2/30, Batch 3000/3348, Loss: 0.1318
2025-10-09 16:42:33,708 [INFO] Época 2/30, Batch 3050/3348, Loss: 0.1171
2025-10-09 16:42:33,973 [INFO] Época 2/30, Batch 3100/3348, Loss: 0.1138
2025-10-09 16:42:34,238 [INFO] Época 2/30, Batch 3150/3348, Loss: 0.1198
2025-10-09 16:42:34,501 [INFO] Época 2/30, Batch 3200/3348, Loss: 0.1095
2025-10-09 16:42:34,764 [INFO] Época 2/30, Batch 3250/3348, Loss: 0.1731
2025-10-09 16:42:35,027 [INFO] Época 2/30, Batch 3300/3348, Loss: 0.1751
2025-10-09 16:42:36,694 [INFO] [2/30] Train Loss: 0.1289 | Val Loss: 0.1324 | Tempo: 19.19s
2025-10-09 16:42:37,162 [INFO] Época 3/30, Batch 50/3348, Loss: 0.0782
2025-10-09 16:42:37,431 [INFO] Época 3/30, Batch 100/3348, Loss: 0.0966
2025-10-09 16:42:37,698 [INFO] Época 3/30, Batch 150/3348, Loss: 0.1043
2025-10-09 16:42:37,964 [INFO] Época 3/30, Batch 200/3348, Loss: 0.1548
2025-10-09 16:42:38,228 [INFO] Época 3/30, Batch 250/3348, Loss: 0.1092
2025-10-09 16:42:38,494 [INFO] Época 3/30, Batch 300/3348, Loss: 0.1286
2025-10-09 16:42:38,758 [INFO] Época 3/30, Batch 350/3348, Loss: 0.0828
2025-10-09 16:42:39,017 [INFO] Época 3/30, Batch 400/3348, Loss: 0.1094
2025-10-09 16:42:39,274 [INFO] Época 3/30, Batch 450/3348, Loss: 0.0884
2025-10-09 16:42:39,532 [INFO] Época 3/30, Batch 500/3348, Loss: 0.1014
2025-10-09 16:42:39,788 [INFO] Época 3/30, Batch 550/3348, Loss: 0.1007
2025-10-09 16:42:40,049 [INFO] Época 3/30, Batch 600/3348, Loss: 0.1383
2025-10-09 16:42:40,312 [INFO] Época 3/30, Batch 650/3348, Loss: 0.1269
2025-10-09 16:42:40,575 [INFO] Época 3/30, Batch 700/3348, Loss: 0.1111
2025-10-09 16:42:40,833 [INFO] Época 3/30, Batch 750/3348, Loss: 0.0920
2025-10-09 16:42:41,088 [INFO] Época 3/30, Batch 800/3348, Loss: 0.0804
2025-10-09 16:42:41,342 [INFO] Época 3/30, Batch 850/3348, Loss: 0.1039
2025-10-09 16:42:41,601 [INFO] Época 3/30, Batch 900/3348, Loss: 0.1053
2025-10-09 16:42:41,862 [INFO] Época 3/30, Batch 950/3348, Loss: 0.1019
2025-10-09 16:42:42,120 [INFO] Época 3/30, Batch 1000/3348, Loss: 0.1000
2025-10-09 16:42:42,378 [INFO] Época 3/30, Batch 1050/3348, Loss: 0.1461
2025-10-09 16:42:42,635 [INFO] Época 3/30, Batch 1100/3348, Loss: 0.1230
2025-10-09 16:42:42,892 [INFO] Época 3/30, Batch 1150/3348, Loss: 0.0917
2025-10-09 16:42:43,154 [INFO] Época 3/30, Batch 1200/3348, Loss: 0.0978
2025-10-09 16:42:43,416 [INFO] Época 3/30, Batch 1250/3348, Loss: 0.0992
2025-10-09 16:42:43,677 [INFO] Época 3/30, Batch 1300/3348, Loss: 0.1451
2025-10-09 16:42:43,939 [INFO] Época 3/30, Batch 1350/3348, Loss: 0.0834
2025-10-09 16:42:44,200 [INFO] Época 3/30, Batch 1400/3348, Loss: 0.1147
2025-10-09 16:42:44,461 [INFO] Época 3/30, Batch 1450/3348, Loss: 0.0831
2025-10-09 16:42:44,721 [INFO] Época 3/30, Batch 1500/3348, Loss: 0.1415
2025-10-09 16:42:44,982 [INFO] Época 3/30, Batch 1550/3348, Loss: 0.1091
2025-10-09 16:42:45,242 [INFO] Época 3/30, Batch 1600/3348, Loss: 0.1174
2025-10-09 16:42:45,502 [INFO] Época 3/30, Batch 1650/3348, Loss: 0.1148
2025-10-09 16:42:45,762 [INFO] Época 3/30, Batch 1700/3348, Loss: 0.0966
2025-10-09 16:42:46,025 [INFO] Época 3/30, Batch 1750/3348, Loss: 0.1883
2025-10-09 16:42:46,286 [INFO] Época 3/30, Batch 1800/3348, Loss: 0.1052
2025-10-09 16:42:46,549 [INFO] Época 3/30, Batch 1850/3348, Loss: 0.0903
2025-10-09 16:42:46,812 [INFO] Época 3/30, Batch 1900/3348, Loss: 0.0986
2025-10-09 16:42:47,074 [INFO] Época 3/30, Batch 1950/3348, Loss: 0.0933
2025-10-09 16:42:47,336 [INFO] Época 3/30, Batch 2000/3348, Loss: 0.0748
2025-10-09 16:42:47,597 [INFO] Época 3/30, Batch 2050/3348, Loss: 0.1337
2025-10-09 16:42:47,859 [INFO] Época 3/30, Batch 2100/3348, Loss: 0.1368
2025-10-09 16:42:48,122 [INFO] Época 3/30, Batch 2150/3348, Loss: 0.1124
2025-10-09 16:42:48,384 [INFO] Época 3/30, Batch 2200/3348, Loss: 0.1025
2025-10-09 16:42:48,646 [INFO] Época 3/30, Batch 2250/3348, Loss: 0.1161
2025-10-09 16:42:48,910 [INFO] Época 3/30, Batch 2300/3348, Loss: 0.1235
2025-10-09 16:42:49,172 [INFO] Época 3/30, Batch 2350/3348, Loss: 0.1140
2025-10-09 16:42:49,434 [INFO] Época 3/30, Batch 2400/3348, Loss: 0.1217
2025-10-09 16:42:49,697 [INFO] Época 3/30, Batch 2450/3348, Loss: 0.0997
2025-10-09 16:42:49,956 [INFO] Época 3/30, Batch 2500/3348, Loss: 0.1186
2025-10-09 16:42:50,219 [INFO] Época 3/30, Batch 2550/3348, Loss: 0.0640
2025-10-09 16:42:50,481 [INFO] Época 3/30, Batch 2600/3348, Loss: 0.1180
2025-10-09 16:42:50,745 [INFO] Época 3/30, Batch 2650/3348, Loss: 0.1160
2025-10-09 16:42:51,007 [INFO] Época 3/30, Batch 2700/3348, Loss: 0.1103
2025-10-09 16:42:51,269 [INFO] Época 3/30, Batch 2750/3348, Loss: 0.1270
2025-10-09 16:42:51,530 [INFO] Época 3/30, Batch 2800/3348, Loss: 0.1478
2025-10-09 16:42:51,794 [INFO] Época 3/30, Batch 2850/3348, Loss: 0.0974
2025-10-09 16:42:52,056 [INFO] Época 3/30, Batch 2900/3348, Loss: 0.0912
2025-10-09 16:42:52,315 [INFO] Época 3/30, Batch 2950/3348, Loss: 0.0992
2025-10-09 16:42:52,577 [INFO] Época 3/30, Batch 3000/3348, Loss: 0.0785
2025-10-09 16:42:52,838 [INFO] Época 3/30, Batch 3050/3348, Loss: 0.1206
2025-10-09 16:42:53,099 [INFO] Época 3/30, Batch 3100/3348, Loss: 0.1182
2025-10-09 16:42:53,361 [INFO] Época 3/30, Batch 3150/3348, Loss: 0.1070
2025-10-09 16:42:53,619 [INFO] Época 3/30, Batch 3200/3348, Loss: 0.1282
2025-10-09 16:42:53,878 [INFO] Época 3/30, Batch 3250/3348, Loss: 0.1360
2025-10-09 16:42:54,138 [INFO] Época 3/30, Batch 3300/3348, Loss: 0.1260
2025-10-09 16:42:55,826 [INFO] [3/30] Train Loss: 0.1189 | Val Loss: 0.1210 | Tempo: 19.13s
2025-10-09 16:42:55,831 [INFO] Melhor modelo salvo em: /mnt/hdd/home/jdurao/ToolBox-ChemXAI/models/mlp_qm9_Morgan_att1_large.pth
2025-10-09 16:42:56,305 [INFO] Época 4/30, Batch 50/3348, Loss: 0.1120
2025-10-09 16:42:56,577 [INFO] Época 4/30, Batch 100/3348, Loss: 0.0952
2025-10-09 16:42:56,847 [INFO] Época 4/30, Batch 150/3348, Loss: 0.0911
2025-10-09 16:42:57,114 [INFO] Época 4/30, Batch 200/3348, Loss: 0.1109
2025-10-09 16:42:57,379 [INFO] Época 4/30, Batch 250/3348, Loss: 0.0782
2025-10-09 16:42:57,649 [INFO] Época 4/30, Batch 300/3348, Loss: 0.0829
2025-10-09 16:42:57,920 [INFO] Época 4/30, Batch 350/3348, Loss: 0.0760
2025-10-09 16:42:58,183 [INFO] Época 4/30, Batch 400/3348, Loss: 0.0840
2025-10-09 16:42:58,444 [INFO] Época 4/30, Batch 450/3348, Loss: 0.1155
2025-10-09 16:42:58,708 [INFO] Época 4/30, Batch 500/3348, Loss: 0.1023
2025-10-09 16:42:58,974 [INFO] Época 4/30, Batch 550/3348, Loss: 0.1532
2025-10-09 16:42:59,247 [INFO] Época 4/30, Batch 600/3348, Loss: 0.1298
2025-10-09 16:42:59,517 [INFO] Época 4/30, Batch 650/3348, Loss: 0.0749
2025-10-09 16:42:59,788 [INFO] Época 4/30, Batch 700/3348, Loss: 0.0890
2025-10-09 16:43:00,053 [INFO] Época 4/30, Batch 750/3348, Loss: 0.0927
2025-10-09 16:43:00,316 [INFO] Época 4/30, Batch 800/3348, Loss: 0.1379
2025-10-09 16:43:00,577 [INFO] Época 4/30, Batch 850/3348, Loss: 0.0765
2025-10-09 16:43:00,836 [INFO] Época 4/30, Batch 900/3348, Loss: 0.0946
2025-10-09 16:43:01,108 [INFO] Época 4/30, Batch 950/3348, Loss: 0.1494
2025-10-09 16:43:01,381 [INFO] Época 4/30, Batch 1000/3348, Loss: 0.0865
2025-10-09 16:43:01,652 [INFO] Época 4/30, Batch 1050/3348, Loss: 0.0783
2025-10-09 16:43:01,923 [INFO] Época 4/30, Batch 1100/3348, Loss: 0.1153
2025-10-09 16:43:02,194 [INFO] Época 4/30, Batch 1150/3348, Loss: 0.0959
2025-10-09 16:43:02,467 [INFO] Época 4/30, Batch 1200/3348, Loss: 0.1359
2025-10-09 16:43:02,734 [INFO] Época 4/30, Batch 1250/3348, Loss: 0.1182
2025-10-09 16:43:02,999 [INFO] Época 4/30, Batch 1300/3348, Loss: 0.1123
2025-10-09 16:43:03,271 [INFO] Época 4/30, Batch 1350/3348, Loss: 0.1030
2025-10-09 16:43:03,542 [INFO] Época 4/30, Batch 1400/3348, Loss: 0.1435
2025-10-09 16:43:03,806 [INFO] Época 4/30, Batch 1450/3348, Loss: 0.2377
2025-10-09 16:43:04,068 [INFO] Época 4/30, Batch 1500/3348, Loss: 0.0966
2025-10-09 16:43:04,330 [INFO] Época 4/30, Batch 1550/3348, Loss: 0.1016
2025-10-09 16:43:04,592 [INFO] Época 4/30, Batch 1600/3348, Loss: 0.1139
2025-10-09 16:43:04,859 [INFO] Época 4/30, Batch 1650/3348, Loss: 0.1341
2025-10-09 16:43:05,131 [INFO] Época 4/30, Batch 1700/3348, Loss: 0.1173
2025-10-09 16:43:05,402 [INFO] Época 4/30, Batch 1750/3348, Loss: 0.1054
2025-10-09 16:43:05,671 [INFO] Época 4/30, Batch 1800/3348, Loss: 0.1172
2025-10-09 16:43:05,943 [INFO] Época 4/30, Batch 1850/3348, Loss: 0.1068
2025-10-09 16:43:06,213 [INFO] Época 4/30, Batch 1900/3348, Loss: 0.1217
2025-10-09 16:43:06,482 [INFO] Época 4/30, Batch 1950/3348, Loss: 0.1012
2025-10-09 16:43:06,744 [INFO] Época 4/30, Batch 2000/3348, Loss: 0.1244
2025-10-09 16:43:07,003 [INFO] Época 4/30, Batch 2050/3348, Loss: 0.0669
2025-10-09 16:43:07,263 [INFO] Época 4/30, Batch 2100/3348, Loss: 0.0987
2025-10-09 16:43:07,524 [INFO] Época 4/30, Batch 2150/3348, Loss: 0.0888
2025-10-09 16:43:07,784 [INFO] Época 4/30, Batch 2200/3348, Loss: 0.1106
2025-10-09 16:43:08,054 [INFO] Época 4/30, Batch 2250/3348, Loss: 0.0831
2025-10-09 16:43:08,321 [INFO] Época 4/30, Batch 2300/3348, Loss: 0.0895
2025-10-09 16:43:08,592 [INFO] Época 4/30, Batch 2350/3348, Loss: 0.1368
2025-10-09 16:43:08,863 [INFO] Época 4/30, Batch 2400/3348, Loss: 0.1341
2025-10-09 16:43:09,133 [INFO] Época 4/30, Batch 2450/3348, Loss: 0.1201
2025-10-09 16:43:09,401 [INFO] Época 4/30, Batch 2500/3348, Loss: 0.1071
2025-10-09 16:43:09,671 [INFO] Época 4/30, Batch 2550/3348, Loss: 0.0868
2025-10-09 16:43:09,939 [INFO] Época 4/30, Batch 2600/3348, Loss: 0.1297
2025-10-09 16:43:10,209 [INFO] Época 4/30, Batch 2650/3348, Loss: 0.4550
2025-10-09 16:43:10,477 [INFO] Época 4/30, Batch 2700/3348, Loss: 0.1144
2025-10-09 16:43:10,752 [INFO] Época 4/30, Batch 2750/3348, Loss: 0.0671
2025-10-09 16:43:11,028 [INFO] Época 4/30, Batch 2800/3348, Loss: 0.0804
2025-10-09 16:43:11,305 [INFO] Época 4/30, Batch 2850/3348, Loss: 0.1105
2025-10-09 16:43:11,582 [INFO] Época 4/30, Batch 2900/3348, Loss: 0.1007
2025-10-09 16:43:11,860 [INFO] Época 4/30, Batch 2950/3348, Loss: 0.1090
2025-10-09 16:43:12,136 [INFO] Época 4/30, Batch 3000/3348, Loss: 0.0834
2025-10-09 16:43:12,414 [INFO] Época 4/30, Batch 3050/3348, Loss: 0.1325
2025-10-09 16:43:12,693 [INFO] Época 4/30, Batch 3100/3348, Loss: 0.1073
2025-10-09 16:43:12,971 [INFO] Época 4/30, Batch 3150/3348, Loss: 0.1062
2025-10-09 16:43:13,252 [INFO] Época 4/30, Batch 3200/3348, Loss: 0.1248
2025-10-09 16:43:13,530 [INFO] Época 4/30, Batch 3250/3348, Loss: 0.1250
2025-10-09 16:43:13,810 [INFO] Época 4/30, Batch 3300/3348, Loss: 0.1401
2025-10-09 16:43:15,431 [INFO] [4/30] Train Loss: 0.1116 | Val Loss: 0.1151 | Tempo: 19.60s
2025-10-09 16:43:15,434 [INFO] Melhor modelo salvo em: /mnt/hdd/home/jdurao/ToolBox-ChemXAI/models/mlp_qm9_Morgan_att1_large.pth
2025-10-09 16:43:15,900 [INFO] Época 5/30, Batch 50/3348, Loss: 0.1069
2025-10-09 16:43:16,177 [INFO] Época 5/30, Batch 100/3348, Loss: 0.1259
2025-10-09 16:43:16,451 [INFO] Época 5/30, Batch 150/3348, Loss: 0.1265
2025-10-09 16:43:16,723 [INFO] Época 5/30, Batch 200/3348, Loss: 0.0803
2025-10-09 16:43:16,997 [INFO] Época 5/30, Batch 250/3348, Loss: 0.1067
2025-10-09 16:43:17,269 [INFO] Época 5/30, Batch 300/3348, Loss: 0.1016
2025-10-09 16:43:17,539 [INFO] Época 5/30, Batch 350/3348, Loss: 0.0941
2025-10-09 16:43:17,810 [INFO] Época 5/30, Batch 400/3348, Loss: 0.0834
2025-10-09 16:43:18,080 [INFO] Época 5/30, Batch 450/3348, Loss: 0.0807
2025-10-09 16:43:18,350 [INFO] Época 5/30, Batch 500/3348, Loss: 0.0917
2025-10-09 16:43:18,620 [INFO] Época 5/30, Batch 550/3348, Loss: 0.0742
2025-10-09 16:43:18,886 [INFO] Época 5/30, Batch 600/3348, Loss: 0.1197
2025-10-09 16:43:19,149 [INFO] Época 5/30, Batch 650/3348, Loss: 0.0927
2025-10-09 16:43:19,412 [INFO] Época 5/30, Batch 700/3348, Loss: 0.0996
2025-10-09 16:43:19,673 [INFO] Época 5/30, Batch 750/3348, Loss: 0.1105
2025-10-09 16:43:19,934 [INFO] Época 5/30, Batch 800/3348, Loss: 0.0751
2025-10-09 16:43:20,195 [INFO] Época 5/30, Batch 850/3348, Loss: 0.0851
2025-10-09 16:43:20,465 [INFO] Época 5/30, Batch 900/3348, Loss: 0.0731
2025-10-09 16:43:20,733 [INFO] Época 5/30, Batch 950/3348, Loss: 0.0799
2025-10-09 16:43:20,999 [INFO] Época 5/30, Batch 1000/3348, Loss: 0.1224
2025-10-09 16:43:21,265 [INFO] Época 5/30, Batch 1050/3348, Loss: 0.1142
2025-10-09 16:43:21,530 [INFO] Época 5/30, Batch 1100/3348, Loss: 0.0932
2025-10-09 16:43:21,797 [INFO] Época 5/30, Batch 1150/3348, Loss: 0.0932
2025-10-09 16:43:22,065 [INFO] Época 5/30, Batch 1200/3348, Loss: 0.0940
2025-10-09 16:43:22,336 [INFO] Época 5/30, Batch 1250/3348, Loss: 0.0857
2025-10-09 16:43:22,605 [INFO] Época 5/30, Batch 1300/3348, Loss: 0.1036
2025-10-09 16:43:22,872 [INFO] Época 5/30, Batch 1350/3348, Loss: 0.0900
2025-10-09 16:43:23,136 [INFO] Época 5/30, Batch 1400/3348, Loss: 0.1421
2025-10-09 16:43:23,400 [INFO] Época 5/30, Batch 1450/3348, Loss: 0.0999
2025-10-09 16:43:23,664 [INFO] Época 5/30, Batch 1500/3348, Loss: 0.0867
2025-10-09 16:43:23,927 [INFO] Época 5/30, Batch 1550/3348, Loss: 0.0958
2025-10-09 16:43:24,212 [INFO] Época 5/30, Batch 1600/3348, Loss: 0.1076
2025-10-09 16:43:24,490 [INFO] Época 5/30, Batch 1650/3348, Loss: 0.0838
2025-10-09 16:43:24,755 [INFO] Época 5/30, Batch 1700/3348, Loss: 0.1118
2025-10-09 16:43:25,019 [INFO] Época 5/30, Batch 1750/3348, Loss: 0.1480
2025-10-09 16:43:25,286 [INFO] Época 5/30, Batch 1800/3348, Loss: 0.0936
2025-10-09 16:43:25,551 [INFO] Época 5/30, Batch 1850/3348, Loss: 0.1040
2025-10-09 16:43:25,818 [INFO] Época 5/30, Batch 1900/3348, Loss: 0.0917
2025-10-09 16:43:26,085 [INFO] Época 5/30, Batch 1950/3348, Loss: 0.1081
2025-10-09 16:43:26,350 [INFO] Época 5/30, Batch 2000/3348, Loss: 0.1374
2025-10-09 16:43:26,618 [INFO] Época 5/30, Batch 2050/3348, Loss: 0.0987
2025-10-09 16:43:26,886 [INFO] Época 5/30, Batch 2100/3348, Loss: 0.0757
2025-10-09 16:43:27,154 [INFO] Época 5/30, Batch 2150/3348, Loss: 0.1339
2025-10-09 16:43:27,431 [INFO] Época 5/30, Batch 2200/3348, Loss: 0.0939
2025-10-09 16:43:27,708 [INFO] Época 5/30, Batch 2250/3348, Loss: 0.0993
2025-10-09 16:43:27,987 [INFO] Época 5/30, Batch 2300/3348, Loss: 0.0913
2025-10-09 16:43:28,263 [INFO] Época 5/30, Batch 2350/3348, Loss: 0.0618
2025-10-09 16:43:28,540 [INFO] Época 5/30, Batch 2400/3348, Loss: 0.0719
2025-10-09 16:43:28,822 [INFO] Época 5/30, Batch 2450/3348, Loss: 0.0829
2025-10-09 16:43:29,104 [INFO] Época 5/30, Batch 2500/3348, Loss: 0.0561
2025-10-09 16:43:29,386 [INFO] Época 5/30, Batch 2550/3348, Loss: 0.0847
2025-10-09 16:43:29,669 [INFO] Época 5/30, Batch 2600/3348, Loss: 0.0878
2025-10-09 16:43:29,950 [INFO] Época 5/30, Batch 2650/3348, Loss: 0.1080
2025-10-09 16:43:30,229 [INFO] Época 5/30, Batch 2700/3348, Loss: 0.0839
2025-10-09 16:43:30,509 [INFO] Época 5/30, Batch 2750/3348, Loss: 0.0749
2025-10-09 16:43:30,787 [INFO] Época 5/30, Batch 2800/3348, Loss: 0.0897
2025-10-09 16:43:31,067 [INFO] Época 5/30, Batch 2850/3348, Loss: 0.1078
2025-10-09 16:43:31,343 [INFO] Época 5/30, Batch 2900/3348, Loss: 0.0716
2025-10-09 16:43:31,622 [INFO] Época 5/30, Batch 2950/3348, Loss: 0.1237
2025-10-09 16:43:31,899 [INFO] Época 5/30, Batch 3000/3348, Loss: 0.0701
2025-10-09 16:43:32,180 [INFO] Época 5/30, Batch 3050/3348, Loss: 0.0942
2025-10-09 16:43:32,462 [INFO] Época 5/30, Batch 3100/3348, Loss: 0.0800
2025-10-09 16:43:32,741 [INFO] Época 5/30, Batch 3150/3348, Loss: 0.1247
2025-10-09 16:43:33,020 [INFO] Época 5/30, Batch 3200/3348, Loss: 0.1009
2025-10-09 16:43:33,297 [INFO] Época 5/30, Batch 3250/3348, Loss: 0.1289
2025-10-09 16:43:33,576 [INFO] Época 5/30, Batch 3300/3348, Loss: 0.0909
2025-10-09 16:43:35,223 [INFO] [5/30] Train Loss: 0.1058 | Val Loss: 0.1279 | Tempo: 19.79s
2025-10-09 16:43:35,711 [INFO] Época 6/30, Batch 50/3348, Loss: 0.1045
2025-10-09 16:43:36,001 [INFO] Época 6/30, Batch 100/3348, Loss: 0.1154
2025-10-09 16:43:36,281 [INFO] Época 6/30, Batch 150/3348, Loss: 0.0852
2025-10-09 16:43:36,560 [INFO] Época 6/30, Batch 200/3348, Loss: 0.0823
2025-10-09 16:43:36,837 [INFO] Época 6/30, Batch 250/3348, Loss: 0.0941
2025-10-09 16:43:37,114 [INFO] Época 6/30, Batch 300/3348, Loss: 0.0840
2025-10-09 16:43:37,392 [INFO] Época 6/30, Batch 350/3348, Loss: 0.1064
2025-10-09 16:43:37,668 [INFO] Época 6/30, Batch 400/3348, Loss: 0.0970
2025-10-09 16:43:37,934 [INFO] Época 6/30, Batch 450/3348, Loss: 0.1025
2025-10-09 16:43:38,195 [INFO] Época 6/30, Batch 500/3348, Loss: 0.1091
2025-10-09 16:43:38,456 [INFO] Época 6/30, Batch 550/3348, Loss: 0.1271
2025-10-09 16:43:38,717 [INFO] Época 6/30, Batch 600/3348, Loss: 0.0961
2025-10-09 16:43:38,981 [INFO] Época 6/30, Batch 650/3348, Loss: 0.1104
2025-10-09 16:43:39,243 [INFO] Época 6/30, Batch 700/3348, Loss: 0.0645
2025-10-09 16:43:39,506 [INFO] Época 6/30, Batch 750/3348, Loss: 0.1416
2025-10-09 16:43:39,768 [INFO] Época 6/30, Batch 800/3348, Loss: 0.1074
2025-10-09 16:43:40,031 [INFO] Época 6/30, Batch 850/3348, Loss: 0.1478
2025-10-09 16:43:40,292 [INFO] Época 6/30, Batch 900/3348, Loss: 0.1093
2025-10-09 16:43:40,554 [INFO] Época 6/30, Batch 950/3348, Loss: 0.0629
2025-10-09 16:43:40,834 [INFO] Época 6/30, Batch 1000/3348, Loss: 0.1231
2025-10-09 16:43:41,112 [INFO] Época 6/30, Batch 1050/3348, Loss: 0.0778
2025-10-09 16:43:41,383 [INFO] Época 6/30, Batch 1100/3348, Loss: 0.0984
2025-10-09 16:43:41,655 [INFO] Época 6/30, Batch 1150/3348, Loss: 0.0848
2025-10-09 16:43:41,929 [INFO] Época 6/30, Batch 1200/3348, Loss: 0.1435
2025-10-09 16:43:42,204 [INFO] Época 6/30, Batch 1250/3348, Loss: 0.0658
2025-10-09 16:43:42,474 [INFO] Época 6/30, Batch 1300/3348, Loss: 0.1406
2025-10-09 16:43:42,745 [INFO] Época 6/30, Batch 1350/3348, Loss: 0.0830
2025-10-09 16:43:43,016 [INFO] Época 6/30, Batch 1400/3348, Loss: 0.1142
2025-10-09 16:43:43,291 [INFO] Época 6/30, Batch 1450/3348, Loss: 0.0905
2025-10-09 16:43:43,564 [INFO] Época 6/30, Batch 1500/3348, Loss: 0.1128
2025-10-09 16:43:43,838 [INFO] Época 6/30, Batch 1550/3348, Loss: 0.0950
2025-10-09 16:43:44,111 [INFO] Época 6/30, Batch 1600/3348, Loss: 0.0775
2025-10-09 16:43:44,385 [INFO] Época 6/30, Batch 1650/3348, Loss: 0.0917
2025-10-09 16:43:44,659 [INFO] Época 6/30, Batch 1700/3348, Loss: 0.0841
2025-10-09 16:43:44,932 [INFO] Época 6/30, Batch 1750/3348, Loss: 0.0639
2025-10-09 16:43:45,204 [INFO] Época 6/30, Batch 1800/3348, Loss: 0.1160
2025-10-09 16:43:45,465 [INFO] Época 6/30, Batch 1850/3348, Loss: 0.1093
2025-10-09 16:43:45,725 [INFO] Época 6/30, Batch 1900/3348, Loss: 0.1027
2025-10-09 16:43:45,989 [INFO] Época 6/30, Batch 1950/3348, Loss: 0.0771
2025-10-09 16:43:46,256 [INFO] Época 6/30, Batch 2000/3348, Loss: 0.1060
2025-10-09 16:43:46,521 [INFO] Época 6/30, Batch 2050/3348, Loss: 0.0808
2025-10-09 16:43:46,788 [INFO] Época 6/30, Batch 2100/3348, Loss: 0.0866
2025-10-09 16:43:47,055 [INFO] Época 6/30, Batch 2150/3348, Loss: 0.1043
2025-10-09 16:43:47,320 [INFO] Época 6/30, Batch 2200/3348, Loss: 0.1123
2025-10-09 16:43:47,588 [INFO] Época 6/30, Batch 2250/3348, Loss: 0.0850
2025-10-09 16:43:47,868 [INFO] Época 6/30, Batch 2300/3348, Loss: 0.0725
2025-10-09 16:43:48,153 [INFO] Época 6/30, Batch 2350/3348, Loss: 0.1067
2025-10-09 16:43:48,435 [INFO] Época 6/30, Batch 2400/3348, Loss: 0.0812
2025-10-09 16:43:48,719 [INFO] Época 6/30, Batch 2450/3348, Loss: 0.0807
2025-10-09 16:43:48,995 [INFO] Época 6/30, Batch 2500/3348, Loss: 0.0959
2025-10-09 16:43:49,269 [INFO] Época 6/30, Batch 2550/3348, Loss: 0.0869
2025-10-09 16:43:49,541 [INFO] Época 6/30, Batch 2600/3348, Loss: 0.0714
2025-10-09 16:43:49,814 [INFO] Época 6/30, Batch 2650/3348, Loss: 0.0937
2025-10-09 16:43:50,093 [INFO] Época 6/30, Batch 2700/3348, Loss: 0.1006
2025-10-09 16:43:50,374 [INFO] Época 6/30, Batch 2750/3348, Loss: 0.0854
2025-10-09 16:43:50,648 [INFO] Época 6/30, Batch 2800/3348, Loss: 0.0909
2025-10-09 16:43:50,924 [INFO] Época 6/30, Batch 2850/3348, Loss: 0.1055
2025-10-09 16:43:51,196 [INFO] Época 6/30, Batch 2900/3348, Loss: 0.1231
2025-10-09 16:43:51,468 [INFO] Época 6/30, Batch 2950/3348, Loss: 0.1177
2025-10-09 16:43:51,740 [INFO] Época 6/30, Batch 3000/3348, Loss: 0.0926
2025-10-09 16:43:52,013 [INFO] Época 6/30, Batch 3050/3348, Loss: 0.0739
2025-10-09 16:43:52,285 [INFO] Época 6/30, Batch 3100/3348, Loss: 0.0660
2025-10-09 16:43:52,556 [INFO] Época 6/30, Batch 3150/3348, Loss: 0.1344
2025-10-09 16:43:52,828 [INFO] Época 6/30, Batch 3200/3348, Loss: 0.0819
2025-10-09 16:43:53,106 [INFO] Época 6/30, Batch 3250/3348, Loss: 0.0926
2025-10-09 16:43:53,382 [INFO] Época 6/30, Batch 3300/3348, Loss: 0.0883
2025-10-09 16:43:54,982 [INFO] [6/30] Train Loss: 0.1007 | Val Loss: 0.1207 | Tempo: 19.76s
2025-10-09 16:43:55,469 [INFO] Época 7/30, Batch 50/3348, Loss: 0.0821
2025-10-09 16:43:55,750 [INFO] Época 7/30, Batch 100/3348, Loss: 0.1140
2025-10-09 16:43:56,025 [INFO] Época 7/30, Batch 150/3348, Loss: 0.0762
2025-10-09 16:43:56,304 [INFO] Época 7/30, Batch 200/3348, Loss: 0.0986
2025-10-09 16:43:56,583 [INFO] Época 7/30, Batch 250/3348, Loss: 0.0766
2025-10-09 16:43:56,864 [INFO] Época 7/30, Batch 300/3348, Loss: 0.0851
2025-10-09 16:43:57,141 [INFO] Época 7/30, Batch 350/3348, Loss: 0.1353
2025-10-09 16:43:57,419 [INFO] Época 7/30, Batch 400/3348, Loss: 0.1071
2025-10-09 16:43:57,687 [INFO] Época 7/30, Batch 450/3348, Loss: 0.0691
2025-10-09 16:43:57,951 [INFO] Época 7/30, Batch 500/3348, Loss: 0.0709
2025-10-09 16:43:58,213 [INFO] Época 7/30, Batch 550/3348, Loss: 0.0940
2025-10-09 16:43:58,474 [INFO] Época 7/30, Batch 600/3348, Loss: 0.0780
2025-10-09 16:43:58,742 [INFO] Época 7/30, Batch 650/3348, Loss: 0.0900
2025-10-09 16:43:59,006 [INFO] Época 7/30, Batch 700/3348, Loss: 0.0846
2025-10-09 16:43:59,271 [INFO] Época 7/30, Batch 750/3348, Loss: 0.0685
2025-10-09 16:43:59,533 [INFO] Época 7/30, Batch 800/3348, Loss: 0.0753
2025-10-09 16:43:59,796 [INFO] Época 7/30, Batch 850/3348, Loss: 0.1062
2025-10-09 16:44:00,058 [INFO] Época 7/30, Batch 900/3348, Loss: 0.0678
2025-10-09 16:44:00,320 [INFO] Época 7/30, Batch 950/3348, Loss: 0.0551
2025-10-09 16:44:00,584 [INFO] Época 7/30, Batch 1000/3348, Loss: 0.1340
2025-10-09 16:44:00,847 [INFO] Época 7/30, Batch 1050/3348, Loss: 0.0599
2025-10-09 16:44:01,111 [INFO] Época 7/30, Batch 1100/3348, Loss: 0.0676
2025-10-09 16:44:01,373 [INFO] Época 7/30, Batch 1150/3348, Loss: 0.0823
2025-10-09 16:44:01,638 [INFO] Época 7/30, Batch 1200/3348, Loss: 0.0706
2025-10-09 16:44:01,901 [INFO] Época 7/30, Batch 1250/3348, Loss: 0.0597
2025-10-09 16:44:02,164 [INFO] Época 7/30, Batch 1300/3348, Loss: 0.1313
2025-10-09 16:44:02,427 [INFO] Época 7/30, Batch 1350/3348, Loss: 0.0559
2025-10-09 16:44:02,687 [INFO] Época 7/30, Batch 1400/3348, Loss: 0.0855
2025-10-09 16:44:02,949 [INFO] Época 7/30, Batch 1450/3348, Loss: 0.0730
2025-10-09 16:44:03,214 [INFO] Época 7/30, Batch 1500/3348, Loss: 0.0903
2025-10-09 16:44:03,478 [INFO] Época 7/30, Batch 1550/3348, Loss: 0.1075
2025-10-09 16:44:03,740 [INFO] Época 7/30, Batch 1600/3348, Loss: 0.0873
2025-10-09 16:44:04,003 [INFO] Época 7/30, Batch 1650/3348, Loss: 0.0936
2025-10-09 16:44:04,266 [INFO] Época 7/30, Batch 1700/3348, Loss: 0.1062
2025-10-09 16:44:04,530 [INFO] Época 7/30, Batch 1750/3348, Loss: 0.0764
2025-10-09 16:44:04,793 [INFO] Época 7/30, Batch 1800/3348, Loss: 0.0957
2025-10-09 16:44:05,054 [INFO] Época 7/30, Batch 1850/3348, Loss: 0.0800
2025-10-09 16:44:05,316 [INFO] Época 7/30, Batch 1900/3348, Loss: 0.1004
2025-10-09 16:44:05,578 [INFO] Época 7/30, Batch 1950/3348, Loss: 0.0670
2025-10-09 16:44:05,841 [INFO] Época 7/30, Batch 2000/3348, Loss: 0.0746
2025-10-09 16:44:06,103 [INFO] Época 7/30, Batch 2050/3348, Loss: 0.0964
2025-10-09 16:44:06,365 [INFO] Época 7/30, Batch 2100/3348, Loss: 0.0793
2025-10-09 16:44:06,623 [INFO] Época 7/30, Batch 2150/3348, Loss: 0.0785
2025-10-09 16:44:06,888 [INFO] Época 7/30, Batch 2200/3348, Loss: 0.0946
2025-10-09 16:44:07,151 [INFO] Época 7/30, Batch 2250/3348, Loss: 0.0939
2025-10-09 16:44:07,413 [INFO] Época 7/30, Batch 2300/3348, Loss: 0.1338
2025-10-09 16:44:07,675 [INFO] Época 7/30, Batch 2350/3348, Loss: 0.0750
2025-10-09 16:44:07,941 [INFO] Época 7/30, Batch 2400/3348, Loss: 0.0637
2025-10-09 16:44:08,204 [INFO] Época 7/30, Batch 2450/3348, Loss: 0.0989
2025-10-09 16:44:08,468 [INFO] Época 7/30, Batch 2500/3348, Loss: 0.1197
2025-10-09 16:44:08,731 [INFO] Época 7/30, Batch 2550/3348, Loss: 0.1027
2025-10-09 16:44:08,993 [INFO] Época 7/30, Batch 2600/3348, Loss: 0.1099
2025-10-09 16:44:09,256 [INFO] Época 7/30, Batch 2650/3348, Loss: 0.0783
2025-10-09 16:44:09,519 [INFO] Época 7/30, Batch 2700/3348, Loss: 0.0797
2025-10-09 16:44:09,780 [INFO] Época 7/30, Batch 2750/3348, Loss: 0.0519
2025-10-09 16:44:10,045 [INFO] Época 7/30, Batch 2800/3348, Loss: 0.0741
2025-10-09 16:44:10,307 [INFO] Época 7/30, Batch 2850/3348, Loss: 0.0703
2025-10-09 16:44:10,569 [INFO] Época 7/30, Batch 2900/3348, Loss: 0.0872
2025-10-09 16:44:10,841 [INFO] Época 7/30, Batch 2950/3348, Loss: 0.1176
2025-10-09 16:44:11,111 [INFO] Época 7/30, Batch 3000/3348, Loss: 0.0964
2025-10-09 16:44:11,379 [INFO] Época 7/30, Batch 3050/3348, Loss: 0.0903
2025-10-09 16:44:11,642 [INFO] Época 7/30, Batch 3100/3348, Loss: 0.1092
2025-10-09 16:44:11,905 [INFO] Época 7/30, Batch 3150/3348, Loss: 0.1094
2025-10-09 16:44:12,167 [INFO] Época 7/30, Batch 3200/3348, Loss: 0.0964
2025-10-09 16:44:12,428 [INFO] Época 7/30, Batch 3250/3348, Loss: 0.0776
2025-10-09 16:44:12,690 [INFO] Época 7/30, Batch 3300/3348, Loss: 0.0954
2025-10-09 16:44:14,317 [INFO] [7/30] Train Loss: 0.0972 | Val Loss: 0.1302 | Tempo: 19.33s
2025-10-09 16:44:14,781 [INFO] Época 8/30, Batch 50/3348, Loss: 0.1012
2025-10-09 16:44:15,053 [INFO] Época 8/30, Batch 100/3348, Loss: 0.0767
2025-10-09 16:44:15,326 [INFO] Época 8/30, Batch 150/3348, Loss: 0.0874
2025-10-09 16:44:15,596 [INFO] Época 8/30, Batch 200/3348, Loss: 0.0674
2025-10-09 16:44:15,882 [INFO] Época 8/30, Batch 250/3348, Loss: 0.0788
2025-10-09 16:44:16,168 [INFO] Época 8/30, Batch 300/3348, Loss: 0.0832
2025-10-09 16:44:16,453 [INFO] Época 8/30, Batch 350/3348, Loss: 0.0748
2025-10-09 16:44:16,739 [INFO] Época 8/30, Batch 400/3348, Loss: 0.0964
2025-10-09 16:44:17,022 [INFO] Época 8/30, Batch 450/3348, Loss: 0.0896
2025-10-09 16:44:17,308 [INFO] Época 8/30, Batch 500/3348, Loss: 0.0755
2025-10-09 16:44:17,592 [INFO] Época 8/30, Batch 550/3348, Loss: 0.0846
2025-10-09 16:44:17,876 [INFO] Época 8/30, Batch 600/3348, Loss: 0.0696
2025-10-09 16:44:18,152 [INFO] Época 8/30, Batch 650/3348, Loss: 0.0959
2025-10-09 16:44:18,416 [INFO] Época 8/30, Batch 700/3348, Loss: 0.0612
2025-10-09 16:44:18,687 [INFO] Época 8/30, Batch 750/3348, Loss: 0.0713
2025-10-09 16:44:18,970 [INFO] Época 8/30, Batch 800/3348, Loss: 0.0639
2025-10-09 16:44:19,253 [INFO] Época 8/30, Batch 850/3348, Loss: 0.0964
2025-10-09 16:44:19,534 [INFO] Época 8/30, Batch 900/3348, Loss: 0.0851
2025-10-09 16:44:19,800 [INFO] Época 8/30, Batch 950/3348, Loss: 0.0938
2025-10-09 16:44:20,061 [INFO] Época 8/30, Batch 1000/3348, Loss: 0.1029
2025-10-09 16:44:20,322 [INFO] Época 8/30, Batch 1050/3348, Loss: 0.0890
2025-10-09 16:44:20,583 [INFO] Época 8/30, Batch 1100/3348, Loss: 0.1096
2025-10-09 16:44:20,847 [INFO] Época 8/30, Batch 1150/3348, Loss: 0.0915
2025-10-09 16:44:21,108 [INFO] Época 8/30, Batch 1200/3348, Loss: 0.1107
2025-10-09 16:44:21,375 [INFO] Época 8/30, Batch 1250/3348, Loss: 0.0807
2025-10-09 16:44:21,640 [INFO] Época 8/30, Batch 1300/3348, Loss: 0.0719
2025-10-09 16:44:21,905 [INFO] Época 8/30, Batch 1350/3348, Loss: 0.0852
2025-10-09 16:44:22,170 [INFO] Época 8/30, Batch 1400/3348, Loss: 0.0811
2025-10-09 16:44:22,433 [INFO] Época 8/30, Batch 1450/3348, Loss: 0.0816
2025-10-09 16:44:22,700 [INFO] Época 8/30, Batch 1500/3348, Loss: 0.0758
2025-10-09 16:44:22,967 [INFO] Época 8/30, Batch 1550/3348, Loss: 0.0774
2025-10-09 16:44:23,233 [INFO] Época 8/30, Batch 1600/3348, Loss: 0.0778
2025-10-09 16:44:23,499 [INFO] Época 8/30, Batch 1650/3348, Loss: 0.1124
2025-10-09 16:44:23,767 [INFO] Época 8/30, Batch 1700/3348, Loss: 0.0880
2025-10-09 16:44:24,031 [INFO] Época 8/30, Batch 1750/3348, Loss: 0.1166
2025-10-09 16:44:24,300 [INFO] Época 8/30, Batch 1800/3348, Loss: 0.0776
2025-10-09 16:44:24,567 [INFO] Época 8/30, Batch 1850/3348, Loss: 0.0785
2025-10-09 16:44:24,835 [INFO] Época 8/30, Batch 1900/3348, Loss: 0.0865
2025-10-09 16:44:25,102 [INFO] Época 8/30, Batch 1950/3348, Loss: 0.0967
2025-10-09 16:44:25,366 [INFO] Época 8/30, Batch 2000/3348, Loss: 0.1008
2025-10-09 16:44:25,630 [INFO] Época 8/30, Batch 2050/3348, Loss: 0.0977
2025-10-09 16:44:25,900 [INFO] Época 8/30, Batch 2100/3348, Loss: 0.0567
2025-10-09 16:44:26,171 [INFO] Época 8/30, Batch 2150/3348, Loss: 0.0663
2025-10-09 16:44:26,442 [INFO] Época 8/30, Batch 2200/3348, Loss: 0.0541
2025-10-09 16:44:26,712 [INFO] Época 8/30, Batch 2250/3348, Loss: 0.0722
2025-10-09 16:44:26,986 [INFO] Época 8/30, Batch 2300/3348, Loss: 0.0974
2025-10-09 16:44:27,258 [INFO] Época 8/30, Batch 2350/3348, Loss: 0.1054
2025-10-09 16:44:27,527 [INFO] Época 8/30, Batch 2400/3348, Loss: 0.0985
2025-10-09 16:44:27,796 [INFO] Época 8/30, Batch 2450/3348, Loss: 0.0905
2025-10-09 16:44:28,065 [INFO] Época 8/30, Batch 2500/3348, Loss: 0.1106
2025-10-09 16:44:28,336 [INFO] Época 8/30, Batch 2550/3348, Loss: 0.0962
2025-10-09 16:44:28,606 [INFO] Época 8/30, Batch 2600/3348, Loss: 0.0715
2025-10-09 16:44:28,868 [INFO] Época 8/30, Batch 2650/3348, Loss: 0.1072
2025-10-09 16:44:29,130 [INFO] Época 8/30, Batch 2700/3348, Loss: 0.0711
2025-10-09 16:44:29,393 [INFO] Época 8/30, Batch 2750/3348, Loss: 0.0668
2025-10-09 16:44:29,655 [INFO] Época 8/30, Batch 2800/3348, Loss: 0.0761
2025-10-09 16:44:29,920 [INFO] Época 8/30, Batch 2850/3348, Loss: 0.1109
2025-10-09 16:44:30,184 [INFO] Época 8/30, Batch 2900/3348, Loss: 0.0810
2025-10-09 16:44:30,449 [INFO] Época 8/30, Batch 2950/3348, Loss: 0.0512
2025-10-09 16:44:30,710 [INFO] Época 8/30, Batch 3000/3348, Loss: 0.0731
2025-10-09 16:44:30,970 [INFO] Época 8/30, Batch 3050/3348, Loss: 0.0639
2025-10-09 16:44:31,231 [INFO] Época 8/30, Batch 3100/3348, Loss: 0.0733
2025-10-09 16:44:31,490 [INFO] Época 8/30, Batch 3150/3348, Loss: 0.0849
2025-10-09 16:44:31,749 [INFO] Época 8/30, Batch 3200/3348, Loss: 0.1270
2025-10-09 16:44:32,012 [INFO] Época 8/30, Batch 3250/3348, Loss: 0.0639
2025-10-09 16:44:32,274 [INFO] Época 8/30, Batch 3300/3348, Loss: 0.0887
2025-10-09 16:44:33,860 [INFO] [8/30] Train Loss: 0.0936 | Val Loss: 0.1272 | Tempo: 19.54s
2025-10-09 16:44:34,360 [INFO] Época 9/30, Batch 50/3348, Loss: 0.0738
2025-10-09 16:44:34,657 [INFO] Época 9/30, Batch 100/3348, Loss: 0.1046
2025-10-09 16:44:34,950 [INFO] Época 9/30, Batch 150/3348, Loss: 0.1074
2025-10-09 16:44:35,241 [INFO] Época 9/30, Batch 200/3348, Loss: 0.0740
2025-10-09 16:44:35,531 [INFO] Época 9/30, Batch 250/3348, Loss: 0.0551
2025-10-09 16:44:35,822 [INFO] Época 9/30, Batch 300/3348, Loss: 0.0904
2025-10-09 16:44:36,113 [INFO] Época 9/30, Batch 350/3348, Loss: 0.0751
2025-10-09 16:44:36,402 [INFO] Época 9/30, Batch 400/3348, Loss: 0.0769
2025-10-09 16:44:36,698 [INFO] Época 9/30, Batch 450/3348, Loss: 0.0714
2025-10-09 16:44:36,982 [INFO] Época 9/30, Batch 500/3348, Loss: 0.0772
2025-10-09 16:44:37,273 [INFO] Época 9/30, Batch 550/3348, Loss: 0.1318
2025-10-09 16:44:37,558 [INFO] Época 9/30, Batch 600/3348, Loss: 0.1120
2025-10-09 16:44:37,842 [INFO] Época 9/30, Batch 650/3348, Loss: 0.1094
2025-10-09 16:44:38,130 [INFO] Época 9/30, Batch 700/3348, Loss: 0.0779
2025-10-09 16:44:38,411 [INFO] Época 9/30, Batch 750/3348, Loss: 0.0749
2025-10-09 16:44:38,693 [INFO] Época 9/30, Batch 800/3348, Loss: 0.0667
2025-10-09 16:44:38,973 [INFO] Época 9/30, Batch 850/3348, Loss: 0.0760
2025-10-09 16:44:39,265 [INFO] Época 9/30, Batch 900/3348, Loss: 0.0795
2025-10-09 16:44:39,541 [INFO] Época 9/30, Batch 950/3348, Loss: 0.0670
2025-10-09 16:44:39,827 [INFO] Época 9/30, Batch 1000/3348, Loss: 0.0896
2025-10-09 16:44:40,084 [INFO] Época 9/30, Batch 1050/3348, Loss: 0.0932
2025-10-09 16:44:40,348 [INFO] Época 9/30, Batch 1100/3348, Loss: 0.0858
2025-10-09 16:44:40,611 [INFO] Época 9/30, Batch 1150/3348, Loss: 0.0981
2025-10-09 16:44:40,872 [INFO] Época 9/30, Batch 1200/3348, Loss: 0.0755
2025-10-09 16:44:41,135 [INFO] Época 9/30, Batch 1250/3348, Loss: 0.1056
2025-10-09 16:44:41,403 [INFO] Época 9/30, Batch 1300/3348, Loss: 0.0732
2025-10-09 16:44:41,672 [INFO] Época 9/30, Batch 1350/3348, Loss: 0.0829
2025-10-09 16:44:41,942 [INFO] Época 9/30, Batch 1400/3348, Loss: 0.0720
2025-10-09 16:44:42,213 [INFO] Época 9/30, Batch 1450/3348, Loss: 0.0660
2025-10-09 16:44:42,478 [INFO] Época 9/30, Batch 1500/3348, Loss: 0.0840
2025-10-09 16:44:42,740 [INFO] Época 9/30, Batch 1550/3348, Loss: 0.0694
2025-10-09 16:44:43,002 [INFO] Época 9/30, Batch 1600/3348, Loss: 0.0638
2025-10-09 16:44:43,264 [INFO] Época 9/30, Batch 1650/3348, Loss: 0.1238
2025-10-09 16:44:43,531 [INFO] Época 9/30, Batch 1700/3348, Loss: 0.1214
2025-10-09 16:44:43,794 [INFO] Época 9/30, Batch 1750/3348, Loss: 0.0826
2025-10-09 16:44:44,065 [INFO] Época 9/30, Batch 1800/3348, Loss: 0.1252
2025-10-09 16:44:44,338 [INFO] Época 9/30, Batch 1850/3348, Loss: 0.0880
2025-10-09 16:44:44,608 [INFO] Época 9/30, Batch 1900/3348, Loss: 0.0845
2025-10-09 16:44:44,879 [INFO] Época 9/30, Batch 1950/3348, Loss: 0.1003
2025-10-09 16:44:45,151 [INFO] Época 9/30, Batch 2000/3348, Loss: 0.0886
2025-10-09 16:44:45,422 [INFO] Época 9/30, Batch 2050/3348, Loss: 0.0688
2025-10-09 16:44:45,695 [INFO] Época 9/30, Batch 2100/3348, Loss: 0.0690
2025-10-09 16:44:45,966 [INFO] Época 9/30, Batch 2150/3348, Loss: 0.0494
2025-10-09 16:44:46,240 [INFO] Época 9/30, Batch 2200/3348, Loss: 0.0622
2025-10-09 16:44:46,512 [INFO] Época 9/30, Batch 2250/3348, Loss: 0.1028
2025-10-09 16:44:46,784 [INFO] Época 9/30, Batch 2300/3348, Loss: 0.1070
2025-10-09 16:44:47,050 [INFO] Época 9/30, Batch 2350/3348, Loss: 0.0787
2025-10-09 16:44:47,313 [INFO] Época 9/30, Batch 2400/3348, Loss: 0.0982
2025-10-09 16:44:47,576 [INFO] Época 9/30, Batch 2450/3348, Loss: 0.0593
2025-10-09 16:44:47,840 [INFO] Época 9/30, Batch 2500/3348, Loss: 0.0861
2025-10-09 16:44:48,100 [INFO] Época 9/30, Batch 2550/3348, Loss: 0.1226
2025-10-09 16:44:48,366 [INFO] Época 9/30, Batch 2600/3348, Loss: 0.0815
2025-10-09 16:44:48,635 [INFO] Época 9/30, Batch 2650/3348, Loss: 0.0930
2025-10-09 16:44:48,899 [INFO] Época 9/30, Batch 2700/3348, Loss: 0.0657
2025-10-09 16:44:49,162 [INFO] Época 9/30, Batch 2750/3348, Loss: 0.0776
2025-10-09 16:44:49,425 [INFO] Época 9/30, Batch 2800/3348, Loss: 0.0807
2025-10-09 16:44:49,689 [INFO] Época 9/30, Batch 2850/3348, Loss: 0.0658
2025-10-09 16:44:49,953 [INFO] Época 9/30, Batch 2900/3348, Loss: 0.0942
2025-10-09 16:44:50,216 [INFO] Época 9/30, Batch 2950/3348, Loss: 0.0617
2025-10-09 16:44:50,480 [INFO] Época 9/30, Batch 3000/3348, Loss: 0.1115
2025-10-09 16:44:50,743 [INFO] Época 9/30, Batch 3050/3348, Loss: 0.0799
2025-10-09 16:44:51,007 [INFO] Época 9/30, Batch 3100/3348, Loss: 0.1010
2025-10-09 16:44:51,272 [INFO] Época 9/30, Batch 3150/3348, Loss: 0.0579
2025-10-09 16:44:51,535 [INFO] Época 9/30, Batch 3200/3348, Loss: 0.0883
2025-10-09 16:44:51,799 [INFO] Época 9/30, Batch 3250/3348, Loss: 0.0889
2025-10-09 16:44:52,061 [INFO] Época 9/30, Batch 3300/3348, Loss: 0.0934
2025-10-09 16:44:53,762 [INFO] [9/30] Train Loss: 0.0908 | Val Loss: 0.1291 | Tempo: 19.90s
2025-10-09 16:44:54,247 [INFO] Época 10/30, Batch 50/3348, Loss: 0.0894
2025-10-09 16:44:54,523 [INFO] Época 10/30, Batch 100/3348, Loss: 0.0642
2025-10-09 16:44:54,803 [INFO] Época 10/30, Batch 150/3348, Loss: 0.0632
2025-10-09 16:44:55,084 [INFO] Época 10/30, Batch 200/3348, Loss: 0.0865
2025-10-09 16:44:55,361 [INFO] Época 10/30, Batch 250/3348, Loss: 0.0871
2025-10-09 16:44:55,641 [INFO] Época 10/30, Batch 300/3348, Loss: 0.0646
2025-10-09 16:44:55,915 [INFO] Época 10/30, Batch 350/3348, Loss: 0.0830
2025-10-09 16:44:56,187 [INFO] Época 10/30, Batch 400/3348, Loss: 0.0647
2025-10-09 16:44:56,457 [INFO] Época 10/30, Batch 450/3348, Loss: 0.0951
2025-10-09 16:44:56,728 [INFO] Época 10/30, Batch 500/3348, Loss: 0.1044
2025-10-09 16:44:57,000 [INFO] Época 10/30, Batch 550/3348, Loss: 0.0901
2025-10-09 16:44:57,278 [INFO] Época 10/30, Batch 600/3348, Loss: 0.0729
2025-10-09 16:44:57,554 [INFO] Época 10/30, Batch 650/3348, Loss: 0.0968
2025-10-09 16:44:57,823 [INFO] Época 10/30, Batch 700/3348, Loss: 0.1107
2025-10-09 16:44:58,087 [INFO] Época 10/30, Batch 750/3348, Loss: 0.0912
2025-10-09 16:44:58,356 [INFO] Época 10/30, Batch 800/3348, Loss: 0.0700
2025-10-09 16:44:58,627 [INFO] Época 10/30, Batch 850/3348, Loss: 0.0547
2025-10-09 16:44:58,894 [INFO] Época 10/30, Batch 900/3348, Loss: 0.0792
2025-10-09 16:44:59,161 [INFO] Época 10/30, Batch 950/3348, Loss: 0.0621
2025-10-09 16:44:59,420 [INFO] Época 10/30, Batch 1000/3348, Loss: 0.0580
2025-10-09 16:44:59,680 [INFO] Época 10/30, Batch 1050/3348, Loss: 0.1110
2025-10-09 16:44:59,940 [INFO] Época 10/30, Batch 1100/3348, Loss: 0.0795
2025-10-09 16:45:00,201 [INFO] Época 10/30, Batch 1150/3348, Loss: 0.0683
2025-10-09 16:45:00,479 [INFO] Época 10/30, Batch 1200/3348, Loss: 0.0515
2025-10-09 16:45:00,755 [INFO] Época 10/30, Batch 1250/3348, Loss: 0.0730
2025-10-09 16:45:01,033 [INFO] Época 10/30, Batch 1300/3348, Loss: 0.0621
2025-10-09 16:45:01,310 [INFO] Época 10/30, Batch 1350/3348, Loss: 0.0767
2025-10-09 16:45:01,586 [INFO] Época 10/30, Batch 1400/3348, Loss: 0.0622
2025-10-09 16:45:01,858 [INFO] Época 10/30, Batch 1450/3348, Loss: 0.0830
2025-10-09 16:45:02,129 [INFO] Época 10/30, Batch 1500/3348, Loss: 0.0843
2025-10-09 16:45:02,399 [INFO] Época 10/30, Batch 1550/3348, Loss: 0.0877
2025-10-09 16:45:02,667 [INFO] Época 10/30, Batch 1600/3348, Loss: 0.0835
2025-10-09 16:45:02,939 [INFO] Época 10/30, Batch 1650/3348, Loss: 0.0712
2025-10-09 16:45:03,209 [INFO] Época 10/30, Batch 1700/3348, Loss: 0.1056
2025-10-09 16:45:03,480 [INFO] Época 10/30, Batch 1750/3348, Loss: 0.0688
2025-10-09 16:45:03,744 [INFO] Época 10/30, Batch 1800/3348, Loss: 0.0870
2025-10-09 16:45:04,006 [INFO] Época 10/30, Batch 1850/3348, Loss: 0.1053
2025-10-09 16:45:04,270 [INFO] Época 10/30, Batch 1900/3348, Loss: 0.0794
2025-10-09 16:45:04,546 [INFO] Época 10/30, Batch 1950/3348, Loss: 0.0933
2025-10-09 16:45:04,823 [INFO] Época 10/30, Batch 2000/3348, Loss: 0.0560
2025-10-09 16:45:05,099 [INFO] Época 10/30, Batch 2050/3348, Loss: 0.0679
2025-10-09 16:45:05,379 [INFO] Época 10/30, Batch 2100/3348, Loss: 0.1031
2025-10-09 16:45:05,649 [INFO] Época 10/30, Batch 2150/3348, Loss: 0.0747
2025-10-09 16:45:05,909 [INFO] Época 10/30, Batch 2200/3348, Loss: 0.0827
2025-10-09 16:45:06,177 [INFO] Época 10/30, Batch 2250/3348, Loss: 0.0897
2025-10-09 16:45:06,446 [INFO] Época 10/30, Batch 2300/3348, Loss: 0.0639
2025-10-09 16:45:06,716 [INFO] Época 10/30, Batch 2350/3348, Loss: 0.0814
2025-10-09 16:45:06,987 [INFO] Época 10/30, Batch 2400/3348, Loss: 0.0651
2025-10-09 16:45:07,254 [INFO] Época 10/30, Batch 2450/3348, Loss: 0.0720
2025-10-09 16:45:07,521 [INFO] Época 10/30, Batch 2500/3348, Loss: 0.0976
2025-10-09 16:45:07,789 [INFO] Época 10/30, Batch 2550/3348, Loss: 0.0786
2025-10-09 16:45:08,060 [INFO] Época 10/30, Batch 2600/3348, Loss: 0.0928
2025-10-09 16:45:08,330 [INFO] Época 10/30, Batch 2650/3348, Loss: 0.0893
2025-10-09 16:45:08,601 [INFO] Época 10/30, Batch 2700/3348, Loss: 0.0897
2025-10-09 16:45:08,870 [INFO] Época 10/30, Batch 2750/3348, Loss: 0.0658
2025-10-09 16:45:09,141 [INFO] Época 10/30, Batch 2800/3348, Loss: 0.0910
2025-10-09 16:45:09,410 [INFO] Época 10/30, Batch 2850/3348, Loss: 0.1151
2025-10-09 16:45:09,684 [INFO] Época 10/30, Batch 2900/3348, Loss: 0.0738
2025-10-09 16:45:09,960 [INFO] Época 10/30, Batch 2950/3348, Loss: 0.0786
2025-10-09 16:45:10,232 [INFO] Época 10/30, Batch 3000/3348, Loss: 0.0857
2025-10-09 16:45:10,501 [INFO] Época 10/30, Batch 3050/3348, Loss: 0.1026
2025-10-09 16:45:10,772 [INFO] Época 10/30, Batch 3100/3348, Loss: 0.0526
2025-10-09 16:45:11,042 [INFO] Época 10/30, Batch 3150/3348, Loss: 0.0710
2025-10-09 16:45:11,314 [INFO] Época 10/30, Batch 3200/3348, Loss: 0.0880
2025-10-09 16:45:11,584 [INFO] Época 10/30, Batch 3250/3348, Loss: 0.1109
2025-10-09 16:45:11,852 [INFO] Época 10/30, Batch 3300/3348, Loss: 0.0658
2025-10-09 16:45:13,539 [INFO] [10/30] Train Loss: 0.0882 | Val Loss: 0.1286 | Tempo: 19.78s
2025-10-09 16:45:14,041 [INFO] Época 11/30, Batch 50/3348, Loss: 0.1030
2025-10-09 16:45:14,317 [INFO] Época 11/30, Batch 100/3348, Loss: 0.0684
2025-10-09 16:45:14,599 [INFO] Época 11/30, Batch 150/3348, Loss: 0.0789
2025-10-09 16:45:14,879 [INFO] Época 11/30, Batch 200/3348, Loss: 0.0594
2025-10-09 16:45:15,159 [INFO] Época 11/30, Batch 250/3348, Loss: 0.0944
2025-10-09 16:45:15,436 [INFO] Época 11/30, Batch 300/3348, Loss: 0.0654
2025-10-09 16:45:15,720 [INFO] Época 11/30, Batch 350/3348, Loss: 0.0829
2025-10-09 16:45:16,001 [INFO] Época 11/30, Batch 400/3348, Loss: 0.0790
2025-10-09 16:45:16,282 [INFO] Época 11/30, Batch 450/3348, Loss: 0.0689
2025-10-09 16:45:16,563 [INFO] Época 11/30, Batch 500/3348, Loss: 0.0724
2025-10-09 16:45:16,841 [INFO] Época 11/30, Batch 550/3348, Loss: 0.0936
2025-10-09 16:45:17,121 [INFO] Época 11/30, Batch 600/3348, Loss: 0.0707
2025-10-09 16:45:17,399 [INFO] Época 11/30, Batch 650/3348, Loss: 0.0835
2025-10-09 16:45:17,670 [INFO] Época 11/30, Batch 700/3348, Loss: 0.0552
2025-10-09 16:45:17,931 [INFO] Época 11/30, Batch 750/3348, Loss: 0.0690
2025-10-09 16:45:18,189 [INFO] Época 11/30, Batch 800/3348, Loss: 0.0917
2025-10-09 16:45:18,448 [INFO] Época 11/30, Batch 850/3348, Loss: 0.0892
2025-10-09 16:45:18,703 [INFO] Época 11/30, Batch 900/3348, Loss: 0.0738
2025-10-09 16:45:18,958 [INFO] Época 11/30, Batch 950/3348, Loss: 0.0843
2025-10-09 16:45:19,221 [INFO] Época 11/30, Batch 1000/3348, Loss: 0.0983
2025-10-09 16:45:19,484 [INFO] Época 11/30, Batch 1050/3348, Loss: 0.1397
2025-10-09 16:45:19,747 [INFO] Época 11/30, Batch 1100/3348, Loss: 0.0835
2025-10-09 16:45:20,012 [INFO] Época 11/30, Batch 1150/3348, Loss: 0.0775
2025-10-09 16:45:20,276 [INFO] Época 11/30, Batch 1200/3348, Loss: 0.0846
2025-10-09 16:45:20,541 [INFO] Época 11/30, Batch 1250/3348, Loss: 0.0687
2025-10-09 16:45:20,806 [INFO] Época 11/30, Batch 1300/3348, Loss: 0.1251
2025-10-09 16:45:21,067 [INFO] Época 11/30, Batch 1350/3348, Loss: 0.0925
2025-10-09 16:45:21,331 [INFO] Época 11/30, Batch 1400/3348, Loss: 0.0855
2025-10-09 16:45:21,589 [INFO] Época 11/30, Batch 1450/3348, Loss: 0.0790
2025-10-09 16:45:21,849 [INFO] Época 11/30, Batch 1500/3348, Loss: 0.0722
2025-10-09 16:45:22,110 [INFO] Época 11/30, Batch 1550/3348, Loss: 0.1023
2025-10-09 16:45:22,369 [INFO] Época 11/30, Batch 1600/3348, Loss: 0.0816
2025-10-09 16:45:22,627 [INFO] Época 11/30, Batch 1650/3348, Loss: 0.0735
2025-10-09 16:45:22,886 [INFO] Época 11/30, Batch 1700/3348, Loss: 0.0877
2025-10-09 16:45:23,144 [INFO] Época 11/30, Batch 1750/3348, Loss: 0.0782
2025-10-09 16:45:23,412 [INFO] Época 11/30, Batch 1800/3348, Loss: 0.0909
2025-10-09 16:45:23,686 [INFO] Época 11/30, Batch 1850/3348, Loss: 0.0758
2025-10-09 16:45:23,958 [INFO] Época 11/30, Batch 1900/3348, Loss: 0.0842
2025-10-09 16:45:24,224 [INFO] Época 11/30, Batch 1950/3348, Loss: 0.0721
2025-10-09 16:45:24,484 [INFO] Época 11/30, Batch 2000/3348, Loss: 0.0879
2025-10-09 16:45:24,744 [INFO] Época 11/30, Batch 2050/3348, Loss: 0.0689
2025-10-09 16:45:25,005 [INFO] Época 11/30, Batch 2100/3348, Loss: 0.0987
2025-10-09 16:45:25,270 [INFO] Época 11/30, Batch 2150/3348, Loss: 0.0846
2025-10-09 16:45:25,531 [INFO] Época 11/30, Batch 2200/3348, Loss: 0.0813
2025-10-09 16:45:25,792 [INFO] Época 11/30, Batch 2250/3348, Loss: 0.0589
2025-10-09 16:45:26,055 [INFO] Época 11/30, Batch 2300/3348, Loss: 0.0758
2025-10-09 16:45:26,317 [INFO] Época 11/30, Batch 2350/3348, Loss: 0.0941
2025-10-09 16:45:26,583 [INFO] Época 11/30, Batch 2400/3348, Loss: 0.1075
2025-10-09 16:45:26,848 [INFO] Época 11/30, Batch 2450/3348, Loss: 0.1007
2025-10-09 16:45:27,112 [INFO] Época 11/30, Batch 2500/3348, Loss: 0.1336
2025-10-09 16:45:27,380 [INFO] Época 11/30, Batch 2550/3348, Loss: 0.0976
2025-10-09 16:45:27,646 [INFO] Época 11/30, Batch 2600/3348, Loss: 0.0931
2025-10-09 16:45:27,914 [INFO] Época 11/30, Batch 2650/3348, Loss: 0.0620
2025-10-09 16:45:28,189 [INFO] Época 11/30, Batch 2700/3348, Loss: 0.1109
2025-10-09 16:45:28,478 [INFO] Época 11/30, Batch 2750/3348, Loss: 0.1247
2025-10-09 16:45:28,745 [INFO] Época 11/30, Batch 2800/3348, Loss: 0.0982
2025-10-09 16:45:29,016 [INFO] Época 11/30, Batch 2850/3348, Loss: 0.0670
2025-10-09 16:45:29,303 [INFO] Época 11/30, Batch 2900/3348, Loss: 0.0807
2025-10-09 16:45:29,590 [INFO] Época 11/30, Batch 2950/3348, Loss: 0.0688
2025-10-09 16:45:29,877 [INFO] Época 11/30, Batch 3000/3348, Loss: 0.0746
2025-10-09 16:45:30,159 [INFO] Época 11/30, Batch 3050/3348, Loss: 0.0929
2025-10-09 16:45:30,443 [INFO] Época 11/30, Batch 3100/3348, Loss: 0.0766
2025-10-09 16:45:30,722 [INFO] Época 11/30, Batch 3150/3348, Loss: 0.0710
2025-10-09 16:45:31,002 [INFO] Época 11/30, Batch 3200/3348, Loss: 0.0784
2025-10-09 16:45:31,280 [INFO] Época 11/30, Batch 3250/3348, Loss: 0.0751
2025-10-09 16:45:31,562 [INFO] Época 11/30, Batch 3300/3348, Loss: 0.0931
2025-10-09 16:45:33,192 [INFO] [11/30] Train Loss: 0.0862 | Val Loss: 0.1249 | Tempo: 19.65s
2025-10-09 16:45:33,662 [INFO] Época 12/30, Batch 50/3348, Loss: 0.0632
2025-10-09 16:45:33,929 [INFO] Época 12/30, Batch 100/3348, Loss: 0.1061
2025-10-09 16:45:34,193 [INFO] Época 12/30, Batch 150/3348, Loss: 0.0679
2025-10-09 16:45:34,458 [INFO] Época 12/30, Batch 200/3348, Loss: 0.0799
2025-10-09 16:45:34,721 [INFO] Época 12/30, Batch 250/3348, Loss: 0.0714
2025-10-09 16:45:34,983 [INFO] Época 12/30, Batch 300/3348, Loss: 0.0706
2025-10-09 16:45:35,245 [INFO] Época 12/30, Batch 350/3348, Loss: 0.0926
2025-10-09 16:45:35,508 [INFO] Época 12/30, Batch 400/3348, Loss: 0.0741
2025-10-09 16:45:35,768 [INFO] Época 12/30, Batch 450/3348, Loss: 0.0818
2025-10-09 16:45:36,031 [INFO] Época 12/30, Batch 500/3348, Loss: 0.1213
2025-10-09 16:45:36,294 [INFO] Época 12/30, Batch 550/3348, Loss: 0.0964
2025-10-09 16:45:36,555 [INFO] Época 12/30, Batch 600/3348, Loss: 0.0529
2025-10-09 16:45:36,816 [INFO] Época 12/30, Batch 650/3348, Loss: 0.0878
2025-10-09 16:45:37,067 [INFO] Época 12/30, Batch 700/3348, Loss: 0.1452
2025-10-09 16:45:37,321 [INFO] Época 12/30, Batch 750/3348, Loss: 0.0467
2025-10-09 16:45:37,581 [INFO] Época 12/30, Batch 800/3348, Loss: 0.0718
2025-10-09 16:45:37,840 [INFO] Época 12/30, Batch 850/3348, Loss: 0.0755
2025-10-09 16:45:38,105 [INFO] Época 12/30, Batch 900/3348, Loss: 0.0865
2025-10-09 16:45:38,370 [INFO] Época 12/30, Batch 950/3348, Loss: 0.0954
2025-10-09 16:45:38,633 [INFO] Época 12/30, Batch 1000/3348, Loss: 0.0764
2025-10-09 16:45:38,894 [INFO] Época 12/30, Batch 1050/3348, Loss: 0.0871
2025-10-09 16:45:39,151 [INFO] Época 12/30, Batch 1100/3348, Loss: 0.0590
2025-10-09 16:45:39,410 [INFO] Época 12/30, Batch 1150/3348, Loss: 0.0623
2025-10-09 16:45:39,669 [INFO] Época 12/30, Batch 1200/3348, Loss: 0.0551
2025-10-09 16:45:39,929 [INFO] Época 12/30, Batch 1250/3348, Loss: 0.1021
2025-10-09 16:45:40,188 [INFO] Época 12/30, Batch 1300/3348, Loss: 0.2379
2025-10-09 16:45:40,448 [INFO] Época 12/30, Batch 1350/3348, Loss: 0.0901
2025-10-09 16:45:40,708 [INFO] Época 12/30, Batch 1400/3348, Loss: 0.1283
2025-10-09 16:45:40,968 [INFO] Época 12/30, Batch 1450/3348, Loss: 0.0675
2025-10-09 16:45:41,230 [INFO] Época 12/30, Batch 1500/3348, Loss: 0.0558
2025-10-09 16:45:41,494 [INFO] Época 12/30, Batch 1550/3348, Loss: 0.0782
2025-10-09 16:45:41,756 [INFO] Época 12/30, Batch 1600/3348, Loss: 0.0861
2025-10-09 16:45:42,019 [INFO] Época 12/30, Batch 1650/3348, Loss: 0.0880
2025-10-09 16:45:42,283 [INFO] Época 12/30, Batch 1700/3348, Loss: 0.0681
2025-10-09 16:45:42,546 [INFO] Época 12/30, Batch 1750/3348, Loss: 0.0895
2025-10-09 16:45:42,808 [INFO] Época 12/30, Batch 1800/3348, Loss: 0.0679
2025-10-09 16:45:43,070 [INFO] Época 12/30, Batch 1850/3348, Loss: 0.0807
2025-10-09 16:45:43,333 [INFO] Época 12/30, Batch 1900/3348, Loss: 0.1019
2025-10-09 16:45:43,597 [INFO] Época 12/30, Batch 1950/3348, Loss: 0.0909
2025-10-09 16:45:43,859 [INFO] Época 12/30, Batch 2000/3348, Loss: 0.0772
2025-10-09 16:45:44,118 [INFO] Época 12/30, Batch 2050/3348, Loss: 0.0645
2025-10-09 16:45:44,378 [INFO] Época 12/30, Batch 2100/3348, Loss: 0.0771
2025-10-09 16:45:44,639 [INFO] Época 12/30, Batch 2150/3348, Loss: 0.0794
2025-10-09 16:45:44,899 [INFO] Época 12/30, Batch 2200/3348, Loss: 0.0669
2025-10-09 16:45:45,162 [INFO] Época 12/30, Batch 2250/3348, Loss: 0.0788
2025-10-09 16:45:45,424 [INFO] Época 12/30, Batch 2300/3348, Loss: 0.0615
2025-10-09 16:45:45,685 [INFO] Época 12/30, Batch 2350/3348, Loss: 0.1038
2025-10-09 16:45:45,945 [INFO] Época 12/30, Batch 2400/3348, Loss: 0.0781
2025-10-09 16:45:46,207 [INFO] Época 12/30, Batch 2450/3348, Loss: 0.0749
2025-10-09 16:45:46,470 [INFO] Época 12/30, Batch 2500/3348, Loss: 0.1004
2025-10-09 16:45:46,732 [INFO] Época 12/30, Batch 2550/3348, Loss: 0.0800
2025-10-09 16:45:46,995 [INFO] Época 12/30, Batch 2600/3348, Loss: 0.0925
2025-10-09 16:45:47,254 [INFO] Época 12/30, Batch 2650/3348, Loss: 0.0773
2025-10-09 16:45:47,515 [INFO] Época 12/30, Batch 2700/3348, Loss: 0.0744
2025-10-09 16:45:47,777 [INFO] Época 12/30, Batch 2750/3348, Loss: 0.0793
2025-10-09 16:45:48,054 [INFO] Época 12/30, Batch 2800/3348, Loss: 0.0720
2025-10-09 16:45:48,334 [INFO] Época 12/30, Batch 2850/3348, Loss: 0.0820
2025-10-09 16:45:48,615 [INFO] Época 12/30, Batch 2900/3348, Loss: 0.0724
2025-10-09 16:45:48,879 [INFO] Época 12/30, Batch 2950/3348, Loss: 0.0800
2025-10-09 16:45:49,142 [INFO] Época 12/30, Batch 3000/3348, Loss: 0.1349
2025-10-09 16:45:49,411 [INFO] Época 12/30, Batch 3050/3348, Loss: 0.0756
2025-10-09 16:45:49,691 [INFO] Época 12/30, Batch 3100/3348, Loss: 0.0878
2025-10-09 16:45:49,972 [INFO] Época 12/30, Batch 3150/3348, Loss: 0.0664
2025-10-09 16:45:50,252 [INFO] Época 12/30, Batch 3200/3348, Loss: 0.0942
2025-10-09 16:45:50,532 [INFO] Época 12/30, Batch 3250/3348, Loss: 0.0825
2025-10-09 16:45:50,801 [INFO] Época 12/30, Batch 3300/3348, Loss: 0.0671
2025-10-09 16:45:52,516 [INFO] [12/30] Train Loss: 0.0839 | Val Loss: 0.1257 | Tempo: 19.32s
2025-10-09 16:45:53,002 [INFO] Época 13/30, Batch 50/3348, Loss: 0.0785
2025-10-09 16:45:53,278 [INFO] Época 13/30, Batch 100/3348, Loss: 0.0650
2025-10-09 16:45:53,551 [INFO] Época 13/30, Batch 150/3348, Loss: 0.0871
2025-10-09 16:45:53,824 [INFO] Época 13/30, Batch 200/3348, Loss: 0.0798
2025-10-09 16:45:54,094 [INFO] Época 13/30, Batch 250/3348, Loss: 0.0695
2025-10-09 16:45:54,365 [INFO] Época 13/30, Batch 300/3348, Loss: 0.0897
2025-10-09 16:45:54,633 [INFO] Época 13/30, Batch 350/3348, Loss: 0.0707
2025-10-09 16:45:54,903 [INFO] Época 13/30, Batch 400/3348, Loss: 0.0736
2025-10-09 16:45:55,179 [INFO] Época 13/30, Batch 450/3348, Loss: 0.0639
2025-10-09 16:45:55,450 [INFO] Época 13/30, Batch 500/3348, Loss: 0.0709
2025-10-09 16:45:55,719 [INFO] Época 13/30, Batch 550/3348, Loss: 0.0880
2025-10-09 16:45:55,978 [INFO] Época 13/30, Batch 600/3348, Loss: 0.0644
2025-10-09 16:45:56,237 [INFO] Época 13/30, Batch 650/3348, Loss: 0.0819
2025-10-09 16:45:56,498 [INFO] Época 13/30, Batch 700/3348, Loss: 0.0926
2025-10-09 16:45:56,757 [INFO] Época 13/30, Batch 750/3348, Loss: 0.0942
2025-10-09 16:45:57,013 [INFO] Época 13/30, Batch 800/3348, Loss: 0.0646
2025-10-09 16:45:57,269 [INFO] Época 13/30, Batch 850/3348, Loss: 0.0686
2025-10-09 16:45:57,528 [INFO] Época 13/30, Batch 900/3348, Loss: 0.0553
2025-10-09 16:45:57,788 [INFO] Época 13/30, Batch 950/3348, Loss: 0.0594
2025-10-09 16:45:58,047 [INFO] Época 13/30, Batch 1000/3348, Loss: 0.0849
2025-10-09 16:45:58,304 [INFO] Época 13/30, Batch 1050/3348, Loss: 0.1193
2025-10-09 16:45:58,563 [INFO] Época 13/30, Batch 1100/3348, Loss: 0.0700
2025-10-09 16:45:58,822 [INFO] Época 13/30, Batch 1150/3348, Loss: 0.0712
2025-10-09 16:45:59,081 [INFO] Época 13/30, Batch 1200/3348, Loss: 0.0820
2025-10-09 16:45:59,342 [INFO] Época 13/30, Batch 1250/3348, Loss: 0.0629
2025-10-09 16:45:59,613 [INFO] Época 13/30, Batch 1300/3348, Loss: 0.1206
2025-10-09 16:45:59,880 [INFO] Época 13/30, Batch 1350/3348, Loss: 0.0703
2025-10-09 16:46:00,147 [INFO] Época 13/30, Batch 1400/3348, Loss: 0.1008
2025-10-09 16:46:00,419 [INFO] Época 13/30, Batch 1450/3348, Loss: 0.0584
2025-10-09 16:46:00,686 [INFO] Época 13/30, Batch 1500/3348, Loss: 0.0684
2025-10-09 16:46:00,957 [INFO] Época 13/30, Batch 1550/3348, Loss: 0.0640
2025-10-09 16:46:01,228 [INFO] Época 13/30, Batch 1600/3348, Loss: 0.0932
2025-10-09 16:46:01,501 [INFO] Época 13/30, Batch 1650/3348, Loss: 0.1294
2025-10-09 16:46:01,777 [INFO] Época 13/30, Batch 1700/3348, Loss: 0.0773
2025-10-09 16:46:02,049 [INFO] Época 13/30, Batch 1750/3348, Loss: 0.0620
2025-10-09 16:46:02,321 [INFO] Época 13/30, Batch 1800/3348, Loss: 0.0894
2025-10-09 16:46:02,594 [INFO] Época 13/30, Batch 1850/3348, Loss: 0.0863
2025-10-09 16:46:02,863 [INFO] Época 13/30, Batch 1900/3348, Loss: 0.0745
2025-10-09 16:46:03,135 [INFO] Época 13/30, Batch 1950/3348, Loss: 0.0829
2025-10-09 16:46:03,406 [INFO] Época 13/30, Batch 2000/3348, Loss: 0.0567
2025-10-09 16:46:03,680 [INFO] Época 13/30, Batch 2050/3348, Loss: 0.0857
2025-10-09 16:46:03,951 [INFO] Época 13/30, Batch 2100/3348, Loss: 0.0746
2025-10-09 16:46:04,223 [INFO] Época 13/30, Batch 2150/3348, Loss: 0.0896
2025-10-09 16:46:04,489 [INFO] Época 13/30, Batch 2200/3348, Loss: 0.0891
2025-10-09 16:46:04,757 [INFO] Época 13/30, Batch 2250/3348, Loss: 0.0650
2025-10-09 16:46:05,030 [INFO] Época 13/30, Batch 2300/3348, Loss: 0.0721
2025-10-09 16:46:05,302 [INFO] Época 13/30, Batch 2350/3348, Loss: 0.0696
2025-10-09 16:46:05,572 [INFO] Época 13/30, Batch 2400/3348, Loss: 0.0594
2025-10-09 16:46:05,844 [INFO] Época 13/30, Batch 2450/3348, Loss: 0.1008
2025-10-09 16:46:06,118 [INFO] Época 13/30, Batch 2500/3348, Loss: 0.0746
2025-10-09 16:46:06,391 [INFO] Época 13/30, Batch 2550/3348, Loss: 0.0870
2025-10-09 16:46:06,656 [INFO] Época 13/30, Batch 2600/3348, Loss: 0.0728
2025-10-09 16:46:06,918 [INFO] Época 13/30, Batch 2650/3348, Loss: 0.0738
2025-10-09 16:46:07,181 [INFO] Época 13/30, Batch 2700/3348, Loss: 0.0789
2025-10-09 16:46:07,444 [INFO] Época 13/30, Batch 2750/3348, Loss: 0.0734
2025-10-09 16:46:07,705 [INFO] Época 13/30, Batch 2800/3348, Loss: 0.0795
2025-10-09 16:46:07,971 [INFO] Época 13/30, Batch 2850/3348, Loss: 0.1117
2025-10-09 16:46:08,236 [INFO] Época 13/30, Batch 2900/3348, Loss: 0.0644
2025-10-09 16:46:08,501 [INFO] Época 13/30, Batch 2950/3348, Loss: 0.0915
2025-10-09 16:46:08,767 [INFO] Época 13/30, Batch 3000/3348, Loss: 0.0979
2025-10-09 16:46:09,032 [INFO] Época 13/30, Batch 3050/3348, Loss: 0.0785
2025-10-09 16:46:09,301 [INFO] Época 13/30, Batch 3100/3348, Loss: 0.1141
2025-10-09 16:46:09,567 [INFO] Época 13/30, Batch 3150/3348, Loss: 0.0770
2025-10-09 16:46:09,832 [INFO] Época 13/30, Batch 3200/3348, Loss: 0.0659
2025-10-09 16:46:10,099 [INFO] Época 13/30, Batch 3250/3348, Loss: 0.0852
2025-10-09 16:46:10,365 [INFO] Época 13/30, Batch 3300/3348, Loss: 0.0690
2025-10-09 16:46:11,986 [INFO] [13/30] Train Loss: 0.0820 | Val Loss: 0.1290 | Tempo: 19.47s
2025-10-09 16:46:12,465 [INFO] Época 14/30, Batch 50/3348, Loss: 0.0723
2025-10-09 16:46:12,735 [INFO] Época 14/30, Batch 100/3348, Loss: 0.0694
2025-10-09 16:46:13,003 [INFO] Época 14/30, Batch 150/3348, Loss: 0.0666
2025-10-09 16:46:13,267 [INFO] Época 14/30, Batch 200/3348, Loss: 0.1103
2025-10-09 16:46:13,531 [INFO] Época 14/30, Batch 250/3348, Loss: 0.0528
2025-10-09 16:46:13,795 [INFO] Época 14/30, Batch 300/3348, Loss: 0.0784
2025-10-09 16:46:14,058 [INFO] Época 14/30, Batch 350/3348, Loss: 0.0828
2025-10-09 16:46:14,331 [INFO] Época 14/30, Batch 400/3348, Loss: 0.0615
2025-10-09 16:46:14,606 [INFO] Época 14/30, Batch 450/3348, Loss: 0.0717
2025-10-09 16:46:14,866 [INFO] Época 14/30, Batch 500/3348, Loss: 0.0480
2025-10-09 16:46:15,123 [INFO] Época 14/30, Batch 550/3348, Loss: 0.0703
2025-10-09 16:46:15,380 [INFO] Época 14/30, Batch 600/3348, Loss: 0.0698
2025-10-09 16:46:15,636 [INFO] Época 14/30, Batch 650/3348, Loss: 0.0718
2025-10-09 16:46:15,893 [INFO] Época 14/30, Batch 700/3348, Loss: 0.0565
2025-10-09 16:46:16,148 [INFO] Época 14/30, Batch 750/3348, Loss: 0.0528
2025-10-09 16:46:16,400 [INFO] Época 14/30, Batch 800/3348, Loss: 0.0522
2025-10-09 16:46:16,652 [INFO] Época 14/30, Batch 850/3348, Loss: 0.0683
2025-10-09 16:46:16,903 [INFO] Época 14/30, Batch 900/3348, Loss: 0.0688
2025-10-09 16:46:17,155 [INFO] Época 14/30, Batch 950/3348, Loss: 0.0633
2025-10-09 16:46:17,406 [INFO] Época 14/30, Batch 1000/3348, Loss: 0.0967
2025-10-09 16:46:17,658 [INFO] Época 14/30, Batch 1050/3348, Loss: 0.0998
2025-10-09 16:46:17,910 [INFO] Época 14/30, Batch 1100/3348, Loss: 0.0742
2025-10-09 16:46:18,161 [INFO] Época 14/30, Batch 1150/3348, Loss: 0.0887
2025-10-09 16:46:18,412 [INFO] Época 14/30, Batch 1200/3348, Loss: 0.0796
2025-10-09 16:46:18,671 [INFO] Época 14/30, Batch 1250/3348, Loss: 0.0645
2025-10-09 16:46:18,927 [INFO] Época 14/30, Batch 1300/3348, Loss: 0.0701
2025-10-09 16:46:19,184 [INFO] Época 14/30, Batch 1350/3348, Loss: 0.0680
2025-10-09 16:46:19,455 [INFO] Época 14/30, Batch 1400/3348, Loss: 0.0729
2025-10-09 16:46:19,712 [INFO] Época 14/30, Batch 1450/3348, Loss: 0.1008
2025-10-09 16:46:19,970 [INFO] Época 14/30, Batch 1500/3348, Loss: 0.0677
2025-10-09 16:46:20,227 [INFO] Época 14/30, Batch 1550/3348, Loss: 0.0645
2025-10-09 16:46:20,488 [INFO] Época 14/30, Batch 1600/3348, Loss: 0.0758
2025-10-09 16:46:20,747 [INFO] Época 14/30, Batch 1650/3348, Loss: 0.0796
2025-10-09 16:46:21,004 [INFO] Época 14/30, Batch 1700/3348, Loss: 0.0837
2025-10-09 16:46:21,274 [INFO] Época 14/30, Batch 1750/3348, Loss: 0.0909
2025-10-09 16:46:21,554 [INFO] Época 14/30, Batch 1800/3348, Loss: 0.0755
2025-10-09 16:46:21,813 [INFO] Época 14/30, Batch 1850/3348, Loss: 0.0800
2025-10-09 16:46:22,070 [INFO] Época 14/30, Batch 1900/3348, Loss: 0.0761
2025-10-09 16:46:22,328 [INFO] Época 14/30, Batch 1950/3348, Loss: 0.0775
2025-10-09 16:46:22,587 [INFO] Época 14/30, Batch 2000/3348, Loss: 0.0640
2025-10-09 16:46:22,847 [INFO] Época 14/30, Batch 2050/3348, Loss: 0.0856
2025-10-09 16:46:23,126 [INFO] Época 14/30, Batch 2100/3348, Loss: 0.0732
2025-10-09 16:46:23,406 [INFO] Época 14/30, Batch 2150/3348, Loss: 0.0629
2025-10-09 16:46:23,671 [INFO] Época 14/30, Batch 2200/3348, Loss: 0.0802
2025-10-09 16:46:23,927 [INFO] Época 14/30, Batch 2250/3348, Loss: 0.0805
2025-10-09 16:46:24,182 [INFO] Época 14/30, Batch 2300/3348, Loss: 0.0685
2025-10-09 16:46:24,440 [INFO] Época 14/30, Batch 2350/3348, Loss: 0.0779
2025-10-09 16:46:24,695 [INFO] Época 14/30, Batch 2400/3348, Loss: 0.0574
2025-10-09 16:46:24,954 [INFO] Época 14/30, Batch 2450/3348, Loss: 0.0900
2025-10-09 16:46:25,216 [INFO] Época 14/30, Batch 2500/3348, Loss: 0.1036
2025-10-09 16:46:25,477 [INFO] Época 14/30, Batch 2550/3348, Loss: 0.1231
2025-10-09 16:46:25,748 [INFO] Época 14/30, Batch 2600/3348, Loss: 0.0571
2025-10-09 16:46:26,028 [INFO] Época 14/30, Batch 2650/3348, Loss: 0.0717
2025-10-09 16:46:26,306 [INFO] Época 14/30, Batch 2700/3348, Loss: 0.0814
2025-10-09 16:46:26,562 [INFO] Época 14/30, Batch 2750/3348, Loss: 0.0743
2025-10-09 16:46:26,820 [INFO] Época 14/30, Batch 2800/3348, Loss: 0.0743
2025-10-09 16:46:27,078 [INFO] Época 14/30, Batch 2850/3348, Loss: 0.0634
2025-10-09 16:46:27,335 [INFO] Época 14/30, Batch 2900/3348, Loss: 0.0815
2025-10-09 16:46:27,593 [INFO] Época 14/30, Batch 2950/3348, Loss: 0.0811
2025-10-09 16:46:27,851 [INFO] Época 14/30, Batch 3000/3348, Loss: 0.0833
2025-10-09 16:46:28,127 [INFO] Época 14/30, Batch 3050/3348, Loss: 0.0874
2025-10-09 16:46:28,396 [INFO] Época 14/30, Batch 3100/3348, Loss: 0.1027
2025-10-09 16:46:28,655 [INFO] Época 14/30, Batch 3150/3348, Loss: 0.0717
2025-10-09 16:46:28,919 [INFO] Época 14/30, Batch 3200/3348, Loss: 0.0776
2025-10-09 16:46:29,198 [INFO] Época 14/30, Batch 3250/3348, Loss: 0.0571
2025-10-09 16:46:29,478 [INFO] Época 14/30, Batch 3300/3348, Loss: 0.0518
2025-10-09 16:46:31,165 [INFO] [14/30] Train Loss: 0.0803 | Val Loss: 0.1329 | Tempo: 19.18s
2025-10-09 16:46:31,165 [INFO] Early stopping ativado após 10 épocas sem melhoria
2025-10-09 16:46:31,166 [INFO] Treinamento concluído em 272.70 segundos (4.55 minutos)
2025-10-09 16:46:31,166 [INFO] Iniciando avaliação no conjunto de teste...
2025-10-09 16:46:32,594 [INFO] Avaliação do teste concluída em 1.43 segundos
2025-10-09 16:46:32,595 [INFO] MSE no teste: 0.0267
2025-10-09 16:46:32,595 [INFO] RMSE no teste: 0.1635
2025-10-09 16:46:32,595 [INFO] MAE no teste: 0.1299
2025-10-09 16:46:32,595 [INFO] Métricas salvas em /mnt/hdd/home/jdurao/ToolBox-ChemXAI/logs/mlp_att1_Morgan_metrics.json
