2025-10-09 21:11:27,767 [INFO] Iniciando treinamento do modelo mlp_att3_MorganCount
2025-10-09 21:11:27,767 [INFO] Configuração: att_index=3, epochs=30, layers=[128, 64, 32], lr=0.001, batch_size=32, descriptor_type=MorganCount
2025-10-09 21:11:27,768 [INFO] Diretório para modelos: /mnt/hdd/home/jdurao/ToolBox-ChemXAI/models
2025-10-09 21:11:27,768 [INFO] Carregando dados...
2025-10-09 21:11:27,855 [INFO] Preparando dataloaders sem ruído...
2025-10-09 21:11:34,566 [INFO] Dados carregados em 6.80 segundos
2025-10-09 21:11:34,567 [INFO] Tamanhos dos conjuntos - Treino: 107108, Validação: 13388, Teste: 13389
2025-10-09 21:11:34,567 [INFO] Usando dispositivo: cuda
2025-10-09 21:11:35,022 [INFO] Dimensão de entrada: 512, Dimensão de saída: 1
2025-10-09 21:11:35,023 [INFO] Criando modelo MLP com camadas: [128, 64, 32]
2025-10-09 21:11:35,027 [INFO] Modelo criado com 76033 parâmetros
2025-10-09 21:11:35,029 [INFO] Iniciando treinamento com 30 épocas...
2025-10-09 21:11:35,646 [INFO] Época 1/30, Batch 50/3348, Loss: 0.6276
2025-10-09 21:11:35,929 [INFO] Época 1/30, Batch 100/3348, Loss: 0.5923
2025-10-09 21:11:36,208 [INFO] Época 1/30, Batch 150/3348, Loss: 0.6197
2025-10-09 21:11:36,475 [INFO] Época 1/30, Batch 200/3348, Loss: 0.7058
2025-10-09 21:11:36,740 [INFO] Época 1/30, Batch 250/3348, Loss: 0.4451
2025-10-09 21:11:37,005 [INFO] Época 1/30, Batch 300/3348, Loss: 0.4857
2025-10-09 21:11:37,268 [INFO] Época 1/30, Batch 350/3348, Loss: 0.5290
2025-10-09 21:11:37,542 [INFO] Época 1/30, Batch 400/3348, Loss: 0.5981
2025-10-09 21:11:37,803 [INFO] Época 1/30, Batch 450/3348, Loss: 0.4022
2025-10-09 21:11:38,065 [INFO] Época 1/30, Batch 500/3348, Loss: 0.4702
2025-10-09 21:11:38,325 [INFO] Época 1/30, Batch 550/3348, Loss: 0.3755
2025-10-09 21:11:38,585 [INFO] Época 1/30, Batch 600/3348, Loss: 0.4965
2025-10-09 21:11:38,845 [INFO] Época 1/30, Batch 650/3348, Loss: 0.6004
2025-10-09 21:11:39,103 [INFO] Época 1/30, Batch 700/3348, Loss: 0.4092
2025-10-09 21:11:39,360 [INFO] Época 1/30, Batch 750/3348, Loss: 0.4978
2025-10-09 21:11:39,619 [INFO] Época 1/30, Batch 800/3348, Loss: 0.6002
2025-10-09 21:11:39,883 [INFO] Época 1/30, Batch 850/3348, Loss: 0.4750
2025-10-09 21:11:40,152 [INFO] Época 1/30, Batch 900/3348, Loss: 0.6593
2025-10-09 21:11:40,416 [INFO] Época 1/30, Batch 950/3348, Loss: 0.4177
2025-10-09 21:11:40,683 [INFO] Época 1/30, Batch 1000/3348, Loss: 0.4887
2025-10-09 21:11:40,951 [INFO] Época 1/30, Batch 1050/3348, Loss: 0.6779
2025-10-09 21:11:41,214 [INFO] Época 1/30, Batch 1100/3348, Loss: 0.6155
2025-10-09 21:11:41,478 [INFO] Época 1/30, Batch 1150/3348, Loss: 0.5156
2025-10-09 21:11:41,740 [INFO] Época 1/30, Batch 1200/3348, Loss: 0.4995
2025-10-09 21:11:42,000 [INFO] Época 1/30, Batch 1250/3348, Loss: 0.5846
2025-10-09 21:11:42,261 [INFO] Época 1/30, Batch 1300/3348, Loss: 0.4614
2025-10-09 21:11:42,523 [INFO] Época 1/30, Batch 1350/3348, Loss: 0.4664
2025-10-09 21:11:42,786 [INFO] Época 1/30, Batch 1400/3348, Loss: 0.3793
2025-10-09 21:11:43,047 [INFO] Época 1/30, Batch 1450/3348, Loss: 0.4358
2025-10-09 21:11:43,305 [INFO] Época 1/30, Batch 1500/3348, Loss: 0.4282
2025-10-09 21:11:43,563 [INFO] Época 1/30, Batch 1550/3348, Loss: 0.4167
2025-10-09 21:11:43,821 [INFO] Época 1/30, Batch 1600/3348, Loss: 0.5035
2025-10-09 21:11:44,081 [INFO] Época 1/30, Batch 1650/3348, Loss: 0.3862
2025-10-09 21:11:44,339 [INFO] Época 1/30, Batch 1700/3348, Loss: 0.3982
2025-10-09 21:11:44,598 [INFO] Época 1/30, Batch 1750/3348, Loss: 0.4777
2025-10-09 21:11:44,857 [INFO] Época 1/30, Batch 1800/3348, Loss: 0.3782
2025-10-09 21:11:45,116 [INFO] Época 1/30, Batch 1850/3348, Loss: 0.5324
2025-10-09 21:11:45,379 [INFO] Época 1/30, Batch 1900/3348, Loss: 0.5297
2025-10-09 21:11:45,643 [INFO] Época 1/30, Batch 1950/3348, Loss: 0.4533
2025-10-09 21:11:45,901 [INFO] Época 1/30, Batch 2000/3348, Loss: 0.4325
2025-10-09 21:11:46,159 [INFO] Época 1/30, Batch 2050/3348, Loss: 0.4729
2025-10-09 21:11:46,418 [INFO] Época 1/30, Batch 2100/3348, Loss: 0.5762
2025-10-09 21:11:46,679 [INFO] Época 1/30, Batch 2150/3348, Loss: 0.4361
2025-10-09 21:11:46,954 [INFO] Época 1/30, Batch 2200/3348, Loss: 0.3833
2025-10-09 21:11:47,223 [INFO] Época 1/30, Batch 2250/3348, Loss: 0.5436
2025-10-09 21:11:47,480 [INFO] Época 1/30, Batch 2300/3348, Loss: 0.4389
2025-10-09 21:11:47,737 [INFO] Época 1/30, Batch 2350/3348, Loss: 0.5358
2025-10-09 21:11:47,997 [INFO] Época 1/30, Batch 2400/3348, Loss: 0.4253
2025-10-09 21:11:48,255 [INFO] Época 1/30, Batch 2450/3348, Loss: 0.4458
2025-10-09 21:11:48,512 [INFO] Época 1/30, Batch 2500/3348, Loss: 0.4796
2025-10-09 21:11:48,772 [INFO] Época 1/30, Batch 2550/3348, Loss: 0.3287
2025-10-09 21:11:49,038 [INFO] Época 1/30, Batch 2600/3348, Loss: 0.4049
2025-10-09 21:11:49,298 [INFO] Época 1/30, Batch 2650/3348, Loss: 0.4097
2025-10-09 21:11:49,556 [INFO] Época 1/30, Batch 2700/3348, Loss: 0.3395
2025-10-09 21:11:49,816 [INFO] Época 1/30, Batch 2750/3348, Loss: 0.4927
2025-10-09 21:11:50,074 [INFO] Época 1/30, Batch 2800/3348, Loss: 0.4166
2025-10-09 21:11:50,334 [INFO] Época 1/30, Batch 2850/3348, Loss: 0.3782
2025-10-09 21:11:50,591 [INFO] Época 1/30, Batch 2900/3348, Loss: 0.5738
2025-10-09 21:11:50,852 [INFO] Época 1/30, Batch 2950/3348, Loss: 0.2949
2025-10-09 21:11:51,108 [INFO] Época 1/30, Batch 3000/3348, Loss: 0.3817
2025-10-09 21:11:51,367 [INFO] Época 1/30, Batch 3050/3348, Loss: 0.4015
2025-10-09 21:11:51,627 [INFO] Época 1/30, Batch 3100/3348, Loss: 0.4154
2025-10-09 21:11:51,885 [INFO] Época 1/30, Batch 3150/3348, Loss: 0.4109
2025-10-09 21:11:52,146 [INFO] Época 1/30, Batch 3200/3348, Loss: 0.4802
2025-10-09 21:11:52,406 [INFO] Época 1/30, Batch 3250/3348, Loss: 0.4200
2025-10-09 21:11:52,665 [INFO] Época 1/30, Batch 3300/3348, Loss: 0.4561
2025-10-09 21:11:54,588 [INFO] [1/30] Train Loss: 0.4756 | Val Loss: 0.4138 | Tempo: 19.56s
2025-10-09 21:11:54,591 [INFO] Melhor modelo salvo em: /mnt/hdd/home/jdurao/ToolBox-ChemXAI/models/mlp_qm9_MorganCount_att3_large.pth
2025-10-09 21:11:55,184 [INFO] Época 2/30, Batch 50/3348, Loss: 0.3210
2025-10-09 21:11:55,453 [INFO] Época 2/30, Batch 100/3348, Loss: 0.5165
2025-10-09 21:11:55,719 [INFO] Época 2/30, Batch 150/3348, Loss: 0.5079
2025-10-09 21:11:55,982 [INFO] Época 2/30, Batch 200/3348, Loss: 0.3869
2025-10-09 21:11:56,245 [INFO] Época 2/30, Batch 250/3348, Loss: 0.3512
2025-10-09 21:11:56,508 [INFO] Época 2/30, Batch 300/3348, Loss: 0.3115
2025-10-09 21:11:56,770 [INFO] Época 2/30, Batch 350/3348, Loss: 0.4106
2025-10-09 21:11:57,031 [INFO] Época 2/30, Batch 400/3348, Loss: 0.3330
2025-10-09 21:11:57,294 [INFO] Época 2/30, Batch 450/3348, Loss: 0.3431
2025-10-09 21:11:57,558 [INFO] Época 2/30, Batch 500/3348, Loss: 0.3816
2025-10-09 21:11:57,819 [INFO] Época 2/30, Batch 550/3348, Loss: 0.5294
2025-10-09 21:11:58,078 [INFO] Época 2/30, Batch 600/3348, Loss: 0.3132
2025-10-09 21:11:58,339 [INFO] Época 2/30, Batch 650/3348, Loss: 0.4176
2025-10-09 21:11:58,601 [INFO] Época 2/30, Batch 700/3348, Loss: 0.6031
2025-10-09 21:11:58,861 [INFO] Época 2/30, Batch 750/3348, Loss: 0.4018
2025-10-09 21:11:59,122 [INFO] Época 2/30, Batch 800/3348, Loss: 0.4275
2025-10-09 21:11:59,382 [INFO] Época 2/30, Batch 850/3348, Loss: 0.2795
2025-10-09 21:11:59,642 [INFO] Época 2/30, Batch 900/3348, Loss: 0.4541
2025-10-09 21:11:59,898 [INFO] Época 2/30, Batch 950/3348, Loss: 0.4941
2025-10-09 21:12:00,151 [INFO] Época 2/30, Batch 1000/3348, Loss: 0.3479
2025-10-09 21:12:00,405 [INFO] Época 2/30, Batch 1050/3348, Loss: 0.4211
2025-10-09 21:12:00,660 [INFO] Época 2/30, Batch 1100/3348, Loss: 0.5163
2025-10-09 21:12:00,921 [INFO] Época 2/30, Batch 1150/3348, Loss: 0.5220
2025-10-09 21:12:01,185 [INFO] Época 2/30, Batch 1200/3348, Loss: 0.3217
2025-10-09 21:12:01,446 [INFO] Época 2/30, Batch 1250/3348, Loss: 0.4733
2025-10-09 21:12:01,708 [INFO] Época 2/30, Batch 1300/3348, Loss: 0.3893
2025-10-09 21:12:01,971 [INFO] Época 2/30, Batch 1350/3348, Loss: 0.3491
2025-10-09 21:12:02,234 [INFO] Época 2/30, Batch 1400/3348, Loss: 0.3809
2025-10-09 21:12:02,498 [INFO] Época 2/30, Batch 1450/3348, Loss: 0.3546
2025-10-09 21:12:02,759 [INFO] Época 2/30, Batch 1500/3348, Loss: 0.4284
2025-10-09 21:12:03,023 [INFO] Época 2/30, Batch 1550/3348, Loss: 0.4346
2025-10-09 21:12:03,285 [INFO] Época 2/30, Batch 1600/3348, Loss: 0.3998
2025-10-09 21:12:03,547 [INFO] Época 2/30, Batch 1650/3348, Loss: 0.3497
2025-10-09 21:12:03,812 [INFO] Época 2/30, Batch 1700/3348, Loss: 0.4306
2025-10-09 21:12:04,072 [INFO] Época 2/30, Batch 1750/3348, Loss: 0.6322
2025-10-09 21:12:04,333 [INFO] Época 2/30, Batch 1800/3348, Loss: 0.3904
2025-10-09 21:12:04,596 [INFO] Época 2/30, Batch 1850/3348, Loss: 0.3836
2025-10-09 21:12:04,858 [INFO] Época 2/30, Batch 1900/3348, Loss: 0.3198
2025-10-09 21:12:05,120 [INFO] Época 2/30, Batch 1950/3348, Loss: 0.4084
2025-10-09 21:12:05,382 [INFO] Época 2/30, Batch 2000/3348, Loss: 0.5707
2025-10-09 21:12:05,645 [INFO] Época 2/30, Batch 2050/3348, Loss: 0.5362
2025-10-09 21:12:05,912 [INFO] Época 2/30, Batch 2100/3348, Loss: 0.3624
2025-10-09 21:12:06,171 [INFO] Época 2/30, Batch 2150/3348, Loss: 0.4272
2025-10-09 21:12:06,428 [INFO] Época 2/30, Batch 2200/3348, Loss: 0.4304
2025-10-09 21:12:06,686 [INFO] Época 2/30, Batch 2250/3348, Loss: 0.3857
2025-10-09 21:12:06,944 [INFO] Época 2/30, Batch 2300/3348, Loss: 0.2839
2025-10-09 21:12:07,202 [INFO] Época 2/30, Batch 2350/3348, Loss: 0.5827
2025-10-09 21:12:07,459 [INFO] Época 2/30, Batch 2400/3348, Loss: 0.4245
2025-10-09 21:12:07,716 [INFO] Época 2/30, Batch 2450/3348, Loss: 0.3806
2025-10-09 21:12:07,977 [INFO] Época 2/30, Batch 2500/3348, Loss: 0.4387
2025-10-09 21:12:08,234 [INFO] Época 2/30, Batch 2550/3348, Loss: 0.3437
2025-10-09 21:12:08,491 [INFO] Época 2/30, Batch 2600/3348, Loss: 0.3740
2025-10-09 21:12:08,749 [INFO] Época 2/30, Batch 2650/3348, Loss: 0.3794
2025-10-09 21:12:09,009 [INFO] Época 2/30, Batch 2700/3348, Loss: 0.3048
2025-10-09 21:12:09,269 [INFO] Época 2/30, Batch 2750/3348, Loss: 0.3181
2025-10-09 21:12:09,528 [INFO] Época 2/30, Batch 2800/3348, Loss: 0.4303
2025-10-09 21:12:09,801 [INFO] Época 2/30, Batch 2850/3348, Loss: 0.4887
2025-10-09 21:12:10,059 [INFO] Época 2/30, Batch 2900/3348, Loss: 0.3780
2025-10-09 21:12:10,318 [INFO] Época 2/30, Batch 2950/3348, Loss: 0.3904
2025-10-09 21:12:10,577 [INFO] Época 2/30, Batch 3000/3348, Loss: 0.3658
2025-10-09 21:12:10,834 [INFO] Época 2/30, Batch 3050/3348, Loss: 0.3327
2025-10-09 21:12:11,090 [INFO] Época 2/30, Batch 3100/3348, Loss: 0.3825
2025-10-09 21:12:11,348 [INFO] Época 2/30, Batch 3150/3348, Loss: 0.3076
2025-10-09 21:12:11,608 [INFO] Época 2/30, Batch 3200/3348, Loss: 0.4091
2025-10-09 21:12:11,872 [INFO] Época 2/30, Batch 3250/3348, Loss: 0.5322
2025-10-09 21:12:12,145 [INFO] Época 2/30, Batch 3300/3348, Loss: 0.5486
2025-10-09 21:12:14,023 [INFO] [2/30] Train Loss: 0.4139 | Val Loss: 0.3976 | Tempo: 19.43s
2025-10-09 21:12:14,028 [INFO] Melhor modelo salvo em: /mnt/hdd/home/jdurao/ToolBox-ChemXAI/models/mlp_qm9_MorganCount_att3_large.pth
2025-10-09 21:12:14,639 [INFO] Época 3/30, Batch 50/3348, Loss: 0.3234
2025-10-09 21:12:14,910 [INFO] Época 3/30, Batch 100/3348, Loss: 0.3148
2025-10-09 21:12:15,175 [INFO] Época 3/30, Batch 150/3348, Loss: 0.4116
2025-10-09 21:12:15,441 [INFO] Época 3/30, Batch 200/3348, Loss: 0.3810
2025-10-09 21:12:15,706 [INFO] Época 3/30, Batch 250/3348, Loss: 0.4421
2025-10-09 21:12:15,970 [INFO] Época 3/30, Batch 300/3348, Loss: 0.3942
2025-10-09 21:12:16,233 [INFO] Época 3/30, Batch 350/3348, Loss: 0.3671
2025-10-09 21:12:16,497 [INFO] Época 3/30, Batch 400/3348, Loss: 0.4718
2025-10-09 21:12:16,761 [INFO] Época 3/30, Batch 450/3348, Loss: 0.4503
2025-10-09 21:12:17,025 [INFO] Época 3/30, Batch 500/3348, Loss: 0.3671
2025-10-09 21:12:17,289 [INFO] Época 3/30, Batch 550/3348, Loss: 0.4703
2025-10-09 21:12:17,553 [INFO] Época 3/30, Batch 600/3348, Loss: 0.3048
2025-10-09 21:12:17,818 [INFO] Época 3/30, Batch 650/3348, Loss: 0.3429
2025-10-09 21:12:18,082 [INFO] Época 3/30, Batch 700/3348, Loss: 0.3430
2025-10-09 21:12:18,345 [INFO] Época 3/30, Batch 750/3348, Loss: 0.4121
2025-10-09 21:12:18,615 [INFO] Época 3/30, Batch 800/3348, Loss: 0.4565
2025-10-09 21:12:18,887 [INFO] Época 3/30, Batch 850/3348, Loss: 0.4213
2025-10-09 21:12:19,158 [INFO] Época 3/30, Batch 900/3348, Loss: 0.3022
2025-10-09 21:12:19,428 [INFO] Época 3/30, Batch 950/3348, Loss: 0.3879
2025-10-09 21:12:19,696 [INFO] Época 3/30, Batch 1000/3348, Loss: 0.3808
2025-10-09 21:12:19,957 [INFO] Época 3/30, Batch 1050/3348, Loss: 0.3782
2025-10-09 21:12:20,223 [INFO] Época 3/30, Batch 1100/3348, Loss: 0.3123
2025-10-09 21:12:20,493 [INFO] Época 3/30, Batch 1150/3348, Loss: 0.4511
2025-10-09 21:12:20,764 [INFO] Época 3/30, Batch 1200/3348, Loss: 0.2990
2025-10-09 21:12:21,033 [INFO] Época 3/30, Batch 1250/3348, Loss: 0.4425
2025-10-09 21:12:21,303 [INFO] Época 3/30, Batch 1300/3348, Loss: 0.3307
2025-10-09 21:12:21,566 [INFO] Época 3/30, Batch 1350/3348, Loss: 0.4028
2025-10-09 21:12:21,826 [INFO] Época 3/30, Batch 1400/3348, Loss: 0.4891
2025-10-09 21:12:22,089 [INFO] Época 3/30, Batch 1450/3348, Loss: 0.4859
2025-10-09 21:12:22,354 [INFO] Época 3/30, Batch 1500/3348, Loss: 0.3381
2025-10-09 21:12:22,620 [INFO] Época 3/30, Batch 1550/3348, Loss: 0.3188
2025-10-09 21:12:22,892 [INFO] Época 3/30, Batch 1600/3348, Loss: 0.4883
2025-10-09 21:12:23,166 [INFO] Época 3/30, Batch 1650/3348, Loss: 0.3183
2025-10-09 21:12:23,436 [INFO] Época 3/30, Batch 1700/3348, Loss: 0.2990
2025-10-09 21:12:23,720 [INFO] Época 3/30, Batch 1750/3348, Loss: 0.2995
2025-10-09 21:12:23,991 [INFO] Época 3/30, Batch 1800/3348, Loss: 0.5185
2025-10-09 21:12:24,262 [INFO] Época 3/30, Batch 1850/3348, Loss: 0.3089
2025-10-09 21:12:24,532 [INFO] Época 3/30, Batch 1900/3348, Loss: 0.4325
2025-10-09 21:12:24,802 [INFO] Época 3/30, Batch 1950/3348, Loss: 0.2896
2025-10-09 21:12:25,067 [INFO] Época 3/30, Batch 2000/3348, Loss: 0.3752
2025-10-09 21:12:25,330 [INFO] Época 3/30, Batch 2050/3348, Loss: 0.4624
2025-10-09 21:12:25,594 [INFO] Época 3/30, Batch 2100/3348, Loss: 0.5368
2025-10-09 21:12:25,861 [INFO] Época 3/30, Batch 2150/3348, Loss: 0.4049
2025-10-09 21:12:26,133 [INFO] Época 3/30, Batch 2200/3348, Loss: 0.3575
2025-10-09 21:12:26,405 [INFO] Época 3/30, Batch 2250/3348, Loss: 0.3909
2025-10-09 21:12:26,677 [INFO] Época 3/30, Batch 2300/3348, Loss: 0.3484
2025-10-09 21:12:26,949 [INFO] Época 3/30, Batch 2350/3348, Loss: 0.3479
2025-10-09 21:12:27,220 [INFO] Época 3/30, Batch 2400/3348, Loss: 0.2974
2025-10-09 21:12:27,491 [INFO] Época 3/30, Batch 2450/3348, Loss: 0.3601
2025-10-09 21:12:27,764 [INFO] Época 3/30, Batch 2500/3348, Loss: 0.3328
2025-10-09 21:12:28,035 [INFO] Época 3/30, Batch 2550/3348, Loss: 0.2503
2025-10-09 21:12:28,303 [INFO] Época 3/30, Batch 2600/3348, Loss: 0.3708
2025-10-09 21:12:28,575 [INFO] Época 3/30, Batch 2650/3348, Loss: 0.4520
2025-10-09 21:12:28,840 [INFO] Época 3/30, Batch 2700/3348, Loss: 0.3709
2025-10-09 21:12:29,105 [INFO] Época 3/30, Batch 2750/3348, Loss: 0.2238
2025-10-09 21:12:29,372 [INFO] Época 3/30, Batch 2800/3348, Loss: 0.3564
2025-10-09 21:12:29,639 [INFO] Época 3/30, Batch 2850/3348, Loss: 0.3116
2025-10-09 21:12:29,907 [INFO] Época 3/30, Batch 2900/3348, Loss: 0.4049
2025-10-09 21:12:30,174 [INFO] Época 3/30, Batch 2950/3348, Loss: 0.4682
2025-10-09 21:12:30,441 [INFO] Época 3/30, Batch 3000/3348, Loss: 0.3748
2025-10-09 21:12:30,708 [INFO] Época 3/30, Batch 3050/3348, Loss: 0.3107
2025-10-09 21:12:30,973 [INFO] Época 3/30, Batch 3100/3348, Loss: 0.4022
2025-10-09 21:12:31,235 [INFO] Época 3/30, Batch 3150/3348, Loss: 0.3947
2025-10-09 21:12:31,498 [INFO] Época 3/30, Batch 3200/3348, Loss: 0.3941
2025-10-09 21:12:31,760 [INFO] Época 3/30, Batch 3250/3348, Loss: 0.3225
2025-10-09 21:12:32,025 [INFO] Época 3/30, Batch 3300/3348, Loss: 0.4326
2025-10-09 21:12:33,839 [INFO] [3/30] Train Loss: 0.3842 | Val Loss: 0.3971 | Tempo: 19.81s
2025-10-09 21:12:33,844 [INFO] Melhor modelo salvo em: /mnt/hdd/home/jdurao/ToolBox-ChemXAI/models/mlp_qm9_MorganCount_att3_large.pth
2025-10-09 21:12:34,448 [INFO] Época 4/30, Batch 50/3348, Loss: 0.4252
2025-10-09 21:12:34,714 [INFO] Época 4/30, Batch 100/3348, Loss: 0.3470
2025-10-09 21:12:34,969 [INFO] Época 4/30, Batch 150/3348, Loss: 0.2044
2025-10-09 21:12:35,226 [INFO] Época 4/30, Batch 200/3348, Loss: 0.2986
2025-10-09 21:12:35,485 [INFO] Época 4/30, Batch 250/3348, Loss: 0.4222
2025-10-09 21:12:35,743 [INFO] Época 4/30, Batch 300/3348, Loss: 0.3313
2025-10-09 21:12:35,999 [INFO] Época 4/30, Batch 350/3348, Loss: 0.3225
2025-10-09 21:12:36,258 [INFO] Época 4/30, Batch 400/3348, Loss: 0.3765
2025-10-09 21:12:36,516 [INFO] Época 4/30, Batch 450/3348, Loss: 0.3560
2025-10-09 21:12:36,775 [INFO] Época 4/30, Batch 500/3348, Loss: 0.4061
2025-10-09 21:12:37,034 [INFO] Época 4/30, Batch 550/3348, Loss: 0.2884
2025-10-09 21:12:37,296 [INFO] Época 4/30, Batch 600/3348, Loss: 0.3744
2025-10-09 21:12:37,559 [INFO] Época 4/30, Batch 650/3348, Loss: 0.4812
2025-10-09 21:12:37,832 [INFO] Época 4/30, Batch 700/3348, Loss: 0.2952
2025-10-09 21:12:38,104 [INFO] Época 4/30, Batch 750/3348, Loss: 0.2711
2025-10-09 21:12:38,374 [INFO] Época 4/30, Batch 800/3348, Loss: 0.2584
2025-10-09 21:12:38,641 [INFO] Época 4/30, Batch 850/3348, Loss: 0.3955
2025-10-09 21:12:38,903 [INFO] Época 4/30, Batch 900/3348, Loss: 0.3471
2025-10-09 21:12:39,167 [INFO] Época 4/30, Batch 950/3348, Loss: 0.3746
2025-10-09 21:12:39,428 [INFO] Época 4/30, Batch 1000/3348, Loss: 0.3416
2025-10-09 21:12:39,694 [INFO] Época 4/30, Batch 1050/3348, Loss: 0.4504
2025-10-09 21:12:39,966 [INFO] Época 4/30, Batch 1100/3348, Loss: 0.3362
2025-10-09 21:12:40,237 [INFO] Época 4/30, Batch 1150/3348, Loss: 0.3530
2025-10-09 21:12:40,509 [INFO] Época 4/30, Batch 1200/3348, Loss: 0.3210
2025-10-09 21:12:40,781 [INFO] Época 4/30, Batch 1250/3348, Loss: 0.4170
2025-10-09 21:12:41,056 [INFO] Época 4/30, Batch 1300/3348, Loss: 0.3614
2025-10-09 21:12:41,329 [INFO] Época 4/30, Batch 1350/3348, Loss: 0.3799
2025-10-09 21:12:41,602 [INFO] Época 4/30, Batch 1400/3348, Loss: 0.4132
2025-10-09 21:12:41,875 [INFO] Época 4/30, Batch 1450/3348, Loss: 0.2374
2025-10-09 21:12:42,152 [INFO] Época 4/30, Batch 1500/3348, Loss: 0.3516
2025-10-09 21:12:42,428 [INFO] Época 4/30, Batch 1550/3348, Loss: 0.2988
2025-10-09 21:12:42,702 [INFO] Época 4/30, Batch 1600/3348, Loss: 0.2689
2025-10-09 21:12:42,967 [INFO] Época 4/30, Batch 1650/3348, Loss: 0.4224
2025-10-09 21:12:43,230 [INFO] Época 4/30, Batch 1700/3348, Loss: 0.5168
2025-10-09 21:12:43,493 [INFO] Época 4/30, Batch 1750/3348, Loss: 0.2237
2025-10-09 21:12:43,759 [INFO] Época 4/30, Batch 1800/3348, Loss: 0.3391
2025-10-09 21:12:44,023 [INFO] Época 4/30, Batch 1850/3348, Loss: 0.2800
2025-10-09 21:12:44,288 [INFO] Época 4/30, Batch 1900/3348, Loss: 0.3419
2025-10-09 21:12:44,553 [INFO] Época 4/30, Batch 1950/3348, Loss: 0.4760
2025-10-09 21:12:44,826 [INFO] Época 4/30, Batch 2000/3348, Loss: 0.3812
2025-10-09 21:12:45,095 [INFO] Época 4/30, Batch 2050/3348, Loss: 0.3317
2025-10-09 21:12:45,358 [INFO] Época 4/30, Batch 2100/3348, Loss: 0.3705
2025-10-09 21:12:45,621 [INFO] Época 4/30, Batch 2150/3348, Loss: 0.3224
2025-10-09 21:12:45,887 [INFO] Época 4/30, Batch 2200/3348, Loss: 0.3069
2025-10-09 21:12:46,153 [INFO] Época 4/30, Batch 2250/3348, Loss: 0.2973
2025-10-09 21:12:46,420 [INFO] Época 4/30, Batch 2300/3348, Loss: 0.3150
2025-10-09 21:12:46,688 [INFO] Época 4/30, Batch 2350/3348, Loss: 0.4100
2025-10-09 21:12:46,957 [INFO] Época 4/30, Batch 2400/3348, Loss: 0.3123
2025-10-09 21:12:47,223 [INFO] Época 4/30, Batch 2450/3348, Loss: 0.2734
2025-10-09 21:12:47,493 [INFO] Época 4/30, Batch 2500/3348, Loss: 0.2470
2025-10-09 21:12:47,760 [INFO] Época 4/30, Batch 2550/3348, Loss: 0.3285
2025-10-09 21:12:48,027 [INFO] Época 4/30, Batch 2600/3348, Loss: 0.5131
2025-10-09 21:12:48,294 [INFO] Época 4/30, Batch 2650/3348, Loss: 0.3835
2025-10-09 21:12:48,560 [INFO] Época 4/30, Batch 2700/3348, Loss: 0.3036
2025-10-09 21:12:48,825 [INFO] Época 4/30, Batch 2750/3348, Loss: 0.3062
2025-10-09 21:12:49,089 [INFO] Época 4/30, Batch 2800/3348, Loss: 0.4303
2025-10-09 21:12:49,350 [INFO] Época 4/30, Batch 2850/3348, Loss: 0.3386
2025-10-09 21:12:49,614 [INFO] Época 4/30, Batch 2900/3348, Loss: 0.4225
2025-10-09 21:12:49,886 [INFO] Época 4/30, Batch 2950/3348, Loss: 0.4267
2025-10-09 21:12:50,159 [INFO] Época 4/30, Batch 3000/3348, Loss: 0.2587
2025-10-09 21:12:50,431 [INFO] Época 4/30, Batch 3050/3348, Loss: 0.3613
2025-10-09 21:12:50,705 [INFO] Época 4/30, Batch 3100/3348, Loss: 0.3457
2025-10-09 21:12:50,977 [INFO] Época 4/30, Batch 3150/3348, Loss: 0.2474
2025-10-09 21:12:51,250 [INFO] Época 4/30, Batch 3200/3348, Loss: 0.3629
2025-10-09 21:12:51,518 [INFO] Época 4/30, Batch 3250/3348, Loss: 0.3059
2025-10-09 21:12:51,789 [INFO] Época 4/30, Batch 3300/3348, Loss: 0.3348
2025-10-09 21:12:53,680 [INFO] [4/30] Train Loss: 0.3616 | Val Loss: 0.3955 | Tempo: 19.84s
2025-10-09 21:12:53,686 [INFO] Melhor modelo salvo em: /mnt/hdd/home/jdurao/ToolBox-ChemXAI/models/mlp_qm9_MorganCount_att3_large.pth
2025-10-09 21:12:54,294 [INFO] Época 5/30, Batch 50/3348, Loss: 0.3876
2025-10-09 21:12:54,566 [INFO] Época 5/30, Batch 100/3348, Loss: 0.2544
2025-10-09 21:12:54,833 [INFO] Época 5/30, Batch 150/3348, Loss: 0.4152
2025-10-09 21:12:55,099 [INFO] Época 5/30, Batch 200/3348, Loss: 0.2849
2025-10-09 21:12:55,363 [INFO] Época 5/30, Batch 250/3348, Loss: 0.3114
2025-10-09 21:12:55,630 [INFO] Época 5/30, Batch 300/3348, Loss: 0.3459
2025-10-09 21:12:55,897 [INFO] Época 5/30, Batch 350/3348, Loss: 0.3458
2025-10-09 21:12:56,158 [INFO] Época 5/30, Batch 400/3348, Loss: 0.2942
2025-10-09 21:12:56,423 [INFO] Época 5/30, Batch 450/3348, Loss: 0.3492
2025-10-09 21:12:56,687 [INFO] Época 5/30, Batch 500/3348, Loss: 0.3178
2025-10-09 21:12:56,953 [INFO] Época 5/30, Batch 550/3348, Loss: 0.2620
2025-10-09 21:12:57,217 [INFO] Época 5/30, Batch 600/3348, Loss: 0.4108
2025-10-09 21:12:57,485 [INFO] Época 5/30, Batch 650/3348, Loss: 0.3094
2025-10-09 21:12:57,749 [INFO] Época 5/30, Batch 700/3348, Loss: 0.3404
2025-10-09 21:12:58,010 [INFO] Época 5/30, Batch 750/3348, Loss: 0.3991
2025-10-09 21:12:58,271 [INFO] Época 5/30, Batch 800/3348, Loss: 0.3061
2025-10-09 21:12:58,532 [INFO] Época 5/30, Batch 850/3348, Loss: 0.2387
2025-10-09 21:12:58,793 [INFO] Época 5/30, Batch 900/3348, Loss: 0.3003
2025-10-09 21:12:59,055 [INFO] Época 5/30, Batch 950/3348, Loss: 0.4297
2025-10-09 21:12:59,318 [INFO] Época 5/30, Batch 1000/3348, Loss: 0.2619
2025-10-09 21:12:59,583 [INFO] Época 5/30, Batch 1050/3348, Loss: 0.2877
2025-10-09 21:12:59,847 [INFO] Época 5/30, Batch 1100/3348, Loss: 0.4403
2025-10-09 21:13:00,112 [INFO] Época 5/30, Batch 1150/3348, Loss: 0.3395
2025-10-09 21:13:00,375 [INFO] Época 5/30, Batch 1200/3348, Loss: 0.3470
2025-10-09 21:13:00,638 [INFO] Época 5/30, Batch 1250/3348, Loss: 0.4060
2025-10-09 21:13:00,904 [INFO] Época 5/30, Batch 1300/3348, Loss: 0.3497
2025-10-09 21:13:01,168 [INFO] Época 5/30, Batch 1350/3348, Loss: 0.3631
2025-10-09 21:13:01,431 [INFO] Época 5/30, Batch 1400/3348, Loss: 0.3595
2025-10-09 21:13:01,697 [INFO] Época 5/30, Batch 1450/3348, Loss: 0.4315
2025-10-09 21:13:01,960 [INFO] Época 5/30, Batch 1500/3348, Loss: 0.3581
2025-10-09 21:13:02,226 [INFO] Época 5/30, Batch 1550/3348, Loss: 0.3979
2025-10-09 21:13:02,490 [INFO] Época 5/30, Batch 1600/3348, Loss: 0.4352
2025-10-09 21:13:02,755 [INFO] Época 5/30, Batch 1650/3348, Loss: 0.2784
2025-10-09 21:13:03,030 [INFO] Época 5/30, Batch 1700/3348, Loss: 0.3894
2025-10-09 21:13:03,294 [INFO] Época 5/30, Batch 1750/3348, Loss: 0.3263
2025-10-09 21:13:03,557 [INFO] Época 5/30, Batch 1800/3348, Loss: 0.3525
2025-10-09 21:13:03,821 [INFO] Época 5/30, Batch 1850/3348, Loss: 0.2912
2025-10-09 21:13:04,085 [INFO] Época 5/30, Batch 1900/3348, Loss: 0.3758
2025-10-09 21:13:04,352 [INFO] Época 5/30, Batch 1950/3348, Loss: 0.2544
2025-10-09 21:13:04,617 [INFO] Época 5/30, Batch 2000/3348, Loss: 0.5082
2025-10-09 21:13:04,881 [INFO] Época 5/30, Batch 2050/3348, Loss: 0.3265
2025-10-09 21:13:05,146 [INFO] Época 5/30, Batch 2100/3348, Loss: 0.3531
2025-10-09 21:13:05,410 [INFO] Época 5/30, Batch 2150/3348, Loss: 0.4204
2025-10-09 21:13:05,676 [INFO] Época 5/30, Batch 2200/3348, Loss: 0.3620
2025-10-09 21:13:05,940 [INFO] Época 5/30, Batch 2250/3348, Loss: 0.3463
2025-10-09 21:13:06,202 [INFO] Época 5/30, Batch 2300/3348, Loss: 0.3499
2025-10-09 21:13:06,466 [INFO] Época 5/30, Batch 2350/3348, Loss: 0.3908
2025-10-09 21:13:06,731 [INFO] Época 5/30, Batch 2400/3348, Loss: 0.2875
2025-10-09 21:13:06,996 [INFO] Época 5/30, Batch 2450/3348, Loss: 0.3562
2025-10-09 21:13:07,260 [INFO] Época 5/30, Batch 2500/3348, Loss: 0.2774
2025-10-09 21:13:07,522 [INFO] Época 5/30, Batch 2550/3348, Loss: 0.3642
2025-10-09 21:13:07,785 [INFO] Época 5/30, Batch 2600/3348, Loss: 0.3716
2025-10-09 21:13:08,046 [INFO] Época 5/30, Batch 2650/3348, Loss: 0.3504
2025-10-09 21:13:08,308 [INFO] Época 5/30, Batch 2700/3348, Loss: 0.3252
2025-10-09 21:13:08,574 [INFO] Época 5/30, Batch 2750/3348, Loss: 0.2720
2025-10-09 21:13:08,841 [INFO] Época 5/30, Batch 2800/3348, Loss: 0.4015
2025-10-09 21:13:09,106 [INFO] Época 5/30, Batch 2850/3348, Loss: 0.3463
2025-10-09 21:13:09,370 [INFO] Época 5/30, Batch 2900/3348, Loss: 0.2727
2025-10-09 21:13:09,638 [INFO] Época 5/30, Batch 2950/3348, Loss: 0.2959
2025-10-09 21:13:09,904 [INFO] Época 5/30, Batch 3000/3348, Loss: 0.4470
2025-10-09 21:13:10,168 [INFO] Época 5/30, Batch 3050/3348, Loss: 0.3623
2025-10-09 21:13:10,434 [INFO] Época 5/30, Batch 3100/3348, Loss: 0.3898
2025-10-09 21:13:10,701 [INFO] Época 5/30, Batch 3150/3348, Loss: 0.3339
2025-10-09 21:13:10,967 [INFO] Época 5/30, Batch 3200/3348, Loss: 0.4455
2025-10-09 21:13:11,232 [INFO] Época 5/30, Batch 3250/3348, Loss: 0.4838
2025-10-09 21:13:11,495 [INFO] Época 5/30, Batch 3300/3348, Loss: 0.3459
2025-10-09 21:13:13,291 [INFO] [5/30] Train Loss: 0.3448 | Val Loss: 0.3868 | Tempo: 19.61s
2025-10-09 21:13:13,296 [INFO] Melhor modelo salvo em: /mnt/hdd/home/jdurao/ToolBox-ChemXAI/models/mlp_qm9_MorganCount_att3_large.pth
2025-10-09 21:13:13,908 [INFO] Época 6/30, Batch 50/3348, Loss: 0.3758
2025-10-09 21:13:14,177 [INFO] Época 6/30, Batch 100/3348, Loss: 0.3022
2025-10-09 21:13:14,443 [INFO] Época 6/30, Batch 150/3348, Loss: 0.2684
2025-10-09 21:13:14,709 [INFO] Época 6/30, Batch 200/3348, Loss: 0.3670
2025-10-09 21:13:14,969 [INFO] Época 6/30, Batch 250/3348, Loss: 0.2301
2025-10-09 21:13:15,228 [INFO] Época 6/30, Batch 300/3348, Loss: 0.4698
2025-10-09 21:13:15,488 [INFO] Época 6/30, Batch 350/3348, Loss: 0.2413
2025-10-09 21:13:15,751 [INFO] Época 6/30, Batch 400/3348, Loss: 0.2596
2025-10-09 21:13:16,013 [INFO] Época 6/30, Batch 450/3348, Loss: 0.2768
2025-10-09 21:13:16,276 [INFO] Época 6/30, Batch 500/3348, Loss: 0.3094
2025-10-09 21:13:16,541 [INFO] Época 6/30, Batch 550/3348, Loss: 0.2780
2025-10-09 21:13:16,817 [INFO] Época 6/30, Batch 600/3348, Loss: 0.3658
2025-10-09 21:13:17,093 [INFO] Época 6/30, Batch 650/3348, Loss: 0.2706
2025-10-09 21:13:17,362 [INFO] Época 6/30, Batch 700/3348, Loss: 0.4563
2025-10-09 21:13:17,638 [INFO] Época 6/30, Batch 750/3348, Loss: 0.3348
2025-10-09 21:13:17,898 [INFO] Época 6/30, Batch 800/3348, Loss: 0.3352
2025-10-09 21:13:18,155 [INFO] Época 6/30, Batch 850/3348, Loss: 0.2902
2025-10-09 21:13:18,412 [INFO] Época 6/30, Batch 900/3348, Loss: 0.5069
2025-10-09 21:13:18,666 [INFO] Época 6/30, Batch 950/3348, Loss: 0.4095
2025-10-09 21:13:18,928 [INFO] Época 6/30, Batch 1000/3348, Loss: 0.3676
2025-10-09 21:13:19,190 [INFO] Época 6/30, Batch 1050/3348, Loss: 0.3405
2025-10-09 21:13:19,458 [INFO] Época 6/30, Batch 1100/3348, Loss: 0.2812
2025-10-09 21:13:19,721 [INFO] Época 6/30, Batch 1150/3348, Loss: 0.3092
2025-10-09 21:13:19,994 [INFO] Época 6/30, Batch 1200/3348, Loss: 0.3303
2025-10-09 21:13:20,269 [INFO] Época 6/30, Batch 1250/3348, Loss: 0.4017
2025-10-09 21:13:20,542 [INFO] Época 6/30, Batch 1300/3348, Loss: 0.4023
2025-10-09 21:13:20,818 [INFO] Época 6/30, Batch 1350/3348, Loss: 0.5366
2025-10-09 21:13:21,088 [INFO] Época 6/30, Batch 1400/3348, Loss: 0.3816
2025-10-09 21:13:21,360 [INFO] Época 6/30, Batch 1450/3348, Loss: 0.2036
2025-10-09 21:13:21,634 [INFO] Época 6/30, Batch 1500/3348, Loss: 0.3545
2025-10-09 21:13:21,905 [INFO] Época 6/30, Batch 1550/3348, Loss: 0.4668
2025-10-09 21:13:22,180 [INFO] Época 6/30, Batch 1600/3348, Loss: 0.4510
2025-10-09 21:13:22,453 [INFO] Época 6/30, Batch 1650/3348, Loss: 0.3369
2025-10-09 21:13:22,727 [INFO] Época 6/30, Batch 1700/3348, Loss: 0.3241
2025-10-09 21:13:23,003 [INFO] Época 6/30, Batch 1750/3348, Loss: 0.2682
2025-10-09 21:13:23,282 [INFO] Época 6/30, Batch 1800/3348, Loss: 0.2802
2025-10-09 21:13:23,557 [INFO] Época 6/30, Batch 1850/3348, Loss: 0.2987
2025-10-09 21:13:23,825 [INFO] Época 6/30, Batch 1900/3348, Loss: 0.2859
2025-10-09 21:13:24,089 [INFO] Época 6/30, Batch 1950/3348, Loss: 0.3166
2025-10-09 21:13:24,352 [INFO] Época 6/30, Batch 2000/3348, Loss: 0.3188
2025-10-09 21:13:24,619 [INFO] Época 6/30, Batch 2050/3348, Loss: 0.3490
2025-10-09 21:13:24,896 [INFO] Época 6/30, Batch 2100/3348, Loss: 0.2192
2025-10-09 21:13:25,173 [INFO] Época 6/30, Batch 2150/3348, Loss: 0.4201
2025-10-09 21:13:25,448 [INFO] Época 6/30, Batch 2200/3348, Loss: 0.3916
2025-10-09 21:13:25,722 [INFO] Época 6/30, Batch 2250/3348, Loss: 0.3002
2025-10-09 21:13:25,983 [INFO] Época 6/30, Batch 2300/3348, Loss: 0.2708
2025-10-09 21:13:26,247 [INFO] Época 6/30, Batch 2350/3348, Loss: 0.2314
2025-10-09 21:13:26,510 [INFO] Época 6/30, Batch 2400/3348, Loss: 0.3945
2025-10-09 21:13:26,784 [INFO] Época 6/30, Batch 2450/3348, Loss: 0.3305
2025-10-09 21:13:27,061 [INFO] Época 6/30, Batch 2500/3348, Loss: 0.3444
2025-10-09 21:13:27,333 [INFO] Época 6/30, Batch 2550/3348, Loss: 0.4073
2025-10-09 21:13:27,610 [INFO] Época 6/30, Batch 2600/3348, Loss: 0.3561
2025-10-09 21:13:27,880 [INFO] Época 6/30, Batch 2650/3348, Loss: 0.2344
2025-10-09 21:13:28,144 [INFO] Época 6/30, Batch 2700/3348, Loss: 0.2187
2025-10-09 21:13:28,407 [INFO] Época 6/30, Batch 2750/3348, Loss: 0.3623
2025-10-09 21:13:28,669 [INFO] Época 6/30, Batch 2800/3348, Loss: 0.3555
2025-10-09 21:13:28,932 [INFO] Época 6/30, Batch 2850/3348, Loss: 0.3055
2025-10-09 21:13:29,197 [INFO] Época 6/30, Batch 2900/3348, Loss: 0.2117
2025-10-09 21:13:29,463 [INFO] Época 6/30, Batch 2950/3348, Loss: 0.5837
2025-10-09 21:13:29,726 [INFO] Época 6/30, Batch 3000/3348, Loss: 0.3101
2025-10-09 21:13:29,989 [INFO] Época 6/30, Batch 3050/3348, Loss: 0.2765
2025-10-09 21:13:30,253 [INFO] Época 6/30, Batch 3100/3348, Loss: 0.3135
2025-10-09 21:13:30,518 [INFO] Época 6/30, Batch 3150/3348, Loss: 0.3044
2025-10-09 21:13:30,781 [INFO] Época 6/30, Batch 3200/3348, Loss: 0.2791
2025-10-09 21:13:31,045 [INFO] Época 6/30, Batch 3250/3348, Loss: 0.3680
2025-10-09 21:13:31,313 [INFO] Época 6/30, Batch 3300/3348, Loss: 0.3080
2025-10-09 21:13:33,217 [INFO] [6/30] Train Loss: 0.3296 | Val Loss: 0.3890 | Tempo: 19.92s
2025-10-09 21:13:33,836 [INFO] Época 7/30, Batch 50/3348, Loss: 0.2819
2025-10-09 21:13:34,118 [INFO] Época 7/30, Batch 100/3348, Loss: 0.2146
2025-10-09 21:13:34,397 [INFO] Época 7/30, Batch 150/3348, Loss: 0.2939
2025-10-09 21:13:34,674 [INFO] Época 7/30, Batch 200/3348, Loss: 0.3190
2025-10-09 21:13:34,948 [INFO] Época 7/30, Batch 250/3348, Loss: 0.1951
2025-10-09 21:13:35,223 [INFO] Época 7/30, Batch 300/3348, Loss: 0.3157
2025-10-09 21:13:35,498 [INFO] Época 7/30, Batch 350/3348, Loss: 0.3424
2025-10-09 21:13:35,772 [INFO] Época 7/30, Batch 400/3348, Loss: 0.3033
2025-10-09 21:13:36,043 [INFO] Época 7/30, Batch 450/3348, Loss: 0.3489
2025-10-09 21:13:36,315 [INFO] Época 7/30, Batch 500/3348, Loss: 0.3052
2025-10-09 21:13:36,587 [INFO] Época 7/30, Batch 550/3348, Loss: 0.3129
2025-10-09 21:13:36,860 [INFO] Época 7/30, Batch 600/3348, Loss: 0.2796
2025-10-09 21:13:37,128 [INFO] Época 7/30, Batch 650/3348, Loss: 0.2626
2025-10-09 21:13:37,380 [INFO] Época 7/30, Batch 700/3348, Loss: 0.2461
2025-10-09 21:13:37,637 [INFO] Época 7/30, Batch 750/3348, Loss: 0.3313
2025-10-09 21:13:37,904 [INFO] Época 7/30, Batch 800/3348, Loss: 0.2763
2025-10-09 21:13:38,176 [INFO] Época 7/30, Batch 850/3348, Loss: 0.2689
2025-10-09 21:13:38,448 [INFO] Época 7/30, Batch 900/3348, Loss: 0.2455
2025-10-09 21:13:38,714 [INFO] Época 7/30, Batch 950/3348, Loss: 0.2693
2025-10-09 21:13:38,983 [INFO] Época 7/30, Batch 1000/3348, Loss: 0.3127
2025-10-09 21:13:39,256 [INFO] Época 7/30, Batch 1050/3348, Loss: 0.3608
2025-10-09 21:13:39,514 [INFO] Época 7/30, Batch 1100/3348, Loss: 0.3057
2025-10-09 21:13:39,769 [INFO] Época 7/30, Batch 1150/3348, Loss: 0.2888
2025-10-09 21:13:40,029 [INFO] Época 7/30, Batch 1200/3348, Loss: 0.2926
2025-10-09 21:13:40,291 [INFO] Época 7/30, Batch 1250/3348, Loss: 0.3011
2025-10-09 21:13:40,552 [INFO] Época 7/30, Batch 1300/3348, Loss: 0.3474
2025-10-09 21:13:40,816 [INFO] Época 7/30, Batch 1350/3348, Loss: 0.4584
2025-10-09 21:13:41,089 [INFO] Época 7/30, Batch 1400/3348, Loss: 0.2339
2025-10-09 21:13:41,367 [INFO] Época 7/30, Batch 1450/3348, Loss: 0.3582
2025-10-09 21:13:41,643 [INFO] Época 7/30, Batch 1500/3348, Loss: 0.3517
2025-10-09 21:13:41,907 [INFO] Época 7/30, Batch 1550/3348, Loss: 0.3083
2025-10-09 21:13:42,168 [INFO] Época 7/30, Batch 1600/3348, Loss: 0.3196
2025-10-09 21:13:42,429 [INFO] Época 7/30, Batch 1650/3348, Loss: 0.5845
2025-10-09 21:13:42,693 [INFO] Época 7/30, Batch 1700/3348, Loss: 0.5392
2025-10-09 21:13:42,966 [INFO] Época 7/30, Batch 1750/3348, Loss: 0.1907
2025-10-09 21:13:43,238 [INFO] Época 7/30, Batch 1800/3348, Loss: 0.2324
2025-10-09 21:13:43,510 [INFO] Época 7/30, Batch 1850/3348, Loss: 0.2800
2025-10-09 21:13:43,782 [INFO] Época 7/30, Batch 1900/3348, Loss: 0.2223
2025-10-09 21:13:44,045 [INFO] Época 7/30, Batch 1950/3348, Loss: 0.2785
2025-10-09 21:13:44,307 [INFO] Época 7/30, Batch 2000/3348, Loss: 0.4962
2025-10-09 21:13:44,571 [INFO] Época 7/30, Batch 2050/3348, Loss: 0.3432
2025-10-09 21:13:44,840 [INFO] Época 7/30, Batch 2100/3348, Loss: 0.4637
2025-10-09 21:13:45,109 [INFO] Época 7/30, Batch 2150/3348, Loss: 0.4338
2025-10-09 21:13:45,378 [INFO] Época 7/30, Batch 2200/3348, Loss: 0.2931
2025-10-09 21:13:45,646 [INFO] Época 7/30, Batch 2250/3348, Loss: 0.2502
2025-10-09 21:13:45,918 [INFO] Época 7/30, Batch 2300/3348, Loss: 0.4358
2025-10-09 21:13:46,187 [INFO] Época 7/30, Batch 2350/3348, Loss: 0.4112
2025-10-09 21:13:46,457 [INFO] Época 7/30, Batch 2400/3348, Loss: 0.4401
2025-10-09 21:13:46,726 [INFO] Época 7/30, Batch 2450/3348, Loss: 0.3043
2025-10-09 21:13:46,996 [INFO] Época 7/30, Batch 2500/3348, Loss: 0.3644
2025-10-09 21:13:47,265 [INFO] Época 7/30, Batch 2550/3348, Loss: 0.3137
2025-10-09 21:13:47,532 [INFO] Época 7/30, Batch 2600/3348, Loss: 0.2465
2025-10-09 21:13:47,801 [INFO] Época 7/30, Batch 2650/3348, Loss: 0.3009
2025-10-09 21:13:48,070 [INFO] Época 7/30, Batch 2700/3348, Loss: 0.3425
2025-10-09 21:13:48,339 [INFO] Época 7/30, Batch 2750/3348, Loss: 0.3740
2025-10-09 21:13:48,609 [INFO] Época 7/30, Batch 2800/3348, Loss: 0.3022
2025-10-09 21:13:48,884 [INFO] Época 7/30, Batch 2850/3348, Loss: 0.3435
2025-10-09 21:13:49,160 [INFO] Época 7/30, Batch 2900/3348, Loss: 0.3704
2025-10-09 21:13:49,430 [INFO] Época 7/30, Batch 2950/3348, Loss: 0.2288
2025-10-09 21:13:49,701 [INFO] Época 7/30, Batch 3000/3348, Loss: 0.3070
2025-10-09 21:13:49,972 [INFO] Época 7/30, Batch 3050/3348, Loss: 0.2625
2025-10-09 21:13:50,243 [INFO] Época 7/30, Batch 3100/3348, Loss: 0.3166
2025-10-09 21:13:50,514 [INFO] Época 7/30, Batch 3150/3348, Loss: 0.2303
2025-10-09 21:13:50,777 [INFO] Época 7/30, Batch 3200/3348, Loss: 0.4366
2025-10-09 21:13:51,038 [INFO] Época 7/30, Batch 3250/3348, Loss: 0.3372
2025-10-09 21:13:51,301 [INFO] Época 7/30, Batch 3300/3348, Loss: 0.5188
2025-10-09 21:13:53,163 [INFO] [7/30] Train Loss: 0.3166 | Val Loss: 0.3872 | Tempo: 19.95s
2025-10-09 21:13:53,789 [INFO] Época 8/30, Batch 50/3348, Loss: 0.2811
2025-10-09 21:13:54,069 [INFO] Época 8/30, Batch 100/3348, Loss: 0.2583
2025-10-09 21:13:54,339 [INFO] Época 8/30, Batch 150/3348, Loss: 0.2779
2025-10-09 21:13:54,601 [INFO] Época 8/30, Batch 200/3348, Loss: 0.3770
2025-10-09 21:13:54,863 [INFO] Época 8/30, Batch 250/3348, Loss: 0.3154
2025-10-09 21:13:55,126 [INFO] Época 8/30, Batch 300/3348, Loss: 0.3949
2025-10-09 21:13:55,391 [INFO] Época 8/30, Batch 350/3348, Loss: 0.2751
2025-10-09 21:13:55,654 [INFO] Época 8/30, Batch 400/3348, Loss: 0.3320
2025-10-09 21:13:55,918 [INFO] Época 8/30, Batch 450/3348, Loss: 0.3950
2025-10-09 21:13:56,184 [INFO] Época 8/30, Batch 500/3348, Loss: 0.3289
2025-10-09 21:13:56,446 [INFO] Época 8/30, Batch 550/3348, Loss: 0.3126
2025-10-09 21:13:56,709 [INFO] Época 8/30, Batch 600/3348, Loss: 0.2563
2025-10-09 21:13:56,971 [INFO] Época 8/30, Batch 650/3348, Loss: 0.3059
2025-10-09 21:13:57,232 [INFO] Época 8/30, Batch 700/3348, Loss: 0.3036
2025-10-09 21:13:57,493 [INFO] Época 8/30, Batch 750/3348, Loss: 0.2968
2025-10-09 21:13:57,746 [INFO] Época 8/30, Batch 800/3348, Loss: 0.2947
2025-10-09 21:13:58,006 [INFO] Época 8/30, Batch 850/3348, Loss: 0.3122
2025-10-09 21:13:58,269 [INFO] Época 8/30, Batch 900/3348, Loss: 0.2569
2025-10-09 21:13:58,534 [INFO] Época 8/30, Batch 950/3348, Loss: 0.3161
2025-10-09 21:13:58,797 [INFO] Época 8/30, Batch 1000/3348, Loss: 0.3059
2025-10-09 21:13:59,060 [INFO] Época 8/30, Batch 1050/3348, Loss: 0.2556
2025-10-09 21:13:59,319 [INFO] Época 8/30, Batch 1100/3348, Loss: 0.2706
2025-10-09 21:13:59,581 [INFO] Época 8/30, Batch 1150/3348, Loss: 0.2580
2025-10-09 21:13:59,846 [INFO] Época 8/30, Batch 1200/3348, Loss: 0.2834
2025-10-09 21:14:00,105 [INFO] Época 8/30, Batch 1250/3348, Loss: 0.3271
2025-10-09 21:14:00,361 [INFO] Época 8/30, Batch 1300/3348, Loss: 0.2002
2025-10-09 21:14:00,625 [INFO] Época 8/30, Batch 1350/3348, Loss: 0.4213
2025-10-09 21:14:00,895 [INFO] Época 8/30, Batch 1400/3348, Loss: 0.3771
2025-10-09 21:14:01,153 [INFO] Época 8/30, Batch 1450/3348, Loss: 0.2402
2025-10-09 21:14:01,412 [INFO] Época 8/30, Batch 1500/3348, Loss: 0.3389
2025-10-09 21:14:01,671 [INFO] Época 8/30, Batch 1550/3348, Loss: 0.2981
2025-10-09 21:14:01,929 [INFO] Época 8/30, Batch 1600/3348, Loss: 0.4114
2025-10-09 21:14:02,190 [INFO] Época 8/30, Batch 1650/3348, Loss: 0.3492
2025-10-09 21:14:02,449 [INFO] Época 8/30, Batch 1700/3348, Loss: 0.2959
2025-10-09 21:14:02,710 [INFO] Época 8/30, Batch 1750/3348, Loss: 0.3286
2025-10-09 21:14:02,974 [INFO] Época 8/30, Batch 1800/3348, Loss: 0.2734
2025-10-09 21:14:03,251 [INFO] Época 8/30, Batch 1850/3348, Loss: 0.2575
2025-10-09 21:14:03,529 [INFO] Época 8/30, Batch 1900/3348, Loss: 0.2867
2025-10-09 21:14:03,790 [INFO] Época 8/30, Batch 1950/3348, Loss: 0.3634
2025-10-09 21:14:04,047 [INFO] Época 8/30, Batch 2000/3348, Loss: 0.5208
2025-10-09 21:14:04,306 [INFO] Época 8/30, Batch 2050/3348, Loss: 0.2576
2025-10-09 21:14:04,567 [INFO] Época 8/30, Batch 2100/3348, Loss: 0.2239
2025-10-09 21:14:04,826 [INFO] Época 8/30, Batch 2150/3348, Loss: 0.3115
2025-10-09 21:14:05,083 [INFO] Época 8/30, Batch 2200/3348, Loss: 0.3283
2025-10-09 21:14:05,339 [INFO] Época 8/30, Batch 2250/3348, Loss: 0.3867
2025-10-09 21:14:05,596 [INFO] Época 8/30, Batch 2300/3348, Loss: 0.2535
2025-10-09 21:14:05,853 [INFO] Época 8/30, Batch 2350/3348, Loss: 0.6144
2025-10-09 21:14:06,110 [INFO] Época 8/30, Batch 2400/3348, Loss: 0.3416
2025-10-09 21:14:06,368 [INFO] Época 8/30, Batch 2450/3348, Loss: 0.2663
2025-10-09 21:14:06,626 [INFO] Época 8/30, Batch 2500/3348, Loss: 0.3368
2025-10-09 21:14:06,883 [INFO] Época 8/30, Batch 2550/3348, Loss: 0.3183
2025-10-09 21:14:07,139 [INFO] Época 8/30, Batch 2600/3348, Loss: 0.3201
2025-10-09 21:14:07,396 [INFO] Época 8/30, Batch 2650/3348, Loss: 0.3000
2025-10-09 21:14:07,655 [INFO] Época 8/30, Batch 2700/3348, Loss: 0.3092
2025-10-09 21:14:07,911 [INFO] Época 8/30, Batch 2750/3348, Loss: 0.2795
2025-10-09 21:14:08,167 [INFO] Época 8/30, Batch 2800/3348, Loss: 0.3690
2025-10-09 21:14:08,424 [INFO] Época 8/30, Batch 2850/3348, Loss: 0.3919
2025-10-09 21:14:08,682 [INFO] Época 8/30, Batch 2900/3348, Loss: 0.2266
2025-10-09 21:14:08,943 [INFO] Época 8/30, Batch 2950/3348, Loss: 0.3760
2025-10-09 21:14:09,201 [INFO] Época 8/30, Batch 3000/3348, Loss: 0.2708
2025-10-09 21:14:09,458 [INFO] Época 8/30, Batch 3050/3348, Loss: 0.2618
2025-10-09 21:14:09,721 [INFO] Época 8/30, Batch 3100/3348, Loss: 0.3604
2025-10-09 21:14:09,977 [INFO] Época 8/30, Batch 3150/3348, Loss: 0.3431
2025-10-09 21:14:10,236 [INFO] Época 8/30, Batch 3200/3348, Loss: 0.3322
2025-10-09 21:14:10,494 [INFO] Época 8/30, Batch 3250/3348, Loss: 0.2691
2025-10-09 21:14:10,754 [INFO] Época 8/30, Batch 3300/3348, Loss: 0.3593
2025-10-09 21:14:12,535 [INFO] [8/30] Train Loss: 0.3062 | Val Loss: 0.3929 | Tempo: 19.37s
2025-10-09 21:14:13,143 [INFO] Época 9/30, Batch 50/3348, Loss: 0.3636
2025-10-09 21:14:13,412 [INFO] Época 9/30, Batch 100/3348, Loss: 0.3468
2025-10-09 21:14:13,682 [INFO] Época 9/30, Batch 150/3348, Loss: 0.3203
2025-10-09 21:14:13,948 [INFO] Época 9/30, Batch 200/3348, Loss: 0.2032
2025-10-09 21:14:14,214 [INFO] Época 9/30, Batch 250/3348, Loss: 0.2811
2025-10-09 21:14:14,478 [INFO] Época 9/30, Batch 300/3348, Loss: 0.2757
2025-10-09 21:14:14,743 [INFO] Época 9/30, Batch 350/3348, Loss: 0.2469
2025-10-09 21:14:15,007 [INFO] Época 9/30, Batch 400/3348, Loss: 0.2845
2025-10-09 21:14:15,272 [INFO] Época 9/30, Batch 450/3348, Loss: 0.2140
2025-10-09 21:14:15,535 [INFO] Época 9/30, Batch 500/3348, Loss: 0.3735
2025-10-09 21:14:15,798 [INFO] Época 9/30, Batch 550/3348, Loss: 0.2899
2025-10-09 21:14:16,060 [INFO] Época 9/30, Batch 600/3348, Loss: 0.2840
2025-10-09 21:14:16,322 [INFO] Época 9/30, Batch 650/3348, Loss: 0.2744
2025-10-09 21:14:16,583 [INFO] Época 9/30, Batch 700/3348, Loss: 0.2257
2025-10-09 21:14:16,846 [INFO] Época 9/30, Batch 750/3348, Loss: 0.3366
2025-10-09 21:14:17,111 [INFO] Época 9/30, Batch 800/3348, Loss: 0.2790
2025-10-09 21:14:17,370 [INFO] Época 9/30, Batch 850/3348, Loss: 0.3014
2025-10-09 21:14:17,630 [INFO] Época 9/30, Batch 900/3348, Loss: 0.2480
2025-10-09 21:14:17,892 [INFO] Época 9/30, Batch 950/3348, Loss: 0.3604
2025-10-09 21:14:18,153 [INFO] Época 9/30, Batch 1000/3348, Loss: 0.3121
2025-10-09 21:14:18,408 [INFO] Época 9/30, Batch 1050/3348, Loss: 0.2666
2025-10-09 21:14:18,670 [INFO] Época 9/30, Batch 1100/3348, Loss: 0.2757
2025-10-09 21:14:18,933 [INFO] Época 9/30, Batch 1150/3348, Loss: 0.3466
2025-10-09 21:14:19,207 [INFO] Época 9/30, Batch 1200/3348, Loss: 0.2415
2025-10-09 21:14:19,475 [INFO] Época 9/30, Batch 1250/3348, Loss: 0.3196
2025-10-09 21:14:19,744 [INFO] Época 9/30, Batch 1300/3348, Loss: 0.2701
2025-10-09 21:14:20,016 [INFO] Época 9/30, Batch 1350/3348, Loss: 0.2593
2025-10-09 21:14:20,286 [INFO] Época 9/30, Batch 1400/3348, Loss: 0.2484
2025-10-09 21:14:20,557 [INFO] Época 9/30, Batch 1450/3348, Loss: 0.2864
2025-10-09 21:14:20,825 [INFO] Época 9/30, Batch 1500/3348, Loss: 0.1995
2025-10-09 21:14:21,094 [INFO] Época 9/30, Batch 1550/3348, Loss: 0.3499
2025-10-09 21:14:21,361 [INFO] Época 9/30, Batch 1600/3348, Loss: 0.2410
2025-10-09 21:14:21,630 [INFO] Época 9/30, Batch 1650/3348, Loss: 0.2690
2025-10-09 21:14:21,901 [INFO] Época 9/30, Batch 1700/3348, Loss: 0.2927
2025-10-09 21:14:22,170 [INFO] Época 9/30, Batch 1750/3348, Loss: 0.3094
2025-10-09 21:14:22,439 [INFO] Época 9/30, Batch 1800/3348, Loss: 0.2782
2025-10-09 21:14:22,713 [INFO] Época 9/30, Batch 1850/3348, Loss: 0.2319
2025-10-09 21:14:22,983 [INFO] Época 9/30, Batch 1900/3348, Loss: 0.3174
2025-10-09 21:14:23,255 [INFO] Época 9/30, Batch 1950/3348, Loss: 0.3897
2025-10-09 21:14:23,526 [INFO] Época 9/30, Batch 2000/3348, Loss: 0.3198
2025-10-09 21:14:23,788 [INFO] Época 9/30, Batch 2050/3348, Loss: 0.3655
2025-10-09 21:14:24,050 [INFO] Época 9/30, Batch 2100/3348, Loss: 0.2417
2025-10-09 21:14:24,312 [INFO] Época 9/30, Batch 2150/3348, Loss: 0.2915
2025-10-09 21:14:24,576 [INFO] Época 9/30, Batch 2200/3348, Loss: 0.3820
2025-10-09 21:14:24,843 [INFO] Época 9/30, Batch 2250/3348, Loss: 0.2925
2025-10-09 21:14:25,113 [INFO] Época 9/30, Batch 2300/3348, Loss: 0.3181
2025-10-09 21:14:25,383 [INFO] Época 9/30, Batch 2350/3348, Loss: 0.3017
2025-10-09 21:14:25,656 [INFO] Época 9/30, Batch 2400/3348, Loss: 0.3720
2025-10-09 21:14:25,927 [INFO] Época 9/30, Batch 2450/3348, Loss: 0.2311
2025-10-09 21:14:26,197 [INFO] Época 9/30, Batch 2500/3348, Loss: 0.2888
2025-10-09 21:14:26,468 [INFO] Época 9/30, Batch 2550/3348, Loss: 0.3733
2025-10-09 21:14:26,738 [INFO] Época 9/30, Batch 2600/3348, Loss: 0.3543
2025-10-09 21:14:27,009 [INFO] Época 9/30, Batch 2650/3348, Loss: 0.2605
2025-10-09 21:14:27,278 [INFO] Época 9/30, Batch 2700/3348, Loss: 0.1759
2025-10-09 21:14:27,552 [INFO] Época 9/30, Batch 2750/3348, Loss: 0.2549
2025-10-09 21:14:27,821 [INFO] Época 9/30, Batch 2800/3348, Loss: 0.3812
2025-10-09 21:14:28,091 [INFO] Época 9/30, Batch 2850/3348, Loss: 0.3231
2025-10-09 21:14:28,361 [INFO] Época 9/30, Batch 2900/3348, Loss: 0.2481
2025-10-09 21:14:28,633 [INFO] Época 9/30, Batch 2950/3348, Loss: 0.3410
2025-10-09 21:14:28,904 [INFO] Época 9/30, Batch 3000/3348, Loss: 0.2129
2025-10-09 21:14:29,175 [INFO] Época 9/30, Batch 3050/3348, Loss: 0.4502
2025-10-09 21:14:29,445 [INFO] Época 9/30, Batch 3100/3348, Loss: 0.2784
2025-10-09 21:14:29,717 [INFO] Época 9/30, Batch 3150/3348, Loss: 0.3632
2025-10-09 21:14:29,988 [INFO] Época 9/30, Batch 3200/3348, Loss: 0.4017
2025-10-09 21:14:30,260 [INFO] Época 9/30, Batch 3250/3348, Loss: 0.2558
2025-10-09 21:14:30,529 [INFO] Época 9/30, Batch 3300/3348, Loss: 0.3151
2025-10-09 21:14:32,509 [INFO] [9/30] Train Loss: 0.2969 | Val Loss: 0.3946 | Tempo: 19.97s
2025-10-09 21:14:33,122 [INFO] Época 10/30, Batch 50/3348, Loss: 0.2738
2025-10-09 21:14:33,392 [INFO] Época 10/30, Batch 100/3348, Loss: 0.3123
2025-10-09 21:14:33,669 [INFO] Época 10/30, Batch 150/3348, Loss: 0.3152
2025-10-09 21:14:33,947 [INFO] Época 10/30, Batch 200/3348, Loss: 0.3140
2025-10-09 21:14:34,216 [INFO] Época 10/30, Batch 250/3348, Loss: 0.2815
2025-10-09 21:14:34,482 [INFO] Época 10/30, Batch 300/3348, Loss: 0.2807
2025-10-09 21:14:34,747 [INFO] Época 10/30, Batch 350/3348, Loss: 0.3123
2025-10-09 21:14:35,012 [INFO] Época 10/30, Batch 400/3348, Loss: 0.2699
2025-10-09 21:14:35,278 [INFO] Época 10/30, Batch 450/3348, Loss: 0.2051
2025-10-09 21:14:35,551 [INFO] Época 10/30, Batch 500/3348, Loss: 0.2369
2025-10-09 21:14:35,824 [INFO] Época 10/30, Batch 550/3348, Loss: 0.2494
2025-10-09 21:14:36,103 [INFO] Época 10/30, Batch 600/3348, Loss: 0.3146
2025-10-09 21:14:36,380 [INFO] Época 10/30, Batch 650/3348, Loss: 0.2828
2025-10-09 21:14:36,654 [INFO] Época 10/30, Batch 700/3348, Loss: 0.2992
2025-10-09 21:14:36,926 [INFO] Época 10/30, Batch 750/3348, Loss: 0.3142
2025-10-09 21:14:37,195 [INFO] Época 10/30, Batch 800/3348, Loss: 0.3352
2025-10-09 21:14:37,463 [INFO] Época 10/30, Batch 850/3348, Loss: 0.3651
2025-10-09 21:14:37,729 [INFO] Época 10/30, Batch 900/3348, Loss: 0.2291
2025-10-09 21:14:37,993 [INFO] Época 10/30, Batch 950/3348, Loss: 0.2995
2025-10-09 21:14:38,255 [INFO] Época 10/30, Batch 1000/3348, Loss: 0.2663
2025-10-09 21:14:38,517 [INFO] Época 10/30, Batch 1050/3348, Loss: 0.2914
2025-10-09 21:14:38,779 [INFO] Época 10/30, Batch 1100/3348, Loss: 0.3071
2025-10-09 21:14:39,042 [INFO] Época 10/30, Batch 1150/3348, Loss: 0.2599
2025-10-09 21:14:39,312 [INFO] Época 10/30, Batch 1200/3348, Loss: 0.2825
2025-10-09 21:14:39,584 [INFO] Época 10/30, Batch 1250/3348, Loss: 0.3070
2025-10-09 21:14:39,861 [INFO] Época 10/30, Batch 1300/3348, Loss: 0.3059
2025-10-09 21:14:40,137 [INFO] Época 10/30, Batch 1350/3348, Loss: 0.2814
2025-10-09 21:14:40,410 [INFO] Época 10/30, Batch 1400/3348, Loss: 0.2884
2025-10-09 21:14:40,685 [INFO] Época 10/30, Batch 1450/3348, Loss: 0.2734
2025-10-09 21:14:40,956 [INFO] Época 10/30, Batch 1500/3348, Loss: 0.2717
2025-10-09 21:14:41,219 [INFO] Época 10/30, Batch 1550/3348, Loss: 0.3369
2025-10-09 21:14:41,481 [INFO] Época 10/30, Batch 1600/3348, Loss: 0.2590
2025-10-09 21:14:41,744 [INFO] Época 10/30, Batch 1650/3348, Loss: 0.2501
2025-10-09 21:14:42,007 [INFO] Época 10/30, Batch 1700/3348, Loss: 0.3232
2025-10-09 21:14:42,271 [INFO] Época 10/30, Batch 1750/3348, Loss: 0.2227
2025-10-09 21:14:42,534 [INFO] Época 10/30, Batch 1800/3348, Loss: 0.2530
2025-10-09 21:14:42,797 [INFO] Época 10/30, Batch 1850/3348, Loss: 0.2149
2025-10-09 21:14:43,064 [INFO] Época 10/30, Batch 1900/3348, Loss: 0.2809
2025-10-09 21:14:43,335 [INFO] Época 10/30, Batch 1950/3348, Loss: 0.3410
2025-10-09 21:14:43,604 [INFO] Época 10/30, Batch 2000/3348, Loss: 0.2021
2025-10-09 21:14:43,873 [INFO] Época 10/30, Batch 2050/3348, Loss: 0.3265
2025-10-09 21:14:44,145 [INFO] Época 10/30, Batch 2100/3348, Loss: 0.2374
2025-10-09 21:14:44,416 [INFO] Época 10/30, Batch 2150/3348, Loss: 0.3413
2025-10-09 21:14:44,683 [INFO] Época 10/30, Batch 2200/3348, Loss: 0.2406
2025-10-09 21:14:44,948 [INFO] Época 10/30, Batch 2250/3348, Loss: 0.2449
2025-10-09 21:14:45,211 [INFO] Época 10/30, Batch 2300/3348, Loss: 0.2602
2025-10-09 21:14:45,475 [INFO] Época 10/30, Batch 2350/3348, Loss: 0.2580
2025-10-09 21:14:45,738 [INFO] Época 10/30, Batch 2400/3348, Loss: 0.2926
2025-10-09 21:14:46,001 [INFO] Época 10/30, Batch 2450/3348, Loss: 0.2647
2025-10-09 21:14:46,268 [INFO] Época 10/30, Batch 2500/3348, Loss: 0.2735
2025-10-09 21:14:46,538 [INFO] Época 10/30, Batch 2550/3348, Loss: 0.3440
2025-10-09 21:14:46,807 [INFO] Época 10/30, Batch 2600/3348, Loss: 0.3087
2025-10-09 21:14:47,074 [INFO] Época 10/30, Batch 2650/3348, Loss: 0.2489
2025-10-09 21:14:47,341 [INFO] Época 10/30, Batch 2700/3348, Loss: 0.2852
2025-10-09 21:14:47,609 [INFO] Época 10/30, Batch 2750/3348, Loss: 0.2994
2025-10-09 21:14:47,877 [INFO] Época 10/30, Batch 2800/3348, Loss: 0.2834
2025-10-09 21:14:48,142 [INFO] Época 10/30, Batch 2850/3348, Loss: 0.3614
2025-10-09 21:14:48,410 [INFO] Época 10/30, Batch 2900/3348, Loss: 0.3130
2025-10-09 21:14:48,679 [INFO] Época 10/30, Batch 2950/3348, Loss: 0.3806
2025-10-09 21:14:48,946 [INFO] Época 10/30, Batch 3000/3348, Loss: 0.2736
2025-10-09 21:14:49,212 [INFO] Época 10/30, Batch 3050/3348, Loss: 0.3722
2025-10-09 21:14:49,480 [INFO] Época 10/30, Batch 3100/3348, Loss: 0.3124
2025-10-09 21:14:49,747 [INFO] Época 10/30, Batch 3150/3348, Loss: 0.3360
2025-10-09 21:14:50,014 [INFO] Época 10/30, Batch 3200/3348, Loss: 0.3058
2025-10-09 21:14:50,280 [INFO] Época 10/30, Batch 3250/3348, Loss: 0.3853
2025-10-09 21:14:50,546 [INFO] Época 10/30, Batch 3300/3348, Loss: 0.2909
2025-10-09 21:14:52,510 [INFO] [10/30] Train Loss: 0.2886 | Val Loss: 0.3968 | Tempo: 20.00s
2025-10-09 21:14:53,162 [INFO] Época 11/30, Batch 50/3348, Loss: 0.2318
2025-10-09 21:14:53,471 [INFO] Época 11/30, Batch 100/3348, Loss: 0.2932
2025-10-09 21:14:53,788 [INFO] Época 11/30, Batch 150/3348, Loss: 0.1667
2025-10-09 21:14:54,106 [INFO] Época 11/30, Batch 200/3348, Loss: 0.2625
2025-10-09 21:14:54,417 [INFO] Época 11/30, Batch 250/3348, Loss: 0.3198
2025-10-09 21:14:54,710 [INFO] Época 11/30, Batch 300/3348, Loss: 0.2055
2025-10-09 21:14:55,007 [INFO] Época 11/30, Batch 350/3348, Loss: 0.3458
2025-10-09 21:14:55,296 [INFO] Época 11/30, Batch 400/3348, Loss: 0.2305
2025-10-09 21:14:55,568 [INFO] Época 11/30, Batch 450/3348, Loss: 0.2829
2025-10-09 21:14:55,848 [INFO] Época 11/30, Batch 500/3348, Loss: 0.3352
2025-10-09 21:14:56,114 [INFO] Época 11/30, Batch 550/3348, Loss: 0.4767
2025-10-09 21:14:56,386 [INFO] Época 11/30, Batch 600/3348, Loss: 0.2114
2025-10-09 21:14:56,679 [INFO] Época 11/30, Batch 650/3348, Loss: 0.2856
2025-10-09 21:14:56,973 [INFO] Época 11/30, Batch 700/3348, Loss: 0.2997
2025-10-09 21:14:57,235 [INFO] Época 11/30, Batch 750/3348, Loss: 0.2146
2025-10-09 21:14:57,501 [INFO] Época 11/30, Batch 800/3348, Loss: 0.1980
2025-10-09 21:14:57,767 [INFO] Época 11/30, Batch 850/3348, Loss: 0.2876
2025-10-09 21:14:58,033 [INFO] Época 11/30, Batch 900/3348, Loss: 0.2279
2025-10-09 21:14:58,299 [INFO] Época 11/30, Batch 950/3348, Loss: 0.2714
2025-10-09 21:14:58,570 [INFO] Época 11/30, Batch 1000/3348, Loss: 0.3126
2025-10-09 21:14:58,846 [INFO] Época 11/30, Batch 1050/3348, Loss: 0.3256
2025-10-09 21:14:59,117 [INFO] Época 11/30, Batch 1100/3348, Loss: 0.2872
2025-10-09 21:14:59,386 [INFO] Época 11/30, Batch 1150/3348, Loss: 0.4589
2025-10-09 21:14:59,657 [INFO] Época 11/30, Batch 1200/3348, Loss: 0.2638
2025-10-09 21:14:59,925 [INFO] Época 11/30, Batch 1250/3348, Loss: 0.2456
2025-10-09 21:15:00,187 [INFO] Época 11/30, Batch 1300/3348, Loss: 0.2924
2025-10-09 21:15:00,453 [INFO] Época 11/30, Batch 1350/3348, Loss: 0.3253
2025-10-09 21:15:00,720 [INFO] Época 11/30, Batch 1400/3348, Loss: 0.2853
2025-10-09 21:15:00,987 [INFO] Época 11/30, Batch 1450/3348, Loss: 0.3336
2025-10-09 21:15:01,254 [INFO] Época 11/30, Batch 1500/3348, Loss: 0.2554
2025-10-09 21:15:01,519 [INFO] Época 11/30, Batch 1550/3348, Loss: 0.2691
2025-10-09 21:15:01,788 [INFO] Época 11/30, Batch 1600/3348, Loss: 0.2591
2025-10-09 21:15:02,057 [INFO] Época 11/30, Batch 1650/3348, Loss: 0.3046
2025-10-09 21:15:02,324 [INFO] Época 11/30, Batch 1700/3348, Loss: 0.1945
2025-10-09 21:15:02,592 [INFO] Época 11/30, Batch 1750/3348, Loss: 0.2263
2025-10-09 21:15:02,861 [INFO] Época 11/30, Batch 1800/3348, Loss: 0.2269
2025-10-09 21:15:03,124 [INFO] Época 11/30, Batch 1850/3348, Loss: 0.3055
2025-10-09 21:15:03,388 [INFO] Época 11/30, Batch 1900/3348, Loss: 0.2807
2025-10-09 21:15:03,653 [INFO] Época 11/30, Batch 1950/3348, Loss: 0.2764
2025-10-09 21:15:03,916 [INFO] Época 11/30, Batch 2000/3348, Loss: 0.4041
2025-10-09 21:15:04,180 [INFO] Época 11/30, Batch 2050/3348, Loss: 0.3089
2025-10-09 21:15:04,444 [INFO] Época 11/30, Batch 2100/3348, Loss: 0.3226
2025-10-09 21:15:04,709 [INFO] Época 11/30, Batch 2150/3348, Loss: 0.3077
2025-10-09 21:15:04,972 [INFO] Época 11/30, Batch 2200/3348, Loss: 0.3361
2025-10-09 21:15:05,238 [INFO] Época 11/30, Batch 2250/3348, Loss: 0.2509
2025-10-09 21:15:05,505 [INFO] Época 11/30, Batch 2300/3348, Loss: 0.2825
2025-10-09 21:15:05,770 [INFO] Época 11/30, Batch 2350/3348, Loss: 0.2711
2025-10-09 21:15:06,035 [INFO] Época 11/30, Batch 2400/3348, Loss: 0.3932
2025-10-09 21:15:06,301 [INFO] Época 11/30, Batch 2450/3348, Loss: 0.2496
2025-10-09 21:15:06,572 [INFO] Época 11/30, Batch 2500/3348, Loss: 0.2804
2025-10-09 21:15:06,843 [INFO] Época 11/30, Batch 2550/3348, Loss: 0.2540
2025-10-09 21:15:07,108 [INFO] Época 11/30, Batch 2600/3348, Loss: 0.2584
2025-10-09 21:15:07,371 [INFO] Época 11/30, Batch 2650/3348, Loss: 0.2284
2025-10-09 21:15:07,635 [INFO] Época 11/30, Batch 2700/3348, Loss: 0.2341
2025-10-09 21:15:07,897 [INFO] Época 11/30, Batch 2750/3348, Loss: 0.3204
2025-10-09 21:15:08,163 [INFO] Época 11/30, Batch 2800/3348, Loss: 0.3190
2025-10-09 21:15:08,429 [INFO] Época 11/30, Batch 2850/3348, Loss: 0.2724
2025-10-09 21:15:08,693 [INFO] Época 11/30, Batch 2900/3348, Loss: 0.1874
2025-10-09 21:15:08,956 [INFO] Época 11/30, Batch 2950/3348, Loss: 0.2974
2025-10-09 21:15:09,221 [INFO] Época 11/30, Batch 3000/3348, Loss: 0.3311
2025-10-09 21:15:09,485 [INFO] Época 11/30, Batch 3050/3348, Loss: 0.2534
2025-10-09 21:15:09,752 [INFO] Época 11/30, Batch 3100/3348, Loss: 0.1972
2025-10-09 21:15:10,022 [INFO] Época 11/30, Batch 3150/3348, Loss: 0.2977
2025-10-09 21:15:10,288 [INFO] Época 11/30, Batch 3200/3348, Loss: 0.2621
2025-10-09 21:15:10,553 [INFO] Época 11/30, Batch 3250/3348, Loss: 0.2463
2025-10-09 21:15:10,822 [INFO] Época 11/30, Batch 3300/3348, Loss: 0.3361
2025-10-09 21:15:12,827 [INFO] [11/30] Train Loss: 0.2814 | Val Loss: 0.3901 | Tempo: 20.32s
2025-10-09 21:15:13,465 [INFO] Época 12/30, Batch 50/3348, Loss: 0.2513
2025-10-09 21:15:13,742 [INFO] Época 12/30, Batch 100/3348, Loss: 0.2537
2025-10-09 21:15:14,022 [INFO] Época 12/30, Batch 150/3348, Loss: 0.2454
2025-10-09 21:15:14,302 [INFO] Época 12/30, Batch 200/3348, Loss: 0.2337
2025-10-09 21:15:14,577 [INFO] Época 12/30, Batch 250/3348, Loss: 0.2724
2025-10-09 21:15:14,849 [INFO] Época 12/30, Batch 300/3348, Loss: 0.1797
2025-10-09 21:15:15,122 [INFO] Época 12/30, Batch 350/3348, Loss: 0.2553
2025-10-09 21:15:15,393 [INFO] Época 12/30, Batch 400/3348, Loss: 0.2158
2025-10-09 21:15:15,667 [INFO] Época 12/30, Batch 450/3348, Loss: 0.3679
2025-10-09 21:15:15,935 [INFO] Época 12/30, Batch 500/3348, Loss: 0.2985
2025-10-09 21:15:16,203 [INFO] Época 12/30, Batch 550/3348, Loss: 0.1329
2025-10-09 21:15:16,465 [INFO] Época 12/30, Batch 600/3348, Loss: 0.2987
2025-10-09 21:15:16,717 [INFO] Época 12/30, Batch 650/3348, Loss: 0.3365
2025-10-09 21:15:16,969 [INFO] Época 12/30, Batch 700/3348, Loss: 0.2574
2025-10-09 21:15:17,227 [INFO] Época 12/30, Batch 750/3348, Loss: 0.2670
2025-10-09 21:15:17,490 [INFO] Época 12/30, Batch 800/3348, Loss: 0.2486
2025-10-09 21:15:17,754 [INFO] Época 12/30, Batch 850/3348, Loss: 0.2066
2025-10-09 21:15:18,017 [INFO] Época 12/30, Batch 900/3348, Loss: 0.3007
2025-10-09 21:15:18,273 [INFO] Época 12/30, Batch 950/3348, Loss: 0.1747
2025-10-09 21:15:18,528 [INFO] Época 12/30, Batch 1000/3348, Loss: 0.2007
2025-10-09 21:15:18,786 [INFO] Época 12/30, Batch 1050/3348, Loss: 0.1790
2025-10-09 21:15:19,040 [INFO] Época 12/30, Batch 1100/3348, Loss: 0.1763
2025-10-09 21:15:19,306 [INFO] Época 12/30, Batch 1150/3348, Loss: 0.2998
2025-10-09 21:15:19,573 [INFO] Época 12/30, Batch 1200/3348, Loss: 0.2159
2025-10-09 21:15:19,846 [INFO] Época 12/30, Batch 1250/3348, Loss: 0.2891
2025-10-09 21:15:20,118 [INFO] Época 12/30, Batch 1300/3348, Loss: 0.5093
2025-10-09 21:15:20,383 [INFO] Época 12/30, Batch 1350/3348, Loss: 0.2504
2025-10-09 21:15:20,649 [INFO] Época 12/30, Batch 1400/3348, Loss: 0.3296
2025-10-09 21:15:20,914 [INFO] Época 12/30, Batch 1450/3348, Loss: 0.2981
2025-10-09 21:15:21,181 [INFO] Época 12/30, Batch 1500/3348, Loss: 0.2818
2025-10-09 21:15:21,448 [INFO] Época 12/30, Batch 1550/3348, Loss: 0.2386
2025-10-09 21:15:21,716 [INFO] Época 12/30, Batch 1600/3348, Loss: 0.2445
2025-10-09 21:15:21,979 [INFO] Época 12/30, Batch 1650/3348, Loss: 0.3367
2025-10-09 21:15:22,242 [INFO] Época 12/30, Batch 1700/3348, Loss: 0.3544
2025-10-09 21:15:22,510 [INFO] Época 12/30, Batch 1750/3348, Loss: 0.2241
2025-10-09 21:15:22,778 [INFO] Época 12/30, Batch 1800/3348, Loss: 0.2525
2025-10-09 21:15:23,043 [INFO] Época 12/30, Batch 1850/3348, Loss: 0.2480
2025-10-09 21:15:23,311 [INFO] Época 12/30, Batch 1900/3348, Loss: 0.2459
2025-10-09 21:15:23,578 [INFO] Época 12/30, Batch 1950/3348, Loss: 0.2656
2025-10-09 21:15:23,846 [INFO] Época 12/30, Batch 2000/3348, Loss: 0.3602
2025-10-09 21:15:24,115 [INFO] Época 12/30, Batch 2050/3348, Loss: 0.3387
2025-10-09 21:15:24,380 [INFO] Época 12/30, Batch 2100/3348, Loss: 0.2147
2025-10-09 21:15:24,651 [INFO] Época 12/30, Batch 2150/3348, Loss: 0.2447
2025-10-09 21:15:24,920 [INFO] Época 12/30, Batch 2200/3348, Loss: 0.2609
2025-10-09 21:15:25,188 [INFO] Época 12/30, Batch 2250/3348, Loss: 0.3651
2025-10-09 21:15:25,458 [INFO] Época 12/30, Batch 2300/3348, Loss: 0.2415
2025-10-09 21:15:25,724 [INFO] Época 12/30, Batch 2350/3348, Loss: 0.2234
2025-10-09 21:15:25,992 [INFO] Época 12/30, Batch 2400/3348, Loss: 0.2498
2025-10-09 21:15:26,266 [INFO] Época 12/30, Batch 2450/3348, Loss: 0.2680
2025-10-09 21:15:26,539 [INFO] Época 12/30, Batch 2500/3348, Loss: 0.2080
2025-10-09 21:15:26,810 [INFO] Época 12/30, Batch 2550/3348, Loss: 0.2803
2025-10-09 21:15:27,089 [INFO] Época 12/30, Batch 2600/3348, Loss: 0.3942
2025-10-09 21:15:27,364 [INFO] Época 12/30, Batch 2650/3348, Loss: 0.2341
2025-10-09 21:15:27,635 [INFO] Época 12/30, Batch 2700/3348, Loss: 0.2660
2025-10-09 21:15:27,906 [INFO] Época 12/30, Batch 2750/3348, Loss: 0.3258
2025-10-09 21:15:28,177 [INFO] Época 12/30, Batch 2800/3348, Loss: 0.2578
2025-10-09 21:15:28,446 [INFO] Época 12/30, Batch 2850/3348, Loss: 0.2549
2025-10-09 21:15:28,717 [INFO] Época 12/30, Batch 2900/3348, Loss: 0.2774
2025-10-09 21:15:28,987 [INFO] Época 12/30, Batch 2950/3348, Loss: 0.3473
2025-10-09 21:15:29,257 [INFO] Época 12/30, Batch 3000/3348, Loss: 0.2311
2025-10-09 21:15:29,527 [INFO] Época 12/30, Batch 3050/3348, Loss: 0.2887
2025-10-09 21:15:29,799 [INFO] Época 12/30, Batch 3100/3348, Loss: 0.2741
2025-10-09 21:15:30,070 [INFO] Época 12/30, Batch 3150/3348, Loss: 0.3027
2025-10-09 21:15:30,340 [INFO] Época 12/30, Batch 3200/3348, Loss: 0.2900
2025-10-09 21:15:30,608 [INFO] Época 12/30, Batch 3250/3348, Loss: 0.2563
2025-10-09 21:15:30,876 [INFO] Época 12/30, Batch 3300/3348, Loss: 0.2343
2025-10-09 21:15:32,885 [INFO] [12/30] Train Loss: 0.2743 | Val Loss: 0.4015 | Tempo: 20.06s
2025-10-09 21:15:33,488 [INFO] Época 13/30, Batch 50/3348, Loss: 0.2295
2025-10-09 21:15:33,758 [INFO] Época 13/30, Batch 100/3348, Loss: 0.2700
2025-10-09 21:15:34,026 [INFO] Época 13/30, Batch 150/3348, Loss: 0.2685
2025-10-09 21:15:34,295 [INFO] Época 13/30, Batch 200/3348, Loss: 0.2395
2025-10-09 21:15:34,561 [INFO] Época 13/30, Batch 250/3348, Loss: 0.2673
2025-10-09 21:15:34,826 [INFO] Época 13/30, Batch 300/3348, Loss: 0.1986
2025-10-09 21:15:35,092 [INFO] Época 13/30, Batch 350/3348, Loss: 0.2412
2025-10-09 21:15:35,360 [INFO] Época 13/30, Batch 400/3348, Loss: 0.2811
2025-10-09 21:15:35,624 [INFO] Época 13/30, Batch 450/3348, Loss: 0.2377
2025-10-09 21:15:35,892 [INFO] Época 13/30, Batch 500/3348, Loss: 0.2244
2025-10-09 21:15:36,158 [INFO] Época 13/30, Batch 550/3348, Loss: 0.3238
2025-10-09 21:15:36,424 [INFO] Época 13/30, Batch 600/3348, Loss: 0.2657
2025-10-09 21:15:36,688 [INFO] Época 13/30, Batch 650/3348, Loss: 0.2882
2025-10-09 21:15:36,941 [INFO] Época 13/30, Batch 700/3348, Loss: 0.3094
2025-10-09 21:15:37,198 [INFO] Época 13/30, Batch 750/3348, Loss: 0.3360
2025-10-09 21:15:37,459 [INFO] Época 13/30, Batch 800/3348, Loss: 0.2146
2025-10-09 21:15:37,723 [INFO] Época 13/30, Batch 850/3348, Loss: 0.3434
2025-10-09 21:15:37,984 [INFO] Época 13/30, Batch 900/3348, Loss: 0.3546
2025-10-09 21:15:38,247 [INFO] Época 13/30, Batch 950/3348, Loss: 0.2912
2025-10-09 21:15:38,509 [INFO] Época 13/30, Batch 1000/3348, Loss: 0.2624
2025-10-09 21:15:38,773 [INFO] Época 13/30, Batch 1050/3348, Loss: 0.2735
2025-10-09 21:15:39,036 [INFO] Época 13/30, Batch 1100/3348, Loss: 0.3300
2025-10-09 21:15:39,298 [INFO] Época 13/30, Batch 1150/3348, Loss: 0.3008
2025-10-09 21:15:39,562 [INFO] Época 13/30, Batch 1200/3348, Loss: 0.2519
2025-10-09 21:15:39,825 [INFO] Época 13/30, Batch 1250/3348, Loss: 0.2004
2025-10-09 21:15:40,087 [INFO] Época 13/30, Batch 1300/3348, Loss: 0.1969
2025-10-09 21:15:40,350 [INFO] Época 13/30, Batch 1350/3348, Loss: 0.2908
2025-10-09 21:15:40,614 [INFO] Época 13/30, Batch 1400/3348, Loss: 0.2933
2025-10-09 21:15:40,878 [INFO] Época 13/30, Batch 1450/3348, Loss: 0.2230
2025-10-09 21:15:41,143 [INFO] Época 13/30, Batch 1500/3348, Loss: 0.2720
2025-10-09 21:15:41,408 [INFO] Época 13/30, Batch 1550/3348, Loss: 0.2690
2025-10-09 21:15:41,672 [INFO] Época 13/30, Batch 1600/3348, Loss: 0.2173
2025-10-09 21:15:41,937 [INFO] Época 13/30, Batch 1650/3348, Loss: 0.2656
2025-10-09 21:15:42,201 [INFO] Época 13/30, Batch 1700/3348, Loss: 0.2749
2025-10-09 21:15:42,465 [INFO] Época 13/30, Batch 1750/3348, Loss: 0.1945
2025-10-09 21:15:42,733 [INFO] Época 13/30, Batch 1800/3348, Loss: 0.3267
2025-10-09 21:15:42,999 [INFO] Época 13/30, Batch 1850/3348, Loss: 0.3037
2025-10-09 21:15:43,264 [INFO] Época 13/30, Batch 1900/3348, Loss: 0.2477
2025-10-09 21:15:43,529 [INFO] Época 13/30, Batch 1950/3348, Loss: 0.3252
2025-10-09 21:15:43,792 [INFO] Época 13/30, Batch 2000/3348, Loss: 0.3039
2025-10-09 21:15:44,055 [INFO] Época 13/30, Batch 2050/3348, Loss: 0.2658
2025-10-09 21:15:44,317 [INFO] Época 13/30, Batch 2100/3348, Loss: 0.3359
2025-10-09 21:15:44,581 [INFO] Época 13/30, Batch 2150/3348, Loss: 0.3140
2025-10-09 21:15:44,846 [INFO] Época 13/30, Batch 2200/3348, Loss: 0.2279
2025-10-09 21:15:45,111 [INFO] Época 13/30, Batch 2250/3348, Loss: 0.2019
2025-10-09 21:15:45,375 [INFO] Época 13/30, Batch 2300/3348, Loss: 0.2363
2025-10-09 21:15:45,640 [INFO] Época 13/30, Batch 2350/3348, Loss: 0.2066
2025-10-09 21:15:45,903 [INFO] Época 13/30, Batch 2400/3348, Loss: 0.2815
2025-10-09 21:15:46,166 [INFO] Época 13/30, Batch 2450/3348, Loss: 0.2367
2025-10-09 21:15:46,427 [INFO] Época 13/30, Batch 2500/3348, Loss: 0.3209
2025-10-09 21:15:46,689 [INFO] Época 13/30, Batch 2550/3348, Loss: 0.2945
2025-10-09 21:15:46,955 [INFO] Época 13/30, Batch 2600/3348, Loss: 0.2930
2025-10-09 21:15:47,218 [INFO] Época 13/30, Batch 2650/3348, Loss: 0.3011
2025-10-09 21:15:47,483 [INFO] Época 13/30, Batch 2700/3348, Loss: 0.2288
2025-10-09 21:15:47,747 [INFO] Época 13/30, Batch 2750/3348, Loss: 0.3146
2025-10-09 21:15:48,009 [INFO] Época 13/30, Batch 2800/3348, Loss: 0.4079
2025-10-09 21:15:48,275 [INFO] Época 13/30, Batch 2850/3348, Loss: 0.2491
2025-10-09 21:15:48,541 [INFO] Época 13/30, Batch 2900/3348, Loss: 0.3075
2025-10-09 21:15:48,804 [INFO] Época 13/30, Batch 2950/3348, Loss: 0.2321
2025-10-09 21:15:49,068 [INFO] Época 13/30, Batch 3000/3348, Loss: 0.2614
2025-10-09 21:15:49,331 [INFO] Época 13/30, Batch 3050/3348, Loss: 0.1999
2025-10-09 21:15:49,595 [INFO] Época 13/30, Batch 3100/3348, Loss: 0.2301
2025-10-09 21:15:49,859 [INFO] Época 13/30, Batch 3150/3348, Loss: 0.2193
2025-10-09 21:15:50,126 [INFO] Época 13/30, Batch 3200/3348, Loss: 0.2845
2025-10-09 21:15:50,392 [INFO] Época 13/30, Batch 3250/3348, Loss: 0.2643
2025-10-09 21:15:50,656 [INFO] Época 13/30, Batch 3300/3348, Loss: 0.2481
2025-10-09 21:15:52,511 [INFO] [13/30] Train Loss: 0.2688 | Val Loss: 0.3887 | Tempo: 19.63s
2025-10-09 21:15:53,113 [INFO] Época 14/30, Batch 50/3348, Loss: 0.2771
2025-10-09 21:15:53,383 [INFO] Época 14/30, Batch 100/3348, Loss: 0.2452
2025-10-09 21:15:53,651 [INFO] Época 14/30, Batch 150/3348, Loss: 0.2683
2025-10-09 21:15:53,916 [INFO] Época 14/30, Batch 200/3348, Loss: 0.2324
2025-10-09 21:15:54,180 [INFO] Época 14/30, Batch 250/3348, Loss: 0.2505
2025-10-09 21:15:54,443 [INFO] Época 14/30, Batch 300/3348, Loss: 0.2554
2025-10-09 21:15:54,709 [INFO] Época 14/30, Batch 350/3348, Loss: 0.2694
2025-10-09 21:15:54,975 [INFO] Época 14/30, Batch 400/3348, Loss: 0.2864
2025-10-09 21:15:55,241 [INFO] Época 14/30, Batch 450/3348, Loss: 0.3600
2025-10-09 21:15:55,509 [INFO] Época 14/30, Batch 500/3348, Loss: 0.3246
2025-10-09 21:15:55,776 [INFO] Época 14/30, Batch 550/3348, Loss: 0.2716
2025-10-09 21:15:56,044 [INFO] Época 14/30, Batch 600/3348, Loss: 0.1963
2025-10-09 21:15:56,311 [INFO] Época 14/30, Batch 650/3348, Loss: 0.1802
2025-10-09 21:15:56,577 [INFO] Época 14/30, Batch 700/3348, Loss: 0.2774
2025-10-09 21:15:56,841 [INFO] Época 14/30, Batch 750/3348, Loss: 0.2918
2025-10-09 21:15:57,105 [INFO] Época 14/30, Batch 800/3348, Loss: 0.3341
2025-10-09 21:15:57,369 [INFO] Época 14/30, Batch 850/3348, Loss: 0.2012
2025-10-09 21:15:57,631 [INFO] Época 14/30, Batch 900/3348, Loss: 0.2214
2025-10-09 21:15:57,893 [INFO] Época 14/30, Batch 950/3348, Loss: 0.2383
2025-10-09 21:15:58,155 [INFO] Época 14/30, Batch 1000/3348, Loss: 0.2605
2025-10-09 21:15:58,418 [INFO] Época 14/30, Batch 1050/3348, Loss: 0.3084
2025-10-09 21:15:58,682 [INFO] Época 14/30, Batch 1100/3348, Loss: 0.3019
2025-10-09 21:15:58,946 [INFO] Época 14/30, Batch 1150/3348, Loss: 0.3116
2025-10-09 21:15:59,207 [INFO] Época 14/30, Batch 1200/3348, Loss: 0.2238
2025-10-09 21:15:59,477 [INFO] Época 14/30, Batch 1250/3348, Loss: 0.3356
2025-10-09 21:15:59,747 [INFO] Época 14/30, Batch 1300/3348, Loss: 0.2314
2025-10-09 21:16:00,011 [INFO] Época 14/30, Batch 1350/3348, Loss: 0.3728
2025-10-09 21:16:00,276 [INFO] Época 14/30, Batch 1400/3348, Loss: 0.3321
2025-10-09 21:16:00,541 [INFO] Época 14/30, Batch 1450/3348, Loss: 0.2870
2025-10-09 21:16:00,808 [INFO] Época 14/30, Batch 1500/3348, Loss: 0.2485
2025-10-09 21:16:01,075 [INFO] Época 14/30, Batch 1550/3348, Loss: 0.2567
2025-10-09 21:16:01,344 [INFO] Época 14/30, Batch 1600/3348, Loss: 0.2544
2025-10-09 21:16:01,614 [INFO] Época 14/30, Batch 1650/3348, Loss: 0.2550
2025-10-09 21:16:01,887 [INFO] Época 14/30, Batch 1700/3348, Loss: 0.2972
2025-10-09 21:16:02,158 [INFO] Época 14/30, Batch 1750/3348, Loss: 0.2335
2025-10-09 21:16:02,428 [INFO] Época 14/30, Batch 1800/3348, Loss: 0.2305
2025-10-09 21:16:02,696 [INFO] Época 14/30, Batch 1850/3348, Loss: 0.3019
2025-10-09 21:16:02,961 [INFO] Época 14/30, Batch 1900/3348, Loss: 0.2803
2025-10-09 21:16:03,225 [INFO] Época 14/30, Batch 1950/3348, Loss: 0.2756
2025-10-09 21:16:03,489 [INFO] Época 14/30, Batch 2000/3348, Loss: 0.3095
2025-10-09 21:16:03,755 [INFO] Época 14/30, Batch 2050/3348, Loss: 0.2629
2025-10-09 21:16:04,023 [INFO] Época 14/30, Batch 2100/3348, Loss: 0.2962
2025-10-09 21:16:04,290 [INFO] Época 14/30, Batch 2150/3348, Loss: 0.2201
2025-10-09 21:16:04,557 [INFO] Época 14/30, Batch 2200/3348, Loss: 0.2389
2025-10-09 21:16:04,824 [INFO] Época 14/30, Batch 2250/3348, Loss: 0.1864
2025-10-09 21:16:05,091 [INFO] Época 14/30, Batch 2300/3348, Loss: 0.2093
2025-10-09 21:16:05,359 [INFO] Época 14/30, Batch 2350/3348, Loss: 0.1582
2025-10-09 21:16:05,627 [INFO] Época 14/30, Batch 2400/3348, Loss: 0.1919
2025-10-09 21:16:05,895 [INFO] Época 14/30, Batch 2450/3348, Loss: 0.2256
2025-10-09 21:16:06,158 [INFO] Época 14/30, Batch 2500/3348, Loss: 0.1865
2025-10-09 21:16:06,424 [INFO] Época 14/30, Batch 2550/3348, Loss: 0.3864
2025-10-09 21:16:06,691 [INFO] Época 14/30, Batch 2600/3348, Loss: 0.2775
2025-10-09 21:16:06,961 [INFO] Época 14/30, Batch 2650/3348, Loss: 0.2337
2025-10-09 21:16:07,231 [INFO] Época 14/30, Batch 2700/3348, Loss: 0.2862
2025-10-09 21:16:07,496 [INFO] Época 14/30, Batch 2750/3348, Loss: 0.2582
2025-10-09 21:16:07,768 [INFO] Época 14/30, Batch 2800/3348, Loss: 0.2481
2025-10-09 21:16:08,039 [INFO] Época 14/30, Batch 2850/3348, Loss: 0.1643
2025-10-09 21:16:08,310 [INFO] Época 14/30, Batch 2900/3348, Loss: 0.2803
2025-10-09 21:16:08,579 [INFO] Época 14/30, Batch 2950/3348, Loss: 0.2335
2025-10-09 21:16:08,847 [INFO] Época 14/30, Batch 3000/3348, Loss: 0.2660
2025-10-09 21:16:09,114 [INFO] Época 14/30, Batch 3050/3348, Loss: 0.3418
2025-10-09 21:16:09,382 [INFO] Época 14/30, Batch 3100/3348, Loss: 0.2655
2025-10-09 21:16:09,652 [INFO] Época 14/30, Batch 3150/3348, Loss: 0.3016
2025-10-09 21:16:09,919 [INFO] Época 14/30, Batch 3200/3348, Loss: 0.2473
2025-10-09 21:16:10,189 [INFO] Época 14/30, Batch 3250/3348, Loss: 0.2930
2025-10-09 21:16:10,457 [INFO] Época 14/30, Batch 3300/3348, Loss: 0.2475
2025-10-09 21:16:12,321 [INFO] [14/30] Train Loss: 0.2637 | Val Loss: 0.3948 | Tempo: 19.81s
2025-10-09 21:16:12,931 [INFO] Época 15/30, Batch 50/3348, Loss: 0.2657
2025-10-09 21:16:13,199 [INFO] Época 15/30, Batch 100/3348, Loss: 0.1376
2025-10-09 21:16:13,466 [INFO] Época 15/30, Batch 150/3348, Loss: 0.2770
2025-10-09 21:16:13,730 [INFO] Época 15/30, Batch 200/3348, Loss: 0.2074
2025-10-09 21:16:13,996 [INFO] Época 15/30, Batch 250/3348, Loss: 0.2282
2025-10-09 21:16:14,262 [INFO] Época 15/30, Batch 300/3348, Loss: 0.1708
2025-10-09 21:16:14,526 [INFO] Época 15/30, Batch 350/3348, Loss: 0.2200
2025-10-09 21:16:14,792 [INFO] Época 15/30, Batch 400/3348, Loss: 0.2299
2025-10-09 21:16:15,058 [INFO] Época 15/30, Batch 450/3348, Loss: 0.1925
2025-10-09 21:16:15,323 [INFO] Época 15/30, Batch 500/3348, Loss: 0.2805
2025-10-09 21:16:15,588 [INFO] Época 15/30, Batch 550/3348, Loss: 0.2759
2025-10-09 21:16:15,855 [INFO] Época 15/30, Batch 600/3348, Loss: 0.1764
2025-10-09 21:16:16,122 [INFO] Época 15/30, Batch 650/3348, Loss: 0.2989
2025-10-09 21:16:16,388 [INFO] Época 15/30, Batch 700/3348, Loss: 0.2339
2025-10-09 21:16:16,656 [INFO] Época 15/30, Batch 750/3348, Loss: 0.3106
2025-10-09 21:16:16,923 [INFO] Época 15/30, Batch 800/3348, Loss: 0.2103
2025-10-09 21:16:17,186 [INFO] Época 15/30, Batch 850/3348, Loss: 0.2338
2025-10-09 21:16:17,452 [INFO] Época 15/30, Batch 900/3348, Loss: 0.2920
2025-10-09 21:16:17,717 [INFO] Época 15/30, Batch 950/3348, Loss: 0.2639
2025-10-09 21:16:17,976 [INFO] Época 15/30, Batch 1000/3348, Loss: 0.2707
2025-10-09 21:16:18,232 [INFO] Época 15/30, Batch 1050/3348, Loss: 0.3328
2025-10-09 21:16:18,494 [INFO] Época 15/30, Batch 1100/3348, Loss: 0.1440
2025-10-09 21:16:18,759 [INFO] Época 15/30, Batch 1150/3348, Loss: 0.2883
2025-10-09 21:16:19,020 [INFO] Época 15/30, Batch 1200/3348, Loss: 0.2547
2025-10-09 21:16:19,284 [INFO] Época 15/30, Batch 1250/3348, Loss: 0.3339
2025-10-09 21:16:19,547 [INFO] Época 15/30, Batch 1300/3348, Loss: 0.2613
2025-10-09 21:16:19,811 [INFO] Época 15/30, Batch 1350/3348, Loss: 0.2377
2025-10-09 21:16:20,075 [INFO] Época 15/30, Batch 1400/3348, Loss: 0.2493
2025-10-09 21:16:20,337 [INFO] Época 15/30, Batch 1450/3348, Loss: 0.1905
2025-10-09 21:16:20,602 [INFO] Época 15/30, Batch 1500/3348, Loss: 0.2155
2025-10-09 21:16:20,868 [INFO] Época 15/30, Batch 1550/3348, Loss: 0.2672
2025-10-09 21:16:21,133 [INFO] Época 15/30, Batch 1600/3348, Loss: 0.2654
2025-10-09 21:16:21,400 [INFO] Época 15/30, Batch 1650/3348, Loss: 0.2893
2025-10-09 21:16:21,664 [INFO] Época 15/30, Batch 1700/3348, Loss: 0.2787
2025-10-09 21:16:21,930 [INFO] Época 15/30, Batch 1750/3348, Loss: 0.2823
2025-10-09 21:16:22,196 [INFO] Época 15/30, Batch 1800/3348, Loss: 0.4072
2025-10-09 21:16:22,463 [INFO] Época 15/30, Batch 1850/3348, Loss: 0.2221
2025-10-09 21:16:22,730 [INFO] Época 15/30, Batch 1900/3348, Loss: 0.1956
2025-10-09 21:16:22,994 [INFO] Época 15/30, Batch 1950/3348, Loss: 0.2987
2025-10-09 21:16:23,259 [INFO] Época 15/30, Batch 2000/3348, Loss: 0.2669
2025-10-09 21:16:23,524 [INFO] Época 15/30, Batch 2050/3348, Loss: 0.1529
2025-10-09 21:16:23,788 [INFO] Época 15/30, Batch 2100/3348, Loss: 0.1743
2025-10-09 21:16:24,051 [INFO] Época 15/30, Batch 2150/3348, Loss: 0.2121
2025-10-09 21:16:24,316 [INFO] Época 15/30, Batch 2200/3348, Loss: 0.2745
2025-10-09 21:16:24,578 [INFO] Época 15/30, Batch 2250/3348, Loss: 0.2370
2025-10-09 21:16:24,841 [INFO] Época 15/30, Batch 2300/3348, Loss: 0.3660
2025-10-09 21:16:25,103 [INFO] Época 15/30, Batch 2350/3348, Loss: 0.3515
2025-10-09 21:16:25,366 [INFO] Época 15/30, Batch 2400/3348, Loss: 0.3142
2025-10-09 21:16:25,628 [INFO] Época 15/30, Batch 2450/3348, Loss: 0.3020
2025-10-09 21:16:25,891 [INFO] Época 15/30, Batch 2500/3348, Loss: 0.2762
2025-10-09 21:16:26,153 [INFO] Época 15/30, Batch 2550/3348, Loss: 0.2185
2025-10-09 21:16:26,416 [INFO] Época 15/30, Batch 2600/3348, Loss: 0.3314
2025-10-09 21:16:26,678 [INFO] Época 15/30, Batch 2650/3348, Loss: 0.2812
2025-10-09 21:16:26,947 [INFO] Época 15/30, Batch 2700/3348, Loss: 0.2487
2025-10-09 21:16:27,215 [INFO] Época 15/30, Batch 2750/3348, Loss: 0.3328
2025-10-09 21:16:27,478 [INFO] Época 15/30, Batch 2800/3348, Loss: 0.2417
2025-10-09 21:16:27,743 [INFO] Época 15/30, Batch 2850/3348, Loss: 0.3372
2025-10-09 21:16:28,006 [INFO] Época 15/30, Batch 2900/3348, Loss: 0.2662
2025-10-09 21:16:28,274 [INFO] Época 15/30, Batch 2950/3348, Loss: 0.3695
2025-10-09 21:16:28,537 [INFO] Época 15/30, Batch 3000/3348, Loss: 0.2520
2025-10-09 21:16:28,805 [INFO] Época 15/30, Batch 3050/3348, Loss: 0.2387
2025-10-09 21:16:29,085 [INFO] Época 15/30, Batch 3100/3348, Loss: 0.2927
2025-10-09 21:16:29,348 [INFO] Época 15/30, Batch 3150/3348, Loss: 0.2306
2025-10-09 21:16:29,619 [INFO] Época 15/30, Batch 3200/3348, Loss: 0.2020
2025-10-09 21:16:29,883 [INFO] Época 15/30, Batch 3250/3348, Loss: 0.1866
2025-10-09 21:16:30,148 [INFO] Época 15/30, Batch 3300/3348, Loss: 0.2754
2025-10-09 21:16:32,031 [INFO] [15/30] Train Loss: 0.2588 | Val Loss: 0.3877 | Tempo: 19.71s
2025-10-09 21:16:32,032 [INFO] Early stopping ativado após 10 épocas sem melhoria
2025-10-09 21:16:32,032 [INFO] Treinamento concluído em 297.00 segundos (4.95 minutos)
2025-10-09 21:16:32,032 [INFO] Iniciando avaliação no conjunto de teste...
2025-10-09 21:16:33,578 [INFO] Avaliação do teste concluída em 1.55 segundos
2025-10-09 21:16:33,579 [INFO] MSE no teste: 0.7279
2025-10-09 21:16:33,579 [INFO] RMSE no teste: 0.8532
2025-10-09 21:16:33,579 [INFO] MAE no teste: 0.6135
2025-10-09 21:16:33,580 [INFO] Métricas salvas em /mnt/hdd/home/jdurao/ToolBox-ChemXAI/logs/mlp_att3_MorganCount_metrics.json
