2025-10-09 19:30:16,870 [INFO] Iniciando treinamento do modelo mlp_att2_Avalon
2025-10-09 19:30:16,870 [INFO] Configuração: att_index=2, epochs=30, layers=[128, 64, 32], lr=0.001, batch_size=32, descriptor_type=Avalon
2025-10-09 19:30:16,870 [INFO] Diretório para modelos: /mnt/hdd/home/jdurao/ToolBox-ChemXAI/models
2025-10-09 19:30:16,870 [INFO] Carregando dados...
2025-10-09 19:30:16,956 [INFO] Preparando dataloaders sem ruído...
2025-10-09 19:30:31,301 [INFO] Dados carregados em 14.43 segundos
2025-10-09 19:30:31,301 [INFO] Tamanhos dos conjuntos - Treino: 107108, Validação: 13388, Teste: 13389
2025-10-09 19:30:31,301 [INFO] Usando dispositivo: cuda
2025-10-09 19:30:31,730 [INFO] Dimensão de entrada: 512, Dimensão de saída: 1
2025-10-09 19:30:31,731 [INFO] Criando modelo MLP com camadas: [128, 64, 32]
2025-10-09 19:30:31,736 [INFO] Modelo criado com 76033 parâmetros
2025-10-09 19:30:31,738 [INFO] Iniciando treinamento com 30 épocas...
2025-10-09 19:30:32,357 [INFO] Época 1/30, Batch 50/3348, Loss: 0.1292
2025-10-09 19:30:32,628 [INFO] Época 1/30, Batch 100/3348, Loss: 0.0898
2025-10-09 19:30:32,883 [INFO] Época 1/30, Batch 150/3348, Loss: 0.1755
2025-10-09 19:30:33,136 [INFO] Época 1/30, Batch 200/3348, Loss: 0.1348
2025-10-09 19:30:33,389 [INFO] Época 1/30, Batch 250/3348, Loss: 0.1350
2025-10-09 19:30:33,643 [INFO] Época 1/30, Batch 300/3348, Loss: 0.2089
2025-10-09 19:30:33,897 [INFO] Época 1/30, Batch 350/3348, Loss: 0.2014
2025-10-09 19:30:34,150 [INFO] Época 1/30, Batch 400/3348, Loss: 0.1227
2025-10-09 19:30:34,409 [INFO] Época 1/30, Batch 450/3348, Loss: 0.0880
2025-10-09 19:30:34,675 [INFO] Época 1/30, Batch 500/3348, Loss: 0.2026
2025-10-09 19:30:34,941 [INFO] Época 1/30, Batch 550/3348, Loss: 0.1263
2025-10-09 19:30:35,206 [INFO] Época 1/30, Batch 600/3348, Loss: 0.0988
2025-10-09 19:30:35,468 [INFO] Época 1/30, Batch 650/3348, Loss: 0.1183
2025-10-09 19:30:35,731 [INFO] Época 1/30, Batch 700/3348, Loss: 0.1180
2025-10-09 19:30:35,994 [INFO] Época 1/30, Batch 750/3348, Loss: 0.1883
2025-10-09 19:30:36,258 [INFO] Época 1/30, Batch 800/3348, Loss: 0.0948
2025-10-09 19:30:36,522 [INFO] Época 1/30, Batch 850/3348, Loss: 0.1011
2025-10-09 19:30:36,787 [INFO] Época 1/30, Batch 900/3348, Loss: 0.1512
2025-10-09 19:30:37,057 [INFO] Época 1/30, Batch 950/3348, Loss: 0.1862
2025-10-09 19:30:37,324 [INFO] Época 1/30, Batch 1000/3348, Loss: 0.1193
2025-10-09 19:30:37,589 [INFO] Época 1/30, Batch 1050/3348, Loss: 0.2235
2025-10-09 19:30:37,853 [INFO] Época 1/30, Batch 1100/3348, Loss: 0.1554
2025-10-09 19:30:38,121 [INFO] Época 1/30, Batch 1150/3348, Loss: 0.1488
2025-10-09 19:30:38,385 [INFO] Época 1/30, Batch 1200/3348, Loss: 0.1436
2025-10-09 19:30:38,650 [INFO] Época 1/30, Batch 1250/3348, Loss: 0.1038
2025-10-09 19:30:38,914 [INFO] Época 1/30, Batch 1300/3348, Loss: 0.1207
2025-10-09 19:30:39,179 [INFO] Época 1/30, Batch 1350/3348, Loss: 0.1422
2025-10-09 19:30:39,444 [INFO] Época 1/30, Batch 1400/3348, Loss: 0.0979
2025-10-09 19:30:39,709 [INFO] Época 1/30, Batch 1450/3348, Loss: 0.1831
2025-10-09 19:30:39,973 [INFO] Época 1/30, Batch 1500/3348, Loss: 0.1216
2025-10-09 19:30:40,236 [INFO] Época 1/30, Batch 1550/3348, Loss: 0.1082
2025-10-09 19:30:40,499 [INFO] Época 1/30, Batch 1600/3348, Loss: 0.1753
2025-10-09 19:30:40,765 [INFO] Época 1/30, Batch 1650/3348, Loss: 0.2076
2025-10-09 19:30:41,028 [INFO] Época 1/30, Batch 1700/3348, Loss: 0.1457
2025-10-09 19:30:41,292 [INFO] Época 1/30, Batch 1750/3348, Loss: 0.1164
2025-10-09 19:30:41,553 [INFO] Época 1/30, Batch 1800/3348, Loss: 0.1631
2025-10-09 19:30:41,814 [INFO] Época 1/30, Batch 1850/3348, Loss: 0.1256
2025-10-09 19:30:42,076 [INFO] Época 1/30, Batch 1900/3348, Loss: 0.1223
2025-10-09 19:30:42,337 [INFO] Época 1/30, Batch 1950/3348, Loss: 0.1623
2025-10-09 19:30:42,598 [INFO] Época 1/30, Batch 2000/3348, Loss: 0.1465
2025-10-09 19:30:42,859 [INFO] Época 1/30, Batch 2050/3348, Loss: 0.1040
2025-10-09 19:30:43,120 [INFO] Época 1/30, Batch 2100/3348, Loss: 0.1519
2025-10-09 19:30:43,384 [INFO] Época 1/30, Batch 2150/3348, Loss: 0.1480
2025-10-09 19:30:43,646 [INFO] Época 1/30, Batch 2200/3348, Loss: 0.1597
2025-10-09 19:30:43,908 [INFO] Época 1/30, Batch 2250/3348, Loss: 0.1321
2025-10-09 19:30:44,168 [INFO] Época 1/30, Batch 2300/3348, Loss: 0.1385
2025-10-09 19:30:44,430 [INFO] Época 1/30, Batch 2350/3348, Loss: 0.2032
2025-10-09 19:30:44,693 [INFO] Época 1/30, Batch 2400/3348, Loss: 0.1001
2025-10-09 19:30:44,956 [INFO] Época 1/30, Batch 2450/3348, Loss: 0.1143
2025-10-09 19:30:45,216 [INFO] Época 1/30, Batch 2500/3348, Loss: 0.1297
2025-10-09 19:30:45,479 [INFO] Época 1/30, Batch 2550/3348, Loss: 0.1097
2025-10-09 19:30:45,739 [INFO] Época 1/30, Batch 2600/3348, Loss: 0.0909
2025-10-09 19:30:45,998 [INFO] Época 1/30, Batch 2650/3348, Loss: 0.1035
2025-10-09 19:30:46,255 [INFO] Época 1/30, Batch 2700/3348, Loss: 0.1075
2025-10-09 19:30:46,515 [INFO] Época 1/30, Batch 2750/3348, Loss: 0.1012
2025-10-09 19:30:46,773 [INFO] Época 1/30, Batch 2800/3348, Loss: 0.1064
2025-10-09 19:30:47,032 [INFO] Época 1/30, Batch 2850/3348, Loss: 0.1333
2025-10-09 19:30:47,290 [INFO] Época 1/30, Batch 2900/3348, Loss: 0.0785
2025-10-09 19:30:47,548 [INFO] Época 1/30, Batch 2950/3348, Loss: 0.1125
2025-10-09 19:30:47,806 [INFO] Época 1/30, Batch 3000/3348, Loss: 0.1610
2025-10-09 19:30:48,064 [INFO] Época 1/30, Batch 3050/3348, Loss: 0.1047
2025-10-09 19:30:48,322 [INFO] Época 1/30, Batch 3100/3348, Loss: 0.1136
2025-10-09 19:30:48,581 [INFO] Época 1/30, Batch 3150/3348, Loss: 0.1376
2025-10-09 19:30:48,839 [INFO] Época 1/30, Batch 3200/3348, Loss: 0.0861
2025-10-09 19:30:49,098 [INFO] Época 1/30, Batch 3250/3348, Loss: 0.1490
2025-10-09 19:30:49,355 [INFO] Época 1/30, Batch 3300/3348, Loss: 0.1501
2025-10-09 19:30:51,234 [INFO] [1/30] Train Loss: 0.1330 | Val Loss: 0.1061 | Tempo: 19.50s
2025-10-09 19:30:51,240 [INFO] Melhor modelo salvo em: /mnt/hdd/home/jdurao/ToolBox-ChemXAI/models/mlp_qm9_Avalon_att2_large.pth
2025-10-09 19:30:51,844 [INFO] Época 2/30, Batch 50/3348, Loss: 0.1073
2025-10-09 19:30:52,109 [INFO] Época 2/30, Batch 100/3348, Loss: 0.1198
2025-10-09 19:30:52,371 [INFO] Época 2/30, Batch 150/3348, Loss: 0.1687
2025-10-09 19:30:52,632 [INFO] Época 2/30, Batch 200/3348, Loss: 0.1083
2025-10-09 19:30:52,894 [INFO] Época 2/30, Batch 250/3348, Loss: 0.1029
2025-10-09 19:30:53,156 [INFO] Época 2/30, Batch 300/3348, Loss: 0.0690
2025-10-09 19:30:53,416 [INFO] Época 2/30, Batch 350/3348, Loss: 0.1140
2025-10-09 19:30:53,685 [INFO] Época 2/30, Batch 400/3348, Loss: 0.1289
2025-10-09 19:30:53,952 [INFO] Época 2/30, Batch 450/3348, Loss: 0.1035
2025-10-09 19:30:54,218 [INFO] Época 2/30, Batch 500/3348, Loss: 0.1504
2025-10-09 19:30:54,478 [INFO] Época 2/30, Batch 550/3348, Loss: 0.0865
2025-10-09 19:30:54,739 [INFO] Época 2/30, Batch 600/3348, Loss: 0.1007
2025-10-09 19:30:55,003 [INFO] Época 2/30, Batch 650/3348, Loss: 0.1251
2025-10-09 19:30:55,266 [INFO] Época 2/30, Batch 700/3348, Loss: 0.1471
2025-10-09 19:30:55,530 [INFO] Época 2/30, Batch 750/3348, Loss: 0.1177
2025-10-09 19:30:55,792 [INFO] Época 2/30, Batch 800/3348, Loss: 0.1171
2025-10-09 19:30:56,053 [INFO] Época 2/30, Batch 850/3348, Loss: 0.0911
2025-10-09 19:30:56,315 [INFO] Época 2/30, Batch 900/3348, Loss: 0.0817
2025-10-09 19:30:56,577 [INFO] Época 2/30, Batch 950/3348, Loss: 0.0842
2025-10-09 19:30:56,839 [INFO] Época 2/30, Batch 1000/3348, Loss: 0.0968
2025-10-09 19:30:57,102 [INFO] Época 2/30, Batch 1050/3348, Loss: 0.0723
2025-10-09 19:30:57,364 [INFO] Época 2/30, Batch 1100/3348, Loss: 0.0719
2025-10-09 19:30:57,630 [INFO] Época 2/30, Batch 1150/3348, Loss: 0.1162
2025-10-09 19:30:57,897 [INFO] Época 2/30, Batch 1200/3348, Loss: 0.0900
2025-10-09 19:30:58,161 [INFO] Época 2/30, Batch 1250/3348, Loss: 0.1151
2025-10-09 19:30:58,427 [INFO] Época 2/30, Batch 1300/3348, Loss: 0.1003
2025-10-09 19:30:58,691 [INFO] Época 2/30, Batch 1350/3348, Loss: 0.1627
2025-10-09 19:30:58,956 [INFO] Época 2/30, Batch 1400/3348, Loss: 0.0804
2025-10-09 19:30:59,221 [INFO] Época 2/30, Batch 1450/3348, Loss: 0.1180
2025-10-09 19:30:59,487 [INFO] Época 2/30, Batch 1500/3348, Loss: 0.1380
2025-10-09 19:30:59,752 [INFO] Época 2/30, Batch 1550/3348, Loss: 0.0704
2025-10-09 19:31:00,018 [INFO] Época 2/30, Batch 1600/3348, Loss: 0.1003
2025-10-09 19:31:00,283 [INFO] Época 2/30, Batch 1650/3348, Loss: 0.0897
2025-10-09 19:31:00,549 [INFO] Época 2/30, Batch 1700/3348, Loss: 0.1197
2025-10-09 19:31:00,815 [INFO] Época 2/30, Batch 1750/3348, Loss: 0.0750
2025-10-09 19:31:01,078 [INFO] Época 2/30, Batch 1800/3348, Loss: 0.0622
2025-10-09 19:31:01,340 [INFO] Época 2/30, Batch 1850/3348, Loss: 0.0771
2025-10-09 19:31:01,601 [INFO] Época 2/30, Batch 1900/3348, Loss: 0.1069
2025-10-09 19:31:01,868 [INFO] Época 2/30, Batch 1950/3348, Loss: 0.1101
2025-10-09 19:31:02,131 [INFO] Época 2/30, Batch 2000/3348, Loss: 0.1082
2025-10-09 19:31:02,393 [INFO] Época 2/30, Batch 2050/3348, Loss: 0.1214
2025-10-09 19:31:02,658 [INFO] Época 2/30, Batch 2100/3348, Loss: 0.0939
2025-10-09 19:31:02,921 [INFO] Época 2/30, Batch 2150/3348, Loss: 0.1288
2025-10-09 19:31:03,186 [INFO] Época 2/30, Batch 2200/3348, Loss: 0.0965
2025-10-09 19:31:03,450 [INFO] Época 2/30, Batch 2250/3348, Loss: 0.0890
2025-10-09 19:31:03,715 [INFO] Época 2/30, Batch 2300/3348, Loss: 0.0922
2025-10-09 19:31:03,980 [INFO] Época 2/30, Batch 2350/3348, Loss: 0.1277
2025-10-09 19:31:04,245 [INFO] Época 2/30, Batch 2400/3348, Loss: 0.1155
2025-10-09 19:31:04,509 [INFO] Época 2/30, Batch 2450/3348, Loss: 0.0769
2025-10-09 19:31:04,774 [INFO] Época 2/30, Batch 2500/3348, Loss: 0.1173
2025-10-09 19:31:05,041 [INFO] Época 2/30, Batch 2550/3348, Loss: 0.1041
2025-10-09 19:31:05,305 [INFO] Época 2/30, Batch 2600/3348, Loss: 0.0642
2025-10-09 19:31:05,570 [INFO] Época 2/30, Batch 2650/3348, Loss: 0.0747
2025-10-09 19:31:05,836 [INFO] Época 2/30, Batch 2700/3348, Loss: 0.0983
2025-10-09 19:31:06,099 [INFO] Época 2/30, Batch 2750/3348, Loss: 0.0940
2025-10-09 19:31:06,362 [INFO] Época 2/30, Batch 2800/3348, Loss: 0.0913
2025-10-09 19:31:06,627 [INFO] Época 2/30, Batch 2850/3348, Loss: 0.1054
2025-10-09 19:31:06,885 [INFO] Época 2/30, Batch 2900/3348, Loss: 0.0819
2025-10-09 19:31:07,148 [INFO] Época 2/30, Batch 2950/3348, Loss: 0.1353
2025-10-09 19:31:07,411 [INFO] Época 2/30, Batch 3000/3348, Loss: 0.0652
2025-10-09 19:31:07,671 [INFO] Época 2/30, Batch 3050/3348, Loss: 0.0859
2025-10-09 19:31:07,932 [INFO] Época 2/30, Batch 3100/3348, Loss: 0.0992
2025-10-09 19:31:08,195 [INFO] Época 2/30, Batch 3150/3348, Loss: 0.1145
2025-10-09 19:31:08,460 [INFO] Época 2/30, Batch 3200/3348, Loss: 0.0684
2025-10-09 19:31:08,722 [INFO] Época 2/30, Batch 3250/3348, Loss: 0.1081
2025-10-09 19:31:08,985 [INFO] Época 2/30, Batch 3300/3348, Loss: 0.0958
2025-10-09 19:31:10,888 [INFO] [2/30] Train Loss: 0.1121 | Val Loss: 0.1719 | Tempo: 19.65s
2025-10-09 19:31:11,492 [INFO] Época 3/30, Batch 50/3348, Loss: 0.0698
2025-10-09 19:31:11,757 [INFO] Época 3/30, Batch 100/3348, Loss: 0.0923
2025-10-09 19:31:12,019 [INFO] Época 3/30, Batch 150/3348, Loss: 0.0824
2025-10-09 19:31:12,282 [INFO] Época 3/30, Batch 200/3348, Loss: 0.1217
2025-10-09 19:31:12,542 [INFO] Época 3/30, Batch 250/3348, Loss: 0.0676
2025-10-09 19:31:12,806 [INFO] Época 3/30, Batch 300/3348, Loss: 0.1155
2025-10-09 19:31:13,071 [INFO] Época 3/30, Batch 350/3348, Loss: 0.0968
2025-10-09 19:31:13,337 [INFO] Época 3/30, Batch 400/3348, Loss: 0.1072
2025-10-09 19:31:13,601 [INFO] Época 3/30, Batch 450/3348, Loss: 0.0747
2025-10-09 19:31:13,865 [INFO] Época 3/30, Batch 500/3348, Loss: 0.1079
2025-10-09 19:31:14,128 [INFO] Época 3/30, Batch 550/3348, Loss: 0.0983
2025-10-09 19:31:14,392 [INFO] Época 3/30, Batch 600/3348, Loss: 0.0994
2025-10-09 19:31:14,655 [INFO] Época 3/30, Batch 650/3348, Loss: 0.1453
2025-10-09 19:31:14,921 [INFO] Época 3/30, Batch 700/3348, Loss: 0.1214
2025-10-09 19:31:15,185 [INFO] Época 3/30, Batch 750/3348, Loss: 0.0833
2025-10-09 19:31:15,439 [INFO] Época 3/30, Batch 800/3348, Loss: 0.0751
2025-10-09 19:31:15,701 [INFO] Época 3/30, Batch 850/3348, Loss: 0.1017
2025-10-09 19:31:15,964 [INFO] Época 3/30, Batch 900/3348, Loss: 0.0894
2025-10-09 19:31:16,227 [INFO] Época 3/30, Batch 950/3348, Loss: 0.0966
2025-10-09 19:31:16,489 [INFO] Época 3/30, Batch 1000/3348, Loss: 0.1130
2025-10-09 19:31:16,751 [INFO] Época 3/30, Batch 1050/3348, Loss: 0.0954
2025-10-09 19:31:17,016 [INFO] Época 3/30, Batch 1100/3348, Loss: 0.1370
2025-10-09 19:31:17,282 [INFO] Época 3/30, Batch 1150/3348, Loss: 0.1307
2025-10-09 19:31:17,548 [INFO] Época 3/30, Batch 1200/3348, Loss: 0.1006
2025-10-09 19:31:17,813 [INFO] Época 3/30, Batch 1250/3348, Loss: 0.0768
2025-10-09 19:31:18,074 [INFO] Época 3/30, Batch 1300/3348, Loss: 0.0823
2025-10-09 19:31:18,340 [INFO] Época 3/30, Batch 1350/3348, Loss: 0.0887
2025-10-09 19:31:18,605 [INFO] Época 3/30, Batch 1400/3348, Loss: 0.0940
2025-10-09 19:31:18,870 [INFO] Época 3/30, Batch 1450/3348, Loss: 0.0813
2025-10-09 19:31:19,134 [INFO] Época 3/30, Batch 1500/3348, Loss: 0.1105
2025-10-09 19:31:19,396 [INFO] Época 3/30, Batch 1550/3348, Loss: 0.0972
2025-10-09 19:31:19,655 [INFO] Época 3/30, Batch 1600/3348, Loss: 0.0890
2025-10-09 19:31:19,918 [INFO] Época 3/30, Batch 1650/3348, Loss: 0.0884
2025-10-09 19:31:20,184 [INFO] Época 3/30, Batch 1700/3348, Loss: 0.0790
2025-10-09 19:31:20,446 [INFO] Época 3/30, Batch 1750/3348, Loss: 0.0912
2025-10-09 19:31:20,709 [INFO] Época 3/30, Batch 1800/3348, Loss: 0.0520
2025-10-09 19:31:20,973 [INFO] Época 3/30, Batch 1850/3348, Loss: 0.0527
2025-10-09 19:31:21,232 [INFO] Época 3/30, Batch 1900/3348, Loss: 0.0833
2025-10-09 19:31:21,493 [INFO] Época 3/30, Batch 1950/3348, Loss: 0.0765
2025-10-09 19:31:21,753 [INFO] Época 3/30, Batch 2000/3348, Loss: 0.0846
2025-10-09 19:31:22,015 [INFO] Época 3/30, Batch 2050/3348, Loss: 0.0912
2025-10-09 19:31:22,272 [INFO] Época 3/30, Batch 2100/3348, Loss: 0.1107
2025-10-09 19:31:22,531 [INFO] Época 3/30, Batch 2150/3348, Loss: 0.1172
2025-10-09 19:31:22,790 [INFO] Época 3/30, Batch 2200/3348, Loss: 0.0724
2025-10-09 19:31:23,051 [INFO] Época 3/30, Batch 2250/3348, Loss: 0.0806
2025-10-09 19:31:23,312 [INFO] Época 3/30, Batch 2300/3348, Loss: 0.1019
2025-10-09 19:31:23,572 [INFO] Época 3/30, Batch 2350/3348, Loss: 0.0957
2025-10-09 19:31:23,834 [INFO] Época 3/30, Batch 2400/3348, Loss: 0.0876
2025-10-09 19:31:24,097 [INFO] Época 3/30, Batch 2450/3348, Loss: 0.0676
2025-10-09 19:31:24,364 [INFO] Época 3/30, Batch 2500/3348, Loss: 0.1180
2025-10-09 19:31:24,630 [INFO] Época 3/30, Batch 2550/3348, Loss: 0.0751
2025-10-09 19:31:24,895 [INFO] Época 3/30, Batch 2600/3348, Loss: 0.0878
2025-10-09 19:31:25,161 [INFO] Época 3/30, Batch 2650/3348, Loss: 0.0716
2025-10-09 19:31:25,426 [INFO] Época 3/30, Batch 2700/3348, Loss: 0.0921
2025-10-09 19:31:25,694 [INFO] Época 3/30, Batch 2750/3348, Loss: 0.1118
2025-10-09 19:31:25,957 [INFO] Época 3/30, Batch 2800/3348, Loss: 0.0909
2025-10-09 19:31:26,220 [INFO] Época 3/30, Batch 2850/3348, Loss: 0.0836
2025-10-09 19:31:26,483 [INFO] Época 3/30, Batch 2900/3348, Loss: 0.0839
2025-10-09 19:31:26,753 [INFO] Época 3/30, Batch 2950/3348, Loss: 0.0895
2025-10-09 19:31:27,024 [INFO] Época 3/30, Batch 3000/3348, Loss: 0.0899
2025-10-09 19:31:27,293 [INFO] Época 3/30, Batch 3050/3348, Loss: 0.0574
2025-10-09 19:31:27,560 [INFO] Época 3/30, Batch 3100/3348, Loss: 0.0948
2025-10-09 19:31:27,827 [INFO] Época 3/30, Batch 3150/3348, Loss: 0.0893
2025-10-09 19:31:28,093 [INFO] Época 3/30, Batch 3200/3348, Loss: 0.1053
2025-10-09 19:31:28,364 [INFO] Época 3/30, Batch 3250/3348, Loss: 0.0738
2025-10-09 19:31:28,636 [INFO] Época 3/30, Batch 3300/3348, Loss: 0.0790
2025-10-09 19:31:30,520 [INFO] [3/30] Train Loss: 0.1025 | Val Loss: 0.1265 | Tempo: 19.63s
2025-10-09 19:31:31,128 [INFO] Época 4/30, Batch 50/3348, Loss: 0.0990
2025-10-09 19:31:31,396 [INFO] Época 4/30, Batch 100/3348, Loss: 0.0778
2025-10-09 19:31:31,663 [INFO] Época 4/30, Batch 150/3348, Loss: 0.0910
2025-10-09 19:31:31,930 [INFO] Época 4/30, Batch 200/3348, Loss: 0.1159
2025-10-09 19:31:32,193 [INFO] Época 4/30, Batch 250/3348, Loss: 0.0775
2025-10-09 19:31:32,456 [INFO] Época 4/30, Batch 300/3348, Loss: 0.0966
2025-10-09 19:31:32,721 [INFO] Época 4/30, Batch 350/3348, Loss: 0.0930
2025-10-09 19:31:32,987 [INFO] Época 4/30, Batch 400/3348, Loss: 0.0813
2025-10-09 19:31:33,253 [INFO] Época 4/30, Batch 450/3348, Loss: 0.1159
2025-10-09 19:31:33,522 [INFO] Época 4/30, Batch 500/3348, Loss: 0.0730
2025-10-09 19:31:33,786 [INFO] Época 4/30, Batch 550/3348, Loss: 0.0993
2025-10-09 19:31:34,050 [INFO] Época 4/30, Batch 600/3348, Loss: 0.1101
2025-10-09 19:31:34,314 [INFO] Época 4/30, Batch 650/3348, Loss: 0.0576
2025-10-09 19:31:34,572 [INFO] Época 4/30, Batch 700/3348, Loss: 0.0752
2025-10-09 19:31:34,835 [INFO] Época 4/30, Batch 750/3348, Loss: 0.0547
2025-10-09 19:31:35,098 [INFO] Época 4/30, Batch 800/3348, Loss: 0.0861
2025-10-09 19:31:35,356 [INFO] Época 4/30, Batch 850/3348, Loss: 0.0793
2025-10-09 19:31:35,617 [INFO] Época 4/30, Batch 900/3348, Loss: 0.0847
2025-10-09 19:31:35,877 [INFO] Época 4/30, Batch 950/3348, Loss: 0.1297
2025-10-09 19:31:36,138 [INFO] Época 4/30, Batch 1000/3348, Loss: 0.0884
2025-10-09 19:31:36,399 [INFO] Época 4/30, Batch 1050/3348, Loss: 0.0996
2025-10-09 19:31:36,663 [INFO] Época 4/30, Batch 1100/3348, Loss: 0.1017
2025-10-09 19:31:36,923 [INFO] Época 4/30, Batch 1150/3348, Loss: 0.0617
2025-10-09 19:31:37,186 [INFO] Época 4/30, Batch 1200/3348, Loss: 0.0822
2025-10-09 19:31:37,445 [INFO] Época 4/30, Batch 1250/3348, Loss: 0.0570
2025-10-09 19:31:37,706 [INFO] Época 4/30, Batch 1300/3348, Loss: 0.0997
2025-10-09 19:31:37,974 [INFO] Época 4/30, Batch 1350/3348, Loss: 0.0820
2025-10-09 19:31:38,235 [INFO] Época 4/30, Batch 1400/3348, Loss: 0.0808
2025-10-09 19:31:38,495 [INFO] Época 4/30, Batch 1450/3348, Loss: 0.1136
2025-10-09 19:31:38,756 [INFO] Época 4/30, Batch 1500/3348, Loss: 0.1282
2025-10-09 19:31:39,018 [INFO] Época 4/30, Batch 1550/3348, Loss: 0.0807
2025-10-09 19:31:39,282 [INFO] Época 4/30, Batch 1600/3348, Loss: 0.0865
2025-10-09 19:31:39,543 [INFO] Época 4/30, Batch 1650/3348, Loss: 0.0911
2025-10-09 19:31:39,803 [INFO] Época 4/30, Batch 1700/3348, Loss: 0.0720
2025-10-09 19:31:40,064 [INFO] Época 4/30, Batch 1750/3348, Loss: 0.1053
2025-10-09 19:31:40,324 [INFO] Época 4/30, Batch 1800/3348, Loss: 0.0832
2025-10-09 19:31:40,584 [INFO] Época 4/30, Batch 1850/3348, Loss: 0.0769
2025-10-09 19:31:40,845 [INFO] Época 4/30, Batch 1900/3348, Loss: 0.1000
2025-10-09 19:31:41,108 [INFO] Época 4/30, Batch 1950/3348, Loss: 0.1139
2025-10-09 19:31:41,369 [INFO] Época 4/30, Batch 2000/3348, Loss: 0.1009
2025-10-09 19:31:41,628 [INFO] Época 4/30, Batch 2050/3348, Loss: 0.0542
2025-10-09 19:31:41,887 [INFO] Época 4/30, Batch 2100/3348, Loss: 0.1012
2025-10-09 19:31:42,148 [INFO] Época 4/30, Batch 2150/3348, Loss: 0.0772
2025-10-09 19:31:42,409 [INFO] Época 4/30, Batch 2200/3348, Loss: 0.0645
2025-10-09 19:31:42,672 [INFO] Época 4/30, Batch 2250/3348, Loss: 0.0962
2025-10-09 19:31:42,931 [INFO] Época 4/30, Batch 2300/3348, Loss: 0.0551
2025-10-09 19:31:43,189 [INFO] Época 4/30, Batch 2350/3348, Loss: 0.0830
2025-10-09 19:31:43,447 [INFO] Época 4/30, Batch 2400/3348, Loss: 0.0696
2025-10-09 19:31:43,707 [INFO] Época 4/30, Batch 2450/3348, Loss: 0.0747
2025-10-09 19:31:43,967 [INFO] Época 4/30, Batch 2500/3348, Loss: 0.0756
2025-10-09 19:31:44,227 [INFO] Época 4/30, Batch 2550/3348, Loss: 0.0676
2025-10-09 19:31:44,486 [INFO] Época 4/30, Batch 2600/3348, Loss: 0.0956
2025-10-09 19:31:44,744 [INFO] Época 4/30, Batch 2650/3348, Loss: 0.3661
2025-10-09 19:31:45,006 [INFO] Época 4/30, Batch 2700/3348, Loss: 0.0754
2025-10-09 19:31:45,265 [INFO] Época 4/30, Batch 2750/3348, Loss: 0.0885
2025-10-09 19:31:45,525 [INFO] Época 4/30, Batch 2800/3348, Loss: 0.0864
2025-10-09 19:31:45,789 [INFO] Época 4/30, Batch 2850/3348, Loss: 0.0701
2025-10-09 19:31:46,051 [INFO] Época 4/30, Batch 2900/3348, Loss: 0.0655
2025-10-09 19:31:46,312 [INFO] Época 4/30, Batch 2950/3348, Loss: 0.0955
2025-10-09 19:31:46,575 [INFO] Época 4/30, Batch 3000/3348, Loss: 0.0605
2025-10-09 19:31:46,836 [INFO] Época 4/30, Batch 3050/3348, Loss: 0.0896
2025-10-09 19:31:47,094 [INFO] Época 4/30, Batch 3100/3348, Loss: 0.0807
2025-10-09 19:31:47,354 [INFO] Época 4/30, Batch 3150/3348, Loss: 0.1004
2025-10-09 19:31:47,613 [INFO] Época 4/30, Batch 3200/3348, Loss: 0.0894
2025-10-09 19:31:47,873 [INFO] Época 4/30, Batch 3250/3348, Loss: 0.0832
2025-10-09 19:31:48,133 [INFO] Época 4/30, Batch 3300/3348, Loss: 0.0984
2025-10-09 19:31:49,947 [INFO] [4/30] Train Loss: 0.0960 | Val Loss: 0.1644 | Tempo: 19.43s
2025-10-09 19:31:50,555 [INFO] Época 5/30, Batch 50/3348, Loss: 0.0848
2025-10-09 19:31:50,825 [INFO] Época 5/30, Batch 100/3348, Loss: 0.0919
2025-10-09 19:31:51,093 [INFO] Época 5/30, Batch 150/3348, Loss: 0.0918
2025-10-09 19:31:51,359 [INFO] Época 5/30, Batch 200/3348, Loss: 0.0683
2025-10-09 19:31:51,626 [INFO] Época 5/30, Batch 250/3348, Loss: 0.0587
2025-10-09 19:31:51,889 [INFO] Época 5/30, Batch 300/3348, Loss: 0.0619
2025-10-09 19:31:52,154 [INFO] Época 5/30, Batch 350/3348, Loss: 0.0702
2025-10-09 19:31:52,417 [INFO] Época 5/30, Batch 400/3348, Loss: 0.1018
2025-10-09 19:31:52,680 [INFO] Época 5/30, Batch 450/3348, Loss: 0.0837
2025-10-09 19:31:52,946 [INFO] Época 5/30, Batch 500/3348, Loss: 0.0934
2025-10-09 19:31:53,214 [INFO] Época 5/30, Batch 550/3348, Loss: 0.0747
2025-10-09 19:31:53,477 [INFO] Época 5/30, Batch 600/3348, Loss: 0.0877
2025-10-09 19:31:53,740 [INFO] Época 5/30, Batch 650/3348, Loss: 0.0853
2025-10-09 19:31:54,003 [INFO] Época 5/30, Batch 700/3348, Loss: 0.0884
2025-10-09 19:31:54,266 [INFO] Época 5/30, Batch 750/3348, Loss: 0.0925
2025-10-09 19:31:54,520 [INFO] Época 5/30, Batch 800/3348, Loss: 0.0465
2025-10-09 19:31:54,773 [INFO] Época 5/30, Batch 850/3348, Loss: 0.1022
2025-10-09 19:31:55,023 [INFO] Época 5/30, Batch 900/3348, Loss: 0.0617
2025-10-09 19:31:55,273 [INFO] Época 5/30, Batch 950/3348, Loss: 0.0699
2025-10-09 19:31:55,524 [INFO] Época 5/30, Batch 1000/3348, Loss: 0.0825
2025-10-09 19:31:55,775 [INFO] Época 5/30, Batch 1050/3348, Loss: 0.0665
2025-10-09 19:31:56,027 [INFO] Época 5/30, Batch 1100/3348, Loss: 0.0892
2025-10-09 19:31:56,279 [INFO] Época 5/30, Batch 1150/3348, Loss: 0.0846
2025-10-09 19:31:56,530 [INFO] Época 5/30, Batch 1200/3348, Loss: 0.0775
2025-10-09 19:31:56,791 [INFO] Época 5/30, Batch 1250/3348, Loss: 0.0972
2025-10-09 19:31:57,055 [INFO] Época 5/30, Batch 1300/3348, Loss: 0.0727
2025-10-09 19:31:57,319 [INFO] Época 5/30, Batch 1350/3348, Loss: 0.0817
2025-10-09 19:31:57,584 [INFO] Época 5/30, Batch 1400/3348, Loss: 0.1042
2025-10-09 19:31:57,847 [INFO] Época 5/30, Batch 1450/3348, Loss: 0.1149
2025-10-09 19:31:58,110 [INFO] Época 5/30, Batch 1500/3348, Loss: 0.0812
2025-10-09 19:31:58,372 [INFO] Época 5/30, Batch 1550/3348, Loss: 0.0942
2025-10-09 19:31:58,636 [INFO] Época 5/30, Batch 1600/3348, Loss: 0.0827
2025-10-09 19:31:58,900 [INFO] Época 5/30, Batch 1650/3348, Loss: 0.0784
2025-10-09 19:31:59,165 [INFO] Época 5/30, Batch 1700/3348, Loss: 0.1070
2025-10-09 19:31:59,432 [INFO] Época 5/30, Batch 1750/3348, Loss: 0.1012
2025-10-09 19:31:59,696 [INFO] Época 5/30, Batch 1800/3348, Loss: 0.0691
2025-10-09 19:31:59,958 [INFO] Época 5/30, Batch 1850/3348, Loss: 0.0854
2025-10-09 19:32:00,222 [INFO] Época 5/30, Batch 1900/3348, Loss: 0.0908
2025-10-09 19:32:00,486 [INFO] Época 5/30, Batch 1950/3348, Loss: 0.0973
2025-10-09 19:32:00,752 [INFO] Época 5/30, Batch 2000/3348, Loss: 0.1185
2025-10-09 19:32:01,015 [INFO] Época 5/30, Batch 2050/3348, Loss: 0.0838
2025-10-09 19:32:01,277 [INFO] Época 5/30, Batch 2100/3348, Loss: 0.1107
2025-10-09 19:32:01,542 [INFO] Época 5/30, Batch 2150/3348, Loss: 0.1028
2025-10-09 19:32:01,804 [INFO] Época 5/30, Batch 2200/3348, Loss: 0.0667
2025-10-09 19:32:02,067 [INFO] Época 5/30, Batch 2250/3348, Loss: 0.0560
2025-10-09 19:32:02,330 [INFO] Época 5/30, Batch 2300/3348, Loss: 0.0700
2025-10-09 19:32:02,593 [INFO] Época 5/30, Batch 2350/3348, Loss: 0.0623
2025-10-09 19:32:02,857 [INFO] Época 5/30, Batch 2400/3348, Loss: 0.0844
2025-10-09 19:32:03,121 [INFO] Época 5/30, Batch 2450/3348, Loss: 0.0678
2025-10-09 19:32:03,392 [INFO] Época 5/30, Batch 2500/3348, Loss: 0.0715
2025-10-09 19:32:03,667 [INFO] Época 5/30, Batch 2550/3348, Loss: 0.0937
2025-10-09 19:32:03,937 [INFO] Época 5/30, Batch 2600/3348, Loss: 0.0798
2025-10-09 19:32:04,210 [INFO] Época 5/30, Batch 2650/3348, Loss: 0.1203
2025-10-09 19:32:04,481 [INFO] Época 5/30, Batch 2700/3348, Loss: 0.0974
2025-10-09 19:32:04,753 [INFO] Época 5/30, Batch 2750/3348, Loss: 0.0632
2025-10-09 19:32:05,023 [INFO] Época 5/30, Batch 2800/3348, Loss: 0.0791
2025-10-09 19:32:05,292 [INFO] Época 5/30, Batch 2850/3348, Loss: 0.1085
2025-10-09 19:32:05,561 [INFO] Época 5/30, Batch 2900/3348, Loss: 0.0833
2025-10-09 19:32:05,830 [INFO] Época 5/30, Batch 2950/3348, Loss: 0.0783
2025-10-09 19:32:06,098 [INFO] Época 5/30, Batch 3000/3348, Loss: 0.0842
2025-10-09 19:32:06,366 [INFO] Época 5/30, Batch 3050/3348, Loss: 0.1017
2025-10-09 19:32:06,633 [INFO] Época 5/30, Batch 3100/3348, Loss: 0.0857
2025-10-09 19:32:06,903 [INFO] Época 5/30, Batch 3150/3348, Loss: 0.1002
2025-10-09 19:32:07,174 [INFO] Época 5/30, Batch 3200/3348, Loss: 0.0820
2025-10-09 19:32:07,440 [INFO] Época 5/30, Batch 3250/3348, Loss: 0.0700
2025-10-09 19:32:07,703 [INFO] Época 5/30, Batch 3300/3348, Loss: 0.0774
2025-10-09 19:32:09,707 [INFO] [5/30] Train Loss: 0.0915 | Val Loss: 0.1560 | Tempo: 19.76s
2025-10-09 19:32:10,325 [INFO] Época 6/30, Batch 50/3348, Loss: 0.0821
2025-10-09 19:32:10,594 [INFO] Época 6/30, Batch 100/3348, Loss: 0.0632
2025-10-09 19:32:10,860 [INFO] Época 6/30, Batch 150/3348, Loss: 0.0769
2025-10-09 19:32:11,123 [INFO] Época 6/30, Batch 200/3348, Loss: 0.0989
2025-10-09 19:32:11,385 [INFO] Época 6/30, Batch 250/3348, Loss: 0.0795
2025-10-09 19:32:11,650 [INFO] Época 6/30, Batch 300/3348, Loss: 0.0808
2025-10-09 19:32:11,913 [INFO] Época 6/30, Batch 350/3348, Loss: 0.0778
2025-10-09 19:32:12,176 [INFO] Época 6/30, Batch 400/3348, Loss: 0.0862
2025-10-09 19:32:12,439 [INFO] Época 6/30, Batch 450/3348, Loss: 0.0883
2025-10-09 19:32:12,703 [INFO] Época 6/30, Batch 500/3348, Loss: 0.0720
2025-10-09 19:32:12,969 [INFO] Época 6/30, Batch 550/3348, Loss: 0.1229
2025-10-09 19:32:13,231 [INFO] Época 6/30, Batch 600/3348, Loss: 0.1008
2025-10-09 19:32:13,492 [INFO] Época 6/30, Batch 650/3348, Loss: 0.0852
2025-10-09 19:32:13,757 [INFO] Época 6/30, Batch 700/3348, Loss: 0.0631
2025-10-09 19:32:14,008 [INFO] Época 6/30, Batch 750/3348, Loss: 0.0857
2025-10-09 19:32:14,261 [INFO] Época 6/30, Batch 800/3348, Loss: 0.0780
2025-10-09 19:32:14,515 [INFO] Época 6/30, Batch 850/3348, Loss: 0.0728
2025-10-09 19:32:14,770 [INFO] Época 6/30, Batch 900/3348, Loss: 0.0591
2025-10-09 19:32:15,022 [INFO] Época 6/30, Batch 950/3348, Loss: 0.0759
2025-10-09 19:32:15,276 [INFO] Época 6/30, Batch 1000/3348, Loss: 0.0828
2025-10-09 19:32:15,529 [INFO] Época 6/30, Batch 1050/3348, Loss: 0.0632
2025-10-09 19:32:15,783 [INFO] Época 6/30, Batch 1100/3348, Loss: 0.0979
2025-10-09 19:32:16,034 [INFO] Época 6/30, Batch 1150/3348, Loss: 0.0360
2025-10-09 19:32:16,286 [INFO] Época 6/30, Batch 1200/3348, Loss: 0.0712
2025-10-09 19:32:16,533 [INFO] Época 6/30, Batch 1250/3348, Loss: 0.0795
2025-10-09 19:32:16,786 [INFO] Época 6/30, Batch 1300/3348, Loss: 0.1275
2025-10-09 19:32:17,046 [INFO] Época 6/30, Batch 1350/3348, Loss: 0.0656
2025-10-09 19:32:17,305 [INFO] Época 6/30, Batch 1400/3348, Loss: 0.0776
2025-10-09 19:32:17,565 [INFO] Época 6/30, Batch 1450/3348, Loss: 0.0685
2025-10-09 19:32:17,826 [INFO] Época 6/30, Batch 1500/3348, Loss: 0.0773
2025-10-09 19:32:18,090 [INFO] Época 6/30, Batch 1550/3348, Loss: 0.0522
2025-10-09 19:32:18,353 [INFO] Época 6/30, Batch 1600/3348, Loss: 0.0867
2025-10-09 19:32:18,614 [INFO] Época 6/30, Batch 1650/3348, Loss: 0.0932
2025-10-09 19:32:18,875 [INFO] Época 6/30, Batch 1700/3348, Loss: 0.0875
2025-10-09 19:32:19,137 [INFO] Época 6/30, Batch 1750/3348, Loss: 0.1018
2025-10-09 19:32:19,399 [INFO] Época 6/30, Batch 1800/3348, Loss: 0.1099
2025-10-09 19:32:19,661 [INFO] Época 6/30, Batch 1850/3348, Loss: 0.0620
2025-10-09 19:32:19,922 [INFO] Época 6/30, Batch 1900/3348, Loss: 0.0879
2025-10-09 19:32:20,184 [INFO] Época 6/30, Batch 1950/3348, Loss: 0.0678
2025-10-09 19:32:20,446 [INFO] Época 6/30, Batch 2000/3348, Loss: 0.0965
2025-10-09 19:32:20,708 [INFO] Época 6/30, Batch 2050/3348, Loss: 0.0700
2025-10-09 19:32:20,972 [INFO] Época 6/30, Batch 2100/3348, Loss: 0.0844
2025-10-09 19:32:21,237 [INFO] Época 6/30, Batch 2150/3348, Loss: 0.0711
2025-10-09 19:32:21,500 [INFO] Época 6/30, Batch 2200/3348, Loss: 0.0960
2025-10-09 19:32:21,764 [INFO] Época 6/30, Batch 2250/3348, Loss: 0.0929
2025-10-09 19:32:22,023 [INFO] Época 6/30, Batch 2300/3348, Loss: 0.0775
2025-10-09 19:32:22,285 [INFO] Época 6/30, Batch 2350/3348, Loss: 0.0946
2025-10-09 19:32:22,544 [INFO] Época 6/30, Batch 2400/3348, Loss: 0.0592
2025-10-09 19:32:22,801 [INFO] Época 6/30, Batch 2450/3348, Loss: 0.0942
2025-10-09 19:32:23,060 [INFO] Época 6/30, Batch 2500/3348, Loss: 0.0972
2025-10-09 19:32:23,318 [INFO] Época 6/30, Batch 2550/3348, Loss: 0.0635
2025-10-09 19:32:23,577 [INFO] Época 6/30, Batch 2600/3348, Loss: 0.0856
2025-10-09 19:32:23,834 [INFO] Época 6/30, Batch 2650/3348, Loss: 0.0572
2025-10-09 19:32:24,091 [INFO] Época 6/30, Batch 2700/3348, Loss: 0.1074
2025-10-09 19:32:24,349 [INFO] Época 6/30, Batch 2750/3348, Loss: 0.0576
2025-10-09 19:32:24,607 [INFO] Época 6/30, Batch 2800/3348, Loss: 0.0697
2025-10-09 19:32:24,865 [INFO] Época 6/30, Batch 2850/3348, Loss: 0.0839
2025-10-09 19:32:25,124 [INFO] Época 6/30, Batch 2900/3348, Loss: 0.0905
2025-10-09 19:32:25,384 [INFO] Época 6/30, Batch 2950/3348, Loss: 0.0854
2025-10-09 19:32:25,641 [INFO] Época 6/30, Batch 3000/3348, Loss: 0.0739
2025-10-09 19:32:25,900 [INFO] Época 6/30, Batch 3050/3348, Loss: 0.0676
2025-10-09 19:32:26,157 [INFO] Época 6/30, Batch 3100/3348, Loss: 0.0514
2025-10-09 19:32:26,416 [INFO] Época 6/30, Batch 3150/3348, Loss: 0.0919
2025-10-09 19:32:26,678 [INFO] Época 6/30, Batch 3200/3348, Loss: 0.0948
2025-10-09 19:32:26,937 [INFO] Época 6/30, Batch 3250/3348, Loss: 0.0769
2025-10-09 19:32:27,197 [INFO] Época 6/30, Batch 3300/3348, Loss: 0.0690
2025-10-09 19:32:29,044 [INFO] [6/30] Train Loss: 0.0871 | Val Loss: 0.1373 | Tempo: 19.34s
2025-10-09 19:32:29,656 [INFO] Época 7/30, Batch 50/3348, Loss: 0.0890
2025-10-09 19:32:29,925 [INFO] Época 7/30, Batch 100/3348, Loss: 0.0732
2025-10-09 19:32:30,191 [INFO] Época 7/30, Batch 150/3348, Loss: 0.0691
2025-10-09 19:32:30,455 [INFO] Época 7/30, Batch 200/3348, Loss: 0.0822
2025-10-09 19:32:30,718 [INFO] Época 7/30, Batch 250/3348, Loss: 0.0807
2025-10-09 19:32:30,983 [INFO] Época 7/30, Batch 300/3348, Loss: 0.0978
2025-10-09 19:32:31,248 [INFO] Época 7/30, Batch 350/3348, Loss: 0.0784
2025-10-09 19:32:31,510 [INFO] Época 7/30, Batch 400/3348, Loss: 0.0668
2025-10-09 19:32:31,771 [INFO] Época 7/30, Batch 450/3348, Loss: 0.0572
2025-10-09 19:32:32,032 [INFO] Época 7/30, Batch 500/3348, Loss: 0.0700
2025-10-09 19:32:32,293 [INFO] Época 7/30, Batch 550/3348, Loss: 0.0617
2025-10-09 19:32:32,555 [INFO] Época 7/30, Batch 600/3348, Loss: 0.0851
2025-10-09 19:32:32,816 [INFO] Época 7/30, Batch 650/3348, Loss: 0.0504
2025-10-09 19:32:33,076 [INFO] Época 7/30, Batch 700/3348, Loss: 0.0742
2025-10-09 19:32:33,337 [INFO] Época 7/30, Batch 750/3348, Loss: 0.0928
2025-10-09 19:32:33,597 [INFO] Época 7/30, Batch 800/3348, Loss: 0.0552
2025-10-09 19:32:33,859 [INFO] Época 7/30, Batch 850/3348, Loss: 0.0901
2025-10-09 19:32:34,120 [INFO] Época 7/30, Batch 900/3348, Loss: 0.0670
2025-10-09 19:32:34,382 [INFO] Época 7/30, Batch 950/3348, Loss: 0.0586
2025-10-09 19:32:34,643 [INFO] Época 7/30, Batch 1000/3348, Loss: 0.1365
2025-10-09 19:32:34,907 [INFO] Época 7/30, Batch 1050/3348, Loss: 0.0693
2025-10-09 19:32:35,170 [INFO] Época 7/30, Batch 1100/3348, Loss: 0.0714
2025-10-09 19:32:35,431 [INFO] Época 7/30, Batch 1150/3348, Loss: 0.0832
2025-10-09 19:32:35,693 [INFO] Época 7/30, Batch 1200/3348, Loss: 0.0773
2025-10-09 19:32:35,959 [INFO] Época 7/30, Batch 1250/3348, Loss: 0.0571
2025-10-09 19:32:36,221 [INFO] Época 7/30, Batch 1300/3348, Loss: 0.0753
2025-10-09 19:32:36,486 [INFO] Época 7/30, Batch 1350/3348, Loss: 0.0648
2025-10-09 19:32:36,747 [INFO] Época 7/30, Batch 1400/3348, Loss: 0.0841
2025-10-09 19:32:37,011 [INFO] Época 7/30, Batch 1450/3348, Loss: 0.0739
2025-10-09 19:32:37,277 [INFO] Época 7/30, Batch 1500/3348, Loss: 0.0763
2025-10-09 19:32:37,543 [INFO] Época 7/30, Batch 1550/3348, Loss: 0.0883
2025-10-09 19:32:37,810 [INFO] Época 7/30, Batch 1600/3348, Loss: 0.0772
2025-10-09 19:32:38,077 [INFO] Época 7/30, Batch 1650/3348, Loss: 0.1058
2025-10-09 19:32:38,348 [INFO] Época 7/30, Batch 1700/3348, Loss: 0.0786
2025-10-09 19:32:38,617 [INFO] Época 7/30, Batch 1750/3348, Loss: 0.0818
2025-10-09 19:32:38,880 [INFO] Época 7/30, Batch 1800/3348, Loss: 0.0851
2025-10-09 19:32:39,146 [INFO] Época 7/30, Batch 1850/3348, Loss: 0.0711
2025-10-09 19:32:39,410 [INFO] Época 7/30, Batch 1900/3348, Loss: 0.0652
2025-10-09 19:32:39,672 [INFO] Época 7/30, Batch 1950/3348, Loss: 0.0596
2025-10-09 19:32:39,934 [INFO] Época 7/30, Batch 2000/3348, Loss: 0.0752
2025-10-09 19:32:40,196 [INFO] Época 7/30, Batch 2050/3348, Loss: 0.0695
2025-10-09 19:32:40,460 [INFO] Época 7/30, Batch 2100/3348, Loss: 0.0669
2025-10-09 19:32:40,723 [INFO] Época 7/30, Batch 2150/3348, Loss: 0.0804
2025-10-09 19:32:40,986 [INFO] Época 7/30, Batch 2200/3348, Loss: 0.0686
2025-10-09 19:32:41,258 [INFO] Época 7/30, Batch 2250/3348, Loss: 0.1042
2025-10-09 19:32:41,521 [INFO] Época 7/30, Batch 2300/3348, Loss: 0.0784
2025-10-09 19:32:41,782 [INFO] Época 7/30, Batch 2350/3348, Loss: 0.0579
2025-10-09 19:32:42,045 [INFO] Época 7/30, Batch 2400/3348, Loss: 0.0658
2025-10-09 19:32:42,307 [INFO] Época 7/30, Batch 2450/3348, Loss: 0.0738
2025-10-09 19:32:42,568 [INFO] Época 7/30, Batch 2500/3348, Loss: 0.0935
2025-10-09 19:32:42,830 [INFO] Época 7/30, Batch 2550/3348, Loss: 0.0753
2025-10-09 19:32:43,091 [INFO] Época 7/30, Batch 2600/3348, Loss: 0.0610
2025-10-09 19:32:43,359 [INFO] Época 7/30, Batch 2650/3348, Loss: 0.0567
2025-10-09 19:32:43,623 [INFO] Época 7/30, Batch 2700/3348, Loss: 0.0586
2025-10-09 19:32:43,887 [INFO] Época 7/30, Batch 2750/3348, Loss: 0.0988
2025-10-09 19:32:44,152 [INFO] Época 7/30, Batch 2800/3348, Loss: 0.0587
2025-10-09 19:32:44,416 [INFO] Época 7/30, Batch 2850/3348, Loss: 0.0777
2025-10-09 19:32:44,680 [INFO] Época 7/30, Batch 2900/3348, Loss: 0.0704
2025-10-09 19:32:44,943 [INFO] Época 7/30, Batch 2950/3348, Loss: 0.0647
2025-10-09 19:32:45,205 [INFO] Época 7/30, Batch 3000/3348, Loss: 0.0956
2025-10-09 19:32:45,469 [INFO] Época 7/30, Batch 3050/3348, Loss: 0.1025
2025-10-09 19:32:45,732 [INFO] Época 7/30, Batch 3100/3348, Loss: 0.0723
2025-10-09 19:32:45,994 [INFO] Época 7/30, Batch 3150/3348, Loss: 0.0761
2025-10-09 19:32:46,258 [INFO] Época 7/30, Batch 3200/3348, Loss: 0.1054
2025-10-09 19:32:46,520 [INFO] Época 7/30, Batch 3250/3348, Loss: 0.0581
2025-10-09 19:32:46,782 [INFO] Época 7/30, Batch 3300/3348, Loss: 0.0652
2025-10-09 19:32:48,588 [INFO] [7/30] Train Loss: 0.0840 | Val Loss: 0.1344 | Tempo: 19.54s
2025-10-09 19:32:49,200 [INFO] Época 8/30, Batch 50/3348, Loss: 0.0565
2025-10-09 19:32:49,471 [INFO] Época 8/30, Batch 100/3348, Loss: 0.0935
2025-10-09 19:32:49,737 [INFO] Época 8/30, Batch 150/3348, Loss: 0.0467
2025-10-09 19:32:50,002 [INFO] Época 8/30, Batch 200/3348, Loss: 0.0890
2025-10-09 19:32:50,267 [INFO] Época 8/30, Batch 250/3348, Loss: 0.0921
2025-10-09 19:32:50,530 [INFO] Época 8/30, Batch 300/3348, Loss: 0.1005
2025-10-09 19:32:50,794 [INFO] Época 8/30, Batch 350/3348, Loss: 0.0840
2025-10-09 19:32:51,058 [INFO] Época 8/30, Batch 400/3348, Loss: 0.0657
2025-10-09 19:32:51,321 [INFO] Época 8/30, Batch 450/3348, Loss: 0.0807
2025-10-09 19:32:51,586 [INFO] Época 8/30, Batch 500/3348, Loss: 0.0829
2025-10-09 19:32:51,848 [INFO] Época 8/30, Batch 550/3348, Loss: 0.0573
2025-10-09 19:32:52,113 [INFO] Época 8/30, Batch 600/3348, Loss: 0.0679
2025-10-09 19:32:52,374 [INFO] Época 8/30, Batch 650/3348, Loss: 0.0620
2025-10-09 19:32:52,636 [INFO] Época 8/30, Batch 700/3348, Loss: 0.0895
2025-10-09 19:32:52,900 [INFO] Época 8/30, Batch 750/3348, Loss: 0.0624
2025-10-09 19:32:53,161 [INFO] Época 8/30, Batch 800/3348, Loss: 0.0798
2025-10-09 19:32:53,421 [INFO] Época 8/30, Batch 850/3348, Loss: 0.0657
2025-10-09 19:32:53,674 [INFO] Época 8/30, Batch 900/3348, Loss: 0.0679
2025-10-09 19:32:53,928 [INFO] Época 8/30, Batch 950/3348, Loss: 0.0719
2025-10-09 19:32:54,181 [INFO] Época 8/30, Batch 1000/3348, Loss: 0.0850
2025-10-09 19:32:54,434 [INFO] Época 8/30, Batch 1050/3348, Loss: 0.0482
2025-10-09 19:32:54,688 [INFO] Época 8/30, Batch 1100/3348, Loss: 0.0794
2025-10-09 19:32:54,945 [INFO] Época 8/30, Batch 1150/3348, Loss: 0.1002
2025-10-09 19:32:55,205 [INFO] Época 8/30, Batch 1200/3348, Loss: 0.0741
2025-10-09 19:32:55,464 [INFO] Época 8/30, Batch 1250/3348, Loss: 0.0665
2025-10-09 19:32:55,725 [INFO] Época 8/30, Batch 1300/3348, Loss: 0.0684
2025-10-09 19:32:55,983 [INFO] Época 8/30, Batch 1350/3348, Loss: 0.0984
2025-10-09 19:32:56,242 [INFO] Época 8/30, Batch 1400/3348, Loss: 0.0627
2025-10-09 19:32:56,500 [INFO] Época 8/30, Batch 1450/3348, Loss: 0.0647
2025-10-09 19:32:56,759 [INFO] Época 8/30, Batch 1500/3348, Loss: 0.0792
2025-10-09 19:32:57,017 [INFO] Época 8/30, Batch 1550/3348, Loss: 0.1006
2025-10-09 19:32:57,276 [INFO] Época 8/30, Batch 1600/3348, Loss: 0.0677
2025-10-09 19:32:57,535 [INFO] Época 8/30, Batch 1650/3348, Loss: 0.0924
2025-10-09 19:32:57,793 [INFO] Época 8/30, Batch 1700/3348, Loss: 0.0715
2025-10-09 19:32:58,053 [INFO] Época 8/30, Batch 1750/3348, Loss: 0.0833
2025-10-09 19:32:58,313 [INFO] Época 8/30, Batch 1800/3348, Loss: 0.0558
2025-10-09 19:32:58,573 [INFO] Época 8/30, Batch 1850/3348, Loss: 0.0731
2025-10-09 19:32:58,830 [INFO] Época 8/30, Batch 1900/3348, Loss: 0.0811
2025-10-09 19:32:59,086 [INFO] Época 8/30, Batch 1950/3348, Loss: 0.0974
2025-10-09 19:32:59,341 [INFO] Época 8/30, Batch 2000/3348, Loss: 0.1023
2025-10-09 19:32:59,600 [INFO] Época 8/30, Batch 2050/3348, Loss: 0.0728
2025-10-09 19:32:59,858 [INFO] Época 8/30, Batch 2100/3348, Loss: 0.0548
2025-10-09 19:33:00,121 [INFO] Época 8/30, Batch 2150/3348, Loss: 0.0864
2025-10-09 19:33:00,382 [INFO] Época 8/30, Batch 2200/3348, Loss: 0.0461
2025-10-09 19:33:00,645 [INFO] Época 8/30, Batch 2250/3348, Loss: 0.0659
2025-10-09 19:33:00,904 [INFO] Época 8/30, Batch 2300/3348, Loss: 0.0917
2025-10-09 19:33:01,165 [INFO] Época 8/30, Batch 2350/3348, Loss: 0.0765
2025-10-09 19:33:01,428 [INFO] Época 8/30, Batch 2400/3348, Loss: 0.0637
2025-10-09 19:33:01,688 [INFO] Época 8/30, Batch 2450/3348, Loss: 0.0750
2025-10-09 19:33:01,948 [INFO] Época 8/30, Batch 2500/3348, Loss: 0.0935
2025-10-09 19:33:02,207 [INFO] Época 8/30, Batch 2550/3348, Loss: 0.1143
2025-10-09 19:33:02,466 [INFO] Época 8/30, Batch 2600/3348, Loss: 0.0520
2025-10-09 19:33:02,727 [INFO] Época 8/30, Batch 2650/3348, Loss: 0.0759
2025-10-09 19:33:02,986 [INFO] Época 8/30, Batch 2700/3348, Loss: 0.0664
2025-10-09 19:33:03,246 [INFO] Época 8/30, Batch 2750/3348, Loss: 0.0743
2025-10-09 19:33:03,505 [INFO] Época 8/30, Batch 2800/3348, Loss: 0.0603
2025-10-09 19:33:03,769 [INFO] Época 8/30, Batch 2850/3348, Loss: 0.0681
2025-10-09 19:33:04,030 [INFO] Época 8/30, Batch 2900/3348, Loss: 0.0690
2025-10-09 19:33:04,290 [INFO] Época 8/30, Batch 2950/3348, Loss: 0.0646
2025-10-09 19:33:04,550 [INFO] Época 8/30, Batch 3000/3348, Loss: 0.0492
2025-10-09 19:33:04,812 [INFO] Época 8/30, Batch 3050/3348, Loss: 0.0555
2025-10-09 19:33:05,074 [INFO] Época 8/30, Batch 3100/3348, Loss: 0.0690
2025-10-09 19:33:05,335 [INFO] Época 8/30, Batch 3150/3348, Loss: 0.0894
2025-10-09 19:33:05,597 [INFO] Época 8/30, Batch 3200/3348, Loss: 0.1053
2025-10-09 19:33:05,860 [INFO] Época 8/30, Batch 3250/3348, Loss: 0.0688
2025-10-09 19:33:06,120 [INFO] Época 8/30, Batch 3300/3348, Loss: 0.0606
2025-10-09 19:33:08,143 [INFO] [8/30] Train Loss: 0.0811 | Val Loss: 0.1310 | Tempo: 19.55s
2025-10-09 19:33:08,768 [INFO] Época 9/30, Batch 50/3348, Loss: 0.0684
2025-10-09 19:33:09,037 [INFO] Época 9/30, Batch 100/3348, Loss: 0.0966
2025-10-09 19:33:09,305 [INFO] Época 9/30, Batch 150/3348, Loss: 0.0589
2025-10-09 19:33:09,570 [INFO] Época 9/30, Batch 200/3348, Loss: 0.0705
2025-10-09 19:33:09,839 [INFO] Época 9/30, Batch 250/3348, Loss: 0.0421
2025-10-09 19:33:10,107 [INFO] Época 9/30, Batch 300/3348, Loss: 0.0755
2025-10-09 19:33:10,372 [INFO] Época 9/30, Batch 350/3348, Loss: 0.0509
2025-10-09 19:33:10,638 [INFO] Época 9/30, Batch 400/3348, Loss: 0.0638
2025-10-09 19:33:10,904 [INFO] Época 9/30, Batch 450/3348, Loss: 0.0499
2025-10-09 19:33:11,166 [INFO] Época 9/30, Batch 500/3348, Loss: 0.0725
2025-10-09 19:33:11,432 [INFO] Época 9/30, Batch 550/3348, Loss: 0.0944
2025-10-09 19:33:11,695 [INFO] Época 9/30, Batch 600/3348, Loss: 0.0718
2025-10-09 19:33:11,963 [INFO] Época 9/30, Batch 650/3348, Loss: 0.0906
2025-10-09 19:33:12,221 [INFO] Época 9/30, Batch 700/3348, Loss: 0.0685
2025-10-09 19:33:12,477 [INFO] Época 9/30, Batch 750/3348, Loss: 0.0706
2025-10-09 19:33:12,734 [INFO] Época 9/30, Batch 800/3348, Loss: 0.0682
2025-10-09 19:33:12,995 [INFO] Época 9/30, Batch 850/3348, Loss: 0.0853
2025-10-09 19:33:13,259 [INFO] Época 9/30, Batch 900/3348, Loss: 0.0842
2025-10-09 19:33:13,524 [INFO] Época 9/30, Batch 950/3348, Loss: 0.0581
2025-10-09 19:33:13,789 [INFO] Época 9/30, Batch 1000/3348, Loss: 0.0901
2025-10-09 19:33:14,053 [INFO] Época 9/30, Batch 1050/3348, Loss: 0.0973
2025-10-09 19:33:14,315 [INFO] Época 9/30, Batch 1100/3348, Loss: 0.0659
2025-10-09 19:33:14,577 [INFO] Época 9/30, Batch 1150/3348, Loss: 0.0885
2025-10-09 19:33:14,840 [INFO] Época 9/30, Batch 1200/3348, Loss: 0.1171
2025-10-09 19:33:15,112 [INFO] Época 9/30, Batch 1250/3348, Loss: 0.0660
2025-10-09 19:33:15,384 [INFO] Época 9/30, Batch 1300/3348, Loss: 0.0530
2025-10-09 19:33:15,657 [INFO] Época 9/30, Batch 1350/3348, Loss: 0.0599
2025-10-09 19:33:15,917 [INFO] Época 9/30, Batch 1400/3348, Loss: 0.0652
2025-10-09 19:33:16,180 [INFO] Época 9/30, Batch 1450/3348, Loss: 0.0534
2025-10-09 19:33:16,444 [INFO] Época 9/30, Batch 1500/3348, Loss: 0.0518
2025-10-09 19:33:16,708 [INFO] Época 9/30, Batch 1550/3348, Loss: 0.0371
2025-10-09 19:33:16,969 [INFO] Época 9/30, Batch 1600/3348, Loss: 0.0552
2025-10-09 19:33:17,231 [INFO] Época 9/30, Batch 1650/3348, Loss: 0.0828
2025-10-09 19:33:17,498 [INFO] Época 9/30, Batch 1700/3348, Loss: 0.0791
2025-10-09 19:33:17,758 [INFO] Época 9/30, Batch 1750/3348, Loss: 0.0829
2025-10-09 19:33:18,023 [INFO] Época 9/30, Batch 1800/3348, Loss: 0.0852
2025-10-09 19:33:18,284 [INFO] Época 9/30, Batch 1850/3348, Loss: 0.0745
2025-10-09 19:33:18,543 [INFO] Época 9/30, Batch 1900/3348, Loss: 0.0670
2025-10-09 19:33:18,822 [INFO] Época 9/30, Batch 1950/3348, Loss: 0.0568
2025-10-09 19:33:19,096 [INFO] Época 9/30, Batch 2000/3348, Loss: 0.0770
2025-10-09 19:33:19,359 [INFO] Época 9/30, Batch 2050/3348, Loss: 0.0871
2025-10-09 19:33:19,623 [INFO] Época 9/30, Batch 2100/3348, Loss: 0.0672
2025-10-09 19:33:19,887 [INFO] Época 9/30, Batch 2150/3348, Loss: 0.0613
2025-10-09 19:33:20,171 [INFO] Época 9/30, Batch 2200/3348, Loss: 0.0767
2025-10-09 19:33:20,450 [INFO] Época 9/30, Batch 2250/3348, Loss: 0.0969
2025-10-09 19:33:20,729 [INFO] Época 9/30, Batch 2300/3348, Loss: 0.1137
2025-10-09 19:33:21,010 [INFO] Época 9/30, Batch 2350/3348, Loss: 0.0754
2025-10-09 19:33:21,288 [INFO] Época 9/30, Batch 2400/3348, Loss: 0.0740
2025-10-09 19:33:21,553 [INFO] Época 9/30, Batch 2450/3348, Loss: 0.0642
2025-10-09 19:33:21,818 [INFO] Época 9/30, Batch 2500/3348, Loss: 0.0694
2025-10-09 19:33:22,085 [INFO] Época 9/30, Batch 2550/3348, Loss: 0.0673
2025-10-09 19:33:22,349 [INFO] Época 9/30, Batch 2600/3348, Loss: 0.0707
2025-10-09 19:33:22,614 [INFO] Época 9/30, Batch 2650/3348, Loss: 0.0654
2025-10-09 19:33:22,886 [INFO] Época 9/30, Batch 2700/3348, Loss: 0.0669
2025-10-09 19:33:23,158 [INFO] Época 9/30, Batch 2750/3348, Loss: 0.0789
2025-10-09 19:33:23,432 [INFO] Época 9/30, Batch 2800/3348, Loss: 0.0977
2025-10-09 19:33:23,708 [INFO] Época 9/30, Batch 2850/3348, Loss: 0.0720
2025-10-09 19:33:23,987 [INFO] Época 9/30, Batch 2900/3348, Loss: 0.0719
2025-10-09 19:33:24,269 [INFO] Época 9/30, Batch 2950/3348, Loss: 0.0510
2025-10-09 19:33:24,549 [INFO] Época 9/30, Batch 3000/3348, Loss: 0.0989
2025-10-09 19:33:24,829 [INFO] Época 9/30, Batch 3050/3348, Loss: 0.1089
2025-10-09 19:33:25,114 [INFO] Época 9/30, Batch 3100/3348, Loss: 0.0705
2025-10-09 19:33:25,393 [INFO] Época 9/30, Batch 3150/3348, Loss: 0.0639
2025-10-09 19:33:25,677 [INFO] Época 9/30, Batch 3200/3348, Loss: 0.0823
2025-10-09 19:33:25,941 [INFO] Época 9/30, Batch 3250/3348, Loss: 0.0723
2025-10-09 19:33:26,204 [INFO] Época 9/30, Batch 3300/3348, Loss: 0.0622
2025-10-09 19:33:28,174 [INFO] [9/30] Train Loss: 0.0790 | Val Loss: 0.1388 | Tempo: 20.03s
2025-10-09 19:33:28,797 [INFO] Época 10/30, Batch 50/3348, Loss: 0.0674
2025-10-09 19:33:29,066 [INFO] Época 10/30, Batch 100/3348, Loss: 0.0564
2025-10-09 19:33:29,332 [INFO] Época 10/30, Batch 150/3348, Loss: 0.0546
2025-10-09 19:33:29,602 [INFO] Época 10/30, Batch 200/3348, Loss: 0.0617
2025-10-09 19:33:29,871 [INFO] Época 10/30, Batch 250/3348, Loss: 0.0669
2025-10-09 19:33:30,136 [INFO] Época 10/30, Batch 300/3348, Loss: 0.0716
2025-10-09 19:33:30,400 [INFO] Época 10/30, Batch 350/3348, Loss: 0.0831
2025-10-09 19:33:30,662 [INFO] Época 10/30, Batch 400/3348, Loss: 0.0546
2025-10-09 19:33:30,927 [INFO] Época 10/30, Batch 450/3348, Loss: 0.0773
2025-10-09 19:33:31,191 [INFO] Época 10/30, Batch 500/3348, Loss: 0.0620
2025-10-09 19:33:31,457 [INFO] Época 10/30, Batch 550/3348, Loss: 0.0653
2025-10-09 19:33:31,720 [INFO] Época 10/30, Batch 600/3348, Loss: 0.0541
2025-10-09 19:33:31,984 [INFO] Época 10/30, Batch 650/3348, Loss: 0.0593
2025-10-09 19:33:32,249 [INFO] Época 10/30, Batch 700/3348, Loss: 0.1033
2025-10-09 19:33:32,513 [INFO] Época 10/30, Batch 750/3348, Loss: 0.0665
2025-10-09 19:33:32,778 [INFO] Época 10/30, Batch 800/3348, Loss: 0.0834
2025-10-09 19:33:33,042 [INFO] Época 10/30, Batch 850/3348, Loss: 0.0671
2025-10-09 19:33:33,308 [INFO] Época 10/30, Batch 900/3348, Loss: 0.0608
2025-10-09 19:33:33,567 [INFO] Época 10/30, Batch 950/3348, Loss: 0.0422
2025-10-09 19:33:33,822 [INFO] Época 10/30, Batch 1000/3348, Loss: 0.0725
2025-10-09 19:33:34,077 [INFO] Época 10/30, Batch 1050/3348, Loss: 0.0756
2025-10-09 19:33:34,332 [INFO] Época 10/30, Batch 1100/3348, Loss: 0.0468
2025-10-09 19:33:34,586 [INFO] Época 10/30, Batch 1150/3348, Loss: 0.0680
2025-10-09 19:33:34,843 [INFO] Época 10/30, Batch 1200/3348, Loss: 0.0495
2025-10-09 19:33:35,106 [INFO] Época 10/30, Batch 1250/3348, Loss: 0.0978
2025-10-09 19:33:35,370 [INFO] Época 10/30, Batch 1300/3348, Loss: 0.0617
2025-10-09 19:33:35,634 [INFO] Época 10/30, Batch 1350/3348, Loss: 0.0695
2025-10-09 19:33:35,901 [INFO] Época 10/30, Batch 1400/3348, Loss: 0.0565
2025-10-09 19:33:36,165 [INFO] Época 10/30, Batch 1450/3348, Loss: 0.0641
2025-10-09 19:33:36,431 [INFO] Época 10/30, Batch 1500/3348, Loss: 0.0832
2025-10-09 19:33:36,695 [INFO] Época 10/30, Batch 1550/3348, Loss: 0.0700
2025-10-09 19:33:36,958 [INFO] Época 10/30, Batch 1600/3348, Loss: 0.0533
2025-10-09 19:33:37,221 [INFO] Época 10/30, Batch 1650/3348, Loss: 0.0624
2025-10-09 19:33:37,485 [INFO] Época 10/30, Batch 1700/3348, Loss: 0.0555
2025-10-09 19:33:37,745 [INFO] Época 10/30, Batch 1750/3348, Loss: 0.0630
2025-10-09 19:33:38,005 [INFO] Época 10/30, Batch 1800/3348, Loss: 0.0718
2025-10-09 19:33:38,269 [INFO] Época 10/30, Batch 1850/3348, Loss: 0.1094
2025-10-09 19:33:38,530 [INFO] Época 10/30, Batch 1900/3348, Loss: 0.1230
2025-10-09 19:33:38,796 [INFO] Época 10/30, Batch 1950/3348, Loss: 0.0607
2025-10-09 19:33:39,058 [INFO] Época 10/30, Batch 2000/3348, Loss: 0.0535
2025-10-09 19:33:39,321 [INFO] Época 10/30, Batch 2050/3348, Loss: 0.0544
2025-10-09 19:33:39,583 [INFO] Época 10/30, Batch 2100/3348, Loss: 0.0888
2025-10-09 19:33:39,844 [INFO] Época 10/30, Batch 2150/3348, Loss: 0.0704
2025-10-09 19:33:40,104 [INFO] Época 10/30, Batch 2200/3348, Loss: 0.1053
2025-10-09 19:33:40,368 [INFO] Época 10/30, Batch 2250/3348, Loss: 0.0560
2025-10-09 19:33:40,628 [INFO] Época 10/30, Batch 2300/3348, Loss: 0.0660
2025-10-09 19:33:40,890 [INFO] Época 10/30, Batch 2350/3348, Loss: 0.0709
2025-10-09 19:33:41,154 [INFO] Época 10/30, Batch 2400/3348, Loss: 0.0800
2025-10-09 19:33:41,417 [INFO] Época 10/30, Batch 2450/3348, Loss: 0.0567
2025-10-09 19:33:41,684 [INFO] Época 10/30, Batch 2500/3348, Loss: 0.0661
2025-10-09 19:33:41,946 [INFO] Época 10/30, Batch 2550/3348, Loss: 0.0840
2025-10-09 19:33:42,213 [INFO] Época 10/30, Batch 2600/3348, Loss: 0.0737
2025-10-09 19:33:42,476 [INFO] Época 10/30, Batch 2650/3348, Loss: 0.0759
2025-10-09 19:33:42,738 [INFO] Época 10/30, Batch 2700/3348, Loss: 0.0731
2025-10-09 19:33:42,999 [INFO] Época 10/30, Batch 2750/3348, Loss: 0.0680
2025-10-09 19:33:43,267 [INFO] Época 10/30, Batch 2800/3348, Loss: 0.0566
2025-10-09 19:33:43,531 [INFO] Época 10/30, Batch 2850/3348, Loss: 0.0672
2025-10-09 19:33:43,795 [INFO] Época 10/30, Batch 2900/3348, Loss: 0.0598
2025-10-09 19:33:44,062 [INFO] Época 10/30, Batch 2950/3348, Loss: 0.0717
2025-10-09 19:33:44,326 [INFO] Época 10/30, Batch 3000/3348, Loss: 0.0592
2025-10-09 19:33:44,587 [INFO] Época 10/30, Batch 3050/3348, Loss: 0.0723
2025-10-09 19:33:44,849 [INFO] Época 10/30, Batch 3100/3348, Loss: 0.0724
2025-10-09 19:33:45,110 [INFO] Época 10/30, Batch 3150/3348, Loss: 0.0746
2025-10-09 19:33:45,375 [INFO] Época 10/30, Batch 3200/3348, Loss: 0.0625
2025-10-09 19:33:45,639 [INFO] Época 10/30, Batch 3250/3348, Loss: 0.0781
2025-10-09 19:33:45,902 [INFO] Época 10/30, Batch 3300/3348, Loss: 0.0928
2025-10-09 19:33:47,776 [INFO] [10/30] Train Loss: 0.0770 | Val Loss: 0.1527 | Tempo: 19.60s
2025-10-09 19:33:48,386 [INFO] Época 11/30, Batch 50/3348, Loss: 0.0747
2025-10-09 19:33:48,656 [INFO] Época 11/30, Batch 100/3348, Loss: 0.0660
2025-10-09 19:33:48,922 [INFO] Época 11/30, Batch 150/3348, Loss: 0.0863
2025-10-09 19:33:49,190 [INFO] Época 11/30, Batch 200/3348, Loss: 0.0427
2025-10-09 19:33:49,454 [INFO] Época 11/30, Batch 250/3348, Loss: 0.0531
2025-10-09 19:33:49,718 [INFO] Época 11/30, Batch 300/3348, Loss: 0.0692
2025-10-09 19:33:49,984 [INFO] Época 11/30, Batch 350/3348, Loss: 0.0418
2025-10-09 19:33:50,247 [INFO] Época 11/30, Batch 400/3348, Loss: 0.0603
2025-10-09 19:33:50,511 [INFO] Época 11/30, Batch 450/3348, Loss: 0.0511
2025-10-09 19:33:50,775 [INFO] Época 11/30, Batch 500/3348, Loss: 0.0492
2025-10-09 19:33:51,037 [INFO] Época 11/30, Batch 550/3348, Loss: 0.0995
2025-10-09 19:33:51,299 [INFO] Época 11/30, Batch 600/3348, Loss: 0.0659
2025-10-09 19:33:51,560 [INFO] Época 11/30, Batch 650/3348, Loss: 0.0477
2025-10-09 19:33:51,821 [INFO] Época 11/30, Batch 700/3348, Loss: 0.0580
2025-10-09 19:33:52,080 [INFO] Época 11/30, Batch 750/3348, Loss: 0.0547
2025-10-09 19:33:52,340 [INFO] Época 11/30, Batch 800/3348, Loss: 0.0639
2025-10-09 19:33:52,603 [INFO] Época 11/30, Batch 850/3348, Loss: 0.0773
2025-10-09 19:33:52,864 [INFO] Época 11/30, Batch 900/3348, Loss: 0.0524
2025-10-09 19:33:53,125 [INFO] Época 11/30, Batch 950/3348, Loss: 0.0552
2025-10-09 19:33:53,386 [INFO] Época 11/30, Batch 1000/3348, Loss: 0.0803
2025-10-09 19:33:53,644 [INFO] Época 11/30, Batch 1050/3348, Loss: 0.0802
2025-10-09 19:33:53,906 [INFO] Época 11/30, Batch 1100/3348, Loss: 0.0671
2025-10-09 19:33:54,174 [INFO] Época 11/30, Batch 1150/3348, Loss: 0.0560
2025-10-09 19:33:54,444 [INFO] Época 11/30, Batch 1200/3348, Loss: 0.0684
2025-10-09 19:33:54,715 [INFO] Época 11/30, Batch 1250/3348, Loss: 0.0626
2025-10-09 19:33:54,987 [INFO] Época 11/30, Batch 1300/3348, Loss: 0.0674
2025-10-09 19:33:55,258 [INFO] Época 11/30, Batch 1350/3348, Loss: 0.0661
2025-10-09 19:33:55,529 [INFO] Época 11/30, Batch 1400/3348, Loss: 0.0703
2025-10-09 19:33:55,800 [INFO] Época 11/30, Batch 1450/3348, Loss: 0.0715
2025-10-09 19:33:56,072 [INFO] Época 11/30, Batch 1500/3348, Loss: 0.0574
2025-10-09 19:33:56,344 [INFO] Época 11/30, Batch 1550/3348, Loss: 0.0844
2025-10-09 19:33:56,607 [INFO] Época 11/30, Batch 1600/3348, Loss: 0.0554
2025-10-09 19:33:56,876 [INFO] Época 11/30, Batch 1650/3348, Loss: 0.0657
2025-10-09 19:33:57,140 [INFO] Época 11/30, Batch 1700/3348, Loss: 0.0642
2025-10-09 19:33:57,404 [INFO] Época 11/30, Batch 1750/3348, Loss: 0.0570
2025-10-09 19:33:57,667 [INFO] Época 11/30, Batch 1800/3348, Loss: 0.1311
2025-10-09 19:33:57,939 [INFO] Época 11/30, Batch 1850/3348, Loss: 0.0477
2025-10-09 19:33:58,204 [INFO] Época 11/30, Batch 1900/3348, Loss: 0.0728
2025-10-09 19:33:58,469 [INFO] Época 11/30, Batch 1950/3348, Loss: 0.0705
2025-10-09 19:33:58,734 [INFO] Época 11/30, Batch 2000/3348, Loss: 0.0618
2025-10-09 19:33:58,995 [INFO] Época 11/30, Batch 2050/3348, Loss: 0.0791
2025-10-09 19:33:59,257 [INFO] Época 11/30, Batch 2100/3348, Loss: 0.0829
2025-10-09 19:33:59,526 [INFO] Época 11/30, Batch 2150/3348, Loss: 0.0557
2025-10-09 19:33:59,797 [INFO] Época 11/30, Batch 2200/3348, Loss: 0.0887
2025-10-09 19:34:00,069 [INFO] Época 11/30, Batch 2250/3348, Loss: 0.0644
2025-10-09 19:34:00,340 [INFO] Época 11/30, Batch 2300/3348, Loss: 0.0515
2025-10-09 19:34:00,610 [INFO] Época 11/30, Batch 2350/3348, Loss: 0.0806
2025-10-09 19:34:00,881 [INFO] Época 11/30, Batch 2400/3348, Loss: 0.0905
2025-10-09 19:34:01,148 [INFO] Época 11/30, Batch 2450/3348, Loss: 0.0784
2025-10-09 19:34:01,413 [INFO] Época 11/30, Batch 2500/3348, Loss: 0.0726
2025-10-09 19:34:01,677 [INFO] Época 11/30, Batch 2550/3348, Loss: 0.0688
2025-10-09 19:34:01,939 [INFO] Época 11/30, Batch 2600/3348, Loss: 0.0753
2025-10-09 19:34:02,209 [INFO] Época 11/30, Batch 2650/3348, Loss: 0.0779
2025-10-09 19:34:02,477 [INFO] Época 11/30, Batch 2700/3348, Loss: 0.0670
2025-10-09 19:34:02,742 [INFO] Época 11/30, Batch 2750/3348, Loss: 0.0712
2025-10-09 19:34:03,007 [INFO] Época 11/30, Batch 2800/3348, Loss: 0.1070
2025-10-09 19:34:03,273 [INFO] Época 11/30, Batch 2850/3348, Loss: 0.0498
2025-10-09 19:34:03,548 [INFO] Época 11/30, Batch 2900/3348, Loss: 0.0670
2025-10-09 19:34:03,817 [INFO] Época 11/30, Batch 2950/3348, Loss: 0.0637
2025-10-09 19:34:04,083 [INFO] Época 11/30, Batch 3000/3348, Loss: 0.0729
2025-10-09 19:34:04,349 [INFO] Época 11/30, Batch 3050/3348, Loss: 0.0562
2025-10-09 19:34:04,614 [INFO] Época 11/30, Batch 3100/3348, Loss: 0.0663
2025-10-09 19:34:04,876 [INFO] Época 11/30, Batch 3150/3348, Loss: 0.0543
2025-10-09 19:34:05,140 [INFO] Época 11/30, Batch 3200/3348, Loss: 0.0784
2025-10-09 19:34:05,401 [INFO] Época 11/30, Batch 3250/3348, Loss: 0.0768
2025-10-09 19:34:05,663 [INFO] Época 11/30, Batch 3300/3348, Loss: 0.0669
2025-10-09 19:34:07,577 [INFO] [11/30] Train Loss: 0.0751 | Val Loss: 0.1353 | Tempo: 19.80s
2025-10-09 19:34:07,578 [INFO] Early stopping ativado após 10 épocas sem melhoria
2025-10-09 19:34:07,578 [INFO] Treinamento concluído em 215.84 segundos (3.60 minutos)
2025-10-09 19:34:07,578 [INFO] Iniciando avaliação no conjunto de teste...
2025-10-09 19:34:09,105 [INFO] Avaliação do teste concluída em 1.53 segundos
2025-10-09 19:34:09,106 [INFO] MSE no teste: 0.0651
2025-10-09 19:34:09,106 [INFO] RMSE no teste: 0.2551
2025-10-09 19:34:09,106 [INFO] MAE no teste: 0.2186
2025-10-09 19:34:09,107 [INFO] Métricas salvas em /mnt/hdd/home/jdurao/ToolBox-ChemXAI/logs/mlp_att2_Avalon_metrics.json
