2025-10-09 19:44:09,021 [INFO] Iniciando treinamento do modelo mlp_att3_Morgan
2025-10-09 19:44:09,021 [INFO] Configuração: att_index=3, epochs=30, layers=[128, 64, 32], lr=0.001, batch_size=32, descriptor_type=Morgan
2025-10-09 19:44:09,021 [INFO] Diretório para modelos: /mnt/hdd/home/jdurao/ToolBox-ChemXAI/models
2025-10-09 19:44:09,021 [INFO] Carregando dados...
2025-10-09 19:44:09,097 [INFO] Preparando dataloaders sem ruído...
2025-10-09 19:44:17,001 [INFO] Dados carregados em 7.98 segundos
2025-10-09 19:44:17,002 [INFO] Tamanhos dos conjuntos - Treino: 107108, Validação: 13388, Teste: 13389
2025-10-09 19:44:17,002 [INFO] Usando dispositivo: cuda
2025-10-09 19:44:17,496 [INFO] Dimensão de entrada: 512, Dimensão de saída: 1
2025-10-09 19:44:17,497 [INFO] Criando modelo MLP com camadas: [128, 64, 32]
2025-10-09 19:44:17,502 [INFO] Modelo criado com 76033 parâmetros
2025-10-09 19:44:17,503 [INFO] Iniciando treinamento com 30 épocas...
2025-10-09 19:44:18,118 [INFO] Época 1/30, Batch 50/3348, Loss: 0.6400
2025-10-09 19:44:18,389 [INFO] Época 1/30, Batch 100/3348, Loss: 0.5686
2025-10-09 19:44:18,663 [INFO] Época 1/30, Batch 150/3348, Loss: 0.5933
2025-10-09 19:44:18,927 [INFO] Época 1/30, Batch 200/3348, Loss: 0.6915
2025-10-09 19:44:19,191 [INFO] Época 1/30, Batch 250/3348, Loss: 0.4025
2025-10-09 19:44:19,452 [INFO] Época 1/30, Batch 300/3348, Loss: 0.4586
2025-10-09 19:44:19,716 [INFO] Época 1/30, Batch 350/3348, Loss: 0.5768
2025-10-09 19:44:19,982 [INFO] Época 1/30, Batch 400/3348, Loss: 0.6317
2025-10-09 19:44:20,249 [INFO] Época 1/30, Batch 450/3348, Loss: 0.3626
2025-10-09 19:44:20,513 [INFO] Época 1/30, Batch 500/3348, Loss: 0.5053
2025-10-09 19:44:20,774 [INFO] Época 1/30, Batch 550/3348, Loss: 0.3846
2025-10-09 19:44:21,039 [INFO] Época 1/30, Batch 600/3348, Loss: 0.5262
2025-10-09 19:44:21,305 [INFO] Época 1/30, Batch 650/3348, Loss: 0.6249
2025-10-09 19:44:21,571 [INFO] Época 1/30, Batch 700/3348, Loss: 0.4594
2025-10-09 19:44:21,837 [INFO] Época 1/30, Batch 750/3348, Loss: 0.5240
2025-10-09 19:44:22,106 [INFO] Época 1/30, Batch 800/3348, Loss: 0.6034
2025-10-09 19:44:22,375 [INFO] Época 1/30, Batch 850/3348, Loss: 0.5126
2025-10-09 19:44:22,643 [INFO] Época 1/30, Batch 900/3348, Loss: 0.6031
2025-10-09 19:44:22,908 [INFO] Época 1/30, Batch 950/3348, Loss: 0.4260
2025-10-09 19:44:23,173 [INFO] Época 1/30, Batch 1000/3348, Loss: 0.4641
2025-10-09 19:44:23,437 [INFO] Época 1/30, Batch 1050/3348, Loss: 0.6119
2025-10-09 19:44:23,698 [INFO] Época 1/30, Batch 1100/3348, Loss: 0.5730
2025-10-09 19:44:23,966 [INFO] Época 1/30, Batch 1150/3348, Loss: 0.5178
2025-10-09 19:44:24,229 [INFO] Época 1/30, Batch 1200/3348, Loss: 0.4953
2025-10-09 19:44:24,495 [INFO] Época 1/30, Batch 1250/3348, Loss: 0.5359
2025-10-09 19:44:24,762 [INFO] Época 1/30, Batch 1300/3348, Loss: 0.4665
2025-10-09 19:44:25,027 [INFO] Época 1/30, Batch 1350/3348, Loss: 0.4325
2025-10-09 19:44:25,293 [INFO] Época 1/30, Batch 1400/3348, Loss: 0.4431
2025-10-09 19:44:25,557 [INFO] Época 1/30, Batch 1450/3348, Loss: 0.4591
2025-10-09 19:44:25,822 [INFO] Época 1/30, Batch 1500/3348, Loss: 0.3867
2025-10-09 19:44:26,086 [INFO] Época 1/30, Batch 1550/3348, Loss: 0.4558
2025-10-09 19:44:26,349 [INFO] Época 1/30, Batch 1600/3348, Loss: 0.5503
2025-10-09 19:44:26,611 [INFO] Época 1/30, Batch 1650/3348, Loss: 0.3512
2025-10-09 19:44:26,874 [INFO] Época 1/30, Batch 1700/3348, Loss: 0.4178
2025-10-09 19:44:27,136 [INFO] Época 1/30, Batch 1750/3348, Loss: 0.4936
2025-10-09 19:44:27,398 [INFO] Época 1/30, Batch 1800/3348, Loss: 0.3680
2025-10-09 19:44:27,661 [INFO] Época 1/30, Batch 1850/3348, Loss: 0.5157
2025-10-09 19:44:27,924 [INFO] Época 1/30, Batch 1900/3348, Loss: 0.5047
2025-10-09 19:44:28,186 [INFO] Época 1/30, Batch 1950/3348, Loss: 0.4654
2025-10-09 19:44:28,449 [INFO] Época 1/30, Batch 2000/3348, Loss: 0.4614
2025-10-09 19:44:28,714 [INFO] Época 1/30, Batch 2050/3348, Loss: 0.4615
2025-10-09 19:44:28,976 [INFO] Época 1/30, Batch 2100/3348, Loss: 0.5201
2025-10-09 19:44:29,241 [INFO] Época 1/30, Batch 2150/3348, Loss: 0.4358
2025-10-09 19:44:29,504 [INFO] Época 1/30, Batch 2200/3348, Loss: 0.3847
2025-10-09 19:44:29,767 [INFO] Época 1/30, Batch 2250/3348, Loss: 0.5589
2025-10-09 19:44:30,031 [INFO] Época 1/30, Batch 2300/3348, Loss: 0.4261
2025-10-09 19:44:30,294 [INFO] Época 1/30, Batch 2350/3348, Loss: 0.5441
2025-10-09 19:44:30,567 [INFO] Época 1/30, Batch 2400/3348, Loss: 0.4527
2025-10-09 19:44:30,839 [INFO] Época 1/30, Batch 2450/3348, Loss: 0.3856
2025-10-09 19:44:31,112 [INFO] Época 1/30, Batch 2500/3348, Loss: 0.5155
2025-10-09 19:44:31,383 [INFO] Época 1/30, Batch 2550/3348, Loss: 0.3840
2025-10-09 19:44:31,653 [INFO] Época 1/30, Batch 2600/3348, Loss: 0.3968
2025-10-09 19:44:31,915 [INFO] Época 1/30, Batch 2650/3348, Loss: 0.3987
2025-10-09 19:44:32,180 [INFO] Época 1/30, Batch 2700/3348, Loss: 0.3465
2025-10-09 19:44:32,444 [INFO] Época 1/30, Batch 2750/3348, Loss: 0.4955
2025-10-09 19:44:32,707 [INFO] Época 1/30, Batch 2800/3348, Loss: 0.4481
2025-10-09 19:44:32,970 [INFO] Época 1/30, Batch 2850/3348, Loss: 0.4281
2025-10-09 19:44:33,234 [INFO] Época 1/30, Batch 2900/3348, Loss: 0.5386
2025-10-09 19:44:33,504 [INFO] Época 1/30, Batch 2950/3348, Loss: 0.3088
2025-10-09 19:44:33,775 [INFO] Época 1/30, Batch 3000/3348, Loss: 0.3390
2025-10-09 19:44:34,046 [INFO] Época 1/30, Batch 3050/3348, Loss: 0.4116
2025-10-09 19:44:34,317 [INFO] Época 1/30, Batch 3100/3348, Loss: 0.4455
2025-10-09 19:44:34,588 [INFO] Época 1/30, Batch 3150/3348, Loss: 0.4461
2025-10-09 19:44:34,858 [INFO] Época 1/30, Batch 3200/3348, Loss: 0.4432
2025-10-09 19:44:35,128 [INFO] Época 1/30, Batch 3250/3348, Loss: 0.4085
2025-10-09 19:44:35,403 [INFO] Época 1/30, Batch 3300/3348, Loss: 0.4374
2025-10-09 19:44:37,279 [INFO] [1/30] Train Loss: 0.4724 | Val Loss: 0.4083 | Tempo: 19.78s
2025-10-09 19:44:37,285 [INFO] Melhor modelo salvo em: /mnt/hdd/home/jdurao/ToolBox-ChemXAI/models/mlp_qm9_Morgan_att3_large.pth
2025-10-09 19:44:37,897 [INFO] Época 2/30, Batch 50/3348, Loss: 0.3510
2025-10-09 19:44:38,168 [INFO] Época 2/30, Batch 100/3348, Loss: 0.4558
2025-10-09 19:44:38,435 [INFO] Época 2/30, Batch 150/3348, Loss: 0.4379
2025-10-09 19:44:38,701 [INFO] Época 2/30, Batch 200/3348, Loss: 0.3515
2025-10-09 19:44:38,967 [INFO] Época 2/30, Batch 250/3348, Loss: 0.3838
2025-10-09 19:44:39,232 [INFO] Época 2/30, Batch 300/3348, Loss: 0.3246
2025-10-09 19:44:39,492 [INFO] Época 2/30, Batch 350/3348, Loss: 0.3728
2025-10-09 19:44:39,753 [INFO] Época 2/30, Batch 400/3348, Loss: 0.3055
2025-10-09 19:44:40,014 [INFO] Época 2/30, Batch 450/3348, Loss: 0.3651
2025-10-09 19:44:40,272 [INFO] Época 2/30, Batch 500/3348, Loss: 0.4163
2025-10-09 19:44:40,538 [INFO] Época 2/30, Batch 550/3348, Loss: 0.5390
2025-10-09 19:44:40,802 [INFO] Época 2/30, Batch 600/3348, Loss: 0.4167
2025-10-09 19:44:41,063 [INFO] Época 2/30, Batch 650/3348, Loss: 0.4025
2025-10-09 19:44:41,324 [INFO] Época 2/30, Batch 700/3348, Loss: 0.5813
2025-10-09 19:44:41,584 [INFO] Época 2/30, Batch 750/3348, Loss: 0.3834
2025-10-09 19:44:41,848 [INFO] Época 2/30, Batch 800/3348, Loss: 0.3751
2025-10-09 19:44:42,106 [INFO] Época 2/30, Batch 850/3348, Loss: 0.2798
2025-10-09 19:44:42,367 [INFO] Época 2/30, Batch 900/3348, Loss: 0.5220
2025-10-09 19:44:42,626 [INFO] Época 2/30, Batch 950/3348, Loss: 0.4302
2025-10-09 19:44:42,887 [INFO] Época 2/30, Batch 1000/3348, Loss: 0.3953
2025-10-09 19:44:43,149 [INFO] Época 2/30, Batch 1050/3348, Loss: 0.4604
2025-10-09 19:44:43,411 [INFO] Época 2/30, Batch 1100/3348, Loss: 0.4233
2025-10-09 19:44:43,677 [INFO] Época 2/30, Batch 1150/3348, Loss: 0.5276
2025-10-09 19:44:43,937 [INFO] Época 2/30, Batch 1200/3348, Loss: 0.3807
2025-10-09 19:44:44,198 [INFO] Época 2/30, Batch 1250/3348, Loss: 0.4569
2025-10-09 19:44:44,460 [INFO] Época 2/30, Batch 1300/3348, Loss: 0.4350
2025-10-09 19:44:44,723 [INFO] Época 2/30, Batch 1350/3348, Loss: 0.3706
2025-10-09 19:44:44,984 [INFO] Época 2/30, Batch 1400/3348, Loss: 0.3619
2025-10-09 19:44:45,248 [INFO] Época 2/30, Batch 1450/3348, Loss: 0.4214
2025-10-09 19:44:45,513 [INFO] Época 2/30, Batch 1500/3348, Loss: 0.4044
2025-10-09 19:44:45,778 [INFO] Época 2/30, Batch 1550/3348, Loss: 0.4254
2025-10-09 19:44:46,039 [INFO] Época 2/30, Batch 1600/3348, Loss: 0.4119
2025-10-09 19:44:46,301 [INFO] Época 2/30, Batch 1650/3348, Loss: 0.3426
2025-10-09 19:44:46,570 [INFO] Época 2/30, Batch 1700/3348, Loss: 0.5021
2025-10-09 19:44:46,831 [INFO] Época 2/30, Batch 1750/3348, Loss: 0.6628
2025-10-09 19:44:47,100 [INFO] Época 2/30, Batch 1800/3348, Loss: 0.3615
2025-10-09 19:44:47,369 [INFO] Época 2/30, Batch 1850/3348, Loss: 0.3928
2025-10-09 19:44:47,639 [INFO] Época 2/30, Batch 1900/3348, Loss: 0.3097
2025-10-09 19:44:47,908 [INFO] Época 2/30, Batch 1950/3348, Loss: 0.4253
2025-10-09 19:44:48,177 [INFO] Época 2/30, Batch 2000/3348, Loss: 0.5344
2025-10-09 19:44:48,445 [INFO] Época 2/30, Batch 2050/3348, Loss: 0.5603
2025-10-09 19:44:48,715 [INFO] Época 2/30, Batch 2100/3348, Loss: 0.3540
2025-10-09 19:44:48,985 [INFO] Época 2/30, Batch 2150/3348, Loss: 0.3709
2025-10-09 19:44:49,255 [INFO] Época 2/30, Batch 2200/3348, Loss: 0.4065
2025-10-09 19:44:49,523 [INFO] Época 2/30, Batch 2250/3348, Loss: 0.3767
2025-10-09 19:44:49,790 [INFO] Época 2/30, Batch 2300/3348, Loss: 0.2746
2025-10-09 19:44:50,056 [INFO] Época 2/30, Batch 2350/3348, Loss: 0.5577
2025-10-09 19:44:50,320 [INFO] Época 2/30, Batch 2400/3348, Loss: 0.4185
2025-10-09 19:44:50,584 [INFO] Época 2/30, Batch 2450/3348, Loss: 0.4099
2025-10-09 19:44:50,852 [INFO] Época 2/30, Batch 2500/3348, Loss: 0.4662
2025-10-09 19:44:51,121 [INFO] Época 2/30, Batch 2550/3348, Loss: 0.3652
2025-10-09 19:44:51,393 [INFO] Época 2/30, Batch 2600/3348, Loss: 0.3828
2025-10-09 19:44:51,662 [INFO] Época 2/30, Batch 2650/3348, Loss: 0.3950
2025-10-09 19:44:51,935 [INFO] Época 2/30, Batch 2700/3348, Loss: 0.2753
2025-10-09 19:44:52,198 [INFO] Época 2/30, Batch 2750/3348, Loss: 0.3654
2025-10-09 19:44:52,461 [INFO] Época 2/30, Batch 2800/3348, Loss: 0.3951
2025-10-09 19:44:52,726 [INFO] Época 2/30, Batch 2850/3348, Loss: 0.5271
2025-10-09 19:44:52,988 [INFO] Época 2/30, Batch 2900/3348, Loss: 0.3509
2025-10-09 19:44:53,249 [INFO] Época 2/30, Batch 2950/3348, Loss: 0.4195
2025-10-09 19:44:53,511 [INFO] Época 2/30, Batch 3000/3348, Loss: 0.3862
2025-10-09 19:44:53,772 [INFO] Época 2/30, Batch 3050/3348, Loss: 0.3393
2025-10-09 19:44:54,035 [INFO] Época 2/30, Batch 3100/3348, Loss: 0.4067
2025-10-09 19:44:54,297 [INFO] Época 2/30, Batch 3150/3348, Loss: 0.3294
2025-10-09 19:44:54,559 [INFO] Época 2/30, Batch 3200/3348, Loss: 0.4747
2025-10-09 19:44:54,819 [INFO] Época 2/30, Batch 3250/3348, Loss: 0.5102
2025-10-09 19:44:55,086 [INFO] Época 2/30, Batch 3300/3348, Loss: 0.5640
2025-10-09 19:44:57,027 [INFO] [2/30] Train Loss: 0.4145 | Val Loss: 0.3981 | Tempo: 19.74s
2025-10-09 19:44:57,032 [INFO] Melhor modelo salvo em: /mnt/hdd/home/jdurao/ToolBox-ChemXAI/models/mlp_qm9_Morgan_att3_large.pth
2025-10-09 19:44:57,642 [INFO] Época 3/30, Batch 50/3348, Loss: 0.3038
2025-10-09 19:44:57,911 [INFO] Época 3/30, Batch 100/3348, Loss: 0.3478
2025-10-09 19:44:58,179 [INFO] Época 3/30, Batch 150/3348, Loss: 0.3797
2025-10-09 19:44:58,444 [INFO] Época 3/30, Batch 200/3348, Loss: 0.3638
2025-10-09 19:44:58,709 [INFO] Época 3/30, Batch 250/3348, Loss: 0.4068
2025-10-09 19:44:58,973 [INFO] Época 3/30, Batch 300/3348, Loss: 0.3403
2025-10-09 19:44:59,237 [INFO] Época 3/30, Batch 350/3348, Loss: 0.3414
2025-10-09 19:44:59,501 [INFO] Época 3/30, Batch 400/3348, Loss: 0.3848
2025-10-09 19:44:59,764 [INFO] Época 3/30, Batch 450/3348, Loss: 0.4258
2025-10-09 19:45:00,028 [INFO] Época 3/30, Batch 500/3348, Loss: 0.3343
2025-10-09 19:45:00,292 [INFO] Época 3/30, Batch 550/3348, Loss: 0.4909
2025-10-09 19:45:00,556 [INFO] Época 3/30, Batch 600/3348, Loss: 0.3157
2025-10-09 19:45:00,819 [INFO] Época 3/30, Batch 650/3348, Loss: 0.2881
2025-10-09 19:45:01,080 [INFO] Época 3/30, Batch 700/3348, Loss: 0.3720
2025-10-09 19:45:01,339 [INFO] Época 3/30, Batch 750/3348, Loss: 0.3414
2025-10-09 19:45:01,598 [INFO] Época 3/30, Batch 800/3348, Loss: 0.3647
2025-10-09 19:45:01,855 [INFO] Época 3/30, Batch 850/3348, Loss: 0.3582
2025-10-09 19:45:02,110 [INFO] Época 3/30, Batch 900/3348, Loss: 0.2884
2025-10-09 19:45:02,368 [INFO] Época 3/30, Batch 950/3348, Loss: 0.4369
2025-10-09 19:45:02,625 [INFO] Época 3/30, Batch 1000/3348, Loss: 0.4145
2025-10-09 19:45:02,881 [INFO] Época 3/30, Batch 1050/3348, Loss: 0.3970
2025-10-09 19:45:03,140 [INFO] Época 3/30, Batch 1100/3348, Loss: 0.2611
2025-10-09 19:45:03,400 [INFO] Época 3/30, Batch 1150/3348, Loss: 0.4820
2025-10-09 19:45:03,668 [INFO] Época 3/30, Batch 1200/3348, Loss: 0.3398
2025-10-09 19:45:03,941 [INFO] Época 3/30, Batch 1250/3348, Loss: 0.5025
2025-10-09 19:45:04,216 [INFO] Época 3/30, Batch 1300/3348, Loss: 0.3405
2025-10-09 19:45:04,480 [INFO] Época 3/30, Batch 1350/3348, Loss: 0.3166
2025-10-09 19:45:04,744 [INFO] Época 3/30, Batch 1400/3348, Loss: 0.4786
2025-10-09 19:45:05,007 [INFO] Época 3/30, Batch 1450/3348, Loss: 0.5022
2025-10-09 19:45:05,272 [INFO] Época 3/30, Batch 1500/3348, Loss: 0.4224
2025-10-09 19:45:05,540 [INFO] Época 3/30, Batch 1550/3348, Loss: 0.3145
2025-10-09 19:45:05,806 [INFO] Época 3/30, Batch 1600/3348, Loss: 0.4995
2025-10-09 19:45:06,071 [INFO] Época 3/30, Batch 1650/3348, Loss: 0.3093
2025-10-09 19:45:06,334 [INFO] Época 3/30, Batch 1700/3348, Loss: 0.3153
2025-10-09 19:45:06,596 [INFO] Época 3/30, Batch 1750/3348, Loss: 0.2915
2025-10-09 19:45:06,860 [INFO] Época 3/30, Batch 1800/3348, Loss: 0.5303
2025-10-09 19:45:07,125 [INFO] Época 3/30, Batch 1850/3348, Loss: 0.2635
2025-10-09 19:45:07,392 [INFO] Época 3/30, Batch 1900/3348, Loss: 0.4179
2025-10-09 19:45:07,658 [INFO] Época 3/30, Batch 1950/3348, Loss: 0.2632
2025-10-09 19:45:07,923 [INFO] Época 3/30, Batch 2000/3348, Loss: 0.4107
2025-10-09 19:45:08,185 [INFO] Época 3/30, Batch 2050/3348, Loss: 0.4788
2025-10-09 19:45:08,448 [INFO] Época 3/30, Batch 2100/3348, Loss: 0.5460
2025-10-09 19:45:08,711 [INFO] Época 3/30, Batch 2150/3348, Loss: 0.3276
2025-10-09 19:45:08,974 [INFO] Época 3/30, Batch 2200/3348, Loss: 0.3703
2025-10-09 19:45:09,240 [INFO] Época 3/30, Batch 2250/3348, Loss: 0.3926
2025-10-09 19:45:09,504 [INFO] Época 3/30, Batch 2300/3348, Loss: 0.4269
2025-10-09 19:45:09,769 [INFO] Época 3/30, Batch 2350/3348, Loss: 0.3664
2025-10-09 19:45:10,036 [INFO] Época 3/30, Batch 2400/3348, Loss: 0.2600
2025-10-09 19:45:10,299 [INFO] Época 3/30, Batch 2450/3348, Loss: 0.3932
2025-10-09 19:45:10,561 [INFO] Época 3/30, Batch 2500/3348, Loss: 0.3442
2025-10-09 19:45:10,826 [INFO] Época 3/30, Batch 2550/3348, Loss: 0.2909
2025-10-09 19:45:11,090 [INFO] Época 3/30, Batch 2600/3348, Loss: 0.3607
2025-10-09 19:45:11,360 [INFO] Época 3/30, Batch 2650/3348, Loss: 0.4172
2025-10-09 19:45:11,624 [INFO] Época 3/30, Batch 2700/3348, Loss: 0.3582
2025-10-09 19:45:11,886 [INFO] Época 3/30, Batch 2750/3348, Loss: 0.2448
2025-10-09 19:45:12,149 [INFO] Época 3/30, Batch 2800/3348, Loss: 0.3700
2025-10-09 19:45:12,410 [INFO] Época 3/30, Batch 2850/3348, Loss: 0.3359
2025-10-09 19:45:12,672 [INFO] Época 3/30, Batch 2900/3348, Loss: 0.4303
2025-10-09 19:45:12,934 [INFO] Época 3/30, Batch 2950/3348, Loss: 0.4325
2025-10-09 19:45:13,196 [INFO] Época 3/30, Batch 3000/3348, Loss: 0.4138
2025-10-09 19:45:13,460 [INFO] Época 3/30, Batch 3050/3348, Loss: 0.3033
2025-10-09 19:45:13,725 [INFO] Época 3/30, Batch 3100/3348, Loss: 0.3957
2025-10-09 19:45:13,989 [INFO] Época 3/30, Batch 3150/3348, Loss: 0.3830
2025-10-09 19:45:14,250 [INFO] Época 3/30, Batch 3200/3348, Loss: 0.3771
2025-10-09 19:45:14,511 [INFO] Época 3/30, Batch 3250/3348, Loss: 0.2978
2025-10-09 19:45:14,773 [INFO] Época 3/30, Batch 3300/3348, Loss: 0.4358
2025-10-09 19:45:16,560 [INFO] [3/30] Train Loss: 0.3868 | Val Loss: 0.3945 | Tempo: 19.53s
2025-10-09 19:45:16,565 [INFO] Melhor modelo salvo em: /mnt/hdd/home/jdurao/ToolBox-ChemXAI/models/mlp_qm9_Morgan_att3_large.pth
2025-10-09 19:45:17,173 [INFO] Época 4/30, Batch 50/3348, Loss: 0.3347
2025-10-09 19:45:17,442 [INFO] Época 4/30, Batch 100/3348, Loss: 0.3087
2025-10-09 19:45:17,708 [INFO] Época 4/30, Batch 150/3348, Loss: 0.2754
2025-10-09 19:45:17,973 [INFO] Época 4/30, Batch 200/3348, Loss: 0.3042
2025-10-09 19:45:18,238 [INFO] Época 4/30, Batch 250/3348, Loss: 0.4524
2025-10-09 19:45:18,502 [INFO] Época 4/30, Batch 300/3348, Loss: 0.3466
2025-10-09 19:45:18,766 [INFO] Época 4/30, Batch 350/3348, Loss: 0.3677
2025-10-09 19:45:19,027 [INFO] Época 4/30, Batch 400/3348, Loss: 0.3672
2025-10-09 19:45:19,290 [INFO] Época 4/30, Batch 450/3348, Loss: 0.3479
2025-10-09 19:45:19,552 [INFO] Época 4/30, Batch 500/3348, Loss: 0.4995
2025-10-09 19:45:19,816 [INFO] Época 4/30, Batch 550/3348, Loss: 0.2957
2025-10-09 19:45:20,075 [INFO] Época 4/30, Batch 600/3348, Loss: 0.3736
2025-10-09 19:45:20,337 [INFO] Época 4/30, Batch 650/3348, Loss: 0.4697
2025-10-09 19:45:20,599 [INFO] Época 4/30, Batch 700/3348, Loss: 0.3111
2025-10-09 19:45:20,860 [INFO] Época 4/30, Batch 750/3348, Loss: 0.2190
2025-10-09 19:45:21,120 [INFO] Época 4/30, Batch 800/3348, Loss: 0.2825
2025-10-09 19:45:21,381 [INFO] Época 4/30, Batch 850/3348, Loss: 0.3510
2025-10-09 19:45:21,641 [INFO] Época 4/30, Batch 900/3348, Loss: 0.3635
2025-10-09 19:45:21,905 [INFO] Época 4/30, Batch 950/3348, Loss: 0.3909
2025-10-09 19:45:22,168 [INFO] Época 4/30, Batch 1000/3348, Loss: 0.3596
2025-10-09 19:45:22,431 [INFO] Época 4/30, Batch 1050/3348, Loss: 0.4303
2025-10-09 19:45:22,695 [INFO] Época 4/30, Batch 1100/3348, Loss: 0.3280
2025-10-09 19:45:22,956 [INFO] Época 4/30, Batch 1150/3348, Loss: 0.4146
2025-10-09 19:45:23,213 [INFO] Época 4/30, Batch 1200/3348, Loss: 0.2995
2025-10-09 19:45:23,477 [INFO] Época 4/30, Batch 1250/3348, Loss: 0.4011
2025-10-09 19:45:23,741 [INFO] Época 4/30, Batch 1300/3348, Loss: 0.3586
2025-10-09 19:45:24,006 [INFO] Época 4/30, Batch 1350/3348, Loss: 0.3116
2025-10-09 19:45:24,268 [INFO] Época 4/30, Batch 1400/3348, Loss: 0.4664
2025-10-09 19:45:24,532 [INFO] Época 4/30, Batch 1450/3348, Loss: 0.2593
2025-10-09 19:45:24,798 [INFO] Época 4/30, Batch 1500/3348, Loss: 0.3488
2025-10-09 19:45:25,061 [INFO] Época 4/30, Batch 1550/3348, Loss: 0.2736
2025-10-09 19:45:25,325 [INFO] Época 4/30, Batch 1600/3348, Loss: 0.3335
2025-10-09 19:45:25,589 [INFO] Época 4/30, Batch 1650/3348, Loss: 0.4219
2025-10-09 19:45:25,852 [INFO] Época 4/30, Batch 1700/3348, Loss: 0.4827
2025-10-09 19:45:26,116 [INFO] Época 4/30, Batch 1750/3348, Loss: 0.2255
2025-10-09 19:45:26,378 [INFO] Época 4/30, Batch 1800/3348, Loss: 0.3475
2025-10-09 19:45:26,640 [INFO] Época 4/30, Batch 1850/3348, Loss: 0.3128
2025-10-09 19:45:26,905 [INFO] Época 4/30, Batch 1900/3348, Loss: 0.3473
2025-10-09 19:45:27,171 [INFO] Época 4/30, Batch 1950/3348, Loss: 0.4815
2025-10-09 19:45:27,436 [INFO] Época 4/30, Batch 2000/3348, Loss: 0.4489
2025-10-09 19:45:27,701 [INFO] Época 4/30, Batch 2050/3348, Loss: 0.3459
2025-10-09 19:45:27,967 [INFO] Época 4/30, Batch 2100/3348, Loss: 0.3025
2025-10-09 19:45:28,231 [INFO] Época 4/30, Batch 2150/3348, Loss: 0.3425
2025-10-09 19:45:28,500 [INFO] Época 4/30, Batch 2200/3348, Loss: 0.3534
2025-10-09 19:45:28,765 [INFO] Época 4/30, Batch 2250/3348, Loss: 0.2918
2025-10-09 19:45:29,027 [INFO] Época 4/30, Batch 2300/3348, Loss: 0.2435
2025-10-09 19:45:29,290 [INFO] Época 4/30, Batch 2350/3348, Loss: 0.3954
2025-10-09 19:45:29,552 [INFO] Época 4/30, Batch 2400/3348, Loss: 0.2469
2025-10-09 19:45:29,815 [INFO] Época 4/30, Batch 2450/3348, Loss: 0.3118
2025-10-09 19:45:30,078 [INFO] Época 4/30, Batch 2500/3348, Loss: 0.3251
2025-10-09 19:45:30,350 [INFO] Época 4/30, Batch 2550/3348, Loss: 0.3139
2025-10-09 19:45:30,614 [INFO] Época 4/30, Batch 2600/3348, Loss: 0.4464
2025-10-09 19:45:30,877 [INFO] Época 4/30, Batch 2650/3348, Loss: 0.3972
2025-10-09 19:45:31,141 [INFO] Época 4/30, Batch 2700/3348, Loss: 0.2945
2025-10-09 19:45:31,403 [INFO] Época 4/30, Batch 2750/3348, Loss: 0.3060
2025-10-09 19:45:31,666 [INFO] Época 4/30, Batch 2800/3348, Loss: 0.4033
2025-10-09 19:45:31,934 [INFO] Época 4/30, Batch 2850/3348, Loss: 0.3563
2025-10-09 19:45:32,198 [INFO] Época 4/30, Batch 2900/3348, Loss: 0.3891
2025-10-09 19:45:32,463 [INFO] Época 4/30, Batch 2950/3348, Loss: 0.4367
2025-10-09 19:45:32,728 [INFO] Época 4/30, Batch 3000/3348, Loss: 0.3111
2025-10-09 19:45:32,994 [INFO] Época 4/30, Batch 3050/3348, Loss: 0.3634
2025-10-09 19:45:33,261 [INFO] Época 4/30, Batch 3100/3348, Loss: 0.3657
2025-10-09 19:45:33,528 [INFO] Época 4/30, Batch 3150/3348, Loss: 0.2655
2025-10-09 19:45:33,792 [INFO] Época 4/30, Batch 3200/3348, Loss: 0.2922
2025-10-09 19:45:34,055 [INFO] Época 4/30, Batch 3250/3348, Loss: 0.3791
2025-10-09 19:45:34,319 [INFO] Época 4/30, Batch 3300/3348, Loss: 0.3577
2025-10-09 19:45:36,167 [INFO] [4/30] Train Loss: 0.3661 | Val Loss: 0.3941 | Tempo: 19.60s
2025-10-09 19:45:36,172 [INFO] Melhor modelo salvo em: /mnt/hdd/home/jdurao/ToolBox-ChemXAI/models/mlp_qm9_Morgan_att3_large.pth
2025-10-09 19:45:36,782 [INFO] Época 5/30, Batch 50/3348, Loss: 0.3910
2025-10-09 19:45:37,050 [INFO] Época 5/30, Batch 100/3348, Loss: 0.2371
2025-10-09 19:45:37,317 [INFO] Época 5/30, Batch 150/3348, Loss: 0.3634
2025-10-09 19:45:37,585 [INFO] Época 5/30, Batch 200/3348, Loss: 0.2986
2025-10-09 19:45:37,849 [INFO] Época 5/30, Batch 250/3348, Loss: 0.3655
2025-10-09 19:45:38,116 [INFO] Época 5/30, Batch 300/3348, Loss: 0.3222
2025-10-09 19:45:38,389 [INFO] Época 5/30, Batch 350/3348, Loss: 0.3927
2025-10-09 19:45:38,662 [INFO] Época 5/30, Batch 400/3348, Loss: 0.3363
2025-10-09 19:45:38,933 [INFO] Época 5/30, Batch 450/3348, Loss: 0.3547
2025-10-09 19:45:39,203 [INFO] Época 5/30, Batch 500/3348, Loss: 0.3554
2025-10-09 19:45:39,473 [INFO] Época 5/30, Batch 550/3348, Loss: 0.3013
2025-10-09 19:45:39,743 [INFO] Época 5/30, Batch 600/3348, Loss: 0.3719
2025-10-09 19:45:40,012 [INFO] Época 5/30, Batch 650/3348, Loss: 0.3557
2025-10-09 19:45:40,274 [INFO] Época 5/30, Batch 700/3348, Loss: 0.3793
2025-10-09 19:45:40,536 [INFO] Época 5/30, Batch 750/3348, Loss: 0.3645
2025-10-09 19:45:40,796 [INFO] Época 5/30, Batch 800/3348, Loss: 0.3792
2025-10-09 19:45:41,056 [INFO] Época 5/30, Batch 850/3348, Loss: 0.2464
2025-10-09 19:45:41,316 [INFO] Época 5/30, Batch 900/3348, Loss: 0.3359
2025-10-09 19:45:41,578 [INFO] Época 5/30, Batch 950/3348, Loss: 0.4054
2025-10-09 19:45:41,838 [INFO] Época 5/30, Batch 1000/3348, Loss: 0.2754
2025-10-09 19:45:42,097 [INFO] Época 5/30, Batch 1050/3348, Loss: 0.3338
2025-10-09 19:45:42,358 [INFO] Época 5/30, Batch 1100/3348, Loss: 0.4837
2025-10-09 19:45:42,620 [INFO] Época 5/30, Batch 1150/3348, Loss: 0.3960
2025-10-09 19:45:42,882 [INFO] Época 5/30, Batch 1200/3348, Loss: 0.3516
2025-10-09 19:45:43,142 [INFO] Época 5/30, Batch 1250/3348, Loss: 0.4666
2025-10-09 19:45:43,402 [INFO] Época 5/30, Batch 1300/3348, Loss: 0.3793
2025-10-09 19:45:43,664 [INFO] Época 5/30, Batch 1350/3348, Loss: 0.2854
2025-10-09 19:45:43,927 [INFO] Época 5/30, Batch 1400/3348, Loss: 0.3387
2025-10-09 19:45:44,193 [INFO] Época 5/30, Batch 1450/3348, Loss: 0.5008
2025-10-09 19:45:44,457 [INFO] Época 5/30, Batch 1500/3348, Loss: 0.3982
2025-10-09 19:45:44,720 [INFO] Época 5/30, Batch 1550/3348, Loss: 0.3208
2025-10-09 19:45:44,981 [INFO] Época 5/30, Batch 1600/3348, Loss: 0.3711
2025-10-09 19:45:45,245 [INFO] Época 5/30, Batch 1650/3348, Loss: 0.3618
2025-10-09 19:45:45,510 [INFO] Época 5/30, Batch 1700/3348, Loss: 0.4366
2025-10-09 19:45:45,776 [INFO] Época 5/30, Batch 1750/3348, Loss: 0.3263
2025-10-09 19:45:46,038 [INFO] Época 5/30, Batch 1800/3348, Loss: 0.3443
2025-10-09 19:45:46,300 [INFO] Época 5/30, Batch 1850/3348, Loss: 0.2861
2025-10-09 19:45:46,561 [INFO] Época 5/30, Batch 1900/3348, Loss: 0.3256
2025-10-09 19:45:46,824 [INFO] Época 5/30, Batch 1950/3348, Loss: 0.3183
2025-10-09 19:45:47,086 [INFO] Época 5/30, Batch 2000/3348, Loss: 0.5378
2025-10-09 19:45:47,350 [INFO] Época 5/30, Batch 2050/3348, Loss: 0.3214
2025-10-09 19:45:47,611 [INFO] Época 5/30, Batch 2100/3348, Loss: 0.4228
2025-10-09 19:45:47,871 [INFO] Época 5/30, Batch 2150/3348, Loss: 0.3783
2025-10-09 19:45:48,134 [INFO] Época 5/30, Batch 2200/3348, Loss: 0.4035
2025-10-09 19:45:48,397 [INFO] Época 5/30, Batch 2250/3348, Loss: 0.2924
2025-10-09 19:45:48,663 [INFO] Época 5/30, Batch 2300/3348, Loss: 0.3142
2025-10-09 19:45:48,934 [INFO] Época 5/30, Batch 2350/3348, Loss: 0.3637
2025-10-09 19:45:49,207 [INFO] Época 5/30, Batch 2400/3348, Loss: 0.3410
2025-10-09 19:45:49,479 [INFO] Época 5/30, Batch 2450/3348, Loss: 0.3065
2025-10-09 19:45:49,751 [INFO] Época 5/30, Batch 2500/3348, Loss: 0.2524
2025-10-09 19:45:50,024 [INFO] Época 5/30, Batch 2550/3348, Loss: 0.2972
2025-10-09 19:45:50,288 [INFO] Época 5/30, Batch 2600/3348, Loss: 0.3615
2025-10-09 19:45:50,552 [INFO] Época 5/30, Batch 2650/3348, Loss: 0.3760
2025-10-09 19:45:50,822 [INFO] Época 5/30, Batch 2700/3348, Loss: 0.3990
2025-10-09 19:45:51,093 [INFO] Época 5/30, Batch 2750/3348, Loss: 0.3908
2025-10-09 19:45:51,366 [INFO] Época 5/30, Batch 2800/3348, Loss: 0.3272
2025-10-09 19:45:51,630 [INFO] Época 5/30, Batch 2850/3348, Loss: 0.3893
2025-10-09 19:45:51,895 [INFO] Época 5/30, Batch 2900/3348, Loss: 0.3440
2025-10-09 19:45:52,159 [INFO] Época 5/30, Batch 2950/3348, Loss: 0.2985
2025-10-09 19:45:52,426 [INFO] Época 5/30, Batch 3000/3348, Loss: 0.4665
2025-10-09 19:45:52,700 [INFO] Época 5/30, Batch 3050/3348, Loss: 0.3492
2025-10-09 19:45:52,963 [INFO] Época 5/30, Batch 3100/3348, Loss: 0.3881
2025-10-09 19:45:53,226 [INFO] Época 5/30, Batch 3150/3348, Loss: 0.3443
2025-10-09 19:45:53,490 [INFO] Época 5/30, Batch 3200/3348, Loss: 0.3625
2025-10-09 19:45:53,752 [INFO] Época 5/30, Batch 3250/3348, Loss: 0.4891
2025-10-09 19:45:54,013 [INFO] Época 5/30, Batch 3300/3348, Loss: 0.2964
2025-10-09 19:45:55,834 [INFO] [5/30] Train Loss: 0.3488 | Val Loss: 0.3891 | Tempo: 19.66s
2025-10-09 19:45:55,839 [INFO] Melhor modelo salvo em: /mnt/hdd/home/jdurao/ToolBox-ChemXAI/models/mlp_qm9_Morgan_att3_large.pth
2025-10-09 19:45:56,455 [INFO] Época 6/30, Batch 50/3348, Loss: 0.4793
2025-10-09 19:45:56,722 [INFO] Época 6/30, Batch 100/3348, Loss: 0.3506
2025-10-09 19:45:56,996 [INFO] Época 6/30, Batch 150/3348, Loss: 0.2563
2025-10-09 19:45:57,269 [INFO] Época 6/30, Batch 200/3348, Loss: 0.2910
2025-10-09 19:45:57,538 [INFO] Época 6/30, Batch 250/3348, Loss: 0.3133
2025-10-09 19:45:57,809 [INFO] Época 6/30, Batch 300/3348, Loss: 0.3547
2025-10-09 19:45:58,077 [INFO] Época 6/30, Batch 350/3348, Loss: 0.2733
2025-10-09 19:45:58,339 [INFO] Época 6/30, Batch 400/3348, Loss: 0.2877
2025-10-09 19:45:58,603 [INFO] Época 6/30, Batch 450/3348, Loss: 0.3045
2025-10-09 19:45:58,869 [INFO] Época 6/30, Batch 500/3348, Loss: 0.3497
2025-10-09 19:45:59,137 [INFO] Época 6/30, Batch 550/3348, Loss: 0.2746
2025-10-09 19:45:59,404 [INFO] Época 6/30, Batch 600/3348, Loss: 0.4030
2025-10-09 19:45:59,672 [INFO] Época 6/30, Batch 650/3348, Loss: 0.2352
2025-10-09 19:45:59,941 [INFO] Época 6/30, Batch 700/3348, Loss: 0.4029
2025-10-09 19:46:00,202 [INFO] Época 6/30, Batch 750/3348, Loss: 0.3054
2025-10-09 19:46:00,464 [INFO] Época 6/30, Batch 800/3348, Loss: 0.3190
2025-10-09 19:46:00,725 [INFO] Época 6/30, Batch 850/3348, Loss: 0.2889
2025-10-09 19:46:00,985 [INFO] Época 6/30, Batch 900/3348, Loss: 0.4419
2025-10-09 19:46:01,246 [INFO] Época 6/30, Batch 950/3348, Loss: 0.3834
2025-10-09 19:46:01,503 [INFO] Época 6/30, Batch 1000/3348, Loss: 0.3374
2025-10-09 19:46:01,758 [INFO] Época 6/30, Batch 1050/3348, Loss: 0.3551
2025-10-09 19:46:02,013 [INFO] Época 6/30, Batch 1100/3348, Loss: 0.3331
2025-10-09 19:46:02,268 [INFO] Época 6/30, Batch 1150/3348, Loss: 0.2997
2025-10-09 19:46:02,527 [INFO] Época 6/30, Batch 1200/3348, Loss: 0.3036
2025-10-09 19:46:02,789 [INFO] Época 6/30, Batch 1250/3348, Loss: 0.3773
2025-10-09 19:46:03,050 [INFO] Época 6/30, Batch 1300/3348, Loss: 0.3680
2025-10-09 19:46:03,317 [INFO] Época 6/30, Batch 1350/3348, Loss: 0.5582
2025-10-09 19:46:03,580 [INFO] Época 6/30, Batch 1400/3348, Loss: 0.3787
2025-10-09 19:46:03,844 [INFO] Época 6/30, Batch 1450/3348, Loss: 0.2278
2025-10-09 19:46:04,106 [INFO] Época 6/30, Batch 1500/3348, Loss: 0.3830
2025-10-09 19:46:04,368 [INFO] Época 6/30, Batch 1550/3348, Loss: 0.4198
2025-10-09 19:46:04,632 [INFO] Época 6/30, Batch 1600/3348, Loss: 0.3307
2025-10-09 19:46:04,904 [INFO] Época 6/30, Batch 1650/3348, Loss: 0.2560
2025-10-09 19:46:05,169 [INFO] Época 6/30, Batch 1700/3348, Loss: 0.4028
2025-10-09 19:46:05,430 [INFO] Época 6/30, Batch 1750/3348, Loss: 0.2778
2025-10-09 19:46:05,693 [INFO] Época 6/30, Batch 1800/3348, Loss: 0.3421
2025-10-09 19:46:05,954 [INFO] Época 6/30, Batch 1850/3348, Loss: 0.3353
2025-10-09 19:46:06,217 [INFO] Época 6/30, Batch 1900/3348, Loss: 0.3155
2025-10-09 19:46:06,479 [INFO] Época 6/30, Batch 1950/3348, Loss: 0.3791
2025-10-09 19:46:06,741 [INFO] Época 6/30, Batch 2000/3348, Loss: 0.2599
2025-10-09 19:46:07,003 [INFO] Época 6/30, Batch 2050/3348, Loss: 0.3477
2025-10-09 19:46:07,265 [INFO] Época 6/30, Batch 2100/3348, Loss: 0.2868
2025-10-09 19:46:07,526 [INFO] Época 6/30, Batch 2150/3348, Loss: 0.4196
2025-10-09 19:46:07,788 [INFO] Época 6/30, Batch 2200/3348, Loss: 0.3897
2025-10-09 19:46:08,050 [INFO] Época 6/30, Batch 2250/3348, Loss: 0.3194
2025-10-09 19:46:08,318 [INFO] Época 6/30, Batch 2300/3348, Loss: 0.3505
2025-10-09 19:46:08,579 [INFO] Época 6/30, Batch 2350/3348, Loss: 0.2785
2025-10-09 19:46:08,840 [INFO] Época 6/30, Batch 2400/3348, Loss: 0.3128
2025-10-09 19:46:09,102 [INFO] Época 6/30, Batch 2450/3348, Loss: 0.3275
2025-10-09 19:46:09,365 [INFO] Época 6/30, Batch 2500/3348, Loss: 0.3454
2025-10-09 19:46:09,626 [INFO] Época 6/30, Batch 2550/3348, Loss: 0.3916
2025-10-09 19:46:09,889 [INFO] Época 6/30, Batch 2600/3348, Loss: 0.3925
2025-10-09 19:46:10,153 [INFO] Época 6/30, Batch 2650/3348, Loss: 0.3216
2025-10-09 19:46:10,423 [INFO] Época 6/30, Batch 2700/3348, Loss: 0.1829
2025-10-09 19:46:10,696 [INFO] Época 6/30, Batch 2750/3348, Loss: 0.3123
2025-10-09 19:46:10,958 [INFO] Época 6/30, Batch 2800/3348, Loss: 0.3630
2025-10-09 19:46:11,224 [INFO] Época 6/30, Batch 2850/3348, Loss: 0.4249
2025-10-09 19:46:11,493 [INFO] Época 6/30, Batch 2900/3348, Loss: 0.2601
2025-10-09 19:46:11,762 [INFO] Época 6/30, Batch 2950/3348, Loss: 0.5435
2025-10-09 19:46:12,031 [INFO] Época 6/30, Batch 3000/3348, Loss: 0.3138
2025-10-09 19:46:12,302 [INFO] Época 6/30, Batch 3050/3348, Loss: 0.2373
2025-10-09 19:46:12,570 [INFO] Época 6/30, Batch 3100/3348, Loss: 0.3798
2025-10-09 19:46:12,841 [INFO] Época 6/30, Batch 3150/3348, Loss: 0.3330
2025-10-09 19:46:13,110 [INFO] Época 6/30, Batch 3200/3348, Loss: 0.3311
2025-10-09 19:46:13,379 [INFO] Época 6/30, Batch 3250/3348, Loss: 0.3799
2025-10-09 19:46:13,648 [INFO] Época 6/30, Batch 3300/3348, Loss: 0.3274
2025-10-09 19:46:15,567 [INFO] [6/30] Train Loss: 0.3335 | Val Loss: 0.3868 | Tempo: 19.73s
2025-10-09 19:46:15,572 [INFO] Melhor modelo salvo em: /mnt/hdd/home/jdurao/ToolBox-ChemXAI/models/mlp_qm9_Morgan_att3_large.pth
2025-10-09 19:46:16,188 [INFO] Época 7/30, Batch 50/3348, Loss: 0.2345
2025-10-09 19:46:16,456 [INFO] Época 7/30, Batch 100/3348, Loss: 0.2677
2025-10-09 19:46:16,718 [INFO] Época 7/30, Batch 150/3348, Loss: 0.2692
2025-10-09 19:46:16,982 [INFO] Época 7/30, Batch 200/3348, Loss: 0.2724
2025-10-09 19:46:17,247 [INFO] Época 7/30, Batch 250/3348, Loss: 0.3137
2025-10-09 19:46:17,508 [INFO] Época 7/30, Batch 300/3348, Loss: 0.2336
2025-10-09 19:46:17,768 [INFO] Época 7/30, Batch 350/3348, Loss: 0.3516
2025-10-09 19:46:18,030 [INFO] Época 7/30, Batch 400/3348, Loss: 0.3012
2025-10-09 19:46:18,289 [INFO] Época 7/30, Batch 450/3348, Loss: 0.3150
2025-10-09 19:46:18,549 [INFO] Época 7/30, Batch 500/3348, Loss: 0.3091
2025-10-09 19:46:18,810 [INFO] Época 7/30, Batch 550/3348, Loss: 0.3114
2025-10-09 19:46:19,070 [INFO] Época 7/30, Batch 600/3348, Loss: 0.2704
2025-10-09 19:46:19,330 [INFO] Época 7/30, Batch 650/3348, Loss: 0.3154
2025-10-09 19:46:19,594 [INFO] Época 7/30, Batch 700/3348, Loss: 0.2731
2025-10-09 19:46:19,855 [INFO] Época 7/30, Batch 750/3348, Loss: 0.3786
2025-10-09 19:46:20,115 [INFO] Época 7/30, Batch 800/3348, Loss: 0.3158
2025-10-09 19:46:20,375 [INFO] Época 7/30, Batch 850/3348, Loss: 0.2804
2025-10-09 19:46:20,637 [INFO] Época 7/30, Batch 900/3348, Loss: 0.1809
2025-10-09 19:46:20,895 [INFO] Época 7/30, Batch 950/3348, Loss: 0.2602
2025-10-09 19:46:21,147 [INFO] Época 7/30, Batch 1000/3348, Loss: 0.3927
2025-10-09 19:46:21,399 [INFO] Época 7/30, Batch 1050/3348, Loss: 0.3170
2025-10-09 19:46:21,658 [INFO] Época 7/30, Batch 1100/3348, Loss: 0.3037
2025-10-09 19:46:21,918 [INFO] Época 7/30, Batch 1150/3348, Loss: 0.2911
2025-10-09 19:46:22,178 [INFO] Época 7/30, Batch 1200/3348, Loss: 0.3144
2025-10-09 19:46:22,439 [INFO] Época 7/30, Batch 1250/3348, Loss: 0.3046
2025-10-09 19:46:22,701 [INFO] Época 7/30, Batch 1300/3348, Loss: 0.3772
2025-10-09 19:46:22,968 [INFO] Época 7/30, Batch 1350/3348, Loss: 0.4499
2025-10-09 19:46:23,229 [INFO] Época 7/30, Batch 1400/3348, Loss: 0.3215
2025-10-09 19:46:23,488 [INFO] Época 7/30, Batch 1450/3348, Loss: 0.4377
2025-10-09 19:46:23,752 [INFO] Época 7/30, Batch 1500/3348, Loss: 0.3991
2025-10-09 19:46:24,010 [INFO] Época 7/30, Batch 1550/3348, Loss: 0.2930
2025-10-09 19:46:24,271 [INFO] Época 7/30, Batch 1600/3348, Loss: 0.2971
2025-10-09 19:46:24,530 [INFO] Época 7/30, Batch 1650/3348, Loss: 0.4875
2025-10-09 19:46:24,791 [INFO] Época 7/30, Batch 1700/3348, Loss: 0.4610
2025-10-09 19:46:25,054 [INFO] Época 7/30, Batch 1750/3348, Loss: 0.2277
2025-10-09 19:46:25,315 [INFO] Época 7/30, Batch 1800/3348, Loss: 0.2778
2025-10-09 19:46:25,576 [INFO] Época 7/30, Batch 1850/3348, Loss: 0.3812
2025-10-09 19:46:25,836 [INFO] Época 7/30, Batch 1900/3348, Loss: 0.3420
2025-10-09 19:46:26,098 [INFO] Época 7/30, Batch 1950/3348, Loss: 0.2516
2025-10-09 19:46:26,360 [INFO] Época 7/30, Batch 2000/3348, Loss: 0.4604
2025-10-09 19:46:26,620 [INFO] Época 7/30, Batch 2050/3348, Loss: 0.3865
2025-10-09 19:46:26,881 [INFO] Época 7/30, Batch 2100/3348, Loss: 0.4134
2025-10-09 19:46:27,141 [INFO] Época 7/30, Batch 2150/3348, Loss: 0.3888
2025-10-09 19:46:27,402 [INFO] Época 7/30, Batch 2200/3348, Loss: 0.3549
2025-10-09 19:46:27,663 [INFO] Época 7/30, Batch 2250/3348, Loss: 0.2970
2025-10-09 19:46:27,927 [INFO] Época 7/30, Batch 2300/3348, Loss: 0.3703
2025-10-09 19:46:28,189 [INFO] Época 7/30, Batch 2350/3348, Loss: 0.3102
2025-10-09 19:46:28,448 [INFO] Época 7/30, Batch 2400/3348, Loss: 0.5025
2025-10-09 19:46:28,709 [INFO] Época 7/30, Batch 2450/3348, Loss: 0.2815
2025-10-09 19:46:28,973 [INFO] Época 7/30, Batch 2500/3348, Loss: 0.4094
2025-10-09 19:46:29,234 [INFO] Época 7/30, Batch 2550/3348, Loss: 0.3469
2025-10-09 19:46:29,493 [INFO] Época 7/30, Batch 2600/3348, Loss: 0.2724
2025-10-09 19:46:29,755 [INFO] Época 7/30, Batch 2650/3348, Loss: 0.2546
2025-10-09 19:46:30,016 [INFO] Época 7/30, Batch 2700/3348, Loss: 0.3464
2025-10-09 19:46:30,278 [INFO] Época 7/30, Batch 2750/3348, Loss: 0.3378
2025-10-09 19:46:30,541 [INFO] Época 7/30, Batch 2800/3348, Loss: 0.3405
2025-10-09 19:46:30,802 [INFO] Época 7/30, Batch 2850/3348, Loss: 0.3285
2025-10-09 19:46:31,065 [INFO] Época 7/30, Batch 2900/3348, Loss: 0.3050
2025-10-09 19:46:31,325 [INFO] Época 7/30, Batch 2950/3348, Loss: 0.2889
2025-10-09 19:46:31,585 [INFO] Época 7/30, Batch 3000/3348, Loss: 0.2991
2025-10-09 19:46:31,846 [INFO] Época 7/30, Batch 3050/3348, Loss: 0.2633
2025-10-09 19:46:32,106 [INFO] Época 7/30, Batch 3100/3348, Loss: 0.3622
2025-10-09 19:46:32,367 [INFO] Época 7/30, Batch 3150/3348, Loss: 0.2159
2025-10-09 19:46:32,629 [INFO] Época 7/30, Batch 3200/3348, Loss: 0.4248
2025-10-09 19:46:32,890 [INFO] Época 7/30, Batch 3250/3348, Loss: 0.3936
2025-10-09 19:46:33,150 [INFO] Época 7/30, Batch 3300/3348, Loss: 0.5924
2025-10-09 19:46:35,011 [INFO] [7/30] Train Loss: 0.3208 | Val Loss: 0.3876 | Tempo: 19.44s
2025-10-09 19:46:35,628 [INFO] Época 8/30, Batch 50/3348, Loss: 0.2099
2025-10-09 19:46:35,899 [INFO] Época 8/30, Batch 100/3348, Loss: 0.2592
2025-10-09 19:46:36,167 [INFO] Época 8/30, Batch 150/3348, Loss: 0.2141
2025-10-09 19:46:36,433 [INFO] Época 8/30, Batch 200/3348, Loss: 0.3229
2025-10-09 19:46:36,700 [INFO] Época 8/30, Batch 250/3348, Loss: 0.3428
2025-10-09 19:46:36,961 [INFO] Época 8/30, Batch 300/3348, Loss: 0.3422
2025-10-09 19:46:37,225 [INFO] Época 8/30, Batch 350/3348, Loss: 0.2605
2025-10-09 19:46:37,485 [INFO] Época 8/30, Batch 400/3348, Loss: 0.3679
2025-10-09 19:46:37,746 [INFO] Época 8/30, Batch 450/3348, Loss: 0.4128
2025-10-09 19:46:38,009 [INFO] Época 8/30, Batch 500/3348, Loss: 0.2531
2025-10-09 19:46:38,270 [INFO] Época 8/30, Batch 550/3348, Loss: 0.2791
2025-10-09 19:46:38,530 [INFO] Época 8/30, Batch 600/3348, Loss: 0.2422
2025-10-09 19:46:38,791 [INFO] Época 8/30, Batch 650/3348, Loss: 0.3367
2025-10-09 19:46:39,054 [INFO] Época 8/30, Batch 700/3348, Loss: 0.3457
2025-10-09 19:46:39,318 [INFO] Época 8/30, Batch 750/3348, Loss: 0.3061
2025-10-09 19:46:39,582 [INFO] Época 8/30, Batch 800/3348, Loss: 0.2903
2025-10-09 19:46:39,846 [INFO] Época 8/30, Batch 850/3348, Loss: 0.2838
2025-10-09 19:46:40,108 [INFO] Época 8/30, Batch 900/3348, Loss: 0.2658
2025-10-09 19:46:40,372 [INFO] Época 8/30, Batch 950/3348, Loss: 0.2550
2025-10-09 19:46:40,636 [INFO] Época 8/30, Batch 1000/3348, Loss: 0.2688
2025-10-09 19:46:40,897 [INFO] Época 8/30, Batch 1050/3348, Loss: 0.2596
2025-10-09 19:46:41,156 [INFO] Época 8/30, Batch 1100/3348, Loss: 0.2962
2025-10-09 19:46:41,416 [INFO] Época 8/30, Batch 1150/3348, Loss: 0.3007
2025-10-09 19:46:41,674 [INFO] Época 8/30, Batch 1200/3348, Loss: 0.3108
2025-10-09 19:46:41,936 [INFO] Época 8/30, Batch 1250/3348, Loss: 0.3583
2025-10-09 19:46:42,197 [INFO] Época 8/30, Batch 1300/3348, Loss: 0.1922
2025-10-09 19:46:42,460 [INFO] Época 8/30, Batch 1350/3348, Loss: 0.4805
2025-10-09 19:46:42,720 [INFO] Época 8/30, Batch 1400/3348, Loss: 0.4066
2025-10-09 19:46:42,980 [INFO] Época 8/30, Batch 1450/3348, Loss: 0.2980
2025-10-09 19:46:43,242 [INFO] Época 8/30, Batch 1500/3348, Loss: 0.3367
2025-10-09 19:46:43,503 [INFO] Época 8/30, Batch 1550/3348, Loss: 0.3098
2025-10-09 19:46:43,763 [INFO] Época 8/30, Batch 1600/3348, Loss: 0.3697
2025-10-09 19:46:44,026 [INFO] Época 8/30, Batch 1650/3348, Loss: 0.3530
2025-10-09 19:46:44,289 [INFO] Época 8/30, Batch 1700/3348, Loss: 0.2193
2025-10-09 19:46:44,551 [INFO] Época 8/30, Batch 1750/3348, Loss: 0.4825
2025-10-09 19:46:44,813 [INFO] Época 8/30, Batch 1800/3348, Loss: 0.2660
2025-10-09 19:46:45,073 [INFO] Época 8/30, Batch 1850/3348, Loss: 0.2508
2025-10-09 19:46:45,334 [INFO] Época 8/30, Batch 1900/3348, Loss: 0.2957
2025-10-09 19:46:45,597 [INFO] Época 8/30, Batch 1950/3348, Loss: 0.3830
2025-10-09 19:46:45,861 [INFO] Época 8/30, Batch 2000/3348, Loss: 0.4621
2025-10-09 19:46:46,123 [INFO] Época 8/30, Batch 2050/3348, Loss: 0.2964
2025-10-09 19:46:46,385 [INFO] Época 8/30, Batch 2100/3348, Loss: 0.1995
2025-10-09 19:46:46,647 [INFO] Época 8/30, Batch 2150/3348, Loss: 0.3843
2025-10-09 19:46:46,907 [INFO] Época 8/30, Batch 2200/3348, Loss: 0.3234
2025-10-09 19:46:47,175 [INFO] Época 8/30, Batch 2250/3348, Loss: 0.2847
2025-10-09 19:46:47,451 [INFO] Época 8/30, Batch 2300/3348, Loss: 0.2586
2025-10-09 19:46:47,716 [INFO] Época 8/30, Batch 2350/3348, Loss: 0.6151
2025-10-09 19:46:47,981 [INFO] Época 8/30, Batch 2400/3348, Loss: 0.3561
2025-10-09 19:46:48,242 [INFO] Época 8/30, Batch 2450/3348, Loss: 0.3190
2025-10-09 19:46:48,501 [INFO] Época 8/30, Batch 2500/3348, Loss: 0.3076
2025-10-09 19:46:48,762 [INFO] Época 8/30, Batch 2550/3348, Loss: 0.2884
2025-10-09 19:46:49,022 [INFO] Época 8/30, Batch 2600/3348, Loss: 0.3558
2025-10-09 19:46:49,284 [INFO] Época 8/30, Batch 2650/3348, Loss: 0.2899
2025-10-09 19:46:49,544 [INFO] Época 8/30, Batch 2700/3348, Loss: 0.2787
2025-10-09 19:46:49,805 [INFO] Época 8/30, Batch 2750/3348, Loss: 0.3135
2025-10-09 19:46:50,065 [INFO] Época 8/30, Batch 2800/3348, Loss: 0.2851
2025-10-09 19:46:50,326 [INFO] Época 8/30, Batch 2850/3348, Loss: 0.4833
2025-10-09 19:46:50,586 [INFO] Época 8/30, Batch 2900/3348, Loss: 0.2894
2025-10-09 19:46:50,846 [INFO] Época 8/30, Batch 2950/3348, Loss: 0.3454
2025-10-09 19:46:51,108 [INFO] Época 8/30, Batch 3000/3348, Loss: 0.2738
2025-10-09 19:46:51,368 [INFO] Época 8/30, Batch 3050/3348, Loss: 0.3294
2025-10-09 19:46:51,630 [INFO] Época 8/30, Batch 3100/3348, Loss: 0.3367
2025-10-09 19:46:51,892 [INFO] Época 8/30, Batch 3150/3348, Loss: 0.2854
2025-10-09 19:46:52,153 [INFO] Época 8/30, Batch 3200/3348, Loss: 0.3218
2025-10-09 19:46:52,415 [INFO] Época 8/30, Batch 3250/3348, Loss: 0.2527
2025-10-09 19:46:52,676 [INFO] Época 8/30, Batch 3300/3348, Loss: 0.2999
2025-10-09 19:46:54,560 [INFO] [8/30] Train Loss: 0.3094 | Val Loss: 0.3912 | Tempo: 19.55s
2025-10-09 19:46:55,164 [INFO] Época 9/30, Batch 50/3348, Loss: 0.3594
2025-10-09 19:46:55,428 [INFO] Época 9/30, Batch 100/3348, Loss: 0.3140
2025-10-09 19:46:55,690 [INFO] Época 9/30, Batch 150/3348, Loss: 0.2775
2025-10-09 19:46:55,951 [INFO] Época 9/30, Batch 200/3348, Loss: 0.1548
2025-10-09 19:46:56,215 [INFO] Época 9/30, Batch 250/3348, Loss: 0.3321
2025-10-09 19:46:56,484 [INFO] Época 9/30, Batch 300/3348, Loss: 0.2412
2025-10-09 19:46:56,749 [INFO] Época 9/30, Batch 350/3348, Loss: 0.2454
2025-10-09 19:46:57,016 [INFO] Época 9/30, Batch 400/3348, Loss: 0.2513
2025-10-09 19:46:57,281 [INFO] Época 9/30, Batch 450/3348, Loss: 0.2441
2025-10-09 19:46:57,546 [INFO] Época 9/30, Batch 500/3348, Loss: 0.3797
2025-10-09 19:46:57,815 [INFO] Época 9/30, Batch 550/3348, Loss: 0.3097
2025-10-09 19:46:58,082 [INFO] Época 9/30, Batch 600/3348, Loss: 0.3908
2025-10-09 19:46:58,347 [INFO] Época 9/30, Batch 650/3348, Loss: 0.2216
2025-10-09 19:46:58,611 [INFO] Época 9/30, Batch 700/3348, Loss: 0.2869
2025-10-09 19:46:58,874 [INFO] Época 9/30, Batch 750/3348, Loss: 0.2855
2025-10-09 19:46:59,140 [INFO] Época 9/30, Batch 800/3348, Loss: 0.2849
2025-10-09 19:46:59,406 [INFO] Época 9/30, Batch 850/3348, Loss: 0.3239
2025-10-09 19:46:59,664 [INFO] Época 9/30, Batch 900/3348, Loss: 0.3122
2025-10-09 19:46:59,922 [INFO] Época 9/30, Batch 950/3348, Loss: 0.3003
2025-10-09 19:47:00,179 [INFO] Época 9/30, Batch 1000/3348, Loss: 0.3367
2025-10-09 19:47:00,437 [INFO] Época 9/30, Batch 1050/3348, Loss: 0.3357
2025-10-09 19:47:00,695 [INFO] Época 9/30, Batch 1100/3348, Loss: 0.2831
2025-10-09 19:47:00,952 [INFO] Época 9/30, Batch 1150/3348, Loss: 0.2748
2025-10-09 19:47:01,209 [INFO] Época 9/30, Batch 1200/3348, Loss: 0.2526
2025-10-09 19:47:01,466 [INFO] Época 9/30, Batch 1250/3348, Loss: 0.2914
2025-10-09 19:47:01,724 [INFO] Época 9/30, Batch 1300/3348, Loss: 0.2727
2025-10-09 19:47:01,982 [INFO] Época 9/30, Batch 1350/3348, Loss: 0.2938
2025-10-09 19:47:02,241 [INFO] Época 9/30, Batch 1400/3348, Loss: 0.2942
2025-10-09 19:47:02,500 [INFO] Época 9/30, Batch 1450/3348, Loss: 0.3014
2025-10-09 19:47:02,758 [INFO] Época 9/30, Batch 1500/3348, Loss: 0.2307
2025-10-09 19:47:03,017 [INFO] Época 9/30, Batch 1550/3348, Loss: 0.2948
2025-10-09 19:47:03,276 [INFO] Época 9/30, Batch 1600/3348, Loss: 0.2192
2025-10-09 19:47:03,534 [INFO] Época 9/30, Batch 1650/3348, Loss: 0.2846
2025-10-09 19:47:03,795 [INFO] Época 9/30, Batch 1700/3348, Loss: 0.2798
2025-10-09 19:47:04,053 [INFO] Época 9/30, Batch 1750/3348, Loss: 0.3669
2025-10-09 19:47:04,312 [INFO] Época 9/30, Batch 1800/3348, Loss: 0.2746
2025-10-09 19:47:04,571 [INFO] Época 9/30, Batch 1850/3348, Loss: 0.2422
2025-10-09 19:47:04,833 [INFO] Época 9/30, Batch 1900/3348, Loss: 0.3052
2025-10-09 19:47:05,092 [INFO] Época 9/30, Batch 1950/3348, Loss: 0.2725
2025-10-09 19:47:05,349 [INFO] Época 9/30, Batch 2000/3348, Loss: 0.2743
2025-10-09 19:47:05,608 [INFO] Época 9/30, Batch 2050/3348, Loss: 0.3279
2025-10-09 19:47:05,866 [INFO] Época 9/30, Batch 2100/3348, Loss: 0.3318
2025-10-09 19:47:06,126 [INFO] Época 9/30, Batch 2150/3348, Loss: 0.2976
2025-10-09 19:47:06,391 [INFO] Época 9/30, Batch 2200/3348, Loss: 0.3753
2025-10-09 19:47:06,658 [INFO] Época 9/30, Batch 2250/3348, Loss: 0.2872
2025-10-09 19:47:06,921 [INFO] Época 9/30, Batch 2300/3348, Loss: 0.3676
2025-10-09 19:47:07,185 [INFO] Época 9/30, Batch 2350/3348, Loss: 0.3318
2025-10-09 19:47:07,446 [INFO] Época 9/30, Batch 2400/3348, Loss: 0.3079
2025-10-09 19:47:07,709 [INFO] Época 9/30, Batch 2450/3348, Loss: 0.2524
2025-10-09 19:47:07,973 [INFO] Época 9/30, Batch 2500/3348, Loss: 0.2951
2025-10-09 19:47:08,237 [INFO] Época 9/30, Batch 2550/3348, Loss: 0.3677
2025-10-09 19:47:08,499 [INFO] Época 9/30, Batch 2600/3348, Loss: 0.3258
2025-10-09 19:47:08,757 [INFO] Época 9/30, Batch 2650/3348, Loss: 0.2288
2025-10-09 19:47:09,019 [INFO] Época 9/30, Batch 2700/3348, Loss: 0.1883
2025-10-09 19:47:09,281 [INFO] Época 9/30, Batch 2750/3348, Loss: 0.3115
2025-10-09 19:47:09,543 [INFO] Época 9/30, Batch 2800/3348, Loss: 0.4256
2025-10-09 19:47:09,807 [INFO] Época 9/30, Batch 2850/3348, Loss: 0.3110
2025-10-09 19:47:10,068 [INFO] Época 9/30, Batch 2900/3348, Loss: 0.2283
2025-10-09 19:47:10,330 [INFO] Época 9/30, Batch 2950/3348, Loss: 0.3329
2025-10-09 19:47:10,596 [INFO] Época 9/30, Batch 3000/3348, Loss: 0.2428
2025-10-09 19:47:10,866 [INFO] Época 9/30, Batch 3050/3348, Loss: 0.4954
2025-10-09 19:47:11,130 [INFO] Época 9/30, Batch 3100/3348, Loss: 0.2433
2025-10-09 19:47:11,395 [INFO] Época 9/30, Batch 3150/3348, Loss: 0.3604
2025-10-09 19:47:11,661 [INFO] Época 9/30, Batch 3200/3348, Loss: 0.3358
2025-10-09 19:47:11,924 [INFO] Época 9/30, Batch 3250/3348, Loss: 0.2714
2025-10-09 19:47:12,186 [INFO] Época 9/30, Batch 3300/3348, Loss: 0.2216
2025-10-09 19:47:14,143 [INFO] [9/30] Train Loss: 0.2997 | Val Loss: 0.3957 | Tempo: 19.58s
2025-10-09 19:47:14,762 [INFO] Época 10/30, Batch 50/3348, Loss: 0.2953
2025-10-09 19:47:15,026 [INFO] Época 10/30, Batch 100/3348, Loss: 0.2953
2025-10-09 19:47:15,287 [INFO] Época 10/30, Batch 150/3348, Loss: 0.2635
2025-10-09 19:47:15,548 [INFO] Época 10/30, Batch 200/3348, Loss: 0.2728
2025-10-09 19:47:15,807 [INFO] Época 10/30, Batch 250/3348, Loss: 0.2395
2025-10-09 19:47:16,066 [INFO] Época 10/30, Batch 300/3348, Loss: 0.2338
2025-10-09 19:47:16,333 [INFO] Época 10/30, Batch 350/3348, Loss: 0.2879
2025-10-09 19:47:16,602 [INFO] Época 10/30, Batch 400/3348, Loss: 0.3006
2025-10-09 19:47:16,866 [INFO] Época 10/30, Batch 450/3348, Loss: 0.2398
2025-10-09 19:47:17,131 [INFO] Época 10/30, Batch 500/3348, Loss: 0.1968
2025-10-09 19:47:17,395 [INFO] Época 10/30, Batch 550/3348, Loss: 0.2004
2025-10-09 19:47:17,656 [INFO] Época 10/30, Batch 600/3348, Loss: 0.2726
2025-10-09 19:47:17,912 [INFO] Época 10/30, Batch 650/3348, Loss: 0.2260
2025-10-09 19:47:18,170 [INFO] Época 10/30, Batch 700/3348, Loss: 0.4380
2025-10-09 19:47:18,429 [INFO] Época 10/30, Batch 750/3348, Loss: 0.3208
2025-10-09 19:47:18,687 [INFO] Época 10/30, Batch 800/3348, Loss: 0.2876
2025-10-09 19:47:18,949 [INFO] Época 10/30, Batch 850/3348, Loss: 0.3495
2025-10-09 19:47:19,205 [INFO] Época 10/30, Batch 900/3348, Loss: 0.2829
2025-10-09 19:47:19,462 [INFO] Época 10/30, Batch 950/3348, Loss: 0.2794
2025-10-09 19:47:19,720 [INFO] Época 10/30, Batch 1000/3348, Loss: 0.2992
2025-10-09 19:47:19,977 [INFO] Época 10/30, Batch 1050/3348, Loss: 0.2943
2025-10-09 19:47:20,236 [INFO] Época 10/30, Batch 1100/3348, Loss: 0.3265
2025-10-09 19:47:20,493 [INFO] Época 10/30, Batch 1150/3348, Loss: 0.1890
2025-10-09 19:47:20,751 [INFO] Época 10/30, Batch 1200/3348, Loss: 0.3338
2025-10-09 19:47:21,007 [INFO] Época 10/30, Batch 1250/3348, Loss: 0.2663
2025-10-09 19:47:21,266 [INFO] Época 10/30, Batch 1300/3348, Loss: 0.3566
2025-10-09 19:47:21,528 [INFO] Época 10/30, Batch 1350/3348, Loss: 0.2859
2025-10-09 19:47:21,789 [INFO] Época 10/30, Batch 1400/3348, Loss: 0.2723
2025-10-09 19:47:22,054 [INFO] Época 10/30, Batch 1450/3348, Loss: 0.2414
2025-10-09 19:47:22,319 [INFO] Época 10/30, Batch 1500/3348, Loss: 0.2814
2025-10-09 19:47:22,579 [INFO] Época 10/30, Batch 1550/3348, Loss: 0.3585
2025-10-09 19:47:22,842 [INFO] Época 10/30, Batch 1600/3348, Loss: 0.2643
2025-10-09 19:47:23,101 [INFO] Época 10/30, Batch 1650/3348, Loss: 0.2792
2025-10-09 19:47:23,363 [INFO] Época 10/30, Batch 1700/3348, Loss: 0.3050
2025-10-09 19:47:23,624 [INFO] Época 10/30, Batch 1750/3348, Loss: 0.2660
2025-10-09 19:47:23,887 [INFO] Época 10/30, Batch 1800/3348, Loss: 0.2264
2025-10-09 19:47:24,148 [INFO] Época 10/30, Batch 1850/3348, Loss: 0.2225
2025-10-09 19:47:24,410 [INFO] Época 10/30, Batch 1900/3348, Loss: 0.2492
2025-10-09 19:47:24,671 [INFO] Época 10/30, Batch 1950/3348, Loss: 0.3406
2025-10-09 19:47:24,932 [INFO] Época 10/30, Batch 2000/3348, Loss: 0.2172
2025-10-09 19:47:25,192 [INFO] Época 10/30, Batch 2050/3348, Loss: 0.3179
2025-10-09 19:47:25,452 [INFO] Época 10/30, Batch 2100/3348, Loss: 0.3411
2025-10-09 19:47:25,713 [INFO] Época 10/30, Batch 2150/3348, Loss: 0.2967
2025-10-09 19:47:25,975 [INFO] Época 10/30, Batch 2200/3348, Loss: 0.2332
2025-10-09 19:47:26,235 [INFO] Época 10/30, Batch 2250/3348, Loss: 0.1997
2025-10-09 19:47:26,496 [INFO] Época 10/30, Batch 2300/3348, Loss: 0.3205
2025-10-09 19:47:26,757 [INFO] Época 10/30, Batch 2350/3348, Loss: 0.2409
2025-10-09 19:47:27,021 [INFO] Época 10/30, Batch 2400/3348, Loss: 0.2887
2025-10-09 19:47:27,285 [INFO] Época 10/30, Batch 2450/3348, Loss: 0.2583
2025-10-09 19:47:27,545 [INFO] Época 10/30, Batch 2500/3348, Loss: 0.2542
2025-10-09 19:47:27,805 [INFO] Época 10/30, Batch 2550/3348, Loss: 0.2798
2025-10-09 19:47:28,066 [INFO] Época 10/30, Batch 2600/3348, Loss: 0.3397
2025-10-09 19:47:28,330 [INFO] Época 10/30, Batch 2650/3348, Loss: 0.2808
2025-10-09 19:47:28,587 [INFO] Época 10/30, Batch 2700/3348, Loss: 0.3185
2025-10-09 19:47:28,843 [INFO] Época 10/30, Batch 2750/3348, Loss: 0.2108
2025-10-09 19:47:29,101 [INFO] Época 10/30, Batch 2800/3348, Loss: 0.2689
2025-10-09 19:47:29,359 [INFO] Época 10/30, Batch 2850/3348, Loss: 0.2386
2025-10-09 19:47:29,617 [INFO] Época 10/30, Batch 2900/3348, Loss: 0.2925
2025-10-09 19:47:29,873 [INFO] Época 10/30, Batch 2950/3348, Loss: 0.3566
2025-10-09 19:47:30,130 [INFO] Época 10/30, Batch 3000/3348, Loss: 0.2871
2025-10-09 19:47:30,387 [INFO] Época 10/30, Batch 3050/3348, Loss: 0.3348
2025-10-09 19:47:30,645 [INFO] Época 10/30, Batch 3100/3348, Loss: 0.2655
2025-10-09 19:47:30,903 [INFO] Época 10/30, Batch 3150/3348, Loss: 0.2675
2025-10-09 19:47:31,161 [INFO] Época 10/30, Batch 3200/3348, Loss: 0.2637
2025-10-09 19:47:31,417 [INFO] Época 10/30, Batch 3250/3348, Loss: 0.3931
2025-10-09 19:47:31,674 [INFO] Época 10/30, Batch 3300/3348, Loss: 0.2823
2025-10-09 19:47:33,630 [INFO] [10/30] Train Loss: 0.2922 | Val Loss: 0.3949 | Tempo: 19.49s
2025-10-09 19:47:34,295 [INFO] Época 11/30, Batch 50/3348, Loss: 0.2214
2025-10-09 19:47:34,573 [INFO] Época 11/30, Batch 100/3348, Loss: 0.2524
2025-10-09 19:47:34,840 [INFO] Época 11/30, Batch 150/3348, Loss: 0.1826
2025-10-09 19:47:35,105 [INFO] Época 11/30, Batch 200/3348, Loss: 0.2446
2025-10-09 19:47:35,372 [INFO] Época 11/30, Batch 250/3348, Loss: 0.2956
2025-10-09 19:47:35,640 [INFO] Época 11/30, Batch 300/3348, Loss: 0.2537
2025-10-09 19:47:35,906 [INFO] Época 11/30, Batch 350/3348, Loss: 0.3059
2025-10-09 19:47:36,171 [INFO] Época 11/30, Batch 400/3348, Loss: 0.2775
2025-10-09 19:47:36,435 [INFO] Época 11/30, Batch 450/3348, Loss: 0.1818
2025-10-09 19:47:36,698 [INFO] Época 11/30, Batch 500/3348, Loss: 0.2789
2025-10-09 19:47:36,961 [INFO] Época 11/30, Batch 550/3348, Loss: 0.4296
2025-10-09 19:47:37,224 [INFO] Época 11/30, Batch 600/3348, Loss: 0.3259
2025-10-09 19:47:37,485 [INFO] Época 11/30, Batch 650/3348, Loss: 0.3179
2025-10-09 19:47:37,738 [INFO] Época 11/30, Batch 700/3348, Loss: 0.2668
2025-10-09 19:47:37,989 [INFO] Época 11/30, Batch 750/3348, Loss: 0.2588
2025-10-09 19:47:38,240 [INFO] Época 11/30, Batch 800/3348, Loss: 0.2222
2025-10-09 19:47:38,493 [INFO] Época 11/30, Batch 850/3348, Loss: 0.3011
2025-10-09 19:47:38,745 [INFO] Época 11/30, Batch 900/3348, Loss: 0.2452
2025-10-09 19:47:38,998 [INFO] Época 11/30, Batch 950/3348, Loss: 0.3395
2025-10-09 19:47:39,250 [INFO] Época 11/30, Batch 1000/3348, Loss: 0.3534
2025-10-09 19:47:39,504 [INFO] Época 11/30, Batch 1050/3348, Loss: 0.2743
2025-10-09 19:47:39,758 [INFO] Época 11/30, Batch 1100/3348, Loss: 0.2930
2025-10-09 19:47:40,022 [INFO] Época 11/30, Batch 1150/3348, Loss: 0.4247
2025-10-09 19:47:40,286 [INFO] Época 11/30, Batch 1200/3348, Loss: 0.3293
2025-10-09 19:47:40,552 [INFO] Época 11/30, Batch 1250/3348, Loss: 0.2752
2025-10-09 19:47:40,815 [INFO] Época 11/30, Batch 1300/3348, Loss: 0.3018
2025-10-09 19:47:41,079 [INFO] Época 11/30, Batch 1350/3348, Loss: 0.3009
2025-10-09 19:47:41,345 [INFO] Época 11/30, Batch 1400/3348, Loss: 0.2404
2025-10-09 19:47:41,607 [INFO] Época 11/30, Batch 1450/3348, Loss: 0.3617
2025-10-09 19:47:41,870 [INFO] Época 11/30, Batch 1500/3348, Loss: 0.2674
2025-10-09 19:47:42,135 [INFO] Época 11/30, Batch 1550/3348, Loss: 0.2734
2025-10-09 19:47:42,399 [INFO] Época 11/30, Batch 1600/3348, Loss: 0.2016
2025-10-09 19:47:42,662 [INFO] Época 11/30, Batch 1650/3348, Loss: 0.2793
2025-10-09 19:47:42,926 [INFO] Época 11/30, Batch 1700/3348, Loss: 0.2055
2025-10-09 19:47:43,190 [INFO] Época 11/30, Batch 1750/3348, Loss: 0.2344
2025-10-09 19:47:43,452 [INFO] Época 11/30, Batch 1800/3348, Loss: 0.2353
2025-10-09 19:47:43,716 [INFO] Época 11/30, Batch 1850/3348, Loss: 0.2892
2025-10-09 19:47:43,983 [INFO] Época 11/30, Batch 1900/3348, Loss: 0.2221
2025-10-09 19:47:44,247 [INFO] Época 11/30, Batch 1950/3348, Loss: 0.2315
2025-10-09 19:47:44,511 [INFO] Época 11/30, Batch 2000/3348, Loss: 0.3130
2025-10-09 19:47:44,774 [INFO] Época 11/30, Batch 2050/3348, Loss: 0.2701
2025-10-09 19:47:45,041 [INFO] Época 11/30, Batch 2100/3348, Loss: 0.3218
2025-10-09 19:47:45,308 [INFO] Época 11/30, Batch 2150/3348, Loss: 0.4188
2025-10-09 19:47:45,572 [INFO] Época 11/30, Batch 2200/3348, Loss: 0.3591
2025-10-09 19:47:45,834 [INFO] Época 11/30, Batch 2250/3348, Loss: 0.2115
2025-10-09 19:47:46,096 [INFO] Época 11/30, Batch 2300/3348, Loss: 0.2017
2025-10-09 19:47:46,359 [INFO] Época 11/30, Batch 2350/3348, Loss: 0.2935
2025-10-09 19:47:46,622 [INFO] Época 11/30, Batch 2400/3348, Loss: 0.3502
2025-10-09 19:47:46,885 [INFO] Época 11/30, Batch 2450/3348, Loss: 0.2855
2025-10-09 19:47:47,149 [INFO] Época 11/30, Batch 2500/3348, Loss: 0.3632
2025-10-09 19:47:47,413 [INFO] Época 11/30, Batch 2550/3348, Loss: 0.3061
2025-10-09 19:47:47,682 [INFO] Época 11/30, Batch 2600/3348, Loss: 0.2785
2025-10-09 19:47:47,950 [INFO] Época 11/30, Batch 2650/3348, Loss: 0.2365
2025-10-09 19:47:48,219 [INFO] Época 11/30, Batch 2700/3348, Loss: 0.2344
2025-10-09 19:47:48,487 [INFO] Época 11/30, Batch 2750/3348, Loss: 0.4261
2025-10-09 19:47:48,754 [INFO] Época 11/30, Batch 2800/3348, Loss: 0.2828
2025-10-09 19:47:49,020 [INFO] Época 11/30, Batch 2850/3348, Loss: 0.2863
2025-10-09 19:47:49,286 [INFO] Época 11/30, Batch 2900/3348, Loss: 0.2178
2025-10-09 19:47:49,555 [INFO] Época 11/30, Batch 2950/3348, Loss: 0.2749
2025-10-09 19:47:49,815 [INFO] Época 11/30, Batch 3000/3348, Loss: 0.2577
2025-10-09 19:47:50,082 [INFO] Época 11/30, Batch 3050/3348, Loss: 0.2706
2025-10-09 19:47:50,348 [INFO] Época 11/30, Batch 3100/3348, Loss: 0.2137
2025-10-09 19:47:50,615 [INFO] Época 11/30, Batch 3150/3348, Loss: 0.3522
2025-10-09 19:47:50,886 [INFO] Época 11/30, Batch 3200/3348, Loss: 0.2530
2025-10-09 19:47:51,152 [INFO] Época 11/30, Batch 3250/3348, Loss: 0.2419
2025-10-09 19:47:51,418 [INFO] Época 11/30, Batch 3300/3348, Loss: 0.2361
2025-10-09 19:47:53,323 [INFO] [11/30] Train Loss: 0.2841 | Val Loss: 0.3910 | Tempo: 19.69s
2025-10-09 19:47:53,946 [INFO] Época 12/30, Batch 50/3348, Loss: 0.3146
2025-10-09 19:47:54,220 [INFO] Época 12/30, Batch 100/3348, Loss: 0.2391
2025-10-09 19:47:54,493 [INFO] Época 12/30, Batch 150/3348, Loss: 0.2760
2025-10-09 19:47:54,763 [INFO] Época 12/30, Batch 200/3348, Loss: 0.2514
2025-10-09 19:47:55,033 [INFO] Época 12/30, Batch 250/3348, Loss: 0.2592
2025-10-09 19:47:55,301 [INFO] Época 12/30, Batch 300/3348, Loss: 0.2164
2025-10-09 19:47:55,570 [INFO] Época 12/30, Batch 350/3348, Loss: 0.2148
2025-10-09 19:47:55,839 [INFO] Época 12/30, Batch 400/3348, Loss: 0.2322
2025-10-09 19:47:56,106 [INFO] Época 12/30, Batch 450/3348, Loss: 0.3434
2025-10-09 19:47:56,374 [INFO] Época 12/30, Batch 500/3348, Loss: 0.1638
2025-10-09 19:47:56,638 [INFO] Época 12/30, Batch 550/3348, Loss: 0.1778
2025-10-09 19:47:56,901 [INFO] Época 12/30, Batch 600/3348, Loss: 0.3428
2025-10-09 19:47:57,165 [INFO] Época 12/30, Batch 650/3348, Loss: 0.3132
2025-10-09 19:47:57,426 [INFO] Época 12/30, Batch 700/3348, Loss: 0.3231
2025-10-09 19:47:57,687 [INFO] Época 12/30, Batch 750/3348, Loss: 0.3226
2025-10-09 19:47:57,949 [INFO] Época 12/30, Batch 800/3348, Loss: 0.2011
2025-10-09 19:47:58,211 [INFO] Época 12/30, Batch 850/3348, Loss: 0.2104
2025-10-09 19:47:58,467 [INFO] Época 12/30, Batch 900/3348, Loss: 0.2746
2025-10-09 19:47:58,722 [INFO] Época 12/30, Batch 950/3348, Loss: 0.1969
2025-10-09 19:47:58,976 [INFO] Época 12/30, Batch 1000/3348, Loss: 0.2180
2025-10-09 19:47:59,231 [INFO] Época 12/30, Batch 1050/3348, Loss: 0.2326
2025-10-09 19:47:59,486 [INFO] Época 12/30, Batch 1100/3348, Loss: 0.1533
2025-10-09 19:47:59,741 [INFO] Época 12/30, Batch 1150/3348, Loss: 0.3143
2025-10-09 19:48:00,000 [INFO] Época 12/30, Batch 1200/3348, Loss: 0.2497
2025-10-09 19:48:00,266 [INFO] Época 12/30, Batch 1250/3348, Loss: 0.2528
2025-10-09 19:48:00,530 [INFO] Época 12/30, Batch 1300/3348, Loss: 0.4057
2025-10-09 19:48:00,793 [INFO] Época 12/30, Batch 1350/3348, Loss: 0.2863
2025-10-09 19:48:01,056 [INFO] Época 12/30, Batch 1400/3348, Loss: 0.3413
2025-10-09 19:48:01,321 [INFO] Época 12/30, Batch 1450/3348, Loss: 0.2792
2025-10-09 19:48:01,587 [INFO] Época 12/30, Batch 1500/3348, Loss: 0.3178
2025-10-09 19:48:01,850 [INFO] Época 12/30, Batch 1550/3348, Loss: 0.2590
2025-10-09 19:48:02,118 [INFO] Época 12/30, Batch 1600/3348, Loss: 0.2761
2025-10-09 19:48:02,379 [INFO] Época 12/30, Batch 1650/3348, Loss: 0.3002
2025-10-09 19:48:02,640 [INFO] Época 12/30, Batch 1700/3348, Loss: 0.3038
2025-10-09 19:48:02,900 [INFO] Época 12/30, Batch 1750/3348, Loss: 0.3089
2025-10-09 19:48:03,162 [INFO] Época 12/30, Batch 1800/3348, Loss: 0.2895
2025-10-09 19:48:03,426 [INFO] Época 12/30, Batch 1850/3348, Loss: 0.2011
2025-10-09 19:48:03,690 [INFO] Época 12/30, Batch 1900/3348, Loss: 0.2614
2025-10-09 19:48:03,956 [INFO] Época 12/30, Batch 1950/3348, Loss: 0.2443
2025-10-09 19:48:04,220 [INFO] Época 12/30, Batch 2000/3348, Loss: 0.3865
2025-10-09 19:48:04,482 [INFO] Época 12/30, Batch 2050/3348, Loss: 0.3148
2025-10-09 19:48:04,748 [INFO] Época 12/30, Batch 2100/3348, Loss: 0.2128
2025-10-09 19:48:05,010 [INFO] Época 12/30, Batch 2150/3348, Loss: 0.2317
2025-10-09 19:48:05,273 [INFO] Época 12/30, Batch 2200/3348, Loss: 0.3065
2025-10-09 19:48:05,535 [INFO] Época 12/30, Batch 2250/3348, Loss: 0.3629
2025-10-09 19:48:05,800 [INFO] Época 12/30, Batch 2300/3348, Loss: 0.2685
2025-10-09 19:48:06,064 [INFO] Época 12/30, Batch 2350/3348, Loss: 0.1745
2025-10-09 19:48:06,326 [INFO] Época 12/30, Batch 2400/3348, Loss: 0.3368
2025-10-09 19:48:06,589 [INFO] Época 12/30, Batch 2450/3348, Loss: 0.2225
2025-10-09 19:48:06,852 [INFO] Época 12/30, Batch 2500/3348, Loss: 0.2895
2025-10-09 19:48:07,113 [INFO] Época 12/30, Batch 2550/3348, Loss: 0.2109
2025-10-09 19:48:07,376 [INFO] Época 12/30, Batch 2600/3348, Loss: 0.4579
2025-10-09 19:48:07,638 [INFO] Época 12/30, Batch 2650/3348, Loss: 0.3518
2025-10-09 19:48:07,905 [INFO] Época 12/30, Batch 2700/3348, Loss: 0.2689
2025-10-09 19:48:08,167 [INFO] Época 12/30, Batch 2750/3348, Loss: 0.3456
2025-10-09 19:48:08,430 [INFO] Época 12/30, Batch 2800/3348, Loss: 0.2857
2025-10-09 19:48:08,692 [INFO] Época 12/30, Batch 2850/3348, Loss: 0.2760
2025-10-09 19:48:08,953 [INFO] Época 12/30, Batch 2900/3348, Loss: 0.2487
2025-10-09 19:48:09,218 [INFO] Época 12/30, Batch 2950/3348, Loss: 0.2859
2025-10-09 19:48:09,482 [INFO] Época 12/30, Batch 3000/3348, Loss: 0.2961
2025-10-09 19:48:09,747 [INFO] Época 12/30, Batch 3050/3348, Loss: 0.2703
2025-10-09 19:48:10,011 [INFO] Época 12/30, Batch 3100/3348, Loss: 0.2846
2025-10-09 19:48:10,278 [INFO] Época 12/30, Batch 3150/3348, Loss: 0.2378
2025-10-09 19:48:10,551 [INFO] Época 12/30, Batch 3200/3348, Loss: 0.2372
2025-10-09 19:48:10,819 [INFO] Época 12/30, Batch 3250/3348, Loss: 0.2766
2025-10-09 19:48:11,084 [INFO] Época 12/30, Batch 3300/3348, Loss: 0.2628
2025-10-09 19:48:13,029 [INFO] [12/30] Train Loss: 0.2774 | Val Loss: 0.3979 | Tempo: 19.71s
2025-10-09 19:48:13,650 [INFO] Época 13/30, Batch 50/3348, Loss: 0.2217
2025-10-09 19:48:13,919 [INFO] Época 13/30, Batch 100/3348, Loss: 0.2133
2025-10-09 19:48:14,182 [INFO] Época 13/30, Batch 150/3348, Loss: 0.2343
2025-10-09 19:48:14,447 [INFO] Época 13/30, Batch 200/3348, Loss: 0.2731
2025-10-09 19:48:14,709 [INFO] Época 13/30, Batch 250/3348, Loss: 0.2199
2025-10-09 19:48:14,973 [INFO] Época 13/30, Batch 300/3348, Loss: 0.2350
2025-10-09 19:48:15,236 [INFO] Época 13/30, Batch 350/3348, Loss: 0.3048
2025-10-09 19:48:15,501 [INFO] Época 13/30, Batch 400/3348, Loss: 0.3408
2025-10-09 19:48:15,765 [INFO] Época 13/30, Batch 450/3348, Loss: 0.2787
2025-10-09 19:48:16,027 [INFO] Época 13/30, Batch 500/3348, Loss: 0.2422
2025-10-09 19:48:16,288 [INFO] Época 13/30, Batch 550/3348, Loss: 0.2998
2025-10-09 19:48:16,551 [INFO] Época 13/30, Batch 600/3348, Loss: 0.2128
2025-10-09 19:48:16,814 [INFO] Época 13/30, Batch 650/3348, Loss: 0.3609
2025-10-09 19:48:17,076 [INFO] Época 13/30, Batch 700/3348, Loss: 0.3156
2025-10-09 19:48:17,338 [INFO] Época 13/30, Batch 750/3348, Loss: 0.2533
2025-10-09 19:48:17,596 [INFO] Época 13/30, Batch 800/3348, Loss: 0.2227
2025-10-09 19:48:17,856 [INFO] Época 13/30, Batch 850/3348, Loss: 0.2442
2025-10-09 19:48:18,111 [INFO] Época 13/30, Batch 900/3348, Loss: 0.3714
2025-10-09 19:48:18,367 [INFO] Época 13/30, Batch 950/3348, Loss: 0.2949
2025-10-09 19:48:18,622 [INFO] Época 13/30, Batch 1000/3348, Loss: 0.3094
2025-10-09 19:48:18,876 [INFO] Época 13/30, Batch 1050/3348, Loss: 0.2682
2025-10-09 19:48:19,131 [INFO] Época 13/30, Batch 1100/3348, Loss: 0.3725
2025-10-09 19:48:19,385 [INFO] Época 13/30, Batch 1150/3348, Loss: 0.2722
2025-10-09 19:48:19,640 [INFO] Época 13/30, Batch 1200/3348, Loss: 0.2924
2025-10-09 19:48:19,892 [INFO] Época 13/30, Batch 1250/3348, Loss: 0.2385
2025-10-09 19:48:20,152 [INFO] Época 13/30, Batch 1300/3348, Loss: 0.2918
2025-10-09 19:48:20,415 [INFO] Época 13/30, Batch 1350/3348, Loss: 0.2563
2025-10-09 19:48:20,677 [INFO] Época 13/30, Batch 1400/3348, Loss: 0.2508
2025-10-09 19:48:20,941 [INFO] Época 13/30, Batch 1450/3348, Loss: 0.2254
2025-10-09 19:48:21,204 [INFO] Época 13/30, Batch 1500/3348, Loss: 0.2920
2025-10-09 19:48:21,465 [INFO] Época 13/30, Batch 1550/3348, Loss: 0.2280
2025-10-09 19:48:21,726 [INFO] Época 13/30, Batch 1600/3348, Loss: 0.2698
2025-10-09 19:48:21,987 [INFO] Época 13/30, Batch 1650/3348, Loss: 0.3678
2025-10-09 19:48:22,248 [INFO] Época 13/30, Batch 1700/3348, Loss: 0.2145
2025-10-09 19:48:22,507 [INFO] Época 13/30, Batch 1750/3348, Loss: 0.2368
2025-10-09 19:48:22,770 [INFO] Época 13/30, Batch 1800/3348, Loss: 0.2781
2025-10-09 19:48:23,030 [INFO] Época 13/30, Batch 1850/3348, Loss: 0.3156
2025-10-09 19:48:23,293 [INFO] Época 13/30, Batch 1900/3348, Loss: 0.2410
2025-10-09 19:48:23,552 [INFO] Época 13/30, Batch 1950/3348, Loss: 0.3156
2025-10-09 19:48:23,815 [INFO] Época 13/30, Batch 2000/3348, Loss: 0.2730
2025-10-09 19:48:24,076 [INFO] Época 13/30, Batch 2050/3348, Loss: 0.2350
2025-10-09 19:48:24,336 [INFO] Época 13/30, Batch 2100/3348, Loss: 0.3032
2025-10-09 19:48:24,598 [INFO] Época 13/30, Batch 2150/3348, Loss: 0.3266
2025-10-09 19:48:24,862 [INFO] Época 13/30, Batch 2200/3348, Loss: 0.1948
2025-10-09 19:48:25,126 [INFO] Época 13/30, Batch 2250/3348, Loss: 0.2104
2025-10-09 19:48:25,388 [INFO] Época 13/30, Batch 2300/3348, Loss: 0.2277
2025-10-09 19:48:25,651 [INFO] Época 13/30, Batch 2350/3348, Loss: 0.2180
2025-10-09 19:48:25,926 [INFO] Época 13/30, Batch 2400/3348, Loss: 0.4251
2025-10-09 19:48:26,200 [INFO] Época 13/30, Batch 2450/3348, Loss: 0.2653
2025-10-09 19:48:26,477 [INFO] Época 13/30, Batch 2500/3348, Loss: 0.2308
2025-10-09 19:48:26,752 [INFO] Época 13/30, Batch 2550/3348, Loss: 0.2547
2025-10-09 19:48:27,028 [INFO] Época 13/30, Batch 2600/3348, Loss: 0.2471
2025-10-09 19:48:27,302 [INFO] Época 13/30, Batch 2650/3348, Loss: 0.2750
2025-10-09 19:48:27,576 [INFO] Época 13/30, Batch 2700/3348, Loss: 0.2203
2025-10-09 19:48:27,840 [INFO] Época 13/30, Batch 2750/3348, Loss: 0.2890
2025-10-09 19:48:28,101 [INFO] Época 13/30, Batch 2800/3348, Loss: 0.3619
2025-10-09 19:48:28,363 [INFO] Época 13/30, Batch 2850/3348, Loss: 0.2641
2025-10-09 19:48:28,625 [INFO] Época 13/30, Batch 2900/3348, Loss: 0.3257
2025-10-09 19:48:28,886 [INFO] Época 13/30, Batch 2950/3348, Loss: 0.1856
2025-10-09 19:48:29,149 [INFO] Época 13/30, Batch 3000/3348, Loss: 0.2912
2025-10-09 19:48:29,411 [INFO] Época 13/30, Batch 3050/3348, Loss: 0.1596
2025-10-09 19:48:29,673 [INFO] Época 13/30, Batch 3100/3348, Loss: 0.2323
2025-10-09 19:48:29,935 [INFO] Época 13/30, Batch 3150/3348, Loss: 0.2368
2025-10-09 19:48:30,196 [INFO] Época 13/30, Batch 3200/3348, Loss: 0.3203
2025-10-09 19:48:30,460 [INFO] Época 13/30, Batch 3250/3348, Loss: 0.3801
2025-10-09 19:48:30,724 [INFO] Época 13/30, Batch 3300/3348, Loss: 0.2226
2025-10-09 19:48:32,590 [INFO] [13/30] Train Loss: 0.2711 | Val Loss: 0.3925 | Tempo: 19.56s
2025-10-09 19:48:33,201 [INFO] Época 14/30, Batch 50/3348, Loss: 0.2933
2025-10-09 19:48:33,470 [INFO] Época 14/30, Batch 100/3348, Loss: 0.2881
2025-10-09 19:48:33,738 [INFO] Época 14/30, Batch 150/3348, Loss: 0.2623
2025-10-09 19:48:34,007 [INFO] Época 14/30, Batch 200/3348, Loss: 0.2862
2025-10-09 19:48:34,274 [INFO] Época 14/30, Batch 250/3348, Loss: 0.2550
2025-10-09 19:48:34,540 [INFO] Época 14/30, Batch 300/3348, Loss: 0.2336
2025-10-09 19:48:34,805 [INFO] Época 14/30, Batch 350/3348, Loss: 0.2902
2025-10-09 19:48:35,070 [INFO] Época 14/30, Batch 400/3348, Loss: 0.1965
2025-10-09 19:48:35,333 [INFO] Época 14/30, Batch 450/3348, Loss: 0.2294
2025-10-09 19:48:35,594 [INFO] Época 14/30, Batch 500/3348, Loss: 0.3612
2025-10-09 19:48:35,857 [INFO] Época 14/30, Batch 550/3348, Loss: 0.2722
2025-10-09 19:48:36,123 [INFO] Época 14/30, Batch 600/3348, Loss: 0.1924
2025-10-09 19:48:36,389 [INFO] Época 14/30, Batch 650/3348, Loss: 0.2148
2025-10-09 19:48:36,650 [INFO] Época 14/30, Batch 700/3348, Loss: 0.3476
2025-10-09 19:48:36,912 [INFO] Época 14/30, Batch 750/3348, Loss: 0.3133
2025-10-09 19:48:37,173 [INFO] Época 14/30, Batch 800/3348, Loss: 0.2781
2025-10-09 19:48:37,430 [INFO] Época 14/30, Batch 850/3348, Loss: 0.2487
2025-10-09 19:48:37,685 [INFO] Época 14/30, Batch 900/3348, Loss: 0.2483
2025-10-09 19:48:37,941 [INFO] Época 14/30, Batch 950/3348, Loss: 0.3230
2025-10-09 19:48:38,196 [INFO] Época 14/30, Batch 1000/3348, Loss: 0.2651
2025-10-09 19:48:38,451 [INFO] Época 14/30, Batch 1050/3348, Loss: 0.2823
2025-10-09 19:48:38,705 [INFO] Época 14/30, Batch 1100/3348, Loss: 0.3843
2025-10-09 19:48:38,959 [INFO] Época 14/30, Batch 1150/3348, Loss: 0.3045
2025-10-09 19:48:39,220 [INFO] Época 14/30, Batch 1200/3348, Loss: 0.2540
2025-10-09 19:48:39,482 [INFO] Época 14/30, Batch 1250/3348, Loss: 0.3221
2025-10-09 19:48:39,743 [INFO] Época 14/30, Batch 1300/3348, Loss: 0.2471
2025-10-09 19:48:40,003 [INFO] Época 14/30, Batch 1350/3348, Loss: 0.3498
2025-10-09 19:48:40,264 [INFO] Época 14/30, Batch 1400/3348, Loss: 0.4003
2025-10-09 19:48:40,524 [INFO] Época 14/30, Batch 1450/3348, Loss: 0.2356
2025-10-09 19:48:40,788 [INFO] Época 14/30, Batch 1500/3348, Loss: 0.2582
2025-10-09 19:48:41,049 [INFO] Época 14/30, Batch 1550/3348, Loss: 0.2634
2025-10-09 19:48:41,310 [INFO] Época 14/30, Batch 1600/3348, Loss: 0.3324
2025-10-09 19:48:41,569 [INFO] Época 14/30, Batch 1650/3348, Loss: 0.1708
2025-10-09 19:48:41,830 [INFO] Época 14/30, Batch 1700/3348, Loss: 0.3376
2025-10-09 19:48:42,090 [INFO] Época 14/30, Batch 1750/3348, Loss: 0.2359
2025-10-09 19:48:42,352 [INFO] Época 14/30, Batch 1800/3348, Loss: 0.2395
2025-10-09 19:48:42,612 [INFO] Época 14/30, Batch 1850/3348, Loss: 0.3059
2025-10-09 19:48:42,872 [INFO] Época 14/30, Batch 1900/3348, Loss: 0.3217
2025-10-09 19:48:43,132 [INFO] Época 14/30, Batch 1950/3348, Loss: 0.1813
2025-10-09 19:48:43,391 [INFO] Época 14/30, Batch 2000/3348, Loss: 0.2896
2025-10-09 19:48:43,650 [INFO] Época 14/30, Batch 2050/3348, Loss: 0.2928
2025-10-09 19:48:43,908 [INFO] Época 14/30, Batch 2100/3348, Loss: 0.2466
2025-10-09 19:48:44,165 [INFO] Época 14/30, Batch 2150/3348, Loss: 0.2012
2025-10-09 19:48:44,424 [INFO] Época 14/30, Batch 2200/3348, Loss: 0.3188
2025-10-09 19:48:44,684 [INFO] Época 14/30, Batch 2250/3348, Loss: 0.2774
2025-10-09 19:48:44,943 [INFO] Época 14/30, Batch 2300/3348, Loss: 0.2992
2025-10-09 19:48:45,201 [INFO] Época 14/30, Batch 2350/3348, Loss: 0.2970
2025-10-09 19:48:45,460 [INFO] Época 14/30, Batch 2400/3348, Loss: 0.2482
2025-10-09 19:48:45,719 [INFO] Época 14/30, Batch 2450/3348, Loss: 0.2337
2025-10-09 19:48:45,977 [INFO] Época 14/30, Batch 2500/3348, Loss: 0.1972
2025-10-09 19:48:46,239 [INFO] Época 14/30, Batch 2550/3348, Loss: 0.4386
2025-10-09 19:48:46,499 [INFO] Época 14/30, Batch 2600/3348, Loss: 0.2689
2025-10-09 19:48:46,760 [INFO] Época 14/30, Batch 2650/3348, Loss: 0.2833
2025-10-09 19:48:47,021 [INFO] Época 14/30, Batch 2700/3348, Loss: 0.2080
2025-10-09 19:48:47,282 [INFO] Época 14/30, Batch 2750/3348, Loss: 0.2490
2025-10-09 19:48:47,544 [INFO] Época 14/30, Batch 2800/3348, Loss: 0.2372
2025-10-09 19:48:47,803 [INFO] Época 14/30, Batch 2850/3348, Loss: 0.1683
2025-10-09 19:48:48,063 [INFO] Época 14/30, Batch 2900/3348, Loss: 0.3836
2025-10-09 19:48:48,321 [INFO] Época 14/30, Batch 2950/3348, Loss: 0.3114
2025-10-09 19:48:48,582 [INFO] Época 14/30, Batch 3000/3348, Loss: 0.2430
2025-10-09 19:48:48,843 [INFO] Época 14/30, Batch 3050/3348, Loss: 0.3423
2025-10-09 19:48:49,104 [INFO] Época 14/30, Batch 3100/3348, Loss: 0.2452
2025-10-09 19:48:49,363 [INFO] Época 14/30, Batch 3150/3348, Loss: 0.2986
2025-10-09 19:48:49,624 [INFO] Época 14/30, Batch 3200/3348, Loss: 0.2677
2025-10-09 19:48:49,883 [INFO] Época 14/30, Batch 3250/3348, Loss: 0.2523
2025-10-09 19:48:50,143 [INFO] Época 14/30, Batch 3300/3348, Loss: 0.2065
2025-10-09 19:48:52,020 [INFO] [14/30] Train Loss: 0.2653 | Val Loss: 0.3970 | Tempo: 19.43s
2025-10-09 19:48:52,643 [INFO] Época 15/30, Batch 50/3348, Loss: 0.2918
2025-10-09 19:48:52,910 [INFO] Época 15/30, Batch 100/3348, Loss: 0.2017
2025-10-09 19:48:53,176 [INFO] Época 15/30, Batch 150/3348, Loss: 0.2731
2025-10-09 19:48:53,439 [INFO] Época 15/30, Batch 200/3348, Loss: 0.2378
2025-10-09 19:48:53,702 [INFO] Época 15/30, Batch 250/3348, Loss: 0.3561
2025-10-09 19:48:53,963 [INFO] Época 15/30, Batch 300/3348, Loss: 0.2376
2025-10-09 19:48:54,224 [INFO] Época 15/30, Batch 350/3348, Loss: 0.2363
2025-10-09 19:48:54,484 [INFO] Época 15/30, Batch 400/3348, Loss: 0.2491
2025-10-09 19:48:54,747 [INFO] Época 15/30, Batch 450/3348, Loss: 0.2404
2025-10-09 19:48:55,009 [INFO] Época 15/30, Batch 500/3348, Loss: 0.2379
2025-10-09 19:48:55,270 [INFO] Época 15/30, Batch 550/3348, Loss: 0.2899
2025-10-09 19:48:55,534 [INFO] Época 15/30, Batch 600/3348, Loss: 0.1756
2025-10-09 19:48:55,794 [INFO] Época 15/30, Batch 650/3348, Loss: 0.2555
2025-10-09 19:48:56,055 [INFO] Época 15/30, Batch 700/3348, Loss: 0.2410
2025-10-09 19:48:56,315 [INFO] Época 15/30, Batch 750/3348, Loss: 0.3378
2025-10-09 19:48:56,574 [INFO] Época 15/30, Batch 800/3348, Loss: 0.2020
2025-10-09 19:48:56,834 [INFO] Época 15/30, Batch 850/3348, Loss: 0.2487
2025-10-09 19:48:57,095 [INFO] Época 15/30, Batch 900/3348, Loss: 0.2173
2025-10-09 19:48:57,355 [INFO] Época 15/30, Batch 950/3348, Loss: 0.2846
2025-10-09 19:48:57,614 [INFO] Época 15/30, Batch 1000/3348, Loss: 0.2349
2025-10-09 19:48:57,876 [INFO] Época 15/30, Batch 1050/3348, Loss: 0.3731
2025-10-09 19:48:58,136 [INFO] Época 15/30, Batch 1100/3348, Loss: 0.1912
2025-10-09 19:48:58,411 [INFO] Época 15/30, Batch 1150/3348, Loss: 0.2997
2025-10-09 19:48:58,679 [INFO] Época 15/30, Batch 1200/3348, Loss: 0.2267
2025-10-09 19:48:58,929 [INFO] Época 15/30, Batch 1250/3348, Loss: 0.2519
2025-10-09 19:48:59,183 [INFO] Época 15/30, Batch 1300/3348, Loss: 0.2736
2025-10-09 19:48:59,442 [INFO] Época 15/30, Batch 1350/3348, Loss: 0.2703
2025-10-09 19:48:59,700 [INFO] Época 15/30, Batch 1400/3348, Loss: 0.2508
2025-10-09 19:48:59,959 [INFO] Época 15/30, Batch 1450/3348, Loss: 0.2057
2025-10-09 19:49:00,215 [INFO] Época 15/30, Batch 1500/3348, Loss: 0.2743
2025-10-09 19:49:00,472 [INFO] Época 15/30, Batch 1550/3348, Loss: 0.2496
2025-10-09 19:49:00,727 [INFO] Época 15/30, Batch 1600/3348, Loss: 0.2294
2025-10-09 19:49:00,984 [INFO] Época 15/30, Batch 1650/3348, Loss: 0.3061
2025-10-09 19:49:01,240 [INFO] Época 15/30, Batch 1700/3348, Loss: 0.2300
2025-10-09 19:49:01,497 [INFO] Época 15/30, Batch 1750/3348, Loss: 0.2866
2025-10-09 19:49:01,754 [INFO] Época 15/30, Batch 1800/3348, Loss: 0.2836
2025-10-09 19:49:02,017 [INFO] Época 15/30, Batch 1850/3348, Loss: 0.2945
2025-10-09 19:49:02,276 [INFO] Época 15/30, Batch 1900/3348, Loss: 0.2613
2025-10-09 19:49:02,532 [INFO] Época 15/30, Batch 1950/3348, Loss: 0.3331
2025-10-09 19:49:02,787 [INFO] Época 15/30, Batch 2000/3348, Loss: 0.2343
2025-10-09 19:49:03,042 [INFO] Época 15/30, Batch 2050/3348, Loss: 0.1969
2025-10-09 19:49:03,296 [INFO] Época 15/30, Batch 2100/3348, Loss: 0.2351
2025-10-09 19:49:03,552 [INFO] Época 15/30, Batch 2150/3348, Loss: 0.1989
2025-10-09 19:49:03,808 [INFO] Época 15/30, Batch 2200/3348, Loss: 0.2506
2025-10-09 19:49:04,065 [INFO] Época 15/30, Batch 2250/3348, Loss: 0.2632
2025-10-09 19:49:04,323 [INFO] Época 15/30, Batch 2300/3348, Loss: 0.3440
2025-10-09 19:49:04,581 [INFO] Época 15/30, Batch 2350/3348, Loss: 0.3590
2025-10-09 19:49:04,837 [INFO] Época 15/30, Batch 2400/3348, Loss: 0.3017
2025-10-09 19:49:05,095 [INFO] Época 15/30, Batch 2450/3348, Loss: 0.2795
2025-10-09 19:49:05,352 [INFO] Época 15/30, Batch 2500/3348, Loss: 0.2515
2025-10-09 19:49:05,612 [INFO] Época 15/30, Batch 2550/3348, Loss: 0.2374
2025-10-09 19:49:05,867 [INFO] Época 15/30, Batch 2600/3348, Loss: 0.3196
2025-10-09 19:49:06,125 [INFO] Época 15/30, Batch 2650/3348, Loss: 0.3044
2025-10-09 19:49:06,382 [INFO] Época 15/30, Batch 2700/3348, Loss: 0.2505
2025-10-09 19:49:06,639 [INFO] Época 15/30, Batch 2750/3348, Loss: 0.1997
2025-10-09 19:49:06,898 [INFO] Época 15/30, Batch 2800/3348, Loss: 0.2781
2025-10-09 19:49:07,157 [INFO] Época 15/30, Batch 2850/3348, Loss: 0.2567
2025-10-09 19:49:07,421 [INFO] Época 15/30, Batch 2900/3348, Loss: 0.2942
2025-10-09 19:49:07,681 [INFO] Época 15/30, Batch 2950/3348, Loss: 0.3755
2025-10-09 19:49:07,940 [INFO] Época 15/30, Batch 3000/3348, Loss: 0.2512
2025-10-09 19:49:08,199 [INFO] Época 15/30, Batch 3050/3348, Loss: 0.2176
2025-10-09 19:49:08,458 [INFO] Época 15/30, Batch 3100/3348, Loss: 0.2325
2025-10-09 19:49:08,717 [INFO] Época 15/30, Batch 3150/3348, Loss: 0.2202
2025-10-09 19:49:08,974 [INFO] Época 15/30, Batch 3200/3348, Loss: 0.2280
2025-10-09 19:49:09,232 [INFO] Época 15/30, Batch 3250/3348, Loss: 0.2512
2025-10-09 19:49:09,489 [INFO] Época 15/30, Batch 3300/3348, Loss: 0.2016
2025-10-09 19:49:11,414 [INFO] [15/30] Train Loss: 0.2602 | Val Loss: 0.3976 | Tempo: 19.39s
2025-10-09 19:49:12,076 [INFO] Época 16/30, Batch 50/3348, Loss: 0.1871
2025-10-09 19:49:12,367 [INFO] Época 16/30, Batch 100/3348, Loss: 0.2455
2025-10-09 19:49:12,654 [INFO] Época 16/30, Batch 150/3348, Loss: 0.2485
2025-10-09 19:49:12,928 [INFO] Época 16/30, Batch 200/3348, Loss: 0.2307
2025-10-09 19:49:13,206 [INFO] Época 16/30, Batch 250/3348, Loss: 0.1609
2025-10-09 19:49:13,478 [INFO] Época 16/30, Batch 300/3348, Loss: 0.2142
2025-10-09 19:49:13,764 [INFO] Época 16/30, Batch 350/3348, Loss: 0.2004
2025-10-09 19:49:14,050 [INFO] Época 16/30, Batch 400/3348, Loss: 0.1698
2025-10-09 19:49:14,326 [INFO] Época 16/30, Batch 450/3348, Loss: 0.2402
2025-10-09 19:49:14,590 [INFO] Época 16/30, Batch 500/3348, Loss: 0.3514
2025-10-09 19:49:14,856 [INFO] Época 16/30, Batch 550/3348, Loss: 0.2008
2025-10-09 19:49:15,133 [INFO] Época 16/30, Batch 600/3348, Loss: 0.2600
2025-10-09 19:49:15,390 [INFO] Época 16/30, Batch 650/3348, Loss: 0.2683
2025-10-09 19:49:15,650 [INFO] Época 16/30, Batch 700/3348, Loss: 0.2757
2025-10-09 19:49:15,919 [INFO] Época 16/30, Batch 750/3348, Loss: 0.2485
2025-10-09 19:49:16,196 [INFO] Época 16/30, Batch 800/3348, Loss: 0.2844
2025-10-09 19:49:16,481 [INFO] Época 16/30, Batch 850/3348, Loss: 0.1764
2025-10-09 19:49:16,769 [INFO] Época 16/30, Batch 900/3348, Loss: 0.3063
2025-10-09 19:49:17,052 [INFO] Época 16/30, Batch 950/3348, Loss: 0.2830
2025-10-09 19:49:17,335 [INFO] Época 16/30, Batch 1000/3348, Loss: 0.2813
2025-10-09 19:49:17,620 [INFO] Época 16/30, Batch 1050/3348, Loss: 0.2259
2025-10-09 19:49:17,891 [INFO] Época 16/30, Batch 1100/3348, Loss: 0.1749
2025-10-09 19:49:18,162 [INFO] Época 16/30, Batch 1150/3348, Loss: 0.1882
2025-10-09 19:49:18,438 [INFO] Época 16/30, Batch 1200/3348, Loss: 0.2777
2025-10-09 19:49:18,711 [INFO] Época 16/30, Batch 1250/3348, Loss: 0.2074
2025-10-09 19:49:18,976 [INFO] Época 16/30, Batch 1300/3348, Loss: 0.2250
2025-10-09 19:49:19,241 [INFO] Época 16/30, Batch 1350/3348, Loss: 0.2442
2025-10-09 19:49:19,500 [INFO] Época 16/30, Batch 1400/3348, Loss: 0.2144
2025-10-09 19:49:19,760 [INFO] Época 16/30, Batch 1450/3348, Loss: 0.1992
2025-10-09 19:49:20,019 [INFO] Época 16/30, Batch 1500/3348, Loss: 0.3014
2025-10-09 19:49:20,280 [INFO] Época 16/30, Batch 1550/3348, Loss: 0.2594
2025-10-09 19:49:20,542 [INFO] Época 16/30, Batch 1600/3348, Loss: 0.3466
2025-10-09 19:49:20,808 [INFO] Época 16/30, Batch 1650/3348, Loss: 0.2532
2025-10-09 19:49:21,070 [INFO] Época 16/30, Batch 1700/3348, Loss: 0.2246
2025-10-09 19:49:21,330 [INFO] Época 16/30, Batch 1750/3348, Loss: 0.2645
2025-10-09 19:49:21,593 [INFO] Época 16/30, Batch 1800/3348, Loss: 0.2019
2025-10-09 19:49:21,856 [INFO] Época 16/30, Batch 1850/3348, Loss: 0.3117
2025-10-09 19:49:22,116 [INFO] Época 16/30, Batch 1900/3348, Loss: 0.3316
2025-10-09 19:49:22,375 [INFO] Época 16/30, Batch 1950/3348, Loss: 0.2338
2025-10-09 19:49:22,635 [INFO] Época 16/30, Batch 2000/3348, Loss: 0.1932
2025-10-09 19:49:22,892 [INFO] Época 16/30, Batch 2050/3348, Loss: 0.2715
2025-10-09 19:49:23,149 [INFO] Época 16/30, Batch 2100/3348, Loss: 0.2329
2025-10-09 19:49:23,407 [INFO] Época 16/30, Batch 2150/3348, Loss: 0.3477
2025-10-09 19:49:23,673 [INFO] Época 16/30, Batch 2200/3348, Loss: 0.2057
2025-10-09 19:49:23,935 [INFO] Época 16/30, Batch 2250/3348, Loss: 0.3670
2025-10-09 19:49:24,200 [INFO] Época 16/30, Batch 2300/3348, Loss: 0.2442
2025-10-09 19:49:24,466 [INFO] Época 16/30, Batch 2350/3348, Loss: 0.2483
2025-10-09 19:49:24,733 [INFO] Época 16/30, Batch 2400/3348, Loss: 0.2629
2025-10-09 19:49:24,996 [INFO] Época 16/30, Batch 2450/3348, Loss: 0.2612
2025-10-09 19:49:25,258 [INFO] Época 16/30, Batch 2500/3348, Loss: 0.1967
2025-10-09 19:49:25,522 [INFO] Época 16/30, Batch 2550/3348, Loss: 0.1957
2025-10-09 19:49:25,789 [INFO] Época 16/30, Batch 2600/3348, Loss: 0.2940
2025-10-09 19:49:26,052 [INFO] Época 16/30, Batch 2650/3348, Loss: 0.2077
2025-10-09 19:49:26,317 [INFO] Época 16/30, Batch 2700/3348, Loss: 0.1512
2025-10-09 19:49:26,581 [INFO] Época 16/30, Batch 2750/3348, Loss: 0.3089
2025-10-09 19:49:26,846 [INFO] Época 16/30, Batch 2800/3348, Loss: 0.2193
2025-10-09 19:49:27,113 [INFO] Época 16/30, Batch 2850/3348, Loss: 0.3316
2025-10-09 19:49:27,382 [INFO] Época 16/30, Batch 2900/3348, Loss: 0.2850
2025-10-09 19:49:27,650 [INFO] Época 16/30, Batch 2950/3348, Loss: 0.2950
2025-10-09 19:49:27,912 [INFO] Época 16/30, Batch 3000/3348, Loss: 0.2393
2025-10-09 19:49:28,174 [INFO] Época 16/30, Batch 3050/3348, Loss: 0.2838
2025-10-09 19:49:28,440 [INFO] Época 16/30, Batch 3100/3348, Loss: 0.3060
2025-10-09 19:49:28,704 [INFO] Época 16/30, Batch 3150/3348, Loss: 0.2750
2025-10-09 19:49:28,969 [INFO] Época 16/30, Batch 3200/3348, Loss: 0.2194
2025-10-09 19:49:29,235 [INFO] Época 16/30, Batch 3250/3348, Loss: 0.2616
2025-10-09 19:49:29,501 [INFO] Época 16/30, Batch 3300/3348, Loss: 0.1997
2025-10-09 19:49:31,335 [INFO] [16/30] Train Loss: 0.2549 | Val Loss: 0.3983 | Tempo: 19.92s
2025-10-09 19:49:31,336 [INFO] Early stopping ativado após 10 épocas sem melhoria
2025-10-09 19:49:31,336 [INFO] Treinamento concluído em 313.83 segundos (5.23 minutos)
2025-10-09 19:49:31,336 [INFO] Iniciando avaliação no conjunto de teste...
2025-10-09 19:49:32,889 [INFO] Avaliação do teste concluída em 1.55 segundos
2025-10-09 19:49:32,890 [INFO] MSE no teste: 0.7630
2025-10-09 19:49:32,890 [INFO] RMSE no teste: 0.8735
2025-10-09 19:49:32,890 [INFO] MAE no teste: 0.6266
2025-10-09 19:49:32,891 [INFO] Métricas salvas em /mnt/hdd/home/jdurao/ToolBox-ChemXAI/logs/mlp_att3_Morgan_metrics.json
