2025-10-09 23:49:32,471 [INFO] Iniciando treinamento do modelo mlp_att5_EState
2025-10-09 23:49:32,471 [INFO] Configuração: att_index=5, epochs=30, layers=[128, 64, 32], lr=0.001, batch_size=32, descriptor_type=EState
2025-10-09 23:49:32,472 [INFO] Diretório para modelos: /mnt/hdd/home/jdurao/ToolBox-ChemXAI/models
2025-10-09 23:49:32,472 [INFO] Carregando dados...
2025-10-09 23:49:32,556 [INFO] Preparando dataloaders sem ruído...
2025-10-09 23:49:35,289 [INFO] Dados carregados em 2.82 segundos
2025-10-09 23:49:35,289 [INFO] Tamanhos dos conjuntos - Treino: 107108, Validação: 13388, Teste: 13389
2025-10-09 23:49:35,289 [INFO] Usando dispositivo: cuda
2025-10-09 23:49:35,645 [INFO] Dimensão de entrada: 79, Dimensão de saída: 1
2025-10-09 23:49:35,646 [INFO] Criando modelo MLP com camadas: [128, 64, 32]
2025-10-09 23:49:35,648 [INFO] Modelo criado com 20609 parâmetros
2025-10-09 23:49:35,649 [INFO] Iniciando treinamento com 30 épocas...
2025-10-09 23:49:36,215 [INFO] Época 1/30, Batch 50/3348, Loss: 0.4958
2025-10-09 23:49:36,492 [INFO] Época 1/30, Batch 100/3348, Loss: 0.4634
2025-10-09 23:49:36,757 [INFO] Época 1/30, Batch 150/3348, Loss: 0.4822
2025-10-09 23:49:37,020 [INFO] Época 1/30, Batch 200/3348, Loss: 0.5214
2025-10-09 23:49:37,281 [INFO] Época 1/30, Batch 250/3348, Loss: 0.5421
2025-10-09 23:49:37,543 [INFO] Época 1/30, Batch 300/3348, Loss: 0.5129
2025-10-09 23:49:37,803 [INFO] Época 1/30, Batch 350/3348, Loss: 0.3804
2025-10-09 23:49:38,063 [INFO] Época 1/30, Batch 400/3348, Loss: 0.4806
2025-10-09 23:49:38,322 [INFO] Época 1/30, Batch 450/3348, Loss: 0.4614
2025-10-09 23:49:38,582 [INFO] Época 1/30, Batch 500/3348, Loss: 0.4067
2025-10-09 23:49:38,841 [INFO] Época 1/30, Batch 550/3348, Loss: 0.4610
2025-10-09 23:49:39,099 [INFO] Época 1/30, Batch 600/3348, Loss: 0.4618
2025-10-09 23:49:39,358 [INFO] Época 1/30, Batch 650/3348, Loss: 0.4942
2025-10-09 23:49:39,618 [INFO] Época 1/30, Batch 700/3348, Loss: 0.6317
2025-10-09 23:49:39,877 [INFO] Época 1/30, Batch 750/3348, Loss: 0.3782
2025-10-09 23:49:40,134 [INFO] Época 1/30, Batch 800/3348, Loss: 0.5588
2025-10-09 23:49:40,391 [INFO] Época 1/30, Batch 850/3348, Loss: 0.4848
2025-10-09 23:49:40,648 [INFO] Época 1/30, Batch 900/3348, Loss: 0.4686
2025-10-09 23:49:40,908 [INFO] Época 1/30, Batch 950/3348, Loss: 0.3312
2025-10-09 23:49:41,164 [INFO] Época 1/30, Batch 1000/3348, Loss: 0.4591
2025-10-09 23:49:41,420 [INFO] Época 1/30, Batch 1050/3348, Loss: 0.4549
2025-10-09 23:49:41,676 [INFO] Época 1/30, Batch 1100/3348, Loss: 0.3712
2025-10-09 23:49:41,935 [INFO] Época 1/30, Batch 1150/3348, Loss: 0.4062
2025-10-09 23:49:42,191 [INFO] Época 1/30, Batch 1200/3348, Loss: 0.6110
2025-10-09 23:49:42,447 [INFO] Época 1/30, Batch 1250/3348, Loss: 0.4407
2025-10-09 23:49:42,705 [INFO] Época 1/30, Batch 1300/3348, Loss: 0.4150
2025-10-09 23:49:42,963 [INFO] Época 1/30, Batch 1350/3348, Loss: 0.3603
2025-10-09 23:49:43,219 [INFO] Época 1/30, Batch 1400/3348, Loss: 0.3196
2025-10-09 23:49:43,477 [INFO] Época 1/30, Batch 1450/3348, Loss: 0.3878
2025-10-09 23:49:43,733 [INFO] Época 1/30, Batch 1500/3348, Loss: 0.4711
2025-10-09 23:49:43,989 [INFO] Época 1/30, Batch 1550/3348, Loss: 0.4721
2025-10-09 23:49:44,247 [INFO] Época 1/30, Batch 1600/3348, Loss: 0.4801
2025-10-09 23:49:44,503 [INFO] Época 1/30, Batch 1650/3348, Loss: 0.4641
2025-10-09 23:49:44,762 [INFO] Época 1/30, Batch 1700/3348, Loss: 0.4009
2025-10-09 23:49:45,018 [INFO] Época 1/30, Batch 1750/3348, Loss: 0.3136
2025-10-09 23:49:45,275 [INFO] Época 1/30, Batch 1800/3348, Loss: 0.3954
2025-10-09 23:49:45,533 [INFO] Época 1/30, Batch 1850/3348, Loss: 0.5477
2025-10-09 23:49:45,790 [INFO] Época 1/30, Batch 1900/3348, Loss: 0.4428
2025-10-09 23:49:46,046 [INFO] Época 1/30, Batch 1950/3348, Loss: 0.3724
2025-10-09 23:49:46,304 [INFO] Época 1/30, Batch 2000/3348, Loss: 0.4605
2025-10-09 23:49:46,560 [INFO] Época 1/30, Batch 2050/3348, Loss: 0.5456
2025-10-09 23:49:46,817 [INFO] Época 1/30, Batch 2100/3348, Loss: 0.4033
2025-10-09 23:49:47,071 [INFO] Época 1/30, Batch 2150/3348, Loss: 0.5675
2025-10-09 23:49:47,324 [INFO] Época 1/30, Batch 2200/3348, Loss: 0.3934
2025-10-09 23:49:47,579 [INFO] Época 1/30, Batch 2250/3348, Loss: 0.3949
2025-10-09 23:49:47,834 [INFO] Época 1/30, Batch 2300/3348, Loss: 0.3752
2025-10-09 23:49:48,090 [INFO] Época 1/30, Batch 2350/3348, Loss: 0.3947
2025-10-09 23:49:48,344 [INFO] Época 1/30, Batch 2400/3348, Loss: 0.5497
2025-10-09 23:49:48,599 [INFO] Época 1/30, Batch 2450/3348, Loss: 0.5061
2025-10-09 23:49:48,857 [INFO] Época 1/30, Batch 2500/3348, Loss: 0.3374
2025-10-09 23:49:49,112 [INFO] Época 1/30, Batch 2550/3348, Loss: 0.3196
2025-10-09 23:49:49,369 [INFO] Época 1/30, Batch 2600/3348, Loss: 0.5213
2025-10-09 23:49:49,623 [INFO] Época 1/30, Batch 2650/3348, Loss: 0.3663
2025-10-09 23:49:49,877 [INFO] Época 1/30, Batch 2700/3348, Loss: 0.4040
2025-10-09 23:49:50,135 [INFO] Época 1/30, Batch 2750/3348, Loss: 0.3402
2025-10-09 23:49:50,394 [INFO] Época 1/30, Batch 2800/3348, Loss: 0.4695
2025-10-09 23:49:50,648 [INFO] Época 1/30, Batch 2850/3348, Loss: 0.4125
2025-10-09 23:49:50,903 [INFO] Época 1/30, Batch 2900/3348, Loss: 0.3722
2025-10-09 23:49:51,159 [INFO] Época 1/30, Batch 2950/3348, Loss: 0.3700
2025-10-09 23:49:51,415 [INFO] Época 1/30, Batch 3000/3348, Loss: 0.4215
2025-10-09 23:49:51,671 [INFO] Época 1/30, Batch 3050/3348, Loss: 0.4880
2025-10-09 23:49:51,927 [INFO] Época 1/30, Batch 3100/3348, Loss: 0.4039
2025-10-09 23:49:52,182 [INFO] Época 1/30, Batch 3150/3348, Loss: 0.5050
2025-10-09 23:49:52,438 [INFO] Época 1/30, Batch 3200/3348, Loss: 0.5972
2025-10-09 23:49:52,696 [INFO] Época 1/30, Batch 3250/3348, Loss: 0.4474
2025-10-09 23:49:52,953 [INFO] Época 1/30, Batch 3300/3348, Loss: 0.3150
2025-10-09 23:49:54,790 [INFO] [1/30] Train Loss: 0.4329 | Val Loss: 0.3907 | Tempo: 19.14s
2025-10-09 23:49:54,794 [INFO] Melhor modelo salvo em: /mnt/hdd/home/jdurao/ToolBox-ChemXAI/models/mlp_qm9_EState_att5_large.pth
2025-10-09 23:49:55,365 [INFO] Época 2/30, Batch 50/3348, Loss: 0.4582
2025-10-09 23:49:55,637 [INFO] Época 2/30, Batch 100/3348, Loss: 0.3894
2025-10-09 23:49:55,907 [INFO] Época 2/30, Batch 150/3348, Loss: 0.3478
2025-10-09 23:49:56,176 [INFO] Época 2/30, Batch 200/3348, Loss: 0.4105
2025-10-09 23:49:56,446 [INFO] Época 2/30, Batch 250/3348, Loss: 0.5596
2025-10-09 23:49:56,714 [INFO] Época 2/30, Batch 300/3348, Loss: 0.4351
2025-10-09 23:49:56,977 [INFO] Época 2/30, Batch 350/3348, Loss: 0.4241
2025-10-09 23:49:57,235 [INFO] Época 2/30, Batch 400/3348, Loss: 0.5023
2025-10-09 23:49:57,493 [INFO] Época 2/30, Batch 450/3348, Loss: 0.3837
2025-10-09 23:49:57,750 [INFO] Época 2/30, Batch 500/3348, Loss: 0.5574
2025-10-09 23:49:58,008 [INFO] Época 2/30, Batch 550/3348, Loss: 0.4785
2025-10-09 23:49:58,266 [INFO] Época 2/30, Batch 600/3348, Loss: 0.4304
2025-10-09 23:49:58,525 [INFO] Época 2/30, Batch 650/3348, Loss: 0.5306
2025-10-09 23:49:58,781 [INFO] Época 2/30, Batch 700/3348, Loss: 0.3485
2025-10-09 23:49:59,034 [INFO] Época 2/30, Batch 750/3348, Loss: 0.4758
2025-10-09 23:49:59,291 [INFO] Época 2/30, Batch 800/3348, Loss: 0.2784
2025-10-09 23:49:59,550 [INFO] Época 2/30, Batch 850/3348, Loss: 0.3189
2025-10-09 23:49:59,809 [INFO] Época 2/30, Batch 900/3348, Loss: 0.4256
2025-10-09 23:50:00,072 [INFO] Época 2/30, Batch 950/3348, Loss: 0.4514
2025-10-09 23:50:00,331 [INFO] Época 2/30, Batch 1000/3348, Loss: 0.3477
2025-10-09 23:50:00,591 [INFO] Época 2/30, Batch 1050/3348, Loss: 0.4139
2025-10-09 23:50:00,851 [INFO] Época 2/30, Batch 1100/3348, Loss: 0.4307
2025-10-09 23:50:01,111 [INFO] Época 2/30, Batch 1150/3348, Loss: 0.3720
2025-10-09 23:50:01,372 [INFO] Época 2/30, Batch 1200/3348, Loss: 0.4620
2025-10-09 23:50:01,634 [INFO] Época 2/30, Batch 1250/3348, Loss: 0.2963
2025-10-09 23:50:01,896 [INFO] Época 2/30, Batch 1300/3348, Loss: 0.3501
2025-10-09 23:50:02,157 [INFO] Época 2/30, Batch 1350/3348, Loss: 0.4431
2025-10-09 23:50:02,418 [INFO] Época 2/30, Batch 1400/3348, Loss: 0.3727
2025-10-09 23:50:02,676 [INFO] Época 2/30, Batch 1450/3348, Loss: 0.2883
2025-10-09 23:50:02,934 [INFO] Época 2/30, Batch 1500/3348, Loss: 0.4122
2025-10-09 23:50:03,194 [INFO] Época 2/30, Batch 1550/3348, Loss: 0.4362
2025-10-09 23:50:03,452 [INFO] Época 2/30, Batch 1600/3348, Loss: 0.4908
2025-10-09 23:50:03,711 [INFO] Época 2/30, Batch 1650/3348, Loss: 0.3503
2025-10-09 23:50:03,969 [INFO] Época 2/30, Batch 1700/3348, Loss: 0.4075
2025-10-09 23:50:04,230 [INFO] Época 2/30, Batch 1750/3348, Loss: 0.5504
2025-10-09 23:50:04,491 [INFO] Época 2/30, Batch 1800/3348, Loss: 0.4092
2025-10-09 23:50:04,753 [INFO] Época 2/30, Batch 1850/3348, Loss: 0.4258
2025-10-09 23:50:05,014 [INFO] Época 2/30, Batch 1900/3348, Loss: 0.3155
2025-10-09 23:50:05,275 [INFO] Época 2/30, Batch 1950/3348, Loss: 0.4276
2025-10-09 23:50:05,533 [INFO] Época 2/30, Batch 2000/3348, Loss: 0.4606
2025-10-09 23:50:05,793 [INFO] Época 2/30, Batch 2050/3348, Loss: 0.3752
2025-10-09 23:50:06,052 [INFO] Época 2/30, Batch 2100/3348, Loss: 0.3721
2025-10-09 23:50:06,311 [INFO] Época 2/30, Batch 2150/3348, Loss: 0.4419
2025-10-09 23:50:06,571 [INFO] Época 2/30, Batch 2200/3348, Loss: 0.3307
2025-10-09 23:50:06,832 [INFO] Época 2/30, Batch 2250/3348, Loss: 0.4184
2025-10-09 23:50:07,093 [INFO] Época 2/30, Batch 2300/3348, Loss: 0.3633
2025-10-09 23:50:07,352 [INFO] Época 2/30, Batch 2350/3348, Loss: 0.3761
2025-10-09 23:50:07,612 [INFO] Época 2/30, Batch 2400/3348, Loss: 0.5196
2025-10-09 23:50:07,882 [INFO] Época 2/30, Batch 2450/3348, Loss: 0.4673
2025-10-09 23:50:08,149 [INFO] Época 2/30, Batch 2500/3348, Loss: 0.4299
2025-10-09 23:50:08,418 [INFO] Época 2/30, Batch 2550/3348, Loss: 0.3481
2025-10-09 23:50:08,686 [INFO] Época 2/30, Batch 2600/3348, Loss: 0.3169
2025-10-09 23:50:08,951 [INFO] Época 2/30, Batch 2650/3348, Loss: 0.3676
2025-10-09 23:50:09,214 [INFO] Época 2/30, Batch 2700/3348, Loss: 0.4152
2025-10-09 23:50:09,483 [INFO] Época 2/30, Batch 2750/3348, Loss: 0.3789
2025-10-09 23:50:09,750 [INFO] Época 2/30, Batch 2800/3348, Loss: 0.4781
2025-10-09 23:50:10,013 [INFO] Época 2/30, Batch 2850/3348, Loss: 0.3743
2025-10-09 23:50:10,272 [INFO] Época 2/30, Batch 2900/3348, Loss: 0.3769
2025-10-09 23:50:10,527 [INFO] Época 2/30, Batch 2950/3348, Loss: 0.3232
2025-10-09 23:50:10,782 [INFO] Época 2/30, Batch 3000/3348, Loss: 0.4031
2025-10-09 23:50:11,033 [INFO] Época 2/30, Batch 3050/3348, Loss: 0.3683
2025-10-09 23:50:11,284 [INFO] Época 2/30, Batch 3100/3348, Loss: 0.4320
2025-10-09 23:50:11,534 [INFO] Época 2/30, Batch 3150/3348, Loss: 0.4362
2025-10-09 23:50:11,794 [INFO] Época 2/30, Batch 3200/3348, Loss: 0.3693
2025-10-09 23:50:12,053 [INFO] Época 2/30, Batch 3250/3348, Loss: 0.3813
2025-10-09 23:50:12,312 [INFO] Época 2/30, Batch 3300/3348, Loss: 0.4176
2025-10-09 23:50:14,093 [INFO] [2/30] Train Loss: 0.4160 | Val Loss: 0.3836 | Tempo: 19.30s
2025-10-09 23:50:14,097 [INFO] Melhor modelo salvo em: /mnt/hdd/home/jdurao/ToolBox-ChemXAI/models/mlp_qm9_EState_att5_large.pth
2025-10-09 23:50:14,661 [INFO] Época 3/30, Batch 50/3348, Loss: 0.3759
2025-10-09 23:50:14,924 [INFO] Época 3/30, Batch 100/3348, Loss: 0.3479
2025-10-09 23:50:15,185 [INFO] Época 3/30, Batch 150/3348, Loss: 0.4888
2025-10-09 23:50:15,445 [INFO] Época 3/30, Batch 200/3348, Loss: 0.4218
2025-10-09 23:50:15,706 [INFO] Época 3/30, Batch 250/3348, Loss: 0.3571
2025-10-09 23:50:15,965 [INFO] Época 3/30, Batch 300/3348, Loss: 0.2704
2025-10-09 23:50:16,227 [INFO] Época 3/30, Batch 350/3348, Loss: 0.3651
2025-10-09 23:50:16,488 [INFO] Época 3/30, Batch 400/3348, Loss: 0.4036
2025-10-09 23:50:16,750 [INFO] Época 3/30, Batch 450/3348, Loss: 0.4306
2025-10-09 23:50:17,014 [INFO] Época 3/30, Batch 500/3348, Loss: 0.4040
2025-10-09 23:50:17,276 [INFO] Época 3/30, Batch 550/3348, Loss: 0.3902
2025-10-09 23:50:17,538 [INFO] Época 3/30, Batch 600/3348, Loss: 0.4018
2025-10-09 23:50:17,798 [INFO] Época 3/30, Batch 650/3348, Loss: 0.4098
2025-10-09 23:50:18,057 [INFO] Época 3/30, Batch 700/3348, Loss: 0.3975
2025-10-09 23:50:18,314 [INFO] Época 3/30, Batch 750/3348, Loss: 0.3987
2025-10-09 23:50:18,571 [INFO] Época 3/30, Batch 800/3348, Loss: 0.5019
2025-10-09 23:50:18,829 [INFO] Época 3/30, Batch 850/3348, Loss: 0.3148
2025-10-09 23:50:19,085 [INFO] Época 3/30, Batch 900/3348, Loss: 0.3902
2025-10-09 23:50:19,343 [INFO] Época 3/30, Batch 950/3348, Loss: 0.3819
2025-10-09 23:50:19,600 [INFO] Época 3/30, Batch 1000/3348, Loss: 0.3870
2025-10-09 23:50:19,859 [INFO] Época 3/30, Batch 1050/3348, Loss: 0.3920
2025-10-09 23:50:20,121 [INFO] Época 3/30, Batch 1100/3348, Loss: 0.4582
2025-10-09 23:50:20,383 [INFO] Época 3/30, Batch 1150/3348, Loss: 0.4515
2025-10-09 23:50:20,640 [INFO] Época 3/30, Batch 1200/3348, Loss: 0.3152
2025-10-09 23:50:20,900 [INFO] Época 3/30, Batch 1250/3348, Loss: 0.3356
2025-10-09 23:50:21,159 [INFO] Época 3/30, Batch 1300/3348, Loss: 0.4210
2025-10-09 23:50:21,415 [INFO] Época 3/30, Batch 1350/3348, Loss: 0.4004
2025-10-09 23:50:21,673 [INFO] Época 3/30, Batch 1400/3348, Loss: 0.3085
2025-10-09 23:50:21,932 [INFO] Época 3/30, Batch 1450/3348, Loss: 0.3766
2025-10-09 23:50:22,189 [INFO] Época 3/30, Batch 1500/3348, Loss: 0.3435
2025-10-09 23:50:22,448 [INFO] Época 3/30, Batch 1550/3348, Loss: 0.4468
2025-10-09 23:50:22,706 [INFO] Época 3/30, Batch 1600/3348, Loss: 0.4874
2025-10-09 23:50:22,963 [INFO] Época 3/30, Batch 1650/3348, Loss: 0.4841
2025-10-09 23:50:23,222 [INFO] Época 3/30, Batch 1700/3348, Loss: 0.6253
2025-10-09 23:50:23,479 [INFO] Época 3/30, Batch 1750/3348, Loss: 0.3218
2025-10-09 23:50:23,741 [INFO] Época 3/30, Batch 1800/3348, Loss: 0.3463
2025-10-09 23:50:23,999 [INFO] Época 3/30, Batch 1850/3348, Loss: 0.3199
2025-10-09 23:50:24,258 [INFO] Época 3/30, Batch 1900/3348, Loss: 0.4789
2025-10-09 23:50:24,514 [INFO] Época 3/30, Batch 1950/3348, Loss: 0.2976
2025-10-09 23:50:24,774 [INFO] Época 3/30, Batch 2000/3348, Loss: 0.3540
2025-10-09 23:50:25,037 [INFO] Época 3/30, Batch 2050/3348, Loss: 0.6183
2025-10-09 23:50:25,297 [INFO] Época 3/30, Batch 2100/3348, Loss: 0.4100
2025-10-09 23:50:25,558 [INFO] Época 3/30, Batch 2150/3348, Loss: 0.4446
2025-10-09 23:50:25,818 [INFO] Época 3/30, Batch 2200/3348, Loss: 0.4996
2025-10-09 23:50:26,079 [INFO] Época 3/30, Batch 2250/3348, Loss: 0.4739
2025-10-09 23:50:26,341 [INFO] Época 3/30, Batch 2300/3348, Loss: 0.4216
2025-10-09 23:50:26,602 [INFO] Época 3/30, Batch 2350/3348, Loss: 0.3980
2025-10-09 23:50:26,861 [INFO] Época 3/30, Batch 2400/3348, Loss: 0.4701
2025-10-09 23:50:27,120 [INFO] Época 3/30, Batch 2450/3348, Loss: 0.5234
2025-10-09 23:50:27,378 [INFO] Época 3/30, Batch 2500/3348, Loss: 0.4189
2025-10-09 23:50:27,637 [INFO] Época 3/30, Batch 2550/3348, Loss: 0.5294
2025-10-09 23:50:27,896 [INFO] Época 3/30, Batch 2600/3348, Loss: 0.4265
2025-10-09 23:50:28,153 [INFO] Época 3/30, Batch 2650/3348, Loss: 0.3934
2025-10-09 23:50:28,410 [INFO] Época 3/30, Batch 2700/3348, Loss: 0.3883
2025-10-09 23:50:28,670 [INFO] Época 3/30, Batch 2750/3348, Loss: 0.4094
2025-10-09 23:50:28,930 [INFO] Época 3/30, Batch 2800/3348, Loss: 0.3787
2025-10-09 23:50:29,188 [INFO] Época 3/30, Batch 2850/3348, Loss: 0.4382
2025-10-09 23:50:29,445 [INFO] Época 3/30, Batch 2900/3348, Loss: 0.3106
2025-10-09 23:50:29,703 [INFO] Época 3/30, Batch 2950/3348, Loss: 0.4503
2025-10-09 23:50:29,960 [INFO] Época 3/30, Batch 3000/3348, Loss: 0.2730
2025-10-09 23:50:30,218 [INFO] Época 3/30, Batch 3050/3348, Loss: 0.3963
2025-10-09 23:50:30,478 [INFO] Época 3/30, Batch 3100/3348, Loss: 0.4252
2025-10-09 23:50:30,738 [INFO] Época 3/30, Batch 3150/3348, Loss: 0.4612
2025-10-09 23:50:30,998 [INFO] Época 3/30, Batch 3200/3348, Loss: 0.3546
2025-10-09 23:50:31,257 [INFO] Época 3/30, Batch 3250/3348, Loss: 0.3241
2025-10-09 23:50:31,516 [INFO] Época 3/30, Batch 3300/3348, Loss: 0.4102
2025-10-09 23:50:33,364 [INFO] [3/30] Train Loss: 0.4117 | Val Loss: 0.3785 | Tempo: 19.27s
2025-10-09 23:50:33,368 [INFO] Melhor modelo salvo em: /mnt/hdd/home/jdurao/ToolBox-ChemXAI/models/mlp_qm9_EState_att5_large.pth
2025-10-09 23:50:33,937 [INFO] Época 4/30, Batch 50/3348, Loss: 0.6023
2025-10-09 23:50:34,208 [INFO] Época 4/30, Batch 100/3348, Loss: 0.4697
2025-10-09 23:50:34,477 [INFO] Época 4/30, Batch 150/3348, Loss: 0.4200
2025-10-09 23:50:34,745 [INFO] Época 4/30, Batch 200/3348, Loss: 0.3362
2025-10-09 23:50:35,013 [INFO] Época 4/30, Batch 250/3348, Loss: 0.4241
2025-10-09 23:50:35,284 [INFO] Época 4/30, Batch 300/3348, Loss: 0.3833
2025-10-09 23:50:35,553 [INFO] Época 4/30, Batch 350/3348, Loss: 0.2209
2025-10-09 23:50:35,822 [INFO] Época 4/30, Batch 400/3348, Loss: 0.5747
2025-10-09 23:50:36,088 [INFO] Época 4/30, Batch 450/3348, Loss: 0.3663
2025-10-09 23:50:36,357 [INFO] Época 4/30, Batch 500/3348, Loss: 0.4534
2025-10-09 23:50:36,633 [INFO] Época 4/30, Batch 550/3348, Loss: 0.3552
2025-10-09 23:50:36,907 [INFO] Época 4/30, Batch 600/3348, Loss: 0.4478
2025-10-09 23:50:37,183 [INFO] Época 4/30, Batch 650/3348, Loss: 0.3081
2025-10-09 23:50:37,456 [INFO] Época 4/30, Batch 700/3348, Loss: 0.4937
2025-10-09 23:50:37,731 [INFO] Época 4/30, Batch 750/3348, Loss: 0.4017
2025-10-09 23:50:38,006 [INFO] Época 4/30, Batch 800/3348, Loss: 0.3375
2025-10-09 23:50:38,272 [INFO] Época 4/30, Batch 850/3348, Loss: 0.3158
2025-10-09 23:50:38,539 [INFO] Época 4/30, Batch 900/3348, Loss: 0.3765
2025-10-09 23:50:38,806 [INFO] Época 4/30, Batch 950/3348, Loss: 0.4072
2025-10-09 23:50:39,073 [INFO] Época 4/30, Batch 1000/3348, Loss: 0.4436
2025-10-09 23:50:39,341 [INFO] Época 4/30, Batch 1050/3348, Loss: 0.2957
2025-10-09 23:50:39,607 [INFO] Época 4/30, Batch 1100/3348, Loss: 0.4044
2025-10-09 23:50:39,874 [INFO] Época 4/30, Batch 1150/3348, Loss: 0.3965
2025-10-09 23:50:40,138 [INFO] Época 4/30, Batch 1200/3348, Loss: 0.2479
2025-10-09 23:50:40,407 [INFO] Época 4/30, Batch 1250/3348, Loss: 0.3525
2025-10-09 23:50:40,675 [INFO] Época 4/30, Batch 1300/3348, Loss: 0.4481
2025-10-09 23:50:40,942 [INFO] Época 4/30, Batch 1350/3348, Loss: 0.5138
2025-10-09 23:50:41,209 [INFO] Época 4/30, Batch 1400/3348, Loss: 0.4778
2025-10-09 23:50:41,475 [INFO] Época 4/30, Batch 1450/3348, Loss: 0.3324
2025-10-09 23:50:41,743 [INFO] Época 4/30, Batch 1500/3348, Loss: 0.3868
2025-10-09 23:50:42,017 [INFO] Época 4/30, Batch 1550/3348, Loss: 0.3284
2025-10-09 23:50:42,292 [INFO] Época 4/30, Batch 1600/3348, Loss: 0.4185
2025-10-09 23:50:42,565 [INFO] Época 4/30, Batch 1650/3348, Loss: 0.3256
2025-10-09 23:50:42,840 [INFO] Época 4/30, Batch 1700/3348, Loss: 0.4493
2025-10-09 23:50:43,115 [INFO] Época 4/30, Batch 1750/3348, Loss: 0.3217
2025-10-09 23:50:43,389 [INFO] Época 4/30, Batch 1800/3348, Loss: 0.4257
2025-10-09 23:50:43,663 [INFO] Época 4/30, Batch 1850/3348, Loss: 0.3774
2025-10-09 23:50:43,937 [INFO] Época 4/30, Batch 1900/3348, Loss: 0.3889
2025-10-09 23:50:44,211 [INFO] Época 4/30, Batch 1950/3348, Loss: 0.4023
2025-10-09 23:50:44,485 [INFO] Época 4/30, Batch 2000/3348, Loss: 0.4167
2025-10-09 23:50:44,760 [INFO] Época 4/30, Batch 2050/3348, Loss: 0.2653
2025-10-09 23:50:45,032 [INFO] Época 4/30, Batch 2100/3348, Loss: 0.5236
2025-10-09 23:50:45,306 [INFO] Época 4/30, Batch 2150/3348, Loss: 0.3699
2025-10-09 23:50:45,580 [INFO] Época 4/30, Batch 2200/3348, Loss: 0.4103
2025-10-09 23:50:45,854 [INFO] Época 4/30, Batch 2250/3348, Loss: 0.3929
2025-10-09 23:50:46,127 [INFO] Época 4/30, Batch 2300/3348, Loss: 0.4562
2025-10-09 23:50:46,404 [INFO] Época 4/30, Batch 2350/3348, Loss: 0.3833
2025-10-09 23:50:46,677 [INFO] Época 4/30, Batch 2400/3348, Loss: 0.3589
2025-10-09 23:50:46,952 [INFO] Época 4/30, Batch 2450/3348, Loss: 0.3891
2025-10-09 23:50:47,225 [INFO] Época 4/30, Batch 2500/3348, Loss: 0.4785
2025-10-09 23:50:47,500 [INFO] Época 4/30, Batch 2550/3348, Loss: 0.4088
2025-10-09 23:50:47,774 [INFO] Época 4/30, Batch 2600/3348, Loss: 0.3163
2025-10-09 23:50:48,048 [INFO] Época 4/30, Batch 2650/3348, Loss: 0.3246
2025-10-09 23:50:48,321 [INFO] Época 4/30, Batch 2700/3348, Loss: 0.3846
2025-10-09 23:50:48,598 [INFO] Época 4/30, Batch 2750/3348, Loss: 0.3376
2025-10-09 23:50:48,872 [INFO] Época 4/30, Batch 2800/3348, Loss: 0.4497
2025-10-09 23:50:49,148 [INFO] Época 4/30, Batch 2850/3348, Loss: 0.3705
2025-10-09 23:50:49,421 [INFO] Época 4/30, Batch 2900/3348, Loss: 0.4171
2025-10-09 23:50:49,696 [INFO] Época 4/30, Batch 2950/3348, Loss: 0.3226
2025-10-09 23:50:49,968 [INFO] Época 4/30, Batch 3000/3348, Loss: 0.3602
2025-10-09 23:50:50,243 [INFO] Época 4/30, Batch 3050/3348, Loss: 0.2924
2025-10-09 23:50:50,517 [INFO] Época 4/30, Batch 3100/3348, Loss: 0.3656
2025-10-09 23:50:50,787 [INFO] Época 4/30, Batch 3150/3348, Loss: 0.4176
2025-10-09 23:50:51,053 [INFO] Época 4/30, Batch 3200/3348, Loss: 0.5083
2025-10-09 23:50:51,318 [INFO] Época 4/30, Batch 3250/3348, Loss: 0.3691
2025-10-09 23:50:51,585 [INFO] Época 4/30, Batch 3300/3348, Loss: 0.5177
2025-10-09 23:50:53,390 [INFO] [4/30] Train Loss: 0.4079 | Val Loss: 0.3783 | Tempo: 20.02s
2025-10-09 23:50:53,394 [INFO] Melhor modelo salvo em: /mnt/hdd/home/jdurao/ToolBox-ChemXAI/models/mlp_qm9_EState_att5_large.pth
2025-10-09 23:50:53,970 [INFO] Época 5/30, Batch 50/3348, Loss: 0.4763
2025-10-09 23:50:54,243 [INFO] Época 5/30, Batch 100/3348, Loss: 0.3986
2025-10-09 23:50:54,511 [INFO] Época 5/30, Batch 150/3348, Loss: 0.3216
2025-10-09 23:50:54,778 [INFO] Época 5/30, Batch 200/3348, Loss: 0.3496
2025-10-09 23:50:55,045 [INFO] Época 5/30, Batch 250/3348, Loss: 0.4580
2025-10-09 23:50:55,311 [INFO] Época 5/30, Batch 300/3348, Loss: 0.4661
2025-10-09 23:50:55,578 [INFO] Época 5/30, Batch 350/3348, Loss: 0.3673
2025-10-09 23:50:55,843 [INFO] Época 5/30, Batch 400/3348, Loss: 0.4711
2025-10-09 23:50:56,107 [INFO] Época 5/30, Batch 450/3348, Loss: 0.4746
2025-10-09 23:50:56,372 [INFO] Época 5/30, Batch 500/3348, Loss: 0.3832
2025-10-09 23:50:56,639 [INFO] Época 5/30, Batch 550/3348, Loss: 0.4031
2025-10-09 23:50:56,908 [INFO] Época 5/30, Batch 600/3348, Loss: 0.3462
2025-10-09 23:50:57,173 [INFO] Época 5/30, Batch 650/3348, Loss: 0.4001
2025-10-09 23:50:57,437 [INFO] Época 5/30, Batch 700/3348, Loss: 0.3510
2025-10-09 23:50:57,701 [INFO] Época 5/30, Batch 750/3348, Loss: 0.4028
2025-10-09 23:50:57,965 [INFO] Época 5/30, Batch 800/3348, Loss: 0.3600
2025-10-09 23:50:58,227 [INFO] Época 5/30, Batch 850/3348, Loss: 0.5005
2025-10-09 23:50:58,484 [INFO] Época 5/30, Batch 900/3348, Loss: 0.4046
2025-10-09 23:50:58,741 [INFO] Época 5/30, Batch 950/3348, Loss: 0.3899
2025-10-09 23:50:58,998 [INFO] Época 5/30, Batch 1000/3348, Loss: 0.5101
2025-10-09 23:50:59,254 [INFO] Época 5/30, Batch 1050/3348, Loss: 0.3446
2025-10-09 23:50:59,513 [INFO] Época 5/30, Batch 1100/3348, Loss: 0.4040
2025-10-09 23:50:59,771 [INFO] Época 5/30, Batch 1150/3348, Loss: 0.3576
2025-10-09 23:51:00,030 [INFO] Época 5/30, Batch 1200/3348, Loss: 0.3999
2025-10-09 23:51:00,290 [INFO] Época 5/30, Batch 1250/3348, Loss: 0.5015
2025-10-09 23:51:00,551 [INFO] Época 5/30, Batch 1300/3348, Loss: 0.4707
2025-10-09 23:51:00,813 [INFO] Época 5/30, Batch 1350/3348, Loss: 0.3855
2025-10-09 23:51:01,075 [INFO] Época 5/30, Batch 1400/3348, Loss: 0.4072
2025-10-09 23:51:01,335 [INFO] Época 5/30, Batch 1450/3348, Loss: 0.3226
2025-10-09 23:51:01,596 [INFO] Época 5/30, Batch 1500/3348, Loss: 0.4271
2025-10-09 23:51:01,857 [INFO] Época 5/30, Batch 1550/3348, Loss: 0.4537
2025-10-09 23:51:02,118 [INFO] Época 5/30, Batch 1600/3348, Loss: 0.5030
2025-10-09 23:51:02,378 [INFO] Época 5/30, Batch 1650/3348, Loss: 0.5160
2025-10-09 23:51:02,641 [INFO] Época 5/30, Batch 1700/3348, Loss: 0.3955
2025-10-09 23:51:02,902 [INFO] Época 5/30, Batch 1750/3348, Loss: 0.3849
2025-10-09 23:51:03,161 [INFO] Época 5/30, Batch 1800/3348, Loss: 0.4203
2025-10-09 23:51:03,422 [INFO] Época 5/30, Batch 1850/3348, Loss: 0.3707
2025-10-09 23:51:03,682 [INFO] Época 5/30, Batch 1900/3348, Loss: 0.4140
2025-10-09 23:51:03,943 [INFO] Época 5/30, Batch 1950/3348, Loss: 0.3581
2025-10-09 23:51:04,199 [INFO] Época 5/30, Batch 2000/3348, Loss: 0.3765
2025-10-09 23:51:04,456 [INFO] Época 5/30, Batch 2050/3348, Loss: 0.3997
2025-10-09 23:51:04,715 [INFO] Época 5/30, Batch 2100/3348, Loss: 0.3706
2025-10-09 23:51:04,974 [INFO] Época 5/30, Batch 2150/3348, Loss: 0.4507
2025-10-09 23:51:05,235 [INFO] Época 5/30, Batch 2200/3348, Loss: 0.3024
2025-10-09 23:51:05,493 [INFO] Época 5/30, Batch 2250/3348, Loss: 0.4098
2025-10-09 23:51:05,752 [INFO] Época 5/30, Batch 2300/3348, Loss: 0.5186
2025-10-09 23:51:06,010 [INFO] Época 5/30, Batch 2350/3348, Loss: 0.5366
2025-10-09 23:51:06,268 [INFO] Época 5/30, Batch 2400/3348, Loss: 0.4534
2025-10-09 23:51:06,527 [INFO] Época 5/30, Batch 2450/3348, Loss: 0.4766
2025-10-09 23:51:06,787 [INFO] Época 5/30, Batch 2500/3348, Loss: 0.3831
2025-10-09 23:51:07,049 [INFO] Época 5/30, Batch 2550/3348, Loss: 0.3386
2025-10-09 23:51:07,308 [INFO] Época 5/30, Batch 2600/3348, Loss: 0.4920
2025-10-09 23:51:07,569 [INFO] Época 5/30, Batch 2650/3348, Loss: 0.3665
2025-10-09 23:51:07,828 [INFO] Época 5/30, Batch 2700/3348, Loss: 0.4476
2025-10-09 23:51:08,086 [INFO] Época 5/30, Batch 2750/3348, Loss: 0.3586
2025-10-09 23:51:08,345 [INFO] Época 5/30, Batch 2800/3348, Loss: 0.3667
2025-10-09 23:51:08,606 [INFO] Época 5/30, Batch 2850/3348, Loss: 0.4913
2025-10-09 23:51:08,866 [INFO] Época 5/30, Batch 2900/3348, Loss: 0.3485
2025-10-09 23:51:09,123 [INFO] Época 5/30, Batch 2950/3348, Loss: 0.5279
2025-10-09 23:51:09,381 [INFO] Época 5/30, Batch 3000/3348, Loss: 0.3904
2025-10-09 23:51:09,639 [INFO] Época 5/30, Batch 3050/3348, Loss: 0.3804
2025-10-09 23:51:09,899 [INFO] Época 5/30, Batch 3100/3348, Loss: 0.3693
2025-10-09 23:51:10,159 [INFO] Época 5/30, Batch 3150/3348, Loss: 0.4725
2025-10-09 23:51:10,417 [INFO] Época 5/30, Batch 3200/3348, Loss: 0.2906
2025-10-09 23:51:10,679 [INFO] Época 5/30, Batch 3250/3348, Loss: 0.4975
2025-10-09 23:51:10,949 [INFO] Época 5/30, Batch 3300/3348, Loss: 0.4147
2025-10-09 23:51:12,767 [INFO] [5/30] Train Loss: 0.4065 | Val Loss: 0.3768 | Tempo: 19.37s
2025-10-09 23:51:12,772 [INFO] Melhor modelo salvo em: /mnt/hdd/home/jdurao/ToolBox-ChemXAI/models/mlp_qm9_EState_att5_large.pth
2025-10-09 23:51:13,338 [INFO] Época 6/30, Batch 50/3348, Loss: 0.3134
2025-10-09 23:51:13,604 [INFO] Época 6/30, Batch 100/3348, Loss: 0.4169
2025-10-09 23:51:13,866 [INFO] Época 6/30, Batch 150/3348, Loss: 0.4684
2025-10-09 23:51:14,124 [INFO] Época 6/30, Batch 200/3348, Loss: 0.4925
2025-10-09 23:51:14,382 [INFO] Época 6/30, Batch 250/3348, Loss: 0.3307
2025-10-09 23:51:14,644 [INFO] Época 6/30, Batch 300/3348, Loss: 0.3592
2025-10-09 23:51:14,905 [INFO] Época 6/30, Batch 350/3348, Loss: 0.4862
2025-10-09 23:51:15,164 [INFO] Época 6/30, Batch 400/3348, Loss: 0.4226
2025-10-09 23:51:15,421 [INFO] Época 6/30, Batch 450/3348, Loss: 0.4793
2025-10-09 23:51:15,680 [INFO] Época 6/30, Batch 500/3348, Loss: 0.4855
2025-10-09 23:51:15,938 [INFO] Época 6/30, Batch 550/3348, Loss: 0.3937
2025-10-09 23:51:16,197 [INFO] Época 6/30, Batch 600/3348, Loss: 0.4603
2025-10-09 23:51:16,455 [INFO] Época 6/30, Batch 650/3348, Loss: 0.4404
2025-10-09 23:51:16,713 [INFO] Época 6/30, Batch 700/3348, Loss: 0.3490
2025-10-09 23:51:16,971 [INFO] Época 6/30, Batch 750/3348, Loss: 0.3655
2025-10-09 23:51:17,228 [INFO] Época 6/30, Batch 800/3348, Loss: 0.4566
2025-10-09 23:51:17,486 [INFO] Época 6/30, Batch 850/3348, Loss: 0.4884
2025-10-09 23:51:17,744 [INFO] Época 6/30, Batch 900/3348, Loss: 0.3103
2025-10-09 23:51:18,001 [INFO] Época 6/30, Batch 950/3348, Loss: 0.4291
2025-10-09 23:51:18,254 [INFO] Época 6/30, Batch 1000/3348, Loss: 0.3290
2025-10-09 23:51:18,512 [INFO] Época 6/30, Batch 1050/3348, Loss: 0.3095
2025-10-09 23:51:18,768 [INFO] Época 6/30, Batch 1100/3348, Loss: 0.3670
2025-10-09 23:51:19,026 [INFO] Época 6/30, Batch 1150/3348, Loss: 0.3120
2025-10-09 23:51:19,284 [INFO] Época 6/30, Batch 1200/3348, Loss: 0.4263
2025-10-09 23:51:19,542 [INFO] Época 6/30, Batch 1250/3348, Loss: 0.4023
2025-10-09 23:51:19,802 [INFO] Época 6/30, Batch 1300/3348, Loss: 0.4023
2025-10-09 23:51:20,061 [INFO] Época 6/30, Batch 1350/3348, Loss: 0.5768
2025-10-09 23:51:20,322 [INFO] Época 6/30, Batch 1400/3348, Loss: 0.4158
2025-10-09 23:51:20,579 [INFO] Época 6/30, Batch 1450/3348, Loss: 0.3890
2025-10-09 23:51:20,836 [INFO] Época 6/30, Batch 1500/3348, Loss: 0.2713
2025-10-09 23:51:21,091 [INFO] Época 6/30, Batch 1550/3348, Loss: 0.4597
2025-10-09 23:51:21,346 [INFO] Época 6/30, Batch 1600/3348, Loss: 0.4300
2025-10-09 23:51:21,601 [INFO] Época 6/30, Batch 1650/3348, Loss: 0.3999
2025-10-09 23:51:21,857 [INFO] Época 6/30, Batch 1700/3348, Loss: 0.4100
2025-10-09 23:51:22,118 [INFO] Época 6/30, Batch 1750/3348, Loss: 0.3609
2025-10-09 23:51:22,380 [INFO] Época 6/30, Batch 1800/3348, Loss: 0.2752
2025-10-09 23:51:22,640 [INFO] Época 6/30, Batch 1850/3348, Loss: 0.4445
2025-10-09 23:51:22,903 [INFO] Época 6/30, Batch 1900/3348, Loss: 0.5375
2025-10-09 23:51:23,169 [INFO] Época 6/30, Batch 1950/3348, Loss: 0.3651
2025-10-09 23:51:23,436 [INFO] Época 6/30, Batch 2000/3348, Loss: 0.4192
2025-10-09 23:51:23,697 [INFO] Época 6/30, Batch 2050/3348, Loss: 0.4382
2025-10-09 23:51:23,960 [INFO] Época 6/30, Batch 2100/3348, Loss: 0.4766
2025-10-09 23:51:24,224 [INFO] Época 6/30, Batch 2150/3348, Loss: 0.4329
2025-10-09 23:51:24,487 [INFO] Época 6/30, Batch 2200/3348, Loss: 0.5288
2025-10-09 23:51:24,748 [INFO] Época 6/30, Batch 2250/3348, Loss: 0.3264
2025-10-09 23:51:25,010 [INFO] Época 6/30, Batch 2300/3348, Loss: 0.3365
2025-10-09 23:51:25,271 [INFO] Época 6/30, Batch 2350/3348, Loss: 0.3641
2025-10-09 23:51:25,534 [INFO] Época 6/30, Batch 2400/3348, Loss: 0.4465
2025-10-09 23:51:25,798 [INFO] Época 6/30, Batch 2450/3348, Loss: 0.2837
2025-10-09 23:51:26,060 [INFO] Época 6/30, Batch 2500/3348, Loss: 0.3940
2025-10-09 23:51:26,323 [INFO] Época 6/30, Batch 2550/3348, Loss: 0.4165
2025-10-09 23:51:26,587 [INFO] Época 6/30, Batch 2600/3348, Loss: 0.4027
2025-10-09 23:51:26,849 [INFO] Época 6/30, Batch 2650/3348, Loss: 0.4802
2025-10-09 23:51:27,109 [INFO] Época 6/30, Batch 2700/3348, Loss: 0.4558
2025-10-09 23:51:27,370 [INFO] Época 6/30, Batch 2750/3348, Loss: 0.3690
2025-10-09 23:51:27,632 [INFO] Época 6/30, Batch 2800/3348, Loss: 0.3291
2025-10-09 23:51:27,894 [INFO] Época 6/30, Batch 2850/3348, Loss: 0.3378
2025-10-09 23:51:28,154 [INFO] Época 6/30, Batch 2900/3348, Loss: 0.3944
2025-10-09 23:51:28,415 [INFO] Época 6/30, Batch 2950/3348, Loss: 0.3347
2025-10-09 23:51:28,676 [INFO] Época 6/30, Batch 3000/3348, Loss: 0.3977
2025-10-09 23:51:28,936 [INFO] Época 6/30, Batch 3050/3348, Loss: 0.4485
2025-10-09 23:51:29,198 [INFO] Época 6/30, Batch 3100/3348, Loss: 0.4008
2025-10-09 23:51:29,459 [INFO] Época 6/30, Batch 3150/3348, Loss: 0.4931
2025-10-09 23:51:29,724 [INFO] Época 6/30, Batch 3200/3348, Loss: 0.4422
2025-10-09 23:51:29,986 [INFO] Época 6/30, Batch 3250/3348, Loss: 0.3088
2025-10-09 23:51:30,249 [INFO] Época 6/30, Batch 3300/3348, Loss: 0.5342
2025-10-09 23:51:32,054 [INFO] [6/30] Train Loss: 0.4042 | Val Loss: 0.3744 | Tempo: 19.28s
2025-10-09 23:51:32,058 [INFO] Melhor modelo salvo em: /mnt/hdd/home/jdurao/ToolBox-ChemXAI/models/mlp_qm9_EState_att5_large.pth
2025-10-09 23:51:32,623 [INFO] Época 7/30, Batch 50/3348, Loss: 0.3787
2025-10-09 23:51:32,888 [INFO] Época 7/30, Batch 100/3348, Loss: 0.4063
2025-10-09 23:51:33,153 [INFO] Época 7/30, Batch 150/3348, Loss: 0.3947
2025-10-09 23:51:33,417 [INFO] Época 7/30, Batch 200/3348, Loss: 0.3087
2025-10-09 23:51:33,677 [INFO] Época 7/30, Batch 250/3348, Loss: 0.4187
2025-10-09 23:51:33,937 [INFO] Época 7/30, Batch 300/3348, Loss: 0.4612
2025-10-09 23:51:34,194 [INFO] Época 7/30, Batch 350/3348, Loss: 0.4099
2025-10-09 23:51:34,453 [INFO] Época 7/30, Batch 400/3348, Loss: 0.5073
2025-10-09 23:51:34,712 [INFO] Época 7/30, Batch 450/3348, Loss: 0.4430
2025-10-09 23:51:34,969 [INFO] Época 7/30, Batch 500/3348, Loss: 0.3832
2025-10-09 23:51:35,226 [INFO] Época 7/30, Batch 550/3348, Loss: 0.5680
2025-10-09 23:51:35,482 [INFO] Época 7/30, Batch 600/3348, Loss: 0.4053
2025-10-09 23:51:35,741 [INFO] Época 7/30, Batch 650/3348, Loss: 0.3853
2025-10-09 23:51:35,999 [INFO] Época 7/30, Batch 700/3348, Loss: 0.5087
2025-10-09 23:51:36,257 [INFO] Época 7/30, Batch 750/3348, Loss: 0.5084
2025-10-09 23:51:36,519 [INFO] Época 7/30, Batch 800/3348, Loss: 0.3686
2025-10-09 23:51:36,777 [INFO] Época 7/30, Batch 850/3348, Loss: 0.3582
2025-10-09 23:51:37,037 [INFO] Época 7/30, Batch 900/3348, Loss: 0.3897
2025-10-09 23:51:37,295 [INFO] Época 7/30, Batch 950/3348, Loss: 0.4382
2025-10-09 23:51:37,553 [INFO] Época 7/30, Batch 1000/3348, Loss: 0.4398
2025-10-09 23:51:37,812 [INFO] Época 7/30, Batch 1050/3348, Loss: 0.5134
2025-10-09 23:51:38,070 [INFO] Época 7/30, Batch 1100/3348, Loss: 0.4516
2025-10-09 23:51:38,332 [INFO] Época 7/30, Batch 1150/3348, Loss: 0.3815
2025-10-09 23:51:38,595 [INFO] Época 7/30, Batch 1200/3348, Loss: 0.4067
2025-10-09 23:51:38,855 [INFO] Época 7/30, Batch 1250/3348, Loss: 0.3903
2025-10-09 23:51:39,113 [INFO] Época 7/30, Batch 1300/3348, Loss: 0.4154
2025-10-09 23:51:39,370 [INFO] Época 7/30, Batch 1350/3348, Loss: 0.5250
2025-10-09 23:51:39,629 [INFO] Época 7/30, Batch 1400/3348, Loss: 0.4525
2025-10-09 23:51:39,890 [INFO] Época 7/30, Batch 1450/3348, Loss: 0.4299
2025-10-09 23:51:40,147 [INFO] Época 7/30, Batch 1500/3348, Loss: 0.2736
2025-10-09 23:51:40,405 [INFO] Época 7/30, Batch 1550/3348, Loss: 0.4051
2025-10-09 23:51:40,662 [INFO] Época 7/30, Batch 1600/3348, Loss: 0.5776
2025-10-09 23:51:40,920 [INFO] Época 7/30, Batch 1650/3348, Loss: 0.2837
2025-10-09 23:51:41,179 [INFO] Época 7/30, Batch 1700/3348, Loss: 0.4281
2025-10-09 23:51:41,437 [INFO] Época 7/30, Batch 1750/3348, Loss: 0.3951
2025-10-09 23:51:41,699 [INFO] Época 7/30, Batch 1800/3348, Loss: 0.3995
2025-10-09 23:51:41,963 [INFO] Época 7/30, Batch 1850/3348, Loss: 0.3798
2025-10-09 23:51:42,228 [INFO] Época 7/30, Batch 1900/3348, Loss: 0.2984
2025-10-09 23:51:42,492 [INFO] Época 7/30, Batch 1950/3348, Loss: 0.3474
2025-10-09 23:51:42,756 [INFO] Época 7/30, Batch 2000/3348, Loss: 0.4461
2025-10-09 23:51:43,019 [INFO] Época 7/30, Batch 2050/3348, Loss: 0.4477
2025-10-09 23:51:43,283 [INFO] Época 7/30, Batch 2100/3348, Loss: 0.3807
2025-10-09 23:51:43,547 [INFO] Época 7/30, Batch 2150/3348, Loss: 0.5455
2025-10-09 23:51:43,812 [INFO] Época 7/30, Batch 2200/3348, Loss: 0.4311
2025-10-09 23:51:44,075 [INFO] Época 7/30, Batch 2250/3348, Loss: 0.4449
2025-10-09 23:51:44,334 [INFO] Época 7/30, Batch 2300/3348, Loss: 0.3717
2025-10-09 23:51:44,594 [INFO] Época 7/30, Batch 2350/3348, Loss: 0.3253
2025-10-09 23:51:44,856 [INFO] Época 7/30, Batch 2400/3348, Loss: 0.5139
2025-10-09 23:51:45,121 [INFO] Época 7/30, Batch 2450/3348, Loss: 0.4643
2025-10-09 23:51:45,384 [INFO] Época 7/30, Batch 2500/3348, Loss: 0.4156
2025-10-09 23:51:45,648 [INFO] Época 7/30, Batch 2550/3348, Loss: 0.3845
2025-10-09 23:51:45,912 [INFO] Época 7/30, Batch 2600/3348, Loss: 0.4768
2025-10-09 23:51:46,173 [INFO] Época 7/30, Batch 2650/3348, Loss: 0.2870
2025-10-09 23:51:46,439 [INFO] Época 7/30, Batch 2700/3348, Loss: 0.3682
2025-10-09 23:51:46,701 [INFO] Época 7/30, Batch 2750/3348, Loss: 0.3350
2025-10-09 23:51:46,963 [INFO] Época 7/30, Batch 2800/3348, Loss: 0.4342
2025-10-09 23:51:47,223 [INFO] Época 7/30, Batch 2850/3348, Loss: 0.4326
2025-10-09 23:51:47,480 [INFO] Época 7/30, Batch 2900/3348, Loss: 0.3599
2025-10-09 23:51:47,741 [INFO] Época 7/30, Batch 2950/3348, Loss: 0.3071
2025-10-09 23:51:47,998 [INFO] Época 7/30, Batch 3000/3348, Loss: 0.4772
2025-10-09 23:51:48,255 [INFO] Época 7/30, Batch 3050/3348, Loss: 0.4391
2025-10-09 23:51:48,514 [INFO] Época 7/30, Batch 3100/3348, Loss: 0.3656
2025-10-09 23:51:48,773 [INFO] Época 7/30, Batch 3150/3348, Loss: 0.4787
2025-10-09 23:51:49,032 [INFO] Época 7/30, Batch 3200/3348, Loss: 0.4209
2025-10-09 23:51:49,291 [INFO] Época 7/30, Batch 3250/3348, Loss: 0.5643
2025-10-09 23:51:49,548 [INFO] Época 7/30, Batch 3300/3348, Loss: 0.3881
2025-10-09 23:51:51,375 [INFO] [7/30] Train Loss: 0.4029 | Val Loss: 0.3799 | Tempo: 19.32s
2025-10-09 23:51:51,948 [INFO] Época 8/30, Batch 50/3348, Loss: 0.2316
2025-10-09 23:51:52,219 [INFO] Época 8/30, Batch 100/3348, Loss: 0.3727
2025-10-09 23:51:52,488 [INFO] Época 8/30, Batch 150/3348, Loss: 0.3737
2025-10-09 23:51:52,757 [INFO] Época 8/30, Batch 200/3348, Loss: 0.2857
2025-10-09 23:51:53,025 [INFO] Época 8/30, Batch 250/3348, Loss: 0.3600
2025-10-09 23:51:53,292 [INFO] Época 8/30, Batch 300/3348, Loss: 0.2747
2025-10-09 23:51:53,558 [INFO] Época 8/30, Batch 350/3348, Loss: 0.3839
2025-10-09 23:51:53,827 [INFO] Época 8/30, Batch 400/3348, Loss: 0.3887
2025-10-09 23:51:54,094 [INFO] Época 8/30, Batch 450/3348, Loss: 0.3966
2025-10-09 23:51:54,363 [INFO] Época 8/30, Batch 500/3348, Loss: 0.3769
2025-10-09 23:51:54,630 [INFO] Época 8/30, Batch 550/3348, Loss: 0.4564
2025-10-09 23:51:54,894 [INFO] Época 8/30, Batch 600/3348, Loss: 0.4458
2025-10-09 23:51:55,160 [INFO] Época 8/30, Batch 650/3348, Loss: 0.3773
2025-10-09 23:51:55,429 [INFO] Época 8/30, Batch 700/3348, Loss: 0.3460
2025-10-09 23:51:55,695 [INFO] Época 8/30, Batch 750/3348, Loss: 0.3132
2025-10-09 23:51:55,960 [INFO] Época 8/30, Batch 800/3348, Loss: 0.3187
2025-10-09 23:51:56,225 [INFO] Época 8/30, Batch 850/3348, Loss: 0.3126
2025-10-09 23:51:56,491 [INFO] Época 8/30, Batch 900/3348, Loss: 0.4024
2025-10-09 23:51:56,757 [INFO] Época 8/30, Batch 950/3348, Loss: 0.4537
2025-10-09 23:51:57,024 [INFO] Época 8/30, Batch 1000/3348, Loss: 0.2974
2025-10-09 23:51:57,288 [INFO] Época 8/30, Batch 1050/3348, Loss: 0.3297
2025-10-09 23:51:57,555 [INFO] Época 8/30, Batch 1100/3348, Loss: 0.3666
2025-10-09 23:51:57,820 [INFO] Época 8/30, Batch 1150/3348, Loss: 0.4528
2025-10-09 23:51:58,087 [INFO] Época 8/30, Batch 1200/3348, Loss: 0.3344
2025-10-09 23:51:58,353 [INFO] Época 8/30, Batch 1250/3348, Loss: 0.4338
2025-10-09 23:51:58,618 [INFO] Época 8/30, Batch 1300/3348, Loss: 0.6191
2025-10-09 23:51:58,883 [INFO] Época 8/30, Batch 1350/3348, Loss: 0.3658
2025-10-09 23:51:59,148 [INFO] Época 8/30, Batch 1400/3348, Loss: 0.4795
2025-10-09 23:51:59,414 [INFO] Época 8/30, Batch 1450/3348, Loss: 0.4395
2025-10-09 23:51:59,678 [INFO] Época 8/30, Batch 1500/3348, Loss: 0.4162
2025-10-09 23:51:59,944 [INFO] Época 8/30, Batch 1550/3348, Loss: 0.3430
2025-10-09 23:52:00,210 [INFO] Época 8/30, Batch 1600/3348, Loss: 0.4905
2025-10-09 23:52:00,476 [INFO] Época 8/30, Batch 1650/3348, Loss: 0.4574
2025-10-09 23:52:00,743 [INFO] Época 8/30, Batch 1700/3348, Loss: 0.4960
2025-10-09 23:52:01,008 [INFO] Época 8/30, Batch 1750/3348, Loss: 0.4053
2025-10-09 23:52:01,274 [INFO] Época 8/30, Batch 1800/3348, Loss: 0.4651
2025-10-09 23:52:01,540 [INFO] Época 8/30, Batch 1850/3348, Loss: 0.4774
2025-10-09 23:52:01,802 [INFO] Época 8/30, Batch 1900/3348, Loss: 0.3723
2025-10-09 23:52:02,061 [INFO] Época 8/30, Batch 1950/3348, Loss: 0.3954
2025-10-09 23:52:02,320 [INFO] Época 8/30, Batch 2000/3348, Loss: 0.3054
2025-10-09 23:52:02,580 [INFO] Época 8/30, Batch 2050/3348, Loss: 0.4128
2025-10-09 23:52:02,838 [INFO] Época 8/30, Batch 2100/3348, Loss: 0.4420
2025-10-09 23:52:03,096 [INFO] Época 8/30, Batch 2150/3348, Loss: 0.4456
2025-10-09 23:52:03,354 [INFO] Época 8/30, Batch 2200/3348, Loss: 0.4527
2025-10-09 23:52:03,616 [INFO] Época 8/30, Batch 2250/3348, Loss: 0.4847
2025-10-09 23:52:03,875 [INFO] Época 8/30, Batch 2300/3348, Loss: 0.5020
2025-10-09 23:52:04,133 [INFO] Época 8/30, Batch 2350/3348, Loss: 0.5019
2025-10-09 23:52:04,391 [INFO] Época 8/30, Batch 2400/3348, Loss: 0.2651
2025-10-09 23:52:04,649 [INFO] Época 8/30, Batch 2450/3348, Loss: 0.4561
2025-10-09 23:52:04,907 [INFO] Época 8/30, Batch 2500/3348, Loss: 0.5146
2025-10-09 23:52:05,165 [INFO] Época 8/30, Batch 2550/3348, Loss: 0.3792
2025-10-09 23:52:05,421 [INFO] Época 8/30, Batch 2600/3348, Loss: 0.3690
2025-10-09 23:52:05,678 [INFO] Época 8/30, Batch 2650/3348, Loss: 0.4342
2025-10-09 23:52:05,935 [INFO] Época 8/30, Batch 2700/3348, Loss: 0.3525
2025-10-09 23:52:06,193 [INFO] Época 8/30, Batch 2750/3348, Loss: 0.4464
2025-10-09 23:52:06,450 [INFO] Época 8/30, Batch 2800/3348, Loss: 0.4136
2025-10-09 23:52:06,708 [INFO] Época 8/30, Batch 2850/3348, Loss: 0.4973
2025-10-09 23:52:06,965 [INFO] Época 8/30, Batch 2900/3348, Loss: 0.3669
2025-10-09 23:52:07,223 [INFO] Época 8/30, Batch 2950/3348, Loss: 0.3880
2025-10-09 23:52:07,481 [INFO] Época 8/30, Batch 3000/3348, Loss: 0.4094
2025-10-09 23:52:07,739 [INFO] Época 8/30, Batch 3050/3348, Loss: 0.4160
2025-10-09 23:52:07,997 [INFO] Época 8/30, Batch 3100/3348, Loss: 0.4184
2025-10-09 23:52:08,255 [INFO] Época 8/30, Batch 3150/3348, Loss: 0.5371
2025-10-09 23:52:08,512 [INFO] Época 8/30, Batch 3200/3348, Loss: 0.5108
2025-10-09 23:52:08,771 [INFO] Época 8/30, Batch 3250/3348, Loss: 0.3749
2025-10-09 23:52:09,030 [INFO] Época 8/30, Batch 3300/3348, Loss: 0.4366
2025-10-09 23:52:10,870 [INFO] [8/30] Train Loss: 0.4010 | Val Loss: 0.3816 | Tempo: 19.49s
2025-10-09 23:52:11,435 [INFO] Época 9/30, Batch 50/3348, Loss: 0.4002
2025-10-09 23:52:11,698 [INFO] Época 9/30, Batch 100/3348, Loss: 0.4373
2025-10-09 23:52:11,964 [INFO] Época 9/30, Batch 150/3348, Loss: 0.3888
2025-10-09 23:52:12,227 [INFO] Época 9/30, Batch 200/3348, Loss: 0.4956
2025-10-09 23:52:12,488 [INFO] Época 9/30, Batch 250/3348, Loss: 0.4148
2025-10-09 23:52:12,748 [INFO] Época 9/30, Batch 300/3348, Loss: 0.3913
2025-10-09 23:52:13,009 [INFO] Época 9/30, Batch 350/3348, Loss: 0.3737
2025-10-09 23:52:13,272 [INFO] Época 9/30, Batch 400/3348, Loss: 0.3326
2025-10-09 23:52:13,535 [INFO] Época 9/30, Batch 450/3348, Loss: 0.3546
2025-10-09 23:52:13,799 [INFO] Época 9/30, Batch 500/3348, Loss: 0.3416
2025-10-09 23:52:14,059 [INFO] Época 9/30, Batch 550/3348, Loss: 0.4512
2025-10-09 23:52:14,320 [INFO] Época 9/30, Batch 600/3348, Loss: 0.4243
2025-10-09 23:52:14,582 [INFO] Época 9/30, Batch 650/3348, Loss: 0.4552
2025-10-09 23:52:14,842 [INFO] Época 9/30, Batch 700/3348, Loss: 0.3372
2025-10-09 23:52:15,103 [INFO] Época 9/30, Batch 750/3348, Loss: 0.4437
2025-10-09 23:52:15,357 [INFO] Época 9/30, Batch 800/3348, Loss: 0.3601
2025-10-09 23:52:15,604 [INFO] Época 9/30, Batch 850/3348, Loss: 0.3426
2025-10-09 23:52:15,852 [INFO] Época 9/30, Batch 900/3348, Loss: 0.4546
2025-10-09 23:52:16,101 [INFO] Época 9/30, Batch 950/3348, Loss: 0.4033
2025-10-09 23:52:16,348 [INFO] Época 9/30, Batch 1000/3348, Loss: 0.3283
2025-10-09 23:52:16,593 [INFO] Época 9/30, Batch 1050/3348, Loss: 0.4977
2025-10-09 23:52:16,839 [INFO] Época 9/30, Batch 1100/3348, Loss: 0.2754
2025-10-09 23:52:17,086 [INFO] Época 9/30, Batch 1150/3348, Loss: 0.3108
2025-10-09 23:52:17,337 [INFO] Época 9/30, Batch 1200/3348, Loss: 0.3694
2025-10-09 23:52:17,601 [INFO] Época 9/30, Batch 1250/3348, Loss: 0.4122
2025-10-09 23:52:17,865 [INFO] Época 9/30, Batch 1300/3348, Loss: 0.5649
2025-10-09 23:52:18,128 [INFO] Época 9/30, Batch 1350/3348, Loss: 0.4251
2025-10-09 23:52:18,391 [INFO] Época 9/30, Batch 1400/3348, Loss: 0.4260
2025-10-09 23:52:18,653 [INFO] Época 9/30, Batch 1450/3348, Loss: 0.3165
2025-10-09 23:52:18,916 [INFO] Época 9/30, Batch 1500/3348, Loss: 0.3162
2025-10-09 23:52:19,176 [INFO] Época 9/30, Batch 1550/3348, Loss: 0.4947
2025-10-09 23:52:19,435 [INFO] Época 9/30, Batch 1600/3348, Loss: 0.4380
2025-10-09 23:52:19,697 [INFO] Época 9/30, Batch 1650/3348, Loss: 0.3891
2025-10-09 23:52:19,963 [INFO] Época 9/30, Batch 1700/3348, Loss: 0.3998
2025-10-09 23:52:20,230 [INFO] Época 9/30, Batch 1750/3348, Loss: 0.3129
2025-10-09 23:52:20,500 [INFO] Época 9/30, Batch 1800/3348, Loss: 0.3122
2025-10-09 23:52:20,767 [INFO] Época 9/30, Batch 1850/3348, Loss: 0.3762
2025-10-09 23:52:21,037 [INFO] Época 9/30, Batch 1900/3348, Loss: 0.3477
2025-10-09 23:52:21,307 [INFO] Época 9/30, Batch 1950/3348, Loss: 0.4194
2025-10-09 23:52:21,578 [INFO] Época 9/30, Batch 2000/3348, Loss: 0.3428
2025-10-09 23:52:21,840 [INFO] Época 9/30, Batch 2050/3348, Loss: 0.5312
2025-10-09 23:52:22,101 [INFO] Época 9/30, Batch 2100/3348, Loss: 0.4246
2025-10-09 23:52:22,363 [INFO] Época 9/30, Batch 2150/3348, Loss: 0.3666
2025-10-09 23:52:22,622 [INFO] Época 9/30, Batch 2200/3348, Loss: 0.4229
2025-10-09 23:52:22,881 [INFO] Época 9/30, Batch 2250/3348, Loss: 0.4191
2025-10-09 23:52:23,138 [INFO] Época 9/30, Batch 2300/3348, Loss: 0.5525
2025-10-09 23:52:23,395 [INFO] Época 9/30, Batch 2350/3348, Loss: 0.5643
2025-10-09 23:52:23,655 [INFO] Época 9/30, Batch 2400/3348, Loss: 0.3179
2025-10-09 23:52:23,915 [INFO] Época 9/30, Batch 2450/3348, Loss: 0.3282
2025-10-09 23:52:24,179 [INFO] Época 9/30, Batch 2500/3348, Loss: 0.4058
2025-10-09 23:52:24,439 [INFO] Época 9/30, Batch 2550/3348, Loss: 0.3711
2025-10-09 23:52:24,699 [INFO] Época 9/30, Batch 2600/3348, Loss: 0.3516
2025-10-09 23:52:24,959 [INFO] Época 9/30, Batch 2650/3348, Loss: 0.4418
2025-10-09 23:52:25,222 [INFO] Época 9/30, Batch 2700/3348, Loss: 0.3663
2025-10-09 23:52:25,484 [INFO] Época 9/30, Batch 2750/3348, Loss: 0.4562
2025-10-09 23:52:25,748 [INFO] Época 9/30, Batch 2800/3348, Loss: 0.3224
2025-10-09 23:52:26,009 [INFO] Época 9/30, Batch 2850/3348, Loss: 0.3268
2025-10-09 23:52:26,270 [INFO] Época 9/30, Batch 2900/3348, Loss: 0.2334
2025-10-09 23:52:26,531 [INFO] Época 9/30, Batch 2950/3348, Loss: 0.4088
2025-10-09 23:52:26,792 [INFO] Época 9/30, Batch 3000/3348, Loss: 0.4946
2025-10-09 23:52:27,054 [INFO] Época 9/30, Batch 3050/3348, Loss: 0.4946
2025-10-09 23:52:27,315 [INFO] Época 9/30, Batch 3100/3348, Loss: 0.5368
2025-10-09 23:52:27,578 [INFO] Época 9/30, Batch 3150/3348, Loss: 0.4203
2025-10-09 23:52:27,845 [INFO] Época 9/30, Batch 3200/3348, Loss: 0.5090
2025-10-09 23:52:28,110 [INFO] Época 9/30, Batch 3250/3348, Loss: 0.5864
2025-10-09 23:52:28,370 [INFO] Época 9/30, Batch 3300/3348, Loss: 0.5560
2025-10-09 23:52:30,170 [INFO] [9/30] Train Loss: 0.4003 | Val Loss: 0.3744 | Tempo: 19.30s
2025-10-09 23:52:30,730 [INFO] Época 10/30, Batch 50/3348, Loss: 0.3140
2025-10-09 23:52:30,993 [INFO] Época 10/30, Batch 100/3348, Loss: 0.3664
2025-10-09 23:52:31,253 [INFO] Época 10/30, Batch 150/3348, Loss: 0.3748
2025-10-09 23:52:31,512 [INFO] Época 10/30, Batch 200/3348, Loss: 0.4458
2025-10-09 23:52:31,773 [INFO] Época 10/30, Batch 250/3348, Loss: 0.3705
2025-10-09 23:52:32,032 [INFO] Época 10/30, Batch 300/3348, Loss: 0.4727
2025-10-09 23:52:32,290 [INFO] Época 10/30, Batch 350/3348, Loss: 0.3981
2025-10-09 23:52:32,548 [INFO] Época 10/30, Batch 400/3348, Loss: 0.3248
2025-10-09 23:52:32,808 [INFO] Época 10/30, Batch 450/3348, Loss: 0.4126
2025-10-09 23:52:33,066 [INFO] Época 10/30, Batch 500/3348, Loss: 0.5496
2025-10-09 23:52:33,326 [INFO] Época 10/30, Batch 550/3348, Loss: 0.3921
2025-10-09 23:52:33,585 [INFO] Época 10/30, Batch 600/3348, Loss: 0.6057
2025-10-09 23:52:33,843 [INFO] Época 10/30, Batch 650/3348, Loss: 0.3893
2025-10-09 23:52:34,102 [INFO] Época 10/30, Batch 700/3348, Loss: 0.4677
2025-10-09 23:52:34,360 [INFO] Época 10/30, Batch 750/3348, Loss: 0.4523
2025-10-09 23:52:34,619 [INFO] Época 10/30, Batch 800/3348, Loss: 0.3923
2025-10-09 23:52:34,878 [INFO] Época 10/30, Batch 850/3348, Loss: 0.4099
2025-10-09 23:52:35,137 [INFO] Época 10/30, Batch 900/3348, Loss: 0.3913
2025-10-09 23:52:35,396 [INFO] Época 10/30, Batch 950/3348, Loss: 0.3320
2025-10-09 23:52:35,657 [INFO] Época 10/30, Batch 1000/3348, Loss: 0.2990
2025-10-09 23:52:35,924 [INFO] Época 10/30, Batch 1050/3348, Loss: 0.4123
2025-10-09 23:52:36,192 [INFO] Época 10/30, Batch 1100/3348, Loss: 0.2845
2025-10-09 23:52:36,459 [INFO] Época 10/30, Batch 1150/3348, Loss: 0.3894
2025-10-09 23:52:36,726 [INFO] Época 10/30, Batch 1200/3348, Loss: 0.3939
2025-10-09 23:52:36,995 [INFO] Época 10/30, Batch 1250/3348, Loss: 0.4638
2025-10-09 23:52:37,263 [INFO] Época 10/30, Batch 1300/3348, Loss: 0.3955
2025-10-09 23:52:37,532 [INFO] Época 10/30, Batch 1350/3348, Loss: 0.3737
2025-10-09 23:52:37,800 [INFO] Época 10/30, Batch 1400/3348, Loss: 0.3643
2025-10-09 23:52:38,067 [INFO] Época 10/30, Batch 1450/3348, Loss: 0.3513
2025-10-09 23:52:38,336 [INFO] Época 10/30, Batch 1500/3348, Loss: 0.3946
2025-10-09 23:52:38,606 [INFO] Época 10/30, Batch 1550/3348, Loss: 0.4824
2025-10-09 23:52:38,873 [INFO] Época 10/30, Batch 1600/3348, Loss: 0.4590
2025-10-09 23:52:39,135 [INFO] Época 10/30, Batch 1650/3348, Loss: 0.4294
2025-10-09 23:52:39,393 [INFO] Época 10/30, Batch 1700/3348, Loss: 0.3651
2025-10-09 23:52:39,653 [INFO] Época 10/30, Batch 1750/3348, Loss: 0.4613
2025-10-09 23:52:39,914 [INFO] Época 10/30, Batch 1800/3348, Loss: 0.3398
2025-10-09 23:52:40,173 [INFO] Época 10/30, Batch 1850/3348, Loss: 0.4351
2025-10-09 23:52:40,430 [INFO] Época 10/30, Batch 1900/3348, Loss: 0.2835
2025-10-09 23:52:40,689 [INFO] Época 10/30, Batch 1950/3348, Loss: 0.4886
2025-10-09 23:52:40,953 [INFO] Época 10/30, Batch 2000/3348, Loss: 0.3678
2025-10-09 23:52:41,222 [INFO] Época 10/30, Batch 2050/3348, Loss: 0.3730
2025-10-09 23:52:41,492 [INFO] Época 10/30, Batch 2100/3348, Loss: 0.4227
2025-10-09 23:52:41,759 [INFO] Época 10/30, Batch 2150/3348, Loss: 0.4645
2025-10-09 23:52:42,027 [INFO] Época 10/30, Batch 2200/3348, Loss: 0.3849
2025-10-09 23:52:42,295 [INFO] Época 10/30, Batch 2250/3348, Loss: 0.3954
2025-10-09 23:52:42,559 [INFO] Época 10/30, Batch 2300/3348, Loss: 0.5426
2025-10-09 23:52:42,819 [INFO] Época 10/30, Batch 2350/3348, Loss: 0.4075
2025-10-09 23:52:43,084 [INFO] Época 10/30, Batch 2400/3348, Loss: 0.4272
2025-10-09 23:52:43,352 [INFO] Época 10/30, Batch 2450/3348, Loss: 0.2903
2025-10-09 23:52:43,618 [INFO] Época 10/30, Batch 2500/3348, Loss: 0.3826
2025-10-09 23:52:43,878 [INFO] Época 10/30, Batch 2550/3348, Loss: 0.4310
2025-10-09 23:52:44,136 [INFO] Época 10/30, Batch 2600/3348, Loss: 0.4475
2025-10-09 23:52:44,396 [INFO] Época 10/30, Batch 2650/3348, Loss: 0.3043
2025-10-09 23:52:44,656 [INFO] Época 10/30, Batch 2700/3348, Loss: 0.3319
2025-10-09 23:52:44,914 [INFO] Época 10/30, Batch 2750/3348, Loss: 0.3949
2025-10-09 23:52:45,172 [INFO] Época 10/30, Batch 2800/3348, Loss: 0.5326
2025-10-09 23:52:45,433 [INFO] Época 10/30, Batch 2850/3348, Loss: 0.3402
2025-10-09 23:52:45,694 [INFO] Época 10/30, Batch 2900/3348, Loss: 0.3851
2025-10-09 23:52:45,953 [INFO] Época 10/30, Batch 2950/3348, Loss: 0.3203
2025-10-09 23:52:46,212 [INFO] Época 10/30, Batch 3000/3348, Loss: 0.4700
2025-10-09 23:52:46,473 [INFO] Época 10/30, Batch 3050/3348, Loss: 0.4024
2025-10-09 23:52:46,732 [INFO] Época 10/30, Batch 3100/3348, Loss: 0.3688
2025-10-09 23:52:46,991 [INFO] Época 10/30, Batch 3150/3348, Loss: 0.3437
2025-10-09 23:52:47,252 [INFO] Época 10/30, Batch 3200/3348, Loss: 0.4379
2025-10-09 23:52:47,511 [INFO] Época 10/30, Batch 3250/3348, Loss: 0.3678
2025-10-09 23:52:47,770 [INFO] Época 10/30, Batch 3300/3348, Loss: 0.4046
2025-10-09 23:52:49,600 [INFO] [10/30] Train Loss: 0.3988 | Val Loss: 0.3757 | Tempo: 19.43s
2025-10-09 23:52:50,158 [INFO] Época 11/30, Batch 50/3348, Loss: 0.3596
2025-10-09 23:52:50,416 [INFO] Época 11/30, Batch 100/3348, Loss: 0.4494
2025-10-09 23:52:50,675 [INFO] Época 11/30, Batch 150/3348, Loss: 0.3498
2025-10-09 23:52:50,932 [INFO] Época 11/30, Batch 200/3348, Loss: 0.3952
2025-10-09 23:52:51,187 [INFO] Época 11/30, Batch 250/3348, Loss: 0.3452
2025-10-09 23:52:51,444 [INFO] Época 11/30, Batch 300/3348, Loss: 0.4077
2025-10-09 23:52:51,699 [INFO] Época 11/30, Batch 350/3348, Loss: 0.4017
2025-10-09 23:52:51,953 [INFO] Época 11/30, Batch 400/3348, Loss: 0.3671
2025-10-09 23:52:52,205 [INFO] Época 11/30, Batch 450/3348, Loss: 0.2931
2025-10-09 23:52:52,458 [INFO] Época 11/30, Batch 500/3348, Loss: 0.3553
2025-10-09 23:52:52,712 [INFO] Época 11/30, Batch 550/3348, Loss: 0.3964
2025-10-09 23:52:52,965 [INFO] Época 11/30, Batch 600/3348, Loss: 0.4463
2025-10-09 23:52:53,218 [INFO] Época 11/30, Batch 650/3348, Loss: 0.2967
2025-10-09 23:52:53,471 [INFO] Época 11/30, Batch 700/3348, Loss: 0.2837
2025-10-09 23:52:53,726 [INFO] Época 11/30, Batch 750/3348, Loss: 0.4056
2025-10-09 23:52:53,981 [INFO] Época 11/30, Batch 800/3348, Loss: 0.3837
2025-10-09 23:52:54,240 [INFO] Época 11/30, Batch 850/3348, Loss: 0.3903
2025-10-09 23:52:54,502 [INFO] Época 11/30, Batch 900/3348, Loss: 0.4097
2025-10-09 23:52:54,758 [INFO] Época 11/30, Batch 950/3348, Loss: 0.4274
2025-10-09 23:52:55,009 [INFO] Época 11/30, Batch 1000/3348, Loss: 0.3501
2025-10-09 23:52:55,268 [INFO] Época 11/30, Batch 1050/3348, Loss: 0.4922
2025-10-09 23:52:55,527 [INFO] Época 11/30, Batch 1100/3348, Loss: 0.2776
2025-10-09 23:52:55,788 [INFO] Época 11/30, Batch 1150/3348, Loss: 0.4401
2025-10-09 23:52:56,048 [INFO] Época 11/30, Batch 1200/3348, Loss: 0.4198
2025-10-09 23:52:56,306 [INFO] Época 11/30, Batch 1250/3348, Loss: 0.4495
2025-10-09 23:52:56,569 [INFO] Época 11/30, Batch 1300/3348, Loss: 0.3452
2025-10-09 23:52:56,833 [INFO] Época 11/30, Batch 1350/3348, Loss: 0.3532
2025-10-09 23:52:57,099 [INFO] Época 11/30, Batch 1400/3348, Loss: 0.3824
2025-10-09 23:52:57,365 [INFO] Época 11/30, Batch 1450/3348, Loss: 0.3230
2025-10-09 23:52:57,631 [INFO] Época 11/30, Batch 1500/3348, Loss: 0.4453
2025-10-09 23:52:57,900 [INFO] Época 11/30, Batch 1550/3348, Loss: 0.4301
2025-10-09 23:52:58,165 [INFO] Época 11/30, Batch 1600/3348, Loss: 0.4621
2025-10-09 23:52:58,429 [INFO] Época 11/30, Batch 1650/3348, Loss: 0.4299
2025-10-09 23:52:58,695 [INFO] Época 11/30, Batch 1700/3348, Loss: 0.3130
2025-10-09 23:52:58,960 [INFO] Época 11/30, Batch 1750/3348, Loss: 0.3860
2025-10-09 23:52:59,225 [INFO] Época 11/30, Batch 1800/3348, Loss: 0.4943
2025-10-09 23:52:59,491 [INFO] Época 11/30, Batch 1850/3348, Loss: 0.3456
2025-10-09 23:52:59,754 [INFO] Época 11/30, Batch 1900/3348, Loss: 0.4469
2025-10-09 23:53:00,014 [INFO] Época 11/30, Batch 1950/3348, Loss: 0.4917
2025-10-09 23:53:00,274 [INFO] Época 11/30, Batch 2000/3348, Loss: 0.4519
2025-10-09 23:53:00,535 [INFO] Época 11/30, Batch 2050/3348, Loss: 0.3787
2025-10-09 23:53:00,795 [INFO] Época 11/30, Batch 2100/3348, Loss: 0.4631
2025-10-09 23:53:01,054 [INFO] Época 11/30, Batch 2150/3348, Loss: 0.5084
2025-10-09 23:53:01,313 [INFO] Época 11/30, Batch 2200/3348, Loss: 0.3215
2025-10-09 23:53:01,571 [INFO] Época 11/30, Batch 2250/3348, Loss: 0.4058
2025-10-09 23:53:01,830 [INFO] Época 11/30, Batch 2300/3348, Loss: 0.3282
2025-10-09 23:53:02,090 [INFO] Época 11/30, Batch 2350/3348, Loss: 0.3433
2025-10-09 23:53:02,349 [INFO] Época 11/30, Batch 2400/3348, Loss: 0.3796
2025-10-09 23:53:02,607 [INFO] Época 11/30, Batch 2450/3348, Loss: 0.3909
2025-10-09 23:53:02,865 [INFO] Época 11/30, Batch 2500/3348, Loss: 0.4179
2025-10-09 23:53:03,123 [INFO] Época 11/30, Batch 2550/3348, Loss: 0.4215
2025-10-09 23:53:03,382 [INFO] Época 11/30, Batch 2600/3348, Loss: 0.3624
2025-10-09 23:53:03,642 [INFO] Época 11/30, Batch 2650/3348, Loss: 0.3238
2025-10-09 23:53:03,903 [INFO] Época 11/30, Batch 2700/3348, Loss: 0.3427
2025-10-09 23:53:04,164 [INFO] Época 11/30, Batch 2750/3348, Loss: 0.3338
2025-10-09 23:53:04,429 [INFO] Época 11/30, Batch 2800/3348, Loss: 0.2104
2025-10-09 23:53:04,691 [INFO] Época 11/30, Batch 2850/3348, Loss: 0.4474
2025-10-09 23:53:04,950 [INFO] Época 11/30, Batch 2900/3348, Loss: 0.3802
2025-10-09 23:53:05,209 [INFO] Época 11/30, Batch 2950/3348, Loss: 0.4246
2025-10-09 23:53:05,467 [INFO] Época 11/30, Batch 3000/3348, Loss: 0.4156
2025-10-09 23:53:05,729 [INFO] Época 11/30, Batch 3050/3348, Loss: 0.4689
2025-10-09 23:53:05,995 [INFO] Época 11/30, Batch 3100/3348, Loss: 0.3758
2025-10-09 23:53:06,259 [INFO] Época 11/30, Batch 3150/3348, Loss: 0.3554
2025-10-09 23:53:06,523 [INFO] Época 11/30, Batch 3200/3348, Loss: 0.5199
2025-10-09 23:53:06,786 [INFO] Época 11/30, Batch 3250/3348, Loss: 0.4788
2025-10-09 23:53:07,050 [INFO] Época 11/30, Batch 3300/3348, Loss: 0.3968
2025-10-09 23:53:08,845 [INFO] [11/30] Train Loss: 0.3982 | Val Loss: 0.3770 | Tempo: 19.24s
2025-10-09 23:53:09,415 [INFO] Época 12/30, Batch 50/3348, Loss: 0.4043
2025-10-09 23:53:09,679 [INFO] Época 12/30, Batch 100/3348, Loss: 0.3781
2025-10-09 23:53:09,944 [INFO] Época 12/30, Batch 150/3348, Loss: 0.5288
2025-10-09 23:53:10,209 [INFO] Época 12/30, Batch 200/3348, Loss: 0.5845
2025-10-09 23:53:10,476 [INFO] Época 12/30, Batch 250/3348, Loss: 0.3890
2025-10-09 23:53:10,735 [INFO] Época 12/30, Batch 300/3348, Loss: 0.3305
2025-10-09 23:53:10,991 [INFO] Época 12/30, Batch 350/3348, Loss: 0.3415
2025-10-09 23:53:11,246 [INFO] Época 12/30, Batch 400/3348, Loss: 0.3784
2025-10-09 23:53:11,498 [INFO] Época 12/30, Batch 450/3348, Loss: 0.3827
2025-10-09 23:53:11,754 [INFO] Época 12/30, Batch 500/3348, Loss: 0.4358
2025-10-09 23:53:12,014 [INFO] Época 12/30, Batch 550/3348, Loss: 0.3220
2025-10-09 23:53:12,276 [INFO] Época 12/30, Batch 600/3348, Loss: 0.3554
2025-10-09 23:53:12,537 [INFO] Época 12/30, Batch 650/3348, Loss: 0.4040
2025-10-09 23:53:12,797 [INFO] Época 12/30, Batch 700/3348, Loss: 0.5001
2025-10-09 23:53:13,063 [INFO] Época 12/30, Batch 750/3348, Loss: 0.4066
2025-10-09 23:53:13,327 [INFO] Época 12/30, Batch 800/3348, Loss: 0.4850
2025-10-09 23:53:13,579 [INFO] Época 12/30, Batch 850/3348, Loss: 0.3964
2025-10-09 23:53:13,830 [INFO] Época 12/30, Batch 900/3348, Loss: 0.3615
2025-10-09 23:53:14,080 [INFO] Época 12/30, Batch 950/3348, Loss: 0.5364
2025-10-09 23:53:14,330 [INFO] Época 12/30, Batch 1000/3348, Loss: 0.3814
2025-10-09 23:53:14,580 [INFO] Época 12/30, Batch 1050/3348, Loss: 0.4027
2025-10-09 23:53:14,832 [INFO] Época 12/30, Batch 1100/3348, Loss: 0.4148
2025-10-09 23:53:15,083 [INFO] Época 12/30, Batch 1150/3348, Loss: 0.4233
2025-10-09 23:53:15,333 [INFO] Época 12/30, Batch 1200/3348, Loss: 0.3389
2025-10-09 23:53:15,584 [INFO] Época 12/30, Batch 1250/3348, Loss: 0.3839
2025-10-09 23:53:15,835 [INFO] Época 12/30, Batch 1300/3348, Loss: 0.3931
2025-10-09 23:53:16,086 [INFO] Época 12/30, Batch 1350/3348, Loss: 0.2738
2025-10-09 23:53:16,336 [INFO] Época 12/30, Batch 1400/3348, Loss: 0.3960
2025-10-09 23:53:16,592 [INFO] Época 12/30, Batch 1450/3348, Loss: 0.3540
2025-10-09 23:53:16,850 [INFO] Época 12/30, Batch 1500/3348, Loss: 0.4115
2025-10-09 23:53:17,107 [INFO] Época 12/30, Batch 1550/3348, Loss: 0.3605
2025-10-09 23:53:17,362 [INFO] Época 12/30, Batch 1600/3348, Loss: 0.2921
2025-10-09 23:53:17,616 [INFO] Época 12/30, Batch 1650/3348, Loss: 0.3607
2025-10-09 23:53:17,868 [INFO] Época 12/30, Batch 1700/3348, Loss: 0.3610
2025-10-09 23:53:18,122 [INFO] Época 12/30, Batch 1750/3348, Loss: 0.3742
2025-10-09 23:53:18,375 [INFO] Época 12/30, Batch 1800/3348, Loss: 0.3784
2025-10-09 23:53:18,631 [INFO] Época 12/30, Batch 1850/3348, Loss: 0.4541
2025-10-09 23:53:18,887 [INFO] Época 12/30, Batch 1900/3348, Loss: 0.5287
2025-10-09 23:53:19,140 [INFO] Época 12/30, Batch 1950/3348, Loss: 0.3794
2025-10-09 23:53:19,394 [INFO] Época 12/30, Batch 2000/3348, Loss: 0.3515
2025-10-09 23:53:19,646 [INFO] Época 12/30, Batch 2050/3348, Loss: 0.4126
2025-10-09 23:53:19,902 [INFO] Época 12/30, Batch 2100/3348, Loss: 0.3371
2025-10-09 23:53:20,154 [INFO] Época 12/30, Batch 2150/3348, Loss: 0.4163
2025-10-09 23:53:20,408 [INFO] Época 12/30, Batch 2200/3348, Loss: 0.3705
2025-10-09 23:53:20,660 [INFO] Época 12/30, Batch 2250/3348, Loss: 0.3645
2025-10-09 23:53:20,915 [INFO] Época 12/30, Batch 2300/3348, Loss: 0.4217
2025-10-09 23:53:21,171 [INFO] Época 12/30, Batch 2350/3348, Loss: 0.3117
2025-10-09 23:53:21,432 [INFO] Época 12/30, Batch 2400/3348, Loss: 0.4694
2025-10-09 23:53:21,686 [INFO] Época 12/30, Batch 2450/3348, Loss: 0.3740
2025-10-09 23:53:21,938 [INFO] Época 12/30, Batch 2500/3348, Loss: 0.4595
2025-10-09 23:53:22,192 [INFO] Época 12/30, Batch 2550/3348, Loss: 0.3524
2025-10-09 23:53:22,446 [INFO] Época 12/30, Batch 2600/3348, Loss: 0.4023
2025-10-09 23:53:22,701 [INFO] Época 12/30, Batch 2650/3348, Loss: 0.5593
2025-10-09 23:53:22,954 [INFO] Época 12/30, Batch 2700/3348, Loss: 0.4336
2025-10-09 23:53:23,208 [INFO] Época 12/30, Batch 2750/3348, Loss: 0.4250
2025-10-09 23:53:23,461 [INFO] Época 12/30, Batch 2800/3348, Loss: 0.2917
2025-10-09 23:53:23,713 [INFO] Época 12/30, Batch 2850/3348, Loss: 0.3553
2025-10-09 23:53:23,967 [INFO] Época 12/30, Batch 2900/3348, Loss: 0.4579
2025-10-09 23:53:24,221 [INFO] Época 12/30, Batch 2950/3348, Loss: 0.3007
2025-10-09 23:53:24,473 [INFO] Época 12/30, Batch 3000/3348, Loss: 0.4238
2025-10-09 23:53:24,726 [INFO] Época 12/30, Batch 3050/3348, Loss: 0.3812
2025-10-09 23:53:24,981 [INFO] Época 12/30, Batch 3100/3348, Loss: 0.3527
2025-10-09 23:53:25,233 [INFO] Época 12/30, Batch 3150/3348, Loss: 0.3665
2025-10-09 23:53:25,484 [INFO] Época 12/30, Batch 3200/3348, Loss: 0.3666
2025-10-09 23:53:25,737 [INFO] Época 12/30, Batch 3250/3348, Loss: 0.3766
2025-10-09 23:53:25,988 [INFO] Época 12/30, Batch 3300/3348, Loss: 0.4227
2025-10-09 23:53:27,816 [INFO] [12/30] Train Loss: 0.3973 | Val Loss: 0.3774 | Tempo: 18.97s
2025-10-09 23:53:28,381 [INFO] Época 13/30, Batch 50/3348, Loss: 0.3098
2025-10-09 23:53:28,646 [INFO] Época 13/30, Batch 100/3348, Loss: 0.5182
2025-10-09 23:53:28,909 [INFO] Época 13/30, Batch 150/3348, Loss: 0.4432
2025-10-09 23:53:29,169 [INFO] Época 13/30, Batch 200/3348, Loss: 0.3433
2025-10-09 23:53:29,429 [INFO] Época 13/30, Batch 250/3348, Loss: 0.4143
2025-10-09 23:53:29,689 [INFO] Época 13/30, Batch 300/3348, Loss: 0.3442
2025-10-09 23:53:29,951 [INFO] Época 13/30, Batch 350/3348, Loss: 0.4515
2025-10-09 23:53:30,210 [INFO] Época 13/30, Batch 400/3348, Loss: 0.4751
2025-10-09 23:53:30,467 [INFO] Época 13/30, Batch 450/3348, Loss: 0.4943
2025-10-09 23:53:30,725 [INFO] Época 13/30, Batch 500/3348, Loss: 0.3436
2025-10-09 23:53:30,985 [INFO] Época 13/30, Batch 550/3348, Loss: 0.3238
2025-10-09 23:53:31,248 [INFO] Época 13/30, Batch 600/3348, Loss: 0.3339
2025-10-09 23:53:31,508 [INFO] Época 13/30, Batch 650/3348, Loss: 0.3277
2025-10-09 23:53:31,767 [INFO] Época 13/30, Batch 700/3348, Loss: 0.5139
2025-10-09 23:53:32,018 [INFO] Época 13/30, Batch 750/3348, Loss: 0.4037
2025-10-09 23:53:32,268 [INFO] Época 13/30, Batch 800/3348, Loss: 0.3775
2025-10-09 23:53:32,526 [INFO] Época 13/30, Batch 850/3348, Loss: 0.4093
2025-10-09 23:53:32,788 [INFO] Época 13/30, Batch 900/3348, Loss: 0.3380
2025-10-09 23:53:33,047 [INFO] Época 13/30, Batch 950/3348, Loss: 0.4845
2025-10-09 23:53:33,307 [INFO] Época 13/30, Batch 1000/3348, Loss: 0.3207
2025-10-09 23:53:33,568 [INFO] Época 13/30, Batch 1050/3348, Loss: 0.3510
2025-10-09 23:53:33,827 [INFO] Época 13/30, Batch 1100/3348, Loss: 0.3235
2025-10-09 23:53:34,086 [INFO] Época 13/30, Batch 1150/3348, Loss: 0.3726
2025-10-09 23:53:34,343 [INFO] Época 13/30, Batch 1200/3348, Loss: 0.3418
2025-10-09 23:53:34,601 [INFO] Época 13/30, Batch 1250/3348, Loss: 0.4523
2025-10-09 23:53:34,859 [INFO] Época 13/30, Batch 1300/3348, Loss: 0.4357
2025-10-09 23:53:35,116 [INFO] Época 13/30, Batch 1350/3348, Loss: 0.3994
2025-10-09 23:53:35,376 [INFO] Época 13/30, Batch 1400/3348, Loss: 0.4211
2025-10-09 23:53:35,634 [INFO] Época 13/30, Batch 1450/3348, Loss: 0.4007
2025-10-09 23:53:35,895 [INFO] Época 13/30, Batch 1500/3348, Loss: 0.4286
2025-10-09 23:53:36,155 [INFO] Época 13/30, Batch 1550/3348, Loss: 0.3795
2025-10-09 23:53:36,417 [INFO] Época 13/30, Batch 1600/3348, Loss: 0.4634
2025-10-09 23:53:36,674 [INFO] Época 13/30, Batch 1650/3348, Loss: 0.3653
2025-10-09 23:53:36,935 [INFO] Época 13/30, Batch 1700/3348, Loss: 0.4932
2025-10-09 23:53:37,195 [INFO] Época 13/30, Batch 1750/3348, Loss: 0.3974
2025-10-09 23:53:37,456 [INFO] Época 13/30, Batch 1800/3348, Loss: 0.3624
2025-10-09 23:53:37,714 [INFO] Época 13/30, Batch 1850/3348, Loss: 0.3405
2025-10-09 23:53:37,973 [INFO] Época 13/30, Batch 1900/3348, Loss: 0.3866
2025-10-09 23:53:38,231 [INFO] Época 13/30, Batch 1950/3348, Loss: 0.3724
2025-10-09 23:53:38,488 [INFO] Época 13/30, Batch 2000/3348, Loss: 0.3836
2025-10-09 23:53:38,745 [INFO] Época 13/30, Batch 2050/3348, Loss: 0.4030
2025-10-09 23:53:39,006 [INFO] Época 13/30, Batch 2100/3348, Loss: 0.3447
2025-10-09 23:53:39,266 [INFO] Época 13/30, Batch 2150/3348, Loss: 0.4130
2025-10-09 23:53:39,526 [INFO] Época 13/30, Batch 2200/3348, Loss: 0.4651
2025-10-09 23:53:39,784 [INFO] Época 13/30, Batch 2250/3348, Loss: 0.3231
2025-10-09 23:53:40,041 [INFO] Época 13/30, Batch 2300/3348, Loss: 0.3017
2025-10-09 23:53:40,298 [INFO] Época 13/30, Batch 2350/3348, Loss: 0.3846
2025-10-09 23:53:40,556 [INFO] Época 13/30, Batch 2400/3348, Loss: 0.3385
2025-10-09 23:53:40,812 [INFO] Época 13/30, Batch 2450/3348, Loss: 0.4963
2025-10-09 23:53:41,070 [INFO] Época 13/30, Batch 2500/3348, Loss: 0.3731
2025-10-09 23:53:41,328 [INFO] Época 13/30, Batch 2550/3348, Loss: 0.4714
2025-10-09 23:53:41,587 [INFO] Época 13/30, Batch 2600/3348, Loss: 0.5522
2025-10-09 23:53:41,845 [INFO] Época 13/30, Batch 2650/3348, Loss: 0.4640
2025-10-09 23:53:42,102 [INFO] Época 13/30, Batch 2700/3348, Loss: 0.3951
2025-10-09 23:53:42,360 [INFO] Época 13/30, Batch 2750/3348, Loss: 0.4155
2025-10-09 23:53:42,617 [INFO] Época 13/30, Batch 2800/3348, Loss: 0.3207
2025-10-09 23:53:42,877 [INFO] Época 13/30, Batch 2850/3348, Loss: 0.3346
2025-10-09 23:53:43,137 [INFO] Época 13/30, Batch 2900/3348, Loss: 0.4430
2025-10-09 23:53:43,395 [INFO] Época 13/30, Batch 2950/3348, Loss: 0.3641
2025-10-09 23:53:43,656 [INFO] Época 13/30, Batch 3000/3348, Loss: 0.4729
2025-10-09 23:53:43,914 [INFO] Época 13/30, Batch 3050/3348, Loss: 0.3913
2025-10-09 23:53:44,171 [INFO] Época 13/30, Batch 3100/3348, Loss: 0.3927
2025-10-09 23:53:44,429 [INFO] Época 13/30, Batch 3150/3348, Loss: 0.3842
2025-10-09 23:53:44,688 [INFO] Época 13/30, Batch 3200/3348, Loss: 0.4258
2025-10-09 23:53:44,947 [INFO] Época 13/30, Batch 3250/3348, Loss: 0.2704
2025-10-09 23:53:45,206 [INFO] Época 13/30, Batch 3300/3348, Loss: 0.4063
2025-10-09 23:53:46,939 [INFO] [13/30] Train Loss: 0.3964 | Val Loss: 0.3760 | Tempo: 19.12s
2025-10-09 23:53:47,491 [INFO] Época 14/30, Batch 50/3348, Loss: 0.4224
2025-10-09 23:53:47,754 [INFO] Época 14/30, Batch 100/3348, Loss: 0.3511
2025-10-09 23:53:48,014 [INFO] Época 14/30, Batch 150/3348, Loss: 0.4212
2025-10-09 23:53:48,274 [INFO] Época 14/30, Batch 200/3348, Loss: 0.4345
2025-10-09 23:53:48,530 [INFO] Época 14/30, Batch 250/3348, Loss: 0.4068
2025-10-09 23:53:48,787 [INFO] Época 14/30, Batch 300/3348, Loss: 0.3355
2025-10-09 23:53:49,044 [INFO] Época 14/30, Batch 350/3348, Loss: 0.3866
2025-10-09 23:53:49,301 [INFO] Época 14/30, Batch 400/3348, Loss: 0.3595
2025-10-09 23:53:49,556 [INFO] Época 14/30, Batch 450/3348, Loss: 0.4677
2025-10-09 23:53:49,813 [INFO] Época 14/30, Batch 500/3348, Loss: 0.2657
2025-10-09 23:53:50,069 [INFO] Época 14/30, Batch 550/3348, Loss: 0.4084
2025-10-09 23:53:50,325 [INFO] Época 14/30, Batch 600/3348, Loss: 0.4119
2025-10-09 23:53:50,582 [INFO] Época 14/30, Batch 650/3348, Loss: 0.4191
2025-10-09 23:53:50,841 [INFO] Época 14/30, Batch 700/3348, Loss: 0.2983
2025-10-09 23:53:51,099 [INFO] Época 14/30, Batch 750/3348, Loss: 0.3425
2025-10-09 23:53:51,356 [INFO] Época 14/30, Batch 800/3348, Loss: 0.5348
2025-10-09 23:53:51,613 [INFO] Época 14/30, Batch 850/3348, Loss: 0.5036
2025-10-09 23:53:51,873 [INFO] Época 14/30, Batch 900/3348, Loss: 0.4900
2025-10-09 23:53:52,129 [INFO] Época 14/30, Batch 950/3348, Loss: 0.3176
2025-10-09 23:53:52,377 [INFO] Época 14/30, Batch 1000/3348, Loss: 0.3496
2025-10-09 23:53:52,625 [INFO] Época 14/30, Batch 1050/3348, Loss: 0.4227
2025-10-09 23:53:52,874 [INFO] Época 14/30, Batch 1100/3348, Loss: 0.4010
2025-10-09 23:53:53,123 [INFO] Época 14/30, Batch 1150/3348, Loss: 0.3049
2025-10-09 23:53:53,371 [INFO] Época 14/30, Batch 1200/3348, Loss: 0.4045
2025-10-09 23:53:53,626 [INFO] Época 14/30, Batch 1250/3348, Loss: 0.5155
2025-10-09 23:53:53,881 [INFO] Época 14/30, Batch 1300/3348, Loss: 0.3742
2025-10-09 23:53:54,136 [INFO] Época 14/30, Batch 1350/3348, Loss: 0.3611
2025-10-09 23:53:54,392 [INFO] Época 14/30, Batch 1400/3348, Loss: 0.3110
2025-10-09 23:53:54,651 [INFO] Época 14/30, Batch 1450/3348, Loss: 0.2776
2025-10-09 23:53:54,907 [INFO] Época 14/30, Batch 1500/3348, Loss: 0.4639
2025-10-09 23:53:55,166 [INFO] Época 14/30, Batch 1550/3348, Loss: 0.4555
2025-10-09 23:53:55,424 [INFO] Época 14/30, Batch 1600/3348, Loss: 0.4490
2025-10-09 23:53:55,683 [INFO] Época 14/30, Batch 1650/3348, Loss: 0.4468
2025-10-09 23:53:55,947 [INFO] Época 14/30, Batch 1700/3348, Loss: 0.3125
2025-10-09 23:53:56,211 [INFO] Época 14/30, Batch 1750/3348, Loss: 0.4355
2025-10-09 23:53:56,470 [INFO] Época 14/30, Batch 1800/3348, Loss: 0.4650
2025-10-09 23:53:56,729 [INFO] Época 14/30, Batch 1850/3348, Loss: 0.3978
2025-10-09 23:53:56,988 [INFO] Época 14/30, Batch 1900/3348, Loss: 0.5119
2025-10-09 23:53:57,245 [INFO] Época 14/30, Batch 1950/3348, Loss: 0.3884
2025-10-09 23:53:57,504 [INFO] Época 14/30, Batch 2000/3348, Loss: 0.3144
2025-10-09 23:53:57,763 [INFO] Época 14/30, Batch 2050/3348, Loss: 0.3722
2025-10-09 23:53:58,020 [INFO] Época 14/30, Batch 2100/3348, Loss: 0.4253
2025-10-09 23:53:58,278 [INFO] Época 14/30, Batch 2150/3348, Loss: 0.3655
2025-10-09 23:53:58,536 [INFO] Época 14/30, Batch 2200/3348, Loss: 0.3059
2025-10-09 23:53:58,793 [INFO] Época 14/30, Batch 2250/3348, Loss: 0.3944
2025-10-09 23:53:59,050 [INFO] Época 14/30, Batch 2300/3348, Loss: 0.3988
2025-10-09 23:53:59,308 [INFO] Época 14/30, Batch 2350/3348, Loss: 0.3732
2025-10-09 23:53:59,565 [INFO] Época 14/30, Batch 2400/3348, Loss: 0.3649
2025-10-09 23:53:59,823 [INFO] Época 14/30, Batch 2450/3348, Loss: 0.3903
2025-10-09 23:54:00,082 [INFO] Época 14/30, Batch 2500/3348, Loss: 0.4273
2025-10-09 23:54:00,343 [INFO] Época 14/30, Batch 2550/3348, Loss: 0.4207
2025-10-09 23:54:00,601 [INFO] Época 14/30, Batch 2600/3348, Loss: 0.5569
2025-10-09 23:54:00,860 [INFO] Época 14/30, Batch 2650/3348, Loss: 0.4111
2025-10-09 23:54:01,119 [INFO] Época 14/30, Batch 2700/3348, Loss: 0.4050
2025-10-09 23:54:01,378 [INFO] Época 14/30, Batch 2750/3348, Loss: 0.3961
2025-10-09 23:54:01,635 [INFO] Época 14/30, Batch 2800/3348, Loss: 0.3138
2025-10-09 23:54:01,893 [INFO] Época 14/30, Batch 2850/3348, Loss: 0.4233
2025-10-09 23:54:02,152 [INFO] Época 14/30, Batch 2900/3348, Loss: 0.2785
2025-10-09 23:54:02,410 [INFO] Época 14/30, Batch 2950/3348, Loss: 0.2723
2025-10-09 23:54:02,666 [INFO] Época 14/30, Batch 3000/3348, Loss: 0.3174
2025-10-09 23:54:02,926 [INFO] Época 14/30, Batch 3050/3348, Loss: 0.4269
2025-10-09 23:54:03,186 [INFO] Época 14/30, Batch 3100/3348, Loss: 0.4300
2025-10-09 23:54:03,444 [INFO] Época 14/30, Batch 3150/3348, Loss: 0.3755
2025-10-09 23:54:03,704 [INFO] Época 14/30, Batch 3200/3348, Loss: 0.5293
2025-10-09 23:54:03,964 [INFO] Época 14/30, Batch 3250/3348, Loss: 0.5302
2025-10-09 23:54:04,224 [INFO] Época 14/30, Batch 3300/3348, Loss: 0.3600
2025-10-09 23:54:06,031 [INFO] [14/30] Train Loss: 0.3957 | Val Loss: 0.3786 | Tempo: 19.09s
2025-10-09 23:54:06,600 [INFO] Época 15/30, Batch 50/3348, Loss: 0.3786
2025-10-09 23:54:06,869 [INFO] Época 15/30, Batch 100/3348, Loss: 0.3526
2025-10-09 23:54:07,134 [INFO] Época 15/30, Batch 150/3348, Loss: 0.4043
2025-10-09 23:54:07,393 [INFO] Época 15/30, Batch 200/3348, Loss: 0.4088
2025-10-09 23:54:07,651 [INFO] Época 15/30, Batch 250/3348, Loss: 0.3715
2025-10-09 23:54:07,908 [INFO] Época 15/30, Batch 300/3348, Loss: 0.3641
2025-10-09 23:54:08,163 [INFO] Época 15/30, Batch 350/3348, Loss: 0.3646
2025-10-09 23:54:08,420 [INFO] Época 15/30, Batch 400/3348, Loss: 0.3847
2025-10-09 23:54:08,682 [INFO] Época 15/30, Batch 450/3348, Loss: 0.4000
2025-10-09 23:54:08,939 [INFO] Época 15/30, Batch 500/3348, Loss: 0.3778
2025-10-09 23:54:09,195 [INFO] Época 15/30, Batch 550/3348, Loss: 0.3380
2025-10-09 23:54:09,452 [INFO] Época 15/30, Batch 600/3348, Loss: 0.5914
2025-10-09 23:54:09,709 [INFO] Época 15/30, Batch 650/3348, Loss: 0.4022
2025-10-09 23:54:09,968 [INFO] Época 15/30, Batch 700/3348, Loss: 0.4177
2025-10-09 23:54:10,228 [INFO] Época 15/30, Batch 750/3348, Loss: 0.4323
2025-10-09 23:54:10,491 [INFO] Época 15/30, Batch 800/3348, Loss: 0.4327
2025-10-09 23:54:10,755 [INFO] Época 15/30, Batch 850/3348, Loss: 0.3659
2025-10-09 23:54:11,014 [INFO] Época 15/30, Batch 900/3348, Loss: 0.4263
2025-10-09 23:54:11,274 [INFO] Época 15/30, Batch 950/3348, Loss: 0.4011
2025-10-09 23:54:11,534 [INFO] Época 15/30, Batch 1000/3348, Loss: 0.3167
2025-10-09 23:54:11,793 [INFO] Época 15/30, Batch 1050/3348, Loss: 0.3599
2025-10-09 23:54:12,052 [INFO] Época 15/30, Batch 1100/3348, Loss: 0.3340
2025-10-09 23:54:12,311 [INFO] Época 15/30, Batch 1150/3348, Loss: 0.5276
2025-10-09 23:54:12,573 [INFO] Época 15/30, Batch 1200/3348, Loss: 0.4347
2025-10-09 23:54:12,837 [INFO] Época 15/30, Batch 1250/3348, Loss: 0.3590
2025-10-09 23:54:13,100 [INFO] Época 15/30, Batch 1300/3348, Loss: 0.5062
2025-10-09 23:54:13,363 [INFO] Época 15/30, Batch 1350/3348, Loss: 0.4623
2025-10-09 23:54:13,624 [INFO] Época 15/30, Batch 1400/3348, Loss: 0.2748
2025-10-09 23:54:13,887 [INFO] Época 15/30, Batch 1450/3348, Loss: 0.4064
2025-10-09 23:54:14,147 [INFO] Época 15/30, Batch 1500/3348, Loss: 0.4302
2025-10-09 23:54:14,408 [INFO] Época 15/30, Batch 1550/3348, Loss: 0.4047
2025-10-09 23:54:14,669 [INFO] Época 15/30, Batch 1600/3348, Loss: 0.3888
2025-10-09 23:54:14,930 [INFO] Época 15/30, Batch 1650/3348, Loss: 0.4014
2025-10-09 23:54:15,192 [INFO] Época 15/30, Batch 1700/3348, Loss: 0.3647
2025-10-09 23:54:15,454 [INFO] Época 15/30, Batch 1750/3348, Loss: 0.5580
2025-10-09 23:54:15,714 [INFO] Época 15/30, Batch 1800/3348, Loss: 0.4003
2025-10-09 23:54:15,971 [INFO] Época 15/30, Batch 1850/3348, Loss: 0.5240
2025-10-09 23:54:16,228 [INFO] Época 15/30, Batch 1900/3348, Loss: 0.5092
2025-10-09 23:54:16,487 [INFO] Época 15/30, Batch 1950/3348, Loss: 0.4014
2025-10-09 23:54:16,746 [INFO] Época 15/30, Batch 2000/3348, Loss: 0.3991
2025-10-09 23:54:17,007 [INFO] Época 15/30, Batch 2050/3348, Loss: 0.3216
2025-10-09 23:54:17,263 [INFO] Época 15/30, Batch 2100/3348, Loss: 0.4054
2025-10-09 23:54:17,520 [INFO] Época 15/30, Batch 2150/3348, Loss: 0.3893
2025-10-09 23:54:17,777 [INFO] Época 15/30, Batch 2200/3348, Loss: 0.3269
2025-10-09 23:54:18,037 [INFO] Época 15/30, Batch 2250/3348, Loss: 0.4164
2025-10-09 23:54:18,296 [INFO] Época 15/30, Batch 2300/3348, Loss: 0.3241
2025-10-09 23:54:18,555 [INFO] Época 15/30, Batch 2350/3348, Loss: 0.3230
2025-10-09 23:54:18,813 [INFO] Época 15/30, Batch 2400/3348, Loss: 0.3711
2025-10-09 23:54:19,072 [INFO] Época 15/30, Batch 2450/3348, Loss: 0.3550
2025-10-09 23:54:19,330 [INFO] Época 15/30, Batch 2500/3348, Loss: 0.3493
2025-10-09 23:54:19,589 [INFO] Época 15/30, Batch 2550/3348, Loss: 0.4002
2025-10-09 23:54:19,849 [INFO] Época 15/30, Batch 2600/3348, Loss: 0.2862
2025-10-09 23:54:20,107 [INFO] Época 15/30, Batch 2650/3348, Loss: 0.3939
2025-10-09 23:54:20,366 [INFO] Época 15/30, Batch 2700/3348, Loss: 0.2814
2025-10-09 23:54:20,625 [INFO] Época 15/30, Batch 2750/3348, Loss: 0.2646
2025-10-09 23:54:20,884 [INFO] Época 15/30, Batch 2800/3348, Loss: 0.3652
2025-10-09 23:54:21,143 [INFO] Época 15/30, Batch 2850/3348, Loss: 0.3036
2025-10-09 23:54:21,403 [INFO] Época 15/30, Batch 2900/3348, Loss: 0.3274
2025-10-09 23:54:21,668 [INFO] Época 15/30, Batch 2950/3348, Loss: 0.3919
2025-10-09 23:54:21,931 [INFO] Época 15/30, Batch 3000/3348, Loss: 0.2882
2025-10-09 23:54:22,198 [INFO] Época 15/30, Batch 3050/3348, Loss: 0.4695
2025-10-09 23:54:22,467 [INFO] Época 15/30, Batch 3100/3348, Loss: 0.3928
2025-10-09 23:54:22,731 [INFO] Época 15/30, Batch 3150/3348, Loss: 0.3108
2025-10-09 23:54:22,993 [INFO] Época 15/30, Batch 3200/3348, Loss: 0.4275
2025-10-09 23:54:23,259 [INFO] Época 15/30, Batch 3250/3348, Loss: 0.3373
2025-10-09 23:54:23,523 [INFO] Época 15/30, Batch 3300/3348, Loss: 0.3409
2025-10-09 23:54:25,320 [INFO] [15/30] Train Loss: 0.3950 | Val Loss: 0.3772 | Tempo: 19.29s
2025-10-09 23:54:25,887 [INFO] Época 16/30, Batch 50/3348, Loss: 0.4099
2025-10-09 23:54:26,152 [INFO] Época 16/30, Batch 100/3348, Loss: 0.4142
2025-10-09 23:54:26,414 [INFO] Época 16/30, Batch 150/3348, Loss: 0.4858
2025-10-09 23:54:26,678 [INFO] Época 16/30, Batch 200/3348, Loss: 0.2858
2025-10-09 23:54:26,938 [INFO] Época 16/30, Batch 250/3348, Loss: 0.4491
2025-10-09 23:54:27,199 [INFO] Época 16/30, Batch 300/3348, Loss: 0.3927
2025-10-09 23:54:27,459 [INFO] Época 16/30, Batch 350/3348, Loss: 0.5222
2025-10-09 23:54:27,723 [INFO] Época 16/30, Batch 400/3348, Loss: 0.4570
2025-10-09 23:54:27,992 [INFO] Época 16/30, Batch 450/3348, Loss: 0.3847
2025-10-09 23:54:28,260 [INFO] Época 16/30, Batch 500/3348, Loss: 0.5226
2025-10-09 23:54:28,528 [INFO] Época 16/30, Batch 550/3348, Loss: 0.3555
2025-10-09 23:54:28,797 [INFO] Época 16/30, Batch 600/3348, Loss: 0.2759
2025-10-09 23:54:29,072 [INFO] Época 16/30, Batch 650/3348, Loss: 0.3274
2025-10-09 23:54:29,345 [INFO] Época 16/30, Batch 700/3348, Loss: 0.4253
2025-10-09 23:54:29,620 [INFO] Época 16/30, Batch 750/3348, Loss: 0.4347
2025-10-09 23:54:29,872 [INFO] Época 16/30, Batch 800/3348, Loss: 0.3699
2025-10-09 23:54:30,127 [INFO] Época 16/30, Batch 850/3348, Loss: 0.3445
2025-10-09 23:54:30,381 [INFO] Época 16/30, Batch 900/3348, Loss: 0.4525
2025-10-09 23:54:30,637 [INFO] Época 16/30, Batch 950/3348, Loss: 0.3389
2025-10-09 23:54:30,893 [INFO] Época 16/30, Batch 1000/3348, Loss: 0.3956
2025-10-09 23:54:31,149 [INFO] Época 16/30, Batch 1050/3348, Loss: 0.4675
2025-10-09 23:54:31,404 [INFO] Época 16/30, Batch 1100/3348, Loss: 0.4120
2025-10-09 23:54:31,664 [INFO] Época 16/30, Batch 1150/3348, Loss: 0.4354
2025-10-09 23:54:31,930 [INFO] Época 16/30, Batch 1200/3348, Loss: 0.3217
2025-10-09 23:54:32,198 [INFO] Época 16/30, Batch 1250/3348, Loss: 0.3503
2025-10-09 23:54:32,464 [INFO] Época 16/30, Batch 1300/3348, Loss: 0.3807
2025-10-09 23:54:32,733 [INFO] Época 16/30, Batch 1350/3348, Loss: 0.3140
2025-10-09 23:54:33,002 [INFO] Época 16/30, Batch 1400/3348, Loss: 0.4690
2025-10-09 23:54:33,271 [INFO] Época 16/30, Batch 1450/3348, Loss: 0.4983
2025-10-09 23:54:33,540 [INFO] Época 16/30, Batch 1500/3348, Loss: 0.4182
2025-10-09 23:54:33,808 [INFO] Época 16/30, Batch 1550/3348, Loss: 0.3762
2025-10-09 23:54:34,075 [INFO] Época 16/30, Batch 1600/3348, Loss: 0.3143
2025-10-09 23:54:34,341 [INFO] Época 16/30, Batch 1650/3348, Loss: 0.3637
2025-10-09 23:54:34,608 [INFO] Época 16/30, Batch 1700/3348, Loss: 0.3768
2025-10-09 23:54:34,878 [INFO] Época 16/30, Batch 1750/3348, Loss: 0.3842
2025-10-09 23:54:35,147 [INFO] Época 16/30, Batch 1800/3348, Loss: 0.3531
2025-10-09 23:54:35,416 [INFO] Época 16/30, Batch 1850/3348, Loss: 0.3074
2025-10-09 23:54:35,685 [INFO] Época 16/30, Batch 1900/3348, Loss: 0.5162
2025-10-09 23:54:35,955 [INFO] Época 16/30, Batch 1950/3348, Loss: 0.2844
2025-10-09 23:54:36,225 [INFO] Época 16/30, Batch 2000/3348, Loss: 0.3988
2025-10-09 23:54:36,494 [INFO] Época 16/30, Batch 2050/3348, Loss: 0.3698
2025-10-09 23:54:36,764 [INFO] Época 16/30, Batch 2100/3348, Loss: 0.2728
2025-10-09 23:54:37,035 [INFO] Época 16/30, Batch 2150/3348, Loss: 0.3787
2025-10-09 23:54:37,305 [INFO] Época 16/30, Batch 2200/3348, Loss: 0.4874
2025-10-09 23:54:37,578 [INFO] Época 16/30, Batch 2250/3348, Loss: 0.5008
2025-10-09 23:54:37,847 [INFO] Época 16/30, Batch 2300/3348, Loss: 0.4646
2025-10-09 23:54:38,118 [INFO] Época 16/30, Batch 2350/3348, Loss: 0.3004
2025-10-09 23:54:38,388 [INFO] Época 16/30, Batch 2400/3348, Loss: 0.3714
2025-10-09 23:54:38,658 [INFO] Época 16/30, Batch 2450/3348, Loss: 0.4042
2025-10-09 23:54:38,928 [INFO] Época 16/30, Batch 2500/3348, Loss: 0.3416
2025-10-09 23:54:39,197 [INFO] Época 16/30, Batch 2550/3348, Loss: 0.4694
2025-10-09 23:54:39,467 [INFO] Época 16/30, Batch 2600/3348, Loss: 0.3324
2025-10-09 23:54:39,733 [INFO] Época 16/30, Batch 2650/3348, Loss: 0.4934
2025-10-09 23:54:39,991 [INFO] Época 16/30, Batch 2700/3348, Loss: 0.4315
2025-10-09 23:54:40,248 [INFO] Época 16/30, Batch 2750/3348, Loss: 0.4135
2025-10-09 23:54:40,506 [INFO] Época 16/30, Batch 2800/3348, Loss: 0.4044
2025-10-09 23:54:40,764 [INFO] Época 16/30, Batch 2850/3348, Loss: 0.5000
2025-10-09 23:54:41,022 [INFO] Época 16/30, Batch 2900/3348, Loss: 0.4836
2025-10-09 23:54:41,279 [INFO] Época 16/30, Batch 2950/3348, Loss: 0.4239
2025-10-09 23:54:41,537 [INFO] Época 16/30, Batch 3000/3348, Loss: 0.2849
2025-10-09 23:54:41,795 [INFO] Época 16/30, Batch 3050/3348, Loss: 0.4474
2025-10-09 23:54:42,054 [INFO] Época 16/30, Batch 3100/3348, Loss: 0.3756
2025-10-09 23:54:42,312 [INFO] Época 16/30, Batch 3150/3348, Loss: 0.3140
2025-10-09 23:54:42,571 [INFO] Época 16/30, Batch 3200/3348, Loss: 0.2869
2025-10-09 23:54:42,828 [INFO] Época 16/30, Batch 3250/3348, Loss: 0.4312
2025-10-09 23:54:43,087 [INFO] Época 16/30, Batch 3300/3348, Loss: 0.3051
2025-10-09 23:54:44,895 [INFO] [16/30] Train Loss: 0.3945 | Val Loss: 0.3748 | Tempo: 19.57s
2025-10-09 23:54:44,896 [INFO] Early stopping ativado após 10 épocas sem melhoria
2025-10-09 23:54:44,896 [INFO] Treinamento concluído em 309.25 segundos (5.15 minutos)
2025-10-09 23:54:44,896 [INFO] Iniciando avaliação no conjunto de teste...
2025-10-09 23:54:46,340 [INFO] Avaliação do teste concluída em 1.44 segundos
2025-10-09 23:54:46,340 [INFO] MSE no teste: 0.8490
2025-10-09 23:54:46,340 [INFO] RMSE no teste: 0.9214
2025-10-09 23:54:46,341 [INFO] MAE no teste: 0.6926
2025-10-09 23:54:46,341 [INFO] Métricas salvas em /mnt/hdd/home/jdurao/ToolBox-ChemXAI/logs/mlp_att5_EState_metrics.json
