2025-10-10 00:21:09,245 [INFO] Iniciando treinamento do modelo mlp_att6_Morgan
2025-10-10 00:21:09,245 [INFO] Configuração: att_index=6, epochs=30, layers=[128, 64, 32], lr=0.001, batch_size=32, descriptor_type=Morgan
2025-10-10 00:21:09,245 [INFO] Diretório para modelos: /mnt/hdd/home/jdurao/ToolBox-ChemXAI/models
2025-10-10 00:21:09,245 [INFO] Carregando dados...
2025-10-10 00:21:09,323 [INFO] Preparando dataloaders sem ruído...
2025-10-10 00:21:17,285 [INFO] Dados carregados em 8.04 segundos
2025-10-10 00:21:17,285 [INFO] Tamanhos dos conjuntos - Treino: 107108, Validação: 13388, Teste: 13389
2025-10-10 00:21:17,285 [INFO] Usando dispositivo: cuda
2025-10-10 00:21:17,665 [INFO] Dimensão de entrada: 512, Dimensão de saída: 1
2025-10-10 00:21:17,666 [INFO] Criando modelo MLP com camadas: [128, 64, 32]
2025-10-10 00:21:17,669 [INFO] Modelo criado com 76033 parâmetros
2025-10-10 00:21:17,671 [INFO] Iniciando treinamento com 30 épocas...
2025-10-10 00:21:18,255 [INFO] Época 1/30, Batch 50/3348, Loss: 0.5509
2025-10-10 00:21:18,525 [INFO] Época 1/30, Batch 100/3348, Loss: 0.4791
2025-10-10 00:21:18,792 [INFO] Época 1/30, Batch 150/3348, Loss: 0.4520
2025-10-10 00:21:19,057 [INFO] Época 1/30, Batch 200/3348, Loss: 0.5078
2025-10-10 00:21:19,322 [INFO] Época 1/30, Batch 250/3348, Loss: 0.2713
2025-10-10 00:21:19,584 [INFO] Época 1/30, Batch 300/3348, Loss: 0.4830
2025-10-10 00:21:19,851 [INFO] Época 1/30, Batch 350/3348, Loss: 0.3049
2025-10-10 00:21:20,118 [INFO] Época 1/30, Batch 400/3348, Loss: 0.3935
2025-10-10 00:21:20,385 [INFO] Época 1/30, Batch 450/3348, Loss: 0.4597
2025-10-10 00:21:20,651 [INFO] Época 1/30, Batch 500/3348, Loss: 0.4249
2025-10-10 00:21:20,920 [INFO] Época 1/30, Batch 550/3348, Loss: 0.3642
2025-10-10 00:21:21,187 [INFO] Época 1/30, Batch 600/3348, Loss: 0.3427
2025-10-10 00:21:21,449 [INFO] Época 1/30, Batch 650/3348, Loss: 0.2993
2025-10-10 00:21:21,710 [INFO] Época 1/30, Batch 700/3348, Loss: 0.2874
2025-10-10 00:21:21,973 [INFO] Época 1/30, Batch 750/3348, Loss: 0.3067
2025-10-10 00:21:22,234 [INFO] Época 1/30, Batch 800/3348, Loss: 0.3213
2025-10-10 00:21:22,495 [INFO] Época 1/30, Batch 850/3348, Loss: 0.2567
2025-10-10 00:21:22,755 [INFO] Época 1/30, Batch 900/3348, Loss: 0.3113
2025-10-10 00:21:23,017 [INFO] Época 1/30, Batch 950/3348, Loss: 0.3231
2025-10-10 00:21:23,282 [INFO] Época 1/30, Batch 1000/3348, Loss: 0.3365
2025-10-10 00:21:23,544 [INFO] Época 1/30, Batch 1050/3348, Loss: 0.3901
2025-10-10 00:21:23,813 [INFO] Época 1/30, Batch 1100/3348, Loss: 0.3511
2025-10-10 00:21:24,078 [INFO] Época 1/30, Batch 1150/3348, Loss: 0.2473
2025-10-10 00:21:24,345 [INFO] Época 1/30, Batch 1200/3348, Loss: 0.2887
2025-10-10 00:21:24,618 [INFO] Época 1/30, Batch 1250/3348, Loss: 0.4079
2025-10-10 00:21:24,891 [INFO] Época 1/30, Batch 1300/3348, Loss: 0.2982
2025-10-10 00:21:25,163 [INFO] Época 1/30, Batch 1350/3348, Loss: 0.2151
2025-10-10 00:21:25,442 [INFO] Época 1/30, Batch 1400/3348, Loss: 0.3713
2025-10-10 00:21:25,715 [INFO] Época 1/30, Batch 1450/3348, Loss: 0.2595
2025-10-10 00:21:25,989 [INFO] Época 1/30, Batch 1500/3348, Loss: 0.2675
2025-10-10 00:21:26,262 [INFO] Época 1/30, Batch 1550/3348, Loss: 0.2513
2025-10-10 00:21:26,538 [INFO] Época 1/30, Batch 1600/3348, Loss: 0.2020
2025-10-10 00:21:26,810 [INFO] Época 1/30, Batch 1650/3348, Loss: 0.2544
2025-10-10 00:21:27,082 [INFO] Época 1/30, Batch 1700/3348, Loss: 0.2981
2025-10-10 00:21:27,356 [INFO] Época 1/30, Batch 1750/3348, Loss: 0.2555
2025-10-10 00:21:27,631 [INFO] Época 1/30, Batch 1800/3348, Loss: 0.2294
2025-10-10 00:21:27,896 [INFO] Época 1/30, Batch 1850/3348, Loss: 0.2746
2025-10-10 00:21:28,162 [INFO] Época 1/30, Batch 1900/3348, Loss: 0.1967
2025-10-10 00:21:28,426 [INFO] Época 1/30, Batch 1950/3348, Loss: 0.2760
2025-10-10 00:21:28,695 [INFO] Época 1/30, Batch 2000/3348, Loss: 0.2210
2025-10-10 00:21:28,959 [INFO] Época 1/30, Batch 2050/3348, Loss: 0.1990
2025-10-10 00:21:29,219 [INFO] Época 1/30, Batch 2100/3348, Loss: 0.2084
2025-10-10 00:21:29,482 [INFO] Época 1/30, Batch 2150/3348, Loss: 0.3126
2025-10-10 00:21:29,742 [INFO] Época 1/30, Batch 2200/3348, Loss: 0.1773
2025-10-10 00:21:30,003 [INFO] Época 1/30, Batch 2250/3348, Loss: 0.1641
2025-10-10 00:21:30,263 [INFO] Época 1/30, Batch 2300/3348, Loss: 0.2399
2025-10-10 00:21:30,522 [INFO] Época 1/30, Batch 2350/3348, Loss: 0.1559
2025-10-10 00:21:30,783 [INFO] Época 1/30, Batch 2400/3348, Loss: 0.2195
2025-10-10 00:21:31,047 [INFO] Época 1/30, Batch 2450/3348, Loss: 0.1901
2025-10-10 00:21:31,307 [INFO] Época 1/30, Batch 2500/3348, Loss: 0.2506
2025-10-10 00:21:31,570 [INFO] Época 1/30, Batch 2550/3348, Loss: 0.2441
2025-10-10 00:21:31,833 [INFO] Época 1/30, Batch 2600/3348, Loss: 0.2264
2025-10-10 00:21:32,098 [INFO] Época 1/30, Batch 2650/3348, Loss: 0.2595
2025-10-10 00:21:32,362 [INFO] Época 1/30, Batch 2700/3348, Loss: 0.2173
2025-10-10 00:21:32,627 [INFO] Época 1/30, Batch 2750/3348, Loss: 0.2411
2025-10-10 00:21:32,900 [INFO] Época 1/30, Batch 2800/3348, Loss: 0.3284
2025-10-10 00:21:33,175 [INFO] Época 1/30, Batch 2850/3348, Loss: 0.2762
2025-10-10 00:21:33,452 [INFO] Época 1/30, Batch 2900/3348, Loss: 0.2281
2025-10-10 00:21:33,727 [INFO] Época 1/30, Batch 2950/3348, Loss: 0.2319
2025-10-10 00:21:34,000 [INFO] Época 1/30, Batch 3000/3348, Loss: 0.1560
2025-10-10 00:21:34,274 [INFO] Época 1/30, Batch 3050/3348, Loss: 0.2497
2025-10-10 00:21:34,546 [INFO] Época 1/30, Batch 3100/3348, Loss: 0.1906
2025-10-10 00:21:34,819 [INFO] Época 1/30, Batch 3150/3348, Loss: 0.2629
2025-10-10 00:21:35,091 [INFO] Época 1/30, Batch 3200/3348, Loss: 0.2772
2025-10-10 00:21:35,364 [INFO] Época 1/30, Batch 3250/3348, Loss: 0.1973
2025-10-10 00:21:35,638 [INFO] Época 1/30, Batch 3300/3348, Loss: 0.2250
2025-10-10 00:21:37,522 [INFO] [1/30] Train Loss: 0.2772 | Val Loss: 0.2267 | Tempo: 19.85s
2025-10-10 00:21:37,527 [INFO] Melhor modelo salvo em: /mnt/hdd/home/jdurao/ToolBox-ChemXAI/models/mlp_qm9_Morgan_att6_large.pth
2025-10-10 00:21:38,102 [INFO] Época 2/30, Batch 50/3348, Loss: 0.1899
2025-10-10 00:21:38,370 [INFO] Época 2/30, Batch 100/3348, Loss: 0.1485
2025-10-10 00:21:38,635 [INFO] Época 2/30, Batch 150/3348, Loss: 0.1419
2025-10-10 00:21:38,898 [INFO] Época 2/30, Batch 200/3348, Loss: 0.1942
2025-10-10 00:21:39,161 [INFO] Época 2/30, Batch 250/3348, Loss: 0.1673
2025-10-10 00:21:39,424 [INFO] Época 2/30, Batch 300/3348, Loss: 0.2313
2025-10-10 00:21:39,687 [INFO] Época 2/30, Batch 350/3348, Loss: 0.2488
2025-10-10 00:21:39,949 [INFO] Época 2/30, Batch 400/3348, Loss: 0.1565
2025-10-10 00:21:40,211 [INFO] Época 2/30, Batch 450/3348, Loss: 0.2513
2025-10-10 00:21:40,471 [INFO] Época 2/30, Batch 500/3348, Loss: 0.2008
2025-10-10 00:21:40,734 [INFO] Época 2/30, Batch 550/3348, Loss: 0.1684
2025-10-10 00:21:40,994 [INFO] Época 2/30, Batch 600/3348, Loss: 0.1858
2025-10-10 00:21:41,256 [INFO] Época 2/30, Batch 650/3348, Loss: 0.2075
2025-10-10 00:21:41,518 [INFO] Época 2/30, Batch 700/3348, Loss: 0.2456
2025-10-10 00:21:41,780 [INFO] Época 2/30, Batch 750/3348, Loss: 0.1815
2025-10-10 00:21:42,042 [INFO] Época 2/30, Batch 800/3348, Loss: 0.1862
2025-10-10 00:21:42,304 [INFO] Época 2/30, Batch 850/3348, Loss: 0.1982
2025-10-10 00:21:42,561 [INFO] Época 2/30, Batch 900/3348, Loss: 0.2544
2025-10-10 00:21:42,821 [INFO] Época 2/30, Batch 950/3348, Loss: 0.2263
2025-10-10 00:21:43,083 [INFO] Época 2/30, Batch 1000/3348, Loss: 0.1610
2025-10-10 00:21:43,347 [INFO] Época 2/30, Batch 1050/3348, Loss: 0.1296
2025-10-10 00:21:43,609 [INFO] Época 2/30, Batch 1100/3348, Loss: 0.2129
2025-10-10 00:21:43,870 [INFO] Época 2/30, Batch 1150/3348, Loss: 0.2574
2025-10-10 00:21:44,128 [INFO] Época 2/30, Batch 1200/3348, Loss: 0.2343
2025-10-10 00:21:44,386 [INFO] Época 2/30, Batch 1250/3348, Loss: 0.2181
2025-10-10 00:21:44,644 [INFO] Época 2/30, Batch 1300/3348, Loss: 0.1917
2025-10-10 00:21:44,911 [INFO] Época 2/30, Batch 1350/3348, Loss: 0.2296
2025-10-10 00:21:45,181 [INFO] Época 2/30, Batch 1400/3348, Loss: 0.1529
2025-10-10 00:21:45,450 [INFO] Época 2/30, Batch 1450/3348, Loss: 0.1829
2025-10-10 00:21:45,718 [INFO] Época 2/30, Batch 1500/3348, Loss: 0.2547
2025-10-10 00:21:45,988 [INFO] Época 2/30, Batch 1550/3348, Loss: 0.1874
2025-10-10 00:21:46,258 [INFO] Época 2/30, Batch 1600/3348, Loss: 0.2660
2025-10-10 00:21:46,529 [INFO] Época 2/30, Batch 1650/3348, Loss: 0.1589
2025-10-10 00:21:46,798 [INFO] Época 2/30, Batch 1700/3348, Loss: 0.2075
2025-10-10 00:21:47,061 [INFO] Época 2/30, Batch 1750/3348, Loss: 0.2510
2025-10-10 00:21:47,321 [INFO] Época 2/30, Batch 1800/3348, Loss: 0.2006
2025-10-10 00:21:47,589 [INFO] Época 2/30, Batch 1850/3348, Loss: 0.1937
2025-10-10 00:21:47,858 [INFO] Época 2/30, Batch 1900/3348, Loss: 0.2027
2025-10-10 00:21:48,121 [INFO] Época 2/30, Batch 1950/3348, Loss: 0.1718
2025-10-10 00:21:48,379 [INFO] Época 2/30, Batch 2000/3348, Loss: 0.2383
2025-10-10 00:21:48,639 [INFO] Época 2/30, Batch 2050/3348, Loss: 0.2156
2025-10-10 00:21:48,901 [INFO] Época 2/30, Batch 2100/3348, Loss: 0.1811
2025-10-10 00:21:49,164 [INFO] Época 2/30, Batch 2150/3348, Loss: 0.2641
2025-10-10 00:21:49,426 [INFO] Época 2/30, Batch 2200/3348, Loss: 0.1258
2025-10-10 00:21:49,688 [INFO] Época 2/30, Batch 2250/3348, Loss: 0.1382
2025-10-10 00:21:49,949 [INFO] Época 2/30, Batch 2300/3348, Loss: 0.1000
2025-10-10 00:21:50,210 [INFO] Época 2/30, Batch 2350/3348, Loss: 0.2268
2025-10-10 00:21:50,472 [INFO] Época 2/30, Batch 2400/3348, Loss: 0.1873
2025-10-10 00:21:50,735 [INFO] Época 2/30, Batch 2450/3348, Loss: 0.1697
2025-10-10 00:21:50,995 [INFO] Época 2/30, Batch 2500/3348, Loss: 0.1957
2025-10-10 00:21:51,258 [INFO] Época 2/30, Batch 2550/3348, Loss: 0.1539
2025-10-10 00:21:51,519 [INFO] Época 2/30, Batch 2600/3348, Loss: 0.1904
2025-10-10 00:21:51,784 [INFO] Época 2/30, Batch 2650/3348, Loss: 0.1894
2025-10-10 00:21:52,044 [INFO] Época 2/30, Batch 2700/3348, Loss: 0.1462
2025-10-10 00:21:52,303 [INFO] Época 2/30, Batch 2750/3348, Loss: 0.2510
2025-10-10 00:21:52,563 [INFO] Época 2/30, Batch 2800/3348, Loss: 0.2233
2025-10-10 00:21:52,821 [INFO] Época 2/30, Batch 2850/3348, Loss: 0.2647
2025-10-10 00:21:53,081 [INFO] Época 2/30, Batch 2900/3348, Loss: 0.2137
2025-10-10 00:21:53,341 [INFO] Época 2/30, Batch 2950/3348, Loss: 0.1288
2025-10-10 00:21:53,603 [INFO] Época 2/30, Batch 3000/3348, Loss: 0.1701
2025-10-10 00:21:53,864 [INFO] Época 2/30, Batch 3050/3348, Loss: 0.1689
2025-10-10 00:21:54,125 [INFO] Época 2/30, Batch 3100/3348, Loss: 0.2485
2025-10-10 00:21:54,386 [INFO] Época 2/30, Batch 3150/3348, Loss: 0.1810
2025-10-10 00:21:54,649 [INFO] Época 2/30, Batch 3200/3348, Loss: 0.1873
2025-10-10 00:21:54,910 [INFO] Época 2/30, Batch 3250/3348, Loss: 0.1396
2025-10-10 00:21:55,173 [INFO] Época 2/30, Batch 3300/3348, Loss: 0.2093
2025-10-10 00:21:56,988 [INFO] [2/30] Train Loss: 0.1990 | Val Loss: 0.2262 | Tempo: 19.46s
2025-10-10 00:21:56,993 [INFO] Melhor modelo salvo em: /mnt/hdd/home/jdurao/ToolBox-ChemXAI/models/mlp_qm9_Morgan_att6_large.pth
2025-10-10 00:21:57,570 [INFO] Época 3/30, Batch 50/3348, Loss: 0.2232
2025-10-10 00:21:57,837 [INFO] Época 3/30, Batch 100/3348, Loss: 0.1773
2025-10-10 00:21:58,106 [INFO] Época 3/30, Batch 150/3348, Loss: 0.2253
2025-10-10 00:21:58,371 [INFO] Época 3/30, Batch 200/3348, Loss: 0.1260
2025-10-10 00:21:58,636 [INFO] Época 3/30, Batch 250/3348, Loss: 0.1305
2025-10-10 00:21:58,901 [INFO] Época 3/30, Batch 300/3348, Loss: 0.2106
2025-10-10 00:21:59,167 [INFO] Época 3/30, Batch 350/3348, Loss: 0.1636
2025-10-10 00:21:59,432 [INFO] Época 3/30, Batch 400/3348, Loss: 0.1991
2025-10-10 00:21:59,697 [INFO] Época 3/30, Batch 450/3348, Loss: 0.2207
2025-10-10 00:21:59,958 [INFO] Época 3/30, Batch 500/3348, Loss: 0.1940
2025-10-10 00:22:00,220 [INFO] Época 3/30, Batch 550/3348, Loss: 0.1951
2025-10-10 00:22:00,480 [INFO] Época 3/30, Batch 600/3348, Loss: 0.1602
2025-10-10 00:22:00,744 [INFO] Época 3/30, Batch 650/3348, Loss: 0.1739
2025-10-10 00:22:01,006 [INFO] Época 3/30, Batch 700/3348, Loss: 0.1372
2025-10-10 00:22:01,262 [INFO] Época 3/30, Batch 750/3348, Loss: 0.1207
2025-10-10 00:22:01,516 [INFO] Época 3/30, Batch 800/3348, Loss: 0.2030
2025-10-10 00:22:01,775 [INFO] Época 3/30, Batch 850/3348, Loss: 0.1909
2025-10-10 00:22:02,031 [INFO] Época 3/30, Batch 900/3348, Loss: 0.1613
2025-10-10 00:22:02,284 [INFO] Época 3/30, Batch 950/3348, Loss: 0.2295
2025-10-10 00:22:02,538 [INFO] Época 3/30, Batch 1000/3348, Loss: 0.1431
2025-10-10 00:22:02,791 [INFO] Época 3/30, Batch 1050/3348, Loss: 0.1754
2025-10-10 00:22:03,043 [INFO] Época 3/30, Batch 1100/3348, Loss: 0.1462
2025-10-10 00:22:03,296 [INFO] Época 3/30, Batch 1150/3348, Loss: 0.2639
2025-10-10 00:22:03,551 [INFO] Época 3/30, Batch 1200/3348, Loss: 0.1935
2025-10-10 00:22:03,805 [INFO] Época 3/30, Batch 1250/3348, Loss: 0.1634
2025-10-10 00:22:04,070 [INFO] Época 3/30, Batch 1300/3348, Loss: 0.1943
2025-10-10 00:22:04,332 [INFO] Época 3/30, Batch 1350/3348, Loss: 0.1724
2025-10-10 00:22:04,594 [INFO] Época 3/30, Batch 1400/3348, Loss: 0.1251
2025-10-10 00:22:04,861 [INFO] Época 3/30, Batch 1450/3348, Loss: 0.1847
2025-10-10 00:22:05,123 [INFO] Época 3/30, Batch 1500/3348, Loss: 0.1600
2025-10-10 00:22:05,384 [INFO] Época 3/30, Batch 1550/3348, Loss: 0.1567
2025-10-10 00:22:05,646 [INFO] Época 3/30, Batch 1600/3348, Loss: 0.2293
2025-10-10 00:22:05,908 [INFO] Época 3/30, Batch 1650/3348, Loss: 0.1609
2025-10-10 00:22:06,168 [INFO] Época 3/30, Batch 1700/3348, Loss: 0.1565
2025-10-10 00:22:06,426 [INFO] Época 3/30, Batch 1750/3348, Loss: 0.1077
2025-10-10 00:22:06,686 [INFO] Época 3/30, Batch 1800/3348, Loss: 0.2002
2025-10-10 00:22:06,947 [INFO] Época 3/30, Batch 1850/3348, Loss: 0.1421
2025-10-10 00:22:07,206 [INFO] Época 3/30, Batch 1900/3348, Loss: 0.1472
2025-10-10 00:22:07,472 [INFO] Época 3/30, Batch 1950/3348, Loss: 0.1682
2025-10-10 00:22:07,737 [INFO] Época 3/30, Batch 2000/3348, Loss: 0.1464
2025-10-10 00:22:08,002 [INFO] Época 3/30, Batch 2050/3348, Loss: 0.2067
2025-10-10 00:22:08,267 [INFO] Época 3/30, Batch 2100/3348, Loss: 0.1832
2025-10-10 00:22:08,531 [INFO] Época 3/30, Batch 2150/3348, Loss: 0.1841
2025-10-10 00:22:08,798 [INFO] Época 3/30, Batch 2200/3348, Loss: 0.2072
2025-10-10 00:22:09,063 [INFO] Época 3/30, Batch 2250/3348, Loss: 0.1971
2025-10-10 00:22:09,330 [INFO] Época 3/30, Batch 2300/3348, Loss: 0.1566
2025-10-10 00:22:09,594 [INFO] Época 3/30, Batch 2350/3348, Loss: 0.1504
2025-10-10 00:22:09,861 [INFO] Época 3/30, Batch 2400/3348, Loss: 0.1510
2025-10-10 00:22:10,127 [INFO] Época 3/30, Batch 2450/3348, Loss: 0.2071
2025-10-10 00:22:10,391 [INFO] Época 3/30, Batch 2500/3348, Loss: 0.1222
2025-10-10 00:22:10,659 [INFO] Época 3/30, Batch 2550/3348, Loss: 0.1617
2025-10-10 00:22:10,924 [INFO] Época 3/30, Batch 2600/3348, Loss: 0.1987
2025-10-10 00:22:11,185 [INFO] Época 3/30, Batch 2650/3348, Loss: 0.1955
2025-10-10 00:22:11,448 [INFO] Época 3/30, Batch 2700/3348, Loss: 0.1690
2025-10-10 00:22:11,709 [INFO] Época 3/30, Batch 2750/3348, Loss: 0.1597
2025-10-10 00:22:11,969 [INFO] Época 3/30, Batch 2800/3348, Loss: 0.2063
2025-10-10 00:22:12,229 [INFO] Época 3/30, Batch 2850/3348, Loss: 0.1587
2025-10-10 00:22:12,486 [INFO] Época 3/30, Batch 2900/3348, Loss: 0.1437
2025-10-10 00:22:12,747 [INFO] Época 3/30, Batch 2950/3348, Loss: 0.2211
2025-10-10 00:22:13,008 [INFO] Época 3/30, Batch 3000/3348, Loss: 0.1583
2025-10-10 00:22:13,285 [INFO] Época 3/30, Batch 3050/3348, Loss: 0.1596
2025-10-10 00:22:13,550 [INFO] Época 3/30, Batch 3100/3348, Loss: 0.1798
2025-10-10 00:22:13,812 [INFO] Época 3/30, Batch 3150/3348, Loss: 0.1930
2025-10-10 00:22:14,074 [INFO] Época 3/30, Batch 3200/3348, Loss: 0.1734
2025-10-10 00:22:14,337 [INFO] Época 3/30, Batch 3250/3348, Loss: 0.1449
2025-10-10 00:22:14,601 [INFO] Época 3/30, Batch 3300/3348, Loss: 0.2296
2025-10-10 00:22:16,542 [INFO] [3/30] Train Loss: 0.1769 | Val Loss: 0.2016 | Tempo: 19.55s
2025-10-10 00:22:16,548 [INFO] Melhor modelo salvo em: /mnt/hdd/home/jdurao/ToolBox-ChemXAI/models/mlp_qm9_Morgan_att6_large.pth
2025-10-10 00:22:17,129 [INFO] Época 4/30, Batch 50/3348, Loss: 0.1756
2025-10-10 00:22:17,399 [INFO] Época 4/30, Batch 100/3348, Loss: 0.1717
2025-10-10 00:22:17,665 [INFO] Época 4/30, Batch 150/3348, Loss: 0.1318
2025-10-10 00:22:17,931 [INFO] Época 4/30, Batch 200/3348, Loss: 0.1543
2025-10-10 00:22:18,195 [INFO] Época 4/30, Batch 250/3348, Loss: 0.1313
2025-10-10 00:22:18,459 [INFO] Época 4/30, Batch 300/3348, Loss: 0.1834
2025-10-10 00:22:18,723 [INFO] Época 4/30, Batch 350/3348, Loss: 0.0903
2025-10-10 00:22:18,986 [INFO] Época 4/30, Batch 400/3348, Loss: 0.1578
2025-10-10 00:22:19,251 [INFO] Época 4/30, Batch 450/3348, Loss: 0.2130
2025-10-10 00:22:19,514 [INFO] Época 4/30, Batch 500/3348, Loss: 0.1591
2025-10-10 00:22:19,781 [INFO] Época 4/30, Batch 550/3348, Loss: 0.1853
2025-10-10 00:22:20,044 [INFO] Época 4/30, Batch 600/3348, Loss: 0.1319
2025-10-10 00:22:20,306 [INFO] Época 4/30, Batch 650/3348, Loss: 0.1552
2025-10-10 00:22:20,573 [INFO] Época 4/30, Batch 700/3348, Loss: 0.1690
2025-10-10 00:22:20,835 [INFO] Época 4/30, Batch 750/3348, Loss: 0.1740
2025-10-10 00:22:21,095 [INFO] Época 4/30, Batch 800/3348, Loss: 0.1651
2025-10-10 00:22:21,358 [INFO] Época 4/30, Batch 850/3348, Loss: 0.1298
2025-10-10 00:22:21,621 [INFO] Época 4/30, Batch 900/3348, Loss: 0.1275
2025-10-10 00:22:21,885 [INFO] Época 4/30, Batch 950/3348, Loss: 0.1544
2025-10-10 00:22:22,147 [INFO] Época 4/30, Batch 1000/3348, Loss: 0.2316
2025-10-10 00:22:22,408 [INFO] Época 4/30, Batch 1050/3348, Loss: 0.2332
2025-10-10 00:22:22,670 [INFO] Época 4/30, Batch 1100/3348, Loss: 0.1651
2025-10-10 00:22:22,927 [INFO] Época 4/30, Batch 1150/3348, Loss: 0.1308
2025-10-10 00:22:23,188 [INFO] Época 4/30, Batch 1200/3348, Loss: 0.1578
2025-10-10 00:22:23,444 [INFO] Época 4/30, Batch 1250/3348, Loss: 0.1734
2025-10-10 00:22:23,699 [INFO] Época 4/30, Batch 1300/3348, Loss: 0.1343
2025-10-10 00:22:23,958 [INFO] Época 4/30, Batch 1350/3348, Loss: 0.1165
2025-10-10 00:22:24,217 [INFO] Época 4/30, Batch 1400/3348, Loss: 0.1668
2025-10-10 00:22:24,478 [INFO] Época 4/30, Batch 1450/3348, Loss: 0.1408
2025-10-10 00:22:24,738 [INFO] Época 4/30, Batch 1500/3348, Loss: 0.1493
2025-10-10 00:22:25,000 [INFO] Época 4/30, Batch 1550/3348, Loss: 0.1246
2025-10-10 00:22:25,262 [INFO] Época 4/30, Batch 1600/3348, Loss: 0.1595
2025-10-10 00:22:25,524 [INFO] Época 4/30, Batch 1650/3348, Loss: 0.1627
2025-10-10 00:22:25,786 [INFO] Época 4/30, Batch 1700/3348, Loss: 0.1970
2025-10-10 00:22:26,043 [INFO] Época 4/30, Batch 1750/3348, Loss: 0.1450
2025-10-10 00:22:26,302 [INFO] Época 4/30, Batch 1800/3348, Loss: 0.1223
2025-10-10 00:22:26,560 [INFO] Época 4/30, Batch 1850/3348, Loss: 0.1488
2025-10-10 00:22:26,820 [INFO] Época 4/30, Batch 1900/3348, Loss: 0.2063
2025-10-10 00:22:27,082 [INFO] Época 4/30, Batch 1950/3348, Loss: 0.1356
2025-10-10 00:22:27,344 [INFO] Época 4/30, Batch 2000/3348, Loss: 0.1685
2025-10-10 00:22:27,605 [INFO] Época 4/30, Batch 2050/3348, Loss: 0.1129
2025-10-10 00:22:27,863 [INFO] Época 4/30, Batch 2100/3348, Loss: 0.1552
2025-10-10 00:22:28,121 [INFO] Época 4/30, Batch 2150/3348, Loss: 0.1502
2025-10-10 00:22:28,377 [INFO] Época 4/30, Batch 2200/3348, Loss: 0.1502
2025-10-10 00:22:28,635 [INFO] Época 4/30, Batch 2250/3348, Loss: 0.1178
2025-10-10 00:22:28,894 [INFO] Época 4/30, Batch 2300/3348, Loss: 0.1775
2025-10-10 00:22:29,151 [INFO] Época 4/30, Batch 2350/3348, Loss: 0.1637
2025-10-10 00:22:29,410 [INFO] Época 4/30, Batch 2400/3348, Loss: 0.1589
2025-10-10 00:22:29,669 [INFO] Época 4/30, Batch 2450/3348, Loss: 0.1440
2025-10-10 00:22:29,929 [INFO] Época 4/30, Batch 2500/3348, Loss: 0.1577
2025-10-10 00:22:30,190 [INFO] Época 4/30, Batch 2550/3348, Loss: 0.1453
2025-10-10 00:22:30,450 [INFO] Época 4/30, Batch 2600/3348, Loss: 0.1465
2025-10-10 00:22:30,709 [INFO] Época 4/30, Batch 2650/3348, Loss: 0.1316
2025-10-10 00:22:30,967 [INFO] Época 4/30, Batch 2700/3348, Loss: 0.1453
2025-10-10 00:22:31,230 [INFO] Época 4/30, Batch 2750/3348, Loss: 0.1276
2025-10-10 00:22:31,489 [INFO] Época 4/30, Batch 2800/3348, Loss: 0.1291
2025-10-10 00:22:31,748 [INFO] Época 4/30, Batch 2850/3348, Loss: 0.1439
2025-10-10 00:22:32,008 [INFO] Época 4/30, Batch 2900/3348, Loss: 0.1497
2025-10-10 00:22:32,269 [INFO] Época 4/30, Batch 2950/3348, Loss: 0.1785
2025-10-10 00:22:32,531 [INFO] Época 4/30, Batch 3000/3348, Loss: 0.1783
2025-10-10 00:22:32,792 [INFO] Época 4/30, Batch 3050/3348, Loss: 0.1663
2025-10-10 00:22:33,054 [INFO] Época 4/30, Batch 3100/3348, Loss: 0.1502
2025-10-10 00:22:33,314 [INFO] Época 4/30, Batch 3150/3348, Loss: 0.1907
2025-10-10 00:22:33,573 [INFO] Época 4/30, Batch 3200/3348, Loss: 0.1715
2025-10-10 00:22:33,836 [INFO] Época 4/30, Batch 3250/3348, Loss: 0.1318
2025-10-10 00:22:34,097 [INFO] Época 4/30, Batch 3300/3348, Loss: 0.1628
2025-10-10 00:22:35,905 [INFO] [4/30] Train Loss: 0.1633 | Val Loss: 0.1821 | Tempo: 19.36s
2025-10-10 00:22:35,909 [INFO] Melhor modelo salvo em: /mnt/hdd/home/jdurao/ToolBox-ChemXAI/models/mlp_qm9_Morgan_att6_large.pth
2025-10-10 00:22:36,470 [INFO] Época 5/30, Batch 50/3348, Loss: 0.1394
2025-10-10 00:22:36,734 [INFO] Época 5/30, Batch 100/3348, Loss: 0.1163
2025-10-10 00:22:36,996 [INFO] Época 5/30, Batch 150/3348, Loss: 0.1116
2025-10-10 00:22:37,259 [INFO] Época 5/30, Batch 200/3348, Loss: 0.1737
2025-10-10 00:22:37,520 [INFO] Época 5/30, Batch 250/3348, Loss: 0.1809
2025-10-10 00:22:37,783 [INFO] Época 5/30, Batch 300/3348, Loss: 0.1650
2025-10-10 00:22:38,046 [INFO] Época 5/30, Batch 350/3348, Loss: 0.1399
2025-10-10 00:22:38,311 [INFO] Época 5/30, Batch 400/3348, Loss: 0.1054
2025-10-10 00:22:38,574 [INFO] Época 5/30, Batch 450/3348, Loss: 0.1138
2025-10-10 00:22:38,837 [INFO] Época 5/30, Batch 500/3348, Loss: 0.1072
2025-10-10 00:22:39,099 [INFO] Época 5/30, Batch 550/3348, Loss: 0.0978
2025-10-10 00:22:39,361 [INFO] Época 5/30, Batch 600/3348, Loss: 0.1387
2025-10-10 00:22:39,624 [INFO] Época 5/30, Batch 650/3348, Loss: 0.1768
2025-10-10 00:22:39,885 [INFO] Época 5/30, Batch 700/3348, Loss: 0.1073
2025-10-10 00:22:40,145 [INFO] Época 5/30, Batch 750/3348, Loss: 0.1298
2025-10-10 00:22:40,402 [INFO] Época 5/30, Batch 800/3348, Loss: 0.2306
2025-10-10 00:22:40,661 [INFO] Época 5/30, Batch 850/3348, Loss: 0.1379
2025-10-10 00:22:40,919 [INFO] Época 5/30, Batch 900/3348, Loss: 0.1151
2025-10-10 00:22:41,176 [INFO] Época 5/30, Batch 950/3348, Loss: 0.1538
2025-10-10 00:22:41,433 [INFO] Época 5/30, Batch 1000/3348, Loss: 0.1236
2025-10-10 00:22:41,693 [INFO] Época 5/30, Batch 1050/3348, Loss: 0.1380
2025-10-10 00:22:41,954 [INFO] Época 5/30, Batch 1100/3348, Loss: 0.1250
2025-10-10 00:22:42,215 [INFO] Época 5/30, Batch 1150/3348, Loss: 0.1730
2025-10-10 00:22:42,471 [INFO] Época 5/30, Batch 1200/3348, Loss: 0.2099
2025-10-10 00:22:42,726 [INFO] Época 5/30, Batch 1250/3348, Loss: 0.1913
2025-10-10 00:22:42,984 [INFO] Época 5/30, Batch 1300/3348, Loss: 0.1458
2025-10-10 00:22:43,247 [INFO] Época 5/30, Batch 1350/3348, Loss: 0.1342
2025-10-10 00:22:43,509 [INFO] Época 5/30, Batch 1400/3348, Loss: 0.1354
2025-10-10 00:22:43,768 [INFO] Época 5/30, Batch 1450/3348, Loss: 0.2228
2025-10-10 00:22:44,029 [INFO] Época 5/30, Batch 1500/3348, Loss: 0.1480
2025-10-10 00:22:44,288 [INFO] Época 5/30, Batch 1550/3348, Loss: 0.1563
2025-10-10 00:22:44,549 [INFO] Época 5/30, Batch 1600/3348, Loss: 0.1522
2025-10-10 00:22:44,813 [INFO] Época 5/30, Batch 1650/3348, Loss: 0.1530
2025-10-10 00:22:45,078 [INFO] Época 5/30, Batch 1700/3348, Loss: 0.1450
2025-10-10 00:22:45,347 [INFO] Época 5/30, Batch 1750/3348, Loss: 0.1562
2025-10-10 00:22:45,610 [INFO] Época 5/30, Batch 1800/3348, Loss: 0.1145
2025-10-10 00:22:45,873 [INFO] Época 5/30, Batch 1850/3348, Loss: 0.1200
2025-10-10 00:22:46,132 [INFO] Época 5/30, Batch 1900/3348, Loss: 0.2105
2025-10-10 00:22:46,395 [INFO] Época 5/30, Batch 1950/3348, Loss: 0.1420
2025-10-10 00:22:46,661 [INFO] Época 5/30, Batch 2000/3348, Loss: 0.1824
2025-10-10 00:22:46,922 [INFO] Época 5/30, Batch 2050/3348, Loss: 0.1656
2025-10-10 00:22:47,184 [INFO] Época 5/30, Batch 2100/3348, Loss: 0.1899
2025-10-10 00:22:47,445 [INFO] Época 5/30, Batch 2150/3348, Loss: 0.2078
2025-10-10 00:22:47,709 [INFO] Época 5/30, Batch 2200/3348, Loss: 0.1944
2025-10-10 00:22:47,971 [INFO] Época 5/30, Batch 2250/3348, Loss: 0.1633
2025-10-10 00:22:48,232 [INFO] Época 5/30, Batch 2300/3348, Loss: 0.1779
2025-10-10 00:22:48,495 [INFO] Época 5/30, Batch 2350/3348, Loss: 0.1464
2025-10-10 00:22:48,758 [INFO] Época 5/30, Batch 2400/3348, Loss: 0.1802
2025-10-10 00:22:49,021 [INFO] Época 5/30, Batch 2450/3348, Loss: 0.1440
2025-10-10 00:22:49,283 [INFO] Época 5/30, Batch 2500/3348, Loss: 0.1210
2025-10-10 00:22:49,548 [INFO] Época 5/30, Batch 2550/3348, Loss: 0.2358
2025-10-10 00:22:49,811 [INFO] Época 5/30, Batch 2600/3348, Loss: 0.1350
2025-10-10 00:22:50,074 [INFO] Época 5/30, Batch 2650/3348, Loss: 0.1102
2025-10-10 00:22:50,337 [INFO] Época 5/30, Batch 2700/3348, Loss: 0.1523
2025-10-10 00:22:50,601 [INFO] Época 5/30, Batch 2750/3348, Loss: 0.1135
2025-10-10 00:22:50,865 [INFO] Época 5/30, Batch 2800/3348, Loss: 0.1680
2025-10-10 00:22:51,131 [INFO] Época 5/30, Batch 2850/3348, Loss: 0.1859
2025-10-10 00:22:51,394 [INFO] Época 5/30, Batch 2900/3348, Loss: 0.1152
2025-10-10 00:22:51,656 [INFO] Época 5/30, Batch 2950/3348, Loss: 0.1800
2025-10-10 00:22:51,918 [INFO] Época 5/30, Batch 3000/3348, Loss: 0.1678
2025-10-10 00:22:52,182 [INFO] Época 5/30, Batch 3050/3348, Loss: 0.1769
2025-10-10 00:22:52,445 [INFO] Época 5/30, Batch 3100/3348, Loss: 0.1811
2025-10-10 00:22:52,709 [INFO] Época 5/30, Batch 3150/3348, Loss: 0.1577
2025-10-10 00:22:52,972 [INFO] Época 5/30, Batch 3200/3348, Loss: 0.1850
2025-10-10 00:22:53,236 [INFO] Época 5/30, Batch 3250/3348, Loss: 0.2226
2025-10-10 00:22:53,500 [INFO] Época 5/30, Batch 3300/3348, Loss: 0.1452
2025-10-10 00:22:55,273 [INFO] [5/30] Train Loss: 0.1534 | Val Loss: 0.1820 | Tempo: 19.36s
2025-10-10 00:22:55,278 [INFO] Melhor modelo salvo em: /mnt/hdd/home/jdurao/ToolBox-ChemXAI/models/mlp_qm9_Morgan_att6_large.pth
2025-10-10 00:22:55,865 [INFO] Época 6/30, Batch 50/3348, Loss: 0.1315
2025-10-10 00:22:56,136 [INFO] Época 6/30, Batch 100/3348, Loss: 0.1627
2025-10-10 00:22:56,409 [INFO] Época 6/30, Batch 150/3348, Loss: 0.1398
2025-10-10 00:22:56,677 [INFO] Época 6/30, Batch 200/3348, Loss: 0.1276
2025-10-10 00:22:56,949 [INFO] Época 6/30, Batch 250/3348, Loss: 0.1345
2025-10-10 00:22:57,218 [INFO] Época 6/30, Batch 300/3348, Loss: 0.1258
2025-10-10 00:22:57,487 [INFO] Época 6/30, Batch 350/3348, Loss: 0.2084
2025-10-10 00:22:57,755 [INFO] Época 6/30, Batch 400/3348, Loss: 0.1393
2025-10-10 00:22:58,020 [INFO] Época 6/30, Batch 450/3348, Loss: 0.1351
2025-10-10 00:22:58,289 [INFO] Época 6/30, Batch 500/3348, Loss: 0.2004
2025-10-10 00:22:58,558 [INFO] Época 6/30, Batch 550/3348, Loss: 0.0873
2025-10-10 00:22:58,822 [INFO] Época 6/30, Batch 600/3348, Loss: 0.2196
2025-10-10 00:22:59,089 [INFO] Época 6/30, Batch 650/3348, Loss: 0.1177
2025-10-10 00:22:59,345 [INFO] Época 6/30, Batch 700/3348, Loss: 0.1907
2025-10-10 00:22:59,600 [INFO] Época 6/30, Batch 750/3348, Loss: 0.1669
2025-10-10 00:22:59,857 [INFO] Época 6/30, Batch 800/3348, Loss: 0.1022
2025-10-10 00:23:00,117 [INFO] Época 6/30, Batch 850/3348, Loss: 0.1492
2025-10-10 00:23:00,371 [INFO] Época 6/30, Batch 900/3348, Loss: 0.1343
2025-10-10 00:23:00,635 [INFO] Época 6/30, Batch 950/3348, Loss: 0.1542
2025-10-10 00:23:00,920 [INFO] Época 6/30, Batch 1000/3348, Loss: 0.1579
2025-10-10 00:23:01,206 [INFO] Época 6/30, Batch 1050/3348, Loss: 0.1326
2025-10-10 00:23:01,492 [INFO] Época 6/30, Batch 1100/3348, Loss: 0.1443
2025-10-10 00:23:01,777 [INFO] Época 6/30, Batch 1150/3348, Loss: 0.0983
2025-10-10 00:23:02,054 [INFO] Época 6/30, Batch 1200/3348, Loss: 0.1648
2025-10-10 00:23:02,314 [INFO] Época 6/30, Batch 1250/3348, Loss: 0.1038
2025-10-10 00:23:02,575 [INFO] Época 6/30, Batch 1300/3348, Loss: 0.1939
2025-10-10 00:23:02,835 [INFO] Época 6/30, Batch 1350/3348, Loss: 0.1489
2025-10-10 00:23:03,115 [INFO] Época 6/30, Batch 1400/3348, Loss: 0.1265
2025-10-10 00:23:03,400 [INFO] Época 6/30, Batch 1450/3348, Loss: 0.1555
2025-10-10 00:23:03,681 [INFO] Época 6/30, Batch 1500/3348, Loss: 0.1345
2025-10-10 00:23:03,942 [INFO] Época 6/30, Batch 1550/3348, Loss: 0.1402
2025-10-10 00:23:04,204 [INFO] Época 6/30, Batch 1600/3348, Loss: 0.1406
2025-10-10 00:23:04,463 [INFO] Época 6/30, Batch 1650/3348, Loss: 0.1648
2025-10-10 00:23:04,724 [INFO] Época 6/30, Batch 1700/3348, Loss: 0.1499
2025-10-10 00:23:04,998 [INFO] Época 6/30, Batch 1750/3348, Loss: 0.1284
2025-10-10 00:23:05,268 [INFO] Época 6/30, Batch 1800/3348, Loss: 0.1842
2025-10-10 00:23:05,532 [INFO] Época 6/30, Batch 1850/3348, Loss: 0.1467
2025-10-10 00:23:05,797 [INFO] Época 6/30, Batch 1900/3348, Loss: 0.1387
2025-10-10 00:23:06,064 [INFO] Época 6/30, Batch 1950/3348, Loss: 0.1432
2025-10-10 00:23:06,329 [INFO] Época 6/30, Batch 2000/3348, Loss: 0.1005
2025-10-10 00:23:06,590 [INFO] Época 6/30, Batch 2050/3348, Loss: 0.1222
2025-10-10 00:23:06,860 [INFO] Época 6/30, Batch 2100/3348, Loss: 0.1473
2025-10-10 00:23:07,132 [INFO] Época 6/30, Batch 2150/3348, Loss: 0.1585
2025-10-10 00:23:07,398 [INFO] Época 6/30, Batch 2200/3348, Loss: 0.1621
2025-10-10 00:23:07,664 [INFO] Época 6/30, Batch 2250/3348, Loss: 0.1749
2025-10-10 00:23:07,933 [INFO] Época 6/30, Batch 2300/3348, Loss: 0.1277
2025-10-10 00:23:08,210 [INFO] Época 6/30, Batch 2350/3348, Loss: 0.1186
2025-10-10 00:23:08,491 [INFO] Época 6/30, Batch 2400/3348, Loss: 0.1309
2025-10-10 00:23:08,763 [INFO] Época 6/30, Batch 2450/3348, Loss: 0.1982
2025-10-10 00:23:09,022 [INFO] Época 6/30, Batch 2500/3348, Loss: 0.1490
2025-10-10 00:23:09,284 [INFO] Época 6/30, Batch 2550/3348, Loss: 0.1535
2025-10-10 00:23:09,544 [INFO] Época 6/30, Batch 2600/3348, Loss: 0.1767
2025-10-10 00:23:09,805 [INFO] Época 6/30, Batch 2650/3348, Loss: 0.1636
2025-10-10 00:23:10,066 [INFO] Época 6/30, Batch 2700/3348, Loss: 0.1548
2025-10-10 00:23:10,326 [INFO] Época 6/30, Batch 2750/3348, Loss: 0.1144
2025-10-10 00:23:10,584 [INFO] Época 6/30, Batch 2800/3348, Loss: 0.1515
2025-10-10 00:23:10,846 [INFO] Época 6/30, Batch 2850/3348, Loss: 0.1298
2025-10-10 00:23:11,114 [INFO] Época 6/30, Batch 2900/3348, Loss: 0.1593
2025-10-10 00:23:11,397 [INFO] Época 6/30, Batch 2950/3348, Loss: 0.1595
2025-10-10 00:23:11,680 [INFO] Época 6/30, Batch 3000/3348, Loss: 0.1554
2025-10-10 00:23:11,957 [INFO] Época 6/30, Batch 3050/3348, Loss: 0.1404
2025-10-10 00:23:12,241 [INFO] Época 6/30, Batch 3100/3348, Loss: 0.1213
2025-10-10 00:23:12,523 [INFO] Época 6/30, Batch 3150/3348, Loss: 0.1597
2025-10-10 00:23:12,799 [INFO] Época 6/30, Batch 3200/3348, Loss: 0.1715
2025-10-10 00:23:13,074 [INFO] Época 6/30, Batch 3250/3348, Loss: 0.1664
2025-10-10 00:23:13,353 [INFO] Época 6/30, Batch 3300/3348, Loss: 0.1397
2025-10-10 00:23:15,175 [INFO] [6/30] Train Loss: 0.1462 | Val Loss: 0.1846 | Tempo: 19.90s
2025-10-10 00:23:15,753 [INFO] Época 7/30, Batch 50/3348, Loss: 0.0968
2025-10-10 00:23:16,024 [INFO] Época 7/30, Batch 100/3348, Loss: 0.1575
2025-10-10 00:23:16,290 [INFO] Época 7/30, Batch 150/3348, Loss: 0.1083
2025-10-10 00:23:16,554 [INFO] Época 7/30, Batch 200/3348, Loss: 0.1243
2025-10-10 00:23:16,819 [INFO] Época 7/30, Batch 250/3348, Loss: 0.1451
2025-10-10 00:23:17,083 [INFO] Época 7/30, Batch 300/3348, Loss: 0.1151
2025-10-10 00:23:17,346 [INFO] Época 7/30, Batch 350/3348, Loss: 0.1485
2025-10-10 00:23:17,610 [INFO] Época 7/30, Batch 400/3348, Loss: 0.1637
2025-10-10 00:23:17,874 [INFO] Época 7/30, Batch 450/3348, Loss: 0.1195
2025-10-10 00:23:18,139 [INFO] Época 7/30, Batch 500/3348, Loss: 0.1517
2025-10-10 00:23:18,411 [INFO] Época 7/30, Batch 550/3348, Loss: 0.1334
2025-10-10 00:23:18,680 [INFO] Época 7/30, Batch 600/3348, Loss: 0.1245
2025-10-10 00:23:18,946 [INFO] Época 7/30, Batch 650/3348, Loss: 0.1160
2025-10-10 00:23:19,209 [INFO] Época 7/30, Batch 700/3348, Loss: 0.1193
2025-10-10 00:23:19,471 [INFO] Época 7/30, Batch 750/3348, Loss: 0.1091
2025-10-10 00:23:19,735 [INFO] Época 7/30, Batch 800/3348, Loss: 0.1484
2025-10-10 00:23:19,999 [INFO] Época 7/30, Batch 850/3348, Loss: 0.1486
2025-10-10 00:23:20,260 [INFO] Época 7/30, Batch 900/3348, Loss: 0.1553
2025-10-10 00:23:20,522 [INFO] Época 7/30, Batch 950/3348, Loss: 0.0973
2025-10-10 00:23:20,784 [INFO] Época 7/30, Batch 1000/3348, Loss: 0.1127
2025-10-10 00:23:21,048 [INFO] Época 7/30, Batch 1050/3348, Loss: 0.1190
2025-10-10 00:23:21,310 [INFO] Época 7/30, Batch 1100/3348, Loss: 0.1085
2025-10-10 00:23:21,572 [INFO] Época 7/30, Batch 1150/3348, Loss: 0.1068
2025-10-10 00:23:21,834 [INFO] Época 7/30, Batch 1200/3348, Loss: 0.1531
2025-10-10 00:23:22,099 [INFO] Época 7/30, Batch 1250/3348, Loss: 0.1192
2025-10-10 00:23:22,365 [INFO] Época 7/30, Batch 1300/3348, Loss: 0.0941
2025-10-10 00:23:22,629 [INFO] Época 7/30, Batch 1350/3348, Loss: 0.1343
2025-10-10 00:23:22,891 [INFO] Época 7/30, Batch 1400/3348, Loss: 0.1242
2025-10-10 00:23:23,155 [INFO] Época 7/30, Batch 1450/3348, Loss: 0.1251
2025-10-10 00:23:23,419 [INFO] Época 7/30, Batch 1500/3348, Loss: 0.1267
2025-10-10 00:23:23,683 [INFO] Época 7/30, Batch 1550/3348, Loss: 0.1092
2025-10-10 00:23:23,947 [INFO] Época 7/30, Batch 1600/3348, Loss: 0.1207
2025-10-10 00:23:24,208 [INFO] Época 7/30, Batch 1650/3348, Loss: 0.1944
2025-10-10 00:23:24,472 [INFO] Época 7/30, Batch 1700/3348, Loss: 0.2232
2025-10-10 00:23:24,735 [INFO] Época 7/30, Batch 1750/3348, Loss: 0.1427
2025-10-10 00:23:24,997 [INFO] Época 7/30, Batch 1800/3348, Loss: 0.1892
2025-10-10 00:23:25,259 [INFO] Época 7/30, Batch 1850/3348, Loss: 0.1973
2025-10-10 00:23:25,522 [INFO] Época 7/30, Batch 1900/3348, Loss: 0.1552
2025-10-10 00:23:25,784 [INFO] Época 7/30, Batch 1950/3348, Loss: 0.1264
2025-10-10 00:23:26,046 [INFO] Época 7/30, Batch 2000/3348, Loss: 0.1303
2025-10-10 00:23:26,308 [INFO] Época 7/30, Batch 2050/3348, Loss: 0.1219
2025-10-10 00:23:26,570 [INFO] Época 7/30, Batch 2100/3348, Loss: 0.1268
2025-10-10 00:23:26,834 [INFO] Época 7/30, Batch 2150/3348, Loss: 0.1663
2025-10-10 00:23:27,097 [INFO] Época 7/30, Batch 2200/3348, Loss: 0.1374
2025-10-10 00:23:27,362 [INFO] Época 7/30, Batch 2250/3348, Loss: 0.1039
2025-10-10 00:23:27,625 [INFO] Época 7/30, Batch 2300/3348, Loss: 0.1429
2025-10-10 00:23:27,892 [INFO] Época 7/30, Batch 2350/3348, Loss: 0.1454
2025-10-10 00:23:28,154 [INFO] Época 7/30, Batch 2400/3348, Loss: 0.1295
2025-10-10 00:23:28,420 [INFO] Época 7/30, Batch 2450/3348, Loss: 0.1694
2025-10-10 00:23:28,685 [INFO] Época 7/30, Batch 2500/3348, Loss: 0.1355
2025-10-10 00:23:28,947 [INFO] Época 7/30, Batch 2550/3348, Loss: 0.1095
2025-10-10 00:23:29,210 [INFO] Época 7/30, Batch 2600/3348, Loss: 0.1234
2025-10-10 00:23:29,472 [INFO] Época 7/30, Batch 2650/3348, Loss: 0.1570
2025-10-10 00:23:29,734 [INFO] Época 7/30, Batch 2700/3348, Loss: 0.1260
2025-10-10 00:23:29,997 [INFO] Época 7/30, Batch 2750/3348, Loss: 0.1701
2025-10-10 00:23:30,258 [INFO] Época 7/30, Batch 2800/3348, Loss: 0.1958
2025-10-10 00:23:30,521 [INFO] Época 7/30, Batch 2850/3348, Loss: 0.1116
2025-10-10 00:23:30,783 [INFO] Época 7/30, Batch 2900/3348, Loss: 0.1505
2025-10-10 00:23:31,047 [INFO] Época 7/30, Batch 2950/3348, Loss: 0.1993
2025-10-10 00:23:31,309 [INFO] Época 7/30, Batch 3000/3348, Loss: 0.1017
2025-10-10 00:23:31,571 [INFO] Época 7/30, Batch 3050/3348, Loss: 0.1428
2025-10-10 00:23:31,836 [INFO] Época 7/30, Batch 3100/3348, Loss: 0.1698
2025-10-10 00:23:32,099 [INFO] Época 7/30, Batch 3150/3348, Loss: 0.1267
2025-10-10 00:23:32,363 [INFO] Época 7/30, Batch 3200/3348, Loss: 0.1335
2025-10-10 00:23:32,624 [INFO] Época 7/30, Batch 3250/3348, Loss: 0.1453
2025-10-10 00:23:32,888 [INFO] Época 7/30, Batch 3300/3348, Loss: 0.2198
2025-10-10 00:23:34,708 [INFO] [7/30] Train Loss: 0.1400 | Val Loss: 0.1822 | Tempo: 19.53s
2025-10-10 00:23:35,297 [INFO] Época 8/30, Batch 50/3348, Loss: 0.1342
2025-10-10 00:23:35,566 [INFO] Época 8/30, Batch 100/3348, Loss: 0.1144
2025-10-10 00:23:35,835 [INFO] Época 8/30, Batch 150/3348, Loss: 0.1676
2025-10-10 00:23:36,101 [INFO] Época 8/30, Batch 200/3348, Loss: 0.1277
2025-10-10 00:23:36,365 [INFO] Época 8/30, Batch 250/3348, Loss: 0.1132
2025-10-10 00:23:36,632 [INFO] Época 8/30, Batch 300/3348, Loss: 0.1399
2025-10-10 00:23:36,896 [INFO] Época 8/30, Batch 350/3348, Loss: 0.1452
2025-10-10 00:23:37,159 [INFO] Época 8/30, Batch 400/3348, Loss: 0.1106
2025-10-10 00:23:37,419 [INFO] Época 8/30, Batch 450/3348, Loss: 0.1297
2025-10-10 00:23:37,684 [INFO] Época 8/30, Batch 500/3348, Loss: 0.1457
2025-10-10 00:23:37,947 [INFO] Época 8/30, Batch 550/3348, Loss: 0.1076
2025-10-10 00:23:38,209 [INFO] Época 8/30, Batch 600/3348, Loss: 0.1419
2025-10-10 00:23:38,473 [INFO] Época 8/30, Batch 650/3348, Loss: 0.1383
2025-10-10 00:23:38,730 [INFO] Época 8/30, Batch 700/3348, Loss: 0.1697
2025-10-10 00:23:38,983 [INFO] Época 8/30, Batch 750/3348, Loss: 0.1518
2025-10-10 00:23:39,246 [INFO] Época 8/30, Batch 800/3348, Loss: 0.1042
2025-10-10 00:23:39,513 [INFO] Época 8/30, Batch 850/3348, Loss: 0.1041
2025-10-10 00:23:39,776 [INFO] Época 8/30, Batch 900/3348, Loss: 0.1435
2025-10-10 00:23:40,038 [INFO] Época 8/30, Batch 950/3348, Loss: 0.1536
2025-10-10 00:23:40,300 [INFO] Época 8/30, Batch 1000/3348, Loss: 0.1260
2025-10-10 00:23:40,563 [INFO] Época 8/30, Batch 1050/3348, Loss: 0.1066
2025-10-10 00:23:40,826 [INFO] Época 8/30, Batch 1100/3348, Loss: 0.1157
2025-10-10 00:23:41,087 [INFO] Época 8/30, Batch 1150/3348, Loss: 0.1487
2025-10-10 00:23:41,350 [INFO] Época 8/30, Batch 1200/3348, Loss: 0.1328
2025-10-10 00:23:41,613 [INFO] Época 8/30, Batch 1250/3348, Loss: 0.1485
2025-10-10 00:23:41,876 [INFO] Época 8/30, Batch 1300/3348, Loss: 0.1207
2025-10-10 00:23:42,140 [INFO] Época 8/30, Batch 1350/3348, Loss: 0.1779
2025-10-10 00:23:42,405 [INFO] Época 8/30, Batch 1400/3348, Loss: 0.1789
2025-10-10 00:23:42,670 [INFO] Época 8/30, Batch 1450/3348, Loss: 0.1132
2025-10-10 00:23:42,936 [INFO] Época 8/30, Batch 1500/3348, Loss: 0.1574
2025-10-10 00:23:43,201 [INFO] Época 8/30, Batch 1550/3348, Loss: 0.1010
2025-10-10 00:23:43,468 [INFO] Época 8/30, Batch 1600/3348, Loss: 0.1395
2025-10-10 00:23:43,738 [INFO] Época 8/30, Batch 1650/3348, Loss: 0.1481
2025-10-10 00:23:44,008 [INFO] Época 8/30, Batch 1700/3348, Loss: 0.0856
2025-10-10 00:23:44,279 [INFO] Época 8/30, Batch 1750/3348, Loss: 0.1716
2025-10-10 00:23:44,551 [INFO] Época 8/30, Batch 1800/3348, Loss: 0.1732
2025-10-10 00:23:44,823 [INFO] Época 8/30, Batch 1850/3348, Loss: 0.1141
2025-10-10 00:23:45,096 [INFO] Época 8/30, Batch 1900/3348, Loss: 0.1261
2025-10-10 00:23:45,367 [INFO] Época 8/30, Batch 1950/3348, Loss: 0.1632
2025-10-10 00:23:45,637 [INFO] Época 8/30, Batch 2000/3348, Loss: 0.1220
2025-10-10 00:23:45,908 [INFO] Época 8/30, Batch 2050/3348, Loss: 0.1307
2025-10-10 00:23:46,182 [INFO] Época 8/30, Batch 2100/3348, Loss: 0.1321
2025-10-10 00:23:46,455 [INFO] Época 8/30, Batch 2150/3348, Loss: 0.1079
2025-10-10 00:23:46,720 [INFO] Época 8/30, Batch 2200/3348, Loss: 0.1507
2025-10-10 00:23:46,986 [INFO] Época 8/30, Batch 2250/3348, Loss: 0.1525
2025-10-10 00:23:47,252 [INFO] Época 8/30, Batch 2300/3348, Loss: 0.1467
2025-10-10 00:23:47,516 [INFO] Época 8/30, Batch 2350/3348, Loss: 0.1461
2025-10-10 00:23:47,779 [INFO] Época 8/30, Batch 2400/3348, Loss: 0.0968
2025-10-10 00:23:48,041 [INFO] Época 8/30, Batch 2450/3348, Loss: 0.1446
2025-10-10 00:23:48,303 [INFO] Época 8/30, Batch 2500/3348, Loss: 0.1596
2025-10-10 00:23:48,565 [INFO] Época 8/30, Batch 2550/3348, Loss: 0.0859
2025-10-10 00:23:48,829 [INFO] Época 8/30, Batch 2600/3348, Loss: 0.1046
2025-10-10 00:23:49,091 [INFO] Época 8/30, Batch 2650/3348, Loss: 0.1041
2025-10-10 00:23:49,360 [INFO] Época 8/30, Batch 2700/3348, Loss: 0.1642
2025-10-10 00:23:49,632 [INFO] Época 8/30, Batch 2750/3348, Loss: 0.1549
2025-10-10 00:23:49,902 [INFO] Época 8/30, Batch 2800/3348, Loss: 0.1133
2025-10-10 00:23:50,173 [INFO] Época 8/30, Batch 2850/3348, Loss: 0.1479
2025-10-10 00:23:50,447 [INFO] Época 8/30, Batch 2900/3348, Loss: 0.1591
2025-10-10 00:23:50,720 [INFO] Época 8/30, Batch 2950/3348, Loss: 0.1324
2025-10-10 00:23:50,991 [INFO] Época 8/30, Batch 3000/3348, Loss: 0.1357
2025-10-10 00:23:51,263 [INFO] Época 8/30, Batch 3050/3348, Loss: 0.1166
2025-10-10 00:23:51,534 [INFO] Época 8/30, Batch 3100/3348, Loss: 0.1437
2025-10-10 00:23:51,807 [INFO] Época 8/30, Batch 3150/3348, Loss: 0.1401
2025-10-10 00:23:52,068 [INFO] Época 8/30, Batch 3200/3348, Loss: 0.1638
2025-10-10 00:23:52,331 [INFO] Época 8/30, Batch 3250/3348, Loss: 0.1237
2025-10-10 00:23:52,593 [INFO] Época 8/30, Batch 3300/3348, Loss: 0.1446
2025-10-10 00:23:54,508 [INFO] [8/30] Train Loss: 0.1347 | Val Loss: 0.1871 | Tempo: 19.80s
2025-10-10 00:23:55,104 [INFO] Época 9/30, Batch 50/3348, Loss: 0.1264
2025-10-10 00:23:55,383 [INFO] Época 9/30, Batch 100/3348, Loss: 0.1498
2025-10-10 00:23:55,660 [INFO] Época 9/30, Batch 150/3348, Loss: 0.1288
2025-10-10 00:23:55,932 [INFO] Época 9/30, Batch 200/3348, Loss: 0.1041
2025-10-10 00:23:56,206 [INFO] Época 9/30, Batch 250/3348, Loss: 0.1002
2025-10-10 00:23:56,481 [INFO] Época 9/30, Batch 300/3348, Loss: 0.1357
2025-10-10 00:23:56,758 [INFO] Época 9/30, Batch 350/3348, Loss: 0.1129
2025-10-10 00:23:57,027 [INFO] Época 9/30, Batch 400/3348, Loss: 0.1416
2025-10-10 00:23:57,291 [INFO] Época 9/30, Batch 450/3348, Loss: 0.1402
2025-10-10 00:23:57,554 [INFO] Época 9/30, Batch 500/3348, Loss: 0.1176
2025-10-10 00:23:57,817 [INFO] Época 9/30, Batch 550/3348, Loss: 0.1676
2025-10-10 00:23:58,080 [INFO] Época 9/30, Batch 600/3348, Loss: 0.1409
2025-10-10 00:23:58,343 [INFO] Época 9/30, Batch 650/3348, Loss: 0.1252
2025-10-10 00:23:58,606 [INFO] Época 9/30, Batch 700/3348, Loss: 0.1311
2025-10-10 00:23:58,868 [INFO] Época 9/30, Batch 750/3348, Loss: 0.1375
2025-10-10 00:23:59,130 [INFO] Época 9/30, Batch 800/3348, Loss: 0.1093
2025-10-10 00:23:59,394 [INFO] Época 9/30, Batch 850/3348, Loss: 0.1112
2025-10-10 00:23:59,658 [INFO] Época 9/30, Batch 900/3348, Loss: 0.1184
2025-10-10 00:23:59,918 [INFO] Época 9/30, Batch 950/3348, Loss: 0.1184
2025-10-10 00:24:00,181 [INFO] Época 9/30, Batch 1000/3348, Loss: 0.0828
2025-10-10 00:24:00,444 [INFO] Época 9/30, Batch 1050/3348, Loss: 0.1106
2025-10-10 00:24:00,707 [INFO] Época 9/30, Batch 1100/3348, Loss: 0.1298
2025-10-10 00:24:00,973 [INFO] Época 9/30, Batch 1150/3348, Loss: 0.1296
2025-10-10 00:24:01,239 [INFO] Época 9/30, Batch 1200/3348, Loss: 0.1303
2025-10-10 00:24:01,506 [INFO] Época 9/30, Batch 1250/3348, Loss: 0.1421
2025-10-10 00:24:01,774 [INFO] Época 9/30, Batch 1300/3348, Loss: 0.1371
2025-10-10 00:24:02,038 [INFO] Época 9/30, Batch 1350/3348, Loss: 0.1136
2025-10-10 00:24:02,303 [INFO] Época 9/30, Batch 1400/3348, Loss: 0.1494
2025-10-10 00:24:02,567 [INFO] Época 9/30, Batch 1450/3348, Loss: 0.1242
2025-10-10 00:24:02,830 [INFO] Época 9/30, Batch 1500/3348, Loss: 0.1059
2025-10-10 00:24:03,094 [INFO] Época 9/30, Batch 1550/3348, Loss: 0.1313
2025-10-10 00:24:03,359 [INFO] Época 9/30, Batch 1600/3348, Loss: 0.0968
2025-10-10 00:24:03,624 [INFO] Época 9/30, Batch 1650/3348, Loss: 0.1814
2025-10-10 00:24:03,891 [INFO] Época 9/30, Batch 1700/3348, Loss: 0.1367
2025-10-10 00:24:04,156 [INFO] Época 9/30, Batch 1750/3348, Loss: 0.1171
2025-10-10 00:24:04,419 [INFO] Época 9/30, Batch 1800/3348, Loss: 0.1126
2025-10-10 00:24:04,682 [INFO] Época 9/30, Batch 1850/3348, Loss: 0.1433
2025-10-10 00:24:04,946 [INFO] Época 9/30, Batch 1900/3348, Loss: 0.1476
2025-10-10 00:24:05,209 [INFO] Época 9/30, Batch 1950/3348, Loss: 0.1160
2025-10-10 00:24:05,474 [INFO] Época 9/30, Batch 2000/3348, Loss: 0.1180
2025-10-10 00:24:05,736 [INFO] Época 9/30, Batch 2050/3348, Loss: 0.1157
2025-10-10 00:24:06,001 [INFO] Época 9/30, Batch 2100/3348, Loss: 0.1193
2025-10-10 00:24:06,267 [INFO] Época 9/30, Batch 2150/3348, Loss: 0.1252
2025-10-10 00:24:06,531 [INFO] Época 9/30, Batch 2200/3348, Loss: 0.1158
2025-10-10 00:24:06,794 [INFO] Época 9/30, Batch 2250/3348, Loss: 0.1663
2025-10-10 00:24:07,057 [INFO] Época 9/30, Batch 2300/3348, Loss: 0.1102
2025-10-10 00:24:07,321 [INFO] Época 9/30, Batch 2350/3348, Loss: 0.1437
2025-10-10 00:24:07,586 [INFO] Época 9/30, Batch 2400/3348, Loss: 0.1600
2025-10-10 00:24:07,850 [INFO] Época 9/30, Batch 2450/3348, Loss: 0.1459
2025-10-10 00:24:08,114 [INFO] Época 9/30, Batch 2500/3348, Loss: 0.1375
2025-10-10 00:24:08,377 [INFO] Época 9/30, Batch 2550/3348, Loss: 0.1622
2025-10-10 00:24:08,641 [INFO] Época 9/30, Batch 2600/3348, Loss: 0.1210
2025-10-10 00:24:08,906 [INFO] Época 9/30, Batch 2650/3348, Loss: 0.0946
2025-10-10 00:24:09,170 [INFO] Época 9/30, Batch 2700/3348, Loss: 0.0917
2025-10-10 00:24:09,438 [INFO] Época 9/30, Batch 2750/3348, Loss: 0.1513
2025-10-10 00:24:09,703 [INFO] Época 9/30, Batch 2800/3348, Loss: 0.1365
2025-10-10 00:24:09,968 [INFO] Época 9/30, Batch 2850/3348, Loss: 0.1080
2025-10-10 00:24:10,232 [INFO] Época 9/30, Batch 2900/3348, Loss: 0.1154
2025-10-10 00:24:10,496 [INFO] Época 9/30, Batch 2950/3348, Loss: 0.1352
2025-10-10 00:24:10,763 [INFO] Época 9/30, Batch 3000/3348, Loss: 0.1443
2025-10-10 00:24:11,027 [INFO] Época 9/30, Batch 3050/3348, Loss: 0.1230
2025-10-10 00:24:11,292 [INFO] Época 9/30, Batch 3100/3348, Loss: 0.1044
2025-10-10 00:24:11,555 [INFO] Época 9/30, Batch 3150/3348, Loss: 0.1318
2025-10-10 00:24:11,819 [INFO] Época 9/30, Batch 3200/3348, Loss: 0.1122
2025-10-10 00:24:12,082 [INFO] Época 9/30, Batch 3250/3348, Loss: 0.1314
2025-10-10 00:24:12,344 [INFO] Época 9/30, Batch 3300/3348, Loss: 0.1152
2025-10-10 00:24:14,279 [INFO] [9/30] Train Loss: 0.1306 | Val Loss: 0.1749 | Tempo: 19.77s
2025-10-10 00:24:14,284 [INFO] Melhor modelo salvo em: /mnt/hdd/home/jdurao/ToolBox-ChemXAI/models/mlp_qm9_Morgan_att6_large.pth
2025-10-10 00:24:14,877 [INFO] Época 10/30, Batch 50/3348, Loss: 0.1106
2025-10-10 00:24:15,154 [INFO] Época 10/30, Batch 100/3348, Loss: 0.1045
2025-10-10 00:24:15,428 [INFO] Época 10/30, Batch 150/3348, Loss: 0.1159
2025-10-10 00:24:15,699 [INFO] Época 10/30, Batch 200/3348, Loss: 0.1141
2025-10-10 00:24:15,970 [INFO] Época 10/30, Batch 250/3348, Loss: 0.1150
2025-10-10 00:24:16,243 [INFO] Época 10/30, Batch 300/3348, Loss: 0.0936
2025-10-10 00:24:16,514 [INFO] Época 10/30, Batch 350/3348, Loss: 0.1074
2025-10-10 00:24:16,787 [INFO] Época 10/30, Batch 400/3348, Loss: 0.0896
2025-10-10 00:24:17,057 [INFO] Época 10/30, Batch 450/3348, Loss: 0.0957
2025-10-10 00:24:17,328 [INFO] Época 10/30, Batch 500/3348, Loss: 0.1227
2025-10-10 00:24:17,599 [INFO] Época 10/30, Batch 550/3348, Loss: 0.1197
2025-10-10 00:24:17,871 [INFO] Época 10/30, Batch 600/3348, Loss: 0.1267
2025-10-10 00:24:18,141 [INFO] Época 10/30, Batch 650/3348, Loss: 0.1237
2025-10-10 00:24:18,418 [INFO] Época 10/30, Batch 700/3348, Loss: 0.1375
2025-10-10 00:24:18,680 [INFO] Época 10/30, Batch 750/3348, Loss: 0.1102
2025-10-10 00:24:18,940 [INFO] Época 10/30, Batch 800/3348, Loss: 0.1695
2025-10-10 00:24:19,201 [INFO] Época 10/30, Batch 850/3348, Loss: 0.1242
2025-10-10 00:24:19,461 [INFO] Época 10/30, Batch 900/3348, Loss: 0.1181
2025-10-10 00:24:19,718 [INFO] Época 10/30, Batch 950/3348, Loss: 0.1147
2025-10-10 00:24:19,977 [INFO] Época 10/30, Batch 1000/3348, Loss: 0.1243
2025-10-10 00:24:20,234 [INFO] Época 10/30, Batch 1050/3348, Loss: 0.1459
2025-10-10 00:24:20,491 [INFO] Época 10/30, Batch 1100/3348, Loss: 0.0991
2025-10-10 00:24:20,757 [INFO] Época 10/30, Batch 1150/3348, Loss: 0.1228
2025-10-10 00:24:21,028 [INFO] Época 10/30, Batch 1200/3348, Loss: 0.1125
2025-10-10 00:24:21,297 [INFO] Época 10/30, Batch 1250/3348, Loss: 0.1133
2025-10-10 00:24:21,566 [INFO] Época 10/30, Batch 1300/3348, Loss: 0.1282
2025-10-10 00:24:21,835 [INFO] Época 10/30, Batch 1350/3348, Loss: 0.1503
2025-10-10 00:24:22,105 [INFO] Época 10/30, Batch 1400/3348, Loss: 0.1341
2025-10-10 00:24:22,374 [INFO] Época 10/30, Batch 1450/3348, Loss: 0.1537
2025-10-10 00:24:22,639 [INFO] Época 10/30, Batch 1500/3348, Loss: 0.0909
2025-10-10 00:24:22,900 [INFO] Época 10/30, Batch 1550/3348, Loss: 0.1375
2025-10-10 00:24:23,161 [INFO] Época 10/30, Batch 1600/3348, Loss: 0.1292
2025-10-10 00:24:23,420 [INFO] Época 10/30, Batch 1650/3348, Loss: 0.1421
2025-10-10 00:24:23,682 [INFO] Época 10/30, Batch 1700/3348, Loss: 0.1027
2025-10-10 00:24:23,940 [INFO] Época 10/30, Batch 1750/3348, Loss: 0.1008
2025-10-10 00:24:24,200 [INFO] Época 10/30, Batch 1800/3348, Loss: 0.1207
2025-10-10 00:24:24,461 [INFO] Época 10/30, Batch 1850/3348, Loss: 0.1006
2025-10-10 00:24:24,722 [INFO] Época 10/30, Batch 1900/3348, Loss: 0.1406
2025-10-10 00:24:24,983 [INFO] Época 10/30, Batch 1950/3348, Loss: 0.1149
2025-10-10 00:24:25,246 [INFO] Época 10/30, Batch 2000/3348, Loss: 0.1067
2025-10-10 00:24:25,505 [INFO] Época 10/30, Batch 2050/3348, Loss: 0.1522
2025-10-10 00:24:25,766 [INFO] Época 10/30, Batch 2100/3348, Loss: 0.0911
2025-10-10 00:24:26,026 [INFO] Época 10/30, Batch 2150/3348, Loss: 0.1612
2025-10-10 00:24:26,285 [INFO] Época 10/30, Batch 2200/3348, Loss: 0.1223
2025-10-10 00:24:26,547 [INFO] Época 10/30, Batch 2250/3348, Loss: 0.1073
2025-10-10 00:24:26,817 [INFO] Época 10/30, Batch 2300/3348, Loss: 0.1018
2025-10-10 00:24:27,084 [INFO] Época 10/30, Batch 2350/3348, Loss: 0.1697
2025-10-10 00:24:27,341 [INFO] Época 10/30, Batch 2400/3348, Loss: 0.1323
2025-10-10 00:24:27,599 [INFO] Época 10/30, Batch 2450/3348, Loss: 0.0991
2025-10-10 00:24:27,856 [INFO] Época 10/30, Batch 2500/3348, Loss: 0.0822
2025-10-10 00:24:28,111 [INFO] Época 10/30, Batch 2550/3348, Loss: 0.1355
2025-10-10 00:24:28,367 [INFO] Época 10/30, Batch 2600/3348, Loss: 0.1135
2025-10-10 00:24:28,624 [INFO] Época 10/30, Batch 2650/3348, Loss: 0.1184
2025-10-10 00:24:28,881 [INFO] Época 10/30, Batch 2700/3348, Loss: 0.1249
2025-10-10 00:24:29,137 [INFO] Época 10/30, Batch 2750/3348, Loss: 0.1219
2025-10-10 00:24:29,394 [INFO] Época 10/30, Batch 2800/3348, Loss: 0.1352
2025-10-10 00:24:29,658 [INFO] Época 10/30, Batch 2850/3348, Loss: 0.0867
2025-10-10 00:24:29,927 [INFO] Época 10/30, Batch 2900/3348, Loss: 0.1072
2025-10-10 00:24:30,198 [INFO] Época 10/30, Batch 2950/3348, Loss: 0.1158
2025-10-10 00:24:30,468 [INFO] Época 10/30, Batch 3000/3348, Loss: 0.1423
2025-10-10 00:24:30,736 [INFO] Época 10/30, Batch 3050/3348, Loss: 0.1356
2025-10-10 00:24:31,007 [INFO] Época 10/30, Batch 3100/3348, Loss: 0.1439
2025-10-10 00:24:31,278 [INFO] Época 10/30, Batch 3150/3348, Loss: 0.1244
2025-10-10 00:24:31,550 [INFO] Época 10/30, Batch 3200/3348, Loss: 0.1516
2025-10-10 00:24:31,812 [INFO] Época 10/30, Batch 3250/3348, Loss: 0.1691
2025-10-10 00:24:32,072 [INFO] Época 10/30, Batch 3300/3348, Loss: 0.1924
2025-10-10 00:24:33,831 [INFO] [10/30] Train Loss: 0.1267 | Val Loss: 0.1790 | Tempo: 19.55s
2025-10-10 00:24:34,427 [INFO] Época 11/30, Batch 50/3348, Loss: 0.0820
2025-10-10 00:24:34,710 [INFO] Época 11/30, Batch 100/3348, Loss: 0.1264
2025-10-10 00:24:34,992 [INFO] Época 11/30, Batch 150/3348, Loss: 0.1343
2025-10-10 00:24:35,273 [INFO] Época 11/30, Batch 200/3348, Loss: 0.1240
2025-10-10 00:24:35,547 [INFO] Época 11/30, Batch 250/3348, Loss: 0.1070
2025-10-10 00:24:35,824 [INFO] Época 11/30, Batch 300/3348, Loss: 0.1078
2025-10-10 00:24:36,099 [INFO] Época 11/30, Batch 350/3348, Loss: 0.0985
2025-10-10 00:24:36,374 [INFO] Época 11/30, Batch 400/3348, Loss: 0.1199
2025-10-10 00:24:36,650 [INFO] Época 11/30, Batch 450/3348, Loss: 0.1339
2025-10-10 00:24:36,923 [INFO] Época 11/30, Batch 500/3348, Loss: 0.1235
2025-10-10 00:24:37,195 [INFO] Época 11/30, Batch 550/3348, Loss: 0.1441
2025-10-10 00:24:37,467 [INFO] Época 11/30, Batch 600/3348, Loss: 0.1296
2025-10-10 00:24:37,738 [INFO] Época 11/30, Batch 650/3348, Loss: 0.0966
2025-10-10 00:24:38,011 [INFO] Época 11/30, Batch 700/3348, Loss: 0.1322
2025-10-10 00:24:38,284 [INFO] Época 11/30, Batch 750/3348, Loss: 0.1035
2025-10-10 00:24:38,556 [INFO] Época 11/30, Batch 800/3348, Loss: 0.1258
2025-10-10 00:24:38,816 [INFO] Época 11/30, Batch 850/3348, Loss: 0.1605
2025-10-10 00:24:39,076 [INFO] Época 11/30, Batch 900/3348, Loss: 0.1042
2025-10-10 00:24:39,336 [INFO] Época 11/30, Batch 950/3348, Loss: 0.1275
2025-10-10 00:24:39,595 [INFO] Época 11/30, Batch 1000/3348, Loss: 0.1364
2025-10-10 00:24:39,854 [INFO] Época 11/30, Batch 1050/3348, Loss: 0.0877
2025-10-10 00:24:40,112 [INFO] Época 11/30, Batch 1100/3348, Loss: 0.1835
2025-10-10 00:24:40,371 [INFO] Época 11/30, Batch 1150/3348, Loss: 0.1018
2025-10-10 00:24:40,632 [INFO] Época 11/30, Batch 1200/3348, Loss: 0.1298
2025-10-10 00:24:40,892 [INFO] Época 11/30, Batch 1250/3348, Loss: 0.1334
2025-10-10 00:24:41,150 [INFO] Época 11/30, Batch 1300/3348, Loss: 0.1440
2025-10-10 00:24:41,408 [INFO] Época 11/30, Batch 1350/3348, Loss: 0.0894
2025-10-10 00:24:41,667 [INFO] Época 11/30, Batch 1400/3348, Loss: 0.1176
2025-10-10 00:24:41,930 [INFO] Época 11/30, Batch 1450/3348, Loss: 0.1613
2025-10-10 00:24:42,201 [INFO] Época 11/30, Batch 1500/3348, Loss: 0.1263
2025-10-10 00:24:42,473 [INFO] Época 11/30, Batch 1550/3348, Loss: 0.1620
2025-10-10 00:24:42,744 [INFO] Época 11/30, Batch 1600/3348, Loss: 0.1375
2025-10-10 00:24:43,016 [INFO] Época 11/30, Batch 1650/3348, Loss: 0.1409
2025-10-10 00:24:43,292 [INFO] Época 11/30, Batch 1700/3348, Loss: 0.1401
2025-10-10 00:24:43,568 [INFO] Época 11/30, Batch 1750/3348, Loss: 0.1418
2025-10-10 00:24:43,842 [INFO] Época 11/30, Batch 1800/3348, Loss: 0.1337
2025-10-10 00:24:44,111 [INFO] Época 11/30, Batch 1850/3348, Loss: 0.1290
2025-10-10 00:24:44,372 [INFO] Época 11/30, Batch 1900/3348, Loss: 0.1032
2025-10-10 00:24:44,633 [INFO] Época 11/30, Batch 1950/3348, Loss: 0.1272
2025-10-10 00:24:44,900 [INFO] Época 11/30, Batch 2000/3348, Loss: 0.1513
2025-10-10 00:24:45,171 [INFO] Época 11/30, Batch 2050/3348, Loss: 0.1214
2025-10-10 00:24:45,442 [INFO] Época 11/30, Batch 2100/3348, Loss: 0.1383
2025-10-10 00:24:45,715 [INFO] Época 11/30, Batch 2150/3348, Loss: 0.1406
2025-10-10 00:24:45,985 [INFO] Época 11/30, Batch 2200/3348, Loss: 0.1049
2025-10-10 00:24:46,251 [INFO] Época 11/30, Batch 2250/3348, Loss: 0.0873
2025-10-10 00:24:46,516 [INFO] Época 11/30, Batch 2300/3348, Loss: 0.1148
2025-10-10 00:24:46,777 [INFO] Época 11/30, Batch 2350/3348, Loss: 0.1160
2025-10-10 00:24:47,035 [INFO] Época 11/30, Batch 2400/3348, Loss: 0.0775
2025-10-10 00:24:47,300 [INFO] Época 11/30, Batch 2450/3348, Loss: 0.1420
2025-10-10 00:24:47,565 [INFO] Época 11/30, Batch 2500/3348, Loss: 0.1492
2025-10-10 00:24:47,837 [INFO] Época 11/30, Batch 2550/3348, Loss: 0.1463
2025-10-10 00:24:48,101 [INFO] Época 11/30, Batch 2600/3348, Loss: 0.1214
2025-10-10 00:24:48,366 [INFO] Época 11/30, Batch 2650/3348, Loss: 0.1279
2025-10-10 00:24:48,642 [INFO] Época 11/30, Batch 2700/3348, Loss: 0.1130
2025-10-10 00:24:48,917 [INFO] Época 11/30, Batch 2750/3348, Loss: 0.1417
2025-10-10 00:24:49,192 [INFO] Época 11/30, Batch 2800/3348, Loss: 0.1204
2025-10-10 00:24:49,467 [INFO] Época 11/30, Batch 2850/3348, Loss: 0.1218
2025-10-10 00:24:49,734 [INFO] Época 11/30, Batch 2900/3348, Loss: 0.1082
2025-10-10 00:24:49,999 [INFO] Época 11/30, Batch 2950/3348, Loss: 0.1010
2025-10-10 00:24:50,262 [INFO] Época 11/30, Batch 3000/3348, Loss: 0.1288
2025-10-10 00:24:50,526 [INFO] Época 11/30, Batch 3050/3348, Loss: 0.1292
2025-10-10 00:24:50,790 [INFO] Época 11/30, Batch 3100/3348, Loss: 0.1527
2025-10-10 00:24:51,055 [INFO] Época 11/30, Batch 3150/3348, Loss: 0.1274
2025-10-10 00:24:51,322 [INFO] Época 11/30, Batch 3200/3348, Loss: 0.1462
2025-10-10 00:24:51,591 [INFO] Época 11/30, Batch 3250/3348, Loss: 0.1371
2025-10-10 00:24:51,853 [INFO] Época 11/30, Batch 3300/3348, Loss: 0.1151
2025-10-10 00:24:53,633 [INFO] [11/30] Train Loss: 0.1237 | Val Loss: 0.1794 | Tempo: 19.80s
2025-10-10 00:24:54,218 [INFO] Época 12/30, Batch 50/3348, Loss: 0.1144
2025-10-10 00:24:54,493 [INFO] Época 12/30, Batch 100/3348, Loss: 0.1599
2025-10-10 00:24:54,763 [INFO] Época 12/30, Batch 150/3348, Loss: 0.1029
2025-10-10 00:24:55,033 [INFO] Época 12/30, Batch 200/3348, Loss: 0.1116
2025-10-10 00:24:55,300 [INFO] Época 12/30, Batch 250/3348, Loss: 0.1295
2025-10-10 00:24:55,567 [INFO] Época 12/30, Batch 300/3348, Loss: 0.0878
2025-10-10 00:24:55,835 [INFO] Época 12/30, Batch 350/3348, Loss: 0.1027
2025-10-10 00:24:56,098 [INFO] Época 12/30, Batch 400/3348, Loss: 0.1455
2025-10-10 00:24:56,360 [INFO] Época 12/30, Batch 450/3348, Loss: 0.0966
2025-10-10 00:24:56,622 [INFO] Época 12/30, Batch 500/3348, Loss: 0.1652
2025-10-10 00:24:56,883 [INFO] Época 12/30, Batch 550/3348, Loss: 0.1182
2025-10-10 00:24:57,145 [INFO] Época 12/30, Batch 600/3348, Loss: 0.1203
2025-10-10 00:24:57,407 [INFO] Época 12/30, Batch 650/3348, Loss: 0.1017
2025-10-10 00:24:57,670 [INFO] Época 12/30, Batch 700/3348, Loss: 0.1137
2025-10-10 00:24:57,933 [INFO] Época 12/30, Batch 750/3348, Loss: 0.0977
2025-10-10 00:24:58,196 [INFO] Época 12/30, Batch 800/3348, Loss: 0.0919
2025-10-10 00:24:58,459 [INFO] Época 12/30, Batch 850/3348, Loss: 0.1504
2025-10-10 00:24:58,723 [INFO] Época 12/30, Batch 900/3348, Loss: 0.1434
2025-10-10 00:24:58,986 [INFO] Época 12/30, Batch 950/3348, Loss: 0.1222
2025-10-10 00:24:59,249 [INFO] Época 12/30, Batch 1000/3348, Loss: 0.0755
2025-10-10 00:24:59,512 [INFO] Época 12/30, Batch 1050/3348, Loss: 0.1230
2025-10-10 00:24:59,773 [INFO] Época 12/30, Batch 1100/3348, Loss: 0.0986
2025-10-10 00:25:00,035 [INFO] Época 12/30, Batch 1150/3348, Loss: 0.1281
2025-10-10 00:25:00,296 [INFO] Época 12/30, Batch 1200/3348, Loss: 0.1304
2025-10-10 00:25:00,558 [INFO] Época 12/30, Batch 1250/3348, Loss: 0.1081
2025-10-10 00:25:00,820 [INFO] Época 12/30, Batch 1300/3348, Loss: 0.0863
2025-10-10 00:25:01,081 [INFO] Época 12/30, Batch 1350/3348, Loss: 0.1314
2025-10-10 00:25:01,342 [INFO] Época 12/30, Batch 1400/3348, Loss: 0.0966
2025-10-10 00:25:01,602 [INFO] Época 12/30, Batch 1450/3348, Loss: 0.0857
2025-10-10 00:25:01,865 [INFO] Época 12/30, Batch 1500/3348, Loss: 0.1268
2025-10-10 00:25:02,126 [INFO] Época 12/30, Batch 1550/3348, Loss: 0.1073
2025-10-10 00:25:02,388 [INFO] Época 12/30, Batch 1600/3348, Loss: 0.0901
2025-10-10 00:25:02,648 [INFO] Época 12/30, Batch 1650/3348, Loss: 0.1062
2025-10-10 00:25:02,909 [INFO] Época 12/30, Batch 1700/3348, Loss: 0.1144
2025-10-10 00:25:03,169 [INFO] Época 12/30, Batch 1750/3348, Loss: 0.1033
2025-10-10 00:25:03,432 [INFO] Época 12/30, Batch 1800/3348, Loss: 0.0986
2025-10-10 00:25:03,693 [INFO] Época 12/30, Batch 1850/3348, Loss: 0.1107
2025-10-10 00:25:03,955 [INFO] Época 12/30, Batch 1900/3348, Loss: 0.1411
2025-10-10 00:25:04,216 [INFO] Época 12/30, Batch 1950/3348, Loss: 0.0985
2025-10-10 00:25:04,479 [INFO] Época 12/30, Batch 2000/3348, Loss: 0.1100
2025-10-10 00:25:04,740 [INFO] Época 12/30, Batch 2050/3348, Loss: 0.1859
2025-10-10 00:25:05,002 [INFO] Época 12/30, Batch 2100/3348, Loss: 0.1155
2025-10-10 00:25:05,264 [INFO] Época 12/30, Batch 2150/3348, Loss: 0.1225
2025-10-10 00:25:05,526 [INFO] Época 12/30, Batch 2200/3348, Loss: 0.1203
2025-10-10 00:25:05,788 [INFO] Época 12/30, Batch 2250/3348, Loss: 0.1300
2025-10-10 00:25:06,049 [INFO] Época 12/30, Batch 2300/3348, Loss: 0.1334
2025-10-10 00:25:06,311 [INFO] Época 12/30, Batch 2350/3348, Loss: 0.1422
2025-10-10 00:25:06,572 [INFO] Época 12/30, Batch 2400/3348, Loss: 0.1596
2025-10-10 00:25:06,833 [INFO] Época 12/30, Batch 2450/3348, Loss: 0.1533
2025-10-10 00:25:07,091 [INFO] Época 12/30, Batch 2500/3348, Loss: 0.1223
2025-10-10 00:25:07,348 [INFO] Época 12/30, Batch 2550/3348, Loss: 0.1279
2025-10-10 00:25:07,604 [INFO] Época 12/30, Batch 2600/3348, Loss: 0.0908
2025-10-10 00:25:07,861 [INFO] Época 12/30, Batch 2650/3348, Loss: 0.0830
2025-10-10 00:25:08,116 [INFO] Época 12/30, Batch 2700/3348, Loss: 0.0969
2025-10-10 00:25:08,375 [INFO] Época 12/30, Batch 2750/3348, Loss: 0.1352
2025-10-10 00:25:08,636 [INFO] Época 12/30, Batch 2800/3348, Loss: 0.0827
2025-10-10 00:25:08,900 [INFO] Época 12/30, Batch 2850/3348, Loss: 0.1233
2025-10-10 00:25:09,166 [INFO] Época 12/30, Batch 2900/3348, Loss: 0.1208
2025-10-10 00:25:09,429 [INFO] Época 12/30, Batch 2950/3348, Loss: 0.1039
2025-10-10 00:25:09,691 [INFO] Época 12/30, Batch 3000/3348, Loss: 0.1252
2025-10-10 00:25:09,954 [INFO] Época 12/30, Batch 3050/3348, Loss: 0.1561
2025-10-10 00:25:10,215 [INFO] Época 12/30, Batch 3100/3348, Loss: 0.1279
2025-10-10 00:25:10,478 [INFO] Época 12/30, Batch 3150/3348, Loss: 0.1467
2025-10-10 00:25:10,742 [INFO] Época 12/30, Batch 3200/3348, Loss: 0.1417
2025-10-10 00:25:11,004 [INFO] Época 12/30, Batch 3250/3348, Loss: 0.1309
2025-10-10 00:25:11,267 [INFO] Época 12/30, Batch 3300/3348, Loss: 0.1488
2025-10-10 00:25:13,168 [INFO] [12/30] Train Loss: 0.1211 | Val Loss: 0.1882 | Tempo: 19.53s
2025-10-10 00:25:13,759 [INFO] Época 13/30, Batch 50/3348, Loss: 0.0807
2025-10-10 00:25:14,037 [INFO] Época 13/30, Batch 100/3348, Loss: 0.0934
2025-10-10 00:25:14,310 [INFO] Época 13/30, Batch 150/3348, Loss: 0.1198
2025-10-10 00:25:14,583 [INFO] Época 13/30, Batch 200/3348, Loss: 0.1237
2025-10-10 00:25:14,855 [INFO] Época 13/30, Batch 250/3348, Loss: 0.1345
2025-10-10 00:25:15,127 [INFO] Época 13/30, Batch 300/3348, Loss: 0.1092
2025-10-10 00:25:15,400 [INFO] Época 13/30, Batch 350/3348, Loss: 0.1126
2025-10-10 00:25:15,676 [INFO] Época 13/30, Batch 400/3348, Loss: 0.1313
2025-10-10 00:25:15,953 [INFO] Época 13/30, Batch 450/3348, Loss: 0.1109
2025-10-10 00:25:16,232 [INFO] Época 13/30, Batch 500/3348, Loss: 0.0799
2025-10-10 00:25:16,507 [INFO] Época 13/30, Batch 550/3348, Loss: 0.1419
2025-10-10 00:25:16,776 [INFO] Época 13/30, Batch 600/3348, Loss: 0.0964
2025-10-10 00:25:17,040 [INFO] Época 13/30, Batch 650/3348, Loss: 0.1112
2025-10-10 00:25:17,303 [INFO] Época 13/30, Batch 700/3348, Loss: 0.1035
2025-10-10 00:25:17,566 [INFO] Época 13/30, Batch 750/3348, Loss: 0.1113
2025-10-10 00:25:17,828 [INFO] Época 13/30, Batch 800/3348, Loss: 0.0826
2025-10-10 00:25:18,092 [INFO] Época 13/30, Batch 850/3348, Loss: 0.1022
2025-10-10 00:25:18,352 [INFO] Época 13/30, Batch 900/3348, Loss: 0.0961
2025-10-10 00:25:18,612 [INFO] Época 13/30, Batch 950/3348, Loss: 0.1043
2025-10-10 00:25:18,873 [INFO] Época 13/30, Batch 1000/3348, Loss: 0.1439
2025-10-10 00:25:19,133 [INFO] Época 13/30, Batch 1050/3348, Loss: 0.1089
2025-10-10 00:25:19,394 [INFO] Época 13/30, Batch 1100/3348, Loss: 0.0948
2025-10-10 00:25:19,658 [INFO] Época 13/30, Batch 1150/3348, Loss: 0.1514
2025-10-10 00:25:19,920 [INFO] Época 13/30, Batch 1200/3348, Loss: 0.1115
2025-10-10 00:25:20,183 [INFO] Época 13/30, Batch 1250/3348, Loss: 0.0911
2025-10-10 00:25:20,449 [INFO] Época 13/30, Batch 1300/3348, Loss: 0.1229
2025-10-10 00:25:20,714 [INFO] Época 13/30, Batch 1350/3348, Loss: 0.1552
2025-10-10 00:25:20,976 [INFO] Época 13/30, Batch 1400/3348, Loss: 0.1101
2025-10-10 00:25:21,239 [INFO] Época 13/30, Batch 1450/3348, Loss: 0.1002
2025-10-10 00:25:21,501 [INFO] Época 13/30, Batch 1500/3348, Loss: 0.1223
2025-10-10 00:25:21,764 [INFO] Época 13/30, Batch 1550/3348, Loss: 0.1281
2025-10-10 00:25:22,027 [INFO] Época 13/30, Batch 1600/3348, Loss: 0.0870
2025-10-10 00:25:22,287 [INFO] Época 13/30, Batch 1650/3348, Loss: 0.1122
2025-10-10 00:25:22,550 [INFO] Época 13/30, Batch 1700/3348, Loss: 0.1191
2025-10-10 00:25:22,813 [INFO] Época 13/30, Batch 1750/3348, Loss: 0.1039
2025-10-10 00:25:23,078 [INFO] Época 13/30, Batch 1800/3348, Loss: 0.1071
2025-10-10 00:25:23,341 [INFO] Época 13/30, Batch 1850/3348, Loss: 0.0936
2025-10-10 00:25:23,602 [INFO] Época 13/30, Batch 1900/3348, Loss: 0.1304
2025-10-10 00:25:23,864 [INFO] Época 13/30, Batch 1950/3348, Loss: 0.1356
2025-10-10 00:25:24,125 [INFO] Época 13/30, Batch 2000/3348, Loss: 0.1085
2025-10-10 00:25:24,388 [INFO] Época 13/30, Batch 2050/3348, Loss: 0.1100
2025-10-10 00:25:24,652 [INFO] Época 13/30, Batch 2100/3348, Loss: 0.1601
2025-10-10 00:25:24,916 [INFO] Época 13/30, Batch 2150/3348, Loss: 0.1699
2025-10-10 00:25:25,179 [INFO] Época 13/30, Batch 2200/3348, Loss: 0.0952
2025-10-10 00:25:25,442 [INFO] Época 13/30, Batch 2250/3348, Loss: 0.1170
2025-10-10 00:25:25,706 [INFO] Época 13/30, Batch 2300/3348, Loss: 0.1159
2025-10-10 00:25:25,969 [INFO] Época 13/30, Batch 2350/3348, Loss: 0.1330
2025-10-10 00:25:26,233 [INFO] Época 13/30, Batch 2400/3348, Loss: 0.1069
2025-10-10 00:25:26,499 [INFO] Época 13/30, Batch 2450/3348, Loss: 0.1158
2025-10-10 00:25:26,763 [INFO] Época 13/30, Batch 2500/3348, Loss: 0.0982
2025-10-10 00:25:27,029 [INFO] Época 13/30, Batch 2550/3348, Loss: 0.1417
2025-10-10 00:25:27,292 [INFO] Época 13/30, Batch 2600/3348, Loss: 0.1188
2025-10-10 00:25:27,556 [INFO] Época 13/30, Batch 2650/3348, Loss: 0.1385
2025-10-10 00:25:27,819 [INFO] Época 13/30, Batch 2700/3348, Loss: 0.1168
2025-10-10 00:25:28,082 [INFO] Época 13/30, Batch 2750/3348, Loss: 0.1824
2025-10-10 00:25:28,343 [INFO] Época 13/30, Batch 2800/3348, Loss: 0.1231
2025-10-10 00:25:28,607 [INFO] Época 13/30, Batch 2850/3348, Loss: 0.0866
2025-10-10 00:25:28,868 [INFO] Época 13/30, Batch 2900/3348, Loss: 0.1527
2025-10-10 00:25:29,129 [INFO] Época 13/30, Batch 2950/3348, Loss: 0.1110
2025-10-10 00:25:29,392 [INFO] Época 13/30, Batch 3000/3348, Loss: 0.1466
2025-10-10 00:25:29,654 [INFO] Época 13/30, Batch 3050/3348, Loss: 0.1068
2025-10-10 00:25:29,916 [INFO] Época 13/30, Batch 3100/3348, Loss: 0.1216
2025-10-10 00:25:30,187 [INFO] Época 13/30, Batch 3150/3348, Loss: 0.1316
2025-10-10 00:25:30,467 [INFO] Época 13/30, Batch 3200/3348, Loss: 0.0953
2025-10-10 00:25:30,742 [INFO] Época 13/30, Batch 3250/3348, Loss: 0.0901
2025-10-10 00:25:31,015 [INFO] Época 13/30, Batch 3300/3348, Loss: 0.1407
2025-10-10 00:25:32,776 [INFO] [13/30] Train Loss: 0.1183 | Val Loss: 0.1766 | Tempo: 19.61s
2025-10-10 00:25:33,362 [INFO] Época 14/30, Batch 50/3348, Loss: 0.0873
2025-10-10 00:25:33,632 [INFO] Época 14/30, Batch 100/3348, Loss: 0.1041
2025-10-10 00:25:33,899 [INFO] Época 14/30, Batch 150/3348, Loss: 0.0941
2025-10-10 00:25:34,164 [INFO] Época 14/30, Batch 200/3348, Loss: 0.1286
2025-10-10 00:25:34,427 [INFO] Época 14/30, Batch 250/3348, Loss: 0.1355
2025-10-10 00:25:34,693 [INFO] Época 14/30, Batch 300/3348, Loss: 0.0935
2025-10-10 00:25:34,956 [INFO] Época 14/30, Batch 350/3348, Loss: 0.0980
2025-10-10 00:25:35,219 [INFO] Época 14/30, Batch 400/3348, Loss: 0.1116
2025-10-10 00:25:35,483 [INFO] Época 14/30, Batch 450/3348, Loss: 0.1064
2025-10-10 00:25:35,745 [INFO] Época 14/30, Batch 500/3348, Loss: 0.0960
2025-10-10 00:25:36,012 [INFO] Época 14/30, Batch 550/3348, Loss: 0.1180
2025-10-10 00:25:36,275 [INFO] Época 14/30, Batch 600/3348, Loss: 0.0985
2025-10-10 00:25:36,540 [INFO] Época 14/30, Batch 650/3348, Loss: 0.1271
2025-10-10 00:25:36,801 [INFO] Época 14/30, Batch 700/3348, Loss: 0.1225
2025-10-10 00:25:37,063 [INFO] Época 14/30, Batch 750/3348, Loss: 0.1202
2025-10-10 00:25:37,327 [INFO] Época 14/30, Batch 800/3348, Loss: 0.1296
2025-10-10 00:25:37,590 [INFO] Época 14/30, Batch 850/3348, Loss: 0.1393
2025-10-10 00:25:37,852 [INFO] Época 14/30, Batch 900/3348, Loss: 0.1326
2025-10-10 00:25:38,114 [INFO] Época 14/30, Batch 950/3348, Loss: 0.1666
2025-10-10 00:25:38,378 [INFO] Época 14/30, Batch 1000/3348, Loss: 0.1255
2025-10-10 00:25:38,642 [INFO] Época 14/30, Batch 1050/3348, Loss: 0.1346
2025-10-10 00:25:38,905 [INFO] Época 14/30, Batch 1100/3348, Loss: 0.1071
2025-10-10 00:25:39,168 [INFO] Época 14/30, Batch 1150/3348, Loss: 0.1409
2025-10-10 00:25:39,430 [INFO] Época 14/30, Batch 1200/3348, Loss: 0.1224
2025-10-10 00:25:39,701 [INFO] Época 14/30, Batch 1250/3348, Loss: 0.1107
2025-10-10 00:25:39,975 [INFO] Época 14/30, Batch 1300/3348, Loss: 0.1039
2025-10-10 00:25:40,247 [INFO] Época 14/30, Batch 1350/3348, Loss: 0.0825
2025-10-10 00:25:40,515 [INFO] Época 14/30, Batch 1400/3348, Loss: 0.1421
2025-10-10 00:25:40,791 [INFO] Época 14/30, Batch 1450/3348, Loss: 0.1017
2025-10-10 00:25:41,061 [INFO] Época 14/30, Batch 1500/3348, Loss: 0.1292
2025-10-10 00:25:41,334 [INFO] Época 14/30, Batch 1550/3348, Loss: 0.0824
2025-10-10 00:25:41,599 [INFO] Época 14/30, Batch 1600/3348, Loss: 0.1205
2025-10-10 00:25:41,855 [INFO] Época 14/30, Batch 1650/3348, Loss: 0.1282
2025-10-10 00:25:42,108 [INFO] Época 14/30, Batch 1700/3348, Loss: 0.1056
2025-10-10 00:25:42,366 [INFO] Época 14/30, Batch 1750/3348, Loss: 0.1335
2025-10-10 00:25:42,619 [INFO] Época 14/30, Batch 1800/3348, Loss: 0.1211
2025-10-10 00:25:42,874 [INFO] Época 14/30, Batch 1850/3348, Loss: 0.1003
2025-10-10 00:25:43,135 [INFO] Época 14/30, Batch 1900/3348, Loss: 0.1062
2025-10-10 00:25:43,406 [INFO] Época 14/30, Batch 1950/3348, Loss: 0.1550
2025-10-10 00:25:43,676 [INFO] Época 14/30, Batch 2000/3348, Loss: 0.0987
2025-10-10 00:25:43,947 [INFO] Época 14/30, Batch 2050/3348, Loss: 0.0915
2025-10-10 00:25:44,218 [INFO] Época 14/30, Batch 2100/3348, Loss: 0.1491
2025-10-10 00:25:44,489 [INFO] Época 14/30, Batch 2150/3348, Loss: 0.0953
2025-10-10 00:25:44,758 [INFO] Época 14/30, Batch 2200/3348, Loss: 0.1359
2025-10-10 00:25:45,019 [INFO] Época 14/30, Batch 2250/3348, Loss: 0.1494
2025-10-10 00:25:45,280 [INFO] Época 14/30, Batch 2300/3348, Loss: 0.0884
2025-10-10 00:25:45,542 [INFO] Época 14/30, Batch 2350/3348, Loss: 0.1053
2025-10-10 00:25:45,802 [INFO] Época 14/30, Batch 2400/3348, Loss: 0.1071
2025-10-10 00:25:46,062 [INFO] Época 14/30, Batch 2450/3348, Loss: 0.0841
2025-10-10 00:25:46,323 [INFO] Época 14/30, Batch 2500/3348, Loss: 0.1187
2025-10-10 00:25:46,580 [INFO] Época 14/30, Batch 2550/3348, Loss: 0.1456
2025-10-10 00:25:46,841 [INFO] Época 14/30, Batch 2600/3348, Loss: 0.1213
2025-10-10 00:25:47,100 [INFO] Época 14/30, Batch 2650/3348, Loss: 0.1098
2025-10-10 00:25:47,361 [INFO] Época 14/30, Batch 2700/3348, Loss: 0.1358
2025-10-10 00:25:47,623 [INFO] Época 14/30, Batch 2750/3348, Loss: 0.1463
2025-10-10 00:25:47,882 [INFO] Época 14/30, Batch 2800/3348, Loss: 0.0962
2025-10-10 00:25:48,145 [INFO] Época 14/30, Batch 2850/3348, Loss: 0.0987
2025-10-10 00:25:48,405 [INFO] Época 14/30, Batch 2900/3348, Loss: 0.1531
2025-10-10 00:25:48,665 [INFO] Época 14/30, Batch 2950/3348, Loss: 0.1551
2025-10-10 00:25:48,924 [INFO] Época 14/30, Batch 3000/3348, Loss: 0.0977
2025-10-10 00:25:49,185 [INFO] Época 14/30, Batch 3050/3348, Loss: 0.0760
2025-10-10 00:25:49,446 [INFO] Época 14/30, Batch 3100/3348, Loss: 0.1320
2025-10-10 00:25:49,708 [INFO] Época 14/30, Batch 3150/3348, Loss: 0.1047
2025-10-10 00:25:49,970 [INFO] Época 14/30, Batch 3200/3348, Loss: 0.1487
2025-10-10 00:25:50,230 [INFO] Época 14/30, Batch 3250/3348, Loss: 0.1073
2025-10-10 00:25:50,491 [INFO] Época 14/30, Batch 3300/3348, Loss: 0.1184
2025-10-10 00:25:52,241 [INFO] [14/30] Train Loss: 0.1160 | Val Loss: 0.1757 | Tempo: 19.46s
2025-10-10 00:25:52,828 [INFO] Época 15/30, Batch 50/3348, Loss: 0.1079
2025-10-10 00:25:53,099 [INFO] Época 15/30, Batch 100/3348, Loss: 0.0987
2025-10-10 00:25:53,366 [INFO] Época 15/30, Batch 150/3348, Loss: 0.1472
2025-10-10 00:25:53,634 [INFO] Época 15/30, Batch 200/3348, Loss: 0.0948
2025-10-10 00:25:53,899 [INFO] Época 15/30, Batch 250/3348, Loss: 0.1184
2025-10-10 00:25:54,164 [INFO] Época 15/30, Batch 300/3348, Loss: 0.0807
2025-10-10 00:25:54,430 [INFO] Época 15/30, Batch 350/3348, Loss: 0.1600
2025-10-10 00:25:54,694 [INFO] Época 15/30, Batch 400/3348, Loss: 0.1037
2025-10-10 00:25:54,958 [INFO] Época 15/30, Batch 450/3348, Loss: 0.1028
2025-10-10 00:25:55,222 [INFO] Época 15/30, Batch 500/3348, Loss: 0.0853
2025-10-10 00:25:55,486 [INFO] Época 15/30, Batch 550/3348, Loss: 0.1123
2025-10-10 00:25:55,750 [INFO] Época 15/30, Batch 600/3348, Loss: 0.1218
2025-10-10 00:25:56,009 [INFO] Época 15/30, Batch 650/3348, Loss: 0.1086
2025-10-10 00:25:56,268 [INFO] Época 15/30, Batch 700/3348, Loss: 0.0892
2025-10-10 00:25:56,529 [INFO] Época 15/30, Batch 750/3348, Loss: 0.0909
2025-10-10 00:25:56,788 [INFO] Época 15/30, Batch 800/3348, Loss: 0.1204
2025-10-10 00:25:57,048 [INFO] Época 15/30, Batch 850/3348, Loss: 0.1079
2025-10-10 00:25:57,307 [INFO] Época 15/30, Batch 900/3348, Loss: 0.1297
2025-10-10 00:25:57,567 [INFO] Época 15/30, Batch 950/3348, Loss: 0.1177
2025-10-10 00:25:57,826 [INFO] Época 15/30, Batch 1000/3348, Loss: 0.1095
2025-10-10 00:25:58,084 [INFO] Época 15/30, Batch 1050/3348, Loss: 0.1570
2025-10-10 00:25:58,346 [INFO] Época 15/30, Batch 1100/3348, Loss: 0.0987
2025-10-10 00:25:58,604 [INFO] Época 15/30, Batch 1150/3348, Loss: 0.1141
2025-10-10 00:25:58,863 [INFO] Época 15/30, Batch 1200/3348, Loss: 0.1069
2025-10-10 00:25:59,122 [INFO] Época 15/30, Batch 1250/3348, Loss: 0.1097
2025-10-10 00:25:59,380 [INFO] Época 15/30, Batch 1300/3348, Loss: 0.1371
2025-10-10 00:25:59,641 [INFO] Época 15/30, Batch 1350/3348, Loss: 0.1048
2025-10-10 00:25:59,899 [INFO] Época 15/30, Batch 1400/3348, Loss: 0.0916
2025-10-10 00:26:00,160 [INFO] Época 15/30, Batch 1450/3348, Loss: 0.1279
2025-10-10 00:26:00,425 [INFO] Época 15/30, Batch 1500/3348, Loss: 0.1246
2025-10-10 00:26:00,691 [INFO] Época 15/30, Batch 1550/3348, Loss: 0.1085
2025-10-10 00:26:00,953 [INFO] Época 15/30, Batch 1600/3348, Loss: 0.1369
2025-10-10 00:26:01,212 [INFO] Época 15/30, Batch 1650/3348, Loss: 0.1234
2025-10-10 00:26:01,476 [INFO] Época 15/30, Batch 1700/3348, Loss: 0.1075
2025-10-10 00:26:01,741 [INFO] Época 15/30, Batch 1750/3348, Loss: 0.1379
2025-10-10 00:26:02,010 [INFO] Época 15/30, Batch 1800/3348, Loss: 0.1017
2025-10-10 00:26:02,281 [INFO] Época 15/30, Batch 1850/3348, Loss: 0.1170
2025-10-10 00:26:02,552 [INFO] Época 15/30, Batch 1900/3348, Loss: 0.0934
2025-10-10 00:26:02,821 [INFO] Época 15/30, Batch 1950/3348, Loss: 0.1100
2025-10-10 00:26:03,091 [INFO] Época 15/30, Batch 2000/3348, Loss: 0.1342
2025-10-10 00:26:03,360 [INFO] Época 15/30, Batch 2050/3348, Loss: 0.1433
2025-10-10 00:26:03,632 [INFO] Época 15/30, Batch 2100/3348, Loss: 0.1088
2025-10-10 00:26:03,900 [INFO] Época 15/30, Batch 2150/3348, Loss: 0.0864
2025-10-10 00:26:04,165 [INFO] Época 15/30, Batch 2200/3348, Loss: 0.1205
2025-10-10 00:26:04,437 [INFO] Época 15/30, Batch 2250/3348, Loss: 0.1504
2025-10-10 00:26:04,705 [INFO] Época 15/30, Batch 2300/3348, Loss: 0.1368
2025-10-10 00:26:04,977 [INFO] Época 15/30, Batch 2350/3348, Loss: 0.1227
2025-10-10 00:26:05,248 [INFO] Época 15/30, Batch 2400/3348, Loss: 0.1293
2025-10-10 00:26:05,520 [INFO] Época 15/30, Batch 2450/3348, Loss: 0.1062
2025-10-10 00:26:05,785 [INFO] Época 15/30, Batch 2500/3348, Loss: 0.1192
2025-10-10 00:26:06,046 [INFO] Época 15/30, Batch 2550/3348, Loss: 0.1231
2025-10-10 00:26:06,318 [INFO] Época 15/30, Batch 2600/3348, Loss: 0.1405
2025-10-10 00:26:06,586 [INFO] Época 15/30, Batch 2650/3348, Loss: 0.0847
2025-10-10 00:26:06,849 [INFO] Época 15/30, Batch 2700/3348, Loss: 0.1179
2025-10-10 00:26:07,108 [INFO] Época 15/30, Batch 2750/3348, Loss: 0.1164
2025-10-10 00:26:07,376 [INFO] Época 15/30, Batch 2800/3348, Loss: 0.1612
2025-10-10 00:26:07,644 [INFO] Época 15/30, Batch 2850/3348, Loss: 0.0837
2025-10-10 00:26:07,915 [INFO] Época 15/30, Batch 2900/3348, Loss: 0.1255
2025-10-10 00:26:08,183 [INFO] Época 15/30, Batch 2950/3348, Loss: 0.1618
2025-10-10 00:26:08,451 [INFO] Época 15/30, Batch 3000/3348, Loss: 0.0874
2025-10-10 00:26:08,724 [INFO] Época 15/30, Batch 3050/3348, Loss: 0.1139
2025-10-10 00:26:08,995 [INFO] Época 15/30, Batch 3100/3348, Loss: 0.1479
2025-10-10 00:26:09,265 [INFO] Época 15/30, Batch 3150/3348, Loss: 0.1054
2025-10-10 00:26:09,537 [INFO] Época 15/30, Batch 3200/3348, Loss: 0.1309
2025-10-10 00:26:09,800 [INFO] Época 15/30, Batch 3250/3348, Loss: 0.1249
2025-10-10 00:26:10,060 [INFO] Época 15/30, Batch 3300/3348, Loss: 0.1103
2025-10-10 00:26:11,966 [INFO] [15/30] Train Loss: 0.1142 | Val Loss: 0.1770 | Tempo: 19.72s
2025-10-10 00:26:12,554 [INFO] Época 16/30, Batch 50/3348, Loss: 0.1059
2025-10-10 00:26:12,826 [INFO] Época 16/30, Batch 100/3348, Loss: 0.1223
2025-10-10 00:26:13,092 [INFO] Época 16/30, Batch 150/3348, Loss: 0.0980
2025-10-10 00:26:13,357 [INFO] Época 16/30, Batch 200/3348, Loss: 0.1119
2025-10-10 00:26:13,623 [INFO] Época 16/30, Batch 250/3348, Loss: 0.0987
2025-10-10 00:26:13,888 [INFO] Época 16/30, Batch 300/3348, Loss: 0.1101
2025-10-10 00:26:14,154 [INFO] Época 16/30, Batch 350/3348, Loss: 0.0989
2025-10-10 00:26:14,417 [INFO] Época 16/30, Batch 400/3348, Loss: 0.1154
2025-10-10 00:26:14,680 [INFO] Época 16/30, Batch 450/3348, Loss: 0.1081
2025-10-10 00:26:14,942 [INFO] Época 16/30, Batch 500/3348, Loss: 0.1003
2025-10-10 00:26:15,208 [INFO] Época 16/30, Batch 550/3348, Loss: 0.1018
2025-10-10 00:26:15,472 [INFO] Época 16/30, Batch 600/3348, Loss: 0.1186
2025-10-10 00:26:15,734 [INFO] Época 16/30, Batch 650/3348, Loss: 0.1148
2025-10-10 00:26:15,997 [INFO] Época 16/30, Batch 700/3348, Loss: 0.0904
2025-10-10 00:26:16,261 [INFO] Época 16/30, Batch 750/3348, Loss: 0.0915
2025-10-10 00:26:16,524 [INFO] Época 16/30, Batch 800/3348, Loss: 0.1125
2025-10-10 00:26:16,786 [INFO] Época 16/30, Batch 850/3348, Loss: 0.1027
2025-10-10 00:26:17,050 [INFO] Época 16/30, Batch 900/3348, Loss: 0.1094
2025-10-10 00:26:17,311 [INFO] Época 16/30, Batch 950/3348, Loss: 0.1063
2025-10-10 00:26:17,573 [INFO] Época 16/30, Batch 1000/3348, Loss: 0.1327
2025-10-10 00:26:17,839 [INFO] Época 16/30, Batch 1050/3348, Loss: 0.1059
2025-10-10 00:26:18,094 [INFO] Época 16/30, Batch 1100/3348, Loss: 0.1085
2025-10-10 00:26:18,351 [INFO] Época 16/30, Batch 1150/3348, Loss: 0.1558
2025-10-10 00:26:18,615 [INFO] Época 16/30, Batch 1200/3348, Loss: 0.1139
2025-10-10 00:26:18,878 [INFO] Época 16/30, Batch 1250/3348, Loss: 0.0859
2025-10-10 00:26:19,143 [INFO] Época 16/30, Batch 1300/3348, Loss: 0.1016
2025-10-10 00:26:19,406 [INFO] Época 16/30, Batch 1350/3348, Loss: 0.1210
2025-10-10 00:26:19,669 [INFO] Época 16/30, Batch 1400/3348, Loss: 0.0993
2025-10-10 00:26:19,931 [INFO] Época 16/30, Batch 1450/3348, Loss: 0.0985
2025-10-10 00:26:20,194 [INFO] Época 16/30, Batch 1500/3348, Loss: 0.1034
2025-10-10 00:26:20,456 [INFO] Época 16/30, Batch 1550/3348, Loss: 0.1096
2025-10-10 00:26:20,720 [INFO] Época 16/30, Batch 1600/3348, Loss: 0.1453
2025-10-10 00:26:20,985 [INFO] Época 16/30, Batch 1650/3348, Loss: 0.1148
2025-10-10 00:26:21,249 [INFO] Época 16/30, Batch 1700/3348, Loss: 0.1175
2025-10-10 00:26:21,512 [INFO] Época 16/30, Batch 1750/3348, Loss: 0.0890
2025-10-10 00:26:21,776 [INFO] Época 16/30, Batch 1800/3348, Loss: 0.1016
2025-10-10 00:26:22,038 [INFO] Época 16/30, Batch 1850/3348, Loss: 0.1607
2025-10-10 00:26:22,302 [INFO] Época 16/30, Batch 1900/3348, Loss: 0.1330
2025-10-10 00:26:22,564 [INFO] Época 16/30, Batch 1950/3348, Loss: 0.0942
2025-10-10 00:26:22,828 [INFO] Época 16/30, Batch 2000/3348, Loss: 0.0923
2025-10-10 00:26:23,090 [INFO] Época 16/30, Batch 2050/3348, Loss: 0.0923
2025-10-10 00:26:23,354 [INFO] Época 16/30, Batch 2100/3348, Loss: 0.1050
2025-10-10 00:26:23,618 [INFO] Época 16/30, Batch 2150/3348, Loss: 0.1082
2025-10-10 00:26:23,883 [INFO] Época 16/30, Batch 2200/3348, Loss: 0.1148
2025-10-10 00:26:24,146 [INFO] Época 16/30, Batch 2250/3348, Loss: 0.1079
2025-10-10 00:26:24,409 [INFO] Época 16/30, Batch 2300/3348, Loss: 0.1098
2025-10-10 00:26:24,672 [INFO] Época 16/30, Batch 2350/3348, Loss: 0.1240
2025-10-10 00:26:24,937 [INFO] Época 16/30, Batch 2400/3348, Loss: 0.1076
2025-10-10 00:26:25,200 [INFO] Época 16/30, Batch 2450/3348, Loss: 0.1490
2025-10-10 00:26:25,463 [INFO] Época 16/30, Batch 2500/3348, Loss: 0.1620
2025-10-10 00:26:25,725 [INFO] Época 16/30, Batch 2550/3348, Loss: 0.0770
2025-10-10 00:26:25,986 [INFO] Época 16/30, Batch 2600/3348, Loss: 0.1323
2025-10-10 00:26:26,250 [INFO] Época 16/30, Batch 2650/3348, Loss: 0.1497
2025-10-10 00:26:26,511 [INFO] Época 16/30, Batch 2700/3348, Loss: 0.1142
2025-10-10 00:26:26,775 [INFO] Época 16/30, Batch 2750/3348, Loss: 0.1289
2025-10-10 00:26:27,037 [INFO] Época 16/30, Batch 2800/3348, Loss: 0.0871
2025-10-10 00:26:27,300 [INFO] Época 16/30, Batch 2850/3348, Loss: 0.1044
2025-10-10 00:26:27,563 [INFO] Época 16/30, Batch 2900/3348, Loss: 0.0862
2025-10-10 00:26:27,827 [INFO] Época 16/30, Batch 2950/3348, Loss: 0.1205
2025-10-10 00:26:28,090 [INFO] Época 16/30, Batch 3000/3348, Loss: 0.0989
2025-10-10 00:26:28,353 [INFO] Época 16/30, Batch 3050/3348, Loss: 0.1000
2025-10-10 00:26:28,617 [INFO] Época 16/30, Batch 3100/3348, Loss: 0.1305
2025-10-10 00:26:28,879 [INFO] Época 16/30, Batch 3150/3348, Loss: 0.1161
2025-10-10 00:26:29,143 [INFO] Época 16/30, Batch 3200/3348, Loss: 0.1253
2025-10-10 00:26:29,406 [INFO] Época 16/30, Batch 3250/3348, Loss: 0.1130
2025-10-10 00:26:29,668 [INFO] Época 16/30, Batch 3300/3348, Loss: 0.0962
2025-10-10 00:26:31,566 [INFO] [16/30] Train Loss: 0.1119 | Val Loss: 0.1807 | Tempo: 19.60s
2025-10-10 00:26:32,150 [INFO] Época 17/30, Batch 50/3348, Loss: 0.0924
2025-10-10 00:26:32,419 [INFO] Época 17/30, Batch 100/3348, Loss: 0.1046
2025-10-10 00:26:32,687 [INFO] Época 17/30, Batch 150/3348, Loss: 0.0802
2025-10-10 00:26:32,953 [INFO] Época 17/30, Batch 200/3348, Loss: 0.0995
2025-10-10 00:26:33,217 [INFO] Época 17/30, Batch 250/3348, Loss: 0.0942
2025-10-10 00:26:33,483 [INFO] Época 17/30, Batch 300/3348, Loss: 0.1198
2025-10-10 00:26:33,747 [INFO] Época 17/30, Batch 350/3348, Loss: 0.1136
2025-10-10 00:26:34,012 [INFO] Época 17/30, Batch 400/3348, Loss: 0.1071
2025-10-10 00:26:34,275 [INFO] Época 17/30, Batch 450/3348, Loss: 0.1015
2025-10-10 00:26:34,538 [INFO] Época 17/30, Batch 500/3348, Loss: 0.1121
2025-10-10 00:26:34,801 [INFO] Época 17/30, Batch 550/3348, Loss: 0.0856
2025-10-10 00:26:35,064 [INFO] Época 17/30, Batch 600/3348, Loss: 0.1020
2025-10-10 00:26:35,325 [INFO] Época 17/30, Batch 650/3348, Loss: 0.0942
2025-10-10 00:26:35,586 [INFO] Época 17/30, Batch 700/3348, Loss: 0.1254
2025-10-10 00:26:35,850 [INFO] Época 17/30, Batch 750/3348, Loss: 0.0959
2025-10-10 00:26:36,112 [INFO] Época 17/30, Batch 800/3348, Loss: 0.0926
2025-10-10 00:26:36,374 [INFO] Época 17/30, Batch 850/3348, Loss: 0.1069
2025-10-10 00:26:36,638 [INFO] Época 17/30, Batch 900/3348, Loss: 0.1124
2025-10-10 00:26:36,902 [INFO] Época 17/30, Batch 950/3348, Loss: 0.0969
2025-10-10 00:26:37,167 [INFO] Época 17/30, Batch 1000/3348, Loss: 0.1117
2025-10-10 00:26:37,430 [INFO] Época 17/30, Batch 1050/3348, Loss: 0.1485
2025-10-10 00:26:37,689 [INFO] Época 17/30, Batch 1100/3348, Loss: 0.0988
2025-10-10 00:26:37,951 [INFO] Época 17/30, Batch 1150/3348, Loss: 0.0902
2025-10-10 00:26:38,212 [INFO] Época 17/30, Batch 1200/3348, Loss: 0.1044
2025-10-10 00:26:38,475 [INFO] Época 17/30, Batch 1250/3348, Loss: 0.0945
2025-10-10 00:26:38,737 [INFO] Época 17/30, Batch 1300/3348, Loss: 0.1307
2025-10-10 00:26:38,996 [INFO] Época 17/30, Batch 1350/3348, Loss: 0.0984
2025-10-10 00:26:39,259 [INFO] Época 17/30, Batch 1400/3348, Loss: 0.0674
2025-10-10 00:26:39,523 [INFO] Época 17/30, Batch 1450/3348, Loss: 0.1297
2025-10-10 00:26:39,788 [INFO] Época 17/30, Batch 1500/3348, Loss: 0.1002
2025-10-10 00:26:40,050 [INFO] Época 17/30, Batch 1550/3348, Loss: 0.1195
2025-10-10 00:26:40,312 [INFO] Época 17/30, Batch 1600/3348, Loss: 0.1317
2025-10-10 00:26:40,571 [INFO] Época 17/30, Batch 1650/3348, Loss: 0.1282
2025-10-10 00:26:40,834 [INFO] Época 17/30, Batch 1700/3348, Loss: 0.1283
2025-10-10 00:26:41,094 [INFO] Época 17/30, Batch 1750/3348, Loss: 0.0992
2025-10-10 00:26:41,356 [INFO] Época 17/30, Batch 1800/3348, Loss: 0.1089
2025-10-10 00:26:41,617 [INFO] Época 17/30, Batch 1850/3348, Loss: 0.1114
2025-10-10 00:26:41,878 [INFO] Época 17/30, Batch 1900/3348, Loss: 0.1031
2025-10-10 00:26:42,142 [INFO] Época 17/30, Batch 1950/3348, Loss: 0.1182
2025-10-10 00:26:42,403 [INFO] Época 17/30, Batch 2000/3348, Loss: 0.1375
2025-10-10 00:26:42,667 [INFO] Época 17/30, Batch 2050/3348, Loss: 0.1345
2025-10-10 00:26:42,937 [INFO] Época 17/30, Batch 2100/3348, Loss: 0.0981
2025-10-10 00:26:43,208 [INFO] Época 17/30, Batch 2150/3348, Loss: 0.1445
2025-10-10 00:26:43,481 [INFO] Época 17/30, Batch 2200/3348, Loss: 0.1101
2025-10-10 00:26:43,750 [INFO] Época 17/30, Batch 2250/3348, Loss: 0.0974
2025-10-10 00:26:44,020 [INFO] Época 17/30, Batch 2300/3348, Loss: 0.0993
2025-10-10 00:26:44,290 [INFO] Época 17/30, Batch 2350/3348, Loss: 0.0964
2025-10-10 00:26:44,560 [INFO] Época 17/30, Batch 2400/3348, Loss: 0.0959
2025-10-10 00:26:44,826 [INFO] Época 17/30, Batch 2450/3348, Loss: 0.0964
2025-10-10 00:26:45,087 [INFO] Época 17/30, Batch 2500/3348, Loss: 0.0814
2025-10-10 00:26:45,351 [INFO] Época 17/30, Batch 2550/3348, Loss: 0.1073
2025-10-10 00:26:45,615 [INFO] Época 17/30, Batch 2600/3348, Loss: 0.1070
2025-10-10 00:26:45,876 [INFO] Época 17/30, Batch 2650/3348, Loss: 0.1229
2025-10-10 00:26:46,138 [INFO] Época 17/30, Batch 2700/3348, Loss: 0.1115
2025-10-10 00:26:46,402 [INFO] Época 17/30, Batch 2750/3348, Loss: 0.1411
2025-10-10 00:26:46,663 [INFO] Época 17/30, Batch 2800/3348, Loss: 0.1098
2025-10-10 00:26:46,926 [INFO] Época 17/30, Batch 2850/3348, Loss: 0.0884
2025-10-10 00:26:47,189 [INFO] Época 17/30, Batch 2900/3348, Loss: 0.1027
2025-10-10 00:26:47,455 [INFO] Época 17/30, Batch 2950/3348, Loss: 0.1065
2025-10-10 00:26:47,721 [INFO] Época 17/30, Batch 3000/3348, Loss: 0.0826
2025-10-10 00:26:47,985 [INFO] Época 17/30, Batch 3050/3348, Loss: 0.0801
2025-10-10 00:26:48,249 [INFO] Época 17/30, Batch 3100/3348, Loss: 0.1099
2025-10-10 00:26:48,515 [INFO] Época 17/30, Batch 3150/3348, Loss: 0.1040
2025-10-10 00:26:48,780 [INFO] Época 17/30, Batch 3200/3348, Loss: 0.1296
2025-10-10 00:26:49,045 [INFO] Época 17/30, Batch 3250/3348, Loss: 0.1018
2025-10-10 00:26:49,310 [INFO] Época 17/30, Batch 3300/3348, Loss: 0.0965
2025-10-10 00:26:51,217 [INFO] [17/30] Train Loss: 0.1101 | Val Loss: 0.1785 | Tempo: 19.65s
2025-10-10 00:26:51,805 [INFO] Época 18/30, Batch 50/3348, Loss: 0.0881
2025-10-10 00:26:52,072 [INFO] Época 18/30, Batch 100/3348, Loss: 0.0894
2025-10-10 00:26:52,341 [INFO] Época 18/30, Batch 150/3348, Loss: 0.1170
2025-10-10 00:26:52,611 [INFO] Época 18/30, Batch 200/3348, Loss: 0.1081
2025-10-10 00:26:52,869 [INFO] Época 18/30, Batch 250/3348, Loss: 0.1575
2025-10-10 00:26:53,126 [INFO] Época 18/30, Batch 300/3348, Loss: 0.1271
2025-10-10 00:26:53,381 [INFO] Época 18/30, Batch 350/3348, Loss: 0.1221
2025-10-10 00:26:53,640 [INFO] Época 18/30, Batch 400/3348, Loss: 0.1205
2025-10-10 00:26:53,907 [INFO] Época 18/30, Batch 450/3348, Loss: 0.1159
2025-10-10 00:26:54,174 [INFO] Época 18/30, Batch 500/3348, Loss: 0.0939
2025-10-10 00:26:54,439 [INFO] Época 18/30, Batch 550/3348, Loss: 0.1508
2025-10-10 00:26:54,704 [INFO] Época 18/30, Batch 600/3348, Loss: 0.0813
2025-10-10 00:26:54,970 [INFO] Época 18/30, Batch 650/3348, Loss: 0.0953
2025-10-10 00:26:55,234 [INFO] Época 18/30, Batch 700/3348, Loss: 0.1143
2025-10-10 00:26:55,496 [INFO] Época 18/30, Batch 750/3348, Loss: 0.1307
2025-10-10 00:26:55,755 [INFO] Época 18/30, Batch 800/3348, Loss: 0.0981
2025-10-10 00:26:56,015 [INFO] Época 18/30, Batch 850/3348, Loss: 0.1033
2025-10-10 00:26:56,275 [INFO] Época 18/30, Batch 900/3348, Loss: 0.1036
2025-10-10 00:26:56,538 [INFO] Época 18/30, Batch 950/3348, Loss: 0.1240
2025-10-10 00:26:56,793 [INFO] Época 18/30, Batch 1000/3348, Loss: 0.0815
2025-10-10 00:26:57,041 [INFO] Época 18/30, Batch 1050/3348, Loss: 0.1057
2025-10-10 00:26:57,291 [INFO] Época 18/30, Batch 1100/3348, Loss: 0.0938
2025-10-10 00:26:57,545 [INFO] Época 18/30, Batch 1150/3348, Loss: 0.0912
2025-10-10 00:26:57,802 [INFO] Época 18/30, Batch 1200/3348, Loss: 0.1268
2025-10-10 00:26:58,057 [INFO] Época 18/30, Batch 1250/3348, Loss: 0.1302
2025-10-10 00:26:58,312 [INFO] Época 18/30, Batch 1300/3348, Loss: 0.1023
2025-10-10 00:26:58,568 [INFO] Época 18/30, Batch 1350/3348, Loss: 0.1172
2025-10-10 00:26:58,824 [INFO] Época 18/30, Batch 1400/3348, Loss: 0.1016
2025-10-10 00:26:59,081 [INFO] Época 18/30, Batch 1450/3348, Loss: 0.1101
2025-10-10 00:26:59,336 [INFO] Época 18/30, Batch 1500/3348, Loss: 0.1173
2025-10-10 00:26:59,591 [INFO] Época 18/30, Batch 1550/3348, Loss: 0.1006
2025-10-10 00:26:59,848 [INFO] Época 18/30, Batch 1600/3348, Loss: 0.0889
2025-10-10 00:27:00,104 [INFO] Época 18/30, Batch 1650/3348, Loss: 0.1244
2025-10-10 00:27:00,362 [INFO] Época 18/30, Batch 1700/3348, Loss: 0.0856
2025-10-10 00:27:00,618 [INFO] Época 18/30, Batch 1750/3348, Loss: 0.1132
2025-10-10 00:27:00,874 [INFO] Época 18/30, Batch 1800/3348, Loss: 0.1323
2025-10-10 00:27:01,130 [INFO] Época 18/30, Batch 1850/3348, Loss: 0.1554
2025-10-10 00:27:01,387 [INFO] Época 18/30, Batch 1900/3348, Loss: 0.1127
2025-10-10 00:27:01,644 [INFO] Época 18/30, Batch 1950/3348, Loss: 0.1588
2025-10-10 00:27:01,900 [INFO] Época 18/30, Batch 2000/3348, Loss: 0.1306
2025-10-10 00:27:02,156 [INFO] Época 18/30, Batch 2050/3348, Loss: 0.1290
2025-10-10 00:27:02,412 [INFO] Época 18/30, Batch 2100/3348, Loss: 0.1145
2025-10-10 00:27:02,675 [INFO] Época 18/30, Batch 2150/3348, Loss: 0.1032
2025-10-10 00:27:02,931 [INFO] Época 18/30, Batch 2200/3348, Loss: 0.1205
2025-10-10 00:27:03,187 [INFO] Época 18/30, Batch 2250/3348, Loss: 0.1015
2025-10-10 00:27:03,445 [INFO] Época 18/30, Batch 2300/3348, Loss: 0.1366
2025-10-10 00:27:03,707 [INFO] Época 18/30, Batch 2350/3348, Loss: 0.1179
2025-10-10 00:27:03,971 [INFO] Época 18/30, Batch 2400/3348, Loss: 0.1098
2025-10-10 00:27:04,237 [INFO] Época 18/30, Batch 2450/3348, Loss: 0.1073
2025-10-10 00:27:04,504 [INFO] Época 18/30, Batch 2500/3348, Loss: 0.0844
2025-10-10 00:27:04,772 [INFO] Época 18/30, Batch 2550/3348, Loss: 0.0956
2025-10-10 00:27:05,042 [INFO] Época 18/30, Batch 2600/3348, Loss: 0.1022
2025-10-10 00:27:05,308 [INFO] Época 18/30, Batch 2650/3348, Loss: 0.0956
2025-10-10 00:27:05,575 [INFO] Época 18/30, Batch 2700/3348, Loss: 0.0801
2025-10-10 00:27:05,834 [INFO] Época 18/30, Batch 2750/3348, Loss: 0.0865
2025-10-10 00:27:06,089 [INFO] Época 18/30, Batch 2800/3348, Loss: 0.1513
2025-10-10 00:27:06,347 [INFO] Época 18/30, Batch 2850/3348, Loss: 0.1184
2025-10-10 00:27:06,603 [INFO] Época 18/30, Batch 2900/3348, Loss: 0.0943
2025-10-10 00:27:06,859 [INFO] Época 18/30, Batch 2950/3348, Loss: 0.1035
2025-10-10 00:27:07,115 [INFO] Época 18/30, Batch 3000/3348, Loss: 0.0887
2025-10-10 00:27:07,371 [INFO] Época 18/30, Batch 3050/3348, Loss: 0.1304
2025-10-10 00:27:07,627 [INFO] Época 18/30, Batch 3100/3348, Loss: 0.1442
2025-10-10 00:27:07,894 [INFO] Época 18/30, Batch 3150/3348, Loss: 0.1303
2025-10-10 00:27:08,159 [INFO] Época 18/30, Batch 3200/3348, Loss: 0.1432
2025-10-10 00:27:08,417 [INFO] Época 18/30, Batch 3250/3348, Loss: 0.1075
2025-10-10 00:27:08,679 [INFO] Época 18/30, Batch 3300/3348, Loss: 0.1080
2025-10-10 00:27:10,592 [INFO] [18/30] Train Loss: 0.1084 | Val Loss: 0.1782 | Tempo: 19.37s
2025-10-10 00:27:11,172 [INFO] Época 19/30, Batch 50/3348, Loss: 0.1082
2025-10-10 00:27:11,433 [INFO] Época 19/30, Batch 100/3348, Loss: 0.1185
2025-10-10 00:27:11,694 [INFO] Época 19/30, Batch 150/3348, Loss: 0.1718
2025-10-10 00:27:11,954 [INFO] Época 19/30, Batch 200/3348, Loss: 0.1490
2025-10-10 00:27:12,211 [INFO] Época 19/30, Batch 250/3348, Loss: 0.0800
2025-10-10 00:27:12,467 [INFO] Época 19/30, Batch 300/3348, Loss: 0.1405
2025-10-10 00:27:12,726 [INFO] Época 19/30, Batch 350/3348, Loss: 0.1102
2025-10-10 00:27:12,987 [INFO] Época 19/30, Batch 400/3348, Loss: 0.0941
2025-10-10 00:27:13,249 [INFO] Época 19/30, Batch 450/3348, Loss: 0.0708
2025-10-10 00:27:13,510 [INFO] Época 19/30, Batch 500/3348, Loss: 0.1180
2025-10-10 00:27:13,769 [INFO] Época 19/30, Batch 550/3348, Loss: 0.0784
2025-10-10 00:27:14,029 [INFO] Época 19/30, Batch 600/3348, Loss: 0.1591
2025-10-10 00:27:14,286 [INFO] Época 19/30, Batch 650/3348, Loss: 0.1001
2025-10-10 00:27:14,544 [INFO] Época 19/30, Batch 700/3348, Loss: 0.1264
2025-10-10 00:27:14,805 [INFO] Época 19/30, Batch 750/3348, Loss: 0.0946
2025-10-10 00:27:15,063 [INFO] Época 19/30, Batch 800/3348, Loss: 0.1472
2025-10-10 00:27:15,324 [INFO] Época 19/30, Batch 850/3348, Loss: 0.0900
2025-10-10 00:27:15,586 [INFO] Época 19/30, Batch 900/3348, Loss: 0.0963
2025-10-10 00:27:15,848 [INFO] Época 19/30, Batch 950/3348, Loss: 0.1064
2025-10-10 00:27:16,108 [INFO] Época 19/30, Batch 1000/3348, Loss: 0.1073
2025-10-10 00:27:16,370 [INFO] Época 19/30, Batch 1050/3348, Loss: 0.0831
2025-10-10 00:27:16,632 [INFO] Época 19/30, Batch 1100/3348, Loss: 0.1142
2025-10-10 00:27:16,895 [INFO] Época 19/30, Batch 1150/3348, Loss: 0.1269
2025-10-10 00:27:17,156 [INFO] Época 19/30, Batch 1200/3348, Loss: 0.1357
2025-10-10 00:27:17,418 [INFO] Época 19/30, Batch 1250/3348, Loss: 0.0811
2025-10-10 00:27:17,673 [INFO] Época 19/30, Batch 1300/3348, Loss: 0.1205
2025-10-10 00:27:17,930 [INFO] Época 19/30, Batch 1350/3348, Loss: 0.0949
2025-10-10 00:27:18,187 [INFO] Época 19/30, Batch 1400/3348, Loss: 0.1225
2025-10-10 00:27:18,443 [INFO] Época 19/30, Batch 1450/3348, Loss: 0.1075
2025-10-10 00:27:18,700 [INFO] Época 19/30, Batch 1500/3348, Loss: 0.1016
2025-10-10 00:27:18,957 [INFO] Época 19/30, Batch 1550/3348, Loss: 0.0997
2025-10-10 00:27:19,215 [INFO] Época 19/30, Batch 1600/3348, Loss: 0.1533
2025-10-10 00:27:19,474 [INFO] Época 19/30, Batch 1650/3348, Loss: 0.1221
2025-10-10 00:27:19,741 [INFO] Época 19/30, Batch 1700/3348, Loss: 0.0864
2025-10-10 00:27:20,014 [INFO] Época 19/30, Batch 1750/3348, Loss: 0.0988
2025-10-10 00:27:20,287 [INFO] Época 19/30, Batch 1800/3348, Loss: 0.1224
2025-10-10 00:27:20,562 [INFO] Época 19/30, Batch 1850/3348, Loss: 0.1164
2025-10-10 00:27:20,818 [INFO] Época 19/30, Batch 1900/3348, Loss: 0.1151
2025-10-10 00:27:21,077 [INFO] Época 19/30, Batch 1950/3348, Loss: 0.1152
2025-10-10 00:27:21,340 [INFO] Época 19/30, Batch 2000/3348, Loss: 0.1148
2025-10-10 00:27:21,598 [INFO] Época 19/30, Batch 2050/3348, Loss: 0.1173
2025-10-10 00:27:21,858 [INFO] Época 19/30, Batch 2100/3348, Loss: 0.1058
2025-10-10 00:27:22,114 [INFO] Época 19/30, Batch 2150/3348, Loss: 0.0949
2025-10-10 00:27:22,371 [INFO] Época 19/30, Batch 2200/3348, Loss: 0.1152
2025-10-10 00:27:22,631 [INFO] Época 19/30, Batch 2250/3348, Loss: 0.0844
2025-10-10 00:27:22,886 [INFO] Época 19/30, Batch 2300/3348, Loss: 0.1085
2025-10-10 00:27:23,140 [INFO] Época 19/30, Batch 2350/3348, Loss: 0.1021
2025-10-10 00:27:23,395 [INFO] Época 19/30, Batch 2400/3348, Loss: 0.1175
2025-10-10 00:27:23,652 [INFO] Época 19/30, Batch 2450/3348, Loss: 0.1256
2025-10-10 00:27:23,911 [INFO] Época 19/30, Batch 2500/3348, Loss: 0.1251
2025-10-10 00:27:24,167 [INFO] Época 19/30, Batch 2550/3348, Loss: 0.0883
2025-10-10 00:27:24,424 [INFO] Época 19/30, Batch 2600/3348, Loss: 0.0991
2025-10-10 00:27:24,683 [INFO] Época 19/30, Batch 2650/3348, Loss: 0.0878
2025-10-10 00:27:24,958 [INFO] Época 19/30, Batch 2700/3348, Loss: 0.0790
2025-10-10 00:27:25,231 [INFO] Época 19/30, Batch 2750/3348, Loss: 0.1250
2025-10-10 00:27:25,502 [INFO] Época 19/30, Batch 2800/3348, Loss: 0.1189
2025-10-10 00:27:25,763 [INFO] Época 19/30, Batch 2850/3348, Loss: 0.1562
2025-10-10 00:27:26,019 [INFO] Época 19/30, Batch 2900/3348, Loss: 0.1228
2025-10-10 00:27:26,276 [INFO] Época 19/30, Batch 2950/3348, Loss: 0.1063
2025-10-10 00:27:26,533 [INFO] Época 19/30, Batch 3000/3348, Loss: 0.1204
2025-10-10 00:27:26,793 [INFO] Época 19/30, Batch 3050/3348, Loss: 0.0981
2025-10-10 00:27:27,050 [INFO] Época 19/30, Batch 3100/3348, Loss: 0.1428
2025-10-10 00:27:27,307 [INFO] Época 19/30, Batch 3150/3348, Loss: 0.1228
2025-10-10 00:27:27,566 [INFO] Época 19/30, Batch 3200/3348, Loss: 0.0888
2025-10-10 00:27:27,826 [INFO] Época 19/30, Batch 3250/3348, Loss: 0.1158
2025-10-10 00:27:28,087 [INFO] Época 19/30, Batch 3300/3348, Loss: 0.1510
2025-10-10 00:27:29,850 [INFO] [19/30] Train Loss: 0.1067 | Val Loss: 0.1781 | Tempo: 19.26s
2025-10-10 00:27:29,851 [INFO] Early stopping ativado após 10 épocas sem melhoria
2025-10-10 00:27:29,851 [INFO] Treinamento concluído em 372.18 segundos (6.20 minutos)
2025-10-10 00:27:29,851 [INFO] Iniciando avaliação no conjunto de teste...
2025-10-10 00:27:31,326 [INFO] Avaliação do teste concluída em 1.48 segundos
2025-10-10 00:27:31,327 [INFO] MSE no teste: 0.1565
2025-10-10 00:27:31,327 [INFO] RMSE no teste: 0.3957
2025-10-10 00:27:31,327 [INFO] MAE no teste: 0.2778
2025-10-10 00:27:31,328 [INFO] Métricas salvas em /mnt/hdd/home/jdurao/ToolBox-ChemXAI/logs/mlp_att6_Morgan_metrics.json
