2025-10-10 06:41:38,409 [INFO] Iniciando treinamento do modelo mlp_att10_Morgan
2025-10-10 06:41:38,409 [INFO] Configuração: att_index=10, epochs=30, layers=[128, 64, 32], lr=0.001, batch_size=32, descriptor_type=Morgan
2025-10-10 06:41:38,409 [INFO] Diretório para modelos: /mnt/hdd/home/jdurao/ToolBox-ChemXAI/models
2025-10-10 06:41:38,409 [INFO] Carregando dados...
2025-10-10 06:41:38,488 [INFO] Preparando dataloaders sem ruído...
2025-10-10 06:41:42,315 [INFO] Dados carregados em 3.91 segundos
2025-10-10 06:41:42,315 [INFO] Tamanhos dos conjuntos - Treino: 107108, Validação: 13388, Teste: 13389
2025-10-10 06:41:42,315 [INFO] Usando dispositivo: cuda
2025-10-10 06:41:42,685 [INFO] Dimensão de entrada: 512, Dimensão de saída: 1
2025-10-10 06:41:42,685 [INFO] Criando modelo MLP com camadas: [128, 64, 32]
2025-10-10 06:41:42,689 [INFO] Modelo criado com 76033 parâmetros
2025-10-10 06:41:42,691 [INFO] Iniciando treinamento com 30 épocas...
2025-10-10 06:41:43,274 [INFO] Época 1/30, Batch 50/3348, Loss: 0.4811
2025-10-10 06:41:43,544 [INFO] Época 1/30, Batch 100/3348, Loss: 0.4784
2025-10-10 06:41:43,819 [INFO] Época 1/30, Batch 150/3348, Loss: 0.4875
2025-10-10 06:41:44,088 [INFO] Época 1/30, Batch 200/3348, Loss: 0.3593
2025-10-10 06:41:44,353 [INFO] Época 1/30, Batch 250/3348, Loss: 0.4322
2025-10-10 06:41:44,619 [INFO] Época 1/30, Batch 300/3348, Loss: 0.5892
2025-10-10 06:41:44,884 [INFO] Época 1/30, Batch 350/3348, Loss: 0.4782
2025-10-10 06:41:45,151 [INFO] Época 1/30, Batch 400/3348, Loss: 0.5066
2025-10-10 06:41:45,416 [INFO] Época 1/30, Batch 450/3348, Loss: 0.4164
2025-10-10 06:41:45,682 [INFO] Época 1/30, Batch 500/3348, Loss: 0.5696
2025-10-10 06:41:45,956 [INFO] Época 1/30, Batch 550/3348, Loss: 0.3950
2025-10-10 06:41:46,230 [INFO] Época 1/30, Batch 600/3348, Loss: 0.4534
2025-10-10 06:41:46,505 [INFO] Época 1/30, Batch 650/3348, Loss: 0.4517
2025-10-10 06:41:46,778 [INFO] Época 1/30, Batch 700/3348, Loss: 0.4482
2025-10-10 06:41:47,056 [INFO] Época 1/30, Batch 750/3348, Loss: 0.5074
2025-10-10 06:41:47,326 [INFO] Época 1/30, Batch 800/3348, Loss: 0.3948
2025-10-10 06:41:47,595 [INFO] Época 1/30, Batch 850/3348, Loss: 0.4759
2025-10-10 06:41:47,862 [INFO] Época 1/30, Batch 900/3348, Loss: 0.4621
2025-10-10 06:41:48,134 [INFO] Época 1/30, Batch 950/3348, Loss: 0.4308
2025-10-10 06:41:48,400 [INFO] Época 1/30, Batch 1000/3348, Loss: 0.5002
2025-10-10 06:41:48,668 [INFO] Época 1/30, Batch 1050/3348, Loss: 0.5312
2025-10-10 06:41:48,935 [INFO] Época 1/30, Batch 1100/3348, Loss: 0.5383
2025-10-10 06:41:49,203 [INFO] Época 1/30, Batch 1150/3348, Loss: 0.4478
2025-10-10 06:41:49,469 [INFO] Época 1/30, Batch 1200/3348, Loss: 0.4346
2025-10-10 06:41:49,734 [INFO] Época 1/30, Batch 1250/3348, Loss: 0.4495
2025-10-10 06:41:50,003 [INFO] Época 1/30, Batch 1300/3348, Loss: 0.3633
2025-10-10 06:41:50,266 [INFO] Época 1/30, Batch 1350/3348, Loss: 0.3915
2025-10-10 06:41:50,537 [INFO] Época 1/30, Batch 1400/3348, Loss: 0.3251
2025-10-10 06:41:50,805 [INFO] Época 1/30, Batch 1450/3348, Loss: 0.3750
2025-10-10 06:41:51,071 [INFO] Época 1/30, Batch 1500/3348, Loss: 0.4561
2025-10-10 06:41:51,337 [INFO] Época 1/30, Batch 1550/3348, Loss: 0.3532
2025-10-10 06:41:51,604 [INFO] Época 1/30, Batch 1600/3348, Loss: 0.4883
2025-10-10 06:41:51,872 [INFO] Época 1/30, Batch 1650/3348, Loss: 0.5987
2025-10-10 06:41:52,138 [INFO] Época 1/30, Batch 1700/3348, Loss: 0.5225
2025-10-10 06:41:52,404 [INFO] Época 1/30, Batch 1750/3348, Loss: 0.3621
2025-10-10 06:41:52,673 [INFO] Época 1/30, Batch 1800/3348, Loss: 0.4857
2025-10-10 06:41:52,941 [INFO] Época 1/30, Batch 1850/3348, Loss: 0.3673
2025-10-10 06:41:53,210 [INFO] Época 1/30, Batch 1900/3348, Loss: 0.4749
2025-10-10 06:41:53,478 [INFO] Época 1/30, Batch 1950/3348, Loss: 0.4792
2025-10-10 06:41:53,745 [INFO] Época 1/30, Batch 2000/3348, Loss: 0.3104
2025-10-10 06:41:54,014 [INFO] Época 1/30, Batch 2050/3348, Loss: 0.2996
2025-10-10 06:41:54,282 [INFO] Época 1/30, Batch 2100/3348, Loss: 0.4098
2025-10-10 06:41:54,551 [INFO] Época 1/30, Batch 2150/3348, Loss: 0.3482
2025-10-10 06:41:54,818 [INFO] Época 1/30, Batch 2200/3348, Loss: 0.4478
2025-10-10 06:41:55,084 [INFO] Época 1/30, Batch 2250/3348, Loss: 0.4358
2025-10-10 06:41:55,353 [INFO] Época 1/30, Batch 2300/3348, Loss: 0.4602
2025-10-10 06:41:55,617 [INFO] Época 1/30, Batch 2350/3348, Loss: 0.4280
2025-10-10 06:41:55,885 [INFO] Época 1/30, Batch 2400/3348, Loss: 0.3467
2025-10-10 06:41:56,151 [INFO] Época 1/30, Batch 2450/3348, Loss: 0.3196
2025-10-10 06:41:56,417 [INFO] Época 1/30, Batch 2500/3348, Loss: 0.4305
2025-10-10 06:41:56,683 [INFO] Época 1/30, Batch 2550/3348, Loss: 0.4969
2025-10-10 06:41:56,950 [INFO] Época 1/30, Batch 2600/3348, Loss: 0.2911
2025-10-10 06:41:57,215 [INFO] Época 1/30, Batch 2650/3348, Loss: 0.3739
2025-10-10 06:41:57,493 [INFO] Época 1/30, Batch 2700/3348, Loss: 0.3868
2025-10-10 06:41:57,768 [INFO] Época 1/30, Batch 2750/3348, Loss: 0.4057
2025-10-10 06:41:58,036 [INFO] Época 1/30, Batch 2800/3348, Loss: 0.3513
2025-10-10 06:41:58,301 [INFO] Época 1/30, Batch 2850/3348, Loss: 0.4245
2025-10-10 06:41:58,570 [INFO] Época 1/30, Batch 2900/3348, Loss: 0.3035
2025-10-10 06:41:58,838 [INFO] Época 1/30, Batch 2950/3348, Loss: 0.3911
2025-10-10 06:41:59,104 [INFO] Época 1/30, Batch 3000/3348, Loss: 0.4743
2025-10-10 06:41:59,370 [INFO] Época 1/30, Batch 3050/3348, Loss: 0.4673
2025-10-10 06:41:59,639 [INFO] Época 1/30, Batch 3100/3348, Loss: 0.3413
2025-10-10 06:41:59,906 [INFO] Época 1/30, Batch 3150/3348, Loss: 0.4890
2025-10-10 06:42:00,175 [INFO] Época 1/30, Batch 3200/3348, Loss: 0.2789
2025-10-10 06:42:00,441 [INFO] Época 1/30, Batch 3250/3348, Loss: 0.4078
2025-10-10 06:42:00,706 [INFO] Época 1/30, Batch 3300/3348, Loss: 0.5629
2025-10-10 06:42:02,461 [INFO] [1/30] Train Loss: 0.4206 | Val Loss: 0.4147 | Tempo: 19.77s
2025-10-10 06:42:02,467 [INFO] Melhor modelo salvo em: /mnt/hdd/home/jdurao/ToolBox-ChemXAI/models/mlp_qm9_Morgan_att10_large.pth
2025-10-10 06:42:03,051 [INFO] Época 2/30, Batch 50/3348, Loss: 0.2617
2025-10-10 06:42:03,329 [INFO] Época 2/30, Batch 100/3348, Loss: 0.4052
2025-10-10 06:42:03,605 [INFO] Época 2/30, Batch 150/3348, Loss: 0.4827
2025-10-10 06:42:03,871 [INFO] Época 2/30, Batch 200/3348, Loss: 0.3957
2025-10-10 06:42:04,133 [INFO] Época 2/30, Batch 250/3348, Loss: 0.2732
2025-10-10 06:42:04,396 [INFO] Época 2/30, Batch 300/3348, Loss: 0.3363
2025-10-10 06:42:04,657 [INFO] Época 2/30, Batch 350/3348, Loss: 0.2631
2025-10-10 06:42:04,919 [INFO] Época 2/30, Batch 400/3348, Loss: 0.3592
2025-10-10 06:42:05,180 [INFO] Época 2/30, Batch 450/3348, Loss: 0.2690
2025-10-10 06:42:05,440 [INFO] Época 2/30, Batch 500/3348, Loss: 0.3595
2025-10-10 06:42:05,700 [INFO] Época 2/30, Batch 550/3348, Loss: 0.3002
2025-10-10 06:42:05,967 [INFO] Época 2/30, Batch 600/3348, Loss: 0.2948
2025-10-10 06:42:06,238 [INFO] Época 2/30, Batch 650/3348, Loss: 0.3139
2025-10-10 06:42:06,507 [INFO] Época 2/30, Batch 700/3348, Loss: 0.4044
2025-10-10 06:42:06,779 [INFO] Época 2/30, Batch 750/3348, Loss: 0.4606
2025-10-10 06:42:07,047 [INFO] Época 2/30, Batch 800/3348, Loss: 0.4030
2025-10-10 06:42:07,316 [INFO] Época 2/30, Batch 850/3348, Loss: 0.3154
2025-10-10 06:42:07,586 [INFO] Época 2/30, Batch 900/3348, Loss: 0.3622
2025-10-10 06:42:07,866 [INFO] Época 2/30, Batch 950/3348, Loss: 0.4158
2025-10-10 06:42:08,134 [INFO] Época 2/30, Batch 1000/3348, Loss: 0.3668
2025-10-10 06:42:08,404 [INFO] Época 2/30, Batch 1050/3348, Loss: 0.3326
2025-10-10 06:42:08,673 [INFO] Época 2/30, Batch 1100/3348, Loss: 0.2505
2025-10-10 06:42:08,939 [INFO] Época 2/30, Batch 1150/3348, Loss: 0.3632
2025-10-10 06:42:09,207 [INFO] Época 2/30, Batch 1200/3348, Loss: 0.2874
2025-10-10 06:42:09,477 [INFO] Época 2/30, Batch 1250/3348, Loss: 0.3307
2025-10-10 06:42:09,744 [INFO] Época 2/30, Batch 1300/3348, Loss: 0.3215
2025-10-10 06:42:10,008 [INFO] Época 2/30, Batch 1350/3348, Loss: 0.4760
2025-10-10 06:42:10,270 [INFO] Época 2/30, Batch 1400/3348, Loss: 0.4155
2025-10-10 06:42:10,531 [INFO] Época 2/30, Batch 1450/3348, Loss: 0.4457
2025-10-10 06:42:10,793 [INFO] Época 2/30, Batch 1500/3348, Loss: 0.4147
2025-10-10 06:42:11,052 [INFO] Época 2/30, Batch 1550/3348, Loss: 0.2416
2025-10-10 06:42:11,312 [INFO] Época 2/30, Batch 1600/3348, Loss: 0.2567
2025-10-10 06:42:11,574 [INFO] Época 2/30, Batch 1650/3348, Loss: 0.4234
2025-10-10 06:42:11,842 [INFO] Época 2/30, Batch 1700/3348, Loss: 0.3908
2025-10-10 06:42:12,112 [INFO] Época 2/30, Batch 1750/3348, Loss: 0.3243
2025-10-10 06:42:12,382 [INFO] Época 2/30, Batch 1800/3348, Loss: 0.1657
2025-10-10 06:42:12,652 [INFO] Época 2/30, Batch 1850/3348, Loss: 0.3033
2025-10-10 06:42:12,928 [INFO] Época 2/30, Batch 1900/3348, Loss: 0.5245
2025-10-10 06:42:13,200 [INFO] Época 2/30, Batch 1950/3348, Loss: 0.3847
2025-10-10 06:42:13,472 [INFO] Época 2/30, Batch 2000/3348, Loss: 0.3368
2025-10-10 06:42:13,747 [INFO] Época 2/30, Batch 2050/3348, Loss: 0.3776
2025-10-10 06:42:14,020 [INFO] Época 2/30, Batch 2100/3348, Loss: 0.3828
2025-10-10 06:42:14,293 [INFO] Época 2/30, Batch 2150/3348, Loss: 0.3583
2025-10-10 06:42:14,568 [INFO] Época 2/30, Batch 2200/3348, Loss: 0.3076
2025-10-10 06:42:14,843 [INFO] Época 2/30, Batch 2250/3348, Loss: 0.4352
2025-10-10 06:42:15,116 [INFO] Época 2/30, Batch 2300/3348, Loss: 0.2883
2025-10-10 06:42:15,389 [INFO] Época 2/30, Batch 2350/3348, Loss: 0.5081
2025-10-10 06:42:15,659 [INFO] Época 2/30, Batch 2400/3348, Loss: 0.3540
2025-10-10 06:42:15,929 [INFO] Época 2/30, Batch 2450/3348, Loss: 0.3226
2025-10-10 06:42:16,200 [INFO] Época 2/30, Batch 2500/3348, Loss: 0.4751
2025-10-10 06:42:16,471 [INFO] Época 2/30, Batch 2550/3348, Loss: 0.3813
2025-10-10 06:42:16,741 [INFO] Época 2/30, Batch 2600/3348, Loss: 0.4263
2025-10-10 06:42:17,012 [INFO] Época 2/30, Batch 2650/3348, Loss: 0.3495
2025-10-10 06:42:17,282 [INFO] Época 2/30, Batch 2700/3348, Loss: 0.1909
2025-10-10 06:42:17,553 [INFO] Época 2/30, Batch 2750/3348, Loss: 0.2829
2025-10-10 06:42:17,822 [INFO] Época 2/30, Batch 2800/3348, Loss: 0.2865
2025-10-10 06:42:18,093 [INFO] Época 2/30, Batch 2850/3348, Loss: 0.3034
2025-10-10 06:42:18,364 [INFO] Época 2/30, Batch 2900/3348, Loss: 0.2855
2025-10-10 06:42:18,635 [INFO] Época 2/30, Batch 2950/3348, Loss: 0.4050
2025-10-10 06:42:18,906 [INFO] Época 2/30, Batch 3000/3348, Loss: 0.3813
2025-10-10 06:42:19,176 [INFO] Época 2/30, Batch 3050/3348, Loss: 0.3514
2025-10-10 06:42:19,450 [INFO] Época 2/30, Batch 3100/3348, Loss: 0.3606
2025-10-10 06:42:19,720 [INFO] Época 2/30, Batch 3150/3348, Loss: 0.3864
2025-10-10 06:42:19,990 [INFO] Época 2/30, Batch 3200/3348, Loss: 0.2356
2025-10-10 06:42:20,256 [INFO] Época 2/30, Batch 3250/3348, Loss: 0.5060
2025-10-10 06:42:20,517 [INFO] Época 2/30, Batch 3300/3348, Loss: 0.5168
2025-10-10 06:42:22,275 [INFO] [2/30] Train Loss: 0.3538 | Val Loss: 0.4502 | Tempo: 19.81s
2025-10-10 06:42:22,854 [INFO] Época 3/30, Batch 50/3348, Loss: 0.2046
2025-10-10 06:42:23,132 [INFO] Época 3/30, Batch 100/3348, Loss: 0.3692
2025-10-10 06:42:23,398 [INFO] Época 3/30, Batch 150/3348, Loss: 0.2443
2025-10-10 06:42:23,662 [INFO] Época 3/30, Batch 200/3348, Loss: 0.4179
2025-10-10 06:42:23,925 [INFO] Época 3/30, Batch 250/3348, Loss: 0.2646
2025-10-10 06:42:24,189 [INFO] Época 3/30, Batch 300/3348, Loss: 0.3722
2025-10-10 06:42:24,452 [INFO] Época 3/30, Batch 350/3348, Loss: 0.3609
2025-10-10 06:42:24,715 [INFO] Época 3/30, Batch 400/3348, Loss: 0.3701
2025-10-10 06:42:24,979 [INFO] Época 3/30, Batch 450/3348, Loss: 0.3000
2025-10-10 06:42:25,242 [INFO] Época 3/30, Batch 500/3348, Loss: 0.4015
2025-10-10 06:42:25,505 [INFO] Época 3/30, Batch 550/3348, Loss: 0.3911
2025-10-10 06:42:25,767 [INFO] Época 3/30, Batch 600/3348, Loss: 0.3647
2025-10-10 06:42:26,029 [INFO] Época 3/30, Batch 650/3348, Loss: 0.3500
2025-10-10 06:42:26,294 [INFO] Época 3/30, Batch 700/3348, Loss: 0.3895
2025-10-10 06:42:26,557 [INFO] Época 3/30, Batch 750/3348, Loss: 0.2127
2025-10-10 06:42:26,819 [INFO] Época 3/30, Batch 800/3348, Loss: 0.2990
2025-10-10 06:42:27,081 [INFO] Época 3/30, Batch 850/3348, Loss: 0.3831
2025-10-10 06:42:27,345 [INFO] Época 3/30, Batch 900/3348, Loss: 0.2310
2025-10-10 06:42:27,600 [INFO] Época 3/30, Batch 950/3348, Loss: 0.2258
2025-10-10 06:42:27,856 [INFO] Época 3/30, Batch 1000/3348, Loss: 0.3470
2025-10-10 06:42:28,121 [INFO] Época 3/30, Batch 1050/3348, Loss: 0.3950
2025-10-10 06:42:28,375 [INFO] Época 3/30, Batch 1100/3348, Loss: 0.3977
2025-10-10 06:42:28,631 [INFO] Época 3/30, Batch 1150/3348, Loss: 0.3464
2025-10-10 06:42:28,883 [INFO] Época 3/30, Batch 1200/3348, Loss: 0.3160
2025-10-10 06:42:29,136 [INFO] Época 3/30, Batch 1250/3348, Loss: 0.2676
2025-10-10 06:42:29,400 [INFO] Época 3/30, Batch 1300/3348, Loss: 0.3290
2025-10-10 06:42:29,664 [INFO] Época 3/30, Batch 1350/3348, Loss: 0.2847
2025-10-10 06:42:29,930 [INFO] Época 3/30, Batch 1400/3348, Loss: 0.2976
2025-10-10 06:42:30,194 [INFO] Época 3/30, Batch 1450/3348, Loss: 0.2759
2025-10-10 06:42:30,455 [INFO] Época 3/30, Batch 1500/3348, Loss: 0.3427
2025-10-10 06:42:30,721 [INFO] Época 3/30, Batch 1550/3348, Loss: 0.2402
2025-10-10 06:42:30,986 [INFO] Época 3/30, Batch 1600/3348, Loss: 0.3923
2025-10-10 06:42:31,251 [INFO] Época 3/30, Batch 1650/3348, Loss: 0.2658
2025-10-10 06:42:31,515 [INFO] Época 3/30, Batch 1700/3348, Loss: 0.2577
2025-10-10 06:42:31,778 [INFO] Época 3/30, Batch 1750/3348, Loss: 0.3224
2025-10-10 06:42:32,040 [INFO] Época 3/30, Batch 1800/3348, Loss: 0.2132
2025-10-10 06:42:32,302 [INFO] Época 3/30, Batch 1850/3348, Loss: 0.1877
2025-10-10 06:42:32,564 [INFO] Época 3/30, Batch 1900/3348, Loss: 0.2121
2025-10-10 06:42:32,829 [INFO] Época 3/30, Batch 1950/3348, Loss: 0.2961
2025-10-10 06:42:33,094 [INFO] Época 3/30, Batch 2000/3348, Loss: 0.2904
2025-10-10 06:42:33,359 [INFO] Época 3/30, Batch 2050/3348, Loss: 0.2490
2025-10-10 06:42:33,621 [INFO] Época 3/30, Batch 2100/3348, Loss: 0.3778
2025-10-10 06:42:33,884 [INFO] Época 3/30, Batch 2150/3348, Loss: 0.5159
2025-10-10 06:42:34,146 [INFO] Época 3/30, Batch 2200/3348, Loss: 0.4617
2025-10-10 06:42:34,409 [INFO] Época 3/30, Batch 2250/3348, Loss: 0.3732
2025-10-10 06:42:34,671 [INFO] Época 3/30, Batch 2300/3348, Loss: 0.2805
2025-10-10 06:42:34,933 [INFO] Época 3/30, Batch 2350/3348, Loss: 0.2348
2025-10-10 06:42:35,195 [INFO] Época 3/30, Batch 2400/3348, Loss: 0.2447
2025-10-10 06:42:35,456 [INFO] Época 3/30, Batch 2450/3348, Loss: 0.2117
2025-10-10 06:42:35,722 [INFO] Época 3/30, Batch 2500/3348, Loss: 0.3885
2025-10-10 06:42:35,985 [INFO] Época 3/30, Batch 2550/3348, Loss: 0.1598
2025-10-10 06:42:36,250 [INFO] Época 3/30, Batch 2600/3348, Loss: 0.2276
2025-10-10 06:42:36,512 [INFO] Época 3/30, Batch 2650/3348, Loss: 0.2867
2025-10-10 06:42:36,775 [INFO] Época 3/30, Batch 2700/3348, Loss: 0.2803
2025-10-10 06:42:37,045 [INFO] Época 3/30, Batch 2750/3348, Loss: 0.3473
2025-10-10 06:42:37,310 [INFO] Época 3/30, Batch 2800/3348, Loss: 0.3929
2025-10-10 06:42:37,574 [INFO] Época 3/30, Batch 2850/3348, Loss: 0.1852
2025-10-10 06:42:37,838 [INFO] Época 3/30, Batch 2900/3348, Loss: 0.2798
2025-10-10 06:42:38,102 [INFO] Época 3/30, Batch 2950/3348, Loss: 0.3743
2025-10-10 06:42:38,378 [INFO] Época 3/30, Batch 3000/3348, Loss: 0.2751
2025-10-10 06:42:38,639 [INFO] Época 3/30, Batch 3050/3348, Loss: 0.3186
2025-10-10 06:42:38,903 [INFO] Época 3/30, Batch 3100/3348, Loss: 0.2923
2025-10-10 06:42:39,168 [INFO] Época 3/30, Batch 3150/3348, Loss: 0.3204
2025-10-10 06:42:39,433 [INFO] Época 3/30, Batch 3200/3348, Loss: 0.3765
2025-10-10 06:42:39,699 [INFO] Época 3/30, Batch 3250/3348, Loss: 0.3324
2025-10-10 06:42:39,963 [INFO] Época 3/30, Batch 3300/3348, Loss: 0.3398
2025-10-10 06:42:41,897 [INFO] [3/30] Train Loss: 0.3220 | Val Loss: 0.4333 | Tempo: 19.62s
2025-10-10 06:42:42,487 [INFO] Época 4/30, Batch 50/3348, Loss: 0.3006
2025-10-10 06:42:42,759 [INFO] Época 4/30, Batch 100/3348, Loss: 0.2267
2025-10-10 06:42:43,028 [INFO] Época 4/30, Batch 150/3348, Loss: 0.2629
2025-10-10 06:42:43,295 [INFO] Época 4/30, Batch 200/3348, Loss: 0.3287
2025-10-10 06:42:43,565 [INFO] Época 4/30, Batch 250/3348, Loss: 0.2528
2025-10-10 06:42:43,831 [INFO] Época 4/30, Batch 300/3348, Loss: 0.2997
2025-10-10 06:42:44,096 [INFO] Época 4/30, Batch 350/3348, Loss: 0.2023
2025-10-10 06:42:44,360 [INFO] Época 4/30, Batch 400/3348, Loss: 0.2286
2025-10-10 06:42:44,625 [INFO] Época 4/30, Batch 450/3348, Loss: 0.4190
2025-10-10 06:42:44,892 [INFO] Época 4/30, Batch 500/3348, Loss: 0.2133
2025-10-10 06:42:45,155 [INFO] Época 4/30, Batch 550/3348, Loss: 0.3828
2025-10-10 06:42:45,420 [INFO] Época 4/30, Batch 600/3348, Loss: 0.3676
2025-10-10 06:42:45,682 [INFO] Época 4/30, Batch 650/3348, Loss: 0.3323
2025-10-10 06:42:45,945 [INFO] Época 4/30, Batch 700/3348, Loss: 0.3599
2025-10-10 06:42:46,210 [INFO] Época 4/30, Batch 750/3348, Loss: 0.2705
2025-10-10 06:42:46,471 [INFO] Época 4/30, Batch 800/3348, Loss: 0.2538
2025-10-10 06:42:46,733 [INFO] Época 4/30, Batch 850/3348, Loss: 0.2208
2025-10-10 06:42:46,995 [INFO] Época 4/30, Batch 900/3348, Loss: 0.2339
2025-10-10 06:42:47,259 [INFO] Época 4/30, Batch 950/3348, Loss: 0.4167
2025-10-10 06:42:47,522 [INFO] Época 4/30, Batch 1000/3348, Loss: 0.3701
2025-10-10 06:42:47,786 [INFO] Época 4/30, Batch 1050/3348, Loss: 0.2338
2025-10-10 06:42:48,048 [INFO] Época 4/30, Batch 1100/3348, Loss: 0.3376
2025-10-10 06:42:48,309 [INFO] Época 4/30, Batch 1150/3348, Loss: 0.3581
2025-10-10 06:42:48,585 [INFO] Época 4/30, Batch 1200/3348, Loss: 0.2919
2025-10-10 06:42:48,849 [INFO] Época 4/30, Batch 1250/3348, Loss: 0.2036
2025-10-10 06:42:49,113 [INFO] Época 4/30, Batch 1300/3348, Loss: 0.3242
2025-10-10 06:42:49,377 [INFO] Época 4/30, Batch 1350/3348, Loss: 0.3171
2025-10-10 06:42:49,641 [INFO] Época 4/30, Batch 1400/3348, Loss: 0.3919
2025-10-10 06:42:49,905 [INFO] Época 4/30, Batch 1450/3348, Loss: 0.4818
2025-10-10 06:42:50,169 [INFO] Época 4/30, Batch 1500/3348, Loss: 0.3983
2025-10-10 06:42:50,434 [INFO] Época 4/30, Batch 1550/3348, Loss: 0.3594
2025-10-10 06:42:50,699 [INFO] Época 4/30, Batch 1600/3348, Loss: 0.2110
2025-10-10 06:42:50,963 [INFO] Época 4/30, Batch 1650/3348, Loss: 0.1986
2025-10-10 06:42:51,227 [INFO] Época 4/30, Batch 1700/3348, Loss: 0.2532
2025-10-10 06:42:51,493 [INFO] Época 4/30, Batch 1750/3348, Loss: 0.3818
2025-10-10 06:42:51,758 [INFO] Época 4/30, Batch 1800/3348, Loss: 0.3560
2025-10-10 06:42:52,024 [INFO] Época 4/30, Batch 1850/3348, Loss: 0.2628
2025-10-10 06:42:52,288 [INFO] Época 4/30, Batch 1900/3348, Loss: 0.4069
2025-10-10 06:42:52,553 [INFO] Época 4/30, Batch 1950/3348, Loss: 0.2996
2025-10-10 06:42:52,818 [INFO] Época 4/30, Batch 2000/3348, Loss: 0.4232
2025-10-10 06:42:53,083 [INFO] Época 4/30, Batch 2050/3348, Loss: 0.2494
2025-10-10 06:42:53,349 [INFO] Época 4/30, Batch 2100/3348, Loss: 0.2929
2025-10-10 06:42:53,616 [INFO] Época 4/30, Batch 2150/3348, Loss: 0.2244
2025-10-10 06:42:53,880 [INFO] Época 4/30, Batch 2200/3348, Loss: 0.3091
2025-10-10 06:42:54,145 [INFO] Época 4/30, Batch 2250/3348, Loss: 0.4293
2025-10-10 06:42:54,411 [INFO] Época 4/30, Batch 2300/3348, Loss: 0.2076
2025-10-10 06:42:54,675 [INFO] Época 4/30, Batch 2350/3348, Loss: 0.3365
2025-10-10 06:42:54,940 [INFO] Época 4/30, Batch 2400/3348, Loss: 0.2996
2025-10-10 06:42:55,205 [INFO] Época 4/30, Batch 2450/3348, Loss: 0.3711
2025-10-10 06:42:55,469 [INFO] Época 4/30, Batch 2500/3348, Loss: 0.3458
2025-10-10 06:42:55,732 [INFO] Época 4/30, Batch 2550/3348, Loss: 0.3041
2025-10-10 06:42:55,995 [INFO] Época 4/30, Batch 2600/3348, Loss: 0.4358
2025-10-10 06:42:56,258 [INFO] Época 4/30, Batch 2650/3348, Loss: 0.3133
2025-10-10 06:42:56,522 [INFO] Época 4/30, Batch 2700/3348, Loss: 0.3187
2025-10-10 06:42:56,785 [INFO] Época 4/30, Batch 2750/3348, Loss: 0.1720
2025-10-10 06:42:57,049 [INFO] Época 4/30, Batch 2800/3348, Loss: 0.2198
2025-10-10 06:42:57,314 [INFO] Época 4/30, Batch 2850/3348, Loss: 0.2126
2025-10-10 06:42:57,577 [INFO] Época 4/30, Batch 2900/3348, Loss: 0.2069
2025-10-10 06:42:57,841 [INFO] Época 4/30, Batch 2950/3348, Loss: 0.3695
2025-10-10 06:42:58,105 [INFO] Época 4/30, Batch 3000/3348, Loss: 0.2491
2025-10-10 06:42:58,368 [INFO] Época 4/30, Batch 3050/3348, Loss: 0.3965
2025-10-10 06:42:58,642 [INFO] Época 4/30, Batch 3100/3348, Loss: 0.2692
2025-10-10 06:42:58,906 [INFO] Época 4/30, Batch 3150/3348, Loss: 0.3048
2025-10-10 06:42:59,170 [INFO] Época 4/30, Batch 3200/3348, Loss: 0.2805
2025-10-10 06:42:59,434 [INFO] Época 4/30, Batch 3250/3348, Loss: 0.4194
2025-10-10 06:42:59,699 [INFO] Época 4/30, Batch 3300/3348, Loss: 0.3871
2025-10-10 06:43:01,586 [INFO] [4/30] Train Loss: 0.2996 | Val Loss: 0.4915 | Tempo: 19.69s
2025-10-10 06:43:02,171 [INFO] Época 5/30, Batch 50/3348, Loss: 0.3436
2025-10-10 06:43:02,442 [INFO] Época 5/30, Batch 100/3348, Loss: 0.3223
2025-10-10 06:43:02,710 [INFO] Época 5/30, Batch 150/3348, Loss: 0.2963
2025-10-10 06:43:02,977 [INFO] Época 5/30, Batch 200/3348, Loss: 0.3355
2025-10-10 06:43:03,242 [INFO] Época 5/30, Batch 250/3348, Loss: 0.3348
2025-10-10 06:43:03,506 [INFO] Época 5/30, Batch 300/3348, Loss: 0.3274
2025-10-10 06:43:03,771 [INFO] Época 5/30, Batch 350/3348, Loss: 0.3866
2025-10-10 06:43:04,035 [INFO] Época 5/30, Batch 400/3348, Loss: 0.3746
2025-10-10 06:43:04,300 [INFO] Época 5/30, Batch 450/3348, Loss: 0.3246
2025-10-10 06:43:04,563 [INFO] Época 5/30, Batch 500/3348, Loss: 0.3002
2025-10-10 06:43:04,827 [INFO] Época 5/30, Batch 550/3348, Loss: 0.2009
2025-10-10 06:43:05,090 [INFO] Época 5/30, Batch 600/3348, Loss: 0.2957
2025-10-10 06:43:05,353 [INFO] Época 5/30, Batch 650/3348, Loss: 0.2841
2025-10-10 06:43:05,615 [INFO] Época 5/30, Batch 700/3348, Loss: 0.3227
2025-10-10 06:43:05,876 [INFO] Época 5/30, Batch 750/3348, Loss: 0.2175
2025-10-10 06:43:06,139 [INFO] Época 5/30, Batch 800/3348, Loss: 0.2260
2025-10-10 06:43:06,399 [INFO] Época 5/30, Batch 850/3348, Loss: 0.2056
2025-10-10 06:43:06,652 [INFO] Época 5/30, Batch 900/3348, Loss: 0.2227
2025-10-10 06:43:06,905 [INFO] Época 5/30, Batch 950/3348, Loss: 0.2003
2025-10-10 06:43:07,156 [INFO] Época 5/30, Batch 1000/3348, Loss: 0.2889
2025-10-10 06:43:07,409 [INFO] Época 5/30, Batch 1050/3348, Loss: 0.2981
2025-10-10 06:43:07,660 [INFO] Época 5/30, Batch 1100/3348, Loss: 0.3526
2025-10-10 06:43:07,922 [INFO] Época 5/30, Batch 1150/3348, Loss: 0.4272
2025-10-10 06:43:08,181 [INFO] Época 5/30, Batch 1200/3348, Loss: 0.3256
2025-10-10 06:43:08,447 [INFO] Época 5/30, Batch 1250/3348, Loss: 0.3770
2025-10-10 06:43:08,720 [INFO] Época 5/30, Batch 1300/3348, Loss: 0.3139
2025-10-10 06:43:08,991 [INFO] Época 5/30, Batch 1350/3348, Loss: 0.2577
2025-10-10 06:43:09,261 [INFO] Época 5/30, Batch 1400/3348, Loss: 0.3170
2025-10-10 06:43:09,531 [INFO] Época 5/30, Batch 1450/3348, Loss: 0.4186
2025-10-10 06:43:09,798 [INFO] Época 5/30, Batch 1500/3348, Loss: 0.2998
2025-10-10 06:43:10,071 [INFO] Época 5/30, Batch 1550/3348, Loss: 0.1822
2025-10-10 06:43:10,342 [INFO] Época 5/30, Batch 1600/3348, Loss: 0.4002
2025-10-10 06:43:10,614 [INFO] Época 5/30, Batch 1650/3348, Loss: 0.3182
2025-10-10 06:43:10,885 [INFO] Época 5/30, Batch 1700/3348, Loss: 0.3879
2025-10-10 06:43:11,157 [INFO] Época 5/30, Batch 1750/3348, Loss: 0.4368
2025-10-10 06:43:11,428 [INFO] Época 5/30, Batch 1800/3348, Loss: 0.1758
2025-10-10 06:43:11,697 [INFO] Época 5/30, Batch 1850/3348, Loss: 0.3132
2025-10-10 06:43:11,961 [INFO] Época 5/30, Batch 1900/3348, Loss: 0.3296
2025-10-10 06:43:12,232 [INFO] Época 5/30, Batch 1950/3348, Loss: 0.2830
2025-10-10 06:43:12,498 [INFO] Época 5/30, Batch 2000/3348, Loss: 0.4182
2025-10-10 06:43:12,769 [INFO] Época 5/30, Batch 2050/3348, Loss: 0.2290
2025-10-10 06:43:13,039 [INFO] Época 5/30, Batch 2100/3348, Loss: 0.3106
2025-10-10 06:43:13,308 [INFO] Época 5/30, Batch 2150/3348, Loss: 0.4344
2025-10-10 06:43:13,577 [INFO] Época 5/30, Batch 2200/3348, Loss: 0.1881
2025-10-10 06:43:13,847 [INFO] Época 5/30, Batch 2250/3348, Loss: 0.1901
2025-10-10 06:43:14,127 [INFO] Época 5/30, Batch 2300/3348, Loss: 0.3746
2025-10-10 06:43:14,395 [INFO] Época 5/30, Batch 2350/3348, Loss: 0.1964
2025-10-10 06:43:14,663 [INFO] Época 5/30, Batch 2400/3348, Loss: 0.3973
2025-10-10 06:43:14,933 [INFO] Época 5/30, Batch 2450/3348, Loss: 0.2389
2025-10-10 06:43:15,201 [INFO] Época 5/30, Batch 2500/3348, Loss: 0.2712
2025-10-10 06:43:15,472 [INFO] Época 5/30, Batch 2550/3348, Loss: 0.2248
2025-10-10 06:43:15,743 [INFO] Época 5/30, Batch 2600/3348, Loss: 0.2793
2025-10-10 06:43:16,011 [INFO] Época 5/30, Batch 2650/3348, Loss: 0.2546
2025-10-10 06:43:16,279 [INFO] Época 5/30, Batch 2700/3348, Loss: 0.4278
2025-10-10 06:43:16,547 [INFO] Época 5/30, Batch 2750/3348, Loss: 0.2437
2025-10-10 06:43:16,815 [INFO] Época 5/30, Batch 2800/3348, Loss: 0.4748
2025-10-10 06:43:17,085 [INFO] Época 5/30, Batch 2850/3348, Loss: 0.3295
2025-10-10 06:43:17,354 [INFO] Época 5/30, Batch 2900/3348, Loss: 0.3471
2025-10-10 06:43:17,622 [INFO] Época 5/30, Batch 2950/3348, Loss: 0.3525
2025-10-10 06:43:17,892 [INFO] Época 5/30, Batch 3000/3348, Loss: 0.2714
2025-10-10 06:43:18,160 [INFO] Época 5/30, Batch 3050/3348, Loss: 0.1714
2025-10-10 06:43:18,430 [INFO] Época 5/30, Batch 3100/3348, Loss: 0.2870
2025-10-10 06:43:18,701 [INFO] Época 5/30, Batch 3150/3348, Loss: 0.3139
2025-10-10 06:43:18,969 [INFO] Época 5/30, Batch 3200/3348, Loss: 0.2078
2025-10-10 06:43:19,238 [INFO] Época 5/30, Batch 3250/3348, Loss: 0.5247
2025-10-10 06:43:19,508 [INFO] Época 5/30, Batch 3300/3348, Loss: 0.2781
2025-10-10 06:43:21,465 [INFO] [5/30] Train Loss: 0.2826 | Val Loss: 0.5069 | Tempo: 19.88s
2025-10-10 06:43:22,062 [INFO] Época 6/30, Batch 50/3348, Loss: 0.3173
2025-10-10 06:43:22,339 [INFO] Época 6/30, Batch 100/3348, Loss: 0.3317
2025-10-10 06:43:22,617 [INFO] Época 6/30, Batch 150/3348, Loss: 0.3404
2025-10-10 06:43:22,892 [INFO] Época 6/30, Batch 200/3348, Loss: 0.1921
2025-10-10 06:43:23,169 [INFO] Época 6/30, Batch 250/3348, Loss: 0.1803
2025-10-10 06:43:23,443 [INFO] Época 6/30, Batch 300/3348, Loss: 0.2197
2025-10-10 06:43:23,716 [INFO] Época 6/30, Batch 350/3348, Loss: 0.2950
2025-10-10 06:43:23,987 [INFO] Época 6/30, Batch 400/3348, Loss: 0.2565
2025-10-10 06:43:24,257 [INFO] Época 6/30, Batch 450/3348, Loss: 0.3485
2025-10-10 06:43:24,527 [INFO] Época 6/30, Batch 500/3348, Loss: 0.2731
2025-10-10 06:43:24,798 [INFO] Época 6/30, Batch 550/3348, Loss: 0.2334
2025-10-10 06:43:25,069 [INFO] Época 6/30, Batch 600/3348, Loss: 0.3646
2025-10-10 06:43:25,337 [INFO] Época 6/30, Batch 650/3348, Loss: 0.3003
2025-10-10 06:43:25,603 [INFO] Época 6/30, Batch 700/3348, Loss: 0.2168
2025-10-10 06:43:25,862 [INFO] Época 6/30, Batch 750/3348, Loss: 0.3571
2025-10-10 06:43:26,122 [INFO] Época 6/30, Batch 800/3348, Loss: 0.2128
2025-10-10 06:43:26,378 [INFO] Época 6/30, Batch 850/3348, Loss: 0.3426
2025-10-10 06:43:26,631 [INFO] Época 6/30, Batch 900/3348, Loss: 0.2170
2025-10-10 06:43:26,885 [INFO] Época 6/30, Batch 950/3348, Loss: 0.2737
2025-10-10 06:43:27,140 [INFO] Época 6/30, Batch 1000/3348, Loss: 0.2222
2025-10-10 06:43:27,394 [INFO] Época 6/30, Batch 1050/3348, Loss: 0.2282
2025-10-10 06:43:27,647 [INFO] Época 6/30, Batch 1100/3348, Loss: 0.2895
2025-10-10 06:43:27,899 [INFO] Época 6/30, Batch 1150/3348, Loss: 0.2391
2025-10-10 06:43:28,152 [INFO] Época 6/30, Batch 1200/3348, Loss: 0.3091
2025-10-10 06:43:28,409 [INFO] Época 6/30, Batch 1250/3348, Loss: 0.2015
2025-10-10 06:43:28,674 [INFO] Época 6/30, Batch 1300/3348, Loss: 0.3014
2025-10-10 06:43:28,936 [INFO] Época 6/30, Batch 1350/3348, Loss: 0.2045
2025-10-10 06:43:29,206 [INFO] Época 6/30, Batch 1400/3348, Loss: 0.4193
2025-10-10 06:43:29,480 [INFO] Época 6/30, Batch 1450/3348, Loss: 0.3174
2025-10-10 06:43:29,753 [INFO] Época 6/30, Batch 1500/3348, Loss: 0.1674
2025-10-10 06:43:30,027 [INFO] Época 6/30, Batch 1550/3348, Loss: 0.2563
2025-10-10 06:43:30,299 [INFO] Época 6/30, Batch 1600/3348, Loss: 0.2728
2025-10-10 06:43:30,574 [INFO] Época 6/30, Batch 1650/3348, Loss: 0.3862
2025-10-10 06:43:30,849 [INFO] Época 6/30, Batch 1700/3348, Loss: 0.3232
2025-10-10 06:43:31,122 [INFO] Época 6/30, Batch 1750/3348, Loss: 0.2693
2025-10-10 06:43:31,394 [INFO] Época 6/30, Batch 1800/3348, Loss: 0.3594
2025-10-10 06:43:31,666 [INFO] Época 6/30, Batch 1850/3348, Loss: 0.1762
2025-10-10 06:43:31,927 [INFO] Época 6/30, Batch 1900/3348, Loss: 0.3983
2025-10-10 06:43:32,187 [INFO] Época 6/30, Batch 1950/3348, Loss: 0.2477
2025-10-10 06:43:32,447 [INFO] Época 6/30, Batch 2000/3348, Loss: 0.2031
2025-10-10 06:43:32,706 [INFO] Época 6/30, Batch 2050/3348, Loss: 0.2478
2025-10-10 06:43:32,968 [INFO] Época 6/30, Batch 2100/3348, Loss: 0.2269
2025-10-10 06:43:33,227 [INFO] Época 6/30, Batch 2150/3348, Loss: 0.2446
2025-10-10 06:43:33,487 [INFO] Época 6/30, Batch 2200/3348, Loss: 0.3413
2025-10-10 06:43:33,747 [INFO] Época 6/30, Batch 2250/3348, Loss: 0.2383
2025-10-10 06:43:34,006 [INFO] Época 6/30, Batch 2300/3348, Loss: 0.2553
2025-10-10 06:43:34,266 [INFO] Época 6/30, Batch 2350/3348, Loss: 0.3208
2025-10-10 06:43:34,537 [INFO] Época 6/30, Batch 2400/3348, Loss: 0.3287
2025-10-10 06:43:34,798 [INFO] Época 6/30, Batch 2450/3348, Loss: 0.2646
2025-10-10 06:43:35,063 [INFO] Época 6/30, Batch 2500/3348, Loss: 0.3809
2025-10-10 06:43:35,324 [INFO] Época 6/30, Batch 2550/3348, Loss: 0.3202
2025-10-10 06:43:35,587 [INFO] Época 6/30, Batch 2600/3348, Loss: 0.3366
2025-10-10 06:43:35,849 [INFO] Época 6/30, Batch 2650/3348, Loss: 0.2554
2025-10-10 06:43:36,111 [INFO] Época 6/30, Batch 2700/3348, Loss: 0.2626
2025-10-10 06:43:36,373 [INFO] Época 6/30, Batch 2750/3348, Loss: 0.2094
2025-10-10 06:43:36,635 [INFO] Época 6/30, Batch 2800/3348, Loss: 0.2526
2025-10-10 06:43:36,898 [INFO] Época 6/30, Batch 2850/3348, Loss: 0.3206
2025-10-10 06:43:37,162 [INFO] Época 6/30, Batch 2900/3348, Loss: 0.2349
2025-10-10 06:43:37,424 [INFO] Época 6/30, Batch 2950/3348, Loss: 0.4774
2025-10-10 06:43:37,685 [INFO] Época 6/30, Batch 3000/3348, Loss: 0.2146
2025-10-10 06:43:37,946 [INFO] Época 6/30, Batch 3050/3348, Loss: 0.2750
2025-10-10 06:43:38,209 [INFO] Época 6/30, Batch 3100/3348, Loss: 0.1796
2025-10-10 06:43:38,470 [INFO] Época 6/30, Batch 3150/3348, Loss: 0.1958
2025-10-10 06:43:38,732 [INFO] Época 6/30, Batch 3200/3348, Loss: 0.3609
2025-10-10 06:43:38,992 [INFO] Época 6/30, Batch 3250/3348, Loss: 0.3203
2025-10-10 06:43:39,253 [INFO] Época 6/30, Batch 3300/3348, Loss: 0.3106
2025-10-10 06:43:41,078 [INFO] [6/30] Train Loss: 0.2690 | Val Loss: 0.4495 | Tempo: 19.61s
2025-10-10 06:43:41,681 [INFO] Época 7/30, Batch 50/3348, Loss: 0.3092
2025-10-10 06:43:41,965 [INFO] Época 7/30, Batch 100/3348, Loss: 0.3114
2025-10-10 06:43:42,242 [INFO] Época 7/30, Batch 150/3348, Loss: 0.2242
2025-10-10 06:43:42,518 [INFO] Época 7/30, Batch 200/3348, Loss: 0.3084
2025-10-10 06:43:42,790 [INFO] Época 7/30, Batch 250/3348, Loss: 0.2840
2025-10-10 06:43:43,052 [INFO] Época 7/30, Batch 300/3348, Loss: 0.2804
2025-10-10 06:43:43,316 [INFO] Época 7/30, Batch 350/3348, Loss: 0.3670
2025-10-10 06:43:43,579 [INFO] Época 7/30, Batch 400/3348, Loss: 0.2119
2025-10-10 06:43:43,841 [INFO] Época 7/30, Batch 450/3348, Loss: 0.1785
2025-10-10 06:43:44,103 [INFO] Época 7/30, Batch 500/3348, Loss: 0.2171
2025-10-10 06:43:44,366 [INFO] Época 7/30, Batch 550/3348, Loss: 0.3192
2025-10-10 06:43:44,629 [INFO] Época 7/30, Batch 600/3348, Loss: 0.2107
2025-10-10 06:43:44,892 [INFO] Época 7/30, Batch 650/3348, Loss: 0.2105
2025-10-10 06:43:45,153 [INFO] Época 7/30, Batch 700/3348, Loss: 0.2592
2025-10-10 06:43:45,416 [INFO] Época 7/30, Batch 750/3348, Loss: 0.3344
2025-10-10 06:43:45,676 [INFO] Época 7/30, Batch 800/3348, Loss: 0.3172
2025-10-10 06:43:45,937 [INFO] Época 7/30, Batch 850/3348, Loss: 0.3115
2025-10-10 06:43:46,197 [INFO] Época 7/30, Batch 900/3348, Loss: 0.1480
2025-10-10 06:43:46,468 [INFO] Época 7/30, Batch 950/3348, Loss: 0.1787
2025-10-10 06:43:46,728 [INFO] Época 7/30, Batch 1000/3348, Loss: 0.3207
2025-10-10 06:43:46,987 [INFO] Época 7/30, Batch 1050/3348, Loss: 0.2738
2025-10-10 06:43:47,248 [INFO] Época 7/30, Batch 1100/3348, Loss: 0.2384
2025-10-10 06:43:47,509 [INFO] Época 7/30, Batch 1150/3348, Loss: 0.2491
2025-10-10 06:43:47,771 [INFO] Época 7/30, Batch 1200/3348, Loss: 0.1758
2025-10-10 06:43:48,034 [INFO] Época 7/30, Batch 1250/3348, Loss: 0.2188
2025-10-10 06:43:48,296 [INFO] Época 7/30, Batch 1300/3348, Loss: 0.3342
2025-10-10 06:43:48,559 [INFO] Época 7/30, Batch 1350/3348, Loss: 0.1367
2025-10-10 06:43:48,822 [INFO] Época 7/30, Batch 1400/3348, Loss: 0.2744
2025-10-10 06:43:49,084 [INFO] Época 7/30, Batch 1450/3348, Loss: 0.2709
2025-10-10 06:43:49,346 [INFO] Época 7/30, Batch 1500/3348, Loss: 0.2165
2025-10-10 06:43:49,607 [INFO] Época 7/30, Batch 1550/3348, Loss: 0.2245
2025-10-10 06:43:49,870 [INFO] Época 7/30, Batch 1600/3348, Loss: 0.3088
2025-10-10 06:43:50,130 [INFO] Época 7/30, Batch 1650/3348, Loss: 0.2220
2025-10-10 06:43:50,391 [INFO] Época 7/30, Batch 1700/3348, Loss: 0.2267
2025-10-10 06:43:50,652 [INFO] Época 7/30, Batch 1750/3348, Loss: 0.1472
2025-10-10 06:43:50,912 [INFO] Época 7/30, Batch 1800/3348, Loss: 0.3072
2025-10-10 06:43:51,174 [INFO] Época 7/30, Batch 1850/3348, Loss: 0.3257
2025-10-10 06:43:51,435 [INFO] Época 7/30, Batch 1900/3348, Loss: 0.1962
2025-10-10 06:43:51,695 [INFO] Época 7/30, Batch 1950/3348, Loss: 0.2099
2025-10-10 06:43:51,958 [INFO] Época 7/30, Batch 2000/3348, Loss: 0.2573
2025-10-10 06:43:52,219 [INFO] Época 7/30, Batch 2050/3348, Loss: 0.2118
2025-10-10 06:43:52,480 [INFO] Época 7/30, Batch 2100/3348, Loss: 0.2436
2025-10-10 06:43:52,741 [INFO] Época 7/30, Batch 2150/3348, Loss: 0.2392
2025-10-10 06:43:53,002 [INFO] Época 7/30, Batch 2200/3348, Loss: 0.1882
2025-10-10 06:43:53,262 [INFO] Época 7/30, Batch 2250/3348, Loss: 0.3782
2025-10-10 06:43:53,524 [INFO] Época 7/30, Batch 2300/3348, Loss: 0.1699
2025-10-10 06:43:53,785 [INFO] Época 7/30, Batch 2350/3348, Loss: 0.1913
2025-10-10 06:43:54,048 [INFO] Época 7/30, Batch 2400/3348, Loss: 0.1736
2025-10-10 06:43:54,309 [INFO] Época 7/30, Batch 2450/3348, Loss: 0.2952
2025-10-10 06:43:54,571 [INFO] Época 7/30, Batch 2500/3348, Loss: 0.4422
2025-10-10 06:43:54,833 [INFO] Época 7/30, Batch 2550/3348, Loss: 0.2963
2025-10-10 06:43:55,095 [INFO] Época 7/30, Batch 2600/3348, Loss: 0.3339
2025-10-10 06:43:55,358 [INFO] Época 7/30, Batch 2650/3348, Loss: 0.3241
2025-10-10 06:43:55,621 [INFO] Época 7/30, Batch 2700/3348, Loss: 0.1797
2025-10-10 06:43:55,882 [INFO] Época 7/30, Batch 2750/3348, Loss: 0.1966
2025-10-10 06:43:56,143 [INFO] Época 7/30, Batch 2800/3348, Loss: 0.1900
2025-10-10 06:43:56,403 [INFO] Época 7/30, Batch 2850/3348, Loss: 0.2183
2025-10-10 06:43:56,665 [INFO] Época 7/30, Batch 2900/3348, Loss: 0.2073
2025-10-10 06:43:56,926 [INFO] Época 7/30, Batch 2950/3348, Loss: 0.1993
2025-10-10 06:43:57,186 [INFO] Época 7/30, Batch 3000/3348, Loss: 0.1968
2025-10-10 06:43:57,448 [INFO] Época 7/30, Batch 3050/3348, Loss: 0.2304
2025-10-10 06:43:57,709 [INFO] Época 7/30, Batch 3100/3348, Loss: 0.2867
2025-10-10 06:43:57,971 [INFO] Época 7/30, Batch 3150/3348, Loss: 0.2962
2025-10-10 06:43:58,234 [INFO] Época 7/30, Batch 3200/3348, Loss: 0.3320
2025-10-10 06:43:58,496 [INFO] Época 7/30, Batch 3250/3348, Loss: 0.1789
2025-10-10 06:43:58,758 [INFO] Época 7/30, Batch 3300/3348, Loss: 0.3589
2025-10-10 06:44:00,500 [INFO] [7/30] Train Loss: 0.2587 | Val Loss: 0.5058 | Tempo: 19.42s
2025-10-10 06:44:01,074 [INFO] Época 8/30, Batch 50/3348, Loss: 0.2627
2025-10-10 06:44:01,344 [INFO] Época 8/30, Batch 100/3348, Loss: 0.3480
2025-10-10 06:44:01,612 [INFO] Época 8/30, Batch 150/3348, Loss: 0.1790
2025-10-10 06:44:01,875 [INFO] Época 8/30, Batch 200/3348, Loss: 0.2558
2025-10-10 06:44:02,140 [INFO] Época 8/30, Batch 250/3348, Loss: 0.3479
2025-10-10 06:44:02,415 [INFO] Época 8/30, Batch 300/3348, Loss: 0.3022
2025-10-10 06:44:02,680 [INFO] Época 8/30, Batch 350/3348, Loss: 0.2683
2025-10-10 06:44:02,942 [INFO] Época 8/30, Batch 400/3348, Loss: 0.1995
2025-10-10 06:44:03,208 [INFO] Época 8/30, Batch 450/3348, Loss: 0.2113
2025-10-10 06:44:03,471 [INFO] Época 8/30, Batch 500/3348, Loss: 0.2553
2025-10-10 06:44:03,735 [INFO] Época 8/30, Batch 550/3348, Loss: 0.2699
2025-10-10 06:44:03,997 [INFO] Época 8/30, Batch 600/3348, Loss: 0.1754
2025-10-10 06:44:04,259 [INFO] Época 8/30, Batch 650/3348, Loss: 0.2288
2025-10-10 06:44:04,518 [INFO] Época 8/30, Batch 700/3348, Loss: 0.1747
2025-10-10 06:44:04,772 [INFO] Época 8/30, Batch 750/3348, Loss: 0.1358
2025-10-10 06:44:05,029 [INFO] Época 8/30, Batch 800/3348, Loss: 0.2046
2025-10-10 06:44:05,283 [INFO] Época 8/30, Batch 850/3348, Loss: 0.2737
2025-10-10 06:44:05,544 [INFO] Época 8/30, Batch 900/3348, Loss: 0.2501
2025-10-10 06:44:05,805 [INFO] Época 8/30, Batch 950/3348, Loss: 0.2553
2025-10-10 06:44:06,066 [INFO] Época 8/30, Batch 1000/3348, Loss: 0.3523
2025-10-10 06:44:06,328 [INFO] Época 8/30, Batch 1050/3348, Loss: 0.1946
2025-10-10 06:44:06,588 [INFO] Época 8/30, Batch 1100/3348, Loss: 0.2130
2025-10-10 06:44:06,850 [INFO] Época 8/30, Batch 1150/3348, Loss: 0.3076
2025-10-10 06:44:07,110 [INFO] Época 8/30, Batch 1200/3348, Loss: 0.2302
2025-10-10 06:44:07,371 [INFO] Época 8/30, Batch 1250/3348, Loss: 0.1812
2025-10-10 06:44:07,644 [INFO] Época 8/30, Batch 1300/3348, Loss: 0.1260
2025-10-10 06:44:07,905 [INFO] Época 8/30, Batch 1350/3348, Loss: 0.2444
2025-10-10 06:44:08,169 [INFO] Época 8/30, Batch 1400/3348, Loss: 0.1497
2025-10-10 06:44:08,433 [INFO] Época 8/30, Batch 1450/3348, Loss: 0.2381
2025-10-10 06:44:08,696 [INFO] Época 8/30, Batch 1500/3348, Loss: 0.2959
2025-10-10 06:44:08,957 [INFO] Época 8/30, Batch 1550/3348, Loss: 0.2253
2025-10-10 06:44:09,220 [INFO] Época 8/30, Batch 1600/3348, Loss: 0.2020
2025-10-10 06:44:09,484 [INFO] Época 8/30, Batch 1650/3348, Loss: 0.2997
2025-10-10 06:44:09,747 [INFO] Época 8/30, Batch 1700/3348, Loss: 0.2860
2025-10-10 06:44:10,009 [INFO] Época 8/30, Batch 1750/3348, Loss: 0.2403
2025-10-10 06:44:10,271 [INFO] Época 8/30, Batch 1800/3348, Loss: 0.1481
2025-10-10 06:44:10,532 [INFO] Época 8/30, Batch 1850/3348, Loss: 0.2374
2025-10-10 06:44:10,798 [INFO] Época 8/30, Batch 1900/3348, Loss: 0.2520
2025-10-10 06:44:11,062 [INFO] Época 8/30, Batch 1950/3348, Loss: 0.2802
2025-10-10 06:44:11,326 [INFO] Época 8/30, Batch 2000/3348, Loss: 0.3084
2025-10-10 06:44:11,590 [INFO] Época 8/30, Batch 2050/3348, Loss: 0.2986
2025-10-10 06:44:11,851 [INFO] Época 8/30, Batch 2100/3348, Loss: 0.1272
2025-10-10 06:44:12,113 [INFO] Época 8/30, Batch 2150/3348, Loss: 0.2033
2025-10-10 06:44:12,375 [INFO] Época 8/30, Batch 2200/3348, Loss: 0.1476
2025-10-10 06:44:12,639 [INFO] Época 8/30, Batch 2250/3348, Loss: 0.2094
2025-10-10 06:44:12,905 [INFO] Época 8/30, Batch 2300/3348, Loss: 0.2411
2025-10-10 06:44:13,170 [INFO] Época 8/30, Batch 2350/3348, Loss: 0.2607
2025-10-10 06:44:13,434 [INFO] Época 8/30, Batch 2400/3348, Loss: 0.2752
2025-10-10 06:44:13,697 [INFO] Época 8/30, Batch 2450/3348, Loss: 0.2523
2025-10-10 06:44:13,960 [INFO] Época 8/30, Batch 2500/3348, Loss: 0.3244
2025-10-10 06:44:14,222 [INFO] Época 8/30, Batch 2550/3348, Loss: 0.2554
2025-10-10 06:44:14,489 [INFO] Época 8/30, Batch 2600/3348, Loss: 0.2758
2025-10-10 06:44:14,754 [INFO] Época 8/30, Batch 2650/3348, Loss: 0.3448
2025-10-10 06:44:15,016 [INFO] Época 8/30, Batch 2700/3348, Loss: 0.2260
2025-10-10 06:44:15,278 [INFO] Época 8/30, Batch 2750/3348, Loss: 0.1261
2025-10-10 06:44:15,542 [INFO] Época 8/30, Batch 2800/3348, Loss: 0.3445
2025-10-10 06:44:15,806 [INFO] Época 8/30, Batch 2850/3348, Loss: 0.2701
2025-10-10 06:44:16,070 [INFO] Época 8/30, Batch 2900/3348, Loss: 0.2775
2025-10-10 06:44:16,334 [INFO] Época 8/30, Batch 2950/3348, Loss: 0.1745
2025-10-10 06:44:16,597 [INFO] Época 8/30, Batch 3000/3348, Loss: 0.2451
2025-10-10 06:44:16,858 [INFO] Época 8/30, Batch 3050/3348, Loss: 0.1761
2025-10-10 06:44:17,119 [INFO] Época 8/30, Batch 3100/3348, Loss: 0.1794
2025-10-10 06:44:17,378 [INFO] Época 8/30, Batch 3150/3348, Loss: 0.2394
2025-10-10 06:44:17,653 [INFO] Época 8/30, Batch 3200/3348, Loss: 0.2651
2025-10-10 06:44:17,914 [INFO] Época 8/30, Batch 3250/3348, Loss: 0.1884
2025-10-10 06:44:18,176 [INFO] Época 8/30, Batch 3300/3348, Loss: 0.1564
2025-10-10 06:44:19,930 [INFO] [8/30] Train Loss: 0.2492 | Val Loss: 0.4193 | Tempo: 19.43s
2025-10-10 06:44:20,509 [INFO] Época 9/30, Batch 50/3348, Loss: 0.1572
2025-10-10 06:44:20,778 [INFO] Época 9/30, Batch 100/3348, Loss: 0.3174
2025-10-10 06:44:21,044 [INFO] Época 9/30, Batch 150/3348, Loss: 0.1953
2025-10-10 06:44:21,308 [INFO] Época 9/30, Batch 200/3348, Loss: 0.2017
2025-10-10 06:44:21,572 [INFO] Época 9/30, Batch 250/3348, Loss: 0.2054
2025-10-10 06:44:21,834 [INFO] Época 9/30, Batch 300/3348, Loss: 0.3178
2025-10-10 06:44:22,096 [INFO] Época 9/30, Batch 350/3348, Loss: 0.2848
2025-10-10 06:44:22,358 [INFO] Época 9/30, Batch 400/3348, Loss: 0.2310
2025-10-10 06:44:22,620 [INFO] Época 9/30, Batch 450/3348, Loss: 0.1652
2025-10-10 06:44:22,892 [INFO] Época 9/30, Batch 500/3348, Loss: 0.2758
2025-10-10 06:44:23,154 [INFO] Época 9/30, Batch 550/3348, Loss: 0.1724
2025-10-10 06:44:23,416 [INFO] Época 9/30, Batch 600/3348, Loss: 0.1485
2025-10-10 06:44:23,679 [INFO] Época 9/30, Batch 650/3348, Loss: 0.2872
2025-10-10 06:44:23,941 [INFO] Época 9/30, Batch 700/3348, Loss: 0.1383
2025-10-10 06:44:24,202 [INFO] Época 9/30, Batch 750/3348, Loss: 0.2038
2025-10-10 06:44:24,463 [INFO] Época 9/30, Batch 800/3348, Loss: 0.1817
2025-10-10 06:44:24,724 [INFO] Época 9/30, Batch 850/3348, Loss: 0.2446
2025-10-10 06:44:24,985 [INFO] Época 9/30, Batch 900/3348, Loss: 0.2978
2025-10-10 06:44:25,246 [INFO] Época 9/30, Batch 950/3348, Loss: 0.3310
2025-10-10 06:44:25,510 [INFO] Época 9/30, Batch 1000/3348, Loss: 0.3133
2025-10-10 06:44:25,772 [INFO] Época 9/30, Batch 1050/3348, Loss: 0.2504
2025-10-10 06:44:26,030 [INFO] Época 9/30, Batch 1100/3348, Loss: 0.1448
2025-10-10 06:44:26,291 [INFO] Época 9/30, Batch 1150/3348, Loss: 0.2575
2025-10-10 06:44:26,553 [INFO] Época 9/30, Batch 1200/3348, Loss: 0.1866
2025-10-10 06:44:26,815 [INFO] Época 9/30, Batch 1250/3348, Loss: 0.2784
2025-10-10 06:44:27,076 [INFO] Época 9/30, Batch 1300/3348, Loss: 0.2264
2025-10-10 06:44:27,336 [INFO] Época 9/30, Batch 1350/3348, Loss: 0.1591
2025-10-10 06:44:27,595 [INFO] Época 9/30, Batch 1400/3348, Loss: 0.2485
2025-10-10 06:44:27,857 [INFO] Época 9/30, Batch 1450/3348, Loss: 0.1800
2025-10-10 06:44:28,119 [INFO] Época 9/30, Batch 1500/3348, Loss: 0.2796
2025-10-10 06:44:28,379 [INFO] Época 9/30, Batch 1550/3348, Loss: 0.2188
2025-10-10 06:44:28,639 [INFO] Época 9/30, Batch 1600/3348, Loss: 0.1930
2025-10-10 06:44:28,900 [INFO] Época 9/30, Batch 1650/3348, Loss: 0.2076
2025-10-10 06:44:29,162 [INFO] Época 9/30, Batch 1700/3348, Loss: 0.2574
2025-10-10 06:44:29,422 [INFO] Época 9/30, Batch 1750/3348, Loss: 0.2729
2025-10-10 06:44:29,685 [INFO] Época 9/30, Batch 1800/3348, Loss: 0.2828
2025-10-10 06:44:29,946 [INFO] Época 9/30, Batch 1850/3348, Loss: 0.2974
2025-10-10 06:44:30,208 [INFO] Época 9/30, Batch 1900/3348, Loss: 0.2970
2025-10-10 06:44:30,471 [INFO] Época 9/30, Batch 1950/3348, Loss: 0.2889
2025-10-10 06:44:30,731 [INFO] Época 9/30, Batch 2000/3348, Loss: 0.3189
2025-10-10 06:44:30,991 [INFO] Época 9/30, Batch 2050/3348, Loss: 0.2703
2025-10-10 06:44:31,254 [INFO] Época 9/30, Batch 2100/3348, Loss: 0.2320
2025-10-10 06:44:31,515 [INFO] Época 9/30, Batch 2150/3348, Loss: 0.2305
2025-10-10 06:44:31,778 [INFO] Época 9/30, Batch 2200/3348, Loss: 0.1952
2025-10-10 06:44:32,039 [INFO] Época 9/30, Batch 2250/3348, Loss: 0.2297
2025-10-10 06:44:32,299 [INFO] Época 9/30, Batch 2300/3348, Loss: 0.3088
2025-10-10 06:44:32,559 [INFO] Época 9/30, Batch 2350/3348, Loss: 0.2030
2025-10-10 06:44:32,822 [INFO] Época 9/30, Batch 2400/3348, Loss: 0.2751
2025-10-10 06:44:33,083 [INFO] Época 9/30, Batch 2450/3348, Loss: 0.1074
2025-10-10 06:44:33,351 [INFO] Época 9/30, Batch 2500/3348, Loss: 0.2715
2025-10-10 06:44:33,607 [INFO] Época 9/30, Batch 2550/3348, Loss: 0.2832
2025-10-10 06:44:33,868 [INFO] Época 9/30, Batch 2600/3348, Loss: 0.2740
2025-10-10 06:44:34,126 [INFO] Época 9/30, Batch 2650/3348, Loss: 0.1781
2025-10-10 06:44:34,384 [INFO] Época 9/30, Batch 2700/3348, Loss: 0.2389
2025-10-10 06:44:34,643 [INFO] Época 9/30, Batch 2750/3348, Loss: 0.2184
2025-10-10 06:44:34,902 [INFO] Época 9/30, Batch 2800/3348, Loss: 0.2412
2025-10-10 06:44:35,160 [INFO] Época 9/30, Batch 2850/3348, Loss: 0.2816
2025-10-10 06:44:35,417 [INFO] Época 9/30, Batch 2900/3348, Loss: 0.2691
2025-10-10 06:44:35,675 [INFO] Época 9/30, Batch 2950/3348, Loss: 0.3125
2025-10-10 06:44:35,931 [INFO] Época 9/30, Batch 3000/3348, Loss: 0.3267
2025-10-10 06:44:36,187 [INFO] Época 9/30, Batch 3050/3348, Loss: 0.1288
2025-10-10 06:44:36,443 [INFO] Época 9/30, Batch 3100/3348, Loss: 0.2133
2025-10-10 06:44:36,699 [INFO] Época 9/30, Batch 3150/3348, Loss: 0.1717
2025-10-10 06:44:36,957 [INFO] Época 9/30, Batch 3200/3348, Loss: 0.2560
2025-10-10 06:44:37,212 [INFO] Época 9/30, Batch 3250/3348, Loss: 0.2409
2025-10-10 06:44:37,468 [INFO] Época 9/30, Batch 3300/3348, Loss: 0.3561
2025-10-10 06:44:39,388 [INFO] [9/30] Train Loss: 0.2412 | Val Loss: 0.3976 | Tempo: 19.46s
2025-10-10 06:44:39,393 [INFO] Melhor modelo salvo em: /mnt/hdd/home/jdurao/ToolBox-ChemXAI/models/mlp_qm9_Morgan_att10_large.pth
2025-10-10 06:44:39,981 [INFO] Época 10/30, Batch 50/3348, Loss: 0.2169
2025-10-10 06:44:40,251 [INFO] Época 10/30, Batch 100/3348, Loss: 0.1966
2025-10-10 06:44:40,517 [INFO] Época 10/30, Batch 150/3348, Loss: 0.1585
2025-10-10 06:44:40,787 [INFO] Época 10/30, Batch 200/3348, Loss: 0.2072
2025-10-10 06:44:41,062 [INFO] Época 10/30, Batch 250/3348, Loss: 0.2022
2025-10-10 06:44:41,337 [INFO] Época 10/30, Batch 300/3348, Loss: 0.2925
2025-10-10 06:44:41,610 [INFO] Época 10/30, Batch 350/3348, Loss: 0.2152
2025-10-10 06:44:41,881 [INFO] Época 10/30, Batch 400/3348, Loss: 0.1778
2025-10-10 06:44:42,151 [INFO] Época 10/30, Batch 450/3348, Loss: 0.2900
2025-10-10 06:44:42,419 [INFO] Época 10/30, Batch 500/3348, Loss: 0.3116
2025-10-10 06:44:42,685 [INFO] Época 10/30, Batch 550/3348, Loss: 0.2291
2025-10-10 06:44:42,953 [INFO] Época 10/30, Batch 600/3348, Loss: 0.2696
2025-10-10 06:44:43,218 [INFO] Época 10/30, Batch 650/3348, Loss: 0.2150
2025-10-10 06:44:43,486 [INFO] Época 10/30, Batch 700/3348, Loss: 0.2087
2025-10-10 06:44:43,751 [INFO] Época 10/30, Batch 750/3348, Loss: 0.3763
2025-10-10 06:44:44,028 [INFO] Época 10/30, Batch 800/3348, Loss: 0.2863
2025-10-10 06:44:44,294 [INFO] Época 10/30, Batch 850/3348, Loss: 0.2081
2025-10-10 06:44:44,560 [INFO] Época 10/30, Batch 900/3348, Loss: 0.3676
2025-10-10 06:44:44,828 [INFO] Época 10/30, Batch 950/3348, Loss: 0.1263
2025-10-10 06:44:45,094 [INFO] Época 10/30, Batch 1000/3348, Loss: 0.1825
2025-10-10 06:44:45,360 [INFO] Época 10/30, Batch 1050/3348, Loss: 0.2476
2025-10-10 06:44:45,628 [INFO] Época 10/30, Batch 1100/3348, Loss: 0.2004
2025-10-10 06:44:45,894 [INFO] Época 10/30, Batch 1150/3348, Loss: 0.1870
2025-10-10 06:44:46,160 [INFO] Época 10/30, Batch 1200/3348, Loss: 0.1009
2025-10-10 06:44:46,424 [INFO] Época 10/30, Batch 1250/3348, Loss: 0.2349
2025-10-10 06:44:46,687 [INFO] Época 10/30, Batch 1300/3348, Loss: 0.2136
2025-10-10 06:44:46,955 [INFO] Época 10/30, Batch 1350/3348, Loss: 0.2966
2025-10-10 06:44:47,221 [INFO] Época 10/30, Batch 1400/3348, Loss: 0.1189
2025-10-10 06:44:47,490 [INFO] Época 10/30, Batch 1450/3348, Loss: 0.2424
2025-10-10 06:44:47,755 [INFO] Época 10/30, Batch 1500/3348, Loss: 0.1789
2025-10-10 06:44:48,019 [INFO] Época 10/30, Batch 1550/3348, Loss: 0.2687
2025-10-10 06:44:48,285 [INFO] Época 10/30, Batch 1600/3348, Loss: 0.1942
2025-10-10 06:44:48,551 [INFO] Época 10/30, Batch 1650/3348, Loss: 0.1643
2025-10-10 06:44:48,823 [INFO] Época 10/30, Batch 1700/3348, Loss: 0.1730
2025-10-10 06:44:49,106 [INFO] Época 10/30, Batch 1750/3348, Loss: 0.2876
2025-10-10 06:44:49,378 [INFO] Época 10/30, Batch 1800/3348, Loss: 0.3311
2025-10-10 06:44:49,649 [INFO] Época 10/30, Batch 1850/3348, Loss: 0.2265
2025-10-10 06:44:49,920 [INFO] Época 10/30, Batch 1900/3348, Loss: 0.1512
2025-10-10 06:44:50,193 [INFO] Época 10/30, Batch 1950/3348, Loss: 0.1972
2025-10-10 06:44:50,462 [INFO] Época 10/30, Batch 2000/3348, Loss: 0.2496
2025-10-10 06:44:50,726 [INFO] Época 10/30, Batch 2050/3348, Loss: 0.2133
2025-10-10 06:44:50,991 [INFO] Época 10/30, Batch 2100/3348, Loss: 0.2970
2025-10-10 06:44:51,255 [INFO] Época 10/30, Batch 2150/3348, Loss: 0.2584
2025-10-10 06:44:51,519 [INFO] Época 10/30, Batch 2200/3348, Loss: 0.2970
2025-10-10 06:44:51,783 [INFO] Época 10/30, Batch 2250/3348, Loss: 0.3127
2025-10-10 06:44:52,049 [INFO] Época 10/30, Batch 2300/3348, Loss: 0.3176
2025-10-10 06:44:52,313 [INFO] Época 10/30, Batch 2350/3348, Loss: 0.1531
2025-10-10 06:44:52,575 [INFO] Época 10/30, Batch 2400/3348, Loss: 0.2473
2025-10-10 06:44:52,838 [INFO] Época 10/30, Batch 2450/3348, Loss: 0.1214
2025-10-10 06:44:53,100 [INFO] Época 10/30, Batch 2500/3348, Loss: 0.2917
2025-10-10 06:44:53,361 [INFO] Época 10/30, Batch 2550/3348, Loss: 0.2302
2025-10-10 06:44:53,623 [INFO] Época 10/30, Batch 2600/3348, Loss: 0.2481
2025-10-10 06:44:53,887 [INFO] Época 10/30, Batch 2650/3348, Loss: 0.2871
2025-10-10 06:44:54,156 [INFO] Época 10/30, Batch 2700/3348, Loss: 0.2321
2025-10-10 06:44:54,417 [INFO] Época 10/30, Batch 2750/3348, Loss: 0.2623
2025-10-10 06:44:54,676 [INFO] Época 10/30, Batch 2800/3348, Loss: 0.3584
2025-10-10 06:44:54,934 [INFO] Época 10/30, Batch 2850/3348, Loss: 0.2581
2025-10-10 06:44:55,193 [INFO] Época 10/30, Batch 2900/3348, Loss: 0.1736
2025-10-10 06:44:55,450 [INFO] Época 10/30, Batch 2950/3348, Loss: 0.3284
2025-10-10 06:44:55,708 [INFO] Época 10/30, Batch 3000/3348, Loss: 0.2226
2025-10-10 06:44:55,965 [INFO] Época 10/30, Batch 3050/3348, Loss: 0.2283
2025-10-10 06:44:56,226 [INFO] Época 10/30, Batch 3100/3348, Loss: 0.1956
2025-10-10 06:44:56,490 [INFO] Época 10/30, Batch 3150/3348, Loss: 0.2477
2025-10-10 06:44:56,750 [INFO] Época 10/30, Batch 3200/3348, Loss: 0.1879
2025-10-10 06:44:57,010 [INFO] Época 10/30, Batch 3250/3348, Loss: 0.2829
2025-10-10 06:44:57,270 [INFO] Época 10/30, Batch 3300/3348, Loss: 0.2520
2025-10-10 06:44:59,054 [INFO] [10/30] Train Loss: 0.2352 | Val Loss: 0.4256 | Tempo: 19.66s
2025-10-10 06:44:59,630 [INFO] Época 11/30, Batch 50/3348, Loss: 0.2133
2025-10-10 06:44:59,905 [INFO] Época 11/30, Batch 100/3348, Loss: 0.3096
2025-10-10 06:45:00,182 [INFO] Época 11/30, Batch 150/3348, Loss: 0.2239
2025-10-10 06:45:00,455 [INFO] Época 11/30, Batch 200/3348, Loss: 0.1325
2025-10-10 06:45:00,726 [INFO] Época 11/30, Batch 250/3348, Loss: 0.3397
2025-10-10 06:45:00,999 [INFO] Época 11/30, Batch 300/3348, Loss: 0.2547
2025-10-10 06:45:01,265 [INFO] Época 11/30, Batch 350/3348, Loss: 0.1379
2025-10-10 06:45:01,532 [INFO] Época 11/30, Batch 400/3348, Loss: 0.2111
2025-10-10 06:45:01,802 [INFO] Época 11/30, Batch 450/3348, Loss: 0.1522
2025-10-10 06:45:02,072 [INFO] Época 11/30, Batch 500/3348, Loss: 0.3757
2025-10-10 06:45:02,340 [INFO] Época 11/30, Batch 550/3348, Loss: 0.2581
2025-10-10 06:45:02,608 [INFO] Época 11/30, Batch 600/3348, Loss: 0.2303
2025-10-10 06:45:02,874 [INFO] Época 11/30, Batch 650/3348, Loss: 0.2425
2025-10-10 06:45:03,136 [INFO] Época 11/30, Batch 700/3348, Loss: 0.0893
2025-10-10 06:45:03,402 [INFO] Época 11/30, Batch 750/3348, Loss: 0.2348
2025-10-10 06:45:03,671 [INFO] Época 11/30, Batch 800/3348, Loss: 0.2495
2025-10-10 06:45:03,941 [INFO] Época 11/30, Batch 850/3348, Loss: 0.1579
2025-10-10 06:45:04,210 [INFO] Época 11/30, Batch 900/3348, Loss: 0.2628
2025-10-10 06:45:04,482 [INFO] Época 11/30, Batch 950/3348, Loss: 0.1783
2025-10-10 06:45:04,754 [INFO] Época 11/30, Batch 1000/3348, Loss: 0.3106
2025-10-10 06:45:05,025 [INFO] Época 11/30, Batch 1050/3348, Loss: 0.4556
2025-10-10 06:45:05,293 [INFO] Época 11/30, Batch 1100/3348, Loss: 0.2939
2025-10-10 06:45:05,564 [INFO] Época 11/30, Batch 1150/3348, Loss: 0.2843
2025-10-10 06:45:05,835 [INFO] Época 11/30, Batch 1200/3348, Loss: 0.3253
2025-10-10 06:45:06,108 [INFO] Época 11/30, Batch 1250/3348, Loss: 0.1410
2025-10-10 06:45:06,380 [INFO] Época 11/30, Batch 1300/3348, Loss: 0.3106
2025-10-10 06:45:06,652 [INFO] Época 11/30, Batch 1350/3348, Loss: 0.1725
2025-10-10 06:45:06,920 [INFO] Época 11/30, Batch 1400/3348, Loss: 0.2633
2025-10-10 06:45:07,185 [INFO] Época 11/30, Batch 1450/3348, Loss: 0.2049
2025-10-10 06:45:07,449 [INFO] Época 11/30, Batch 1500/3348, Loss: 0.2298
2025-10-10 06:45:07,715 [INFO] Época 11/30, Batch 1550/3348, Loss: 0.4021
2025-10-10 06:45:07,978 [INFO] Época 11/30, Batch 1600/3348, Loss: 0.2256
2025-10-10 06:45:08,241 [INFO] Época 11/30, Batch 1650/3348, Loss: 0.2383
2025-10-10 06:45:08,504 [INFO] Época 11/30, Batch 1700/3348, Loss: 0.2161
2025-10-10 06:45:08,768 [INFO] Época 11/30, Batch 1750/3348, Loss: 0.2626
2025-10-10 06:45:09,032 [INFO] Época 11/30, Batch 1800/3348, Loss: 0.2528
2025-10-10 06:45:09,293 [INFO] Época 11/30, Batch 1850/3348, Loss: 0.2152
2025-10-10 06:45:09,560 [INFO] Época 11/30, Batch 1900/3348, Loss: 0.1695
2025-10-10 06:45:09,822 [INFO] Época 11/30, Batch 1950/3348, Loss: 0.1832
2025-10-10 06:45:10,085 [INFO] Época 11/30, Batch 2000/3348, Loss: 0.2898
2025-10-10 06:45:10,347 [INFO] Época 11/30, Batch 2050/3348, Loss: 0.2071
2025-10-10 06:45:10,610 [INFO] Época 11/30, Batch 2100/3348, Loss: 0.2703
2025-10-10 06:45:10,881 [INFO] Época 11/30, Batch 2150/3348, Loss: 0.2117
2025-10-10 06:45:11,149 [INFO] Época 11/30, Batch 2200/3348, Loss: 0.2081
2025-10-10 06:45:11,421 [INFO] Época 11/30, Batch 2250/3348, Loss: 0.1609
2025-10-10 06:45:11,686 [INFO] Época 11/30, Batch 2300/3348, Loss: 0.2619
2025-10-10 06:45:11,953 [INFO] Época 11/30, Batch 2350/3348, Loss: 0.2754
2025-10-10 06:45:12,220 [INFO] Época 11/30, Batch 2400/3348, Loss: 0.2186
2025-10-10 06:45:12,488 [INFO] Época 11/30, Batch 2450/3348, Loss: 0.2238
2025-10-10 06:45:12,754 [INFO] Época 11/30, Batch 2500/3348, Loss: 0.3079
2025-10-10 06:45:13,020 [INFO] Época 11/30, Batch 2550/3348, Loss: 0.3087
2025-10-10 06:45:13,282 [INFO] Época 11/30, Batch 2600/3348, Loss: 0.1433
2025-10-10 06:45:13,545 [INFO] Época 11/30, Batch 2650/3348, Loss: 0.1785
2025-10-10 06:45:13,810 [INFO] Época 11/30, Batch 2700/3348, Loss: 0.4398
2025-10-10 06:45:14,072 [INFO] Época 11/30, Batch 2750/3348, Loss: 0.3168
2025-10-10 06:45:14,338 [INFO] Época 11/30, Batch 2800/3348, Loss: 0.2357
2025-10-10 06:45:14,602 [INFO] Época 11/30, Batch 2850/3348, Loss: 0.2007
2025-10-10 06:45:14,866 [INFO] Época 11/30, Batch 2900/3348, Loss: 0.2073
2025-10-10 06:45:15,129 [INFO] Época 11/30, Batch 2950/3348, Loss: 0.1516
2025-10-10 06:45:15,394 [INFO] Época 11/30, Batch 3000/3348, Loss: 0.1604
2025-10-10 06:45:15,661 [INFO] Época 11/30, Batch 3050/3348, Loss: 0.3008
2025-10-10 06:45:15,928 [INFO] Época 11/30, Batch 3100/3348, Loss: 0.2762
2025-10-10 06:45:16,196 [INFO] Época 11/30, Batch 3150/3348, Loss: 0.1903
2025-10-10 06:45:16,466 [INFO] Época 11/30, Batch 3200/3348, Loss: 0.2660
2025-10-10 06:45:16,732 [INFO] Época 11/30, Batch 3250/3348, Loss: 0.2253
2025-10-10 06:45:16,997 [INFO] Época 11/30, Batch 3300/3348, Loss: 0.2405
2025-10-10 06:45:18,762 [INFO] [11/30] Train Loss: 0.2280 | Val Loss: 0.4300 | Tempo: 19.71s
2025-10-10 06:45:19,335 [INFO] Época 12/30, Batch 50/3348, Loss: 0.1794
2025-10-10 06:45:19,600 [INFO] Época 12/30, Batch 100/3348, Loss: 0.2003
2025-10-10 06:45:19,872 [INFO] Época 12/30, Batch 150/3348, Loss: 0.1571
2025-10-10 06:45:20,132 [INFO] Época 12/30, Batch 200/3348, Loss: 0.2620
2025-10-10 06:45:20,393 [INFO] Época 12/30, Batch 250/3348, Loss: 0.2989
2025-10-10 06:45:20,653 [INFO] Época 12/30, Batch 300/3348, Loss: 0.1544
2025-10-10 06:45:20,915 [INFO] Época 12/30, Batch 350/3348, Loss: 0.2203
2025-10-10 06:45:21,179 [INFO] Época 12/30, Batch 400/3348, Loss: 0.3013
2025-10-10 06:45:21,443 [INFO] Época 12/30, Batch 450/3348, Loss: 0.2169
2025-10-10 06:45:21,706 [INFO] Época 12/30, Batch 500/3348, Loss: 0.2863
2025-10-10 06:45:21,969 [INFO] Época 12/30, Batch 550/3348, Loss: 0.2457
2025-10-10 06:45:22,230 [INFO] Época 12/30, Batch 600/3348, Loss: 0.1897
2025-10-10 06:45:22,493 [INFO] Época 12/30, Batch 650/3348, Loss: 0.2542
2025-10-10 06:45:22,755 [INFO] Época 12/30, Batch 700/3348, Loss: 0.4279
2025-10-10 06:45:23,017 [INFO] Época 12/30, Batch 750/3348, Loss: 0.1648
2025-10-10 06:45:23,278 [INFO] Época 12/30, Batch 800/3348, Loss: 0.0795
2025-10-10 06:45:23,538 [INFO] Época 12/30, Batch 850/3348, Loss: 0.2008
2025-10-10 06:45:23,801 [INFO] Época 12/30, Batch 900/3348, Loss: 0.1074
2025-10-10 06:45:24,062 [INFO] Época 12/30, Batch 950/3348, Loss: 0.2013
2025-10-10 06:45:24,322 [INFO] Época 12/30, Batch 1000/3348, Loss: 0.1782
2025-10-10 06:45:24,584 [INFO] Época 12/30, Batch 1050/3348, Loss: 0.2329
2025-10-10 06:45:24,845 [INFO] Época 12/30, Batch 1100/3348, Loss: 0.1776
2025-10-10 06:45:25,115 [INFO] Época 12/30, Batch 1150/3348, Loss: 0.1792
2025-10-10 06:45:25,374 [INFO] Época 12/30, Batch 1200/3348, Loss: 0.1638
2025-10-10 06:45:25,640 [INFO] Época 12/30, Batch 1250/3348, Loss: 0.2659
2025-10-10 06:45:25,910 [INFO] Época 12/30, Batch 1300/3348, Loss: 0.2869
2025-10-10 06:45:26,180 [INFO] Época 12/30, Batch 1350/3348, Loss: 0.1659
2025-10-10 06:45:26,448 [INFO] Época 12/30, Batch 1400/3348, Loss: 0.2589
2025-10-10 06:45:26,719 [INFO] Época 12/30, Batch 1450/3348, Loss: 0.1719
2025-10-10 06:45:26,986 [INFO] Época 12/30, Batch 1500/3348, Loss: 0.2857
2025-10-10 06:45:27,257 [INFO] Época 12/30, Batch 1550/3348, Loss: 0.2432
2025-10-10 06:45:27,526 [INFO] Época 12/30, Batch 1600/3348, Loss: 0.1920
2025-10-10 06:45:27,799 [INFO] Época 12/30, Batch 1650/3348, Loss: 0.1855
2025-10-10 06:45:28,069 [INFO] Época 12/30, Batch 1700/3348, Loss: 0.1594
2025-10-10 06:45:28,340 [INFO] Época 12/30, Batch 1750/3348, Loss: 0.3643
2025-10-10 06:45:28,610 [INFO] Época 12/30, Batch 1800/3348, Loss: 0.2819
2025-10-10 06:45:28,880 [INFO] Época 12/30, Batch 1850/3348, Loss: 0.1608
2025-10-10 06:45:29,150 [INFO] Época 12/30, Batch 1900/3348, Loss: 0.1797
2025-10-10 06:45:29,420 [INFO] Época 12/30, Batch 1950/3348, Loss: 0.2615
2025-10-10 06:45:29,690 [INFO] Época 12/30, Batch 2000/3348, Loss: 0.2593
2025-10-10 06:45:29,962 [INFO] Época 12/30, Batch 2050/3348, Loss: 0.1157
2025-10-10 06:45:30,241 [INFO] Época 12/30, Batch 2100/3348, Loss: 0.1893
2025-10-10 06:45:30,511 [INFO] Época 12/30, Batch 2150/3348, Loss: 0.1995
2025-10-10 06:45:30,780 [INFO] Época 12/30, Batch 2200/3348, Loss: 0.1981
2025-10-10 06:45:31,051 [INFO] Época 12/30, Batch 2250/3348, Loss: 0.3222
2025-10-10 06:45:31,322 [INFO] Época 12/30, Batch 2300/3348, Loss: 0.3596
2025-10-10 06:45:31,591 [INFO] Época 12/30, Batch 2350/3348, Loss: 0.2273
2025-10-10 06:45:31,852 [INFO] Época 12/30, Batch 2400/3348, Loss: 0.3297
2025-10-10 06:45:32,114 [INFO] Época 12/30, Batch 2450/3348, Loss: 0.2177
2025-10-10 06:45:32,373 [INFO] Época 12/30, Batch 2500/3348, Loss: 0.3967
2025-10-10 06:45:32,635 [INFO] Época 12/30, Batch 2550/3348, Loss: 0.2162
2025-10-10 06:45:32,894 [INFO] Época 12/30, Batch 2600/3348, Loss: 0.1879
2025-10-10 06:45:33,154 [INFO] Época 12/30, Batch 2650/3348, Loss: 0.2527
2025-10-10 06:45:33,413 [INFO] Época 12/30, Batch 2700/3348, Loss: 0.2845
2025-10-10 06:45:33,673 [INFO] Época 12/30, Batch 2750/3348, Loss: 0.3360
2025-10-10 06:45:33,932 [INFO] Época 12/30, Batch 2800/3348, Loss: 0.1358
2025-10-10 06:45:34,193 [INFO] Época 12/30, Batch 2850/3348, Loss: 0.2452
2025-10-10 06:45:34,453 [INFO] Época 12/30, Batch 2900/3348, Loss: 0.2130
2025-10-10 06:45:34,712 [INFO] Época 12/30, Batch 2950/3348, Loss: 0.3354
2025-10-10 06:45:34,970 [INFO] Época 12/30, Batch 3000/3348, Loss: 0.2825
2025-10-10 06:45:35,237 [INFO] Época 12/30, Batch 3050/3348, Loss: 0.1925
2025-10-10 06:45:35,493 [INFO] Época 12/30, Batch 3100/3348, Loss: 0.3256
2025-10-10 06:45:35,748 [INFO] Época 12/30, Batch 3150/3348, Loss: 0.2754
2025-10-10 06:45:36,003 [INFO] Época 12/30, Batch 3200/3348, Loss: 0.2761
2025-10-10 06:45:36,270 [INFO] Época 12/30, Batch 3250/3348, Loss: 0.2840
2025-10-10 06:45:36,538 [INFO] Época 12/30, Batch 3300/3348, Loss: 0.2394
2025-10-10 06:45:38,451 [INFO] [12/30] Train Loss: 0.2215 | Val Loss: 0.4810 | Tempo: 19.69s
2025-10-10 06:45:39,044 [INFO] Época 13/30, Batch 50/3348, Loss: 0.2093
2025-10-10 06:45:39,314 [INFO] Época 13/30, Batch 100/3348, Loss: 0.2216
2025-10-10 06:45:39,581 [INFO] Época 13/30, Batch 150/3348, Loss: 0.2798
2025-10-10 06:45:39,852 [INFO] Época 13/30, Batch 200/3348, Loss: 0.2648
2025-10-10 06:45:40,122 [INFO] Época 13/30, Batch 250/3348, Loss: 0.1543
2025-10-10 06:45:40,396 [INFO] Época 13/30, Batch 300/3348, Loss: 0.2567
2025-10-10 06:45:40,662 [INFO] Época 13/30, Batch 350/3348, Loss: 0.1438
2025-10-10 06:45:40,927 [INFO] Época 13/30, Batch 400/3348, Loss: 0.3271
2025-10-10 06:45:41,192 [INFO] Época 13/30, Batch 450/3348, Loss: 0.2802
2025-10-10 06:45:41,454 [INFO] Época 13/30, Batch 500/3348, Loss: 0.2897
2025-10-10 06:45:41,721 [INFO] Época 13/30, Batch 550/3348, Loss: 0.1745
2025-10-10 06:45:41,985 [INFO] Época 13/30, Batch 600/3348, Loss: 0.2321
2025-10-10 06:45:42,250 [INFO] Época 13/30, Batch 650/3348, Loss: 0.1456
2025-10-10 06:45:42,514 [INFO] Época 13/30, Batch 700/3348, Loss: 0.2172
2025-10-10 06:45:42,772 [INFO] Época 13/30, Batch 750/3348, Loss: 0.2200
2025-10-10 06:45:43,028 [INFO] Época 13/30, Batch 800/3348, Loss: 0.2127
2025-10-10 06:45:43,281 [INFO] Época 13/30, Batch 850/3348, Loss: 0.1866
2025-10-10 06:45:43,535 [INFO] Época 13/30, Batch 900/3348, Loss: 0.1943
2025-10-10 06:45:43,789 [INFO] Época 13/30, Batch 950/3348, Loss: 0.1873
2025-10-10 06:45:44,044 [INFO] Época 13/30, Batch 1000/3348, Loss: 0.1992
2025-10-10 06:45:44,300 [INFO] Época 13/30, Batch 1050/3348, Loss: 0.2858
2025-10-10 06:45:44,556 [INFO] Época 13/30, Batch 1100/3348, Loss: 0.2333
2025-10-10 06:45:44,820 [INFO] Época 13/30, Batch 1150/3348, Loss: 0.2524
2025-10-10 06:45:45,082 [INFO] Época 13/30, Batch 1200/3348, Loss: 0.1922
2025-10-10 06:45:45,345 [INFO] Época 13/30, Batch 1250/3348, Loss: 0.2554
2025-10-10 06:45:45,621 [INFO] Época 13/30, Batch 1300/3348, Loss: 0.3193
2025-10-10 06:45:45,885 [INFO] Época 13/30, Batch 1350/3348, Loss: 0.1370
2025-10-10 06:45:46,149 [INFO] Época 13/30, Batch 1400/3348, Loss: 0.2234
2025-10-10 06:45:46,416 [INFO] Época 13/30, Batch 1450/3348, Loss: 0.1930
2025-10-10 06:45:46,680 [INFO] Época 13/30, Batch 1500/3348, Loss: 0.2587
2025-10-10 06:45:46,945 [INFO] Época 13/30, Batch 1550/3348, Loss: 0.2319
2025-10-10 06:45:47,210 [INFO] Época 13/30, Batch 1600/3348, Loss: 0.1824
2025-10-10 06:45:47,474 [INFO] Época 13/30, Batch 1650/3348, Loss: 0.1633
2025-10-10 06:45:47,740 [INFO] Época 13/30, Batch 1700/3348, Loss: 0.2381
2025-10-10 06:45:48,004 [INFO] Época 13/30, Batch 1750/3348, Loss: 0.2833
2025-10-10 06:45:48,271 [INFO] Época 13/30, Batch 1800/3348, Loss: 0.1984
2025-10-10 06:45:48,537 [INFO] Época 13/30, Batch 1850/3348, Loss: 0.2121
2025-10-10 06:45:48,806 [INFO] Época 13/30, Batch 1900/3348, Loss: 0.2813
2025-10-10 06:45:49,068 [INFO] Época 13/30, Batch 1950/3348, Loss: 0.1732
2025-10-10 06:45:49,332 [INFO] Época 13/30, Batch 2000/3348, Loss: 0.0646
2025-10-10 06:45:49,596 [INFO] Época 13/30, Batch 2050/3348, Loss: 0.2805
2025-10-10 06:45:49,860 [INFO] Época 13/30, Batch 2100/3348, Loss: 0.2181
2025-10-10 06:45:50,123 [INFO] Época 13/30, Batch 2150/3348, Loss: 0.3090
2025-10-10 06:45:50,386 [INFO] Época 13/30, Batch 2200/3348, Loss: 0.2165
2025-10-10 06:45:50,660 [INFO] Época 13/30, Batch 2250/3348, Loss: 0.2320
2025-10-10 06:45:50,924 [INFO] Época 13/30, Batch 2300/3348, Loss: 0.1103
2025-10-10 06:45:51,189 [INFO] Época 13/30, Batch 2350/3348, Loss: 0.2544
2025-10-10 06:45:51,454 [INFO] Época 13/30, Batch 2400/3348, Loss: 0.2670
2025-10-10 06:45:51,718 [INFO] Época 13/30, Batch 2450/3348, Loss: 0.2253
2025-10-10 06:45:51,981 [INFO] Época 13/30, Batch 2500/3348, Loss: 0.2528
2025-10-10 06:45:52,243 [INFO] Época 13/30, Batch 2550/3348, Loss: 0.3023
2025-10-10 06:45:52,508 [INFO] Época 13/30, Batch 2600/3348, Loss: 0.1348
2025-10-10 06:45:52,771 [INFO] Época 13/30, Batch 2650/3348, Loss: 0.1789
2025-10-10 06:45:53,035 [INFO] Época 13/30, Batch 2700/3348, Loss: 0.0928
2025-10-10 06:45:53,299 [INFO] Época 13/30, Batch 2750/3348, Loss: 0.1115
2025-10-10 06:45:53,562 [INFO] Época 13/30, Batch 2800/3348, Loss: 0.1646
2025-10-10 06:45:53,827 [INFO] Época 13/30, Batch 2850/3348, Loss: 0.2564
2025-10-10 06:45:54,091 [INFO] Época 13/30, Batch 2900/3348, Loss: 0.2103
2025-10-10 06:45:54,355 [INFO] Época 13/30, Batch 2950/3348, Loss: 0.3312
2025-10-10 06:45:54,619 [INFO] Época 13/30, Batch 3000/3348, Loss: 0.3101
2025-10-10 06:45:54,882 [INFO] Época 13/30, Batch 3050/3348, Loss: 0.2460
2025-10-10 06:45:55,148 [INFO] Época 13/30, Batch 3100/3348, Loss: 0.2633
2025-10-10 06:45:55,413 [INFO] Época 13/30, Batch 3150/3348, Loss: 0.1973
2025-10-10 06:45:55,688 [INFO] Época 13/30, Batch 3200/3348, Loss: 0.2084
2025-10-10 06:45:55,952 [INFO] Época 13/30, Batch 3250/3348, Loss: 0.1999
2025-10-10 06:45:56,219 [INFO] Época 13/30, Batch 3300/3348, Loss: 0.1610
2025-10-10 06:45:58,101 [INFO] [13/30] Train Loss: 0.2170 | Val Loss: 0.4408 | Tempo: 19.65s
2025-10-10 06:45:58,700 [INFO] Época 14/30, Batch 50/3348, Loss: 0.2792
2025-10-10 06:45:58,981 [INFO] Época 14/30, Batch 100/3348, Loss: 0.2706
2025-10-10 06:45:59,256 [INFO] Época 14/30, Batch 150/3348, Loss: 0.1442
2025-10-10 06:45:59,531 [INFO] Época 14/30, Batch 200/3348, Loss: 0.2436
2025-10-10 06:45:59,803 [INFO] Época 14/30, Batch 250/3348, Loss: 0.2425
2025-10-10 06:46:00,077 [INFO] Época 14/30, Batch 300/3348, Loss: 0.2721
2025-10-10 06:46:00,349 [INFO] Época 14/30, Batch 350/3348, Loss: 0.1828
2025-10-10 06:46:00,621 [INFO] Época 14/30, Batch 400/3348, Loss: 0.1254
2025-10-10 06:46:00,892 [INFO] Época 14/30, Batch 450/3348, Loss: 0.1709
2025-10-10 06:46:01,157 [INFO] Época 14/30, Batch 500/3348, Loss: 0.2255
2025-10-10 06:46:01,420 [INFO] Época 14/30, Batch 550/3348, Loss: 0.1834
2025-10-10 06:46:01,684 [INFO] Época 14/30, Batch 600/3348, Loss: 0.2351
2025-10-10 06:46:01,947 [INFO] Época 14/30, Batch 650/3348, Loss: 0.1858
2025-10-10 06:46:02,200 [INFO] Época 14/30, Batch 700/3348, Loss: 0.1746
2025-10-10 06:46:02,454 [INFO] Época 14/30, Batch 750/3348, Loss: 0.2560
2025-10-10 06:46:02,711 [INFO] Época 14/30, Batch 800/3348, Loss: 0.3115
2025-10-10 06:46:02,975 [INFO] Época 14/30, Batch 850/3348, Loss: 0.1773
2025-10-10 06:46:03,237 [INFO] Época 14/30, Batch 900/3348, Loss: 0.2153
2025-10-10 06:46:03,499 [INFO] Época 14/30, Batch 950/3348, Loss: 0.2036
2025-10-10 06:46:03,762 [INFO] Época 14/30, Batch 1000/3348, Loss: 0.2059
2025-10-10 06:46:04,024 [INFO] Época 14/30, Batch 1050/3348, Loss: 0.1809
2025-10-10 06:46:04,287 [INFO] Época 14/30, Batch 1100/3348, Loss: 0.1577
2025-10-10 06:46:04,548 [INFO] Época 14/30, Batch 1150/3348, Loss: 0.1111
2025-10-10 06:46:04,812 [INFO] Época 14/30, Batch 1200/3348, Loss: 0.1955
2025-10-10 06:46:05,074 [INFO] Época 14/30, Batch 1250/3348, Loss: 0.2450
2025-10-10 06:46:05,339 [INFO] Época 14/30, Batch 1300/3348, Loss: 0.1819
2025-10-10 06:46:05,606 [INFO] Época 14/30, Batch 1350/3348, Loss: 0.1780
2025-10-10 06:46:05,870 [INFO] Época 14/30, Batch 1400/3348, Loss: 0.3260
2025-10-10 06:46:06,135 [INFO] Época 14/30, Batch 1450/3348, Loss: 0.2242
2025-10-10 06:46:06,398 [INFO] Época 14/30, Batch 1500/3348, Loss: 0.3221
2025-10-10 06:46:06,661 [INFO] Época 14/30, Batch 1550/3348, Loss: 0.1534
2025-10-10 06:46:06,926 [INFO] Época 14/30, Batch 1600/3348, Loss: 0.1645
2025-10-10 06:46:07,189 [INFO] Época 14/30, Batch 1650/3348, Loss: 0.1035
2025-10-10 06:46:07,452 [INFO] Época 14/30, Batch 1700/3348, Loss: 0.2269
2025-10-10 06:46:07,715 [INFO] Época 14/30, Batch 1750/3348, Loss: 0.2491
2025-10-10 06:46:07,977 [INFO] Época 14/30, Batch 1800/3348, Loss: 0.2334
2025-10-10 06:46:08,239 [INFO] Época 14/30, Batch 1850/3348, Loss: 0.1578
2025-10-10 06:46:08,502 [INFO] Época 14/30, Batch 1900/3348, Loss: 0.1482
2025-10-10 06:46:08,768 [INFO] Época 14/30, Batch 1950/3348, Loss: 0.1704
2025-10-10 06:46:09,038 [INFO] Época 14/30, Batch 2000/3348, Loss: 0.1952
2025-10-10 06:46:09,309 [INFO] Época 14/30, Batch 2050/3348, Loss: 0.2676
2025-10-10 06:46:09,581 [INFO] Época 14/30, Batch 2100/3348, Loss: 0.2391
2025-10-10 06:46:09,844 [INFO] Época 14/30, Batch 2150/3348, Loss: 0.1775
2025-10-10 06:46:10,108 [INFO] Época 14/30, Batch 2200/3348, Loss: 0.2712
2025-10-10 06:46:10,369 [INFO] Época 14/30, Batch 2250/3348, Loss: 0.2102
2025-10-10 06:46:10,629 [INFO] Época 14/30, Batch 2300/3348, Loss: 0.1989
2025-10-10 06:46:10,906 [INFO] Época 14/30, Batch 2350/3348, Loss: 0.2943
2025-10-10 06:46:11,198 [INFO] Época 14/30, Batch 2400/3348, Loss: 0.1931
2025-10-10 06:46:11,478 [INFO] Época 14/30, Batch 2450/3348, Loss: 0.1681
2025-10-10 06:46:11,750 [INFO] Época 14/30, Batch 2500/3348, Loss: 0.2198
2025-10-10 06:46:12,012 [INFO] Época 14/30, Batch 2550/3348, Loss: 0.1615
2025-10-10 06:46:12,274 [INFO] Época 14/30, Batch 2600/3348, Loss: 0.1105
2025-10-10 06:46:12,538 [INFO] Época 14/30, Batch 2650/3348, Loss: 0.1314
2025-10-10 06:46:12,803 [INFO] Época 14/30, Batch 2700/3348, Loss: 0.1772
2025-10-10 06:46:13,068 [INFO] Época 14/30, Batch 2750/3348, Loss: 0.2404
2025-10-10 06:46:13,330 [INFO] Época 14/30, Batch 2800/3348, Loss: 0.2702
2025-10-10 06:46:13,592 [INFO] Época 14/30, Batch 2850/3348, Loss: 0.1663
2025-10-10 06:46:13,857 [INFO] Época 14/30, Batch 2900/3348, Loss: 0.3449
2025-10-10 06:46:14,119 [INFO] Época 14/30, Batch 2950/3348, Loss: 0.2050
2025-10-10 06:46:14,380 [INFO] Época 14/30, Batch 3000/3348, Loss: 0.2514
2025-10-10 06:46:14,642 [INFO] Época 14/30, Batch 3050/3348, Loss: 0.2990
2025-10-10 06:46:14,906 [INFO] Época 14/30, Batch 3100/3348, Loss: 0.2921
2025-10-10 06:46:15,171 [INFO] Época 14/30, Batch 3150/3348, Loss: 0.1663
2025-10-10 06:46:15,432 [INFO] Época 14/30, Batch 3200/3348, Loss: 0.2012
2025-10-10 06:46:15,693 [INFO] Época 14/30, Batch 3250/3348, Loss: 0.2213
2025-10-10 06:46:15,957 [INFO] Época 14/30, Batch 3300/3348, Loss: 0.1818
2025-10-10 06:46:17,748 [INFO] [14/30] Train Loss: 0.2121 | Val Loss: 0.4646 | Tempo: 19.65s
2025-10-10 06:46:18,329 [INFO] Época 15/30, Batch 50/3348, Loss: 0.1718
2025-10-10 06:46:18,600 [INFO] Época 15/30, Batch 100/3348, Loss: 0.3698
2025-10-10 06:46:18,867 [INFO] Época 15/30, Batch 150/3348, Loss: 0.1924
2025-10-10 06:46:19,133 [INFO] Época 15/30, Batch 200/3348, Loss: 0.2302
2025-10-10 06:46:19,397 [INFO] Época 15/30, Batch 250/3348, Loss: 0.1702
2025-10-10 06:46:19,663 [INFO] Época 15/30, Batch 300/3348, Loss: 0.1213
2025-10-10 06:46:19,927 [INFO] Época 15/30, Batch 350/3348, Loss: 0.1073
2025-10-10 06:46:20,190 [INFO] Época 15/30, Batch 400/3348, Loss: 0.2265
2025-10-10 06:46:20,453 [INFO] Época 15/30, Batch 450/3348, Loss: 0.1526
2025-10-10 06:46:20,716 [INFO] Época 15/30, Batch 500/3348, Loss: 0.3039
2025-10-10 06:46:20,980 [INFO] Época 15/30, Batch 550/3348, Loss: 0.1690
2025-10-10 06:46:21,243 [INFO] Época 15/30, Batch 600/3348, Loss: 0.1302
2025-10-10 06:46:21,505 [INFO] Época 15/30, Batch 650/3348, Loss: 0.1535
2025-10-10 06:46:21,766 [INFO] Época 15/30, Batch 700/3348, Loss: 0.1720
2025-10-10 06:46:22,026 [INFO] Época 15/30, Batch 750/3348, Loss: 0.2639
2025-10-10 06:46:22,288 [INFO] Época 15/30, Batch 800/3348, Loss: 0.1803
2025-10-10 06:46:22,550 [INFO] Época 15/30, Batch 850/3348, Loss: 0.1516
2025-10-10 06:46:22,811 [INFO] Época 15/30, Batch 900/3348, Loss: 0.2047
2025-10-10 06:46:23,071 [INFO] Época 15/30, Batch 950/3348, Loss: 0.3721
2025-10-10 06:46:23,330 [INFO] Época 15/30, Batch 1000/3348, Loss: 0.2339
2025-10-10 06:46:23,588 [INFO] Época 15/30, Batch 1050/3348, Loss: 0.1978
2025-10-10 06:46:23,849 [INFO] Época 15/30, Batch 1100/3348, Loss: 0.1260
2025-10-10 06:46:24,113 [INFO] Época 15/30, Batch 1150/3348, Loss: 0.1753
2025-10-10 06:46:24,375 [INFO] Época 15/30, Batch 1200/3348, Loss: 0.1114
2025-10-10 06:46:24,638 [INFO] Época 15/30, Batch 1250/3348, Loss: 0.2050
2025-10-10 06:46:24,899 [INFO] Época 15/30, Batch 1300/3348, Loss: 0.1357
2025-10-10 06:46:25,161 [INFO] Época 15/30, Batch 1350/3348, Loss: 0.2852
2025-10-10 06:46:25,423 [INFO] Época 15/30, Batch 1400/3348, Loss: 0.1458
2025-10-10 06:46:25,685 [INFO] Época 15/30, Batch 1450/3348, Loss: 0.2863
2025-10-10 06:46:25,946 [INFO] Época 15/30, Batch 1500/3348, Loss: 0.1822
2025-10-10 06:46:26,207 [INFO] Época 15/30, Batch 1550/3348, Loss: 0.1132
2025-10-10 06:46:26,478 [INFO] Época 15/30, Batch 1600/3348, Loss: 0.2382
2025-10-10 06:46:26,744 [INFO] Época 15/30, Batch 1650/3348, Loss: 0.2566
2025-10-10 06:46:27,005 [INFO] Época 15/30, Batch 1700/3348, Loss: 0.1280
2025-10-10 06:46:27,268 [INFO] Época 15/30, Batch 1750/3348, Loss: 0.3066
2025-10-10 06:46:27,530 [INFO] Época 15/30, Batch 1800/3348, Loss: 0.2195
2025-10-10 06:46:27,791 [INFO] Época 15/30, Batch 1850/3348, Loss: 0.2249
2025-10-10 06:46:28,054 [INFO] Época 15/30, Batch 1900/3348, Loss: 0.2918
2025-10-10 06:46:28,315 [INFO] Época 15/30, Batch 1950/3348, Loss: 0.2448
2025-10-10 06:46:28,576 [INFO] Época 15/30, Batch 2000/3348, Loss: 0.2361
2025-10-10 06:46:28,836 [INFO] Época 15/30, Batch 2050/3348, Loss: 0.2951
2025-10-10 06:46:29,097 [INFO] Época 15/30, Batch 2100/3348, Loss: 0.1570
2025-10-10 06:46:29,359 [INFO] Época 15/30, Batch 2150/3348, Loss: 0.1705
2025-10-10 06:46:29,620 [INFO] Época 15/30, Batch 2200/3348, Loss: 0.2087
2025-10-10 06:46:29,883 [INFO] Época 15/30, Batch 2250/3348, Loss: 0.1541
2025-10-10 06:46:30,145 [INFO] Época 15/30, Batch 2300/3348, Loss: 0.2020
2025-10-10 06:46:30,408 [INFO] Época 15/30, Batch 2350/3348, Loss: 0.2190
2025-10-10 06:46:30,671 [INFO] Época 15/30, Batch 2400/3348, Loss: 0.1836
2025-10-10 06:46:30,931 [INFO] Época 15/30, Batch 2450/3348, Loss: 0.1545
2025-10-10 06:46:31,191 [INFO] Época 15/30, Batch 2500/3348, Loss: 0.1461
2025-10-10 06:46:31,452 [INFO] Época 15/30, Batch 2550/3348, Loss: 0.1702
2025-10-10 06:46:31,723 [INFO] Época 15/30, Batch 2600/3348, Loss: 0.2376
2025-10-10 06:46:31,985 [INFO] Época 15/30, Batch 2650/3348, Loss: 0.1067
2025-10-10 06:46:32,244 [INFO] Época 15/30, Batch 2700/3348, Loss: 0.3492
2025-10-10 06:46:32,507 [INFO] Época 15/30, Batch 2750/3348, Loss: 0.1371
2025-10-10 06:46:32,769 [INFO] Época 15/30, Batch 2800/3348, Loss: 0.1838
2025-10-10 06:46:33,030 [INFO] Época 15/30, Batch 2850/3348, Loss: 0.1358
2025-10-10 06:46:33,289 [INFO] Época 15/30, Batch 2900/3348, Loss: 0.1301
2025-10-10 06:46:33,550 [INFO] Época 15/30, Batch 2950/3348, Loss: 0.1776
2025-10-10 06:46:33,812 [INFO] Época 15/30, Batch 3000/3348, Loss: 0.2529
2025-10-10 06:46:34,073 [INFO] Época 15/30, Batch 3050/3348, Loss: 0.1807
2025-10-10 06:46:34,335 [INFO] Época 15/30, Batch 3100/3348, Loss: 0.2231
2025-10-10 06:46:34,597 [INFO] Época 15/30, Batch 3150/3348, Loss: 0.1710
2025-10-10 06:46:34,858 [INFO] Época 15/30, Batch 3200/3348, Loss: 0.1350
2025-10-10 06:46:35,119 [INFO] Época 15/30, Batch 3250/3348, Loss: 0.2155
2025-10-10 06:46:35,381 [INFO] Época 15/30, Batch 3300/3348, Loss: 0.1806
2025-10-10 06:46:37,137 [INFO] [15/30] Train Loss: 0.2085 | Val Loss: 0.4528 | Tempo: 19.39s
2025-10-10 06:46:37,720 [INFO] Época 16/30, Batch 50/3348, Loss: 0.2352
2025-10-10 06:46:37,990 [INFO] Época 16/30, Batch 100/3348, Loss: 0.1351
2025-10-10 06:46:38,259 [INFO] Época 16/30, Batch 150/3348, Loss: 0.1766
2025-10-10 06:46:38,523 [INFO] Época 16/30, Batch 200/3348, Loss: 0.0898
2025-10-10 06:46:38,788 [INFO] Época 16/30, Batch 250/3348, Loss: 0.1439
2025-10-10 06:46:39,052 [INFO] Época 16/30, Batch 300/3348, Loss: 0.1610
2025-10-10 06:46:39,315 [INFO] Época 16/30, Batch 350/3348, Loss: 0.2117
2025-10-10 06:46:39,579 [INFO] Época 16/30, Batch 400/3348, Loss: 0.1191
2025-10-10 06:46:39,841 [INFO] Época 16/30, Batch 450/3348, Loss: 0.2175
2025-10-10 06:46:40,103 [INFO] Época 16/30, Batch 500/3348, Loss: 0.1925
2025-10-10 06:46:40,366 [INFO] Época 16/30, Batch 550/3348, Loss: 0.1982
2025-10-10 06:46:40,629 [INFO] Época 16/30, Batch 600/3348, Loss: 0.1604
2025-10-10 06:46:40,893 [INFO] Época 16/30, Batch 650/3348, Loss: 0.1753
2025-10-10 06:46:41,154 [INFO] Época 16/30, Batch 700/3348, Loss: 0.2724
2025-10-10 06:46:41,409 [INFO] Época 16/30, Batch 750/3348, Loss: 0.1091
2025-10-10 06:46:41,666 [INFO] Época 16/30, Batch 800/3348, Loss: 0.1589
2025-10-10 06:46:41,925 [INFO] Época 16/30, Batch 850/3348, Loss: 0.1943
2025-10-10 06:46:42,186 [INFO] Época 16/30, Batch 900/3348, Loss: 0.1952
2025-10-10 06:46:42,449 [INFO] Época 16/30, Batch 950/3348, Loss: 0.1642
2025-10-10 06:46:42,710 [INFO] Época 16/30, Batch 1000/3348, Loss: 0.2131
2025-10-10 06:46:42,972 [INFO] Época 16/30, Batch 1050/3348, Loss: 0.1475
2025-10-10 06:46:43,234 [INFO] Época 16/30, Batch 1100/3348, Loss: 0.2166
2025-10-10 06:46:43,495 [INFO] Época 16/30, Batch 1150/3348, Loss: 0.3177
2025-10-10 06:46:43,757 [INFO] Época 16/30, Batch 1200/3348, Loss: 0.1242
2025-10-10 06:46:44,021 [INFO] Época 16/30, Batch 1250/3348, Loss: 0.0804
2025-10-10 06:46:44,286 [INFO] Época 16/30, Batch 1300/3348, Loss: 0.3241
2025-10-10 06:46:44,551 [INFO] Época 16/30, Batch 1350/3348, Loss: 0.2247
2025-10-10 06:46:44,816 [INFO] Época 16/30, Batch 1400/3348, Loss: 0.1862
2025-10-10 06:46:45,083 [INFO] Época 16/30, Batch 1450/3348, Loss: 0.2280
2025-10-10 06:46:45,349 [INFO] Época 16/30, Batch 1500/3348, Loss: 0.1949
2025-10-10 06:46:45,615 [INFO] Época 16/30, Batch 1550/3348, Loss: 0.1569
2025-10-10 06:46:45,880 [INFO] Época 16/30, Batch 1600/3348, Loss: 0.1559
2025-10-10 06:46:46,144 [INFO] Época 16/30, Batch 1650/3348, Loss: 0.3418
2025-10-10 06:46:46,410 [INFO] Época 16/30, Batch 1700/3348, Loss: 0.2270
2025-10-10 06:46:46,678 [INFO] Época 16/30, Batch 1750/3348, Loss: 0.3352
2025-10-10 06:46:46,943 [INFO] Época 16/30, Batch 1800/3348, Loss: 0.1057
2025-10-10 06:46:47,208 [INFO] Época 16/30, Batch 1850/3348, Loss: 0.1010
2025-10-10 06:46:47,482 [INFO] Época 16/30, Batch 1900/3348, Loss: 0.2805
2025-10-10 06:46:47,746 [INFO] Época 16/30, Batch 1950/3348, Loss: 0.3787
2025-10-10 06:46:48,010 [INFO] Época 16/30, Batch 2000/3348, Loss: 0.2308
2025-10-10 06:46:48,275 [INFO] Época 16/30, Batch 2050/3348, Loss: 0.1986
2025-10-10 06:46:48,540 [INFO] Época 16/30, Batch 2100/3348, Loss: 0.2120
2025-10-10 06:46:48,804 [INFO] Época 16/30, Batch 2150/3348, Loss: 0.2182
2025-10-10 06:46:49,069 [INFO] Época 16/30, Batch 2200/3348, Loss: 0.1878
2025-10-10 06:46:49,334 [INFO] Época 16/30, Batch 2250/3348, Loss: 0.2074
2025-10-10 06:46:49,597 [INFO] Época 16/30, Batch 2300/3348, Loss: 0.1985
2025-10-10 06:46:49,859 [INFO] Época 16/30, Batch 2350/3348, Loss: 0.2121
2025-10-10 06:46:50,121 [INFO] Época 16/30, Batch 2400/3348, Loss: 0.1546
2025-10-10 06:46:50,385 [INFO] Época 16/30, Batch 2450/3348, Loss: 0.2370
2025-10-10 06:46:50,646 [INFO] Época 16/30, Batch 2500/3348, Loss: 0.2100
2025-10-10 06:46:50,909 [INFO] Época 16/30, Batch 2550/3348, Loss: 0.1443
2025-10-10 06:46:51,170 [INFO] Época 16/30, Batch 2600/3348, Loss: 0.2736
2025-10-10 06:46:51,434 [INFO] Época 16/30, Batch 2650/3348, Loss: 0.2013
2025-10-10 06:46:51,706 [INFO] Época 16/30, Batch 2700/3348, Loss: 0.1642
2025-10-10 06:46:51,988 [INFO] Época 16/30, Batch 2750/3348, Loss: 0.2082
2025-10-10 06:46:52,270 [INFO] Época 16/30, Batch 2800/3348, Loss: 0.2178
2025-10-10 06:46:52,542 [INFO] Época 16/30, Batch 2850/3348, Loss: 0.2363
2025-10-10 06:46:52,810 [INFO] Época 16/30, Batch 2900/3348, Loss: 0.1240
2025-10-10 06:46:53,078 [INFO] Época 16/30, Batch 2950/3348, Loss: 0.2701
2025-10-10 06:46:53,341 [INFO] Época 16/30, Batch 3000/3348, Loss: 0.1316
2025-10-10 06:46:53,604 [INFO] Época 16/30, Batch 3050/3348, Loss: 0.2019
2025-10-10 06:46:53,871 [INFO] Época 16/30, Batch 3100/3348, Loss: 0.2599
2025-10-10 06:46:54,134 [INFO] Época 16/30, Batch 3150/3348, Loss: 0.2116
2025-10-10 06:46:54,398 [INFO] Época 16/30, Batch 3200/3348, Loss: 0.2316
2025-10-10 06:46:54,661 [INFO] Época 16/30, Batch 3250/3348, Loss: 0.2253
2025-10-10 06:46:54,927 [INFO] Época 16/30, Batch 3300/3348, Loss: 0.2527
2025-10-10 06:46:56,798 [INFO] [16/30] Train Loss: 0.2038 | Val Loss: 0.4372 | Tempo: 19.66s
2025-10-10 06:46:57,380 [INFO] Época 17/30, Batch 50/3348, Loss: 0.1404
2025-10-10 06:46:57,650 [INFO] Época 17/30, Batch 100/3348, Loss: 0.2278
2025-10-10 06:46:57,914 [INFO] Época 17/30, Batch 150/3348, Loss: 0.2267
2025-10-10 06:46:58,179 [INFO] Época 17/30, Batch 200/3348, Loss: 0.1232
2025-10-10 06:46:58,440 [INFO] Época 17/30, Batch 250/3348, Loss: 0.0889
2025-10-10 06:46:58,703 [INFO] Época 17/30, Batch 300/3348, Loss: 0.2087
2025-10-10 06:46:58,963 [INFO] Época 17/30, Batch 350/3348, Loss: 0.2066
2025-10-10 06:46:59,225 [INFO] Época 17/30, Batch 400/3348, Loss: 0.1986
2025-10-10 06:46:59,487 [INFO] Época 17/30, Batch 450/3348, Loss: 0.1854
2025-10-10 06:46:59,750 [INFO] Época 17/30, Batch 500/3348, Loss: 0.2950
2025-10-10 06:47:00,014 [INFO] Época 17/30, Batch 550/3348, Loss: 0.2577
2025-10-10 06:47:00,275 [INFO] Época 17/30, Batch 600/3348, Loss: 0.2585
2025-10-10 06:47:00,539 [INFO] Época 17/30, Batch 650/3348, Loss: 0.1388
2025-10-10 06:47:00,804 [INFO] Época 17/30, Batch 700/3348, Loss: 0.1905
2025-10-10 06:47:01,055 [INFO] Época 17/30, Batch 750/3348, Loss: 0.2709
2025-10-10 06:47:01,305 [INFO] Época 17/30, Batch 800/3348, Loss: 0.2126
2025-10-10 06:47:01,556 [INFO] Época 17/30, Batch 850/3348, Loss: 0.1289
2025-10-10 06:47:01,807 [INFO] Época 17/30, Batch 900/3348, Loss: 0.1768
2025-10-10 06:47:02,071 [INFO] Época 17/30, Batch 950/3348, Loss: 0.1808
2025-10-10 06:47:02,334 [INFO] Época 17/30, Batch 1000/3348, Loss: 0.0987
2025-10-10 06:47:02,597 [INFO] Época 17/30, Batch 1050/3348, Loss: 0.2146
2025-10-10 06:47:02,874 [INFO] Época 17/30, Batch 1100/3348, Loss: 0.2662
2025-10-10 06:47:03,143 [INFO] Época 17/30, Batch 1150/3348, Loss: 0.2068
2025-10-10 06:47:03,411 [INFO] Época 17/30, Batch 1200/3348, Loss: 0.1780
2025-10-10 06:47:03,677 [INFO] Época 17/30, Batch 1250/3348, Loss: 0.1397
2025-10-10 06:47:03,943 [INFO] Época 17/30, Batch 1300/3348, Loss: 0.2014
2025-10-10 06:47:04,206 [INFO] Época 17/30, Batch 1350/3348, Loss: 0.1767
2025-10-10 06:47:04,469 [INFO] Época 17/30, Batch 1400/3348, Loss: 0.1526
2025-10-10 06:47:04,733 [INFO] Época 17/30, Batch 1450/3348, Loss: 0.2080
2025-10-10 06:47:04,998 [INFO] Época 17/30, Batch 1500/3348, Loss: 0.1505
2025-10-10 06:47:05,261 [INFO] Época 17/30, Batch 1550/3348, Loss: 0.2580
2025-10-10 06:47:05,523 [INFO] Época 17/30, Batch 1600/3348, Loss: 0.3067
2025-10-10 06:47:05,787 [INFO] Época 17/30, Batch 1650/3348, Loss: 0.2617
2025-10-10 06:47:06,051 [INFO] Época 17/30, Batch 1700/3348, Loss: 0.2176
2025-10-10 06:47:06,313 [INFO] Época 17/30, Batch 1750/3348, Loss: 0.2720
2025-10-10 06:47:06,575 [INFO] Época 17/30, Batch 1800/3348, Loss: 0.3244
2025-10-10 06:47:06,838 [INFO] Época 17/30, Batch 1850/3348, Loss: 0.1779
2025-10-10 06:47:07,100 [INFO] Época 17/30, Batch 1900/3348, Loss: 0.1735
2025-10-10 06:47:07,363 [INFO] Época 17/30, Batch 1950/3348, Loss: 0.2970
2025-10-10 06:47:07,626 [INFO] Época 17/30, Batch 2000/3348, Loss: 0.0776
2025-10-10 06:47:07,890 [INFO] Época 17/30, Batch 2050/3348, Loss: 0.3250
2025-10-10 06:47:08,152 [INFO] Época 17/30, Batch 2100/3348, Loss: 0.2423
2025-10-10 06:47:08,415 [INFO] Época 17/30, Batch 2150/3348, Loss: 0.1937
2025-10-10 06:47:08,678 [INFO] Época 17/30, Batch 2200/3348, Loss: 0.1910
2025-10-10 06:47:08,940 [INFO] Época 17/30, Batch 2250/3348, Loss: 0.2890
2025-10-10 06:47:09,203 [INFO] Época 17/30, Batch 2300/3348, Loss: 0.1499
2025-10-10 06:47:09,464 [INFO] Época 17/30, Batch 2350/3348, Loss: 0.1407
2025-10-10 06:47:09,725 [INFO] Época 17/30, Batch 2400/3348, Loss: 0.2202
2025-10-10 06:47:09,989 [INFO] Época 17/30, Batch 2450/3348, Loss: 0.1865
2025-10-10 06:47:10,254 [INFO] Época 17/30, Batch 2500/3348, Loss: 0.1581
2025-10-10 06:47:10,517 [INFO] Época 17/30, Batch 2550/3348, Loss: 0.1629
2025-10-10 06:47:10,782 [INFO] Época 17/30, Batch 2600/3348, Loss: 0.1860
2025-10-10 06:47:11,044 [INFO] Época 17/30, Batch 2650/3348, Loss: 0.1791
2025-10-10 06:47:11,309 [INFO] Época 17/30, Batch 2700/3348, Loss: 0.1930
2025-10-10 06:47:11,571 [INFO] Época 17/30, Batch 2750/3348, Loss: 0.2641
2025-10-10 06:47:11,834 [INFO] Época 17/30, Batch 2800/3348, Loss: 0.2693
2025-10-10 06:47:12,097 [INFO] Época 17/30, Batch 2850/3348, Loss: 0.2747
2025-10-10 06:47:12,356 [INFO] Época 17/30, Batch 2900/3348, Loss: 0.1731
2025-10-10 06:47:12,619 [INFO] Época 17/30, Batch 2950/3348, Loss: 0.2489
2025-10-10 06:47:12,881 [INFO] Época 17/30, Batch 3000/3348, Loss: 0.1631
2025-10-10 06:47:13,153 [INFO] Época 17/30, Batch 3050/3348, Loss: 0.2526
2025-10-10 06:47:13,413 [INFO] Época 17/30, Batch 3100/3348, Loss: 0.1447
2025-10-10 06:47:13,676 [INFO] Época 17/30, Batch 3150/3348, Loss: 0.1583
2025-10-10 06:47:13,939 [INFO] Época 17/30, Batch 3200/3348, Loss: 0.1737
2025-10-10 06:47:14,202 [INFO] Época 17/30, Batch 3250/3348, Loss: 0.1526
2025-10-10 06:47:14,464 [INFO] Época 17/30, Batch 3300/3348, Loss: 0.2143
2025-10-10 06:47:16,337 [INFO] [17/30] Train Loss: 0.1999 | Val Loss: 0.4173 | Tempo: 19.54s
2025-10-10 06:47:16,937 [INFO] Época 18/30, Batch 50/3348, Loss: 0.2892
2025-10-10 06:47:17,216 [INFO] Época 18/30, Batch 100/3348, Loss: 0.1991
2025-10-10 06:47:17,496 [INFO] Época 18/30, Batch 150/3348, Loss: 0.2151
2025-10-10 06:47:17,773 [INFO] Época 18/30, Batch 200/3348, Loss: 0.2203
2025-10-10 06:47:18,046 [INFO] Época 18/30, Batch 250/3348, Loss: 0.1816
2025-10-10 06:47:18,323 [INFO] Época 18/30, Batch 300/3348, Loss: 0.1373
2025-10-10 06:47:18,597 [INFO] Época 18/30, Batch 350/3348, Loss: 0.2736
2025-10-10 06:47:18,871 [INFO] Época 18/30, Batch 400/3348, Loss: 0.1939
2025-10-10 06:47:19,142 [INFO] Época 18/30, Batch 450/3348, Loss: 0.1788
2025-10-10 06:47:19,419 [INFO] Época 18/30, Batch 500/3348, Loss: 0.1921
2025-10-10 06:47:19,696 [INFO] Época 18/30, Batch 550/3348, Loss: 0.2821
2025-10-10 06:47:19,972 [INFO] Época 18/30, Batch 600/3348, Loss: 0.1058
2025-10-10 06:47:20,240 [INFO] Época 18/30, Batch 650/3348, Loss: 0.1596
2025-10-10 06:47:20,503 [INFO] Época 18/30, Batch 700/3348, Loss: 0.2121
2025-10-10 06:47:20,764 [INFO] Época 18/30, Batch 750/3348, Loss: 0.2198
2025-10-10 06:47:21,027 [INFO] Época 18/30, Batch 800/3348, Loss: 0.1350
2025-10-10 06:47:21,294 [INFO] Época 18/30, Batch 850/3348, Loss: 0.2024
2025-10-10 06:47:21,561 [INFO] Época 18/30, Batch 900/3348, Loss: 0.2522
2025-10-10 06:47:21,830 [INFO] Época 18/30, Batch 950/3348, Loss: 0.0996
2025-10-10 06:47:22,098 [INFO] Época 18/30, Batch 1000/3348, Loss: 0.1267
2025-10-10 06:47:22,365 [INFO] Época 18/30, Batch 1050/3348, Loss: 0.2308
2025-10-10 06:47:22,633 [INFO] Época 18/30, Batch 1100/3348, Loss: 0.2041
2025-10-10 06:47:22,902 [INFO] Época 18/30, Batch 1150/3348, Loss: 0.1675
2025-10-10 06:47:23,175 [INFO] Época 18/30, Batch 1200/3348, Loss: 0.2251
2025-10-10 06:47:23,446 [INFO] Época 18/30, Batch 1250/3348, Loss: 0.2330
2025-10-10 06:47:23,719 [INFO] Época 18/30, Batch 1300/3348, Loss: 0.1307
2025-10-10 06:47:23,989 [INFO] Época 18/30, Batch 1350/3348, Loss: 0.1528
2025-10-10 06:47:24,260 [INFO] Época 18/30, Batch 1400/3348, Loss: 0.1639
2025-10-10 06:47:24,530 [INFO] Época 18/30, Batch 1450/3348, Loss: 0.2253
2025-10-10 06:47:24,801 [INFO] Época 18/30, Batch 1500/3348, Loss: 0.3891
2025-10-10 06:47:25,065 [INFO] Época 18/30, Batch 1550/3348, Loss: 0.1612
2025-10-10 06:47:25,332 [INFO] Época 18/30, Batch 1600/3348, Loss: 0.2053
2025-10-10 06:47:25,602 [INFO] Época 18/30, Batch 1650/3348, Loss: 0.2148
2025-10-10 06:47:25,875 [INFO] Época 18/30, Batch 1700/3348, Loss: 0.2397
2025-10-10 06:47:26,150 [INFO] Época 18/30, Batch 1750/3348, Loss: 0.2309
2025-10-10 06:47:26,423 [INFO] Época 18/30, Batch 1800/3348, Loss: 0.2124
2025-10-10 06:47:26,692 [INFO] Época 18/30, Batch 1850/3348, Loss: 0.2114
2025-10-10 06:47:26,956 [INFO] Época 18/30, Batch 1900/3348, Loss: 0.2860
2025-10-10 06:47:27,217 [INFO] Época 18/30, Batch 1950/3348, Loss: 0.1637
2025-10-10 06:47:27,479 [INFO] Época 18/30, Batch 2000/3348, Loss: 0.1916
2025-10-10 06:47:27,741 [INFO] Época 18/30, Batch 2050/3348, Loss: 0.1613
2025-10-10 06:47:28,004 [INFO] Época 18/30, Batch 2100/3348, Loss: 0.1365
2025-10-10 06:47:28,264 [INFO] Época 18/30, Batch 2150/3348, Loss: 0.3365
2025-10-10 06:47:28,538 [INFO] Época 18/30, Batch 2200/3348, Loss: 0.1086
2025-10-10 06:47:28,804 [INFO] Época 18/30, Batch 2250/3348, Loss: 0.1555
2025-10-10 06:47:29,068 [INFO] Época 18/30, Batch 2300/3348, Loss: 0.2785
2025-10-10 06:47:29,330 [INFO] Época 18/30, Batch 2350/3348, Loss: 0.2018
2025-10-10 06:47:29,593 [INFO] Época 18/30, Batch 2400/3348, Loss: 0.1917
2025-10-10 06:47:29,856 [INFO] Época 18/30, Batch 2450/3348, Loss: 0.2541
2025-10-10 06:47:30,120 [INFO] Época 18/30, Batch 2500/3348, Loss: 0.1950
2025-10-10 06:47:30,382 [INFO] Época 18/30, Batch 2550/3348, Loss: 0.1257
2025-10-10 06:47:30,645 [INFO] Época 18/30, Batch 2600/3348, Loss: 0.1641
2025-10-10 06:47:30,907 [INFO] Época 18/30, Batch 2650/3348, Loss: 0.1599
2025-10-10 06:47:31,169 [INFO] Época 18/30, Batch 2700/3348, Loss: 0.2299
2025-10-10 06:47:31,431 [INFO] Época 18/30, Batch 2750/3348, Loss: 0.1477
2025-10-10 06:47:31,695 [INFO] Época 18/30, Batch 2800/3348, Loss: 0.1501
2025-10-10 06:47:31,955 [INFO] Época 18/30, Batch 2850/3348, Loss: 0.1386
2025-10-10 06:47:32,217 [INFO] Época 18/30, Batch 2900/3348, Loss: 0.2005
2025-10-10 06:47:32,478 [INFO] Época 18/30, Batch 2950/3348, Loss: 0.1045
2025-10-10 06:47:32,742 [INFO] Época 18/30, Batch 3000/3348, Loss: 0.1579
2025-10-10 06:47:33,006 [INFO] Época 18/30, Batch 3050/3348, Loss: 0.1884
2025-10-10 06:47:33,269 [INFO] Época 18/30, Batch 3100/3348, Loss: 0.1351
2025-10-10 06:47:33,542 [INFO] Época 18/30, Batch 3150/3348, Loss: 0.1550
2025-10-10 06:47:33,802 [INFO] Época 18/30, Batch 3200/3348, Loss: 0.2187
2025-10-10 06:47:34,064 [INFO] Época 18/30, Batch 3250/3348, Loss: 0.2172
2025-10-10 06:47:34,329 [INFO] Época 18/30, Batch 3300/3348, Loss: 0.1864
2025-10-10 06:47:36,227 [INFO] [18/30] Train Loss: 0.1968 | Val Loss: 0.4418 | Tempo: 19.89s
2025-10-10 06:47:36,821 [INFO] Época 19/30, Batch 50/3348, Loss: 0.1768
2025-10-10 06:47:37,094 [INFO] Época 19/30, Batch 100/3348, Loss: 0.2123
2025-10-10 06:47:37,364 [INFO] Época 19/30, Batch 150/3348, Loss: 0.1796
2025-10-10 06:47:37,635 [INFO] Época 19/30, Batch 200/3348, Loss: 0.1456
2025-10-10 06:47:37,904 [INFO] Época 19/30, Batch 250/3348, Loss: 0.2054
2025-10-10 06:47:38,170 [INFO] Época 19/30, Batch 300/3348, Loss: 0.0980
2025-10-10 06:47:38,438 [INFO] Época 19/30, Batch 350/3348, Loss: 0.1466
2025-10-10 06:47:38,706 [INFO] Época 19/30, Batch 400/3348, Loss: 0.1718
2025-10-10 06:47:38,974 [INFO] Época 19/30, Batch 450/3348, Loss: 0.1820
2025-10-10 06:47:39,238 [INFO] Época 19/30, Batch 500/3348, Loss: 0.2475
2025-10-10 06:47:39,499 [INFO] Época 19/30, Batch 550/3348, Loss: 0.1057
2025-10-10 06:47:39,763 [INFO] Época 19/30, Batch 600/3348, Loss: 0.1811
2025-10-10 06:47:40,025 [INFO] Época 19/30, Batch 650/3348, Loss: 0.2012
2025-10-10 06:47:40,285 [INFO] Época 19/30, Batch 700/3348, Loss: 0.1798
2025-10-10 06:47:40,547 [INFO] Época 19/30, Batch 750/3348, Loss: 0.2167
2025-10-10 06:47:40,810 [INFO] Época 19/30, Batch 800/3348, Loss: 0.1776
2025-10-10 06:47:41,071 [INFO] Época 19/30, Batch 850/3348, Loss: 0.2508
2025-10-10 06:47:41,327 [INFO] Época 19/30, Batch 900/3348, Loss: 0.2061
2025-10-10 06:47:41,580 [INFO] Época 19/30, Batch 950/3348, Loss: 0.1543
2025-10-10 06:47:41,837 [INFO] Época 19/30, Batch 1000/3348, Loss: 0.1562
2025-10-10 06:47:42,095 [INFO] Época 19/30, Batch 1050/3348, Loss: 0.1835
2025-10-10 06:47:42,352 [INFO] Época 19/30, Batch 1100/3348, Loss: 0.1162
2025-10-10 06:47:42,610 [INFO] Época 19/30, Batch 1150/3348, Loss: 0.1348
2025-10-10 06:47:42,866 [INFO] Época 19/30, Batch 1200/3348, Loss: 0.0890
2025-10-10 06:47:43,128 [INFO] Época 19/30, Batch 1250/3348, Loss: 0.2402
2025-10-10 06:47:43,393 [INFO] Época 19/30, Batch 1300/3348, Loss: 0.1885
2025-10-10 06:47:43,658 [INFO] Época 19/30, Batch 1350/3348, Loss: 0.1593
2025-10-10 06:47:43,921 [INFO] Época 19/30, Batch 1400/3348, Loss: 0.2352
2025-10-10 06:47:44,183 [INFO] Época 19/30, Batch 1450/3348, Loss: 0.2024
2025-10-10 06:47:44,450 [INFO] Época 19/30, Batch 1500/3348, Loss: 0.1164
2025-10-10 06:47:44,714 [INFO] Época 19/30, Batch 1550/3348, Loss: 0.2121
2025-10-10 06:47:44,978 [INFO] Época 19/30, Batch 1600/3348, Loss: 0.1788
2025-10-10 06:47:45,241 [INFO] Época 19/30, Batch 1650/3348, Loss: 0.1725
2025-10-10 06:47:45,507 [INFO] Época 19/30, Batch 1700/3348, Loss: 0.1880
2025-10-10 06:47:45,772 [INFO] Época 19/30, Batch 1750/3348, Loss: 0.1923
2025-10-10 06:47:46,035 [INFO] Época 19/30, Batch 1800/3348, Loss: 0.1543
2025-10-10 06:47:46,299 [INFO] Época 19/30, Batch 1850/3348, Loss: 0.2306
2025-10-10 06:47:46,562 [INFO] Época 19/30, Batch 1900/3348, Loss: 0.2909
2025-10-10 06:47:46,836 [INFO] Época 19/30, Batch 1950/3348, Loss: 0.1152
2025-10-10 06:47:47,099 [INFO] Época 19/30, Batch 2000/3348, Loss: 0.2254
2025-10-10 06:47:47,364 [INFO] Época 19/30, Batch 2050/3348, Loss: 0.1765
2025-10-10 06:47:47,627 [INFO] Época 19/30, Batch 2100/3348, Loss: 0.3154
2025-10-10 06:47:47,893 [INFO] Época 19/30, Batch 2150/3348, Loss: 0.1871
2025-10-10 06:47:48,157 [INFO] Época 19/30, Batch 2200/3348, Loss: 0.2437
2025-10-10 06:47:48,422 [INFO] Época 19/30, Batch 2250/3348, Loss: 0.2494
2025-10-10 06:47:48,689 [INFO] Época 19/30, Batch 2300/3348, Loss: 0.2178
2025-10-10 06:47:48,953 [INFO] Época 19/30, Batch 2350/3348, Loss: 0.1292
2025-10-10 06:47:49,218 [INFO] Época 19/30, Batch 2400/3348, Loss: 0.1328
2025-10-10 06:47:49,482 [INFO] Época 19/30, Batch 2450/3348, Loss: 0.2108
2025-10-10 06:47:49,745 [INFO] Época 19/30, Batch 2500/3348, Loss: 0.2806
2025-10-10 06:47:50,007 [INFO] Época 19/30, Batch 2550/3348, Loss: 0.1431
2025-10-10 06:47:50,270 [INFO] Época 19/30, Batch 2600/3348, Loss: 0.1846
2025-10-10 06:47:50,532 [INFO] Época 19/30, Batch 2650/3348, Loss: 0.2443
2025-10-10 06:47:50,795 [INFO] Época 19/30, Batch 2700/3348, Loss: 0.1137
2025-10-10 06:47:51,059 [INFO] Época 19/30, Batch 2750/3348, Loss: 0.1552
2025-10-10 06:47:51,322 [INFO] Época 19/30, Batch 2800/3348, Loss: 0.2065
2025-10-10 06:47:51,584 [INFO] Época 19/30, Batch 2850/3348, Loss: 0.1722
2025-10-10 06:47:51,846 [INFO] Época 19/30, Batch 2900/3348, Loss: 0.2037
2025-10-10 06:47:52,108 [INFO] Época 19/30, Batch 2950/3348, Loss: 0.1609
2025-10-10 06:47:52,371 [INFO] Época 19/30, Batch 3000/3348, Loss: 0.0515
2025-10-10 06:47:52,635 [INFO] Época 19/30, Batch 3050/3348, Loss: 0.2975
2025-10-10 06:47:52,897 [INFO] Época 19/30, Batch 3100/3348, Loss: 0.2582
2025-10-10 06:47:53,161 [INFO] Época 19/30, Batch 3150/3348, Loss: 0.2505
2025-10-10 06:47:53,426 [INFO] Época 19/30, Batch 3200/3348, Loss: 0.1960
2025-10-10 06:47:53,688 [INFO] Época 19/30, Batch 3250/3348, Loss: 0.2178
2025-10-10 06:47:53,953 [INFO] Época 19/30, Batch 3300/3348, Loss: 0.1368
2025-10-10 06:47:55,742 [INFO] [19/30] Train Loss: 0.1942 | Val Loss: 0.4586 | Tempo: 19.52s
2025-10-10 06:47:55,743 [INFO] Early stopping ativado após 10 épocas sem melhoria
2025-10-10 06:47:55,743 [INFO] Treinamento concluído em 373.05 segundos (6.22 minutos)
2025-10-10 06:47:55,743 [INFO] Iniciando avaliação no conjunto de teste...
2025-10-10 06:47:57,252 [INFO] Avaliação do teste concluída em 1.51 segundos
2025-10-10 06:47:57,252 [INFO] MSE no teste: 1.0556
2025-10-10 06:47:57,252 [INFO] RMSE no teste: 1.0274
2025-10-10 06:47:57,252 [INFO] MAE no teste: 0.7526
2025-10-10 06:47:57,253 [INFO] Métricas salvas em /mnt/hdd/home/jdurao/ToolBox-ChemXAI/logs/mlp_att10_Morgan_metrics.json
