2025-10-10 04:54:50,728 [INFO] Iniciando treinamento do modelo mlp_att8_Avalon
2025-10-10 04:54:50,728 [INFO] Configuração: att_index=8, epochs=30, layers=[128, 64, 32], lr=0.001, batch_size=32, descriptor_type=Avalon
2025-10-10 04:54:50,728 [INFO] Diretório para modelos: /mnt/hdd/home/jdurao/ToolBox-ChemXAI/models
2025-10-10 04:54:50,728 [INFO] Carregando dados...
2025-10-10 04:54:50,814 [INFO] Preparando dataloaders sem ruído...
2025-10-10 04:55:05,113 [INFO] Dados carregados em 14.38 segundos
2025-10-10 04:55:05,114 [INFO] Tamanhos dos conjuntos - Treino: 107108, Validação: 13388, Teste: 13389
2025-10-10 04:55:05,114 [INFO] Usando dispositivo: cuda
2025-10-10 04:55:05,548 [INFO] Dimensão de entrada: 512, Dimensão de saída: 1
2025-10-10 04:55:05,551 [INFO] Criando modelo MLP com camadas: [128, 64, 32]
2025-10-10 04:55:05,556 [INFO] Modelo criado com 76033 parâmetros
2025-10-10 04:55:05,557 [INFO] Iniciando treinamento com 30 épocas...
2025-10-10 04:55:06,144 [INFO] Época 1/30, Batch 50/3348, Loss: 0.4123
2025-10-10 04:55:06,415 [INFO] Época 1/30, Batch 100/3348, Loss: 0.3872
2025-10-10 04:55:06,680 [INFO] Época 1/30, Batch 150/3348, Loss: 0.5212
2025-10-10 04:55:06,938 [INFO] Época 1/30, Batch 200/3348, Loss: 0.4932
2025-10-10 04:55:07,195 [INFO] Época 1/30, Batch 250/3348, Loss: 0.5821
2025-10-10 04:55:07,452 [INFO] Época 1/30, Batch 300/3348, Loss: 0.6102
2025-10-10 04:55:07,714 [INFO] Época 1/30, Batch 350/3348, Loss: 0.5814
2025-10-10 04:55:07,977 [INFO] Época 1/30, Batch 400/3348, Loss: 0.2895
2025-10-10 04:55:08,238 [INFO] Época 1/30, Batch 450/3348, Loss: 0.2997
2025-10-10 04:55:08,500 [INFO] Época 1/30, Batch 500/3348, Loss: 0.5611
2025-10-10 04:55:08,760 [INFO] Época 1/30, Batch 550/3348, Loss: 0.3320
2025-10-10 04:55:09,023 [INFO] Época 1/30, Batch 600/3348, Loss: 0.3847
2025-10-10 04:55:09,283 [INFO] Época 1/30, Batch 650/3348, Loss: 0.3652
2025-10-10 04:55:09,544 [INFO] Época 1/30, Batch 700/3348, Loss: 0.4746
2025-10-10 04:55:09,804 [INFO] Época 1/30, Batch 750/3348, Loss: 0.4537
2025-10-10 04:55:10,067 [INFO] Época 1/30, Batch 800/3348, Loss: 0.3298
2025-10-10 04:55:10,331 [INFO] Época 1/30, Batch 850/3348, Loss: 0.3208
2025-10-10 04:55:10,591 [INFO] Época 1/30, Batch 900/3348, Loss: 0.4011
2025-10-10 04:55:10,866 [INFO] Época 1/30, Batch 950/3348, Loss: 0.4147
2025-10-10 04:55:11,128 [INFO] Época 1/30, Batch 1000/3348, Loss: 0.2661
2025-10-10 04:55:11,393 [INFO] Época 1/30, Batch 1050/3348, Loss: 0.4793
2025-10-10 04:55:11,657 [INFO] Época 1/30, Batch 1100/3348, Loss: 0.5401
2025-10-10 04:55:11,918 [INFO] Época 1/30, Batch 1150/3348, Loss: 0.5168
2025-10-10 04:55:12,180 [INFO] Época 1/30, Batch 1200/3348, Loss: 0.3775
2025-10-10 04:55:12,444 [INFO] Época 1/30, Batch 1250/3348, Loss: 0.3299
2025-10-10 04:55:12,707 [INFO] Época 1/30, Batch 1300/3348, Loss: 0.3264
2025-10-10 04:55:12,969 [INFO] Época 1/30, Batch 1350/3348, Loss: 0.3309
2025-10-10 04:55:13,230 [INFO] Época 1/30, Batch 1400/3348, Loss: 0.2813
2025-10-10 04:55:13,494 [INFO] Época 1/30, Batch 1450/3348, Loss: 0.5644
2025-10-10 04:55:13,756 [INFO] Época 1/30, Batch 1500/3348, Loss: 0.3577
2025-10-10 04:55:14,018 [INFO] Época 1/30, Batch 1550/3348, Loss: 0.3462
2025-10-10 04:55:14,283 [INFO] Época 1/30, Batch 1600/3348, Loss: 0.4339
2025-10-10 04:55:14,548 [INFO] Época 1/30, Batch 1650/3348, Loss: 0.5555
2025-10-10 04:55:14,809 [INFO] Época 1/30, Batch 1700/3348, Loss: 0.4210
2025-10-10 04:55:15,071 [INFO] Época 1/30, Batch 1750/3348, Loss: 0.3877
2025-10-10 04:55:15,332 [INFO] Época 1/30, Batch 1800/3348, Loss: 0.4989
2025-10-10 04:55:15,594 [INFO] Época 1/30, Batch 1850/3348, Loss: 0.3672
2025-10-10 04:55:15,858 [INFO] Época 1/30, Batch 1900/3348, Loss: 0.4248
2025-10-10 04:55:16,119 [INFO] Época 1/30, Batch 1950/3348, Loss: 0.4093
2025-10-10 04:55:16,383 [INFO] Época 1/30, Batch 2000/3348, Loss: 0.3764
2025-10-10 04:55:16,645 [INFO] Época 1/30, Batch 2050/3348, Loss: 0.4227
2025-10-10 04:55:16,908 [INFO] Época 1/30, Batch 2100/3348, Loss: 0.2893
2025-10-10 04:55:17,171 [INFO] Época 1/30, Batch 2150/3348, Loss: 0.3608
2025-10-10 04:55:17,433 [INFO] Época 1/30, Batch 2200/3348, Loss: 0.3561
2025-10-10 04:55:17,696 [INFO] Época 1/30, Batch 2250/3348, Loss: 0.3772
2025-10-10 04:55:17,957 [INFO] Época 1/30, Batch 2300/3348, Loss: 0.4210
2025-10-10 04:55:18,219 [INFO] Época 1/30, Batch 2350/3348, Loss: 0.6442
2025-10-10 04:55:18,486 [INFO] Época 1/30, Batch 2400/3348, Loss: 0.3303
2025-10-10 04:55:18,750 [INFO] Época 1/30, Batch 2450/3348, Loss: 0.3425
2025-10-10 04:55:19,012 [INFO] Época 1/30, Batch 2500/3348, Loss: 0.3794
2025-10-10 04:55:19,274 [INFO] Época 1/30, Batch 2550/3348, Loss: 0.3727
2025-10-10 04:55:19,538 [INFO] Época 1/30, Batch 2600/3348, Loss: 0.3059
2025-10-10 04:55:19,801 [INFO] Época 1/30, Batch 2650/3348, Loss: 0.2883
2025-10-10 04:55:20,064 [INFO] Época 1/30, Batch 2700/3348, Loss: 0.4400
2025-10-10 04:55:20,326 [INFO] Época 1/30, Batch 2750/3348, Loss: 0.2069
2025-10-10 04:55:20,588 [INFO] Época 1/30, Batch 2800/3348, Loss: 0.3450
2025-10-10 04:55:20,851 [INFO] Época 1/30, Batch 2850/3348, Loss: 0.4245
2025-10-10 04:55:21,124 [INFO] Época 1/30, Batch 2900/3348, Loss: 0.2285
2025-10-10 04:55:21,385 [INFO] Época 1/30, Batch 2950/3348, Loss: 0.3662
2025-10-10 04:55:21,647 [INFO] Época 1/30, Batch 3000/3348, Loss: 0.4928
2025-10-10 04:55:21,912 [INFO] Época 1/30, Batch 3050/3348, Loss: 0.3216
2025-10-10 04:55:22,177 [INFO] Época 1/30, Batch 3100/3348, Loss: 0.3459
2025-10-10 04:55:22,443 [INFO] Época 1/30, Batch 3150/3348, Loss: 0.3735
2025-10-10 04:55:22,709 [INFO] Época 1/30, Batch 3200/3348, Loss: 0.2531
2025-10-10 04:55:22,973 [INFO] Época 1/30, Batch 3250/3348, Loss: 0.3913
2025-10-10 04:55:23,238 [INFO] Época 1/30, Batch 3300/3348, Loss: 0.3979
2025-10-10 04:55:25,021 [INFO] [1/30] Train Loss: 0.3784 | Val Loss: 0.4867 | Tempo: 19.46s
2025-10-10 04:55:25,027 [INFO] Melhor modelo salvo em: /mnt/hdd/home/jdurao/ToolBox-ChemXAI/models/mlp_qm9_Avalon_att8_large.pth
2025-10-10 04:55:25,615 [INFO] Época 2/30, Batch 50/3348, Loss: 0.2393
2025-10-10 04:55:25,891 [INFO] Época 2/30, Batch 100/3348, Loss: 0.4435
2025-10-10 04:55:26,176 [INFO] Época 2/30, Batch 150/3348, Loss: 0.3091
2025-10-10 04:55:26,449 [INFO] Época 2/30, Batch 200/3348, Loss: 0.2895
2025-10-10 04:55:26,724 [INFO] Época 2/30, Batch 250/3348, Loss: 0.2801
2025-10-10 04:55:27,000 [INFO] Época 2/30, Batch 300/3348, Loss: 0.2506
2025-10-10 04:55:27,273 [INFO] Época 2/30, Batch 350/3348, Loss: 0.3374
2025-10-10 04:55:27,545 [INFO] Época 2/30, Batch 400/3348, Loss: 0.4156
2025-10-10 04:55:27,814 [INFO] Época 2/30, Batch 450/3348, Loss: 0.2963
2025-10-10 04:55:28,083 [INFO] Época 2/30, Batch 500/3348, Loss: 0.3320
2025-10-10 04:55:28,350 [INFO] Época 2/30, Batch 550/3348, Loss: 0.2566
2025-10-10 04:55:28,620 [INFO] Época 2/30, Batch 600/3348, Loss: 0.3104
2025-10-10 04:55:28,894 [INFO] Época 2/30, Batch 650/3348, Loss: 0.2953
2025-10-10 04:55:29,155 [INFO] Época 2/30, Batch 700/3348, Loss: 0.3552
2025-10-10 04:55:29,416 [INFO] Época 2/30, Batch 750/3348, Loss: 0.3771
2025-10-10 04:55:29,680 [INFO] Época 2/30, Batch 800/3348, Loss: 0.2987
2025-10-10 04:55:29,949 [INFO] Época 2/30, Batch 850/3348, Loss: 0.3286
2025-10-10 04:55:30,218 [INFO] Época 2/30, Batch 900/3348, Loss: 0.3174
2025-10-10 04:55:30,487 [INFO] Época 2/30, Batch 950/3348, Loss: 0.2278
2025-10-10 04:55:30,755 [INFO] Época 2/30, Batch 1000/3348, Loss: 0.2786
2025-10-10 04:55:31,024 [INFO] Época 2/30, Batch 1050/3348, Loss: 0.2554
2025-10-10 04:55:31,292 [INFO] Época 2/30, Batch 1100/3348, Loss: 0.2671
2025-10-10 04:55:31,558 [INFO] Época 2/30, Batch 1150/3348, Loss: 0.2820
2025-10-10 04:55:31,825 [INFO] Época 2/30, Batch 1200/3348, Loss: 0.3232
2025-10-10 04:55:32,096 [INFO] Época 2/30, Batch 1250/3348, Loss: 0.4307
2025-10-10 04:55:32,366 [INFO] Época 2/30, Batch 1300/3348, Loss: 0.3313
2025-10-10 04:55:32,638 [INFO] Época 2/30, Batch 1350/3348, Loss: 0.4694
2025-10-10 04:55:32,909 [INFO] Época 2/30, Batch 1400/3348, Loss: 0.3002
2025-10-10 04:55:33,179 [INFO] Época 2/30, Batch 1450/3348, Loss: 0.3325
2025-10-10 04:55:33,451 [INFO] Época 2/30, Batch 1500/3348, Loss: 0.3841
2025-10-10 04:55:33,721 [INFO] Época 2/30, Batch 1550/3348, Loss: 0.1844
2025-10-10 04:55:33,989 [INFO] Época 2/30, Batch 1600/3348, Loss: 0.2955
2025-10-10 04:55:34,259 [INFO] Época 2/30, Batch 1650/3348, Loss: 0.4215
2025-10-10 04:55:34,524 [INFO] Época 2/30, Batch 1700/3348, Loss: 0.2949
2025-10-10 04:55:34,792 [INFO] Época 2/30, Batch 1750/3348, Loss: 0.1985
2025-10-10 04:55:35,057 [INFO] Época 2/30, Batch 1800/3348, Loss: 0.1874
2025-10-10 04:55:35,325 [INFO] Época 2/30, Batch 1850/3348, Loss: 0.3334
2025-10-10 04:55:35,595 [INFO] Época 2/30, Batch 1900/3348, Loss: 0.4029
2025-10-10 04:55:35,862 [INFO] Época 2/30, Batch 1950/3348, Loss: 0.2788
2025-10-10 04:55:36,127 [INFO] Época 2/30, Batch 2000/3348, Loss: 0.2436
2025-10-10 04:55:36,394 [INFO] Época 2/30, Batch 2050/3348, Loss: 0.3056
2025-10-10 04:55:36,659 [INFO] Época 2/30, Batch 2100/3348, Loss: 0.3163
2025-10-10 04:55:36,924 [INFO] Época 2/30, Batch 2150/3348, Loss: 0.3386
2025-10-10 04:55:37,191 [INFO] Época 2/30, Batch 2200/3348, Loss: 0.2292
2025-10-10 04:55:37,456 [INFO] Época 2/30, Batch 2250/3348, Loss: 0.2737
2025-10-10 04:55:37,722 [INFO] Época 2/30, Batch 2300/3348, Loss: 0.3981
2025-10-10 04:55:37,988 [INFO] Época 2/30, Batch 2350/3348, Loss: 0.4554
2025-10-10 04:55:38,254 [INFO] Época 2/30, Batch 2400/3348, Loss: 0.4728
2025-10-10 04:55:38,522 [INFO] Época 2/30, Batch 2450/3348, Loss: 0.3343
2025-10-10 04:55:38,788 [INFO] Época 2/30, Batch 2500/3348, Loss: 0.3335
2025-10-10 04:55:39,055 [INFO] Época 2/30, Batch 2550/3348, Loss: 0.3504
2025-10-10 04:55:39,321 [INFO] Época 2/30, Batch 2600/3348, Loss: 0.2327
2025-10-10 04:55:39,588 [INFO] Época 2/30, Batch 2650/3348, Loss: 0.2322
2025-10-10 04:55:39,854 [INFO] Época 2/30, Batch 2700/3348, Loss: 0.2325
2025-10-10 04:55:40,126 [INFO] Época 2/30, Batch 2750/3348, Loss: 0.2602
2025-10-10 04:55:40,403 [INFO] Época 2/30, Batch 2800/3348, Loss: 0.2140
2025-10-10 04:55:40,666 [INFO] Época 2/30, Batch 2850/3348, Loss: 0.3962
2025-10-10 04:55:40,930 [INFO] Época 2/30, Batch 2900/3348, Loss: 0.2894
2025-10-10 04:55:41,193 [INFO] Época 2/30, Batch 2950/3348, Loss: 0.3488
2025-10-10 04:55:41,474 [INFO] Época 2/30, Batch 3000/3348, Loss: 0.3386
2025-10-10 04:55:41,744 [INFO] Época 2/30, Batch 3050/3348, Loss: 0.2588
2025-10-10 04:55:42,021 [INFO] Época 2/30, Batch 3100/3348, Loss: 0.3299
2025-10-10 04:55:42,299 [INFO] Época 2/30, Batch 3150/3348, Loss: 0.2617
2025-10-10 04:55:42,571 [INFO] Época 2/30, Batch 3200/3348, Loss: 0.2006
2025-10-10 04:55:42,836 [INFO] Época 2/30, Batch 3250/3348, Loss: 0.2764
2025-10-10 04:55:43,114 [INFO] Época 2/30, Batch 3300/3348, Loss: 0.3520
2025-10-10 04:55:45,074 [INFO] [2/30] Train Loss: 0.3132 | Val Loss: 0.6806 | Tempo: 20.05s
2025-10-10 04:55:45,673 [INFO] Época 3/30, Batch 50/3348, Loss: 0.1953
2025-10-10 04:55:45,943 [INFO] Época 3/30, Batch 100/3348, Loss: 0.2816
2025-10-10 04:55:46,214 [INFO] Época 3/30, Batch 150/3348, Loss: 0.3093
2025-10-10 04:55:46,483 [INFO] Época 3/30, Batch 200/3348, Loss: 0.3163
2025-10-10 04:55:46,755 [INFO] Época 3/30, Batch 250/3348, Loss: 0.2455
2025-10-10 04:55:47,030 [INFO] Época 3/30, Batch 300/3348, Loss: 0.2884
2025-10-10 04:55:47,302 [INFO] Época 3/30, Batch 350/3348, Loss: 0.2370
2025-10-10 04:55:47,577 [INFO] Época 3/30, Batch 400/3348, Loss: 0.3407
2025-10-10 04:55:47,849 [INFO] Época 3/30, Batch 450/3348, Loss: 0.2613
2025-10-10 04:55:48,124 [INFO] Época 3/30, Batch 500/3348, Loss: 0.1992
2025-10-10 04:55:48,396 [INFO] Época 3/30, Batch 550/3348, Loss: 0.3548
2025-10-10 04:55:48,670 [INFO] Época 3/30, Batch 600/3348, Loss: 0.2479
2025-10-10 04:55:48,942 [INFO] Época 3/30, Batch 650/3348, Loss: 0.2805
2025-10-10 04:55:49,213 [INFO] Época 3/30, Batch 700/3348, Loss: 0.2654
2025-10-10 04:55:49,484 [INFO] Época 3/30, Batch 750/3348, Loss: 0.2531
2025-10-10 04:55:49,756 [INFO] Época 3/30, Batch 800/3348, Loss: 0.1792
2025-10-10 04:55:50,024 [INFO] Época 3/30, Batch 850/3348, Loss: 0.3645
2025-10-10 04:55:50,294 [INFO] Época 3/30, Batch 900/3348, Loss: 0.3082
2025-10-10 04:55:50,565 [INFO] Época 3/30, Batch 950/3348, Loss: 0.3502
2025-10-10 04:55:50,836 [INFO] Época 3/30, Batch 1000/3348, Loss: 0.3205
2025-10-10 04:55:51,106 [INFO] Época 3/30, Batch 1050/3348, Loss: 0.2628
2025-10-10 04:55:51,375 [INFO] Época 3/30, Batch 1100/3348, Loss: 0.3432
2025-10-10 04:55:51,646 [INFO] Época 3/30, Batch 1150/3348, Loss: 0.4021
2025-10-10 04:55:51,915 [INFO] Época 3/30, Batch 1200/3348, Loss: 0.3125
2025-10-10 04:55:52,182 [INFO] Época 3/30, Batch 1250/3348, Loss: 0.1828
2025-10-10 04:55:52,456 [INFO] Época 3/30, Batch 1300/3348, Loss: 0.1978
2025-10-10 04:55:52,734 [INFO] Época 3/30, Batch 1350/3348, Loss: 0.3317
2025-10-10 04:55:53,011 [INFO] Época 3/30, Batch 1400/3348, Loss: 0.2502
2025-10-10 04:55:53,282 [INFO] Época 3/30, Batch 1450/3348, Loss: 0.2600
2025-10-10 04:55:53,552 [INFO] Época 3/30, Batch 1500/3348, Loss: 0.3108
2025-10-10 04:55:53,816 [INFO] Época 3/30, Batch 1550/3348, Loss: 0.2758
2025-10-10 04:55:54,081 [INFO] Época 3/30, Batch 1600/3348, Loss: 0.3528
2025-10-10 04:55:54,344 [INFO] Época 3/30, Batch 1650/3348, Loss: 0.2884
2025-10-10 04:55:54,609 [INFO] Época 3/30, Batch 1700/3348, Loss: 0.2491
2025-10-10 04:55:54,873 [INFO] Época 3/30, Batch 1750/3348, Loss: 0.2245
2025-10-10 04:55:55,138 [INFO] Época 3/30, Batch 1800/3348, Loss: 0.1819
2025-10-10 04:55:55,403 [INFO] Época 3/30, Batch 1850/3348, Loss: 0.1602
2025-10-10 04:55:55,670 [INFO] Época 3/30, Batch 1900/3348, Loss: 0.1888
2025-10-10 04:55:55,936 [INFO] Época 3/30, Batch 1950/3348, Loss: 0.2184
2025-10-10 04:55:56,202 [INFO] Época 3/30, Batch 2000/3348, Loss: 0.1958
2025-10-10 04:55:56,469 [INFO] Época 3/30, Batch 2050/3348, Loss: 0.2641
2025-10-10 04:55:56,737 [INFO] Época 3/30, Batch 2100/3348, Loss: 0.3807
2025-10-10 04:55:57,005 [INFO] Época 3/30, Batch 2150/3348, Loss: 0.4227
2025-10-10 04:55:57,272 [INFO] Época 3/30, Batch 2200/3348, Loss: 0.2625
2025-10-10 04:55:57,540 [INFO] Época 3/30, Batch 2250/3348, Loss: 0.2031
2025-10-10 04:55:57,807 [INFO] Época 3/30, Batch 2300/3348, Loss: 0.3026
2025-10-10 04:55:58,070 [INFO] Época 3/30, Batch 2350/3348, Loss: 0.3585
2025-10-10 04:55:58,334 [INFO] Época 3/30, Batch 2400/3348, Loss: 0.1731
2025-10-10 04:55:58,599 [INFO] Época 3/30, Batch 2450/3348, Loss: 0.3010
2025-10-10 04:55:58,863 [INFO] Época 3/30, Batch 2500/3348, Loss: 0.3110
2025-10-10 04:55:59,128 [INFO] Época 3/30, Batch 2550/3348, Loss: 0.3376
2025-10-10 04:55:59,393 [INFO] Época 3/30, Batch 2600/3348, Loss: 0.2259
2025-10-10 04:55:59,657 [INFO] Época 3/30, Batch 2650/3348, Loss: 0.3327
2025-10-10 04:55:59,921 [INFO] Época 3/30, Batch 2700/3348, Loss: 0.2606
2025-10-10 04:56:00,189 [INFO] Época 3/30, Batch 2750/3348, Loss: 0.4902
2025-10-10 04:56:00,453 [INFO] Época 3/30, Batch 2800/3348, Loss: 0.2709
2025-10-10 04:56:00,720 [INFO] Época 3/30, Batch 2850/3348, Loss: 0.2841
2025-10-10 04:56:00,991 [INFO] Época 3/30, Batch 2900/3348, Loss: 0.2841
2025-10-10 04:56:01,262 [INFO] Época 3/30, Batch 2950/3348, Loss: 0.4313
2025-10-10 04:56:01,535 [INFO] Época 3/30, Batch 3000/3348, Loss: 0.3089
2025-10-10 04:56:01,817 [INFO] Época 3/30, Batch 3050/3348, Loss: 0.1789
2025-10-10 04:56:02,088 [INFO] Época 3/30, Batch 3100/3348, Loss: 0.3199
2025-10-10 04:56:02,360 [INFO] Época 3/30, Batch 3150/3348, Loss: 0.2659
2025-10-10 04:56:02,631 [INFO] Época 3/30, Batch 3200/3348, Loss: 0.2788
2025-10-10 04:56:02,896 [INFO] Época 3/30, Batch 3250/3348, Loss: 0.3002
2025-10-10 04:56:03,161 [INFO] Época 3/30, Batch 3300/3348, Loss: 0.2687
2025-10-10 04:56:04,941 [INFO] [3/30] Train Loss: 0.2803 | Val Loss: 0.4990 | Tempo: 19.87s
2025-10-10 04:56:05,518 [INFO] Época 4/30, Batch 50/3348, Loss: 0.1962
2025-10-10 04:56:05,783 [INFO] Época 4/30, Batch 100/3348, Loss: 0.3122
2025-10-10 04:56:06,044 [INFO] Época 4/30, Batch 150/3348, Loss: 0.3235
2025-10-10 04:56:06,303 [INFO] Época 4/30, Batch 200/3348, Loss: 0.2823
2025-10-10 04:56:06,561 [INFO] Época 4/30, Batch 250/3348, Loss: 0.2291
2025-10-10 04:56:06,821 [INFO] Época 4/30, Batch 300/3348, Loss: 0.3125
2025-10-10 04:56:07,081 [INFO] Época 4/30, Batch 350/3348, Loss: 0.3112
2025-10-10 04:56:07,341 [INFO] Época 4/30, Batch 400/3348, Loss: 0.3352
2025-10-10 04:56:07,601 [INFO] Época 4/30, Batch 450/3348, Loss: 0.3967
2025-10-10 04:56:07,861 [INFO] Época 4/30, Batch 500/3348, Loss: 0.2662
2025-10-10 04:56:08,120 [INFO] Época 4/30, Batch 550/3348, Loss: 0.2649
2025-10-10 04:56:08,379 [INFO] Época 4/30, Batch 600/3348, Loss: 0.2780
2025-10-10 04:56:08,640 [INFO] Época 4/30, Batch 650/3348, Loss: 0.1809
2025-10-10 04:56:08,902 [INFO] Época 4/30, Batch 700/3348, Loss: 0.3388
2025-10-10 04:56:09,163 [INFO] Época 4/30, Batch 750/3348, Loss: 0.2234
2025-10-10 04:56:09,424 [INFO] Época 4/30, Batch 800/3348, Loss: 0.1470
2025-10-10 04:56:09,684 [INFO] Época 4/30, Batch 850/3348, Loss: 0.1582
2025-10-10 04:56:09,945 [INFO] Época 4/30, Batch 900/3348, Loss: 0.2397
2025-10-10 04:56:10,208 [INFO] Época 4/30, Batch 950/3348, Loss: 0.3371
2025-10-10 04:56:10,468 [INFO] Época 4/30, Batch 1000/3348, Loss: 0.2434
2025-10-10 04:56:10,723 [INFO] Época 4/30, Batch 1050/3348, Loss: 0.2238
2025-10-10 04:56:10,977 [INFO] Época 4/30, Batch 1100/3348, Loss: 0.4089
2025-10-10 04:56:11,231 [INFO] Época 4/30, Batch 1150/3348, Loss: 0.1508
2025-10-10 04:56:11,486 [INFO] Época 4/30, Batch 1200/3348, Loss: 0.2183
2025-10-10 04:56:11,740 [INFO] Época 4/30, Batch 1250/3348, Loss: 0.1868
2025-10-10 04:56:12,014 [INFO] Época 4/30, Batch 1300/3348, Loss: 0.3043
2025-10-10 04:56:12,271 [INFO] Época 4/30, Batch 1350/3348, Loss: 0.2481
2025-10-10 04:56:12,529 [INFO] Época 4/30, Batch 1400/3348, Loss: 0.2761
2025-10-10 04:56:12,789 [INFO] Época 4/30, Batch 1450/3348, Loss: 0.2750
2025-10-10 04:56:13,052 [INFO] Época 4/30, Batch 1500/3348, Loss: 0.3984
2025-10-10 04:56:13,314 [INFO] Época 4/30, Batch 1550/3348, Loss: 0.3025
2025-10-10 04:56:13,576 [INFO] Época 4/30, Batch 1600/3348, Loss: 0.2547
2025-10-10 04:56:13,840 [INFO] Época 4/30, Batch 1650/3348, Loss: 0.1702
2025-10-10 04:56:14,099 [INFO] Época 4/30, Batch 1700/3348, Loss: 0.2892
2025-10-10 04:56:14,360 [INFO] Época 4/30, Batch 1750/3348, Loss: 0.2697
2025-10-10 04:56:14,622 [INFO] Época 4/30, Batch 1800/3348, Loss: 0.2378
2025-10-10 04:56:14,884 [INFO] Época 4/30, Batch 1850/3348, Loss: 0.2327
2025-10-10 04:56:15,145 [INFO] Época 4/30, Batch 1900/3348, Loss: 0.1844
2025-10-10 04:56:15,405 [INFO] Época 4/30, Batch 1950/3348, Loss: 0.2452
2025-10-10 04:56:15,667 [INFO] Época 4/30, Batch 2000/3348, Loss: 0.2877
2025-10-10 04:56:15,924 [INFO] Época 4/30, Batch 2050/3348, Loss: 0.2150
2025-10-10 04:56:16,179 [INFO] Época 4/30, Batch 2100/3348, Loss: 0.2196
2025-10-10 04:56:16,436 [INFO] Época 4/30, Batch 2150/3348, Loss: 0.2043
2025-10-10 04:56:16,692 [INFO] Época 4/30, Batch 2200/3348, Loss: 0.2300
2025-10-10 04:56:16,952 [INFO] Época 4/30, Batch 2250/3348, Loss: 0.3200
2025-10-10 04:56:17,209 [INFO] Época 4/30, Batch 2300/3348, Loss: 0.1710
2025-10-10 04:56:17,466 [INFO] Época 4/30, Batch 2350/3348, Loss: 0.3091
2025-10-10 04:56:17,721 [INFO] Época 4/30, Batch 2400/3348, Loss: 0.2070
2025-10-10 04:56:17,977 [INFO] Época 4/30, Batch 2450/3348, Loss: 0.2608
2025-10-10 04:56:18,235 [INFO] Época 4/30, Batch 2500/3348, Loss: 0.2910
2025-10-10 04:56:18,491 [INFO] Época 4/30, Batch 2550/3348, Loss: 0.2432
2025-10-10 04:56:18,750 [INFO] Época 4/30, Batch 2600/3348, Loss: 0.2502
2025-10-10 04:56:19,010 [INFO] Época 4/30, Batch 2650/3348, Loss: 0.2415
2025-10-10 04:56:19,271 [INFO] Época 4/30, Batch 2700/3348, Loss: 0.1982
2025-10-10 04:56:19,532 [INFO] Época 4/30, Batch 2750/3348, Loss: 0.2208
2025-10-10 04:56:19,793 [INFO] Época 4/30, Batch 2800/3348, Loss: 0.2728
2025-10-10 04:56:20,054 [INFO] Época 4/30, Batch 2850/3348, Loss: 0.2252
2025-10-10 04:56:20,314 [INFO] Época 4/30, Batch 2900/3348, Loss: 0.2084
2025-10-10 04:56:20,575 [INFO] Época 4/30, Batch 2950/3348, Loss: 0.2747
2025-10-10 04:56:20,836 [INFO] Época 4/30, Batch 3000/3348, Loss: 0.2112
2025-10-10 04:56:21,097 [INFO] Época 4/30, Batch 3050/3348, Loss: 0.2259
2025-10-10 04:56:21,356 [INFO] Época 4/30, Batch 3100/3348, Loss: 0.2409
2025-10-10 04:56:21,616 [INFO] Época 4/30, Batch 3150/3348, Loss: 0.2956
2025-10-10 04:56:21,878 [INFO] Época 4/30, Batch 3200/3348, Loss: 0.2644
2025-10-10 04:56:22,137 [INFO] Época 4/30, Batch 3250/3348, Loss: 0.3071
2025-10-10 04:56:22,408 [INFO] Época 4/30, Batch 3300/3348, Loss: 0.1697
2025-10-10 04:56:24,308 [INFO] [4/30] Train Loss: 0.2595 | Val Loss: 0.5899 | Tempo: 19.37s
2025-10-10 04:56:24,908 [INFO] Época 5/30, Batch 50/3348, Loss: 0.3190
2025-10-10 04:56:25,181 [INFO] Época 5/30, Batch 100/3348, Loss: 0.2999
2025-10-10 04:56:25,450 [INFO] Época 5/30, Batch 150/3348, Loss: 0.2533
2025-10-10 04:56:25,717 [INFO] Época 5/30, Batch 200/3348, Loss: 0.2942
2025-10-10 04:56:25,982 [INFO] Época 5/30, Batch 250/3348, Loss: 0.1945
2025-10-10 04:56:26,246 [INFO] Época 5/30, Batch 300/3348, Loss: 0.2375
2025-10-10 04:56:26,519 [INFO] Época 5/30, Batch 350/3348, Loss: 0.2684
2025-10-10 04:56:26,792 [INFO] Época 5/30, Batch 400/3348, Loss: 0.3077
2025-10-10 04:56:27,068 [INFO] Época 5/30, Batch 450/3348, Loss: 0.2320
2025-10-10 04:56:27,343 [INFO] Época 5/30, Batch 500/3348, Loss: 0.2431
2025-10-10 04:56:27,627 [INFO] Época 5/30, Batch 550/3348, Loss: 0.2698
2025-10-10 04:56:27,903 [INFO] Época 5/30, Batch 600/3348, Loss: 0.3641
2025-10-10 04:56:28,179 [INFO] Época 5/30, Batch 650/3348, Loss: 0.2548
2025-10-10 04:56:28,451 [INFO] Época 5/30, Batch 700/3348, Loss: 0.2150
2025-10-10 04:56:28,727 [INFO] Época 5/30, Batch 750/3348, Loss: 0.2600
2025-10-10 04:56:29,001 [INFO] Época 5/30, Batch 800/3348, Loss: 0.2075
2025-10-10 04:56:29,274 [INFO] Época 5/30, Batch 850/3348, Loss: 0.2917
2025-10-10 04:56:29,547 [INFO] Época 5/30, Batch 900/3348, Loss: 0.1925
2025-10-10 04:56:29,819 [INFO] Época 5/30, Batch 950/3348, Loss: 0.2125
2025-10-10 04:56:30,091 [INFO] Época 5/30, Batch 1000/3348, Loss: 0.1654
2025-10-10 04:56:30,364 [INFO] Época 5/30, Batch 1050/3348, Loss: 0.1886
2025-10-10 04:56:30,638 [INFO] Época 5/30, Batch 1100/3348, Loss: 0.2613
2025-10-10 04:56:30,916 [INFO] Época 5/30, Batch 1150/3348, Loss: 0.2629
2025-10-10 04:56:31,191 [INFO] Época 5/30, Batch 1200/3348, Loss: 0.2978
2025-10-10 04:56:31,458 [INFO] Época 5/30, Batch 1250/3348, Loss: 0.3242
2025-10-10 04:56:31,728 [INFO] Época 5/30, Batch 1300/3348, Loss: 0.2723
2025-10-10 04:56:31,995 [INFO] Época 5/30, Batch 1350/3348, Loss: 0.2305
2025-10-10 04:56:32,263 [INFO] Época 5/30, Batch 1400/3348, Loss: 0.3541
2025-10-10 04:56:32,529 [INFO] Época 5/30, Batch 1450/3348, Loss: 0.3239
2025-10-10 04:56:32,798 [INFO] Época 5/30, Batch 1500/3348, Loss: 0.2522
2025-10-10 04:56:33,063 [INFO] Época 5/30, Batch 1550/3348, Loss: 0.2563
2025-10-10 04:56:33,327 [INFO] Época 5/30, Batch 1600/3348, Loss: 0.2830
2025-10-10 04:56:33,593 [INFO] Época 5/30, Batch 1650/3348, Loss: 0.2668
2025-10-10 04:56:33,857 [INFO] Época 5/30, Batch 1700/3348, Loss: 0.3135
2025-10-10 04:56:34,122 [INFO] Época 5/30, Batch 1750/3348, Loss: 0.2861
2025-10-10 04:56:34,390 [INFO] Época 5/30, Batch 1800/3348, Loss: 0.2047
2025-10-10 04:56:34,656 [INFO] Época 5/30, Batch 1850/3348, Loss: 0.2327
2025-10-10 04:56:34,922 [INFO] Época 5/30, Batch 1900/3348, Loss: 0.2584
2025-10-10 04:56:35,189 [INFO] Época 5/30, Batch 1950/3348, Loss: 0.2308
2025-10-10 04:56:35,455 [INFO] Época 5/30, Batch 2000/3348, Loss: 0.2736
2025-10-10 04:56:35,722 [INFO] Época 5/30, Batch 2050/3348, Loss: 0.2014
2025-10-10 04:56:35,989 [INFO] Época 5/30, Batch 2100/3348, Loss: 0.4433
2025-10-10 04:56:36,258 [INFO] Época 5/30, Batch 2150/3348, Loss: 0.2541
2025-10-10 04:56:36,527 [INFO] Época 5/30, Batch 2200/3348, Loss: 0.2236
2025-10-10 04:56:36,796 [INFO] Época 5/30, Batch 2250/3348, Loss: 0.1737
2025-10-10 04:56:37,066 [INFO] Época 5/30, Batch 2300/3348, Loss: 0.3013
2025-10-10 04:56:37,334 [INFO] Época 5/30, Batch 2350/3348, Loss: 0.2561
2025-10-10 04:56:37,602 [INFO] Época 5/30, Batch 2400/3348, Loss: 0.1543
2025-10-10 04:56:37,870 [INFO] Época 5/30, Batch 2450/3348, Loss: 0.2326
2025-10-10 04:56:38,138 [INFO] Época 5/30, Batch 2500/3348, Loss: 0.2553
2025-10-10 04:56:38,404 [INFO] Época 5/30, Batch 2550/3348, Loss: 0.2845
2025-10-10 04:56:38,670 [INFO] Época 5/30, Batch 2600/3348, Loss: 0.3089
2025-10-10 04:56:38,934 [INFO] Época 5/30, Batch 2650/3348, Loss: 0.2814
2025-10-10 04:56:39,200 [INFO] Época 5/30, Batch 2700/3348, Loss: 0.1885
2025-10-10 04:56:39,466 [INFO] Época 5/30, Batch 2750/3348, Loss: 0.1901
2025-10-10 04:56:39,735 [INFO] Época 5/30, Batch 2800/3348, Loss: 0.2808
2025-10-10 04:56:40,004 [INFO] Época 5/30, Batch 2850/3348, Loss: 0.2092
2025-10-10 04:56:40,274 [INFO] Época 5/30, Batch 2900/3348, Loss: 0.2614
2025-10-10 04:56:40,541 [INFO] Época 5/30, Batch 2950/3348, Loss: 0.2687
2025-10-10 04:56:40,808 [INFO] Época 5/30, Batch 3000/3348, Loss: 0.3356
2025-10-10 04:56:41,075 [INFO] Época 5/30, Batch 3050/3348, Loss: 0.2109
2025-10-10 04:56:41,342 [INFO] Época 5/30, Batch 3100/3348, Loss: 0.3559
2025-10-10 04:56:41,607 [INFO] Época 5/30, Batch 3150/3348, Loss: 0.2513
2025-10-10 04:56:41,875 [INFO] Época 5/30, Batch 3200/3348, Loss: 0.2574
2025-10-10 04:56:42,140 [INFO] Época 5/30, Batch 3250/3348, Loss: 0.3009
2025-10-10 04:56:42,407 [INFO] Época 5/30, Batch 3300/3348, Loss: 0.2640
2025-10-10 04:56:44,274 [INFO] [5/30] Train Loss: 0.2440 | Val Loss: 0.5577 | Tempo: 19.97s
2025-10-10 04:56:44,870 [INFO] Época 6/30, Batch 50/3348, Loss: 0.2810
2025-10-10 04:56:45,142 [INFO] Época 6/30, Batch 100/3348, Loss: 0.1554
2025-10-10 04:56:45,412 [INFO] Época 6/30, Batch 150/3348, Loss: 0.2107
2025-10-10 04:56:45,680 [INFO] Época 6/30, Batch 200/3348, Loss: 0.3218
2025-10-10 04:56:45,946 [INFO] Época 6/30, Batch 250/3348, Loss: 0.2239
2025-10-10 04:56:46,212 [INFO] Época 6/30, Batch 300/3348, Loss: 0.2746
2025-10-10 04:56:46,477 [INFO] Época 6/30, Batch 350/3348, Loss: 0.1793
2025-10-10 04:56:46,741 [INFO] Época 6/30, Batch 400/3348, Loss: 0.3077
2025-10-10 04:56:47,006 [INFO] Época 6/30, Batch 450/3348, Loss: 0.2171
2025-10-10 04:56:47,268 [INFO] Época 6/30, Batch 500/3348, Loss: 0.1506
2025-10-10 04:56:47,535 [INFO] Época 6/30, Batch 550/3348, Loss: 0.3081
2025-10-10 04:56:47,801 [INFO] Época 6/30, Batch 600/3348, Loss: 0.3655
2025-10-10 04:56:48,065 [INFO] Época 6/30, Batch 650/3348, Loss: 0.2661
2025-10-10 04:56:48,329 [INFO] Época 6/30, Batch 700/3348, Loss: 0.1600
2025-10-10 04:56:48,594 [INFO] Época 6/30, Batch 750/3348, Loss: 0.2241
2025-10-10 04:56:48,863 [INFO] Época 6/30, Batch 800/3348, Loss: 0.1622
2025-10-10 04:56:49,128 [INFO] Época 6/30, Batch 850/3348, Loss: 0.2748
2025-10-10 04:56:49,392 [INFO] Época 6/30, Batch 900/3348, Loss: 0.2177
2025-10-10 04:56:49,660 [INFO] Época 6/30, Batch 950/3348, Loss: 0.1913
2025-10-10 04:56:49,925 [INFO] Época 6/30, Batch 1000/3348, Loss: 0.2987
2025-10-10 04:56:50,190 [INFO] Época 6/30, Batch 1050/3348, Loss: 0.1365
2025-10-10 04:56:50,455 [INFO] Época 6/30, Batch 1100/3348, Loss: 0.2985
2025-10-10 04:56:50,719 [INFO] Época 6/30, Batch 1150/3348, Loss: 0.1847
2025-10-10 04:56:50,983 [INFO] Época 6/30, Batch 1200/3348, Loss: 0.2009
2025-10-10 04:56:51,249 [INFO] Época 6/30, Batch 1250/3348, Loss: 0.1701
2025-10-10 04:56:51,514 [INFO] Época 6/30, Batch 1300/3348, Loss: 0.2998
2025-10-10 04:56:51,779 [INFO] Época 6/30, Batch 1350/3348, Loss: 0.3036
2025-10-10 04:56:52,042 [INFO] Época 6/30, Batch 1400/3348, Loss: 0.2669
2025-10-10 04:56:52,305 [INFO] Época 6/30, Batch 1450/3348, Loss: 0.2597
2025-10-10 04:56:52,570 [INFO] Época 6/30, Batch 1500/3348, Loss: 0.1695
2025-10-10 04:56:52,835 [INFO] Época 6/30, Batch 1550/3348, Loss: 0.1745
2025-10-10 04:56:53,100 [INFO] Época 6/30, Batch 1600/3348, Loss: 0.2508
2025-10-10 04:56:53,366 [INFO] Época 6/30, Batch 1650/3348, Loss: 0.2793
2025-10-10 04:56:53,633 [INFO] Época 6/30, Batch 1700/3348, Loss: 0.2274
2025-10-10 04:56:53,900 [INFO] Época 6/30, Batch 1750/3348, Loss: 0.3576
2025-10-10 04:56:54,168 [INFO] Época 6/30, Batch 1800/3348, Loss: 0.2382
2025-10-10 04:56:54,433 [INFO] Época 6/30, Batch 1850/3348, Loss: 0.1578
2025-10-10 04:56:54,700 [INFO] Época 6/30, Batch 1900/3348, Loss: 0.2763
2025-10-10 04:56:54,967 [INFO] Época 6/30, Batch 1950/3348, Loss: 0.2059
2025-10-10 04:56:55,232 [INFO] Época 6/30, Batch 2000/3348, Loss: 0.2410
2025-10-10 04:56:55,499 [INFO] Época 6/30, Batch 2050/3348, Loss: 0.2172
2025-10-10 04:56:55,765 [INFO] Época 6/30, Batch 2100/3348, Loss: 0.1531
2025-10-10 04:56:56,030 [INFO] Época 6/30, Batch 2150/3348, Loss: 0.2021
2025-10-10 04:56:56,296 [INFO] Época 6/30, Batch 2200/3348, Loss: 0.2507
2025-10-10 04:56:56,561 [INFO] Época 6/30, Batch 2250/3348, Loss: 0.2666
2025-10-10 04:56:56,828 [INFO] Época 6/30, Batch 2300/3348, Loss: 0.2680
2025-10-10 04:56:57,091 [INFO] Época 6/30, Batch 2350/3348, Loss: 0.3893
2025-10-10 04:56:57,356 [INFO] Época 6/30, Batch 2400/3348, Loss: 0.2246
2025-10-10 04:56:57,624 [INFO] Época 6/30, Batch 2450/3348, Loss: 0.2414
2025-10-10 04:56:57,889 [INFO] Época 6/30, Batch 2500/3348, Loss: 0.2509
2025-10-10 04:56:58,154 [INFO] Época 6/30, Batch 2550/3348, Loss: 0.2328
2025-10-10 04:56:58,420 [INFO] Época 6/30, Batch 2600/3348, Loss: 0.2966
2025-10-10 04:56:58,686 [INFO] Época 6/30, Batch 2650/3348, Loss: 0.1704
2025-10-10 04:56:58,950 [INFO] Época 6/30, Batch 2700/3348, Loss: 0.2845
2025-10-10 04:56:59,216 [INFO] Época 6/30, Batch 2750/3348, Loss: 0.1503
2025-10-10 04:56:59,482 [INFO] Época 6/30, Batch 2800/3348, Loss: 0.2308
2025-10-10 04:56:59,759 [INFO] Época 6/30, Batch 2850/3348, Loss: 0.2458
2025-10-10 04:57:00,024 [INFO] Época 6/30, Batch 2900/3348, Loss: 0.2840
2025-10-10 04:57:00,289 [INFO] Época 6/30, Batch 2950/3348, Loss: 0.2148
2025-10-10 04:57:00,553 [INFO] Época 6/30, Batch 3000/3348, Loss: 0.2038
2025-10-10 04:57:00,818 [INFO] Época 6/30, Batch 3050/3348, Loss: 0.2863
2025-10-10 04:57:01,083 [INFO] Época 6/30, Batch 3100/3348, Loss: 0.1360
2025-10-10 04:57:01,348 [INFO] Época 6/30, Batch 3150/3348, Loss: 0.2820
2025-10-10 04:57:01,614 [INFO] Época 6/30, Batch 3200/3348, Loss: 0.1985
2025-10-10 04:57:01,879 [INFO] Época 6/30, Batch 3250/3348, Loss: 0.2694
2025-10-10 04:57:02,145 [INFO] Época 6/30, Batch 3300/3348, Loss: 0.1522
2025-10-10 04:57:04,077 [INFO] [6/30] Train Loss: 0.2326 | Val Loss: 0.5863 | Tempo: 19.80s
2025-10-10 04:57:04,668 [INFO] Época 7/30, Batch 50/3348, Loss: 0.2492
2025-10-10 04:57:04,941 [INFO] Época 7/30, Batch 100/3348, Loss: 0.2534
2025-10-10 04:57:05,207 [INFO] Época 7/30, Batch 150/3348, Loss: 0.2379
2025-10-10 04:57:05,472 [INFO] Época 7/30, Batch 200/3348, Loss: 0.1918
2025-10-10 04:57:05,735 [INFO] Época 7/30, Batch 250/3348, Loss: 0.2319
2025-10-10 04:57:05,999 [INFO] Época 7/30, Batch 300/3348, Loss: 0.2976
2025-10-10 04:57:06,262 [INFO] Época 7/30, Batch 350/3348, Loss: 0.1977
2025-10-10 04:57:06,524 [INFO] Época 7/30, Batch 400/3348, Loss: 0.2072
2025-10-10 04:57:06,786 [INFO] Época 7/30, Batch 450/3348, Loss: 0.2446
2025-10-10 04:57:07,050 [INFO] Época 7/30, Batch 500/3348, Loss: 0.1728
2025-10-10 04:57:07,315 [INFO] Época 7/30, Batch 550/3348, Loss: 0.1954
2025-10-10 04:57:07,578 [INFO] Época 7/30, Batch 600/3348, Loss: 0.2026
2025-10-10 04:57:07,841 [INFO] Época 7/30, Batch 650/3348, Loss: 0.1702
2025-10-10 04:57:08,105 [INFO] Época 7/30, Batch 700/3348, Loss: 0.2647
2025-10-10 04:57:08,366 [INFO] Época 7/30, Batch 750/3348, Loss: 0.2962
2025-10-10 04:57:08,629 [INFO] Época 7/30, Batch 800/3348, Loss: 0.1388
2025-10-10 04:57:08,891 [INFO] Época 7/30, Batch 850/3348, Loss: 0.2128
2025-10-10 04:57:09,153 [INFO] Época 7/30, Batch 900/3348, Loss: 0.1928
2025-10-10 04:57:09,416 [INFO] Época 7/30, Batch 950/3348, Loss: 0.1763
2025-10-10 04:57:09,678 [INFO] Época 7/30, Batch 1000/3348, Loss: 0.3155
2025-10-10 04:57:09,942 [INFO] Época 7/30, Batch 1050/3348, Loss: 0.2074
2025-10-10 04:57:10,204 [INFO] Época 7/30, Batch 1100/3348, Loss: 0.1947
2025-10-10 04:57:10,466 [INFO] Época 7/30, Batch 1150/3348, Loss: 0.2093
2025-10-10 04:57:10,730 [INFO] Época 7/30, Batch 1200/3348, Loss: 0.2158
2025-10-10 04:57:10,994 [INFO] Época 7/30, Batch 1250/3348, Loss: 0.2470
2025-10-10 04:57:11,257 [INFO] Época 7/30, Batch 1300/3348, Loss: 0.2815
2025-10-10 04:57:11,522 [INFO] Época 7/30, Batch 1350/3348, Loss: 0.1716
2025-10-10 04:57:11,784 [INFO] Época 7/30, Batch 1400/3348, Loss: 0.1836
2025-10-10 04:57:12,048 [INFO] Época 7/30, Batch 1450/3348, Loss: 0.2230
2025-10-10 04:57:12,310 [INFO] Época 7/30, Batch 1500/3348, Loss: 0.1565
2025-10-10 04:57:12,572 [INFO] Época 7/30, Batch 1550/3348, Loss: 0.2712
2025-10-10 04:57:12,834 [INFO] Época 7/30, Batch 1600/3348, Loss: 0.2698
2025-10-10 04:57:13,096 [INFO] Época 7/30, Batch 1650/3348, Loss: 0.2597
2025-10-10 04:57:13,358 [INFO] Época 7/30, Batch 1700/3348, Loss: 0.2025
2025-10-10 04:57:13,618 [INFO] Época 7/30, Batch 1750/3348, Loss: 0.1545
2025-10-10 04:57:13,878 [INFO] Época 7/30, Batch 1800/3348, Loss: 0.2482
2025-10-10 04:57:14,139 [INFO] Época 7/30, Batch 1850/3348, Loss: 0.1870
2025-10-10 04:57:14,400 [INFO] Época 7/30, Batch 1900/3348, Loss: 0.1936
2025-10-10 04:57:14,661 [INFO] Época 7/30, Batch 1950/3348, Loss: 0.2031
2025-10-10 04:57:14,921 [INFO] Época 7/30, Batch 2000/3348, Loss: 0.2265
2025-10-10 04:57:15,183 [INFO] Época 7/30, Batch 2050/3348, Loss: 0.2451
2025-10-10 04:57:15,448 [INFO] Época 7/30, Batch 2100/3348, Loss: 0.2142
2025-10-10 04:57:15,709 [INFO] Época 7/30, Batch 2150/3348, Loss: 0.2091
2025-10-10 04:57:15,970 [INFO] Época 7/30, Batch 2200/3348, Loss: 0.1718
2025-10-10 04:57:16,231 [INFO] Época 7/30, Batch 2250/3348, Loss: 0.2610
2025-10-10 04:57:16,491 [INFO] Época 7/30, Batch 2300/3348, Loss: 0.2506
2025-10-10 04:57:16,755 [INFO] Época 7/30, Batch 2350/3348, Loss: 0.1577
2025-10-10 04:57:17,025 [INFO] Época 7/30, Batch 2400/3348, Loss: 0.1989
2025-10-10 04:57:17,298 [INFO] Época 7/30, Batch 2450/3348, Loss: 0.2618
2025-10-10 04:57:17,563 [INFO] Época 7/30, Batch 2500/3348, Loss: 0.2042
2025-10-10 04:57:17,825 [INFO] Época 7/30, Batch 2550/3348, Loss: 0.1683
2025-10-10 04:57:18,087 [INFO] Época 7/30, Batch 2600/3348, Loss: 0.1877
2025-10-10 04:57:18,349 [INFO] Época 7/30, Batch 2650/3348, Loss: 0.2059
2025-10-10 04:57:18,609 [INFO] Época 7/30, Batch 2700/3348, Loss: 0.1458
2025-10-10 04:57:18,881 [INFO] Época 7/30, Batch 2750/3348, Loss: 0.2401
2025-10-10 04:57:19,157 [INFO] Época 7/30, Batch 2800/3348, Loss: 0.1306
2025-10-10 04:57:19,424 [INFO] Época 7/30, Batch 2850/3348, Loss: 0.2250
2025-10-10 04:57:19,692 [INFO] Época 7/30, Batch 2900/3348, Loss: 0.1958
2025-10-10 04:57:19,966 [INFO] Época 7/30, Batch 2950/3348, Loss: 0.2140
2025-10-10 04:57:20,251 [INFO] Época 7/30, Batch 3000/3348, Loss: 0.3128
2025-10-10 04:57:20,522 [INFO] Época 7/30, Batch 3050/3348, Loss: 0.2876
2025-10-10 04:57:20,794 [INFO] Época 7/30, Batch 3100/3348, Loss: 0.2279
2025-10-10 04:57:21,064 [INFO] Época 7/30, Batch 3150/3348, Loss: 0.1945
2025-10-10 04:57:21,334 [INFO] Época 7/30, Batch 3200/3348, Loss: 0.1931
2025-10-10 04:57:21,605 [INFO] Época 7/30, Batch 3250/3348, Loss: 0.1939
2025-10-10 04:57:21,869 [INFO] Época 7/30, Batch 3300/3348, Loss: 0.2626
2025-10-10 04:57:23,624 [INFO] [7/30] Train Loss: 0.2219 | Val Loss: 0.5824 | Tempo: 19.55s
2025-10-10 04:57:24,192 [INFO] Época 8/30, Batch 50/3348, Loss: 0.1903
2025-10-10 04:57:24,465 [INFO] Época 8/30, Batch 100/3348, Loss: 0.2364
2025-10-10 04:57:24,736 [INFO] Época 8/30, Batch 150/3348, Loss: 0.1987
2025-10-10 04:57:25,004 [INFO] Época 8/30, Batch 200/3348, Loss: 0.2745
2025-10-10 04:57:25,272 [INFO] Época 8/30, Batch 250/3348, Loss: 0.3050
2025-10-10 04:57:25,540 [INFO] Época 8/30, Batch 300/3348, Loss: 0.2293
2025-10-10 04:57:25,806 [INFO] Época 8/30, Batch 350/3348, Loss: 0.2646
2025-10-10 04:57:26,072 [INFO] Época 8/30, Batch 400/3348, Loss: 0.1783
2025-10-10 04:57:26,337 [INFO] Época 8/30, Batch 450/3348, Loss: 0.2631
2025-10-10 04:57:26,603 [INFO] Época 8/30, Batch 500/3348, Loss: 0.2171
2025-10-10 04:57:26,868 [INFO] Época 8/30, Batch 550/3348, Loss: 0.2051
2025-10-10 04:57:27,132 [INFO] Época 8/30, Batch 600/3348, Loss: 0.1611
2025-10-10 04:57:27,393 [INFO] Época 8/30, Batch 650/3348, Loss: 0.1296
2025-10-10 04:57:27,648 [INFO] Época 8/30, Batch 700/3348, Loss: 0.0913
2025-10-10 04:57:27,901 [INFO] Época 8/30, Batch 750/3348, Loss: 0.3082
2025-10-10 04:57:28,161 [INFO] Época 8/30, Batch 800/3348, Loss: 0.2547
2025-10-10 04:57:28,423 [INFO] Época 8/30, Batch 850/3348, Loss: 0.1984
2025-10-10 04:57:28,686 [INFO] Época 8/30, Batch 900/3348, Loss: 0.1780
2025-10-10 04:57:28,948 [INFO] Época 8/30, Batch 950/3348, Loss: 0.2081
2025-10-10 04:57:29,212 [INFO] Época 8/30, Batch 1000/3348, Loss: 0.1724
2025-10-10 04:57:29,475 [INFO] Época 8/30, Batch 1050/3348, Loss: 0.1997
2025-10-10 04:57:29,738 [INFO] Época 8/30, Batch 1100/3348, Loss: 0.2145
2025-10-10 04:57:29,998 [INFO] Época 8/30, Batch 1150/3348, Loss: 0.1841
2025-10-10 04:57:30,258 [INFO] Época 8/30, Batch 1200/3348, Loss: 0.2330
2025-10-10 04:57:30,529 [INFO] Época 8/30, Batch 1250/3348, Loss: 0.2154
2025-10-10 04:57:30,788 [INFO] Época 8/30, Batch 1300/3348, Loss: 0.2258
2025-10-10 04:57:31,048 [INFO] Época 8/30, Batch 1350/3348, Loss: 0.2371
2025-10-10 04:57:31,310 [INFO] Época 8/30, Batch 1400/3348, Loss: 0.2715
2025-10-10 04:57:31,573 [INFO] Época 8/30, Batch 1450/3348, Loss: 0.1527
2025-10-10 04:57:31,835 [INFO] Época 8/30, Batch 1500/3348, Loss: 0.2044
2025-10-10 04:57:32,099 [INFO] Época 8/30, Batch 1550/3348, Loss: 0.2045
2025-10-10 04:57:32,360 [INFO] Época 8/30, Batch 1600/3348, Loss: 0.2239
2025-10-10 04:57:32,630 [INFO] Época 8/30, Batch 1650/3348, Loss: 0.2197
2025-10-10 04:57:32,891 [INFO] Época 8/30, Batch 1700/3348, Loss: 0.1882
2025-10-10 04:57:33,151 [INFO] Época 8/30, Batch 1750/3348, Loss: 0.2674
2025-10-10 04:57:33,408 [INFO] Época 8/30, Batch 1800/3348, Loss: 0.1563
2025-10-10 04:57:33,667 [INFO] Época 8/30, Batch 1850/3348, Loss: 0.1984
2025-10-10 04:57:33,938 [INFO] Época 8/30, Batch 1900/3348, Loss: 0.1855
2025-10-10 04:57:34,208 [INFO] Época 8/30, Batch 1950/3348, Loss: 0.2507
2025-10-10 04:57:34,477 [INFO] Época 8/30, Batch 2000/3348, Loss: 0.2710
2025-10-10 04:57:34,744 [INFO] Época 8/30, Batch 2050/3348, Loss: 0.2493
2025-10-10 04:57:35,014 [INFO] Época 8/30, Batch 2100/3348, Loss: 0.2085
2025-10-10 04:57:35,285 [INFO] Época 8/30, Batch 2150/3348, Loss: 0.3844
2025-10-10 04:57:35,564 [INFO] Época 8/30, Batch 2200/3348, Loss: 0.2427
2025-10-10 04:57:35,832 [INFO] Época 8/30, Batch 2250/3348, Loss: 0.2834
2025-10-10 04:57:36,101 [INFO] Época 8/30, Batch 2300/3348, Loss: 0.1933
2025-10-10 04:57:36,370 [INFO] Época 8/30, Batch 2350/3348, Loss: 0.2118
2025-10-10 04:57:36,640 [INFO] Época 8/30, Batch 2400/3348, Loss: 0.2494
2025-10-10 04:57:36,908 [INFO] Época 8/30, Batch 2450/3348, Loss: 0.1698
2025-10-10 04:57:37,177 [INFO] Época 8/30, Batch 2500/3348, Loss: 0.2614
2025-10-10 04:57:37,445 [INFO] Época 8/30, Batch 2550/3348, Loss: 0.2300
2025-10-10 04:57:37,713 [INFO] Época 8/30, Batch 2600/3348, Loss: 0.2557
2025-10-10 04:57:37,984 [INFO] Época 8/30, Batch 2650/3348, Loss: 0.2709
2025-10-10 04:57:38,255 [INFO] Época 8/30, Batch 2700/3348, Loss: 0.2086
2025-10-10 04:57:38,525 [INFO] Época 8/30, Batch 2750/3348, Loss: 0.2025
2025-10-10 04:57:38,791 [INFO] Época 8/30, Batch 2800/3348, Loss: 0.1452
2025-10-10 04:57:39,054 [INFO] Época 8/30, Batch 2850/3348, Loss: 0.2467
2025-10-10 04:57:39,318 [INFO] Época 8/30, Batch 2900/3348, Loss: 0.1523
2025-10-10 04:57:39,580 [INFO] Época 8/30, Batch 2950/3348, Loss: 0.1777
2025-10-10 04:57:39,840 [INFO] Época 8/30, Batch 3000/3348, Loss: 0.1758
2025-10-10 04:57:40,101 [INFO] Época 8/30, Batch 3050/3348, Loss: 0.1675
2025-10-10 04:57:40,362 [INFO] Época 8/30, Batch 3100/3348, Loss: 0.1405
2025-10-10 04:57:40,623 [INFO] Época 8/30, Batch 3150/3348, Loss: 0.2791
2025-10-10 04:57:40,891 [INFO] Época 8/30, Batch 3200/3348, Loss: 0.1485
2025-10-10 04:57:41,159 [INFO] Época 8/30, Batch 3250/3348, Loss: 0.1584
2025-10-10 04:57:41,427 [INFO] Época 8/30, Batch 3300/3348, Loss: 0.2897
2025-10-10 04:57:43,360 [INFO] [8/30] Train Loss: 0.2130 | Val Loss: 0.6569 | Tempo: 19.74s
2025-10-10 04:57:43,945 [INFO] Época 9/30, Batch 50/3348, Loss: 0.2010
2025-10-10 04:57:44,216 [INFO] Época 9/30, Batch 100/3348, Loss: 0.1908
2025-10-10 04:57:44,488 [INFO] Época 9/30, Batch 150/3348, Loss: 0.1693
2025-10-10 04:57:44,755 [INFO] Época 9/30, Batch 200/3348, Loss: 0.2192
2025-10-10 04:57:45,022 [INFO] Época 9/30, Batch 250/3348, Loss: 0.1506
2025-10-10 04:57:45,288 [INFO] Época 9/30, Batch 300/3348, Loss: 0.2206
2025-10-10 04:57:45,555 [INFO] Época 9/30, Batch 350/3348, Loss: 0.2800
2025-10-10 04:57:45,824 [INFO] Época 9/30, Batch 400/3348, Loss: 0.2409
2025-10-10 04:57:46,089 [INFO] Época 9/30, Batch 450/3348, Loss: 0.1879
2025-10-10 04:57:46,353 [INFO] Época 9/30, Batch 500/3348, Loss: 0.1829
2025-10-10 04:57:46,619 [INFO] Época 9/30, Batch 550/3348, Loss: 0.3419
2025-10-10 04:57:46,885 [INFO] Época 9/30, Batch 600/3348, Loss: 0.1665
2025-10-10 04:57:47,151 [INFO] Época 9/30, Batch 650/3348, Loss: 0.1855
2025-10-10 04:57:47,415 [INFO] Época 9/30, Batch 700/3348, Loss: 0.1565
2025-10-10 04:57:47,680 [INFO] Época 9/30, Batch 750/3348, Loss: 0.2262
2025-10-10 04:57:47,941 [INFO] Época 9/30, Batch 800/3348, Loss: 0.2036
2025-10-10 04:57:48,203 [INFO] Época 9/30, Batch 850/3348, Loss: 0.2594
2025-10-10 04:57:48,467 [INFO] Época 9/30, Batch 900/3348, Loss: 0.2725
2025-10-10 04:57:48,733 [INFO] Época 9/30, Batch 950/3348, Loss: 0.2213
2025-10-10 04:57:48,996 [INFO] Época 9/30, Batch 1000/3348, Loss: 0.2445
2025-10-10 04:57:49,259 [INFO] Época 9/30, Batch 1050/3348, Loss: 0.2295
2025-10-10 04:57:49,520 [INFO] Época 9/30, Batch 1100/3348, Loss: 0.1691
2025-10-10 04:57:49,784 [INFO] Época 9/30, Batch 1150/3348, Loss: 0.1763
2025-10-10 04:57:50,049 [INFO] Época 9/30, Batch 1200/3348, Loss: 0.1764
2025-10-10 04:57:50,313 [INFO] Época 9/30, Batch 1250/3348, Loss: 0.1403
2025-10-10 04:57:50,576 [INFO] Época 9/30, Batch 1300/3348, Loss: 0.1791
2025-10-10 04:57:50,849 [INFO] Época 9/30, Batch 1350/3348, Loss: 0.1880
2025-10-10 04:57:51,114 [INFO] Época 9/30, Batch 1400/3348, Loss: 0.2240
2025-10-10 04:57:51,378 [INFO] Época 9/30, Batch 1450/3348, Loss: 0.1688
2025-10-10 04:57:51,640 [INFO] Época 9/30, Batch 1500/3348, Loss: 0.1899
2025-10-10 04:57:51,903 [INFO] Época 9/30, Batch 1550/3348, Loss: 0.1992
2025-10-10 04:57:52,166 [INFO] Época 9/30, Batch 1600/3348, Loss: 0.2417
2025-10-10 04:57:52,430 [INFO] Época 9/30, Batch 1650/3348, Loss: 0.2104
2025-10-10 04:57:52,693 [INFO] Época 9/30, Batch 1700/3348, Loss: 0.1444
2025-10-10 04:57:52,955 [INFO] Época 9/30, Batch 1750/3348, Loss: 0.2232
2025-10-10 04:57:53,217 [INFO] Época 9/30, Batch 1800/3348, Loss: 0.2470
2025-10-10 04:57:53,479 [INFO] Época 9/30, Batch 1850/3348, Loss: 0.1504
2025-10-10 04:57:53,744 [INFO] Época 9/30, Batch 1900/3348, Loss: 0.1372
2025-10-10 04:57:54,006 [INFO] Época 9/30, Batch 1950/3348, Loss: 0.2730
2025-10-10 04:57:54,269 [INFO] Época 9/30, Batch 2000/3348, Loss: 0.2515
2025-10-10 04:57:54,534 [INFO] Época 9/30, Batch 2050/3348, Loss: 0.2288
2025-10-10 04:57:54,797 [INFO] Época 9/30, Batch 2100/3348, Loss: 0.1857
2025-10-10 04:57:55,060 [INFO] Época 9/30, Batch 2150/3348, Loss: 0.1754
2025-10-10 04:57:55,322 [INFO] Época 9/30, Batch 2200/3348, Loss: 0.1768
2025-10-10 04:57:55,583 [INFO] Época 9/30, Batch 2250/3348, Loss: 0.1934
2025-10-10 04:57:55,858 [INFO] Época 9/30, Batch 2300/3348, Loss: 0.2481
2025-10-10 04:57:56,122 [INFO] Época 9/30, Batch 2350/3348, Loss: 0.2053
2025-10-10 04:57:56,385 [INFO] Época 9/30, Batch 2400/3348, Loss: 0.2644
2025-10-10 04:57:56,650 [INFO] Época 9/30, Batch 2450/3348, Loss: 0.2147
2025-10-10 04:57:56,913 [INFO] Época 9/30, Batch 2500/3348, Loss: 0.1329
2025-10-10 04:57:57,180 [INFO] Época 9/30, Batch 2550/3348, Loss: 0.1874
2025-10-10 04:57:57,443 [INFO] Época 9/30, Batch 2600/3348, Loss: 0.1836
2025-10-10 04:57:57,705 [INFO] Época 9/30, Batch 2650/3348, Loss: 0.2864
2025-10-10 04:57:57,968 [INFO] Época 9/30, Batch 2700/3348, Loss: 0.2092
2025-10-10 04:57:58,230 [INFO] Época 9/30, Batch 2750/3348, Loss: 0.1810
2025-10-10 04:57:58,492 [INFO] Época 9/30, Batch 2800/3348, Loss: 0.2815
2025-10-10 04:57:58,755 [INFO] Época 9/30, Batch 2850/3348, Loss: 0.2809
2025-10-10 04:57:59,015 [INFO] Época 9/30, Batch 2900/3348, Loss: 0.3057
2025-10-10 04:57:59,275 [INFO] Época 9/30, Batch 2950/3348, Loss: 0.1987
2025-10-10 04:57:59,536 [INFO] Época 9/30, Batch 3000/3348, Loss: 0.2989
2025-10-10 04:57:59,798 [INFO] Época 9/30, Batch 3050/3348, Loss: 0.3383
2025-10-10 04:58:00,060 [INFO] Época 9/30, Batch 3100/3348, Loss: 0.1680
2025-10-10 04:58:00,323 [INFO] Época 9/30, Batch 3150/3348, Loss: 0.1199
2025-10-10 04:58:00,587 [INFO] Época 9/30, Batch 3200/3348, Loss: 0.2810
2025-10-10 04:58:00,861 [INFO] Época 9/30, Batch 3250/3348, Loss: 0.3548
2025-10-10 04:58:01,124 [INFO] Época 9/30, Batch 3300/3348, Loss: 0.1884
2025-10-10 04:58:03,038 [INFO] [9/30] Train Loss: 0.2059 | Val Loss: 0.6141 | Tempo: 19.68s
2025-10-10 04:58:03,627 [INFO] Época 10/30, Batch 50/3348, Loss: 0.1751
2025-10-10 04:58:03,896 [INFO] Época 10/30, Batch 100/3348, Loss: 0.2197
2025-10-10 04:58:04,161 [INFO] Época 10/30, Batch 150/3348, Loss: 0.1896
2025-10-10 04:58:04,425 [INFO] Época 10/30, Batch 200/3348, Loss: 0.1416
2025-10-10 04:58:04,689 [INFO] Época 10/30, Batch 250/3348, Loss: 0.1083
2025-10-10 04:58:04,953 [INFO] Época 10/30, Batch 300/3348, Loss: 0.3076
2025-10-10 04:58:05,216 [INFO] Época 10/30, Batch 350/3348, Loss: 0.1921
2025-10-10 04:58:05,480 [INFO] Época 10/30, Batch 400/3348, Loss: 0.1553
2025-10-10 04:58:05,744 [INFO] Época 10/30, Batch 450/3348, Loss: 0.2063
2025-10-10 04:58:06,006 [INFO] Época 10/30, Batch 500/3348, Loss: 0.2626
2025-10-10 04:58:06,267 [INFO] Época 10/30, Batch 550/3348, Loss: 0.1191
2025-10-10 04:58:06,528 [INFO] Época 10/30, Batch 600/3348, Loss: 0.1375
2025-10-10 04:58:06,791 [INFO] Época 10/30, Batch 650/3348, Loss: 0.1381
2025-10-10 04:58:07,053 [INFO] Época 10/30, Batch 700/3348, Loss: 0.2547
2025-10-10 04:58:07,313 [INFO] Época 10/30, Batch 750/3348, Loss: 0.2037
2025-10-10 04:58:07,572 [INFO] Época 10/30, Batch 800/3348, Loss: 0.2146
2025-10-10 04:58:07,832 [INFO] Época 10/30, Batch 850/3348, Loss: 0.1851
2025-10-10 04:58:08,094 [INFO] Época 10/30, Batch 900/3348, Loss: 0.1850
2025-10-10 04:58:08,356 [INFO] Época 10/30, Batch 950/3348, Loss: 0.1365
2025-10-10 04:58:08,618 [INFO] Época 10/30, Batch 1000/3348, Loss: 0.1752
2025-10-10 04:58:08,879 [INFO] Época 10/30, Batch 1050/3348, Loss: 0.2452
2025-10-10 04:58:09,139 [INFO] Época 10/30, Batch 1100/3348, Loss: 0.1299
2025-10-10 04:58:09,400 [INFO] Época 10/30, Batch 1150/3348, Loss: 0.2116
2025-10-10 04:58:09,662 [INFO] Época 10/30, Batch 1200/3348, Loss: 0.1262
2025-10-10 04:58:09,924 [INFO] Época 10/30, Batch 1250/3348, Loss: 0.2361
2025-10-10 04:58:10,184 [INFO] Época 10/30, Batch 1300/3348, Loss: 0.2299
2025-10-10 04:58:10,445 [INFO] Época 10/30, Batch 1350/3348, Loss: 0.1913
2025-10-10 04:58:10,708 [INFO] Época 10/30, Batch 1400/3348, Loss: 0.2189
2025-10-10 04:58:10,966 [INFO] Época 10/30, Batch 1450/3348, Loss: 0.2262
2025-10-10 04:58:11,220 [INFO] Época 10/30, Batch 1500/3348, Loss: 0.2996
2025-10-10 04:58:11,472 [INFO] Época 10/30, Batch 1550/3348, Loss: 0.1991
2025-10-10 04:58:11,726 [INFO] Época 10/30, Batch 1600/3348, Loss: 0.1835
2025-10-10 04:58:11,978 [INFO] Época 10/30, Batch 1650/3348, Loss: 0.1702
2025-10-10 04:58:12,233 [INFO] Época 10/30, Batch 1700/3348, Loss: 0.1263
2025-10-10 04:58:12,486 [INFO] Época 10/30, Batch 1750/3348, Loss: 0.2004
2025-10-10 04:58:12,739 [INFO] Época 10/30, Batch 1800/3348, Loss: 0.1198
2025-10-10 04:58:12,992 [INFO] Época 10/30, Batch 1850/3348, Loss: 0.2170
2025-10-10 04:58:13,246 [INFO] Época 10/30, Batch 1900/3348, Loss: 0.1912
2025-10-10 04:58:13,504 [INFO] Época 10/30, Batch 1950/3348, Loss: 0.1150
2025-10-10 04:58:13,767 [INFO] Época 10/30, Batch 2000/3348, Loss: 0.1593
2025-10-10 04:58:14,028 [INFO] Época 10/30, Batch 2050/3348, Loss: 0.2570
2025-10-10 04:58:14,289 [INFO] Época 10/30, Batch 2100/3348, Loss: 0.2798
2025-10-10 04:58:14,550 [INFO] Época 10/30, Batch 2150/3348, Loss: 0.1639
2025-10-10 04:58:14,814 [INFO] Época 10/30, Batch 2200/3348, Loss: 0.2069
2025-10-10 04:58:15,076 [INFO] Época 10/30, Batch 2250/3348, Loss: 0.3028
2025-10-10 04:58:15,337 [INFO] Época 10/30, Batch 2300/3348, Loss: 0.1358
2025-10-10 04:58:15,599 [INFO] Época 10/30, Batch 2350/3348, Loss: 0.2253
2025-10-10 04:58:15,861 [INFO] Época 10/30, Batch 2400/3348, Loss: 0.2159
2025-10-10 04:58:16,123 [INFO] Época 10/30, Batch 2450/3348, Loss: 0.1828
2025-10-10 04:58:16,386 [INFO] Época 10/30, Batch 2500/3348, Loss: 0.1821
2025-10-10 04:58:16,648 [INFO] Época 10/30, Batch 2550/3348, Loss: 0.2117
2025-10-10 04:58:16,911 [INFO] Época 10/30, Batch 2600/3348, Loss: 0.2224
2025-10-10 04:58:17,173 [INFO] Época 10/30, Batch 2650/3348, Loss: 0.2211
2025-10-10 04:58:17,438 [INFO] Época 10/30, Batch 2700/3348, Loss: 0.2494
2025-10-10 04:58:17,701 [INFO] Época 10/30, Batch 2750/3348, Loss: 0.2034
2025-10-10 04:58:17,961 [INFO] Época 10/30, Batch 2800/3348, Loss: 0.1759
2025-10-10 04:58:18,225 [INFO] Época 10/30, Batch 2850/3348, Loss: 0.2120
2025-10-10 04:58:18,485 [INFO] Época 10/30, Batch 2900/3348, Loss: 0.2135
2025-10-10 04:58:18,747 [INFO] Época 10/30, Batch 2950/3348, Loss: 0.1934
2025-10-10 04:58:19,011 [INFO] Época 10/30, Batch 3000/3348, Loss: 0.2385
2025-10-10 04:58:19,276 [INFO] Época 10/30, Batch 3050/3348, Loss: 0.2042
2025-10-10 04:58:19,539 [INFO] Época 10/30, Batch 3100/3348, Loss: 0.1204
2025-10-10 04:58:19,800 [INFO] Época 10/30, Batch 3150/3348, Loss: 0.1989
2025-10-10 04:58:20,062 [INFO] Época 10/30, Batch 3200/3348, Loss: 0.2069
2025-10-10 04:58:20,326 [INFO] Época 10/30, Batch 3250/3348, Loss: 0.1787
2025-10-10 04:58:20,589 [INFO] Época 10/30, Batch 3300/3348, Loss: 0.3177
2025-10-10 04:58:22,500 [INFO] [10/30] Train Loss: 0.1995 | Val Loss: 0.6281 | Tempo: 19.46s
2025-10-10 04:58:23,091 [INFO] Época 11/30, Batch 50/3348, Loss: 0.2837
2025-10-10 04:58:23,364 [INFO] Época 11/30, Batch 100/3348, Loss: 0.0994
2025-10-10 04:58:23,634 [INFO] Época 11/30, Batch 150/3348, Loss: 0.2432
2025-10-10 04:58:23,905 [INFO] Época 11/30, Batch 200/3348, Loss: 0.1698
2025-10-10 04:58:24,172 [INFO] Época 11/30, Batch 250/3348, Loss: 0.2113
2025-10-10 04:58:24,441 [INFO] Época 11/30, Batch 300/3348, Loss: 0.1933
2025-10-10 04:58:24,708 [INFO] Época 11/30, Batch 350/3348, Loss: 0.0862
2025-10-10 04:58:24,972 [INFO] Época 11/30, Batch 400/3348, Loss: 0.1821
2025-10-10 04:58:25,236 [INFO] Época 11/30, Batch 450/3348, Loss: 0.1677
2025-10-10 04:58:25,499 [INFO] Época 11/30, Batch 500/3348, Loss: 0.1690
2025-10-10 04:58:25,766 [INFO] Época 11/30, Batch 550/3348, Loss: 0.2596
2025-10-10 04:58:26,032 [INFO] Época 11/30, Batch 600/3348, Loss: 0.2181
2025-10-10 04:58:26,298 [INFO] Época 11/30, Batch 650/3348, Loss: 0.1840
2025-10-10 04:58:26,564 [INFO] Época 11/30, Batch 700/3348, Loss: 0.1437
2025-10-10 04:58:26,828 [INFO] Época 11/30, Batch 750/3348, Loss: 0.1668
2025-10-10 04:58:27,093 [INFO] Época 11/30, Batch 800/3348, Loss: 0.1605
2025-10-10 04:58:27,358 [INFO] Época 11/30, Batch 850/3348, Loss: 0.1692
2025-10-10 04:58:27,624 [INFO] Época 11/30, Batch 900/3348, Loss: 0.1493
2025-10-10 04:58:27,900 [INFO] Época 11/30, Batch 950/3348, Loss: 0.1876
2025-10-10 04:58:28,161 [INFO] Época 11/30, Batch 1000/3348, Loss: 0.1984
2025-10-10 04:58:28,423 [INFO] Época 11/30, Batch 1050/3348, Loss: 0.2433
2025-10-10 04:58:28,686 [INFO] Época 11/30, Batch 1100/3348, Loss: 0.1994
2025-10-10 04:58:28,950 [INFO] Época 11/30, Batch 1150/3348, Loss: 0.1873
2025-10-10 04:58:29,219 [INFO] Época 11/30, Batch 1200/3348, Loss: 0.1911
2025-10-10 04:58:29,487 [INFO] Época 11/30, Batch 1250/3348, Loss: 0.1484
2025-10-10 04:58:29,753 [INFO] Época 11/30, Batch 1300/3348, Loss: 0.1864
2025-10-10 04:58:30,018 [INFO] Época 11/30, Batch 1350/3348, Loss: 0.1316
2025-10-10 04:58:30,285 [INFO] Época 11/30, Batch 1400/3348, Loss: 0.2091
2025-10-10 04:58:30,553 [INFO] Época 11/30, Batch 1450/3348, Loss: 0.1890
2025-10-10 04:58:30,818 [INFO] Época 11/30, Batch 1500/3348, Loss: 0.1503
2025-10-10 04:58:31,083 [INFO] Época 11/30, Batch 1550/3348, Loss: 0.2186
2025-10-10 04:58:31,347 [INFO] Época 11/30, Batch 1600/3348, Loss: 0.1616
2025-10-10 04:58:31,612 [INFO] Época 11/30, Batch 1650/3348, Loss: 0.2522
2025-10-10 04:58:31,878 [INFO] Época 11/30, Batch 1700/3348, Loss: 0.1540
2025-10-10 04:58:32,142 [INFO] Época 11/30, Batch 1750/3348, Loss: 0.1416
2025-10-10 04:58:32,408 [INFO] Época 11/30, Batch 1800/3348, Loss: 0.2027
2025-10-10 04:58:32,673 [INFO] Época 11/30, Batch 1850/3348, Loss: 0.1350
2025-10-10 04:58:32,948 [INFO] Época 11/30, Batch 1900/3348, Loss: 0.2420
2025-10-10 04:58:33,212 [INFO] Época 11/30, Batch 1950/3348, Loss: 0.1893
2025-10-10 04:58:33,476 [INFO] Época 11/30, Batch 2000/3348, Loss: 0.1782
2025-10-10 04:58:33,742 [INFO] Época 11/30, Batch 2050/3348, Loss: 0.2615
2025-10-10 04:58:34,008 [INFO] Época 11/30, Batch 2100/3348, Loss: 0.2544
2025-10-10 04:58:34,273 [INFO] Época 11/30, Batch 2150/3348, Loss: 0.1951
2025-10-10 04:58:34,538 [INFO] Época 11/30, Batch 2200/3348, Loss: 0.1640
2025-10-10 04:58:34,803 [INFO] Época 11/30, Batch 2250/3348, Loss: 0.1593
2025-10-10 04:58:35,069 [INFO] Época 11/30, Batch 2300/3348, Loss: 0.1404
2025-10-10 04:58:35,333 [INFO] Época 11/30, Batch 2350/3348, Loss: 0.2179
2025-10-10 04:58:35,598 [INFO] Época 11/30, Batch 2400/3348, Loss: 0.2583
2025-10-10 04:58:35,863 [INFO] Época 11/30, Batch 2450/3348, Loss: 0.2892
2025-10-10 04:58:36,128 [INFO] Época 11/30, Batch 2500/3348, Loss: 0.2453
2025-10-10 04:58:36,394 [INFO] Época 11/30, Batch 2550/3348, Loss: 0.2113
2025-10-10 04:58:36,658 [INFO] Época 11/30, Batch 2600/3348, Loss: 0.1962
2025-10-10 04:58:36,923 [INFO] Época 11/30, Batch 2650/3348, Loss: 0.2745
2025-10-10 04:58:37,187 [INFO] Época 11/30, Batch 2700/3348, Loss: 0.1787
2025-10-10 04:58:37,453 [INFO] Época 11/30, Batch 2750/3348, Loss: 0.2102
2025-10-10 04:58:37,718 [INFO] Época 11/30, Batch 2800/3348, Loss: 0.2618
2025-10-10 04:58:37,992 [INFO] Época 11/30, Batch 2850/3348, Loss: 0.1951
2025-10-10 04:58:38,258 [INFO] Época 11/30, Batch 2900/3348, Loss: 0.1867
2025-10-10 04:58:38,522 [INFO] Época 11/30, Batch 2950/3348, Loss: 0.2192
2025-10-10 04:58:38,792 [INFO] Época 11/30, Batch 3000/3348, Loss: 0.2606
2025-10-10 04:58:39,056 [INFO] Época 11/30, Batch 3050/3348, Loss: 0.1794
2025-10-10 04:58:39,320 [INFO] Época 11/30, Batch 3100/3348, Loss: 0.2787
2025-10-10 04:58:39,583 [INFO] Época 11/30, Batch 3150/3348, Loss: 0.1692
2025-10-10 04:58:39,850 [INFO] Época 11/30, Batch 3200/3348, Loss: 0.2422
2025-10-10 04:58:40,118 [INFO] Época 11/30, Batch 3250/3348, Loss: 0.1437
2025-10-10 04:58:40,381 [INFO] Época 11/30, Batch 3300/3348, Loss: 0.1854
2025-10-10 04:58:42,133 [INFO] [11/30] Train Loss: 0.1945 | Val Loss: 0.5608 | Tempo: 19.63s
2025-10-10 04:58:42,133 [INFO] Early stopping ativado após 10 épocas sem melhoria
2025-10-10 04:58:42,133 [INFO] Treinamento concluído em 216.58 segundos (3.61 minutos)
2025-10-10 04:58:42,133 [INFO] Iniciando avaliação no conjunto de teste...
2025-10-10 04:58:43,609 [INFO] Avaliação do teste concluída em 1.48 segundos
2025-10-10 04:58:43,619 [INFO] MSE no teste: 1.0725
2025-10-10 04:58:43,619 [INFO] RMSE no teste: 1.0356
2025-10-10 04:58:43,620 [INFO] MAE no teste: 0.8273
2025-10-10 04:58:43,620 [INFO] Métricas salvas em /mnt/hdd/home/jdurao/ToolBox-ChemXAI/logs/mlp_att8_Avalon_metrics.json
