2025-10-10 07:45:36,907 [INFO] Iniciando treinamento do modelo mlp_att10_Avalon
2025-10-10 07:45:36,907 [INFO] Configuração: att_index=10, epochs=30, layers=[128, 64, 32], lr=0.001, batch_size=32, descriptor_type=Avalon
2025-10-10 07:45:36,907 [INFO] Diretório para modelos: /mnt/hdd/home/jdurao/ToolBox-ChemXAI/models
2025-10-10 07:45:36,907 [INFO] Carregando dados...
2025-10-10 07:45:36,994 [INFO] Preparando dataloaders sem ruído...
2025-10-10 07:45:41,139 [INFO] Dados carregados em 4.23 segundos
2025-10-10 07:45:41,140 [INFO] Tamanhos dos conjuntos - Treino: 107108, Validação: 13388, Teste: 13389
2025-10-10 07:45:41,140 [INFO] Usando dispositivo: cuda
2025-10-10 07:45:41,561 [INFO] Dimensão de entrada: 512, Dimensão de saída: 1
2025-10-10 07:45:41,561 [INFO] Criando modelo MLP com camadas: [128, 64, 32]
2025-10-10 07:45:41,565 [INFO] Modelo criado com 76033 parâmetros
2025-10-10 07:45:41,566 [INFO] Iniciando treinamento com 30 épocas...
2025-10-10 07:45:42,149 [INFO] Época 1/30, Batch 50/3348, Loss: 0.4307
2025-10-10 07:45:42,417 [INFO] Época 1/30, Batch 100/3348, Loss: 0.3406
2025-10-10 07:45:42,688 [INFO] Época 1/30, Batch 150/3348, Loss: 0.4007
2025-10-10 07:45:42,964 [INFO] Época 1/30, Batch 200/3348, Loss: 0.3267
2025-10-10 07:45:43,239 [INFO] Época 1/30, Batch 250/3348, Loss: 0.3287
2025-10-10 07:45:43,512 [INFO] Época 1/30, Batch 300/3348, Loss: 0.5100
2025-10-10 07:45:43,786 [INFO] Época 1/30, Batch 350/3348, Loss: 0.5581
2025-10-10 07:45:44,060 [INFO] Época 1/30, Batch 400/3348, Loss: 0.3937
2025-10-10 07:45:44,335 [INFO] Época 1/30, Batch 450/3348, Loss: 0.3561
2025-10-10 07:45:44,608 [INFO] Época 1/30, Batch 500/3348, Loss: 0.4713
2025-10-10 07:45:44,881 [INFO] Época 1/30, Batch 550/3348, Loss: 0.4243
2025-10-10 07:45:45,154 [INFO] Época 1/30, Batch 600/3348, Loss: 0.4350
2025-10-10 07:45:45,427 [INFO] Época 1/30, Batch 650/3348, Loss: 0.3584
2025-10-10 07:45:45,701 [INFO] Época 1/30, Batch 700/3348, Loss: 0.3748
2025-10-10 07:45:45,977 [INFO] Época 1/30, Batch 750/3348, Loss: 0.3538
2025-10-10 07:45:46,248 [INFO] Época 1/30, Batch 800/3348, Loss: 0.2926
2025-10-10 07:45:46,517 [INFO] Época 1/30, Batch 850/3348, Loss: 0.3427
2025-10-10 07:45:46,785 [INFO] Época 1/30, Batch 900/3348, Loss: 0.4370
2025-10-10 07:45:47,050 [INFO] Época 1/30, Batch 950/3348, Loss: 0.3333
2025-10-10 07:45:47,315 [INFO] Época 1/30, Batch 1000/3348, Loss: 0.3565
2025-10-10 07:45:47,589 [INFO] Época 1/30, Batch 1050/3348, Loss: 0.5055
2025-10-10 07:45:47,855 [INFO] Época 1/30, Batch 1100/3348, Loss: 0.4131
2025-10-10 07:45:48,118 [INFO] Época 1/30, Batch 1150/3348, Loss: 0.3896
2025-10-10 07:45:48,381 [INFO] Época 1/30, Batch 1200/3348, Loss: 0.3653
2025-10-10 07:45:48,649 [INFO] Época 1/30, Batch 1250/3348, Loss: 0.3392
2025-10-10 07:45:48,911 [INFO] Época 1/30, Batch 1300/3348, Loss: 0.2906
2025-10-10 07:45:49,173 [INFO] Época 1/30, Batch 1350/3348, Loss: 0.3124
2025-10-10 07:45:49,436 [INFO] Época 1/30, Batch 1400/3348, Loss: 0.2551
2025-10-10 07:45:49,697 [INFO] Época 1/30, Batch 1450/3348, Loss: 0.3670
2025-10-10 07:45:49,970 [INFO] Época 1/30, Batch 1500/3348, Loss: 0.3675
2025-10-10 07:45:50,232 [INFO] Época 1/30, Batch 1550/3348, Loss: 0.2626
2025-10-10 07:45:50,495 [INFO] Época 1/30, Batch 1600/3348, Loss: 0.4836
2025-10-10 07:45:50,758 [INFO] Época 1/30, Batch 1650/3348, Loss: 0.4797
2025-10-10 07:45:51,033 [INFO] Época 1/30, Batch 1700/3348, Loss: 0.4431
2025-10-10 07:45:51,308 [INFO] Época 1/30, Batch 1750/3348, Loss: 0.3492
2025-10-10 07:45:51,579 [INFO] Época 1/30, Batch 1800/3348, Loss: 0.4209
2025-10-10 07:45:51,842 [INFO] Época 1/30, Batch 1850/3348, Loss: 0.2546
2025-10-10 07:45:52,106 [INFO] Época 1/30, Batch 1900/3348, Loss: 0.4245
2025-10-10 07:45:52,368 [INFO] Época 1/30, Batch 1950/3348, Loss: 0.4555
2025-10-10 07:45:52,633 [INFO] Época 1/30, Batch 2000/3348, Loss: 0.3154
2025-10-10 07:45:52,905 [INFO] Época 1/30, Batch 2050/3348, Loss: 0.2575
2025-10-10 07:45:53,174 [INFO] Época 1/30, Batch 2100/3348, Loss: 0.3107
2025-10-10 07:45:53,436 [INFO] Época 1/30, Batch 2150/3348, Loss: 0.3356
2025-10-10 07:45:53,701 [INFO] Época 1/30, Batch 2200/3348, Loss: 0.3546
2025-10-10 07:45:53,966 [INFO] Época 1/30, Batch 2250/3348, Loss: 0.2909
2025-10-10 07:45:54,229 [INFO] Época 1/30, Batch 2300/3348, Loss: 0.3192
2025-10-10 07:45:54,493 [INFO] Época 1/30, Batch 2350/3348, Loss: 0.4146
2025-10-10 07:45:54,757 [INFO] Época 1/30, Batch 2400/3348, Loss: 0.2883
2025-10-10 07:45:55,021 [INFO] Época 1/30, Batch 2450/3348, Loss: 0.2862
2025-10-10 07:45:55,285 [INFO] Época 1/30, Batch 2500/3348, Loss: 0.3321
2025-10-10 07:45:55,550 [INFO] Época 1/30, Batch 2550/3348, Loss: 0.2881
2025-10-10 07:45:55,821 [INFO] Época 1/30, Batch 2600/3348, Loss: 0.2759
2025-10-10 07:45:56,103 [INFO] Época 1/30, Batch 2650/3348, Loss: 0.2485
2025-10-10 07:45:56,373 [INFO] Época 1/30, Batch 2700/3348, Loss: 0.2740
2025-10-10 07:45:56,646 [INFO] Época 1/30, Batch 2750/3348, Loss: 0.2772
2025-10-10 07:45:56,919 [INFO] Época 1/30, Batch 2800/3348, Loss: 0.4226
2025-10-10 07:45:57,191 [INFO] Época 1/30, Batch 2850/3348, Loss: 0.3853
2025-10-10 07:45:57,463 [INFO] Época 1/30, Batch 2900/3348, Loss: 0.1922
2025-10-10 07:45:57,738 [INFO] Época 1/30, Batch 2950/3348, Loss: 0.3221
2025-10-10 07:45:58,007 [INFO] Época 1/30, Batch 3000/3348, Loss: 0.3961
2025-10-10 07:45:58,271 [INFO] Época 1/30, Batch 3050/3348, Loss: 0.3212
2025-10-10 07:45:58,535 [INFO] Época 1/30, Batch 3100/3348, Loss: 0.2472
2025-10-10 07:45:58,798 [INFO] Época 1/30, Batch 3150/3348, Loss: 0.3257
2025-10-10 07:45:59,063 [INFO] Época 1/30, Batch 3200/3348, Loss: 0.2006
2025-10-10 07:45:59,324 [INFO] Época 1/30, Batch 3250/3348, Loss: 0.3303
2025-10-10 07:45:59,590 [INFO] Época 1/30, Batch 3300/3348, Loss: 0.4660
2025-10-10 07:46:01,388 [INFO] [1/30] Train Loss: 0.3380 | Val Loss: 0.2222 | Tempo: 19.82s
2025-10-10 07:46:01,393 [INFO] Melhor modelo salvo em: /mnt/hdd/home/jdurao/ToolBox-ChemXAI/models/mlp_qm9_Avalon_att10_large.pth
2025-10-10 07:46:01,975 [INFO] Época 2/30, Batch 50/3348, Loss: 0.1420
2025-10-10 07:46:02,253 [INFO] Época 2/30, Batch 100/3348, Loss: 0.3711
2025-10-10 07:46:02,527 [INFO] Época 2/30, Batch 150/3348, Loss: 0.3869
2025-10-10 07:46:02,805 [INFO] Época 2/30, Batch 200/3348, Loss: 0.3290
2025-10-10 07:46:03,079 [INFO] Época 2/30, Batch 250/3348, Loss: 0.2120
2025-10-10 07:46:03,352 [INFO] Época 2/30, Batch 300/3348, Loss: 0.1797
2025-10-10 07:46:03,623 [INFO] Época 2/30, Batch 350/3348, Loss: 0.2230
2025-10-10 07:46:03,895 [INFO] Época 2/30, Batch 400/3348, Loss: 0.3638
2025-10-10 07:46:04,165 [INFO] Época 2/30, Batch 450/3348, Loss: 0.1729
2025-10-10 07:46:04,439 [INFO] Época 2/30, Batch 500/3348, Loss: 0.3108
2025-10-10 07:46:04,711 [INFO] Época 2/30, Batch 550/3348, Loss: 0.1843
2025-10-10 07:46:04,972 [INFO] Época 2/30, Batch 600/3348, Loss: 0.2247
2025-10-10 07:46:05,234 [INFO] Época 2/30, Batch 650/3348, Loss: 0.2933
2025-10-10 07:46:05,496 [INFO] Época 2/30, Batch 700/3348, Loss: 0.4000
2025-10-10 07:46:05,758 [INFO] Época 2/30, Batch 750/3348, Loss: 0.3398
2025-10-10 07:46:06,013 [INFO] Época 2/30, Batch 800/3348, Loss: 0.3373
2025-10-10 07:46:06,263 [INFO] Época 2/30, Batch 850/3348, Loss: 0.4052
2025-10-10 07:46:06,515 [INFO] Época 2/30, Batch 900/3348, Loss: 0.1569
2025-10-10 07:46:06,782 [INFO] Época 2/30, Batch 950/3348, Loss: 0.2296
2025-10-10 07:46:07,044 [INFO] Época 2/30, Batch 1000/3348, Loss: 0.1752
2025-10-10 07:46:07,312 [INFO] Época 2/30, Batch 1050/3348, Loss: 0.2619
2025-10-10 07:46:07,580 [INFO] Época 2/30, Batch 1100/3348, Loss: 0.1394
2025-10-10 07:46:07,835 [INFO] Época 2/30, Batch 1150/3348, Loss: 0.1866
2025-10-10 07:46:08,093 [INFO] Época 2/30, Batch 1200/3348, Loss: 0.1995
2025-10-10 07:46:08,354 [INFO] Época 2/30, Batch 1250/3348, Loss: 0.3041
2025-10-10 07:46:08,616 [INFO] Época 2/30, Batch 1300/3348, Loss: 0.2367
2025-10-10 07:46:08,876 [INFO] Época 2/30, Batch 1350/3348, Loss: 0.4141
2025-10-10 07:46:09,136 [INFO] Época 2/30, Batch 1400/3348, Loss: 0.1707
2025-10-10 07:46:09,396 [INFO] Época 2/30, Batch 1450/3348, Loss: 0.3281
2025-10-10 07:46:09,658 [INFO] Época 2/30, Batch 1500/3348, Loss: 0.2883
2025-10-10 07:46:09,929 [INFO] Época 2/30, Batch 1550/3348, Loss: 0.1849
2025-10-10 07:46:10,204 [INFO] Época 2/30, Batch 1600/3348, Loss: 0.2023
2025-10-10 07:46:10,464 [INFO] Época 2/30, Batch 1650/3348, Loss: 0.3200
2025-10-10 07:46:10,723 [INFO] Época 2/30, Batch 1700/3348, Loss: 0.3555
2025-10-10 07:46:10,982 [INFO] Época 2/30, Batch 1750/3348, Loss: 0.2269
2025-10-10 07:46:11,242 [INFO] Época 2/30, Batch 1800/3348, Loss: 0.0951
2025-10-10 07:46:11,501 [INFO] Época 2/30, Batch 1850/3348, Loss: 0.2524
2025-10-10 07:46:11,758 [INFO] Época 2/30, Batch 1900/3348, Loss: 0.3761
2025-10-10 07:46:12,017 [INFO] Época 2/30, Batch 1950/3348, Loss: 0.2032
2025-10-10 07:46:12,276 [INFO] Época 2/30, Batch 2000/3348, Loss: 0.1519
2025-10-10 07:46:12,535 [INFO] Época 2/30, Batch 2050/3348, Loss: 0.3113
2025-10-10 07:46:12,796 [INFO] Época 2/30, Batch 2100/3348, Loss: 0.2837
2025-10-10 07:46:13,055 [INFO] Época 2/30, Batch 2150/3348, Loss: 0.3192
2025-10-10 07:46:13,316 [INFO] Época 2/30, Batch 2200/3348, Loss: 0.2220
2025-10-10 07:46:13,577 [INFO] Época 2/30, Batch 2250/3348, Loss: 0.2326
2025-10-10 07:46:13,841 [INFO] Época 2/30, Batch 2300/3348, Loss: 0.2364
2025-10-10 07:46:14,101 [INFO] Época 2/30, Batch 2350/3348, Loss: 0.4433
2025-10-10 07:46:14,362 [INFO] Época 2/30, Batch 2400/3348, Loss: 0.3787
2025-10-10 07:46:14,623 [INFO] Época 2/30, Batch 2450/3348, Loss: 0.2648
2025-10-10 07:46:14,884 [INFO] Época 2/30, Batch 2500/3348, Loss: 0.2707
2025-10-10 07:46:15,143 [INFO] Época 2/30, Batch 2550/3348, Loss: 0.2520
2025-10-10 07:46:15,404 [INFO] Época 2/30, Batch 2600/3348, Loss: 0.3161
2025-10-10 07:46:15,663 [INFO] Época 2/30, Batch 2650/3348, Loss: 0.2188
2025-10-10 07:46:15,924 [INFO] Época 2/30, Batch 2700/3348, Loss: 0.1151
2025-10-10 07:46:16,186 [INFO] Época 2/30, Batch 2750/3348, Loss: 0.1899
2025-10-10 07:46:16,447 [INFO] Época 2/30, Batch 2800/3348, Loss: 0.2227
2025-10-10 07:46:16,708 [INFO] Época 2/30, Batch 2850/3348, Loss: 0.2465
2025-10-10 07:46:16,967 [INFO] Época 2/30, Batch 2900/3348, Loss: 0.1608
2025-10-10 07:46:17,228 [INFO] Época 2/30, Batch 2950/3348, Loss: 0.3214
2025-10-10 07:46:17,489 [INFO] Época 2/30, Batch 3000/3348, Loss: 0.2423
2025-10-10 07:46:17,751 [INFO] Época 2/30, Batch 3050/3348, Loss: 0.2464
2025-10-10 07:46:18,013 [INFO] Época 2/30, Batch 3100/3348, Loss: 0.2089
2025-10-10 07:46:18,276 [INFO] Época 2/30, Batch 3150/3348, Loss: 0.2365
2025-10-10 07:46:18,539 [INFO] Época 2/30, Batch 3200/3348, Loss: 0.2049
2025-10-10 07:46:18,800 [INFO] Época 2/30, Batch 3250/3348, Loss: 0.2459
2025-10-10 07:46:19,064 [INFO] Época 2/30, Batch 3300/3348, Loss: 0.3020
2025-10-10 07:46:20,858 [INFO] [2/30] Train Loss: 0.2625 | Val Loss: 0.2721 | Tempo: 19.46s
2025-10-10 07:46:21,440 [INFO] Época 3/30, Batch 50/3348, Loss: 0.1143
2025-10-10 07:46:21,710 [INFO] Época 3/30, Batch 100/3348, Loss: 0.2051
2025-10-10 07:46:21,982 [INFO] Época 3/30, Batch 150/3348, Loss: 0.1735
2025-10-10 07:46:22,260 [INFO] Época 3/30, Batch 200/3348, Loss: 0.2843
2025-10-10 07:46:22,526 [INFO] Época 3/30, Batch 250/3348, Loss: 0.2547
2025-10-10 07:46:22,793 [INFO] Época 3/30, Batch 300/3348, Loss: 0.3434
2025-10-10 07:46:23,058 [INFO] Época 3/30, Batch 350/3348, Loss: 0.2599
2025-10-10 07:46:23,323 [INFO] Época 3/30, Batch 400/3348, Loss: 0.3519
2025-10-10 07:46:23,588 [INFO] Época 3/30, Batch 450/3348, Loss: 0.2041
2025-10-10 07:46:23,853 [INFO] Época 3/30, Batch 500/3348, Loss: 0.1955
2025-10-10 07:46:24,121 [INFO] Época 3/30, Batch 550/3348, Loss: 0.2713
2025-10-10 07:46:24,388 [INFO] Época 3/30, Batch 600/3348, Loss: 0.3187
2025-10-10 07:46:24,653 [INFO] Época 3/30, Batch 650/3348, Loss: 0.3808
2025-10-10 07:46:24,918 [INFO] Época 3/30, Batch 700/3348, Loss: 0.2043
2025-10-10 07:46:25,173 [INFO] Época 3/30, Batch 750/3348, Loss: 0.2080
2025-10-10 07:46:25,430 [INFO] Época 3/30, Batch 800/3348, Loss: 0.1999
2025-10-10 07:46:25,686 [INFO] Época 3/30, Batch 850/3348, Loss: 0.3396
2025-10-10 07:46:25,943 [INFO] Época 3/30, Batch 900/3348, Loss: 0.3158
2025-10-10 07:46:26,198 [INFO] Época 3/30, Batch 950/3348, Loss: 0.2918
2025-10-10 07:46:26,454 [INFO] Época 3/30, Batch 1000/3348, Loss: 0.2981
2025-10-10 07:46:26,711 [INFO] Época 3/30, Batch 1050/3348, Loss: 0.2855
2025-10-10 07:46:26,967 [INFO] Época 3/30, Batch 1100/3348, Loss: 0.2672
2025-10-10 07:46:27,221 [INFO] Época 3/30, Batch 1150/3348, Loss: 0.2392
2025-10-10 07:46:27,479 [INFO] Época 3/30, Batch 1200/3348, Loss: 0.2544
2025-10-10 07:46:27,734 [INFO] Época 3/30, Batch 1250/3348, Loss: 0.1301
2025-10-10 07:46:27,993 [INFO] Época 3/30, Batch 1300/3348, Loss: 0.2116
2025-10-10 07:46:28,258 [INFO] Época 3/30, Batch 1350/3348, Loss: 0.2582
2025-10-10 07:46:28,521 [INFO] Época 3/30, Batch 1400/3348, Loss: 0.3098
2025-10-10 07:46:28,784 [INFO] Época 3/30, Batch 1450/3348, Loss: 0.2883
2025-10-10 07:46:29,049 [INFO] Época 3/30, Batch 1500/3348, Loss: 0.2079
2025-10-10 07:46:29,315 [INFO] Época 3/30, Batch 1550/3348, Loss: 0.2220
2025-10-10 07:46:29,579 [INFO] Época 3/30, Batch 1600/3348, Loss: 0.2245
2025-10-10 07:46:29,843 [INFO] Época 3/30, Batch 1650/3348, Loss: 0.1977
2025-10-10 07:46:30,108 [INFO] Época 3/30, Batch 1700/3348, Loss: 0.1224
2025-10-10 07:46:30,374 [INFO] Época 3/30, Batch 1750/3348, Loss: 0.2225
2025-10-10 07:46:30,640 [INFO] Época 3/30, Batch 1800/3348, Loss: 0.1447
2025-10-10 07:46:30,904 [INFO] Época 3/30, Batch 1850/3348, Loss: 0.0998
2025-10-10 07:46:31,170 [INFO] Época 3/30, Batch 1900/3348, Loss: 0.1963
2025-10-10 07:46:31,435 [INFO] Época 3/30, Batch 1950/3348, Loss: 0.1827
2025-10-10 07:46:31,699 [INFO] Época 3/30, Batch 2000/3348, Loss: 0.1573
2025-10-10 07:46:31,962 [INFO] Época 3/30, Batch 2050/3348, Loss: 0.1466
2025-10-10 07:46:32,226 [INFO] Época 3/30, Batch 2100/3348, Loss: 0.3144
2025-10-10 07:46:32,501 [INFO] Época 3/30, Batch 2150/3348, Loss: 0.4404
2025-10-10 07:46:32,767 [INFO] Época 3/30, Batch 2200/3348, Loss: 0.2226
2025-10-10 07:46:33,029 [INFO] Época 3/30, Batch 2250/3348, Loss: 0.2390
2025-10-10 07:46:33,293 [INFO] Época 3/30, Batch 2300/3348, Loss: 0.2768
2025-10-10 07:46:33,556 [INFO] Época 3/30, Batch 2350/3348, Loss: 0.2023
2025-10-10 07:46:33,820 [INFO] Época 3/30, Batch 2400/3348, Loss: 0.2218
2025-10-10 07:46:34,084 [INFO] Época 3/30, Batch 2450/3348, Loss: 0.2126
2025-10-10 07:46:34,348 [INFO] Época 3/30, Batch 2500/3348, Loss: 0.2449
2025-10-10 07:46:34,612 [INFO] Época 3/30, Batch 2550/3348, Loss: 0.1960
2025-10-10 07:46:34,876 [INFO] Época 3/30, Batch 2600/3348, Loss: 0.2847
2025-10-10 07:46:35,139 [INFO] Época 3/30, Batch 2650/3348, Loss: 0.2045
2025-10-10 07:46:35,403 [INFO] Época 3/30, Batch 2700/3348, Loss: 0.1695
2025-10-10 07:46:35,666 [INFO] Época 3/30, Batch 2750/3348, Loss: 0.3565
2025-10-10 07:46:35,928 [INFO] Época 3/30, Batch 2800/3348, Loss: 0.1565
2025-10-10 07:46:36,192 [INFO] Época 3/30, Batch 2850/3348, Loss: 0.1397
2025-10-10 07:46:36,454 [INFO] Época 3/30, Batch 2900/3348, Loss: 0.2687
2025-10-10 07:46:36,718 [INFO] Época 3/30, Batch 2950/3348, Loss: 0.1953
2025-10-10 07:46:36,985 [INFO] Época 3/30, Batch 3000/3348, Loss: 0.2049
2025-10-10 07:46:37,249 [INFO] Época 3/30, Batch 3050/3348, Loss: 0.1588
2025-10-10 07:46:37,524 [INFO] Época 3/30, Batch 3100/3348, Loss: 0.2638
2025-10-10 07:46:37,787 [INFO] Época 3/30, Batch 3150/3348, Loss: 0.1831
2025-10-10 07:46:38,050 [INFO] Época 3/30, Batch 3200/3348, Loss: 0.2533
2025-10-10 07:46:38,314 [INFO] Época 3/30, Batch 3250/3348, Loss: 0.2093
2025-10-10 07:46:38,575 [INFO] Época 3/30, Batch 3300/3348, Loss: 0.2662
2025-10-10 07:46:40,473 [INFO] [3/30] Train Loss: 0.2270 | Val Loss: 0.1602 | Tempo: 19.61s
2025-10-10 07:46:40,478 [INFO] Melhor modelo salvo em: /mnt/hdd/home/jdurao/ToolBox-ChemXAI/models/mlp_qm9_Avalon_att10_large.pth
2025-10-10 07:46:41,052 [INFO] Época 4/30, Batch 50/3348, Loss: 0.2436
2025-10-10 07:46:41,319 [INFO] Época 4/30, Batch 100/3348, Loss: 0.2063
2025-10-10 07:46:41,583 [INFO] Época 4/30, Batch 150/3348, Loss: 0.2685
2025-10-10 07:46:41,846 [INFO] Época 4/30, Batch 200/3348, Loss: 0.2329
2025-10-10 07:46:42,108 [INFO] Época 4/30, Batch 250/3348, Loss: 0.1832
2025-10-10 07:46:42,373 [INFO] Época 4/30, Batch 300/3348, Loss: 0.2232
2025-10-10 07:46:42,645 [INFO] Época 4/30, Batch 350/3348, Loss: 0.2255
2025-10-10 07:46:42,907 [INFO] Época 4/30, Batch 400/3348, Loss: 0.1767
2025-10-10 07:46:43,166 [INFO] Época 4/30, Batch 450/3348, Loss: 0.2945
2025-10-10 07:46:43,426 [INFO] Época 4/30, Batch 500/3348, Loss: 0.1406
2025-10-10 07:46:43,688 [INFO] Época 4/30, Batch 550/3348, Loss: 0.2451
2025-10-10 07:46:43,952 [INFO] Época 4/30, Batch 600/3348, Loss: 0.1948
2025-10-10 07:46:44,216 [INFO] Época 4/30, Batch 650/3348, Loss: 0.1878
2025-10-10 07:46:44,478 [INFO] Época 4/30, Batch 700/3348, Loss: 0.2042
2025-10-10 07:46:44,741 [INFO] Época 4/30, Batch 750/3348, Loss: 0.1751
2025-10-10 07:46:45,003 [INFO] Época 4/30, Batch 800/3348, Loss: 0.1881
2025-10-10 07:46:45,268 [INFO] Época 4/30, Batch 850/3348, Loss: 0.1457
2025-10-10 07:46:45,530 [INFO] Época 4/30, Batch 900/3348, Loss: 0.1625
2025-10-10 07:46:45,792 [INFO] Época 4/30, Batch 950/3348, Loss: 0.2965
2025-10-10 07:46:46,055 [INFO] Época 4/30, Batch 1000/3348, Loss: 0.1353
2025-10-10 07:46:46,317 [INFO] Época 4/30, Batch 1050/3348, Loss: 0.2561
2025-10-10 07:46:46,588 [INFO] Época 4/30, Batch 1100/3348, Loss: 0.2899
2025-10-10 07:46:46,863 [INFO] Época 4/30, Batch 1150/3348, Loss: 0.2627
2025-10-10 07:46:47,136 [INFO] Época 4/30, Batch 1200/3348, Loss: 0.1572
2025-10-10 07:46:47,405 [INFO] Época 4/30, Batch 1250/3348, Loss: 0.1051
2025-10-10 07:46:47,684 [INFO] Época 4/30, Batch 1300/3348, Loss: 0.2793
2025-10-10 07:46:47,955 [INFO] Época 4/30, Batch 1350/3348, Loss: 0.1958
2025-10-10 07:46:48,218 [INFO] Época 4/30, Batch 1400/3348, Loss: 0.2197
2025-10-10 07:46:48,480 [INFO] Época 4/30, Batch 1450/3348, Loss: 0.2796
2025-10-10 07:46:48,742 [INFO] Época 4/30, Batch 1500/3348, Loss: 0.2434
2025-10-10 07:46:49,003 [INFO] Época 4/30, Batch 1550/3348, Loss: 0.3233
2025-10-10 07:46:49,265 [INFO] Época 4/30, Batch 1600/3348, Loss: 0.1857
2025-10-10 07:46:49,530 [INFO] Época 4/30, Batch 1650/3348, Loss: 0.1516
2025-10-10 07:46:49,793 [INFO] Época 4/30, Batch 1700/3348, Loss: 0.1685
2025-10-10 07:46:50,054 [INFO] Época 4/30, Batch 1750/3348, Loss: 0.2068
2025-10-10 07:46:50,316 [INFO] Época 4/30, Batch 1800/3348, Loss: 0.2472
2025-10-10 07:46:50,580 [INFO] Época 4/30, Batch 1850/3348, Loss: 0.1965
2025-10-10 07:46:50,845 [INFO] Época 4/30, Batch 1900/3348, Loss: 0.1507
2025-10-10 07:46:51,112 [INFO] Época 4/30, Batch 1950/3348, Loss: 0.1133
2025-10-10 07:46:51,375 [INFO] Época 4/30, Batch 2000/3348, Loss: 0.3019
2025-10-10 07:46:51,640 [INFO] Época 4/30, Batch 2050/3348, Loss: 0.1406
2025-10-10 07:46:51,905 [INFO] Época 4/30, Batch 2100/3348, Loss: 0.2125
2025-10-10 07:46:52,169 [INFO] Época 4/30, Batch 2150/3348, Loss: 0.0798
2025-10-10 07:46:52,432 [INFO] Época 4/30, Batch 2200/3348, Loss: 0.2042
2025-10-10 07:46:52,708 [INFO] Época 4/30, Batch 2250/3348, Loss: 0.2543
2025-10-10 07:46:52,968 [INFO] Época 4/30, Batch 2300/3348, Loss: 0.0908
2025-10-10 07:46:53,231 [INFO] Época 4/30, Batch 2350/3348, Loss: 0.2225
2025-10-10 07:46:53,492 [INFO] Época 4/30, Batch 2400/3348, Loss: 0.1820
2025-10-10 07:46:53,756 [INFO] Época 4/30, Batch 2450/3348, Loss: 0.2421
2025-10-10 07:46:54,018 [INFO] Época 4/30, Batch 2500/3348, Loss: 0.2308
2025-10-10 07:46:54,282 [INFO] Época 4/30, Batch 2550/3348, Loss: 0.1980
2025-10-10 07:46:54,546 [INFO] Época 4/30, Batch 2600/3348, Loss: 0.2310
2025-10-10 07:46:54,809 [INFO] Época 4/30, Batch 2650/3348, Loss: 0.0972
2025-10-10 07:46:55,072 [INFO] Época 4/30, Batch 2700/3348, Loss: 0.1687
2025-10-10 07:46:55,334 [INFO] Época 4/30, Batch 2750/3348, Loss: 0.2006
2025-10-10 07:46:55,597 [INFO] Época 4/30, Batch 2800/3348, Loss: 0.1836
2025-10-10 07:46:55,861 [INFO] Época 4/30, Batch 2850/3348, Loss: 0.1616
2025-10-10 07:46:56,125 [INFO] Época 4/30, Batch 2900/3348, Loss: 0.1872
2025-10-10 07:46:56,389 [INFO] Época 4/30, Batch 2950/3348, Loss: 0.1912
2025-10-10 07:46:56,653 [INFO] Época 4/30, Batch 3000/3348, Loss: 0.1781
2025-10-10 07:46:56,918 [INFO] Época 4/30, Batch 3050/3348, Loss: 0.2163
2025-10-10 07:46:57,188 [INFO] Época 4/30, Batch 3100/3348, Loss: 0.1031
2025-10-10 07:46:57,457 [INFO] Época 4/30, Batch 3150/3348, Loss: 0.1754
2025-10-10 07:46:57,727 [INFO] Época 4/30, Batch 3200/3348, Loss: 0.1504
2025-10-10 07:46:57,998 [INFO] Época 4/30, Batch 3250/3348, Loss: 0.3096
2025-10-10 07:46:58,267 [INFO] Época 4/30, Batch 3300/3348, Loss: 0.1695
2025-10-10 07:47:00,102 [INFO] [4/30] Train Loss: 0.2038 | Val Loss: 0.2298 | Tempo: 19.62s
2025-10-10 07:47:00,674 [INFO] Época 5/30, Batch 50/3348, Loss: 0.1653
2025-10-10 07:47:00,954 [INFO] Época 5/30, Batch 100/3348, Loss: 0.2536
2025-10-10 07:47:01,227 [INFO] Época 5/30, Batch 150/3348, Loss: 0.1930
2025-10-10 07:47:01,501 [INFO] Época 5/30, Batch 200/3348, Loss: 0.2575
2025-10-10 07:47:01,773 [INFO] Época 5/30, Batch 250/3348, Loss: 0.1233
2025-10-10 07:47:02,047 [INFO] Época 5/30, Batch 300/3348, Loss: 0.1787
2025-10-10 07:47:02,320 [INFO] Época 5/30, Batch 350/3348, Loss: 0.2197
2025-10-10 07:47:02,591 [INFO] Época 5/30, Batch 400/3348, Loss: 0.2726
2025-10-10 07:47:02,864 [INFO] Época 5/30, Batch 450/3348, Loss: 0.2734
2025-10-10 07:47:03,134 [INFO] Época 5/30, Batch 500/3348, Loss: 0.2370
2025-10-10 07:47:03,405 [INFO] Época 5/30, Batch 550/3348, Loss: 0.1994
2025-10-10 07:47:03,677 [INFO] Época 5/30, Batch 600/3348, Loss: 0.1948
2025-10-10 07:47:03,947 [INFO] Época 5/30, Batch 650/3348, Loss: 0.1637
2025-10-10 07:47:04,219 [INFO] Época 5/30, Batch 700/3348, Loss: 0.1683
2025-10-10 07:47:04,490 [INFO] Época 5/30, Batch 750/3348, Loss: 0.2024
2025-10-10 07:47:04,760 [INFO] Época 5/30, Batch 800/3348, Loss: 0.1272
2025-10-10 07:47:05,023 [INFO] Época 5/30, Batch 850/3348, Loss: 0.2064
2025-10-10 07:47:05,285 [INFO] Época 5/30, Batch 900/3348, Loss: 0.1256
2025-10-10 07:47:05,546 [INFO] Época 5/30, Batch 950/3348, Loss: 0.1454
2025-10-10 07:47:05,807 [INFO] Época 5/30, Batch 1000/3348, Loss: 0.1382
2025-10-10 07:47:06,071 [INFO] Época 5/30, Batch 1050/3348, Loss: 0.1274
2025-10-10 07:47:06,334 [INFO] Época 5/30, Batch 1100/3348, Loss: 0.1924
2025-10-10 07:47:06,597 [INFO] Época 5/30, Batch 1150/3348, Loss: 0.2842
2025-10-10 07:47:06,865 [INFO] Época 5/30, Batch 1200/3348, Loss: 0.1671
2025-10-10 07:47:07,137 [INFO] Época 5/30, Batch 1250/3348, Loss: 0.2752
2025-10-10 07:47:07,408 [INFO] Época 5/30, Batch 1300/3348, Loss: 0.1561
2025-10-10 07:47:07,677 [INFO] Época 5/30, Batch 1350/3348, Loss: 0.1411
2025-10-10 07:47:07,947 [INFO] Época 5/30, Batch 1400/3348, Loss: 0.2851
2025-10-10 07:47:08,209 [INFO] Época 5/30, Batch 1450/3348, Loss: 0.2544
2025-10-10 07:47:08,471 [INFO] Época 5/30, Batch 1500/3348, Loss: 0.2164
2025-10-10 07:47:08,735 [INFO] Época 5/30, Batch 1550/3348, Loss: 0.1673
2025-10-10 07:47:09,006 [INFO] Época 5/30, Batch 1600/3348, Loss: 0.3010
2025-10-10 07:47:09,277 [INFO] Época 5/30, Batch 1650/3348, Loss: 0.3131
2025-10-10 07:47:09,547 [INFO] Época 5/30, Batch 1700/3348, Loss: 0.2300
2025-10-10 07:47:09,813 [INFO] Época 5/30, Batch 1750/3348, Loss: 0.2662
2025-10-10 07:47:10,083 [INFO] Época 5/30, Batch 1800/3348, Loss: 0.0961
2025-10-10 07:47:10,352 [INFO] Época 5/30, Batch 1850/3348, Loss: 0.2051
2025-10-10 07:47:10,623 [INFO] Época 5/30, Batch 1900/3348, Loss: 0.2916
2025-10-10 07:47:10,893 [INFO] Época 5/30, Batch 1950/3348, Loss: 0.2530
2025-10-10 07:47:11,164 [INFO] Época 5/30, Batch 2000/3348, Loss: 0.3341
2025-10-10 07:47:11,434 [INFO] Época 5/30, Batch 2050/3348, Loss: 0.1543
2025-10-10 07:47:11,709 [INFO] Época 5/30, Batch 2100/3348, Loss: 0.2917
2025-10-10 07:47:11,983 [INFO] Época 5/30, Batch 2150/3348, Loss: 0.2803
2025-10-10 07:47:12,256 [INFO] Época 5/30, Batch 2200/3348, Loss: 0.1147
2025-10-10 07:47:12,526 [INFO] Época 5/30, Batch 2250/3348, Loss: 0.1318
2025-10-10 07:47:12,797 [INFO] Época 5/30, Batch 2300/3348, Loss: 0.1902
2025-10-10 07:47:13,071 [INFO] Época 5/30, Batch 2350/3348, Loss: 0.1600
2025-10-10 07:47:13,346 [INFO] Época 5/30, Batch 2400/3348, Loss: 0.1102
2025-10-10 07:47:13,618 [INFO] Época 5/30, Batch 2450/3348, Loss: 0.2147
2025-10-10 07:47:13,891 [INFO] Época 5/30, Batch 2500/3348, Loss: 0.1960
2025-10-10 07:47:14,162 [INFO] Época 5/30, Batch 2550/3348, Loss: 0.1518
2025-10-10 07:47:14,434 [INFO] Época 5/30, Batch 2600/3348, Loss: 0.1303
2025-10-10 07:47:14,700 [INFO] Época 5/30, Batch 2650/3348, Loss: 0.1554
2025-10-10 07:47:14,961 [INFO] Época 5/30, Batch 2700/3348, Loss: 0.2360
2025-10-10 07:47:15,226 [INFO] Época 5/30, Batch 2750/3348, Loss: 0.1631
2025-10-10 07:47:15,490 [INFO] Época 5/30, Batch 2800/3348, Loss: 0.3486
2025-10-10 07:47:15,752 [INFO] Época 5/30, Batch 2850/3348, Loss: 0.1766
2025-10-10 07:47:16,015 [INFO] Época 5/30, Batch 2900/3348, Loss: 0.1879
2025-10-10 07:47:16,276 [INFO] Época 5/30, Batch 2950/3348, Loss: 0.2170
2025-10-10 07:47:16,539 [INFO] Época 5/30, Batch 3000/3348, Loss: 0.1869
2025-10-10 07:47:16,800 [INFO] Época 5/30, Batch 3050/3348, Loss: 0.0967
2025-10-10 07:47:17,062 [INFO] Época 5/30, Batch 3100/3348, Loss: 0.2166
2025-10-10 07:47:17,325 [INFO] Época 5/30, Batch 3150/3348, Loss: 0.2173
2025-10-10 07:47:17,587 [INFO] Época 5/30, Batch 3200/3348, Loss: 0.1061
2025-10-10 07:47:17,848 [INFO] Época 5/30, Batch 3250/3348, Loss: 0.1948
2025-10-10 07:47:18,109 [INFO] Época 5/30, Batch 3300/3348, Loss: 0.2051
2025-10-10 07:47:20,009 [INFO] [5/30] Train Loss: 0.1883 | Val Loss: 0.2929 | Tempo: 19.91s
2025-10-10 07:47:20,574 [INFO] Época 6/30, Batch 50/3348, Loss: 0.1815
2025-10-10 07:47:20,844 [INFO] Época 6/30, Batch 100/3348, Loss: 0.1893
2025-10-10 07:47:21,112 [INFO] Época 6/30, Batch 150/3348, Loss: 0.1409
2025-10-10 07:47:21,378 [INFO] Época 6/30, Batch 200/3348, Loss: 0.1908
2025-10-10 07:47:21,645 [INFO] Época 6/30, Batch 250/3348, Loss: 0.0803
2025-10-10 07:47:21,909 [INFO] Época 6/30, Batch 300/3348, Loss: 0.1793
2025-10-10 07:47:22,173 [INFO] Época 6/30, Batch 350/3348, Loss: 0.2455
2025-10-10 07:47:22,439 [INFO] Época 6/30, Batch 400/3348, Loss: 0.1483
2025-10-10 07:47:22,703 [INFO] Época 6/30, Batch 450/3348, Loss: 0.1961
2025-10-10 07:47:22,969 [INFO] Época 6/30, Batch 500/3348, Loss: 0.1794
2025-10-10 07:47:23,234 [INFO] Época 6/30, Batch 550/3348, Loss: 0.1657
2025-10-10 07:47:23,497 [INFO] Época 6/30, Batch 600/3348, Loss: 0.2935
2025-10-10 07:47:23,762 [INFO] Época 6/30, Batch 650/3348, Loss: 0.2337
2025-10-10 07:47:24,024 [INFO] Época 6/30, Batch 700/3348, Loss: 0.1556
2025-10-10 07:47:24,284 [INFO] Época 6/30, Batch 750/3348, Loss: 0.2091
2025-10-10 07:47:24,544 [INFO] Época 6/30, Batch 800/3348, Loss: 0.0841
2025-10-10 07:47:24,805 [INFO] Época 6/30, Batch 850/3348, Loss: 0.2868
2025-10-10 07:47:25,068 [INFO] Época 6/30, Batch 900/3348, Loss: 0.1595
2025-10-10 07:47:25,329 [INFO] Época 6/30, Batch 950/3348, Loss: 0.1666
2025-10-10 07:47:25,591 [INFO] Época 6/30, Batch 1000/3348, Loss: 0.1652
2025-10-10 07:47:25,851 [INFO] Época 6/30, Batch 1050/3348, Loss: 0.0680
2025-10-10 07:47:26,113 [INFO] Época 6/30, Batch 1100/3348, Loss: 0.2674
2025-10-10 07:47:26,377 [INFO] Época 6/30, Batch 1150/3348, Loss: 0.1131
2025-10-10 07:47:26,638 [INFO] Época 6/30, Batch 1200/3348, Loss: 0.2121
2025-10-10 07:47:26,901 [INFO] Época 6/30, Batch 1250/3348, Loss: 0.1285
2025-10-10 07:47:27,162 [INFO] Época 6/30, Batch 1300/3348, Loss: 0.2017
2025-10-10 07:47:27,426 [INFO] Época 6/30, Batch 1350/3348, Loss: 0.1669
2025-10-10 07:47:27,691 [INFO] Época 6/30, Batch 1400/3348, Loss: 0.1542
2025-10-10 07:47:27,954 [INFO] Época 6/30, Batch 1450/3348, Loss: 0.1749
2025-10-10 07:47:28,217 [INFO] Época 6/30, Batch 1500/3348, Loss: 0.1532
2025-10-10 07:47:28,490 [INFO] Época 6/30, Batch 1550/3348, Loss: 0.2535
2025-10-10 07:47:28,755 [INFO] Época 6/30, Batch 1600/3348, Loss: 0.1430
2025-10-10 07:47:29,018 [INFO] Época 6/30, Batch 1650/3348, Loss: 0.2851
2025-10-10 07:47:29,282 [INFO] Época 6/30, Batch 1700/3348, Loss: 0.1327
2025-10-10 07:47:29,544 [INFO] Época 6/30, Batch 1750/3348, Loss: 0.3288
2025-10-10 07:47:29,808 [INFO] Época 6/30, Batch 1800/3348, Loss: 0.2037
2025-10-10 07:47:30,072 [INFO] Época 6/30, Batch 1850/3348, Loss: 0.1157
2025-10-10 07:47:30,337 [INFO] Época 6/30, Batch 1900/3348, Loss: 0.2889
2025-10-10 07:47:30,601 [INFO] Época 6/30, Batch 1950/3348, Loss: 0.1779
2025-10-10 07:47:30,865 [INFO] Época 6/30, Batch 2000/3348, Loss: 0.2012
2025-10-10 07:47:31,130 [INFO] Época 6/30, Batch 2050/3348, Loss: 0.1011
2025-10-10 07:47:31,394 [INFO] Época 6/30, Batch 2100/3348, Loss: 0.1292
2025-10-10 07:47:31,659 [INFO] Época 6/30, Batch 2150/3348, Loss: 0.1404
2025-10-10 07:47:31,922 [INFO] Época 6/30, Batch 2200/3348, Loss: 0.2644
2025-10-10 07:47:32,185 [INFO] Época 6/30, Batch 2250/3348, Loss: 0.2234
2025-10-10 07:47:32,447 [INFO] Época 6/30, Batch 2300/3348, Loss: 0.1542
2025-10-10 07:47:32,711 [INFO] Época 6/30, Batch 2350/3348, Loss: 0.2207
2025-10-10 07:47:32,975 [INFO] Época 6/30, Batch 2400/3348, Loss: 0.1032
2025-10-10 07:47:33,240 [INFO] Época 6/30, Batch 2450/3348, Loss: 0.1656
2025-10-10 07:47:33,513 [INFO] Época 6/30, Batch 2500/3348, Loss: 0.1840
2025-10-10 07:47:33,776 [INFO] Época 6/30, Batch 2550/3348, Loss: 0.1235
2025-10-10 07:47:34,038 [INFO] Época 6/30, Batch 2600/3348, Loss: 0.2237
2025-10-10 07:47:34,300 [INFO] Época 6/30, Batch 2650/3348, Loss: 0.1091
2025-10-10 07:47:34,563 [INFO] Época 6/30, Batch 2700/3348, Loss: 0.2015
2025-10-10 07:47:34,825 [INFO] Época 6/30, Batch 2750/3348, Loss: 0.0818
2025-10-10 07:47:35,088 [INFO] Época 6/30, Batch 2800/3348, Loss: 0.1709
2025-10-10 07:47:35,352 [INFO] Época 6/30, Batch 2850/3348, Loss: 0.1587
2025-10-10 07:47:35,615 [INFO] Época 6/30, Batch 2900/3348, Loss: 0.1716
2025-10-10 07:47:35,878 [INFO] Época 6/30, Batch 2950/3348, Loss: 0.2884
2025-10-10 07:47:36,140 [INFO] Época 6/30, Batch 3000/3348, Loss: 0.1212
2025-10-10 07:47:36,404 [INFO] Época 6/30, Batch 3050/3348, Loss: 0.1614
2025-10-10 07:47:36,668 [INFO] Época 6/30, Batch 3100/3348, Loss: 0.1104
2025-10-10 07:47:36,930 [INFO] Época 6/30, Batch 3150/3348, Loss: 0.1816
2025-10-10 07:47:37,194 [INFO] Época 6/30, Batch 3200/3348, Loss: 0.1307
2025-10-10 07:47:37,456 [INFO] Época 6/30, Batch 3250/3348, Loss: 0.1699
2025-10-10 07:47:37,718 [INFO] Época 6/30, Batch 3300/3348, Loss: 0.1898
2025-10-10 07:47:39,466 [INFO] [6/30] Train Loss: 0.1745 | Val Loss: 0.2516 | Tempo: 19.46s
2025-10-10 07:47:40,043 [INFO] Época 7/30, Batch 50/3348, Loss: 0.1956
2025-10-10 07:47:40,309 [INFO] Época 7/30, Batch 100/3348, Loss: 0.2661
2025-10-10 07:47:40,574 [INFO] Época 7/30, Batch 150/3348, Loss: 0.2213
2025-10-10 07:47:40,839 [INFO] Época 7/30, Batch 200/3348, Loss: 0.1794
2025-10-10 07:47:41,101 [INFO] Época 7/30, Batch 250/3348, Loss: 0.1395
2025-10-10 07:47:41,363 [INFO] Época 7/30, Batch 300/3348, Loss: 0.2301
2025-10-10 07:47:41,625 [INFO] Época 7/30, Batch 350/3348, Loss: 0.1457
2025-10-10 07:47:41,887 [INFO] Época 7/30, Batch 400/3348, Loss: 0.1585
2025-10-10 07:47:42,150 [INFO] Época 7/30, Batch 450/3348, Loss: 0.1257
2025-10-10 07:47:42,412 [INFO] Época 7/30, Batch 500/3348, Loss: 0.1886
2025-10-10 07:47:42,673 [INFO] Época 7/30, Batch 550/3348, Loss: 0.2056
2025-10-10 07:47:42,933 [INFO] Época 7/30, Batch 600/3348, Loss: 0.1065
2025-10-10 07:47:43,195 [INFO] Época 7/30, Batch 650/3348, Loss: 0.1323
2025-10-10 07:47:43,459 [INFO] Época 7/30, Batch 700/3348, Loss: 0.1980
2025-10-10 07:47:43,721 [INFO] Época 7/30, Batch 750/3348, Loss: 0.1678
2025-10-10 07:47:43,982 [INFO] Época 7/30, Batch 800/3348, Loss: 0.0867
2025-10-10 07:47:44,243 [INFO] Época 7/30, Batch 850/3348, Loss: 0.2072
2025-10-10 07:47:44,506 [INFO] Época 7/30, Batch 900/3348, Loss: 0.1766
2025-10-10 07:47:44,768 [INFO] Época 7/30, Batch 950/3348, Loss: 0.0874
2025-10-10 07:47:45,030 [INFO] Época 7/30, Batch 1000/3348, Loss: 0.2068
2025-10-10 07:47:45,290 [INFO] Época 7/30, Batch 1050/3348, Loss: 0.1675
2025-10-10 07:47:45,551 [INFO] Época 7/30, Batch 1100/3348, Loss: 0.1688
2025-10-10 07:47:45,812 [INFO] Época 7/30, Batch 1150/3348, Loss: 0.1513
2025-10-10 07:47:46,072 [INFO] Época 7/30, Batch 1200/3348, Loss: 0.1374
2025-10-10 07:47:46,333 [INFO] Época 7/30, Batch 1250/3348, Loss: 0.0988
2025-10-10 07:47:46,594 [INFO] Época 7/30, Batch 1300/3348, Loss: 0.1769
2025-10-10 07:47:46,855 [INFO] Época 7/30, Batch 1350/3348, Loss: 0.1485
2025-10-10 07:47:47,116 [INFO] Época 7/30, Batch 1400/3348, Loss: 0.1453
2025-10-10 07:47:47,378 [INFO] Época 7/30, Batch 1450/3348, Loss: 0.2745
2025-10-10 07:47:47,639 [INFO] Época 7/30, Batch 1500/3348, Loss: 0.2096
2025-10-10 07:47:47,903 [INFO] Época 7/30, Batch 1550/3348, Loss: 0.1928
2025-10-10 07:47:48,165 [INFO] Época 7/30, Batch 1600/3348, Loss: 0.1910
2025-10-10 07:47:48,427 [INFO] Época 7/30, Batch 1650/3348, Loss: 0.1678
2025-10-10 07:47:48,690 [INFO] Época 7/30, Batch 1700/3348, Loss: 0.1443
2025-10-10 07:47:48,951 [INFO] Época 7/30, Batch 1750/3348, Loss: 0.0726
2025-10-10 07:47:49,212 [INFO] Época 7/30, Batch 1800/3348, Loss: 0.2104
2025-10-10 07:47:49,473 [INFO] Época 7/30, Batch 1850/3348, Loss: 0.0996
2025-10-10 07:47:49,736 [INFO] Época 7/30, Batch 1900/3348, Loss: 0.1912
2025-10-10 07:47:50,008 [INFO] Época 7/30, Batch 1950/3348, Loss: 0.1459
2025-10-10 07:47:50,269 [INFO] Época 7/30, Batch 2000/3348, Loss: 0.1109
2025-10-10 07:47:50,529 [INFO] Época 7/30, Batch 2050/3348, Loss: 0.1800
2025-10-10 07:47:50,790 [INFO] Época 7/30, Batch 2100/3348, Loss: 0.1546
2025-10-10 07:47:51,053 [INFO] Época 7/30, Batch 2150/3348, Loss: 0.1820
2025-10-10 07:47:51,313 [INFO] Época 7/30, Batch 2200/3348, Loss: 0.0867
2025-10-10 07:47:51,573 [INFO] Época 7/30, Batch 2250/3348, Loss: 0.1296
2025-10-10 07:47:51,833 [INFO] Época 7/30, Batch 2300/3348, Loss: 0.2621
2025-10-10 07:47:52,094 [INFO] Época 7/30, Batch 2350/3348, Loss: 0.0814
2025-10-10 07:47:52,363 [INFO] Época 7/30, Batch 2400/3348, Loss: 0.1594
2025-10-10 07:47:52,632 [INFO] Época 7/30, Batch 2450/3348, Loss: 0.3069
2025-10-10 07:47:52,903 [INFO] Época 7/30, Batch 2500/3348, Loss: 0.2235
2025-10-10 07:47:53,172 [INFO] Época 7/30, Batch 2550/3348, Loss: 0.1417
2025-10-10 07:47:53,440 [INFO] Época 7/30, Batch 2600/3348, Loss: 0.0793
2025-10-10 07:47:53,708 [INFO] Época 7/30, Batch 2650/3348, Loss: 0.1529
2025-10-10 07:47:53,977 [INFO] Época 7/30, Batch 2700/3348, Loss: 0.1091
2025-10-10 07:47:54,250 [INFO] Época 7/30, Batch 2750/3348, Loss: 0.1642
2025-10-10 07:47:54,519 [INFO] Época 7/30, Batch 2800/3348, Loss: 0.1696
2025-10-10 07:47:54,785 [INFO] Época 7/30, Batch 2850/3348, Loss: 0.1792
2025-10-10 07:47:55,057 [INFO] Época 7/30, Batch 2900/3348, Loss: 0.0881
2025-10-10 07:47:55,318 [INFO] Época 7/30, Batch 2950/3348, Loss: 0.1508
2025-10-10 07:47:55,581 [INFO] Época 7/30, Batch 3000/3348, Loss: 0.2562
2025-10-10 07:47:55,839 [INFO] Época 7/30, Batch 3050/3348, Loss: 0.0847
2025-10-10 07:47:56,102 [INFO] Época 7/30, Batch 3100/3348, Loss: 0.2155
2025-10-10 07:47:56,363 [INFO] Época 7/30, Batch 3150/3348, Loss: 0.1334
2025-10-10 07:47:56,624 [INFO] Época 7/30, Batch 3200/3348, Loss: 0.1140
2025-10-10 07:47:56,891 [INFO] Época 7/30, Batch 3250/3348, Loss: 0.0939
2025-10-10 07:47:57,158 [INFO] Época 7/30, Batch 3300/3348, Loss: 0.1517
2025-10-10 07:47:59,053 [INFO] [7/30] Train Loss: 0.1643 | Val Loss: 0.3149 | Tempo: 19.59s
2025-10-10 07:47:59,656 [INFO] Época 8/30, Batch 50/3348, Loss: 0.2067
2025-10-10 07:47:59,934 [INFO] Época 8/30, Batch 100/3348, Loss: 0.2694
2025-10-10 07:48:00,212 [INFO] Época 8/30, Batch 150/3348, Loss: 0.1165
2025-10-10 07:48:00,490 [INFO] Época 8/30, Batch 200/3348, Loss: 0.2087
2025-10-10 07:48:00,767 [INFO] Época 8/30, Batch 250/3348, Loss: 0.2669
2025-10-10 07:48:01,043 [INFO] Época 8/30, Batch 300/3348, Loss: 0.2088
2025-10-10 07:48:01,315 [INFO] Época 8/30, Batch 350/3348, Loss: 0.1477
2025-10-10 07:48:01,590 [INFO] Época 8/30, Batch 400/3348, Loss: 0.1158
2025-10-10 07:48:01,864 [INFO] Época 8/30, Batch 450/3348, Loss: 0.1287
2025-10-10 07:48:02,135 [INFO] Época 8/30, Batch 500/3348, Loss: 0.2426
2025-10-10 07:48:02,405 [INFO] Época 8/30, Batch 550/3348, Loss: 0.0604
2025-10-10 07:48:02,675 [INFO] Época 8/30, Batch 600/3348, Loss: 0.1308
2025-10-10 07:48:02,937 [INFO] Época 8/30, Batch 650/3348, Loss: 0.0762
2025-10-10 07:48:03,201 [INFO] Época 8/30, Batch 700/3348, Loss: 0.1574
2025-10-10 07:48:03,463 [INFO] Época 8/30, Batch 750/3348, Loss: 0.2118
2025-10-10 07:48:03,725 [INFO] Época 8/30, Batch 800/3348, Loss: 0.0963
2025-10-10 07:48:03,987 [INFO] Época 8/30, Batch 850/3348, Loss: 0.2129
2025-10-10 07:48:04,248 [INFO] Época 8/30, Batch 900/3348, Loss: 0.1703
2025-10-10 07:48:04,512 [INFO] Época 8/30, Batch 950/3348, Loss: 0.1921
2025-10-10 07:48:04,772 [INFO] Época 8/30, Batch 1000/3348, Loss: 0.2289
2025-10-10 07:48:05,032 [INFO] Época 8/30, Batch 1050/3348, Loss: 0.1565
2025-10-10 07:48:05,295 [INFO] Época 8/30, Batch 1100/3348, Loss: 0.2304
2025-10-10 07:48:05,557 [INFO] Época 8/30, Batch 1150/3348, Loss: 0.1930
2025-10-10 07:48:05,818 [INFO] Época 8/30, Batch 1200/3348, Loss: 0.1495
2025-10-10 07:48:06,081 [INFO] Época 8/30, Batch 1250/3348, Loss: 0.1206
2025-10-10 07:48:06,340 [INFO] Época 8/30, Batch 1300/3348, Loss: 0.0871
2025-10-10 07:48:06,602 [INFO] Época 8/30, Batch 1350/3348, Loss: 0.1551
2025-10-10 07:48:06,863 [INFO] Época 8/30, Batch 1400/3348, Loss: 0.1024
2025-10-10 07:48:07,126 [INFO] Época 8/30, Batch 1450/3348, Loss: 0.1118
2025-10-10 07:48:07,392 [INFO] Época 8/30, Batch 1500/3348, Loss: 0.1117
2025-10-10 07:48:07,653 [INFO] Época 8/30, Batch 1550/3348, Loss: 0.1237
2025-10-10 07:48:07,912 [INFO] Época 8/30, Batch 1600/3348, Loss: 0.1102
2025-10-10 07:48:08,174 [INFO] Época 8/30, Batch 1650/3348, Loss: 0.1868
2025-10-10 07:48:08,434 [INFO] Época 8/30, Batch 1700/3348, Loss: 0.1349
2025-10-10 07:48:08,698 [INFO] Época 8/30, Batch 1750/3348, Loss: 0.1678
2025-10-10 07:48:08,961 [INFO] Época 8/30, Batch 1800/3348, Loss: 0.0944
2025-10-10 07:48:09,223 [INFO] Época 8/30, Batch 1850/3348, Loss: 0.0669
2025-10-10 07:48:09,486 [INFO] Época 8/30, Batch 1900/3348, Loss: 0.1348
2025-10-10 07:48:09,747 [INFO] Época 8/30, Batch 1950/3348, Loss: 0.1875
2025-10-10 07:48:10,010 [INFO] Época 8/30, Batch 2000/3348, Loss: 0.1887
2025-10-10 07:48:10,271 [INFO] Época 8/30, Batch 2050/3348, Loss: 0.1861
2025-10-10 07:48:10,533 [INFO] Época 8/30, Batch 2100/3348, Loss: 0.0888
2025-10-10 07:48:10,796 [INFO] Época 8/30, Batch 2150/3348, Loss: 0.2880
2025-10-10 07:48:11,057 [INFO] Época 8/30, Batch 2200/3348, Loss: 0.0953
2025-10-10 07:48:11,320 [INFO] Época 8/30, Batch 2250/3348, Loss: 0.1755
2025-10-10 07:48:11,582 [INFO] Época 8/30, Batch 2300/3348, Loss: 0.1290
2025-10-10 07:48:11,843 [INFO] Época 8/30, Batch 2350/3348, Loss: 0.1768
2025-10-10 07:48:12,102 [INFO] Época 8/30, Batch 2400/3348, Loss: 0.1260
2025-10-10 07:48:12,363 [INFO] Época 8/30, Batch 2450/3348, Loss: 0.1114
2025-10-10 07:48:12,624 [INFO] Época 8/30, Batch 2500/3348, Loss: 0.2275
2025-10-10 07:48:12,887 [INFO] Época 8/30, Batch 2550/3348, Loss: 0.1940
2025-10-10 07:48:13,147 [INFO] Época 8/30, Batch 2600/3348, Loss: 0.1187
2025-10-10 07:48:13,409 [INFO] Época 8/30, Batch 2650/3348, Loss: 0.2296
2025-10-10 07:48:13,670 [INFO] Época 8/30, Batch 2700/3348, Loss: 0.1600
2025-10-10 07:48:13,932 [INFO] Época 8/30, Batch 2750/3348, Loss: 0.1728
2025-10-10 07:48:14,193 [INFO] Época 8/30, Batch 2800/3348, Loss: 0.1592
2025-10-10 07:48:14,454 [INFO] Época 8/30, Batch 2850/3348, Loss: 0.1025
2025-10-10 07:48:14,715 [INFO] Época 8/30, Batch 2900/3348, Loss: 0.0985
2025-10-10 07:48:14,975 [INFO] Época 8/30, Batch 2950/3348, Loss: 0.0881
2025-10-10 07:48:15,235 [INFO] Época 8/30, Batch 3000/3348, Loss: 0.0869
2025-10-10 07:48:15,497 [INFO] Época 8/30, Batch 3050/3348, Loss: 0.1368
2025-10-10 07:48:15,767 [INFO] Época 8/30, Batch 3100/3348, Loss: 0.1178
2025-10-10 07:48:16,027 [INFO] Época 8/30, Batch 3150/3348, Loss: 0.1767
2025-10-10 07:48:16,288 [INFO] Época 8/30, Batch 3200/3348, Loss: 0.1853
2025-10-10 07:48:16,548 [INFO] Época 8/30, Batch 3250/3348, Loss: 0.1102
2025-10-10 07:48:16,810 [INFO] Época 8/30, Batch 3300/3348, Loss: 0.1858
2025-10-10 07:48:18,734 [INFO] [8/30] Train Loss: 0.1564 | Val Loss: 0.2982 | Tempo: 19.68s
2025-10-10 07:48:19,324 [INFO] Época 9/30, Batch 50/3348, Loss: 0.1198
2025-10-10 07:48:19,592 [INFO] Época 9/30, Batch 100/3348, Loss: 0.2210
2025-10-10 07:48:19,859 [INFO] Época 9/30, Batch 150/3348, Loss: 0.1254
2025-10-10 07:48:20,122 [INFO] Época 9/30, Batch 200/3348, Loss: 0.1311
2025-10-10 07:48:20,389 [INFO] Época 9/30, Batch 250/3348, Loss: 0.0881
2025-10-10 07:48:20,653 [INFO] Época 9/30, Batch 300/3348, Loss: 0.2444
2025-10-10 07:48:20,924 [INFO] Época 9/30, Batch 350/3348, Loss: 0.1566
2025-10-10 07:48:21,199 [INFO] Época 9/30, Batch 400/3348, Loss: 0.1146
2025-10-10 07:48:21,468 [INFO] Época 9/30, Batch 450/3348, Loss: 0.1039
2025-10-10 07:48:21,742 [INFO] Época 9/30, Batch 500/3348, Loss: 0.0878
2025-10-10 07:48:22,007 [INFO] Época 9/30, Batch 550/3348, Loss: 0.1441
2025-10-10 07:48:22,268 [INFO] Época 9/30, Batch 600/3348, Loss: 0.1003
2025-10-10 07:48:22,529 [INFO] Época 9/30, Batch 650/3348, Loss: 0.1800
2025-10-10 07:48:22,779 [INFO] Época 9/30, Batch 700/3348, Loss: 0.1065
2025-10-10 07:48:23,030 [INFO] Época 9/30, Batch 750/3348, Loss: 0.0732
2025-10-10 07:48:23,283 [INFO] Época 9/30, Batch 800/3348, Loss: 0.1517
2025-10-10 07:48:23,541 [INFO] Época 9/30, Batch 850/3348, Loss: 0.2159
2025-10-10 07:48:23,799 [INFO] Época 9/30, Batch 900/3348, Loss: 0.1441
2025-10-10 07:48:24,057 [INFO] Época 9/30, Batch 950/3348, Loss: 0.1950
2025-10-10 07:48:24,315 [INFO] Época 9/30, Batch 1000/3348, Loss: 0.2096
2025-10-10 07:48:24,574 [INFO] Época 9/30, Batch 1050/3348, Loss: 0.1684
2025-10-10 07:48:24,831 [INFO] Época 9/30, Batch 1100/3348, Loss: 0.1185
2025-10-10 07:48:25,089 [INFO] Época 9/30, Batch 1150/3348, Loss: 0.2146
2025-10-10 07:48:25,347 [INFO] Época 9/30, Batch 1200/3348, Loss: 0.0841
2025-10-10 07:48:25,608 [INFO] Época 9/30, Batch 1250/3348, Loss: 0.0483
2025-10-10 07:48:25,874 [INFO] Época 9/30, Batch 1300/3348, Loss: 0.1357
2025-10-10 07:48:26,148 [INFO] Época 9/30, Batch 1350/3348, Loss: 0.1571
2025-10-10 07:48:26,412 [INFO] Época 9/30, Batch 1400/3348, Loss: 0.1663
2025-10-10 07:48:26,675 [INFO] Época 9/30, Batch 1450/3348, Loss: 0.0869
2025-10-10 07:48:26,939 [INFO] Época 9/30, Batch 1500/3348, Loss: 0.0692
2025-10-10 07:48:27,202 [INFO] Época 9/30, Batch 1550/3348, Loss: 0.2082
2025-10-10 07:48:27,468 [INFO] Época 9/30, Batch 1600/3348, Loss: 0.2063
2025-10-10 07:48:27,733 [INFO] Época 9/30, Batch 1650/3348, Loss: 0.1602
2025-10-10 07:48:28,005 [INFO] Época 9/30, Batch 1700/3348, Loss: 0.1043
2025-10-10 07:48:28,275 [INFO] Época 9/30, Batch 1750/3348, Loss: 0.1605
2025-10-10 07:48:28,548 [INFO] Época 9/30, Batch 1800/3348, Loss: 0.2333
2025-10-10 07:48:28,816 [INFO] Época 9/30, Batch 1850/3348, Loss: 0.1081
2025-10-10 07:48:29,086 [INFO] Época 9/30, Batch 1900/3348, Loss: 0.1385
2025-10-10 07:48:29,360 [INFO] Época 9/30, Batch 1950/3348, Loss: 0.1500
2025-10-10 07:48:29,632 [INFO] Época 9/30, Batch 2000/3348, Loss: 0.1896
2025-10-10 07:48:29,904 [INFO] Época 9/30, Batch 2050/3348, Loss: 0.2209
2025-10-10 07:48:30,177 [INFO] Época 9/30, Batch 2100/3348, Loss: 0.1833
2025-10-10 07:48:30,449 [INFO] Época 9/30, Batch 2150/3348, Loss: 0.1094
2025-10-10 07:48:30,724 [INFO] Época 9/30, Batch 2200/3348, Loss: 0.2000
2025-10-10 07:48:30,996 [INFO] Época 9/30, Batch 2250/3348, Loss: 0.1715
2025-10-10 07:48:31,260 [INFO] Época 9/30, Batch 2300/3348, Loss: 0.2208
2025-10-10 07:48:31,520 [INFO] Época 9/30, Batch 2350/3348, Loss: 0.2170
2025-10-10 07:48:31,789 [INFO] Época 9/30, Batch 2400/3348, Loss: 0.1303
2025-10-10 07:48:32,058 [INFO] Época 9/30, Batch 2450/3348, Loss: 0.0768
2025-10-10 07:48:32,317 [INFO] Época 9/30, Batch 2500/3348, Loss: 0.0890
2025-10-10 07:48:32,582 [INFO] Época 9/30, Batch 2550/3348, Loss: 0.1643
2025-10-10 07:48:32,845 [INFO] Época 9/30, Batch 2600/3348, Loss: 0.2294
2025-10-10 07:48:33,108 [INFO] Época 9/30, Batch 2650/3348, Loss: 0.2425
2025-10-10 07:48:33,369 [INFO] Época 9/30, Batch 2700/3348, Loss: 0.1356
2025-10-10 07:48:33,629 [INFO] Época 9/30, Batch 2750/3348, Loss: 0.1538
2025-10-10 07:48:33,893 [INFO] Época 9/30, Batch 2800/3348, Loss: 0.2147
2025-10-10 07:48:34,155 [INFO] Época 9/30, Batch 2850/3348, Loss: 0.2383
2025-10-10 07:48:34,415 [INFO] Época 9/30, Batch 2900/3348, Loss: 0.1847
2025-10-10 07:48:34,676 [INFO] Época 9/30, Batch 2950/3348, Loss: 0.1425
2025-10-10 07:48:34,936 [INFO] Época 9/30, Batch 3000/3348, Loss: 0.2086
2025-10-10 07:48:35,197 [INFO] Época 9/30, Batch 3050/3348, Loss: 0.1522
2025-10-10 07:48:35,457 [INFO] Época 9/30, Batch 3100/3348, Loss: 0.0684
2025-10-10 07:48:35,718 [INFO] Época 9/30, Batch 3150/3348, Loss: 0.0913
2025-10-10 07:48:35,979 [INFO] Época 9/30, Batch 3200/3348, Loss: 0.1630
2025-10-10 07:48:36,242 [INFO] Época 9/30, Batch 3250/3348, Loss: 0.2508
2025-10-10 07:48:36,506 [INFO] Época 9/30, Batch 3300/3348, Loss: 0.1173
2025-10-10 07:48:38,428 [INFO] [9/30] Train Loss: 0.1481 | Val Loss: 0.3113 | Tempo: 19.69s
2025-10-10 07:48:39,030 [INFO] Época 10/30, Batch 50/3348, Loss: 0.1496
2025-10-10 07:48:39,298 [INFO] Época 10/30, Batch 100/3348, Loss: 0.1559
2025-10-10 07:48:39,563 [INFO] Época 10/30, Batch 150/3348, Loss: 0.1031
2025-10-10 07:48:39,826 [INFO] Época 10/30, Batch 200/3348, Loss: 0.0739
2025-10-10 07:48:40,088 [INFO] Época 10/30, Batch 250/3348, Loss: 0.1291
2025-10-10 07:48:40,352 [INFO] Época 10/30, Batch 300/3348, Loss: 0.2092
2025-10-10 07:48:40,614 [INFO] Época 10/30, Batch 350/3348, Loss: 0.1673
2025-10-10 07:48:40,876 [INFO] Época 10/30, Batch 400/3348, Loss: 0.0658
2025-10-10 07:48:41,138 [INFO] Época 10/30, Batch 450/3348, Loss: 0.1455
2025-10-10 07:48:41,399 [INFO] Época 10/30, Batch 500/3348, Loss: 0.1784
2025-10-10 07:48:41,671 [INFO] Época 10/30, Batch 550/3348, Loss: 0.0880
2025-10-10 07:48:41,934 [INFO] Época 10/30, Batch 600/3348, Loss: 0.1803
2025-10-10 07:48:42,196 [INFO] Época 10/30, Batch 650/3348, Loss: 0.0995
2025-10-10 07:48:42,456 [INFO] Época 10/30, Batch 700/3348, Loss: 0.1663
2025-10-10 07:48:42,716 [INFO] Época 10/30, Batch 750/3348, Loss: 0.1937
2025-10-10 07:48:42,977 [INFO] Época 10/30, Batch 800/3348, Loss: 0.1488
2025-10-10 07:48:43,238 [INFO] Época 10/30, Batch 850/3348, Loss: 0.1046
2025-10-10 07:48:43,500 [INFO] Época 10/30, Batch 900/3348, Loss: 0.1507
2025-10-10 07:48:43,760 [INFO] Época 10/30, Batch 950/3348, Loss: 0.1006
2025-10-10 07:48:44,021 [INFO] Época 10/30, Batch 1000/3348, Loss: 0.0755
2025-10-10 07:48:44,285 [INFO] Época 10/30, Batch 1050/3348, Loss: 0.0997
2025-10-10 07:48:44,545 [INFO] Época 10/30, Batch 1100/3348, Loss: 0.0840
2025-10-10 07:48:44,807 [INFO] Época 10/30, Batch 1150/3348, Loss: 0.1575
2025-10-10 07:48:45,069 [INFO] Época 10/30, Batch 1200/3348, Loss: 0.1231
2025-10-10 07:48:45,332 [INFO] Época 10/30, Batch 1250/3348, Loss: 0.1875
2025-10-10 07:48:45,607 [INFO] Época 10/30, Batch 1300/3348, Loss: 0.2188
2025-10-10 07:48:45,868 [INFO] Época 10/30, Batch 1350/3348, Loss: 0.1237
2025-10-10 07:48:46,131 [INFO] Época 10/30, Batch 1400/3348, Loss: 0.1538
2025-10-10 07:48:46,393 [INFO] Época 10/30, Batch 1450/3348, Loss: 0.1383
2025-10-10 07:48:46,654 [INFO] Época 10/30, Batch 1500/3348, Loss: 0.1859
2025-10-10 07:48:46,927 [INFO] Época 10/30, Batch 1550/3348, Loss: 0.1451
2025-10-10 07:48:47,189 [INFO] Época 10/30, Batch 1600/3348, Loss: 0.0724
2025-10-10 07:48:47,449 [INFO] Época 10/30, Batch 1650/3348, Loss: 0.1083
2025-10-10 07:48:47,710 [INFO] Época 10/30, Batch 1700/3348, Loss: 0.0764
2025-10-10 07:48:47,969 [INFO] Época 10/30, Batch 1750/3348, Loss: 0.1433
2025-10-10 07:48:48,231 [INFO] Época 10/30, Batch 1800/3348, Loss: 0.1122
2025-10-10 07:48:48,492 [INFO] Época 10/30, Batch 1850/3348, Loss: 0.1664
2025-10-10 07:48:48,752 [INFO] Época 10/30, Batch 1900/3348, Loss: 0.1005
2025-10-10 07:48:49,013 [INFO] Época 10/30, Batch 1950/3348, Loss: 0.0755
2025-10-10 07:48:49,274 [INFO] Época 10/30, Batch 2000/3348, Loss: 0.1766
2025-10-10 07:48:49,536 [INFO] Época 10/30, Batch 2050/3348, Loss: 0.1784
2025-10-10 07:48:49,796 [INFO] Época 10/30, Batch 2100/3348, Loss: 0.2508
2025-10-10 07:48:50,056 [INFO] Época 10/30, Batch 2150/3348, Loss: 0.1013
2025-10-10 07:48:50,318 [INFO] Época 10/30, Batch 2200/3348, Loss: 0.1430
2025-10-10 07:48:50,580 [INFO] Época 10/30, Batch 2250/3348, Loss: 0.1175
2025-10-10 07:48:50,841 [INFO] Época 10/30, Batch 2300/3348, Loss: 0.1458
2025-10-10 07:48:51,102 [INFO] Época 10/30, Batch 2350/3348, Loss: 0.1205
2025-10-10 07:48:51,363 [INFO] Época 10/30, Batch 2400/3348, Loss: 0.1778
2025-10-10 07:48:51,625 [INFO] Época 10/30, Batch 2450/3348, Loss: 0.1644
2025-10-10 07:48:51,886 [INFO] Época 10/30, Batch 2500/3348, Loss: 0.1729
2025-10-10 07:48:52,148 [INFO] Época 10/30, Batch 2550/3348, Loss: 0.0481
2025-10-10 07:48:52,410 [INFO] Época 10/30, Batch 2600/3348, Loss: 0.1349
2025-10-10 07:48:52,673 [INFO] Época 10/30, Batch 2650/3348, Loss: 0.2062
2025-10-10 07:48:52,935 [INFO] Época 10/30, Batch 2700/3348, Loss: 0.1489
2025-10-10 07:48:53,199 [INFO] Época 10/30, Batch 2750/3348, Loss: 0.0904
2025-10-10 07:48:53,462 [INFO] Época 10/30, Batch 2800/3348, Loss: 0.1051
2025-10-10 07:48:53,728 [INFO] Época 10/30, Batch 2850/3348, Loss: 0.0902
2025-10-10 07:48:53,991 [INFO] Época 10/30, Batch 2900/3348, Loss: 0.1451
2025-10-10 07:48:54,254 [INFO] Época 10/30, Batch 2950/3348, Loss: 0.1661
2025-10-10 07:48:54,517 [INFO] Época 10/30, Batch 3000/3348, Loss: 0.1042
2025-10-10 07:48:54,778 [INFO] Época 10/30, Batch 3050/3348, Loss: 0.1065
2025-10-10 07:48:55,040 [INFO] Época 10/30, Batch 3100/3348, Loss: 0.1382
2025-10-10 07:48:55,301 [INFO] Época 10/30, Batch 3150/3348, Loss: 0.1653
2025-10-10 07:48:55,562 [INFO] Época 10/30, Batch 3200/3348, Loss: 0.1944
2025-10-10 07:48:55,823 [INFO] Época 10/30, Batch 3250/3348, Loss: 0.1755
2025-10-10 07:48:56,084 [INFO] Época 10/30, Batch 3300/3348, Loss: 0.2548
2025-10-10 07:48:57,998 [INFO] [10/30] Train Loss: 0.1425 | Val Loss: 0.3340 | Tempo: 19.57s
2025-10-10 07:48:58,593 [INFO] Época 11/30, Batch 50/3348, Loss: 0.1513
2025-10-10 07:48:58,871 [INFO] Época 11/30, Batch 100/3348, Loss: 0.0956
2025-10-10 07:48:59,143 [INFO] Época 11/30, Batch 150/3348, Loss: 0.2038
2025-10-10 07:48:59,414 [INFO] Época 11/30, Batch 200/3348, Loss: 0.1174
2025-10-10 07:48:59,682 [INFO] Época 11/30, Batch 250/3348, Loss: 0.1351
2025-10-10 07:48:59,952 [INFO] Época 11/30, Batch 300/3348, Loss: 0.1809
2025-10-10 07:49:00,219 [INFO] Época 11/30, Batch 350/3348, Loss: 0.0657
2025-10-10 07:49:00,487 [INFO] Época 11/30, Batch 400/3348, Loss: 0.1953
2025-10-10 07:49:00,762 [INFO] Época 11/30, Batch 450/3348, Loss: 0.0538
2025-10-10 07:49:01,030 [INFO] Época 11/30, Batch 500/3348, Loss: 0.1209
2025-10-10 07:49:01,309 [INFO] Época 11/30, Batch 550/3348, Loss: 0.2566
2025-10-10 07:49:01,589 [INFO] Época 11/30, Batch 600/3348, Loss: 0.1386
2025-10-10 07:49:01,854 [INFO] Época 11/30, Batch 650/3348, Loss: 0.1092
2025-10-10 07:49:02,115 [INFO] Época 11/30, Batch 700/3348, Loss: 0.0905
2025-10-10 07:49:02,373 [INFO] Época 11/30, Batch 750/3348, Loss: 0.0679
2025-10-10 07:49:02,631 [INFO] Época 11/30, Batch 800/3348, Loss: 0.0963
2025-10-10 07:49:02,893 [INFO] Época 11/30, Batch 850/3348, Loss: 0.0776
2025-10-10 07:49:03,152 [INFO] Época 11/30, Batch 900/3348, Loss: 0.0838
2025-10-10 07:49:03,422 [INFO] Época 11/30, Batch 950/3348, Loss: 0.1448
2025-10-10 07:49:03,682 [INFO] Época 11/30, Batch 1000/3348, Loss: 0.2442
2025-10-10 07:49:03,942 [INFO] Época 11/30, Batch 1050/3348, Loss: 0.1767
2025-10-10 07:49:04,201 [INFO] Época 11/30, Batch 1100/3348, Loss: 0.1464
2025-10-10 07:49:04,462 [INFO] Época 11/30, Batch 1150/3348, Loss: 0.1697
2025-10-10 07:49:04,729 [INFO] Época 11/30, Batch 1200/3348, Loss: 0.1388
2025-10-10 07:49:04,994 [INFO] Época 11/30, Batch 1250/3348, Loss: 0.1108
2025-10-10 07:49:05,262 [INFO] Época 11/30, Batch 1300/3348, Loss: 0.2904
2025-10-10 07:49:05,529 [INFO] Época 11/30, Batch 1350/3348, Loss: 0.0910
2025-10-10 07:49:05,797 [INFO] Época 11/30, Batch 1400/3348, Loss: 0.2411
2025-10-10 07:49:06,065 [INFO] Época 11/30, Batch 1450/3348, Loss: 0.1345
2025-10-10 07:49:06,334 [INFO] Época 11/30, Batch 1500/3348, Loss: 0.1526
2025-10-10 07:49:06,602 [INFO] Época 11/30, Batch 1550/3348, Loss: 0.1508
2025-10-10 07:49:06,868 [INFO] Época 11/30, Batch 1600/3348, Loss: 0.0530
2025-10-10 07:49:07,135 [INFO] Época 11/30, Batch 1650/3348, Loss: 0.1575
2025-10-10 07:49:07,402 [INFO] Época 11/30, Batch 1700/3348, Loss: 0.0809
2025-10-10 07:49:07,669 [INFO] Época 11/30, Batch 1750/3348, Loss: 0.1330
2025-10-10 07:49:07,937 [INFO] Época 11/30, Batch 1800/3348, Loss: 0.1415
2025-10-10 07:49:08,205 [INFO] Época 11/30, Batch 1850/3348, Loss: 0.0849
2025-10-10 07:49:08,472 [INFO] Época 11/30, Batch 1900/3348, Loss: 0.1302
2025-10-10 07:49:08,740 [INFO] Época 11/30, Batch 1950/3348, Loss: 0.1129
2025-10-10 07:49:09,008 [INFO] Época 11/30, Batch 2000/3348, Loss: 0.1529
2025-10-10 07:49:09,275 [INFO] Época 11/30, Batch 2050/3348, Loss: 0.2462
2025-10-10 07:49:09,544 [INFO] Época 11/30, Batch 2100/3348, Loss: 0.1167
2025-10-10 07:49:09,807 [INFO] Época 11/30, Batch 2150/3348, Loss: 0.1016
2025-10-10 07:49:10,067 [INFO] Época 11/30, Batch 2200/3348, Loss: 0.1982
2025-10-10 07:49:10,325 [INFO] Época 11/30, Batch 2250/3348, Loss: 0.0810
2025-10-10 07:49:10,580 [INFO] Época 11/30, Batch 2300/3348, Loss: 0.1204
2025-10-10 07:49:10,841 [INFO] Época 11/30, Batch 2350/3348, Loss: 0.1326
2025-10-10 07:49:11,097 [INFO] Época 11/30, Batch 2400/3348, Loss: 0.1606
2025-10-10 07:49:11,356 [INFO] Época 11/30, Batch 2450/3348, Loss: 0.1942
2025-10-10 07:49:11,613 [INFO] Época 11/30, Batch 2500/3348, Loss: 0.1845
2025-10-10 07:49:11,871 [INFO] Época 11/30, Batch 2550/3348, Loss: 0.1513
2025-10-10 07:49:12,131 [INFO] Época 11/30, Batch 2600/3348, Loss: 0.2151
2025-10-10 07:49:12,388 [INFO] Época 11/30, Batch 2650/3348, Loss: 0.1532
2025-10-10 07:49:12,646 [INFO] Época 11/30, Batch 2700/3348, Loss: 0.1403
2025-10-10 07:49:12,904 [INFO] Época 11/30, Batch 2750/3348, Loss: 0.1783
2025-10-10 07:49:13,160 [INFO] Época 11/30, Batch 2800/3348, Loss: 0.2489
2025-10-10 07:49:13,418 [INFO] Época 11/30, Batch 2850/3348, Loss: 0.1352
2025-10-10 07:49:13,685 [INFO] Época 11/30, Batch 2900/3348, Loss: 0.1491
2025-10-10 07:49:13,940 [INFO] Época 11/30, Batch 2950/3348, Loss: 0.1217
2025-10-10 07:49:14,195 [INFO] Época 11/30, Batch 3000/3348, Loss: 0.1753
2025-10-10 07:49:14,451 [INFO] Época 11/30, Batch 3050/3348, Loss: 0.1488
2025-10-10 07:49:14,707 [INFO] Época 11/30, Batch 3100/3348, Loss: 0.1196
2025-10-10 07:49:14,964 [INFO] Época 11/30, Batch 3150/3348, Loss: 0.0744
2025-10-10 07:49:15,220 [INFO] Época 11/30, Batch 3200/3348, Loss: 0.2115
2025-10-10 07:49:15,479 [INFO] Época 11/30, Batch 3250/3348, Loss: 0.0971
2025-10-10 07:49:15,736 [INFO] Época 11/30, Batch 3300/3348, Loss: 0.1530
2025-10-10 07:49:17,541 [INFO] [11/30] Train Loss: 0.1365 | Val Loss: 0.2636 | Tempo: 19.54s
2025-10-10 07:49:18,127 [INFO] Época 12/30, Batch 50/3348, Loss: 0.0883
2025-10-10 07:49:18,397 [INFO] Época 12/30, Batch 100/3348, Loss: 0.0973
2025-10-10 07:49:18,668 [INFO] Época 12/30, Batch 150/3348, Loss: 0.1363
2025-10-10 07:49:18,936 [INFO] Época 12/30, Batch 200/3348, Loss: 0.0859
2025-10-10 07:49:19,204 [INFO] Época 12/30, Batch 250/3348, Loss: 0.1255
2025-10-10 07:49:19,469 [INFO] Época 12/30, Batch 300/3348, Loss: 0.1054
2025-10-10 07:49:19,737 [INFO] Época 12/30, Batch 350/3348, Loss: 0.0963
2025-10-10 07:49:20,002 [INFO] Época 12/30, Batch 400/3348, Loss: 0.1506
2025-10-10 07:49:20,267 [INFO] Época 12/30, Batch 450/3348, Loss: 0.1393
2025-10-10 07:49:20,532 [INFO] Época 12/30, Batch 500/3348, Loss: 0.2005
2025-10-10 07:49:20,796 [INFO] Época 12/30, Batch 550/3348, Loss: 0.1345
2025-10-10 07:49:21,061 [INFO] Época 12/30, Batch 600/3348, Loss: 0.1221
2025-10-10 07:49:21,324 [INFO] Época 12/30, Batch 650/3348, Loss: 0.0935
2025-10-10 07:49:21,582 [INFO] Época 12/30, Batch 700/3348, Loss: 0.1264
2025-10-10 07:49:21,835 [INFO] Época 12/30, Batch 750/3348, Loss: 0.1497
2025-10-10 07:49:22,089 [INFO] Época 12/30, Batch 800/3348, Loss: 0.1146
2025-10-10 07:49:22,344 [INFO] Época 12/30, Batch 850/3348, Loss: 0.1680
2025-10-10 07:49:22,606 [INFO] Época 12/30, Batch 900/3348, Loss: 0.1267
2025-10-10 07:49:22,869 [INFO] Época 12/30, Batch 950/3348, Loss: 0.1031
2025-10-10 07:49:23,131 [INFO] Época 12/30, Batch 1000/3348, Loss: 0.1477
2025-10-10 07:49:23,393 [INFO] Época 12/30, Batch 1050/3348, Loss: 0.1081
2025-10-10 07:49:23,656 [INFO] Época 12/30, Batch 1100/3348, Loss: 0.0526
2025-10-10 07:49:23,916 [INFO] Época 12/30, Batch 1150/3348, Loss: 0.1489
2025-10-10 07:49:24,176 [INFO] Época 12/30, Batch 1200/3348, Loss: 0.1188
2025-10-10 07:49:24,437 [INFO] Época 12/30, Batch 1250/3348, Loss: 0.1687
2025-10-10 07:49:24,698 [INFO] Época 12/30, Batch 1300/3348, Loss: 0.1827
2025-10-10 07:49:24,960 [INFO] Época 12/30, Batch 1350/3348, Loss: 0.1149
2025-10-10 07:49:25,222 [INFO] Época 12/30, Batch 1400/3348, Loss: 0.0384
2025-10-10 07:49:25,484 [INFO] Época 12/30, Batch 1450/3348, Loss: 0.0983
2025-10-10 07:49:25,746 [INFO] Época 12/30, Batch 1500/3348, Loss: 0.1554
2025-10-10 07:49:26,007 [INFO] Época 12/30, Batch 1550/3348, Loss: 0.0368
2025-10-10 07:49:26,268 [INFO] Época 12/30, Batch 1600/3348, Loss: 0.1510
2025-10-10 07:49:26,534 [INFO] Época 12/30, Batch 1650/3348, Loss: 0.1119
2025-10-10 07:49:26,795 [INFO] Época 12/30, Batch 1700/3348, Loss: 0.0688
2025-10-10 07:49:27,055 [INFO] Época 12/30, Batch 1750/3348, Loss: 0.2101
2025-10-10 07:49:27,314 [INFO] Época 12/30, Batch 1800/3348, Loss: 0.2207
2025-10-10 07:49:27,576 [INFO] Época 12/30, Batch 1850/3348, Loss: 0.0901
2025-10-10 07:49:27,840 [INFO] Época 12/30, Batch 1900/3348, Loss: 0.0937
2025-10-10 07:49:28,102 [INFO] Época 12/30, Batch 1950/3348, Loss: 0.1217
2025-10-10 07:49:28,364 [INFO] Época 12/30, Batch 2000/3348, Loss: 0.1333
2025-10-10 07:49:28,629 [INFO] Época 12/30, Batch 2050/3348, Loss: 0.1156
2025-10-10 07:49:28,891 [INFO] Época 12/30, Batch 2100/3348, Loss: 0.1060
2025-10-10 07:49:29,155 [INFO] Época 12/30, Batch 2150/3348, Loss: 0.2443
2025-10-10 07:49:29,427 [INFO] Época 12/30, Batch 2200/3348, Loss: 0.0499
2025-10-10 07:49:29,691 [INFO] Época 12/30, Batch 2250/3348, Loss: 0.1509
2025-10-10 07:49:29,953 [INFO] Época 12/30, Batch 2300/3348, Loss: 0.1808
2025-10-10 07:49:30,214 [INFO] Época 12/30, Batch 2350/3348, Loss: 0.1984
2025-10-10 07:49:30,478 [INFO] Época 12/30, Batch 2400/3348, Loss: 0.0747
2025-10-10 07:49:30,741 [INFO] Época 12/30, Batch 2450/3348, Loss: 0.1433
2025-10-10 07:49:31,002 [INFO] Época 12/30, Batch 2500/3348, Loss: 0.2572
2025-10-10 07:49:31,262 [INFO] Época 12/30, Batch 2550/3348, Loss: 0.1405
2025-10-10 07:49:31,525 [INFO] Época 12/30, Batch 2600/3348, Loss: 0.0689
2025-10-10 07:49:31,788 [INFO] Época 12/30, Batch 2650/3348, Loss: 0.1237
2025-10-10 07:49:32,050 [INFO] Época 12/30, Batch 2700/3348, Loss: 0.1573
2025-10-10 07:49:32,313 [INFO] Época 12/30, Batch 2750/3348, Loss: 0.1038
2025-10-10 07:49:32,577 [INFO] Época 12/30, Batch 2800/3348, Loss: 0.0640
2025-10-10 07:49:32,841 [INFO] Época 12/30, Batch 2850/3348, Loss: 0.1454
2025-10-10 07:49:33,105 [INFO] Época 12/30, Batch 2900/3348, Loss: 0.1388
2025-10-10 07:49:33,368 [INFO] Época 12/30, Batch 2950/3348, Loss: 0.1650
2025-10-10 07:49:33,637 [INFO] Época 12/30, Batch 3000/3348, Loss: 0.1322
2025-10-10 07:49:33,901 [INFO] Época 12/30, Batch 3050/3348, Loss: 0.1974
2025-10-10 07:49:34,165 [INFO] Época 12/30, Batch 3100/3348, Loss: 0.1143
2025-10-10 07:49:34,441 [INFO] Época 12/30, Batch 3150/3348, Loss: 0.1824
2025-10-10 07:49:34,704 [INFO] Época 12/30, Batch 3200/3348, Loss: 0.1765
2025-10-10 07:49:34,969 [INFO] Época 12/30, Batch 3250/3348, Loss: 0.1117
2025-10-10 07:49:35,233 [INFO] Época 12/30, Batch 3300/3348, Loss: 0.1122
2025-10-10 07:49:37,147 [INFO] [12/30] Train Loss: 0.1325 | Val Loss: 0.2773 | Tempo: 19.61s
2025-10-10 07:49:37,753 [INFO] Época 13/30, Batch 50/3348, Loss: 0.2091
2025-10-10 07:49:38,029 [INFO] Época 13/30, Batch 100/3348, Loss: 0.1335
2025-10-10 07:49:38,305 [INFO] Época 13/30, Batch 150/3348, Loss: 0.1017
2025-10-10 07:49:38,574 [INFO] Época 13/30, Batch 200/3348, Loss: 0.1778
2025-10-10 07:49:38,844 [INFO] Época 13/30, Batch 250/3348, Loss: 0.1191
2025-10-10 07:49:39,109 [INFO] Época 13/30, Batch 300/3348, Loss: 0.0939
2025-10-10 07:49:39,373 [INFO] Época 13/30, Batch 350/3348, Loss: 0.1189
2025-10-10 07:49:39,634 [INFO] Época 13/30, Batch 400/3348, Loss: 0.1463
2025-10-10 07:49:39,896 [INFO] Época 13/30, Batch 450/3348, Loss: 0.1420
2025-10-10 07:49:40,159 [INFO] Época 13/30, Batch 500/3348, Loss: 0.1336
2025-10-10 07:49:40,420 [INFO] Época 13/30, Batch 550/3348, Loss: 0.1058
2025-10-10 07:49:40,684 [INFO] Época 13/30, Batch 600/3348, Loss: 0.1358
2025-10-10 07:49:40,947 [INFO] Época 13/30, Batch 650/3348, Loss: 0.1075
2025-10-10 07:49:41,209 [INFO] Época 13/30, Batch 700/3348, Loss: 0.2908
2025-10-10 07:49:41,472 [INFO] Época 13/30, Batch 750/3348, Loss: 0.2482
2025-10-10 07:49:41,732 [INFO] Época 13/30, Batch 800/3348, Loss: 0.1058
2025-10-10 07:49:41,992 [INFO] Época 13/30, Batch 850/3348, Loss: 0.1767
2025-10-10 07:49:42,253 [INFO] Época 13/30, Batch 900/3348, Loss: 0.0831
2025-10-10 07:49:42,513 [INFO] Época 13/30, Batch 950/3348, Loss: 0.1698
2025-10-10 07:49:42,774 [INFO] Época 13/30, Batch 1000/3348, Loss: 0.1650
2025-10-10 07:49:43,035 [INFO] Época 13/30, Batch 1050/3348, Loss: 0.1611
2025-10-10 07:49:43,294 [INFO] Época 13/30, Batch 1100/3348, Loss: 0.1525
2025-10-10 07:49:43,559 [INFO] Época 13/30, Batch 1150/3348, Loss: 0.3476
2025-10-10 07:49:43,822 [INFO] Época 13/30, Batch 1200/3348, Loss: 0.0764
2025-10-10 07:49:44,085 [INFO] Época 13/30, Batch 1250/3348, Loss: 0.0589
2025-10-10 07:49:44,347 [INFO] Época 13/30, Batch 1300/3348, Loss: 0.1532
2025-10-10 07:49:44,613 [INFO] Época 13/30, Batch 1350/3348, Loss: 0.1032
2025-10-10 07:49:44,889 [INFO] Época 13/30, Batch 1400/3348, Loss: 0.0786
2025-10-10 07:49:45,153 [INFO] Época 13/30, Batch 1450/3348, Loss: 0.1069
2025-10-10 07:49:45,414 [INFO] Época 13/30, Batch 1500/3348, Loss: 0.1691
2025-10-10 07:49:45,676 [INFO] Época 13/30, Batch 1550/3348, Loss: 0.1476
2025-10-10 07:49:45,941 [INFO] Época 13/30, Batch 1600/3348, Loss: 0.1618
2025-10-10 07:49:46,205 [INFO] Época 13/30, Batch 1650/3348, Loss: 0.0774
2025-10-10 07:49:46,468 [INFO] Época 13/30, Batch 1700/3348, Loss: 0.1128
2025-10-10 07:49:46,731 [INFO] Época 13/30, Batch 1750/3348, Loss: 0.1711
2025-10-10 07:49:46,994 [INFO] Época 13/30, Batch 1800/3348, Loss: 0.1323
2025-10-10 07:49:47,257 [INFO] Época 13/30, Batch 1850/3348, Loss: 0.1223
2025-10-10 07:49:47,522 [INFO] Época 13/30, Batch 1900/3348, Loss: 0.0826
2025-10-10 07:49:47,790 [INFO] Época 13/30, Batch 1950/3348, Loss: 0.0925
2025-10-10 07:49:48,055 [INFO] Época 13/30, Batch 2000/3348, Loss: 0.0955
2025-10-10 07:49:48,322 [INFO] Época 13/30, Batch 2050/3348, Loss: 0.1430
2025-10-10 07:49:48,587 [INFO] Época 13/30, Batch 2100/3348, Loss: 0.0958
2025-10-10 07:49:48,850 [INFO] Época 13/30, Batch 2150/3348, Loss: 0.2489
2025-10-10 07:49:49,113 [INFO] Época 13/30, Batch 2200/3348, Loss: 0.1999
2025-10-10 07:49:49,375 [INFO] Época 13/30, Batch 2250/3348, Loss: 0.0926
2025-10-10 07:49:49,636 [INFO] Época 13/30, Batch 2300/3348, Loss: 0.1568
2025-10-10 07:49:49,911 [INFO] Época 13/30, Batch 2350/3348, Loss: 0.2128
2025-10-10 07:49:50,174 [INFO] Época 13/30, Batch 2400/3348, Loss: 0.1426
2025-10-10 07:49:50,437 [INFO] Época 13/30, Batch 2450/3348, Loss: 0.1336
2025-10-10 07:49:50,700 [INFO] Época 13/30, Batch 2500/3348, Loss: 0.1341
2025-10-10 07:49:50,962 [INFO] Época 13/30, Batch 2550/3348, Loss: 0.1265
2025-10-10 07:49:51,223 [INFO] Época 13/30, Batch 2600/3348, Loss: 0.0610
2025-10-10 07:49:51,489 [INFO] Época 13/30, Batch 2650/3348, Loss: 0.1704
2025-10-10 07:49:51,751 [INFO] Época 13/30, Batch 2700/3348, Loss: 0.1019
2025-10-10 07:49:52,014 [INFO] Época 13/30, Batch 2750/3348, Loss: 0.1261
2025-10-10 07:49:52,276 [INFO] Época 13/30, Batch 2800/3348, Loss: 0.1115
2025-10-10 07:49:52,540 [INFO] Época 13/30, Batch 2850/3348, Loss: 0.0577
2025-10-10 07:49:52,801 [INFO] Época 13/30, Batch 2900/3348, Loss: 0.0838
2025-10-10 07:49:53,068 [INFO] Época 13/30, Batch 2950/3348, Loss: 0.1641
2025-10-10 07:49:53,331 [INFO] Época 13/30, Batch 3000/3348, Loss: 0.0869
2025-10-10 07:49:53,594 [INFO] Época 13/30, Batch 3050/3348, Loss: 0.1308
2025-10-10 07:49:53,856 [INFO] Época 13/30, Batch 3100/3348, Loss: 0.1261
2025-10-10 07:49:54,118 [INFO] Época 13/30, Batch 3150/3348, Loss: 0.2158
2025-10-10 07:49:54,381 [INFO] Época 13/30, Batch 3200/3348, Loss: 0.1049
2025-10-10 07:49:54,645 [INFO] Época 13/30, Batch 3250/3348, Loss: 0.1190
2025-10-10 07:49:54,909 [INFO] Época 13/30, Batch 3300/3348, Loss: 0.1193
2025-10-10 07:49:56,829 [INFO] [13/30] Train Loss: 0.1285 | Val Loss: 0.3476 | Tempo: 19.68s
2025-10-10 07:49:56,829 [INFO] Early stopping ativado após 10 épocas sem melhoria
2025-10-10 07:49:56,829 [INFO] Treinamento concluído em 255.26 segundos (4.25 minutos)
2025-10-10 07:49:56,830 [INFO] Iniciando avaliação no conjunto de teste...
2025-10-10 07:49:58,313 [INFO] Avaliação do teste concluída em 1.48 segundos
2025-10-10 07:49:58,313 [INFO] MSE no teste: 0.9837
2025-10-10 07:49:58,313 [INFO] RMSE no teste: 0.9918
2025-10-10 07:49:58,314 [INFO] MAE no teste: 0.8064
2025-10-10 07:49:58,314 [INFO] Métricas salvas em /mnt/hdd/home/jdurao/ToolBox-ChemXAI/logs/mlp_att10_Avalon_metrics.json
