2025-10-09 22:20:17,644 [INFO] Iniciando treinamento do modelo mlp_att4_EState
2025-10-09 22:20:17,644 [INFO] Configuração: att_index=4, epochs=30, layers=[128, 64, 32], lr=0.001, batch_size=32, descriptor_type=EState
2025-10-09 22:20:17,644 [INFO] Diretório para modelos: /mnt/hdd/home/jdurao/ToolBox-ChemXAI/models
2025-10-09 22:20:17,644 [INFO] Carregando dados...
2025-10-09 22:20:17,730 [INFO] Preparando dataloaders sem ruído...
2025-10-09 22:20:20,547 [INFO] Dados carregados em 2.90 segundos
2025-10-09 22:20:20,547 [INFO] Tamanhos dos conjuntos - Treino: 107108, Validação: 13388, Teste: 13389
2025-10-09 22:20:20,547 [INFO] Usando dispositivo: cuda
2025-10-09 22:20:20,938 [INFO] Dimensão de entrada: 79, Dimensão de saída: 1
2025-10-09 22:20:20,939 [INFO] Criando modelo MLP com camadas: [128, 64, 32]
2025-10-09 22:20:20,942 [INFO] Modelo criado com 20609 parâmetros
2025-10-09 22:20:20,943 [INFO] Iniciando treinamento com 30 épocas...
2025-10-09 22:20:21,511 [INFO] Época 1/30, Batch 50/3348, Loss: 0.7382
2025-10-09 22:20:21,776 [INFO] Época 1/30, Batch 100/3348, Loss: 0.5031
2025-10-09 22:20:22,039 [INFO] Época 1/30, Batch 150/3348, Loss: 0.7761
2025-10-09 22:20:22,300 [INFO] Época 1/30, Batch 200/3348, Loss: 0.4738
2025-10-09 22:20:22,562 [INFO] Época 1/30, Batch 250/3348, Loss: 0.5823
2025-10-09 22:20:22,824 [INFO] Época 1/30, Batch 300/3348, Loss: 0.6732
2025-10-09 22:20:23,085 [INFO] Época 1/30, Batch 350/3348, Loss: 0.5721
2025-10-09 22:20:23,348 [INFO] Época 1/30, Batch 400/3348, Loss: 0.6496
2025-10-09 22:20:23,603 [INFO] Época 1/30, Batch 450/3348, Loss: 0.5050
2025-10-09 22:20:23,854 [INFO] Época 1/30, Batch 500/3348, Loss: 0.4394
2025-10-09 22:20:24,104 [INFO] Época 1/30, Batch 550/3348, Loss: 0.5795
2025-10-09 22:20:24,361 [INFO] Época 1/30, Batch 600/3348, Loss: 0.5536
2025-10-09 22:20:24,622 [INFO] Época 1/30, Batch 650/3348, Loss: 0.4632
2025-10-09 22:20:24,884 [INFO] Época 1/30, Batch 700/3348, Loss: 0.5330
2025-10-09 22:20:25,145 [INFO] Época 1/30, Batch 750/3348, Loss: 0.4787
2025-10-09 22:20:25,407 [INFO] Época 1/30, Batch 800/3348, Loss: 0.5511
2025-10-09 22:20:25,667 [INFO] Época 1/30, Batch 850/3348, Loss: 0.5239
2025-10-09 22:20:25,929 [INFO] Época 1/30, Batch 900/3348, Loss: 0.4378
2025-10-09 22:20:26,189 [INFO] Época 1/30, Batch 950/3348, Loss: 0.6185
2025-10-09 22:20:26,448 [INFO] Época 1/30, Batch 1000/3348, Loss: 0.5137
2025-10-09 22:20:26,708 [INFO] Época 1/30, Batch 1050/3348, Loss: 0.8354
2025-10-09 22:20:26,967 [INFO] Época 1/30, Batch 1100/3348, Loss: 0.6154
2025-10-09 22:20:27,229 [INFO] Época 1/30, Batch 1150/3348, Loss: 0.3492
2025-10-09 22:20:27,494 [INFO] Época 1/30, Batch 1200/3348, Loss: 0.7002
2025-10-09 22:20:27,755 [INFO] Época 1/30, Batch 1250/3348, Loss: 0.5031
2025-10-09 22:20:28,014 [INFO] Época 1/30, Batch 1300/3348, Loss: 0.5659
2025-10-09 22:20:28,275 [INFO] Época 1/30, Batch 1350/3348, Loss: 0.5503
2025-10-09 22:20:28,539 [INFO] Época 1/30, Batch 1400/3348, Loss: 0.4972
2025-10-09 22:20:28,804 [INFO] Época 1/30, Batch 1450/3348, Loss: 0.4617
2025-10-09 22:20:29,067 [INFO] Época 1/30, Batch 1500/3348, Loss: 0.6250
2025-10-09 22:20:29,330 [INFO] Época 1/30, Batch 1550/3348, Loss: 0.4808
2025-10-09 22:20:29,589 [INFO] Época 1/30, Batch 1600/3348, Loss: 0.4598
2025-10-09 22:20:29,850 [INFO] Época 1/30, Batch 1650/3348, Loss: 0.6281
2025-10-09 22:20:30,108 [INFO] Época 1/30, Batch 1700/3348, Loss: 0.8763
2025-10-09 22:20:30,372 [INFO] Época 1/30, Batch 1750/3348, Loss: 0.5758
2025-10-09 22:20:30,633 [INFO] Época 1/30, Batch 1800/3348, Loss: 0.4187
2025-10-09 22:20:30,891 [INFO] Época 1/30, Batch 1850/3348, Loss: 0.4913
2025-10-09 22:20:31,152 [INFO] Época 1/30, Batch 1900/3348, Loss: 0.6623
2025-10-09 22:20:31,410 [INFO] Época 1/30, Batch 1950/3348, Loss: 0.4723
2025-10-09 22:20:31,670 [INFO] Época 1/30, Batch 2000/3348, Loss: 0.6798
2025-10-09 22:20:31,929 [INFO] Época 1/30, Batch 2050/3348, Loss: 0.5599
2025-10-09 22:20:32,190 [INFO] Época 1/30, Batch 2100/3348, Loss: 0.3609
2025-10-09 22:20:32,448 [INFO] Época 1/30, Batch 2150/3348, Loss: 0.6157
2025-10-09 22:20:32,709 [INFO] Época 1/30, Batch 2200/3348, Loss: 0.5279
2025-10-09 22:20:32,970 [INFO] Época 1/30, Batch 2250/3348, Loss: 0.4011
2025-10-09 22:20:33,228 [INFO] Época 1/30, Batch 2300/3348, Loss: 0.5482
2025-10-09 22:20:33,487 [INFO] Época 1/30, Batch 2350/3348, Loss: 0.5000
2025-10-09 22:20:33,746 [INFO] Época 1/30, Batch 2400/3348, Loss: 0.5297
2025-10-09 22:20:34,006 [INFO] Época 1/30, Batch 2450/3348, Loss: 0.4796
2025-10-09 22:20:34,263 [INFO] Época 1/30, Batch 2500/3348, Loss: 0.5101
2025-10-09 22:20:34,522 [INFO] Época 1/30, Batch 2550/3348, Loss: 0.5532
2025-10-09 22:20:34,782 [INFO] Época 1/30, Batch 2600/3348, Loss: 0.5780
2025-10-09 22:20:35,041 [INFO] Época 1/30, Batch 2650/3348, Loss: 0.4846
2025-10-09 22:20:35,303 [INFO] Época 1/30, Batch 2700/3348, Loss: 0.4736
2025-10-09 22:20:35,563 [INFO] Época 1/30, Batch 2750/3348, Loss: 0.4248
2025-10-09 22:20:35,826 [INFO] Época 1/30, Batch 2800/3348, Loss: 0.3735
2025-10-09 22:20:36,084 [INFO] Época 1/30, Batch 2850/3348, Loss: 0.7303
2025-10-09 22:20:36,342 [INFO] Época 1/30, Batch 2900/3348, Loss: 0.4945
2025-10-09 22:20:36,603 [INFO] Época 1/30, Batch 2950/3348, Loss: 0.5887
2025-10-09 22:20:36,862 [INFO] Época 1/30, Batch 3000/3348, Loss: 0.6931
2025-10-09 22:20:37,124 [INFO] Época 1/30, Batch 3050/3348, Loss: 0.5023
2025-10-09 22:20:37,382 [INFO] Época 1/30, Batch 3100/3348, Loss: 0.4276
2025-10-09 22:20:37,644 [INFO] Época 1/30, Batch 3150/3348, Loss: 0.6536
2025-10-09 22:20:37,907 [INFO] Época 1/30, Batch 3200/3348, Loss: 0.5762
2025-10-09 22:20:38,169 [INFO] Época 1/30, Batch 3250/3348, Loss: 0.4496
2025-10-09 22:20:38,429 [INFO] Época 1/30, Batch 3300/3348, Loss: 0.2994
2025-10-09 22:20:40,271 [INFO] [1/30] Train Loss: 0.5445 | Val Loss: 0.4394 | Tempo: 19.33s
2025-10-09 22:20:40,275 [INFO] Melhor modelo salvo em: /mnt/hdd/home/jdurao/ToolBox-ChemXAI/models/mlp_qm9_EState_att4_large.pth
2025-10-09 22:20:40,857 [INFO] Época 2/30, Batch 50/3348, Loss: 0.6012
2025-10-09 22:20:41,130 [INFO] Época 2/30, Batch 100/3348, Loss: 0.5860
2025-10-09 22:20:41,400 [INFO] Época 2/30, Batch 150/3348, Loss: 0.5859
2025-10-09 22:20:41,667 [INFO] Época 2/30, Batch 200/3348, Loss: 0.4523
2025-10-09 22:20:41,928 [INFO] Época 2/30, Batch 250/3348, Loss: 0.5817
2025-10-09 22:20:42,190 [INFO] Época 2/30, Batch 300/3348, Loss: 0.7309
2025-10-09 22:20:42,451 [INFO] Época 2/30, Batch 350/3348, Loss: 0.4956
2025-10-09 22:20:42,710 [INFO] Época 2/30, Batch 400/3348, Loss: 0.6621
2025-10-09 22:20:42,970 [INFO] Época 2/30, Batch 450/3348, Loss: 0.4272
2025-10-09 22:20:43,230 [INFO] Época 2/30, Batch 500/3348, Loss: 0.5331
2025-10-09 22:20:43,490 [INFO] Época 2/30, Batch 550/3348, Loss: 0.4863
2025-10-09 22:20:43,748 [INFO] Época 2/30, Batch 600/3348, Loss: 0.4826
2025-10-09 22:20:44,008 [INFO] Época 2/30, Batch 650/3348, Loss: 0.5696
2025-10-09 22:20:44,278 [INFO] Época 2/30, Batch 700/3348, Loss: 0.5312
2025-10-09 22:20:44,543 [INFO] Época 2/30, Batch 750/3348, Loss: 0.7519
2025-10-09 22:20:44,799 [INFO] Época 2/30, Batch 800/3348, Loss: 0.4926
2025-10-09 22:20:45,052 [INFO] Época 2/30, Batch 850/3348, Loss: 0.4235
2025-10-09 22:20:45,306 [INFO] Época 2/30, Batch 900/3348, Loss: 0.6701
2025-10-09 22:20:45,562 [INFO] Época 2/30, Batch 950/3348, Loss: 0.7180
2025-10-09 22:20:45,817 [INFO] Época 2/30, Batch 1000/3348, Loss: 0.3676
2025-10-09 22:20:46,070 [INFO] Época 2/30, Batch 1050/3348, Loss: 0.7237
2025-10-09 22:20:46,323 [INFO] Época 2/30, Batch 1100/3348, Loss: 0.5939
2025-10-09 22:20:46,585 [INFO] Época 2/30, Batch 1150/3348, Loss: 0.5561
2025-10-09 22:20:46,852 [INFO] Época 2/30, Batch 1200/3348, Loss: 0.6674
2025-10-09 22:20:47,120 [INFO] Época 2/30, Batch 1250/3348, Loss: 0.4290
2025-10-09 22:20:47,388 [INFO] Época 2/30, Batch 1300/3348, Loss: 0.5237
2025-10-09 22:20:47,658 [INFO] Época 2/30, Batch 1350/3348, Loss: 0.4603
2025-10-09 22:20:47,922 [INFO] Época 2/30, Batch 1400/3348, Loss: 0.4911
2025-10-09 22:20:48,186 [INFO] Época 2/30, Batch 1450/3348, Loss: 0.2980
2025-10-09 22:20:48,449 [INFO] Época 2/30, Batch 1500/3348, Loss: 0.5781
2025-10-09 22:20:48,714 [INFO] Época 2/30, Batch 1550/3348, Loss: 0.4940
2025-10-09 22:20:48,978 [INFO] Época 2/30, Batch 1600/3348, Loss: 0.4774
2025-10-09 22:20:49,241 [INFO] Época 2/30, Batch 1650/3348, Loss: 0.4236
2025-10-09 22:20:49,505 [INFO] Época 2/30, Batch 1700/3348, Loss: 0.5639
2025-10-09 22:20:49,769 [INFO] Época 2/30, Batch 1750/3348, Loss: 0.5301
2025-10-09 22:20:50,032 [INFO] Época 2/30, Batch 1800/3348, Loss: 0.4920
2025-10-09 22:20:50,296 [INFO] Época 2/30, Batch 1850/3348, Loss: 0.6209
2025-10-09 22:20:50,556 [INFO] Época 2/30, Batch 1900/3348, Loss: 0.6853
2025-10-09 22:20:50,820 [INFO] Época 2/30, Batch 1950/3348, Loss: 0.7032
2025-10-09 22:20:51,082 [INFO] Época 2/30, Batch 2000/3348, Loss: 0.5023
2025-10-09 22:20:51,342 [INFO] Época 2/30, Batch 2050/3348, Loss: 0.6278
2025-10-09 22:20:51,603 [INFO] Época 2/30, Batch 2100/3348, Loss: 0.5238
2025-10-09 22:20:51,861 [INFO] Época 2/30, Batch 2150/3348, Loss: 0.6074
2025-10-09 22:20:52,121 [INFO] Época 2/30, Batch 2200/3348, Loss: 0.4283
2025-10-09 22:20:52,382 [INFO] Época 2/30, Batch 2250/3348, Loss: 0.4275
2025-10-09 22:20:52,641 [INFO] Época 2/30, Batch 2300/3348, Loss: 0.5737
2025-10-09 22:20:52,898 [INFO] Época 2/30, Batch 2350/3348, Loss: 0.4603
2025-10-09 22:20:53,160 [INFO] Época 2/30, Batch 2400/3348, Loss: 0.5166
2025-10-09 22:20:53,418 [INFO] Época 2/30, Batch 2450/3348, Loss: 0.5160
2025-10-09 22:20:53,680 [INFO] Época 2/30, Batch 2500/3348, Loss: 0.5198
2025-10-09 22:20:53,939 [INFO] Época 2/30, Batch 2550/3348, Loss: 0.5482
2025-10-09 22:20:54,198 [INFO] Época 2/30, Batch 2600/3348, Loss: 0.5389
2025-10-09 22:20:54,455 [INFO] Época 2/30, Batch 2650/3348, Loss: 0.5855
2025-10-09 22:20:54,712 [INFO] Época 2/30, Batch 2700/3348, Loss: 0.5386
2025-10-09 22:20:54,973 [INFO] Época 2/30, Batch 2750/3348, Loss: 0.6105
2025-10-09 22:20:55,234 [INFO] Época 2/30, Batch 2800/3348, Loss: 0.5281
2025-10-09 22:20:55,493 [INFO] Época 2/30, Batch 2850/3348, Loss: 0.6284
2025-10-09 22:20:55,750 [INFO] Época 2/30, Batch 2900/3348, Loss: 0.6987
2025-10-09 22:20:56,007 [INFO] Época 2/30, Batch 2950/3348, Loss: 0.4207
2025-10-09 22:20:56,266 [INFO] Época 2/30, Batch 3000/3348, Loss: 0.4106
2025-10-09 22:20:56,524 [INFO] Época 2/30, Batch 3050/3348, Loss: 0.5027
2025-10-09 22:20:56,781 [INFO] Época 2/30, Batch 3100/3348, Loss: 0.4485
2025-10-09 22:20:57,038 [INFO] Época 2/30, Batch 3150/3348, Loss: 0.4392
2025-10-09 22:20:57,294 [INFO] Época 2/30, Batch 3200/3348, Loss: 0.3434
2025-10-09 22:20:57,553 [INFO] Época 2/30, Batch 3250/3348, Loss: 0.5183
2025-10-09 22:20:57,818 [INFO] Época 2/30, Batch 3300/3348, Loss: 0.4663
2025-10-09 22:20:59,567 [INFO] [2/30] Train Loss: 0.5259 | Val Loss: 0.4264 | Tempo: 19.29s
2025-10-09 22:20:59,571 [INFO] Melhor modelo salvo em: /mnt/hdd/home/jdurao/ToolBox-ChemXAI/models/mlp_qm9_EState_att4_large.pth
2025-10-09 22:21:00,136 [INFO] Época 3/30, Batch 50/3348, Loss: 0.4981
2025-10-09 22:21:00,396 [INFO] Época 3/30, Batch 100/3348, Loss: 0.7674
2025-10-09 22:21:00,654 [INFO] Época 3/30, Batch 150/3348, Loss: 0.3638
2025-10-09 22:21:00,910 [INFO] Época 3/30, Batch 200/3348, Loss: 0.4810
2025-10-09 22:21:01,164 [INFO] Época 3/30, Batch 250/3348, Loss: 0.6087
2025-10-09 22:21:01,420 [INFO] Época 3/30, Batch 300/3348, Loss: 0.6160
2025-10-09 22:21:01,677 [INFO] Época 3/30, Batch 350/3348, Loss: 0.5136
2025-10-09 22:21:01,934 [INFO] Época 3/30, Batch 400/3348, Loss: 0.5450
2025-10-09 22:21:02,191 [INFO] Época 3/30, Batch 450/3348, Loss: 0.4740
2025-10-09 22:21:02,442 [INFO] Época 3/30, Batch 500/3348, Loss: 0.5058
2025-10-09 22:21:02,696 [INFO] Época 3/30, Batch 550/3348, Loss: 0.5776
2025-10-09 22:21:02,950 [INFO] Época 3/30, Batch 600/3348, Loss: 0.4992
2025-10-09 22:21:03,204 [INFO] Época 3/30, Batch 650/3348, Loss: 0.6748
2025-10-09 22:21:03,458 [INFO] Época 3/30, Batch 700/3348, Loss: 0.7148
2025-10-09 22:21:03,707 [INFO] Época 3/30, Batch 750/3348, Loss: 0.6857
2025-10-09 22:21:03,955 [INFO] Época 3/30, Batch 800/3348, Loss: 0.5819
2025-10-09 22:21:04,205 [INFO] Época 3/30, Batch 850/3348, Loss: 0.5192
2025-10-09 22:21:04,454 [INFO] Época 3/30, Batch 900/3348, Loss: 0.4939
2025-10-09 22:21:04,704 [INFO] Época 3/30, Batch 950/3348, Loss: 0.6021
2025-10-09 22:21:04,955 [INFO] Época 3/30, Batch 1000/3348, Loss: 0.4499
2025-10-09 22:21:05,205 [INFO] Época 3/30, Batch 1050/3348, Loss: 0.3399
2025-10-09 22:21:05,456 [INFO] Época 3/30, Batch 1100/3348, Loss: 0.7396
2025-10-09 22:21:05,707 [INFO] Época 3/30, Batch 1150/3348, Loss: 0.5077
2025-10-09 22:21:05,952 [INFO] Época 3/30, Batch 1200/3348, Loss: 0.4341
2025-10-09 22:21:06,200 [INFO] Época 3/30, Batch 1250/3348, Loss: 0.6711
2025-10-09 22:21:06,447 [INFO] Época 3/30, Batch 1300/3348, Loss: 0.4862
2025-10-09 22:21:06,699 [INFO] Época 3/30, Batch 1350/3348, Loss: 0.4770
2025-10-09 22:21:06,951 [INFO] Época 3/30, Batch 1400/3348, Loss: 0.4858
2025-10-09 22:21:07,204 [INFO] Época 3/30, Batch 1450/3348, Loss: 0.4829
2025-10-09 22:21:07,457 [INFO] Época 3/30, Batch 1500/3348, Loss: 0.5826
2025-10-09 22:21:07,710 [INFO] Época 3/30, Batch 1550/3348, Loss: 0.6382
2025-10-09 22:21:07,962 [INFO] Época 3/30, Batch 1600/3348, Loss: 0.3461
2025-10-09 22:21:08,220 [INFO] Época 3/30, Batch 1650/3348, Loss: 0.8118
2025-10-09 22:21:08,472 [INFO] Época 3/30, Batch 1700/3348, Loss: 0.4042
2025-10-09 22:21:08,727 [INFO] Época 3/30, Batch 1750/3348, Loss: 0.6569
2025-10-09 22:21:08,982 [INFO] Época 3/30, Batch 1800/3348, Loss: 0.5078
2025-10-09 22:21:09,243 [INFO] Época 3/30, Batch 1850/3348, Loss: 0.5917
2025-10-09 22:21:09,504 [INFO] Época 3/30, Batch 1900/3348, Loss: 0.5103
2025-10-09 22:21:09,766 [INFO] Época 3/30, Batch 1950/3348, Loss: 0.4779
2025-10-09 22:21:10,032 [INFO] Época 3/30, Batch 2000/3348, Loss: 0.5069
2025-10-09 22:21:10,298 [INFO] Época 3/30, Batch 2050/3348, Loss: 0.4471
2025-10-09 22:21:10,564 [INFO] Época 3/30, Batch 2100/3348, Loss: 0.5125
2025-10-09 22:21:10,820 [INFO] Época 3/30, Batch 2150/3348, Loss: 0.6168
2025-10-09 22:21:11,077 [INFO] Época 3/30, Batch 2200/3348, Loss: 0.5683
2025-10-09 22:21:11,333 [INFO] Época 3/30, Batch 2250/3348, Loss: 0.5285
2025-10-09 22:21:11,590 [INFO] Época 3/30, Batch 2300/3348, Loss: 0.3927
2025-10-09 22:21:11,846 [INFO] Época 3/30, Batch 2350/3348, Loss: 0.4764
2025-10-09 22:21:12,099 [INFO] Época 3/30, Batch 2400/3348, Loss: 0.5505
2025-10-09 22:21:12,352 [INFO] Época 3/30, Batch 2450/3348, Loss: 0.5746
2025-10-09 22:21:12,606 [INFO] Época 3/30, Batch 2500/3348, Loss: 0.4167
2025-10-09 22:21:12,859 [INFO] Época 3/30, Batch 2550/3348, Loss: 0.5731
2025-10-09 22:21:13,111 [INFO] Época 3/30, Batch 2600/3348, Loss: 0.5336
2025-10-09 22:21:13,366 [INFO] Época 3/30, Batch 2650/3348, Loss: 0.5896
2025-10-09 22:21:13,624 [INFO] Época 3/30, Batch 2700/3348, Loss: 0.4889
2025-10-09 22:21:13,873 [INFO] Época 3/30, Batch 2750/3348, Loss: 0.4433
2025-10-09 22:21:14,126 [INFO] Época 3/30, Batch 2800/3348, Loss: 0.3618
2025-10-09 22:21:14,380 [INFO] Época 3/30, Batch 2850/3348, Loss: 0.3841
2025-10-09 22:21:14,632 [INFO] Época 3/30, Batch 2900/3348, Loss: 0.4548
2025-10-09 22:21:14,882 [INFO] Época 3/30, Batch 2950/3348, Loss: 0.6740
2025-10-09 22:21:15,132 [INFO] Época 3/30, Batch 3000/3348, Loss: 0.4928
2025-10-09 22:21:15,382 [INFO] Época 3/30, Batch 3050/3348, Loss: 0.6684
2025-10-09 22:21:15,636 [INFO] Época 3/30, Batch 3100/3348, Loss: 0.4897
2025-10-09 22:21:15,890 [INFO] Época 3/30, Batch 3150/3348, Loss: 0.4243
2025-10-09 22:21:16,138 [INFO] Época 3/30, Batch 3200/3348, Loss: 0.4419
2025-10-09 22:21:16,385 [INFO] Época 3/30, Batch 3250/3348, Loss: 0.4770
2025-10-09 22:21:16,632 [INFO] Época 3/30, Batch 3300/3348, Loss: 0.4890
2025-10-09 22:21:18,318 [INFO] [3/30] Train Loss: 0.5182 | Val Loss: 0.4594 | Tempo: 18.75s
2025-10-09 22:21:18,897 [INFO] Época 4/30, Batch 50/3348, Loss: 0.5380
2025-10-09 22:21:19,165 [INFO] Época 4/30, Batch 100/3348, Loss: 0.6846
2025-10-09 22:21:19,428 [INFO] Época 4/30, Batch 150/3348, Loss: 0.7645
2025-10-09 22:21:19,690 [INFO] Época 4/30, Batch 200/3348, Loss: 0.5155
2025-10-09 22:21:19,952 [INFO] Época 4/30, Batch 250/3348, Loss: 0.2993
2025-10-09 22:21:20,213 [INFO] Época 4/30, Batch 300/3348, Loss: 0.4065
2025-10-09 22:21:20,475 [INFO] Época 4/30, Batch 350/3348, Loss: 0.6099
2025-10-09 22:21:20,732 [INFO] Época 4/30, Batch 400/3348, Loss: 0.4571
2025-10-09 22:21:20,987 [INFO] Época 4/30, Batch 450/3348, Loss: 0.5944
2025-10-09 22:21:21,241 [INFO] Época 4/30, Batch 500/3348, Loss: 0.5189
2025-10-09 22:21:21,492 [INFO] Época 4/30, Batch 550/3348, Loss: 0.5269
2025-10-09 22:21:21,745 [INFO] Época 4/30, Batch 600/3348, Loss: 0.5182
2025-10-09 22:21:21,998 [INFO] Época 4/30, Batch 650/3348, Loss: 0.6320
2025-10-09 22:21:22,250 [INFO] Época 4/30, Batch 700/3348, Loss: 0.6354
2025-10-09 22:21:22,502 [INFO] Época 4/30, Batch 750/3348, Loss: 0.5477
2025-10-09 22:21:22,752 [INFO] Época 4/30, Batch 800/3348, Loss: 0.5237
2025-10-09 22:21:23,004 [INFO] Época 4/30, Batch 850/3348, Loss: 0.6518
2025-10-09 22:21:23,255 [INFO] Época 4/30, Batch 900/3348, Loss: 0.4874
2025-10-09 22:21:23,507 [INFO] Época 4/30, Batch 950/3348, Loss: 0.5327
2025-10-09 22:21:23,758 [INFO] Época 4/30, Batch 1000/3348, Loss: 0.6992
2025-10-09 22:21:24,009 [INFO] Época 4/30, Batch 1050/3348, Loss: 0.6390
2025-10-09 22:21:24,260 [INFO] Época 4/30, Batch 1100/3348, Loss: 0.4984
2025-10-09 22:21:24,514 [INFO] Época 4/30, Batch 1150/3348, Loss: 0.4502
2025-10-09 22:21:24,767 [INFO] Época 4/30, Batch 1200/3348, Loss: 0.5573
2025-10-09 22:21:25,020 [INFO] Época 4/30, Batch 1250/3348, Loss: 0.5105
2025-10-09 22:21:25,272 [INFO] Época 4/30, Batch 1300/3348, Loss: 0.4261
2025-10-09 22:21:25,529 [INFO] Época 4/30, Batch 1350/3348, Loss: 0.5538
2025-10-09 22:21:25,787 [INFO] Época 4/30, Batch 1400/3348, Loss: 0.4540
2025-10-09 22:21:26,042 [INFO] Época 4/30, Batch 1450/3348, Loss: 0.5156
2025-10-09 22:21:26,297 [INFO] Época 4/30, Batch 1500/3348, Loss: 0.3655
2025-10-09 22:21:26,549 [INFO] Época 4/30, Batch 1550/3348, Loss: 0.4509
2025-10-09 22:21:26,804 [INFO] Época 4/30, Batch 1600/3348, Loss: 0.5364
2025-10-09 22:21:27,058 [INFO] Época 4/30, Batch 1650/3348, Loss: 0.3685
2025-10-09 22:21:27,311 [INFO] Época 4/30, Batch 1700/3348, Loss: 0.6511
2025-10-09 22:21:27,565 [INFO] Época 4/30, Batch 1750/3348, Loss: 0.4378
2025-10-09 22:21:27,823 [INFO] Época 4/30, Batch 1800/3348, Loss: 0.5660
2025-10-09 22:21:28,083 [INFO] Época 4/30, Batch 1850/3348, Loss: 0.6409
2025-10-09 22:21:28,343 [INFO] Época 4/30, Batch 1900/3348, Loss: 0.6545
2025-10-09 22:21:28,604 [INFO] Época 4/30, Batch 1950/3348, Loss: 0.5298
2025-10-09 22:21:28,866 [INFO] Época 4/30, Batch 2000/3348, Loss: 0.4351
2025-10-09 22:21:29,129 [INFO] Época 4/30, Batch 2050/3348, Loss: 0.5000
2025-10-09 22:21:29,391 [INFO] Época 4/30, Batch 2100/3348, Loss: 0.4597
2025-10-09 22:21:29,652 [INFO] Época 4/30, Batch 2150/3348, Loss: 0.5756
2025-10-09 22:21:29,910 [INFO] Época 4/30, Batch 2200/3348, Loss: 0.5141
2025-10-09 22:21:30,167 [INFO] Época 4/30, Batch 2250/3348, Loss: 0.5247
2025-10-09 22:21:30,420 [INFO] Época 4/30, Batch 2300/3348, Loss: 0.4897
2025-10-09 22:21:30,671 [INFO] Época 4/30, Batch 2350/3348, Loss: 0.4469
2025-10-09 22:21:30,929 [INFO] Época 4/30, Batch 2400/3348, Loss: 0.4181
2025-10-09 22:21:31,188 [INFO] Época 4/30, Batch 2450/3348, Loss: 0.4994
2025-10-09 22:21:31,448 [INFO] Época 4/30, Batch 2500/3348, Loss: 0.4240
2025-10-09 22:21:31,706 [INFO] Época 4/30, Batch 2550/3348, Loss: 0.5143
2025-10-09 22:21:31,963 [INFO] Época 4/30, Batch 2600/3348, Loss: 0.4921
2025-10-09 22:21:32,221 [INFO] Época 4/30, Batch 2650/3348, Loss: 0.6170
2025-10-09 22:21:32,480 [INFO] Época 4/30, Batch 2700/3348, Loss: 0.5848
2025-10-09 22:21:32,737 [INFO] Época 4/30, Batch 2750/3348, Loss: 0.5654
2025-10-09 22:21:32,997 [INFO] Época 4/30, Batch 2800/3348, Loss: 0.6118
2025-10-09 22:21:33,255 [INFO] Época 4/30, Batch 2850/3348, Loss: 0.4209
2025-10-09 22:21:33,512 [INFO] Época 4/30, Batch 2900/3348, Loss: 0.5801
2025-10-09 22:21:33,770 [INFO] Época 4/30, Batch 2950/3348, Loss: 0.5228
2025-10-09 22:21:34,028 [INFO] Época 4/30, Batch 3000/3348, Loss: 0.6349
2025-10-09 22:21:34,288 [INFO] Época 4/30, Batch 3050/3348, Loss: 0.4417
2025-10-09 22:21:34,547 [INFO] Época 4/30, Batch 3100/3348, Loss: 0.4624
2025-10-09 22:21:34,805 [INFO] Época 4/30, Batch 3150/3348, Loss: 0.5917
2025-10-09 22:21:35,061 [INFO] Época 4/30, Batch 3200/3348, Loss: 0.4287
2025-10-09 22:21:35,321 [INFO] Época 4/30, Batch 3250/3348, Loss: 0.3631
2025-10-09 22:21:35,581 [INFO] Época 4/30, Batch 3300/3348, Loss: 0.5047
2025-10-09 22:21:37,309 [INFO] [4/30] Train Loss: 0.5132 | Val Loss: 0.4247 | Tempo: 18.99s
2025-10-09 22:21:37,313 [INFO] Melhor modelo salvo em: /mnt/hdd/home/jdurao/ToolBox-ChemXAI/models/mlp_qm9_EState_att4_large.pth
2025-10-09 22:21:37,878 [INFO] Época 5/30, Batch 50/3348, Loss: 0.6091
2025-10-09 22:21:38,141 [INFO] Época 5/30, Batch 100/3348, Loss: 0.4309
2025-10-09 22:21:38,400 [INFO] Época 5/30, Batch 150/3348, Loss: 0.5054
2025-10-09 22:21:38,658 [INFO] Época 5/30, Batch 200/3348, Loss: 0.5559
2025-10-09 22:21:38,915 [INFO] Época 5/30, Batch 250/3348, Loss: 0.6516
2025-10-09 22:21:39,177 [INFO] Época 5/30, Batch 300/3348, Loss: 0.4679
2025-10-09 22:21:39,437 [INFO] Época 5/30, Batch 350/3348, Loss: 0.4002
2025-10-09 22:21:39,696 [INFO] Época 5/30, Batch 400/3348, Loss: 0.5923
2025-10-09 22:21:39,957 [INFO] Época 5/30, Batch 450/3348, Loss: 0.5274
2025-10-09 22:21:40,220 [INFO] Época 5/30, Batch 500/3348, Loss: 0.3430
2025-10-09 22:21:40,482 [INFO] Época 5/30, Batch 550/3348, Loss: 0.6393
2025-10-09 22:21:40,741 [INFO] Época 5/30, Batch 600/3348, Loss: 0.6301
2025-10-09 22:21:40,997 [INFO] Época 5/30, Batch 650/3348, Loss: 0.4061
2025-10-09 22:21:41,254 [INFO] Época 5/30, Batch 700/3348, Loss: 0.4538
2025-10-09 22:21:41,514 [INFO] Época 5/30, Batch 750/3348, Loss: 0.4614
2025-10-09 22:21:41,766 [INFO] Época 5/30, Batch 800/3348, Loss: 0.5257
2025-10-09 22:21:42,012 [INFO] Época 5/30, Batch 850/3348, Loss: 0.5565
2025-10-09 22:21:42,259 [INFO] Época 5/30, Batch 900/3348, Loss: 0.4667
2025-10-09 22:21:42,504 [INFO] Época 5/30, Batch 950/3348, Loss: 0.4611
2025-10-09 22:21:42,750 [INFO] Época 5/30, Batch 1000/3348, Loss: 0.4946
2025-10-09 22:21:42,998 [INFO] Época 5/30, Batch 1050/3348, Loss: 0.4304
2025-10-09 22:21:43,244 [INFO] Época 5/30, Batch 1100/3348, Loss: 0.6449
2025-10-09 22:21:43,492 [INFO] Época 5/30, Batch 1150/3348, Loss: 0.4958
2025-10-09 22:21:43,751 [INFO] Época 5/30, Batch 1200/3348, Loss: 0.5361
2025-10-09 22:21:44,010 [INFO] Época 5/30, Batch 1250/3348, Loss: 0.4365
2025-10-09 22:21:44,269 [INFO] Época 5/30, Batch 1300/3348, Loss: 0.7860
2025-10-09 22:21:44,526 [INFO] Época 5/30, Batch 1350/3348, Loss: 0.3514
2025-10-09 22:21:44,786 [INFO] Época 5/30, Batch 1400/3348, Loss: 0.4018
2025-10-09 22:21:45,051 [INFO] Época 5/30, Batch 1450/3348, Loss: 0.5246
2025-10-09 22:21:45,309 [INFO] Época 5/30, Batch 1500/3348, Loss: 0.5303
2025-10-09 22:21:45,566 [INFO] Época 5/30, Batch 1550/3348, Loss: 0.5259
2025-10-09 22:21:45,827 [INFO] Época 5/30, Batch 1600/3348, Loss: 0.4385
2025-10-09 22:21:46,088 [INFO] Época 5/30, Batch 1650/3348, Loss: 0.5119
2025-10-09 22:21:46,351 [INFO] Época 5/30, Batch 1700/3348, Loss: 0.5093
2025-10-09 22:21:46,613 [INFO] Época 5/30, Batch 1750/3348, Loss: 0.5279
2025-10-09 22:21:46,877 [INFO] Época 5/30, Batch 1800/3348, Loss: 0.3235
2025-10-09 22:21:47,142 [INFO] Época 5/30, Batch 1850/3348, Loss: 0.5710
2025-10-09 22:21:47,404 [INFO] Época 5/30, Batch 1900/3348, Loss: 0.5258
2025-10-09 22:21:47,667 [INFO] Época 5/30, Batch 1950/3348, Loss: 0.4048
2025-10-09 22:21:47,928 [INFO] Época 5/30, Batch 2000/3348, Loss: 0.4841
2025-10-09 22:21:48,190 [INFO] Época 5/30, Batch 2050/3348, Loss: 0.5181
2025-10-09 22:21:48,452 [INFO] Época 5/30, Batch 2100/3348, Loss: 0.3810
2025-10-09 22:21:48,711 [INFO] Época 5/30, Batch 2150/3348, Loss: 0.5088
2025-10-09 22:21:48,972 [INFO] Época 5/30, Batch 2200/3348, Loss: 0.3774
2025-10-09 22:21:49,234 [INFO] Época 5/30, Batch 2250/3348, Loss: 0.6592
2025-10-09 22:21:49,495 [INFO] Época 5/30, Batch 2300/3348, Loss: 0.4009
2025-10-09 22:21:49,753 [INFO] Época 5/30, Batch 2350/3348, Loss: 0.5162
2025-10-09 22:21:50,013 [INFO] Época 5/30, Batch 2400/3348, Loss: 0.6465
2025-10-09 22:21:50,274 [INFO] Época 5/30, Batch 2450/3348, Loss: 0.6518
2025-10-09 22:21:50,533 [INFO] Época 5/30, Batch 2500/3348, Loss: 0.4872
2025-10-09 22:21:50,793 [INFO] Época 5/30, Batch 2550/3348, Loss: 0.6493
2025-10-09 22:21:51,055 [INFO] Época 5/30, Batch 2600/3348, Loss: 0.6768
2025-10-09 22:21:51,316 [INFO] Época 5/30, Batch 2650/3348, Loss: 0.4018
2025-10-09 22:21:51,577 [INFO] Época 5/30, Batch 2700/3348, Loss: 0.4512
2025-10-09 22:21:51,838 [INFO] Época 5/30, Batch 2750/3348, Loss: 0.4527
2025-10-09 22:21:52,102 [INFO] Época 5/30, Batch 2800/3348, Loss: 0.5309
2025-10-09 22:21:52,362 [INFO] Época 5/30, Batch 2850/3348, Loss: 0.4376
2025-10-09 22:21:52,622 [INFO] Época 5/30, Batch 2900/3348, Loss: 0.5040
2025-10-09 22:21:52,881 [INFO] Época 5/30, Batch 2950/3348, Loss: 0.6570
2025-10-09 22:21:53,139 [INFO] Época 5/30, Batch 3000/3348, Loss: 0.3961
2025-10-09 22:21:53,401 [INFO] Época 5/30, Batch 3050/3348, Loss: 0.7830
2025-10-09 22:21:53,663 [INFO] Época 5/30, Batch 3100/3348, Loss: 0.6196
2025-10-09 22:21:53,922 [INFO] Época 5/30, Batch 3150/3348, Loss: 0.5414
2025-10-09 22:21:54,179 [INFO] Época 5/30, Batch 3200/3348, Loss: 0.4111
2025-10-09 22:21:54,437 [INFO] Época 5/30, Batch 3250/3348, Loss: 0.4719
2025-10-09 22:21:54,696 [INFO] Época 5/30, Batch 3300/3348, Loss: 0.5430
2025-10-09 22:21:56,428 [INFO] [5/30] Train Loss: 0.5091 | Val Loss: 0.4444 | Tempo: 19.11s
2025-10-09 22:21:56,997 [INFO] Época 6/30, Batch 50/3348, Loss: 0.4401
2025-10-09 22:21:57,261 [INFO] Época 6/30, Batch 100/3348, Loss: 0.4204
2025-10-09 22:21:57,524 [INFO] Época 6/30, Batch 150/3348, Loss: 0.6197
2025-10-09 22:21:57,785 [INFO] Época 6/30, Batch 200/3348, Loss: 0.4328
2025-10-09 22:21:58,045 [INFO] Época 6/30, Batch 250/3348, Loss: 0.5243
2025-10-09 22:21:58,307 [INFO] Época 6/30, Batch 300/3348, Loss: 0.6636
2025-10-09 22:21:58,565 [INFO] Época 6/30, Batch 350/3348, Loss: 0.3740
2025-10-09 22:21:58,825 [INFO] Época 6/30, Batch 400/3348, Loss: 0.5097
2025-10-09 22:21:59,090 [INFO] Época 6/30, Batch 450/3348, Loss: 0.4365
2025-10-09 22:21:59,354 [INFO] Época 6/30, Batch 500/3348, Loss: 0.5195
2025-10-09 22:21:59,618 [INFO] Época 6/30, Batch 550/3348, Loss: 0.4818
2025-10-09 22:21:59,885 [INFO] Época 6/30, Batch 600/3348, Loss: 0.4269
2025-10-09 22:22:00,156 [INFO] Época 6/30, Batch 650/3348, Loss: 0.4254
2025-10-09 22:22:00,425 [INFO] Época 6/30, Batch 700/3348, Loss: 0.3885
2025-10-09 22:22:00,693 [INFO] Época 6/30, Batch 750/3348, Loss: 0.3657
2025-10-09 22:22:00,960 [INFO] Época 6/30, Batch 800/3348, Loss: 0.3661
2025-10-09 22:22:01,228 [INFO] Época 6/30, Batch 850/3348, Loss: 0.4443
2025-10-09 22:22:01,495 [INFO] Época 6/30, Batch 900/3348, Loss: 0.4748
2025-10-09 22:22:01,757 [INFO] Época 6/30, Batch 950/3348, Loss: 0.6725
2025-10-09 22:22:02,014 [INFO] Época 6/30, Batch 1000/3348, Loss: 0.3434
2025-10-09 22:22:02,273 [INFO] Época 6/30, Batch 1050/3348, Loss: 0.6856
2025-10-09 22:22:02,532 [INFO] Época 6/30, Batch 1100/3348, Loss: 0.5143
2025-10-09 22:22:02,793 [INFO] Época 6/30, Batch 1150/3348, Loss: 0.6684
2025-10-09 22:22:03,060 [INFO] Época 6/30, Batch 1200/3348, Loss: 0.5789
2025-10-09 22:22:03,330 [INFO] Época 6/30, Batch 1250/3348, Loss: 0.4341
2025-10-09 22:22:03,597 [INFO] Época 6/30, Batch 1300/3348, Loss: 0.6263
2025-10-09 22:22:03,858 [INFO] Época 6/30, Batch 1350/3348, Loss: 0.5913
2025-10-09 22:22:04,118 [INFO] Época 6/30, Batch 1400/3348, Loss: 0.5456
2025-10-09 22:22:04,378 [INFO] Época 6/30, Batch 1450/3348, Loss: 0.3595
2025-10-09 22:22:04,639 [INFO] Época 6/30, Batch 1500/3348, Loss: 0.5476
2025-10-09 22:22:04,900 [INFO] Época 6/30, Batch 1550/3348, Loss: 0.5612
2025-10-09 22:22:05,161 [INFO] Época 6/30, Batch 1600/3348, Loss: 0.5317
2025-10-09 22:22:05,418 [INFO] Época 6/30, Batch 1650/3348, Loss: 0.5500
2025-10-09 22:22:05,677 [INFO] Época 6/30, Batch 1700/3348, Loss: 0.5113
2025-10-09 22:22:05,936 [INFO] Época 6/30, Batch 1750/3348, Loss: 0.4393
2025-10-09 22:22:06,198 [INFO] Época 6/30, Batch 1800/3348, Loss: 0.4201
2025-10-09 22:22:06,460 [INFO] Época 6/30, Batch 1850/3348, Loss: 0.4850
2025-10-09 22:22:06,719 [INFO] Época 6/30, Batch 1900/3348, Loss: 0.4632
2025-10-09 22:22:06,976 [INFO] Época 6/30, Batch 1950/3348, Loss: 0.5377
2025-10-09 22:22:07,235 [INFO] Época 6/30, Batch 2000/3348, Loss: 0.5036
2025-10-09 22:22:07,493 [INFO] Época 6/30, Batch 2050/3348, Loss: 0.3796
2025-10-09 22:22:07,752 [INFO] Época 6/30, Batch 2100/3348, Loss: 0.4568
2025-10-09 22:22:08,011 [INFO] Época 6/30, Batch 2150/3348, Loss: 0.4805
2025-10-09 22:22:08,268 [INFO] Época 6/30, Batch 2200/3348, Loss: 0.6817
2025-10-09 22:22:08,529 [INFO] Época 6/30, Batch 2250/3348, Loss: 0.4736
2025-10-09 22:22:08,792 [INFO] Época 6/30, Batch 2300/3348, Loss: 0.4063
2025-10-09 22:22:09,053 [INFO] Época 6/30, Batch 2350/3348, Loss: 0.4096
2025-10-09 22:22:09,312 [INFO] Época 6/30, Batch 2400/3348, Loss: 0.3542
2025-10-09 22:22:09,573 [INFO] Época 6/30, Batch 2450/3348, Loss: 0.4937
2025-10-09 22:22:09,841 [INFO] Época 6/30, Batch 2500/3348, Loss: 0.4993
2025-10-09 22:22:10,110 [INFO] Época 6/30, Batch 2550/3348, Loss: 0.6453
2025-10-09 22:22:10,381 [INFO] Época 6/30, Batch 2600/3348, Loss: 0.4622
2025-10-09 22:22:10,649 [INFO] Época 6/30, Batch 2650/3348, Loss: 0.4792
2025-10-09 22:22:10,917 [INFO] Época 6/30, Batch 2700/3348, Loss: 0.5337
2025-10-09 22:22:11,184 [INFO] Época 6/30, Batch 2750/3348, Loss: 0.4721
2025-10-09 22:22:11,451 [INFO] Época 6/30, Batch 2800/3348, Loss: 0.4578
2025-10-09 22:22:11,719 [INFO] Época 6/30, Batch 2850/3348, Loss: 0.4292
2025-10-09 22:22:11,988 [INFO] Época 6/30, Batch 2900/3348, Loss: 0.4409
2025-10-09 22:22:12,258 [INFO] Época 6/30, Batch 2950/3348, Loss: 0.4346
2025-10-09 22:22:12,526 [INFO] Época 6/30, Batch 3000/3348, Loss: 0.4475
2025-10-09 22:22:12,795 [INFO] Época 6/30, Batch 3050/3348, Loss: 0.3458
2025-10-09 22:22:13,061 [INFO] Época 6/30, Batch 3100/3348, Loss: 0.4159
2025-10-09 22:22:13,330 [INFO] Época 6/30, Batch 3150/3348, Loss: 0.4894
2025-10-09 22:22:13,596 [INFO] Época 6/30, Batch 3200/3348, Loss: 0.3796
2025-10-09 22:22:13,855 [INFO] Época 6/30, Batch 3250/3348, Loss: 0.6596
2025-10-09 22:22:14,110 [INFO] Época 6/30, Batch 3300/3348, Loss: 0.5711
2025-10-09 22:22:15,838 [INFO] [6/30] Train Loss: 0.5057 | Val Loss: 0.4647 | Tempo: 19.41s
2025-10-09 22:22:16,416 [INFO] Época 7/30, Batch 50/3348, Loss: 0.4165
2025-10-09 22:22:16,686 [INFO] Época 7/30, Batch 100/3348, Loss: 0.4175
2025-10-09 22:22:16,950 [INFO] Época 7/30, Batch 150/3348, Loss: 0.5125
2025-10-09 22:22:17,213 [INFO] Época 7/30, Batch 200/3348, Loss: 0.4818
2025-10-09 22:22:17,475 [INFO] Época 7/30, Batch 250/3348, Loss: 0.5060
2025-10-09 22:22:17,736 [INFO] Época 7/30, Batch 300/3348, Loss: 0.6218
2025-10-09 22:22:17,996 [INFO] Época 7/30, Batch 350/3348, Loss: 0.4094
2025-10-09 22:22:18,255 [INFO] Época 7/30, Batch 400/3348, Loss: 0.4622
2025-10-09 22:22:18,512 [INFO] Época 7/30, Batch 450/3348, Loss: 0.4500
2025-10-09 22:22:18,770 [INFO] Época 7/30, Batch 500/3348, Loss: 0.4857
2025-10-09 22:22:19,028 [INFO] Época 7/30, Batch 550/3348, Loss: 0.4635
2025-10-09 22:22:19,289 [INFO] Época 7/30, Batch 600/3348, Loss: 0.6323
2025-10-09 22:22:19,548 [INFO] Época 7/30, Batch 650/3348, Loss: 0.3766
2025-10-09 22:22:19,808 [INFO] Época 7/30, Batch 700/3348, Loss: 0.5266
2025-10-09 22:22:20,066 [INFO] Época 7/30, Batch 750/3348, Loss: 0.4634
2025-10-09 22:22:20,326 [INFO] Época 7/30, Batch 800/3348, Loss: 0.4574
2025-10-09 22:22:20,585 [INFO] Época 7/30, Batch 850/3348, Loss: 0.5693
2025-10-09 22:22:20,843 [INFO] Época 7/30, Batch 900/3348, Loss: 0.4861
2025-10-09 22:22:21,102 [INFO] Época 7/30, Batch 950/3348, Loss: 0.4510
2025-10-09 22:22:21,362 [INFO] Época 7/30, Batch 1000/3348, Loss: 0.4190
2025-10-09 22:22:21,630 [INFO] Época 7/30, Batch 1050/3348, Loss: 0.5570
2025-10-09 22:22:21,890 [INFO] Época 7/30, Batch 1100/3348, Loss: 0.7058
2025-10-09 22:22:22,149 [INFO] Época 7/30, Batch 1150/3348, Loss: 0.4358
2025-10-09 22:22:22,408 [INFO] Época 7/30, Batch 1200/3348, Loss: 0.6474
2025-10-09 22:22:22,669 [INFO] Época 7/30, Batch 1250/3348, Loss: 0.4708
2025-10-09 22:22:22,927 [INFO] Época 7/30, Batch 1300/3348, Loss: 0.4752
2025-10-09 22:22:23,189 [INFO] Época 7/30, Batch 1350/3348, Loss: 0.4623
2025-10-09 22:22:23,450 [INFO] Época 7/30, Batch 1400/3348, Loss: 0.4556
2025-10-09 22:22:23,710 [INFO] Época 7/30, Batch 1450/3348, Loss: 0.4535
2025-10-09 22:22:23,971 [INFO] Época 7/30, Batch 1500/3348, Loss: 0.6315
2025-10-09 22:22:24,232 [INFO] Época 7/30, Batch 1550/3348, Loss: 0.3934
2025-10-09 22:22:24,491 [INFO] Época 7/30, Batch 1600/3348, Loss: 0.4621
2025-10-09 22:22:24,751 [INFO] Época 7/30, Batch 1650/3348, Loss: 0.4426
2025-10-09 22:22:25,011 [INFO] Época 7/30, Batch 1700/3348, Loss: 0.6011
2025-10-09 22:22:25,268 [INFO] Época 7/30, Batch 1750/3348, Loss: 0.4897
2025-10-09 22:22:25,530 [INFO] Época 7/30, Batch 1800/3348, Loss: 0.4950
2025-10-09 22:22:25,788 [INFO] Época 7/30, Batch 1850/3348, Loss: 0.4478
2025-10-09 22:22:26,048 [INFO] Época 7/30, Batch 1900/3348, Loss: 0.4747
2025-10-09 22:22:26,306 [INFO] Época 7/30, Batch 1950/3348, Loss: 0.4941
2025-10-09 22:22:26,566 [INFO] Época 7/30, Batch 2000/3348, Loss: 0.4857
2025-10-09 22:22:26,825 [INFO] Época 7/30, Batch 2050/3348, Loss: 0.4365
2025-10-09 22:22:27,083 [INFO] Época 7/30, Batch 2100/3348, Loss: 0.5578
2025-10-09 22:22:27,342 [INFO] Época 7/30, Batch 2150/3348, Loss: 0.4303
2025-10-09 22:22:27,601 [INFO] Época 7/30, Batch 2200/3348, Loss: 0.6111
2025-10-09 22:22:27,859 [INFO] Época 7/30, Batch 2250/3348, Loss: 0.4148
2025-10-09 22:22:28,120 [INFO] Época 7/30, Batch 2300/3348, Loss: 0.4879
2025-10-09 22:22:28,379 [INFO] Época 7/30, Batch 2350/3348, Loss: 0.3789
2025-10-09 22:22:28,637 [INFO] Época 7/30, Batch 2400/3348, Loss: 0.5133
2025-10-09 22:22:28,895 [INFO] Época 7/30, Batch 2450/3348, Loss: 0.6887
2025-10-09 22:22:29,154 [INFO] Época 7/30, Batch 2500/3348, Loss: 0.6851
2025-10-09 22:22:29,414 [INFO] Época 7/30, Batch 2550/3348, Loss: 0.7566
2025-10-09 22:22:29,672 [INFO] Época 7/30, Batch 2600/3348, Loss: 0.5093
2025-10-09 22:22:29,935 [INFO] Época 7/30, Batch 2650/3348, Loss: 0.4119
2025-10-09 22:22:30,198 [INFO] Época 7/30, Batch 2700/3348, Loss: 0.4680
2025-10-09 22:22:30,460 [INFO] Época 7/30, Batch 2750/3348, Loss: 0.5917
2025-10-09 22:22:30,722 [INFO] Época 7/30, Batch 2800/3348, Loss: 0.4820
2025-10-09 22:22:30,984 [INFO] Época 7/30, Batch 2850/3348, Loss: 0.4339
2025-10-09 22:22:31,247 [INFO] Época 7/30, Batch 2900/3348, Loss: 0.6375
2025-10-09 22:22:31,507 [INFO] Época 7/30, Batch 2950/3348, Loss: 0.3415
2025-10-09 22:22:31,771 [INFO] Época 7/30, Batch 3000/3348, Loss: 0.5415
2025-10-09 22:22:32,028 [INFO] Época 7/30, Batch 3050/3348, Loss: 0.3856
2025-10-09 22:22:32,290 [INFO] Época 7/30, Batch 3100/3348, Loss: 0.4459
2025-10-09 22:22:32,555 [INFO] Época 7/30, Batch 3150/3348, Loss: 0.4046
2025-10-09 22:22:32,819 [INFO] Época 7/30, Batch 3200/3348, Loss: 0.4550
2025-10-09 22:22:33,081 [INFO] Época 7/30, Batch 3250/3348, Loss: 0.4725
2025-10-09 22:22:33,344 [INFO] Época 7/30, Batch 3300/3348, Loss: 0.6100
2025-10-09 22:22:35,215 [INFO] [7/30] Train Loss: 0.5037 | Val Loss: 0.4795 | Tempo: 19.38s
2025-10-09 22:22:35,796 [INFO] Época 8/30, Batch 50/3348, Loss: 0.3892
2025-10-09 22:22:36,060 [INFO] Época 8/30, Batch 100/3348, Loss: 0.3679
2025-10-09 22:22:36,325 [INFO] Época 8/30, Batch 150/3348, Loss: 0.4536
2025-10-09 22:22:36,587 [INFO] Época 8/30, Batch 200/3348, Loss: 0.4570
2025-10-09 22:22:36,849 [INFO] Época 8/30, Batch 250/3348, Loss: 0.4159
2025-10-09 22:22:37,109 [INFO] Época 8/30, Batch 300/3348, Loss: 0.5524
2025-10-09 22:22:37,375 [INFO] Época 8/30, Batch 350/3348, Loss: 0.5007
2025-10-09 22:22:37,643 [INFO] Época 8/30, Batch 400/3348, Loss: 0.5013
2025-10-09 22:22:37,911 [INFO] Época 8/30, Batch 450/3348, Loss: 0.4881
2025-10-09 22:22:38,179 [INFO] Época 8/30, Batch 500/3348, Loss: 0.3993
2025-10-09 22:22:38,447 [INFO] Época 8/30, Batch 550/3348, Loss: 0.4355
2025-10-09 22:22:38,715 [INFO] Época 8/30, Batch 600/3348, Loss: 0.5031
2025-10-09 22:22:38,982 [INFO] Época 8/30, Batch 650/3348, Loss: 0.4239
2025-10-09 22:22:39,252 [INFO] Época 8/30, Batch 700/3348, Loss: 0.5313
2025-10-09 22:22:39,518 [INFO] Época 8/30, Batch 750/3348, Loss: 0.5267
2025-10-09 22:22:39,785 [INFO] Época 8/30, Batch 800/3348, Loss: 0.3942
2025-10-09 22:22:40,051 [INFO] Época 8/30, Batch 850/3348, Loss: 0.4945
2025-10-09 22:22:40,318 [INFO] Época 8/30, Batch 900/3348, Loss: 0.3866
2025-10-09 22:22:40,585 [INFO] Época 8/30, Batch 950/3348, Loss: 0.3654
2025-10-09 22:22:40,853 [INFO] Época 8/30, Batch 1000/3348, Loss: 0.4661
2025-10-09 22:22:41,120 [INFO] Época 8/30, Batch 1050/3348, Loss: 0.5731
2025-10-09 22:22:41,386 [INFO] Época 8/30, Batch 1100/3348, Loss: 0.4709
2025-10-09 22:22:41,655 [INFO] Época 8/30, Batch 1150/3348, Loss: 0.3980
2025-10-09 22:22:41,924 [INFO] Época 8/30, Batch 1200/3348, Loss: 0.3982
2025-10-09 22:22:42,194 [INFO] Época 8/30, Batch 1250/3348, Loss: 0.6015
2025-10-09 22:22:42,464 [INFO] Época 8/30, Batch 1300/3348, Loss: 0.4567
2025-10-09 22:22:42,729 [INFO] Época 8/30, Batch 1350/3348, Loss: 0.5552
2025-10-09 22:22:42,990 [INFO] Época 8/30, Batch 1400/3348, Loss: 0.5794
2025-10-09 22:22:43,252 [INFO] Época 8/30, Batch 1450/3348, Loss: 0.4830
2025-10-09 22:22:43,514 [INFO] Época 8/30, Batch 1500/3348, Loss: 0.4505
2025-10-09 22:22:43,776 [INFO] Época 8/30, Batch 1550/3348, Loss: 0.4473
2025-10-09 22:22:44,038 [INFO] Época 8/30, Batch 1600/3348, Loss: 0.4302
2025-10-09 22:22:44,299 [INFO] Época 8/30, Batch 1650/3348, Loss: 0.3641
2025-10-09 22:22:44,560 [INFO] Época 8/30, Batch 1700/3348, Loss: 0.4665
2025-10-09 22:22:44,814 [INFO] Época 8/30, Batch 1750/3348, Loss: 0.5071
2025-10-09 22:22:45,066 [INFO] Época 8/30, Batch 1800/3348, Loss: 0.3644
2025-10-09 22:22:45,319 [INFO] Época 8/30, Batch 1850/3348, Loss: 0.5239
2025-10-09 22:22:45,575 [INFO] Época 8/30, Batch 1900/3348, Loss: 0.4596
2025-10-09 22:22:45,835 [INFO] Época 8/30, Batch 1950/3348, Loss: 0.4735
2025-10-09 22:22:46,092 [INFO] Época 8/30, Batch 2000/3348, Loss: 0.4898
2025-10-09 22:22:46,349 [INFO] Época 8/30, Batch 2050/3348, Loss: 0.6242
2025-10-09 22:22:46,608 [INFO] Época 8/30, Batch 2100/3348, Loss: 0.5020
2025-10-09 22:22:46,869 [INFO] Época 8/30, Batch 2150/3348, Loss: 0.5426
2025-10-09 22:22:47,128 [INFO] Época 8/30, Batch 2200/3348, Loss: 0.6413
2025-10-09 22:22:47,385 [INFO] Época 8/30, Batch 2250/3348, Loss: 0.3402
2025-10-09 22:22:47,645 [INFO] Época 8/30, Batch 2300/3348, Loss: 0.6022
2025-10-09 22:22:47,904 [INFO] Época 8/30, Batch 2350/3348, Loss: 0.4039
2025-10-09 22:22:48,164 [INFO] Época 8/30, Batch 2400/3348, Loss: 0.4535
2025-10-09 22:22:48,424 [INFO] Época 8/30, Batch 2450/3348, Loss: 0.5424
2025-10-09 22:22:48,681 [INFO] Época 8/30, Batch 2500/3348, Loss: 0.4297
2025-10-09 22:22:48,941 [INFO] Época 8/30, Batch 2550/3348, Loss: 0.4348
2025-10-09 22:22:49,200 [INFO] Época 8/30, Batch 2600/3348, Loss: 0.4518
2025-10-09 22:22:49,461 [INFO] Época 8/30, Batch 2650/3348, Loss: 0.6647
2025-10-09 22:22:49,722 [INFO] Época 8/30, Batch 2700/3348, Loss: 0.4970
2025-10-09 22:22:49,979 [INFO] Época 8/30, Batch 2750/3348, Loss: 0.7292
2025-10-09 22:22:50,239 [INFO] Época 8/30, Batch 2800/3348, Loss: 0.3598
2025-10-09 22:22:50,499 [INFO] Época 8/30, Batch 2850/3348, Loss: 0.6324
2025-10-09 22:22:50,759 [INFO] Época 8/30, Batch 2900/3348, Loss: 0.4314
2025-10-09 22:22:51,017 [INFO] Época 8/30, Batch 2950/3348, Loss: 0.2772
2025-10-09 22:22:51,271 [INFO] Época 8/30, Batch 3000/3348, Loss: 0.5058
2025-10-09 22:22:51,523 [INFO] Época 8/30, Batch 3050/3348, Loss: 0.4252
2025-10-09 22:22:51,781 [INFO] Época 8/30, Batch 3100/3348, Loss: 0.4107
2025-10-09 22:22:52,038 [INFO] Época 8/30, Batch 3150/3348, Loss: 0.7217
2025-10-09 22:22:52,296 [INFO] Época 8/30, Batch 3200/3348, Loss: 0.4229
2025-10-09 22:22:52,553 [INFO] Época 8/30, Batch 3250/3348, Loss: 0.4900
2025-10-09 22:22:52,811 [INFO] Época 8/30, Batch 3300/3348, Loss: 0.3916
2025-10-09 22:22:54,568 [INFO] [8/30] Train Loss: 0.5013 | Val Loss: 0.4509 | Tempo: 19.35s
2025-10-09 22:22:55,150 [INFO] Época 9/30, Batch 50/3348, Loss: 0.3602
2025-10-09 22:22:55,419 [INFO] Época 9/30, Batch 100/3348, Loss: 0.6501
2025-10-09 22:22:55,688 [INFO] Época 9/30, Batch 150/3348, Loss: 0.6318
2025-10-09 22:22:55,951 [INFO] Época 9/30, Batch 200/3348, Loss: 0.3621
2025-10-09 22:22:56,214 [INFO] Época 9/30, Batch 250/3348, Loss: 0.3862
2025-10-09 22:22:56,477 [INFO] Época 9/30, Batch 300/3348, Loss: 0.3501
2025-10-09 22:22:56,738 [INFO] Época 9/30, Batch 350/3348, Loss: 0.3930
2025-10-09 22:22:57,009 [INFO] Época 9/30, Batch 400/3348, Loss: 0.5215
2025-10-09 22:22:57,278 [INFO] Época 9/30, Batch 450/3348, Loss: 0.5455
2025-10-09 22:22:57,546 [INFO] Época 9/30, Batch 500/3348, Loss: 0.4094
2025-10-09 22:22:57,816 [INFO] Época 9/30, Batch 550/3348, Loss: 0.4081
2025-10-09 22:22:58,084 [INFO] Época 9/30, Batch 600/3348, Loss: 0.5643
2025-10-09 22:22:58,353 [INFO] Época 9/30, Batch 650/3348, Loss: 0.4604
2025-10-09 22:22:58,622 [INFO] Época 9/30, Batch 700/3348, Loss: 0.5541
2025-10-09 22:22:58,875 [INFO] Época 9/30, Batch 750/3348, Loss: 0.4636
2025-10-09 22:22:59,126 [INFO] Época 9/30, Batch 800/3348, Loss: 0.4340
2025-10-09 22:22:59,385 [INFO] Época 9/30, Batch 850/3348, Loss: 0.3484
2025-10-09 22:22:59,642 [INFO] Época 9/30, Batch 900/3348, Loss: 0.6129
2025-10-09 22:22:59,901 [INFO] Época 9/30, Batch 950/3348, Loss: 0.6636
2025-10-09 22:23:00,159 [INFO] Época 9/30, Batch 1000/3348, Loss: 0.3617
2025-10-09 22:23:00,418 [INFO] Época 9/30, Batch 1050/3348, Loss: 0.4677
2025-10-09 22:23:00,677 [INFO] Época 9/30, Batch 1100/3348, Loss: 0.4248
2025-10-09 22:23:00,940 [INFO] Época 9/30, Batch 1150/3348, Loss: 0.4369
2025-10-09 22:23:01,206 [INFO] Época 9/30, Batch 1200/3348, Loss: 0.4277
2025-10-09 22:23:01,471 [INFO] Época 9/30, Batch 1250/3348, Loss: 0.4356
2025-10-09 22:23:01,735 [INFO] Época 9/30, Batch 1300/3348, Loss: 0.5249
2025-10-09 22:23:02,001 [INFO] Época 9/30, Batch 1350/3348, Loss: 0.4398
2025-10-09 22:23:02,266 [INFO] Época 9/30, Batch 1400/3348, Loss: 0.4992
2025-10-09 22:23:02,534 [INFO] Época 9/30, Batch 1450/3348, Loss: 0.5425
2025-10-09 22:23:02,797 [INFO] Época 9/30, Batch 1500/3348, Loss: 0.3299
2025-10-09 22:23:03,064 [INFO] Época 9/30, Batch 1550/3348, Loss: 0.6703
2025-10-09 22:23:03,330 [INFO] Época 9/30, Batch 1600/3348, Loss: 0.4734
2025-10-09 22:23:03,599 [INFO] Época 9/30, Batch 1650/3348, Loss: 0.5021
2025-10-09 22:23:03,866 [INFO] Época 9/30, Batch 1700/3348, Loss: 0.4441
2025-10-09 22:23:04,132 [INFO] Época 9/30, Batch 1750/3348, Loss: 0.4918
2025-10-09 22:23:04,396 [INFO] Época 9/30, Batch 1800/3348, Loss: 0.4755
2025-10-09 22:23:04,664 [INFO] Época 9/30, Batch 1850/3348, Loss: 0.4524
2025-10-09 22:23:04,931 [INFO] Época 9/30, Batch 1900/3348, Loss: 0.4954
2025-10-09 22:23:05,200 [INFO] Época 9/30, Batch 1950/3348, Loss: 0.4689
2025-10-09 22:23:05,466 [INFO] Época 9/30, Batch 2000/3348, Loss: 0.4122
2025-10-09 22:23:05,733 [INFO] Época 9/30, Batch 2050/3348, Loss: 0.4063
2025-10-09 22:23:05,999 [INFO] Época 9/30, Batch 2100/3348, Loss: 0.5038
2025-10-09 22:23:06,266 [INFO] Época 9/30, Batch 2150/3348, Loss: 0.3351
2025-10-09 22:23:06,532 [INFO] Época 9/30, Batch 2200/3348, Loss: 0.5887
2025-10-09 22:23:06,798 [INFO] Época 9/30, Batch 2250/3348, Loss: 0.3734
2025-10-09 22:23:07,067 [INFO] Época 9/30, Batch 2300/3348, Loss: 0.7275
2025-10-09 22:23:07,333 [INFO] Época 9/30, Batch 2350/3348, Loss: 0.6268
2025-10-09 22:23:07,596 [INFO] Época 9/30, Batch 2400/3348, Loss: 0.3440
2025-10-09 22:23:07,862 [INFO] Época 9/30, Batch 2450/3348, Loss: 0.3588
2025-10-09 22:23:08,126 [INFO] Época 9/30, Batch 2500/3348, Loss: 0.4350
2025-10-09 22:23:08,385 [INFO] Época 9/30, Batch 2550/3348, Loss: 0.4776
2025-10-09 22:23:08,645 [INFO] Época 9/30, Batch 2600/3348, Loss: 0.5227
2025-10-09 22:23:08,904 [INFO] Época 9/30, Batch 2650/3348, Loss: 0.4338
2025-10-09 22:23:09,166 [INFO] Época 9/30, Batch 2700/3348, Loss: 0.4771
2025-10-09 22:23:09,427 [INFO] Época 9/30, Batch 2750/3348, Loss: 0.6524
2025-10-09 22:23:09,688 [INFO] Época 9/30, Batch 2800/3348, Loss: 0.4199
2025-10-09 22:23:09,948 [INFO] Época 9/30, Batch 2850/3348, Loss: 0.4670
2025-10-09 22:23:10,210 [INFO] Época 9/30, Batch 2900/3348, Loss: 0.4561
2025-10-09 22:23:10,472 [INFO] Época 9/30, Batch 2950/3348, Loss: 0.5775
2025-10-09 22:23:10,736 [INFO] Época 9/30, Batch 3000/3348, Loss: 0.3962
2025-10-09 22:23:10,998 [INFO] Época 9/30, Batch 3050/3348, Loss: 0.6926
2025-10-09 22:23:11,259 [INFO] Época 9/30, Batch 3100/3348, Loss: 0.5624
2025-10-09 22:23:11,521 [INFO] Época 9/30, Batch 3150/3348, Loss: 0.4327
2025-10-09 22:23:11,784 [INFO] Época 9/30, Batch 3200/3348, Loss: 0.5265
2025-10-09 22:23:12,051 [INFO] Época 9/30, Batch 3250/3348, Loss: 0.7241
2025-10-09 22:23:12,316 [INFO] Época 9/30, Batch 3300/3348, Loss: 0.5360
2025-10-09 22:23:14,132 [INFO] [9/30] Train Loss: 0.4996 | Val Loss: 0.4590 | Tempo: 19.56s
2025-10-09 22:23:14,715 [INFO] Época 10/30, Batch 50/3348, Loss: 0.6025
2025-10-09 22:23:14,980 [INFO] Época 10/30, Batch 100/3348, Loss: 0.4178
2025-10-09 22:23:15,247 [INFO] Época 10/30, Batch 150/3348, Loss: 0.4689
2025-10-09 22:23:15,517 [INFO] Época 10/30, Batch 200/3348, Loss: 0.4898
2025-10-09 22:23:15,782 [INFO] Época 10/30, Batch 250/3348, Loss: 0.5370
2025-10-09 22:23:16,042 [INFO] Época 10/30, Batch 300/3348, Loss: 0.4526
2025-10-09 22:23:16,302 [INFO] Época 10/30, Batch 350/3348, Loss: 0.5274
2025-10-09 22:23:16,565 [INFO] Época 10/30, Batch 400/3348, Loss: 0.3191
2025-10-09 22:23:16,827 [INFO] Época 10/30, Batch 450/3348, Loss: 0.3982
2025-10-09 22:23:17,087 [INFO] Época 10/30, Batch 500/3348, Loss: 0.5321
2025-10-09 22:23:17,349 [INFO] Época 10/30, Batch 550/3348, Loss: 0.4959
2025-10-09 22:23:17,613 [INFO] Época 10/30, Batch 600/3348, Loss: 0.4416
2025-10-09 22:23:17,877 [INFO] Época 10/30, Batch 650/3348, Loss: 0.4991
2025-10-09 22:23:18,138 [INFO] Época 10/30, Batch 700/3348, Loss: 0.3987
2025-10-09 22:23:18,411 [INFO] Época 10/30, Batch 750/3348, Loss: 0.5873
2025-10-09 22:23:18,684 [INFO] Época 10/30, Batch 800/3348, Loss: 0.6090
2025-10-09 22:23:18,941 [INFO] Época 10/30, Batch 850/3348, Loss: 0.5765
2025-10-09 22:23:19,197 [INFO] Época 10/30, Batch 900/3348, Loss: 0.4556
2025-10-09 22:23:19,455 [INFO] Época 10/30, Batch 950/3348, Loss: 0.7846
2025-10-09 22:23:19,710 [INFO] Época 10/30, Batch 1000/3348, Loss: 0.4157
2025-10-09 22:23:19,964 [INFO] Época 10/30, Batch 1050/3348, Loss: 0.5276
2025-10-09 22:23:20,221 [INFO] Época 10/30, Batch 1100/3348, Loss: 0.5186
2025-10-09 22:23:20,482 [INFO] Época 10/30, Batch 1150/3348, Loss: 0.5399
2025-10-09 22:23:20,735 [INFO] Época 10/30, Batch 1200/3348, Loss: 0.4226
2025-10-09 22:23:20,995 [INFO] Época 10/30, Batch 1250/3348, Loss: 0.5390
2025-10-09 22:23:21,250 [INFO] Época 10/30, Batch 1300/3348, Loss: 0.3217
2025-10-09 22:23:21,511 [INFO] Época 10/30, Batch 1350/3348, Loss: 0.4746
2025-10-09 22:23:21,771 [INFO] Época 10/30, Batch 1400/3348, Loss: 0.5991
2025-10-09 22:23:22,028 [INFO] Época 10/30, Batch 1450/3348, Loss: 0.5505
2025-10-09 22:23:22,287 [INFO] Época 10/30, Batch 1500/3348, Loss: 0.4135
2025-10-09 22:23:22,549 [INFO] Época 10/30, Batch 1550/3348, Loss: 0.5561
2025-10-09 22:23:22,808 [INFO] Época 10/30, Batch 1600/3348, Loss: 0.3970
2025-10-09 22:23:23,068 [INFO] Época 10/30, Batch 1650/3348, Loss: 0.4442
2025-10-09 22:23:23,328 [INFO] Época 10/30, Batch 1700/3348, Loss: 0.5398
2025-10-09 22:23:23,588 [INFO] Época 10/30, Batch 1750/3348, Loss: 0.6199
2025-10-09 22:23:23,853 [INFO] Época 10/30, Batch 1800/3348, Loss: 0.5300
2025-10-09 22:23:24,113 [INFO] Época 10/30, Batch 1850/3348, Loss: 0.4086
2025-10-09 22:23:24,373 [INFO] Época 10/30, Batch 1900/3348, Loss: 0.5739
2025-10-09 22:23:24,637 [INFO] Época 10/30, Batch 1950/3348, Loss: 0.5228
2025-10-09 22:23:24,902 [INFO] Época 10/30, Batch 2000/3348, Loss: 0.4400
2025-10-09 22:23:25,167 [INFO] Época 10/30, Batch 2050/3348, Loss: 0.5242
2025-10-09 22:23:25,429 [INFO] Época 10/30, Batch 2100/3348, Loss: 0.3747
2025-10-09 22:23:25,690 [INFO] Época 10/30, Batch 2150/3348, Loss: 0.4480
2025-10-09 22:23:25,952 [INFO] Época 10/30, Batch 2200/3348, Loss: 0.4717
2025-10-09 22:23:26,212 [INFO] Época 10/30, Batch 2250/3348, Loss: 0.4752
2025-10-09 22:23:26,471 [INFO] Época 10/30, Batch 2300/3348, Loss: 0.7843
2025-10-09 22:23:26,731 [INFO] Época 10/30, Batch 2350/3348, Loss: 0.4800
2025-10-09 22:23:26,991 [INFO] Época 10/30, Batch 2400/3348, Loss: 0.5338
2025-10-09 22:23:27,250 [INFO] Época 10/30, Batch 2450/3348, Loss: 0.3223
2025-10-09 22:23:27,513 [INFO] Época 10/30, Batch 2500/3348, Loss: 0.6640
2025-10-09 22:23:27,774 [INFO] Época 10/30, Batch 2550/3348, Loss: 0.3237
2025-10-09 22:23:28,038 [INFO] Época 10/30, Batch 2600/3348, Loss: 0.4615
2025-10-09 22:23:28,301 [INFO] Época 10/30, Batch 2650/3348, Loss: 0.4436
2025-10-09 22:23:28,565 [INFO] Época 10/30, Batch 2700/3348, Loss: 0.5578
2025-10-09 22:23:28,835 [INFO] Época 10/30, Batch 2750/3348, Loss: 0.4726
2025-10-09 22:23:29,108 [INFO] Época 10/30, Batch 2800/3348, Loss: 0.6132
2025-10-09 22:23:29,381 [INFO] Época 10/30, Batch 2850/3348, Loss: 0.6456
2025-10-09 22:23:29,654 [INFO] Época 10/30, Batch 2900/3348, Loss: 0.4130
2025-10-09 22:23:29,924 [INFO] Época 10/30, Batch 2950/3348, Loss: 0.4979
2025-10-09 22:23:30,195 [INFO] Época 10/30, Batch 3000/3348, Loss: 0.4330
2025-10-09 22:23:30,463 [INFO] Época 10/30, Batch 3050/3348, Loss: 0.5119
2025-10-09 22:23:30,730 [INFO] Época 10/30, Batch 3100/3348, Loss: 0.5803
2025-10-09 22:23:30,997 [INFO] Época 10/30, Batch 3150/3348, Loss: 0.4863
2025-10-09 22:23:31,265 [INFO] Época 10/30, Batch 3200/3348, Loss: 0.5072
2025-10-09 22:23:31,532 [INFO] Época 10/30, Batch 3250/3348, Loss: 0.3192
2025-10-09 22:23:31,797 [INFO] Época 10/30, Batch 3300/3348, Loss: 0.4694
2025-10-09 22:23:33,551 [INFO] [10/30] Train Loss: 0.4982 | Val Loss: 0.4711 | Tempo: 19.42s
2025-10-09 22:23:34,128 [INFO] Época 11/30, Batch 50/3348, Loss: 0.5218
2025-10-09 22:23:34,391 [INFO] Época 11/30, Batch 100/3348, Loss: 0.6572
2025-10-09 22:23:34,653 [INFO] Época 11/30, Batch 150/3348, Loss: 0.4221
2025-10-09 22:23:34,913 [INFO] Época 11/30, Batch 200/3348, Loss: 0.4829
2025-10-09 22:23:35,173 [INFO] Época 11/30, Batch 250/3348, Loss: 0.6051
2025-10-09 22:23:35,432 [INFO] Época 11/30, Batch 300/3348, Loss: 0.4848
2025-10-09 22:23:35,690 [INFO] Época 11/30, Batch 350/3348, Loss: 0.4741
2025-10-09 22:23:35,951 [INFO] Época 11/30, Batch 400/3348, Loss: 0.4065
2025-10-09 22:23:36,209 [INFO] Época 11/30, Batch 450/3348, Loss: 0.4612
2025-10-09 22:23:36,469 [INFO] Época 11/30, Batch 500/3348, Loss: 0.4166
2025-10-09 22:23:36,728 [INFO] Época 11/30, Batch 550/3348, Loss: 0.4692
2025-10-09 22:23:36,986 [INFO] Época 11/30, Batch 600/3348, Loss: 0.4135
2025-10-09 22:23:37,246 [INFO] Época 11/30, Batch 650/3348, Loss: 0.5192
2025-10-09 22:23:37,506 [INFO] Época 11/30, Batch 700/3348, Loss: 0.4687
2025-10-09 22:23:37,759 [INFO] Época 11/30, Batch 750/3348, Loss: 0.5263
2025-10-09 22:23:38,017 [INFO] Época 11/30, Batch 800/3348, Loss: 0.6047
2025-10-09 22:23:38,276 [INFO] Época 11/30, Batch 850/3348, Loss: 0.5592
2025-10-09 22:23:38,533 [INFO] Época 11/30, Batch 900/3348, Loss: 0.4222
2025-10-09 22:23:38,788 [INFO] Época 11/30, Batch 950/3348, Loss: 0.3840
2025-10-09 22:23:39,047 [INFO] Época 11/30, Batch 1000/3348, Loss: 0.6051
2025-10-09 22:23:39,303 [INFO] Época 11/30, Batch 1050/3348, Loss: 0.5366
2025-10-09 22:23:39,559 [INFO] Época 11/30, Batch 1100/3348, Loss: 0.5288
2025-10-09 22:23:39,816 [INFO] Época 11/30, Batch 1150/3348, Loss: 0.4955
2025-10-09 22:23:40,074 [INFO] Época 11/30, Batch 1200/3348, Loss: 0.4938
2025-10-09 22:23:40,332 [INFO] Época 11/30, Batch 1250/3348, Loss: 0.4158
2025-10-09 22:23:40,592 [INFO] Época 11/30, Batch 1300/3348, Loss: 0.3733
2025-10-09 22:23:40,851 [INFO] Época 11/30, Batch 1350/3348, Loss: 0.5452
2025-10-09 22:23:41,110 [INFO] Época 11/30, Batch 1400/3348, Loss: 0.5281
2025-10-09 22:23:41,367 [INFO] Época 11/30, Batch 1450/3348, Loss: 0.3412
2025-10-09 22:23:41,626 [INFO] Época 11/30, Batch 1500/3348, Loss: 0.4035
2025-10-09 22:23:41,884 [INFO] Época 11/30, Batch 1550/3348, Loss: 0.6687
2025-10-09 22:23:42,142 [INFO] Época 11/30, Batch 1600/3348, Loss: 0.4051
2025-10-09 22:23:42,400 [INFO] Época 11/30, Batch 1650/3348, Loss: 0.4854
2025-10-09 22:23:42,659 [INFO] Época 11/30, Batch 1700/3348, Loss: 0.6000
2025-10-09 22:23:42,920 [INFO] Época 11/30, Batch 1750/3348, Loss: 0.5269
2025-10-09 22:23:43,178 [INFO] Época 11/30, Batch 1800/3348, Loss: 0.6627
2025-10-09 22:23:43,437 [INFO] Época 11/30, Batch 1850/3348, Loss: 0.4204
2025-10-09 22:23:43,696 [INFO] Época 11/30, Batch 1900/3348, Loss: 0.4172
2025-10-09 22:23:43,955 [INFO] Época 11/30, Batch 1950/3348, Loss: 0.5040
2025-10-09 22:23:44,213 [INFO] Época 11/30, Batch 2000/3348, Loss: 0.4758
2025-10-09 22:23:44,472 [INFO] Época 11/30, Batch 2050/3348, Loss: 0.5251
2025-10-09 22:23:44,732 [INFO] Época 11/30, Batch 2100/3348, Loss: 0.5413
2025-10-09 22:23:44,990 [INFO] Época 11/30, Batch 2150/3348, Loss: 0.4453
2025-10-09 22:23:45,250 [INFO] Época 11/30, Batch 2200/3348, Loss: 0.4825
2025-10-09 22:23:45,510 [INFO] Época 11/30, Batch 2250/3348, Loss: 0.5017
2025-10-09 22:23:45,770 [INFO] Época 11/30, Batch 2300/3348, Loss: 0.5051
2025-10-09 22:23:46,029 [INFO] Época 11/30, Batch 2350/3348, Loss: 0.5033
2025-10-09 22:23:46,287 [INFO] Época 11/30, Batch 2400/3348, Loss: 0.5230
2025-10-09 22:23:46,545 [INFO] Época 11/30, Batch 2450/3348, Loss: 0.5520
2025-10-09 22:23:46,805 [INFO] Época 11/30, Batch 2500/3348, Loss: 0.5429
2025-10-09 22:23:47,065 [INFO] Época 11/30, Batch 2550/3348, Loss: 0.4608
2025-10-09 22:23:47,324 [INFO] Época 11/30, Batch 2600/3348, Loss: 0.4574
2025-10-09 22:23:47,582 [INFO] Época 11/30, Batch 2650/3348, Loss: 0.4927
2025-10-09 22:23:47,840 [INFO] Época 11/30, Batch 2700/3348, Loss: 0.5439
2025-10-09 22:23:48,097 [INFO] Época 11/30, Batch 2750/3348, Loss: 0.4462
2025-10-09 22:23:48,356 [INFO] Época 11/30, Batch 2800/3348, Loss: 0.4526
2025-10-09 22:23:48,613 [INFO] Época 11/30, Batch 2850/3348, Loss: 0.4592
2025-10-09 22:23:48,877 [INFO] Época 11/30, Batch 2900/3348, Loss: 0.3504
2025-10-09 22:23:49,133 [INFO] Época 11/30, Batch 2950/3348, Loss: 0.5137
2025-10-09 22:23:49,393 [INFO] Época 11/30, Batch 3000/3348, Loss: 0.4185
2025-10-09 22:23:49,652 [INFO] Época 11/30, Batch 3050/3348, Loss: 0.5633
2025-10-09 22:23:49,911 [INFO] Época 11/30, Batch 3100/3348, Loss: 0.6812
2025-10-09 22:23:50,167 [INFO] Época 11/30, Batch 3150/3348, Loss: 0.3319
2025-10-09 22:23:50,426 [INFO] Época 11/30, Batch 3200/3348, Loss: 0.5303
2025-10-09 22:23:50,683 [INFO] Época 11/30, Batch 3250/3348, Loss: 0.5807
2025-10-09 22:23:50,942 [INFO] Época 11/30, Batch 3300/3348, Loss: 0.4878
2025-10-09 22:23:52,834 [INFO] [11/30] Train Loss: 0.4973 | Val Loss: 0.4414 | Tempo: 19.28s
2025-10-09 22:23:53,408 [INFO] Época 12/30, Batch 50/3348, Loss: 0.4517
2025-10-09 22:23:53,672 [INFO] Época 12/30, Batch 100/3348, Loss: 0.4322
2025-10-09 22:23:53,933 [INFO] Época 12/30, Batch 150/3348, Loss: 0.5199
2025-10-09 22:23:54,194 [INFO] Época 12/30, Batch 200/3348, Loss: 0.5123
2025-10-09 22:23:54,454 [INFO] Época 12/30, Batch 250/3348, Loss: 0.4774
2025-10-09 22:23:54,716 [INFO] Época 12/30, Batch 300/3348, Loss: 0.4393
2025-10-09 22:23:54,974 [INFO] Época 12/30, Batch 350/3348, Loss: 0.6778
2025-10-09 22:23:55,230 [INFO] Época 12/30, Batch 400/3348, Loss: 0.5080
2025-10-09 22:23:55,489 [INFO] Época 12/30, Batch 450/3348, Loss: 0.6081
2025-10-09 22:23:55,748 [INFO] Época 12/30, Batch 500/3348, Loss: 0.3781
2025-10-09 22:23:56,007 [INFO] Época 12/30, Batch 550/3348, Loss: 0.3530
2025-10-09 22:23:56,264 [INFO] Época 12/30, Batch 600/3348, Loss: 0.5106
2025-10-09 22:23:56,522 [INFO] Época 12/30, Batch 650/3348, Loss: 0.3788
2025-10-09 22:23:56,781 [INFO] Época 12/30, Batch 700/3348, Loss: 0.4599
2025-10-09 22:23:57,036 [INFO] Época 12/30, Batch 750/3348, Loss: 0.5768
2025-10-09 22:23:57,287 [INFO] Época 12/30, Batch 800/3348, Loss: 0.4637
2025-10-09 22:23:57,536 [INFO] Época 12/30, Batch 850/3348, Loss: 0.4099
2025-10-09 22:23:57,784 [INFO] Época 12/30, Batch 900/3348, Loss: 0.2951
2025-10-09 22:23:58,032 [INFO] Época 12/30, Batch 950/3348, Loss: 0.5140
2025-10-09 22:23:58,282 [INFO] Época 12/30, Batch 1000/3348, Loss: 0.4795
2025-10-09 22:23:58,532 [INFO] Época 12/30, Batch 1050/3348, Loss: 0.4909
2025-10-09 22:23:58,781 [INFO] Época 12/30, Batch 1100/3348, Loss: 0.6295
2025-10-09 22:23:59,035 [INFO] Época 12/30, Batch 1150/3348, Loss: 0.5081
2025-10-09 22:23:59,293 [INFO] Época 12/30, Batch 1200/3348, Loss: 0.4536
2025-10-09 22:23:59,550 [INFO] Época 12/30, Batch 1250/3348, Loss: 0.6461
2025-10-09 22:23:59,809 [INFO] Época 12/30, Batch 1300/3348, Loss: 0.5353
2025-10-09 22:24:00,067 [INFO] Época 12/30, Batch 1350/3348, Loss: 0.5300
2025-10-09 22:24:00,325 [INFO] Época 12/30, Batch 1400/3348, Loss: 0.5973
2025-10-09 22:24:00,585 [INFO] Época 12/30, Batch 1450/3348, Loss: 0.4532
2025-10-09 22:24:00,843 [INFO] Época 12/30, Batch 1500/3348, Loss: 0.4725
2025-10-09 22:24:01,105 [INFO] Época 12/30, Batch 1550/3348, Loss: 0.6497
2025-10-09 22:24:01,364 [INFO] Época 12/30, Batch 1600/3348, Loss: 0.4065
2025-10-09 22:24:01,623 [INFO] Época 12/30, Batch 1650/3348, Loss: 0.7005
2025-10-09 22:24:01,880 [INFO] Época 12/30, Batch 1700/3348, Loss: 0.5179
2025-10-09 22:24:02,138 [INFO] Época 12/30, Batch 1750/3348, Loss: 0.4800
2025-10-09 22:24:02,399 [INFO] Época 12/30, Batch 1800/3348, Loss: 0.6011
2025-10-09 22:24:02,656 [INFO] Época 12/30, Batch 1850/3348, Loss: 0.5272
2025-10-09 22:24:02,915 [INFO] Época 12/30, Batch 1900/3348, Loss: 0.3801
2025-10-09 22:24:03,173 [INFO] Época 12/30, Batch 1950/3348, Loss: 0.3209
2025-10-09 22:24:03,432 [INFO] Época 12/30, Batch 2000/3348, Loss: 0.4924
2025-10-09 22:24:03,691 [INFO] Época 12/30, Batch 2050/3348, Loss: 0.4328
2025-10-09 22:24:03,948 [INFO] Época 12/30, Batch 2100/3348, Loss: 0.4023
2025-10-09 22:24:04,207 [INFO] Época 12/30, Batch 2150/3348, Loss: 0.5559
2025-10-09 22:24:04,467 [INFO] Época 12/30, Batch 2200/3348, Loss: 0.3867
2025-10-09 22:24:04,724 [INFO] Época 12/30, Batch 2250/3348, Loss: 0.6204
2025-10-09 22:24:04,986 [INFO] Época 12/30, Batch 2300/3348, Loss: 0.5225
2025-10-09 22:24:05,243 [INFO] Época 12/30, Batch 2350/3348, Loss: 0.5054
2025-10-09 22:24:05,504 [INFO] Época 12/30, Batch 2400/3348, Loss: 0.4507
2025-10-09 22:24:05,764 [INFO] Época 12/30, Batch 2450/3348, Loss: 0.6074
2025-10-09 22:24:06,023 [INFO] Época 12/30, Batch 2500/3348, Loss: 0.4325
2025-10-09 22:24:06,282 [INFO] Época 12/30, Batch 2550/3348, Loss: 0.5551
2025-10-09 22:24:06,541 [INFO] Época 12/30, Batch 2600/3348, Loss: 0.5737
2025-10-09 22:24:06,801 [INFO] Época 12/30, Batch 2650/3348, Loss: 0.7036
2025-10-09 22:24:07,058 [INFO] Época 12/30, Batch 2700/3348, Loss: 0.5326
2025-10-09 22:24:07,318 [INFO] Época 12/30, Batch 2750/3348, Loss: 0.4302
2025-10-09 22:24:07,574 [INFO] Época 12/30, Batch 2800/3348, Loss: 0.3994
2025-10-09 22:24:07,834 [INFO] Época 12/30, Batch 2850/3348, Loss: 0.4554
2025-10-09 22:24:08,094 [INFO] Época 12/30, Batch 2900/3348, Loss: 0.4328
2025-10-09 22:24:08,351 [INFO] Época 12/30, Batch 2950/3348, Loss: 0.3974
2025-10-09 22:24:08,609 [INFO] Época 12/30, Batch 3000/3348, Loss: 0.3586
2025-10-09 22:24:08,869 [INFO] Época 12/30, Batch 3050/3348, Loss: 0.3740
2025-10-09 22:24:09,130 [INFO] Época 12/30, Batch 3100/3348, Loss: 0.5678
2025-10-09 22:24:09,389 [INFO] Época 12/30, Batch 3150/3348, Loss: 0.4875
2025-10-09 22:24:09,648 [INFO] Época 12/30, Batch 3200/3348, Loss: 0.7261
2025-10-09 22:24:09,910 [INFO] Época 12/30, Batch 3250/3348, Loss: 0.5820
2025-10-09 22:24:10,174 [INFO] Época 12/30, Batch 3300/3348, Loss: 0.4884
2025-10-09 22:24:11,927 [INFO] [12/30] Train Loss: 0.4955 | Val Loss: 0.4652 | Tempo: 19.09s
2025-10-09 22:24:12,503 [INFO] Época 13/30, Batch 50/3348, Loss: 0.5145
2025-10-09 22:24:12,772 [INFO] Época 13/30, Batch 100/3348, Loss: 0.5944
2025-10-09 22:24:13,038 [INFO] Época 13/30, Batch 150/3348, Loss: 0.5183
2025-10-09 22:24:13,304 [INFO] Época 13/30, Batch 200/3348, Loss: 0.3922
2025-10-09 22:24:13,569 [INFO] Época 13/30, Batch 250/3348, Loss: 0.5452
2025-10-09 22:24:13,838 [INFO] Época 13/30, Batch 300/3348, Loss: 0.6306
2025-10-09 22:24:14,101 [INFO] Época 13/30, Batch 350/3348, Loss: 0.3663
2025-10-09 22:24:14,364 [INFO] Época 13/30, Batch 400/3348, Loss: 0.6095
2025-10-09 22:24:14,625 [INFO] Época 13/30, Batch 450/3348, Loss: 0.5334
2025-10-09 22:24:14,886 [INFO] Época 13/30, Batch 500/3348, Loss: 0.5107
2025-10-09 22:24:15,149 [INFO] Época 13/30, Batch 550/3348, Loss: 0.4735
2025-10-09 22:24:15,410 [INFO] Época 13/30, Batch 600/3348, Loss: 0.4909
2025-10-09 22:24:15,670 [INFO] Época 13/30, Batch 650/3348, Loss: 0.5993
2025-10-09 22:24:15,930 [INFO] Época 13/30, Batch 700/3348, Loss: 0.5792
2025-10-09 22:24:16,189 [INFO] Época 13/30, Batch 750/3348, Loss: 0.3271
2025-10-09 22:24:16,450 [INFO] Época 13/30, Batch 800/3348, Loss: 0.5049
2025-10-09 22:24:16,711 [INFO] Época 13/30, Batch 850/3348, Loss: 0.5505
2025-10-09 22:24:16,970 [INFO] Época 13/30, Batch 900/3348, Loss: 0.4247
2025-10-09 22:24:17,229 [INFO] Época 13/30, Batch 950/3348, Loss: 0.5614
2025-10-09 22:24:17,489 [INFO] Época 13/30, Batch 1000/3348, Loss: 0.3967
2025-10-09 22:24:17,750 [INFO] Época 13/30, Batch 1050/3348, Loss: 0.3475
2025-10-09 22:24:18,010 [INFO] Época 13/30, Batch 1100/3348, Loss: 0.5896
2025-10-09 22:24:18,271 [INFO] Época 13/30, Batch 1150/3348, Loss: 0.4118
2025-10-09 22:24:18,531 [INFO] Época 13/30, Batch 1200/3348, Loss: 0.6059
2025-10-09 22:24:18,791 [INFO] Época 13/30, Batch 1250/3348, Loss: 0.5453
2025-10-09 22:24:19,051 [INFO] Época 13/30, Batch 1300/3348, Loss: 0.5217
2025-10-09 22:24:19,312 [INFO] Época 13/30, Batch 1350/3348, Loss: 0.5088
2025-10-09 22:24:19,572 [INFO] Época 13/30, Batch 1400/3348, Loss: 0.4586
2025-10-09 22:24:19,831 [INFO] Época 13/30, Batch 1450/3348, Loss: 0.4556
2025-10-09 22:24:20,092 [INFO] Época 13/30, Batch 1500/3348, Loss: 0.4196
2025-10-09 22:24:20,352 [INFO] Época 13/30, Batch 1550/3348, Loss: 0.5798
2025-10-09 22:24:20,611 [INFO] Época 13/30, Batch 1600/3348, Loss: 0.4347
2025-10-09 22:24:20,868 [INFO] Época 13/30, Batch 1650/3348, Loss: 0.4175
2025-10-09 22:24:21,129 [INFO] Época 13/30, Batch 1700/3348, Loss: 0.5081
2025-10-09 22:24:21,392 [INFO] Época 13/30, Batch 1750/3348, Loss: 0.4132
2025-10-09 22:24:21,653 [INFO] Época 13/30, Batch 1800/3348, Loss: 0.4355
2025-10-09 22:24:21,912 [INFO] Época 13/30, Batch 1850/3348, Loss: 0.3951
2025-10-09 22:24:22,173 [INFO] Época 13/30, Batch 1900/3348, Loss: 0.4708
2025-10-09 22:24:22,432 [INFO] Época 13/30, Batch 1950/3348, Loss: 0.4351
2025-10-09 22:24:22,690 [INFO] Época 13/30, Batch 2000/3348, Loss: 0.6185
2025-10-09 22:24:22,948 [INFO] Época 13/30, Batch 2050/3348, Loss: 0.5765
2025-10-09 22:24:23,207 [INFO] Época 13/30, Batch 2100/3348, Loss: 0.5045
2025-10-09 22:24:23,467 [INFO] Época 13/30, Batch 2150/3348, Loss: 0.4435
2025-10-09 22:24:23,727 [INFO] Época 13/30, Batch 2200/3348, Loss: 0.4042
2025-10-09 22:24:23,990 [INFO] Época 13/30, Batch 2250/3348, Loss: 0.4092
2025-10-09 22:24:24,249 [INFO] Época 13/30, Batch 2300/3348, Loss: 0.5028
2025-10-09 22:24:24,508 [INFO] Época 13/30, Batch 2350/3348, Loss: 0.4313
2025-10-09 22:24:24,769 [INFO] Época 13/30, Batch 2400/3348, Loss: 0.3927
2025-10-09 22:24:25,026 [INFO] Época 13/30, Batch 2450/3348, Loss: 0.5442
2025-10-09 22:24:25,287 [INFO] Época 13/30, Batch 2500/3348, Loss: 0.4051
2025-10-09 22:24:25,548 [INFO] Época 13/30, Batch 2550/3348, Loss: 0.4973
2025-10-09 22:24:25,810 [INFO] Época 13/30, Batch 2600/3348, Loss: 0.6155
2025-10-09 22:24:26,072 [INFO] Época 13/30, Batch 2650/3348, Loss: 0.6746
2025-10-09 22:24:26,333 [INFO] Época 13/30, Batch 2700/3348, Loss: 0.2727
2025-10-09 22:24:26,594 [INFO] Época 13/30, Batch 2750/3348, Loss: 0.4977
2025-10-09 22:24:26,856 [INFO] Época 13/30, Batch 2800/3348, Loss: 0.5820
2025-10-09 22:24:27,116 [INFO] Época 13/30, Batch 2850/3348, Loss: 0.4351
2025-10-09 22:24:27,372 [INFO] Época 13/30, Batch 2900/3348, Loss: 0.4432
2025-10-09 22:24:27,632 [INFO] Época 13/30, Batch 2950/3348, Loss: 0.5644
2025-10-09 22:24:27,889 [INFO] Época 13/30, Batch 3000/3348, Loss: 0.5369
2025-10-09 22:24:28,148 [INFO] Época 13/30, Batch 3050/3348, Loss: 0.6585
2025-10-09 22:24:28,409 [INFO] Época 13/30, Batch 3100/3348, Loss: 0.3631
2025-10-09 22:24:28,668 [INFO] Época 13/30, Batch 3150/3348, Loss: 0.6216
2025-10-09 22:24:28,928 [INFO] Época 13/30, Batch 3200/3348, Loss: 0.5288
2025-10-09 22:24:29,187 [INFO] Época 13/30, Batch 3250/3348, Loss: 0.5449
2025-10-09 22:24:29,445 [INFO] Época 13/30, Batch 3300/3348, Loss: 0.3995
2025-10-09 22:24:31,274 [INFO] [13/30] Train Loss: 0.4947 | Val Loss: 0.4711 | Tempo: 19.35s
2025-10-09 22:24:31,848 [INFO] Época 14/30, Batch 50/3348, Loss: 0.4039
2025-10-09 22:24:32,112 [INFO] Época 14/30, Batch 100/3348, Loss: 0.3752
2025-10-09 22:24:32,371 [INFO] Época 14/30, Batch 150/3348, Loss: 0.5835
2025-10-09 22:24:32,629 [INFO] Época 14/30, Batch 200/3348, Loss: 0.5159
2025-10-09 22:24:32,889 [INFO] Época 14/30, Batch 250/3348, Loss: 0.4282
2025-10-09 22:24:33,152 [INFO] Época 14/30, Batch 300/3348, Loss: 0.4882
2025-10-09 22:24:33,415 [INFO] Época 14/30, Batch 350/3348, Loss: 0.5615
2025-10-09 22:24:33,679 [INFO] Época 14/30, Batch 400/3348, Loss: 0.5411
2025-10-09 22:24:33,940 [INFO] Época 14/30, Batch 450/3348, Loss: 0.5266
2025-10-09 22:24:34,202 [INFO] Época 14/30, Batch 500/3348, Loss: 0.4469
2025-10-09 22:24:34,462 [INFO] Época 14/30, Batch 550/3348, Loss: 0.6763
2025-10-09 22:24:34,725 [INFO] Época 14/30, Batch 600/3348, Loss: 0.5435
2025-10-09 22:24:34,985 [INFO] Época 14/30, Batch 650/3348, Loss: 0.5211
2025-10-09 22:24:35,243 [INFO] Época 14/30, Batch 700/3348, Loss: 0.3597
2025-10-09 22:24:35,502 [INFO] Época 14/30, Batch 750/3348, Loss: 0.4532
2025-10-09 22:24:35,759 [INFO] Época 14/30, Batch 800/3348, Loss: 0.4258
2025-10-09 22:24:36,020 [INFO] Época 14/30, Batch 850/3348, Loss: 0.3990
2025-10-09 22:24:36,278 [INFO] Época 14/30, Batch 900/3348, Loss: 0.4781
2025-10-09 22:24:36,537 [INFO] Época 14/30, Batch 950/3348, Loss: 0.6136
2025-10-09 22:24:36,793 [INFO] Época 14/30, Batch 1000/3348, Loss: 0.3975
2025-10-09 22:24:37,050 [INFO] Época 14/30, Batch 1050/3348, Loss: 0.5936
2025-10-09 22:24:37,308 [INFO] Época 14/30, Batch 1100/3348, Loss: 0.6615
2025-10-09 22:24:37,563 [INFO] Época 14/30, Batch 1150/3348, Loss: 0.5136
2025-10-09 22:24:37,821 [INFO] Época 14/30, Batch 1200/3348, Loss: 0.5857
2025-10-09 22:24:38,077 [INFO] Época 14/30, Batch 1250/3348, Loss: 0.4711
2025-10-09 22:24:38,342 [INFO] Época 14/30, Batch 1300/3348, Loss: 0.4144
2025-10-09 22:24:38,609 [INFO] Época 14/30, Batch 1350/3348, Loss: 0.5433
2025-10-09 22:24:38,869 [INFO] Época 14/30, Batch 1400/3348, Loss: 0.5338
2025-10-09 22:24:39,125 [INFO] Época 14/30, Batch 1450/3348, Loss: 0.4948
2025-10-09 22:24:39,382 [INFO] Época 14/30, Batch 1500/3348, Loss: 0.6605
2025-10-09 22:24:39,637 [INFO] Época 14/30, Batch 1550/3348, Loss: 0.3897
2025-10-09 22:24:39,900 [INFO] Época 14/30, Batch 1600/3348, Loss: 0.5140
2025-10-09 22:24:40,166 [INFO] Época 14/30, Batch 1650/3348, Loss: 0.6439
2025-10-09 22:24:40,429 [INFO] Época 14/30, Batch 1700/3348, Loss: 0.4917
2025-10-09 22:24:40,695 [INFO] Época 14/30, Batch 1750/3348, Loss: 0.5125
2025-10-09 22:24:40,953 [INFO] Época 14/30, Batch 1800/3348, Loss: 0.6399
2025-10-09 22:24:41,218 [INFO] Época 14/30, Batch 1850/3348, Loss: 0.5136
2025-10-09 22:24:41,483 [INFO] Época 14/30, Batch 1900/3348, Loss: 0.4420
2025-10-09 22:24:41,756 [INFO] Época 14/30, Batch 1950/3348, Loss: 0.4046
2025-10-09 22:24:42,020 [INFO] Época 14/30, Batch 2000/3348, Loss: 0.4069
2025-10-09 22:24:42,287 [INFO] Época 14/30, Batch 2050/3348, Loss: 0.6411
2025-10-09 22:24:42,552 [INFO] Época 14/30, Batch 2100/3348, Loss: 0.6317
2025-10-09 22:24:42,818 [INFO] Época 14/30, Batch 2150/3348, Loss: 0.5212
2025-10-09 22:24:43,084 [INFO] Época 14/30, Batch 2200/3348, Loss: 0.6540
2025-10-09 22:24:43,350 [INFO] Época 14/30, Batch 2250/3348, Loss: 0.4241
2025-10-09 22:24:43,614 [INFO] Época 14/30, Batch 2300/3348, Loss: 0.4606
2025-10-09 22:24:43,878 [INFO] Época 14/30, Batch 2350/3348, Loss: 0.4446
2025-10-09 22:24:44,136 [INFO] Época 14/30, Batch 2400/3348, Loss: 0.4401
2025-10-09 22:24:44,393 [INFO] Época 14/30, Batch 2450/3348, Loss: 0.4397
2025-10-09 22:24:44,649 [INFO] Época 14/30, Batch 2500/3348, Loss: 0.3005
2025-10-09 22:24:44,906 [INFO] Época 14/30, Batch 2550/3348, Loss: 0.3827
2025-10-09 22:24:45,162 [INFO] Época 14/30, Batch 2600/3348, Loss: 0.5082
2025-10-09 22:24:45,422 [INFO] Época 14/30, Batch 2650/3348, Loss: 0.4316
2025-10-09 22:24:45,679 [INFO] Época 14/30, Batch 2700/3348, Loss: 0.6483
2025-10-09 22:24:45,932 [INFO] Época 14/30, Batch 2750/3348, Loss: 0.3990
2025-10-09 22:24:46,188 [INFO] Época 14/30, Batch 2800/3348, Loss: 0.5661
2025-10-09 22:24:46,442 [INFO] Época 14/30, Batch 2850/3348, Loss: 0.4347
2025-10-09 22:24:46,701 [INFO] Época 14/30, Batch 2900/3348, Loss: 0.4855
2025-10-09 22:24:46,961 [INFO] Época 14/30, Batch 2950/3348, Loss: 0.3901
2025-10-09 22:24:47,219 [INFO] Época 14/30, Batch 3000/3348, Loss: 0.5266
2025-10-09 22:24:47,476 [INFO] Época 14/30, Batch 3050/3348, Loss: 0.4892
2025-10-09 22:24:47,733 [INFO] Época 14/30, Batch 3100/3348, Loss: 0.7036
2025-10-09 22:24:47,988 [INFO] Época 14/30, Batch 3150/3348, Loss: 0.5306
2025-10-09 22:24:48,243 [INFO] Época 14/30, Batch 3200/3348, Loss: 0.4267
2025-10-09 22:24:48,501 [INFO] Época 14/30, Batch 3250/3348, Loss: 0.6337
2025-10-09 22:24:48,766 [INFO] Época 14/30, Batch 3300/3348, Loss: 0.3558
2025-10-09 22:24:50,497 [INFO] [14/30] Train Loss: 0.4939 | Val Loss: 0.4498 | Tempo: 19.22s
2025-10-09 22:24:50,497 [INFO] Early stopping ativado após 10 épocas sem melhoria
2025-10-09 22:24:50,497 [INFO] Treinamento concluído em 269.55 segundos (4.49 minutos)
2025-10-09 22:24:50,497 [INFO] Iniciando avaliação no conjunto de teste...
2025-10-09 22:24:51,926 [INFO] Avaliação do teste concluída em 1.43 segundos
2025-10-09 22:24:51,926 [INFO] MSE no teste: 0.6259
2025-10-09 22:24:51,926 [INFO] RMSE no teste: 0.7911
2025-10-09 22:24:51,926 [INFO] MAE no teste: 0.5934
2025-10-09 22:24:51,927 [INFO] Métricas salvas em /mnt/hdd/home/jdurao/ToolBox-ChemXAI/logs/mlp_att4_EState_metrics.json
