2025-10-10 10:14:13,625 [INFO] Iniciando treinamento do modelo mlp_att12_Topological
2025-10-10 10:14:13,625 [INFO] Configuração: att_index=12, epochs=30, layers=[128, 64, 32], lr=0.001, batch_size=32, descriptor_type=Topological
2025-10-10 10:14:13,625 [INFO] Diretório para modelos: /mnt/hdd/home/jdurao/ToolBox-ChemXAI/models
2025-10-10 10:14:13,625 [INFO] Carregando dados...
2025-10-10 10:14:13,702 [INFO] Preparando dataloaders sem ruído...
2025-10-10 10:14:29,974 [INFO] Dados carregados em 16.35 segundos
2025-10-10 10:14:29,974 [INFO] Tamanhos dos conjuntos - Treino: 107108, Validação: 13388, Teste: 13389
2025-10-10 10:14:29,974 [INFO] Usando dispositivo: cuda
2025-10-10 10:14:30,369 [INFO] Dimensão de entrada: 512, Dimensão de saída: 1
2025-10-10 10:14:30,370 [INFO] Criando modelo MLP com camadas: [128, 64, 32]
2025-10-10 10:14:30,374 [INFO] Modelo criado com 76033 parâmetros
2025-10-10 10:14:30,393 [INFO] Iniciando treinamento com 30 épocas...
2025-10-10 10:14:30,972 [INFO] Época 1/30, Batch 50/3348, Loss: 0.5067
2025-10-10 10:14:31,248 [INFO] Época 1/30, Batch 100/3348, Loss: 0.3166
2025-10-10 10:14:31,520 [INFO] Época 1/30, Batch 150/3348, Loss: 0.4696
2025-10-10 10:14:31,789 [INFO] Época 1/30, Batch 200/3348, Loss: 0.3356
2025-10-10 10:14:32,059 [INFO] Época 1/30, Batch 250/3348, Loss: 0.3319
2025-10-10 10:14:32,329 [INFO] Época 1/30, Batch 300/3348, Loss: 0.5136
2025-10-10 10:14:32,599 [INFO] Época 1/30, Batch 350/3348, Loss: 0.4475
2025-10-10 10:14:32,867 [INFO] Época 1/30, Batch 400/3348, Loss: 0.3146
2025-10-10 10:14:33,138 [INFO] Época 1/30, Batch 450/3348, Loss: 0.3933
2025-10-10 10:14:33,407 [INFO] Época 1/30, Batch 500/3348, Loss: 0.5288
2025-10-10 10:14:33,677 [INFO] Época 1/30, Batch 550/3348, Loss: 0.3576
2025-10-10 10:14:33,948 [INFO] Época 1/30, Batch 600/3348, Loss: 0.3301
2025-10-10 10:14:34,217 [INFO] Época 1/30, Batch 650/3348, Loss: 0.3707
2025-10-10 10:14:34,487 [INFO] Época 1/30, Batch 700/3348, Loss: 0.4440
2025-10-10 10:14:34,756 [INFO] Época 1/30, Batch 750/3348, Loss: 0.3405
2025-10-10 10:14:35,025 [INFO] Época 1/30, Batch 800/3348, Loss: 0.2775
2025-10-10 10:14:35,295 [INFO] Época 1/30, Batch 850/3348, Loss: 0.3135
2025-10-10 10:14:35,563 [INFO] Época 1/30, Batch 900/3348, Loss: 0.4690
2025-10-10 10:14:35,831 [INFO] Época 1/30, Batch 950/3348, Loss: 0.2758
2025-10-10 10:14:36,100 [INFO] Época 1/30, Batch 1000/3348, Loss: 0.1920
2025-10-10 10:14:36,369 [INFO] Época 1/30, Batch 1050/3348, Loss: 0.4291
2025-10-10 10:14:36,637 [INFO] Época 1/30, Batch 1100/3348, Loss: 0.3209
2025-10-10 10:14:36,905 [INFO] Época 1/30, Batch 1150/3348, Loss: 0.3373
2025-10-10 10:14:37,172 [INFO] Época 1/30, Batch 1200/3348, Loss: 0.3752
2025-10-10 10:14:37,436 [INFO] Época 1/30, Batch 1250/3348, Loss: 0.2204
2025-10-10 10:14:37,695 [INFO] Época 1/30, Batch 1300/3348, Loss: 0.2937
2025-10-10 10:14:37,953 [INFO] Época 1/30, Batch 1350/3348, Loss: 0.2729
2025-10-10 10:14:38,213 [INFO] Época 1/30, Batch 1400/3348, Loss: 0.2420
2025-10-10 10:14:38,472 [INFO] Época 1/30, Batch 1450/3348, Loss: 0.2562
2025-10-10 10:14:38,730 [INFO] Época 1/30, Batch 1500/3348, Loss: 0.2668
2025-10-10 10:14:38,989 [INFO] Época 1/30, Batch 1550/3348, Loss: 0.1800
2025-10-10 10:14:39,248 [INFO] Época 1/30, Batch 1600/3348, Loss: 0.3991
2025-10-10 10:14:39,507 [INFO] Época 1/30, Batch 1650/3348, Loss: 0.3039
2025-10-10 10:14:39,765 [INFO] Época 1/30, Batch 1700/3348, Loss: 0.3464
2025-10-10 10:14:40,023 [INFO] Época 1/30, Batch 1750/3348, Loss: 0.3360
2025-10-10 10:14:40,281 [INFO] Época 1/30, Batch 1800/3348, Loss: 0.2945
2025-10-10 10:14:40,544 [INFO] Época 1/30, Batch 1850/3348, Loss: 0.2186
2025-10-10 10:14:40,801 [INFO] Época 1/30, Batch 1900/3348, Loss: 0.2275
2025-10-10 10:14:41,061 [INFO] Época 1/30, Batch 1950/3348, Loss: 0.2684
2025-10-10 10:14:41,319 [INFO] Época 1/30, Batch 2000/3348, Loss: 0.2506
2025-10-10 10:14:41,580 [INFO] Época 1/30, Batch 2050/3348, Loss: 0.2064
2025-10-10 10:14:41,839 [INFO] Época 1/30, Batch 2100/3348, Loss: 0.3337
2025-10-10 10:14:42,099 [INFO] Época 1/30, Batch 2150/3348, Loss: 0.3332
2025-10-10 10:14:42,358 [INFO] Época 1/30, Batch 2200/3348, Loss: 0.1755
2025-10-10 10:14:42,618 [INFO] Época 1/30, Batch 2250/3348, Loss: 0.2669
2025-10-10 10:14:42,877 [INFO] Época 1/30, Batch 2300/3348, Loss: 0.2754
2025-10-10 10:14:43,147 [INFO] Época 1/30, Batch 2350/3348, Loss: 0.2871
2025-10-10 10:14:43,409 [INFO] Época 1/30, Batch 2400/3348, Loss: 0.2106
2025-10-10 10:14:43,668 [INFO] Época 1/30, Batch 2450/3348, Loss: 0.2232
2025-10-10 10:14:43,930 [INFO] Época 1/30, Batch 2500/3348, Loss: 0.2242
2025-10-10 10:14:44,191 [INFO] Época 1/30, Batch 2550/3348, Loss: 0.1929
2025-10-10 10:14:44,453 [INFO] Época 1/30, Batch 2600/3348, Loss: 0.1879
2025-10-10 10:14:44,714 [INFO] Época 1/30, Batch 2650/3348, Loss: 0.2743
2025-10-10 10:14:44,974 [INFO] Época 1/30, Batch 2700/3348, Loss: 0.2425
2025-10-10 10:14:45,233 [INFO] Época 1/30, Batch 2750/3348, Loss: 0.2239
2025-10-10 10:14:45,491 [INFO] Época 1/30, Batch 2800/3348, Loss: 0.3602
2025-10-10 10:14:45,748 [INFO] Época 1/30, Batch 2850/3348, Loss: 0.3378
2025-10-10 10:14:46,007 [INFO] Época 1/30, Batch 2900/3348, Loss: 0.2252
2025-10-10 10:14:46,264 [INFO] Época 1/30, Batch 2950/3348, Loss: 0.1458
2025-10-10 10:14:46,522 [INFO] Época 1/30, Batch 3000/3348, Loss: 0.2749
2025-10-10 10:14:46,780 [INFO] Época 1/30, Batch 3050/3348, Loss: 0.2539
2025-10-10 10:14:47,038 [INFO] Época 1/30, Batch 3100/3348, Loss: 0.2230
2025-10-10 10:14:47,295 [INFO] Época 1/30, Batch 3150/3348, Loss: 0.2606
2025-10-10 10:14:47,552 [INFO] Época 1/30, Batch 3200/3348, Loss: 0.1762
2025-10-10 10:14:47,808 [INFO] Época 1/30, Batch 3250/3348, Loss: 0.3212
2025-10-10 10:14:48,065 [INFO] Época 1/30, Batch 3300/3348, Loss: 0.2936
2025-10-10 10:14:49,854 [INFO] [1/30] Train Loss: 0.3057 | Val Loss: 0.1998 | Tempo: 19.46s
2025-10-10 10:14:49,859 [INFO] Melhor modelo salvo em: /mnt/hdd/home/jdurao/ToolBox-ChemXAI/models/mlp_qm9_Topological_att12_large.pth
2025-10-10 10:14:50,427 [INFO] Época 2/30, Batch 50/3348, Loss: 0.2316
2025-10-10 10:14:50,695 [INFO] Época 2/30, Batch 100/3348, Loss: 0.3534
2025-10-10 10:14:50,962 [INFO] Época 2/30, Batch 150/3348, Loss: 0.2756
2025-10-10 10:14:51,228 [INFO] Época 2/30, Batch 200/3348, Loss: 0.2091
2025-10-10 10:14:51,491 [INFO] Época 2/30, Batch 250/3348, Loss: 0.1887
2025-10-10 10:14:51,756 [INFO] Época 2/30, Batch 300/3348, Loss: 0.1568
2025-10-10 10:14:52,020 [INFO] Época 2/30, Batch 350/3348, Loss: 0.1734
2025-10-10 10:14:52,283 [INFO] Época 2/30, Batch 400/3348, Loss: 0.3062
2025-10-10 10:14:52,544 [INFO] Época 2/30, Batch 450/3348, Loss: 0.1982
2025-10-10 10:14:52,805 [INFO] Época 2/30, Batch 500/3348, Loss: 0.2323
2025-10-10 10:14:53,067 [INFO] Época 2/30, Batch 550/3348, Loss: 0.2108
2025-10-10 10:14:53,333 [INFO] Época 2/30, Batch 600/3348, Loss: 0.2063
2025-10-10 10:14:53,594 [INFO] Época 2/30, Batch 650/3348, Loss: 0.2206
2025-10-10 10:14:53,855 [INFO] Época 2/30, Batch 700/3348, Loss: 0.3737
2025-10-10 10:14:54,115 [INFO] Época 2/30, Batch 750/3348, Loss: 0.3114
2025-10-10 10:14:54,374 [INFO] Época 2/30, Batch 800/3348, Loss: 0.3293
2025-10-10 10:14:54,628 [INFO] Época 2/30, Batch 850/3348, Loss: 0.2509
2025-10-10 10:14:54,882 [INFO] Época 2/30, Batch 900/3348, Loss: 0.1925
2025-10-10 10:14:55,135 [INFO] Época 2/30, Batch 950/3348, Loss: 0.1662
2025-10-10 10:14:55,388 [INFO] Época 2/30, Batch 1000/3348, Loss: 0.2029
2025-10-10 10:14:55,641 [INFO] Época 2/30, Batch 1050/3348, Loss: 0.1532
2025-10-10 10:14:55,895 [INFO] Época 2/30, Batch 1100/3348, Loss: 0.1494
2025-10-10 10:14:56,157 [INFO] Época 2/30, Batch 1150/3348, Loss: 0.2068
2025-10-10 10:14:56,419 [INFO] Época 2/30, Batch 1200/3348, Loss: 0.1675
2025-10-10 10:14:56,682 [INFO] Época 2/30, Batch 1250/3348, Loss: 0.2737
2025-10-10 10:14:56,943 [INFO] Época 2/30, Batch 1300/3348, Loss: 0.1829
2025-10-10 10:14:57,205 [INFO] Época 2/30, Batch 1350/3348, Loss: 0.2917
2025-10-10 10:14:57,467 [INFO] Época 2/30, Batch 1400/3348, Loss: 0.1452
2025-10-10 10:14:57,730 [INFO] Época 2/30, Batch 1450/3348, Loss: 0.2794
2025-10-10 10:14:57,994 [INFO] Época 2/30, Batch 1500/3348, Loss: 0.2365
2025-10-10 10:14:58,259 [INFO] Época 2/30, Batch 1550/3348, Loss: 0.1528
2025-10-10 10:14:58,525 [INFO] Época 2/30, Batch 1600/3348, Loss: 0.1765
2025-10-10 10:14:58,789 [INFO] Época 2/30, Batch 1650/3348, Loss: 0.3300
2025-10-10 10:14:59,051 [INFO] Época 2/30, Batch 1700/3348, Loss: 0.2876
2025-10-10 10:14:59,312 [INFO] Época 2/30, Batch 1750/3348, Loss: 0.1757
2025-10-10 10:14:59,572 [INFO] Época 2/30, Batch 1800/3348, Loss: 0.0905
2025-10-10 10:14:59,835 [INFO] Época 2/30, Batch 1850/3348, Loss: 0.2450
2025-10-10 10:15:00,101 [INFO] Época 2/30, Batch 1900/3348, Loss: 0.2305
2025-10-10 10:15:00,365 [INFO] Época 2/30, Batch 1950/3348, Loss: 0.1368
2025-10-10 10:15:00,629 [INFO] Época 2/30, Batch 2000/3348, Loss: 0.1822
2025-10-10 10:15:00,893 [INFO] Época 2/30, Batch 2050/3348, Loss: 0.1829
2025-10-10 10:15:01,155 [INFO] Época 2/30, Batch 2100/3348, Loss: 0.2442
2025-10-10 10:15:01,427 [INFO] Época 2/30, Batch 2150/3348, Loss: 0.2485
2025-10-10 10:15:01,687 [INFO] Época 2/30, Batch 2200/3348, Loss: 0.2230
2025-10-10 10:15:01,945 [INFO] Época 2/30, Batch 2250/3348, Loss: 0.1709
2025-10-10 10:15:02,205 [INFO] Época 2/30, Batch 2300/3348, Loss: 0.1492
2025-10-10 10:15:02,467 [INFO] Época 2/30, Batch 2350/3348, Loss: 0.2377
2025-10-10 10:15:02,730 [INFO] Época 2/30, Batch 2400/3348, Loss: 0.1816
2025-10-10 10:15:02,993 [INFO] Época 2/30, Batch 2450/3348, Loss: 0.1569
2025-10-10 10:15:03,252 [INFO] Época 2/30, Batch 2500/3348, Loss: 0.2015
2025-10-10 10:15:03,512 [INFO] Época 2/30, Batch 2550/3348, Loss: 0.2392
2025-10-10 10:15:03,788 [INFO] Época 2/30, Batch 2600/3348, Loss: 0.2670
2025-10-10 10:15:04,056 [INFO] Época 2/30, Batch 2650/3348, Loss: 0.1402
2025-10-10 10:15:04,322 [INFO] Época 2/30, Batch 2700/3348, Loss: 0.0705
2025-10-10 10:15:04,584 [INFO] Época 2/30, Batch 2750/3348, Loss: 0.1581
2025-10-10 10:15:04,844 [INFO] Época 2/30, Batch 2800/3348, Loss: 0.1932
2025-10-10 10:15:05,104 [INFO] Época 2/30, Batch 2850/3348, Loss: 0.1735
2025-10-10 10:15:05,364 [INFO] Época 2/30, Batch 2900/3348, Loss: 0.1371
2025-10-10 10:15:05,628 [INFO] Época 2/30, Batch 2950/3348, Loss: 0.1430
2025-10-10 10:15:05,889 [INFO] Época 2/30, Batch 3000/3348, Loss: 0.2091
2025-10-10 10:15:06,148 [INFO] Época 2/30, Batch 3050/3348, Loss: 0.2019
2025-10-10 10:15:06,409 [INFO] Época 2/30, Batch 3100/3348, Loss: 0.2418
2025-10-10 10:15:06,672 [INFO] Época 2/30, Batch 3150/3348, Loss: 0.2728
2025-10-10 10:15:06,934 [INFO] Época 2/30, Batch 3200/3348, Loss: 0.3149
2025-10-10 10:15:07,195 [INFO] Época 2/30, Batch 3250/3348, Loss: 0.2095
2025-10-10 10:15:07,456 [INFO] Época 2/30, Batch 3300/3348, Loss: 0.2146
2025-10-10 10:15:09,210 [INFO] [2/30] Train Loss: 0.2098 | Val Loss: 0.1975 | Tempo: 19.35s
2025-10-10 10:15:09,215 [INFO] Melhor modelo salvo em: /mnt/hdd/home/jdurao/ToolBox-ChemXAI/models/mlp_qm9_Topological_att12_large.pth
2025-10-10 10:15:09,779 [INFO] Época 3/30, Batch 50/3348, Loss: 0.1291
2025-10-10 10:15:10,047 [INFO] Época 3/30, Batch 100/3348, Loss: 0.2179
2025-10-10 10:15:10,310 [INFO] Época 3/30, Batch 150/3348, Loss: 0.1840
2025-10-10 10:15:10,573 [INFO] Época 3/30, Batch 200/3348, Loss: 0.2597
2025-10-10 10:15:10,836 [INFO] Época 3/30, Batch 250/3348, Loss: 0.1562
2025-10-10 10:15:11,098 [INFO] Época 3/30, Batch 300/3348, Loss: 0.2360
2025-10-10 10:15:11,361 [INFO] Época 3/30, Batch 350/3348, Loss: 0.1573
2025-10-10 10:15:11,622 [INFO] Época 3/30, Batch 400/3348, Loss: 0.1685
2025-10-10 10:15:11,884 [INFO] Época 3/30, Batch 450/3348, Loss: 0.1630
2025-10-10 10:15:12,146 [INFO] Época 3/30, Batch 500/3348, Loss: 0.1667
2025-10-10 10:15:12,407 [INFO] Época 3/30, Batch 550/3348, Loss: 0.2799
2025-10-10 10:15:12,670 [INFO] Época 3/30, Batch 600/3348, Loss: 0.1818
2025-10-10 10:15:12,932 [INFO] Época 3/30, Batch 650/3348, Loss: 0.1725
2025-10-10 10:15:13,193 [INFO] Época 3/30, Batch 700/3348, Loss: 0.1629
2025-10-10 10:15:13,454 [INFO] Época 3/30, Batch 750/3348, Loss: 0.0936
2025-10-10 10:15:13,721 [INFO] Época 3/30, Batch 800/3348, Loss: 0.1710
2025-10-10 10:15:13,991 [INFO] Época 3/30, Batch 850/3348, Loss: 0.2116
2025-10-10 10:15:14,263 [INFO] Época 3/30, Batch 900/3348, Loss: 0.1587
2025-10-10 10:15:14,536 [INFO] Época 3/30, Batch 950/3348, Loss: 0.1644
2025-10-10 10:15:14,809 [INFO] Época 3/30, Batch 1000/3348, Loss: 0.1743
2025-10-10 10:15:15,079 [INFO] Época 3/30, Batch 1050/3348, Loss: 0.2262
2025-10-10 10:15:15,348 [INFO] Época 3/30, Batch 1100/3348, Loss: 0.1563
2025-10-10 10:15:15,618 [INFO] Época 3/30, Batch 1150/3348, Loss: 0.2858
2025-10-10 10:15:15,889 [INFO] Época 3/30, Batch 1200/3348, Loss: 0.2019
2025-10-10 10:15:16,160 [INFO] Época 3/30, Batch 1250/3348, Loss: 0.1316
2025-10-10 10:15:16,430 [INFO] Época 3/30, Batch 1300/3348, Loss: 0.2075
2025-10-10 10:15:16,700 [INFO] Época 3/30, Batch 1350/3348, Loss: 0.2137
2025-10-10 10:15:16,971 [INFO] Época 3/30, Batch 1400/3348, Loss: 0.2164
2025-10-10 10:15:17,243 [INFO] Época 3/30, Batch 1450/3348, Loss: 0.1963
2025-10-10 10:15:17,513 [INFO] Época 3/30, Batch 1500/3348, Loss: 0.1575
2025-10-10 10:15:17,784 [INFO] Época 3/30, Batch 1550/3348, Loss: 0.1040
2025-10-10 10:15:18,054 [INFO] Época 3/30, Batch 1600/3348, Loss: 0.1501
2025-10-10 10:15:18,324 [INFO] Época 3/30, Batch 1650/3348, Loss: 0.1721
2025-10-10 10:15:18,596 [INFO] Época 3/30, Batch 1700/3348, Loss: 0.1226
2025-10-10 10:15:18,865 [INFO] Época 3/30, Batch 1750/3348, Loss: 0.1324
2025-10-10 10:15:19,131 [INFO] Época 3/30, Batch 1800/3348, Loss: 0.1574
2025-10-10 10:15:19,391 [INFO] Época 3/30, Batch 1850/3348, Loss: 0.0999
2025-10-10 10:15:19,670 [INFO] Época 3/30, Batch 1900/3348, Loss: 0.1216
2025-10-10 10:15:19,941 [INFO] Época 3/30, Batch 1950/3348, Loss: 0.1094
2025-10-10 10:15:20,211 [INFO] Época 3/30, Batch 2000/3348, Loss: 0.1931
2025-10-10 10:15:20,481 [INFO] Época 3/30, Batch 2050/3348, Loss: 0.1480
2025-10-10 10:15:20,751 [INFO] Época 3/30, Batch 2100/3348, Loss: 0.2200
2025-10-10 10:15:21,021 [INFO] Época 3/30, Batch 2150/3348, Loss: 0.2814
2025-10-10 10:15:21,293 [INFO] Época 3/30, Batch 2200/3348, Loss: 0.1793
2025-10-10 10:15:21,563 [INFO] Época 3/30, Batch 2250/3348, Loss: 0.1514
2025-10-10 10:15:21,833 [INFO] Época 3/30, Batch 2300/3348, Loss: 0.1873
2025-10-10 10:15:22,103 [INFO] Época 3/30, Batch 2350/3348, Loss: 0.1795
2025-10-10 10:15:22,374 [INFO] Época 3/30, Batch 2400/3348, Loss: 0.1343
2025-10-10 10:15:22,645 [INFO] Época 3/30, Batch 2450/3348, Loss: 0.2588
2025-10-10 10:15:22,914 [INFO] Época 3/30, Batch 2500/3348, Loss: 0.2801
2025-10-10 10:15:23,187 [INFO] Época 3/30, Batch 2550/3348, Loss: 0.1054
2025-10-10 10:15:23,457 [INFO] Época 3/30, Batch 2600/3348, Loss: 0.1241
2025-10-10 10:15:23,725 [INFO] Época 3/30, Batch 2650/3348, Loss: 0.2468
2025-10-10 10:15:23,986 [INFO] Época 3/30, Batch 2700/3348, Loss: 0.2093
2025-10-10 10:15:24,247 [INFO] Época 3/30, Batch 2750/3348, Loss: 0.2465
2025-10-10 10:15:24,508 [INFO] Época 3/30, Batch 2800/3348, Loss: 0.1420
2025-10-10 10:15:24,780 [INFO] Época 3/30, Batch 2850/3348, Loss: 0.1251
2025-10-10 10:15:25,039 [INFO] Época 3/30, Batch 2900/3348, Loss: 0.1655
2025-10-10 10:15:25,300 [INFO] Época 3/30, Batch 2950/3348, Loss: 0.1333
2025-10-10 10:15:25,560 [INFO] Época 3/30, Batch 3000/3348, Loss: 0.1499
2025-10-10 10:15:25,821 [INFO] Época 3/30, Batch 3050/3348, Loss: 0.1136
2025-10-10 10:15:26,082 [INFO] Época 3/30, Batch 3100/3348, Loss: 0.2282
2025-10-10 10:15:26,341 [INFO] Época 3/30, Batch 3150/3348, Loss: 0.2070
2025-10-10 10:15:26,602 [INFO] Época 3/30, Batch 3200/3348, Loss: 0.2615
2025-10-10 10:15:26,870 [INFO] Época 3/30, Batch 3250/3348, Loss: 0.2178
2025-10-10 10:15:27,139 [INFO] Época 3/30, Batch 3300/3348, Loss: 0.1301
2025-10-10 10:15:29,037 [INFO] [3/30] Train Loss: 0.1718 | Val Loss: 0.1670 | Tempo: 19.82s
2025-10-10 10:15:29,042 [INFO] Melhor modelo salvo em: /mnt/hdd/home/jdurao/ToolBox-ChemXAI/models/mlp_qm9_Topological_att12_large.pth
2025-10-10 10:15:29,620 [INFO] Época 4/30, Batch 50/3348, Loss: 0.1263
2025-10-10 10:15:29,900 [INFO] Época 4/30, Batch 100/3348, Loss: 0.1682
2025-10-10 10:15:30,168 [INFO] Época 4/30, Batch 150/3348, Loss: 0.1911
2025-10-10 10:15:30,437 [INFO] Época 4/30, Batch 200/3348, Loss: 0.1687
2025-10-10 10:15:30,702 [INFO] Época 4/30, Batch 250/3348, Loss: 0.1099
2025-10-10 10:15:30,964 [INFO] Época 4/30, Batch 300/3348, Loss: 0.1132
2025-10-10 10:15:31,225 [INFO] Época 4/30, Batch 350/3348, Loss: 0.0852
2025-10-10 10:15:31,490 [INFO] Época 4/30, Batch 400/3348, Loss: 0.1347
2025-10-10 10:15:31,752 [INFO] Época 4/30, Batch 450/3348, Loss: 0.2175
2025-10-10 10:15:32,017 [INFO] Época 4/30, Batch 500/3348, Loss: 0.1065
2025-10-10 10:15:32,283 [INFO] Época 4/30, Batch 550/3348, Loss: 0.1423
2025-10-10 10:15:32,547 [INFO] Época 4/30, Batch 600/3348, Loss: 0.0791
2025-10-10 10:15:32,810 [INFO] Época 4/30, Batch 650/3348, Loss: 0.2008
2025-10-10 10:15:33,071 [INFO] Época 4/30, Batch 700/3348, Loss: 0.1758
2025-10-10 10:15:33,334 [INFO] Época 4/30, Batch 750/3348, Loss: 0.1678
2025-10-10 10:15:33,595 [INFO] Época 4/30, Batch 800/3348, Loss: 0.1286
2025-10-10 10:15:33,857 [INFO] Época 4/30, Batch 850/3348, Loss: 0.1264
2025-10-10 10:15:34,118 [INFO] Época 4/30, Batch 900/3348, Loss: 0.1371
2025-10-10 10:15:34,379 [INFO] Época 4/30, Batch 950/3348, Loss: 0.2256
2025-10-10 10:15:34,640 [INFO] Época 4/30, Batch 1000/3348, Loss: 0.1859
2025-10-10 10:15:34,912 [INFO] Época 4/30, Batch 1050/3348, Loss: 0.1227
2025-10-10 10:15:35,173 [INFO] Época 4/30, Batch 1100/3348, Loss: 0.1621
2025-10-10 10:15:35,436 [INFO] Época 4/30, Batch 1150/3348, Loss: 0.2349
2025-10-10 10:15:35,699 [INFO] Época 4/30, Batch 1200/3348, Loss: 0.1845
2025-10-10 10:15:35,962 [INFO] Época 4/30, Batch 1250/3348, Loss: 0.1094
2025-10-10 10:15:36,221 [INFO] Época 4/30, Batch 1300/3348, Loss: 0.1374
2025-10-10 10:15:36,483 [INFO] Época 4/30, Batch 1350/3348, Loss: 0.1298
2025-10-10 10:15:36,743 [INFO] Época 4/30, Batch 1400/3348, Loss: 0.1813
2025-10-10 10:15:37,006 [INFO] Época 4/30, Batch 1450/3348, Loss: 0.1792
2025-10-10 10:15:37,266 [INFO] Época 4/30, Batch 1500/3348, Loss: 0.2010
2025-10-10 10:15:37,526 [INFO] Época 4/30, Batch 1550/3348, Loss: 0.1465
2025-10-10 10:15:37,790 [INFO] Época 4/30, Batch 1600/3348, Loss: 0.0944
2025-10-10 10:15:38,050 [INFO] Época 4/30, Batch 1650/3348, Loss: 0.0736
2025-10-10 10:15:38,314 [INFO] Época 4/30, Batch 1700/3348, Loss: 0.1740
2025-10-10 10:15:38,577 [INFO] Época 4/30, Batch 1750/3348, Loss: 0.1814
2025-10-10 10:15:38,842 [INFO] Época 4/30, Batch 1800/3348, Loss: 0.2171
2025-10-10 10:15:39,105 [INFO] Época 4/30, Batch 1850/3348, Loss: 0.1517
2025-10-10 10:15:39,370 [INFO] Época 4/30, Batch 1900/3348, Loss: 0.1117
2025-10-10 10:15:39,635 [INFO] Época 4/30, Batch 1950/3348, Loss: 0.1086
2025-10-10 10:15:39,901 [INFO] Época 4/30, Batch 2000/3348, Loss: 0.1882
2025-10-10 10:15:40,175 [INFO] Época 4/30, Batch 2050/3348, Loss: 0.1471
2025-10-10 10:15:40,435 [INFO] Época 4/30, Batch 2100/3348, Loss: 0.1937
2025-10-10 10:15:40,698 [INFO] Época 4/30, Batch 2150/3348, Loss: 0.1038
2025-10-10 10:15:40,958 [INFO] Época 4/30, Batch 2200/3348, Loss: 0.1061
2025-10-10 10:15:41,220 [INFO] Época 4/30, Batch 2250/3348, Loss: 0.1500
2025-10-10 10:15:41,483 [INFO] Época 4/30, Batch 2300/3348, Loss: 0.0929
2025-10-10 10:15:41,746 [INFO] Época 4/30, Batch 2350/3348, Loss: 0.1504
2025-10-10 10:15:42,007 [INFO] Época 4/30, Batch 2400/3348, Loss: 0.1262
2025-10-10 10:15:42,270 [INFO] Época 4/30, Batch 2450/3348, Loss: 0.1292
2025-10-10 10:15:42,534 [INFO] Época 4/30, Batch 2500/3348, Loss: 0.1838
2025-10-10 10:15:42,797 [INFO] Época 4/30, Batch 2550/3348, Loss: 0.1225
2025-10-10 10:15:43,062 [INFO] Época 4/30, Batch 2600/3348, Loss: 0.1760
2025-10-10 10:15:43,328 [INFO] Época 4/30, Batch 2650/3348, Loss: 0.1051
2025-10-10 10:15:43,593 [INFO] Época 4/30, Batch 2700/3348, Loss: 0.0909
2025-10-10 10:15:43,860 [INFO] Época 4/30, Batch 2750/3348, Loss: 0.1202
2025-10-10 10:15:44,123 [INFO] Época 4/30, Batch 2800/3348, Loss: 0.1098
2025-10-10 10:15:44,387 [INFO] Época 4/30, Batch 2850/3348, Loss: 0.1208
2025-10-10 10:15:44,650 [INFO] Época 4/30, Batch 2900/3348, Loss: 0.1605
2025-10-10 10:15:44,915 [INFO] Época 4/30, Batch 2950/3348, Loss: 0.2308
2025-10-10 10:15:45,193 [INFO] Época 4/30, Batch 3000/3348, Loss: 0.0970
2025-10-10 10:15:45,457 [INFO] Época 4/30, Batch 3050/3348, Loss: 0.2184
2025-10-10 10:15:45,721 [INFO] Época 4/30, Batch 3100/3348, Loss: 0.1370
2025-10-10 10:15:45,984 [INFO] Época 4/30, Batch 3150/3348, Loss: 0.1459
2025-10-10 10:15:46,248 [INFO] Época 4/30, Batch 3200/3348, Loss: 0.1510
2025-10-10 10:15:46,511 [INFO] Época 4/30, Batch 3250/3348, Loss: 0.1435
2025-10-10 10:15:46,775 [INFO] Época 4/30, Batch 3300/3348, Loss: 0.0902
2025-10-10 10:15:48,648 [INFO] [4/30] Train Loss: 0.1495 | Val Loss: 0.2026 | Tempo: 19.61s
2025-10-10 10:15:49,229 [INFO] Época 5/30, Batch 50/3348, Loss: 0.1430
2025-10-10 10:15:49,497 [INFO] Época 5/30, Batch 100/3348, Loss: 0.1439
2025-10-10 10:15:49,762 [INFO] Época 5/30, Batch 150/3348, Loss: 0.1046
2025-10-10 10:15:50,028 [INFO] Época 5/30, Batch 200/3348, Loss: 0.1786
2025-10-10 10:15:50,303 [INFO] Época 5/30, Batch 250/3348, Loss: 0.0961
2025-10-10 10:15:50,568 [INFO] Época 5/30, Batch 300/3348, Loss: 0.1379
2025-10-10 10:15:50,832 [INFO] Época 5/30, Batch 350/3348, Loss: 0.1564
2025-10-10 10:15:51,096 [INFO] Época 5/30, Batch 400/3348, Loss: 0.2171
2025-10-10 10:15:51,360 [INFO] Época 5/30, Batch 450/3348, Loss: 0.0997
2025-10-10 10:15:51,624 [INFO] Época 5/30, Batch 500/3348, Loss: 0.1561
2025-10-10 10:15:51,886 [INFO] Época 5/30, Batch 550/3348, Loss: 0.1289
2025-10-10 10:15:52,150 [INFO] Época 5/30, Batch 600/3348, Loss: 0.1396
2025-10-10 10:15:52,416 [INFO] Época 5/30, Batch 650/3348, Loss: 0.1075
2025-10-10 10:15:52,677 [INFO] Época 5/30, Batch 700/3348, Loss: 0.1263
2025-10-10 10:15:52,943 [INFO] Época 5/30, Batch 750/3348, Loss: 0.1370
2025-10-10 10:15:53,205 [INFO] Época 5/30, Batch 800/3348, Loss: 0.1255
2025-10-10 10:15:53,469 [INFO] Época 5/30, Batch 850/3348, Loss: 0.1173
2025-10-10 10:15:53,731 [INFO] Época 5/30, Batch 900/3348, Loss: 0.0939
2025-10-10 10:15:53,994 [INFO] Época 5/30, Batch 950/3348, Loss: 0.1192
2025-10-10 10:15:54,250 [INFO] Época 5/30, Batch 1000/3348, Loss: 0.1269
2025-10-10 10:15:54,505 [INFO] Época 5/30, Batch 1050/3348, Loss: 0.1576
2025-10-10 10:15:54,760 [INFO] Época 5/30, Batch 1100/3348, Loss: 0.0932
2025-10-10 10:15:55,015 [INFO] Época 5/30, Batch 1150/3348, Loss: 0.1521
2025-10-10 10:15:55,274 [INFO] Época 5/30, Batch 1200/3348, Loss: 0.1550
2025-10-10 10:15:55,543 [INFO] Época 5/30, Batch 1250/3348, Loss: 0.1871
2025-10-10 10:15:55,806 [INFO] Época 5/30, Batch 1300/3348, Loss: 0.0996
2025-10-10 10:15:56,068 [INFO] Época 5/30, Batch 1350/3348, Loss: 0.1393
2025-10-10 10:15:56,329 [INFO] Época 5/30, Batch 1400/3348, Loss: 0.1022
2025-10-10 10:15:56,593 [INFO] Época 5/30, Batch 1450/3348, Loss: 0.1299
2025-10-10 10:15:56,857 [INFO] Época 5/30, Batch 1500/3348, Loss: 0.1070
2025-10-10 10:15:57,119 [INFO] Época 5/30, Batch 1550/3348, Loss: 0.1321
2025-10-10 10:15:57,383 [INFO] Época 5/30, Batch 1600/3348, Loss: 0.2547
2025-10-10 10:15:57,645 [INFO] Época 5/30, Batch 1650/3348, Loss: 0.1679
2025-10-10 10:15:57,910 [INFO] Época 5/30, Batch 1700/3348, Loss: 0.1430
2025-10-10 10:15:58,176 [INFO] Época 5/30, Batch 1750/3348, Loss: 0.3102
2025-10-10 10:15:58,441 [INFO] Época 5/30, Batch 1800/3348, Loss: 0.0795
2025-10-10 10:15:58,704 [INFO] Época 5/30, Batch 1850/3348, Loss: 0.1419
2025-10-10 10:15:58,966 [INFO] Época 5/30, Batch 1900/3348, Loss: 0.1625
2025-10-10 10:15:59,229 [INFO] Época 5/30, Batch 1950/3348, Loss: 0.0890
2025-10-10 10:15:59,491 [INFO] Época 5/30, Batch 2000/3348, Loss: 0.2952
2025-10-10 10:15:59,754 [INFO] Época 5/30, Batch 2050/3348, Loss: 0.1025
2025-10-10 10:16:00,018 [INFO] Época 5/30, Batch 2100/3348, Loss: 0.1961
2025-10-10 10:16:00,285 [INFO] Época 5/30, Batch 2150/3348, Loss: 0.2582
2025-10-10 10:16:00,562 [INFO] Época 5/30, Batch 2200/3348, Loss: 0.1631
2025-10-10 10:16:00,826 [INFO] Época 5/30, Batch 2250/3348, Loss: 0.1002
2025-10-10 10:16:01,090 [INFO] Época 5/30, Batch 2300/3348, Loss: 0.0870
2025-10-10 10:16:01,353 [INFO] Época 5/30, Batch 2350/3348, Loss: 0.1682
2025-10-10 10:16:01,615 [INFO] Época 5/30, Batch 2400/3348, Loss: 0.1601
2025-10-10 10:16:01,878 [INFO] Época 5/30, Batch 2450/3348, Loss: 0.1566
2025-10-10 10:16:02,142 [INFO] Época 5/30, Batch 2500/3348, Loss: 0.1264
2025-10-10 10:16:02,405 [INFO] Época 5/30, Batch 2550/3348, Loss: 0.0967
2025-10-10 10:16:02,665 [INFO] Época 5/30, Batch 2600/3348, Loss: 0.0968
2025-10-10 10:16:02,927 [INFO] Época 5/30, Batch 2650/3348, Loss: 0.1688
2025-10-10 10:16:03,188 [INFO] Época 5/30, Batch 2700/3348, Loss: 0.2256
2025-10-10 10:16:03,451 [INFO] Época 5/30, Batch 2750/3348, Loss: 0.1174
2025-10-10 10:16:03,714 [INFO] Época 5/30, Batch 2800/3348, Loss: 0.3192
2025-10-10 10:16:03,976 [INFO] Época 5/30, Batch 2850/3348, Loss: 0.1662
2025-10-10 10:16:04,239 [INFO] Época 5/30, Batch 2900/3348, Loss: 0.0742
2025-10-10 10:16:04,502 [INFO] Época 5/30, Batch 2950/3348, Loss: 0.1647
2025-10-10 10:16:04,764 [INFO] Época 5/30, Batch 3000/3348, Loss: 0.1840
2025-10-10 10:16:05,028 [INFO] Época 5/30, Batch 3050/3348, Loss: 0.1108
2025-10-10 10:16:05,292 [INFO] Época 5/30, Batch 3100/3348, Loss: 0.1015
2025-10-10 10:16:05,565 [INFO] Época 5/30, Batch 3150/3348, Loss: 0.0861
2025-10-10 10:16:05,826 [INFO] Época 5/30, Batch 3200/3348, Loss: 0.0951
2025-10-10 10:16:06,090 [INFO] Época 5/30, Batch 3250/3348, Loss: 0.1640
2025-10-10 10:16:06,352 [INFO] Época 5/30, Batch 3300/3348, Loss: 0.1408
2025-10-10 10:16:08,199 [INFO] [5/30] Train Loss: 0.1341 | Val Loss: 0.1832 | Tempo: 19.55s
2025-10-10 10:16:08,784 [INFO] Época 6/30, Batch 50/3348, Loss: 0.1176
2025-10-10 10:16:09,056 [INFO] Época 6/30, Batch 100/3348, Loss: 0.0998
2025-10-10 10:16:09,323 [INFO] Época 6/30, Batch 150/3348, Loss: 0.1068
2025-10-10 10:16:09,588 [INFO] Época 6/30, Batch 200/3348, Loss: 0.1191
2025-10-10 10:16:09,856 [INFO] Época 6/30, Batch 250/3348, Loss: 0.1085
2025-10-10 10:16:10,120 [INFO] Época 6/30, Batch 300/3348, Loss: 0.1146
2025-10-10 10:16:10,385 [INFO] Época 6/30, Batch 350/3348, Loss: 0.1292
2025-10-10 10:16:10,661 [INFO] Época 6/30, Batch 400/3348, Loss: 0.1090
2025-10-10 10:16:10,924 [INFO] Época 6/30, Batch 450/3348, Loss: 0.1164
2025-10-10 10:16:11,189 [INFO] Época 6/30, Batch 500/3348, Loss: 0.1226
2025-10-10 10:16:11,452 [INFO] Época 6/30, Batch 550/3348, Loss: 0.1353
2025-10-10 10:16:11,715 [INFO] Época 6/30, Batch 600/3348, Loss: 0.1580
2025-10-10 10:16:11,979 [INFO] Época 6/30, Batch 650/3348, Loss: 0.1211
2025-10-10 10:16:12,243 [INFO] Época 6/30, Batch 700/3348, Loss: 0.1314
2025-10-10 10:16:12,505 [INFO] Época 6/30, Batch 750/3348, Loss: 0.1025
2025-10-10 10:16:12,767 [INFO] Época 6/30, Batch 800/3348, Loss: 0.0630
2025-10-10 10:16:13,031 [INFO] Época 6/30, Batch 850/3348, Loss: 0.2085
2025-10-10 10:16:13,296 [INFO] Época 6/30, Batch 900/3348, Loss: 0.0497
2025-10-10 10:16:13,559 [INFO] Época 6/30, Batch 950/3348, Loss: 0.1268
2025-10-10 10:16:13,823 [INFO] Época 6/30, Batch 1000/3348, Loss: 0.0955
2025-10-10 10:16:14,083 [INFO] Época 6/30, Batch 1050/3348, Loss: 0.0896
2025-10-10 10:16:14,339 [INFO] Época 6/30, Batch 1100/3348, Loss: 0.1242
2025-10-10 10:16:14,599 [INFO] Época 6/30, Batch 1150/3348, Loss: 0.1103
2025-10-10 10:16:14,861 [INFO] Época 6/30, Batch 1200/3348, Loss: 0.0690
2025-10-10 10:16:15,123 [INFO] Época 6/30, Batch 1250/3348, Loss: 0.1238
2025-10-10 10:16:15,387 [INFO] Época 6/30, Batch 1300/3348, Loss: 0.1225
2025-10-10 10:16:15,661 [INFO] Época 6/30, Batch 1350/3348, Loss: 0.1247
2025-10-10 10:16:15,923 [INFO] Época 6/30, Batch 1400/3348, Loss: 0.1725
2025-10-10 10:16:16,184 [INFO] Época 6/30, Batch 1450/3348, Loss: 0.1740
2025-10-10 10:16:16,446 [INFO] Época 6/30, Batch 1500/3348, Loss: 0.1010
2025-10-10 10:16:16,710 [INFO] Época 6/30, Batch 1550/3348, Loss: 0.1773
2025-10-10 10:16:16,971 [INFO] Época 6/30, Batch 1600/3348, Loss: 0.0755
2025-10-10 10:16:17,233 [INFO] Época 6/30, Batch 1650/3348, Loss: 0.1289
2025-10-10 10:16:17,495 [INFO] Época 6/30, Batch 1700/3348, Loss: 0.1508
2025-10-10 10:16:17,764 [INFO] Época 6/30, Batch 1750/3348, Loss: 0.1403
2025-10-10 10:16:18,041 [INFO] Época 6/30, Batch 1800/3348, Loss: 0.0754
2025-10-10 10:16:18,317 [INFO] Época 6/30, Batch 1850/3348, Loss: 0.1441
2025-10-10 10:16:18,588 [INFO] Época 6/30, Batch 1900/3348, Loss: 0.1795
2025-10-10 10:16:18,850 [INFO] Época 6/30, Batch 1950/3348, Loss: 0.1271
2025-10-10 10:16:19,113 [INFO] Época 6/30, Batch 2000/3348, Loss: 0.1337
2025-10-10 10:16:19,376 [INFO] Época 6/30, Batch 2050/3348, Loss: 0.0903
2025-10-10 10:16:19,639 [INFO] Época 6/30, Batch 2100/3348, Loss: 0.0872
2025-10-10 10:16:19,900 [INFO] Época 6/30, Batch 2150/3348, Loss: 0.1267
2025-10-10 10:16:20,162 [INFO] Época 6/30, Batch 2200/3348, Loss: 0.1006
2025-10-10 10:16:20,424 [INFO] Época 6/30, Batch 2250/3348, Loss: 0.1032
2025-10-10 10:16:20,699 [INFO] Época 6/30, Batch 2300/3348, Loss: 0.1009
2025-10-10 10:16:20,959 [INFO] Época 6/30, Batch 2350/3348, Loss: 0.0985
2025-10-10 10:16:21,219 [INFO] Época 6/30, Batch 2400/3348, Loss: 0.1861
2025-10-10 10:16:21,482 [INFO] Época 6/30, Batch 2450/3348, Loss: 0.1341
2025-10-10 10:16:21,744 [INFO] Época 6/30, Batch 2500/3348, Loss: 0.1505
2025-10-10 10:16:22,007 [INFO] Época 6/30, Batch 2550/3348, Loss: 0.1384
2025-10-10 10:16:22,268 [INFO] Época 6/30, Batch 2600/3348, Loss: 0.1191
2025-10-10 10:16:22,530 [INFO] Época 6/30, Batch 2650/3348, Loss: 0.1109
2025-10-10 10:16:22,792 [INFO] Época 6/30, Batch 2700/3348, Loss: 0.0961
2025-10-10 10:16:23,055 [INFO] Época 6/30, Batch 2750/3348, Loss: 0.1051
2025-10-10 10:16:23,317 [INFO] Época 6/30, Batch 2800/3348, Loss: 0.0927
2025-10-10 10:16:23,579 [INFO] Época 6/30, Batch 2850/3348, Loss: 0.0819
2025-10-10 10:16:23,840 [INFO] Época 6/30, Batch 2900/3348, Loss: 0.1098
2025-10-10 10:16:24,103 [INFO] Época 6/30, Batch 2950/3348, Loss: 0.1366
2025-10-10 10:16:24,364 [INFO] Época 6/30, Batch 3000/3348, Loss: 0.1075
2025-10-10 10:16:24,628 [INFO] Época 6/30, Batch 3050/3348, Loss: 0.1125
2025-10-10 10:16:24,891 [INFO] Época 6/30, Batch 3100/3348, Loss: 0.0696
2025-10-10 10:16:25,151 [INFO] Época 6/30, Batch 3150/3348, Loss: 0.0782
2025-10-10 10:16:25,411 [INFO] Época 6/30, Batch 3200/3348, Loss: 0.1178
2025-10-10 10:16:25,672 [INFO] Época 6/30, Batch 3250/3348, Loss: 0.1529
2025-10-10 10:16:25,942 [INFO] Época 6/30, Batch 3300/3348, Loss: 0.0964
2025-10-10 10:16:27,727 [INFO] [6/30] Train Loss: 0.1242 | Val Loss: 0.1845 | Tempo: 19.53s
2025-10-10 10:16:28,301 [INFO] Época 7/30, Batch 50/3348, Loss: 0.1140
2025-10-10 10:16:28,574 [INFO] Época 7/30, Batch 100/3348, Loss: 0.1345
2025-10-10 10:16:28,854 [INFO] Época 7/30, Batch 150/3348, Loss: 0.0813
2025-10-10 10:16:29,124 [INFO] Época 7/30, Batch 200/3348, Loss: 0.0828
2025-10-10 10:16:29,389 [INFO] Época 7/30, Batch 250/3348, Loss: 0.0939
2025-10-10 10:16:29,656 [INFO] Época 7/30, Batch 300/3348, Loss: 0.1673
2025-10-10 10:16:29,925 [INFO] Época 7/30, Batch 350/3348, Loss: 0.1044
2025-10-10 10:16:30,192 [INFO] Época 7/30, Batch 400/3348, Loss: 0.0720
2025-10-10 10:16:30,457 [INFO] Época 7/30, Batch 450/3348, Loss: 0.0691
2025-10-10 10:16:30,721 [INFO] Época 7/30, Batch 500/3348, Loss: 0.1905
2025-10-10 10:16:30,999 [INFO] Época 7/30, Batch 550/3348, Loss: 0.1261
2025-10-10 10:16:31,262 [INFO] Época 7/30, Batch 600/3348, Loss: 0.0922
2025-10-10 10:16:31,526 [INFO] Época 7/30, Batch 650/3348, Loss: 0.1364
2025-10-10 10:16:31,781 [INFO] Época 7/30, Batch 700/3348, Loss: 0.1314
2025-10-10 10:16:32,037 [INFO] Época 7/30, Batch 750/3348, Loss: 0.1524
2025-10-10 10:16:32,294 [INFO] Época 7/30, Batch 800/3348, Loss: 0.1434
2025-10-10 10:16:32,556 [INFO] Época 7/30, Batch 850/3348, Loss: 0.1307
2025-10-10 10:16:32,820 [INFO] Época 7/30, Batch 900/3348, Loss: 0.0906
2025-10-10 10:16:33,085 [INFO] Época 7/30, Batch 950/3348, Loss: 0.0805
2025-10-10 10:16:33,349 [INFO] Época 7/30, Batch 1000/3348, Loss: 0.1295
2025-10-10 10:16:33,614 [INFO] Época 7/30, Batch 1050/3348, Loss: 0.1018
2025-10-10 10:16:33,880 [INFO] Época 7/30, Batch 1100/3348, Loss: 0.0912
2025-10-10 10:16:34,145 [INFO] Época 7/30, Batch 1150/3348, Loss: 0.1119
2025-10-10 10:16:34,408 [INFO] Época 7/30, Batch 1200/3348, Loss: 0.0991
2025-10-10 10:16:34,672 [INFO] Época 7/30, Batch 1250/3348, Loss: 0.1268
2025-10-10 10:16:34,939 [INFO] Época 7/30, Batch 1300/3348, Loss: 0.1370
2025-10-10 10:16:35,205 [INFO] Época 7/30, Batch 1350/3348, Loss: 0.0900
2025-10-10 10:16:35,470 [INFO] Época 7/30, Batch 1400/3348, Loss: 0.0696
2025-10-10 10:16:35,737 [INFO] Época 7/30, Batch 1450/3348, Loss: 0.1535
2025-10-10 10:16:36,014 [INFO] Época 7/30, Batch 1500/3348, Loss: 0.1596
2025-10-10 10:16:36,281 [INFO] Época 7/30, Batch 1550/3348, Loss: 0.1204
2025-10-10 10:16:36,545 [INFO] Época 7/30, Batch 1600/3348, Loss: 0.0828
2025-10-10 10:16:36,811 [INFO] Época 7/30, Batch 1650/3348, Loss: 0.1025
2025-10-10 10:16:37,076 [INFO] Época 7/30, Batch 1700/3348, Loss: 0.0910
2025-10-10 10:16:37,341 [INFO] Época 7/30, Batch 1750/3348, Loss: 0.0814
2025-10-10 10:16:37,608 [INFO] Época 7/30, Batch 1800/3348, Loss: 0.1724
2025-10-10 10:16:37,875 [INFO] Época 7/30, Batch 1850/3348, Loss: 0.1364
2025-10-10 10:16:38,142 [INFO] Época 7/30, Batch 1900/3348, Loss: 0.1173
2025-10-10 10:16:38,409 [INFO] Época 7/30, Batch 1950/3348, Loss: 0.0988
2025-10-10 10:16:38,675 [INFO] Época 7/30, Batch 2000/3348, Loss: 0.0966
2025-10-10 10:16:38,939 [INFO] Época 7/30, Batch 2050/3348, Loss: 0.0978
2025-10-10 10:16:39,206 [INFO] Época 7/30, Batch 2100/3348, Loss: 0.0773
2025-10-10 10:16:39,470 [INFO] Época 7/30, Batch 2150/3348, Loss: 0.1202
2025-10-10 10:16:39,737 [INFO] Época 7/30, Batch 2200/3348, Loss: 0.0644
2025-10-10 10:16:40,003 [INFO] Época 7/30, Batch 2250/3348, Loss: 0.0751
2025-10-10 10:16:40,267 [INFO] Época 7/30, Batch 2300/3348, Loss: 0.1135
2025-10-10 10:16:40,535 [INFO] Época 7/30, Batch 2350/3348, Loss: 0.0752
2025-10-10 10:16:40,802 [INFO] Época 7/30, Batch 2400/3348, Loss: 0.1073
2025-10-10 10:16:41,079 [INFO] Época 7/30, Batch 2450/3348, Loss: 0.1253
2025-10-10 10:16:41,345 [INFO] Época 7/30, Batch 2500/3348, Loss: 0.1556
2025-10-10 10:16:41,618 [INFO] Época 7/30, Batch 2550/3348, Loss: 0.1338
2025-10-10 10:16:41,896 [INFO] Época 7/30, Batch 2600/3348, Loss: 0.1501
2025-10-10 10:16:42,173 [INFO] Época 7/30, Batch 2650/3348, Loss: 0.0843
2025-10-10 10:16:42,450 [INFO] Época 7/30, Batch 2700/3348, Loss: 0.0708
2025-10-10 10:16:42,721 [INFO] Época 7/30, Batch 2750/3348, Loss: 0.1284
2025-10-10 10:16:42,984 [INFO] Época 7/30, Batch 2800/3348, Loss: 0.1707
2025-10-10 10:16:43,251 [INFO] Época 7/30, Batch 2850/3348, Loss: 0.0789
2025-10-10 10:16:43,525 [INFO] Época 7/30, Batch 2900/3348, Loss: 0.0842
2025-10-10 10:16:43,795 [INFO] Época 7/30, Batch 2950/3348, Loss: 0.1125
2025-10-10 10:16:44,059 [INFO] Época 7/30, Batch 3000/3348, Loss: 0.1712
2025-10-10 10:16:44,329 [INFO] Época 7/30, Batch 3050/3348, Loss: 0.1274
2025-10-10 10:16:44,608 [INFO] Época 7/30, Batch 3100/3348, Loss: 0.1163
2025-10-10 10:16:44,876 [INFO] Época 7/30, Batch 3150/3348, Loss: 0.1271
2025-10-10 10:16:45,141 [INFO] Época 7/30, Batch 3200/3348, Loss: 0.1076
2025-10-10 10:16:45,407 [INFO] Época 7/30, Batch 3250/3348, Loss: 0.1006
2025-10-10 10:16:45,674 [INFO] Época 7/30, Batch 3300/3348, Loss: 0.1354
2025-10-10 10:16:47,444 [INFO] [7/30] Train Loss: 0.1147 | Val Loss: 0.1756 | Tempo: 19.72s
2025-10-10 10:16:48,015 [INFO] Época 8/30, Batch 50/3348, Loss: 0.0864
2025-10-10 10:16:48,285 [INFO] Época 8/30, Batch 100/3348, Loss: 0.1566
2025-10-10 10:16:48,553 [INFO] Época 8/30, Batch 150/3348, Loss: 0.1084
2025-10-10 10:16:48,817 [INFO] Época 8/30, Batch 200/3348, Loss: 0.1155
2025-10-10 10:16:49,080 [INFO] Época 8/30, Batch 250/3348, Loss: 0.1868
2025-10-10 10:16:49,344 [INFO] Época 8/30, Batch 300/3348, Loss: 0.1184
2025-10-10 10:16:49,609 [INFO] Época 8/30, Batch 350/3348, Loss: 0.1048
2025-10-10 10:16:49,874 [INFO] Época 8/30, Batch 400/3348, Loss: 0.0849
2025-10-10 10:16:50,137 [INFO] Época 8/30, Batch 450/3348, Loss: 0.0726
2025-10-10 10:16:50,399 [INFO] Época 8/30, Batch 500/3348, Loss: 0.1205
2025-10-10 10:16:50,662 [INFO] Época 8/30, Batch 550/3348, Loss: 0.0939
2025-10-10 10:16:50,927 [INFO] Época 8/30, Batch 600/3348, Loss: 0.0751
2025-10-10 10:16:51,192 [INFO] Época 8/30, Batch 650/3348, Loss: 0.1377
2025-10-10 10:16:51,453 [INFO] Época 8/30, Batch 700/3348, Loss: 0.1140
2025-10-10 10:16:51,716 [INFO] Época 8/30, Batch 750/3348, Loss: 0.0836
2025-10-10 10:16:51,979 [INFO] Época 8/30, Batch 800/3348, Loss: 0.1234
2025-10-10 10:16:52,242 [INFO] Época 8/30, Batch 850/3348, Loss: 0.1059
2025-10-10 10:16:52,504 [INFO] Época 8/30, Batch 900/3348, Loss: 0.0972
2025-10-10 10:16:52,769 [INFO] Época 8/30, Batch 950/3348, Loss: 0.0910
2025-10-10 10:16:53,031 [INFO] Época 8/30, Batch 1000/3348, Loss: 0.2150
2025-10-10 10:16:53,293 [INFO] Época 8/30, Batch 1050/3348, Loss: 0.1076
2025-10-10 10:16:53,556 [INFO] Época 8/30, Batch 1100/3348, Loss: 0.1485
2025-10-10 10:16:53,820 [INFO] Época 8/30, Batch 1150/3348, Loss: 0.1161
2025-10-10 10:16:54,085 [INFO] Época 8/30, Batch 1200/3348, Loss: 0.1386
2025-10-10 10:16:54,347 [INFO] Época 8/30, Batch 1250/3348, Loss: 0.0460
2025-10-10 10:16:54,608 [INFO] Época 8/30, Batch 1300/3348, Loss: 0.1005
2025-10-10 10:16:54,874 [INFO] Época 8/30, Batch 1350/3348, Loss: 0.1204
2025-10-10 10:16:55,138 [INFO] Época 8/30, Batch 1400/3348, Loss: 0.1280
2025-10-10 10:16:55,400 [INFO] Época 8/30, Batch 1450/3348, Loss: 0.0755
2025-10-10 10:16:55,665 [INFO] Época 8/30, Batch 1500/3348, Loss: 0.1223
2025-10-10 10:16:55,928 [INFO] Época 8/30, Batch 1550/3348, Loss: 0.0825
2025-10-10 10:16:56,191 [INFO] Época 8/30, Batch 1600/3348, Loss: 0.0944
2025-10-10 10:16:56,452 [INFO] Época 8/30, Batch 1650/3348, Loss: 0.1125
2025-10-10 10:16:56,713 [INFO] Época 8/30, Batch 1700/3348, Loss: 0.0967
2025-10-10 10:16:56,978 [INFO] Época 8/30, Batch 1750/3348, Loss: 0.0916
2025-10-10 10:16:57,241 [INFO] Época 8/30, Batch 1800/3348, Loss: 0.0592
2025-10-10 10:16:57,503 [INFO] Época 8/30, Batch 1850/3348, Loss: 0.0593
2025-10-10 10:16:57,766 [INFO] Época 8/30, Batch 1900/3348, Loss: 0.1405
2025-10-10 10:16:58,039 [INFO] Época 8/30, Batch 1950/3348, Loss: 0.1487
2025-10-10 10:16:58,301 [INFO] Época 8/30, Batch 2000/3348, Loss: 0.1147
2025-10-10 10:16:58,562 [INFO] Época 8/30, Batch 2050/3348, Loss: 0.1036
2025-10-10 10:16:58,825 [INFO] Época 8/30, Batch 2100/3348, Loss: 0.1183
2025-10-10 10:16:59,087 [INFO] Época 8/30, Batch 2150/3348, Loss: 0.1324
2025-10-10 10:16:59,351 [INFO] Época 8/30, Batch 2200/3348, Loss: 0.0555
2025-10-10 10:16:59,616 [INFO] Época 8/30, Batch 2250/3348, Loss: 0.0966
2025-10-10 10:16:59,877 [INFO] Época 8/30, Batch 2300/3348, Loss: 0.1006
2025-10-10 10:17:00,141 [INFO] Época 8/30, Batch 2350/3348, Loss: 0.1747
2025-10-10 10:17:00,403 [INFO] Época 8/30, Batch 2400/3348, Loss: 0.0796
2025-10-10 10:17:00,665 [INFO] Época 8/30, Batch 2450/3348, Loss: 0.0913
2025-10-10 10:17:00,927 [INFO] Época 8/30, Batch 2500/3348, Loss: 0.1242
2025-10-10 10:17:01,190 [INFO] Época 8/30, Batch 2550/3348, Loss: 0.2006
2025-10-10 10:17:01,453 [INFO] Época 8/30, Batch 2600/3348, Loss: 0.0930
2025-10-10 10:17:01,716 [INFO] Época 8/30, Batch 2650/3348, Loss: 0.1274
2025-10-10 10:17:01,979 [INFO] Época 8/30, Batch 2700/3348, Loss: 0.1072
2025-10-10 10:17:02,240 [INFO] Época 8/30, Batch 2750/3348, Loss: 0.0793
2025-10-10 10:17:02,503 [INFO] Época 8/30, Batch 2800/3348, Loss: 0.1658
2025-10-10 10:17:02,766 [INFO] Época 8/30, Batch 2850/3348, Loss: 0.1114
2025-10-10 10:17:03,040 [INFO] Época 8/30, Batch 2900/3348, Loss: 0.1321
2025-10-10 10:17:03,306 [INFO] Época 8/30, Batch 2950/3348, Loss: 0.1045
2025-10-10 10:17:03,569 [INFO] Época 8/30, Batch 3000/3348, Loss: 0.0954
2025-10-10 10:17:03,834 [INFO] Época 8/30, Batch 3050/3348, Loss: 0.0750
2025-10-10 10:17:04,100 [INFO] Época 8/30, Batch 3100/3348, Loss: 0.0338
2025-10-10 10:17:04,366 [INFO] Época 8/30, Batch 3150/3348, Loss: 0.0806
2025-10-10 10:17:04,631 [INFO] Época 8/30, Batch 3200/3348, Loss: 0.0966
2025-10-10 10:17:04,895 [INFO] Época 8/30, Batch 3250/3348, Loss: 0.0807
2025-10-10 10:17:05,159 [INFO] Época 8/30, Batch 3300/3348, Loss: 0.0752
2025-10-10 10:17:07,091 [INFO] [8/30] Train Loss: 0.1083 | Val Loss: 0.1854 | Tempo: 19.65s
2025-10-10 10:17:07,670 [INFO] Época 9/30, Batch 50/3348, Loss: 0.1097
2025-10-10 10:17:07,939 [INFO] Época 9/30, Batch 100/3348, Loss: 0.1447
2025-10-10 10:17:08,205 [INFO] Época 9/30, Batch 150/3348, Loss: 0.0959
2025-10-10 10:17:08,472 [INFO] Época 9/30, Batch 200/3348, Loss: 0.0911
2025-10-10 10:17:08,737 [INFO] Época 9/30, Batch 250/3348, Loss: 0.0919
2025-10-10 10:17:09,002 [INFO] Época 9/30, Batch 300/3348, Loss: 0.1180
2025-10-10 10:17:09,267 [INFO] Época 9/30, Batch 350/3348, Loss: 0.1271
2025-10-10 10:17:09,530 [INFO] Época 9/30, Batch 400/3348, Loss: 0.1546
2025-10-10 10:17:09,793 [INFO] Época 9/30, Batch 450/3348, Loss: 0.1150
2025-10-10 10:17:10,055 [INFO] Época 9/30, Batch 500/3348, Loss: 0.0971
2025-10-10 10:17:10,319 [INFO] Época 9/30, Batch 550/3348, Loss: 0.1195
2025-10-10 10:17:10,583 [INFO] Época 9/30, Batch 600/3348, Loss: 0.0516
2025-10-10 10:17:10,844 [INFO] Época 9/30, Batch 650/3348, Loss: 0.0902
2025-10-10 10:17:11,126 [INFO] Época 9/30, Batch 700/3348, Loss: 0.0996
2025-10-10 10:17:11,411 [INFO] Época 9/30, Batch 750/3348, Loss: 0.1368
2025-10-10 10:17:11,687 [INFO] Época 9/30, Batch 800/3348, Loss: 0.0475
2025-10-10 10:17:11,948 [INFO] Época 9/30, Batch 850/3348, Loss: 0.1116
2025-10-10 10:17:12,209 [INFO] Época 9/30, Batch 900/3348, Loss: 0.1389
2025-10-10 10:17:12,471 [INFO] Época 9/30, Batch 950/3348, Loss: 0.1332
2025-10-10 10:17:12,732 [INFO] Época 9/30, Batch 1000/3348, Loss: 0.1425
2025-10-10 10:17:12,993 [INFO] Época 9/30, Batch 1050/3348, Loss: 0.1210
2025-10-10 10:17:13,265 [INFO] Época 9/30, Batch 1100/3348, Loss: 0.0672
2025-10-10 10:17:13,527 [INFO] Época 9/30, Batch 1150/3348, Loss: 0.1045
2025-10-10 10:17:13,790 [INFO] Época 9/30, Batch 1200/3348, Loss: 0.1146
2025-10-10 10:17:14,051 [INFO] Época 9/30, Batch 1250/3348, Loss: 0.0643
2025-10-10 10:17:14,312 [INFO] Época 9/30, Batch 1300/3348, Loss: 0.1424
2025-10-10 10:17:14,572 [INFO] Época 9/30, Batch 1350/3348, Loss: 0.0697
2025-10-10 10:17:14,835 [INFO] Época 9/30, Batch 1400/3348, Loss: 0.1348
2025-10-10 10:17:15,097 [INFO] Época 9/30, Batch 1450/3348, Loss: 0.0725
2025-10-10 10:17:15,366 [INFO] Época 9/30, Batch 1500/3348, Loss: 0.1562
2025-10-10 10:17:15,637 [INFO] Época 9/30, Batch 1550/3348, Loss: 0.0702
2025-10-10 10:17:15,907 [INFO] Época 9/30, Batch 1600/3348, Loss: 0.0548
2025-10-10 10:17:16,179 [INFO] Época 9/30, Batch 1650/3348, Loss: 0.0874
2025-10-10 10:17:16,449 [INFO] Época 9/30, Batch 1700/3348, Loss: 0.1209
2025-10-10 10:17:16,720 [INFO] Época 9/30, Batch 1750/3348, Loss: 0.0668
2025-10-10 10:17:16,993 [INFO] Época 9/30, Batch 1800/3348, Loss: 0.1034
2025-10-10 10:17:17,265 [INFO] Época 9/30, Batch 1850/3348, Loss: 0.0643
2025-10-10 10:17:17,539 [INFO] Época 9/30, Batch 1900/3348, Loss: 0.0784
2025-10-10 10:17:17,810 [INFO] Época 9/30, Batch 1950/3348, Loss: 0.0949
2025-10-10 10:17:18,084 [INFO] Época 9/30, Batch 2000/3348, Loss: 0.1644
2025-10-10 10:17:18,366 [INFO] Época 9/30, Batch 2050/3348, Loss: 0.1130
2025-10-10 10:17:18,635 [INFO] Época 9/30, Batch 2100/3348, Loss: 0.0747
2025-10-10 10:17:18,905 [INFO] Época 9/30, Batch 2150/3348, Loss: 0.1211
2025-10-10 10:17:19,175 [INFO] Época 9/30, Batch 2200/3348, Loss: 0.0974
2025-10-10 10:17:19,443 [INFO] Época 9/30, Batch 2250/3348, Loss: 0.1154
2025-10-10 10:17:19,713 [INFO] Época 9/30, Batch 2300/3348, Loss: 0.0967
2025-10-10 10:17:19,984 [INFO] Época 9/30, Batch 2350/3348, Loss: 0.0831
2025-10-10 10:17:20,255 [INFO] Época 9/30, Batch 2400/3348, Loss: 0.1767
2025-10-10 10:17:20,524 [INFO] Época 9/30, Batch 2450/3348, Loss: 0.1361
2025-10-10 10:17:20,791 [INFO] Época 9/30, Batch 2500/3348, Loss: 0.0405
2025-10-10 10:17:21,051 [INFO] Época 9/30, Batch 2550/3348, Loss: 0.0874
2025-10-10 10:17:21,311 [INFO] Época 9/30, Batch 2600/3348, Loss: 0.1120
2025-10-10 10:17:21,571 [INFO] Época 9/30, Batch 2650/3348, Loss: 0.0632
2025-10-10 10:17:21,829 [INFO] Época 9/30, Batch 2700/3348, Loss: 0.1201
2025-10-10 10:17:22,092 [INFO] Época 9/30, Batch 2750/3348, Loss: 0.0950
2025-10-10 10:17:22,354 [INFO] Época 9/30, Batch 2800/3348, Loss: 0.1169
2025-10-10 10:17:22,614 [INFO] Época 9/30, Batch 2850/3348, Loss: 0.1058
2025-10-10 10:17:22,876 [INFO] Época 9/30, Batch 2900/3348, Loss: 0.1653
2025-10-10 10:17:23,134 [INFO] Época 9/30, Batch 2950/3348, Loss: 0.0749
2025-10-10 10:17:23,397 [INFO] Época 9/30, Batch 3000/3348, Loss: 0.0967
2025-10-10 10:17:23,658 [INFO] Época 9/30, Batch 3050/3348, Loss: 0.1500
2025-10-10 10:17:23,916 [INFO] Época 9/30, Batch 3100/3348, Loss: 0.1266
2025-10-10 10:17:24,174 [INFO] Época 9/30, Batch 3150/3348, Loss: 0.0465
2025-10-10 10:17:24,433 [INFO] Época 9/30, Batch 3200/3348, Loss: 0.0855
2025-10-10 10:17:24,692 [INFO] Época 9/30, Batch 3250/3348, Loss: 0.1128
2025-10-10 10:17:24,954 [INFO] Época 9/30, Batch 3300/3348, Loss: 0.1641
2025-10-10 10:17:26,697 [INFO] [9/30] Train Loss: 0.1040 | Val Loss: 0.1300 | Tempo: 19.61s
2025-10-10 10:17:26,703 [INFO] Melhor modelo salvo em: /mnt/hdd/home/jdurao/ToolBox-ChemXAI/models/mlp_qm9_Topological_att12_large.pth
2025-10-10 10:17:27,272 [INFO] Época 10/30, Batch 50/3348, Loss: 0.0729
2025-10-10 10:17:27,540 [INFO] Época 10/30, Batch 100/3348, Loss: 0.1244
2025-10-10 10:17:27,805 [INFO] Época 10/30, Batch 150/3348, Loss: 0.0554
2025-10-10 10:17:28,068 [INFO] Época 10/30, Batch 200/3348, Loss: 0.1029
2025-10-10 10:17:28,333 [INFO] Época 10/30, Batch 250/3348, Loss: 0.0800
2025-10-10 10:17:28,611 [INFO] Época 10/30, Batch 300/3348, Loss: 0.1625
2025-10-10 10:17:28,875 [INFO] Época 10/30, Batch 350/3348, Loss: 0.1455
2025-10-10 10:17:29,138 [INFO] Época 10/30, Batch 400/3348, Loss: 0.0860
2025-10-10 10:17:29,399 [INFO] Época 10/30, Batch 450/3348, Loss: 0.0799
2025-10-10 10:17:29,660 [INFO] Época 10/30, Batch 500/3348, Loss: 0.0606
2025-10-10 10:17:29,921 [INFO] Época 10/30, Batch 550/3348, Loss: 0.1675
2025-10-10 10:17:30,181 [INFO] Época 10/30, Batch 600/3348, Loss: 0.1333
2025-10-10 10:17:30,443 [INFO] Época 10/30, Batch 650/3348, Loss: 0.1223
2025-10-10 10:17:30,706 [INFO] Época 10/30, Batch 700/3348, Loss: 0.0542
2025-10-10 10:17:30,971 [INFO] Época 10/30, Batch 750/3348, Loss: 0.1646
2025-10-10 10:17:31,236 [INFO] Época 10/30, Batch 800/3348, Loss: 0.1402
2025-10-10 10:17:31,494 [INFO] Época 10/30, Batch 850/3348, Loss: 0.0620
2025-10-10 10:17:31,767 [INFO] Época 10/30, Batch 900/3348, Loss: 0.0709
2025-10-10 10:17:32,034 [INFO] Época 10/30, Batch 950/3348, Loss: 0.1097
2025-10-10 10:17:32,291 [INFO] Época 10/30, Batch 1000/3348, Loss: 0.0535
2025-10-10 10:17:32,546 [INFO] Época 10/30, Batch 1050/3348, Loss: 0.1182
2025-10-10 10:17:32,801 [INFO] Época 10/30, Batch 1100/3348, Loss: 0.1377
2025-10-10 10:17:33,055 [INFO] Época 10/30, Batch 1150/3348, Loss: 0.1394
2025-10-10 10:17:33,308 [INFO] Época 10/30, Batch 1200/3348, Loss: 0.0898
2025-10-10 10:17:33,563 [INFO] Época 10/30, Batch 1250/3348, Loss: 0.0902
2025-10-10 10:17:33,837 [INFO] Época 10/30, Batch 1300/3348, Loss: 0.0862
2025-10-10 10:17:34,100 [INFO] Época 10/30, Batch 1350/3348, Loss: 0.1163
2025-10-10 10:17:34,361 [INFO] Época 10/30, Batch 1400/3348, Loss: 0.1270
2025-10-10 10:17:34,622 [INFO] Época 10/30, Batch 1450/3348, Loss: 0.1035
2025-10-10 10:17:34,883 [INFO] Época 10/30, Batch 1500/3348, Loss: 0.1192
2025-10-10 10:17:35,146 [INFO] Época 10/30, Batch 1550/3348, Loss: 0.1760
2025-10-10 10:17:35,411 [INFO] Época 10/30, Batch 1600/3348, Loss: 0.0694
2025-10-10 10:17:35,675 [INFO] Época 10/30, Batch 1650/3348, Loss: 0.0741
2025-10-10 10:17:35,938 [INFO] Época 10/30, Batch 1700/3348, Loss: 0.0982
2025-10-10 10:17:36,199 [INFO] Época 10/30, Batch 1750/3348, Loss: 0.0821
2025-10-10 10:17:36,461 [INFO] Época 10/30, Batch 1800/3348, Loss: 0.0600
2025-10-10 10:17:36,727 [INFO] Época 10/30, Batch 1850/3348, Loss: 0.0998
2025-10-10 10:17:36,991 [INFO] Época 10/30, Batch 1900/3348, Loss: 0.0718
2025-10-10 10:17:37,255 [INFO] Época 10/30, Batch 1950/3348, Loss: 0.0586
2025-10-10 10:17:37,516 [INFO] Época 10/30, Batch 2000/3348, Loss: 0.1023
2025-10-10 10:17:37,778 [INFO] Época 10/30, Batch 2050/3348, Loss: 0.1127
2025-10-10 10:17:38,041 [INFO] Época 10/30, Batch 2100/3348, Loss: 0.1587
2025-10-10 10:17:38,306 [INFO] Época 10/30, Batch 2150/3348, Loss: 0.1223
2025-10-10 10:17:38,570 [INFO] Época 10/30, Batch 2200/3348, Loss: 0.1175
2025-10-10 10:17:38,843 [INFO] Época 10/30, Batch 2250/3348, Loss: 0.1615
2025-10-10 10:17:39,106 [INFO] Época 10/30, Batch 2300/3348, Loss: 0.1228
2025-10-10 10:17:39,369 [INFO] Época 10/30, Batch 2350/3348, Loss: 0.0600
2025-10-10 10:17:39,630 [INFO] Época 10/30, Batch 2400/3348, Loss: 0.1361
2025-10-10 10:17:39,893 [INFO] Época 10/30, Batch 2450/3348, Loss: 0.0835
2025-10-10 10:17:40,153 [INFO] Época 10/30, Batch 2500/3348, Loss: 0.0932
2025-10-10 10:17:40,417 [INFO] Época 10/30, Batch 2550/3348, Loss: 0.1191
2025-10-10 10:17:40,679 [INFO] Época 10/30, Batch 2600/3348, Loss: 0.0943
2025-10-10 10:17:40,943 [INFO] Época 10/30, Batch 2650/3348, Loss: 0.1029
2025-10-10 10:17:41,205 [INFO] Época 10/30, Batch 2700/3348, Loss: 0.0657
2025-10-10 10:17:41,467 [INFO] Época 10/30, Batch 2750/3348, Loss: 0.0569
2025-10-10 10:17:41,727 [INFO] Época 10/30, Batch 2800/3348, Loss: 0.1028
2025-10-10 10:17:41,988 [INFO] Época 10/30, Batch 2850/3348, Loss: 0.0470
2025-10-10 10:17:42,249 [INFO] Época 10/30, Batch 2900/3348, Loss: 0.0695
2025-10-10 10:17:42,513 [INFO] Época 10/30, Batch 2950/3348, Loss: 0.1239
2025-10-10 10:17:42,775 [INFO] Época 10/30, Batch 3000/3348, Loss: 0.0937
2025-10-10 10:17:43,037 [INFO] Época 10/30, Batch 3050/3348, Loss: 0.0858
2025-10-10 10:17:43,299 [INFO] Época 10/30, Batch 3100/3348, Loss: 0.0664
2025-10-10 10:17:43,560 [INFO] Época 10/30, Batch 3150/3348, Loss: 0.1080
2025-10-10 10:17:43,823 [INFO] Época 10/30, Batch 3200/3348, Loss: 0.1230
2025-10-10 10:17:44,092 [INFO] Época 10/30, Batch 3250/3348, Loss: 0.1141
2025-10-10 10:17:44,353 [INFO] Época 10/30, Batch 3300/3348, Loss: 0.0662
2025-10-10 10:17:46,196 [INFO] [10/30] Train Loss: 0.0993 | Val Loss: 0.1368 | Tempo: 19.49s
2025-10-10 10:17:46,766 [INFO] Época 11/30, Batch 50/3348, Loss: 0.0885
2025-10-10 10:17:47,037 [INFO] Época 11/30, Batch 100/3348, Loss: 0.0890
2025-10-10 10:17:47,304 [INFO] Época 11/30, Batch 150/3348, Loss: 0.0766
2025-10-10 10:17:47,569 [INFO] Época 11/30, Batch 200/3348, Loss: 0.0596
2025-10-10 10:17:47,833 [INFO] Época 11/30, Batch 250/3348, Loss: 0.1070
2025-10-10 10:17:48,097 [INFO] Época 11/30, Batch 300/3348, Loss: 0.1570
2025-10-10 10:17:48,359 [INFO] Época 11/30, Batch 350/3348, Loss: 0.0529
2025-10-10 10:17:48,623 [INFO] Época 11/30, Batch 400/3348, Loss: 0.0597
2025-10-10 10:17:48,887 [INFO] Época 11/30, Batch 450/3348, Loss: 0.0635
2025-10-10 10:17:49,151 [INFO] Época 11/30, Batch 500/3348, Loss: 0.1011
2025-10-10 10:17:49,415 [INFO] Época 11/30, Batch 550/3348, Loss: 0.0621
2025-10-10 10:17:49,678 [INFO] Época 11/30, Batch 600/3348, Loss: 0.0708
2025-10-10 10:17:49,941 [INFO] Época 11/30, Batch 650/3348, Loss: 0.1192
2025-10-10 10:17:50,207 [INFO] Época 11/30, Batch 700/3348, Loss: 0.0698
2025-10-10 10:17:50,472 [INFO] Época 11/30, Batch 750/3348, Loss: 0.0850
2025-10-10 10:17:50,732 [INFO] Época 11/30, Batch 800/3348, Loss: 0.0603
2025-10-10 10:17:50,993 [INFO] Época 11/30, Batch 850/3348, Loss: 0.0392
2025-10-10 10:17:51,260 [INFO] Época 11/30, Batch 900/3348, Loss: 0.0702
2025-10-10 10:17:51,527 [INFO] Época 11/30, Batch 950/3348, Loss: 0.0507
2025-10-10 10:17:51,791 [INFO] Época 11/30, Batch 1000/3348, Loss: 0.0918
2025-10-10 10:17:52,055 [INFO] Época 11/30, Batch 1050/3348, Loss: 0.1029
2025-10-10 10:17:52,319 [INFO] Época 11/30, Batch 1100/3348, Loss: 0.1491
2025-10-10 10:17:52,583 [INFO] Época 11/30, Batch 1150/3348, Loss: 0.0645
2025-10-10 10:17:52,849 [INFO] Época 11/30, Batch 1200/3348, Loss: 0.1349
2025-10-10 10:17:53,114 [INFO] Época 11/30, Batch 1250/3348, Loss: 0.0617
2025-10-10 10:17:53,380 [INFO] Época 11/30, Batch 1300/3348, Loss: 0.1445
2025-10-10 10:17:53,645 [INFO] Época 11/30, Batch 1350/3348, Loss: 0.0473
2025-10-10 10:17:53,910 [INFO] Época 11/30, Batch 1400/3348, Loss: 0.1000
2025-10-10 10:17:54,188 [INFO] Época 11/30, Batch 1450/3348, Loss: 0.0824
2025-10-10 10:17:54,451 [INFO] Época 11/30, Batch 1500/3348, Loss: 0.0825
2025-10-10 10:17:54,717 [INFO] Época 11/30, Batch 1550/3348, Loss: 0.1566
2025-10-10 10:17:54,982 [INFO] Época 11/30, Batch 1600/3348, Loss: 0.0973
2025-10-10 10:17:55,247 [INFO] Época 11/30, Batch 1650/3348, Loss: 0.0722
2025-10-10 10:17:55,515 [INFO] Época 11/30, Batch 1700/3348, Loss: 0.0604
2025-10-10 10:17:55,776 [INFO] Época 11/30, Batch 1750/3348, Loss: 0.0833
2025-10-10 10:17:56,036 [INFO] Época 11/30, Batch 1800/3348, Loss: 0.0815
2025-10-10 10:17:56,296 [INFO] Época 11/30, Batch 1850/3348, Loss: 0.0714
2025-10-10 10:17:56,557 [INFO] Época 11/30, Batch 1900/3348, Loss: 0.0760
2025-10-10 10:17:56,820 [INFO] Época 11/30, Batch 1950/3348, Loss: 0.1025
2025-10-10 10:17:57,082 [INFO] Época 11/30, Batch 2000/3348, Loss: 0.0549
2025-10-10 10:17:57,344 [INFO] Época 11/30, Batch 2050/3348, Loss: 0.0791
2025-10-10 10:17:57,606 [INFO] Época 11/30, Batch 2100/3348, Loss: 0.0877
2025-10-10 10:17:57,866 [INFO] Época 11/30, Batch 2150/3348, Loss: 0.0806
2025-10-10 10:17:58,127 [INFO] Época 11/30, Batch 2200/3348, Loss: 0.1017
2025-10-10 10:17:58,390 [INFO] Época 11/30, Batch 2250/3348, Loss: 0.0745
2025-10-10 10:17:58,652 [INFO] Época 11/30, Batch 2300/3348, Loss: 0.1012
2025-10-10 10:17:58,914 [INFO] Época 11/30, Batch 2350/3348, Loss: 0.0521
2025-10-10 10:17:59,185 [INFO] Época 11/30, Batch 2400/3348, Loss: 0.1249
2025-10-10 10:17:59,446 [INFO] Época 11/30, Batch 2450/3348, Loss: 0.1262
2025-10-10 10:17:59,709 [INFO] Época 11/30, Batch 2500/3348, Loss: 0.1188
2025-10-10 10:17:59,970 [INFO] Época 11/30, Batch 2550/3348, Loss: 0.0750
2025-10-10 10:18:00,233 [INFO] Época 11/30, Batch 2600/3348, Loss: 0.0650
2025-10-10 10:18:00,494 [INFO] Época 11/30, Batch 2650/3348, Loss: 0.1011
2025-10-10 10:18:00,756 [INFO] Época 11/30, Batch 2700/3348, Loss: 0.0904
2025-10-10 10:18:01,018 [INFO] Época 11/30, Batch 2750/3348, Loss: 0.0954
2025-10-10 10:18:01,278 [INFO] Época 11/30, Batch 2800/3348, Loss: 0.1266
2025-10-10 10:18:01,541 [INFO] Época 11/30, Batch 2850/3348, Loss: 0.0461
2025-10-10 10:18:01,800 [INFO] Época 11/30, Batch 2900/3348, Loss: 0.1374
2025-10-10 10:18:02,062 [INFO] Época 11/30, Batch 2950/3348, Loss: 0.0630
2025-10-10 10:18:02,324 [INFO] Época 11/30, Batch 3000/3348, Loss: 0.1450
2025-10-10 10:18:02,586 [INFO] Época 11/30, Batch 3050/3348, Loss: 0.1959
2025-10-10 10:18:02,846 [INFO] Época 11/30, Batch 3100/3348, Loss: 0.1093
2025-10-10 10:18:03,108 [INFO] Época 11/30, Batch 3150/3348, Loss: 0.0860
2025-10-10 10:18:03,370 [INFO] Época 11/30, Batch 3200/3348, Loss: 0.1241
2025-10-10 10:18:03,633 [INFO] Época 11/30, Batch 3250/3348, Loss: 0.0750
2025-10-10 10:18:03,895 [INFO] Época 11/30, Batch 3300/3348, Loss: 0.1291
2025-10-10 10:18:05,793 [INFO] [11/30] Train Loss: 0.0946 | Val Loss: 0.1583 | Tempo: 19.60s
2025-10-10 10:18:06,378 [INFO] Época 12/30, Batch 50/3348, Loss: 0.0583
2025-10-10 10:18:06,648 [INFO] Época 12/30, Batch 100/3348, Loss: 0.1367
2025-10-10 10:18:06,917 [INFO] Época 12/30, Batch 150/3348, Loss: 0.0788
2025-10-10 10:18:07,187 [INFO] Época 12/30, Batch 200/3348, Loss: 0.0956
2025-10-10 10:18:07,452 [INFO] Época 12/30, Batch 250/3348, Loss: 0.0686
2025-10-10 10:18:07,716 [INFO] Época 12/30, Batch 300/3348, Loss: 0.0871
2025-10-10 10:18:07,982 [INFO] Época 12/30, Batch 350/3348, Loss: 0.0360
2025-10-10 10:18:08,247 [INFO] Época 12/30, Batch 400/3348, Loss: 0.0701
2025-10-10 10:18:08,512 [INFO] Época 12/30, Batch 450/3348, Loss: 0.0708
2025-10-10 10:18:08,777 [INFO] Época 12/30, Batch 500/3348, Loss: 0.0738
2025-10-10 10:18:09,040 [INFO] Época 12/30, Batch 550/3348, Loss: 0.1217
2025-10-10 10:18:09,303 [INFO] Época 12/30, Batch 600/3348, Loss: 0.0787
2025-10-10 10:18:09,567 [INFO] Época 12/30, Batch 650/3348, Loss: 0.0527
2025-10-10 10:18:09,828 [INFO] Época 12/30, Batch 700/3348, Loss: 0.1347
2025-10-10 10:18:10,094 [INFO] Época 12/30, Batch 750/3348, Loss: 0.0836
2025-10-10 10:18:10,355 [INFO] Época 12/30, Batch 800/3348, Loss: 0.0379
2025-10-10 10:18:10,620 [INFO] Época 12/30, Batch 850/3348, Loss: 0.1288
2025-10-10 10:18:10,883 [INFO] Época 12/30, Batch 900/3348, Loss: 0.1314
2025-10-10 10:18:11,155 [INFO] Época 12/30, Batch 950/3348, Loss: 0.1569
2025-10-10 10:18:11,417 [INFO] Época 12/30, Batch 1000/3348, Loss: 0.0556
2025-10-10 10:18:11,679 [INFO] Época 12/30, Batch 1050/3348, Loss: 0.0531
2025-10-10 10:18:11,942 [INFO] Época 12/30, Batch 1100/3348, Loss: 0.0918
2025-10-10 10:18:12,204 [INFO] Época 12/30, Batch 1150/3348, Loss: 0.0265
2025-10-10 10:18:12,469 [INFO] Época 12/30, Batch 1200/3348, Loss: 0.0774
2025-10-10 10:18:12,736 [INFO] Época 12/30, Batch 1250/3348, Loss: 0.1121
2025-10-10 10:18:12,999 [INFO] Época 12/30, Batch 1300/3348, Loss: 0.1808
2025-10-10 10:18:13,260 [INFO] Época 12/30, Batch 1350/3348, Loss: 0.0794
2025-10-10 10:18:13,524 [INFO] Época 12/30, Batch 1400/3348, Loss: 0.1271
2025-10-10 10:18:13,788 [INFO] Época 12/30, Batch 1450/3348, Loss: 0.0925
2025-10-10 10:18:14,053 [INFO] Época 12/30, Batch 1500/3348, Loss: 0.0781
2025-10-10 10:18:14,315 [INFO] Época 12/30, Batch 1550/3348, Loss: 0.0780
2025-10-10 10:18:14,579 [INFO] Época 12/30, Batch 1600/3348, Loss: 0.1023
2025-10-10 10:18:14,842 [INFO] Época 12/30, Batch 1650/3348, Loss: 0.0745
2025-10-10 10:18:15,105 [INFO] Época 12/30, Batch 1700/3348, Loss: 0.0644
2025-10-10 10:18:15,368 [INFO] Época 12/30, Batch 1750/3348, Loss: 0.1353
2025-10-10 10:18:15,632 [INFO] Época 12/30, Batch 1800/3348, Loss: 0.1411
2025-10-10 10:18:15,895 [INFO] Época 12/30, Batch 1850/3348, Loss: 0.0666
2025-10-10 10:18:16,168 [INFO] Época 12/30, Batch 1900/3348, Loss: 0.1056
2025-10-10 10:18:16,431 [INFO] Época 12/30, Batch 1950/3348, Loss: 0.1328
2025-10-10 10:18:16,697 [INFO] Época 12/30, Batch 2000/3348, Loss: 0.0928
2025-10-10 10:18:16,959 [INFO] Época 12/30, Batch 2050/3348, Loss: 0.0822
2025-10-10 10:18:17,223 [INFO] Época 12/30, Batch 2100/3348, Loss: 0.1263
2025-10-10 10:18:17,486 [INFO] Época 12/30, Batch 2150/3348, Loss: 0.1077
2025-10-10 10:18:17,747 [INFO] Época 12/30, Batch 2200/3348, Loss: 0.0532
2025-10-10 10:18:18,011 [INFO] Época 12/30, Batch 2250/3348, Loss: 0.0866
2025-10-10 10:18:18,277 [INFO] Época 12/30, Batch 2300/3348, Loss: 0.1437
2025-10-10 10:18:18,541 [INFO] Época 12/30, Batch 2350/3348, Loss: 0.0703
2025-10-10 10:18:18,804 [INFO] Época 12/30, Batch 2400/3348, Loss: 0.1023
2025-10-10 10:18:19,068 [INFO] Época 12/30, Batch 2450/3348, Loss: 0.0677
2025-10-10 10:18:19,330 [INFO] Época 12/30, Batch 2500/3348, Loss: 0.1544
2025-10-10 10:18:19,593 [INFO] Época 12/30, Batch 2550/3348, Loss: 0.0869
2025-10-10 10:18:19,855 [INFO] Época 12/30, Batch 2600/3348, Loss: 0.1050
2025-10-10 10:18:20,120 [INFO] Época 12/30, Batch 2650/3348, Loss: 0.0926
2025-10-10 10:18:20,386 [INFO] Época 12/30, Batch 2700/3348, Loss: 0.0780
2025-10-10 10:18:20,653 [INFO] Época 12/30, Batch 2750/3348, Loss: 0.1159
2025-10-10 10:18:20,918 [INFO] Época 12/30, Batch 2800/3348, Loss: 0.0846
2025-10-10 10:18:21,192 [INFO] Época 12/30, Batch 2850/3348, Loss: 0.0814
2025-10-10 10:18:21,457 [INFO] Época 12/30, Batch 2900/3348, Loss: 0.0635
2025-10-10 10:18:21,720 [INFO] Época 12/30, Batch 2950/3348, Loss: 0.0682
2025-10-10 10:18:21,983 [INFO] Época 12/30, Batch 3000/3348, Loss: 0.0888
2025-10-10 10:18:22,246 [INFO] Época 12/30, Batch 3050/3348, Loss: 0.0498
2025-10-10 10:18:22,509 [INFO] Época 12/30, Batch 3100/3348, Loss: 0.0945
2025-10-10 10:18:22,773 [INFO] Época 12/30, Batch 3150/3348, Loss: 0.0799
2025-10-10 10:18:23,037 [INFO] Época 12/30, Batch 3200/3348, Loss: 0.1163
2025-10-10 10:18:23,303 [INFO] Época 12/30, Batch 3250/3348, Loss: 0.0670
2025-10-10 10:18:23,568 [INFO] Época 12/30, Batch 3300/3348, Loss: 0.0831
2025-10-10 10:18:25,353 [INFO] [12/30] Train Loss: 0.0926 | Val Loss: 0.1771 | Tempo: 19.56s
2025-10-10 10:18:25,933 [INFO] Época 13/30, Batch 50/3348, Loss: 0.0696
2025-10-10 10:18:26,202 [INFO] Época 13/30, Batch 100/3348, Loss: 0.1033
2025-10-10 10:18:26,467 [INFO] Época 13/30, Batch 150/3348, Loss: 0.0638
2025-10-10 10:18:26,734 [INFO] Época 13/30, Batch 200/3348, Loss: 0.0667
2025-10-10 10:18:27,002 [INFO] Época 13/30, Batch 250/3348, Loss: 0.0544
2025-10-10 10:18:27,265 [INFO] Época 13/30, Batch 300/3348, Loss: 0.0961
2025-10-10 10:18:27,530 [INFO] Época 13/30, Batch 350/3348, Loss: 0.1158
2025-10-10 10:18:27,793 [INFO] Época 13/30, Batch 400/3348, Loss: 0.1496
2025-10-10 10:18:28,055 [INFO] Época 13/30, Batch 450/3348, Loss: 0.0576
2025-10-10 10:18:28,319 [INFO] Época 13/30, Batch 500/3348, Loss: 0.0706
2025-10-10 10:18:28,582 [INFO] Época 13/30, Batch 550/3348, Loss: 0.0480
2025-10-10 10:18:28,846 [INFO] Época 13/30, Batch 600/3348, Loss: 0.0653
2025-10-10 10:18:29,113 [INFO] Época 13/30, Batch 650/3348, Loss: 0.0573
2025-10-10 10:18:29,380 [INFO] Época 13/30, Batch 700/3348, Loss: 0.1256
2025-10-10 10:18:29,645 [INFO] Época 13/30, Batch 750/3348, Loss: 0.0939
2025-10-10 10:18:29,909 [INFO] Época 13/30, Batch 800/3348, Loss: 0.0835
2025-10-10 10:18:30,162 [INFO] Época 13/30, Batch 850/3348, Loss: 0.1182
2025-10-10 10:18:30,416 [INFO] Época 13/30, Batch 900/3348, Loss: 0.0614
2025-10-10 10:18:30,671 [INFO] Época 13/30, Batch 950/3348, Loss: 0.0527
2025-10-10 10:18:30,926 [INFO] Época 13/30, Batch 1000/3348, Loss: 0.0470
2025-10-10 10:18:31,178 [INFO] Época 13/30, Batch 1050/3348, Loss: 0.1909
2025-10-10 10:18:31,441 [INFO] Época 13/30, Batch 1100/3348, Loss: 0.0588
2025-10-10 10:18:31,695 [INFO] Época 13/30, Batch 1150/3348, Loss: 0.1101
2025-10-10 10:18:31,952 [INFO] Época 13/30, Batch 1200/3348, Loss: 0.1066
2025-10-10 10:18:32,215 [INFO] Época 13/30, Batch 1250/3348, Loss: 0.1283
2025-10-10 10:18:32,481 [INFO] Época 13/30, Batch 1300/3348, Loss: 0.0812
2025-10-10 10:18:32,743 [INFO] Época 13/30, Batch 1350/3348, Loss: 0.0667
2025-10-10 10:18:33,005 [INFO] Época 13/30, Batch 1400/3348, Loss: 0.1140
2025-10-10 10:18:33,267 [INFO] Época 13/30, Batch 1450/3348, Loss: 0.0719
2025-10-10 10:18:33,530 [INFO] Época 13/30, Batch 1500/3348, Loss: 0.0722
2025-10-10 10:18:33,794 [INFO] Época 13/30, Batch 1550/3348, Loss: 0.1928
2025-10-10 10:18:34,058 [INFO] Época 13/30, Batch 1600/3348, Loss: 0.0624
2025-10-10 10:18:34,321 [INFO] Época 13/30, Batch 1650/3348, Loss: 0.1276
2025-10-10 10:18:34,583 [INFO] Época 13/30, Batch 1700/3348, Loss: 0.1104
2025-10-10 10:18:34,847 [INFO] Época 13/30, Batch 1750/3348, Loss: 0.1144
2025-10-10 10:18:35,112 [INFO] Época 13/30, Batch 1800/3348, Loss: 0.0784
2025-10-10 10:18:35,382 [INFO] Época 13/30, Batch 1850/3348, Loss: 0.0956
2025-10-10 10:18:35,652 [INFO] Época 13/30, Batch 1900/3348, Loss: 0.1071
2025-10-10 10:18:35,922 [INFO] Época 13/30, Batch 1950/3348, Loss: 0.1179
2025-10-10 10:18:36,194 [INFO] Época 13/30, Batch 2000/3348, Loss: 0.0575
2025-10-10 10:18:36,476 [INFO] Época 13/30, Batch 2050/3348, Loss: 0.1105
2025-10-10 10:18:36,739 [INFO] Época 13/30, Batch 2100/3348, Loss: 0.0622
2025-10-10 10:18:37,001 [INFO] Época 13/30, Batch 2150/3348, Loss: 0.1620
2025-10-10 10:18:37,265 [INFO] Época 13/30, Batch 2200/3348, Loss: 0.0934
2025-10-10 10:18:37,528 [INFO] Época 13/30, Batch 2250/3348, Loss: 0.1489
2025-10-10 10:18:37,794 [INFO] Época 13/30, Batch 2300/3348, Loss: 0.1170
2025-10-10 10:18:38,057 [INFO] Época 13/30, Batch 2350/3348, Loss: 0.1934
2025-10-10 10:18:38,321 [INFO] Época 13/30, Batch 2400/3348, Loss: 0.1171
2025-10-10 10:18:38,586 [INFO] Época 13/30, Batch 2450/3348, Loss: 0.0761
2025-10-10 10:18:38,857 [INFO] Época 13/30, Batch 2500/3348, Loss: 0.1414
2025-10-10 10:18:39,131 [INFO] Época 13/30, Batch 2550/3348, Loss: 0.1182
2025-10-10 10:18:39,402 [INFO] Época 13/30, Batch 2600/3348, Loss: 0.0697
2025-10-10 10:18:39,675 [INFO] Época 13/30, Batch 2650/3348, Loss: 0.1346
2025-10-10 10:18:39,947 [INFO] Época 13/30, Batch 2700/3348, Loss: 0.0872
2025-10-10 10:18:40,221 [INFO] Época 13/30, Batch 2750/3348, Loss: 0.0860
2025-10-10 10:18:40,493 [INFO] Época 13/30, Batch 2800/3348, Loss: 0.0248
2025-10-10 10:18:40,766 [INFO] Época 13/30, Batch 2850/3348, Loss: 0.0610
2025-10-10 10:18:41,040 [INFO] Época 13/30, Batch 2900/3348, Loss: 0.0715
2025-10-10 10:18:41,314 [INFO] Época 13/30, Batch 2950/3348, Loss: 0.1191
2025-10-10 10:18:41,593 [INFO] Época 13/30, Batch 3000/3348, Loss: 0.1105
2025-10-10 10:18:41,864 [INFO] Época 13/30, Batch 3050/3348, Loss: 0.0669
2025-10-10 10:18:42,127 [INFO] Época 13/30, Batch 3100/3348, Loss: 0.0605
2025-10-10 10:18:42,396 [INFO] Época 13/30, Batch 3150/3348, Loss: 0.1079
2025-10-10 10:18:42,668 [INFO] Época 13/30, Batch 3200/3348, Loss: 0.1213
2025-10-10 10:18:42,941 [INFO] Época 13/30, Batch 3250/3348, Loss: 0.1785
2025-10-10 10:18:43,215 [INFO] Época 13/30, Batch 3300/3348, Loss: 0.1183
2025-10-10 10:18:45,003 [INFO] [13/30] Train Loss: 0.0900 | Val Loss: 0.1699 | Tempo: 19.65s
2025-10-10 10:18:45,592 [INFO] Época 14/30, Batch 50/3348, Loss: 0.0877
2025-10-10 10:18:45,869 [INFO] Época 14/30, Batch 100/3348, Loss: 0.1001
2025-10-10 10:18:46,143 [INFO] Época 14/30, Batch 150/3348, Loss: 0.1003
2025-10-10 10:18:46,414 [INFO] Época 14/30, Batch 200/3348, Loss: 0.1063
2025-10-10 10:18:46,698 [INFO] Época 14/30, Batch 250/3348, Loss: 0.1003
2025-10-10 10:18:46,972 [INFO] Época 14/30, Batch 300/3348, Loss: 0.1213
2025-10-10 10:18:47,243 [INFO] Época 14/30, Batch 350/3348, Loss: 0.0657
2025-10-10 10:18:47,513 [INFO] Época 14/30, Batch 400/3348, Loss: 0.0511
2025-10-10 10:18:47,786 [INFO] Época 14/30, Batch 450/3348, Loss: 0.0870
2025-10-10 10:18:48,058 [INFO] Época 14/30, Batch 500/3348, Loss: 0.0443
2025-10-10 10:18:48,333 [INFO] Época 14/30, Batch 550/3348, Loss: 0.1050
2025-10-10 10:18:48,605 [INFO] Época 14/30, Batch 600/3348, Loss: 0.1544
2025-10-10 10:18:48,879 [INFO] Época 14/30, Batch 650/3348, Loss: 0.0916
2025-10-10 10:18:49,154 [INFO] Época 14/30, Batch 700/3348, Loss: 0.0387
2025-10-10 10:18:49,429 [INFO] Época 14/30, Batch 750/3348, Loss: 0.0908
2025-10-10 10:18:49,703 [INFO] Época 14/30, Batch 800/3348, Loss: 0.1561
2025-10-10 10:18:49,963 [INFO] Época 14/30, Batch 850/3348, Loss: 0.1265
2025-10-10 10:18:50,225 [INFO] Época 14/30, Batch 900/3348, Loss: 0.0818
2025-10-10 10:18:50,486 [INFO] Época 14/30, Batch 950/3348, Loss: 0.0576
2025-10-10 10:18:50,748 [INFO] Época 14/30, Batch 1000/3348, Loss: 0.0530
2025-10-10 10:18:51,007 [INFO] Época 14/30, Batch 1050/3348, Loss: 0.0616
2025-10-10 10:18:51,258 [INFO] Época 14/30, Batch 1100/3348, Loss: 0.1047
2025-10-10 10:18:51,508 [INFO] Época 14/30, Batch 1150/3348, Loss: 0.0689
2025-10-10 10:18:51,772 [INFO] Época 14/30, Batch 1200/3348, Loss: 0.0630
2025-10-10 10:18:52,027 [INFO] Época 14/30, Batch 1250/3348, Loss: 0.1086
2025-10-10 10:18:52,288 [INFO] Época 14/30, Batch 1300/3348, Loss: 0.0910
2025-10-10 10:18:52,556 [INFO] Época 14/30, Batch 1350/3348, Loss: 0.0779
2025-10-10 10:18:52,824 [INFO] Época 14/30, Batch 1400/3348, Loss: 0.1142
2025-10-10 10:18:53,095 [INFO] Época 14/30, Batch 1450/3348, Loss: 0.0631
2025-10-10 10:18:53,365 [INFO] Época 14/30, Batch 1500/3348, Loss: 0.0857
2025-10-10 10:18:53,636 [INFO] Época 14/30, Batch 1550/3348, Loss: 0.0543
2025-10-10 10:18:53,903 [INFO] Época 14/30, Batch 1600/3348, Loss: 0.0911
2025-10-10 10:18:54,171 [INFO] Época 14/30, Batch 1650/3348, Loss: 0.0516
2025-10-10 10:18:54,442 [INFO] Época 14/30, Batch 1700/3348, Loss: 0.0340
2025-10-10 10:18:54,713 [INFO] Época 14/30, Batch 1750/3348, Loss: 0.1223
2025-10-10 10:18:54,983 [INFO] Época 14/30, Batch 1800/3348, Loss: 0.1183
2025-10-10 10:18:55,252 [INFO] Época 14/30, Batch 1850/3348, Loss: 0.0737
2025-10-10 10:18:55,520 [INFO] Época 14/30, Batch 1900/3348, Loss: 0.0575
2025-10-10 10:18:55,788 [INFO] Época 14/30, Batch 1950/3348, Loss: 0.1077
2025-10-10 10:18:56,057 [INFO] Época 14/30, Batch 2000/3348, Loss: 0.0698
2025-10-10 10:18:56,325 [INFO] Época 14/30, Batch 2050/3348, Loss: 0.1267
2025-10-10 10:18:56,594 [INFO] Época 14/30, Batch 2100/3348, Loss: 0.1420
2025-10-10 10:18:56,866 [INFO] Época 14/30, Batch 2150/3348, Loss: 0.1231
2025-10-10 10:18:57,140 [INFO] Época 14/30, Batch 2200/3348, Loss: 0.0830
2025-10-10 10:18:57,414 [INFO] Época 14/30, Batch 2250/3348, Loss: 0.0759
2025-10-10 10:18:57,684 [INFO] Época 14/30, Batch 2300/3348, Loss: 0.0828
2025-10-10 10:18:57,958 [INFO] Época 14/30, Batch 2350/3348, Loss: 0.1009
2025-10-10 10:18:58,228 [INFO] Época 14/30, Batch 2400/3348, Loss: 0.0610
2025-10-10 10:18:58,501 [INFO] Época 14/30, Batch 2450/3348, Loss: 0.1076
2025-10-10 10:18:58,772 [INFO] Época 14/30, Batch 2500/3348, Loss: 0.0544
2025-10-10 10:18:59,042 [INFO] Época 14/30, Batch 2550/3348, Loss: 0.2179
2025-10-10 10:18:59,315 [INFO] Época 14/30, Batch 2600/3348, Loss: 0.0794
2025-10-10 10:18:59,586 [INFO] Época 14/30, Batch 2650/3348, Loss: 0.0605
2025-10-10 10:18:59,857 [INFO] Época 14/30, Batch 2700/3348, Loss: 0.0957
2025-10-10 10:19:00,131 [INFO] Época 14/30, Batch 2750/3348, Loss: 0.1523
2025-10-10 10:19:00,401 [INFO] Época 14/30, Batch 2800/3348, Loss: 0.0955
2025-10-10 10:19:00,674 [INFO] Época 14/30, Batch 2850/3348, Loss: 0.0853
2025-10-10 10:19:00,945 [INFO] Época 14/30, Batch 2900/3348, Loss: 0.1318
2025-10-10 10:19:01,216 [INFO] Época 14/30, Batch 2950/3348, Loss: 0.0716
2025-10-10 10:19:01,486 [INFO] Época 14/30, Batch 3000/3348, Loss: 0.0595
2025-10-10 10:19:01,756 [INFO] Época 14/30, Batch 3050/3348, Loss: 0.0946
2025-10-10 10:19:02,036 [INFO] Época 14/30, Batch 3100/3348, Loss: 0.0916
2025-10-10 10:19:02,304 [INFO] Época 14/30, Batch 3150/3348, Loss: 0.0777
2025-10-10 10:19:02,574 [INFO] Época 14/30, Batch 3200/3348, Loss: 0.0541
2025-10-10 10:19:02,845 [INFO] Época 14/30, Batch 3250/3348, Loss: 0.1507
2025-10-10 10:19:03,116 [INFO] Época 14/30, Batch 3300/3348, Loss: 0.0344
2025-10-10 10:19:04,897 [INFO] [14/30] Train Loss: 0.0869 | Val Loss: 0.1870 | Tempo: 19.89s
2025-10-10 10:19:05,469 [INFO] Época 15/30, Batch 50/3348, Loss: 0.1235
2025-10-10 10:19:05,736 [INFO] Época 15/30, Batch 100/3348, Loss: 0.0665
2025-10-10 10:19:06,003 [INFO] Época 15/30, Batch 150/3348, Loss: 0.1005
2025-10-10 10:19:06,266 [INFO] Época 15/30, Batch 200/3348, Loss: 0.1700
2025-10-10 10:19:06,529 [INFO] Época 15/30, Batch 250/3348, Loss: 0.1069
2025-10-10 10:19:06,795 [INFO] Época 15/30, Batch 300/3348, Loss: 0.0349
2025-10-10 10:19:07,072 [INFO] Época 15/30, Batch 350/3348, Loss: 0.0468
2025-10-10 10:19:07,335 [INFO] Época 15/30, Batch 400/3348, Loss: 0.0314
2025-10-10 10:19:07,598 [INFO] Época 15/30, Batch 450/3348, Loss: 0.1095
2025-10-10 10:19:07,859 [INFO] Época 15/30, Batch 500/3348, Loss: 0.1115
2025-10-10 10:19:08,120 [INFO] Época 15/30, Batch 550/3348, Loss: 0.0860
2025-10-10 10:19:08,387 [INFO] Época 15/30, Batch 600/3348, Loss: 0.0670
2025-10-10 10:19:08,648 [INFO] Época 15/30, Batch 650/3348, Loss: 0.1047
2025-10-10 10:19:08,909 [INFO] Época 15/30, Batch 700/3348, Loss: 0.0418
2025-10-10 10:19:09,170 [INFO] Época 15/30, Batch 750/3348, Loss: 0.0778
2025-10-10 10:19:09,430 [INFO] Época 15/30, Batch 800/3348, Loss: 0.0843
2025-10-10 10:19:09,694 [INFO] Época 15/30, Batch 850/3348, Loss: 0.0281
2025-10-10 10:19:09,954 [INFO] Época 15/30, Batch 900/3348, Loss: 0.0718
2025-10-10 10:19:10,214 [INFO] Época 15/30, Batch 950/3348, Loss: 0.1158
2025-10-10 10:19:10,474 [INFO] Época 15/30, Batch 1000/3348, Loss: 0.1000
2025-10-10 10:19:10,736 [INFO] Época 15/30, Batch 1050/3348, Loss: 0.0693
2025-10-10 10:19:10,999 [INFO] Época 15/30, Batch 1100/3348, Loss: 0.0804
2025-10-10 10:19:11,259 [INFO] Época 15/30, Batch 1150/3348, Loss: 0.0707
2025-10-10 10:19:11,520 [INFO] Época 15/30, Batch 1200/3348, Loss: 0.0884
2025-10-10 10:19:11,780 [INFO] Época 15/30, Batch 1250/3348, Loss: 0.0798
2025-10-10 10:19:12,040 [INFO] Época 15/30, Batch 1300/3348, Loss: 0.0673
2025-10-10 10:19:12,313 [INFO] Época 15/30, Batch 1350/3348, Loss: 0.1754
2025-10-10 10:19:12,574 [INFO] Época 15/30, Batch 1400/3348, Loss: 0.0362
2025-10-10 10:19:12,835 [INFO] Época 15/30, Batch 1450/3348, Loss: 0.0633
2025-10-10 10:19:13,097 [INFO] Época 15/30, Batch 1500/3348, Loss: 0.0446
2025-10-10 10:19:13,357 [INFO] Época 15/30, Batch 1550/3348, Loss: 0.0520
2025-10-10 10:19:13,617 [INFO] Época 15/30, Batch 1600/3348, Loss: 0.1005
2025-10-10 10:19:13,877 [INFO] Época 15/30, Batch 1650/3348, Loss: 0.1207
2025-10-10 10:19:14,138 [INFO] Época 15/30, Batch 1700/3348, Loss: 0.0807
2025-10-10 10:19:14,399 [INFO] Época 15/30, Batch 1750/3348, Loss: 0.1214
2025-10-10 10:19:14,662 [INFO] Época 15/30, Batch 1800/3348, Loss: 0.0972
2025-10-10 10:19:14,923 [INFO] Época 15/30, Batch 1850/3348, Loss: 0.0757
2025-10-10 10:19:15,184 [INFO] Época 15/30, Batch 1900/3348, Loss: 0.1661
2025-10-10 10:19:15,446 [INFO] Época 15/30, Batch 1950/3348, Loss: 0.1703
2025-10-10 10:19:15,707 [INFO] Época 15/30, Batch 2000/3348, Loss: 0.0783
2025-10-10 10:19:15,967 [INFO] Época 15/30, Batch 2050/3348, Loss: 0.1011
2025-10-10 10:19:16,228 [INFO] Época 15/30, Batch 2100/3348, Loss: 0.0564
2025-10-10 10:19:16,489 [INFO] Época 15/30, Batch 2150/3348, Loss: 0.0821
2025-10-10 10:19:16,753 [INFO] Época 15/30, Batch 2200/3348, Loss: 0.1009
2025-10-10 10:19:17,015 [INFO] Época 15/30, Batch 2250/3348, Loss: 0.0650
2025-10-10 10:19:17,275 [INFO] Época 15/30, Batch 2300/3348, Loss: 0.0567
2025-10-10 10:19:17,545 [INFO] Época 15/30, Batch 2350/3348, Loss: 0.0521
2025-10-10 10:19:17,806 [INFO] Época 15/30, Batch 2400/3348, Loss: 0.1725
2025-10-10 10:19:18,067 [INFO] Época 15/30, Batch 2450/3348, Loss: 0.0460
2025-10-10 10:19:18,326 [INFO] Época 15/30, Batch 2500/3348, Loss: 0.0778
2025-10-10 10:19:18,587 [INFO] Época 15/30, Batch 2550/3348, Loss: 0.0414
2025-10-10 10:19:18,848 [INFO] Época 15/30, Batch 2600/3348, Loss: 0.1182
2025-10-10 10:19:19,111 [INFO] Época 15/30, Batch 2650/3348, Loss: 0.0556
2025-10-10 10:19:19,371 [INFO] Época 15/30, Batch 2700/3348, Loss: 0.0946
2025-10-10 10:19:19,632 [INFO] Época 15/30, Batch 2750/3348, Loss: 0.1021
2025-10-10 10:19:19,893 [INFO] Época 15/30, Batch 2800/3348, Loss: 0.0362
2025-10-10 10:19:20,155 [INFO] Época 15/30, Batch 2850/3348, Loss: 0.0792
2025-10-10 10:19:20,418 [INFO] Época 15/30, Batch 2900/3348, Loss: 0.0713
2025-10-10 10:19:20,678 [INFO] Época 15/30, Batch 2950/3348, Loss: 0.1343
2025-10-10 10:19:20,939 [INFO] Época 15/30, Batch 3000/3348, Loss: 0.1055
2025-10-10 10:19:21,200 [INFO] Época 15/30, Batch 3050/3348, Loss: 0.0846
2025-10-10 10:19:21,460 [INFO] Época 15/30, Batch 3100/3348, Loss: 0.0755
2025-10-10 10:19:21,723 [INFO] Época 15/30, Batch 3150/3348, Loss: 0.0752
2025-10-10 10:19:21,983 [INFO] Época 15/30, Batch 3200/3348, Loss: 0.0723
2025-10-10 10:19:22,243 [INFO] Época 15/30, Batch 3250/3348, Loss: 0.0815
2025-10-10 10:19:22,503 [INFO] Época 15/30, Batch 3300/3348, Loss: 0.0406
2025-10-10 10:19:24,329 [INFO] [15/30] Train Loss: 0.0839 | Val Loss: 0.1672 | Tempo: 19.43s
2025-10-10 10:19:24,900 [INFO] Época 16/30, Batch 50/3348, Loss: 0.0526
2025-10-10 10:19:25,170 [INFO] Época 16/30, Batch 100/3348, Loss: 0.0346
2025-10-10 10:19:25,435 [INFO] Época 16/30, Batch 150/3348, Loss: 0.0710
2025-10-10 10:19:25,699 [INFO] Época 16/30, Batch 200/3348, Loss: 0.1056
2025-10-10 10:19:25,962 [INFO] Época 16/30, Batch 250/3348, Loss: 0.1020
2025-10-10 10:19:26,225 [INFO] Época 16/30, Batch 300/3348, Loss: 0.0407
2025-10-10 10:19:26,486 [INFO] Época 16/30, Batch 350/3348, Loss: 0.0642
2025-10-10 10:19:26,747 [INFO] Época 16/30, Batch 400/3348, Loss: 0.0480
2025-10-10 10:19:27,009 [INFO] Época 16/30, Batch 450/3348, Loss: 0.0819
2025-10-10 10:19:27,271 [INFO] Época 16/30, Batch 500/3348, Loss: 0.0949
2025-10-10 10:19:27,532 [INFO] Época 16/30, Batch 550/3348, Loss: 0.0394
2025-10-10 10:19:27,809 [INFO] Época 16/30, Batch 600/3348, Loss: 0.0746
2025-10-10 10:19:28,073 [INFO] Época 16/30, Batch 650/3348, Loss: 0.1122
2025-10-10 10:19:28,333 [INFO] Época 16/30, Batch 700/3348, Loss: 0.0989
2025-10-10 10:19:28,596 [INFO] Época 16/30, Batch 750/3348, Loss: 0.0431
2025-10-10 10:19:28,860 [INFO] Época 16/30, Batch 800/3348, Loss: 0.1094
2025-10-10 10:19:29,127 [INFO] Época 16/30, Batch 850/3348, Loss: 0.1489
2025-10-10 10:19:29,393 [INFO] Época 16/30, Batch 900/3348, Loss: 0.0631
2025-10-10 10:19:29,657 [INFO] Época 16/30, Batch 950/3348, Loss: 0.0966
2025-10-10 10:19:29,923 [INFO] Época 16/30, Batch 1000/3348, Loss: 0.0955
2025-10-10 10:19:30,189 [INFO] Época 16/30, Batch 1050/3348, Loss: 0.0762
2025-10-10 10:19:30,451 [INFO] Época 16/30, Batch 1100/3348, Loss: 0.0607
2025-10-10 10:19:30,716 [INFO] Época 16/30, Batch 1150/3348, Loss: 0.0802
2025-10-10 10:19:30,978 [INFO] Época 16/30, Batch 1200/3348, Loss: 0.0848
2025-10-10 10:19:31,244 [INFO] Época 16/30, Batch 1250/3348, Loss: 0.0310
2025-10-10 10:19:31,506 [INFO] Época 16/30, Batch 1300/3348, Loss: 0.1381
2025-10-10 10:19:31,770 [INFO] Época 16/30, Batch 1350/3348, Loss: 0.0687
2025-10-10 10:19:32,035 [INFO] Época 16/30, Batch 1400/3348, Loss: 0.0401
2025-10-10 10:19:32,300 [INFO] Época 16/30, Batch 1450/3348, Loss: 0.0435
2025-10-10 10:19:32,560 [INFO] Época 16/30, Batch 1500/3348, Loss: 0.0627
2025-10-10 10:19:32,831 [INFO] Época 16/30, Batch 1550/3348, Loss: 0.1059
2025-10-10 10:19:33,095 [INFO] Época 16/30, Batch 1600/3348, Loss: 0.0480
2025-10-10 10:19:33,364 [INFO] Época 16/30, Batch 1650/3348, Loss: 0.0514
2025-10-10 10:19:33,628 [INFO] Época 16/30, Batch 1700/3348, Loss: 0.1337
2025-10-10 10:19:33,892 [INFO] Época 16/30, Batch 1750/3348, Loss: 0.1141
2025-10-10 10:19:34,154 [INFO] Época 16/30, Batch 1800/3348, Loss: 0.0376
2025-10-10 10:19:34,417 [INFO] Época 16/30, Batch 1850/3348, Loss: 0.0501
2025-10-10 10:19:34,682 [INFO] Época 16/30, Batch 1900/3348, Loss: 0.0572
2025-10-10 10:19:34,941 [INFO] Época 16/30, Batch 1950/3348, Loss: 0.0822
2025-10-10 10:19:35,201 [INFO] Época 16/30, Batch 2000/3348, Loss: 0.0440
2025-10-10 10:19:35,461 [INFO] Época 16/30, Batch 2050/3348, Loss: 0.1110
2025-10-10 10:19:35,725 [INFO] Época 16/30, Batch 2100/3348, Loss: 0.0706
2025-10-10 10:19:35,992 [INFO] Época 16/30, Batch 2150/3348, Loss: 0.0998
2025-10-10 10:19:36,259 [INFO] Época 16/30, Batch 2200/3348, Loss: 0.0633
2025-10-10 10:19:36,523 [INFO] Época 16/30, Batch 2250/3348, Loss: 0.0353
2025-10-10 10:19:36,790 [INFO] Época 16/30, Batch 2300/3348, Loss: 0.0586
2025-10-10 10:19:37,056 [INFO] Época 16/30, Batch 2350/3348, Loss: 0.1008
2025-10-10 10:19:37,318 [INFO] Época 16/30, Batch 2400/3348, Loss: 0.0772
2025-10-10 10:19:37,580 [INFO] Época 16/30, Batch 2450/3348, Loss: 0.1035
2025-10-10 10:19:37,850 [INFO] Época 16/30, Batch 2500/3348, Loss: 0.1383
2025-10-10 10:19:38,114 [INFO] Época 16/30, Batch 2550/3348, Loss: 0.0527
2025-10-10 10:19:38,373 [INFO] Época 16/30, Batch 2600/3348, Loss: 0.0604
2025-10-10 10:19:38,638 [INFO] Época 16/30, Batch 2650/3348, Loss: 0.0912
2025-10-10 10:19:38,902 [INFO] Época 16/30, Batch 2700/3348, Loss: 0.1730
2025-10-10 10:19:39,168 [INFO] Época 16/30, Batch 2750/3348, Loss: 0.0977
2025-10-10 10:19:39,435 [INFO] Época 16/30, Batch 2800/3348, Loss: 0.0893
2025-10-10 10:19:39,701 [INFO] Época 16/30, Batch 2850/3348, Loss: 0.0948
2025-10-10 10:19:39,966 [INFO] Época 16/30, Batch 2900/3348, Loss: 0.1245
2025-10-10 10:19:40,229 [INFO] Época 16/30, Batch 2950/3348, Loss: 0.1096
2025-10-10 10:19:40,493 [INFO] Época 16/30, Batch 3000/3348, Loss: 0.1260
2025-10-10 10:19:40,756 [INFO] Época 16/30, Batch 3050/3348, Loss: 0.0305
2025-10-10 10:19:41,015 [INFO] Época 16/30, Batch 3100/3348, Loss: 0.0552
2025-10-10 10:19:41,278 [INFO] Época 16/30, Batch 3150/3348, Loss: 0.0760
2025-10-10 10:19:41,540 [INFO] Época 16/30, Batch 3200/3348, Loss: 0.1206
2025-10-10 10:19:41,801 [INFO] Época 16/30, Batch 3250/3348, Loss: 0.0926
2025-10-10 10:19:42,059 [INFO] Época 16/30, Batch 3300/3348, Loss: 0.1883
2025-10-10 10:19:43,973 [INFO] [16/30] Train Loss: 0.0825 | Val Loss: 0.1433 | Tempo: 19.64s
2025-10-10 10:19:44,557 [INFO] Época 17/30, Batch 50/3348, Loss: 0.0534
2025-10-10 10:19:44,826 [INFO] Época 17/30, Batch 100/3348, Loss: 0.0565
2025-10-10 10:19:45,091 [INFO] Época 17/30, Batch 150/3348, Loss: 0.0697
2025-10-10 10:19:45,365 [INFO] Época 17/30, Batch 200/3348, Loss: 0.0564
2025-10-10 10:19:45,639 [INFO] Época 17/30, Batch 250/3348, Loss: 0.0515
2025-10-10 10:19:45,913 [INFO] Época 17/30, Batch 300/3348, Loss: 0.0584
2025-10-10 10:19:46,187 [INFO] Época 17/30, Batch 350/3348, Loss: 0.0993
2025-10-10 10:19:46,460 [INFO] Época 17/30, Batch 400/3348, Loss: 0.0649
2025-10-10 10:19:46,733 [INFO] Época 17/30, Batch 450/3348, Loss: 0.1096
2025-10-10 10:19:47,006 [INFO] Época 17/30, Batch 500/3348, Loss: 0.0761
2025-10-10 10:19:47,277 [INFO] Época 17/30, Batch 550/3348, Loss: 0.0952
2025-10-10 10:19:47,549 [INFO] Época 17/30, Batch 600/3348, Loss: 0.0922
2025-10-10 10:19:47,820 [INFO] Época 17/30, Batch 650/3348, Loss: 0.0966
2025-10-10 10:19:48,093 [INFO] Época 17/30, Batch 700/3348, Loss: 0.0540
2025-10-10 10:19:48,366 [INFO] Época 17/30, Batch 750/3348, Loss: 0.1006
2025-10-10 10:19:48,637 [INFO] Época 17/30, Batch 800/3348, Loss: 0.0526
2025-10-10 10:19:48,910 [INFO] Época 17/30, Batch 850/3348, Loss: 0.0473
2025-10-10 10:19:49,184 [INFO] Época 17/30, Batch 900/3348, Loss: 0.1107
2025-10-10 10:19:49,458 [INFO] Época 17/30, Batch 950/3348, Loss: 0.0527
2025-10-10 10:19:49,726 [INFO] Época 17/30, Batch 1000/3348, Loss: 0.0477
2025-10-10 10:19:50,007 [INFO] Época 17/30, Batch 1050/3348, Loss: 0.0571
2025-10-10 10:19:50,277 [INFO] Época 17/30, Batch 1100/3348, Loss: 0.0826
2025-10-10 10:19:50,549 [INFO] Época 17/30, Batch 1150/3348, Loss: 0.0965
2025-10-10 10:19:50,821 [INFO] Época 17/30, Batch 1200/3348, Loss: 0.0543
2025-10-10 10:19:51,095 [INFO] Época 17/30, Batch 1250/3348, Loss: 0.0836
2025-10-10 10:19:51,367 [INFO] Época 17/30, Batch 1300/3348, Loss: 0.1188
2025-10-10 10:19:51,640 [INFO] Época 17/30, Batch 1350/3348, Loss: 0.1151
2025-10-10 10:19:51,915 [INFO] Época 17/30, Batch 1400/3348, Loss: 0.1007
2025-10-10 10:19:52,187 [INFO] Época 17/30, Batch 1450/3348, Loss: 0.0989
2025-10-10 10:19:52,459 [INFO] Época 17/30, Batch 1500/3348, Loss: 0.0420
2025-10-10 10:19:52,728 [INFO] Época 17/30, Batch 1550/3348, Loss: 0.0844
2025-10-10 10:19:52,997 [INFO] Época 17/30, Batch 1600/3348, Loss: 0.0870
2025-10-10 10:19:53,271 [INFO] Época 17/30, Batch 1650/3348, Loss: 0.1225
2025-10-10 10:19:53,543 [INFO] Época 17/30, Batch 1700/3348, Loss: 0.0619
2025-10-10 10:19:53,818 [INFO] Época 17/30, Batch 1750/3348, Loss: 0.0974
2025-10-10 10:19:54,090 [INFO] Época 17/30, Batch 1800/3348, Loss: 0.0968
2025-10-10 10:19:54,364 [INFO] Época 17/30, Batch 1850/3348, Loss: 0.0506
2025-10-10 10:19:54,638 [INFO] Época 17/30, Batch 1900/3348, Loss: 0.1303
2025-10-10 10:19:54,906 [INFO] Época 17/30, Batch 1950/3348, Loss: 0.0784
2025-10-10 10:19:55,170 [INFO] Época 17/30, Batch 2000/3348, Loss: 0.0487
2025-10-10 10:19:55,444 [INFO] Época 17/30, Batch 2050/3348, Loss: 0.1231
2025-10-10 10:19:55,715 [INFO] Época 17/30, Batch 2100/3348, Loss: 0.1318
2025-10-10 10:19:55,981 [INFO] Época 17/30, Batch 2150/3348, Loss: 0.1683
2025-10-10 10:19:56,249 [INFO] Época 17/30, Batch 2200/3348, Loss: 0.0772
2025-10-10 10:19:56,516 [INFO] Época 17/30, Batch 2250/3348, Loss: 0.0630
2025-10-10 10:19:56,781 [INFO] Época 17/30, Batch 2300/3348, Loss: 0.0725
2025-10-10 10:19:57,045 [INFO] Época 17/30, Batch 2350/3348, Loss: 0.0617
2025-10-10 10:19:57,307 [INFO] Época 17/30, Batch 2400/3348, Loss: 0.1446
2025-10-10 10:19:57,572 [INFO] Época 17/30, Batch 2450/3348, Loss: 0.0660
2025-10-10 10:19:57,836 [INFO] Época 17/30, Batch 2500/3348, Loss: 0.0881
2025-10-10 10:19:58,097 [INFO] Época 17/30, Batch 2550/3348, Loss: 0.0607
2025-10-10 10:19:58,360 [INFO] Época 17/30, Batch 2600/3348, Loss: 0.0461
2025-10-10 10:19:58,621 [INFO] Época 17/30, Batch 2650/3348, Loss: 0.0485
2025-10-10 10:19:58,882 [INFO] Época 17/30, Batch 2700/3348, Loss: 0.0858
2025-10-10 10:19:59,144 [INFO] Época 17/30, Batch 2750/3348, Loss: 0.0471
2025-10-10 10:19:59,408 [INFO] Época 17/30, Batch 2800/3348, Loss: 0.0629
2025-10-10 10:19:59,682 [INFO] Época 17/30, Batch 2850/3348, Loss: 0.0621
2025-10-10 10:19:59,945 [INFO] Época 17/30, Batch 2900/3348, Loss: 0.0680
2025-10-10 10:20:00,211 [INFO] Época 17/30, Batch 2950/3348, Loss: 0.1209
2025-10-10 10:20:00,474 [INFO] Época 17/30, Batch 3000/3348, Loss: 0.1076
2025-10-10 10:20:00,738 [INFO] Época 17/30, Batch 3050/3348, Loss: 0.1084
2025-10-10 10:20:01,000 [INFO] Época 17/30, Batch 3100/3348, Loss: 0.0811
2025-10-10 10:20:01,263 [INFO] Época 17/30, Batch 3150/3348, Loss: 0.0282
2025-10-10 10:20:01,528 [INFO] Época 17/30, Batch 3200/3348, Loss: 0.0721
2025-10-10 10:20:01,789 [INFO] Época 17/30, Batch 3250/3348, Loss: 0.0534
2025-10-10 10:20:02,050 [INFO] Época 17/30, Batch 3300/3348, Loss: 0.0610
2025-10-10 10:20:03,943 [INFO] [17/30] Train Loss: 0.0796 | Val Loss: 0.1485 | Tempo: 19.97s
2025-10-10 10:20:04,527 [INFO] Época 18/30, Batch 50/3348, Loss: 0.0571
2025-10-10 10:20:04,804 [INFO] Época 18/30, Batch 100/3348, Loss: 0.0810
2025-10-10 10:20:05,071 [INFO] Época 18/30, Batch 150/3348, Loss: 0.0285
2025-10-10 10:20:05,336 [INFO] Época 18/30, Batch 200/3348, Loss: 0.1119
2025-10-10 10:20:05,601 [INFO] Época 18/30, Batch 250/3348, Loss: 0.0615
2025-10-10 10:20:05,865 [INFO] Época 18/30, Batch 300/3348, Loss: 0.0505
2025-10-10 10:20:06,128 [INFO] Época 18/30, Batch 350/3348, Loss: 0.0748
2025-10-10 10:20:06,390 [INFO] Época 18/30, Batch 400/3348, Loss: 0.1087
2025-10-10 10:20:06,656 [INFO] Época 18/30, Batch 450/3348, Loss: 0.0708
2025-10-10 10:20:06,919 [INFO] Época 18/30, Batch 500/3348, Loss: 0.0565
2025-10-10 10:20:07,180 [INFO] Época 18/30, Batch 550/3348, Loss: 0.1100
2025-10-10 10:20:07,442 [INFO] Época 18/30, Batch 600/3348, Loss: 0.0381
2025-10-10 10:20:07,705 [INFO] Época 18/30, Batch 650/3348, Loss: 0.0469
2025-10-10 10:20:07,970 [INFO] Época 18/30, Batch 700/3348, Loss: 0.1141
2025-10-10 10:20:08,233 [INFO] Época 18/30, Batch 750/3348, Loss: 0.1422
2025-10-10 10:20:08,495 [INFO] Época 18/30, Batch 800/3348, Loss: 0.0465
2025-10-10 10:20:08,756 [INFO] Época 18/30, Batch 850/3348, Loss: 0.0440
2025-10-10 10:20:09,018 [INFO] Época 18/30, Batch 900/3348, Loss: 0.0991
2025-10-10 10:20:09,281 [INFO] Época 18/30, Batch 950/3348, Loss: 0.0743
2025-10-10 10:20:09,542 [INFO] Época 18/30, Batch 1000/3348, Loss: 0.0644
2025-10-10 10:20:09,803 [INFO] Época 18/30, Batch 1050/3348, Loss: 0.1087
2025-10-10 10:20:10,066 [INFO] Época 18/30, Batch 1100/3348, Loss: 0.1109
2025-10-10 10:20:10,329 [INFO] Época 18/30, Batch 1150/3348, Loss: 0.0541
2025-10-10 10:20:10,594 [INFO] Época 18/30, Batch 1200/3348, Loss: 0.0664
2025-10-10 10:20:10,858 [INFO] Época 18/30, Batch 1250/3348, Loss: 0.0768
2025-10-10 10:20:11,123 [INFO] Época 18/30, Batch 1300/3348, Loss: 0.0601
2025-10-10 10:20:11,387 [INFO] Época 18/30, Batch 1350/3348, Loss: 0.0882
2025-10-10 10:20:11,650 [INFO] Época 18/30, Batch 1400/3348, Loss: 0.0945
2025-10-10 10:20:11,914 [INFO] Época 18/30, Batch 1450/3348, Loss: 0.0537
2025-10-10 10:20:12,177 [INFO] Época 18/30, Batch 1500/3348, Loss: 0.1364
2025-10-10 10:20:12,440 [INFO] Época 18/30, Batch 1550/3348, Loss: 0.1281
2025-10-10 10:20:12,704 [INFO] Época 18/30, Batch 1600/3348, Loss: 0.0663
2025-10-10 10:20:12,969 [INFO] Época 18/30, Batch 1650/3348, Loss: 0.0894
2025-10-10 10:20:13,233 [INFO] Época 18/30, Batch 1700/3348, Loss: 0.1136
2025-10-10 10:20:13,496 [INFO] Época 18/30, Batch 1750/3348, Loss: 0.0850
2025-10-10 10:20:13,759 [INFO] Época 18/30, Batch 1800/3348, Loss: 0.0757
2025-10-10 10:20:14,020 [INFO] Época 18/30, Batch 1850/3348, Loss: 0.0508
2025-10-10 10:20:14,282 [INFO] Época 18/30, Batch 1900/3348, Loss: 0.0678
2025-10-10 10:20:14,544 [INFO] Época 18/30, Batch 1950/3348, Loss: 0.0576
2025-10-10 10:20:14,807 [INFO] Época 18/30, Batch 2000/3348, Loss: 0.0673
2025-10-10 10:20:15,074 [INFO] Época 18/30, Batch 2050/3348, Loss: 0.0798
2025-10-10 10:20:15,334 [INFO] Época 18/30, Batch 2100/3348, Loss: 0.0335
2025-10-10 10:20:15,597 [INFO] Época 18/30, Batch 2150/3348, Loss: 0.0770
2025-10-10 10:20:15,859 [INFO] Época 18/30, Batch 2200/3348, Loss: 0.0698
2025-10-10 10:20:16,121 [INFO] Época 18/30, Batch 2250/3348, Loss: 0.0734
2025-10-10 10:20:16,382 [INFO] Época 18/30, Batch 2300/3348, Loss: 0.1396
2025-10-10 10:20:16,648 [INFO] Época 18/30, Batch 2350/3348, Loss: 0.0675
2025-10-10 10:20:16,911 [INFO] Época 18/30, Batch 2400/3348, Loss: 0.0959
2025-10-10 10:20:17,175 [INFO] Época 18/30, Batch 2450/3348, Loss: 0.0707
2025-10-10 10:20:17,439 [INFO] Época 18/30, Batch 2500/3348, Loss: 0.0646
2025-10-10 10:20:17,703 [INFO] Época 18/30, Batch 2550/3348, Loss: 0.0474
2025-10-10 10:20:17,968 [INFO] Época 18/30, Batch 2600/3348, Loss: 0.0673
2025-10-10 10:20:18,231 [INFO] Época 18/30, Batch 2650/3348, Loss: 0.0760
2025-10-10 10:20:18,496 [INFO] Época 18/30, Batch 2700/3348, Loss: 0.0979
2025-10-10 10:20:18,761 [INFO] Época 18/30, Batch 2750/3348, Loss: 0.0356
2025-10-10 10:20:19,023 [INFO] Época 18/30, Batch 2800/3348, Loss: 0.0674
2025-10-10 10:20:19,284 [INFO] Época 18/30, Batch 2850/3348, Loss: 0.0807
2025-10-10 10:20:19,547 [INFO] Época 18/30, Batch 2900/3348, Loss: 0.0565
2025-10-10 10:20:19,821 [INFO] Época 18/30, Batch 2950/3348, Loss: 0.0926
2025-10-10 10:20:20,085 [INFO] Época 18/30, Batch 3000/3348, Loss: 0.0845
2025-10-10 10:20:20,347 [INFO] Época 18/30, Batch 3050/3348, Loss: 0.0572
2025-10-10 10:20:20,610 [INFO] Época 18/30, Batch 3100/3348, Loss: 0.0654
2025-10-10 10:20:20,875 [INFO] Época 18/30, Batch 3150/3348, Loss: 0.0828
2025-10-10 10:20:21,139 [INFO] Época 18/30, Batch 3200/3348, Loss: 0.0847
2025-10-10 10:20:21,403 [INFO] Época 18/30, Batch 3250/3348, Loss: 0.0347
2025-10-10 10:20:21,665 [INFO] Época 18/30, Batch 3300/3348, Loss: 0.1266
2025-10-10 10:20:23,532 [INFO] [18/30] Train Loss: 0.0786 | Val Loss: 0.1560 | Tempo: 19.59s
2025-10-10 10:20:24,123 [INFO] Época 19/30, Batch 50/3348, Loss: 0.0300
2025-10-10 10:20:24,394 [INFO] Época 19/30, Batch 100/3348, Loss: 0.1282
2025-10-10 10:20:24,663 [INFO] Época 19/30, Batch 150/3348, Loss: 0.1187
2025-10-10 10:20:24,934 [INFO] Época 19/30, Batch 200/3348, Loss: 0.0988
2025-10-10 10:20:25,203 [INFO] Época 19/30, Batch 250/3348, Loss: 0.0815
2025-10-10 10:20:25,473 [INFO] Época 19/30, Batch 300/3348, Loss: 0.0319
2025-10-10 10:20:25,741 [INFO] Época 19/30, Batch 350/3348, Loss: 0.0518
2025-10-10 10:20:26,005 [INFO] Época 19/30, Batch 400/3348, Loss: 0.0790
2025-10-10 10:20:26,269 [INFO] Época 19/30, Batch 450/3348, Loss: 0.0611
2025-10-10 10:20:26,531 [INFO] Época 19/30, Batch 500/3348, Loss: 0.0675
2025-10-10 10:20:26,796 [INFO] Época 19/30, Batch 550/3348, Loss: 0.0717
2025-10-10 10:20:27,061 [INFO] Época 19/30, Batch 600/3348, Loss: 0.0392
2025-10-10 10:20:27,324 [INFO] Época 19/30, Batch 650/3348, Loss: 0.1263
2025-10-10 10:20:27,584 [INFO] Época 19/30, Batch 700/3348, Loss: 0.0787
2025-10-10 10:20:27,842 [INFO] Época 19/30, Batch 750/3348, Loss: 0.0896
2025-10-10 10:20:28,100 [INFO] Época 19/30, Batch 800/3348, Loss: 0.1087
2025-10-10 10:20:28,363 [INFO] Época 19/30, Batch 850/3348, Loss: 0.0446
2025-10-10 10:20:28,627 [INFO] Época 19/30, Batch 900/3348, Loss: 0.0606
2025-10-10 10:20:28,891 [INFO] Época 19/30, Batch 950/3348, Loss: 0.1254
2025-10-10 10:20:29,154 [INFO] Época 19/30, Batch 1000/3348, Loss: 0.0465
2025-10-10 10:20:29,417 [INFO] Época 19/30, Batch 1050/3348, Loss: 0.0477
2025-10-10 10:20:29,679 [INFO] Época 19/30, Batch 1100/3348, Loss: 0.0411
2025-10-10 10:20:29,956 [INFO] Época 19/30, Batch 1150/3348, Loss: 0.0586
2025-10-10 10:20:30,220 [INFO] Época 19/30, Batch 1200/3348, Loss: 0.0337
2025-10-10 10:20:30,485 [INFO] Época 19/30, Batch 1250/3348, Loss: 0.0349
2025-10-10 10:20:30,751 [INFO] Época 19/30, Batch 1300/3348, Loss: 0.0356
2025-10-10 10:20:31,020 [INFO] Época 19/30, Batch 1350/3348, Loss: 0.0501
2025-10-10 10:20:31,289 [INFO] Época 19/30, Batch 1400/3348, Loss: 0.0404
2025-10-10 10:20:31,553 [INFO] Época 19/30, Batch 1450/3348, Loss: 0.0764
2025-10-10 10:20:31,818 [INFO] Época 19/30, Batch 1500/3348, Loss: 0.0335
2025-10-10 10:20:32,082 [INFO] Época 19/30, Batch 1550/3348, Loss: 0.0626
2025-10-10 10:20:32,345 [INFO] Época 19/30, Batch 1600/3348, Loss: 0.1069
2025-10-10 10:20:32,608 [INFO] Época 19/30, Batch 1650/3348, Loss: 0.0912
2025-10-10 10:20:32,872 [INFO] Época 19/30, Batch 1700/3348, Loss: 0.1166
2025-10-10 10:20:33,137 [INFO] Época 19/30, Batch 1750/3348, Loss: 0.0506
2025-10-10 10:20:33,401 [INFO] Época 19/30, Batch 1800/3348, Loss: 0.0867
2025-10-10 10:20:33,665 [INFO] Época 19/30, Batch 1850/3348, Loss: 0.1036
2025-10-10 10:20:33,930 [INFO] Época 19/30, Batch 1900/3348, Loss: 0.1190
2025-10-10 10:20:34,194 [INFO] Época 19/30, Batch 1950/3348, Loss: 0.0438
2025-10-10 10:20:34,460 [INFO] Época 19/30, Batch 2000/3348, Loss: 0.0842
2025-10-10 10:20:34,726 [INFO] Época 19/30, Batch 2050/3348, Loss: 0.1028
2025-10-10 10:20:35,002 [INFO] Época 19/30, Batch 2100/3348, Loss: 0.1483
2025-10-10 10:20:35,265 [INFO] Época 19/30, Batch 2150/3348, Loss: 0.0289
2025-10-10 10:20:35,531 [INFO] Época 19/30, Batch 2200/3348, Loss: 0.0739
2025-10-10 10:20:35,797 [INFO] Época 19/30, Batch 2250/3348, Loss: 0.0977
2025-10-10 10:20:36,066 [INFO] Época 19/30, Batch 2300/3348, Loss: 0.0657
2025-10-10 10:20:36,336 [INFO] Época 19/30, Batch 2350/3348, Loss: 0.0532
2025-10-10 10:20:36,605 [INFO] Época 19/30, Batch 2400/3348, Loss: 0.0436
2025-10-10 10:20:36,875 [INFO] Época 19/30, Batch 2450/3348, Loss: 0.0677
2025-10-10 10:20:37,144 [INFO] Época 19/30, Batch 2500/3348, Loss: 0.0868
2025-10-10 10:20:37,413 [INFO] Época 19/30, Batch 2550/3348, Loss: 0.1022
2025-10-10 10:20:37,683 [INFO] Época 19/30, Batch 2600/3348, Loss: 0.0654
2025-10-10 10:20:37,954 [INFO] Época 19/30, Batch 2650/3348, Loss: 0.0396
2025-10-10 10:20:38,226 [INFO] Época 19/30, Batch 2700/3348, Loss: 0.0362
2025-10-10 10:20:38,496 [INFO] Época 19/30, Batch 2750/3348, Loss: 0.0537
2025-10-10 10:20:38,762 [INFO] Época 19/30, Batch 2800/3348, Loss: 0.0860
2025-10-10 10:20:39,029 [INFO] Época 19/30, Batch 2850/3348, Loss: 0.0892
2025-10-10 10:20:39,297 [INFO] Época 19/30, Batch 2900/3348, Loss: 0.0742
2025-10-10 10:20:39,562 [INFO] Época 19/30, Batch 2950/3348, Loss: 0.0653
2025-10-10 10:20:39,829 [INFO] Época 19/30, Batch 3000/3348, Loss: 0.0632
2025-10-10 10:20:40,110 [INFO] Época 19/30, Batch 3050/3348, Loss: 0.0797
2025-10-10 10:20:40,377 [INFO] Época 19/30, Batch 3100/3348, Loss: 0.0822
2025-10-10 10:20:40,644 [INFO] Época 19/30, Batch 3150/3348, Loss: 0.0619
2025-10-10 10:20:40,911 [INFO] Época 19/30, Batch 3200/3348, Loss: 0.0938
2025-10-10 10:20:41,179 [INFO] Época 19/30, Batch 3250/3348, Loss: 0.0609
2025-10-10 10:20:41,443 [INFO] Época 19/30, Batch 3300/3348, Loss: 0.0482
2025-10-10 10:20:43,306 [INFO] [19/30] Train Loss: 0.0771 | Val Loss: 0.1389 | Tempo: 19.77s
2025-10-10 10:20:43,307 [INFO] Early stopping ativado após 10 épocas sem melhoria
2025-10-10 10:20:43,307 [INFO] Treinamento concluído em 372.91 segundos (6.22 minutos)
2025-10-10 10:20:43,307 [INFO] Iniciando avaliação no conjunto de teste...
2025-10-10 10:20:44,788 [INFO] Avaliação do teste concluída em 1.48 segundos
2025-10-10 10:20:44,788 [INFO] MSE no teste: 1.1905
2025-10-10 10:20:44,788 [INFO] RMSE no teste: 1.0911
2025-10-10 10:20:44,789 [INFO] MAE no teste: 0.9061
2025-10-10 10:20:44,789 [INFO] Métricas salvas em /mnt/hdd/home/jdurao/ToolBox-ChemXAI/logs/mlp_att12_Topological_metrics.json
