2025-10-09 19:18:31,961 [INFO] Iniciando treinamento do modelo mlp_att2_EState
2025-10-09 19:18:31,961 [INFO] Configuração: att_index=2, epochs=30, layers=[128, 64, 32], lr=0.001, batch_size=32, descriptor_type=EState
2025-10-09 19:18:31,961 [INFO] Diretório para modelos: /mnt/hdd/home/jdurao/ToolBox-ChemXAI/models
2025-10-09 19:18:31,961 [INFO] Carregando dados...
2025-10-09 19:18:32,044 [INFO] Preparando dataloaders sem ruído...
2025-10-09 19:18:34,950 [INFO] Dados carregados em 2.99 segundos
2025-10-09 19:18:34,950 [INFO] Tamanhos dos conjuntos - Treino: 107108, Validação: 13388, Teste: 13389
2025-10-09 19:18:34,950 [INFO] Usando dispositivo: cuda
2025-10-09 19:18:35,322 [INFO] Dimensão de entrada: 79, Dimensão de saída: 1
2025-10-09 19:18:35,323 [INFO] Criando modelo MLP com camadas: [128, 64, 32]
2025-10-09 19:18:35,326 [INFO] Modelo criado com 20609 parâmetros
2025-10-09 19:18:35,327 [INFO] Iniciando treinamento com 30 épocas...
2025-10-09 19:18:35,912 [INFO] Época 1/30, Batch 50/3348, Loss: 0.1735
2025-10-09 19:18:36,178 [INFO] Época 1/30, Batch 100/3348, Loss: 0.1611
2025-10-09 19:18:36,441 [INFO] Época 1/30, Batch 150/3348, Loss: 0.2082
2025-10-09 19:18:36,704 [INFO] Época 1/30, Batch 200/3348, Loss: 0.1746
2025-10-09 19:18:36,965 [INFO] Época 1/30, Batch 250/3348, Loss: 0.1787
2025-10-09 19:18:37,225 [INFO] Época 1/30, Batch 300/3348, Loss: 0.2013
2025-10-09 19:18:37,489 [INFO] Época 1/30, Batch 350/3348, Loss: 0.2059
2025-10-09 19:18:37,750 [INFO] Época 1/30, Batch 400/3348, Loss: 0.2199
2025-10-09 19:18:38,012 [INFO] Época 1/30, Batch 450/3348, Loss: 0.1860
2025-10-09 19:18:38,266 [INFO] Época 1/30, Batch 500/3348, Loss: 0.1704
2025-10-09 19:18:38,518 [INFO] Época 1/30, Batch 550/3348, Loss: 0.1954
2025-10-09 19:18:38,774 [INFO] Época 1/30, Batch 600/3348, Loss: 0.1621
2025-10-09 19:18:39,035 [INFO] Época 1/30, Batch 650/3348, Loss: 0.1583
2025-10-09 19:18:39,298 [INFO] Época 1/30, Batch 700/3348, Loss: 0.1560
2025-10-09 19:18:39,558 [INFO] Época 1/30, Batch 750/3348, Loss: 0.1490
2025-10-09 19:18:39,816 [INFO] Época 1/30, Batch 800/3348, Loss: 0.1602
2025-10-09 19:18:40,075 [INFO] Época 1/30, Batch 850/3348, Loss: 0.1753
2025-10-09 19:18:40,334 [INFO] Época 1/30, Batch 900/3348, Loss: 0.1675
2025-10-09 19:18:40,595 [INFO] Época 1/30, Batch 950/3348, Loss: 0.1648
2025-10-09 19:18:40,855 [INFO] Época 1/30, Batch 1000/3348, Loss: 0.1552
2025-10-09 19:18:41,116 [INFO] Época 1/30, Batch 1050/3348, Loss: 0.2615
2025-10-09 19:18:41,378 [INFO] Época 1/30, Batch 1100/3348, Loss: 0.2015
2025-10-09 19:18:41,638 [INFO] Época 1/30, Batch 1150/3348, Loss: 0.1375
2025-10-09 19:18:41,899 [INFO] Época 1/30, Batch 1200/3348, Loss: 0.1665
2025-10-09 19:18:42,160 [INFO] Época 1/30, Batch 1250/3348, Loss: 0.1805
2025-10-09 19:18:42,418 [INFO] Época 1/30, Batch 1300/3348, Loss: 0.1700
2025-10-09 19:18:42,679 [INFO] Época 1/30, Batch 1350/3348, Loss: 0.1704
2025-10-09 19:18:42,940 [INFO] Época 1/30, Batch 1400/3348, Loss: 0.1792
2025-10-09 19:18:43,199 [INFO] Época 1/30, Batch 1450/3348, Loss: 0.1431
2025-10-09 19:18:43,457 [INFO] Época 1/30, Batch 1500/3348, Loss: 0.2747
2025-10-09 19:18:43,716 [INFO] Época 1/30, Batch 1550/3348, Loss: 0.1545
2025-10-09 19:18:43,975 [INFO] Época 1/30, Batch 1600/3348, Loss: 0.1334
2025-10-09 19:18:44,232 [INFO] Época 1/30, Batch 1650/3348, Loss: 0.1984
2025-10-09 19:18:44,493 [INFO] Época 1/30, Batch 1700/3348, Loss: 0.3876
2025-10-09 19:18:44,753 [INFO] Época 1/30, Batch 1750/3348, Loss: 0.1825
2025-10-09 19:18:45,021 [INFO] Época 1/30, Batch 1800/3348, Loss: 0.1451
2025-10-09 19:18:45,285 [INFO] Época 1/30, Batch 1850/3348, Loss: 0.1305
2025-10-09 19:18:45,549 [INFO] Época 1/30, Batch 1900/3348, Loss: 0.2236
2025-10-09 19:18:45,809 [INFO] Época 1/30, Batch 1950/3348, Loss: 0.1559
2025-10-09 19:18:46,069 [INFO] Época 1/30, Batch 2000/3348, Loss: 0.1657
2025-10-09 19:18:46,333 [INFO] Época 1/30, Batch 2050/3348, Loss: 0.1866
2025-10-09 19:18:46,598 [INFO] Época 1/30, Batch 2100/3348, Loss: 0.1529
2025-10-09 19:18:46,863 [INFO] Época 1/30, Batch 2150/3348, Loss: 0.1981
2025-10-09 19:18:47,127 [INFO] Época 1/30, Batch 2200/3348, Loss: 0.1865
2025-10-09 19:18:47,388 [INFO] Época 1/30, Batch 2250/3348, Loss: 0.1096
2025-10-09 19:18:47,652 [INFO] Época 1/30, Batch 2300/3348, Loss: 0.1930
2025-10-09 19:18:47,904 [INFO] Época 1/30, Batch 2350/3348, Loss: 0.1379
2025-10-09 19:18:48,162 [INFO] Época 1/30, Batch 2400/3348, Loss: 0.1545
2025-10-09 19:18:48,419 [INFO] Época 1/30, Batch 2450/3348, Loss: 0.1676
2025-10-09 19:18:48,678 [INFO] Época 1/30, Batch 2500/3348, Loss: 0.1685
2025-10-09 19:18:48,936 [INFO] Época 1/30, Batch 2550/3348, Loss: 0.1668
2025-10-09 19:18:49,193 [INFO] Época 1/30, Batch 2600/3348, Loss: 0.1669
2025-10-09 19:18:49,455 [INFO] Época 1/30, Batch 2650/3348, Loss: 0.1587
2025-10-09 19:18:49,713 [INFO] Época 1/30, Batch 2700/3348, Loss: 0.1945
2025-10-09 19:18:49,975 [INFO] Época 1/30, Batch 2750/3348, Loss: 0.1660
2025-10-09 19:18:50,235 [INFO] Época 1/30, Batch 2800/3348, Loss: 0.1154
2025-10-09 19:18:50,492 [INFO] Época 1/30, Batch 2850/3348, Loss: 0.2087
2025-10-09 19:18:50,749 [INFO] Época 1/30, Batch 2900/3348, Loss: 0.1381
2025-10-09 19:18:51,007 [INFO] Época 1/30, Batch 2950/3348, Loss: 0.1810
2025-10-09 19:18:51,267 [INFO] Época 1/30, Batch 3000/3348, Loss: 8.2203
2025-10-09 19:18:51,527 [INFO] Época 1/30, Batch 3050/3348, Loss: 0.1411
2025-10-09 19:18:51,786 [INFO] Época 1/30, Batch 3100/3348, Loss: 0.1382
2025-10-09 19:18:52,043 [INFO] Época 1/30, Batch 3150/3348, Loss: 0.1868
2025-10-09 19:18:52,301 [INFO] Época 1/30, Batch 3200/3348, Loss: 0.1710
2025-10-09 19:18:52,562 [INFO] Época 1/30, Batch 3250/3348, Loss: 0.1470
2025-10-09 19:18:52,820 [INFO] Época 1/30, Batch 3300/3348, Loss: 0.1387
2025-10-09 19:18:54,714 [INFO] [1/30] Train Loss: 0.1806 | Val Loss: 0.1835 | Tempo: 19.39s
2025-10-09 19:18:54,718 [INFO] Melhor modelo salvo em: /mnt/hdd/home/jdurao/ToolBox-ChemXAI/models/mlp_qm9_EState_att2_large.pth
2025-10-09 19:18:55,313 [INFO] Época 2/30, Batch 50/3348, Loss: 0.2164
2025-10-09 19:18:55,580 [INFO] Época 2/30, Batch 100/3348, Loss: 0.2235
2025-10-09 19:18:55,845 [INFO] Época 2/30, Batch 150/3348, Loss: 0.1686
2025-10-09 19:18:56,109 [INFO] Época 2/30, Batch 200/3348, Loss: 0.1233
2025-10-09 19:18:56,371 [INFO] Época 2/30, Batch 250/3348, Loss: 0.1557
2025-10-09 19:18:56,632 [INFO] Época 2/30, Batch 300/3348, Loss: 0.2790
2025-10-09 19:18:56,891 [INFO] Época 2/30, Batch 350/3348, Loss: 0.2090
2025-10-09 19:18:57,152 [INFO] Época 2/30, Batch 400/3348, Loss: 0.1922
2025-10-09 19:18:57,413 [INFO] Época 2/30, Batch 450/3348, Loss: 0.1352
2025-10-09 19:18:57,677 [INFO] Época 2/30, Batch 500/3348, Loss: 0.1516
2025-10-09 19:18:57,937 [INFO] Época 2/30, Batch 550/3348, Loss: 0.1541
2025-10-09 19:18:58,199 [INFO] Época 2/30, Batch 600/3348, Loss: 0.1297
2025-10-09 19:18:58,462 [INFO] Época 2/30, Batch 650/3348, Loss: 0.1442
2025-10-09 19:18:58,725 [INFO] Época 2/30, Batch 700/3348, Loss: 0.1914
2025-10-09 19:18:58,988 [INFO] Época 2/30, Batch 750/3348, Loss: 0.1894
2025-10-09 19:18:59,250 [INFO] Época 2/30, Batch 800/3348, Loss: 0.2503
2025-10-09 19:18:59,512 [INFO] Época 2/30, Batch 850/3348, Loss: 0.1126
2025-10-09 19:18:59,775 [INFO] Época 2/30, Batch 900/3348, Loss: 0.2370
2025-10-09 19:19:00,038 [INFO] Época 2/30, Batch 950/3348, Loss: 0.2348
2025-10-09 19:19:00,299 [INFO] Época 2/30, Batch 1000/3348, Loss: 0.1717
2025-10-09 19:19:00,559 [INFO] Época 2/30, Batch 1050/3348, Loss: 0.2095
2025-10-09 19:19:00,821 [INFO] Época 2/30, Batch 1100/3348, Loss: 0.2164
2025-10-09 19:19:01,081 [INFO] Época 2/30, Batch 1150/3348, Loss: 0.2315
2025-10-09 19:19:01,341 [INFO] Época 2/30, Batch 1200/3348, Loss: 0.1994
2025-10-09 19:19:01,602 [INFO] Época 2/30, Batch 1250/3348, Loss: 0.1475
2025-10-09 19:19:01,862 [INFO] Época 2/30, Batch 1300/3348, Loss: 0.1491
2025-10-09 19:19:02,123 [INFO] Época 2/30, Batch 1350/3348, Loss: 0.1466
2025-10-09 19:19:02,383 [INFO] Época 2/30, Batch 1400/3348, Loss: 0.1331
2025-10-09 19:19:02,643 [INFO] Época 2/30, Batch 1450/3348, Loss: 0.1537
2025-10-09 19:19:02,904 [INFO] Época 2/30, Batch 1500/3348, Loss: 0.1724
2025-10-09 19:19:03,165 [INFO] Época 2/30, Batch 1550/3348, Loss: 0.1607
2025-10-09 19:19:03,427 [INFO] Época 2/30, Batch 1600/3348, Loss: 0.1639
2025-10-09 19:19:03,687 [INFO] Época 2/30, Batch 1650/3348, Loss: 0.1423
2025-10-09 19:19:03,947 [INFO] Época 2/30, Batch 1700/3348, Loss: 0.1321
2025-10-09 19:19:04,209 [INFO] Época 2/30, Batch 1750/3348, Loss: 0.1544
2025-10-09 19:19:04,470 [INFO] Época 2/30, Batch 1800/3348, Loss: 0.1857
2025-10-09 19:19:04,734 [INFO] Época 2/30, Batch 1850/3348, Loss: 0.1604
2025-10-09 19:19:04,994 [INFO] Época 2/30, Batch 1900/3348, Loss: 0.2213
2025-10-09 19:19:05,253 [INFO] Época 2/30, Batch 1950/3348, Loss: 0.1854
2025-10-09 19:19:05,514 [INFO] Época 2/30, Batch 2000/3348, Loss: 0.1845
2025-10-09 19:19:05,772 [INFO] Época 2/30, Batch 2050/3348, Loss: 0.2229
2025-10-09 19:19:06,033 [INFO] Época 2/30, Batch 2100/3348, Loss: 0.1720
2025-10-09 19:19:06,293 [INFO] Época 2/30, Batch 2150/3348, Loss: 0.1885
2025-10-09 19:19:06,552 [INFO] Época 2/30, Batch 2200/3348, Loss: 0.1478
2025-10-09 19:19:06,813 [INFO] Época 2/30, Batch 2250/3348, Loss: 0.1377
2025-10-09 19:19:07,072 [INFO] Época 2/30, Batch 2300/3348, Loss: 0.2363
2025-10-09 19:19:07,331 [INFO] Época 2/30, Batch 2350/3348, Loss: 0.1130
2025-10-09 19:19:07,591 [INFO] Época 2/30, Batch 2400/3348, Loss: 0.1754
2025-10-09 19:19:07,852 [INFO] Época 2/30, Batch 2450/3348, Loss: 0.1441
2025-10-09 19:19:08,114 [INFO] Época 2/30, Batch 2500/3348, Loss: 0.1897
2025-10-09 19:19:08,373 [INFO] Época 2/30, Batch 2550/3348, Loss: 0.1698
2025-10-09 19:19:08,634 [INFO] Época 2/30, Batch 2600/3348, Loss: 0.1777
2025-10-09 19:19:08,893 [INFO] Época 2/30, Batch 2650/3348, Loss: 0.1518
2025-10-09 19:19:09,153 [INFO] Época 2/30, Batch 2700/3348, Loss: 0.1474
2025-10-09 19:19:09,417 [INFO] Época 2/30, Batch 2750/3348, Loss: 0.1697
2025-10-09 19:19:09,679 [INFO] Época 2/30, Batch 2800/3348, Loss: 0.2076
2025-10-09 19:19:09,938 [INFO] Época 2/30, Batch 2850/3348, Loss: 0.2076
2025-10-09 19:19:10,198 [INFO] Época 2/30, Batch 2900/3348, Loss: 0.1917
2025-10-09 19:19:10,459 [INFO] Época 2/30, Batch 2950/3348, Loss: 0.1448
2025-10-09 19:19:10,722 [INFO] Época 2/30, Batch 3000/3348, Loss: 0.1312
2025-10-09 19:19:10,985 [INFO] Época 2/30, Batch 3050/3348, Loss: 0.1184
2025-10-09 19:19:11,245 [INFO] Época 2/30, Batch 3100/3348, Loss: 0.1474
2025-10-09 19:19:11,506 [INFO] Época 2/30, Batch 3150/3348, Loss: 0.1392
2025-10-09 19:19:11,765 [INFO] Época 2/30, Batch 3200/3348, Loss: 0.1453
2025-10-09 19:19:12,027 [INFO] Época 2/30, Batch 3250/3348, Loss: 0.1622
2025-10-09 19:19:12,293 [INFO] Época 2/30, Batch 3300/3348, Loss: 0.1205
2025-10-09 19:19:14,119 [INFO] [2/30] Train Loss: 0.1761 | Val Loss: 0.1843 | Tempo: 19.40s
2025-10-09 19:19:14,738 [INFO] Época 3/30, Batch 50/3348, Loss: 0.1993
2025-10-09 19:19:14,999 [INFO] Época 3/30, Batch 100/3348, Loss: 0.2275
2025-10-09 19:19:15,258 [INFO] Época 3/30, Batch 150/3348, Loss: 0.1247
2025-10-09 19:19:15,514 [INFO] Época 3/30, Batch 200/3348, Loss: 0.1529
2025-10-09 19:19:15,771 [INFO] Época 3/30, Batch 250/3348, Loss: 0.2216
2025-10-09 19:19:16,036 [INFO] Época 3/30, Batch 300/3348, Loss: 0.1791
2025-10-09 19:19:16,302 [INFO] Época 3/30, Batch 350/3348, Loss: 0.1785
2025-10-09 19:19:16,556 [INFO] Época 3/30, Batch 400/3348, Loss: 0.1637
2025-10-09 19:19:16,811 [INFO] Época 3/30, Batch 450/3348, Loss: 0.2147
2025-10-09 19:19:17,063 [INFO] Época 3/30, Batch 500/3348, Loss: 0.1595
2025-10-09 19:19:17,317 [INFO] Época 3/30, Batch 550/3348, Loss: 0.2522
2025-10-09 19:19:17,569 [INFO] Época 3/30, Batch 600/3348, Loss: 0.1912
2025-10-09 19:19:17,823 [INFO] Época 3/30, Batch 650/3348, Loss: 0.1713
2025-10-09 19:19:18,074 [INFO] Época 3/30, Batch 700/3348, Loss: 0.2027
2025-10-09 19:19:18,326 [INFO] Época 3/30, Batch 750/3348, Loss: 0.2320
2025-10-09 19:19:18,571 [INFO] Época 3/30, Batch 800/3348, Loss: 0.2057
2025-10-09 19:19:18,818 [INFO] Época 3/30, Batch 850/3348, Loss: 0.1687
2025-10-09 19:19:19,063 [INFO] Época 3/30, Batch 900/3348, Loss: 0.1622
2025-10-09 19:19:19,309 [INFO] Época 3/30, Batch 950/3348, Loss: 0.2058
2025-10-09 19:19:19,559 [INFO] Época 3/30, Batch 1000/3348, Loss: 0.1659
2025-10-09 19:19:19,805 [INFO] Época 3/30, Batch 1050/3348, Loss: 0.1445
2025-10-09 19:19:20,052 [INFO] Época 3/30, Batch 1100/3348, Loss: 0.2567
2025-10-09 19:19:20,299 [INFO] Época 3/30, Batch 1150/3348, Loss: 0.1965
2025-10-09 19:19:20,546 [INFO] Época 3/30, Batch 1200/3348, Loss: 0.1319
2025-10-09 19:19:20,794 [INFO] Época 3/30, Batch 1250/3348, Loss: 0.2028
2025-10-09 19:19:21,045 [INFO] Época 3/30, Batch 1300/3348, Loss: 0.1909
2025-10-09 19:19:21,298 [INFO] Época 3/30, Batch 1350/3348, Loss: 0.1799
2025-10-09 19:19:21,552 [INFO] Época 3/30, Batch 1400/3348, Loss: 0.2305
2025-10-09 19:19:21,802 [INFO] Época 3/30, Batch 1450/3348, Loss: 0.1256
2025-10-09 19:19:22,049 [INFO] Época 3/30, Batch 1500/3348, Loss: 0.1980
2025-10-09 19:19:22,296 [INFO] Época 3/30, Batch 1550/3348, Loss: 0.1995
2025-10-09 19:19:22,542 [INFO] Época 3/30, Batch 1600/3348, Loss: 0.1460
2025-10-09 19:19:22,789 [INFO] Época 3/30, Batch 1650/3348, Loss: 0.2062
2025-10-09 19:19:23,035 [INFO] Época 3/30, Batch 1700/3348, Loss: 0.1190
2025-10-09 19:19:23,279 [INFO] Época 3/30, Batch 1750/3348, Loss: 0.2733
2025-10-09 19:19:23,525 [INFO] Época 3/30, Batch 1800/3348, Loss: 0.1411
2025-10-09 19:19:23,770 [INFO] Época 3/30, Batch 1850/3348, Loss: 0.1548
2025-10-09 19:19:24,014 [INFO] Época 3/30, Batch 1900/3348, Loss: 0.1988
2025-10-09 19:19:24,259 [INFO] Época 3/30, Batch 1950/3348, Loss: 0.2065
2025-10-09 19:19:24,505 [INFO] Época 3/30, Batch 2000/3348, Loss: 0.1394
2025-10-09 19:19:24,758 [INFO] Época 3/30, Batch 2050/3348, Loss: 0.1505
2025-10-09 19:19:25,009 [INFO] Época 3/30, Batch 2100/3348, Loss: 0.1510
2025-10-09 19:19:25,261 [INFO] Época 3/30, Batch 2150/3348, Loss: 0.1581
2025-10-09 19:19:25,513 [INFO] Época 3/30, Batch 2200/3348, Loss: 0.1465
2025-10-09 19:19:25,765 [INFO] Época 3/30, Batch 2250/3348, Loss: 0.1713
2025-10-09 19:19:26,019 [INFO] Época 3/30, Batch 2300/3348, Loss: 0.1527
2025-10-09 19:19:26,273 [INFO] Época 3/30, Batch 2350/3348, Loss: 0.1750
2025-10-09 19:19:26,525 [INFO] Época 3/30, Batch 2400/3348, Loss: 0.1461
2025-10-09 19:19:26,778 [INFO] Época 3/30, Batch 2450/3348, Loss: 0.1393
2025-10-09 19:19:27,031 [INFO] Época 3/30, Batch 2500/3348, Loss: 0.1816
2025-10-09 19:19:27,283 [INFO] Época 3/30, Batch 2550/3348, Loss: 0.2170
2025-10-09 19:19:27,528 [INFO] Época 3/30, Batch 2600/3348, Loss: 0.1524
2025-10-09 19:19:27,776 [INFO] Época 3/30, Batch 2650/3348, Loss: 0.1862
2025-10-09 19:19:28,026 [INFO] Época 3/30, Batch 2700/3348, Loss: 0.1593
2025-10-09 19:19:28,276 [INFO] Época 3/30, Batch 2750/3348, Loss: 0.1673
2025-10-09 19:19:28,529 [INFO] Época 3/30, Batch 2800/3348, Loss: 0.1484
2025-10-09 19:19:28,787 [INFO] Época 3/30, Batch 2850/3348, Loss: 0.1762
2025-10-09 19:19:29,042 [INFO] Época 3/30, Batch 2900/3348, Loss: 0.1333
2025-10-09 19:19:29,297 [INFO] Época 3/30, Batch 2950/3348, Loss: 0.2903
2025-10-09 19:19:29,554 [INFO] Época 3/30, Batch 3000/3348, Loss: 0.2253
2025-10-09 19:19:29,811 [INFO] Época 3/30, Batch 3050/3348, Loss: 0.1757
2025-10-09 19:19:30,066 [INFO] Época 3/30, Batch 3100/3348, Loss: 0.2084
2025-10-09 19:19:30,318 [INFO] Época 3/30, Batch 3150/3348, Loss: 0.1349
2025-10-09 19:19:30,568 [INFO] Época 3/30, Batch 3200/3348, Loss: 0.1466
2025-10-09 19:19:30,821 [INFO] Época 3/30, Batch 3250/3348, Loss: 0.1661
2025-10-09 19:19:31,076 [INFO] Época 3/30, Batch 3300/3348, Loss: 0.1547
2025-10-09 19:19:32,938 [INFO] [3/30] Train Loss: 0.1745 | Val Loss: 0.1945 | Tempo: 18.82s
2025-10-09 19:19:33,534 [INFO] Época 4/30, Batch 50/3348, Loss: 0.1567
2025-10-09 19:19:33,797 [INFO] Época 4/30, Batch 100/3348, Loss: 0.2629
2025-10-09 19:19:34,061 [INFO] Época 4/30, Batch 150/3348, Loss: 0.2185
2025-10-09 19:19:34,323 [INFO] Época 4/30, Batch 200/3348, Loss: 0.2008
2025-10-09 19:19:34,587 [INFO] Época 4/30, Batch 250/3348, Loss: 0.1313
2025-10-09 19:19:34,849 [INFO] Época 4/30, Batch 300/3348, Loss: 0.1599
2025-10-09 19:19:35,108 [INFO] Época 4/30, Batch 350/3348, Loss: 0.2124
2025-10-09 19:19:35,367 [INFO] Época 4/30, Batch 400/3348, Loss: 0.0934
2025-10-09 19:19:35,626 [INFO] Época 4/30, Batch 450/3348, Loss: 0.1618
2025-10-09 19:19:35,886 [INFO] Época 4/30, Batch 500/3348, Loss: 0.1367
2025-10-09 19:19:36,146 [INFO] Época 4/30, Batch 550/3348, Loss: 0.1468
2025-10-09 19:19:36,404 [INFO] Época 4/30, Batch 600/3348, Loss: 0.1967
2025-10-09 19:19:36,664 [INFO] Época 4/30, Batch 650/3348, Loss: 0.2150
2025-10-09 19:19:36,924 [INFO] Época 4/30, Batch 700/3348, Loss: 0.1811
2025-10-09 19:19:37,184 [INFO] Época 4/30, Batch 750/3348, Loss: 0.1606
2025-10-09 19:19:37,445 [INFO] Época 4/30, Batch 800/3348, Loss: 0.1373
2025-10-09 19:19:37,704 [INFO] Época 4/30, Batch 850/3348, Loss: 0.2556
2025-10-09 19:19:37,958 [INFO] Época 4/30, Batch 900/3348, Loss: 0.1306
2025-10-09 19:19:38,210 [INFO] Época 4/30, Batch 950/3348, Loss: 0.1709
2025-10-09 19:19:38,460 [INFO] Época 4/30, Batch 1000/3348, Loss: 1.1027
2025-10-09 19:19:38,712 [INFO] Época 4/30, Batch 1050/3348, Loss: 0.2153
2025-10-09 19:19:38,962 [INFO] Época 4/30, Batch 1100/3348, Loss: 0.1133
2025-10-09 19:19:39,212 [INFO] Época 4/30, Batch 1150/3348, Loss: 0.1540
2025-10-09 19:19:39,461 [INFO] Época 4/30, Batch 1200/3348, Loss: 0.1721
2025-10-09 19:19:39,711 [INFO] Época 4/30, Batch 1250/3348, Loss: 0.1363
2025-10-09 19:19:39,970 [INFO] Época 4/30, Batch 1300/3348, Loss: 0.1328
2025-10-09 19:19:40,231 [INFO] Época 4/30, Batch 1350/3348, Loss: 0.1419
2025-10-09 19:19:40,491 [INFO] Época 4/30, Batch 1400/3348, Loss: 0.1164
2025-10-09 19:19:40,750 [INFO] Época 4/30, Batch 1450/3348, Loss: 0.1742
2025-10-09 19:19:41,009 [INFO] Época 4/30, Batch 1500/3348, Loss: 0.1155
2025-10-09 19:19:41,269 [INFO] Época 4/30, Batch 1550/3348, Loss: 0.1724
2025-10-09 19:19:41,530 [INFO] Época 4/30, Batch 1600/3348, Loss: 0.1607
2025-10-09 19:19:41,791 [INFO] Época 4/30, Batch 1650/3348, Loss: 0.1461
2025-10-09 19:19:42,051 [INFO] Época 4/30, Batch 1700/3348, Loss: 0.2665
2025-10-09 19:19:42,312 [INFO] Época 4/30, Batch 1750/3348, Loss: 0.1477
2025-10-09 19:19:42,574 [INFO] Época 4/30, Batch 1800/3348, Loss: 0.1911
2025-10-09 19:19:42,837 [INFO] Época 4/30, Batch 1850/3348, Loss: 0.2361
2025-10-09 19:19:43,098 [INFO] Época 4/30, Batch 1900/3348, Loss: 0.3046
2025-10-09 19:19:43,357 [INFO] Época 4/30, Batch 1950/3348, Loss: 0.1850
2025-10-09 19:19:43,618 [INFO] Época 4/30, Batch 2000/3348, Loss: 0.1605
2025-10-09 19:19:43,880 [INFO] Época 4/30, Batch 2050/3348, Loss: 0.1588
2025-10-09 19:19:44,141 [INFO] Época 4/30, Batch 2100/3348, Loss: 0.1251
2025-10-09 19:19:44,402 [INFO] Época 4/30, Batch 2150/3348, Loss: 0.1688
2025-10-09 19:19:44,664 [INFO] Época 4/30, Batch 2200/3348, Loss: 0.1287
2025-10-09 19:19:44,923 [INFO] Época 4/30, Batch 2250/3348, Loss: 0.1589
2025-10-09 19:19:45,183 [INFO] Época 4/30, Batch 2300/3348, Loss: 0.2063
2025-10-09 19:19:45,442 [INFO] Época 4/30, Batch 2350/3348, Loss: 0.1544
2025-10-09 19:19:45,701 [INFO] Época 4/30, Batch 2400/3348, Loss: 0.1235
2025-10-09 19:19:45,960 [INFO] Época 4/30, Batch 2450/3348, Loss: 0.1924
2025-10-09 19:19:46,221 [INFO] Época 4/30, Batch 2500/3348, Loss: 0.0986
2025-10-09 19:19:46,480 [INFO] Época 4/30, Batch 2550/3348, Loss: 0.1602
2025-10-09 19:19:46,740 [INFO] Época 4/30, Batch 2600/3348, Loss: 0.1800
2025-10-09 19:19:46,997 [INFO] Época 4/30, Batch 2650/3348, Loss: 0.1777
2025-10-09 19:19:47,256 [INFO] Época 4/30, Batch 2700/3348, Loss: 0.2068
2025-10-09 19:19:47,513 [INFO] Época 4/30, Batch 2750/3348, Loss: 0.1823
2025-10-09 19:19:47,775 [INFO] Época 4/30, Batch 2800/3348, Loss: 0.2145
2025-10-09 19:19:48,034 [INFO] Época 4/30, Batch 2850/3348, Loss: 0.1599
2025-10-09 19:19:48,292 [INFO] Época 4/30, Batch 2900/3348, Loss: 0.1822
2025-10-09 19:19:48,551 [INFO] Época 4/30, Batch 2950/3348, Loss: 0.1208
2025-10-09 19:19:48,810 [INFO] Época 4/30, Batch 3000/3348, Loss: 0.1808
2025-10-09 19:19:49,069 [INFO] Época 4/30, Batch 3050/3348, Loss: 0.2024
2025-10-09 19:19:49,331 [INFO] Época 4/30, Batch 3100/3348, Loss: 0.1968
2025-10-09 19:19:49,590 [INFO] Época 4/30, Batch 3150/3348, Loss: 0.1620
2025-10-09 19:19:49,858 [INFO] Época 4/30, Batch 3200/3348, Loss: 0.1106
2025-10-09 19:19:50,121 [INFO] Época 4/30, Batch 3250/3348, Loss: 0.1331
2025-10-09 19:19:50,384 [INFO] Época 4/30, Batch 3300/3348, Loss: 0.1492
2025-10-09 19:19:52,134 [INFO] [4/30] Train Loss: 0.1734 | Val Loss: 0.1699 | Tempo: 19.20s
2025-10-09 19:19:52,138 [INFO] Melhor modelo salvo em: /mnt/hdd/home/jdurao/ToolBox-ChemXAI/models/mlp_qm9_EState_att2_large.pth
2025-10-09 19:19:52,728 [INFO] Época 5/30, Batch 50/3348, Loss: 0.1787
2025-10-09 19:19:52,993 [INFO] Época 5/30, Batch 100/3348, Loss: 0.1179
2025-10-09 19:19:53,257 [INFO] Época 5/30, Batch 150/3348, Loss: 0.1567
2025-10-09 19:19:53,517 [INFO] Época 5/30, Batch 200/3348, Loss: 0.1842
2025-10-09 19:19:53,777 [INFO] Época 5/30, Batch 250/3348, Loss: 0.2016
2025-10-09 19:19:54,038 [INFO] Época 5/30, Batch 300/3348, Loss: 0.1851
2025-10-09 19:19:54,297 [INFO] Época 5/30, Batch 350/3348, Loss: 0.1668
2025-10-09 19:19:54,555 [INFO] Época 5/30, Batch 400/3348, Loss: 0.2032
2025-10-09 19:19:54,813 [INFO] Época 5/30, Batch 450/3348, Loss: 0.2045
2025-10-09 19:19:55,080 [INFO] Época 5/30, Batch 500/3348, Loss: 0.1749
2025-10-09 19:19:55,340 [INFO] Época 5/30, Batch 550/3348, Loss: 0.2028
2025-10-09 19:19:55,600 [INFO] Época 5/30, Batch 600/3348, Loss: 0.1586
2025-10-09 19:19:55,860 [INFO] Época 5/30, Batch 650/3348, Loss: 0.1355
2025-10-09 19:19:56,119 [INFO] Época 5/30, Batch 700/3348, Loss: 0.1763
2025-10-09 19:19:56,375 [INFO] Época 5/30, Batch 750/3348, Loss: 0.1316
2025-10-09 19:19:56,632 [INFO] Época 5/30, Batch 800/3348, Loss: 0.1533
2025-10-09 19:19:56,900 [INFO] Época 5/30, Batch 850/3348, Loss: 0.1653
2025-10-09 19:19:57,165 [INFO] Época 5/30, Batch 900/3348, Loss: 0.1552
2025-10-09 19:19:57,425 [INFO] Época 5/30, Batch 950/3348, Loss: 0.1764
2025-10-09 19:19:57,682 [INFO] Época 5/30, Batch 1000/3348, Loss: 0.1353
2025-10-09 19:19:57,939 [INFO] Época 5/30, Batch 1050/3348, Loss: 0.1494
2025-10-09 19:19:58,197 [INFO] Época 5/30, Batch 1100/3348, Loss: 0.2020
2025-10-09 19:19:58,452 [INFO] Época 5/30, Batch 1150/3348, Loss: 0.2157
2025-10-09 19:19:58,710 [INFO] Época 5/30, Batch 1200/3348, Loss: 0.2168
2025-10-09 19:19:58,970 [INFO] Época 5/30, Batch 1250/3348, Loss: 0.1368
2025-10-09 19:19:59,226 [INFO] Época 5/30, Batch 1300/3348, Loss: 0.3044
2025-10-09 19:19:59,491 [INFO] Época 5/30, Batch 1350/3348, Loss: 0.1336
2025-10-09 19:19:59,753 [INFO] Época 5/30, Batch 1400/3348, Loss: 0.1346
2025-10-09 19:20:00,009 [INFO] Época 5/30, Batch 1450/3348, Loss: 0.1520
2025-10-09 19:20:00,270 [INFO] Época 5/30, Batch 1500/3348, Loss: 0.1476
2025-10-09 19:20:00,533 [INFO] Época 5/30, Batch 1550/3348, Loss: 0.1982
2025-10-09 19:20:00,798 [INFO] Época 5/30, Batch 1600/3348, Loss: 0.1457
2025-10-09 19:20:01,065 [INFO] Época 5/30, Batch 1650/3348, Loss: 0.1821
2025-10-09 19:20:01,333 [INFO] Época 5/30, Batch 1700/3348, Loss: 0.1445
2025-10-09 19:20:01,600 [INFO] Época 5/30, Batch 1750/3348, Loss: 0.1803
2025-10-09 19:20:01,862 [INFO] Época 5/30, Batch 1800/3348, Loss: 0.1282
2025-10-09 19:20:02,119 [INFO] Época 5/30, Batch 1850/3348, Loss: 0.1655
2025-10-09 19:20:02,377 [INFO] Época 5/30, Batch 1900/3348, Loss: 0.1793
2025-10-09 19:20:02,637 [INFO] Época 5/30, Batch 1950/3348, Loss: 0.1556
2025-10-09 19:20:02,896 [INFO] Época 5/30, Batch 2000/3348, Loss: 0.1613
2025-10-09 19:20:03,154 [INFO] Época 5/30, Batch 2050/3348, Loss: 0.1780
2025-10-09 19:20:03,413 [INFO] Época 5/30, Batch 2100/3348, Loss: 0.1283
2025-10-09 19:20:03,676 [INFO] Época 5/30, Batch 2150/3348, Loss: 0.1783
2025-10-09 19:20:03,935 [INFO] Época 5/30, Batch 2200/3348, Loss: 0.1337
2025-10-09 19:20:04,191 [INFO] Época 5/30, Batch 2250/3348, Loss: 0.2572
2025-10-09 19:20:04,454 [INFO] Época 5/30, Batch 2300/3348, Loss: 0.1444
2025-10-09 19:20:04,713 [INFO] Época 5/30, Batch 2350/3348, Loss: 0.1526
2025-10-09 19:20:04,979 [INFO] Época 5/30, Batch 2400/3348, Loss: 0.2215
2025-10-09 19:20:05,245 [INFO] Época 5/30, Batch 2450/3348, Loss: 0.1252
2025-10-09 19:20:05,503 [INFO] Época 5/30, Batch 2500/3348, Loss: 0.1627
2025-10-09 19:20:05,768 [INFO] Época 5/30, Batch 2550/3348, Loss: 0.2380
2025-10-09 19:20:06,034 [INFO] Época 5/30, Batch 2600/3348, Loss: 0.2301
2025-10-09 19:20:06,299 [INFO] Época 5/30, Batch 2650/3348, Loss: 0.1011
2025-10-09 19:20:06,566 [INFO] Época 5/30, Batch 2700/3348, Loss: 0.1754
2025-10-09 19:20:06,831 [INFO] Época 5/30, Batch 2750/3348, Loss: 0.1375
2025-10-09 19:20:07,092 [INFO] Época 5/30, Batch 2800/3348, Loss: 0.1423
2025-10-09 19:20:07,349 [INFO] Época 5/30, Batch 2850/3348, Loss: 0.1125
2025-10-09 19:20:07,607 [INFO] Época 5/30, Batch 2900/3348, Loss: 0.1503
2025-10-09 19:20:07,864 [INFO] Época 5/30, Batch 2950/3348, Loss: 0.2112
2025-10-09 19:20:08,121 [INFO] Época 5/30, Batch 3000/3348, Loss: 0.1386
2025-10-09 19:20:08,379 [INFO] Época 5/30, Batch 3050/3348, Loss: 0.2047
2025-10-09 19:20:08,635 [INFO] Época 5/30, Batch 3100/3348, Loss: 0.1705
2025-10-09 19:20:08,893 [INFO] Época 5/30, Batch 3150/3348, Loss: 0.1341
2025-10-09 19:20:09,148 [INFO] Época 5/30, Batch 3200/3348, Loss: 0.1653
2025-10-09 19:20:09,405 [INFO] Época 5/30, Batch 3250/3348, Loss: 0.1570
2025-10-09 19:20:09,661 [INFO] Época 5/30, Batch 3300/3348, Loss: 0.1640
2025-10-09 19:20:11,554 [INFO] [5/30] Train Loss: 0.1733 | Val Loss: 0.1899 | Tempo: 19.42s
2025-10-09 19:20:12,176 [INFO] Época 6/30, Batch 50/3348, Loss: 0.1671
2025-10-09 19:20:12,441 [INFO] Época 6/30, Batch 100/3348, Loss: 0.1632
2025-10-09 19:20:12,705 [INFO] Época 6/30, Batch 150/3348, Loss: 0.1616
2025-10-09 19:20:12,968 [INFO] Época 6/30, Batch 200/3348, Loss: 0.1353
2025-10-09 19:20:13,229 [INFO] Época 6/30, Batch 250/3348, Loss: 0.1513
2025-10-09 19:20:13,488 [INFO] Época 6/30, Batch 300/3348, Loss: 0.1881
2025-10-09 19:20:13,748 [INFO] Época 6/30, Batch 350/3348, Loss: 0.1438
2025-10-09 19:20:14,005 [INFO] Época 6/30, Batch 400/3348, Loss: 0.1649
2025-10-09 19:20:14,263 [INFO] Época 6/30, Batch 450/3348, Loss: 0.1625
2025-10-09 19:20:14,521 [INFO] Época 6/30, Batch 500/3348, Loss: 0.1462
2025-10-09 19:20:14,780 [INFO] Época 6/30, Batch 550/3348, Loss: 0.1963
2025-10-09 19:20:15,038 [INFO] Época 6/30, Batch 600/3348, Loss: 0.1297
2025-10-09 19:20:15,294 [INFO] Época 6/30, Batch 650/3348, Loss: 0.1354
2025-10-09 19:20:15,543 [INFO] Época 6/30, Batch 700/3348, Loss: 0.1218
2025-10-09 19:20:15,788 [INFO] Época 6/30, Batch 750/3348, Loss: 0.1389
2025-10-09 19:20:16,035 [INFO] Época 6/30, Batch 800/3348, Loss: 0.1335
2025-10-09 19:20:16,283 [INFO] Época 6/30, Batch 850/3348, Loss: 0.1476
2025-10-09 19:20:16,527 [INFO] Época 6/30, Batch 900/3348, Loss: 0.1466
2025-10-09 19:20:16,771 [INFO] Época 6/30, Batch 950/3348, Loss: 0.2143
2025-10-09 19:20:17,015 [INFO] Época 6/30, Batch 1000/3348, Loss: 0.1497
2025-10-09 19:20:17,263 [INFO] Época 6/30, Batch 1050/3348, Loss: 0.1902
2025-10-09 19:20:17,510 [INFO] Época 6/30, Batch 1100/3348, Loss: 0.1707
2025-10-09 19:20:17,759 [INFO] Época 6/30, Batch 1150/3348, Loss: 0.1916
2025-10-09 19:20:18,008 [INFO] Época 6/30, Batch 1200/3348, Loss: 0.1836
2025-10-09 19:20:18,264 [INFO] Época 6/30, Batch 1250/3348, Loss: 0.1900
2025-10-09 19:20:18,522 [INFO] Época 6/30, Batch 1300/3348, Loss: 0.2426
2025-10-09 19:20:18,777 [INFO] Época 6/30, Batch 1350/3348, Loss: 0.1923
2025-10-09 19:20:19,035 [INFO] Época 6/30, Batch 1400/3348, Loss: 0.1593
2025-10-09 19:20:19,291 [INFO] Época 6/30, Batch 1450/3348, Loss: 0.1450
2025-10-09 19:20:19,549 [INFO] Época 6/30, Batch 1500/3348, Loss: 0.2082
2025-10-09 19:20:19,806 [INFO] Época 6/30, Batch 1550/3348, Loss: 0.1639
2025-10-09 19:20:20,064 [INFO] Época 6/30, Batch 1600/3348, Loss: 0.1699
2025-10-09 19:20:20,323 [INFO] Época 6/30, Batch 1650/3348, Loss: 0.1599
2025-10-09 19:20:20,580 [INFO] Época 6/30, Batch 1700/3348, Loss: 0.1423
2025-10-09 19:20:20,838 [INFO] Época 6/30, Batch 1750/3348, Loss: 0.0988
2025-10-09 19:20:21,097 [INFO] Época 6/30, Batch 1800/3348, Loss: 0.1425
2025-10-09 19:20:21,353 [INFO] Época 6/30, Batch 1850/3348, Loss: 0.1800
2025-10-09 19:20:21,613 [INFO] Época 6/30, Batch 1900/3348, Loss: 0.1702
2025-10-09 19:20:21,870 [INFO] Época 6/30, Batch 1950/3348, Loss: 0.1861
2025-10-09 19:20:22,126 [INFO] Época 6/30, Batch 2000/3348, Loss: 0.1652
2025-10-09 19:20:22,384 [INFO] Época 6/30, Batch 2050/3348, Loss: 0.1678
2025-10-09 19:20:22,642 [INFO] Época 6/30, Batch 2100/3348, Loss: 0.1526
2025-10-09 19:20:22,901 [INFO] Época 6/30, Batch 2150/3348, Loss: 0.1425
2025-10-09 19:20:23,159 [INFO] Época 6/30, Batch 2200/3348, Loss: 0.1848
2025-10-09 19:20:23,416 [INFO] Época 6/30, Batch 2250/3348, Loss: 0.2079
2025-10-09 19:20:23,676 [INFO] Época 6/30, Batch 2300/3348, Loss: 0.1786
2025-10-09 19:20:23,933 [INFO] Época 6/30, Batch 2350/3348, Loss: 0.1255
2025-10-09 19:20:24,193 [INFO] Época 6/30, Batch 2400/3348, Loss: 0.1120
2025-10-09 19:20:24,454 [INFO] Época 6/30, Batch 2450/3348, Loss: 0.1760
2025-10-09 19:20:24,711 [INFO] Época 6/30, Batch 2500/3348, Loss: 0.1528
2025-10-09 19:20:24,968 [INFO] Época 6/30, Batch 2550/3348, Loss: 0.1483
2025-10-09 19:20:25,226 [INFO] Época 6/30, Batch 2600/3348, Loss: 0.1568
2025-10-09 19:20:25,485 [INFO] Época 6/30, Batch 2650/3348, Loss: 0.1597
2025-10-09 19:20:25,743 [INFO] Época 6/30, Batch 2700/3348, Loss: 0.1522
2025-10-09 19:20:26,001 [INFO] Época 6/30, Batch 2750/3348, Loss: 0.1368
2025-10-09 19:20:26,257 [INFO] Época 6/30, Batch 2800/3348, Loss: 0.1950
2025-10-09 19:20:26,514 [INFO] Época 6/30, Batch 2850/3348, Loss: 0.1442
2025-10-09 19:20:26,772 [INFO] Época 6/30, Batch 2900/3348, Loss: 0.1888
2025-10-09 19:20:27,029 [INFO] Época 6/30, Batch 2950/3348, Loss: 0.1550
2025-10-09 19:20:27,286 [INFO] Época 6/30, Batch 3000/3348, Loss: 0.1454
2025-10-09 19:20:27,543 [INFO] Época 6/30, Batch 3050/3348, Loss: 0.1523
2025-10-09 19:20:27,798 [INFO] Época 6/30, Batch 3100/3348, Loss: 0.1818
2025-10-09 19:20:28,055 [INFO] Época 6/30, Batch 3150/3348, Loss: 0.1383
2025-10-09 19:20:28,315 [INFO] Época 6/30, Batch 3200/3348, Loss: 0.1164
2025-10-09 19:20:28,579 [INFO] Época 6/30, Batch 3250/3348, Loss: 0.1561
2025-10-09 19:20:28,837 [INFO] Época 6/30, Batch 3300/3348, Loss: 0.1920
2025-10-09 19:20:30,574 [INFO] [6/30] Train Loss: 0.1723 | Val Loss: 0.1988 | Tempo: 19.02s
2025-10-09 19:20:31,153 [INFO] Época 7/30, Batch 50/3348, Loss: 0.1617
2025-10-09 19:20:31,411 [INFO] Época 7/30, Batch 100/3348, Loss: 0.1255
2025-10-09 19:20:31,669 [INFO] Época 7/30, Batch 150/3348, Loss: 0.2377
2025-10-09 19:20:31,923 [INFO] Época 7/30, Batch 200/3348, Loss: 0.1351
2025-10-09 19:20:32,178 [INFO] Época 7/30, Batch 250/3348, Loss: 0.1593
2025-10-09 19:20:32,432 [INFO] Época 7/30, Batch 300/3348, Loss: 0.2016
2025-10-09 19:20:32,688 [INFO] Época 7/30, Batch 350/3348, Loss: 0.1165
2025-10-09 19:20:32,943 [INFO] Época 7/30, Batch 400/3348, Loss: 0.1647
2025-10-09 19:20:33,198 [INFO] Época 7/30, Batch 450/3348, Loss: 0.1426
2025-10-09 19:20:33,452 [INFO] Época 7/30, Batch 500/3348, Loss: 0.1763
2025-10-09 19:20:33,708 [INFO] Época 7/30, Batch 550/3348, Loss: 0.1774
2025-10-09 19:20:33,960 [INFO] Época 7/30, Batch 600/3348, Loss: 0.1865
2025-10-09 19:20:34,213 [INFO] Época 7/30, Batch 650/3348, Loss: 0.1513
2025-10-09 19:20:34,468 [INFO] Época 7/30, Batch 700/3348, Loss: 0.1618
2025-10-09 19:20:34,726 [INFO] Época 7/30, Batch 750/3348, Loss: 0.1543
2025-10-09 19:20:34,981 [INFO] Época 7/30, Batch 800/3348, Loss: 0.1166
2025-10-09 19:20:35,227 [INFO] Época 7/30, Batch 850/3348, Loss: 0.2336
2025-10-09 19:20:35,474 [INFO] Época 7/30, Batch 900/3348, Loss: 0.1444
2025-10-09 19:20:35,721 [INFO] Época 7/30, Batch 950/3348, Loss: 0.1293
2025-10-09 19:20:35,969 [INFO] Época 7/30, Batch 1000/3348, Loss: 0.1692
2025-10-09 19:20:36,224 [INFO] Época 7/30, Batch 1050/3348, Loss: 0.1913
2025-10-09 19:20:36,473 [INFO] Época 7/30, Batch 1100/3348, Loss: 0.2022
2025-10-09 19:20:36,731 [INFO] Época 7/30, Batch 1150/3348, Loss: 0.1446
2025-10-09 19:20:36,993 [INFO] Época 7/30, Batch 1200/3348, Loss: 0.1744
2025-10-09 19:20:37,258 [INFO] Época 7/30, Batch 1250/3348, Loss: 0.1434
2025-10-09 19:20:37,523 [INFO] Época 7/30, Batch 1300/3348, Loss: 0.1800
2025-10-09 19:20:37,789 [INFO] Época 7/30, Batch 1350/3348, Loss: 0.1108
2025-10-09 19:20:38,054 [INFO] Época 7/30, Batch 1400/3348, Loss: 0.1819
2025-10-09 19:20:38,315 [INFO] Época 7/30, Batch 1450/3348, Loss: 0.1819
2025-10-09 19:20:38,577 [INFO] Época 7/30, Batch 1500/3348, Loss: 0.2328
2025-10-09 19:20:38,838 [INFO] Época 7/30, Batch 1550/3348, Loss: 0.1504
2025-10-09 19:20:39,099 [INFO] Época 7/30, Batch 1600/3348, Loss: 0.1539
2025-10-09 19:20:39,365 [INFO] Época 7/30, Batch 1650/3348, Loss: 0.1019
2025-10-09 19:20:39,627 [INFO] Época 7/30, Batch 1700/3348, Loss: 0.1353
2025-10-09 19:20:39,892 [INFO] Época 7/30, Batch 1750/3348, Loss: 0.1788
2025-10-09 19:20:40,154 [INFO] Época 7/30, Batch 1800/3348, Loss: 0.1463
2025-10-09 19:20:40,430 [INFO] Época 7/30, Batch 1850/3348, Loss: 0.1510
2025-10-09 19:20:40,710 [INFO] Época 7/30, Batch 1900/3348, Loss: 0.1938
2025-10-09 19:20:40,966 [INFO] Época 7/30, Batch 1950/3348, Loss: 0.2061
2025-10-09 19:20:41,220 [INFO] Época 7/30, Batch 2000/3348, Loss: 0.1406
2025-10-09 19:20:41,473 [INFO] Época 7/30, Batch 2050/3348, Loss: 0.1811
2025-10-09 19:20:41,727 [INFO] Época 7/30, Batch 2100/3348, Loss: 0.1831
2025-10-09 19:20:41,981 [INFO] Época 7/30, Batch 2150/3348, Loss: 0.1328
2025-10-09 19:20:42,244 [INFO] Época 7/30, Batch 2200/3348, Loss: 0.2045
2025-10-09 19:20:42,506 [INFO] Época 7/30, Batch 2250/3348, Loss: 0.1534
2025-10-09 19:20:42,767 [INFO] Época 7/30, Batch 2300/3348, Loss: 0.1428
2025-10-09 19:20:43,029 [INFO] Época 7/30, Batch 2350/3348, Loss: 0.1412
2025-10-09 19:20:43,291 [INFO] Época 7/30, Batch 2400/3348, Loss: 0.1664
2025-10-09 19:20:43,558 [INFO] Época 7/30, Batch 2450/3348, Loss: 0.2250
2025-10-09 19:20:43,822 [INFO] Época 7/30, Batch 2500/3348, Loss: 0.2068
2025-10-09 19:20:44,093 [INFO] Época 7/30, Batch 2550/3348, Loss: 0.2347
2025-10-09 19:20:44,363 [INFO] Época 7/30, Batch 2600/3348, Loss: 0.1867
2025-10-09 19:20:44,634 [INFO] Época 7/30, Batch 2650/3348, Loss: 0.1272
2025-10-09 19:20:44,906 [INFO] Época 7/30, Batch 2700/3348, Loss: 0.1548
2025-10-09 19:20:45,177 [INFO] Época 7/30, Batch 2750/3348, Loss: 0.2070
2025-10-09 19:20:45,448 [INFO] Época 7/30, Batch 2800/3348, Loss: 0.1898
2025-10-09 19:20:45,719 [INFO] Época 7/30, Batch 2850/3348, Loss: 0.1480
2025-10-09 19:20:45,990 [INFO] Época 7/30, Batch 2900/3348, Loss: 0.1796
2025-10-09 19:20:46,262 [INFO] Época 7/30, Batch 2950/3348, Loss: 0.1636
2025-10-09 19:20:46,531 [INFO] Época 7/30, Batch 3000/3348, Loss: 0.1578
2025-10-09 19:20:46,801 [INFO] Época 7/30, Batch 3050/3348, Loss: 0.1247
2025-10-09 19:20:47,071 [INFO] Época 7/30, Batch 3100/3348, Loss: 0.1542
2025-10-09 19:20:47,342 [INFO] Época 7/30, Batch 3150/3348, Loss: 0.1396
2025-10-09 19:20:47,614 [INFO] Época 7/30, Batch 3200/3348, Loss: 0.1672
2025-10-09 19:20:47,881 [INFO] Época 7/30, Batch 3250/3348, Loss: 0.1551
2025-10-09 19:20:48,152 [INFO] Época 7/30, Batch 3300/3348, Loss: 0.2032
2025-10-09 19:20:49,886 [INFO] [7/30] Train Loss: 0.1719 | Val Loss: 0.1811 | Tempo: 19.31s
2025-10-09 19:20:50,444 [INFO] Época 8/30, Batch 50/3348, Loss: 0.1451
2025-10-09 19:20:50,706 [INFO] Época 8/30, Batch 100/3348, Loss: 0.1591
2025-10-09 19:20:50,965 [INFO] Época 8/30, Batch 150/3348, Loss: 0.1475
2025-10-09 19:20:51,224 [INFO] Época 8/30, Batch 200/3348, Loss: 0.1567
2025-10-09 19:20:51,481 [INFO] Época 8/30, Batch 250/3348, Loss: 0.1210
2025-10-09 19:20:51,738 [INFO] Época 8/30, Batch 300/3348, Loss: 0.1946
2025-10-09 19:20:51,995 [INFO] Época 8/30, Batch 350/3348, Loss: 0.1448
2025-10-09 19:20:52,251 [INFO] Época 8/30, Batch 400/3348, Loss: 0.1477
2025-10-09 19:20:52,511 [INFO] Época 8/30, Batch 450/3348, Loss: 0.1471
2025-10-09 19:20:52,763 [INFO] Época 8/30, Batch 500/3348, Loss: 0.1549
2025-10-09 19:20:53,015 [INFO] Época 8/30, Batch 550/3348, Loss: 0.1155
2025-10-09 19:20:53,265 [INFO] Época 8/30, Batch 600/3348, Loss: 0.1704
2025-10-09 19:20:53,517 [INFO] Época 8/30, Batch 650/3348, Loss: 0.1738
2025-10-09 19:20:53,767 [INFO] Época 8/30, Batch 700/3348, Loss: 0.1155
2025-10-09 19:20:54,012 [INFO] Época 8/30, Batch 750/3348, Loss: 0.1882
2025-10-09 19:20:54,257 [INFO] Época 8/30, Batch 800/3348, Loss: 0.1408
2025-10-09 19:20:54,505 [INFO] Época 8/30, Batch 850/3348, Loss: 0.2316
2025-10-09 19:20:54,750 [INFO] Época 8/30, Batch 900/3348, Loss: 0.1542
2025-10-09 19:20:54,998 [INFO] Época 8/30, Batch 950/3348, Loss: 0.1593
2025-10-09 19:20:55,246 [INFO] Época 8/30, Batch 1000/3348, Loss: 0.1220
2025-10-09 19:20:55,491 [INFO] Época 8/30, Batch 1050/3348, Loss: 0.3864
2025-10-09 19:20:55,738 [INFO] Época 8/30, Batch 1100/3348, Loss: 0.1525
2025-10-09 19:20:55,988 [INFO] Época 8/30, Batch 1150/3348, Loss: 0.1086
2025-10-09 19:20:56,249 [INFO] Época 8/30, Batch 1200/3348, Loss: 0.1407
2025-10-09 19:20:56,504 [INFO] Época 8/30, Batch 1250/3348, Loss: 0.1649
2025-10-09 19:20:56,758 [INFO] Época 8/30, Batch 1300/3348, Loss: 0.1352
2025-10-09 19:20:57,014 [INFO] Época 8/30, Batch 1350/3348, Loss: 0.1733
2025-10-09 19:20:57,269 [INFO] Época 8/30, Batch 1400/3348, Loss: 0.1787
2025-10-09 19:20:57,527 [INFO] Época 8/30, Batch 1450/3348, Loss: 0.1595
2025-10-09 19:20:57,783 [INFO] Época 8/30, Batch 1500/3348, Loss: 0.1457
2025-10-09 19:20:58,039 [INFO] Época 8/30, Batch 1550/3348, Loss: 0.1884
2025-10-09 19:20:58,295 [INFO] Época 8/30, Batch 1600/3348, Loss: 0.1352
2025-10-09 19:20:58,551 [INFO] Época 8/30, Batch 1650/3348, Loss: 0.1350
2025-10-09 19:20:58,809 [INFO] Época 8/30, Batch 1700/3348, Loss: 0.1832
2025-10-09 19:20:59,064 [INFO] Época 8/30, Batch 1750/3348, Loss: 0.1413
2025-10-09 19:20:59,322 [INFO] Época 8/30, Batch 1800/3348, Loss: 0.1339
2025-10-09 19:20:59,576 [INFO] Época 8/30, Batch 1850/3348, Loss: 0.1538
2025-10-09 19:20:59,831 [INFO] Época 8/30, Batch 1900/3348, Loss: 0.1275
2025-10-09 19:21:00,088 [INFO] Época 8/30, Batch 1950/3348, Loss: 0.1200
2025-10-09 19:21:00,343 [INFO] Época 8/30, Batch 2000/3348, Loss: 0.2120
2025-10-09 19:21:00,598 [INFO] Época 8/30, Batch 2050/3348, Loss: 0.2277
2025-10-09 19:21:00,857 [INFO] Época 8/30, Batch 2100/3348, Loss: 0.1936
2025-10-09 19:21:01,113 [INFO] Época 8/30, Batch 2150/3348, Loss: 0.1849
2025-10-09 19:21:01,369 [INFO] Época 8/30, Batch 2200/3348, Loss: 0.2300
2025-10-09 19:21:01,623 [INFO] Época 8/30, Batch 2250/3348, Loss: 0.1090
2025-10-09 19:21:01,879 [INFO] Época 8/30, Batch 2300/3348, Loss: 0.1635
2025-10-09 19:21:02,136 [INFO] Época 8/30, Batch 2350/3348, Loss: 0.1643
2025-10-09 19:21:02,394 [INFO] Época 8/30, Batch 2400/3348, Loss: 0.1540
2025-10-09 19:21:02,648 [INFO] Época 8/30, Batch 2450/3348, Loss: 0.1561
2025-10-09 19:21:02,907 [INFO] Época 8/30, Batch 2500/3348, Loss: 0.1889
2025-10-09 19:21:03,166 [INFO] Época 8/30, Batch 2550/3348, Loss: 0.1670
2025-10-09 19:21:03,422 [INFO] Época 8/30, Batch 2600/3348, Loss: 0.1378
2025-10-09 19:21:03,678 [INFO] Época 8/30, Batch 2650/3348, Loss: 0.2224
2025-10-09 19:21:03,936 [INFO] Época 8/30, Batch 2700/3348, Loss: 0.1691
2025-10-09 19:21:04,192 [INFO] Época 8/30, Batch 2750/3348, Loss: 0.2151
2025-10-09 19:21:04,448 [INFO] Época 8/30, Batch 2800/3348, Loss: 0.1297
2025-10-09 19:21:04,703 [INFO] Época 8/30, Batch 2850/3348, Loss: 0.1854
2025-10-09 19:21:04,960 [INFO] Época 8/30, Batch 2900/3348, Loss: 0.1326
2025-10-09 19:21:05,215 [INFO] Época 8/30, Batch 2950/3348, Loss: 0.1329
2025-10-09 19:21:05,473 [INFO] Época 8/30, Batch 3000/3348, Loss: 0.1112
2025-10-09 19:21:05,728 [INFO] Época 8/30, Batch 3050/3348, Loss: 0.1358
2025-10-09 19:21:05,982 [INFO] Época 8/30, Batch 3100/3348, Loss: 0.1251
2025-10-09 19:21:06,237 [INFO] Época 8/30, Batch 3150/3348, Loss: 0.1879
2025-10-09 19:21:06,492 [INFO] Época 8/30, Batch 3200/3348, Loss: 0.1352
2025-10-09 19:21:06,750 [INFO] Época 8/30, Batch 3250/3348, Loss: 0.1481
2025-10-09 19:21:07,006 [INFO] Época 8/30, Batch 3300/3348, Loss: 0.1463
2025-10-09 19:21:08,798 [INFO] [8/30] Train Loss: 0.1715 | Val Loss: 0.1804 | Tempo: 18.91s
2025-10-09 19:21:09,389 [INFO] Época 9/30, Batch 50/3348, Loss: 0.1338
2025-10-09 19:21:09,653 [INFO] Época 9/30, Batch 100/3348, Loss: 0.1731
2025-10-09 19:21:09,916 [INFO] Época 9/30, Batch 150/3348, Loss: 0.1641
2025-10-09 19:21:10,181 [INFO] Época 9/30, Batch 200/3348, Loss: 0.1442
2025-10-09 19:21:10,442 [INFO] Época 9/30, Batch 250/3348, Loss: 0.1423
2025-10-09 19:21:10,705 [INFO] Época 9/30, Batch 300/3348, Loss: 0.1111
2025-10-09 19:21:10,962 [INFO] Época 9/30, Batch 350/3348, Loss: 0.1738
2025-10-09 19:21:11,219 [INFO] Época 9/30, Batch 400/3348, Loss: 0.1651
2025-10-09 19:21:11,477 [INFO] Época 9/30, Batch 450/3348, Loss: 0.1532
2025-10-09 19:21:11,733 [INFO] Época 9/30, Batch 500/3348, Loss: 0.1284
2025-10-09 19:21:11,990 [INFO] Época 9/30, Batch 550/3348, Loss: 0.1206
2025-10-09 19:21:12,247 [INFO] Época 9/30, Batch 600/3348, Loss: 0.2018
2025-10-09 19:21:12,503 [INFO] Época 9/30, Batch 650/3348, Loss: 0.1154
2025-10-09 19:21:12,760 [INFO] Época 9/30, Batch 700/3348, Loss: 0.1912
2025-10-09 19:21:13,018 [INFO] Época 9/30, Batch 750/3348, Loss: 0.1664
2025-10-09 19:21:13,270 [INFO] Época 9/30, Batch 800/3348, Loss: 0.1257
2025-10-09 19:21:13,516 [INFO] Época 9/30, Batch 850/3348, Loss: 0.1237
2025-10-09 19:21:13,777 [INFO] Época 9/30, Batch 900/3348, Loss: 0.2849
2025-10-09 19:21:14,037 [INFO] Época 9/30, Batch 950/3348, Loss: 0.1981
2025-10-09 19:21:14,303 [INFO] Época 9/30, Batch 1000/3348, Loss: 0.1182
2025-10-09 19:21:14,571 [INFO] Época 9/30, Batch 1050/3348, Loss: 0.1598
2025-10-09 19:21:14,844 [INFO] Época 9/30, Batch 1100/3348, Loss: 0.1458
2025-10-09 19:21:15,109 [INFO] Época 9/30, Batch 1150/3348, Loss: 0.1443
2025-10-09 19:21:15,369 [INFO] Época 9/30, Batch 1200/3348, Loss: 0.1524
2025-10-09 19:21:15,629 [INFO] Época 9/30, Batch 1250/3348, Loss: 0.1626
2025-10-09 19:21:15,884 [INFO] Época 9/30, Batch 1300/3348, Loss: 0.1611
2025-10-09 19:21:16,143 [INFO] Época 9/30, Batch 1350/3348, Loss: 0.1446
2025-10-09 19:21:16,400 [INFO] Época 9/30, Batch 1400/3348, Loss: 0.1223
2025-10-09 19:21:16,655 [INFO] Época 9/30, Batch 1450/3348, Loss: 0.3619
2025-10-09 19:21:16,912 [INFO] Época 9/30, Batch 1500/3348, Loss: 0.1400
2025-10-09 19:21:17,169 [INFO] Época 9/30, Batch 1550/3348, Loss: 0.2353
2025-10-09 19:21:17,425 [INFO] Época 9/30, Batch 1600/3348, Loss: 0.1526
2025-10-09 19:21:17,682 [INFO] Época 9/30, Batch 1650/3348, Loss: 0.1404
2025-10-09 19:21:17,937 [INFO] Época 9/30, Batch 1700/3348, Loss: 0.1735
2025-10-09 19:21:18,195 [INFO] Época 9/30, Batch 1750/3348, Loss: 0.1512
2025-10-09 19:21:18,468 [INFO] Época 9/30, Batch 1800/3348, Loss: 0.1772
2025-10-09 19:21:18,740 [INFO] Época 9/30, Batch 1850/3348, Loss: 0.1544
2025-10-09 19:21:18,994 [INFO] Época 9/30, Batch 1900/3348, Loss: 0.1347
2025-10-09 19:21:19,247 [INFO] Época 9/30, Batch 1950/3348, Loss: 0.1260
2025-10-09 19:21:19,501 [INFO] Época 9/30, Batch 2000/3348, Loss: 0.1765
2025-10-09 19:21:19,752 [INFO] Época 9/30, Batch 2050/3348, Loss: 0.1293
2025-10-09 19:21:20,004 [INFO] Época 9/30, Batch 2100/3348, Loss: 0.1212
2025-10-09 19:21:20,255 [INFO] Época 9/30, Batch 2150/3348, Loss: 0.1346
2025-10-09 19:21:20,534 [INFO] Época 9/30, Batch 2200/3348, Loss: 0.1467
2025-10-09 19:21:20,814 [INFO] Época 9/30, Batch 2250/3348, Loss: 0.0933
2025-10-09 19:21:21,068 [INFO] Época 9/30, Batch 2300/3348, Loss: 0.1883
2025-10-09 19:21:21,320 [INFO] Época 9/30, Batch 2350/3348, Loss: 0.1973
2025-10-09 19:21:21,573 [INFO] Época 9/30, Batch 2400/3348, Loss: 0.1550
2025-10-09 19:21:21,826 [INFO] Época 9/30, Batch 2450/3348, Loss: 0.1217
2025-10-09 19:21:22,079 [INFO] Época 9/30, Batch 2500/3348, Loss: 0.1544
2025-10-09 19:21:22,332 [INFO] Época 9/30, Batch 2550/3348, Loss: 0.1799
2025-10-09 19:21:22,586 [INFO] Época 9/30, Batch 2600/3348, Loss: 0.1675
2025-10-09 19:21:22,840 [INFO] Época 9/30, Batch 2650/3348, Loss: 0.1365
2025-10-09 19:21:23,094 [INFO] Época 9/30, Batch 2700/3348, Loss: 0.1376
2025-10-09 19:21:23,349 [INFO] Época 9/30, Batch 2750/3348, Loss: 0.2278
2025-10-09 19:21:23,602 [INFO] Época 9/30, Batch 2800/3348, Loss: 0.1708
2025-10-09 19:21:23,855 [INFO] Época 9/30, Batch 2850/3348, Loss: 0.1678
2025-10-09 19:21:24,110 [INFO] Época 9/30, Batch 2900/3348, Loss: 0.1842
2025-10-09 19:21:24,364 [INFO] Época 9/30, Batch 2950/3348, Loss: 0.1610
2025-10-09 19:21:24,618 [INFO] Época 9/30, Batch 3000/3348, Loss: 0.1321
2025-10-09 19:21:24,873 [INFO] Época 9/30, Batch 3050/3348, Loss: 0.2961
2025-10-09 19:21:25,126 [INFO] Época 9/30, Batch 3100/3348, Loss: 0.1550
2025-10-09 19:21:25,380 [INFO] Época 9/30, Batch 3150/3348, Loss: 0.1115
2025-10-09 19:21:25,632 [INFO] Época 9/30, Batch 3200/3348, Loss: 0.1268
2025-10-09 19:21:25,886 [INFO] Época 9/30, Batch 3250/3348, Loss: 0.2315
2025-10-09 19:21:26,137 [INFO] Época 9/30, Batch 3300/3348, Loss: 0.1362
2025-10-09 19:21:27,868 [INFO] [9/30] Train Loss: 0.1711 | Val Loss: 0.1833 | Tempo: 19.07s
2025-10-09 19:21:28,438 [INFO] Época 10/30, Batch 50/3348, Loss: 0.2425
2025-10-09 19:21:28,702 [INFO] Época 10/30, Batch 100/3348, Loss: 0.1348
2025-10-09 19:21:28,964 [INFO] Época 10/30, Batch 150/3348, Loss: 0.1200
2025-10-09 19:21:29,227 [INFO] Época 10/30, Batch 200/3348, Loss: 0.2036
2025-10-09 19:21:29,489 [INFO] Época 10/30, Batch 250/3348, Loss: 0.1708
2025-10-09 19:21:29,746 [INFO] Época 10/30, Batch 300/3348, Loss: 0.1343
2025-10-09 19:21:30,006 [INFO] Época 10/30, Batch 350/3348, Loss: 0.1789
2025-10-09 19:21:30,264 [INFO] Época 10/30, Batch 400/3348, Loss: 0.1482
2025-10-09 19:21:30,522 [INFO] Época 10/30, Batch 450/3348, Loss: 0.1525
2025-10-09 19:21:30,782 [INFO] Época 10/30, Batch 500/3348, Loss: 0.1085
2025-10-09 19:21:31,040 [INFO] Época 10/30, Batch 550/3348, Loss: 0.1361
2025-10-09 19:21:31,301 [INFO] Época 10/30, Batch 600/3348, Loss: 4.4833
2025-10-09 19:21:31,559 [INFO] Época 10/30, Batch 650/3348, Loss: 0.2127
2025-10-09 19:21:31,818 [INFO] Época 10/30, Batch 700/3348, Loss: 0.1318
2025-10-09 19:21:32,083 [INFO] Época 10/30, Batch 750/3348, Loss: 0.2669
2025-10-09 19:21:32,337 [INFO] Época 10/30, Batch 800/3348, Loss: 0.1605
2025-10-09 19:21:32,588 [INFO] Época 10/30, Batch 850/3348, Loss: 0.1493
2025-10-09 19:21:32,838 [INFO] Época 10/30, Batch 900/3348, Loss: 0.1979
2025-10-09 19:21:33,089 [INFO] Época 10/30, Batch 950/3348, Loss: 0.2671
2025-10-09 19:21:33,342 [INFO] Época 10/30, Batch 1000/3348, Loss: 0.1718
2025-10-09 19:21:33,591 [INFO] Época 10/30, Batch 1050/3348, Loss: 0.1576
2025-10-09 19:21:33,839 [INFO] Época 10/30, Batch 1100/3348, Loss: 0.1514
2025-10-09 19:21:34,091 [INFO] Época 10/30, Batch 1150/3348, Loss: 0.2196
2025-10-09 19:21:34,352 [INFO] Época 10/30, Batch 1200/3348, Loss: 0.0985
2025-10-09 19:21:34,610 [INFO] Época 10/30, Batch 1250/3348, Loss: 0.1680
2025-10-09 19:21:34,866 [INFO] Época 10/30, Batch 1300/3348, Loss: 0.1648
2025-10-09 19:21:35,121 [INFO] Época 10/30, Batch 1350/3348, Loss: 0.1237
2025-10-09 19:21:35,377 [INFO] Época 10/30, Batch 1400/3348, Loss: 0.1837
2025-10-09 19:21:35,631 [INFO] Época 10/30, Batch 1450/3348, Loss: 0.1440
2025-10-09 19:21:35,887 [INFO] Época 10/30, Batch 1500/3348, Loss: 0.1063
2025-10-09 19:21:36,146 [INFO] Época 10/30, Batch 1550/3348, Loss: 0.1721
2025-10-09 19:21:36,399 [INFO] Época 10/30, Batch 1600/3348, Loss: 0.1752
2025-10-09 19:21:36,655 [INFO] Época 10/30, Batch 1650/3348, Loss: 0.1577
2025-10-09 19:21:36,909 [INFO] Época 10/30, Batch 1700/3348, Loss: 0.1697
2025-10-09 19:21:37,162 [INFO] Época 10/30, Batch 1750/3348, Loss: 0.1988
2025-10-09 19:21:37,420 [INFO] Época 10/30, Batch 1800/3348, Loss: 0.1517
2025-10-09 19:21:37,678 [INFO] Época 10/30, Batch 1850/3348, Loss: 0.1185
2025-10-09 19:21:37,936 [INFO] Época 10/30, Batch 1900/3348, Loss: 0.1945
2025-10-09 19:21:38,195 [INFO] Época 10/30, Batch 1950/3348, Loss: 0.1669
2025-10-09 19:21:38,448 [INFO] Época 10/30, Batch 2000/3348, Loss: 0.1617
2025-10-09 19:21:38,703 [INFO] Época 10/30, Batch 2050/3348, Loss: 0.2118
2025-10-09 19:21:38,963 [INFO] Época 10/30, Batch 2100/3348, Loss: 0.1243
2025-10-09 19:21:39,222 [INFO] Época 10/30, Batch 2150/3348, Loss: 0.1395
2025-10-09 19:21:39,478 [INFO] Época 10/30, Batch 2200/3348, Loss: 0.1324
2025-10-09 19:21:39,734 [INFO] Época 10/30, Batch 2250/3348, Loss: 0.1501
2025-10-09 19:21:39,992 [INFO] Época 10/30, Batch 2300/3348, Loss: 0.3721
2025-10-09 19:21:40,248 [INFO] Época 10/30, Batch 2350/3348, Loss: 0.1429
2025-10-09 19:21:40,508 [INFO] Época 10/30, Batch 2400/3348, Loss: 0.1881
2025-10-09 19:21:40,767 [INFO] Época 10/30, Batch 2450/3348, Loss: 0.1116
2025-10-09 19:21:41,027 [INFO] Época 10/30, Batch 2500/3348, Loss: 0.2378
2025-10-09 19:21:41,287 [INFO] Época 10/30, Batch 2550/3348, Loss: 0.1306
2025-10-09 19:21:41,547 [INFO] Época 10/30, Batch 2600/3348, Loss: 0.1362
2025-10-09 19:21:41,805 [INFO] Época 10/30, Batch 2650/3348, Loss: 0.1341
2025-10-09 19:21:42,065 [INFO] Época 10/30, Batch 2700/3348, Loss: 0.1815
2025-10-09 19:21:42,324 [INFO] Época 10/30, Batch 2750/3348, Loss: 0.1601
2025-10-09 19:21:42,585 [INFO] Época 10/30, Batch 2800/3348, Loss: 0.1832
2025-10-09 19:21:42,843 [INFO] Época 10/30, Batch 2850/3348, Loss: 0.1963
2025-10-09 19:21:43,104 [INFO] Época 10/30, Batch 2900/3348, Loss: 0.1775
2025-10-09 19:21:43,363 [INFO] Época 10/30, Batch 2950/3348, Loss: 0.1445
2025-10-09 19:21:43,628 [INFO] Época 10/30, Batch 3000/3348, Loss: 0.1432
2025-10-09 19:21:43,886 [INFO] Época 10/30, Batch 3050/3348, Loss: 0.1597
2025-10-09 19:21:44,144 [INFO] Época 10/30, Batch 3100/3348, Loss: 0.1747
2025-10-09 19:21:44,405 [INFO] Época 10/30, Batch 3150/3348, Loss: 0.1475
2025-10-09 19:21:44,663 [INFO] Época 10/30, Batch 3200/3348, Loss: 0.1534
2025-10-09 19:21:44,920 [INFO] Época 10/30, Batch 3250/3348, Loss: 0.1334
2025-10-09 19:21:45,180 [INFO] Época 10/30, Batch 3300/3348, Loss: 0.1834
2025-10-09 19:21:46,921 [INFO] [10/30] Train Loss: 0.1709 | Val Loss: 0.1952 | Tempo: 19.05s
2025-10-09 19:21:47,507 [INFO] Época 11/30, Batch 50/3348, Loss: 0.1342
2025-10-09 19:21:47,780 [INFO] Época 11/30, Batch 100/3348, Loss: 0.1745
2025-10-09 19:21:48,052 [INFO] Época 11/30, Batch 150/3348, Loss: 0.1489
2025-10-09 19:21:48,320 [INFO] Época 11/30, Batch 200/3348, Loss: 0.1594
2025-10-09 19:21:48,581 [INFO] Época 11/30, Batch 250/3348, Loss: 0.1925
2025-10-09 19:21:48,850 [INFO] Época 11/30, Batch 300/3348, Loss: 0.2030
2025-10-09 19:21:49,116 [INFO] Época 11/30, Batch 350/3348, Loss: 0.1484
2025-10-09 19:21:49,382 [INFO] Época 11/30, Batch 400/3348, Loss: 0.1291
2025-10-09 19:21:49,648 [INFO] Época 11/30, Batch 450/3348, Loss: 0.1352
2025-10-09 19:21:49,914 [INFO] Época 11/30, Batch 500/3348, Loss: 0.1388
2025-10-09 19:21:50,182 [INFO] Época 11/30, Batch 550/3348, Loss: 0.2013
2025-10-09 19:21:50,451 [INFO] Época 11/30, Batch 600/3348, Loss: 0.1518
2025-10-09 19:21:50,713 [INFO] Época 11/30, Batch 650/3348, Loss: 0.1652
2025-10-09 19:21:50,977 [INFO] Época 11/30, Batch 700/3348, Loss: 0.1826
2025-10-09 19:21:51,228 [INFO] Época 11/30, Batch 750/3348, Loss: 0.1741
2025-10-09 19:21:51,476 [INFO] Época 11/30, Batch 800/3348, Loss: 0.1448
2025-10-09 19:21:51,723 [INFO] Época 11/30, Batch 850/3348, Loss: 0.1786
2025-10-09 19:21:51,972 [INFO] Época 11/30, Batch 900/3348, Loss: 0.1441
2025-10-09 19:21:52,219 [INFO] Época 11/30, Batch 950/3348, Loss: 0.1277
2025-10-09 19:21:52,467 [INFO] Época 11/30, Batch 1000/3348, Loss: 0.1741
2025-10-09 19:21:52,715 [INFO] Época 11/30, Batch 1050/3348, Loss: 0.1702
2025-10-09 19:21:52,962 [INFO] Época 11/30, Batch 1100/3348, Loss: 0.1196
2025-10-09 19:21:53,214 [INFO] Época 11/30, Batch 1150/3348, Loss: 0.1371
2025-10-09 19:21:53,480 [INFO] Época 11/30, Batch 1200/3348, Loss: 0.1456
2025-10-09 19:21:53,746 [INFO] Época 11/30, Batch 1250/3348, Loss: 0.1624
2025-10-09 19:21:54,013 [INFO] Época 11/30, Batch 1300/3348, Loss: 0.1104
2025-10-09 19:21:54,278 [INFO] Época 11/30, Batch 1350/3348, Loss: 0.1494
2025-10-09 19:21:54,542 [INFO] Época 11/30, Batch 1400/3348, Loss: 0.2209
2025-10-09 19:21:54,809 [INFO] Época 11/30, Batch 1450/3348, Loss: 0.1049
2025-10-09 19:21:55,076 [INFO] Época 11/30, Batch 1500/3348, Loss: 0.1362
2025-10-09 19:21:55,341 [INFO] Época 11/30, Batch 1550/3348, Loss: 0.1970
2025-10-09 19:21:55,606 [INFO] Época 11/30, Batch 1600/3348, Loss: 0.1478
2025-10-09 19:21:55,864 [INFO] Época 11/30, Batch 1650/3348, Loss: 0.1828
2025-10-09 19:21:56,123 [INFO] Época 11/30, Batch 1700/3348, Loss: 0.1711
2025-10-09 19:21:56,384 [INFO] Época 11/30, Batch 1750/3348, Loss: 0.1060
2025-10-09 19:21:56,650 [INFO] Época 11/30, Batch 1800/3348, Loss: 0.1757
2025-10-09 19:21:56,914 [INFO] Época 11/30, Batch 1850/3348, Loss: 0.1322
2025-10-09 19:21:57,181 [INFO] Época 11/30, Batch 1900/3348, Loss: 0.1374
2025-10-09 19:21:57,446 [INFO] Época 11/30, Batch 1950/3348, Loss: 0.1584
2025-10-09 19:21:57,713 [INFO] Época 11/30, Batch 2000/3348, Loss: 0.1598
2025-10-09 19:21:57,978 [INFO] Época 11/30, Batch 2050/3348, Loss: 0.1953
2025-10-09 19:21:58,243 [INFO] Época 11/30, Batch 2100/3348, Loss: 0.1535
2025-10-09 19:21:58,500 [INFO] Época 11/30, Batch 2150/3348, Loss: 0.1392
2025-10-09 19:21:58,757 [INFO] Época 11/30, Batch 2200/3348, Loss: 0.1666
2025-10-09 19:21:59,014 [INFO] Época 11/30, Batch 2250/3348, Loss: 0.1556
2025-10-09 19:21:59,272 [INFO] Época 11/30, Batch 2300/3348, Loss: 0.1406
2025-10-09 19:21:59,530 [INFO] Época 11/30, Batch 2350/3348, Loss: 0.1761
2025-10-09 19:21:59,787 [INFO] Época 11/30, Batch 2400/3348, Loss: 0.1379
2025-10-09 19:22:00,046 [INFO] Época 11/30, Batch 2450/3348, Loss: 0.1559
2025-10-09 19:22:00,304 [INFO] Época 11/30, Batch 2500/3348, Loss: 0.1693
2025-10-09 19:22:00,560 [INFO] Época 11/30, Batch 2550/3348, Loss: 0.1287
2025-10-09 19:22:00,821 [INFO] Época 11/30, Batch 2600/3348, Loss: 0.1487
2025-10-09 19:22:01,082 [INFO] Época 11/30, Batch 2650/3348, Loss: 0.1130
2025-10-09 19:22:01,339 [INFO] Época 11/30, Batch 2700/3348, Loss: 0.2149
2025-10-09 19:22:01,598 [INFO] Época 11/30, Batch 2750/3348, Loss: 0.1413
2025-10-09 19:22:01,856 [INFO] Época 11/30, Batch 2800/3348, Loss: 0.1617
2025-10-09 19:22:02,117 [INFO] Época 11/30, Batch 2850/3348, Loss: 0.1828
2025-10-09 19:22:02,376 [INFO] Época 11/30, Batch 2900/3348, Loss: 0.1485
2025-10-09 19:22:02,635 [INFO] Época 11/30, Batch 2950/3348, Loss: 0.1925
2025-10-09 19:22:02,895 [INFO] Época 11/30, Batch 3000/3348, Loss: 0.1455
2025-10-09 19:22:03,155 [INFO] Época 11/30, Batch 3050/3348, Loss: 0.1550
2025-10-09 19:22:03,418 [INFO] Época 11/30, Batch 3100/3348, Loss: 0.2084
2025-10-09 19:22:03,678 [INFO] Época 11/30, Batch 3150/3348, Loss: 0.1338
2025-10-09 19:22:03,938 [INFO] Época 11/30, Batch 3200/3348, Loss: 0.1950
2025-10-09 19:22:04,197 [INFO] Época 11/30, Batch 3250/3348, Loss: 0.2233
2025-10-09 19:22:04,457 [INFO] Época 11/30, Batch 3300/3348, Loss: 0.1320
2025-10-09 19:22:06,318 [INFO] [11/30] Train Loss: 0.1706 | Val Loss: 0.1828 | Tempo: 19.40s
2025-10-09 19:22:06,905 [INFO] Época 12/30, Batch 50/3348, Loss: 0.1485
2025-10-09 19:22:07,166 [INFO] Época 12/30, Batch 100/3348, Loss: 0.1747
2025-10-09 19:22:07,428 [INFO] Época 12/30, Batch 150/3348, Loss: 0.1549
2025-10-09 19:22:07,688 [INFO] Época 12/30, Batch 200/3348, Loss: 4.5128
2025-10-09 19:22:07,948 [INFO] Época 12/30, Batch 250/3348, Loss: 0.1307
2025-10-09 19:22:08,211 [INFO] Época 12/30, Batch 300/3348, Loss: 0.1833
2025-10-09 19:22:08,470 [INFO] Época 12/30, Batch 350/3348, Loss: 0.1982
2025-10-09 19:22:08,727 [INFO] Época 12/30, Batch 400/3348, Loss: 0.1970
2025-10-09 19:22:08,983 [INFO] Época 12/30, Batch 450/3348, Loss: 0.1982
2025-10-09 19:22:09,241 [INFO] Época 12/30, Batch 500/3348, Loss: 0.1985
2025-10-09 19:22:09,498 [INFO] Época 12/30, Batch 550/3348, Loss: 0.1474
2025-10-09 19:22:09,755 [INFO] Época 12/30, Batch 600/3348, Loss: 0.1406
2025-10-09 19:22:10,012 [INFO] Época 12/30, Batch 650/3348, Loss: 0.1071
2025-10-09 19:22:10,271 [INFO] Época 12/30, Batch 700/3348, Loss: 0.1394
2025-10-09 19:22:10,528 [INFO] Época 12/30, Batch 750/3348, Loss: 0.1592
2025-10-09 19:22:10,784 [INFO] Época 12/30, Batch 800/3348, Loss: 0.1641
2025-10-09 19:22:11,033 [INFO] Época 12/30, Batch 850/3348, Loss: 0.1374
2025-10-09 19:22:11,288 [INFO] Época 12/30, Batch 900/3348, Loss: 0.1406
2025-10-09 19:22:11,544 [INFO] Época 12/30, Batch 950/3348, Loss: 0.1214
2025-10-09 19:22:11,801 [INFO] Época 12/30, Batch 1000/3348, Loss: 0.2011
2025-10-09 19:22:12,050 [INFO] Época 12/30, Batch 1050/3348, Loss: 0.1640
2025-10-09 19:22:12,299 [INFO] Época 12/30, Batch 1100/3348, Loss: 0.1755
2025-10-09 19:22:12,547 [INFO] Época 12/30, Batch 1150/3348, Loss: 0.2079
2025-10-09 19:22:12,795 [INFO] Época 12/30, Batch 1200/3348, Loss: 0.1726
2025-10-09 19:22:13,043 [INFO] Época 12/30, Batch 1250/3348, Loss: 0.3202
2025-10-09 19:22:13,297 [INFO] Época 12/30, Batch 1300/3348, Loss: 0.1517
2025-10-09 19:22:13,553 [INFO] Época 12/30, Batch 1350/3348, Loss: 0.1669
2025-10-09 19:22:13,809 [INFO] Época 12/30, Batch 1400/3348, Loss: 0.2188
2025-10-09 19:22:14,067 [INFO] Época 12/30, Batch 1450/3348, Loss: 0.1718
2025-10-09 19:22:14,326 [INFO] Época 12/30, Batch 1500/3348, Loss: 0.1433
2025-10-09 19:22:14,585 [INFO] Época 12/30, Batch 1550/3348, Loss: 0.1834
2025-10-09 19:22:14,843 [INFO] Época 12/30, Batch 1600/3348, Loss: 0.1842
2025-10-09 19:22:15,100 [INFO] Época 12/30, Batch 1650/3348, Loss: 0.3223
2025-10-09 19:22:15,357 [INFO] Época 12/30, Batch 1700/3348, Loss: 0.1813
2025-10-09 19:22:15,615 [INFO] Época 12/30, Batch 1750/3348, Loss: 0.1408
2025-10-09 19:22:15,870 [INFO] Época 12/30, Batch 1800/3348, Loss: 0.2186
2025-10-09 19:22:16,127 [INFO] Época 12/30, Batch 1850/3348, Loss: 0.1512
2025-10-09 19:22:16,384 [INFO] Época 12/30, Batch 1900/3348, Loss: 0.1309
2025-10-09 19:22:16,641 [INFO] Época 12/30, Batch 1950/3348, Loss: 0.1090
2025-10-09 19:22:16,903 [INFO] Época 12/30, Batch 2000/3348, Loss: 0.1668
2025-10-09 19:22:17,164 [INFO] Época 12/30, Batch 2050/3348, Loss: 0.1254
2025-10-09 19:22:17,423 [INFO] Época 12/30, Batch 2100/3348, Loss: 0.1110
2025-10-09 19:22:17,683 [INFO] Época 12/30, Batch 2150/3348, Loss: 0.1995
2025-10-09 19:22:17,943 [INFO] Época 12/30, Batch 2200/3348, Loss: 0.1561
2025-10-09 19:22:18,202 [INFO] Época 12/30, Batch 2250/3348, Loss: 0.1764
2025-10-09 19:22:18,460 [INFO] Época 12/30, Batch 2300/3348, Loss: 0.1521
2025-10-09 19:22:18,721 [INFO] Época 12/30, Batch 2350/3348, Loss: 0.1379
2025-10-09 19:22:18,982 [INFO] Época 12/30, Batch 2400/3348, Loss: 0.1808
2025-10-09 19:22:19,241 [INFO] Época 12/30, Batch 2450/3348, Loss: 0.1942
2025-10-09 19:22:19,500 [INFO] Época 12/30, Batch 2500/3348, Loss: 0.1394
2025-10-09 19:22:19,759 [INFO] Época 12/30, Batch 2550/3348, Loss: 0.1477
2025-10-09 19:22:20,022 [INFO] Época 12/30, Batch 2600/3348, Loss: 0.1791
2025-10-09 19:22:20,280 [INFO] Época 12/30, Batch 2650/3348, Loss: 0.2089
2025-10-09 19:22:20,541 [INFO] Época 12/30, Batch 2700/3348, Loss: 0.1181
2025-10-09 19:22:20,801 [INFO] Época 12/30, Batch 2750/3348, Loss: 0.1802
2025-10-09 19:22:21,061 [INFO] Época 12/30, Batch 2800/3348, Loss: 0.1570
2025-10-09 19:22:21,320 [INFO] Época 12/30, Batch 2850/3348, Loss: 0.1702
2025-10-09 19:22:21,579 [INFO] Época 12/30, Batch 2900/3348, Loss: 0.1444
2025-10-09 19:22:21,838 [INFO] Época 12/30, Batch 2950/3348, Loss: 0.1486
2025-10-09 19:22:22,096 [INFO] Época 12/30, Batch 3000/3348, Loss: 0.1381
2025-10-09 19:22:22,357 [INFO] Época 12/30, Batch 3050/3348, Loss: 0.1143
2025-10-09 19:22:22,618 [INFO] Época 12/30, Batch 3100/3348, Loss: 0.1722
2025-10-09 19:22:22,878 [INFO] Época 12/30, Batch 3150/3348, Loss: 0.1612
2025-10-09 19:22:23,137 [INFO] Época 12/30, Batch 3200/3348, Loss: 0.2279
2025-10-09 19:22:23,398 [INFO] Época 12/30, Batch 3250/3348, Loss: 0.1500
2025-10-09 19:22:23,658 [INFO] Época 12/30, Batch 3300/3348, Loss: 0.1888
2025-10-09 19:22:25,458 [INFO] [12/30] Train Loss: 0.1704 | Val Loss: 0.1874 | Tempo: 19.14s
2025-10-09 19:22:26,026 [INFO] Época 13/30, Batch 50/3348, Loss: 0.1323
2025-10-09 19:22:26,291 [INFO] Época 13/30, Batch 100/3348, Loss: 0.1663
2025-10-09 19:22:26,552 [INFO] Época 13/30, Batch 150/3348, Loss: 0.1649
2025-10-09 19:22:26,810 [INFO] Época 13/30, Batch 200/3348, Loss: 0.1468
2025-10-09 19:22:27,069 [INFO] Época 13/30, Batch 250/3348, Loss: 0.1429
2025-10-09 19:22:27,327 [INFO] Época 13/30, Batch 300/3348, Loss: 0.2044
2025-10-09 19:22:27,586 [INFO] Época 13/30, Batch 350/3348, Loss: 0.1291
2025-10-09 19:22:27,845 [INFO] Época 13/30, Batch 400/3348, Loss: 0.2554
2025-10-09 19:22:28,102 [INFO] Época 13/30, Batch 450/3348, Loss: 0.1715
2025-10-09 19:22:28,361 [INFO] Época 13/30, Batch 500/3348, Loss: 0.1784
2025-10-09 19:22:28,621 [INFO] Época 13/30, Batch 550/3348, Loss: 0.1486
2025-10-09 19:22:28,881 [INFO] Época 13/30, Batch 600/3348, Loss: 0.1281
2025-10-09 19:22:29,143 [INFO] Época 13/30, Batch 650/3348, Loss: 0.2434
2025-10-09 19:22:29,402 [INFO] Época 13/30, Batch 700/3348, Loss: 0.1656
2025-10-09 19:22:29,657 [INFO] Época 13/30, Batch 750/3348, Loss: 0.1017
2025-10-09 19:22:29,919 [INFO] Época 13/30, Batch 800/3348, Loss: 0.1576
2025-10-09 19:22:30,168 [INFO] Época 13/30, Batch 850/3348, Loss: 0.1919
2025-10-09 19:22:30,419 [INFO] Época 13/30, Batch 900/3348, Loss: 0.1618
2025-10-09 19:22:30,680 [INFO] Época 13/30, Batch 950/3348, Loss: 0.1997
2025-10-09 19:22:30,933 [INFO] Época 13/30, Batch 1000/3348, Loss: 0.1406
2025-10-09 19:22:31,188 [INFO] Época 13/30, Batch 1050/3348, Loss: 0.1051
2025-10-09 19:22:31,442 [INFO] Época 13/30, Batch 1100/3348, Loss: 0.2006
2025-10-09 19:22:31,700 [INFO] Época 13/30, Batch 1150/3348, Loss: 0.1279
2025-10-09 19:22:31,946 [INFO] Época 13/30, Batch 1200/3348, Loss: 0.2195
2025-10-09 19:22:32,203 [INFO] Época 13/30, Batch 1250/3348, Loss: 0.1720
2025-10-09 19:22:32,458 [INFO] Época 13/30, Batch 1300/3348, Loss: 0.1759
2025-10-09 19:22:32,719 [INFO] Época 13/30, Batch 1350/3348, Loss: 0.1734
2025-10-09 19:22:32,980 [INFO] Época 13/30, Batch 1400/3348, Loss: 0.1063
2025-10-09 19:22:33,240 [INFO] Época 13/30, Batch 1450/3348, Loss: 0.1096
2025-10-09 19:22:33,498 [INFO] Época 13/30, Batch 1500/3348, Loss: 0.1469
2025-10-09 19:22:33,757 [INFO] Época 13/30, Batch 1550/3348, Loss: 0.2314
2025-10-09 19:22:34,018 [INFO] Época 13/30, Batch 1600/3348, Loss: 0.1648
2025-10-09 19:22:34,283 [INFO] Época 13/30, Batch 1650/3348, Loss: 0.1773
2025-10-09 19:22:34,548 [INFO] Época 13/30, Batch 1700/3348, Loss: 0.0865
2025-10-09 19:22:34,808 [INFO] Época 13/30, Batch 1750/3348, Loss: 0.1746
2025-10-09 19:22:35,069 [INFO] Época 13/30, Batch 1800/3348, Loss: 0.1349
2025-10-09 19:22:35,329 [INFO] Época 13/30, Batch 1850/3348, Loss: 0.1395
2025-10-09 19:22:35,588 [INFO] Época 13/30, Batch 1900/3348, Loss: 0.1718
2025-10-09 19:22:35,848 [INFO] Época 13/30, Batch 1950/3348, Loss: 0.1416
2025-10-09 19:22:36,109 [INFO] Época 13/30, Batch 2000/3348, Loss: 0.1874
2025-10-09 19:22:36,368 [INFO] Época 13/30, Batch 2050/3348, Loss: 0.1820
2025-10-09 19:22:36,628 [INFO] Época 13/30, Batch 2100/3348, Loss: 0.2403
2025-10-09 19:22:36,881 [INFO] Época 13/30, Batch 2150/3348, Loss: 0.2401
2025-10-09 19:22:37,134 [INFO] Época 13/30, Batch 2200/3348, Loss: 0.1546
2025-10-09 19:22:37,387 [INFO] Época 13/30, Batch 2250/3348, Loss: 0.2047
2025-10-09 19:22:37,643 [INFO] Época 13/30, Batch 2300/3348, Loss: 0.1892
2025-10-09 19:22:37,897 [INFO] Época 13/30, Batch 2350/3348, Loss: 0.1567
2025-10-09 19:22:38,153 [INFO] Época 13/30, Batch 2400/3348, Loss: 0.1375
2025-10-09 19:22:38,407 [INFO] Época 13/30, Batch 2450/3348, Loss: 0.1636
2025-10-09 19:22:38,659 [INFO] Época 13/30, Batch 2500/3348, Loss: 0.1741
2025-10-09 19:22:38,911 [INFO] Época 13/30, Batch 2550/3348, Loss: 0.1404
2025-10-09 19:22:39,164 [INFO] Época 13/30, Batch 2600/3348, Loss: 0.2135
2025-10-09 19:22:39,418 [INFO] Época 13/30, Batch 2650/3348, Loss: 0.1791
2025-10-09 19:22:39,673 [INFO] Época 13/30, Batch 2700/3348, Loss: 0.1214
2025-10-09 19:22:39,929 [INFO] Época 13/30, Batch 2750/3348, Loss: 0.2001
2025-10-09 19:22:40,185 [INFO] Época 13/30, Batch 2800/3348, Loss: 0.1993
2025-10-09 19:22:40,442 [INFO] Época 13/30, Batch 2850/3348, Loss: 0.1616
2025-10-09 19:22:40,697 [INFO] Época 13/30, Batch 2900/3348, Loss: 0.1284
2025-10-09 19:22:40,949 [INFO] Época 13/30, Batch 2950/3348, Loss: 0.1673
2025-10-09 19:22:41,200 [INFO] Época 13/30, Batch 3000/3348, Loss: 0.1610
2025-10-09 19:22:41,452 [INFO] Época 13/30, Batch 3050/3348, Loss: 0.1912
2025-10-09 19:22:41,705 [INFO] Época 13/30, Batch 3100/3348, Loss: 0.1651
2025-10-09 19:22:41,963 [INFO] Época 13/30, Batch 3150/3348, Loss: 0.2344
2025-10-09 19:22:42,216 [INFO] Época 13/30, Batch 3200/3348, Loss: 0.1732
2025-10-09 19:22:42,468 [INFO] Época 13/30, Batch 3250/3348, Loss: 0.2164
2025-10-09 19:22:42,725 [INFO] Época 13/30, Batch 3300/3348, Loss: 0.1598
2025-10-09 19:22:44,476 [INFO] [13/30] Train Loss: 0.1702 | Val Loss: 0.1905 | Tempo: 19.02s
2025-10-09 19:22:45,062 [INFO] Época 14/30, Batch 50/3348, Loss: 0.1507
2025-10-09 19:22:45,325 [INFO] Época 14/30, Batch 100/3348, Loss: 0.1268
2025-10-09 19:22:45,588 [INFO] Época 14/30, Batch 150/3348, Loss: 0.1446
2025-10-09 19:22:45,850 [INFO] Época 14/30, Batch 200/3348, Loss: 0.1301
2025-10-09 19:22:46,111 [INFO] Época 14/30, Batch 250/3348, Loss: 0.1050
2025-10-09 19:22:46,371 [INFO] Época 14/30, Batch 300/3348, Loss: 0.1483
2025-10-09 19:22:46,628 [INFO] Época 14/30, Batch 350/3348, Loss: 0.2024
2025-10-09 19:22:46,889 [INFO] Época 14/30, Batch 400/3348, Loss: 0.2054
2025-10-09 19:22:47,148 [INFO] Época 14/30, Batch 450/3348, Loss: 0.1666
2025-10-09 19:22:47,409 [INFO] Época 14/30, Batch 500/3348, Loss: 0.1220
2025-10-09 19:22:47,668 [INFO] Época 14/30, Batch 550/3348, Loss: 0.1779
2025-10-09 19:22:47,929 [INFO] Época 14/30, Batch 600/3348, Loss: 0.1649
2025-10-09 19:22:48,189 [INFO] Época 14/30, Batch 650/3348, Loss: 0.2529
2025-10-09 19:22:48,446 [INFO] Época 14/30, Batch 700/3348, Loss: 0.1406
2025-10-09 19:22:48,694 [INFO] Época 14/30, Batch 750/3348, Loss: 0.1620
2025-10-09 19:22:48,942 [INFO] Época 14/30, Batch 800/3348, Loss: 0.1236
2025-10-09 19:22:49,188 [INFO] Época 14/30, Batch 850/3348, Loss: 0.1461
2025-10-09 19:22:49,446 [INFO] Época 14/30, Batch 900/3348, Loss: 0.1650
2025-10-09 19:22:49,704 [INFO] Época 14/30, Batch 950/3348, Loss: 0.1955
2025-10-09 19:22:49,962 [INFO] Época 14/30, Batch 1000/3348, Loss: 0.1335
2025-10-09 19:22:50,219 [INFO] Época 14/30, Batch 1050/3348, Loss: 0.1892
2025-10-09 19:22:50,477 [INFO] Época 14/30, Batch 1100/3348, Loss: 0.2318
2025-10-09 19:22:50,735 [INFO] Época 14/30, Batch 1150/3348, Loss: 0.1650
2025-10-09 19:22:50,992 [INFO] Época 14/30, Batch 1200/3348, Loss: 0.2125
2025-10-09 19:22:51,252 [INFO] Época 14/30, Batch 1250/3348, Loss: 0.1478
2025-10-09 19:22:51,506 [INFO] Época 14/30, Batch 1300/3348, Loss: 0.1369
2025-10-09 19:22:51,766 [INFO] Época 14/30, Batch 1350/3348, Loss: 0.1788
2025-10-09 19:22:52,024 [INFO] Época 14/30, Batch 1400/3348, Loss: 0.1601
2025-10-09 19:22:52,278 [INFO] Época 14/30, Batch 1450/3348, Loss: 0.1315
2025-10-09 19:22:52,533 [INFO] Época 14/30, Batch 1500/3348, Loss: 0.1494
2025-10-09 19:22:52,790 [INFO] Época 14/30, Batch 1550/3348, Loss: 0.1325
2025-10-09 19:22:53,045 [INFO] Época 14/30, Batch 1600/3348, Loss: 0.1396
2025-10-09 19:22:53,303 [INFO] Época 14/30, Batch 1650/3348, Loss: 0.2082
2025-10-09 19:22:53,558 [INFO] Época 14/30, Batch 1700/3348, Loss: 0.1710
2025-10-09 19:22:53,814 [INFO] Época 14/30, Batch 1750/3348, Loss: 0.1447
2025-10-09 19:22:54,070 [INFO] Época 14/30, Batch 1800/3348, Loss: 0.1945
2025-10-09 19:22:54,326 [INFO] Época 14/30, Batch 1850/3348, Loss: 0.1312
2025-10-09 19:22:54,583 [INFO] Época 14/30, Batch 1900/3348, Loss: 0.1397
2025-10-09 19:22:54,842 [INFO] Época 14/30, Batch 1950/3348, Loss: 0.1461
2025-10-09 19:22:55,099 [INFO] Época 14/30, Batch 2000/3348, Loss: 0.1409
2025-10-09 19:22:55,355 [INFO] Época 14/30, Batch 2050/3348, Loss: 0.1717
2025-10-09 19:22:55,616 [INFO] Época 14/30, Batch 2100/3348, Loss: 0.2099
2025-10-09 19:22:55,871 [INFO] Época 14/30, Batch 2150/3348, Loss: 0.1555
2025-10-09 19:22:56,129 [INFO] Época 14/30, Batch 2200/3348, Loss: 0.1653
2025-10-09 19:22:56,387 [INFO] Época 14/30, Batch 2250/3348, Loss: 0.1281
2025-10-09 19:22:56,643 [INFO] Época 14/30, Batch 2300/3348, Loss: 0.1481
2025-10-09 19:22:56,896 [INFO] Época 14/30, Batch 2350/3348, Loss: 0.1665
2025-10-09 19:22:57,151 [INFO] Época 14/30, Batch 2400/3348, Loss: 0.1646
2025-10-09 19:22:57,409 [INFO] Época 14/30, Batch 2450/3348, Loss: 0.1505
2025-10-09 19:22:57,665 [INFO] Época 14/30, Batch 2500/3348, Loss: 0.1444
2025-10-09 19:22:57,919 [INFO] Época 14/30, Batch 2550/3348, Loss: 0.1614
2025-10-09 19:22:58,174 [INFO] Época 14/30, Batch 2600/3348, Loss: 4.4407
2025-10-09 19:22:58,431 [INFO] Época 14/30, Batch 2650/3348, Loss: 0.1996
2025-10-09 19:22:58,702 [INFO] Época 14/30, Batch 2700/3348, Loss: 0.1876
2025-10-09 19:22:58,976 [INFO] Época 14/30, Batch 2750/3348, Loss: 0.1660
2025-10-09 19:22:59,249 [INFO] Época 14/30, Batch 2800/3348, Loss: 0.2406
2025-10-09 19:22:59,513 [INFO] Época 14/30, Batch 2850/3348, Loss: 0.1477
2025-10-09 19:22:59,769 [INFO] Época 14/30, Batch 2900/3348, Loss: 0.1701
2025-10-09 19:23:00,026 [INFO] Época 14/30, Batch 2950/3348, Loss: 0.1492
2025-10-09 19:23:00,284 [INFO] Época 14/30, Batch 3000/3348, Loss: 0.1824
2025-10-09 19:23:00,541 [INFO] Época 14/30, Batch 3050/3348, Loss: 0.1736
2025-10-09 19:23:00,796 [INFO] Época 14/30, Batch 3100/3348, Loss: 0.2318
2025-10-09 19:23:01,050 [INFO] Época 14/30, Batch 3150/3348, Loss: 0.2015
2025-10-09 19:23:01,305 [INFO] Época 14/30, Batch 3200/3348, Loss: 0.1088
2025-10-09 19:23:01,561 [INFO] Época 14/30, Batch 3250/3348, Loss: 0.2465
2025-10-09 19:23:01,816 [INFO] Época 14/30, Batch 3300/3348, Loss: 0.1204
2025-10-09 19:23:03,664 [INFO] [14/30] Train Loss: 0.1701 | Val Loss: 0.1866 | Tempo: 19.19s
2025-10-09 19:23:03,664 [INFO] Early stopping ativado após 10 épocas sem melhoria
2025-10-09 19:23:03,665 [INFO] Treinamento concluído em 268.34 segundos (4.47 minutos)
2025-10-09 19:23:03,665 [INFO] Iniciando avaliação no conjunto de teste...
2025-10-09 19:23:05,088 [INFO] Avaliação do teste concluída em 1.42 segundos
2025-10-09 19:23:05,088 [INFO] MSE no teste: 0.0557
2025-10-09 19:23:05,088 [INFO] RMSE no teste: 0.2361
2025-10-09 19:23:05,089 [INFO] MAE no teste: 0.1799
2025-10-09 19:23:05,089 [INFO] Métricas salvas em /mnt/hdd/home/jdurao/ToolBox-ChemXAI/logs/mlp_att2_EState_metrics.json
