2025-10-09 21:50:02,927 [INFO] Iniciando treinamento do modelo mlp_att4_3D
2025-10-09 21:50:02,927 [INFO] Configuração: att_index=4, epochs=30, layers=[128, 64, 32], lr=0.001, batch_size=32, descriptor_type=3D
2025-10-09 21:50:02,927 [INFO] Diretório para modelos: /mnt/hdd/home/jdurao/ToolBox-ChemXAI/models
2025-10-09 21:50:02,927 [INFO] Carregando dados...
2025-10-09 21:50:03,021 [INFO] Preparando dataloaders sem ruído...
2025-10-09 21:56:04,305 [INFO] Dados carregados em 361.38 segundos
2025-10-09 21:56:04,305 [INFO] Tamanhos dos conjuntos - Treino: 105179, Validação: 13147, Teste: 13148
2025-10-09 21:56:04,305 [INFO] Usando dispositivo: cuda
2025-10-09 21:56:04,707 [INFO] Dimensão de entrada: 5, Dimensão de saída: 1
2025-10-09 21:56:04,707 [INFO] Criando modelo MLP com camadas: [128, 64, 32]
2025-10-09 21:56:04,711 [INFO] Modelo criado com 11137 parâmetros
2025-10-09 21:56:04,730 [INFO] Iniciando treinamento com 30 épocas...
2025-10-09 21:56:05,298 [INFO] Época 1/30, Batch 50/3287, Loss: 0.7938
2025-10-09 21:56:05,561 [INFO] Época 1/30, Batch 100/3287, Loss: 0.7878
2025-10-09 21:56:05,814 [INFO] Época 1/30, Batch 150/3287, Loss: 0.5275
2025-10-09 21:56:06,061 [INFO] Época 1/30, Batch 200/3287, Loss: 0.7643
2025-10-09 21:56:06,309 [INFO] Época 1/30, Batch 250/3287, Loss: 0.6105
2025-10-09 21:56:06,555 [INFO] Época 1/30, Batch 300/3287, Loss: 0.4692
2025-10-09 21:56:06,803 [INFO] Época 1/30, Batch 350/3287, Loss: 0.6515
2025-10-09 21:56:07,050 [INFO] Época 1/30, Batch 400/3287, Loss: 0.6266
2025-10-09 21:56:07,296 [INFO] Época 1/30, Batch 450/3287, Loss: 0.5555
2025-10-09 21:56:07,553 [INFO] Época 1/30, Batch 500/3287, Loss: 0.6590
2025-10-09 21:56:07,811 [INFO] Época 1/30, Batch 550/3287, Loss: 0.5749
2025-10-09 21:56:08,068 [INFO] Época 1/30, Batch 600/3287, Loss: 0.5461
2025-10-09 21:56:08,325 [INFO] Época 1/30, Batch 650/3287, Loss: 0.6416
2025-10-09 21:56:08,583 [INFO] Época 1/30, Batch 700/3287, Loss: 0.5711
2025-10-09 21:56:08,841 [INFO] Época 1/30, Batch 750/3287, Loss: 0.6916
2025-10-09 21:56:09,098 [INFO] Época 1/30, Batch 800/3287, Loss: 0.5320
2025-10-09 21:56:09,356 [INFO] Época 1/30, Batch 850/3287, Loss: 0.5590
2025-10-09 21:56:09,613 [INFO] Época 1/30, Batch 900/3287, Loss: 0.6135
2025-10-09 21:56:09,869 [INFO] Época 1/30, Batch 950/3287, Loss: 0.5792
2025-10-09 21:56:10,127 [INFO] Época 1/30, Batch 1000/3287, Loss: 0.5160
2025-10-09 21:56:10,385 [INFO] Época 1/30, Batch 1050/3287, Loss: 0.6103
2025-10-09 21:56:10,643 [INFO] Época 1/30, Batch 1100/3287, Loss: 0.8801
2025-10-09 21:56:10,903 [INFO] Época 1/30, Batch 1150/3287, Loss: 0.5550
2025-10-09 21:56:11,166 [INFO] Época 1/30, Batch 1200/3287, Loss: 0.5703
2025-10-09 21:56:11,435 [INFO] Época 1/30, Batch 1250/3287, Loss: 0.5092
2025-10-09 21:56:11,699 [INFO] Época 1/30, Batch 1300/3287, Loss: 0.6719
2025-10-09 21:56:11,967 [INFO] Época 1/30, Batch 1350/3287, Loss: 0.5392
2025-10-09 21:56:12,235 [INFO] Época 1/30, Batch 1400/3287, Loss: 0.6151
2025-10-09 21:56:12,504 [INFO] Época 1/30, Batch 1450/3287, Loss: 0.6213
2025-10-09 21:56:12,772 [INFO] Época 1/30, Batch 1500/3287, Loss: 0.6841
2025-10-09 21:56:13,040 [INFO] Época 1/30, Batch 1550/3287, Loss: 0.5653
2025-10-09 21:56:13,307 [INFO] Época 1/30, Batch 1600/3287, Loss: 0.6064
2025-10-09 21:56:13,576 [INFO] Época 1/30, Batch 1650/3287, Loss: 0.6264
2025-10-09 21:56:13,842 [INFO] Época 1/30, Batch 1700/3287, Loss: 0.5107
2025-10-09 21:56:14,109 [INFO] Época 1/30, Batch 1750/3287, Loss: 0.6035
2025-10-09 21:56:14,377 [INFO] Época 1/30, Batch 1800/3287, Loss: 0.3862
2025-10-09 21:56:14,647 [INFO] Época 1/30, Batch 1850/3287, Loss: 0.5239
2025-10-09 21:56:14,916 [INFO] Época 1/30, Batch 1900/3287, Loss: 0.6592
2025-10-09 21:56:15,185 [INFO] Época 1/30, Batch 1950/3287, Loss: 0.6584
2025-10-09 21:56:15,456 [INFO] Época 1/30, Batch 2000/3287, Loss: 0.5615
2025-10-09 21:56:15,726 [INFO] Época 1/30, Batch 2050/3287, Loss: 0.7087
2025-10-09 21:56:15,997 [INFO] Época 1/30, Batch 2100/3287, Loss: 0.6523
2025-10-09 21:56:16,266 [INFO] Época 1/30, Batch 2150/3287, Loss: 0.5267
2025-10-09 21:56:16,533 [INFO] Época 1/30, Batch 2200/3287, Loss: 0.5006
2025-10-09 21:56:16,802 [INFO] Época 1/30, Batch 2250/3287, Loss: 0.5229
2025-10-09 21:56:17,072 [INFO] Época 1/30, Batch 2300/3287, Loss: 0.5465
2025-10-09 21:56:17,341 [INFO] Época 1/30, Batch 2350/3287, Loss: 0.6013
2025-10-09 21:56:17,604 [INFO] Época 1/30, Batch 2400/3287, Loss: 0.6330
2025-10-09 21:56:17,866 [INFO] Época 1/30, Batch 2450/3287, Loss: 0.6911
2025-10-09 21:56:18,126 [INFO] Época 1/30, Batch 2500/3287, Loss: 0.6844
2025-10-09 21:56:18,384 [INFO] Época 1/30, Batch 2550/3287, Loss: 0.4830
2025-10-09 21:56:18,642 [INFO] Época 1/30, Batch 2600/3287, Loss: 0.5651
2025-10-09 21:56:18,902 [INFO] Época 1/30, Batch 2650/3287, Loss: 0.5218
2025-10-09 21:56:19,158 [INFO] Época 1/30, Batch 2700/3287, Loss: 0.5629
2025-10-09 21:56:19,413 [INFO] Época 1/30, Batch 2750/3287, Loss: 0.5930
2025-10-09 21:56:19,669 [INFO] Época 1/30, Batch 2800/3287, Loss: 0.5473
2025-10-09 21:56:19,928 [INFO] Época 1/30, Batch 2850/3287, Loss: 0.6221
2025-10-09 21:56:20,189 [INFO] Época 1/30, Batch 2900/3287, Loss: 0.6571
2025-10-09 21:56:20,449 [INFO] Época 1/30, Batch 2950/3287, Loss: 0.6179
2025-10-09 21:56:20,709 [INFO] Época 1/30, Batch 3000/3287, Loss: 0.8382
2025-10-09 21:56:20,970 [INFO] Época 1/30, Batch 3050/3287, Loss: 0.6309
2025-10-09 21:56:21,233 [INFO] Época 1/30, Batch 3100/3287, Loss: 0.5999
2025-10-09 21:56:21,494 [INFO] Época 1/30, Batch 3150/3287, Loss: 0.5980
2025-10-09 21:56:21,754 [INFO] Época 1/30, Batch 3200/3287, Loss: 0.5586
2025-10-09 21:56:22,012 [INFO] Época 1/30, Batch 3250/3287, Loss: 0.6340
2025-10-09 21:56:23,696 [INFO] [1/30] Train Loss: 0.6084 | Val Loss: 0.5546 | Tempo: 18.97s
2025-10-09 21:56:23,700 [INFO] Melhor modelo salvo em: /mnt/hdd/home/jdurao/ToolBox-ChemXAI/models/mlp_qm9_3D_att4_large.pth
2025-10-09 21:56:24,272 [INFO] Época 2/30, Batch 50/3287, Loss: 0.5543
2025-10-09 21:56:24,534 [INFO] Época 2/30, Batch 100/3287, Loss: 0.5692
2025-10-09 21:56:24,801 [INFO] Época 2/30, Batch 150/3287, Loss: 0.5664
2025-10-09 21:56:25,068 [INFO] Época 2/30, Batch 200/3287, Loss: 0.6862
2025-10-09 21:56:25,336 [INFO] Época 2/30, Batch 250/3287, Loss: 0.5353
2025-10-09 21:56:25,601 [INFO] Época 2/30, Batch 300/3287, Loss: 0.6073
2025-10-09 21:56:25,866 [INFO] Época 2/30, Batch 350/3287, Loss: 0.5911
2025-10-09 21:56:26,132 [INFO] Época 2/30, Batch 400/3287, Loss: 0.5867
2025-10-09 21:56:26,401 [INFO] Época 2/30, Batch 450/3287, Loss: 0.6238
2025-10-09 21:56:26,666 [INFO] Época 2/30, Batch 500/3287, Loss: 0.7125
2025-10-09 21:56:26,933 [INFO] Época 2/30, Batch 550/3287, Loss: 0.6072
2025-10-09 21:56:27,196 [INFO] Época 2/30, Batch 600/3287, Loss: 0.5789
2025-10-09 21:56:27,461 [INFO] Época 2/30, Batch 650/3287, Loss: 0.5453
2025-10-09 21:56:27,725 [INFO] Época 2/30, Batch 700/3287, Loss: 0.5424
2025-10-09 21:56:27,984 [INFO] Época 2/30, Batch 750/3287, Loss: 0.4965
2025-10-09 21:56:28,248 [INFO] Época 2/30, Batch 800/3287, Loss: 0.6618
2025-10-09 21:56:28,513 [INFO] Época 2/30, Batch 850/3287, Loss: 0.6354
2025-10-09 21:56:28,776 [INFO] Época 2/30, Batch 900/3287, Loss: 0.6271
2025-10-09 21:56:29,042 [INFO] Época 2/30, Batch 950/3287, Loss: 0.7298
2025-10-09 21:56:29,305 [INFO] Época 2/30, Batch 1000/3287, Loss: 0.5796
2025-10-09 21:56:29,568 [INFO] Época 2/30, Batch 1050/3287, Loss: 0.5720
2025-10-09 21:56:29,831 [INFO] Época 2/30, Batch 1100/3287, Loss: 0.5320
2025-10-09 21:56:30,092 [INFO] Época 2/30, Batch 1150/3287, Loss: 0.6701
2025-10-09 21:56:30,350 [INFO] Época 2/30, Batch 1200/3287, Loss: 0.6303
2025-10-09 21:56:30,608 [INFO] Época 2/30, Batch 1250/3287, Loss: 0.6433
2025-10-09 21:56:30,866 [INFO] Época 2/30, Batch 1300/3287, Loss: 0.6002
2025-10-09 21:56:31,123 [INFO] Época 2/30, Batch 1350/3287, Loss: 0.6225
2025-10-09 21:56:31,381 [INFO] Época 2/30, Batch 1400/3287, Loss: 0.6681
2025-10-09 21:56:31,640 [INFO] Época 2/30, Batch 1450/3287, Loss: 0.5394
2025-10-09 21:56:31,904 [INFO] Época 2/30, Batch 1500/3287, Loss: 0.8714
2025-10-09 21:56:32,169 [INFO] Época 2/30, Batch 1550/3287, Loss: 0.6705
2025-10-09 21:56:32,433 [INFO] Época 2/30, Batch 1600/3287, Loss: 0.5658
2025-10-09 21:56:32,698 [INFO] Época 2/30, Batch 1650/3287, Loss: 0.5965
2025-10-09 21:56:32,964 [INFO] Época 2/30, Batch 1700/3287, Loss: 0.5834
2025-10-09 21:56:33,229 [INFO] Época 2/30, Batch 1750/3287, Loss: 0.7294
2025-10-09 21:56:33,499 [INFO] Época 2/30, Batch 1800/3287, Loss: 0.4968
2025-10-09 21:56:33,768 [INFO] Época 2/30, Batch 1850/3287, Loss: 0.5676
2025-10-09 21:56:34,038 [INFO] Época 2/30, Batch 1900/3287, Loss: 0.5152
2025-10-09 21:56:34,309 [INFO] Época 2/30, Batch 1950/3287, Loss: 0.5724
2025-10-09 21:56:34,580 [INFO] Época 2/30, Batch 2000/3287, Loss: 0.5033
2025-10-09 21:56:34,849 [INFO] Época 2/30, Batch 2050/3287, Loss: 0.4689
2025-10-09 21:56:35,116 [INFO] Época 2/30, Batch 2100/3287, Loss: 0.4395
2025-10-09 21:56:35,386 [INFO] Época 2/30, Batch 2150/3287, Loss: 0.4640
2025-10-09 21:56:35,654 [INFO] Época 2/30, Batch 2200/3287, Loss: 0.5838
2025-10-09 21:56:35,922 [INFO] Época 2/30, Batch 2250/3287, Loss: 0.5653
2025-10-09 21:56:36,186 [INFO] Época 2/30, Batch 2300/3287, Loss: 0.5698
2025-10-09 21:56:36,451 [INFO] Época 2/30, Batch 2350/3287, Loss: 0.4248
2025-10-09 21:56:36,716 [INFO] Época 2/30, Batch 2400/3287, Loss: 0.7141
2025-10-09 21:56:36,982 [INFO] Época 2/30, Batch 2450/3287, Loss: 0.6093
2025-10-09 21:56:37,246 [INFO] Época 2/30, Batch 2500/3287, Loss: 0.4918
2025-10-09 21:56:37,507 [INFO] Época 2/30, Batch 2550/3287, Loss: 0.6754
2025-10-09 21:56:37,766 [INFO] Época 2/30, Batch 2600/3287, Loss: 0.5630
2025-10-09 21:56:38,025 [INFO] Época 2/30, Batch 2650/3287, Loss: 0.6552
2025-10-09 21:56:38,285 [INFO] Época 2/30, Batch 2700/3287, Loss: 0.5807
2025-10-09 21:56:38,545 [INFO] Época 2/30, Batch 2750/3287, Loss: 0.7111
2025-10-09 21:56:38,807 [INFO] Época 2/30, Batch 2800/3287, Loss: 0.6860
2025-10-09 21:56:39,070 [INFO] Época 2/30, Batch 2850/3287, Loss: 0.6278
2025-10-09 21:56:39,331 [INFO] Época 2/30, Batch 2900/3287, Loss: 0.5482
2025-10-09 21:56:39,589 [INFO] Época 2/30, Batch 2950/3287, Loss: 0.4911
2025-10-09 21:56:39,850 [INFO] Época 2/30, Batch 3000/3287, Loss: 0.5435
2025-10-09 21:56:40,111 [INFO] Época 2/30, Batch 3050/3287, Loss: 0.6559
2025-10-09 21:56:40,370 [INFO] Época 2/30, Batch 3100/3287, Loss: 0.6246
2025-10-09 21:56:40,628 [INFO] Época 2/30, Batch 3150/3287, Loss: 0.6881
2025-10-09 21:56:40,888 [INFO] Época 2/30, Batch 3200/3287, Loss: 0.5804
2025-10-09 21:56:41,147 [INFO] Época 2/30, Batch 3250/3287, Loss: 0.5521
2025-10-09 21:56:42,799 [INFO] [2/30] Train Loss: 0.5977 | Val Loss: 0.5604 | Tempo: 19.10s
2025-10-09 21:56:43,365 [INFO] Época 3/30, Batch 50/3287, Loss: 0.5593
2025-10-09 21:56:43,626 [INFO] Época 3/30, Batch 100/3287, Loss: 0.4633
2025-10-09 21:56:43,888 [INFO] Época 3/30, Batch 150/3287, Loss: 0.6752
2025-10-09 21:56:44,150 [INFO] Época 3/30, Batch 200/3287, Loss: 0.5836
2025-10-09 21:56:44,413 [INFO] Época 3/30, Batch 250/3287, Loss: 0.6396
2025-10-09 21:56:44,683 [INFO] Época 3/30, Batch 300/3287, Loss: 0.5020
2025-10-09 21:56:44,953 [INFO] Época 3/30, Batch 350/3287, Loss: 0.5284
2025-10-09 21:56:45,219 [INFO] Época 3/30, Batch 400/3287, Loss: 0.5718
2025-10-09 21:56:45,494 [INFO] Época 3/30, Batch 450/3287, Loss: 0.5649
2025-10-09 21:56:45,765 [INFO] Época 3/30, Batch 500/3287, Loss: 0.5230
2025-10-09 21:56:46,034 [INFO] Época 3/30, Batch 550/3287, Loss: 0.6451
2025-10-09 21:56:46,305 [INFO] Época 3/30, Batch 600/3287, Loss: 0.4719
2025-10-09 21:56:46,570 [INFO] Época 3/30, Batch 650/3287, Loss: 0.6224
2025-10-09 21:56:46,836 [INFO] Época 3/30, Batch 700/3287, Loss: 0.7591
2025-10-09 21:56:47,103 [INFO] Época 3/30, Batch 750/3287, Loss: 0.5187
2025-10-09 21:56:47,369 [INFO] Época 3/30, Batch 800/3287, Loss: 0.6260
2025-10-09 21:56:47,635 [INFO] Época 3/30, Batch 850/3287, Loss: 0.5059
2025-10-09 21:56:47,900 [INFO] Época 3/30, Batch 900/3287, Loss: 0.6625
2025-10-09 21:56:48,165 [INFO] Época 3/30, Batch 950/3287, Loss: 0.6853
2025-10-09 21:56:48,423 [INFO] Época 3/30, Batch 1000/3287, Loss: 0.7261
2025-10-09 21:56:48,681 [INFO] Época 3/30, Batch 1050/3287, Loss: 0.5280
2025-10-09 21:56:48,939 [INFO] Época 3/30, Batch 1100/3287, Loss: 0.5257
2025-10-09 21:56:49,195 [INFO] Época 3/30, Batch 1150/3287, Loss: 0.4646
2025-10-09 21:56:49,455 [INFO] Época 3/30, Batch 1200/3287, Loss: 0.5953
2025-10-09 21:56:49,724 [INFO] Época 3/30, Batch 1250/3287, Loss: 0.3978
2025-10-09 21:56:49,996 [INFO] Época 3/30, Batch 1300/3287, Loss: 0.4632
2025-10-09 21:56:50,268 [INFO] Época 3/30, Batch 1350/3287, Loss: 0.7804
2025-10-09 21:56:50,539 [INFO] Época 3/30, Batch 1400/3287, Loss: 0.6341
2025-10-09 21:56:50,809 [INFO] Época 3/30, Batch 1450/3287, Loss: 0.5186
2025-10-09 21:56:51,083 [INFO] Época 3/30, Batch 1500/3287, Loss: 0.5905
2025-10-09 21:56:51,353 [INFO] Época 3/30, Batch 1550/3287, Loss: 0.6616
2025-10-09 21:56:51,623 [INFO] Época 3/30, Batch 1600/3287, Loss: 0.5697
2025-10-09 21:56:51,891 [INFO] Época 3/30, Batch 1650/3287, Loss: 0.4932
2025-10-09 21:56:52,160 [INFO] Época 3/30, Batch 1700/3287, Loss: 0.6122
2025-10-09 21:56:52,429 [INFO] Época 3/30, Batch 1750/3287, Loss: 0.4669
2025-10-09 21:56:52,701 [INFO] Época 3/30, Batch 1800/3287, Loss: 0.5323
2025-10-09 21:56:52,972 [INFO] Época 3/30, Batch 1850/3287, Loss: 0.4734
2025-10-09 21:56:53,244 [INFO] Época 3/30, Batch 1900/3287, Loss: 0.6174
2025-10-09 21:56:53,516 [INFO] Época 3/30, Batch 1950/3287, Loss: 0.7529
2025-10-09 21:56:53,785 [INFO] Época 3/30, Batch 2000/3287, Loss: 0.4413
2025-10-09 21:56:54,053 [INFO] Época 3/30, Batch 2050/3287, Loss: 0.6983
2025-10-09 21:56:54,318 [INFO] Época 3/30, Batch 2100/3287, Loss: 0.5939
2025-10-09 21:56:54,586 [INFO] Época 3/30, Batch 2150/3287, Loss: 0.6079
2025-10-09 21:56:54,856 [INFO] Época 3/30, Batch 2200/3287, Loss: 0.5670
2025-10-09 21:56:55,123 [INFO] Época 3/30, Batch 2250/3287, Loss: 0.6191
2025-10-09 21:56:55,392 [INFO] Época 3/30, Batch 2300/3287, Loss: 0.5919
2025-10-09 21:56:55,659 [INFO] Época 3/30, Batch 2350/3287, Loss: 0.7016
2025-10-09 21:56:55,929 [INFO] Época 3/30, Batch 2400/3287, Loss: 0.6229
2025-10-09 21:56:56,199 [INFO] Época 3/30, Batch 2450/3287, Loss: 0.6367
2025-10-09 21:56:56,465 [INFO] Época 3/30, Batch 2500/3287, Loss: 0.6269
2025-10-09 21:56:56,736 [INFO] Época 3/30, Batch 2550/3287, Loss: 0.5583
2025-10-09 21:56:57,005 [INFO] Época 3/30, Batch 2600/3287, Loss: 0.5046
2025-10-09 21:56:57,275 [INFO] Época 3/30, Batch 2650/3287, Loss: 0.3937
2025-10-09 21:56:57,544 [INFO] Época 3/30, Batch 2700/3287, Loss: 0.6688
2025-10-09 21:56:57,815 [INFO] Época 3/30, Batch 2750/3287, Loss: 0.6316
2025-10-09 21:56:58,085 [INFO] Época 3/30, Batch 2800/3287, Loss: 0.5207
2025-10-09 21:56:58,351 [INFO] Época 3/30, Batch 2850/3287, Loss: 0.5205
2025-10-09 21:56:58,620 [INFO] Época 3/30, Batch 2900/3287, Loss: 0.4639
2025-10-09 21:56:58,886 [INFO] Época 3/30, Batch 2950/3287, Loss: 0.6107
2025-10-09 21:56:59,154 [INFO] Época 3/30, Batch 3000/3287, Loss: 0.7024
2025-10-09 21:56:59,423 [INFO] Época 3/30, Batch 3050/3287, Loss: 0.6858
2025-10-09 21:56:59,690 [INFO] Época 3/30, Batch 3100/3287, Loss: 0.5097
2025-10-09 21:56:59,958 [INFO] Época 3/30, Batch 3150/3287, Loss: 0.7409
2025-10-09 21:57:00,224 [INFO] Época 3/30, Batch 3200/3287, Loss: 0.5864
2025-10-09 21:57:00,492 [INFO] Época 3/30, Batch 3250/3287, Loss: 0.6493
2025-10-09 21:57:02,270 [INFO] [3/30] Train Loss: 0.5950 | Val Loss: 0.5547 | Tempo: 19.47s
2025-10-09 21:57:02,844 [INFO] Época 4/30, Batch 50/3287, Loss: 0.5134
2025-10-09 21:57:03,106 [INFO] Época 4/30, Batch 100/3287, Loss: 0.6356
2025-10-09 21:57:03,368 [INFO] Época 4/30, Batch 150/3287, Loss: 0.6269
2025-10-09 21:57:03,627 [INFO] Época 4/30, Batch 200/3287, Loss: 0.5479
2025-10-09 21:57:03,885 [INFO] Época 4/30, Batch 250/3287, Loss: 0.6566
2025-10-09 21:57:04,145 [INFO] Época 4/30, Batch 300/3287, Loss: 0.5322
2025-10-09 21:57:04,405 [INFO] Época 4/30, Batch 350/3287, Loss: 0.6212
2025-10-09 21:57:04,666 [INFO] Época 4/30, Batch 400/3287, Loss: 0.5822
2025-10-09 21:57:04,923 [INFO] Época 4/30, Batch 450/3287, Loss: 0.7152
2025-10-09 21:57:05,179 [INFO] Época 4/30, Batch 500/3287, Loss: 0.5436
2025-10-09 21:57:05,438 [INFO] Época 4/30, Batch 550/3287, Loss: 0.5670
2025-10-09 21:57:05,696 [INFO] Época 4/30, Batch 600/3287, Loss: 0.4749
2025-10-09 21:57:05,952 [INFO] Época 4/30, Batch 650/3287, Loss: 0.5429
2025-10-09 21:57:06,203 [INFO] Época 4/30, Batch 700/3287, Loss: 0.5164
2025-10-09 21:57:06,455 [INFO] Época 4/30, Batch 750/3287, Loss: 0.5502
2025-10-09 21:57:06,705 [INFO] Época 4/30, Batch 800/3287, Loss: 0.5794
2025-10-09 21:57:06,954 [INFO] Época 4/30, Batch 850/3287, Loss: 0.5910
2025-10-09 21:57:07,203 [INFO] Época 4/30, Batch 900/3287, Loss: 0.7421
2025-10-09 21:57:07,453 [INFO] Época 4/30, Batch 950/3287, Loss: 0.6858
2025-10-09 21:57:07,704 [INFO] Época 4/30, Batch 1000/3287, Loss: 0.5104
2025-10-09 21:57:07,953 [INFO] Época 4/30, Batch 1050/3287, Loss: 0.6466
2025-10-09 21:57:08,201 [INFO] Época 4/30, Batch 1100/3287, Loss: 0.5370
2025-10-09 21:57:08,450 [INFO] Época 4/30, Batch 1150/3287, Loss: 0.6637
2025-10-09 21:57:08,714 [INFO] Época 4/30, Batch 1200/3287, Loss: 0.6281
2025-10-09 21:57:08,981 [INFO] Época 4/30, Batch 1250/3287, Loss: 0.8009
2025-10-09 21:57:09,248 [INFO] Época 4/30, Batch 1300/3287, Loss: 0.5295
2025-10-09 21:57:09,514 [INFO] Época 4/30, Batch 1350/3287, Loss: 0.6135
2025-10-09 21:57:09,778 [INFO] Época 4/30, Batch 1400/3287, Loss: 0.4400
2025-10-09 21:57:10,042 [INFO] Época 4/30, Batch 1450/3287, Loss: 0.5797
2025-10-09 21:57:10,309 [INFO] Época 4/30, Batch 1500/3287, Loss: 0.6749
2025-10-09 21:57:10,576 [INFO] Época 4/30, Batch 1550/3287, Loss: 0.6763
2025-10-09 21:57:10,843 [INFO] Época 4/30, Batch 1600/3287, Loss: 0.6128
2025-10-09 21:57:11,110 [INFO] Época 4/30, Batch 1650/3287, Loss: 0.6502
2025-10-09 21:57:11,376 [INFO] Época 4/30, Batch 1700/3287, Loss: 0.5983
2025-10-09 21:57:11,642 [INFO] Época 4/30, Batch 1750/3287, Loss: 0.6005
2025-10-09 21:57:11,910 [INFO] Época 4/30, Batch 1800/3287, Loss: 0.6487
2025-10-09 21:57:12,176 [INFO] Época 4/30, Batch 1850/3287, Loss: 0.6434
2025-10-09 21:57:12,443 [INFO] Época 4/30, Batch 1900/3287, Loss: 0.4553
2025-10-09 21:57:12,709 [INFO] Época 4/30, Batch 1950/3287, Loss: 0.6506
2025-10-09 21:57:12,977 [INFO] Época 4/30, Batch 2000/3287, Loss: 0.5503
2025-10-09 21:57:13,244 [INFO] Época 4/30, Batch 2050/3287, Loss: 0.6147
2025-10-09 21:57:13,511 [INFO] Época 4/30, Batch 2100/3287, Loss: 0.6571
2025-10-09 21:57:13,774 [INFO] Época 4/30, Batch 2150/3287, Loss: 0.6354
2025-10-09 21:57:14,034 [INFO] Época 4/30, Batch 2200/3287, Loss: 0.4878
2025-10-09 21:57:14,296 [INFO] Época 4/30, Batch 2250/3287, Loss: 0.5187
2025-10-09 21:57:14,555 [INFO] Época 4/30, Batch 2300/3287, Loss: 0.4813
2025-10-09 21:57:14,815 [INFO] Época 4/30, Batch 2350/3287, Loss: 0.6096
2025-10-09 21:57:15,076 [INFO] Época 4/30, Batch 2400/3287, Loss: 0.4597
2025-10-09 21:57:15,334 [INFO] Época 4/30, Batch 2450/3287, Loss: 0.4695
2025-10-09 21:57:15,592 [INFO] Época 4/30, Batch 2500/3287, Loss: 0.5438
2025-10-09 21:57:15,851 [INFO] Época 4/30, Batch 2550/3287, Loss: 0.5623
2025-10-09 21:57:16,114 [INFO] Época 4/30, Batch 2600/3287, Loss: 0.4996
2025-10-09 21:57:16,372 [INFO] Época 4/30, Batch 2650/3287, Loss: 0.6552
2025-10-09 21:57:16,636 [INFO] Época 4/30, Batch 2700/3287, Loss: 0.6746
2025-10-09 21:57:16,899 [INFO] Época 4/30, Batch 2750/3287, Loss: 0.6576
2025-10-09 21:57:17,166 [INFO] Época 4/30, Batch 2800/3287, Loss: 0.6114
2025-10-09 21:57:17,434 [INFO] Época 4/30, Batch 2850/3287, Loss: 0.6611
2025-10-09 21:57:17,700 [INFO] Época 4/30, Batch 2900/3287, Loss: 0.6468
2025-10-09 21:57:17,966 [INFO] Época 4/30, Batch 2950/3287, Loss: 0.6507
2025-10-09 21:57:18,233 [INFO] Época 4/30, Batch 3000/3287, Loss: 0.6610
2025-10-09 21:57:18,495 [INFO] Época 4/30, Batch 3050/3287, Loss: 0.6108
2025-10-09 21:57:18,753 [INFO] Época 4/30, Batch 3100/3287, Loss: 0.5010
2025-10-09 21:57:19,014 [INFO] Época 4/30, Batch 3150/3287, Loss: 0.6422
2025-10-09 21:57:19,272 [INFO] Época 4/30, Batch 3200/3287, Loss: 0.5304
2025-10-09 21:57:19,532 [INFO] Época 4/30, Batch 3250/3287, Loss: 0.7019
2025-10-09 21:57:21,212 [INFO] [4/30] Train Loss: 0.5936 | Val Loss: 0.5502 | Tempo: 18.94s
2025-10-09 21:57:21,216 [INFO] Melhor modelo salvo em: /mnt/hdd/home/jdurao/ToolBox-ChemXAI/models/mlp_qm9_3D_att4_large.pth
2025-10-09 21:57:21,798 [INFO] Época 5/30, Batch 50/3287, Loss: 0.6970
2025-10-09 21:57:22,061 [INFO] Época 5/30, Batch 100/3287, Loss: 0.6990
2025-10-09 21:57:22,321 [INFO] Época 5/30, Batch 150/3287, Loss: 0.6064
2025-10-09 21:57:22,579 [INFO] Época 5/30, Batch 200/3287, Loss: 0.5623
2025-10-09 21:57:22,838 [INFO] Época 5/30, Batch 250/3287, Loss: 0.4169
2025-10-09 21:57:23,095 [INFO] Época 5/30, Batch 300/3287, Loss: 0.6418
2025-10-09 21:57:23,356 [INFO] Época 5/30, Batch 350/3287, Loss: 0.4534
2025-10-09 21:57:23,613 [INFO] Época 5/30, Batch 400/3287, Loss: 0.6448
2025-10-09 21:57:23,879 [INFO] Época 5/30, Batch 450/3287, Loss: 0.6744
2025-10-09 21:57:24,142 [INFO] Época 5/30, Batch 500/3287, Loss: 0.7147
2025-10-09 21:57:24,397 [INFO] Época 5/30, Batch 550/3287, Loss: 0.4757
2025-10-09 21:57:24,652 [INFO] Época 5/30, Batch 600/3287, Loss: 0.5773
2025-10-09 21:57:24,903 [INFO] Época 5/30, Batch 650/3287, Loss: 0.6370
2025-10-09 21:57:25,155 [INFO] Época 5/30, Batch 700/3287, Loss: 0.5745
2025-10-09 21:57:25,402 [INFO] Época 5/30, Batch 750/3287, Loss: 0.7724
2025-10-09 21:57:25,651 [INFO] Época 5/30, Batch 800/3287, Loss: 0.6229
2025-10-09 21:57:25,899 [INFO] Época 5/30, Batch 850/3287, Loss: 0.5530
2025-10-09 21:57:26,145 [INFO] Época 5/30, Batch 900/3287, Loss: 0.6790
2025-10-09 21:57:26,391 [INFO] Época 5/30, Batch 950/3287, Loss: 0.5779
2025-10-09 21:57:26,635 [INFO] Época 5/30, Batch 1000/3287, Loss: 0.7126
2025-10-09 21:57:26,882 [INFO] Época 5/30, Batch 1050/3287, Loss: 0.5505
2025-10-09 21:57:27,131 [INFO] Época 5/30, Batch 1100/3287, Loss: 0.4481
2025-10-09 21:57:27,377 [INFO] Época 5/30, Batch 1150/3287, Loss: 0.6399
2025-10-09 21:57:27,625 [INFO] Época 5/30, Batch 1200/3287, Loss: 0.5920
2025-10-09 21:57:27,874 [INFO] Época 5/30, Batch 1250/3287, Loss: 0.5540
2025-10-09 21:57:28,124 [INFO] Época 5/30, Batch 1300/3287, Loss: 0.5761
2025-10-09 21:57:28,373 [INFO] Época 5/30, Batch 1350/3287, Loss: 0.5783
2025-10-09 21:57:28,625 [INFO] Época 5/30, Batch 1400/3287, Loss: 0.6347
2025-10-09 21:57:28,880 [INFO] Época 5/30, Batch 1450/3287, Loss: 0.5243
2025-10-09 21:57:29,136 [INFO] Época 5/30, Batch 1500/3287, Loss: 0.7706
2025-10-09 21:57:29,392 [INFO] Época 5/30, Batch 1550/3287, Loss: 0.4737
2025-10-09 21:57:29,648 [INFO] Época 5/30, Batch 1600/3287, Loss: 0.5851
2025-10-09 21:57:29,907 [INFO] Época 5/30, Batch 1650/3287, Loss: 0.5927
2025-10-09 21:57:30,162 [INFO] Época 5/30, Batch 1700/3287, Loss: 0.6401
2025-10-09 21:57:30,413 [INFO] Época 5/30, Batch 1750/3287, Loss: 0.5377
2025-10-09 21:57:30,665 [INFO] Época 5/30, Batch 1800/3287, Loss: 0.6190
2025-10-09 21:57:30,915 [INFO] Época 5/30, Batch 1850/3287, Loss: 0.6296
2025-10-09 21:57:31,167 [INFO] Época 5/30, Batch 1900/3287, Loss: 0.7237
2025-10-09 21:57:31,419 [INFO] Época 5/30, Batch 1950/3287, Loss: 0.6136
2025-10-09 21:57:31,671 [INFO] Época 5/30, Batch 2000/3287, Loss: 0.6154
2025-10-09 21:57:31,922 [INFO] Época 5/30, Batch 2050/3287, Loss: 0.4945
2025-10-09 21:57:32,174 [INFO] Época 5/30, Batch 2100/3287, Loss: 0.4614
2025-10-09 21:57:32,437 [INFO] Época 5/30, Batch 2150/3287, Loss: 0.6301
2025-10-09 21:57:32,689 [INFO] Época 5/30, Batch 2200/3287, Loss: 0.4914
2025-10-09 21:57:32,943 [INFO] Época 5/30, Batch 2250/3287, Loss: 0.5940
2025-10-09 21:57:33,196 [INFO] Época 5/30, Batch 2300/3287, Loss: 0.6009
2025-10-09 21:57:33,450 [INFO] Época 5/30, Batch 2350/3287, Loss: 0.7049
2025-10-09 21:57:33,706 [INFO] Época 5/30, Batch 2400/3287, Loss: 0.6176
2025-10-09 21:57:33,959 [INFO] Época 5/30, Batch 2450/3287, Loss: 0.6254
2025-10-09 21:57:34,211 [INFO] Época 5/30, Batch 2500/3287, Loss: 0.6654
2025-10-09 21:57:34,462 [INFO] Época 5/30, Batch 2550/3287, Loss: 0.5582
2025-10-09 21:57:34,718 [INFO] Época 5/30, Batch 2600/3287, Loss: 0.6208
2025-10-09 21:57:34,973 [INFO] Época 5/30, Batch 2650/3287, Loss: 0.5772
2025-10-09 21:57:35,228 [INFO] Época 5/30, Batch 2700/3287, Loss: 0.5298
2025-10-09 21:57:35,484 [INFO] Época 5/30, Batch 2750/3287, Loss: 0.6449
2025-10-09 21:57:35,743 [INFO] Época 5/30, Batch 2800/3287, Loss: 0.6246
2025-10-09 21:57:36,000 [INFO] Época 5/30, Batch 2850/3287, Loss: 0.5871
2025-10-09 21:57:36,258 [INFO] Época 5/30, Batch 2900/3287, Loss: 0.6050
2025-10-09 21:57:36,515 [INFO] Época 5/30, Batch 2950/3287, Loss: 0.5960
2025-10-09 21:57:36,773 [INFO] Época 5/30, Batch 3000/3287, Loss: 0.5915
2025-10-09 21:57:37,030 [INFO] Época 5/30, Batch 3050/3287, Loss: 0.5137
2025-10-09 21:57:37,289 [INFO] Época 5/30, Batch 3100/3287, Loss: 0.6016
2025-10-09 21:57:37,547 [INFO] Época 5/30, Batch 3150/3287, Loss: 0.5705
2025-10-09 21:57:37,804 [INFO] Época 5/30, Batch 3200/3287, Loss: 0.5695
2025-10-09 21:57:38,063 [INFO] Época 5/30, Batch 3250/3287, Loss: 0.4332
2025-10-09 21:57:39,831 [INFO] [5/30] Train Loss: 0.5919 | Val Loss: 0.5587 | Tempo: 18.61s
2025-10-09 21:57:40,406 [INFO] Época 6/30, Batch 50/3287, Loss: 0.5496
2025-10-09 21:57:40,670 [INFO] Época 6/30, Batch 100/3287, Loss: 0.5700
2025-10-09 21:57:40,932 [INFO] Época 6/30, Batch 150/3287, Loss: 0.6544
2025-10-09 21:57:41,195 [INFO] Época 6/30, Batch 200/3287, Loss: 0.5546
2025-10-09 21:57:41,456 [INFO] Época 6/30, Batch 250/3287, Loss: 0.4684
2025-10-09 21:57:41,714 [INFO] Época 6/30, Batch 300/3287, Loss: 0.5506
2025-10-09 21:57:41,970 [INFO] Época 6/30, Batch 350/3287, Loss: 0.6240
2025-10-09 21:57:42,230 [INFO] Época 6/30, Batch 400/3287, Loss: 0.6274
2025-10-09 21:57:42,487 [INFO] Época 6/30, Batch 450/3287, Loss: 0.6523
2025-10-09 21:57:42,744 [INFO] Época 6/30, Batch 500/3287, Loss: 0.5472
2025-10-09 21:57:43,001 [INFO] Época 6/30, Batch 550/3287, Loss: 0.6388
2025-10-09 21:57:43,257 [INFO] Época 6/30, Batch 600/3287, Loss: 0.6243
2025-10-09 21:57:43,515 [INFO] Época 6/30, Batch 650/3287, Loss: 0.5134
2025-10-09 21:57:43,773 [INFO] Época 6/30, Batch 700/3287, Loss: 0.7269
2025-10-09 21:57:44,022 [INFO] Época 6/30, Batch 750/3287, Loss: 0.5636
2025-10-09 21:57:44,270 [INFO] Época 6/30, Batch 800/3287, Loss: 0.5774
2025-10-09 21:57:44,518 [INFO] Época 6/30, Batch 850/3287, Loss: 0.7454
2025-10-09 21:57:44,776 [INFO] Época 6/30, Batch 900/3287, Loss: 0.5193
2025-10-09 21:57:45,033 [INFO] Época 6/30, Batch 950/3287, Loss: 0.5238
2025-10-09 21:57:45,289 [INFO] Época 6/30, Batch 1000/3287, Loss: 0.5937
2025-10-09 21:57:45,544 [INFO] Época 6/30, Batch 1050/3287, Loss: 0.5055
2025-10-09 21:57:45,799 [INFO] Época 6/30, Batch 1100/3287, Loss: 0.6904
2025-10-09 21:57:46,057 [INFO] Época 6/30, Batch 1150/3287, Loss: 0.4200
2025-10-09 21:57:46,314 [INFO] Época 6/30, Batch 1200/3287, Loss: 0.5148
2025-10-09 21:57:46,571 [INFO] Época 6/30, Batch 1250/3287, Loss: 0.6350
2025-10-09 21:57:46,828 [INFO] Época 6/30, Batch 1300/3287, Loss: 0.7051
2025-10-09 21:57:47,086 [INFO] Época 6/30, Batch 1350/3287, Loss: 0.6568
2025-10-09 21:57:47,345 [INFO] Época 6/30, Batch 1400/3287, Loss: 0.5108
2025-10-09 21:57:47,604 [INFO] Época 6/30, Batch 1450/3287, Loss: 0.5308
2025-10-09 21:57:47,863 [INFO] Época 6/30, Batch 1500/3287, Loss: 0.6330
2025-10-09 21:57:48,120 [INFO] Época 6/30, Batch 1550/3287, Loss: 0.5259
2025-10-09 21:57:48,380 [INFO] Época 6/30, Batch 1600/3287, Loss: 0.5726
2025-10-09 21:57:48,638 [INFO] Época 6/30, Batch 1650/3287, Loss: 0.4887
2025-10-09 21:57:48,898 [INFO] Época 6/30, Batch 1700/3287, Loss: 0.5523
2025-10-09 21:57:49,155 [INFO] Época 6/30, Batch 1750/3287, Loss: 0.6866
2025-10-09 21:57:49,416 [INFO] Época 6/30, Batch 1800/3287, Loss: 0.5231
2025-10-09 21:57:49,674 [INFO] Época 6/30, Batch 1850/3287, Loss: 0.5721
2025-10-09 21:57:49,931 [INFO] Época 6/30, Batch 1900/3287, Loss: 0.4477
2025-10-09 21:57:50,190 [INFO] Época 6/30, Batch 1950/3287, Loss: 0.5969
2025-10-09 21:57:50,448 [INFO] Época 6/30, Batch 2000/3287, Loss: 0.7033
2025-10-09 21:57:50,707 [INFO] Época 6/30, Batch 2050/3287, Loss: 0.7725
2025-10-09 21:57:50,966 [INFO] Época 6/30, Batch 2100/3287, Loss: 0.5892
2025-10-09 21:57:51,223 [INFO] Época 6/30, Batch 2150/3287, Loss: 0.7189
2025-10-09 21:57:51,483 [INFO] Época 6/30, Batch 2200/3287, Loss: 0.7013
2025-10-09 21:57:51,742 [INFO] Época 6/30, Batch 2250/3287, Loss: 0.4549
2025-10-09 21:57:52,001 [INFO] Época 6/30, Batch 2300/3287, Loss: 0.4824
2025-10-09 21:57:52,259 [INFO] Época 6/30, Batch 2350/3287, Loss: 0.7607
2025-10-09 21:57:52,518 [INFO] Época 6/30, Batch 2400/3287, Loss: 0.3995
2025-10-09 21:57:52,776 [INFO] Época 6/30, Batch 2450/3287, Loss: 0.6606
2025-10-09 21:57:53,035 [INFO] Época 6/30, Batch 2500/3287, Loss: 0.5898
2025-10-09 21:57:53,292 [INFO] Época 6/30, Batch 2550/3287, Loss: 0.6269
2025-10-09 21:57:53,550 [INFO] Época 6/30, Batch 2600/3287, Loss: 0.5542
2025-10-09 21:57:53,809 [INFO] Época 6/30, Batch 2650/3287, Loss: 0.7524
2025-10-09 21:57:54,067 [INFO] Época 6/30, Batch 2700/3287, Loss: 0.5968
2025-10-09 21:57:54,325 [INFO] Época 6/30, Batch 2750/3287, Loss: 0.5691
2025-10-09 21:57:54,583 [INFO] Época 6/30, Batch 2800/3287, Loss: 0.5553
2025-10-09 21:57:54,842 [INFO] Época 6/30, Batch 2850/3287, Loss: 0.6033
2025-10-09 21:57:55,098 [INFO] Época 6/30, Batch 2900/3287, Loss: 0.5182
2025-10-09 21:57:55,358 [INFO] Época 6/30, Batch 2950/3287, Loss: 0.6027
2025-10-09 21:57:55,616 [INFO] Época 6/30, Batch 3000/3287, Loss: 0.6241
2025-10-09 21:57:55,876 [INFO] Época 6/30, Batch 3050/3287, Loss: 0.6254
2025-10-09 21:57:56,133 [INFO] Época 6/30, Batch 3100/3287, Loss: 0.6777
2025-10-09 21:57:56,390 [INFO] Época 6/30, Batch 3150/3287, Loss: 0.7940
2025-10-09 21:57:56,650 [INFO] Época 6/30, Batch 3200/3287, Loss: 0.5719
2025-10-09 21:57:56,912 [INFO] Época 6/30, Batch 3250/3287, Loss: 0.6116
2025-10-09 21:57:58,694 [INFO] [6/30] Train Loss: 0.5905 | Val Loss: 0.5612 | Tempo: 18.86s
2025-10-09 21:57:59,271 [INFO] Época 7/30, Batch 50/3287, Loss: 0.5558
2025-10-09 21:57:59,534 [INFO] Época 7/30, Batch 100/3287, Loss: 0.6122
2025-10-09 21:57:59,795 [INFO] Época 7/30, Batch 150/3287, Loss: 0.6744
2025-10-09 21:58:00,055 [INFO] Época 7/30, Batch 200/3287, Loss: 0.6092
2025-10-09 21:58:00,315 [INFO] Época 7/30, Batch 250/3287, Loss: 0.5897
2025-10-09 21:58:00,575 [INFO] Época 7/30, Batch 300/3287, Loss: 0.4330
2025-10-09 21:58:00,833 [INFO] Época 7/30, Batch 350/3287, Loss: 0.8766
2025-10-09 21:58:01,091 [INFO] Época 7/30, Batch 400/3287, Loss: 0.8280
2025-10-09 21:58:01,354 [INFO] Época 7/30, Batch 450/3287, Loss: 0.6494
2025-10-09 21:58:01,615 [INFO] Época 7/30, Batch 500/3287, Loss: 0.5205
2025-10-09 21:58:01,878 [INFO] Época 7/30, Batch 550/3287, Loss: 0.3603
2025-10-09 21:58:02,141 [INFO] Época 7/30, Batch 600/3287, Loss: 0.6112
2025-10-09 21:58:02,403 [INFO] Época 7/30, Batch 650/3287, Loss: 0.8147
2025-10-09 21:58:02,667 [INFO] Época 7/30, Batch 700/3287, Loss: 0.4442
2025-10-09 21:58:02,928 [INFO] Época 7/30, Batch 750/3287, Loss: 0.5717
2025-10-09 21:58:03,188 [INFO] Época 7/30, Batch 800/3287, Loss: 0.6855
2025-10-09 21:58:03,448 [INFO] Época 7/30, Batch 850/3287, Loss: 0.5162
2025-10-09 21:58:03,709 [INFO] Época 7/30, Batch 900/3287, Loss: 0.5157
2025-10-09 21:58:03,972 [INFO] Época 7/30, Batch 950/3287, Loss: 0.5466
2025-10-09 21:58:04,232 [INFO] Época 7/30, Batch 1000/3287, Loss: 0.5022
2025-10-09 21:58:04,492 [INFO] Época 7/30, Batch 1050/3287, Loss: 0.7093
2025-10-09 21:58:04,754 [INFO] Época 7/30, Batch 1100/3287, Loss: 0.4670
2025-10-09 21:58:05,014 [INFO] Época 7/30, Batch 1150/3287, Loss: 0.5370
2025-10-09 21:58:05,275 [INFO] Época 7/30, Batch 1200/3287, Loss: 0.4591
2025-10-09 21:58:05,532 [INFO] Época 7/30, Batch 1250/3287, Loss: 0.5792
2025-10-09 21:58:05,789 [INFO] Época 7/30, Batch 1300/3287, Loss: 0.7006
2025-10-09 21:58:06,046 [INFO] Época 7/30, Batch 1350/3287, Loss: 0.7123
2025-10-09 21:58:06,304 [INFO] Época 7/30, Batch 1400/3287, Loss: 0.6881
2025-10-09 21:58:06,560 [INFO] Época 7/30, Batch 1450/3287, Loss: 0.5296
2025-10-09 21:58:06,817 [INFO] Época 7/30, Batch 1500/3287, Loss: 0.5868
2025-10-09 21:58:07,075 [INFO] Época 7/30, Batch 1550/3287, Loss: 0.6329
2025-10-09 21:58:07,333 [INFO] Época 7/30, Batch 1600/3287, Loss: 0.4547
2025-10-09 21:58:07,592 [INFO] Época 7/30, Batch 1650/3287, Loss: 0.6004
2025-10-09 21:58:07,849 [INFO] Época 7/30, Batch 1700/3287, Loss: 0.7415
2025-10-09 21:58:08,109 [INFO] Época 7/30, Batch 1750/3287, Loss: 0.5269
2025-10-09 21:58:08,367 [INFO] Época 7/30, Batch 1800/3287, Loss: 0.7216
2025-10-09 21:58:08,625 [INFO] Época 7/30, Batch 1850/3287, Loss: 0.5510
2025-10-09 21:58:08,885 [INFO] Época 7/30, Batch 1900/3287, Loss: 0.6454
2025-10-09 21:58:09,143 [INFO] Época 7/30, Batch 1950/3287, Loss: 0.4807
2025-10-09 21:58:09,402 [INFO] Época 7/30, Batch 2000/3287, Loss: 0.4918
2025-10-09 21:58:09,659 [INFO] Época 7/30, Batch 2050/3287, Loss: 0.4625
2025-10-09 21:58:09,917 [INFO] Época 7/30, Batch 2100/3287, Loss: 0.6131
2025-10-09 21:58:10,174 [INFO] Época 7/30, Batch 2150/3287, Loss: 0.6096
2025-10-09 21:58:10,431 [INFO] Época 7/30, Batch 2200/3287, Loss: 0.6602
2025-10-09 21:58:10,690 [INFO] Época 7/30, Batch 2250/3287, Loss: 0.5229
2025-10-09 21:58:10,944 [INFO] Época 7/30, Batch 2300/3287, Loss: 0.5176
2025-10-09 21:58:11,199 [INFO] Época 7/30, Batch 2350/3287, Loss: 0.5375
2025-10-09 21:58:11,453 [INFO] Época 7/30, Batch 2400/3287, Loss: 0.4921
2025-10-09 21:58:11,707 [INFO] Época 7/30, Batch 2450/3287, Loss: 0.6971
2025-10-09 21:58:11,961 [INFO] Época 7/30, Batch 2500/3287, Loss: 0.5382
2025-10-09 21:58:12,213 [INFO] Época 7/30, Batch 2550/3287, Loss: 0.6871
2025-10-09 21:58:12,466 [INFO] Época 7/30, Batch 2600/3287, Loss: 0.6747
2025-10-09 21:58:12,718 [INFO] Época 7/30, Batch 2650/3287, Loss: 0.6171
2025-10-09 21:58:12,971 [INFO] Época 7/30, Batch 2700/3287, Loss: 0.4455
2025-10-09 21:58:13,226 [INFO] Época 7/30, Batch 2750/3287, Loss: 0.5108
2025-10-09 21:58:13,479 [INFO] Época 7/30, Batch 2800/3287, Loss: 0.7310
2025-10-09 21:58:13,733 [INFO] Época 7/30, Batch 2850/3287, Loss: 0.7244
2025-10-09 21:58:13,986 [INFO] Época 7/30, Batch 2900/3287, Loss: 0.6944
2025-10-09 21:58:14,241 [INFO] Época 7/30, Batch 2950/3287, Loss: 0.6189
2025-10-09 21:58:14,498 [INFO] Época 7/30, Batch 3000/3287, Loss: 0.6481
2025-10-09 21:58:14,752 [INFO] Época 7/30, Batch 3050/3287, Loss: 0.5970
2025-10-09 21:58:15,004 [INFO] Época 7/30, Batch 3100/3287, Loss: 0.6240
2025-10-09 21:58:15,257 [INFO] Época 7/30, Batch 3150/3287, Loss: 0.6484
2025-10-09 21:58:15,512 [INFO] Época 7/30, Batch 3200/3287, Loss: 0.4936
2025-10-09 21:58:15,767 [INFO] Época 7/30, Batch 3250/3287, Loss: 0.4840
2025-10-09 21:58:17,456 [INFO] [7/30] Train Loss: 0.5893 | Val Loss: 0.5516 | Tempo: 18.76s
2025-10-09 21:58:18,028 [INFO] Época 8/30, Batch 50/3287, Loss: 0.5933
2025-10-09 21:58:18,292 [INFO] Época 8/30, Batch 100/3287, Loss: 0.6059
2025-10-09 21:58:18,554 [INFO] Época 8/30, Batch 150/3287, Loss: 0.5411
2025-10-09 21:58:18,815 [INFO] Época 8/30, Batch 200/3287, Loss: 0.4919
2025-10-09 21:58:19,077 [INFO] Época 8/30, Batch 250/3287, Loss: 0.5941
2025-10-09 21:58:19,336 [INFO] Época 8/30, Batch 300/3287, Loss: 0.7247
2025-10-09 21:58:19,595 [INFO] Época 8/30, Batch 350/3287, Loss: 0.5973
2025-10-09 21:58:19,859 [INFO] Época 8/30, Batch 400/3287, Loss: 0.4763
2025-10-09 21:58:20,126 [INFO] Época 8/30, Batch 450/3287, Loss: 0.5175
2025-10-09 21:58:20,394 [INFO] Época 8/30, Batch 500/3287, Loss: 0.4567
2025-10-09 21:58:20,660 [INFO] Época 8/30, Batch 550/3287, Loss: 0.6482
2025-10-09 21:58:20,927 [INFO] Época 8/30, Batch 600/3287, Loss: 0.7794
2025-10-09 21:58:21,195 [INFO] Época 8/30, Batch 650/3287, Loss: 0.6709
2025-10-09 21:58:21,462 [INFO] Época 8/30, Batch 700/3287, Loss: 0.5981
2025-10-09 21:58:21,728 [INFO] Época 8/30, Batch 750/3287, Loss: 0.6371
2025-10-09 21:58:21,994 [INFO] Época 8/30, Batch 800/3287, Loss: 0.6516
2025-10-09 21:58:22,261 [INFO] Época 8/30, Batch 850/3287, Loss: 0.6488
2025-10-09 21:58:22,527 [INFO] Época 8/30, Batch 900/3287, Loss: 0.6382
2025-10-09 21:58:22,796 [INFO] Época 8/30, Batch 950/3287, Loss: 0.5880
2025-10-09 21:58:23,064 [INFO] Época 8/30, Batch 1000/3287, Loss: 0.5791
2025-10-09 21:58:23,332 [INFO] Época 8/30, Batch 1050/3287, Loss: 0.4455
2025-10-09 21:58:23,597 [INFO] Época 8/30, Batch 1100/3287, Loss: 0.3466
2025-10-09 21:58:23,862 [INFO] Época 8/30, Batch 1150/3287, Loss: 0.6130
2025-10-09 21:58:24,127 [INFO] Época 8/30, Batch 1200/3287, Loss: 0.4899
2025-10-09 21:58:24,394 [INFO] Época 8/30, Batch 1250/3287, Loss: 0.5016
2025-10-09 21:58:24,662 [INFO] Época 8/30, Batch 1300/3287, Loss: 0.5010
2025-10-09 21:58:24,927 [INFO] Época 8/30, Batch 1350/3287, Loss: 0.5569
2025-10-09 21:58:25,199 [INFO] Época 8/30, Batch 1400/3287, Loss: 0.4698
2025-10-09 21:58:25,466 [INFO] Época 8/30, Batch 1450/3287, Loss: 0.6807
2025-10-09 21:58:25,733 [INFO] Época 8/30, Batch 1500/3287, Loss: 0.6342
2025-10-09 21:58:26,000 [INFO] Época 8/30, Batch 1550/3287, Loss: 0.4234
2025-10-09 21:58:26,265 [INFO] Época 8/30, Batch 1600/3287, Loss: 0.5227
2025-10-09 21:58:26,531 [INFO] Época 8/30, Batch 1650/3287, Loss: 0.5979
2025-10-09 21:58:26,790 [INFO] Época 8/30, Batch 1700/3287, Loss: 0.6550
2025-10-09 21:58:27,049 [INFO] Época 8/30, Batch 1750/3287, Loss: 0.5726
2025-10-09 21:58:27,308 [INFO] Época 8/30, Batch 1800/3287, Loss: 0.4787
2025-10-09 21:58:27,565 [INFO] Época 8/30, Batch 1850/3287, Loss: 0.6492
2025-10-09 21:58:27,825 [INFO] Época 8/30, Batch 1900/3287, Loss: 0.5818
2025-10-09 21:58:28,083 [INFO] Época 8/30, Batch 1950/3287, Loss: 0.6352
2025-10-09 21:58:28,339 [INFO] Época 8/30, Batch 2000/3287, Loss: 0.6468
2025-10-09 21:58:28,596 [INFO] Época 8/30, Batch 2050/3287, Loss: 0.6205
2025-10-09 21:58:28,855 [INFO] Época 8/30, Batch 2100/3287, Loss: 0.5469
2025-10-09 21:58:29,112 [INFO] Época 8/30, Batch 2150/3287, Loss: 0.6269
2025-10-09 21:58:29,370 [INFO] Época 8/30, Batch 2200/3287, Loss: 0.4609
2025-10-09 21:58:29,628 [INFO] Época 8/30, Batch 2250/3287, Loss: 0.6081
2025-10-09 21:58:29,887 [INFO] Época 8/30, Batch 2300/3287, Loss: 0.5992
2025-10-09 21:58:30,143 [INFO] Época 8/30, Batch 2350/3287, Loss: 0.6409
2025-10-09 21:58:30,400 [INFO] Época 8/30, Batch 2400/3287, Loss: 0.7645
2025-10-09 21:58:30,659 [INFO] Época 8/30, Batch 2450/3287, Loss: 0.4511
2025-10-09 21:58:30,926 [INFO] Época 8/30, Batch 2500/3287, Loss: 0.5330
2025-10-09 21:58:31,195 [INFO] Época 8/30, Batch 2550/3287, Loss: 0.5772
2025-10-09 21:58:31,462 [INFO] Época 8/30, Batch 2600/3287, Loss: 0.6958
2025-10-09 21:58:31,730 [INFO] Época 8/30, Batch 2650/3287, Loss: 0.7851
2025-10-09 21:58:31,997 [INFO] Época 8/30, Batch 2700/3287, Loss: 0.4860
2025-10-09 21:58:32,265 [INFO] Época 8/30, Batch 2750/3287, Loss: 0.5816
2025-10-09 21:58:32,540 [INFO] Época 8/30, Batch 2800/3287, Loss: 0.5600
2025-10-09 21:58:32,805 [INFO] Época 8/30, Batch 2850/3287, Loss: 0.5541
2025-10-09 21:58:33,067 [INFO] Época 8/30, Batch 2900/3287, Loss: 0.5830
2025-10-09 21:58:33,327 [INFO] Época 8/30, Batch 2950/3287, Loss: 0.5330
2025-10-09 21:58:33,589 [INFO] Época 8/30, Batch 3000/3287, Loss: 0.4858
2025-10-09 21:58:33,851 [INFO] Época 8/30, Batch 3050/3287, Loss: 0.6575
2025-10-09 21:58:34,113 [INFO] Época 8/30, Batch 3100/3287, Loss: 0.6645
2025-10-09 21:58:34,373 [INFO] Época 8/30, Batch 3150/3287, Loss: 0.5810
2025-10-09 21:58:34,632 [INFO] Época 8/30, Batch 3200/3287, Loss: 0.6114
2025-10-09 21:58:34,890 [INFO] Época 8/30, Batch 3250/3287, Loss: 0.5157
2025-10-09 21:58:36,655 [INFO] [8/30] Train Loss: 0.5883 | Val Loss: 0.5428 | Tempo: 19.20s
2025-10-09 21:58:36,659 [INFO] Melhor modelo salvo em: /mnt/hdd/home/jdurao/ToolBox-ChemXAI/models/mlp_qm9_3D_att4_large.pth
2025-10-09 21:58:37,239 [INFO] Época 9/30, Batch 50/3287, Loss: 0.7096
2025-10-09 21:58:37,512 [INFO] Época 9/30, Batch 100/3287, Loss: 0.5755
2025-10-09 21:58:37,771 [INFO] Época 9/30, Batch 150/3287, Loss: 0.7206
2025-10-09 21:58:38,029 [INFO] Época 9/30, Batch 200/3287, Loss: 0.5328
2025-10-09 21:58:38,286 [INFO] Época 9/30, Batch 250/3287, Loss: 0.5278
2025-10-09 21:58:38,544 [INFO] Época 9/30, Batch 300/3287, Loss: 0.5212
2025-10-09 21:58:38,800 [INFO] Época 9/30, Batch 350/3287, Loss: 0.5824
2025-10-09 21:58:39,057 [INFO] Época 9/30, Batch 400/3287, Loss: 0.4654
2025-10-09 21:58:39,314 [INFO] Época 9/30, Batch 450/3287, Loss: 0.5776
2025-10-09 21:58:39,573 [INFO] Época 9/30, Batch 500/3287, Loss: 0.7381
2025-10-09 21:58:39,832 [INFO] Época 9/30, Batch 550/3287, Loss: 0.4971
2025-10-09 21:58:40,089 [INFO] Época 9/30, Batch 600/3287, Loss: 0.6188
2025-10-09 21:58:40,346 [INFO] Época 9/30, Batch 650/3287, Loss: 0.6189
2025-10-09 21:58:40,603 [INFO] Época 9/30, Batch 700/3287, Loss: 0.5977
2025-10-09 21:58:40,864 [INFO] Época 9/30, Batch 750/3287, Loss: 0.5892
2025-10-09 21:58:41,126 [INFO] Época 9/30, Batch 800/3287, Loss: 0.5025
2025-10-09 21:58:41,387 [INFO] Época 9/30, Batch 850/3287, Loss: 0.6028
2025-10-09 21:58:41,648 [INFO] Época 9/30, Batch 900/3287, Loss: 0.6437
2025-10-09 21:58:41,905 [INFO] Época 9/30, Batch 950/3287, Loss: 0.5932
2025-10-09 21:58:42,163 [INFO] Época 9/30, Batch 1000/3287, Loss: 0.4636
2025-10-09 21:58:42,419 [INFO] Época 9/30, Batch 1050/3287, Loss: 0.4921
2025-10-09 21:58:42,677 [INFO] Época 9/30, Batch 1100/3287, Loss: 0.4845
2025-10-09 21:58:42,935 [INFO] Época 9/30, Batch 1150/3287, Loss: 0.5267
2025-10-09 21:58:43,192 [INFO] Época 9/30, Batch 1200/3287, Loss: 0.4671
2025-10-09 21:58:43,445 [INFO] Época 9/30, Batch 1250/3287, Loss: 0.5334
2025-10-09 21:58:43,702 [INFO] Época 9/30, Batch 1300/3287, Loss: 0.5679
2025-10-09 21:58:43,959 [INFO] Época 9/30, Batch 1350/3287, Loss: 0.5953
2025-10-09 21:58:44,214 [INFO] Época 9/30, Batch 1400/3287, Loss: 0.5408
2025-10-09 21:58:44,472 [INFO] Época 9/30, Batch 1450/3287, Loss: 0.4755
2025-10-09 21:58:44,730 [INFO] Época 9/30, Batch 1500/3287, Loss: 0.5523
2025-10-09 21:58:44,985 [INFO] Época 9/30, Batch 1550/3287, Loss: 0.5939
2025-10-09 21:58:45,243 [INFO] Época 9/30, Batch 1600/3287, Loss: 0.5861
2025-10-09 21:58:45,498 [INFO] Época 9/30, Batch 1650/3287, Loss: 0.7100
2025-10-09 21:58:45,756 [INFO] Época 9/30, Batch 1700/3287, Loss: 0.6016
2025-10-09 21:58:46,015 [INFO] Época 9/30, Batch 1750/3287, Loss: 0.6176
2025-10-09 21:58:46,275 [INFO] Época 9/30, Batch 1800/3287, Loss: 0.5361
2025-10-09 21:58:46,533 [INFO] Época 9/30, Batch 1850/3287, Loss: 0.5827
2025-10-09 21:58:46,790 [INFO] Época 9/30, Batch 1900/3287, Loss: 0.6393
2025-10-09 21:58:47,048 [INFO] Época 9/30, Batch 1950/3287, Loss: 0.5744
2025-10-09 21:58:47,305 [INFO] Época 9/30, Batch 2000/3287, Loss: 0.5921
2025-10-09 21:58:47,562 [INFO] Época 9/30, Batch 2050/3287, Loss: 0.4967
2025-10-09 21:58:47,822 [INFO] Época 9/30, Batch 2100/3287, Loss: 0.3814
2025-10-09 21:58:48,081 [INFO] Época 9/30, Batch 2150/3287, Loss: 0.4558
2025-10-09 21:58:48,337 [INFO] Época 9/30, Batch 2200/3287, Loss: 0.6248
2025-10-09 21:58:48,593 [INFO] Época 9/30, Batch 2250/3287, Loss: 0.6196
2025-10-09 21:58:48,853 [INFO] Época 9/30, Batch 2300/3287, Loss: 0.5963
2025-10-09 21:58:49,112 [INFO] Época 9/30, Batch 2350/3287, Loss: 0.5255
2025-10-09 21:58:49,372 [INFO] Época 9/30, Batch 2400/3287, Loss: 0.5012
2025-10-09 21:58:49,631 [INFO] Época 9/30, Batch 2450/3287, Loss: 0.5390
2025-10-09 21:58:49,889 [INFO] Época 9/30, Batch 2500/3287, Loss: 0.5942
2025-10-09 21:58:50,146 [INFO] Época 9/30, Batch 2550/3287, Loss: 0.7357
2025-10-09 21:58:50,406 [INFO] Época 9/30, Batch 2600/3287, Loss: 0.4368
2025-10-09 21:58:50,663 [INFO] Época 9/30, Batch 2650/3287, Loss: 0.6821
2025-10-09 21:58:50,922 [INFO] Época 9/30, Batch 2700/3287, Loss: 0.5337
2025-10-09 21:58:51,181 [INFO] Época 9/30, Batch 2750/3287, Loss: 0.6046
2025-10-09 21:58:51,439 [INFO] Época 9/30, Batch 2800/3287, Loss: 0.8080
2025-10-09 21:58:51,700 [INFO] Época 9/30, Batch 2850/3287, Loss: 0.5925
2025-10-09 21:58:51,958 [INFO] Época 9/30, Batch 2900/3287, Loss: 0.6966
2025-10-09 21:58:52,216 [INFO] Época 9/30, Batch 2950/3287, Loss: 0.6134
2025-10-09 21:58:52,475 [INFO] Época 9/30, Batch 3000/3287, Loss: 0.5567
2025-10-09 21:58:52,733 [INFO] Época 9/30, Batch 3050/3287, Loss: 0.6077
2025-10-09 21:58:52,991 [INFO] Época 9/30, Batch 3100/3287, Loss: 0.6529
2025-10-09 21:58:53,252 [INFO] Época 9/30, Batch 3150/3287, Loss: 0.7786
2025-10-09 21:58:53,508 [INFO] Época 9/30, Batch 3200/3287, Loss: 0.4837
2025-10-09 21:58:53,768 [INFO] Época 9/30, Batch 3250/3287, Loss: 0.6387
2025-10-09 21:58:55,545 [INFO] [9/30] Train Loss: 0.5872 | Val Loss: 0.5495 | Tempo: 18.89s
2025-10-09 21:58:56,141 [INFO] Época 10/30, Batch 50/3287, Loss: 0.6740
2025-10-09 21:58:56,405 [INFO] Época 10/30, Batch 100/3287, Loss: 0.5357
2025-10-09 21:58:56,667 [INFO] Época 10/30, Batch 150/3287, Loss: 0.5517
2025-10-09 21:58:56,929 [INFO] Época 10/30, Batch 200/3287, Loss: 0.6006
2025-10-09 21:58:57,184 [INFO] Época 10/30, Batch 250/3287, Loss: 0.6319
2025-10-09 21:58:57,437 [INFO] Época 10/30, Batch 300/3287, Loss: 0.4604
2025-10-09 21:58:57,697 [INFO] Época 10/30, Batch 350/3287, Loss: 0.4882
2025-10-09 21:58:57,970 [INFO] Época 10/30, Batch 400/3287, Loss: 0.4112
2025-10-09 21:58:58,225 [INFO] Época 10/30, Batch 450/3287, Loss: 0.5704
2025-10-09 21:58:58,476 [INFO] Época 10/30, Batch 500/3287, Loss: 0.5903
2025-10-09 21:58:58,739 [INFO] Época 10/30, Batch 550/3287, Loss: 0.5862
2025-10-09 21:58:58,993 [INFO] Época 10/30, Batch 600/3287, Loss: 0.7474
2025-10-09 21:58:59,244 [INFO] Época 10/30, Batch 650/3287, Loss: 0.5447
2025-10-09 21:58:59,495 [INFO] Época 10/30, Batch 700/3287, Loss: 0.7302
2025-10-09 21:58:59,743 [INFO] Época 10/30, Batch 750/3287, Loss: 0.5865
2025-10-09 21:58:59,998 [INFO] Época 10/30, Batch 800/3287, Loss: 0.5655
2025-10-09 21:59:00,257 [INFO] Época 10/30, Batch 850/3287, Loss: 0.5570
2025-10-09 21:59:00,504 [INFO] Época 10/30, Batch 900/3287, Loss: 0.6754
2025-10-09 21:59:00,755 [INFO] Época 10/30, Batch 950/3287, Loss: 0.8319
2025-10-09 21:59:01,001 [INFO] Época 10/30, Batch 1000/3287, Loss: 0.6127
2025-10-09 21:59:01,248 [INFO] Época 10/30, Batch 1050/3287, Loss: 0.5694
2025-10-09 21:59:01,494 [INFO] Época 10/30, Batch 1100/3287, Loss: 0.5116
2025-10-09 21:59:01,742 [INFO] Época 10/30, Batch 1150/3287, Loss: 0.6541
2025-10-09 21:59:01,992 [INFO] Época 10/30, Batch 1200/3287, Loss: 0.5605
2025-10-09 21:59:02,245 [INFO] Época 10/30, Batch 1250/3287, Loss: 0.5723
2025-10-09 21:59:02,497 [INFO] Época 10/30, Batch 1300/3287, Loss: 0.7846
2025-10-09 21:59:02,749 [INFO] Época 10/30, Batch 1350/3287, Loss: 0.5566
2025-10-09 21:59:03,001 [INFO] Época 10/30, Batch 1400/3287, Loss: 0.4504
2025-10-09 21:59:03,251 [INFO] Época 10/30, Batch 1450/3287, Loss: 0.5331
2025-10-09 21:59:03,502 [INFO] Época 10/30, Batch 1500/3287, Loss: 0.6002
2025-10-09 21:59:03,753 [INFO] Época 10/30, Batch 1550/3287, Loss: 0.6672
2025-10-09 21:59:04,005 [INFO] Época 10/30, Batch 1600/3287, Loss: 0.5609
2025-10-09 21:59:04,259 [INFO] Época 10/30, Batch 1650/3287, Loss: 0.6702
2025-10-09 21:59:04,512 [INFO] Época 10/30, Batch 1700/3287, Loss: 0.5508
2025-10-09 21:59:04,765 [INFO] Época 10/30, Batch 1750/3287, Loss: 0.6094
2025-10-09 21:59:05,014 [INFO] Época 10/30, Batch 1800/3287, Loss: 0.6553
2025-10-09 21:59:05,264 [INFO] Época 10/30, Batch 1850/3287, Loss: 0.6074
2025-10-09 21:59:05,515 [INFO] Época 10/30, Batch 1900/3287, Loss: 0.6267
2025-10-09 21:59:05,767 [INFO] Época 10/30, Batch 1950/3287, Loss: 0.5419
2025-10-09 21:59:06,017 [INFO] Época 10/30, Batch 2000/3287, Loss: 0.6061
2025-10-09 21:59:06,269 [INFO] Época 10/30, Batch 2050/3287, Loss: 0.5756
2025-10-09 21:59:06,522 [INFO] Época 10/30, Batch 2100/3287, Loss: 0.5495
2025-10-09 21:59:06,777 [INFO] Época 10/30, Batch 2150/3287, Loss: 0.5197
2025-10-09 21:59:07,032 [INFO] Época 10/30, Batch 2200/3287, Loss: 0.5984
2025-10-09 21:59:07,283 [INFO] Época 10/30, Batch 2250/3287, Loss: 0.5387
2025-10-09 21:59:07,535 [INFO] Época 10/30, Batch 2300/3287, Loss: 0.6066
2025-10-09 21:59:07,786 [INFO] Época 10/30, Batch 2350/3287, Loss: 0.5885
2025-10-09 21:59:08,037 [INFO] Época 10/30, Batch 2400/3287, Loss: 0.6217
2025-10-09 21:59:08,289 [INFO] Época 10/30, Batch 2450/3287, Loss: 0.6120
2025-10-09 21:59:08,540 [INFO] Época 10/30, Batch 2500/3287, Loss: 0.7050
2025-10-09 21:59:08,804 [INFO] Época 10/30, Batch 2550/3287, Loss: 0.6761
2025-10-09 21:59:09,075 [INFO] Época 10/30, Batch 2600/3287, Loss: 0.6135
2025-10-09 21:59:09,334 [INFO] Época 10/30, Batch 2650/3287, Loss: 0.5991
2025-10-09 21:59:09,587 [INFO] Época 10/30, Batch 2700/3287, Loss: 0.6746
2025-10-09 21:59:09,859 [INFO] Época 10/30, Batch 2750/3287, Loss: 0.4835
2025-10-09 21:59:10,129 [INFO] Época 10/30, Batch 2800/3287, Loss: 0.7603
2025-10-09 21:59:10,386 [INFO] Época 10/30, Batch 2850/3287, Loss: 0.5974
2025-10-09 21:59:10,641 [INFO] Época 10/30, Batch 2900/3287, Loss: 0.5359
2025-10-09 21:59:10,898 [INFO] Época 10/30, Batch 2950/3287, Loss: 0.5866
2025-10-09 21:59:11,156 [INFO] Época 10/30, Batch 3000/3287, Loss: 0.4445
2025-10-09 21:59:11,414 [INFO] Época 10/30, Batch 3050/3287, Loss: 0.7572
2025-10-09 21:59:11,674 [INFO] Época 10/30, Batch 3100/3287, Loss: 0.4460
2025-10-09 21:59:11,933 [INFO] Época 10/30, Batch 3150/3287, Loss: 0.5235
2025-10-09 21:59:12,192 [INFO] Época 10/30, Batch 3200/3287, Loss: 0.6106
2025-10-09 21:59:12,448 [INFO] Época 10/30, Batch 3250/3287, Loss: 0.5748
2025-10-09 21:59:14,202 [INFO] [10/30] Train Loss: 0.5864 | Val Loss: 0.5617 | Tempo: 18.66s
2025-10-09 21:59:14,773 [INFO] Época 11/30, Batch 50/3287, Loss: 0.5985
2025-10-09 21:59:15,036 [INFO] Época 11/30, Batch 100/3287, Loss: 0.5833
2025-10-09 21:59:15,297 [INFO] Época 11/30, Batch 150/3287, Loss: 0.6860
2025-10-09 21:59:15,555 [INFO] Época 11/30, Batch 200/3287, Loss: 0.5923
2025-10-09 21:59:15,813 [INFO] Época 11/30, Batch 250/3287, Loss: 0.5153
2025-10-09 21:59:16,073 [INFO] Época 11/30, Batch 300/3287, Loss: 0.7054
2025-10-09 21:59:16,334 [INFO] Época 11/30, Batch 350/3287, Loss: 0.6655
2025-10-09 21:59:16,593 [INFO] Época 11/30, Batch 400/3287, Loss: 0.7239
2025-10-09 21:59:16,850 [INFO] Época 11/30, Batch 450/3287, Loss: 0.4860
2025-10-09 21:59:17,108 [INFO] Época 11/30, Batch 500/3287, Loss: 0.5464
2025-10-09 21:59:17,366 [INFO] Época 11/30, Batch 550/3287, Loss: 0.7252
2025-10-09 21:59:17,625 [INFO] Época 11/30, Batch 600/3287, Loss: 0.4398
2025-10-09 21:59:17,886 [INFO] Época 11/30, Batch 650/3287, Loss: 0.5001
2025-10-09 21:59:18,147 [INFO] Época 11/30, Batch 700/3287, Loss: 0.5434
2025-10-09 21:59:18,404 [INFO] Época 11/30, Batch 750/3287, Loss: 0.5753
2025-10-09 21:59:18,660 [INFO] Época 11/30, Batch 800/3287, Loss: 0.5539
2025-10-09 21:59:18,917 [INFO] Época 11/30, Batch 850/3287, Loss: 0.5792
2025-10-09 21:59:19,174 [INFO] Época 11/30, Batch 900/3287, Loss: 0.5889
2025-10-09 21:59:19,433 [INFO] Época 11/30, Batch 950/3287, Loss: 0.6149
2025-10-09 21:59:19,692 [INFO] Época 11/30, Batch 1000/3287, Loss: 0.4753
2025-10-09 21:59:19,951 [INFO] Época 11/30, Batch 1050/3287, Loss: 0.5974
2025-10-09 21:59:20,210 [INFO] Época 11/30, Batch 1100/3287, Loss: 0.5004
2025-10-09 21:59:20,470 [INFO] Época 11/30, Batch 1150/3287, Loss: 0.5572
2025-10-09 21:59:20,730 [INFO] Época 11/30, Batch 1200/3287, Loss: 0.7035
2025-10-09 21:59:20,989 [INFO] Época 11/30, Batch 1250/3287, Loss: 0.4464
2025-10-09 21:59:21,249 [INFO] Época 11/30, Batch 1300/3287, Loss: 0.5526
2025-10-09 21:59:21,506 [INFO] Época 11/30, Batch 1350/3287, Loss: 0.6061
2025-10-09 21:59:21,763 [INFO] Época 11/30, Batch 1400/3287, Loss: 0.6675
2025-10-09 21:59:22,022 [INFO] Época 11/30, Batch 1450/3287, Loss: 0.5266
2025-10-09 21:59:22,280 [INFO] Época 11/30, Batch 1500/3287, Loss: 0.5185
2025-10-09 21:59:22,539 [INFO] Época 11/30, Batch 1550/3287, Loss: 0.6452
2025-10-09 21:59:22,800 [INFO] Época 11/30, Batch 1600/3287, Loss: 0.5275
2025-10-09 21:59:23,060 [INFO] Época 11/30, Batch 1650/3287, Loss: 0.5937
2025-10-09 21:59:23,322 [INFO] Época 11/30, Batch 1700/3287, Loss: 0.5779
2025-10-09 21:59:23,580 [INFO] Época 11/30, Batch 1750/3287, Loss: 0.6149
2025-10-09 21:59:23,838 [INFO] Época 11/30, Batch 1800/3287, Loss: 0.4461
2025-10-09 21:59:24,096 [INFO] Época 11/30, Batch 1850/3287, Loss: 0.8339
2025-10-09 21:59:24,353 [INFO] Época 11/30, Batch 1900/3287, Loss: 0.4166
2025-10-09 21:59:24,612 [INFO] Época 11/30, Batch 1950/3287, Loss: 0.6978
2025-10-09 21:59:24,870 [INFO] Época 11/30, Batch 2000/3287, Loss: 0.5372
2025-10-09 21:59:25,129 [INFO] Época 11/30, Batch 2050/3287, Loss: 0.7792
2025-10-09 21:59:25,389 [INFO] Época 11/30, Batch 2100/3287, Loss: 0.5906
2025-10-09 21:59:25,649 [INFO] Época 11/30, Batch 2150/3287, Loss: 0.5925
2025-10-09 21:59:25,910 [INFO] Época 11/30, Batch 2200/3287, Loss: 0.5296
2025-10-09 21:59:26,169 [INFO] Época 11/30, Batch 2250/3287, Loss: 0.6593
2025-10-09 21:59:26,425 [INFO] Época 11/30, Batch 2300/3287, Loss: 0.4231
2025-10-09 21:59:26,683 [INFO] Época 11/30, Batch 2350/3287, Loss: 0.5965
2025-10-09 21:59:26,940 [INFO] Época 11/30, Batch 2400/3287, Loss: 0.5078
2025-10-09 21:59:27,198 [INFO] Época 11/30, Batch 2450/3287, Loss: 0.6093
2025-10-09 21:59:27,456 [INFO] Época 11/30, Batch 2500/3287, Loss: 0.5825
2025-10-09 21:59:27,710 [INFO] Época 11/30, Batch 2550/3287, Loss: 0.6724
2025-10-09 21:59:27,967 [INFO] Época 11/30, Batch 2600/3287, Loss: 0.6528
2025-10-09 21:59:28,221 [INFO] Época 11/30, Batch 2650/3287, Loss: 0.6582
2025-10-09 21:59:28,478 [INFO] Época 11/30, Batch 2700/3287, Loss: 0.5618
2025-10-09 21:59:28,737 [INFO] Época 11/30, Batch 2750/3287, Loss: 0.4340
2025-10-09 21:59:28,994 [INFO] Época 11/30, Batch 2800/3287, Loss: 0.4287
2025-10-09 21:59:29,249 [INFO] Época 11/30, Batch 2850/3287, Loss: 0.5993
2025-10-09 21:59:29,506 [INFO] Época 11/30, Batch 2900/3287, Loss: 0.5554
2025-10-09 21:59:29,764 [INFO] Época 11/30, Batch 2950/3287, Loss: 0.4606
2025-10-09 21:59:30,022 [INFO] Época 11/30, Batch 3000/3287, Loss: 0.5523
2025-10-09 21:59:30,280 [INFO] Época 11/30, Batch 3050/3287, Loss: 0.6208
2025-10-09 21:59:30,538 [INFO] Época 11/30, Batch 3100/3287, Loss: 0.6021
2025-10-09 21:59:30,797 [INFO] Época 11/30, Batch 3150/3287, Loss: 0.5425
2025-10-09 21:59:31,054 [INFO] Época 11/30, Batch 3200/3287, Loss: 0.5951
2025-10-09 21:59:31,313 [INFO] Época 11/30, Batch 3250/3287, Loss: 0.8380
2025-10-09 21:59:32,962 [INFO] [11/30] Train Loss: 0.5853 | Val Loss: 0.5662 | Tempo: 18.76s
2025-10-09 21:59:33,508 [INFO] Época 12/30, Batch 50/3287, Loss: 0.6324
2025-10-09 21:59:33,769 [INFO] Época 12/30, Batch 100/3287, Loss: 0.7137
2025-10-09 21:59:34,028 [INFO] Época 12/30, Batch 150/3287, Loss: 0.5969
2025-10-09 21:59:34,287 [INFO] Época 12/30, Batch 200/3287, Loss: 0.6337
2025-10-09 21:59:34,546 [INFO] Época 12/30, Batch 250/3287, Loss: 0.6529
2025-10-09 21:59:34,798 [INFO] Época 12/30, Batch 300/3287, Loss: 0.6483
2025-10-09 21:59:35,050 [INFO] Época 12/30, Batch 350/3287, Loss: 0.6451
2025-10-09 21:59:35,321 [INFO] Época 12/30, Batch 400/3287, Loss: 0.5090
2025-10-09 21:59:35,581 [INFO] Época 12/30, Batch 450/3287, Loss: 0.4930
2025-10-09 21:59:35,842 [INFO] Época 12/30, Batch 500/3287, Loss: 0.8085
2025-10-09 21:59:36,094 [INFO] Época 12/30, Batch 550/3287, Loss: 0.5277
2025-10-09 21:59:36,345 [INFO] Época 12/30, Batch 600/3287, Loss: 0.6647
2025-10-09 21:59:36,596 [INFO] Época 12/30, Batch 650/3287, Loss: 0.6178
2025-10-09 21:59:36,846 [INFO] Época 12/30, Batch 700/3287, Loss: 0.4853
2025-10-09 21:59:37,102 [INFO] Época 12/30, Batch 750/3287, Loss: 0.6929
2025-10-09 21:59:37,356 [INFO] Época 12/30, Batch 800/3287, Loss: 0.5913
2025-10-09 21:59:37,612 [INFO] Época 12/30, Batch 850/3287, Loss: 0.6113
2025-10-09 21:59:37,867 [INFO] Época 12/30, Batch 900/3287, Loss: 0.6080
2025-10-09 21:59:38,109 [INFO] Época 12/30, Batch 950/3287, Loss: 0.6017
2025-10-09 21:59:38,353 [INFO] Época 12/30, Batch 1000/3287, Loss: 0.5631
2025-10-09 21:59:38,596 [INFO] Época 12/30, Batch 1050/3287, Loss: 0.4997
2025-10-09 21:59:38,839 [INFO] Época 12/30, Batch 1100/3287, Loss: 0.5439
2025-10-09 21:59:39,084 [INFO] Época 12/30, Batch 1150/3287, Loss: 0.5150
2025-10-09 21:59:39,328 [INFO] Época 12/30, Batch 1200/3287, Loss: 0.5078
2025-10-09 21:59:39,574 [INFO] Época 12/30, Batch 1250/3287, Loss: 0.5092
2025-10-09 21:59:39,818 [INFO] Época 12/30, Batch 1300/3287, Loss: 0.5765
2025-10-09 21:59:40,075 [INFO] Época 12/30, Batch 1350/3287, Loss: 0.5764
2025-10-09 21:59:40,333 [INFO] Época 12/30, Batch 1400/3287, Loss: 0.4767
2025-10-09 21:59:40,591 [INFO] Época 12/30, Batch 1450/3287, Loss: 0.5440
2025-10-09 21:59:40,851 [INFO] Época 12/30, Batch 1500/3287, Loss: 0.6267
2025-10-09 21:59:41,110 [INFO] Época 12/30, Batch 1550/3287, Loss: 0.6524
2025-10-09 21:59:41,370 [INFO] Época 12/30, Batch 1600/3287, Loss: 0.4937
2025-10-09 21:59:41,630 [INFO] Época 12/30, Batch 1650/3287, Loss: 0.5349
2025-10-09 21:59:41,888 [INFO] Época 12/30, Batch 1700/3287, Loss: 0.5353
2025-10-09 21:59:42,148 [INFO] Época 12/30, Batch 1750/3287, Loss: 0.6465
2025-10-09 21:59:42,404 [INFO] Época 12/30, Batch 1800/3287, Loss: 0.6710
2025-10-09 21:59:42,659 [INFO] Época 12/30, Batch 1850/3287, Loss: 0.6566
2025-10-09 21:59:42,918 [INFO] Época 12/30, Batch 1900/3287, Loss: 0.7317
2025-10-09 21:59:43,180 [INFO] Época 12/30, Batch 1950/3287, Loss: 0.7096
2025-10-09 21:59:43,442 [INFO] Época 12/30, Batch 2000/3287, Loss: 0.6069
2025-10-09 21:59:43,703 [INFO] Época 12/30, Batch 2050/3287, Loss: 0.7025
2025-10-09 21:59:43,964 [INFO] Época 12/30, Batch 2100/3287, Loss: 0.6982
2025-10-09 21:59:44,224 [INFO] Época 12/30, Batch 2150/3287, Loss: 0.5569
2025-10-09 21:59:44,483 [INFO] Época 12/30, Batch 2200/3287, Loss: 0.6502
2025-10-09 21:59:44,746 [INFO] Época 12/30, Batch 2250/3287, Loss: 0.5953
2025-10-09 21:59:45,008 [INFO] Época 12/30, Batch 2300/3287, Loss: 0.6134
2025-10-09 21:59:45,268 [INFO] Época 12/30, Batch 2350/3287, Loss: 0.5619
2025-10-09 21:59:45,531 [INFO] Época 12/30, Batch 2400/3287, Loss: 0.6479
2025-10-09 21:59:45,790 [INFO] Época 12/30, Batch 2450/3287, Loss: 0.5130
2025-10-09 21:59:46,055 [INFO] Época 12/30, Batch 2500/3287, Loss: 0.5905
2025-10-09 21:59:46,319 [INFO] Época 12/30, Batch 2550/3287, Loss: 0.5234
2025-10-09 21:59:46,581 [INFO] Época 12/30, Batch 2600/3287, Loss: 0.5891
2025-10-09 21:59:46,844 [INFO] Época 12/30, Batch 2650/3287, Loss: 0.5633
2025-10-09 21:59:47,108 [INFO] Época 12/30, Batch 2700/3287, Loss: 0.5557
2025-10-09 21:59:47,371 [INFO] Época 12/30, Batch 2750/3287, Loss: 0.6453
2025-10-09 21:59:47,635 [INFO] Época 12/30, Batch 2800/3287, Loss: 0.6410
2025-10-09 21:59:47,897 [INFO] Época 12/30, Batch 2850/3287, Loss: 0.5011
2025-10-09 21:59:48,160 [INFO] Época 12/30, Batch 2900/3287, Loss: 0.6392
2025-10-09 21:59:48,422 [INFO] Época 12/30, Batch 2950/3287, Loss: 0.6624
2025-10-09 21:59:48,685 [INFO] Época 12/30, Batch 3000/3287, Loss: 0.4448
2025-10-09 21:59:48,949 [INFO] Época 12/30, Batch 3050/3287, Loss: 0.5603
2025-10-09 21:59:49,212 [INFO] Época 12/30, Batch 3100/3287, Loss: 0.5152
2025-10-09 21:59:49,475 [INFO] Época 12/30, Batch 3150/3287, Loss: 0.5252
2025-10-09 21:59:49,736 [INFO] Época 12/30, Batch 3200/3287, Loss: 0.4646
2025-10-09 21:59:50,001 [INFO] Época 12/30, Batch 3250/3287, Loss: 0.7510
2025-10-09 21:59:51,763 [INFO] [12/30] Train Loss: 0.5849 | Val Loss: 0.5539 | Tempo: 18.80s
2025-10-09 21:59:52,329 [INFO] Época 13/30, Batch 50/3287, Loss: 0.4811
2025-10-09 21:59:52,589 [INFO] Época 13/30, Batch 100/3287, Loss: 0.5859
2025-10-09 21:59:52,849 [INFO] Época 13/30, Batch 150/3287, Loss: 0.7321
2025-10-09 21:59:53,107 [INFO] Época 13/30, Batch 200/3287, Loss: 0.6421
2025-10-09 21:59:53,365 [INFO] Época 13/30, Batch 250/3287, Loss: 0.5568
2025-10-09 21:59:53,624 [INFO] Época 13/30, Batch 300/3287, Loss: 0.5849
2025-10-09 21:59:53,880 [INFO] Época 13/30, Batch 350/3287, Loss: 0.6068
2025-10-09 21:59:54,137 [INFO] Época 13/30, Batch 400/3287, Loss: 0.5269
2025-10-09 21:59:54,393 [INFO] Época 13/30, Batch 450/3287, Loss: 0.6421
2025-10-09 21:59:54,651 [INFO] Época 13/30, Batch 500/3287, Loss: 0.4395
2025-10-09 21:59:54,909 [INFO] Época 13/30, Batch 550/3287, Loss: 0.5143
2025-10-09 21:59:55,164 [INFO] Época 13/30, Batch 600/3287, Loss: 0.5761
2025-10-09 21:59:55,419 [INFO] Época 13/30, Batch 650/3287, Loss: 0.6405
2025-10-09 21:59:55,672 [INFO] Época 13/30, Batch 700/3287, Loss: 0.6016
2025-10-09 21:59:55,928 [INFO] Época 13/30, Batch 750/3287, Loss: 0.4897
2025-10-09 21:59:56,183 [INFO] Época 13/30, Batch 800/3287, Loss: 0.5662
2025-10-09 21:59:56,438 [INFO] Época 13/30, Batch 850/3287, Loss: 0.6136
2025-10-09 21:59:56,692 [INFO] Época 13/30, Batch 900/3287, Loss: 0.4695
2025-10-09 21:59:56,946 [INFO] Época 13/30, Batch 950/3287, Loss: 0.5727
2025-10-09 21:59:57,202 [INFO] Época 13/30, Batch 1000/3287, Loss: 0.6418
2025-10-09 21:59:57,459 [INFO] Época 13/30, Batch 1050/3287, Loss: 0.5871
2025-10-09 21:59:57,717 [INFO] Época 13/30, Batch 1100/3287, Loss: 0.5994
2025-10-09 21:59:57,972 [INFO] Época 13/30, Batch 1150/3287, Loss: 0.6026
2025-10-09 21:59:58,229 [INFO] Época 13/30, Batch 1200/3287, Loss: 0.6198
2025-10-09 21:59:58,485 [INFO] Época 13/30, Batch 1250/3287, Loss: 0.5435
2025-10-09 21:59:58,739 [INFO] Época 13/30, Batch 1300/3287, Loss: 0.5065
2025-10-09 21:59:58,990 [INFO] Época 13/30, Batch 1350/3287, Loss: 0.5206
2025-10-09 21:59:59,240 [INFO] Época 13/30, Batch 1400/3287, Loss: 0.4234
2025-10-09 21:59:59,494 [INFO] Época 13/30, Batch 1450/3287, Loss: 0.6220
2025-10-09 21:59:59,745 [INFO] Época 13/30, Batch 1500/3287, Loss: 0.7391
2025-10-09 21:59:59,994 [INFO] Época 13/30, Batch 1550/3287, Loss: 0.5482
2025-10-09 22:00:00,241 [INFO] Época 13/30, Batch 1600/3287, Loss: 0.5608
2025-10-09 22:00:00,489 [INFO] Época 13/30, Batch 1650/3287, Loss: 0.5864
2025-10-09 22:00:00,740 [INFO] Época 13/30, Batch 1700/3287, Loss: 0.5679
2025-10-09 22:00:00,992 [INFO] Época 13/30, Batch 1750/3287, Loss: 0.4572
2025-10-09 22:00:01,244 [INFO] Época 13/30, Batch 1800/3287, Loss: 0.4663
2025-10-09 22:00:01,494 [INFO] Época 13/30, Batch 1850/3287, Loss: 0.6365
2025-10-09 22:00:01,744 [INFO] Época 13/30, Batch 1900/3287, Loss: 0.4217
2025-10-09 22:00:01,992 [INFO] Época 13/30, Batch 1950/3287, Loss: 0.5808
2025-10-09 22:00:02,241 [INFO] Época 13/30, Batch 2000/3287, Loss: 0.5282
2025-10-09 22:00:02,491 [INFO] Época 13/30, Batch 2050/3287, Loss: 0.5376
2025-10-09 22:00:02,746 [INFO] Época 13/30, Batch 2100/3287, Loss: 0.4421
2025-10-09 22:00:03,010 [INFO] Época 13/30, Batch 2150/3287, Loss: 0.5934
2025-10-09 22:00:03,269 [INFO] Época 13/30, Batch 2200/3287, Loss: 0.6550
2025-10-09 22:00:03,527 [INFO] Época 13/30, Batch 2250/3287, Loss: 0.5533
2025-10-09 22:00:03,783 [INFO] Época 13/30, Batch 2300/3287, Loss: 0.5819
2025-10-09 22:00:04,039 [INFO] Época 13/30, Batch 2350/3287, Loss: 0.6639
2025-10-09 22:00:04,294 [INFO] Época 13/30, Batch 2400/3287, Loss: 0.7347
2025-10-09 22:00:04,549 [INFO] Época 13/30, Batch 2450/3287, Loss: 0.6119
2025-10-09 22:00:04,809 [INFO] Época 13/30, Batch 2500/3287, Loss: 0.7541
2025-10-09 22:00:05,073 [INFO] Época 13/30, Batch 2550/3287, Loss: 0.5765
2025-10-09 22:00:05,338 [INFO] Época 13/30, Batch 2600/3287, Loss: 0.5851
2025-10-09 22:00:05,600 [INFO] Época 13/30, Batch 2650/3287, Loss: 0.5294
2025-10-09 22:00:05,865 [INFO] Época 13/30, Batch 2700/3287, Loss: 0.6943
2025-10-09 22:00:06,126 [INFO] Época 13/30, Batch 2750/3287, Loss: 0.5296
2025-10-09 22:00:06,388 [INFO] Época 13/30, Batch 2800/3287, Loss: 0.6634
2025-10-09 22:00:06,644 [INFO] Época 13/30, Batch 2850/3287, Loss: 0.5211
2025-10-09 22:00:06,900 [INFO] Época 13/30, Batch 2900/3287, Loss: 0.5541
2025-10-09 22:00:07,156 [INFO] Época 13/30, Batch 2950/3287, Loss: 0.5378
2025-10-09 22:00:07,411 [INFO] Época 13/30, Batch 3000/3287, Loss: 0.6902
2025-10-09 22:00:07,672 [INFO] Época 13/30, Batch 3050/3287, Loss: 0.5290
2025-10-09 22:00:07,936 [INFO] Época 13/30, Batch 3100/3287, Loss: 0.6079
2025-10-09 22:00:08,199 [INFO] Época 13/30, Batch 3150/3287, Loss: 0.4950
2025-10-09 22:00:08,465 [INFO] Época 13/30, Batch 3200/3287, Loss: 0.4774
2025-10-09 22:00:08,728 [INFO] Época 13/30, Batch 3250/3287, Loss: 0.3510
2025-10-09 22:00:10,503 [INFO] [13/30] Train Loss: 0.5837 | Val Loss: 0.5589 | Tempo: 18.74s
2025-10-09 22:00:11,085 [INFO] Época 14/30, Batch 50/3287, Loss: 0.5303
2025-10-09 22:00:11,349 [INFO] Época 14/30, Batch 100/3287, Loss: 0.5014
2025-10-09 22:00:11,608 [INFO] Época 14/30, Batch 150/3287, Loss: 0.5796
2025-10-09 22:00:11,865 [INFO] Época 14/30, Batch 200/3287, Loss: 0.5886
2025-10-09 22:00:12,120 [INFO] Época 14/30, Batch 250/3287, Loss: 0.4916
2025-10-09 22:00:12,376 [INFO] Época 14/30, Batch 300/3287, Loss: 0.7149
2025-10-09 22:00:12,633 [INFO] Época 14/30, Batch 350/3287, Loss: 0.8805
2025-10-09 22:00:12,898 [INFO] Época 14/30, Batch 400/3287, Loss: 0.6115
2025-10-09 22:00:13,163 [INFO] Época 14/30, Batch 450/3287, Loss: 0.5376
2025-10-09 22:00:13,425 [INFO] Época 14/30, Batch 500/3287, Loss: 0.6284
2025-10-09 22:00:13,690 [INFO] Época 14/30, Batch 550/3287, Loss: 0.5603
2025-10-09 22:00:13,959 [INFO] Época 14/30, Batch 600/3287, Loss: 0.5560
2025-10-09 22:00:14,226 [INFO] Época 14/30, Batch 650/3287, Loss: 0.6925
2025-10-09 22:00:14,494 [INFO] Época 14/30, Batch 700/3287, Loss: 0.4913
2025-10-09 22:00:14,762 [INFO] Época 14/30, Batch 750/3287, Loss: 0.5156
2025-10-09 22:00:15,030 [INFO] Época 14/30, Batch 800/3287, Loss: 0.7044
2025-10-09 22:00:15,299 [INFO] Época 14/30, Batch 850/3287, Loss: 0.5517
2025-10-09 22:00:15,566 [INFO] Época 14/30, Batch 900/3287, Loss: 0.6473
2025-10-09 22:00:15,836 [INFO] Época 14/30, Batch 950/3287, Loss: 0.5858
2025-10-09 22:00:16,107 [INFO] Época 14/30, Batch 1000/3287, Loss: 0.4858
2025-10-09 22:00:16,376 [INFO] Época 14/30, Batch 1050/3287, Loss: 0.6227
2025-10-09 22:00:16,633 [INFO] Época 14/30, Batch 1100/3287, Loss: 0.7077
2025-10-09 22:00:16,889 [INFO] Época 14/30, Batch 1150/3287, Loss: 0.5035
2025-10-09 22:00:17,145 [INFO] Época 14/30, Batch 1200/3287, Loss: 0.6476
2025-10-09 22:00:17,399 [INFO] Época 14/30, Batch 1250/3287, Loss: 0.4628
2025-10-09 22:00:17,658 [INFO] Época 14/30, Batch 1300/3287, Loss: 0.7001
2025-10-09 22:00:17,925 [INFO] Época 14/30, Batch 1350/3287, Loss: 0.5378
2025-10-09 22:00:18,193 [INFO] Época 14/30, Batch 1400/3287, Loss: 0.6220
2025-10-09 22:00:18,460 [INFO] Época 14/30, Batch 1450/3287, Loss: 0.5857
2025-10-09 22:00:18,726 [INFO] Época 14/30, Batch 1500/3287, Loss: 0.6678
2025-10-09 22:00:18,983 [INFO] Época 14/30, Batch 1550/3287, Loss: 0.4626
2025-10-09 22:00:19,242 [INFO] Época 14/30, Batch 1600/3287, Loss: 0.7632
2025-10-09 22:00:19,504 [INFO] Época 14/30, Batch 1650/3287, Loss: 0.5742
2025-10-09 22:00:19,772 [INFO] Época 14/30, Batch 1700/3287, Loss: 0.5834
2025-10-09 22:00:20,040 [INFO] Época 14/30, Batch 1750/3287, Loss: 0.5611
2025-10-09 22:00:20,296 [INFO] Época 14/30, Batch 1800/3287, Loss: 0.5471
2025-10-09 22:00:20,555 [INFO] Época 14/30, Batch 1850/3287, Loss: 0.8215
2025-10-09 22:00:20,814 [INFO] Época 14/30, Batch 1900/3287, Loss: 0.4972
2025-10-09 22:00:21,075 [INFO] Época 14/30, Batch 1950/3287, Loss: 0.5385
2025-10-09 22:00:21,334 [INFO] Época 14/30, Batch 2000/3287, Loss: 0.5703
2025-10-09 22:00:21,587 [INFO] Época 14/30, Batch 2050/3287, Loss: 0.5426
2025-10-09 22:00:21,842 [INFO] Época 14/30, Batch 2100/3287, Loss: 0.6039
2025-10-09 22:00:22,100 [INFO] Época 14/30, Batch 2150/3287, Loss: 0.6077
2025-10-09 22:00:22,356 [INFO] Época 14/30, Batch 2200/3287, Loss: 0.6128
2025-10-09 22:00:22,612 [INFO] Época 14/30, Batch 2250/3287, Loss: 0.5070
2025-10-09 22:00:22,879 [INFO] Época 14/30, Batch 2300/3287, Loss: 0.5240
2025-10-09 22:00:23,147 [INFO] Época 14/30, Batch 2350/3287, Loss: 0.4590
2025-10-09 22:00:23,411 [INFO] Época 14/30, Batch 2400/3287, Loss: 0.6303
2025-10-09 22:00:23,674 [INFO] Época 14/30, Batch 2450/3287, Loss: 0.5658
2025-10-09 22:00:23,943 [INFO] Época 14/30, Batch 2500/3287, Loss: 0.6058
2025-10-09 22:00:24,212 [INFO] Época 14/30, Batch 2550/3287, Loss: 0.5492
2025-10-09 22:00:24,482 [INFO] Época 14/30, Batch 2600/3287, Loss: 0.5995
2025-10-09 22:00:24,752 [INFO] Época 14/30, Batch 2650/3287, Loss: 0.6487
2025-10-09 22:00:25,019 [INFO] Época 14/30, Batch 2700/3287, Loss: 0.6816
2025-10-09 22:00:25,276 [INFO] Época 14/30, Batch 2750/3287, Loss: 0.7089
2025-10-09 22:00:25,536 [INFO] Época 14/30, Batch 2800/3287, Loss: 0.6452
2025-10-09 22:00:25,792 [INFO] Época 14/30, Batch 2850/3287, Loss: 0.5923
2025-10-09 22:00:26,048 [INFO] Época 14/30, Batch 2900/3287, Loss: 0.5402
2025-10-09 22:00:26,305 [INFO] Época 14/30, Batch 2950/3287, Loss: 0.6126
2025-10-09 22:00:26,560 [INFO] Época 14/30, Batch 3000/3287, Loss: 0.5990
2025-10-09 22:00:26,817 [INFO] Época 14/30, Batch 3050/3287, Loss: 0.7582
2025-10-09 22:00:27,076 [INFO] Época 14/30, Batch 3100/3287, Loss: 0.5944
2025-10-09 22:00:27,344 [INFO] Época 14/30, Batch 3150/3287, Loss: 0.5415
2025-10-09 22:00:27,613 [INFO] Época 14/30, Batch 3200/3287, Loss: 0.5690
2025-10-09 22:00:27,884 [INFO] Época 14/30, Batch 3250/3287, Loss: 0.4766
2025-10-09 22:00:29,524 [INFO] [14/30] Train Loss: 0.5833 | Val Loss: 0.5500 | Tempo: 19.02s
2025-10-09 22:00:30,097 [INFO] Época 15/30, Batch 50/3287, Loss: 0.5923
2025-10-09 22:00:30,369 [INFO] Época 15/30, Batch 100/3287, Loss: 0.6218
2025-10-09 22:00:30,638 [INFO] Época 15/30, Batch 150/3287, Loss: 0.5580
2025-10-09 22:00:30,904 [INFO] Época 15/30, Batch 200/3287, Loss: 0.6647
2025-10-09 22:00:31,171 [INFO] Época 15/30, Batch 250/3287, Loss: 0.6724
2025-10-09 22:00:31,437 [INFO] Época 15/30, Batch 300/3287, Loss: 0.4808
2025-10-09 22:00:31,702 [INFO] Época 15/30, Batch 350/3287, Loss: 0.3845
2025-10-09 22:00:31,967 [INFO] Época 15/30, Batch 400/3287, Loss: 0.6430
2025-10-09 22:00:32,231 [INFO] Época 15/30, Batch 450/3287, Loss: 0.6098
2025-10-09 22:00:32,495 [INFO] Época 15/30, Batch 500/3287, Loss: 0.5978
2025-10-09 22:00:32,759 [INFO] Época 15/30, Batch 550/3287, Loss: 0.5585
2025-10-09 22:00:33,023 [INFO] Época 15/30, Batch 600/3287, Loss: 0.6437
2025-10-09 22:00:33,287 [INFO] Época 15/30, Batch 650/3287, Loss: 0.5918
2025-10-09 22:00:33,551 [INFO] Época 15/30, Batch 700/3287, Loss: 0.4262
2025-10-09 22:00:33,817 [INFO] Época 15/30, Batch 750/3287, Loss: 0.4729
2025-10-09 22:00:34,078 [INFO] Época 15/30, Batch 800/3287, Loss: 0.6689
2025-10-09 22:00:34,325 [INFO] Época 15/30, Batch 850/3287, Loss: 0.7257
2025-10-09 22:00:34,573 [INFO] Época 15/30, Batch 900/3287, Loss: 0.5622
2025-10-09 22:00:34,821 [INFO] Época 15/30, Batch 950/3287, Loss: 0.6686
2025-10-09 22:00:35,068 [INFO] Época 15/30, Batch 1000/3287, Loss: 0.5106
2025-10-09 22:00:35,315 [INFO] Época 15/30, Batch 1050/3287, Loss: 0.5292
2025-10-09 22:00:35,561 [INFO] Época 15/30, Batch 1100/3287, Loss: 0.5725
2025-10-09 22:00:35,808 [INFO] Época 15/30, Batch 1150/3287, Loss: 0.4829
2025-10-09 22:00:36,055 [INFO] Época 15/30, Batch 1200/3287, Loss: 0.7044
2025-10-09 22:00:36,308 [INFO] Época 15/30, Batch 1250/3287, Loss: 0.5728
2025-10-09 22:00:36,560 [INFO] Época 15/30, Batch 1300/3287, Loss: 0.5140
2025-10-09 22:00:36,815 [INFO] Época 15/30, Batch 1350/3287, Loss: 0.5301
2025-10-09 22:00:37,070 [INFO] Época 15/30, Batch 1400/3287, Loss: 0.5472
2025-10-09 22:00:37,321 [INFO] Época 15/30, Batch 1450/3287, Loss: 0.7018
2025-10-09 22:00:37,575 [INFO] Época 15/30, Batch 1500/3287, Loss: 0.5417
2025-10-09 22:00:37,828 [INFO] Época 15/30, Batch 1550/3287, Loss: 0.6227
2025-10-09 22:00:38,082 [INFO] Época 15/30, Batch 1600/3287, Loss: 0.5887
2025-10-09 22:00:38,339 [INFO] Época 15/30, Batch 1650/3287, Loss: 0.5585
2025-10-09 22:00:38,591 [INFO] Época 15/30, Batch 1700/3287, Loss: 0.6052
2025-10-09 22:00:38,843 [INFO] Época 15/30, Batch 1750/3287, Loss: 0.4239
2025-10-09 22:00:39,099 [INFO] Época 15/30, Batch 1800/3287, Loss: 0.7251
2025-10-09 22:00:39,350 [INFO] Época 15/30, Batch 1850/3287, Loss: 0.6675
2025-10-09 22:00:39,601 [INFO] Época 15/30, Batch 1900/3287, Loss: 0.5928
2025-10-09 22:00:39,853 [INFO] Época 15/30, Batch 1950/3287, Loss: 0.6943
2025-10-09 22:00:40,107 [INFO] Época 15/30, Batch 2000/3287, Loss: 0.5783
2025-10-09 22:00:40,358 [INFO] Época 15/30, Batch 2050/3287, Loss: 0.6140
2025-10-09 22:00:40,610 [INFO] Época 15/30, Batch 2100/3287, Loss: 0.6345
2025-10-09 22:00:40,860 [INFO] Época 15/30, Batch 2150/3287, Loss: 0.5957
2025-10-09 22:00:41,119 [INFO] Época 15/30, Batch 2200/3287, Loss: 0.6082
2025-10-09 22:00:41,375 [INFO] Época 15/30, Batch 2250/3287, Loss: 0.6335
2025-10-09 22:00:41,628 [INFO] Época 15/30, Batch 2300/3287, Loss: 0.6161
2025-10-09 22:00:41,881 [INFO] Época 15/30, Batch 2350/3287, Loss: 0.5196
2025-10-09 22:00:42,134 [INFO] Época 15/30, Batch 2400/3287, Loss: 0.7567
2025-10-09 22:00:42,397 [INFO] Época 15/30, Batch 2450/3287, Loss: 0.4083
2025-10-09 22:00:42,667 [INFO] Época 15/30, Batch 2500/3287, Loss: 0.5111
2025-10-09 22:00:42,939 [INFO] Época 15/30, Batch 2550/3287, Loss: 0.6355
2025-10-09 22:00:43,210 [INFO] Época 15/30, Batch 2600/3287, Loss: 0.5545
2025-10-09 22:00:43,481 [INFO] Época 15/30, Batch 2650/3287, Loss: 0.5803
2025-10-09 22:00:43,747 [INFO] Época 15/30, Batch 2700/3287, Loss: 0.6423
2025-10-09 22:00:44,005 [INFO] Época 15/30, Batch 2750/3287, Loss: 0.4629
2025-10-09 22:00:44,263 [INFO] Época 15/30, Batch 2800/3287, Loss: 0.5386
2025-10-09 22:00:44,524 [INFO] Época 15/30, Batch 2850/3287, Loss: 0.4895
2025-10-09 22:00:44,791 [INFO] Época 15/30, Batch 2900/3287, Loss: 0.5308
2025-10-09 22:00:45,064 [INFO] Época 15/30, Batch 2950/3287, Loss: 0.5981
2025-10-09 22:00:45,324 [INFO] Época 15/30, Batch 3000/3287, Loss: 0.5721
2025-10-09 22:00:45,584 [INFO] Época 15/30, Batch 3050/3287, Loss: 0.4576
2025-10-09 22:00:45,845 [INFO] Época 15/30, Batch 3100/3287, Loss: 0.5051
2025-10-09 22:00:46,103 [INFO] Época 15/30, Batch 3150/3287, Loss: 0.5864
2025-10-09 22:00:46,367 [INFO] Época 15/30, Batch 3200/3287, Loss: 0.6195
2025-10-09 22:00:46,629 [INFO] Época 15/30, Batch 3250/3287, Loss: 0.6054
2025-10-09 22:00:48,406 [INFO] [15/30] Train Loss: 0.5825 | Val Loss: 0.5572 | Tempo: 18.88s
2025-10-09 22:00:49,002 [INFO] Época 16/30, Batch 50/3287, Loss: 0.5696
2025-10-09 22:00:49,284 [INFO] Época 16/30, Batch 100/3287, Loss: 0.5956
2025-10-09 22:00:49,563 [INFO] Época 16/30, Batch 150/3287, Loss: 0.6671
2025-10-09 22:00:49,841 [INFO] Época 16/30, Batch 200/3287, Loss: 0.6253
2025-10-09 22:00:50,116 [INFO] Época 16/30, Batch 250/3287, Loss: 0.5101
2025-10-09 22:00:50,396 [INFO] Época 16/30, Batch 300/3287, Loss: 0.5342
2025-10-09 22:00:50,669 [INFO] Época 16/30, Batch 350/3287, Loss: 0.5629
2025-10-09 22:00:50,945 [INFO] Época 16/30, Batch 400/3287, Loss: 0.6902
2025-10-09 22:00:51,222 [INFO] Época 16/30, Batch 450/3287, Loss: 0.5059
2025-10-09 22:00:51,497 [INFO] Época 16/30, Batch 500/3287, Loss: 0.6868
2025-10-09 22:00:51,760 [INFO] Época 16/30, Batch 550/3287, Loss: 0.5936
2025-10-09 22:00:52,012 [INFO] Época 16/30, Batch 600/3287, Loss: 0.6684
2025-10-09 22:00:52,266 [INFO] Época 16/30, Batch 650/3287, Loss: 0.5018
2025-10-09 22:00:52,508 [INFO] Época 16/30, Batch 700/3287, Loss: 0.6008
2025-10-09 22:00:52,753 [INFO] Época 16/30, Batch 750/3287, Loss: 0.4925
2025-10-09 22:00:52,996 [INFO] Época 16/30, Batch 800/3287, Loss: 0.6183
2025-10-09 22:00:53,244 [INFO] Época 16/30, Batch 850/3287, Loss: 0.5244
2025-10-09 22:00:53,492 [INFO] Época 16/30, Batch 900/3287, Loss: 0.6528
2025-10-09 22:00:53,745 [INFO] Época 16/30, Batch 950/3287, Loss: 0.6733
2025-10-09 22:00:53,995 [INFO] Época 16/30, Batch 1000/3287, Loss: 0.4882
2025-10-09 22:00:54,246 [INFO] Época 16/30, Batch 1050/3287, Loss: 0.4967
2025-10-09 22:00:54,511 [INFO] Época 16/30, Batch 1100/3287, Loss: 0.4151
2025-10-09 22:00:54,780 [INFO] Época 16/30, Batch 1150/3287, Loss: 0.5512
2025-10-09 22:00:55,045 [INFO] Época 16/30, Batch 1200/3287, Loss: 0.6426
2025-10-09 22:00:55,321 [INFO] Época 16/30, Batch 1250/3287, Loss: 0.4738
2025-10-09 22:00:55,597 [INFO] Época 16/30, Batch 1300/3287, Loss: 0.5062
2025-10-09 22:00:55,871 [INFO] Época 16/30, Batch 1350/3287, Loss: 0.5020
2025-10-09 22:00:56,146 [INFO] Época 16/30, Batch 1400/3287, Loss: 0.6874
2025-10-09 22:00:56,415 [INFO] Época 16/30, Batch 1450/3287, Loss: 0.4762
2025-10-09 22:00:56,676 [INFO] Época 16/30, Batch 1500/3287, Loss: 0.6701
2025-10-09 22:00:56,936 [INFO] Época 16/30, Batch 1550/3287, Loss: 0.4914
2025-10-09 22:00:57,196 [INFO] Época 16/30, Batch 1600/3287, Loss: 0.8184
2025-10-09 22:00:57,455 [INFO] Época 16/30, Batch 1650/3287, Loss: 0.4940
2025-10-09 22:00:57,714 [INFO] Época 16/30, Batch 1700/3287, Loss: 0.5259
2025-10-09 22:00:57,977 [INFO] Época 16/30, Batch 1750/3287, Loss: 0.5085
2025-10-09 22:00:58,240 [INFO] Época 16/30, Batch 1800/3287, Loss: 0.6433
2025-10-09 22:00:58,500 [INFO] Época 16/30, Batch 1850/3287, Loss: 0.7386
2025-10-09 22:00:58,759 [INFO] Época 16/30, Batch 1900/3287, Loss: 0.7326
2025-10-09 22:00:59,020 [INFO] Época 16/30, Batch 1950/3287, Loss: 0.6553
2025-10-09 22:00:59,284 [INFO] Época 16/30, Batch 2000/3287, Loss: 0.6645
2025-10-09 22:00:59,547 [INFO] Época 16/30, Batch 2050/3287, Loss: 0.6654
2025-10-09 22:00:59,808 [INFO] Época 16/30, Batch 2100/3287, Loss: 0.4835
2025-10-09 22:01:00,070 [INFO] Época 16/30, Batch 2150/3287, Loss: 0.5000
2025-10-09 22:01:00,330 [INFO] Época 16/30, Batch 2200/3287, Loss: 0.5447
2025-10-09 22:01:00,592 [INFO] Época 16/30, Batch 2250/3287, Loss: 0.4944
2025-10-09 22:01:00,854 [INFO] Época 16/30, Batch 2300/3287, Loss: 0.7447
2025-10-09 22:01:01,116 [INFO] Época 16/30, Batch 2350/3287, Loss: 0.7056
2025-10-09 22:01:01,378 [INFO] Época 16/30, Batch 2400/3287, Loss: 0.6044
2025-10-09 22:01:01,641 [INFO] Época 16/30, Batch 2450/3287, Loss: 0.6083
2025-10-09 22:01:01,910 [INFO] Época 16/30, Batch 2500/3287, Loss: 0.5659
2025-10-09 22:01:02,178 [INFO] Época 16/30, Batch 2550/3287, Loss: 0.3951
2025-10-09 22:01:02,446 [INFO] Época 16/30, Batch 2600/3287, Loss: 0.6105
2025-10-09 22:01:02,715 [INFO] Época 16/30, Batch 2650/3287, Loss: 0.5300
2025-10-09 22:01:02,983 [INFO] Época 16/30, Batch 2700/3287, Loss: 0.5968
2025-10-09 22:01:03,256 [INFO] Época 16/30, Batch 2750/3287, Loss: 0.6514
2025-10-09 22:01:03,525 [INFO] Época 16/30, Batch 2800/3287, Loss: 0.6025
2025-10-09 22:01:03,793 [INFO] Época 16/30, Batch 2850/3287, Loss: 0.4168
2025-10-09 22:01:04,061 [INFO] Época 16/30, Batch 2900/3287, Loss: 0.6484
2025-10-09 22:01:04,330 [INFO] Época 16/30, Batch 2950/3287, Loss: 0.7374
2025-10-09 22:01:04,601 [INFO] Época 16/30, Batch 3000/3287, Loss: 0.6451
2025-10-09 22:01:04,870 [INFO] Época 16/30, Batch 3050/3287, Loss: 0.6144
2025-10-09 22:01:05,135 [INFO] Época 16/30, Batch 3100/3287, Loss: 0.5849
2025-10-09 22:01:05,401 [INFO] Época 16/30, Batch 3150/3287, Loss: 0.5819
2025-10-09 22:01:05,667 [INFO] Época 16/30, Batch 3200/3287, Loss: 0.6633
2025-10-09 22:01:05,933 [INFO] Época 16/30, Batch 3250/3287, Loss: 0.3895
2025-10-09 22:01:07,677 [INFO] [16/30] Train Loss: 0.5818 | Val Loss: 0.5559 | Tempo: 19.27s
2025-10-09 22:01:08,248 [INFO] Época 17/30, Batch 50/3287, Loss: 0.6650
2025-10-09 22:01:08,514 [INFO] Época 17/30, Batch 100/3287, Loss: 0.6139
2025-10-09 22:01:08,776 [INFO] Época 17/30, Batch 150/3287, Loss: 0.5953
2025-10-09 22:01:09,036 [INFO] Época 17/30, Batch 200/3287, Loss: 0.5417
2025-10-09 22:01:09,294 [INFO] Época 17/30, Batch 250/3287, Loss: 0.4473
2025-10-09 22:01:09,556 [INFO] Época 17/30, Batch 300/3287, Loss: 0.5851
2025-10-09 22:01:09,814 [INFO] Época 17/30, Batch 350/3287, Loss: 0.6693
2025-10-09 22:01:10,070 [INFO] Época 17/30, Batch 400/3287, Loss: 0.5211
2025-10-09 22:01:10,327 [INFO] Época 17/30, Batch 450/3287, Loss: 0.5807
2025-10-09 22:01:10,586 [INFO] Época 17/30, Batch 500/3287, Loss: 0.6006
2025-10-09 22:01:10,847 [INFO] Época 17/30, Batch 550/3287, Loss: 0.6280
2025-10-09 22:01:11,107 [INFO] Época 17/30, Batch 600/3287, Loss: 0.7027
2025-10-09 22:01:11,367 [INFO] Época 17/30, Batch 650/3287, Loss: 0.5132
2025-10-09 22:01:11,624 [INFO] Época 17/30, Batch 700/3287, Loss: 0.5600
2025-10-09 22:01:11,878 [INFO] Época 17/30, Batch 750/3287, Loss: 0.5157
2025-10-09 22:01:12,140 [INFO] Época 17/30, Batch 800/3287, Loss: 0.4435
2025-10-09 22:01:12,398 [INFO] Época 17/30, Batch 850/3287, Loss: 0.5959
2025-10-09 22:01:12,658 [INFO] Época 17/30, Batch 900/3287, Loss: 0.6554
2025-10-09 22:01:12,917 [INFO] Época 17/30, Batch 950/3287, Loss: 0.4852
2025-10-09 22:01:13,179 [INFO] Época 17/30, Batch 1000/3287, Loss: 0.5509
2025-10-09 22:01:13,440 [INFO] Época 17/30, Batch 1050/3287, Loss: 0.5969
2025-10-09 22:01:13,697 [INFO] Época 17/30, Batch 1100/3287, Loss: 0.5604
2025-10-09 22:01:13,954 [INFO] Época 17/30, Batch 1150/3287, Loss: 0.5765
2025-10-09 22:01:14,211 [INFO] Época 17/30, Batch 1200/3287, Loss: 0.6795
2025-10-09 22:01:14,470 [INFO] Época 17/30, Batch 1250/3287, Loss: 0.6403
2025-10-09 22:01:14,733 [INFO] Época 17/30, Batch 1300/3287, Loss: 0.6773
2025-10-09 22:01:14,991 [INFO] Época 17/30, Batch 1350/3287, Loss: 0.6432
2025-10-09 22:01:15,249 [INFO] Época 17/30, Batch 1400/3287, Loss: 0.5205
2025-10-09 22:01:15,505 [INFO] Época 17/30, Batch 1450/3287, Loss: 0.6319
2025-10-09 22:01:15,762 [INFO] Época 17/30, Batch 1500/3287, Loss: 0.5944
2025-10-09 22:01:16,019 [INFO] Época 17/30, Batch 1550/3287, Loss: 0.6253
2025-10-09 22:01:16,279 [INFO] Época 17/30, Batch 1600/3287, Loss: 0.6363
2025-10-09 22:01:16,538 [INFO] Época 17/30, Batch 1650/3287, Loss: 0.5349
2025-10-09 22:01:16,793 [INFO] Época 17/30, Batch 1700/3287, Loss: 0.5467
2025-10-09 22:01:17,050 [INFO] Época 17/30, Batch 1750/3287, Loss: 0.7083
2025-10-09 22:01:17,308 [INFO] Época 17/30, Batch 1800/3287, Loss: 0.5997
2025-10-09 22:01:17,564 [INFO] Época 17/30, Batch 1850/3287, Loss: 0.4785
2025-10-09 22:01:17,821 [INFO] Época 17/30, Batch 1900/3287, Loss: 0.5893
2025-10-09 22:01:18,081 [INFO] Época 17/30, Batch 1950/3287, Loss: 0.5643
2025-10-09 22:01:18,338 [INFO] Época 17/30, Batch 2000/3287, Loss: 0.6042
2025-10-09 22:01:18,600 [INFO] Época 17/30, Batch 2050/3287, Loss: 0.4729
2025-10-09 22:01:18,860 [INFO] Época 17/30, Batch 2100/3287, Loss: 0.4583
2025-10-09 22:01:19,118 [INFO] Época 17/30, Batch 2150/3287, Loss: 0.6158
2025-10-09 22:01:19,379 [INFO] Época 17/30, Batch 2200/3287, Loss: 0.5338
2025-10-09 22:01:19,637 [INFO] Época 17/30, Batch 2250/3287, Loss: 0.5847
2025-10-09 22:01:19,899 [INFO] Época 17/30, Batch 2300/3287, Loss: 0.5386
2025-10-09 22:01:20,161 [INFO] Época 17/30, Batch 2350/3287, Loss: 0.4767
2025-10-09 22:01:20,422 [INFO] Época 17/30, Batch 2400/3287, Loss: 0.4678
2025-10-09 22:01:20,683 [INFO] Época 17/30, Batch 2450/3287, Loss: 0.5380
2025-10-09 22:01:20,942 [INFO] Época 17/30, Batch 2500/3287, Loss: 0.5114
2025-10-09 22:01:21,203 [INFO] Época 17/30, Batch 2550/3287, Loss: 0.5226
2025-10-09 22:01:21,461 [INFO] Época 17/30, Batch 2600/3287, Loss: 0.6394
2025-10-09 22:01:21,721 [INFO] Época 17/30, Batch 2650/3287, Loss: 0.4780
2025-10-09 22:01:21,980 [INFO] Época 17/30, Batch 2700/3287, Loss: 0.5908
2025-10-09 22:01:22,239 [INFO] Época 17/30, Batch 2750/3287, Loss: 0.6055
2025-10-09 22:01:22,499 [INFO] Época 17/30, Batch 2800/3287, Loss: 0.7599
2025-10-09 22:01:22,760 [INFO] Época 17/30, Batch 2850/3287, Loss: 0.6356
2025-10-09 22:01:23,019 [INFO] Época 17/30, Batch 2900/3287, Loss: 0.4681
2025-10-09 22:01:23,277 [INFO] Época 17/30, Batch 2950/3287, Loss: 0.6145
2025-10-09 22:01:23,538 [INFO] Época 17/30, Batch 3000/3287, Loss: 0.4435
2025-10-09 22:01:23,798 [INFO] Época 17/30, Batch 3050/3287, Loss: 0.6196
2025-10-09 22:01:24,058 [INFO] Época 17/30, Batch 3100/3287, Loss: 0.5438
2025-10-09 22:01:24,316 [INFO] Época 17/30, Batch 3150/3287, Loss: 0.5165
2025-10-09 22:01:24,576 [INFO] Época 17/30, Batch 3200/3287, Loss: 0.6396
2025-10-09 22:01:24,837 [INFO] Época 17/30, Batch 3250/3287, Loss: 0.4974
2025-10-09 22:01:26,633 [INFO] [17/30] Train Loss: 0.5813 | Val Loss: 0.5604 | Tempo: 18.96s
2025-10-09 22:01:27,211 [INFO] Época 18/30, Batch 50/3287, Loss: 0.5636
2025-10-09 22:01:27,474 [INFO] Época 18/30, Batch 100/3287, Loss: 0.7473
2025-10-09 22:01:27,739 [INFO] Época 18/30, Batch 150/3287, Loss: 0.5963
2025-10-09 22:01:27,999 [INFO] Época 18/30, Batch 200/3287, Loss: 0.7316
2025-10-09 22:01:28,258 [INFO] Época 18/30, Batch 250/3287, Loss: 0.6579
2025-10-09 22:01:28,519 [INFO] Época 18/30, Batch 300/3287, Loss: 0.8354
2025-10-09 22:01:28,779 [INFO] Época 18/30, Batch 350/3287, Loss: 0.6181
2025-10-09 22:01:29,040 [INFO] Época 18/30, Batch 400/3287, Loss: 0.4829
2025-10-09 22:01:29,299 [INFO] Época 18/30, Batch 450/3287, Loss: 0.5802
2025-10-09 22:01:29,556 [INFO] Época 18/30, Batch 500/3287, Loss: 0.5587
2025-10-09 22:01:29,815 [INFO] Época 18/30, Batch 550/3287, Loss: 0.5335
2025-10-09 22:01:30,075 [INFO] Época 18/30, Batch 600/3287, Loss: 0.4910
2025-10-09 22:01:30,337 [INFO] Época 18/30, Batch 650/3287, Loss: 0.7014
2025-10-09 22:01:30,598 [INFO] Época 18/30, Batch 700/3287, Loss: 0.7635
2025-10-09 22:01:30,860 [INFO] Época 18/30, Batch 750/3287, Loss: 0.6065
2025-10-09 22:01:31,123 [INFO] Época 18/30, Batch 800/3287, Loss: 0.5532
2025-10-09 22:01:31,384 [INFO] Época 18/30, Batch 850/3287, Loss: 0.6633
2025-10-09 22:01:31,643 [INFO] Época 18/30, Batch 900/3287, Loss: 0.5706
2025-10-09 22:01:31,896 [INFO] Época 18/30, Batch 950/3287, Loss: 0.6245
2025-10-09 22:01:32,151 [INFO] Época 18/30, Batch 1000/3287, Loss: 0.6845
2025-10-09 22:01:32,405 [INFO] Época 18/30, Batch 1050/3287, Loss: 0.6855
2025-10-09 22:01:32,657 [INFO] Época 18/30, Batch 1100/3287, Loss: 0.5617
2025-10-09 22:01:32,907 [INFO] Época 18/30, Batch 1150/3287, Loss: 0.5350
2025-10-09 22:01:33,159 [INFO] Época 18/30, Batch 1200/3287, Loss: 0.4969
2025-10-09 22:01:33,413 [INFO] Época 18/30, Batch 1250/3287, Loss: 0.5658
2025-10-09 22:01:33,670 [INFO] Época 18/30, Batch 1300/3287, Loss: 0.6417
2025-10-09 22:01:33,929 [INFO] Época 18/30, Batch 1350/3287, Loss: 0.4668
2025-10-09 22:01:34,186 [INFO] Época 18/30, Batch 1400/3287, Loss: 0.6927
2025-10-09 22:01:34,443 [INFO] Época 18/30, Batch 1450/3287, Loss: 0.5446
2025-10-09 22:01:34,702 [INFO] Época 18/30, Batch 1500/3287, Loss: 0.5781
2025-10-09 22:01:34,959 [INFO] Época 18/30, Batch 1550/3287, Loss: 0.5729
2025-10-09 22:01:35,216 [INFO] Época 18/30, Batch 1600/3287, Loss: 0.5204
2025-10-09 22:01:35,473 [INFO] Época 18/30, Batch 1650/3287, Loss: 0.5895
2025-10-09 22:01:35,730 [INFO] Época 18/30, Batch 1700/3287, Loss: 0.6038
2025-10-09 22:01:35,989 [INFO] Época 18/30, Batch 1750/3287, Loss: 0.4771
2025-10-09 22:01:36,247 [INFO] Época 18/30, Batch 1800/3287, Loss: 0.6098
2025-10-09 22:01:36,505 [INFO] Época 18/30, Batch 1850/3287, Loss: 0.4986
2025-10-09 22:01:36,761 [INFO] Época 18/30, Batch 1900/3287, Loss: 0.6147
2025-10-09 22:01:37,020 [INFO] Época 18/30, Batch 1950/3287, Loss: 0.4794
2025-10-09 22:01:37,277 [INFO] Época 18/30, Batch 2000/3287, Loss: 0.6358
2025-10-09 22:01:37,535 [INFO] Época 18/30, Batch 2050/3287, Loss: 0.5146
2025-10-09 22:01:37,793 [INFO] Época 18/30, Batch 2100/3287, Loss: 0.6308
2025-10-09 22:01:38,050 [INFO] Época 18/30, Batch 2150/3287, Loss: 0.5160
2025-10-09 22:01:38,306 [INFO] Época 18/30, Batch 2200/3287, Loss: 0.4206
2025-10-09 22:01:38,563 [INFO] Época 18/30, Batch 2250/3287, Loss: 0.6561
2025-10-09 22:01:38,819 [INFO] Época 18/30, Batch 2300/3287, Loss: 0.5500
2025-10-09 22:01:39,079 [INFO] Época 18/30, Batch 2350/3287, Loss: 0.6081
2025-10-09 22:01:39,338 [INFO] Época 18/30, Batch 2400/3287, Loss: 0.4384
2025-10-09 22:01:39,596 [INFO] Época 18/30, Batch 2450/3287, Loss: 0.5836
2025-10-09 22:01:39,853 [INFO] Época 18/30, Batch 2500/3287, Loss: 0.6789
2025-10-09 22:01:40,109 [INFO] Época 18/30, Batch 2550/3287, Loss: 0.6798
2025-10-09 22:01:40,365 [INFO] Época 18/30, Batch 2600/3287, Loss: 0.5398
2025-10-09 22:01:40,621 [INFO] Época 18/30, Batch 2650/3287, Loss: 0.6118
2025-10-09 22:01:40,879 [INFO] Época 18/30, Batch 2700/3287, Loss: 0.5465
2025-10-09 22:01:41,137 [INFO] Época 18/30, Batch 2750/3287, Loss: 0.6150
2025-10-09 22:01:41,393 [INFO] Época 18/30, Batch 2800/3287, Loss: 0.5129
2025-10-09 22:01:41,653 [INFO] Época 18/30, Batch 2850/3287, Loss: 0.5586
2025-10-09 22:01:41,910 [INFO] Época 18/30, Batch 2900/3287, Loss: 0.5862
2025-10-09 22:01:42,167 [INFO] Época 18/30, Batch 2950/3287, Loss: 0.5759
2025-10-09 22:01:42,424 [INFO] Época 18/30, Batch 3000/3287, Loss: 0.4738
2025-10-09 22:01:42,681 [INFO] Época 18/30, Batch 3050/3287, Loss: 0.5825
2025-10-09 22:01:42,943 [INFO] Época 18/30, Batch 3100/3287, Loss: 0.6212
2025-10-09 22:01:43,200 [INFO] Época 18/30, Batch 3150/3287, Loss: 0.6462
2025-10-09 22:01:43,457 [INFO] Época 18/30, Batch 3200/3287, Loss: 0.5045
2025-10-09 22:01:43,714 [INFO] Época 18/30, Batch 3250/3287, Loss: 0.6030
2025-10-09 22:01:45,539 [INFO] [18/30] Train Loss: 0.5810 | Val Loss: 0.5644 | Tempo: 18.91s
2025-10-09 22:01:45,540 [INFO] Early stopping ativado após 10 épocas sem melhoria
2025-10-09 22:01:45,540 [INFO] Treinamento concluído em 340.81 segundos (5.68 minutos)
2025-10-09 22:01:45,540 [INFO] Iniciando avaliação no conjunto de teste...
2025-10-09 22:01:46,944 [INFO] Avaliação do teste concluída em 1.40 segundos
2025-10-09 22:01:46,945 [INFO] MSE no teste: 0.7678
2025-10-09 22:01:46,945 [INFO] RMSE no teste: 0.8762
2025-10-09 22:01:46,945 [INFO] MAE no teste: 0.6736
2025-10-09 22:01:46,946 [INFO] Métricas salvas em /mnt/hdd/home/jdurao/ToolBox-ChemXAI/logs/mlp_att4_3D_metrics.json
