2025-10-09 18:18:16,683 [INFO] Iniciando treinamento do modelo mlp_att2_Morgan
2025-10-09 18:18:16,683 [INFO] Configuração: att_index=2, epochs=30, layers=[128, 64, 32], lr=0.001, batch_size=32, descriptor_type=Morgan
2025-10-09 18:18:16,683 [INFO] Diretório para modelos: /mnt/hdd/home/jdurao/ToolBox-ChemXAI/models
2025-10-09 18:18:16,683 [INFO] Carregando dados...
2025-10-09 18:18:16,759 [INFO] Preparando dataloaders sem ruído...
2025-10-09 18:18:25,056 [INFO] Dados carregados em 8.37 segundos
2025-10-09 18:18:25,056 [INFO] Tamanhos dos conjuntos - Treino: 107108, Validação: 13388, Teste: 13389
2025-10-09 18:18:25,056 [INFO] Usando dispositivo: cuda
2025-10-09 18:18:25,449 [INFO] Dimensão de entrada: 512, Dimensão de saída: 1
2025-10-09 18:18:25,450 [INFO] Criando modelo MLP com camadas: [128, 64, 32]
2025-10-09 18:18:25,456 [INFO] Modelo criado com 76033 parâmetros
2025-10-09 18:18:25,457 [INFO] Iniciando treinamento com 30 épocas...
2025-10-09 18:18:26,085 [INFO] Época 1/30, Batch 50/3348, Loss: 0.1583
2025-10-09 18:18:26,366 [INFO] Época 1/30, Batch 100/3348, Loss: 0.1158
2025-10-09 18:18:26,640 [INFO] Época 1/30, Batch 150/3348, Loss: 0.1728
2025-10-09 18:18:26,918 [INFO] Época 1/30, Batch 200/3348, Loss: 0.1327
2025-10-09 18:18:27,186 [INFO] Época 1/30, Batch 250/3348, Loss: 0.1258
2025-10-09 18:18:27,451 [INFO] Época 1/30, Batch 300/3348, Loss: 0.1762
2025-10-09 18:18:27,716 [INFO] Época 1/30, Batch 350/3348, Loss: 0.2048
2025-10-09 18:18:27,981 [INFO] Época 1/30, Batch 400/3348, Loss: 0.1449
2025-10-09 18:18:28,256 [INFO] Época 1/30, Batch 450/3348, Loss: 0.1248
2025-10-09 18:18:28,532 [INFO] Época 1/30, Batch 500/3348, Loss: 0.2118
2025-10-09 18:18:28,805 [INFO] Época 1/30, Batch 550/3348, Loss: 0.1435
2025-10-09 18:18:29,079 [INFO] Época 1/30, Batch 600/3348, Loss: 0.1266
2025-10-09 18:18:29,353 [INFO] Época 1/30, Batch 650/3348, Loss: 0.1341
2025-10-09 18:18:29,625 [INFO] Época 1/30, Batch 700/3348, Loss: 0.1500
2025-10-09 18:18:29,889 [INFO] Época 1/30, Batch 750/3348, Loss: 0.1883
2025-10-09 18:18:30,154 [INFO] Época 1/30, Batch 800/3348, Loss: 0.0979
2025-10-09 18:18:30,418 [INFO] Época 1/30, Batch 850/3348, Loss: 0.1330
2025-10-09 18:18:30,681 [INFO] Época 1/30, Batch 900/3348, Loss: 0.1763
2025-10-09 18:18:30,947 [INFO] Época 1/30, Batch 950/3348, Loss: 0.1625
2025-10-09 18:18:31,223 [INFO] Época 1/30, Batch 1000/3348, Loss: 0.1564
2025-10-09 18:18:31,498 [INFO] Época 1/30, Batch 1050/3348, Loss: 0.2275
2025-10-09 18:18:31,774 [INFO] Época 1/30, Batch 1100/3348, Loss: 0.1950
2025-10-09 18:18:32,049 [INFO] Época 1/30, Batch 1150/3348, Loss: 0.1409
2025-10-09 18:18:32,322 [INFO] Época 1/30, Batch 1200/3348, Loss: 0.1402
2025-10-09 18:18:32,596 [INFO] Época 1/30, Batch 1250/3348, Loss: 0.1205
2025-10-09 18:18:32,869 [INFO] Época 1/30, Batch 1300/3348, Loss: 0.1411
2025-10-09 18:18:33,145 [INFO] Época 1/30, Batch 1350/3348, Loss: 0.1699
2025-10-09 18:18:33,428 [INFO] Época 1/30, Batch 1400/3348, Loss: 0.1480
2025-10-09 18:18:33,707 [INFO] Época 1/30, Batch 1450/3348, Loss: 0.1705
2025-10-09 18:18:33,986 [INFO] Época 1/30, Batch 1500/3348, Loss: 0.1260
2025-10-09 18:18:34,266 [INFO] Época 1/30, Batch 1550/3348, Loss: 0.1313
2025-10-09 18:18:34,546 [INFO] Época 1/30, Batch 1600/3348, Loss: 0.2050
2025-10-09 18:18:34,826 [INFO] Época 1/30, Batch 1650/3348, Loss: 0.2054
2025-10-09 18:18:35,105 [INFO] Época 1/30, Batch 1700/3348, Loss: 0.1598
2025-10-09 18:18:35,382 [INFO] Época 1/30, Batch 1750/3348, Loss: 0.1023
2025-10-09 18:18:35,665 [INFO] Época 1/30, Batch 1800/3348, Loss: 0.1412
2025-10-09 18:18:35,939 [INFO] Época 1/30, Batch 1850/3348, Loss: 0.1277
2025-10-09 18:18:36,211 [INFO] Época 1/30, Batch 1900/3348, Loss: 0.1141
2025-10-09 18:18:36,484 [INFO] Época 1/30, Batch 1950/3348, Loss: 0.1856
2025-10-09 18:18:36,758 [INFO] Época 1/30, Batch 2000/3348, Loss: 0.1374
2025-10-09 18:18:37,038 [INFO] Época 1/30, Batch 2050/3348, Loss: 0.1011
2025-10-09 18:18:37,312 [INFO] Época 1/30, Batch 2100/3348, Loss: 0.1322
2025-10-09 18:18:37,586 [INFO] Época 1/30, Batch 2150/3348, Loss: 0.1259
2025-10-09 18:18:37,862 [INFO] Época 1/30, Batch 2200/3348, Loss: 0.1903
2025-10-09 18:18:38,142 [INFO] Época 1/30, Batch 2250/3348, Loss: 0.1234
2025-10-09 18:18:38,421 [INFO] Época 1/30, Batch 2300/3348, Loss: 0.1344
2025-10-09 18:18:38,701 [INFO] Época 1/30, Batch 2350/3348, Loss: 0.1805
2025-10-09 18:18:38,974 [INFO] Época 1/30, Batch 2400/3348, Loss: 0.1288
2025-10-09 18:18:39,260 [INFO] Época 1/30, Batch 2450/3348, Loss: 0.1305
2025-10-09 18:18:39,552 [INFO] Época 1/30, Batch 2500/3348, Loss: 0.1206
2025-10-09 18:18:39,835 [INFO] Época 1/30, Batch 2550/3348, Loss: 0.1281
2025-10-09 18:18:40,104 [INFO] Época 1/30, Batch 2600/3348, Loss: 0.0969
2025-10-09 18:18:40,367 [INFO] Época 1/30, Batch 2650/3348, Loss: 0.1208
2025-10-09 18:18:40,631 [INFO] Época 1/30, Batch 2700/3348, Loss: 0.1095
2025-10-09 18:18:40,896 [INFO] Época 1/30, Batch 2750/3348, Loss: 0.1394
2025-10-09 18:18:41,160 [INFO] Época 1/30, Batch 2800/3348, Loss: 0.1415
2025-10-09 18:18:41,425 [INFO] Época 1/30, Batch 2850/3348, Loss: 0.1211
2025-10-09 18:18:41,688 [INFO] Época 1/30, Batch 2900/3348, Loss: 0.1120
2025-10-09 18:18:41,954 [INFO] Época 1/30, Batch 2950/3348, Loss: 0.1043
2025-10-09 18:18:42,218 [INFO] Época 1/30, Batch 3000/3348, Loss: 0.1799
2025-10-09 18:18:42,483 [INFO] Época 1/30, Batch 3050/3348, Loss: 0.1516
2025-10-09 18:18:42,757 [INFO] Época 1/30, Batch 3100/3348, Loss: 0.1136
2025-10-09 18:18:43,029 [INFO] Época 1/30, Batch 3150/3348, Loss: 0.1524
2025-10-09 18:18:43,298 [INFO] Época 1/30, Batch 3200/3348, Loss: 0.1022
2025-10-09 18:18:43,562 [INFO] Época 1/30, Batch 3250/3348, Loss: 0.1861
2025-10-09 18:18:43,827 [INFO] Época 1/30, Batch 3300/3348, Loss: 0.1670
2025-10-09 18:18:45,695 [INFO] [1/30] Train Loss: 0.1456 | Val Loss: 0.1305 | Tempo: 20.24s
2025-10-09 18:18:45,700 [INFO] Melhor modelo salvo em: /mnt/hdd/home/jdurao/ToolBox-ChemXAI/models/mlp_qm9_Morgan_att2_large.pth
2025-10-09 18:18:46,295 [INFO] Época 2/30, Batch 50/3348, Loss: 0.1338
2025-10-09 18:18:46,566 [INFO] Época 2/30, Batch 100/3348, Loss: 0.1625
2025-10-09 18:18:46,833 [INFO] Época 2/30, Batch 150/3348, Loss: 0.2186
2025-10-09 18:18:47,097 [INFO] Época 2/30, Batch 200/3348, Loss: 0.1581
2025-10-09 18:18:47,357 [INFO] Época 2/30, Batch 250/3348, Loss: 0.1209
2025-10-09 18:18:47,619 [INFO] Época 2/30, Batch 300/3348, Loss: 0.1015
2025-10-09 18:18:47,880 [INFO] Época 2/30, Batch 350/3348, Loss: 0.1140
2025-10-09 18:18:48,140 [INFO] Época 2/30, Batch 400/3348, Loss: 0.1611
2025-10-09 18:18:48,401 [INFO] Época 2/30, Batch 450/3348, Loss: 0.1118
2025-10-09 18:18:48,659 [INFO] Época 2/30, Batch 500/3348, Loss: 0.2166
2025-10-09 18:18:48,919 [INFO] Época 2/30, Batch 550/3348, Loss: 0.1184
2025-10-09 18:18:49,179 [INFO] Época 2/30, Batch 600/3348, Loss: 0.1280
2025-10-09 18:18:49,438 [INFO] Época 2/30, Batch 650/3348, Loss: 0.1168
2025-10-09 18:18:49,697 [INFO] Época 2/30, Batch 700/3348, Loss: 0.1753
2025-10-09 18:18:49,957 [INFO] Época 2/30, Batch 750/3348, Loss: 0.1411
2025-10-09 18:18:50,216 [INFO] Época 2/30, Batch 800/3348, Loss: 0.1440
2025-10-09 18:18:50,476 [INFO] Época 2/30, Batch 850/3348, Loss: 0.1205
2025-10-09 18:18:50,735 [INFO] Época 2/30, Batch 900/3348, Loss: 0.1070
2025-10-09 18:18:50,993 [INFO] Época 2/30, Batch 950/3348, Loss: 0.1131
2025-10-09 18:18:51,251 [INFO] Época 2/30, Batch 1000/3348, Loss: 0.1489
2025-10-09 18:18:51,504 [INFO] Época 2/30, Batch 1050/3348, Loss: 0.0917
2025-10-09 18:18:51,757 [INFO] Época 2/30, Batch 1100/3348, Loss: 0.1112
2025-10-09 18:18:52,011 [INFO] Época 2/30, Batch 1150/3348, Loss: 0.1371
2025-10-09 18:18:52,269 [INFO] Época 2/30, Batch 1200/3348, Loss: 0.1118
2025-10-09 18:18:52,534 [INFO] Época 2/30, Batch 1250/3348, Loss: 0.1367
2025-10-09 18:18:52,799 [INFO] Época 2/30, Batch 1300/3348, Loss: 0.1468
2025-10-09 18:18:53,061 [INFO] Época 2/30, Batch 1350/3348, Loss: 0.1752
2025-10-09 18:18:53,324 [INFO] Época 2/30, Batch 1400/3348, Loss: 0.0965
2025-10-09 18:18:53,586 [INFO] Época 2/30, Batch 1450/3348, Loss: 0.1329
2025-10-09 18:18:53,846 [INFO] Época 2/30, Batch 1500/3348, Loss: 0.1574
2025-10-09 18:18:54,116 [INFO] Época 2/30, Batch 1550/3348, Loss: 0.1000
2025-10-09 18:18:54,372 [INFO] Época 2/30, Batch 1600/3348, Loss: 0.0947
2025-10-09 18:18:54,630 [INFO] Época 2/30, Batch 1650/3348, Loss: 0.0891
2025-10-09 18:18:54,887 [INFO] Época 2/30, Batch 1700/3348, Loss: 0.1158
2025-10-09 18:18:55,144 [INFO] Época 2/30, Batch 1750/3348, Loss: 0.1015
2025-10-09 18:18:55,403 [INFO] Época 2/30, Batch 1800/3348, Loss: 0.0799
2025-10-09 18:18:55,661 [INFO] Época 2/30, Batch 1850/3348, Loss: 0.1134
2025-10-09 18:18:55,918 [INFO] Época 2/30, Batch 1900/3348, Loss: 0.1732
2025-10-09 18:18:56,178 [INFO] Época 2/30, Batch 1950/3348, Loss: 0.1046
2025-10-09 18:18:56,435 [INFO] Época 2/30, Batch 2000/3348, Loss: 0.1057
2025-10-09 18:18:56,694 [INFO] Época 2/30, Batch 2050/3348, Loss: 0.1127
2025-10-09 18:18:56,953 [INFO] Época 2/30, Batch 2100/3348, Loss: 0.1029
2025-10-09 18:18:57,212 [INFO] Época 2/30, Batch 2150/3348, Loss: 0.1718
2025-10-09 18:18:57,470 [INFO] Época 2/30, Batch 2200/3348, Loss: 0.0918
2025-10-09 18:18:57,730 [INFO] Época 2/30, Batch 2250/3348, Loss: 0.0962
2025-10-09 18:18:57,993 [INFO] Época 2/30, Batch 2300/3348, Loss: 0.1001
2025-10-09 18:18:58,256 [INFO] Época 2/30, Batch 2350/3348, Loss: 0.1175
2025-10-09 18:18:58,515 [INFO] Época 2/30, Batch 2400/3348, Loss: 0.1317
2025-10-09 18:18:58,782 [INFO] Época 2/30, Batch 2450/3348, Loss: 0.0929
2025-10-09 18:18:59,052 [INFO] Época 2/30, Batch 2500/3348, Loss: 0.1424
2025-10-09 18:18:59,329 [INFO] Época 2/30, Batch 2550/3348, Loss: 0.1195
2025-10-09 18:18:59,601 [INFO] Época 2/30, Batch 2600/3348, Loss: 0.0949
2025-10-09 18:18:59,869 [INFO] Época 2/30, Batch 2650/3348, Loss: 0.1410
2025-10-09 18:19:00,134 [INFO] Época 2/30, Batch 2700/3348, Loss: 0.1120
2025-10-09 18:19:00,397 [INFO] Época 2/30, Batch 2750/3348, Loss: 0.1072
2025-10-09 18:19:00,662 [INFO] Época 2/30, Batch 2800/3348, Loss: 0.1208
2025-10-09 18:19:00,928 [INFO] Época 2/30, Batch 2850/3348, Loss: 0.1324
2025-10-09 18:19:01,192 [INFO] Época 2/30, Batch 2900/3348, Loss: 0.0881
2025-10-09 18:19:01,456 [INFO] Época 2/30, Batch 2950/3348, Loss: 0.2199
2025-10-09 18:19:01,717 [INFO] Época 2/30, Batch 3000/3348, Loss: 0.1109
2025-10-09 18:19:01,978 [INFO] Época 2/30, Batch 3050/3348, Loss: 0.1137
2025-10-09 18:19:02,240 [INFO] Época 2/30, Batch 3100/3348, Loss: 0.1074
2025-10-09 18:19:02,502 [INFO] Época 2/30, Batch 3150/3348, Loss: 0.1121
2025-10-09 18:19:02,766 [INFO] Época 2/30, Batch 3200/3348, Loss: 0.0819
2025-10-09 18:19:03,030 [INFO] Época 2/30, Batch 3250/3348, Loss: 0.2045
2025-10-09 18:19:03,297 [INFO] Época 2/30, Batch 3300/3348, Loss: 0.1540
2025-10-09 18:19:05,209 [INFO] [2/30] Train Loss: 0.1289 | Val Loss: 0.1438 | Tempo: 19.51s
2025-10-09 18:19:05,819 [INFO] Época 3/30, Batch 50/3348, Loss: 0.0874
2025-10-09 18:19:06,094 [INFO] Época 3/30, Batch 100/3348, Loss: 0.1053
2025-10-09 18:19:06,368 [INFO] Época 3/30, Batch 150/3348, Loss: 0.0966
2025-10-09 18:19:06,637 [INFO] Época 3/30, Batch 200/3348, Loss: 0.1710
2025-10-09 18:19:06,905 [INFO] Época 3/30, Batch 250/3348, Loss: 0.1001
2025-10-09 18:19:07,175 [INFO] Época 3/30, Batch 300/3348, Loss: 0.1484
2025-10-09 18:19:07,441 [INFO] Época 3/30, Batch 350/3348, Loss: 0.1182
2025-10-09 18:19:07,710 [INFO] Época 3/30, Batch 400/3348, Loss: 0.1142
2025-10-09 18:19:07,977 [INFO] Época 3/30, Batch 450/3348, Loss: 0.0879
2025-10-09 18:19:08,247 [INFO] Época 3/30, Batch 500/3348, Loss: 0.1079
2025-10-09 18:19:08,516 [INFO] Época 3/30, Batch 550/3348, Loss: 0.1116
2025-10-09 18:19:08,782 [INFO] Época 3/30, Batch 600/3348, Loss: 0.1082
2025-10-09 18:19:09,050 [INFO] Época 3/30, Batch 650/3348, Loss: 0.1386
2025-10-09 18:19:09,311 [INFO] Época 3/30, Batch 700/3348, Loss: 0.1371
2025-10-09 18:19:09,573 [INFO] Época 3/30, Batch 750/3348, Loss: 0.0627
2025-10-09 18:19:09,838 [INFO] Época 3/30, Batch 800/3348, Loss: 0.0749
2025-10-09 18:19:10,100 [INFO] Época 3/30, Batch 850/3348, Loss: 0.1059
2025-10-09 18:19:10,362 [INFO] Época 3/30, Batch 900/3348, Loss: 0.1124
2025-10-09 18:19:10,622 [INFO] Época 3/30, Batch 950/3348, Loss: 0.0771
2025-10-09 18:19:10,884 [INFO] Época 3/30, Batch 1000/3348, Loss: 0.1287
2025-10-09 18:19:11,145 [INFO] Época 3/30, Batch 1050/3348, Loss: 0.1312
2025-10-09 18:19:11,409 [INFO] Época 3/30, Batch 1100/3348, Loss: 0.1157
2025-10-09 18:19:11,671 [INFO] Época 3/30, Batch 1150/3348, Loss: 0.1084
2025-10-09 18:19:11,938 [INFO] Época 3/30, Batch 1200/3348, Loss: 0.1126
2025-10-09 18:19:12,202 [INFO] Época 3/30, Batch 1250/3348, Loss: 0.0857
2025-10-09 18:19:12,467 [INFO] Época 3/30, Batch 1300/3348, Loss: 0.1640
2025-10-09 18:19:12,735 [INFO] Época 3/30, Batch 1350/3348, Loss: 0.1178
2025-10-09 18:19:13,001 [INFO] Época 3/30, Batch 1400/3348, Loss: 0.1401
2025-10-09 18:19:13,267 [INFO] Época 3/30, Batch 1450/3348, Loss: 0.0913
2025-10-09 18:19:13,533 [INFO] Época 3/30, Batch 1500/3348, Loss: 0.1450
2025-10-09 18:19:13,799 [INFO] Época 3/30, Batch 1550/3348, Loss: 0.0902
2025-10-09 18:19:14,066 [INFO] Época 3/30, Batch 1600/3348, Loss: 0.1277
2025-10-09 18:19:14,332 [INFO] Época 3/30, Batch 1650/3348, Loss: 0.0733
2025-10-09 18:19:14,601 [INFO] Época 3/30, Batch 1700/3348, Loss: 0.0919
2025-10-09 18:19:14,870 [INFO] Época 3/30, Batch 1750/3348, Loss: 0.1526
2025-10-09 18:19:15,140 [INFO] Época 3/30, Batch 1800/3348, Loss: 0.0971
2025-10-09 18:19:15,405 [INFO] Época 3/30, Batch 1850/3348, Loss: 0.1109
2025-10-09 18:19:15,669 [INFO] Época 3/30, Batch 1900/3348, Loss: 0.0715
2025-10-09 18:19:15,933 [INFO] Época 3/30, Batch 1950/3348, Loss: 0.0942
2025-10-09 18:19:16,196 [INFO] Época 3/30, Batch 2000/3348, Loss: 0.0928
2025-10-09 18:19:16,462 [INFO] Época 3/30, Batch 2050/3348, Loss: 0.1434
2025-10-09 18:19:16,729 [INFO] Época 3/30, Batch 2100/3348, Loss: 0.1244
2025-10-09 18:19:16,995 [INFO] Época 3/30, Batch 2150/3348, Loss: 0.1127
2025-10-09 18:19:17,262 [INFO] Época 3/30, Batch 2200/3348, Loss: 0.0842
2025-10-09 18:19:17,529 [INFO] Época 3/30, Batch 2250/3348, Loss: 0.1299
2025-10-09 18:19:17,794 [INFO] Época 3/30, Batch 2300/3348, Loss: 0.1431
2025-10-09 18:19:18,059 [INFO] Época 3/30, Batch 2350/3348, Loss: 0.1002
2025-10-09 18:19:18,327 [INFO] Época 3/30, Batch 2400/3348, Loss: 0.1174
2025-10-09 18:19:18,593 [INFO] Época 3/30, Batch 2450/3348, Loss: 0.0826
2025-10-09 18:19:18,860 [INFO] Época 3/30, Batch 2500/3348, Loss: 0.1245
2025-10-09 18:19:19,125 [INFO] Época 3/30, Batch 2550/3348, Loss: 0.0865
2025-10-09 18:19:19,390 [INFO] Época 3/30, Batch 2600/3348, Loss: 0.0956
2025-10-09 18:19:19,656 [INFO] Época 3/30, Batch 2650/3348, Loss: 0.1051
2025-10-09 18:19:19,918 [INFO] Época 3/30, Batch 2700/3348, Loss: 0.0909
2025-10-09 18:19:20,187 [INFO] Época 3/30, Batch 2750/3348, Loss: 0.1412
2025-10-09 18:19:20,449 [INFO] Época 3/30, Batch 2800/3348, Loss: 0.1625
2025-10-09 18:19:20,712 [INFO] Época 3/30, Batch 2850/3348, Loss: 0.1040
2025-10-09 18:19:20,975 [INFO] Época 3/30, Batch 2900/3348, Loss: 0.0831
2025-10-09 18:19:21,238 [INFO] Época 3/30, Batch 2950/3348, Loss: 0.1092
2025-10-09 18:19:21,498 [INFO] Época 3/30, Batch 3000/3348, Loss: 0.1115
2025-10-09 18:19:21,760 [INFO] Época 3/30, Batch 3050/3348, Loss: 0.0900
2025-10-09 18:19:22,025 [INFO] Época 3/30, Batch 3100/3348, Loss: 0.1222
2025-10-09 18:19:22,288 [INFO] Época 3/30, Batch 3150/3348, Loss: 0.0944
2025-10-09 18:19:22,552 [INFO] Época 3/30, Batch 3200/3348, Loss: 0.1087
2025-10-09 18:19:22,815 [INFO] Época 3/30, Batch 3250/3348, Loss: 0.1119
2025-10-09 18:19:23,078 [INFO] Época 3/30, Batch 3300/3348, Loss: 0.1117
2025-10-09 18:19:24,882 [INFO] [3/30] Train Loss: 0.1203 | Val Loss: 0.1357 | Tempo: 19.67s
2025-10-09 18:19:25,493 [INFO] Época 4/30, Batch 50/3348, Loss: 0.1214
2025-10-09 18:19:25,772 [INFO] Época 4/30, Batch 100/3348, Loss: 0.0858
2025-10-09 18:19:26,051 [INFO] Época 4/30, Batch 150/3348, Loss: 0.0877
2025-10-09 18:19:26,325 [INFO] Época 4/30, Batch 200/3348, Loss: 0.1352
2025-10-09 18:19:26,600 [INFO] Época 4/30, Batch 250/3348, Loss: 0.0734
2025-10-09 18:19:26,874 [INFO] Época 4/30, Batch 300/3348, Loss: 0.1152
2025-10-09 18:19:27,149 [INFO] Época 4/30, Batch 350/3348, Loss: 0.0864
2025-10-09 18:19:27,422 [INFO] Época 4/30, Batch 400/3348, Loss: 0.0856
2025-10-09 18:19:27,691 [INFO] Época 4/30, Batch 450/3348, Loss: 0.1304
2025-10-09 18:19:27,955 [INFO] Época 4/30, Batch 500/3348, Loss: 0.0903
2025-10-09 18:19:28,220 [INFO] Época 4/30, Batch 550/3348, Loss: 0.1509
2025-10-09 18:19:28,488 [INFO] Época 4/30, Batch 600/3348, Loss: 0.1152
2025-10-09 18:19:28,753 [INFO] Época 4/30, Batch 650/3348, Loss: 0.0948
2025-10-09 18:19:29,019 [INFO] Época 4/30, Batch 700/3348, Loss: 0.1076
2025-10-09 18:19:29,285 [INFO] Época 4/30, Batch 750/3348, Loss: 0.1016
2025-10-09 18:19:29,550 [INFO] Época 4/30, Batch 800/3348, Loss: 0.1018
2025-10-09 18:19:29,816 [INFO] Época 4/30, Batch 850/3348, Loss: 0.0799
2025-10-09 18:19:30,081 [INFO] Época 4/30, Batch 900/3348, Loss: 0.0736
2025-10-09 18:19:30,345 [INFO] Época 4/30, Batch 950/3348, Loss: 0.1699
2025-10-09 18:19:30,609 [INFO] Época 4/30, Batch 1000/3348, Loss: 0.0975
2025-10-09 18:19:30,874 [INFO] Época 4/30, Batch 1050/3348, Loss: 0.1011
2025-10-09 18:19:31,144 [INFO] Época 4/30, Batch 1100/3348, Loss: 0.1191
2025-10-09 18:19:31,410 [INFO] Época 4/30, Batch 1150/3348, Loss: 0.1233
2025-10-09 18:19:31,674 [INFO] Época 4/30, Batch 1200/3348, Loss: 0.1101
2025-10-09 18:19:31,940 [INFO] Época 4/30, Batch 1250/3348, Loss: 0.0877
2025-10-09 18:19:32,202 [INFO] Época 4/30, Batch 1300/3348, Loss: 0.1225
2025-10-09 18:19:32,465 [INFO] Época 4/30, Batch 1350/3348, Loss: 0.0894
2025-10-09 18:19:32,730 [INFO] Época 4/30, Batch 1400/3348, Loss: 0.1238
2025-10-09 18:19:32,993 [INFO] Época 4/30, Batch 1450/3348, Loss: 0.1873
2025-10-09 18:19:33,257 [INFO] Época 4/30, Batch 1500/3348, Loss: 0.1398
2025-10-09 18:19:33,520 [INFO] Época 4/30, Batch 1550/3348, Loss: 0.1244
2025-10-09 18:19:33,786 [INFO] Época 4/30, Batch 1600/3348, Loss: 0.1172
2025-10-09 18:19:34,048 [INFO] Época 4/30, Batch 1650/3348, Loss: 0.1314
2025-10-09 18:19:34,313 [INFO] Época 4/30, Batch 1700/3348, Loss: 0.0958
2025-10-09 18:19:34,577 [INFO] Época 4/30, Batch 1750/3348, Loss: 0.1086
2025-10-09 18:19:34,839 [INFO] Época 4/30, Batch 1800/3348, Loss: 0.1079
2025-10-09 18:19:35,102 [INFO] Época 4/30, Batch 1850/3348, Loss: 0.0962
2025-10-09 18:19:35,365 [INFO] Época 4/30, Batch 1900/3348, Loss: 0.1154
2025-10-09 18:19:35,630 [INFO] Época 4/30, Batch 1950/3348, Loss: 0.1308
2025-10-09 18:19:35,896 [INFO] Época 4/30, Batch 2000/3348, Loss: 0.1237
2025-10-09 18:19:36,162 [INFO] Época 4/30, Batch 2050/3348, Loss: 0.0699
2025-10-09 18:19:36,430 [INFO] Época 4/30, Batch 2100/3348, Loss: 0.1351
2025-10-09 18:19:36,696 [INFO] Época 4/30, Batch 2150/3348, Loss: 0.0957
2025-10-09 18:19:36,969 [INFO] Época 4/30, Batch 2200/3348, Loss: 0.1195
2025-10-09 18:19:37,241 [INFO] Época 4/30, Batch 2250/3348, Loss: 0.0673
2025-10-09 18:19:37,512 [INFO] Época 4/30, Batch 2300/3348, Loss: 0.0771
2025-10-09 18:19:37,784 [INFO] Época 4/30, Batch 2350/3348, Loss: 0.1205
2025-10-09 18:19:38,053 [INFO] Época 4/30, Batch 2400/3348, Loss: 0.1270
2025-10-09 18:19:38,323 [INFO] Época 4/30, Batch 2450/3348, Loss: 0.1193
2025-10-09 18:19:38,585 [INFO] Época 4/30, Batch 2500/3348, Loss: 0.0953
2025-10-09 18:19:38,848 [INFO] Época 4/30, Batch 2550/3348, Loss: 0.0742
2025-10-09 18:19:39,113 [INFO] Época 4/30, Batch 2600/3348, Loss: 0.1349
2025-10-09 18:19:39,377 [INFO] Época 4/30, Batch 2650/3348, Loss: 0.3722
2025-10-09 18:19:39,639 [INFO] Época 4/30, Batch 2700/3348, Loss: 0.1096
2025-10-09 18:19:39,904 [INFO] Época 4/30, Batch 2750/3348, Loss: 0.0605
2025-10-09 18:19:40,170 [INFO] Época 4/30, Batch 2800/3348, Loss: 0.0764
2025-10-09 18:19:40,435 [INFO] Época 4/30, Batch 2850/3348, Loss: 0.0775
2025-10-09 18:19:40,701 [INFO] Época 4/30, Batch 2900/3348, Loss: 0.0696
2025-10-09 18:19:40,965 [INFO] Época 4/30, Batch 2950/3348, Loss: 0.1189
2025-10-09 18:19:41,229 [INFO] Época 4/30, Batch 3000/3348, Loss: 0.0593
2025-10-09 18:19:41,491 [INFO] Época 4/30, Batch 3050/3348, Loss: 0.1322
2025-10-09 18:19:41,755 [INFO] Época 4/30, Batch 3100/3348, Loss: 0.1161
2025-10-09 18:19:42,022 [INFO] Época 4/30, Batch 3150/3348, Loss: 0.0932
2025-10-09 18:19:42,286 [INFO] Época 4/30, Batch 3200/3348, Loss: 0.1033
2025-10-09 18:19:42,550 [INFO] Época 4/30, Batch 3250/3348, Loss: 0.1167
2025-10-09 18:19:42,813 [INFO] Época 4/30, Batch 3300/3348, Loss: 0.1425
2025-10-09 18:19:44,722 [INFO] [4/30] Train Loss: 0.1132 | Val Loss: 0.1271 | Tempo: 19.84s
2025-10-09 18:19:44,727 [INFO] Melhor modelo salvo em: /mnt/hdd/home/jdurao/ToolBox-ChemXAI/models/mlp_qm9_Morgan_att2_large.pth
2025-10-09 18:19:45,336 [INFO] Época 5/30, Batch 50/3348, Loss: 0.1054
2025-10-09 18:19:45,612 [INFO] Época 5/30, Batch 100/3348, Loss: 0.1476
2025-10-09 18:19:45,886 [INFO] Época 5/30, Batch 150/3348, Loss: 0.1041
2025-10-09 18:19:46,159 [INFO] Época 5/30, Batch 200/3348, Loss: 0.0981
2025-10-09 18:19:46,429 [INFO] Época 5/30, Batch 250/3348, Loss: 0.1124
2025-10-09 18:19:46,700 [INFO] Época 5/30, Batch 300/3348, Loss: 0.0899
2025-10-09 18:19:46,971 [INFO] Época 5/30, Batch 350/3348, Loss: 0.1007
2025-10-09 18:19:47,243 [INFO] Época 5/30, Batch 400/3348, Loss: 0.0965
2025-10-09 18:19:47,513 [INFO] Época 5/30, Batch 450/3348, Loss: 0.0829
2025-10-09 18:19:47,785 [INFO] Época 5/30, Batch 500/3348, Loss: 0.1092
2025-10-09 18:19:48,057 [INFO] Época 5/30, Batch 550/3348, Loss: 0.0868
2025-10-09 18:19:48,331 [INFO] Época 5/30, Batch 600/3348, Loss: 0.1146
2025-10-09 18:19:48,599 [INFO] Época 5/30, Batch 650/3348, Loss: 0.0945
2025-10-09 18:19:48,853 [INFO] Época 5/30, Batch 700/3348, Loss: 0.1045
2025-10-09 18:19:49,109 [INFO] Época 5/30, Batch 750/3348, Loss: 0.1096
2025-10-09 18:19:49,369 [INFO] Época 5/30, Batch 800/3348, Loss: 0.0913
2025-10-09 18:19:49,632 [INFO] Época 5/30, Batch 850/3348, Loss: 0.0818
2025-10-09 18:19:49,894 [INFO] Época 5/30, Batch 900/3348, Loss: 0.0660
2025-10-09 18:19:50,157 [INFO] Época 5/30, Batch 950/3348, Loss: 0.1129
2025-10-09 18:19:50,419 [INFO] Época 5/30, Batch 1000/3348, Loss: 0.1025
2025-10-09 18:19:50,680 [INFO] Época 5/30, Batch 1050/3348, Loss: 0.1076
2025-10-09 18:19:50,943 [INFO] Época 5/30, Batch 1100/3348, Loss: 0.0971
2025-10-09 18:19:51,205 [INFO] Época 5/30, Batch 1150/3348, Loss: 0.1165
2025-10-09 18:19:51,467 [INFO] Época 5/30, Batch 1200/3348, Loss: 0.0967
2025-10-09 18:19:51,731 [INFO] Época 5/30, Batch 1250/3348, Loss: 0.0894
2025-10-09 18:19:51,993 [INFO] Época 5/30, Batch 1300/3348, Loss: 0.0997
2025-10-09 18:19:52,256 [INFO] Época 5/30, Batch 1350/3348, Loss: 0.0878
2025-10-09 18:19:52,520 [INFO] Época 5/30, Batch 1400/3348, Loss: 0.1449
2025-10-09 18:19:52,792 [INFO] Época 5/30, Batch 1450/3348, Loss: 0.1194
2025-10-09 18:19:53,064 [INFO] Época 5/30, Batch 1500/3348, Loss: 0.1013
2025-10-09 18:19:53,336 [INFO] Época 5/30, Batch 1550/3348, Loss: 0.0809
2025-10-09 18:19:53,609 [INFO] Época 5/30, Batch 1600/3348, Loss: 0.1215
2025-10-09 18:19:53,882 [INFO] Época 5/30, Batch 1650/3348, Loss: 0.0895
2025-10-09 18:19:54,154 [INFO] Época 5/30, Batch 1700/3348, Loss: 0.0945
2025-10-09 18:19:54,426 [INFO] Época 5/30, Batch 1750/3348, Loss: 0.1691
2025-10-09 18:19:54,698 [INFO] Época 5/30, Batch 1800/3348, Loss: 0.0733
2025-10-09 18:19:54,972 [INFO] Época 5/30, Batch 1850/3348, Loss: 0.1143
2025-10-09 18:19:55,244 [INFO] Época 5/30, Batch 1900/3348, Loss: 0.1023
2025-10-09 18:19:55,516 [INFO] Época 5/30, Batch 1950/3348, Loss: 0.1326
2025-10-09 18:19:55,783 [INFO] Época 5/30, Batch 2000/3348, Loss: 0.1501
2025-10-09 18:19:56,056 [INFO] Época 5/30, Batch 2050/3348, Loss: 0.0880
2025-10-09 18:19:56,329 [INFO] Época 5/30, Batch 2100/3348, Loss: 0.1160
2025-10-09 18:19:56,603 [INFO] Época 5/30, Batch 2150/3348, Loss: 0.1272
2025-10-09 18:19:56,875 [INFO] Época 5/30, Batch 2200/3348, Loss: 0.0860
2025-10-09 18:19:57,147 [INFO] Época 5/30, Batch 2250/3348, Loss: 0.0785
2025-10-09 18:19:57,420 [INFO] Época 5/30, Batch 2300/3348, Loss: 0.1016
2025-10-09 18:19:57,692 [INFO] Época 5/30, Batch 2350/3348, Loss: 0.0819
2025-10-09 18:19:57,964 [INFO] Época 5/30, Batch 2400/3348, Loss: 0.0990
2025-10-09 18:19:58,236 [INFO] Época 5/30, Batch 2450/3348, Loss: 0.0591
2025-10-09 18:19:58,507 [INFO] Época 5/30, Batch 2500/3348, Loss: 0.0806
2025-10-09 18:19:58,780 [INFO] Época 5/30, Batch 2550/3348, Loss: 0.1026
2025-10-09 18:19:59,051 [INFO] Época 5/30, Batch 2600/3348, Loss: 0.0984
2025-10-09 18:19:59,324 [INFO] Época 5/30, Batch 2650/3348, Loss: 0.0953
2025-10-09 18:19:59,591 [INFO] Época 5/30, Batch 2700/3348, Loss: 0.1188
2025-10-09 18:19:59,863 [INFO] Época 5/30, Batch 2750/3348, Loss: 0.0873
2025-10-09 18:20:00,136 [INFO] Época 5/30, Batch 2800/3348, Loss: 0.0779
2025-10-09 18:20:00,409 [INFO] Época 5/30, Batch 2850/3348, Loss: 0.1184
2025-10-09 18:20:00,680 [INFO] Época 5/30, Batch 2900/3348, Loss: 0.0775
2025-10-09 18:20:00,943 [INFO] Época 5/30, Batch 2950/3348, Loss: 0.1076
2025-10-09 18:20:01,212 [INFO] Época 5/30, Batch 3000/3348, Loss: 0.0958
2025-10-09 18:20:01,478 [INFO] Época 5/30, Batch 3050/3348, Loss: 0.1016
2025-10-09 18:20:01,741 [INFO] Época 5/30, Batch 3100/3348, Loss: 0.0764
2025-10-09 18:20:02,006 [INFO] Época 5/30, Batch 3150/3348, Loss: 0.1154
2025-10-09 18:20:02,267 [INFO] Época 5/30, Batch 3200/3348, Loss: 0.1020
2025-10-09 18:20:02,530 [INFO] Época 5/30, Batch 3250/3348, Loss: 0.1147
2025-10-09 18:20:02,791 [INFO] Época 5/30, Batch 3300/3348, Loss: 0.1011
2025-10-09 18:20:04,637 [INFO] [5/30] Train Loss: 0.1077 | Val Loss: 0.1396 | Tempo: 19.91s
2025-10-09 18:20:05,241 [INFO] Época 6/30, Batch 50/3348, Loss: 0.1054
2025-10-09 18:20:05,513 [INFO] Época 6/30, Batch 100/3348, Loss: 0.0949
2025-10-09 18:20:05,784 [INFO] Época 6/30, Batch 150/3348, Loss: 0.0974
2025-10-09 18:20:06,049 [INFO] Época 6/30, Batch 200/3348, Loss: 0.0861
2025-10-09 18:20:06,318 [INFO] Época 6/30, Batch 250/3348, Loss: 0.0853
2025-10-09 18:20:06,586 [INFO] Época 6/30, Batch 300/3348, Loss: 0.1018
2025-10-09 18:20:06,851 [INFO] Época 6/30, Batch 350/3348, Loss: 0.0995
2025-10-09 18:20:07,118 [INFO] Época 6/30, Batch 400/3348, Loss: 0.1032
2025-10-09 18:20:07,385 [INFO] Época 6/30, Batch 450/3348, Loss: 0.0892
2025-10-09 18:20:07,652 [INFO] Época 6/30, Batch 500/3348, Loss: 0.1052
2025-10-09 18:20:07,917 [INFO] Época 6/30, Batch 550/3348, Loss: 0.0972
2025-10-09 18:20:08,184 [INFO] Época 6/30, Batch 600/3348, Loss: 0.0961
2025-10-09 18:20:08,449 [INFO] Época 6/30, Batch 650/3348, Loss: 0.1130
2025-10-09 18:20:08,712 [INFO] Época 6/30, Batch 700/3348, Loss: 0.0612
2025-10-09 18:20:08,974 [INFO] Época 6/30, Batch 750/3348, Loss: 0.1123
2025-10-09 18:20:09,238 [INFO] Época 6/30, Batch 800/3348, Loss: 0.0717
2025-10-09 18:20:09,501 [INFO] Época 6/30, Batch 850/3348, Loss: 0.1477
2025-10-09 18:20:09,764 [INFO] Época 6/30, Batch 900/3348, Loss: 0.1016
2025-10-09 18:20:10,027 [INFO] Época 6/30, Batch 950/3348, Loss: 0.0817
2025-10-09 18:20:10,290 [INFO] Época 6/30, Batch 1000/3348, Loss: 0.1239
2025-10-09 18:20:10,551 [INFO] Época 6/30, Batch 1050/3348, Loss: 0.0712
2025-10-09 18:20:10,816 [INFO] Época 6/30, Batch 1100/3348, Loss: 0.0978
2025-10-09 18:20:11,079 [INFO] Época 6/30, Batch 1150/3348, Loss: 0.0780
2025-10-09 18:20:11,343 [INFO] Época 6/30, Batch 1200/3348, Loss: 0.1572
2025-10-09 18:20:11,605 [INFO] Época 6/30, Batch 1250/3348, Loss: 0.0969
2025-10-09 18:20:11,869 [INFO] Época 6/30, Batch 1300/3348, Loss: 0.1542
2025-10-09 18:20:12,134 [INFO] Época 6/30, Batch 1350/3348, Loss: 0.0812
2025-10-09 18:20:12,399 [INFO] Época 6/30, Batch 1400/3348, Loss: 0.1089
2025-10-09 18:20:12,660 [INFO] Época 6/30, Batch 1450/3348, Loss: 0.0728
2025-10-09 18:20:12,923 [INFO] Época 6/30, Batch 1500/3348, Loss: 0.0983
2025-10-09 18:20:13,186 [INFO] Época 6/30, Batch 1550/3348, Loss: 0.0762
2025-10-09 18:20:13,448 [INFO] Época 6/30, Batch 1600/3348, Loss: 0.0828
2025-10-09 18:20:13,711 [INFO] Época 6/30, Batch 1650/3348, Loss: 0.1194
2025-10-09 18:20:13,974 [INFO] Época 6/30, Batch 1700/3348, Loss: 0.1136
2025-10-09 18:20:14,239 [INFO] Época 6/30, Batch 1750/3348, Loss: 0.1032
2025-10-09 18:20:14,502 [INFO] Época 6/30, Batch 1800/3348, Loss: 0.1020
2025-10-09 18:20:14,765 [INFO] Época 6/30, Batch 1850/3348, Loss: 0.0997
2025-10-09 18:20:15,029 [INFO] Época 6/30, Batch 1900/3348, Loss: 0.1149
2025-10-09 18:20:15,293 [INFO] Época 6/30, Batch 1950/3348, Loss: 0.0802
2025-10-09 18:20:15,555 [INFO] Época 6/30, Batch 2000/3348, Loss: 0.1003
2025-10-09 18:20:15,818 [INFO] Época 6/30, Batch 2050/3348, Loss: 0.0957
2025-10-09 18:20:16,083 [INFO] Época 6/30, Batch 2100/3348, Loss: 0.0827
2025-10-09 18:20:16,348 [INFO] Época 6/30, Batch 2150/3348, Loss: 0.1055
2025-10-09 18:20:16,613 [INFO] Época 6/30, Batch 2200/3348, Loss: 0.1671
2025-10-09 18:20:16,877 [INFO] Época 6/30, Batch 2250/3348, Loss: 0.0923
2025-10-09 18:20:17,140 [INFO] Época 6/30, Batch 2300/3348, Loss: 0.0694
2025-10-09 18:20:17,404 [INFO] Época 6/30, Batch 2350/3348, Loss: 0.1127
2025-10-09 18:20:17,668 [INFO] Época 6/30, Batch 2400/3348, Loss: 0.1021
2025-10-09 18:20:17,931 [INFO] Época 6/30, Batch 2450/3348, Loss: 0.0799
2025-10-09 18:20:18,196 [INFO] Época 6/30, Batch 2500/3348, Loss: 0.1087
2025-10-09 18:20:18,460 [INFO] Época 6/30, Batch 2550/3348, Loss: 0.0791
2025-10-09 18:20:18,726 [INFO] Época 6/30, Batch 2600/3348, Loss: 0.1024
2025-10-09 18:20:18,990 [INFO] Época 6/30, Batch 2650/3348, Loss: 0.0673
2025-10-09 18:20:19,254 [INFO] Época 6/30, Batch 2700/3348, Loss: 0.1008
2025-10-09 18:20:19,518 [INFO] Época 6/30, Batch 2750/3348, Loss: 0.0835
2025-10-09 18:20:19,785 [INFO] Época 6/30, Batch 2800/3348, Loss: 0.1009
2025-10-09 18:20:20,054 [INFO] Época 6/30, Batch 2850/3348, Loss: 0.1122
2025-10-09 18:20:20,326 [INFO] Época 6/30, Batch 2900/3348, Loss: 0.1174
2025-10-09 18:20:20,599 [INFO] Época 6/30, Batch 2950/3348, Loss: 0.1282
2025-10-09 18:20:20,870 [INFO] Época 6/30, Batch 3000/3348, Loss: 0.0845
2025-10-09 18:20:21,141 [INFO] Época 6/30, Batch 3050/3348, Loss: 0.1029
2025-10-09 18:20:21,413 [INFO] Época 6/30, Batch 3100/3348, Loss: 0.0712
2025-10-09 18:20:21,686 [INFO] Época 6/30, Batch 3150/3348, Loss: 0.1272
2025-10-09 18:20:21,958 [INFO] Época 6/30, Batch 3200/3348, Loss: 0.1033
2025-10-09 18:20:22,230 [INFO] Época 6/30, Batch 3250/3348, Loss: 0.0800
2025-10-09 18:20:22,503 [INFO] Época 6/30, Batch 3300/3348, Loss: 0.0957
2025-10-09 18:20:24,401 [INFO] [6/30] Train Loss: 0.1028 | Val Loss: 0.1337 | Tempo: 19.76s
2025-10-09 18:20:25,006 [INFO] Época 7/30, Batch 50/3348, Loss: 0.0996
2025-10-09 18:20:25,274 [INFO] Época 7/30, Batch 100/3348, Loss: 0.1152
2025-10-09 18:20:25,541 [INFO] Época 7/30, Batch 150/3348, Loss: 0.0682
2025-10-09 18:20:25,807 [INFO] Época 7/30, Batch 200/3348, Loss: 0.1068
2025-10-09 18:20:26,072 [INFO] Época 7/30, Batch 250/3348, Loss: 0.0775
2025-10-09 18:20:26,335 [INFO] Época 7/30, Batch 300/3348, Loss: 0.0818
2025-10-09 18:20:26,598 [INFO] Época 7/30, Batch 350/3348, Loss: 0.1027
2025-10-09 18:20:26,865 [INFO] Época 7/30, Batch 400/3348, Loss: 0.0749
2025-10-09 18:20:27,129 [INFO] Época 7/30, Batch 450/3348, Loss: 0.0645
2025-10-09 18:20:27,392 [INFO] Época 7/30, Batch 500/3348, Loss: 0.0763
2025-10-09 18:20:27,655 [INFO] Época 7/30, Batch 550/3348, Loss: 0.1237
2025-10-09 18:20:27,919 [INFO] Época 7/30, Batch 600/3348, Loss: 0.0876
2025-10-09 18:20:28,183 [INFO] Época 7/30, Batch 650/3348, Loss: 0.0852
2025-10-09 18:20:28,447 [INFO] Época 7/30, Batch 700/3348, Loss: 0.0799
2025-10-09 18:20:28,710 [INFO] Época 7/30, Batch 750/3348, Loss: 0.1035
2025-10-09 18:20:28,973 [INFO] Época 7/30, Batch 800/3348, Loss: 0.0722
2025-10-09 18:20:29,234 [INFO] Época 7/30, Batch 850/3348, Loss: 0.1147
2025-10-09 18:20:29,496 [INFO] Época 7/30, Batch 900/3348, Loss: 0.0690
2025-10-09 18:20:29,751 [INFO] Época 7/30, Batch 950/3348, Loss: 0.0858
2025-10-09 18:20:30,005 [INFO] Época 7/30, Batch 1000/3348, Loss: 0.1392
2025-10-09 18:20:30,259 [INFO] Época 7/30, Batch 1050/3348, Loss: 0.0868
2025-10-09 18:20:30,512 [INFO] Época 7/30, Batch 1100/3348, Loss: 0.0962
2025-10-09 18:20:30,767 [INFO] Época 7/30, Batch 1150/3348, Loss: 0.1071
2025-10-09 18:20:31,022 [INFO] Época 7/30, Batch 1200/3348, Loss: 0.0972
2025-10-09 18:20:31,275 [INFO] Época 7/30, Batch 1250/3348, Loss: 0.0788
2025-10-09 18:20:31,530 [INFO] Época 7/30, Batch 1300/3348, Loss: 0.1384
2025-10-09 18:20:31,792 [INFO] Época 7/30, Batch 1350/3348, Loss: 0.0764
2025-10-09 18:20:32,055 [INFO] Época 7/30, Batch 1400/3348, Loss: 0.0908
2025-10-09 18:20:32,319 [INFO] Época 7/30, Batch 1450/3348, Loss: 0.0759
2025-10-09 18:20:32,582 [INFO] Época 7/30, Batch 1500/3348, Loss: 0.0821
2025-10-09 18:20:32,846 [INFO] Época 7/30, Batch 1550/3348, Loss: 0.0753
2025-10-09 18:20:33,108 [INFO] Época 7/30, Batch 1600/3348, Loss: 0.0595
2025-10-09 18:20:33,374 [INFO] Época 7/30, Batch 1650/3348, Loss: 0.1053
2025-10-09 18:20:33,641 [INFO] Época 7/30, Batch 1700/3348, Loss: 0.0871
2025-10-09 18:20:33,907 [INFO] Época 7/30, Batch 1750/3348, Loss: 0.1037
2025-10-09 18:20:34,172 [INFO] Época 7/30, Batch 1800/3348, Loss: 0.1121
2025-10-09 18:20:34,438 [INFO] Época 7/30, Batch 1850/3348, Loss: 0.0897
2025-10-09 18:20:34,704 [INFO] Época 7/30, Batch 1900/3348, Loss: 0.0790
2025-10-09 18:20:34,968 [INFO] Época 7/30, Batch 1950/3348, Loss: 0.0666
2025-10-09 18:20:35,237 [INFO] Época 7/30, Batch 2000/3348, Loss: 0.0994
2025-10-09 18:20:35,501 [INFO] Época 7/30, Batch 2050/3348, Loss: 0.1070
2025-10-09 18:20:35,764 [INFO] Época 7/30, Batch 2100/3348, Loss: 0.0811
2025-10-09 18:20:36,027 [INFO] Época 7/30, Batch 2150/3348, Loss: 0.0952
2025-10-09 18:20:36,290 [INFO] Época 7/30, Batch 2200/3348, Loss: 0.0766
2025-10-09 18:20:36,554 [INFO] Época 7/30, Batch 2250/3348, Loss: 0.0944
2025-10-09 18:20:36,819 [INFO] Época 7/30, Batch 2300/3348, Loss: 0.0993
2025-10-09 18:20:37,087 [INFO] Época 7/30, Batch 2350/3348, Loss: 0.0616
2025-10-09 18:20:37,356 [INFO] Época 7/30, Batch 2400/3348, Loss: 0.0766
2025-10-09 18:20:37,622 [INFO] Época 7/30, Batch 2450/3348, Loss: 0.0783
2025-10-09 18:20:37,886 [INFO] Época 7/30, Batch 2500/3348, Loss: 0.1256
2025-10-09 18:20:38,151 [INFO] Época 7/30, Batch 2550/3348, Loss: 0.0984
2025-10-09 18:20:38,417 [INFO] Época 7/30, Batch 2600/3348, Loss: 0.1266
2025-10-09 18:20:38,679 [INFO] Época 7/30, Batch 2650/3348, Loss: 0.0844
2025-10-09 18:20:38,942 [INFO] Época 7/30, Batch 2700/3348, Loss: 0.0800
2025-10-09 18:20:39,210 [INFO] Época 7/30, Batch 2750/3348, Loss: 0.0599
2025-10-09 18:20:39,472 [INFO] Época 7/30, Batch 2800/3348, Loss: 0.0606
2025-10-09 18:20:39,736 [INFO] Época 7/30, Batch 2850/3348, Loss: 0.0676
2025-10-09 18:20:39,997 [INFO] Época 7/30, Batch 2900/3348, Loss: 0.0799
2025-10-09 18:20:40,258 [INFO] Época 7/30, Batch 2950/3348, Loss: 0.1038
2025-10-09 18:20:40,521 [INFO] Época 7/30, Batch 3000/3348, Loss: 0.0742
2025-10-09 18:20:40,780 [INFO] Época 7/30, Batch 3050/3348, Loss: 0.1086
2025-10-09 18:20:41,044 [INFO] Época 7/30, Batch 3100/3348, Loss: 0.0832
2025-10-09 18:20:41,306 [INFO] Época 7/30, Batch 3150/3348, Loss: 0.0900
2025-10-09 18:20:41,568 [INFO] Época 7/30, Batch 3200/3348, Loss: 0.0932
2025-10-09 18:20:41,831 [INFO] Época 7/30, Batch 3250/3348, Loss: 0.0573
2025-10-09 18:20:42,092 [INFO] Época 7/30, Batch 3300/3348, Loss: 0.0855
2025-10-09 18:20:43,959 [INFO] [7/30] Train Loss: 0.0990 | Val Loss: 0.1352 | Tempo: 19.56s
2025-10-09 18:20:44,550 [INFO] Época 8/30, Batch 50/3348, Loss: 0.1098
2025-10-09 18:20:44,821 [INFO] Época 8/30, Batch 100/3348, Loss: 0.0721
2025-10-09 18:20:45,088 [INFO] Época 8/30, Batch 150/3348, Loss: 0.0594
2025-10-09 18:20:45,355 [INFO] Época 8/30, Batch 200/3348, Loss: 0.0799
2025-10-09 18:20:45,621 [INFO] Época 8/30, Batch 250/3348, Loss: 0.1028
2025-10-09 18:20:45,885 [INFO] Época 8/30, Batch 300/3348, Loss: 0.1091
2025-10-09 18:20:46,149 [INFO] Época 8/30, Batch 350/3348, Loss: 0.0902
2025-10-09 18:20:46,413 [INFO] Época 8/30, Batch 400/3348, Loss: 0.0656
2025-10-09 18:20:46,677 [INFO] Época 8/30, Batch 450/3348, Loss: 0.0941
2025-10-09 18:20:46,941 [INFO] Época 8/30, Batch 500/3348, Loss: 0.0815
2025-10-09 18:20:47,202 [INFO] Época 8/30, Batch 550/3348, Loss: 0.0859
2025-10-09 18:20:47,466 [INFO] Época 8/30, Batch 600/3348, Loss: 0.0617
2025-10-09 18:20:47,728 [INFO] Época 8/30, Batch 650/3348, Loss: 0.1137
2025-10-09 18:20:47,994 [INFO] Época 8/30, Batch 700/3348, Loss: 0.0713
2025-10-09 18:20:48,260 [INFO] Época 8/30, Batch 750/3348, Loss: 0.0543
2025-10-09 18:20:48,525 [INFO] Época 8/30, Batch 800/3348, Loss: 0.0636
2025-10-09 18:20:48,790 [INFO] Época 8/30, Batch 850/3348, Loss: 0.0639
2025-10-09 18:20:49,054 [INFO] Época 8/30, Batch 900/3348, Loss: 0.0755
2025-10-09 18:20:49,315 [INFO] Época 8/30, Batch 950/3348, Loss: 0.0783
2025-10-09 18:20:49,584 [INFO] Época 8/30, Batch 1000/3348, Loss: 0.1077
2025-10-09 18:20:49,872 [INFO] Época 8/30, Batch 1050/3348, Loss: 0.0851
2025-10-09 18:20:50,153 [INFO] Época 8/30, Batch 1100/3348, Loss: 0.1009
2025-10-09 18:20:50,426 [INFO] Época 8/30, Batch 1150/3348, Loss: 0.1292
2025-10-09 18:20:50,688 [INFO] Época 8/30, Batch 1200/3348, Loss: 0.0848
2025-10-09 18:20:50,951 [INFO] Época 8/30, Batch 1250/3348, Loss: 0.0990
2025-10-09 18:20:51,213 [INFO] Época 8/30, Batch 1300/3348, Loss: 0.0702
2025-10-09 18:20:51,475 [INFO] Época 8/30, Batch 1350/3348, Loss: 0.0719
2025-10-09 18:20:51,741 [INFO] Época 8/30, Batch 1400/3348, Loss: 0.0692
2025-10-09 18:20:52,005 [INFO] Época 8/30, Batch 1450/3348, Loss: 0.0753
2025-10-09 18:20:52,266 [INFO] Época 8/30, Batch 1500/3348, Loss: 0.1032
2025-10-09 18:20:52,528 [INFO] Época 8/30, Batch 1550/3348, Loss: 0.0974
2025-10-09 18:20:52,792 [INFO] Época 8/30, Batch 1600/3348, Loss: 0.0665
2025-10-09 18:20:53,053 [INFO] Época 8/30, Batch 1650/3348, Loss: 0.1059
2025-10-09 18:20:53,318 [INFO] Época 8/30, Batch 1700/3348, Loss: 0.0968
2025-10-09 18:20:53,580 [INFO] Época 8/30, Batch 1750/3348, Loss: 0.0908
2025-10-09 18:20:53,846 [INFO] Época 8/30, Batch 1800/3348, Loss: 0.0780
2025-10-09 18:20:54,110 [INFO] Época 8/30, Batch 1850/3348, Loss: 0.0814
2025-10-09 18:20:54,378 [INFO] Época 8/30, Batch 1900/3348, Loss: 0.1002
2025-10-09 18:20:54,641 [INFO] Época 8/30, Batch 1950/3348, Loss: 0.1034
2025-10-09 18:20:54,911 [INFO] Época 8/30, Batch 2000/3348, Loss: 0.1087
2025-10-09 18:20:55,181 [INFO] Época 8/30, Batch 2050/3348, Loss: 0.0902
2025-10-09 18:20:55,449 [INFO] Época 8/30, Batch 2100/3348, Loss: 0.0515
2025-10-09 18:20:55,719 [INFO] Época 8/30, Batch 2150/3348, Loss: 0.0872
2025-10-09 18:20:56,000 [INFO] Época 8/30, Batch 2200/3348, Loss: 0.0525
2025-10-09 18:20:56,282 [INFO] Época 8/30, Batch 2250/3348, Loss: 0.0586
2025-10-09 18:20:56,561 [INFO] Época 8/30, Batch 2300/3348, Loss: 0.0859
2025-10-09 18:20:56,842 [INFO] Época 8/30, Batch 2350/3348, Loss: 0.1003
2025-10-09 18:20:57,112 [INFO] Época 8/30, Batch 2400/3348, Loss: 0.1094
2025-10-09 18:20:57,381 [INFO] Época 8/30, Batch 2450/3348, Loss: 0.0952
2025-10-09 18:20:57,652 [INFO] Época 8/30, Batch 2500/3348, Loss: 0.1250
2025-10-09 18:20:57,921 [INFO] Época 8/30, Batch 2550/3348, Loss: 0.0877
2025-10-09 18:20:58,188 [INFO] Época 8/30, Batch 2600/3348, Loss: 0.0823
2025-10-09 18:20:58,456 [INFO] Época 8/30, Batch 2650/3348, Loss: 0.1313
2025-10-09 18:20:58,727 [INFO] Época 8/30, Batch 2700/3348, Loss: 0.0772
2025-10-09 18:20:58,999 [INFO] Época 8/30, Batch 2750/3348, Loss: 0.0756
2025-10-09 18:20:59,271 [INFO] Época 8/30, Batch 2800/3348, Loss: 0.0862
2025-10-09 18:20:59,543 [INFO] Época 8/30, Batch 2850/3348, Loss: 0.0870
2025-10-09 18:20:59,812 [INFO] Época 8/30, Batch 2900/3348, Loss: 0.0878
2025-10-09 18:21:00,082 [INFO] Época 8/30, Batch 2950/3348, Loss: 0.0546
2025-10-09 18:21:00,352 [INFO] Época 8/30, Batch 3000/3348, Loss: 0.0879
2025-10-09 18:21:00,619 [INFO] Época 8/30, Batch 3050/3348, Loss: 0.0652
2025-10-09 18:21:00,889 [INFO] Época 8/30, Batch 3100/3348, Loss: 0.0813
2025-10-09 18:21:01,157 [INFO] Época 8/30, Batch 3150/3348, Loss: 0.0991
2025-10-09 18:21:01,426 [INFO] Época 8/30, Batch 3200/3348, Loss: 0.1338
2025-10-09 18:21:01,695 [INFO] Época 8/30, Batch 3250/3348, Loss: 0.0698
2025-10-09 18:21:01,964 [INFO] Época 8/30, Batch 3300/3348, Loss: 0.0810
2025-10-09 18:21:03,792 [INFO] [8/30] Train Loss: 0.0955 | Val Loss: 0.1296 | Tempo: 19.83s
2025-10-09 18:21:04,412 [INFO] Época 9/30, Batch 50/3348, Loss: 0.0913
2025-10-09 18:21:04,696 [INFO] Época 9/30, Batch 100/3348, Loss: 0.1101
2025-10-09 18:21:04,973 [INFO] Época 9/30, Batch 150/3348, Loss: 0.1592
2025-10-09 18:21:05,250 [INFO] Época 9/30, Batch 200/3348, Loss: 0.0607
2025-10-09 18:21:05,527 [INFO] Época 9/30, Batch 250/3348, Loss: 0.0641
2025-10-09 18:21:05,803 [INFO] Época 9/30, Batch 300/3348, Loss: 0.0811
2025-10-09 18:21:06,079 [INFO] Época 9/30, Batch 350/3348, Loss: 0.0850
2025-10-09 18:21:06,357 [INFO] Época 9/30, Batch 400/3348, Loss: 0.0869
2025-10-09 18:21:06,631 [INFO] Época 9/30, Batch 450/3348, Loss: 0.0703
2025-10-09 18:21:06,909 [INFO] Época 9/30, Batch 500/3348, Loss: 0.1019
2025-10-09 18:21:07,184 [INFO] Época 9/30, Batch 550/3348, Loss: 0.0986
2025-10-09 18:21:07,462 [INFO] Época 9/30, Batch 600/3348, Loss: 0.0806
2025-10-09 18:21:07,737 [INFO] Época 9/30, Batch 650/3348, Loss: 0.1488
2025-10-09 18:21:08,012 [INFO] Época 9/30, Batch 700/3348, Loss: 0.0859
2025-10-09 18:21:08,287 [INFO] Época 9/30, Batch 750/3348, Loss: 0.0817
2025-10-09 18:21:08,555 [INFO] Época 9/30, Batch 800/3348, Loss: 0.0654
2025-10-09 18:21:08,818 [INFO] Época 9/30, Batch 850/3348, Loss: 0.0883
2025-10-09 18:21:09,092 [INFO] Época 9/30, Batch 900/3348, Loss: 0.0892
2025-10-09 18:21:09,360 [INFO] Época 9/30, Batch 950/3348, Loss: 0.0858
2025-10-09 18:21:09,622 [INFO] Época 9/30, Batch 1000/3348, Loss: 0.0980
2025-10-09 18:21:09,884 [INFO] Época 9/30, Batch 1050/3348, Loss: 0.0889
2025-10-09 18:21:10,138 [INFO] Época 9/30, Batch 1100/3348, Loss: 0.0828
2025-10-09 18:21:10,391 [INFO] Época 9/30, Batch 1150/3348, Loss: 0.0879
2025-10-09 18:21:10,654 [INFO] Época 9/30, Batch 1200/3348, Loss: 0.0805
2025-10-09 18:21:10,917 [INFO] Época 9/30, Batch 1250/3348, Loss: 0.0889
2025-10-09 18:21:11,178 [INFO] Época 9/30, Batch 1300/3348, Loss: 0.0913
2025-10-09 18:21:11,440 [INFO] Época 9/30, Batch 1350/3348, Loss: 0.0966
2025-10-09 18:21:11,702 [INFO] Época 9/30, Batch 1400/3348, Loss: 0.0915
2025-10-09 18:21:11,961 [INFO] Época 9/30, Batch 1450/3348, Loss: 0.0986
2025-10-09 18:21:12,228 [INFO] Época 9/30, Batch 1500/3348, Loss: 0.0819
2025-10-09 18:21:12,490 [INFO] Época 9/30, Batch 1550/3348, Loss: 0.0799
2025-10-09 18:21:12,753 [INFO] Época 9/30, Batch 1600/3348, Loss: 0.0632
2025-10-09 18:21:13,016 [INFO] Época 9/30, Batch 1650/3348, Loss: 0.1084
2025-10-09 18:21:13,281 [INFO] Época 9/30, Batch 1700/3348, Loss: 0.1040
2025-10-09 18:21:13,544 [INFO] Época 9/30, Batch 1750/3348, Loss: 0.0808
2025-10-09 18:21:13,807 [INFO] Época 9/30, Batch 1800/3348, Loss: 0.1002
2025-10-09 18:21:14,068 [INFO] Época 9/30, Batch 1850/3348, Loss: 0.1036
2025-10-09 18:21:14,328 [INFO] Época 9/30, Batch 1900/3348, Loss: 0.1183
2025-10-09 18:21:14,592 [INFO] Época 9/30, Batch 1950/3348, Loss: 0.1034
2025-10-09 18:21:14,862 [INFO] Época 9/30, Batch 2000/3348, Loss: 0.0786
2025-10-09 18:21:15,134 [INFO] Época 9/30, Batch 2050/3348, Loss: 0.0648
2025-10-09 18:21:15,406 [INFO] Época 9/30, Batch 2100/3348, Loss: 0.0955
2025-10-09 18:21:15,678 [INFO] Época 9/30, Batch 2150/3348, Loss: 0.0828
2025-10-09 18:21:15,940 [INFO] Época 9/30, Batch 2200/3348, Loss: 0.0926
2025-10-09 18:21:16,202 [INFO] Época 9/30, Batch 2250/3348, Loss: 0.0946
2025-10-09 18:21:16,466 [INFO] Época 9/30, Batch 2300/3348, Loss: 0.0882
2025-10-09 18:21:16,728 [INFO] Época 9/30, Batch 2350/3348, Loss: 0.0558
2025-10-09 18:21:16,991 [INFO] Época 9/30, Batch 2400/3348, Loss: 0.0851
2025-10-09 18:21:17,254 [INFO] Época 9/30, Batch 2450/3348, Loss: 0.0751
2025-10-09 18:21:17,516 [INFO] Época 9/30, Batch 2500/3348, Loss: 0.0781
2025-10-09 18:21:17,789 [INFO] Época 9/30, Batch 2550/3348, Loss: 0.1007
2025-10-09 18:21:18,060 [INFO] Época 9/30, Batch 2600/3348, Loss: 0.0987
2025-10-09 18:21:18,332 [INFO] Época 9/30, Batch 2650/3348, Loss: 0.0952
2025-10-09 18:21:18,604 [INFO] Época 9/30, Batch 2700/3348, Loss: 0.0705
2025-10-09 18:21:18,878 [INFO] Época 9/30, Batch 2750/3348, Loss: 0.0797
2025-10-09 18:21:19,151 [INFO] Época 9/30, Batch 2800/3348, Loss: 0.0966
2025-10-09 18:21:19,422 [INFO] Época 9/30, Batch 2850/3348, Loss: 0.0879
2025-10-09 18:21:19,685 [INFO] Época 9/30, Batch 2900/3348, Loss: 0.0887
2025-10-09 18:21:19,946 [INFO] Época 9/30, Batch 2950/3348, Loss: 0.0662
2025-10-09 18:21:20,206 [INFO] Época 9/30, Batch 3000/3348, Loss: 0.1088
2025-10-09 18:21:20,467 [INFO] Época 9/30, Batch 3050/3348, Loss: 0.0786
2025-10-09 18:21:20,728 [INFO] Época 9/30, Batch 3100/3348, Loss: 0.0694
2025-10-09 18:21:20,989 [INFO] Época 9/30, Batch 3150/3348, Loss: 0.0716
2025-10-09 18:21:21,249 [INFO] Época 9/30, Batch 3200/3348, Loss: 0.0702
2025-10-09 18:21:21,512 [INFO] Época 9/30, Batch 3250/3348, Loss: 0.0921
2025-10-09 18:21:21,776 [INFO] Época 9/30, Batch 3300/3348, Loss: 0.1084
2025-10-09 18:21:23,719 [INFO] [9/30] Train Loss: 0.0926 | Val Loss: 0.1323 | Tempo: 19.93s
2025-10-09 18:21:24,308 [INFO] Época 10/30, Batch 50/3348, Loss: 0.0957
2025-10-09 18:21:24,582 [INFO] Época 10/30, Batch 100/3348, Loss: 0.0710
2025-10-09 18:21:24,859 [INFO] Época 10/30, Batch 150/3348, Loss: 0.0717
2025-10-09 18:21:25,132 [INFO] Época 10/30, Batch 200/3348, Loss: 0.0765
2025-10-09 18:21:25,404 [INFO] Época 10/30, Batch 250/3348, Loss: 0.0694
2025-10-09 18:21:25,674 [INFO] Época 10/30, Batch 300/3348, Loss: 0.0550
2025-10-09 18:21:25,942 [INFO] Época 10/30, Batch 350/3348, Loss: 0.0831
2025-10-09 18:21:26,208 [INFO] Época 10/30, Batch 400/3348, Loss: 0.0636
2025-10-09 18:21:26,470 [INFO] Época 10/30, Batch 450/3348, Loss: 0.1019
2025-10-09 18:21:26,735 [INFO] Época 10/30, Batch 500/3348, Loss: 0.0945
2025-10-09 18:21:27,000 [INFO] Época 10/30, Batch 550/3348, Loss: 0.0713
2025-10-09 18:21:27,255 [INFO] Época 10/30, Batch 600/3348, Loss: 0.0648
2025-10-09 18:21:27,508 [INFO] Época 10/30, Batch 650/3348, Loss: 0.1208
2025-10-09 18:21:27,765 [INFO] Época 10/30, Batch 700/3348, Loss: 0.1040
2025-10-09 18:21:28,017 [INFO] Época 10/30, Batch 750/3348, Loss: 0.0909
2025-10-09 18:21:28,271 [INFO] Época 10/30, Batch 800/3348, Loss: 0.0690
2025-10-09 18:21:28,523 [INFO] Época 10/30, Batch 850/3348, Loss: 0.0770
2025-10-09 18:21:28,780 [INFO] Época 10/30, Batch 900/3348, Loss: 0.1153
2025-10-09 18:21:29,041 [INFO] Época 10/30, Batch 950/3348, Loss: 0.0541
2025-10-09 18:21:29,294 [INFO] Época 10/30, Batch 1000/3348, Loss: 0.0857
2025-10-09 18:21:29,554 [INFO] Época 10/30, Batch 1050/3348, Loss: 0.0768
2025-10-09 18:21:29,821 [INFO] Época 10/30, Batch 1100/3348, Loss: 0.0672
2025-10-09 18:21:30,087 [INFO] Época 10/30, Batch 1150/3348, Loss: 0.0754
2025-10-09 18:21:30,350 [INFO] Época 10/30, Batch 1200/3348, Loss: 0.0539
2025-10-09 18:21:30,618 [INFO] Época 10/30, Batch 1250/3348, Loss: 0.0869
2025-10-09 18:21:30,895 [INFO] Época 10/30, Batch 1300/3348, Loss: 0.0830
2025-10-09 18:21:31,163 [INFO] Época 10/30, Batch 1350/3348, Loss: 0.0748
2025-10-09 18:21:31,429 [INFO] Época 10/30, Batch 1400/3348, Loss: 0.0716
2025-10-09 18:21:31,697 [INFO] Época 10/30, Batch 1450/3348, Loss: 0.0738
2025-10-09 18:21:31,971 [INFO] Época 10/30, Batch 1500/3348, Loss: 0.0656
2025-10-09 18:21:32,239 [INFO] Época 10/30, Batch 1550/3348, Loss: 0.0917
2025-10-09 18:21:32,506 [INFO] Época 10/30, Batch 1600/3348, Loss: 0.0669
2025-10-09 18:21:32,770 [INFO] Época 10/30, Batch 1650/3348, Loss: 0.0733
2025-10-09 18:21:33,036 [INFO] Época 10/30, Batch 1700/3348, Loss: 0.0989
2025-10-09 18:21:33,300 [INFO] Época 10/30, Batch 1750/3348, Loss: 0.0676
2025-10-09 18:21:33,566 [INFO] Época 10/30, Batch 1800/3348, Loss: 0.0913
2025-10-09 18:21:33,834 [INFO] Época 10/30, Batch 1850/3348, Loss: 0.0989
2025-10-09 18:21:34,108 [INFO] Época 10/30, Batch 1900/3348, Loss: 0.0944
2025-10-09 18:21:34,377 [INFO] Época 10/30, Batch 1950/3348, Loss: 0.0869
2025-10-09 18:21:34,650 [INFO] Época 10/30, Batch 2000/3348, Loss: 0.0827
2025-10-09 18:21:34,922 [INFO] Época 10/30, Batch 2050/3348, Loss: 0.0607
2025-10-09 18:21:35,188 [INFO] Época 10/30, Batch 2100/3348, Loss: 0.0971
2025-10-09 18:21:35,461 [INFO] Época 10/30, Batch 2150/3348, Loss: 0.1291
2025-10-09 18:21:35,737 [INFO] Época 10/30, Batch 2200/3348, Loss: 0.0795
2025-10-09 18:21:36,018 [INFO] Época 10/30, Batch 2250/3348, Loss: 0.0658
2025-10-09 18:21:36,298 [INFO] Época 10/30, Batch 2300/3348, Loss: 0.0938
2025-10-09 18:21:36,566 [INFO] Época 10/30, Batch 2350/3348, Loss: 0.0721
2025-10-09 18:21:36,840 [INFO] Época 10/30, Batch 2400/3348, Loss: 0.0839
2025-10-09 18:21:37,122 [INFO] Época 10/30, Batch 2450/3348, Loss: 0.0641
2025-10-09 18:21:37,403 [INFO] Época 10/30, Batch 2500/3348, Loss: 0.1209
2025-10-09 18:21:37,673 [INFO] Época 10/30, Batch 2550/3348, Loss: 0.0629
2025-10-09 18:21:37,952 [INFO] Época 10/30, Batch 2600/3348, Loss: 0.0723
2025-10-09 18:21:38,222 [INFO] Época 10/30, Batch 2650/3348, Loss: 0.0977
2025-10-09 18:21:38,496 [INFO] Época 10/30, Batch 2700/3348, Loss: 0.0771
2025-10-09 18:21:38,771 [INFO] Época 10/30, Batch 2750/3348, Loss: 0.0687
2025-10-09 18:21:39,043 [INFO] Época 10/30, Batch 2800/3348, Loss: 0.0730
2025-10-09 18:21:39,319 [INFO] Época 10/30, Batch 2850/3348, Loss: 0.1399
2025-10-09 18:21:39,591 [INFO] Época 10/30, Batch 2900/3348, Loss: 0.0641
2025-10-09 18:21:39,862 [INFO] Época 10/30, Batch 2950/3348, Loss: 0.0853
2025-10-09 18:21:40,131 [INFO] Época 10/30, Batch 3000/3348, Loss: 0.0908
2025-10-09 18:21:40,401 [INFO] Época 10/30, Batch 3050/3348, Loss: 0.0889
2025-10-09 18:21:40,676 [INFO] Época 10/30, Batch 3100/3348, Loss: 0.0717
2025-10-09 18:21:40,950 [INFO] Época 10/30, Batch 3150/3348, Loss: 0.0663
2025-10-09 18:21:41,223 [INFO] Época 10/30, Batch 3200/3348, Loss: 0.0754
2025-10-09 18:21:41,494 [INFO] Época 10/30, Batch 3250/3348, Loss: 0.1390
2025-10-09 18:21:41,763 [INFO] Época 10/30, Batch 3300/3348, Loss: 0.0933
2025-10-09 18:21:43,620 [INFO] [10/30] Train Loss: 0.0902 | Val Loss: 0.1400 | Tempo: 19.90s
2025-10-09 18:21:44,200 [INFO] Época 11/30, Batch 50/3348, Loss: 0.0798
2025-10-09 18:21:44,468 [INFO] Época 11/30, Batch 100/3348, Loss: 0.0815
2025-10-09 18:21:44,732 [INFO] Época 11/30, Batch 150/3348, Loss: 0.0728
2025-10-09 18:21:44,994 [INFO] Época 11/30, Batch 200/3348, Loss: 0.0601
2025-10-09 18:21:45,255 [INFO] Época 11/30, Batch 250/3348, Loss: 0.0743
2025-10-09 18:21:45,517 [INFO] Época 11/30, Batch 300/3348, Loss: 0.0900
2025-10-09 18:21:45,779 [INFO] Época 11/30, Batch 350/3348, Loss: 0.0842
2025-10-09 18:21:46,041 [INFO] Época 11/30, Batch 400/3348, Loss: 0.0891
2025-10-09 18:21:46,302 [INFO] Época 11/30, Batch 450/3348, Loss: 0.1019
2025-10-09 18:21:46,564 [INFO] Época 11/30, Batch 500/3348, Loss: 0.0775
2025-10-09 18:21:46,831 [INFO] Época 11/30, Batch 550/3348, Loss: 0.0880
2025-10-09 18:21:47,093 [INFO] Época 11/30, Batch 600/3348, Loss: 0.0877
2025-10-09 18:21:47,357 [INFO] Época 11/30, Batch 650/3348, Loss: 0.0572
2025-10-09 18:21:47,609 [INFO] Época 11/30, Batch 700/3348, Loss: 0.0635
2025-10-09 18:21:47,863 [INFO] Época 11/30, Batch 750/3348, Loss: 0.0681
2025-10-09 18:21:48,113 [INFO] Época 11/30, Batch 800/3348, Loss: 0.0877
2025-10-09 18:21:48,363 [INFO] Época 11/30, Batch 850/3348, Loss: 0.1025
2025-10-09 18:21:48,613 [INFO] Época 11/30, Batch 900/3348, Loss: 0.0945
2025-10-09 18:21:48,862 [INFO] Época 11/30, Batch 950/3348, Loss: 0.0712
2025-10-09 18:21:49,112 [INFO] Época 11/30, Batch 1000/3348, Loss: 0.1203
2025-10-09 18:21:49,361 [INFO] Época 11/30, Batch 1050/3348, Loss: 0.1234
2025-10-09 18:21:49,616 [INFO] Época 11/30, Batch 1100/3348, Loss: 0.0854
2025-10-09 18:21:49,876 [INFO] Época 11/30, Batch 1150/3348, Loss: 0.0775
2025-10-09 18:21:50,125 [INFO] Época 11/30, Batch 1200/3348, Loss: 0.0914
2025-10-09 18:21:50,376 [INFO] Época 11/30, Batch 1250/3348, Loss: 0.0667
2025-10-09 18:21:50,639 [INFO] Época 11/30, Batch 1300/3348, Loss: 0.1096
2025-10-09 18:21:50,913 [INFO] Época 11/30, Batch 1350/3348, Loss: 0.0738
2025-10-09 18:21:51,186 [INFO] Época 11/30, Batch 1400/3348, Loss: 0.0787
2025-10-09 18:21:51,458 [INFO] Época 11/30, Batch 1450/3348, Loss: 0.0591
2025-10-09 18:21:51,730 [INFO] Época 11/30, Batch 1500/3348, Loss: 0.0765
2025-10-09 18:21:51,991 [INFO] Época 11/30, Batch 1550/3348, Loss: 0.1389
2025-10-09 18:21:52,249 [INFO] Época 11/30, Batch 1600/3348, Loss: 0.0728
2025-10-09 18:21:52,514 [INFO] Época 11/30, Batch 1650/3348, Loss: 0.0640
2025-10-09 18:21:52,776 [INFO] Época 11/30, Batch 1700/3348, Loss: 0.0826
2025-10-09 18:21:53,040 [INFO] Época 11/30, Batch 1750/3348, Loss: 0.0687
2025-10-09 18:21:53,305 [INFO] Época 11/30, Batch 1800/3348, Loss: 0.0923
2025-10-09 18:21:53,566 [INFO] Época 11/30, Batch 1850/3348, Loss: 0.0465
2025-10-09 18:21:53,824 [INFO] Época 11/30, Batch 1900/3348, Loss: 0.0753
2025-10-09 18:21:54,084 [INFO] Época 11/30, Batch 1950/3348, Loss: 0.0649
2025-10-09 18:21:54,345 [INFO] Época 11/30, Batch 2000/3348, Loss: 0.0625
2025-10-09 18:21:54,608 [INFO] Época 11/30, Batch 2050/3348, Loss: 0.0771
2025-10-09 18:21:54,875 [INFO] Época 11/30, Batch 2100/3348, Loss: 0.0753
2025-10-09 18:21:55,141 [INFO] Época 11/30, Batch 2150/3348, Loss: 0.1036
2025-10-09 18:21:55,407 [INFO] Época 11/30, Batch 2200/3348, Loss: 0.0761
2025-10-09 18:21:55,673 [INFO] Época 11/30, Batch 2250/3348, Loss: 0.0746
2025-10-09 18:21:55,939 [INFO] Época 11/30, Batch 2300/3348, Loss: 0.0612
2025-10-09 18:21:56,205 [INFO] Época 11/30, Batch 2350/3348, Loss: 0.0999
2025-10-09 18:21:56,471 [INFO] Época 11/30, Batch 2400/3348, Loss: 0.0767
2025-10-09 18:21:56,736 [INFO] Época 11/30, Batch 2450/3348, Loss: 0.1024
2025-10-09 18:21:56,997 [INFO] Época 11/30, Batch 2500/3348, Loss: 0.1256
2025-10-09 18:21:57,256 [INFO] Época 11/30, Batch 2550/3348, Loss: 0.0776
2025-10-09 18:21:57,517 [INFO] Época 11/30, Batch 2600/3348, Loss: 0.0941
2025-10-09 18:21:57,777 [INFO] Época 11/30, Batch 2650/3348, Loss: 0.0813
2025-10-09 18:21:58,039 [INFO] Época 11/30, Batch 2700/3348, Loss: 0.1122
2025-10-09 18:21:58,301 [INFO] Época 11/30, Batch 2750/3348, Loss: 0.1102
2025-10-09 18:21:58,563 [INFO] Época 11/30, Batch 2800/3348, Loss: 0.0752
2025-10-09 18:21:58,836 [INFO] Época 11/30, Batch 2850/3348, Loss: 0.0513
2025-10-09 18:21:59,107 [INFO] Época 11/30, Batch 2900/3348, Loss: 0.0906
2025-10-09 18:21:59,374 [INFO] Época 11/30, Batch 2950/3348, Loss: 0.0773
2025-10-09 18:21:59,640 [INFO] Época 11/30, Batch 3000/3348, Loss: 0.0758
2025-10-09 18:21:59,906 [INFO] Época 11/30, Batch 3050/3348, Loss: 0.0576
2025-10-09 18:22:00,174 [INFO] Época 11/30, Batch 3100/3348, Loss: 0.0714
2025-10-09 18:22:00,441 [INFO] Época 11/30, Batch 3150/3348, Loss: 0.0694
2025-10-09 18:22:00,704 [INFO] Época 11/30, Batch 3200/3348, Loss: 0.0645
2025-10-09 18:22:00,959 [INFO] Época 11/30, Batch 3250/3348, Loss: 0.1001
2025-10-09 18:22:01,219 [INFO] Época 11/30, Batch 3300/3348, Loss: 0.1073
2025-10-09 18:22:03,050 [INFO] [11/30] Train Loss: 0.0880 | Val Loss: 0.1363 | Tempo: 19.43s
2025-10-09 18:22:03,663 [INFO] Época 12/30, Batch 50/3348, Loss: 0.0598
2025-10-09 18:22:03,940 [INFO] Época 12/30, Batch 100/3348, Loss: 0.1294
2025-10-09 18:22:04,211 [INFO] Época 12/30, Batch 150/3348, Loss: 0.0782
2025-10-09 18:22:04,478 [INFO] Época 12/30, Batch 200/3348, Loss: 0.0662
2025-10-09 18:22:04,747 [INFO] Época 12/30, Batch 250/3348, Loss: 0.0752
2025-10-09 18:22:05,012 [INFO] Época 12/30, Batch 300/3348, Loss: 0.0408
2025-10-09 18:22:05,285 [INFO] Época 12/30, Batch 350/3348, Loss: 0.1098
2025-10-09 18:22:05,558 [INFO] Época 12/30, Batch 400/3348, Loss: 0.1420
2025-10-09 18:22:05,831 [INFO] Época 12/30, Batch 450/3348, Loss: 0.0973
2025-10-09 18:22:06,099 [INFO] Época 12/30, Batch 500/3348, Loss: 0.1043
2025-10-09 18:22:06,364 [INFO] Época 12/30, Batch 550/3348, Loss: 0.0694
2025-10-09 18:22:06,630 [INFO] Época 12/30, Batch 600/3348, Loss: 0.0665
2025-10-09 18:22:06,894 [INFO] Época 12/30, Batch 650/3348, Loss: 0.0807
2025-10-09 18:22:07,160 [INFO] Época 12/30, Batch 700/3348, Loss: 0.1625
2025-10-09 18:22:07,435 [INFO] Época 12/30, Batch 750/3348, Loss: 0.0540
2025-10-09 18:22:07,690 [INFO] Época 12/30, Batch 800/3348, Loss: 0.0798
2025-10-09 18:22:07,944 [INFO] Época 12/30, Batch 850/3348, Loss: 0.0484
2025-10-09 18:22:08,195 [INFO] Época 12/30, Batch 900/3348, Loss: 0.0602
2025-10-09 18:22:08,447 [INFO] Época 12/30, Batch 950/3348, Loss: 0.0866
2025-10-09 18:22:08,701 [INFO] Época 12/30, Batch 1000/3348, Loss: 0.0774
2025-10-09 18:22:08,956 [INFO] Época 12/30, Batch 1050/3348, Loss: 0.0691
2025-10-09 18:22:09,210 [INFO] Época 12/30, Batch 1100/3348, Loss: 0.0567
2025-10-09 18:22:09,467 [INFO] Época 12/30, Batch 1150/3348, Loss: 0.0437
2025-10-09 18:22:09,721 [INFO] Época 12/30, Batch 1200/3348, Loss: 0.0694
2025-10-09 18:22:09,987 [INFO] Época 12/30, Batch 1250/3348, Loss: 0.0850
2025-10-09 18:22:10,251 [INFO] Época 12/30, Batch 1300/3348, Loss: 0.1294
2025-10-09 18:22:10,517 [INFO] Época 12/30, Batch 1350/3348, Loss: 0.0667
2025-10-09 18:22:10,792 [INFO] Época 12/30, Batch 1400/3348, Loss: 0.1272
2025-10-09 18:22:11,065 [INFO] Época 12/30, Batch 1450/3348, Loss: 0.0853
2025-10-09 18:22:11,337 [INFO] Época 12/30, Batch 1500/3348, Loss: 0.0757
2025-10-09 18:22:11,611 [INFO] Época 12/30, Batch 1550/3348, Loss: 0.0751
2025-10-09 18:22:11,881 [INFO] Época 12/30, Batch 1600/3348, Loss: 0.0843
2025-10-09 18:22:12,151 [INFO] Época 12/30, Batch 1650/3348, Loss: 0.0918
2025-10-09 18:22:12,424 [INFO] Época 12/30, Batch 1700/3348, Loss: 0.0696
2025-10-09 18:22:12,693 [INFO] Época 12/30, Batch 1750/3348, Loss: 0.1194
2025-10-09 18:22:12,963 [INFO] Época 12/30, Batch 1800/3348, Loss: 0.0922
2025-10-09 18:22:13,232 [INFO] Época 12/30, Batch 1850/3348, Loss: 0.0747
2025-10-09 18:22:13,497 [INFO] Época 12/30, Batch 1900/3348, Loss: 0.0789
2025-10-09 18:22:13,762 [INFO] Época 12/30, Batch 1950/3348, Loss: 0.0880
2025-10-09 18:22:14,026 [INFO] Época 12/30, Batch 2000/3348, Loss: 0.0757
2025-10-09 18:22:14,290 [INFO] Época 12/30, Batch 2050/3348, Loss: 0.0803
2025-10-09 18:22:14,553 [INFO] Época 12/30, Batch 2100/3348, Loss: 0.0639
2025-10-09 18:22:14,819 [INFO] Época 12/30, Batch 2150/3348, Loss: 0.0987
2025-10-09 18:22:15,086 [INFO] Época 12/30, Batch 2200/3348, Loss: 0.0605
2025-10-09 18:22:15,354 [INFO] Época 12/30, Batch 2250/3348, Loss: 0.0767
2025-10-09 18:22:15,619 [INFO] Época 12/30, Batch 2300/3348, Loss: 0.0532
2025-10-09 18:22:15,883 [INFO] Época 12/30, Batch 2350/3348, Loss: 0.1021
2025-10-09 18:22:16,149 [INFO] Época 12/30, Batch 2400/3348, Loss: 0.1326
2025-10-09 18:22:16,413 [INFO] Época 12/30, Batch 2450/3348, Loss: 0.0816
2025-10-09 18:22:16,678 [INFO] Época 12/30, Batch 2500/3348, Loss: 0.1018
2025-10-09 18:22:16,940 [INFO] Época 12/30, Batch 2550/3348, Loss: 0.0854
2025-10-09 18:22:17,202 [INFO] Época 12/30, Batch 2600/3348, Loss: 0.0465
2025-10-09 18:22:17,469 [INFO] Época 12/30, Batch 2650/3348, Loss: 0.0680
2025-10-09 18:22:17,733 [INFO] Época 12/30, Batch 2700/3348, Loss: 0.0763
2025-10-09 18:22:17,996 [INFO] Época 12/30, Batch 2750/3348, Loss: 0.0634
2025-10-09 18:22:18,260 [INFO] Época 12/30, Batch 2800/3348, Loss: 0.0684
2025-10-09 18:22:18,523 [INFO] Época 12/30, Batch 2850/3348, Loss: 0.0822
2025-10-09 18:22:18,787 [INFO] Época 12/30, Batch 2900/3348, Loss: 0.0635
2025-10-09 18:22:19,050 [INFO] Época 12/30, Batch 2950/3348, Loss: 0.0988
2025-10-09 18:22:19,315 [INFO] Época 12/30, Batch 3000/3348, Loss: 0.0789
2025-10-09 18:22:19,580 [INFO] Época 12/30, Batch 3050/3348, Loss: 0.0598
2025-10-09 18:22:19,846 [INFO] Época 12/30, Batch 3100/3348, Loss: 0.0917
2025-10-09 18:22:20,115 [INFO] Época 12/30, Batch 3150/3348, Loss: 0.0787
2025-10-09 18:22:20,376 [INFO] Época 12/30, Batch 3200/3348, Loss: 0.1075
2025-10-09 18:22:20,644 [INFO] Época 12/30, Batch 3250/3348, Loss: 0.0958
2025-10-09 18:22:20,912 [INFO] Época 12/30, Batch 3300/3348, Loss: 0.0689
2025-10-09 18:22:22,768 [INFO] [12/30] Train Loss: 0.0855 | Val Loss: 0.1295 | Tempo: 19.72s
2025-10-09 18:22:23,366 [INFO] Época 13/30, Batch 50/3348, Loss: 0.0843
2025-10-09 18:22:23,633 [INFO] Época 13/30, Batch 100/3348, Loss: 0.0589
2025-10-09 18:22:23,904 [INFO] Época 13/30, Batch 150/3348, Loss: 0.0964
2025-10-09 18:22:24,174 [INFO] Época 13/30, Batch 200/3348, Loss: 0.0771
2025-10-09 18:22:24,448 [INFO] Época 13/30, Batch 250/3348, Loss: 0.0644
2025-10-09 18:22:24,722 [INFO] Época 13/30, Batch 300/3348, Loss: 0.0777
2025-10-09 18:22:24,994 [INFO] Época 13/30, Batch 350/3348, Loss: 0.0831
2025-10-09 18:22:25,258 [INFO] Época 13/30, Batch 400/3348, Loss: 0.0801
2025-10-09 18:22:25,523 [INFO] Época 13/30, Batch 450/3348, Loss: 0.0642
2025-10-09 18:22:25,787 [INFO] Época 13/30, Batch 500/3348, Loss: 0.0773
2025-10-09 18:22:26,051 [INFO] Época 13/30, Batch 550/3348, Loss: 0.0852
2025-10-09 18:22:26,315 [INFO] Época 13/30, Batch 600/3348, Loss: 0.0741
2025-10-09 18:22:26,579 [INFO] Época 13/30, Batch 650/3348, Loss: 0.0523
2025-10-09 18:22:26,834 [INFO] Época 13/30, Batch 700/3348, Loss: 0.0813
2025-10-09 18:22:27,094 [INFO] Época 13/30, Batch 750/3348, Loss: 0.0821
2025-10-09 18:22:27,355 [INFO] Época 13/30, Batch 800/3348, Loss: 0.0676
2025-10-09 18:22:27,614 [INFO] Época 13/30, Batch 850/3348, Loss: 0.0739
2025-10-09 18:22:27,877 [INFO] Época 13/30, Batch 900/3348, Loss: 0.0635
2025-10-09 18:22:28,138 [INFO] Época 13/30, Batch 950/3348, Loss: 0.0877
2025-10-09 18:22:28,399 [INFO] Época 13/30, Batch 1000/3348, Loss: 0.1044
2025-10-09 18:22:28,651 [INFO] Época 13/30, Batch 1050/3348, Loss: 0.0984
2025-10-09 18:22:28,907 [INFO] Época 13/30, Batch 1100/3348, Loss: 0.0669
2025-10-09 18:22:29,171 [INFO] Época 13/30, Batch 1150/3348, Loss: 0.1072
2025-10-09 18:22:29,432 [INFO] Época 13/30, Batch 1200/3348, Loss: 0.0618
2025-10-09 18:22:29,693 [INFO] Época 13/30, Batch 1250/3348, Loss: 0.0967
2025-10-09 18:22:29,952 [INFO] Época 13/30, Batch 1300/3348, Loss: 0.1148
2025-10-09 18:22:30,213 [INFO] Época 13/30, Batch 1350/3348, Loss: 0.0456
2025-10-09 18:22:30,476 [INFO] Época 13/30, Batch 1400/3348, Loss: 0.0678
2025-10-09 18:22:30,738 [INFO] Época 13/30, Batch 1450/3348, Loss: 0.0538
2025-10-09 18:22:30,999 [INFO] Época 13/30, Batch 1500/3348, Loss: 0.0800
2025-10-09 18:22:31,262 [INFO] Época 13/30, Batch 1550/3348, Loss: 0.0666
2025-10-09 18:22:31,525 [INFO] Época 13/30, Batch 1600/3348, Loss: 0.0789
2025-10-09 18:22:31,788 [INFO] Época 13/30, Batch 1650/3348, Loss: 0.0945
2025-10-09 18:22:32,054 [INFO] Época 13/30, Batch 1700/3348, Loss: 0.0762
2025-10-09 18:22:32,320 [INFO] Época 13/30, Batch 1750/3348, Loss: 0.0856
2025-10-09 18:22:32,585 [INFO] Época 13/30, Batch 1800/3348, Loss: 0.0756
2025-10-09 18:22:32,849 [INFO] Época 13/30, Batch 1850/3348, Loss: 0.0873
2025-10-09 18:22:33,113 [INFO] Época 13/30, Batch 1900/3348, Loss: 0.0500
2025-10-09 18:22:33,376 [INFO] Época 13/30, Batch 1950/3348, Loss: 0.0951
2025-10-09 18:22:33,636 [INFO] Época 13/30, Batch 2000/3348, Loss: 0.0474
2025-10-09 18:22:33,903 [INFO] Época 13/30, Batch 2050/3348, Loss: 0.1199
2025-10-09 18:22:34,165 [INFO] Época 13/30, Batch 2100/3348, Loss: 0.0738
2025-10-09 18:22:34,427 [INFO] Época 13/30, Batch 2150/3348, Loss: 0.0823
2025-10-09 18:22:34,690 [INFO] Época 13/30, Batch 2200/3348, Loss: 0.0932
2025-10-09 18:22:34,951 [INFO] Época 13/30, Batch 2250/3348, Loss: 0.0668
2025-10-09 18:22:35,212 [INFO] Época 13/30, Batch 2300/3348, Loss: 0.0926
2025-10-09 18:22:35,475 [INFO] Época 13/30, Batch 2350/3348, Loss: 0.0883
2025-10-09 18:22:35,742 [INFO] Época 13/30, Batch 2400/3348, Loss: 0.0861
2025-10-09 18:22:36,005 [INFO] Época 13/30, Batch 2450/3348, Loss: 0.0871
2025-10-09 18:22:36,266 [INFO] Época 13/30, Batch 2500/3348, Loss: 0.0795
2025-10-09 18:22:36,539 [INFO] Época 13/30, Batch 2550/3348, Loss: 0.0895
2025-10-09 18:22:36,804 [INFO] Época 13/30, Batch 2600/3348, Loss: 0.0817
2025-10-09 18:22:37,066 [INFO] Época 13/30, Batch 2650/3348, Loss: 0.0948
2025-10-09 18:22:37,326 [INFO] Época 13/30, Batch 2700/3348, Loss: 0.0584
2025-10-09 18:22:37,588 [INFO] Época 13/30, Batch 2750/3348, Loss: 0.0811
2025-10-09 18:22:37,850 [INFO] Época 13/30, Batch 2800/3348, Loss: 0.0573
2025-10-09 18:22:38,112 [INFO] Época 13/30, Batch 2850/3348, Loss: 0.0924
2025-10-09 18:22:38,372 [INFO] Época 13/30, Batch 2900/3348, Loss: 0.0704
2025-10-09 18:22:38,640 [INFO] Época 13/30, Batch 2950/3348, Loss: 0.1158
2025-10-09 18:22:38,919 [INFO] Época 13/30, Batch 3000/3348, Loss: 0.0988
2025-10-09 18:22:39,198 [INFO] Época 13/30, Batch 3050/3348, Loss: 0.0823
2025-10-09 18:22:39,476 [INFO] Época 13/30, Batch 3100/3348, Loss: 0.0951
2025-10-09 18:22:39,754 [INFO] Época 13/30, Batch 3150/3348, Loss: 0.0707
2025-10-09 18:22:40,035 [INFO] Época 13/30, Batch 3200/3348, Loss: 0.0574
2025-10-09 18:22:40,316 [INFO] Época 13/30, Batch 3250/3348, Loss: 0.0962
2025-10-09 18:22:40,595 [INFO] Época 13/30, Batch 3300/3348, Loss: 0.0667
2025-10-09 18:22:42,429 [INFO] [13/30] Train Loss: 0.0836 | Val Loss: 0.1411 | Tempo: 19.66s
2025-10-09 18:22:43,033 [INFO] Época 14/30, Batch 50/3348, Loss: 0.0738
2025-10-09 18:22:43,302 [INFO] Época 14/30, Batch 100/3348, Loss: 0.0723
2025-10-09 18:22:43,572 [INFO] Época 14/30, Batch 150/3348, Loss: 0.0565
2025-10-09 18:22:43,838 [INFO] Época 14/30, Batch 200/3348, Loss: 0.0887
2025-10-09 18:22:44,108 [INFO] Época 14/30, Batch 250/3348, Loss: 0.0723
2025-10-09 18:22:44,372 [INFO] Época 14/30, Batch 300/3348, Loss: 0.0785
2025-10-09 18:22:44,638 [INFO] Época 14/30, Batch 350/3348, Loss: 0.0958
2025-10-09 18:22:44,901 [INFO] Época 14/30, Batch 400/3348, Loss: 0.0685
2025-10-09 18:22:45,164 [INFO] Época 14/30, Batch 450/3348, Loss: 0.0549
2025-10-09 18:22:45,428 [INFO] Época 14/30, Batch 500/3348, Loss: 0.0736
2025-10-09 18:22:45,694 [INFO] Época 14/30, Batch 550/3348, Loss: 0.0498
2025-10-09 18:22:45,960 [INFO] Época 14/30, Batch 600/3348, Loss: 0.0744
2025-10-09 18:22:46,224 [INFO] Época 14/30, Batch 650/3348, Loss: 0.0968
2025-10-09 18:22:46,487 [INFO] Época 14/30, Batch 700/3348, Loss: 0.0485
2025-10-09 18:22:46,749 [INFO] Época 14/30, Batch 750/3348, Loss: 0.0763
2025-10-09 18:22:47,010 [INFO] Época 14/30, Batch 800/3348, Loss: 0.0759
2025-10-09 18:22:47,273 [INFO] Época 14/30, Batch 850/3348, Loss: 0.0830
2025-10-09 18:22:47,534 [INFO] Época 14/30, Batch 900/3348, Loss: 0.0672
2025-10-09 18:22:47,798 [INFO] Época 14/30, Batch 950/3348, Loss: 0.0698
2025-10-09 18:22:48,062 [INFO] Época 14/30, Batch 1000/3348, Loss: 0.0872
2025-10-09 18:22:48,336 [INFO] Época 14/30, Batch 1050/3348, Loss: 0.0557
2025-10-09 18:22:48,590 [INFO] Época 14/30, Batch 1100/3348, Loss: 0.0561
2025-10-09 18:22:48,847 [INFO] Época 14/30, Batch 1150/3348, Loss: 0.0856
2025-10-09 18:22:49,113 [INFO] Época 14/30, Batch 1200/3348, Loss: 0.0771
2025-10-09 18:22:49,379 [INFO] Época 14/30, Batch 1250/3348, Loss: 0.0753
2025-10-09 18:22:49,641 [INFO] Época 14/30, Batch 1300/3348, Loss: 0.0708
2025-10-09 18:22:49,904 [INFO] Época 14/30, Batch 1350/3348, Loss: 0.0649
2025-10-09 18:22:50,169 [INFO] Época 14/30, Batch 1400/3348, Loss: 0.0602
2025-10-09 18:22:50,434 [INFO] Época 14/30, Batch 1450/3348, Loss: 0.0973
2025-10-09 18:22:50,699 [INFO] Época 14/30, Batch 1500/3348, Loss: 0.0969
2025-10-09 18:22:50,963 [INFO] Época 14/30, Batch 1550/3348, Loss: 0.0600
2025-10-09 18:22:51,226 [INFO] Época 14/30, Batch 1600/3348, Loss: 0.0675
2025-10-09 18:22:51,492 [INFO] Época 14/30, Batch 1650/3348, Loss: 0.0596
2025-10-09 18:22:51,767 [INFO] Época 14/30, Batch 1700/3348, Loss: 0.0705
2025-10-09 18:22:52,030 [INFO] Época 14/30, Batch 1750/3348, Loss: 0.0982
2025-10-09 18:22:52,292 [INFO] Época 14/30, Batch 1800/3348, Loss: 0.0713
2025-10-09 18:22:52,554 [INFO] Época 14/30, Batch 1850/3348, Loss: 0.0667
2025-10-09 18:22:52,817 [INFO] Época 14/30, Batch 1900/3348, Loss: 0.0546
2025-10-09 18:22:53,080 [INFO] Época 14/30, Batch 1950/3348, Loss: 0.0906
2025-10-09 18:22:53,346 [INFO] Época 14/30, Batch 2000/3348, Loss: 0.0613
2025-10-09 18:22:53,610 [INFO] Época 14/30, Batch 2050/3348, Loss: 0.0979
2025-10-09 18:22:53,873 [INFO] Época 14/30, Batch 2100/3348, Loss: 0.0916
2025-10-09 18:22:54,139 [INFO] Época 14/30, Batch 2150/3348, Loss: 0.0433
2025-10-09 18:22:54,409 [INFO] Época 14/30, Batch 2200/3348, Loss: 0.0674
2025-10-09 18:22:54,684 [INFO] Época 14/30, Batch 2250/3348, Loss: 0.0613
2025-10-09 18:22:54,954 [INFO] Época 14/30, Batch 2300/3348, Loss: 0.0853
2025-10-09 18:22:55,227 [INFO] Época 14/30, Batch 2350/3348, Loss: 0.1110
2025-10-09 18:22:55,501 [INFO] Época 14/30, Batch 2400/3348, Loss: 0.0896
2025-10-09 18:22:55,775 [INFO] Época 14/30, Batch 2450/3348, Loss: 0.0871
2025-10-09 18:22:56,049 [INFO] Época 14/30, Batch 2500/3348, Loss: 0.1065
2025-10-09 18:22:56,330 [INFO] Época 14/30, Batch 2550/3348, Loss: 0.3102
2025-10-09 18:22:56,617 [INFO] Época 14/30, Batch 2600/3348, Loss: 0.0634
2025-10-09 18:22:56,895 [INFO] Época 14/30, Batch 2650/3348, Loss: 0.0640
2025-10-09 18:22:57,171 [INFO] Época 14/30, Batch 2700/3348, Loss: 0.0679
2025-10-09 18:22:57,446 [INFO] Época 14/30, Batch 2750/3348, Loss: 0.0719
2025-10-09 18:22:57,720 [INFO] Época 14/30, Batch 2800/3348, Loss: 0.0840
2025-10-09 18:22:57,985 [INFO] Época 14/30, Batch 2850/3348, Loss: 0.0578
2025-10-09 18:22:58,248 [INFO] Época 14/30, Batch 2900/3348, Loss: 0.0777
2025-10-09 18:22:58,512 [INFO] Época 14/30, Batch 2950/3348, Loss: 0.0822
2025-10-09 18:22:58,776 [INFO] Época 14/30, Batch 3000/3348, Loss: 0.0733
2025-10-09 18:22:59,039 [INFO] Época 14/30, Batch 3050/3348, Loss: 0.0752
2025-10-09 18:22:59,301 [INFO] Época 14/30, Batch 3100/3348, Loss: 0.0633
2025-10-09 18:22:59,562 [INFO] Época 14/30, Batch 3150/3348, Loss: 0.0711
2025-10-09 18:22:59,824 [INFO] Época 14/30, Batch 3200/3348, Loss: 0.0652
2025-10-09 18:23:00,089 [INFO] Época 14/30, Batch 3250/3348, Loss: 0.0797
2025-10-09 18:23:00,353 [INFO] Época 14/30, Batch 3300/3348, Loss: 0.0631
2025-10-09 18:23:02,219 [INFO] [14/30] Train Loss: 0.0821 | Val Loss: 0.1331 | Tempo: 19.79s
2025-10-09 18:23:02,219 [INFO] Early stopping ativado após 10 épocas sem melhoria
2025-10-09 18:23:02,220 [INFO] Treinamento concluído em 276.76 segundos (4.61 minutos)
2025-10-09 18:23:02,220 [INFO] Iniciando avaliação no conjunto de teste...
2025-10-09 18:23:03,726 [INFO] Avaliação do teste concluída em 1.51 segundos
2025-10-09 18:23:03,727 [INFO] MSE no teste: 0.0278
2025-10-09 18:23:03,727 [INFO] RMSE no teste: 0.1668
2025-10-09 18:23:03,727 [INFO] MAE no teste: 0.1327
2025-10-09 18:23:03,728 [INFO] Métricas salvas em /mnt/hdd/home/jdurao/ToolBox-ChemXAI/logs/mlp_att2_Morgan_metrics.json
