2025-10-09 22:45:58,347 [INFO] Iniciando treinamento do modelo mlp_att5_Morgan
2025-10-09 22:45:58,347 [INFO] Configuração: att_index=5, epochs=30, layers=[128, 64, 32], lr=0.001, batch_size=32, descriptor_type=Morgan
2025-10-09 22:45:58,347 [INFO] Diretório para modelos: /mnt/hdd/home/jdurao/ToolBox-ChemXAI/models
2025-10-09 22:45:58,347 [INFO] Carregando dados...
2025-10-09 22:45:58,424 [INFO] Preparando dataloaders sem ruído...
2025-10-09 22:46:06,269 [INFO] Dados carregados em 7.92 segundos
2025-10-09 22:46:06,269 [INFO] Tamanhos dos conjuntos - Treino: 107108, Validação: 13388, Teste: 13389
2025-10-09 22:46:06,269 [INFO] Usando dispositivo: cuda
2025-10-09 22:46:06,703 [INFO] Dimensão de entrada: 512, Dimensão de saída: 1
2025-10-09 22:46:06,704 [INFO] Criando modelo MLP com camadas: [128, 64, 32]
2025-10-09 22:46:06,707 [INFO] Modelo criado com 76033 parâmetros
2025-10-09 22:46:06,709 [INFO] Iniciando treinamento com 30 épocas...
2025-10-09 22:46:07,322 [INFO] Época 1/30, Batch 50/3348, Loss: 0.6298
2025-10-09 22:46:07,598 [INFO] Época 1/30, Batch 100/3348, Loss: 0.4358
2025-10-09 22:46:07,870 [INFO] Época 1/30, Batch 150/3348, Loss: 0.3439
2025-10-09 22:46:08,143 [INFO] Época 1/30, Batch 200/3348, Loss: 0.5258
2025-10-09 22:46:08,431 [INFO] Época 1/30, Batch 250/3348, Loss: 0.5234
2025-10-09 22:46:08,689 [INFO] Época 1/30, Batch 300/3348, Loss: 0.4359
2025-10-09 22:46:08,942 [INFO] Época 1/30, Batch 350/3348, Loss: 0.3862
2025-10-09 22:46:09,195 [INFO] Época 1/30, Batch 400/3348, Loss: 0.4586
2025-10-09 22:46:09,458 [INFO] Época 1/30, Batch 450/3348, Loss: 0.4004
2025-10-09 22:46:09,721 [INFO] Época 1/30, Batch 500/3348, Loss: 0.4443
2025-10-09 22:46:09,984 [INFO] Época 1/30, Batch 550/3348, Loss: 0.4315
2025-10-09 22:46:10,246 [INFO] Época 1/30, Batch 600/3348, Loss: 0.5024
2025-10-09 22:46:10,509 [INFO] Época 1/30, Batch 650/3348, Loss: 0.4773
2025-10-09 22:46:10,775 [INFO] Época 1/30, Batch 700/3348, Loss: 0.3606
2025-10-09 22:46:11,037 [INFO] Época 1/30, Batch 750/3348, Loss: 0.4183
2025-10-09 22:46:11,297 [INFO] Época 1/30, Batch 800/3348, Loss: 0.4640
2025-10-09 22:46:11,563 [INFO] Época 1/30, Batch 850/3348, Loss: 0.3797
2025-10-09 22:46:11,825 [INFO] Época 1/30, Batch 900/3348, Loss: 0.4394
2025-10-09 22:46:12,090 [INFO] Época 1/30, Batch 950/3348, Loss: 0.4228
2025-10-09 22:46:12,352 [INFO] Época 1/30, Batch 1000/3348, Loss: 0.4334
2025-10-09 22:46:12,614 [INFO] Época 1/30, Batch 1050/3348, Loss: 0.5232
2025-10-09 22:46:12,877 [INFO] Época 1/30, Batch 1100/3348, Loss: 0.4197
2025-10-09 22:46:13,138 [INFO] Época 1/30, Batch 1150/3348, Loss: 0.3171
2025-10-09 22:46:13,400 [INFO] Época 1/30, Batch 1200/3348, Loss: 0.3496
2025-10-09 22:46:13,666 [INFO] Época 1/30, Batch 1250/3348, Loss: 0.5654
2025-10-09 22:46:13,929 [INFO] Época 1/30, Batch 1300/3348, Loss: 0.3776
2025-10-09 22:46:14,192 [INFO] Época 1/30, Batch 1350/3348, Loss: 0.3418
2025-10-09 22:46:14,454 [INFO] Época 1/30, Batch 1400/3348, Loss: 0.4275
2025-10-09 22:46:14,717 [INFO] Época 1/30, Batch 1450/3348, Loss: 0.5418
2025-10-09 22:46:14,979 [INFO] Época 1/30, Batch 1500/3348, Loss: 0.4507
2025-10-09 22:46:15,240 [INFO] Época 1/30, Batch 1550/3348, Loss: 0.4643
2025-10-09 22:46:15,502 [INFO] Época 1/30, Batch 1600/3348, Loss: 0.3852
2025-10-09 22:46:15,766 [INFO] Época 1/30, Batch 1650/3348, Loss: 0.5636
2025-10-09 22:46:16,027 [INFO] Época 1/30, Batch 1700/3348, Loss: 0.4124
2025-10-09 22:46:16,291 [INFO] Época 1/30, Batch 1750/3348, Loss: 0.4329
2025-10-09 22:46:16,558 [INFO] Época 1/30, Batch 1800/3348, Loss: 0.2785
2025-10-09 22:46:16,829 [INFO] Época 1/30, Batch 1850/3348, Loss: 0.4076
2025-10-09 22:46:17,093 [INFO] Época 1/30, Batch 1900/3348, Loss: 0.4037
2025-10-09 22:46:17,357 [INFO] Época 1/30, Batch 1950/3348, Loss: 0.4918
2025-10-09 22:46:17,622 [INFO] Época 1/30, Batch 2000/3348, Loss: 0.1927
2025-10-09 22:46:17,887 [INFO] Época 1/30, Batch 2050/3348, Loss: 0.3861
2025-10-09 22:46:18,151 [INFO] Época 1/30, Batch 2100/3348, Loss: 0.3104
2025-10-09 22:46:18,415 [INFO] Época 1/30, Batch 2150/3348, Loss: 0.3794
2025-10-09 22:46:18,681 [INFO] Época 1/30, Batch 2200/3348, Loss: 0.3840
2025-10-09 22:46:18,955 [INFO] Época 1/30, Batch 2250/3348, Loss: 0.3192
2025-10-09 22:46:19,227 [INFO] Época 1/30, Batch 2300/3348, Loss: 0.3942
2025-10-09 22:46:19,501 [INFO] Época 1/30, Batch 2350/3348, Loss: 0.4356
2025-10-09 22:46:19,774 [INFO] Época 1/30, Batch 2400/3348, Loss: 0.3521
2025-10-09 22:46:20,046 [INFO] Época 1/30, Batch 2450/3348, Loss: 0.3691
2025-10-09 22:46:20,319 [INFO] Época 1/30, Batch 2500/3348, Loss: 0.3019
2025-10-09 22:46:20,592 [INFO] Época 1/30, Batch 2550/3348, Loss: 0.2124
2025-10-09 22:46:20,864 [INFO] Época 1/30, Batch 2600/3348, Loss: 0.4253
2025-10-09 22:46:21,137 [INFO] Época 1/30, Batch 2650/3348, Loss: 0.3194
2025-10-09 22:46:21,409 [INFO] Época 1/30, Batch 2700/3348, Loss: 0.4461
2025-10-09 22:46:21,683 [INFO] Época 1/30, Batch 2750/3348, Loss: 0.3892
2025-10-09 22:46:21,956 [INFO] Época 1/30, Batch 2800/3348, Loss: 0.4010
2025-10-09 22:46:22,228 [INFO] Época 1/30, Batch 2850/3348, Loss: 0.3897
2025-10-09 22:46:22,500 [INFO] Época 1/30, Batch 2900/3348, Loss: 0.3944
2025-10-09 22:46:22,768 [INFO] Época 1/30, Batch 2950/3348, Loss: 0.2215
2025-10-09 22:46:23,032 [INFO] Época 1/30, Batch 3000/3348, Loss: 0.2938
2025-10-09 22:46:23,295 [INFO] Época 1/30, Batch 3050/3348, Loss: 0.2711
2025-10-09 22:46:23,558 [INFO] Época 1/30, Batch 3100/3348, Loss: 0.4213
2025-10-09 22:46:23,821 [INFO] Época 1/30, Batch 3150/3348, Loss: 0.3894
2025-10-09 22:46:24,084 [INFO] Época 1/30, Batch 3200/3348, Loss: 0.3737
2025-10-09 22:46:24,348 [INFO] Época 1/30, Batch 3250/3348, Loss: 0.3083
2025-10-09 22:46:24,616 [INFO] Época 1/30, Batch 3300/3348, Loss: 0.4709
2025-10-09 22:46:26,425 [INFO] [1/30] Train Loss: 0.4008 | Val Loss: 0.3660 | Tempo: 19.72s
2025-10-09 22:46:26,430 [INFO] Melhor modelo salvo em: /mnt/hdd/home/jdurao/ToolBox-ChemXAI/models/mlp_qm9_Morgan_att5_large.pth
2025-10-09 22:46:27,028 [INFO] Época 2/30, Batch 50/3348, Loss: 0.3631
2025-10-09 22:46:27,296 [INFO] Época 2/30, Batch 100/3348, Loss: 0.2933
2025-10-09 22:46:27,561 [INFO] Época 2/30, Batch 150/3348, Loss: 0.2373
2025-10-09 22:46:27,825 [INFO] Época 2/30, Batch 200/3348, Loss: 0.4072
2025-10-09 22:46:28,089 [INFO] Época 2/30, Batch 250/3348, Loss: 0.2336
2025-10-09 22:46:28,351 [INFO] Época 2/30, Batch 300/3348, Loss: 0.2990
2025-10-09 22:46:28,612 [INFO] Época 2/30, Batch 350/3348, Loss: 0.4468
2025-10-09 22:46:28,875 [INFO] Época 2/30, Batch 400/3348, Loss: 0.2897
2025-10-09 22:46:29,136 [INFO] Época 2/30, Batch 450/3348, Loss: 0.2586
2025-10-09 22:46:29,398 [INFO] Época 2/30, Batch 500/3348, Loss: 0.2928
2025-10-09 22:46:29,658 [INFO] Época 2/30, Batch 550/3348, Loss: 0.4321
2025-10-09 22:46:29,919 [INFO] Época 2/30, Batch 600/3348, Loss: 0.3146
2025-10-09 22:46:30,181 [INFO] Época 2/30, Batch 650/3348, Loss: 0.2535
2025-10-09 22:46:30,441 [INFO] Época 2/30, Batch 700/3348, Loss: 0.4627
2025-10-09 22:46:30,702 [INFO] Época 2/30, Batch 750/3348, Loss: 0.2551
2025-10-09 22:46:30,964 [INFO] Época 2/30, Batch 800/3348, Loss: 0.3004
2025-10-09 22:46:31,226 [INFO] Época 2/30, Batch 850/3348, Loss: 0.2730
2025-10-09 22:46:31,487 [INFO] Época 2/30, Batch 900/3348, Loss: 0.3110
2025-10-09 22:46:31,749 [INFO] Época 2/30, Batch 950/3348, Loss: 0.3861
2025-10-09 22:46:32,011 [INFO] Época 2/30, Batch 1000/3348, Loss: 0.3337
2025-10-09 22:46:32,277 [INFO] Época 2/30, Batch 1050/3348, Loss: 0.2772
2025-10-09 22:46:32,547 [INFO] Época 2/30, Batch 1100/3348, Loss: 0.3087
2025-10-09 22:46:32,817 [INFO] Época 2/30, Batch 1150/3348, Loss: 0.3177
2025-10-09 22:46:33,090 [INFO] Época 2/30, Batch 1200/3348, Loss: 0.3538
2025-10-09 22:46:33,360 [INFO] Época 2/30, Batch 1250/3348, Loss: 0.2391
2025-10-09 22:46:33,631 [INFO] Época 2/30, Batch 1300/3348, Loss: 0.3136
2025-10-09 22:46:33,901 [INFO] Época 2/30, Batch 1350/3348, Loss: 0.3470
2025-10-09 22:46:34,173 [INFO] Época 2/30, Batch 1400/3348, Loss: 0.2724
2025-10-09 22:46:34,441 [INFO] Época 2/30, Batch 1450/3348, Loss: 0.3154
2025-10-09 22:46:34,712 [INFO] Época 2/30, Batch 1500/3348, Loss: 0.3443
2025-10-09 22:46:34,973 [INFO] Época 2/30, Batch 1550/3348, Loss: 0.3940
2025-10-09 22:46:35,234 [INFO] Época 2/30, Batch 1600/3348, Loss: 0.2408
2025-10-09 22:46:35,495 [INFO] Época 2/30, Batch 1650/3348, Loss: 0.2873
2025-10-09 22:46:35,757 [INFO] Época 2/30, Batch 1700/3348, Loss: 0.3642
2025-10-09 22:46:36,027 [INFO] Época 2/30, Batch 1750/3348, Loss: 0.4033
2025-10-09 22:46:36,299 [INFO] Época 2/30, Batch 1800/3348, Loss: 0.3534
2025-10-09 22:46:36,570 [INFO] Época 2/30, Batch 1850/3348, Loss: 0.2861
2025-10-09 22:46:36,839 [INFO] Época 2/30, Batch 1900/3348, Loss: 0.3271
2025-10-09 22:46:37,100 [INFO] Época 2/30, Batch 1950/3348, Loss: 0.2747
2025-10-09 22:46:37,360 [INFO] Época 2/30, Batch 2000/3348, Loss: 0.3210
2025-10-09 22:46:37,621 [INFO] Época 2/30, Batch 2050/3348, Loss: 0.2685
2025-10-09 22:46:37,880 [INFO] Época 2/30, Batch 2100/3348, Loss: 0.3424
2025-10-09 22:46:38,140 [INFO] Época 2/30, Batch 2150/3348, Loss: 0.3964
2025-10-09 22:46:38,400 [INFO] Época 2/30, Batch 2200/3348, Loss: 0.3458
2025-10-09 22:46:38,659 [INFO] Época 2/30, Batch 2250/3348, Loss: 0.2801
2025-10-09 22:46:38,920 [INFO] Época 2/30, Batch 2300/3348, Loss: 0.3396
2025-10-09 22:46:39,182 [INFO] Época 2/30, Batch 2350/3348, Loss: 0.4704
2025-10-09 22:46:39,442 [INFO] Época 2/30, Batch 2400/3348, Loss: 0.2782
2025-10-09 22:46:39,703 [INFO] Época 2/30, Batch 2450/3348, Loss: 0.3175
2025-10-09 22:46:39,965 [INFO] Época 2/30, Batch 2500/3348, Loss: 0.3419
2025-10-09 22:46:40,226 [INFO] Época 2/30, Batch 2550/3348, Loss: 0.3476
2025-10-09 22:46:40,485 [INFO] Época 2/30, Batch 2600/3348, Loss: 0.3267
2025-10-09 22:46:40,750 [INFO] Época 2/30, Batch 2650/3348, Loss: 0.3360
2025-10-09 22:46:41,019 [INFO] Época 2/30, Batch 2700/3348, Loss: 0.3042
2025-10-09 22:46:41,288 [INFO] Época 2/30, Batch 2750/3348, Loss: 0.3135
2025-10-09 22:46:41,560 [INFO] Época 2/30, Batch 2800/3348, Loss: 0.3281
2025-10-09 22:46:41,828 [INFO] Época 2/30, Batch 2850/3348, Loss: 0.3562
2025-10-09 22:46:42,098 [INFO] Época 2/30, Batch 2900/3348, Loss: 0.2947
2025-10-09 22:46:42,366 [INFO] Época 2/30, Batch 2950/3348, Loss: 0.3074
2025-10-09 22:46:42,635 [INFO] Época 2/30, Batch 3000/3348, Loss: 0.3116
2025-10-09 22:46:42,902 [INFO] Época 2/30, Batch 3050/3348, Loss: 0.2286
2025-10-09 22:46:43,164 [INFO] Época 2/30, Batch 3100/3348, Loss: 0.3225
2025-10-09 22:46:43,426 [INFO] Época 2/30, Batch 3150/3348, Loss: 0.3495
2025-10-09 22:46:43,696 [INFO] Época 2/30, Batch 3200/3348, Loss: 0.3790
2025-10-09 22:46:43,957 [INFO] Época 2/30, Batch 3250/3348, Loss: 0.2769
2025-10-09 22:46:44,221 [INFO] Época 2/30, Batch 3300/3348, Loss: 0.3717
2025-10-09 22:46:46,181 [INFO] [2/30] Train Loss: 0.3312 | Val Loss: 0.3304 | Tempo: 19.75s
2025-10-09 22:46:46,186 [INFO] Melhor modelo salvo em: /mnt/hdd/home/jdurao/ToolBox-ChemXAI/models/mlp_qm9_Morgan_att5_large.pth
2025-10-09 22:46:46,809 [INFO] Época 3/30, Batch 50/3348, Loss: 0.2282
2025-10-09 22:46:47,091 [INFO] Época 3/30, Batch 100/3348, Loss: 0.2382
2025-10-09 22:46:47,370 [INFO] Época 3/30, Batch 150/3348, Loss: 0.2526
2025-10-09 22:46:47,648 [INFO] Época 3/30, Batch 200/3348, Loss: 0.2341
2025-10-09 22:46:47,924 [INFO] Época 3/30, Batch 250/3348, Loss: 0.3558
2025-10-09 22:46:48,198 [INFO] Época 3/30, Batch 300/3348, Loss: 0.2996
2025-10-09 22:46:48,473 [INFO] Época 3/30, Batch 350/3348, Loss: 0.2805
2025-10-09 22:46:48,749 [INFO] Época 3/30, Batch 400/3348, Loss: 0.3388
2025-10-09 22:46:49,023 [INFO] Época 3/30, Batch 450/3348, Loss: 0.4144
2025-10-09 22:46:49,299 [INFO] Época 3/30, Batch 500/3348, Loss: 0.2316
2025-10-09 22:46:49,575 [INFO] Época 3/30, Batch 550/3348, Loss: 0.2365
2025-10-09 22:46:49,850 [INFO] Época 3/30, Batch 600/3348, Loss: 0.3134
2025-10-09 22:46:50,120 [INFO] Época 3/30, Batch 650/3348, Loss: 0.4676
2025-10-09 22:46:50,392 [INFO] Época 3/30, Batch 700/3348, Loss: 0.2795
2025-10-09 22:46:50,653 [INFO] Época 3/30, Batch 750/3348, Loss: 0.2564
2025-10-09 22:46:50,916 [INFO] Época 3/30, Batch 800/3348, Loss: 0.3046
2025-10-09 22:46:51,179 [INFO] Época 3/30, Batch 850/3348, Loss: 0.3575
2025-10-09 22:46:51,444 [INFO] Época 3/30, Batch 900/3348, Loss: 0.2792
2025-10-09 22:46:51,704 [INFO] Época 3/30, Batch 950/3348, Loss: 0.3210
2025-10-09 22:46:51,966 [INFO] Época 3/30, Batch 1000/3348, Loss: 0.2794
2025-10-09 22:46:52,230 [INFO] Época 3/30, Batch 1050/3348, Loss: 0.1662
2025-10-09 22:46:52,496 [INFO] Época 3/30, Batch 1100/3348, Loss: 0.2610
2025-10-09 22:46:52,763 [INFO] Época 3/30, Batch 1150/3348, Loss: 0.3137
2025-10-09 22:46:53,026 [INFO] Época 3/30, Batch 1200/3348, Loss: 0.3168
2025-10-09 22:46:53,289 [INFO] Época 3/30, Batch 1250/3348, Loss: 0.2353
2025-10-09 22:46:53,553 [INFO] Época 3/30, Batch 1300/3348, Loss: 0.2959
2025-10-09 22:46:53,815 [INFO] Época 3/30, Batch 1350/3348, Loss: 0.2454
2025-10-09 22:46:54,078 [INFO] Época 3/30, Batch 1400/3348, Loss: 0.2395
2025-10-09 22:46:54,348 [INFO] Época 3/30, Batch 1450/3348, Loss: 0.3136
2025-10-09 22:46:54,623 [INFO] Época 3/30, Batch 1500/3348, Loss: 0.3032
2025-10-09 22:46:54,889 [INFO] Época 3/30, Batch 1550/3348, Loss: 0.3014
2025-10-09 22:46:55,151 [INFO] Época 3/30, Batch 1600/3348, Loss: 0.3414
2025-10-09 22:46:55,413 [INFO] Época 3/30, Batch 1650/3348, Loss: 0.3039
2025-10-09 22:46:55,677 [INFO] Época 3/30, Batch 1700/3348, Loss: 0.2801
2025-10-09 22:46:55,948 [INFO] Época 3/30, Batch 1750/3348, Loss: 0.3397
2025-10-09 22:46:56,224 [INFO] Época 3/30, Batch 1800/3348, Loss: 0.3551
2025-10-09 22:46:56,494 [INFO] Época 3/30, Batch 1850/3348, Loss: 0.3133
2025-10-09 22:46:56,769 [INFO] Época 3/30, Batch 1900/3348, Loss: 0.2343
2025-10-09 22:46:57,039 [INFO] Época 3/30, Batch 1950/3348, Loss: 0.3107
2025-10-09 22:46:57,312 [INFO] Época 3/30, Batch 2000/3348, Loss: 0.2599
2025-10-09 22:46:57,585 [INFO] Época 3/30, Batch 2050/3348, Loss: 0.3030
2025-10-09 22:46:57,849 [INFO] Época 3/30, Batch 2100/3348, Loss: 0.3163
2025-10-09 22:46:58,112 [INFO] Época 3/30, Batch 2150/3348, Loss: 0.4335
2025-10-09 22:46:58,376 [INFO] Época 3/30, Batch 2200/3348, Loss: 0.3407
2025-10-09 22:46:58,639 [INFO] Época 3/30, Batch 2250/3348, Loss: 0.2745
2025-10-09 22:46:58,903 [INFO] Época 3/30, Batch 2300/3348, Loss: 0.2792
2025-10-09 22:46:59,164 [INFO] Época 3/30, Batch 2350/3348, Loss: 0.3371
2025-10-09 22:46:59,426 [INFO] Época 3/30, Batch 2400/3348, Loss: 0.3999
2025-10-09 22:46:59,690 [INFO] Época 3/30, Batch 2450/3348, Loss: 0.2457
2025-10-09 22:46:59,961 [INFO] Época 3/30, Batch 2500/3348, Loss: 0.3333
2025-10-09 22:47:00,231 [INFO] Época 3/30, Batch 2550/3348, Loss: 0.2864
2025-10-09 22:47:00,492 [INFO] Época 3/30, Batch 2600/3348, Loss: 0.3037
2025-10-09 22:47:00,753 [INFO] Época 3/30, Batch 2650/3348, Loss: 0.2704
2025-10-09 22:47:01,014 [INFO] Época 3/30, Batch 2700/3348, Loss: 0.4357
2025-10-09 22:47:01,278 [INFO] Época 3/30, Batch 2750/3348, Loss: 0.3596
2025-10-09 22:47:01,544 [INFO] Época 3/30, Batch 2800/3348, Loss: 0.3692
2025-10-09 22:47:01,816 [INFO] Época 3/30, Batch 2850/3348, Loss: 0.2230
2025-10-09 22:47:02,091 [INFO] Época 3/30, Batch 2900/3348, Loss: 0.3453
2025-10-09 22:47:02,359 [INFO] Época 3/30, Batch 2950/3348, Loss: 0.2368
2025-10-09 22:47:02,634 [INFO] Época 3/30, Batch 3000/3348, Loss: 0.2882
2025-10-09 22:47:02,907 [INFO] Época 3/30, Batch 3050/3348, Loss: 0.3285
2025-10-09 22:47:03,181 [INFO] Época 3/30, Batch 3100/3348, Loss: 0.3448
2025-10-09 22:47:03,450 [INFO] Época 3/30, Batch 3150/3348, Loss: 0.3124
2025-10-09 22:47:03,717 [INFO] Época 3/30, Batch 3200/3348, Loss: 0.2998
2025-10-09 22:47:03,979 [INFO] Época 3/30, Batch 3250/3348, Loss: 0.3354
2025-10-09 22:47:04,241 [INFO] Época 3/30, Batch 3300/3348, Loss: 0.2624
2025-10-09 22:47:06,093 [INFO] [3/30] Train Loss: 0.2990 | Val Loss: 0.3199 | Tempo: 19.91s
2025-10-09 22:47:06,098 [INFO] Melhor modelo salvo em: /mnt/hdd/home/jdurao/ToolBox-ChemXAI/models/mlp_qm9_Morgan_att5_large.pth
2025-10-09 22:47:06,703 [INFO] Época 4/30, Batch 50/3348, Loss: 0.2954
2025-10-09 22:47:06,971 [INFO] Época 4/30, Batch 100/3348, Loss: 0.2909
2025-10-09 22:47:07,236 [INFO] Época 4/30, Batch 150/3348, Loss: 0.2296
2025-10-09 22:47:07,497 [INFO] Época 4/30, Batch 200/3348, Loss: 0.2210
2025-10-09 22:47:07,760 [INFO] Época 4/30, Batch 250/3348, Loss: 0.3036
2025-10-09 22:47:08,022 [INFO] Época 4/30, Batch 300/3348, Loss: 0.3391
2025-10-09 22:47:08,282 [INFO] Época 4/30, Batch 350/3348, Loss: 0.3023
2025-10-09 22:47:08,544 [INFO] Época 4/30, Batch 400/3348, Loss: 0.2933
2025-10-09 22:47:08,806 [INFO] Época 4/30, Batch 450/3348, Loss: 0.3222
2025-10-09 22:47:09,067 [INFO] Época 4/30, Batch 500/3348, Loss: 0.2895
2025-10-09 22:47:09,329 [INFO] Época 4/30, Batch 550/3348, Loss: 0.3016
2025-10-09 22:47:09,590 [INFO] Época 4/30, Batch 600/3348, Loss: 0.2483
2025-10-09 22:47:09,853 [INFO] Época 4/30, Batch 650/3348, Loss: 0.4186
2025-10-09 22:47:10,113 [INFO] Época 4/30, Batch 700/3348, Loss: 0.2858
2025-10-09 22:47:10,372 [INFO] Época 4/30, Batch 750/3348, Loss: 0.2572
2025-10-09 22:47:10,635 [INFO] Época 4/30, Batch 800/3348, Loss: 0.2726
2025-10-09 22:47:10,903 [INFO] Época 4/30, Batch 850/3348, Loss: 0.3529
2025-10-09 22:47:11,173 [INFO] Época 4/30, Batch 900/3348, Loss: 0.2717
2025-10-09 22:47:11,443 [INFO] Época 4/30, Batch 950/3348, Loss: 0.2970
2025-10-09 22:47:11,711 [INFO] Época 4/30, Batch 1000/3348, Loss: 0.2823
2025-10-09 22:47:11,981 [INFO] Época 4/30, Batch 1050/3348, Loss: 0.2688
2025-10-09 22:47:12,250 [INFO] Época 4/30, Batch 1100/3348, Loss: 0.3950
2025-10-09 22:47:12,519 [INFO] Época 4/30, Batch 1150/3348, Loss: 0.2464
2025-10-09 22:47:12,780 [INFO] Época 4/30, Batch 1200/3348, Loss: 0.2999
2025-10-09 22:47:13,042 [INFO] Época 4/30, Batch 1250/3348, Loss: 0.3047
2025-10-09 22:47:13,302 [INFO] Época 4/30, Batch 1300/3348, Loss: 0.2588
2025-10-09 22:47:13,564 [INFO] Época 4/30, Batch 1350/3348, Loss: 0.3006
2025-10-09 22:47:13,824 [INFO] Época 4/30, Batch 1400/3348, Loss: 0.2262
2025-10-09 22:47:14,085 [INFO] Época 4/30, Batch 1450/3348, Loss: 0.2915
2025-10-09 22:47:14,346 [INFO] Época 4/30, Batch 1500/3348, Loss: 0.2961
2025-10-09 22:47:14,607 [INFO] Época 4/30, Batch 1550/3348, Loss: 0.2819
2025-10-09 22:47:14,870 [INFO] Época 4/30, Batch 1600/3348, Loss: 0.2135
2025-10-09 22:47:15,131 [INFO] Época 4/30, Batch 1650/3348, Loss: 0.2688
2025-10-09 22:47:15,393 [INFO] Época 4/30, Batch 1700/3348, Loss: 0.2657
2025-10-09 22:47:15,653 [INFO] Época 4/30, Batch 1750/3348, Loss: 0.3595
2025-10-09 22:47:15,914 [INFO] Época 4/30, Batch 1800/3348, Loss: 0.3332
2025-10-09 22:47:16,176 [INFO] Época 4/30, Batch 1850/3348, Loss: 0.2380
2025-10-09 22:47:16,446 [INFO] Época 4/30, Batch 1900/3348, Loss: 0.3035
2025-10-09 22:47:16,714 [INFO] Época 4/30, Batch 1950/3348, Loss: 0.2899
2025-10-09 22:47:16,984 [INFO] Época 4/30, Batch 2000/3348, Loss: 0.2351
2025-10-09 22:47:17,254 [INFO] Época 4/30, Batch 2050/3348, Loss: 0.2623
2025-10-09 22:47:17,525 [INFO] Época 4/30, Batch 2100/3348, Loss: 0.2801
2025-10-09 22:47:17,795 [INFO] Época 4/30, Batch 2150/3348, Loss: 0.2822
2025-10-09 22:47:18,068 [INFO] Época 4/30, Batch 2200/3348, Loss: 0.2615
2025-10-09 22:47:18,337 [INFO] Época 4/30, Batch 2250/3348, Loss: 0.1944
2025-10-09 22:47:18,606 [INFO] Época 4/30, Batch 2300/3348, Loss: 0.2875
2025-10-09 22:47:18,871 [INFO] Época 4/30, Batch 2350/3348, Loss: 0.2529
2025-10-09 22:47:19,139 [INFO] Época 4/30, Batch 2400/3348, Loss: 0.1943
2025-10-09 22:47:19,409 [INFO] Época 4/30, Batch 2450/3348, Loss: 0.2134
2025-10-09 22:47:19,678 [INFO] Época 4/30, Batch 2500/3348, Loss: 0.2722
2025-10-09 22:47:19,936 [INFO] Época 4/30, Batch 2550/3348, Loss: 0.2053
2025-10-09 22:47:20,197 [INFO] Época 4/30, Batch 2600/3348, Loss: 0.3766
2025-10-09 22:47:20,457 [INFO] Época 4/30, Batch 2650/3348, Loss: 0.2448
2025-10-09 22:47:20,717 [INFO] Época 4/30, Batch 2700/3348, Loss: 0.2355
2025-10-09 22:47:20,978 [INFO] Época 4/30, Batch 2750/3348, Loss: 0.2365
2025-10-09 22:47:21,239 [INFO] Época 4/30, Batch 2800/3348, Loss: 0.2094
2025-10-09 22:47:21,500 [INFO] Época 4/30, Batch 2850/3348, Loss: 0.3758
2025-10-09 22:47:21,762 [INFO] Época 4/30, Batch 2900/3348, Loss: 0.2949
2025-10-09 22:47:22,023 [INFO] Época 4/30, Batch 2950/3348, Loss: 0.3703
2025-10-09 22:47:22,285 [INFO] Época 4/30, Batch 3000/3348, Loss: 0.2391
2025-10-09 22:47:22,546 [INFO] Época 4/30, Batch 3050/3348, Loss: 0.2333
2025-10-09 22:47:22,807 [INFO] Época 4/30, Batch 3100/3348, Loss: 0.2862
2025-10-09 22:47:23,070 [INFO] Época 4/30, Batch 3150/3348, Loss: 0.2890
2025-10-09 22:47:23,332 [INFO] Época 4/30, Batch 3200/3348, Loss: 0.2312
2025-10-09 22:47:23,592 [INFO] Época 4/30, Batch 3250/3348, Loss: 0.2608
2025-10-09 22:47:23,853 [INFO] Época 4/30, Batch 3300/3348, Loss: 0.3210
2025-10-09 22:47:25,653 [INFO] [4/30] Train Loss: 0.2781 | Val Loss: 0.3126 | Tempo: 19.55s
2025-10-09 22:47:25,658 [INFO] Melhor modelo salvo em: /mnt/hdd/home/jdurao/ToolBox-ChemXAI/models/mlp_qm9_Morgan_att5_large.pth
2025-10-09 22:47:26,262 [INFO] Época 5/30, Batch 50/3348, Loss: 0.2217
2025-10-09 22:47:26,538 [INFO] Época 5/30, Batch 100/3348, Loss: 0.2158
2025-10-09 22:47:26,808 [INFO] Época 5/30, Batch 150/3348, Loss: 0.2938
2025-10-09 22:47:27,086 [INFO] Época 5/30, Batch 200/3348, Loss: 0.2488
2025-10-09 22:47:27,359 [INFO] Época 5/30, Batch 250/3348, Loss: 0.2263
2025-10-09 22:47:27,626 [INFO] Época 5/30, Batch 300/3348, Loss: 0.2999
2025-10-09 22:47:27,892 [INFO] Época 5/30, Batch 350/3348, Loss: 0.2758
2025-10-09 22:47:28,160 [INFO] Época 5/30, Batch 400/3348, Loss: 0.2556
2025-10-09 22:47:28,426 [INFO] Época 5/30, Batch 450/3348, Loss: 0.2567
2025-10-09 22:47:28,692 [INFO] Época 5/30, Batch 500/3348, Loss: 0.2308
2025-10-09 22:47:28,958 [INFO] Época 5/30, Batch 550/3348, Loss: 0.2339
2025-10-09 22:47:29,224 [INFO] Época 5/30, Batch 600/3348, Loss: 0.2673
2025-10-09 22:47:29,490 [INFO] Época 5/30, Batch 650/3348, Loss: 0.2097
2025-10-09 22:47:29,747 [INFO] Época 5/30, Batch 700/3348, Loss: 0.2228
2025-10-09 22:47:30,002 [INFO] Época 5/30, Batch 750/3348, Loss: 0.3115
2025-10-09 22:47:30,257 [INFO] Época 5/30, Batch 800/3348, Loss: 0.3026
2025-10-09 22:47:30,518 [INFO] Época 5/30, Batch 850/3348, Loss: 0.2433
2025-10-09 22:47:30,782 [INFO] Época 5/30, Batch 900/3348, Loss: 0.2378
2025-10-09 22:47:31,047 [INFO] Época 5/30, Batch 950/3348, Loss: 0.2520
2025-10-09 22:47:31,312 [INFO] Época 5/30, Batch 1000/3348, Loss: 0.3059
2025-10-09 22:47:31,576 [INFO] Época 5/30, Batch 1050/3348, Loss: 0.2821
2025-10-09 22:47:31,841 [INFO] Época 5/30, Batch 1100/3348, Loss: 0.2149
2025-10-09 22:47:32,104 [INFO] Época 5/30, Batch 1150/3348, Loss: 0.3181
2025-10-09 22:47:32,369 [INFO] Época 5/30, Batch 1200/3348, Loss: 0.2733
2025-10-09 22:47:32,633 [INFO] Época 5/30, Batch 1250/3348, Loss: 0.2946
2025-10-09 22:47:32,898 [INFO] Época 5/30, Batch 1300/3348, Loss: 0.2437
2025-10-09 22:47:33,165 [INFO] Época 5/30, Batch 1350/3348, Loss: 0.2410
2025-10-09 22:47:33,432 [INFO] Época 5/30, Batch 1400/3348, Loss: 0.2051
2025-10-09 22:47:33,698 [INFO] Época 5/30, Batch 1450/3348, Loss: 0.2758
2025-10-09 22:47:33,963 [INFO] Época 5/30, Batch 1500/3348, Loss: 0.1935
2025-10-09 22:47:34,227 [INFO] Época 5/30, Batch 1550/3348, Loss: 0.2533
2025-10-09 22:47:34,491 [INFO] Época 5/30, Batch 1600/3348, Loss: 0.2568
2025-10-09 22:47:34,759 [INFO] Época 5/30, Batch 1650/3348, Loss: 0.1989
2025-10-09 22:47:35,024 [INFO] Época 5/30, Batch 1700/3348, Loss: 0.2467
2025-10-09 22:47:35,294 [INFO] Época 5/30, Batch 1750/3348, Loss: 0.2765
2025-10-09 22:47:35,569 [INFO] Época 5/30, Batch 1800/3348, Loss: 0.2925
2025-10-09 22:47:35,838 [INFO] Época 5/30, Batch 1850/3348, Loss: 0.3146
2025-10-09 22:47:36,104 [INFO] Época 5/30, Batch 1900/3348, Loss: 0.2709
2025-10-09 22:47:36,369 [INFO] Época 5/30, Batch 1950/3348, Loss: 0.2761
2025-10-09 22:47:36,633 [INFO] Época 5/30, Batch 2000/3348, Loss: 0.3623
2025-10-09 22:47:36,908 [INFO] Época 5/30, Batch 2050/3348, Loss: 0.4149
2025-10-09 22:47:37,185 [INFO] Época 5/30, Batch 2100/3348, Loss: 0.2645
2025-10-09 22:47:37,460 [INFO] Época 5/30, Batch 2150/3348, Loss: 0.3030
2025-10-09 22:47:37,736 [INFO] Época 5/30, Batch 2200/3348, Loss: 0.2499
2025-10-09 22:47:38,010 [INFO] Época 5/30, Batch 2250/3348, Loss: 0.2707
2025-10-09 22:47:38,285 [INFO] Época 5/30, Batch 2300/3348, Loss: 0.2582
2025-10-09 22:47:38,551 [INFO] Época 5/30, Batch 2350/3348, Loss: 0.1936
2025-10-09 22:47:38,828 [INFO] Época 5/30, Batch 2400/3348, Loss: 0.3199
2025-10-09 22:47:39,093 [INFO] Época 5/30, Batch 2450/3348, Loss: 0.2359
2025-10-09 22:47:39,357 [INFO] Época 5/30, Batch 2500/3348, Loss: 0.2249
2025-10-09 22:47:39,622 [INFO] Época 5/30, Batch 2550/3348, Loss: 0.2562
2025-10-09 22:47:39,888 [INFO] Época 5/30, Batch 2600/3348, Loss: 0.1933
2025-10-09 22:47:40,154 [INFO] Época 5/30, Batch 2650/3348, Loss: 0.2448
2025-10-09 22:47:40,419 [INFO] Época 5/30, Batch 2700/3348, Loss: 0.3319
2025-10-09 22:47:40,690 [INFO] Época 5/30, Batch 2750/3348, Loss: 0.2462
2025-10-09 22:47:40,966 [INFO] Época 5/30, Batch 2800/3348, Loss: 0.3220
2025-10-09 22:47:41,241 [INFO] Época 5/30, Batch 2850/3348, Loss: 0.2192
2025-10-09 22:47:41,517 [INFO] Época 5/30, Batch 2900/3348, Loss: 0.3293
2025-10-09 22:47:41,780 [INFO] Época 5/30, Batch 2950/3348, Loss: 0.2879
2025-10-09 22:47:42,042 [INFO] Época 5/30, Batch 3000/3348, Loss: 0.2091
2025-10-09 22:47:42,302 [INFO] Época 5/30, Batch 3050/3348, Loss: 0.2542
2025-10-09 22:47:42,564 [INFO] Época 5/30, Batch 3100/3348, Loss: 0.2528
2025-10-09 22:47:42,833 [INFO] Época 5/30, Batch 3150/3348, Loss: 0.3161
2025-10-09 22:47:43,107 [INFO] Época 5/30, Batch 3200/3348, Loss: 0.3150
2025-10-09 22:47:43,379 [INFO] Época 5/30, Batch 3250/3348, Loss: 0.1903
2025-10-09 22:47:43,651 [INFO] Época 5/30, Batch 3300/3348, Loss: 0.2377
2025-10-09 22:47:45,583 [INFO] [5/30] Train Loss: 0.2624 | Val Loss: 0.3118 | Tempo: 19.92s
2025-10-09 22:47:45,588 [INFO] Melhor modelo salvo em: /mnt/hdd/home/jdurao/ToolBox-ChemXAI/models/mlp_qm9_Morgan_att5_large.pth
2025-10-09 22:47:46,193 [INFO] Época 6/30, Batch 50/3348, Loss: 0.2048
2025-10-09 22:47:46,462 [INFO] Época 6/30, Batch 100/3348, Loss: 0.2323
2025-10-09 22:47:46,732 [INFO] Época 6/30, Batch 150/3348, Loss: 0.2226
2025-10-09 22:47:46,998 [INFO] Época 6/30, Batch 200/3348, Loss: 0.2271
2025-10-09 22:47:47,266 [INFO] Época 6/30, Batch 250/3348, Loss: 0.2422
2025-10-09 22:47:47,533 [INFO] Época 6/30, Batch 300/3348, Loss: 0.2800
2025-10-09 22:47:47,797 [INFO] Época 6/30, Batch 350/3348, Loss: 0.2520
2025-10-09 22:47:48,060 [INFO] Época 6/30, Batch 400/3348, Loss: 0.2249
2025-10-09 22:47:48,323 [INFO] Época 6/30, Batch 450/3348, Loss: 0.1906
2025-10-09 22:47:48,586 [INFO] Época 6/30, Batch 500/3348, Loss: 0.2139
2025-10-09 22:47:48,850 [INFO] Época 6/30, Batch 550/3348, Loss: 0.2247
2025-10-09 22:47:49,112 [INFO] Época 6/30, Batch 600/3348, Loss: 0.2310
2025-10-09 22:47:49,375 [INFO] Época 6/30, Batch 650/3348, Loss: 0.2300
2025-10-09 22:47:49,637 [INFO] Época 6/30, Batch 700/3348, Loss: 0.1927
2025-10-09 22:47:49,899 [INFO] Época 6/30, Batch 750/3348, Loss: 0.3344
2025-10-09 22:47:50,160 [INFO] Época 6/30, Batch 800/3348, Loss: 0.1535
2025-10-09 22:47:50,419 [INFO] Época 6/30, Batch 850/3348, Loss: 0.2767
2025-10-09 22:47:50,681 [INFO] Época 6/30, Batch 900/3348, Loss: 0.2800
2025-10-09 22:47:50,942 [INFO] Época 6/30, Batch 950/3348, Loss: 0.1689
2025-10-09 22:47:51,202 [INFO] Época 6/30, Batch 1000/3348, Loss: 0.3065
2025-10-09 22:47:51,466 [INFO] Época 6/30, Batch 1050/3348, Loss: 0.2868
2025-10-09 22:47:51,728 [INFO] Época 6/30, Batch 1100/3348, Loss: 0.2389
2025-10-09 22:47:51,990 [INFO] Época 6/30, Batch 1150/3348, Loss: 0.2192
2025-10-09 22:47:52,251 [INFO] Época 6/30, Batch 1200/3348, Loss: 0.2306
2025-10-09 22:47:52,514 [INFO] Época 6/30, Batch 1250/3348, Loss: 0.2161
2025-10-09 22:47:52,775 [INFO] Época 6/30, Batch 1300/3348, Loss: 0.2542
2025-10-09 22:47:53,046 [INFO] Época 6/30, Batch 1350/3348, Loss: 0.3920
2025-10-09 22:47:53,309 [INFO] Época 6/30, Batch 1400/3348, Loss: 0.2877
2025-10-09 22:47:53,571 [INFO] Época 6/30, Batch 1450/3348, Loss: 0.1436
2025-10-09 22:47:53,832 [INFO] Época 6/30, Batch 1500/3348, Loss: 0.1948
2025-10-09 22:47:54,092 [INFO] Época 6/30, Batch 1550/3348, Loss: 0.2733
2025-10-09 22:47:54,360 [INFO] Época 6/30, Batch 1600/3348, Loss: 0.1948
2025-10-09 22:47:54,627 [INFO] Época 6/30, Batch 1650/3348, Loss: 0.2949
2025-10-09 22:47:54,895 [INFO] Época 6/30, Batch 1700/3348, Loss: 0.2818
2025-10-09 22:47:55,163 [INFO] Época 6/30, Batch 1750/3348, Loss: 0.2707
2025-10-09 22:47:55,423 [INFO] Época 6/30, Batch 1800/3348, Loss: 0.3199
2025-10-09 22:47:55,685 [INFO] Época 6/30, Batch 1850/3348, Loss: 0.2401
2025-10-09 22:47:55,948 [INFO] Época 6/30, Batch 1900/3348, Loss: 0.2517
2025-10-09 22:47:56,210 [INFO] Época 6/30, Batch 1950/3348, Loss: 0.2529
2025-10-09 22:47:56,472 [INFO] Época 6/30, Batch 2000/3348, Loss: 0.2124
2025-10-09 22:47:56,734 [INFO] Época 6/30, Batch 2050/3348, Loss: 0.2497
2025-10-09 22:47:56,995 [INFO] Época 6/30, Batch 2100/3348, Loss: 0.2243
2025-10-09 22:47:57,256 [INFO] Época 6/30, Batch 2150/3348, Loss: 0.2706
2025-10-09 22:47:57,518 [INFO] Época 6/30, Batch 2200/3348, Loss: 0.3017
2025-10-09 22:47:57,780 [INFO] Época 6/30, Batch 2250/3348, Loss: 0.2719
2025-10-09 22:47:58,052 [INFO] Época 6/30, Batch 2300/3348, Loss: 0.1581
2025-10-09 22:47:58,315 [INFO] Época 6/30, Batch 2350/3348, Loss: 0.2502
2025-10-09 22:47:58,578 [INFO] Época 6/30, Batch 2400/3348, Loss: 0.2447
2025-10-09 22:47:58,840 [INFO] Época 6/30, Batch 2450/3348, Loss: 0.2562
2025-10-09 22:47:59,106 [INFO] Época 6/30, Batch 2500/3348, Loss: 0.2726
2025-10-09 22:47:59,375 [INFO] Época 6/30, Batch 2550/3348, Loss: 0.2664
2025-10-09 22:47:59,644 [INFO] Época 6/30, Batch 2600/3348, Loss: 0.2386
2025-10-09 22:47:59,914 [INFO] Época 6/30, Batch 2650/3348, Loss: 0.2758
2025-10-09 22:48:00,184 [INFO] Época 6/30, Batch 2700/3348, Loss: 0.2212
2025-10-09 22:48:00,452 [INFO] Época 6/30, Batch 2750/3348, Loss: 0.2316
2025-10-09 22:48:00,713 [INFO] Época 6/30, Batch 2800/3348, Loss: 0.2737
2025-10-09 22:48:00,976 [INFO] Época 6/30, Batch 2850/3348, Loss: 0.2371
2025-10-09 22:48:01,236 [INFO] Época 6/30, Batch 2900/3348, Loss: 0.2809
2025-10-09 22:48:01,501 [INFO] Época 6/30, Batch 2950/3348, Loss: 0.3526
2025-10-09 22:48:01,766 [INFO] Época 6/30, Batch 3000/3348, Loss: 0.2381
2025-10-09 22:48:02,030 [INFO] Época 6/30, Batch 3050/3348, Loss: 0.2733
2025-10-09 22:48:02,293 [INFO] Época 6/30, Batch 3100/3348, Loss: 0.2158
2025-10-09 22:48:02,557 [INFO] Época 6/30, Batch 3150/3348, Loss: 0.3755
2025-10-09 22:48:02,821 [INFO] Época 6/30, Batch 3200/3348, Loss: 0.2400
2025-10-09 22:48:03,082 [INFO] Época 6/30, Batch 3250/3348, Loss: 0.3147
2025-10-09 22:48:03,344 [INFO] Época 6/30, Batch 3300/3348, Loss: 0.2404
2025-10-09 22:48:05,252 [INFO] [6/30] Train Loss: 0.2500 | Val Loss: 0.3072 | Tempo: 19.66s
2025-10-09 22:48:05,257 [INFO] Melhor modelo salvo em: /mnt/hdd/home/jdurao/ToolBox-ChemXAI/models/mlp_qm9_Morgan_att5_large.pth
2025-10-09 22:48:05,862 [INFO] Época 7/30, Batch 50/3348, Loss: 0.3042
2025-10-09 22:48:06,128 [INFO] Época 7/30, Batch 100/3348, Loss: 0.2516
2025-10-09 22:48:06,392 [INFO] Época 7/30, Batch 150/3348, Loss: 0.2037
2025-10-09 22:48:06,654 [INFO] Época 7/30, Batch 200/3348, Loss: 0.2467
2025-10-09 22:48:06,916 [INFO] Época 7/30, Batch 250/3348, Loss: 0.2498
2025-10-09 22:48:07,177 [INFO] Época 7/30, Batch 300/3348, Loss: 0.1595
2025-10-09 22:48:07,437 [INFO] Época 7/30, Batch 350/3348, Loss: 0.2337
2025-10-09 22:48:07,698 [INFO] Época 7/30, Batch 400/3348, Loss: 0.2180
2025-10-09 22:48:07,958 [INFO] Época 7/30, Batch 450/3348, Loss: 0.2270
2025-10-09 22:48:08,220 [INFO] Época 7/30, Batch 500/3348, Loss: 0.2689
2025-10-09 22:48:08,481 [INFO] Época 7/30, Batch 550/3348, Loss: 0.1890
2025-10-09 22:48:08,741 [INFO] Época 7/30, Batch 600/3348, Loss: 0.2334
2025-10-09 22:48:09,002 [INFO] Época 7/30, Batch 650/3348, Loss: 0.1876
2025-10-09 22:48:09,262 [INFO] Época 7/30, Batch 700/3348, Loss: 0.2675
2025-10-09 22:48:09,521 [INFO] Época 7/30, Batch 750/3348, Loss: 0.2564
2025-10-09 22:48:09,780 [INFO] Época 7/30, Batch 800/3348, Loss: 0.2053
2025-10-09 22:48:10,038 [INFO] Época 7/30, Batch 850/3348, Loss: 0.2144
2025-10-09 22:48:10,298 [INFO] Época 7/30, Batch 900/3348, Loss: 0.2125
2025-10-09 22:48:10,559 [INFO] Época 7/30, Batch 950/3348, Loss: 0.2016
2025-10-09 22:48:10,821 [INFO] Época 7/30, Batch 1000/3348, Loss: 0.1867
2025-10-09 22:48:11,081 [INFO] Época 7/30, Batch 1050/3348, Loss: 0.2303
2025-10-09 22:48:11,341 [INFO] Época 7/30, Batch 1100/3348, Loss: 0.2283
2025-10-09 22:48:11,601 [INFO] Época 7/30, Batch 1150/3348, Loss: 0.2232
2025-10-09 22:48:11,863 [INFO] Época 7/30, Batch 1200/3348, Loss: 0.1906
2025-10-09 22:48:12,123 [INFO] Época 7/30, Batch 1250/3348, Loss: 0.2156
2025-10-09 22:48:12,382 [INFO] Época 7/30, Batch 1300/3348, Loss: 0.2228
2025-10-09 22:48:12,643 [INFO] Época 7/30, Batch 1350/3348, Loss: 0.2920
2025-10-09 22:48:12,903 [INFO] Época 7/30, Batch 1400/3348, Loss: 0.1833
2025-10-09 22:48:13,166 [INFO] Época 7/30, Batch 1450/3348, Loss: 0.2207
2025-10-09 22:48:13,426 [INFO] Época 7/30, Batch 1500/3348, Loss: 0.1904
2025-10-09 22:48:13,688 [INFO] Época 7/30, Batch 1550/3348, Loss: 0.2270
2025-10-09 22:48:13,947 [INFO] Época 7/30, Batch 1600/3348, Loss: 0.2045
2025-10-09 22:48:14,208 [INFO] Época 7/30, Batch 1650/3348, Loss: 0.4109
2025-10-09 22:48:14,470 [INFO] Época 7/30, Batch 1700/3348, Loss: 0.4319
2025-10-09 22:48:14,729 [INFO] Época 7/30, Batch 1750/3348, Loss: 0.1759
2025-10-09 22:48:14,988 [INFO] Época 7/30, Batch 1800/3348, Loss: 0.2706
2025-10-09 22:48:15,247 [INFO] Época 7/30, Batch 1850/3348, Loss: 0.2097
2025-10-09 22:48:15,505 [INFO] Época 7/30, Batch 1900/3348, Loss: 0.2587
2025-10-09 22:48:15,765 [INFO] Época 7/30, Batch 1950/3348, Loss: 0.2165
2025-10-09 22:48:16,024 [INFO] Época 7/30, Batch 2000/3348, Loss: 0.2708
2025-10-09 22:48:16,284 [INFO] Época 7/30, Batch 2050/3348, Loss: 0.2239
2025-10-09 22:48:16,546 [INFO] Época 7/30, Batch 2100/3348, Loss: 0.2113
2025-10-09 22:48:16,804 [INFO] Época 7/30, Batch 2150/3348, Loss: 0.2466
2025-10-09 22:48:17,064 [INFO] Época 7/30, Batch 2200/3348, Loss: 0.2050
2025-10-09 22:48:17,322 [INFO] Época 7/30, Batch 2250/3348, Loss: 0.2130
2025-10-09 22:48:17,582 [INFO] Época 7/30, Batch 2300/3348, Loss: 0.2043
2025-10-09 22:48:17,844 [INFO] Época 7/30, Batch 2350/3348, Loss: 0.2933
2025-10-09 22:48:18,104 [INFO] Época 7/30, Batch 2400/3348, Loss: 0.2824
2025-10-09 22:48:18,367 [INFO] Época 7/30, Batch 2450/3348, Loss: 0.2016
2025-10-09 22:48:18,627 [INFO] Época 7/30, Batch 2500/3348, Loss: 0.2324
2025-10-09 22:48:18,888 [INFO] Época 7/30, Batch 2550/3348, Loss: 0.2484
2025-10-09 22:48:19,149 [INFO] Época 7/30, Batch 2600/3348, Loss: 0.2472
2025-10-09 22:48:19,410 [INFO] Época 7/30, Batch 2650/3348, Loss: 0.2349
2025-10-09 22:48:19,672 [INFO] Época 7/30, Batch 2700/3348, Loss: 0.3133
2025-10-09 22:48:19,933 [INFO] Época 7/30, Batch 2750/3348, Loss: 0.2850
2025-10-09 22:48:20,193 [INFO] Época 7/30, Batch 2800/3348, Loss: 0.2672
2025-10-09 22:48:20,454 [INFO] Época 7/30, Batch 2850/3348, Loss: 0.2832
2025-10-09 22:48:20,713 [INFO] Época 7/30, Batch 2900/3348, Loss: 0.2186
2025-10-09 22:48:20,974 [INFO] Época 7/30, Batch 2950/3348, Loss: 0.2536
2025-10-09 22:48:21,238 [INFO] Época 7/30, Batch 3000/3348, Loss: 0.2398
2025-10-09 22:48:21,499 [INFO] Época 7/30, Batch 3050/3348, Loss: 0.3313
2025-10-09 22:48:21,759 [INFO] Época 7/30, Batch 3100/3348, Loss: 0.2454
2025-10-09 22:48:22,021 [INFO] Época 7/30, Batch 3150/3348, Loss: 0.2357
2025-10-09 22:48:22,282 [INFO] Época 7/30, Batch 3200/3348, Loss: 0.2896
2025-10-09 22:48:22,543 [INFO] Época 7/30, Batch 3250/3348, Loss: 0.2282
2025-10-09 22:48:22,804 [INFO] Época 7/30, Batch 3300/3348, Loss: 0.4116
2025-10-09 22:48:24,774 [INFO] [7/30] Train Loss: 0.2395 | Val Loss: 0.3029 | Tempo: 19.52s
2025-10-09 22:48:24,779 [INFO] Melhor modelo salvo em: /mnt/hdd/home/jdurao/ToolBox-ChemXAI/models/mlp_qm9_Morgan_att5_large.pth
2025-10-09 22:48:25,387 [INFO] Época 8/30, Batch 50/3348, Loss: 0.2392
2025-10-09 22:48:25,662 [INFO] Época 8/30, Batch 100/3348, Loss: 0.1934
2025-10-09 22:48:25,934 [INFO] Época 8/30, Batch 150/3348, Loss: 0.2277
2025-10-09 22:48:26,207 [INFO] Época 8/30, Batch 200/3348, Loss: 0.2310
2025-10-09 22:48:26,477 [INFO] Época 8/30, Batch 250/3348, Loss: 0.1840
2025-10-09 22:48:26,748 [INFO] Época 8/30, Batch 300/3348, Loss: 0.1988
2025-10-09 22:48:27,016 [INFO] Época 8/30, Batch 350/3348, Loss: 0.2231
2025-10-09 22:48:27,286 [INFO] Época 8/30, Batch 400/3348, Loss: 0.1877
2025-10-09 22:48:27,557 [INFO] Época 8/30, Batch 450/3348, Loss: 0.2495
2025-10-09 22:48:27,826 [INFO] Época 8/30, Batch 500/3348, Loss: 0.3490
2025-10-09 22:48:28,096 [INFO] Época 8/30, Batch 550/3348, Loss: 0.2287
2025-10-09 22:48:28,369 [INFO] Época 8/30, Batch 600/3348, Loss: 0.2222
2025-10-09 22:48:28,644 [INFO] Época 8/30, Batch 650/3348, Loss: 0.2187
2025-10-09 22:48:28,919 [INFO] Época 8/30, Batch 700/3348, Loss: 0.3136
2025-10-09 22:48:29,203 [INFO] Época 8/30, Batch 750/3348, Loss: 0.1734
2025-10-09 22:48:29,460 [INFO] Época 8/30, Batch 800/3348, Loss: 0.1389
2025-10-09 22:48:29,715 [INFO] Época 8/30, Batch 850/3348, Loss: 0.1881
2025-10-09 22:48:29,969 [INFO] Época 8/30, Batch 900/3348, Loss: 0.2091
2025-10-09 22:48:30,224 [INFO] Época 8/30, Batch 950/3348, Loss: 0.3069
2025-10-09 22:48:30,479 [INFO] Época 8/30, Batch 1000/3348, Loss: 0.1752
2025-10-09 22:48:30,734 [INFO] Época 8/30, Batch 1050/3348, Loss: 0.2023
2025-10-09 22:48:30,990 [INFO] Época 8/30, Batch 1100/3348, Loss: 0.2489
2025-10-09 22:48:31,247 [INFO] Época 8/30, Batch 1150/3348, Loss: 0.1963
2025-10-09 22:48:31,503 [INFO] Época 8/30, Batch 1200/3348, Loss: 0.2229
2025-10-09 22:48:31,764 [INFO] Época 8/30, Batch 1250/3348, Loss: 0.2403
2025-10-09 22:48:32,027 [INFO] Época 8/30, Batch 1300/3348, Loss: 0.1860
2025-10-09 22:48:32,289 [INFO] Época 8/30, Batch 1350/3348, Loss: 0.3025
2025-10-09 22:48:32,550 [INFO] Época 8/30, Batch 1400/3348, Loss: 0.3606
2025-10-09 22:48:32,814 [INFO] Época 8/30, Batch 1450/3348, Loss: 0.2503
2025-10-09 22:48:33,089 [INFO] Época 8/30, Batch 1500/3348, Loss: 0.1863
2025-10-09 22:48:33,351 [INFO] Época 8/30, Batch 1550/3348, Loss: 0.2292
2025-10-09 22:48:33,614 [INFO] Época 8/30, Batch 1600/3348, Loss: 0.2237
2025-10-09 22:48:33,877 [INFO] Época 8/30, Batch 1650/3348, Loss: 0.2194
2025-10-09 22:48:34,139 [INFO] Época 8/30, Batch 1700/3348, Loss: 0.2287
2025-10-09 22:48:34,404 [INFO] Época 8/30, Batch 1750/3348, Loss: 0.3362
2025-10-09 22:48:34,668 [INFO] Época 8/30, Batch 1800/3348, Loss: 0.3256
2025-10-09 22:48:34,931 [INFO] Época 8/30, Batch 1850/3348, Loss: 0.2507
2025-10-09 22:48:35,195 [INFO] Época 8/30, Batch 1900/3348, Loss: 0.2904
2025-10-09 22:48:35,456 [INFO] Época 8/30, Batch 1950/3348, Loss: 0.2155
2025-10-09 22:48:35,719 [INFO] Época 8/30, Batch 2000/3348, Loss: 0.1845
2025-10-09 22:48:35,981 [INFO] Época 8/30, Batch 2050/3348, Loss: 0.2237
2025-10-09 22:48:36,243 [INFO] Época 8/30, Batch 2100/3348, Loss: 0.2194
2025-10-09 22:48:36,505 [INFO] Época 8/30, Batch 2150/3348, Loss: 0.2834
2025-10-09 22:48:36,767 [INFO] Época 8/30, Batch 2200/3348, Loss: 0.1650
2025-10-09 22:48:37,030 [INFO] Época 8/30, Batch 2250/3348, Loss: 0.2524
2025-10-09 22:48:37,290 [INFO] Época 8/30, Batch 2300/3348, Loss: 0.1675
2025-10-09 22:48:37,553 [INFO] Época 8/30, Batch 2350/3348, Loss: 0.3504
2025-10-09 22:48:37,814 [INFO] Época 8/30, Batch 2400/3348, Loss: 0.2407
2025-10-09 22:48:38,087 [INFO] Época 8/30, Batch 2450/3348, Loss: 0.2566
2025-10-09 22:48:38,350 [INFO] Época 8/30, Batch 2500/3348, Loss: 0.3191
2025-10-09 22:48:38,611 [INFO] Época 8/30, Batch 2550/3348, Loss: 0.2165
2025-10-09 22:48:38,874 [INFO] Época 8/30, Batch 2600/3348, Loss: 0.2110
2025-10-09 22:48:39,135 [INFO] Época 8/30, Batch 2650/3348, Loss: 0.1887
2025-10-09 22:48:39,398 [INFO] Época 8/30, Batch 2700/3348, Loss: 0.1993
2025-10-09 22:48:39,661 [INFO] Época 8/30, Batch 2750/3348, Loss: 0.1576
2025-10-09 22:48:39,924 [INFO] Época 8/30, Batch 2800/3348, Loss: 0.2224
2025-10-09 22:48:40,184 [INFO] Época 8/30, Batch 2850/3348, Loss: 0.2038
2025-10-09 22:48:40,448 [INFO] Época 8/30, Batch 2900/3348, Loss: 0.2124
2025-10-09 22:48:40,712 [INFO] Época 8/30, Batch 2950/3348, Loss: 0.2051
2025-10-09 22:48:40,976 [INFO] Época 8/30, Batch 3000/3348, Loss: 0.2280
2025-10-09 22:48:41,239 [INFO] Época 8/30, Batch 3050/3348, Loss: 0.2559
2025-10-09 22:48:41,503 [INFO] Época 8/30, Batch 3100/3348, Loss: 0.3499
2025-10-09 22:48:41,767 [INFO] Época 8/30, Batch 3150/3348, Loss: 0.2053
2025-10-09 22:48:42,030 [INFO] Época 8/30, Batch 3200/3348, Loss: 0.3165
2025-10-09 22:48:42,294 [INFO] Época 8/30, Batch 3250/3348, Loss: 0.1977
2025-10-09 22:48:42,556 [INFO] Época 8/30, Batch 3300/3348, Loss: 0.2562
2025-10-09 22:48:44,475 [INFO] [8/30] Train Loss: 0.2312 | Val Loss: 0.3062 | Tempo: 19.70s
2025-10-09 22:48:45,084 [INFO] Época 9/30, Batch 50/3348, Loss: 0.2465
2025-10-09 22:48:45,352 [INFO] Época 9/30, Batch 100/3348, Loss: 0.2411
2025-10-09 22:48:45,620 [INFO] Época 9/30, Batch 150/3348, Loss: 0.2239
2025-10-09 22:48:45,885 [INFO] Época 9/30, Batch 200/3348, Loss: 0.1770
2025-10-09 22:48:46,151 [INFO] Época 9/30, Batch 250/3348, Loss: 0.1811
2025-10-09 22:48:46,415 [INFO] Época 9/30, Batch 300/3348, Loss: 0.2101
2025-10-09 22:48:46,679 [INFO] Época 9/30, Batch 350/3348, Loss: 0.2041
2025-10-09 22:48:46,943 [INFO] Época 9/30, Batch 400/3348, Loss: 0.1790
2025-10-09 22:48:47,207 [INFO] Época 9/30, Batch 450/3348, Loss: 0.2111
2025-10-09 22:48:47,471 [INFO] Época 9/30, Batch 500/3348, Loss: 0.2039
2025-10-09 22:48:47,733 [INFO] Época 9/30, Batch 550/3348, Loss: 0.2781
2025-10-09 22:48:47,996 [INFO] Época 9/30, Batch 600/3348, Loss: 0.2849
2025-10-09 22:48:48,257 [INFO] Época 9/30, Batch 650/3348, Loss: 0.2100
2025-10-09 22:48:48,520 [INFO] Época 9/30, Batch 700/3348, Loss: 0.2193
2025-10-09 22:48:48,783 [INFO] Época 9/30, Batch 750/3348, Loss: 0.1758
2025-10-09 22:48:49,044 [INFO] Época 9/30, Batch 800/3348, Loss: 0.1931
2025-10-09 22:48:49,304 [INFO] Época 9/30, Batch 850/3348, Loss: 0.2242
2025-10-09 22:48:49,564 [INFO] Época 9/30, Batch 900/3348, Loss: 0.2996
2025-10-09 22:48:49,827 [INFO] Época 9/30, Batch 950/3348, Loss: 0.3131
2025-10-09 22:48:50,088 [INFO] Época 9/30, Batch 1000/3348, Loss: 0.1463
2025-10-09 22:48:50,348 [INFO] Época 9/30, Batch 1050/3348, Loss: 0.1941
2025-10-09 22:48:50,609 [INFO] Época 9/30, Batch 1100/3348, Loss: 0.1557
2025-10-09 22:48:50,871 [INFO] Época 9/30, Batch 1150/3348, Loss: 0.2022
2025-10-09 22:48:51,132 [INFO] Época 9/30, Batch 1200/3348, Loss: 0.1809
2025-10-09 22:48:51,394 [INFO] Época 9/30, Batch 1250/3348, Loss: 0.1977
2025-10-09 22:48:51,654 [INFO] Época 9/30, Batch 1300/3348, Loss: 0.1786
2025-10-09 22:48:51,916 [INFO] Época 9/30, Batch 1350/3348, Loss: 0.2437
2025-10-09 22:48:52,176 [INFO] Época 9/30, Batch 1400/3348, Loss: 0.2051
2025-10-09 22:48:52,437 [INFO] Época 9/30, Batch 1450/3348, Loss: 0.2037
2025-10-09 22:48:52,701 [INFO] Época 9/30, Batch 1500/3348, Loss: 0.2371
2025-10-09 22:48:52,963 [INFO] Época 9/30, Batch 1550/3348, Loss: 0.2048
2025-10-09 22:48:53,223 [INFO] Época 9/30, Batch 1600/3348, Loss: 0.1976
2025-10-09 22:48:53,483 [INFO] Época 9/30, Batch 1650/3348, Loss: 0.2775
2025-10-09 22:48:53,745 [INFO] Época 9/30, Batch 1700/3348, Loss: 0.1827
2025-10-09 22:48:54,007 [INFO] Época 9/30, Batch 1750/3348, Loss: 0.2367
2025-10-09 22:48:54,268 [INFO] Época 9/30, Batch 1800/3348, Loss: 0.2251
2025-10-09 22:48:54,529 [INFO] Época 9/30, Batch 1850/3348, Loss: 0.2817
2025-10-09 22:48:54,791 [INFO] Época 9/30, Batch 1900/3348, Loss: 0.2006
2025-10-09 22:48:55,054 [INFO] Época 9/30, Batch 1950/3348, Loss: 0.2035
2025-10-09 22:48:55,318 [INFO] Época 9/30, Batch 2000/3348, Loss: 0.2492
2025-10-09 22:48:55,584 [INFO] Época 9/30, Batch 2050/3348, Loss: 0.2882
2025-10-09 22:48:55,847 [INFO] Época 9/30, Batch 2100/3348, Loss: 0.1662
2025-10-09 22:48:56,111 [INFO] Época 9/30, Batch 2150/3348, Loss: 0.2335
2025-10-09 22:48:56,375 [INFO] Época 9/30, Batch 2200/3348, Loss: 0.2174
2025-10-09 22:48:56,638 [INFO] Época 9/30, Batch 2250/3348, Loss: 0.2965
2025-10-09 22:48:56,903 [INFO] Época 9/30, Batch 2300/3348, Loss: 0.1898
2025-10-09 22:48:57,168 [INFO] Época 9/30, Batch 2350/3348, Loss: 0.2315
2025-10-09 22:48:57,432 [INFO] Época 9/30, Batch 2400/3348, Loss: 0.1893
2025-10-09 22:48:57,697 [INFO] Época 9/30, Batch 2450/3348, Loss: 0.2468
2025-10-09 22:48:57,963 [INFO] Época 9/30, Batch 2500/3348, Loss: 0.2085
2025-10-09 22:48:58,231 [INFO] Época 9/30, Batch 2550/3348, Loss: 0.3049
2025-10-09 22:48:58,493 [INFO] Época 9/30, Batch 2600/3348, Loss: 0.2309
2025-10-09 22:48:58,756 [INFO] Época 9/30, Batch 2650/3348, Loss: 0.1611
2025-10-09 22:48:59,019 [INFO] Época 9/30, Batch 2700/3348, Loss: 0.2026
2025-10-09 22:48:59,281 [INFO] Época 9/30, Batch 2750/3348, Loss: 0.2480
2025-10-09 22:48:59,545 [INFO] Época 9/30, Batch 2800/3348, Loss: 0.1996
2025-10-09 22:48:59,811 [INFO] Época 9/30, Batch 2850/3348, Loss: 0.2127
2025-10-09 22:49:00,075 [INFO] Época 9/30, Batch 2900/3348, Loss: 0.2350
2025-10-09 22:49:00,337 [INFO] Época 9/30, Batch 2950/3348, Loss: 0.2629
2025-10-09 22:49:00,597 [INFO] Época 9/30, Batch 3000/3348, Loss: 0.1624
2025-10-09 22:49:00,858 [INFO] Época 9/30, Batch 3050/3348, Loss: 0.2451
2025-10-09 22:49:01,119 [INFO] Época 9/30, Batch 3100/3348, Loss: 0.1863
2025-10-09 22:49:01,378 [INFO] Época 9/30, Batch 3150/3348, Loss: 0.2024
2025-10-09 22:49:01,639 [INFO] Época 9/30, Batch 3200/3348, Loss: 0.2127
2025-10-09 22:49:01,899 [INFO] Época 9/30, Batch 3250/3348, Loss: 0.1940
2025-10-09 22:49:02,161 [INFO] Época 9/30, Batch 3300/3348, Loss: 0.3212
2025-10-09 22:49:03,943 [INFO] [9/30] Train Loss: 0.2230 | Val Loss: 0.3088 | Tempo: 19.47s
2025-10-09 22:49:04,547 [INFO] Época 10/30, Batch 50/3348, Loss: 0.1679
2025-10-09 22:49:04,815 [INFO] Época 10/30, Batch 100/3348, Loss: 0.3043
2025-10-09 22:49:05,082 [INFO] Época 10/30, Batch 150/3348, Loss: 0.2655
2025-10-09 22:49:05,351 [INFO] Época 10/30, Batch 200/3348, Loss: 0.2479
2025-10-09 22:49:05,619 [INFO] Época 10/30, Batch 250/3348, Loss: 0.2167
2025-10-09 22:49:05,886 [INFO] Época 10/30, Batch 300/3348, Loss: 0.1720
2025-10-09 22:49:06,154 [INFO] Época 10/30, Batch 350/3348, Loss: 0.2213
2025-10-09 22:49:06,420 [INFO] Época 10/30, Batch 400/3348, Loss: 0.2086
2025-10-09 22:49:06,685 [INFO] Época 10/30, Batch 450/3348, Loss: 0.2252
2025-10-09 22:49:06,947 [INFO] Época 10/30, Batch 500/3348, Loss: 0.1923
2025-10-09 22:49:07,214 [INFO] Época 10/30, Batch 550/3348, Loss: 0.2097
2025-10-09 22:49:07,479 [INFO] Época 10/30, Batch 600/3348, Loss: 0.2314
2025-10-09 22:49:07,742 [INFO] Época 10/30, Batch 650/3348, Loss: 0.1875
2025-10-09 22:49:08,004 [INFO] Época 10/30, Batch 700/3348, Loss: 0.3496
2025-10-09 22:49:08,266 [INFO] Época 10/30, Batch 750/3348, Loss: 0.1448
2025-10-09 22:49:08,528 [INFO] Época 10/30, Batch 800/3348, Loss: 0.2428
2025-10-09 22:49:08,789 [INFO] Época 10/30, Batch 850/3348, Loss: 0.2436
2025-10-09 22:49:09,050 [INFO] Época 10/30, Batch 900/3348, Loss: 0.2089
2025-10-09 22:49:09,310 [INFO] Época 10/30, Batch 950/3348, Loss: 0.2074
2025-10-09 22:49:09,570 [INFO] Época 10/30, Batch 1000/3348, Loss: 0.1605
2025-10-09 22:49:09,830 [INFO] Época 10/30, Batch 1050/3348, Loss: 0.2197
2025-10-09 22:49:10,083 [INFO] Época 10/30, Batch 1100/3348, Loss: 0.1801
2025-10-09 22:49:10,336 [INFO] Época 10/30, Batch 1150/3348, Loss: 0.2051
2025-10-09 22:49:10,591 [INFO] Época 10/30, Batch 1200/3348, Loss: 0.1899
2025-10-09 22:49:10,852 [INFO] Época 10/30, Batch 1250/3348, Loss: 0.2111
2025-10-09 22:49:11,116 [INFO] Época 10/30, Batch 1300/3348, Loss: 0.1456
2025-10-09 22:49:11,379 [INFO] Época 10/30, Batch 1350/3348, Loss: 0.3062
2025-10-09 22:49:11,641 [INFO] Época 10/30, Batch 1400/3348, Loss: 0.1817
2025-10-09 22:49:11,906 [INFO] Época 10/30, Batch 1450/3348, Loss: 0.1711
2025-10-09 22:49:12,169 [INFO] Época 10/30, Batch 1500/3348, Loss: 0.2177
2025-10-09 22:49:12,433 [INFO] Época 10/30, Batch 1550/3348, Loss: 0.1665
2025-10-09 22:49:12,695 [INFO] Época 10/30, Batch 1600/3348, Loss: 0.2239
2025-10-09 22:49:12,957 [INFO] Época 10/30, Batch 1650/3348, Loss: 0.2340
2025-10-09 22:49:13,220 [INFO] Época 10/30, Batch 1700/3348, Loss: 0.2449
2025-10-09 22:49:13,484 [INFO] Época 10/30, Batch 1750/3348, Loss: 0.1754
2025-10-09 22:49:13,748 [INFO] Época 10/30, Batch 1800/3348, Loss: 0.1595
2025-10-09 22:49:14,013 [INFO] Época 10/30, Batch 1850/3348, Loss: 0.2298
2025-10-09 22:49:14,276 [INFO] Época 10/30, Batch 1900/3348, Loss: 0.2338
2025-10-09 22:49:14,538 [INFO] Época 10/30, Batch 1950/3348, Loss: 0.1807
2025-10-09 22:49:14,808 [INFO] Época 10/30, Batch 2000/3348, Loss: 0.2520
2025-10-09 22:49:15,082 [INFO] Época 10/30, Batch 2050/3348, Loss: 0.2333
2025-10-09 22:49:15,353 [INFO] Época 10/30, Batch 2100/3348, Loss: 0.2551
2025-10-09 22:49:15,621 [INFO] Época 10/30, Batch 2150/3348, Loss: 0.2936
2025-10-09 22:49:15,891 [INFO] Época 10/30, Batch 2200/3348, Loss: 0.1325
2025-10-09 22:49:16,161 [INFO] Época 10/30, Batch 2250/3348, Loss: 0.2271
2025-10-09 22:49:16,428 [INFO] Época 10/30, Batch 2300/3348, Loss: 0.2098
2025-10-09 22:49:16,688 [INFO] Época 10/30, Batch 2350/3348, Loss: 0.2060
2025-10-09 22:49:16,953 [INFO] Época 10/30, Batch 2400/3348, Loss: 0.2623
2025-10-09 22:49:17,226 [INFO] Época 10/30, Batch 2450/3348, Loss: 0.1617
2025-10-09 22:49:17,499 [INFO] Época 10/30, Batch 2500/3348, Loss: 0.2239
2025-10-09 22:49:17,770 [INFO] Época 10/30, Batch 2550/3348, Loss: 0.2778
2025-10-09 22:49:18,040 [INFO] Época 10/30, Batch 2600/3348, Loss: 0.2438
2025-10-09 22:49:18,311 [INFO] Época 10/30, Batch 2650/3348, Loss: 0.1866
2025-10-09 22:49:18,582 [INFO] Época 10/30, Batch 2700/3348, Loss: 0.2635
2025-10-09 22:49:18,856 [INFO] Época 10/30, Batch 2750/3348, Loss: 0.2910
2025-10-09 22:49:19,131 [INFO] Época 10/30, Batch 2800/3348, Loss: 0.1935
2025-10-09 22:49:19,407 [INFO] Época 10/30, Batch 2850/3348, Loss: 0.1851
2025-10-09 22:49:19,680 [INFO] Época 10/30, Batch 2900/3348, Loss: 0.1937
2025-10-09 22:49:19,953 [INFO] Época 10/30, Batch 2950/3348, Loss: 0.1704
2025-10-09 22:49:20,226 [INFO] Época 10/30, Batch 3000/3348, Loss: 0.1469
2025-10-09 22:49:20,498 [INFO] Época 10/30, Batch 3050/3348, Loss: 0.2314
2025-10-09 22:49:20,762 [INFO] Época 10/30, Batch 3100/3348, Loss: 0.1875
2025-10-09 22:49:21,034 [INFO] Época 10/30, Batch 3150/3348, Loss: 0.2746
2025-10-09 22:49:21,309 [INFO] Época 10/30, Batch 3200/3348, Loss: 0.2528
2025-10-09 22:49:21,580 [INFO] Época 10/30, Batch 3250/3348, Loss: 0.2933
2025-10-09 22:49:21,845 [INFO] Época 10/30, Batch 3300/3348, Loss: 0.2048
2025-10-09 22:49:23,701 [INFO] [10/30] Train Loss: 0.2163 | Val Loss: 0.3074 | Tempo: 19.76s
2025-10-09 22:49:24,305 [INFO] Época 11/30, Batch 50/3348, Loss: 0.1730
2025-10-09 22:49:24,576 [INFO] Época 11/30, Batch 100/3348, Loss: 0.2896
2025-10-09 22:49:24,846 [INFO] Época 11/30, Batch 150/3348, Loss: 0.2059
2025-10-09 22:49:25,111 [INFO] Época 11/30, Batch 200/3348, Loss: 0.2153
2025-10-09 22:49:25,376 [INFO] Época 11/30, Batch 250/3348, Loss: 0.2125
2025-10-09 22:49:25,641 [INFO] Época 11/30, Batch 300/3348, Loss: 0.2094
2025-10-09 22:49:25,904 [INFO] Época 11/30, Batch 350/3348, Loss: 0.1969
2025-10-09 22:49:26,168 [INFO] Época 11/30, Batch 400/3348, Loss: 0.2646
2025-10-09 22:49:26,432 [INFO] Época 11/30, Batch 450/3348, Loss: 0.1616
2025-10-09 22:49:26,694 [INFO] Época 11/30, Batch 500/3348, Loss: 0.2398
2025-10-09 22:49:26,958 [INFO] Época 11/30, Batch 550/3348, Loss: 0.2243
2025-10-09 22:49:27,223 [INFO] Época 11/30, Batch 600/3348, Loss: 0.1987
2025-10-09 22:49:27,489 [INFO] Época 11/30, Batch 650/3348, Loss: 0.2335
2025-10-09 22:49:27,751 [INFO] Época 11/30, Batch 700/3348, Loss: 0.1358
2025-10-09 22:49:28,016 [INFO] Época 11/30, Batch 750/3348, Loss: 0.2140
2025-10-09 22:49:28,282 [INFO] Época 11/30, Batch 800/3348, Loss: 0.2012
2025-10-09 22:49:28,544 [INFO] Época 11/30, Batch 850/3348, Loss: 0.1913
2025-10-09 22:49:28,808 [INFO] Época 11/30, Batch 900/3348, Loss: 0.1705
2025-10-09 22:49:29,070 [INFO] Época 11/30, Batch 950/3348, Loss: 0.2515
2025-10-09 22:49:29,331 [INFO] Época 11/30, Batch 1000/3348, Loss: 0.2168
2025-10-09 22:49:29,595 [INFO] Época 11/30, Batch 1050/3348, Loss: 0.2398
2025-10-09 22:49:29,856 [INFO] Época 11/30, Batch 1100/3348, Loss: 0.1971
2025-10-09 22:49:30,119 [INFO] Época 11/30, Batch 1150/3348, Loss: 0.3189
2025-10-09 22:49:30,382 [INFO] Época 11/30, Batch 1200/3348, Loss: 0.1916
2025-10-09 22:49:30,645 [INFO] Época 11/30, Batch 1250/3348, Loss: 0.1600
2025-10-09 22:49:30,907 [INFO] Época 11/30, Batch 1300/3348, Loss: 0.1517
2025-10-09 22:49:31,170 [INFO] Época 11/30, Batch 1350/3348, Loss: 0.2198
2025-10-09 22:49:31,432 [INFO] Época 11/30, Batch 1400/3348, Loss: 0.2025
2025-10-09 22:49:31,696 [INFO] Época 11/30, Batch 1450/3348, Loss: 0.1787
2025-10-09 22:49:31,958 [INFO] Época 11/30, Batch 1500/3348, Loss: 0.2197
2025-10-09 22:49:32,218 [INFO] Época 11/30, Batch 1550/3348, Loss: 0.2237
2025-10-09 22:49:32,480 [INFO] Época 11/30, Batch 1600/3348, Loss: 0.2352
2025-10-09 22:49:32,740 [INFO] Época 11/30, Batch 1650/3348, Loss: 0.1879
2025-10-09 22:49:33,000 [INFO] Época 11/30, Batch 1700/3348, Loss: 0.2486
2025-10-09 22:49:33,262 [INFO] Época 11/30, Batch 1750/3348, Loss: 0.2130
2025-10-09 22:49:33,524 [INFO] Época 11/30, Batch 1800/3348, Loss: 0.2041
2025-10-09 22:49:33,791 [INFO] Época 11/30, Batch 1850/3348, Loss: 0.1882
2025-10-09 22:49:34,056 [INFO] Época 11/30, Batch 1900/3348, Loss: 0.2109
2025-10-09 22:49:34,321 [INFO] Época 11/30, Batch 1950/3348, Loss: 0.1895
2025-10-09 22:49:34,587 [INFO] Época 11/30, Batch 2000/3348, Loss: 0.2253
2025-10-09 22:49:34,851 [INFO] Época 11/30, Batch 2050/3348, Loss: 0.1945
2025-10-09 22:49:35,115 [INFO] Época 11/30, Batch 2100/3348, Loss: 0.2475
2025-10-09 22:49:35,376 [INFO] Época 11/30, Batch 2150/3348, Loss: 0.2170
2025-10-09 22:49:35,637 [INFO] Época 11/30, Batch 2200/3348, Loss: 0.2183
2025-10-09 22:49:35,899 [INFO] Época 11/30, Batch 2250/3348, Loss: 0.1850
2025-10-09 22:49:36,162 [INFO] Época 11/30, Batch 2300/3348, Loss: 0.1685
2025-10-09 22:49:36,428 [INFO] Época 11/30, Batch 2350/3348, Loss: 0.2100
2025-10-09 22:49:36,691 [INFO] Época 11/30, Batch 2400/3348, Loss: 0.1770
2025-10-09 22:49:36,955 [INFO] Época 11/30, Batch 2450/3348, Loss: 0.2284
2025-10-09 22:49:37,218 [INFO] Época 11/30, Batch 2500/3348, Loss: 0.2419
2025-10-09 22:49:37,482 [INFO] Época 11/30, Batch 2550/3348, Loss: 0.2150
2025-10-09 22:49:37,745 [INFO] Época 11/30, Batch 2600/3348, Loss: 0.2170
2025-10-09 22:49:38,009 [INFO] Época 11/30, Batch 2650/3348, Loss: 0.3267
2025-10-09 22:49:38,272 [INFO] Época 11/30, Batch 2700/3348, Loss: 0.1767
2025-10-09 22:49:38,536 [INFO] Época 11/30, Batch 2750/3348, Loss: 0.2892
2025-10-09 22:49:38,798 [INFO] Época 11/30, Batch 2800/3348, Loss: 0.2306
2025-10-09 22:49:39,061 [INFO] Época 11/30, Batch 2850/3348, Loss: 0.2180
2025-10-09 22:49:39,325 [INFO] Época 11/30, Batch 2900/3348, Loss: 0.1922
2025-10-09 22:49:39,589 [INFO] Época 11/30, Batch 2950/3348, Loss: 0.1575
2025-10-09 22:49:39,854 [INFO] Época 11/30, Batch 3000/3348, Loss: 0.2010
2025-10-09 22:49:40,119 [INFO] Época 11/30, Batch 3050/3348, Loss: 0.2679
2025-10-09 22:49:40,384 [INFO] Época 11/30, Batch 3100/3348, Loss: 0.1916
2025-10-09 22:49:40,645 [INFO] Época 11/30, Batch 3150/3348, Loss: 0.2476
2025-10-09 22:49:40,906 [INFO] Época 11/30, Batch 3200/3348, Loss: 0.1948
2025-10-09 22:49:41,169 [INFO] Época 11/30, Batch 3250/3348, Loss: 0.2838
2025-10-09 22:49:41,431 [INFO] Época 11/30, Batch 3300/3348, Loss: 0.2100
2025-10-09 22:49:43,318 [INFO] [11/30] Train Loss: 0.2107 | Val Loss: 0.3046 | Tempo: 19.62s
2025-10-09 22:49:43,921 [INFO] Época 12/30, Batch 50/3348, Loss: 0.2068
2025-10-09 22:49:44,186 [INFO] Época 12/30, Batch 100/3348, Loss: 0.2225
2025-10-09 22:49:44,449 [INFO] Época 12/30, Batch 150/3348, Loss: 0.1432
2025-10-09 22:49:44,710 [INFO] Época 12/30, Batch 200/3348, Loss: 0.1573
2025-10-09 22:49:44,971 [INFO] Época 12/30, Batch 250/3348, Loss: 0.2081
2025-10-09 22:49:45,230 [INFO] Época 12/30, Batch 300/3348, Loss: 0.2257
2025-10-09 22:49:45,489 [INFO] Época 12/30, Batch 350/3348, Loss: 0.1443
2025-10-09 22:49:45,747 [INFO] Época 12/30, Batch 400/3348, Loss: 0.1416
2025-10-09 22:49:46,006 [INFO] Época 12/30, Batch 450/3348, Loss: 0.2004
2025-10-09 22:49:46,264 [INFO] Época 12/30, Batch 500/3348, Loss: 0.2613
2025-10-09 22:49:46,522 [INFO] Época 12/30, Batch 550/3348, Loss: 0.1710
2025-10-09 22:49:46,782 [INFO] Época 12/30, Batch 600/3348, Loss: 0.1517
2025-10-09 22:49:47,040 [INFO] Época 12/30, Batch 650/3348, Loss: 0.1553
2025-10-09 22:49:47,306 [INFO] Época 12/30, Batch 700/3348, Loss: 0.1743
2025-10-09 22:49:47,573 [INFO] Época 12/30, Batch 750/3348, Loss: 0.2154
2025-10-09 22:49:47,839 [INFO] Época 12/30, Batch 800/3348, Loss: 0.1510
2025-10-09 22:49:48,092 [INFO] Época 12/30, Batch 850/3348, Loss: 0.1996
2025-10-09 22:49:48,345 [INFO] Época 12/30, Batch 900/3348, Loss: 0.2050
2025-10-09 22:49:48,595 [INFO] Época 12/30, Batch 950/3348, Loss: 0.1811
2025-10-09 22:49:48,852 [INFO] Época 12/30, Batch 1000/3348, Loss: 0.1658
2025-10-09 22:49:49,108 [INFO] Época 12/30, Batch 1050/3348, Loss: 0.1923
2025-10-09 22:49:49,366 [INFO] Época 12/30, Batch 1100/3348, Loss: 0.2038
2025-10-09 22:49:49,621 [INFO] Época 12/30, Batch 1150/3348, Loss: 0.1650
2025-10-09 22:49:49,876 [INFO] Época 12/30, Batch 1200/3348, Loss: 0.2563
2025-10-09 22:49:50,132 [INFO] Época 12/30, Batch 1250/3348, Loss: 0.2237
2025-10-09 22:49:50,389 [INFO] Época 12/30, Batch 1300/3348, Loss: 0.1894
2025-10-09 22:49:50,645 [INFO] Época 12/30, Batch 1350/3348, Loss: 0.2388
2025-10-09 22:49:50,901 [INFO] Época 12/30, Batch 1400/3348, Loss: 0.1895
2025-10-09 22:49:51,160 [INFO] Época 12/30, Batch 1450/3348, Loss: 0.2193
2025-10-09 22:49:51,419 [INFO] Época 12/30, Batch 1500/3348, Loss: 0.2165
2025-10-09 22:49:51,678 [INFO] Época 12/30, Batch 1550/3348, Loss: 0.2121
2025-10-09 22:49:51,936 [INFO] Época 12/30, Batch 1600/3348, Loss: 0.2182
2025-10-09 22:49:52,196 [INFO] Época 12/30, Batch 1650/3348, Loss: 0.1928
2025-10-09 22:49:52,454 [INFO] Época 12/30, Batch 1700/3348, Loss: 0.2065
2025-10-09 22:49:52,712 [INFO] Época 12/30, Batch 1750/3348, Loss: 0.1953
2025-10-09 22:49:52,970 [INFO] Época 12/30, Batch 1800/3348, Loss: 0.1948
2025-10-09 22:49:53,228 [INFO] Época 12/30, Batch 1850/3348, Loss: 0.1950
2025-10-09 22:49:53,486 [INFO] Época 12/30, Batch 1900/3348, Loss: 0.1848
2025-10-09 22:49:53,747 [INFO] Época 12/30, Batch 1950/3348, Loss: 0.2114
2025-10-09 22:49:54,011 [INFO] Época 12/30, Batch 2000/3348, Loss: 0.2104
2025-10-09 22:49:54,273 [INFO] Época 12/30, Batch 2050/3348, Loss: 0.3171
2025-10-09 22:49:54,536 [INFO] Época 12/30, Batch 2100/3348, Loss: 0.2091
2025-10-09 22:49:54,799 [INFO] Época 12/30, Batch 2150/3348, Loss: 0.2115
2025-10-09 22:49:55,061 [INFO] Época 12/30, Batch 2200/3348, Loss: 0.2278
2025-10-09 22:49:55,324 [INFO] Época 12/30, Batch 2250/3348, Loss: 0.1789
2025-10-09 22:49:55,585 [INFO] Época 12/30, Batch 2300/3348, Loss: 0.2136
2025-10-09 22:49:55,848 [INFO] Época 12/30, Batch 2350/3348, Loss: 0.2036
2025-10-09 22:49:56,114 [INFO] Época 12/30, Batch 2400/3348, Loss: 0.2999
2025-10-09 22:49:56,380 [INFO] Época 12/30, Batch 2450/3348, Loss: 0.2374
2025-10-09 22:49:56,648 [INFO] Época 12/30, Batch 2500/3348, Loss: 0.2111
2025-10-09 22:49:56,913 [INFO] Época 12/30, Batch 2550/3348, Loss: 0.1745
2025-10-09 22:49:57,176 [INFO] Época 12/30, Batch 2600/3348, Loss: 0.1930
2025-10-09 22:49:57,441 [INFO] Época 12/30, Batch 2650/3348, Loss: 0.2631
2025-10-09 22:49:57,705 [INFO] Época 12/30, Batch 2700/3348, Loss: 0.1820
2025-10-09 22:49:57,967 [INFO] Época 12/30, Batch 2750/3348, Loss: 0.2573
2025-10-09 22:49:58,230 [INFO] Época 12/30, Batch 2800/3348, Loss: 0.1565
2025-10-09 22:49:58,495 [INFO] Época 12/30, Batch 2850/3348, Loss: 0.1826
2025-10-09 22:49:58,761 [INFO] Época 12/30, Batch 2900/3348, Loss: 0.2046
2025-10-09 22:49:59,022 [INFO] Época 12/30, Batch 2950/3348, Loss: 0.2071
2025-10-09 22:49:59,280 [INFO] Época 12/30, Batch 3000/3348, Loss: 0.1915
2025-10-09 22:49:59,540 [INFO] Época 12/30, Batch 3050/3348, Loss: 0.2007
2025-10-09 22:49:59,801 [INFO] Época 12/30, Batch 3100/3348, Loss: 0.1728
2025-10-09 22:50:00,062 [INFO] Época 12/30, Batch 3150/3348, Loss: 0.1803
2025-10-09 22:50:00,320 [INFO] Época 12/30, Batch 3200/3348, Loss: 0.1749
2025-10-09 22:50:00,578 [INFO] Época 12/30, Batch 3250/3348, Loss: 0.1978
2025-10-09 22:50:00,836 [INFO] Época 12/30, Batch 3300/3348, Loss: 0.2277
2025-10-09 22:50:02,724 [INFO] [12/30] Train Loss: 0.2056 | Val Loss: 0.3037 | Tempo: 19.41s
2025-10-09 22:50:03,316 [INFO] Época 13/30, Batch 50/3348, Loss: 0.1714
2025-10-09 22:50:03,587 [INFO] Época 13/30, Batch 100/3348, Loss: 0.1393
2025-10-09 22:50:03,858 [INFO] Época 13/30, Batch 150/3348, Loss: 0.1657
2025-10-09 22:50:04,126 [INFO] Época 13/30, Batch 200/3348, Loss: 0.2382
2025-10-09 22:50:04,396 [INFO] Época 13/30, Batch 250/3348, Loss: 0.1556
2025-10-09 22:50:04,665 [INFO] Época 13/30, Batch 300/3348, Loss: 0.1596
2025-10-09 22:50:04,929 [INFO] Época 13/30, Batch 350/3348, Loss: 0.1798
2025-10-09 22:50:05,192 [INFO] Época 13/30, Batch 400/3348, Loss: 0.1501
2025-10-09 22:50:05,455 [INFO] Época 13/30, Batch 450/3348, Loss: 0.2030
2025-10-09 22:50:05,720 [INFO] Época 13/30, Batch 500/3348, Loss: 0.1890
2025-10-09 22:50:05,984 [INFO] Época 13/30, Batch 550/3348, Loss: 0.2166
2025-10-09 22:50:06,248 [INFO] Época 13/30, Batch 600/3348, Loss: 0.1946
2025-10-09 22:50:06,511 [INFO] Época 13/30, Batch 650/3348, Loss: 0.1798
2025-10-09 22:50:06,776 [INFO] Época 13/30, Batch 700/3348, Loss: 0.1615
2025-10-09 22:50:07,039 [INFO] Época 13/30, Batch 750/3348, Loss: 0.2694
2025-10-09 22:50:07,296 [INFO] Época 13/30, Batch 800/3348, Loss: 0.2064
2025-10-09 22:50:07,550 [INFO] Época 13/30, Batch 850/3348, Loss: 0.1835
2025-10-09 22:50:07,805 [INFO] Época 13/30, Batch 900/3348, Loss: 0.1407
2025-10-09 22:50:08,059 [INFO] Época 13/30, Batch 950/3348, Loss: 0.1691
2025-10-09 22:50:08,316 [INFO] Época 13/30, Batch 1000/3348, Loss: 0.1847
2025-10-09 22:50:08,570 [INFO] Época 13/30, Batch 1050/3348, Loss: 0.1965
2025-10-09 22:50:08,822 [INFO] Época 13/30, Batch 1100/3348, Loss: 0.1856
2025-10-09 22:50:09,081 [INFO] Época 13/30, Batch 1150/3348, Loss: 0.2337
2025-10-09 22:50:09,344 [INFO] Época 13/30, Batch 1200/3348, Loss: 0.2655
2025-10-09 22:50:09,610 [INFO] Época 13/30, Batch 1250/3348, Loss: 0.2192
2025-10-09 22:50:09,879 [INFO] Época 13/30, Batch 1300/3348, Loss: 0.1427
2025-10-09 22:50:10,141 [INFO] Época 13/30, Batch 1350/3348, Loss: 0.1940
2025-10-09 22:50:10,405 [INFO] Época 13/30, Batch 1400/3348, Loss: 0.2253
2025-10-09 22:50:10,669 [INFO] Época 13/30, Batch 1450/3348, Loss: 0.1764
2025-10-09 22:50:10,934 [INFO] Época 13/30, Batch 1500/3348, Loss: 0.2539
2025-10-09 22:50:11,196 [INFO] Época 13/30, Batch 1550/3348, Loss: 0.2547
2025-10-09 22:50:11,460 [INFO] Época 13/30, Batch 1600/3348, Loss: 0.2145
2025-10-09 22:50:11,724 [INFO] Época 13/30, Batch 1650/3348, Loss: 0.2189
2025-10-09 22:50:11,987 [INFO] Época 13/30, Batch 1700/3348, Loss: 0.2189
2025-10-09 22:50:12,251 [INFO] Época 13/30, Batch 1750/3348, Loss: 0.2330
2025-10-09 22:50:12,514 [INFO] Época 13/30, Batch 1800/3348, Loss: 0.1389
2025-10-09 22:50:12,780 [INFO] Época 13/30, Batch 1850/3348, Loss: 0.2297
2025-10-09 22:50:13,044 [INFO] Época 13/30, Batch 1900/3348, Loss: 0.1917
2025-10-09 22:50:13,310 [INFO] Época 13/30, Batch 1950/3348, Loss: 0.1753
2025-10-09 22:50:13,575 [INFO] Época 13/30, Batch 2000/3348, Loss: 0.2088
2025-10-09 22:50:13,839 [INFO] Época 13/30, Batch 2050/3348, Loss: 0.1813
2025-10-09 22:50:14,102 [INFO] Época 13/30, Batch 2100/3348, Loss: 0.2196
2025-10-09 22:50:14,366 [INFO] Época 13/30, Batch 2150/3348, Loss: 0.2697
2025-10-09 22:50:14,630 [INFO] Época 13/30, Batch 2200/3348, Loss: 0.2161
2025-10-09 22:50:14,894 [INFO] Época 13/30, Batch 2250/3348, Loss: 0.2583
2025-10-09 22:50:15,157 [INFO] Época 13/30, Batch 2300/3348, Loss: 0.2380
2025-10-09 22:50:15,422 [INFO] Época 13/30, Batch 2350/3348, Loss: 0.2340
2025-10-09 22:50:15,685 [INFO] Época 13/30, Batch 2400/3348, Loss: 0.2160
2025-10-09 22:50:15,948 [INFO] Época 13/30, Batch 2450/3348, Loss: 0.1630
2025-10-09 22:50:16,212 [INFO] Época 13/30, Batch 2500/3348, Loss: 0.1381
2025-10-09 22:50:16,475 [INFO] Época 13/30, Batch 2550/3348, Loss: 0.1695
2025-10-09 22:50:16,739 [INFO] Época 13/30, Batch 2600/3348, Loss: 0.2228
2025-10-09 22:50:17,003 [INFO] Época 13/30, Batch 2650/3348, Loss: 0.2359
2025-10-09 22:50:17,266 [INFO] Época 13/30, Batch 2700/3348, Loss: 0.2112
2025-10-09 22:50:17,530 [INFO] Época 13/30, Batch 2750/3348, Loss: 0.1708
2025-10-09 22:50:17,792 [INFO] Época 13/30, Batch 2800/3348, Loss: 0.2076
2025-10-09 22:50:18,057 [INFO] Época 13/30, Batch 2850/3348, Loss: 0.1795
2025-10-09 22:50:18,320 [INFO] Época 13/30, Batch 2900/3348, Loss: 0.2551
2025-10-09 22:50:18,584 [INFO] Época 13/30, Batch 2950/3348, Loss: 0.2493
2025-10-09 22:50:18,848 [INFO] Época 13/30, Batch 3000/3348, Loss: 0.1683
2025-10-09 22:50:19,111 [INFO] Época 13/30, Batch 3050/3348, Loss: 0.2245
2025-10-09 22:50:19,375 [INFO] Época 13/30, Batch 3100/3348, Loss: 0.1912
2025-10-09 22:50:19,639 [INFO] Época 13/30, Batch 3150/3348, Loss: 0.1839
2025-10-09 22:50:19,903 [INFO] Época 13/30, Batch 3200/3348, Loss: 0.1701
2025-10-09 22:50:20,165 [INFO] Época 13/30, Batch 3250/3348, Loss: 0.2540
2025-10-09 22:50:20,428 [INFO] Época 13/30, Batch 3300/3348, Loss: 0.2107
2025-10-09 22:50:22,359 [INFO] [13/30] Train Loss: 0.2006 | Val Loss: 0.3063 | Tempo: 19.63s
2025-10-09 22:50:22,963 [INFO] Época 14/30, Batch 50/3348, Loss: 0.1637
2025-10-09 22:50:23,230 [INFO] Época 14/30, Batch 100/3348, Loss: 0.1555
2025-10-09 22:50:23,496 [INFO] Época 14/30, Batch 150/3348, Loss: 0.1818
2025-10-09 22:50:23,760 [INFO] Época 14/30, Batch 200/3348, Loss: 0.2549
2025-10-09 22:50:24,023 [INFO] Época 14/30, Batch 250/3348, Loss: 0.1863
2025-10-09 22:50:24,289 [INFO] Época 14/30, Batch 300/3348, Loss: 0.1631
2025-10-09 22:50:24,553 [INFO] Época 14/30, Batch 350/3348, Loss: 0.1811
2025-10-09 22:50:24,817 [INFO] Época 14/30, Batch 400/3348, Loss: 0.2215
2025-10-09 22:50:25,080 [INFO] Época 14/30, Batch 450/3348, Loss: 0.1798
2025-10-09 22:50:25,343 [INFO] Época 14/30, Batch 500/3348, Loss: 0.1893
2025-10-09 22:50:25,607 [INFO] Época 14/30, Batch 550/3348, Loss: 0.1939
2025-10-09 22:50:25,869 [INFO] Época 14/30, Batch 600/3348, Loss: 0.2343
2025-10-09 22:50:26,133 [INFO] Época 14/30, Batch 650/3348, Loss: 0.2372
2025-10-09 22:50:26,391 [INFO] Época 14/30, Batch 700/3348, Loss: 0.1894
2025-10-09 22:50:26,644 [INFO] Época 14/30, Batch 750/3348, Loss: 0.2224
2025-10-09 22:50:26,897 [INFO] Época 14/30, Batch 800/3348, Loss: 0.2913
2025-10-09 22:50:27,157 [INFO] Época 14/30, Batch 850/3348, Loss: 0.1871
2025-10-09 22:50:27,416 [INFO] Época 14/30, Batch 900/3348, Loss: 0.2136
2025-10-09 22:50:27,678 [INFO] Época 14/30, Batch 950/3348, Loss: 0.2397
2025-10-09 22:50:27,940 [INFO] Época 14/30, Batch 1000/3348, Loss: 0.2084
2025-10-09 22:50:28,200 [INFO] Época 14/30, Batch 1050/3348, Loss: 0.1651
2025-10-09 22:50:28,459 [INFO] Época 14/30, Batch 1100/3348, Loss: 0.2012
2025-10-09 22:50:28,720 [INFO] Época 14/30, Batch 1150/3348, Loss: 0.2296
2025-10-09 22:50:28,981 [INFO] Época 14/30, Batch 1200/3348, Loss: 0.1897
2025-10-09 22:50:29,247 [INFO] Época 14/30, Batch 1250/3348, Loss: 0.2651
2025-10-09 22:50:29,511 [INFO] Época 14/30, Batch 1300/3348, Loss: 0.1544
2025-10-09 22:50:29,776 [INFO] Época 14/30, Batch 1350/3348, Loss: 0.2437
2025-10-09 22:50:30,046 [INFO] Época 14/30, Batch 1400/3348, Loss: 0.1406
2025-10-09 22:50:30,314 [INFO] Época 14/30, Batch 1450/3348, Loss: 0.2051
2025-10-09 22:50:30,581 [INFO] Época 14/30, Batch 1500/3348, Loss: 0.1424
2025-10-09 22:50:30,847 [INFO] Época 14/30, Batch 1550/3348, Loss: 0.1833
2025-10-09 22:50:31,111 [INFO] Época 14/30, Batch 1600/3348, Loss: 0.2160
2025-10-09 22:50:31,376 [INFO] Época 14/30, Batch 1650/3348, Loss: 0.1999
2025-10-09 22:50:31,641 [INFO] Época 14/30, Batch 1700/3348, Loss: 0.1613
2025-10-09 22:50:31,905 [INFO] Época 14/30, Batch 1750/3348, Loss: 0.1663
2025-10-09 22:50:32,170 [INFO] Época 14/30, Batch 1800/3348, Loss: 0.1980
2025-10-09 22:50:32,435 [INFO] Época 14/30, Batch 1850/3348, Loss: 0.1808
2025-10-09 22:50:32,699 [INFO] Época 14/30, Batch 1900/3348, Loss: 0.2178
2025-10-09 22:50:32,961 [INFO] Época 14/30, Batch 1950/3348, Loss: 0.2628
2025-10-09 22:50:33,223 [INFO] Época 14/30, Batch 2000/3348, Loss: 0.2119
2025-10-09 22:50:33,482 [INFO] Época 14/30, Batch 2050/3348, Loss: 0.1688
2025-10-09 22:50:33,742 [INFO] Época 14/30, Batch 2100/3348, Loss: 0.1892
2025-10-09 22:50:34,003 [INFO] Época 14/30, Batch 2150/3348, Loss: 0.1480
2025-10-09 22:50:34,265 [INFO] Época 14/30, Batch 2200/3348, Loss: 0.2364
2025-10-09 22:50:34,526 [INFO] Época 14/30, Batch 2250/3348, Loss: 0.2419
2025-10-09 22:50:34,789 [INFO] Época 14/30, Batch 2300/3348, Loss: 0.2071
2025-10-09 22:50:35,048 [INFO] Época 14/30, Batch 2350/3348, Loss: 0.1895
2025-10-09 22:50:35,311 [INFO] Época 14/30, Batch 2400/3348, Loss: 0.2605
2025-10-09 22:50:35,573 [INFO] Época 14/30, Batch 2450/3348, Loss: 0.2516
2025-10-09 22:50:35,835 [INFO] Época 14/30, Batch 2500/3348, Loss: 0.1695
2025-10-09 22:50:36,100 [INFO] Época 14/30, Batch 2550/3348, Loss: 0.2491
2025-10-09 22:50:36,365 [INFO] Época 14/30, Batch 2600/3348, Loss: 0.2259
2025-10-09 22:50:36,628 [INFO] Época 14/30, Batch 2650/3348, Loss: 0.1729
2025-10-09 22:50:36,891 [INFO] Época 14/30, Batch 2700/3348, Loss: 0.1918
2025-10-09 22:50:37,152 [INFO] Época 14/30, Batch 2750/3348, Loss: 0.2045
2025-10-09 22:50:37,412 [INFO] Época 14/30, Batch 2800/3348, Loss: 0.1698
2025-10-09 22:50:37,672 [INFO] Época 14/30, Batch 2850/3348, Loss: 0.1860
2025-10-09 22:50:37,934 [INFO] Época 14/30, Batch 2900/3348, Loss: 0.2580
2025-10-09 22:50:38,202 [INFO] Época 14/30, Batch 2950/3348, Loss: 0.2957
2025-10-09 22:50:38,466 [INFO] Época 14/30, Batch 3000/3348, Loss: 0.2057
2025-10-09 22:50:38,728 [INFO] Época 14/30, Batch 3050/3348, Loss: 0.2033
2025-10-09 22:50:38,990 [INFO] Época 14/30, Batch 3100/3348, Loss: 0.1996
2025-10-09 22:50:39,253 [INFO] Época 14/30, Batch 3150/3348, Loss: 0.1445
2025-10-09 22:50:39,518 [INFO] Época 14/30, Batch 3200/3348, Loss: 0.1708
2025-10-09 22:50:39,781 [INFO] Época 14/30, Batch 3250/3348, Loss: 0.2114
2025-10-09 22:50:40,043 [INFO] Época 14/30, Batch 3300/3348, Loss: 0.1770
2025-10-09 22:50:41,949 [INFO] [14/30] Train Loss: 0.1967 | Val Loss: 0.3060 | Tempo: 19.59s
2025-10-09 22:50:42,602 [INFO] Época 15/30, Batch 50/3348, Loss: 0.1782
2025-10-09 22:50:42,875 [INFO] Época 15/30, Batch 100/3348, Loss: 0.1623
2025-10-09 22:50:43,146 [INFO] Época 15/30, Batch 150/3348, Loss: 0.2161
2025-10-09 22:50:43,415 [INFO] Época 15/30, Batch 200/3348, Loss: 0.1786
2025-10-09 22:50:43,682 [INFO] Época 15/30, Batch 250/3348, Loss: 0.2030
2025-10-09 22:50:43,952 [INFO] Época 15/30, Batch 300/3348, Loss: 0.1638
2025-10-09 22:50:44,220 [INFO] Época 15/30, Batch 350/3348, Loss: 0.1915
2025-10-09 22:50:44,489 [INFO] Época 15/30, Batch 400/3348, Loss: 0.1548
2025-10-09 22:50:44,759 [INFO] Época 15/30, Batch 450/3348, Loss: 0.1647
2025-10-09 22:50:45,026 [INFO] Época 15/30, Batch 500/3348, Loss: 0.1817
2025-10-09 22:50:45,293 [INFO] Época 15/30, Batch 550/3348, Loss: 0.1688
2025-10-09 22:50:45,559 [INFO] Época 15/30, Batch 600/3348, Loss: 0.1781
2025-10-09 22:50:45,817 [INFO] Época 15/30, Batch 650/3348, Loss: 0.1981
2025-10-09 22:50:46,073 [INFO] Época 15/30, Batch 700/3348, Loss: 0.2012
2025-10-09 22:50:46,329 [INFO] Época 15/30, Batch 750/3348, Loss: 0.2352
2025-10-09 22:50:46,586 [INFO] Época 15/30, Batch 800/3348, Loss: 0.1825
2025-10-09 22:50:46,840 [INFO] Época 15/30, Batch 850/3348, Loss: 0.1999
2025-10-09 22:50:47,095 [INFO] Época 15/30, Batch 900/3348, Loss: 0.1719
2025-10-09 22:50:47,348 [INFO] Época 15/30, Batch 950/3348, Loss: 0.1885
2025-10-09 22:50:47,607 [INFO] Época 15/30, Batch 1000/3348, Loss: 0.1996
2025-10-09 22:50:47,880 [INFO] Época 15/30, Batch 1050/3348, Loss: 0.2381
2025-10-09 22:50:48,144 [INFO] Época 15/30, Batch 1100/3348, Loss: 0.1907
2025-10-09 22:50:48,404 [INFO] Época 15/30, Batch 1150/3348, Loss: 0.2389
2025-10-09 22:50:48,665 [INFO] Época 15/30, Batch 1200/3348, Loss: 0.1288
2025-10-09 22:50:48,926 [INFO] Época 15/30, Batch 1250/3348, Loss: 0.2180
2025-10-09 22:50:49,186 [INFO] Época 15/30, Batch 1300/3348, Loss: 0.1773
2025-10-09 22:50:49,448 [INFO] Época 15/30, Batch 1350/3348, Loss: 0.1936
2025-10-09 22:50:49,710 [INFO] Época 15/30, Batch 1400/3348, Loss: 0.1248
2025-10-09 22:50:49,971 [INFO] Época 15/30, Batch 1450/3348, Loss: 0.2201
2025-10-09 22:50:50,231 [INFO] Época 15/30, Batch 1500/3348, Loss: 0.2097
2025-10-09 22:50:50,493 [INFO] Época 15/30, Batch 1550/3348, Loss: 0.1550
2025-10-09 22:50:50,753 [INFO] Época 15/30, Batch 1600/3348, Loss: 0.2373
2025-10-09 22:50:51,015 [INFO] Época 15/30, Batch 1650/3348, Loss: 0.2999
2025-10-09 22:50:51,276 [INFO] Época 15/30, Batch 1700/3348, Loss: 0.1592
2025-10-09 22:50:51,538 [INFO] Época 15/30, Batch 1750/3348, Loss: 0.1606
2025-10-09 22:50:51,798 [INFO] Época 15/30, Batch 1800/3348, Loss: 0.2421
2025-10-09 22:50:52,059 [INFO] Época 15/30, Batch 1850/3348, Loss: 0.1874
2025-10-09 22:50:52,320 [INFO] Época 15/30, Batch 1900/3348, Loss: 0.1778
2025-10-09 22:50:52,580 [INFO] Época 15/30, Batch 1950/3348, Loss: 0.1956
2025-10-09 22:50:52,843 [INFO] Época 15/30, Batch 2000/3348, Loss: 0.1499
2025-10-09 22:50:53,104 [INFO] Época 15/30, Batch 2050/3348, Loss: 0.2014
2025-10-09 22:50:53,375 [INFO] Época 15/30, Batch 2100/3348, Loss: 0.2335
2025-10-09 22:50:53,636 [INFO] Época 15/30, Batch 2150/3348, Loss: 0.2064
2025-10-09 22:50:53,897 [INFO] Época 15/30, Batch 2200/3348, Loss: 0.1643
2025-10-09 22:50:54,160 [INFO] Época 15/30, Batch 2250/3348, Loss: 0.2539
2025-10-09 22:50:54,422 [INFO] Época 15/30, Batch 2300/3348, Loss: 0.2130
2025-10-09 22:50:54,684 [INFO] Época 15/30, Batch 2350/3348, Loss: 0.1781
2025-10-09 22:50:54,959 [INFO] Época 15/30, Batch 2400/3348, Loss: 0.2303
2025-10-09 22:50:55,223 [INFO] Época 15/30, Batch 2450/3348, Loss: 0.2403
2025-10-09 22:50:55,489 [INFO] Época 15/30, Batch 2500/3348, Loss: 0.1875
2025-10-09 22:50:55,753 [INFO] Época 15/30, Batch 2550/3348, Loss: 0.1522
2025-10-09 22:50:56,018 [INFO] Época 15/30, Batch 2600/3348, Loss: 0.1676
2025-10-09 22:50:56,289 [INFO] Época 15/30, Batch 2650/3348, Loss: 0.1754
2025-10-09 22:50:56,564 [INFO] Época 15/30, Batch 2700/3348, Loss: 0.1548
2025-10-09 22:50:56,838 [INFO] Época 15/30, Batch 2750/3348, Loss: 0.1613
2025-10-09 22:50:57,104 [INFO] Época 15/30, Batch 2800/3348, Loss: 0.1581
2025-10-09 22:50:57,364 [INFO] Época 15/30, Batch 2850/3348, Loss: 0.2080
2025-10-09 22:50:57,626 [INFO] Época 15/30, Batch 2900/3348, Loss: 0.1584
2025-10-09 22:50:57,886 [INFO] Época 15/30, Batch 2950/3348, Loss: 0.2179
2025-10-09 22:50:58,148 [INFO] Época 15/30, Batch 3000/3348, Loss: 0.1742
2025-10-09 22:50:58,408 [INFO] Época 15/30, Batch 3050/3348, Loss: 0.2220
2025-10-09 22:50:58,671 [INFO] Época 15/30, Batch 3100/3348, Loss: 0.1859
2025-10-09 22:50:58,933 [INFO] Época 15/30, Batch 3150/3348, Loss: 0.2327
2025-10-09 22:50:59,196 [INFO] Época 15/30, Batch 3200/3348, Loss: 0.1829
2025-10-09 22:50:59,459 [INFO] Época 15/30, Batch 3250/3348, Loss: 0.1759
2025-10-09 22:50:59,720 [INFO] Época 15/30, Batch 3300/3348, Loss: 0.2266
2025-10-09 22:51:01,613 [INFO] [15/30] Train Loss: 0.1926 | Val Loss: 0.3077 | Tempo: 19.66s
2025-10-09 22:51:02,221 [INFO] Época 16/30, Batch 50/3348, Loss: 0.1849
2025-10-09 22:51:02,487 [INFO] Época 16/30, Batch 100/3348, Loss: 0.1614
2025-10-09 22:51:02,752 [INFO] Época 16/30, Batch 150/3348, Loss: 0.1391
2025-10-09 22:51:03,013 [INFO] Época 16/30, Batch 200/3348, Loss: 0.1339
2025-10-09 22:51:03,279 [INFO] Época 16/30, Batch 250/3348, Loss: 0.1574
2025-10-09 22:51:03,542 [INFO] Época 16/30, Batch 300/3348, Loss: 0.1166
2025-10-09 22:51:03,810 [INFO] Época 16/30, Batch 350/3348, Loss: 0.2108
2025-10-09 22:51:04,069 [INFO] Época 16/30, Batch 400/3348, Loss: 0.2498
2025-10-09 22:51:04,329 [INFO] Época 16/30, Batch 450/3348, Loss: 0.1371
2025-10-09 22:51:04,599 [INFO] Época 16/30, Batch 500/3348, Loss: 0.1422
2025-10-09 22:51:04,858 [INFO] Época 16/30, Batch 550/3348, Loss: 0.1817
2025-10-09 22:51:05,118 [INFO] Época 16/30, Batch 600/3348, Loss: 0.2002
2025-10-09 22:51:05,372 [INFO] Época 16/30, Batch 650/3348, Loss: 0.1802
2025-10-09 22:51:05,622 [INFO] Época 16/30, Batch 700/3348, Loss: 0.1275
2025-10-09 22:51:05,874 [INFO] Época 16/30, Batch 750/3348, Loss: 0.1557
2025-10-09 22:51:06,125 [INFO] Época 16/30, Batch 800/3348, Loss: 0.1638
2025-10-09 22:51:06,377 [INFO] Época 16/30, Batch 850/3348, Loss: 0.2355
2025-10-09 22:51:06,629 [INFO] Época 16/30, Batch 900/3348, Loss: 0.1709
2025-10-09 22:51:06,882 [INFO] Época 16/30, Batch 950/3348, Loss: 0.1663
2025-10-09 22:51:07,144 [INFO] Época 16/30, Batch 1000/3348, Loss: 0.1526
2025-10-09 22:51:07,405 [INFO] Época 16/30, Batch 1050/3348, Loss: 0.1578
2025-10-09 22:51:07,666 [INFO] Época 16/30, Batch 1100/3348, Loss: 0.1723
2025-10-09 22:51:07,927 [INFO] Época 16/30, Batch 1150/3348, Loss: 0.1635
2025-10-09 22:51:08,192 [INFO] Época 16/30, Batch 1200/3348, Loss: 0.1994
2025-10-09 22:51:08,466 [INFO] Época 16/30, Batch 1250/3348, Loss: 0.1791
2025-10-09 22:51:08,738 [INFO] Época 16/30, Batch 1300/3348, Loss: 0.2464
2025-10-09 22:51:09,010 [INFO] Época 16/30, Batch 1350/3348, Loss: 0.1513
2025-10-09 22:51:09,281 [INFO] Época 16/30, Batch 1400/3348, Loss: 0.1650
2025-10-09 22:51:09,553 [INFO] Época 16/30, Batch 1450/3348, Loss: 0.2250
2025-10-09 22:51:09,826 [INFO] Época 16/30, Batch 1500/3348, Loss: 0.2423
2025-10-09 22:51:10,099 [INFO] Época 16/30, Batch 1550/3348, Loss: 0.2159
2025-10-09 22:51:10,373 [INFO] Época 16/30, Batch 1600/3348, Loss: 0.3253
2025-10-09 22:51:10,647 [INFO] Época 16/30, Batch 1650/3348, Loss: 0.2121
2025-10-09 22:51:10,920 [INFO] Época 16/30, Batch 1700/3348, Loss: 0.2232
2025-10-09 22:51:11,191 [INFO] Época 16/30, Batch 1750/3348, Loss: 0.1785
2025-10-09 22:51:11,456 [INFO] Época 16/30, Batch 1800/3348, Loss: 0.1937
2025-10-09 22:51:11,722 [INFO] Época 16/30, Batch 1850/3348, Loss: 0.2026
2025-10-09 22:51:11,985 [INFO] Época 16/30, Batch 1900/3348, Loss: 0.1946
2025-10-09 22:51:12,248 [INFO] Época 16/30, Batch 1950/3348, Loss: 0.2354
2025-10-09 22:51:12,511 [INFO] Época 16/30, Batch 2000/3348, Loss: 0.2483
2025-10-09 22:51:12,774 [INFO] Época 16/30, Batch 2050/3348, Loss: 0.1945
2025-10-09 22:51:13,040 [INFO] Época 16/30, Batch 2100/3348, Loss: 0.1648
2025-10-09 22:51:13,312 [INFO] Época 16/30, Batch 2150/3348, Loss: 0.1477
2025-10-09 22:51:13,585 [INFO] Época 16/30, Batch 2200/3348, Loss: 0.1462
2025-10-09 22:51:13,859 [INFO] Época 16/30, Batch 2250/3348, Loss: 0.1360
2025-10-09 22:51:14,130 [INFO] Época 16/30, Batch 2300/3348, Loss: 0.2284
2025-10-09 22:51:14,403 [INFO] Época 16/30, Batch 2350/3348, Loss: 0.1672
2025-10-09 22:51:14,675 [INFO] Época 16/30, Batch 2400/3348, Loss: 0.2772
2025-10-09 22:51:14,947 [INFO] Época 16/30, Batch 2450/3348, Loss: 0.2240
2025-10-09 22:51:15,219 [INFO] Época 16/30, Batch 2500/3348, Loss: 0.1599
2025-10-09 22:51:15,491 [INFO] Época 16/30, Batch 2550/3348, Loss: 0.1694
2025-10-09 22:51:15,766 [INFO] Época 16/30, Batch 2600/3348, Loss: 0.1724
2025-10-09 22:51:16,042 [INFO] Época 16/30, Batch 2650/3348, Loss: 0.1281
2025-10-09 22:51:16,316 [INFO] Época 16/30, Batch 2700/3348, Loss: 0.1772
2025-10-09 22:51:16,592 [INFO] Época 16/30, Batch 2750/3348, Loss: 0.2060
2025-10-09 22:51:16,864 [INFO] Época 16/30, Batch 2800/3348, Loss: 0.1707
2025-10-09 22:51:17,128 [INFO] Época 16/30, Batch 2850/3348, Loss: 0.1626
2025-10-09 22:51:17,392 [INFO] Época 16/30, Batch 2900/3348, Loss: 0.1830
2025-10-09 22:51:17,656 [INFO] Época 16/30, Batch 2950/3348, Loss: 0.2036
2025-10-09 22:51:17,921 [INFO] Época 16/30, Batch 3000/3348, Loss: 0.1743
2025-10-09 22:51:18,188 [INFO] Época 16/30, Batch 3050/3348, Loss: 0.1913
2025-10-09 22:51:18,450 [INFO] Época 16/30, Batch 3100/3348, Loss: 0.2085
2025-10-09 22:51:18,716 [INFO] Época 16/30, Batch 3150/3348, Loss: 0.2369
2025-10-09 22:51:18,991 [INFO] Época 16/30, Batch 3200/3348, Loss: 0.1898
2025-10-09 22:51:19,259 [INFO] Época 16/30, Batch 3250/3348, Loss: 0.1420
2025-10-09 22:51:19,526 [INFO] Época 16/30, Batch 3300/3348, Loss: 0.1621
2025-10-09 22:51:21,432 [INFO] [16/30] Train Loss: 0.1891 | Val Loss: 0.3090 | Tempo: 19.82s
2025-10-09 22:51:22,025 [INFO] Época 17/30, Batch 50/3348, Loss: 0.1580
2025-10-09 22:51:22,297 [INFO] Época 17/30, Batch 100/3348, Loss: 0.1500
2025-10-09 22:51:22,566 [INFO] Época 17/30, Batch 150/3348, Loss: 0.1276
2025-10-09 22:51:22,833 [INFO] Época 17/30, Batch 200/3348, Loss: 0.1281
2025-10-09 22:51:23,099 [INFO] Época 17/30, Batch 250/3348, Loss: 0.1700
2025-10-09 22:51:23,362 [INFO] Época 17/30, Batch 300/3348, Loss: 0.1256
2025-10-09 22:51:23,626 [INFO] Época 17/30, Batch 350/3348, Loss: 0.1752
2025-10-09 22:51:23,888 [INFO] Época 17/30, Batch 400/3348, Loss: 0.2212
2025-10-09 22:51:24,153 [INFO] Época 17/30, Batch 450/3348, Loss: 0.1599
2025-10-09 22:51:24,421 [INFO] Época 17/30, Batch 500/3348, Loss: 0.1929
2025-10-09 22:51:24,685 [INFO] Época 17/30, Batch 550/3348, Loss: 0.1460
2025-10-09 22:51:24,948 [INFO] Época 17/30, Batch 600/3348, Loss: 0.1596
2025-10-09 22:51:25,211 [INFO] Época 17/30, Batch 650/3348, Loss: 0.1716
2025-10-09 22:51:25,472 [INFO] Época 17/30, Batch 700/3348, Loss: 0.1964
2025-10-09 22:51:25,733 [INFO] Época 17/30, Batch 750/3348, Loss: 0.2297
2025-10-09 22:51:25,992 [INFO] Época 17/30, Batch 800/3348, Loss: 0.1730
2025-10-09 22:51:26,245 [INFO] Época 17/30, Batch 850/3348, Loss: 0.1522
2025-10-09 22:51:26,496 [INFO] Época 17/30, Batch 900/3348, Loss: 0.1749
2025-10-09 22:51:26,744 [INFO] Época 17/30, Batch 950/3348, Loss: 0.1626
2025-10-09 22:51:26,995 [INFO] Época 17/30, Batch 1000/3348, Loss: 0.1734
2025-10-09 22:51:27,251 [INFO] Época 17/30, Batch 1050/3348, Loss: 0.1681
2025-10-09 22:51:27,505 [INFO] Época 17/30, Batch 1100/3348, Loss: 0.1600
2025-10-09 22:51:27,758 [INFO] Época 17/30, Batch 1150/3348, Loss: 0.2183
2025-10-09 22:51:28,010 [INFO] Época 17/30, Batch 1200/3348, Loss: 0.1583
2025-10-09 22:51:28,268 [INFO] Época 17/30, Batch 1250/3348, Loss: 0.1889
2025-10-09 22:51:28,529 [INFO] Época 17/30, Batch 1300/3348, Loss: 0.1740
2025-10-09 22:51:28,794 [INFO] Época 17/30, Batch 1350/3348, Loss: 0.2110
2025-10-09 22:51:29,057 [INFO] Época 17/30, Batch 1400/3348, Loss: 0.1577
2025-10-09 22:51:29,317 [INFO] Época 17/30, Batch 1450/3348, Loss: 0.1984
2025-10-09 22:51:29,582 [INFO] Época 17/30, Batch 1500/3348, Loss: 0.1328
2025-10-09 22:51:29,846 [INFO] Época 17/30, Batch 1550/3348, Loss: 0.1822
2025-10-09 22:51:30,108 [INFO] Época 17/30, Batch 1600/3348, Loss: 0.1896
2025-10-09 22:51:30,370 [INFO] Época 17/30, Batch 1650/3348, Loss: 0.2259
2025-10-09 22:51:30,633 [INFO] Época 17/30, Batch 1700/3348, Loss: 0.2414
2025-10-09 22:51:30,895 [INFO] Época 17/30, Batch 1750/3348, Loss: 0.1679
2025-10-09 22:51:31,158 [INFO] Época 17/30, Batch 1800/3348, Loss: 0.1402
2025-10-09 22:51:31,423 [INFO] Época 17/30, Batch 1850/3348, Loss: 0.1844
2025-10-09 22:51:31,688 [INFO] Época 17/30, Batch 1900/3348, Loss: 0.1346
2025-10-09 22:51:31,947 [INFO] Época 17/30, Batch 1950/3348, Loss: 0.1669
2025-10-09 22:51:32,209 [INFO] Época 17/30, Batch 2000/3348, Loss: 0.2117
2025-10-09 22:51:32,470 [INFO] Época 17/30, Batch 2050/3348, Loss: 0.2093
2025-10-09 22:51:32,729 [INFO] Época 17/30, Batch 2100/3348, Loss: 0.2339
2025-10-09 22:51:32,987 [INFO] Época 17/30, Batch 2150/3348, Loss: 0.1763
2025-10-09 22:51:33,247 [INFO] Época 17/30, Batch 2200/3348, Loss: 0.2609
2025-10-09 22:51:33,505 [INFO] Época 17/30, Batch 2250/3348, Loss: 0.2241
2025-10-09 22:51:33,763 [INFO] Época 17/30, Batch 2300/3348, Loss: 0.1880
2025-10-09 22:51:34,020 [INFO] Época 17/30, Batch 2350/3348, Loss: 0.1902
2025-10-09 22:51:34,281 [INFO] Época 17/30, Batch 2400/3348, Loss: 0.1852
2025-10-09 22:51:34,541 [INFO] Época 17/30, Batch 2450/3348, Loss: 0.1935
2025-10-09 22:51:34,804 [INFO] Época 17/30, Batch 2500/3348, Loss: 0.2101
2025-10-09 22:51:35,066 [INFO] Época 17/30, Batch 2550/3348, Loss: 0.2360
2025-10-09 22:51:35,330 [INFO] Época 17/30, Batch 2600/3348, Loss: 0.1748
2025-10-09 22:51:35,594 [INFO] Época 17/30, Batch 2650/3348, Loss: 0.2284
2025-10-09 22:51:35,857 [INFO] Época 17/30, Batch 2700/3348, Loss: 0.2104
2025-10-09 22:51:36,120 [INFO] Época 17/30, Batch 2750/3348, Loss: 0.1159
2025-10-09 22:51:36,383 [INFO] Época 17/30, Batch 2800/3348, Loss: 0.1823
2025-10-09 22:51:36,651 [INFO] Época 17/30, Batch 2850/3348, Loss: 0.2320
2025-10-09 22:51:36,914 [INFO] Época 17/30, Batch 2900/3348, Loss: 0.1498
2025-10-09 22:51:37,175 [INFO] Época 17/30, Batch 2950/3348, Loss: 0.1865
2025-10-09 22:51:37,433 [INFO] Época 17/30, Batch 3000/3348, Loss: 0.1967
2025-10-09 22:51:37,693 [INFO] Época 17/30, Batch 3050/3348, Loss: 0.1989
2025-10-09 22:51:37,958 [INFO] Época 17/30, Batch 3100/3348, Loss: 0.1768
2025-10-09 22:51:38,223 [INFO] Época 17/30, Batch 3150/3348, Loss: 0.1971
2025-10-09 22:51:38,492 [INFO] Época 17/30, Batch 3200/3348, Loss: 0.2135
2025-10-09 22:51:38,758 [INFO] Época 17/30, Batch 3250/3348, Loss: 0.1965
2025-10-09 22:51:39,026 [INFO] Época 17/30, Batch 3300/3348, Loss: 0.1770
2025-10-09 22:51:40,849 [INFO] [17/30] Train Loss: 0.1856 | Val Loss: 0.3066 | Tempo: 19.42s
2025-10-09 22:51:40,850 [INFO] Early stopping ativado após 10 épocas sem melhoria
2025-10-09 22:51:40,850 [INFO] Treinamento concluído em 334.14 segundos (5.57 minutos)
2025-10-09 22:51:40,850 [INFO] Iniciando avaliação no conjunto de teste...
2025-10-09 22:51:42,376 [INFO] Avaliação do teste concluída em 1.53 segundos
2025-10-09 22:51:42,376 [INFO] MSE no teste: 0.3976
2025-10-09 22:51:42,376 [INFO] RMSE no teste: 0.6305
2025-10-09 22:51:42,376 [INFO] MAE no teste: 0.4634
2025-10-09 22:51:42,377 [INFO] Métricas salvas em /mnt/hdd/home/jdurao/ToolBox-ChemXAI/logs/mlp_att5_Morgan_metrics.json
