2025-10-10 01:36:46,162 [INFO] Iniciando treinamento do modelo mlp_att6_Pattern
2025-10-10 01:36:46,162 [INFO] Configuração: att_index=6, epochs=30, layers=[128, 64, 32], lr=0.001, batch_size=32, descriptor_type=Pattern
2025-10-10 01:36:46,162 [INFO] Diretório para modelos: /mnt/hdd/home/jdurao/ToolBox-ChemXAI/models
2025-10-10 01:36:46,162 [INFO] Carregando dados...
2025-10-10 01:36:46,261 [INFO] Preparando dataloaders sem ruído...
2025-10-10 01:37:02,216 [INFO] Dados carregados em 16.05 segundos
2025-10-10 01:37:02,216 [INFO] Tamanhos dos conjuntos - Treino: 107108, Validação: 13388, Teste: 13389
2025-10-10 01:37:02,216 [INFO] Usando dispositivo: cuda
2025-10-10 01:37:02,601 [INFO] Dimensão de entrada: 512, Dimensão de saída: 1
2025-10-10 01:37:02,602 [INFO] Criando modelo MLP com camadas: [128, 64, 32]
2025-10-10 01:37:02,606 [INFO] Modelo criado com 76033 parâmetros
2025-10-10 01:37:02,623 [INFO] Iniciando treinamento com 30 épocas...
2025-10-10 01:37:03,224 [INFO] Época 1/30, Batch 50/3348, Loss: 0.4487
2025-10-10 01:37:03,496 [INFO] Época 1/30, Batch 100/3348, Loss: 0.4314
2025-10-10 01:37:03,766 [INFO] Época 1/30, Batch 150/3348, Loss: 0.4146
2025-10-10 01:37:04,040 [INFO] Época 1/30, Batch 200/3348, Loss: 0.3314
2025-10-10 01:37:04,313 [INFO] Época 1/30, Batch 250/3348, Loss: 0.2418
2025-10-10 01:37:04,588 [INFO] Época 1/30, Batch 300/3348, Loss: 0.3533
2025-10-10 01:37:04,862 [INFO] Época 1/30, Batch 350/3348, Loss: 0.3533
2025-10-10 01:37:05,134 [INFO] Época 1/30, Batch 400/3348, Loss: 0.2941
2025-10-10 01:37:05,410 [INFO] Época 1/30, Batch 450/3348, Loss: 0.2364
2025-10-10 01:37:05,678 [INFO] Época 1/30, Batch 500/3348, Loss: 0.3397
2025-10-10 01:37:05,939 [INFO] Época 1/30, Batch 550/3348, Loss: 0.3104
2025-10-10 01:37:06,202 [INFO] Época 1/30, Batch 600/3348, Loss: 0.2364
2025-10-10 01:37:06,465 [INFO] Época 1/30, Batch 650/3348, Loss: 0.2580
2025-10-10 01:37:06,727 [INFO] Época 1/30, Batch 700/3348, Loss: 0.1856
2025-10-10 01:37:06,991 [INFO] Época 1/30, Batch 750/3348, Loss: 0.2851
2025-10-10 01:37:07,253 [INFO] Época 1/30, Batch 800/3348, Loss: 0.2478
2025-10-10 01:37:07,529 [INFO] Época 1/30, Batch 850/3348, Loss: 0.3035
2025-10-10 01:37:07,793 [INFO] Época 1/30, Batch 900/3348, Loss: 0.2505
2025-10-10 01:37:08,055 [INFO] Época 1/30, Batch 950/3348, Loss: 0.2117
2025-10-10 01:37:08,316 [INFO] Época 1/30, Batch 1000/3348, Loss: 0.1998
2025-10-10 01:37:08,578 [INFO] Época 1/30, Batch 1050/3348, Loss: 0.4028
2025-10-10 01:37:08,841 [INFO] Época 1/30, Batch 1100/3348, Loss: 0.3586
2025-10-10 01:37:09,103 [INFO] Época 1/30, Batch 1150/3348, Loss: 0.1827
2025-10-10 01:37:09,364 [INFO] Época 1/30, Batch 1200/3348, Loss: 0.2037
2025-10-10 01:37:09,627 [INFO] Época 1/30, Batch 1250/3348, Loss: 0.3290
2025-10-10 01:37:09,889 [INFO] Época 1/30, Batch 1300/3348, Loss: 0.2230
2025-10-10 01:37:10,156 [INFO] Época 1/30, Batch 1350/3348, Loss: 0.1904
2025-10-10 01:37:10,418 [INFO] Época 1/30, Batch 1400/3348, Loss: 0.3207
2025-10-10 01:37:10,680 [INFO] Época 1/30, Batch 1450/3348, Loss: 0.2583
2025-10-10 01:37:10,942 [INFO] Época 1/30, Batch 1500/3348, Loss: 0.2332
2025-10-10 01:37:11,203 [INFO] Época 1/30, Batch 1550/3348, Loss: 0.2326
2025-10-10 01:37:11,465 [INFO] Época 1/30, Batch 1600/3348, Loss: 0.2306
2025-10-10 01:37:11,726 [INFO] Época 1/30, Batch 1650/3348, Loss: 0.2166
2025-10-10 01:37:11,987 [INFO] Época 1/30, Batch 1700/3348, Loss: 0.2337
2025-10-10 01:37:12,249 [INFO] Época 1/30, Batch 1750/3348, Loss: 0.2266
2025-10-10 01:37:12,521 [INFO] Época 1/30, Batch 1800/3348, Loss: 0.2124
2025-10-10 01:37:12,793 [INFO] Época 1/30, Batch 1850/3348, Loss: 0.1868
2025-10-10 01:37:13,055 [INFO] Época 1/30, Batch 1900/3348, Loss: 0.1441
2025-10-10 01:37:13,317 [INFO] Época 1/30, Batch 1950/3348, Loss: 0.1784
2025-10-10 01:37:13,581 [INFO] Época 1/30, Batch 2000/3348, Loss: 0.2746
2025-10-10 01:37:13,845 [INFO] Época 1/30, Batch 2050/3348, Loss: 0.1744
2025-10-10 01:37:14,111 [INFO] Época 1/30, Batch 2100/3348, Loss: 0.2162
2025-10-10 01:37:14,379 [INFO] Época 1/30, Batch 2150/3348, Loss: 0.2435
2025-10-10 01:37:14,646 [INFO] Época 1/30, Batch 2200/3348, Loss: 0.2796
2025-10-10 01:37:14,911 [INFO] Época 1/30, Batch 2250/3348, Loss: 0.2684
2025-10-10 01:37:15,173 [INFO] Época 1/30, Batch 2300/3348, Loss: 0.1664
2025-10-10 01:37:15,437 [INFO] Época 1/30, Batch 2350/3348, Loss: 0.2463
2025-10-10 01:37:15,703 [INFO] Época 1/30, Batch 2400/3348, Loss: 0.1933
2025-10-10 01:37:15,967 [INFO] Época 1/30, Batch 2450/3348, Loss: 0.1796
2025-10-10 01:37:16,233 [INFO] Época 1/30, Batch 2500/3348, Loss: 0.2044
2025-10-10 01:37:16,497 [INFO] Época 1/30, Batch 2550/3348, Loss: 0.2729
2025-10-10 01:37:16,761 [INFO] Época 1/30, Batch 2600/3348, Loss: 0.2782
2025-10-10 01:37:17,023 [INFO] Época 1/30, Batch 2650/3348, Loss: 0.2503
2025-10-10 01:37:17,284 [INFO] Época 1/30, Batch 2700/3348, Loss: 0.2337
2025-10-10 01:37:17,548 [INFO] Época 1/30, Batch 2750/3348, Loss: 0.2039
2025-10-10 01:37:17,826 [INFO] Época 1/30, Batch 2800/3348, Loss: 0.2356
2025-10-10 01:37:18,089 [INFO] Época 1/30, Batch 2850/3348, Loss: 0.2707
2025-10-10 01:37:18,353 [INFO] Época 1/30, Batch 2900/3348, Loss: 0.2909
2025-10-10 01:37:18,614 [INFO] Época 1/30, Batch 2950/3348, Loss: 0.1767
2025-10-10 01:37:18,875 [INFO] Época 1/30, Batch 3000/3348, Loss: 0.2479
2025-10-10 01:37:19,136 [INFO] Época 1/30, Batch 3050/3348, Loss: 0.2436
2025-10-10 01:37:19,397 [INFO] Época 1/30, Batch 3100/3348, Loss: 0.2786
2025-10-10 01:37:19,659 [INFO] Época 1/30, Batch 3150/3348, Loss: 0.2008
2025-10-10 01:37:19,920 [INFO] Época 1/30, Batch 3200/3348, Loss: 0.2068
2025-10-10 01:37:20,181 [INFO] Época 1/30, Batch 3250/3348, Loss: 0.2413
2025-10-10 01:37:20,442 [INFO] Época 1/30, Batch 3300/3348, Loss: 0.2383
2025-10-10 01:37:22,358 [INFO] [1/30] Train Loss: 0.2531 | Val Loss: 0.1778 | Tempo: 19.73s
2025-10-10 01:37:22,363 [INFO] Melhor modelo salvo em: /mnt/hdd/home/jdurao/ToolBox-ChemXAI/models/mlp_qm9_Pattern_att6_large.pth
2025-10-10 01:37:22,963 [INFO] Época 2/30, Batch 50/3348, Loss: 0.1988
2025-10-10 01:37:23,243 [INFO] Época 2/30, Batch 100/3348, Loss: 0.1503
2025-10-10 01:37:23,508 [INFO] Época 2/30, Batch 150/3348, Loss: 0.1946
2025-10-10 01:37:23,771 [INFO] Época 2/30, Batch 200/3348, Loss: 0.1583
2025-10-10 01:37:24,035 [INFO] Época 2/30, Batch 250/3348, Loss: 0.1641
2025-10-10 01:37:24,299 [INFO] Época 2/30, Batch 300/3348, Loss: 0.1526
2025-10-10 01:37:24,565 [INFO] Época 2/30, Batch 350/3348, Loss: 0.1973
2025-10-10 01:37:24,829 [INFO] Época 2/30, Batch 400/3348, Loss: 0.1928
2025-10-10 01:37:25,092 [INFO] Época 2/30, Batch 450/3348, Loss: 0.1863
2025-10-10 01:37:25,353 [INFO] Época 2/30, Batch 500/3348, Loss: 0.1724
2025-10-10 01:37:25,615 [INFO] Época 2/30, Batch 550/3348, Loss: 0.2162
2025-10-10 01:37:25,880 [INFO] Época 2/30, Batch 600/3348, Loss: 0.2204
2025-10-10 01:37:26,146 [INFO] Época 2/30, Batch 650/3348, Loss: 0.2405
2025-10-10 01:37:26,414 [INFO] Época 2/30, Batch 700/3348, Loss: 0.2301
2025-10-10 01:37:26,680 [INFO] Época 2/30, Batch 750/3348, Loss: 0.1941
2025-10-10 01:37:26,945 [INFO] Época 2/30, Batch 800/3348, Loss: 0.1929
2025-10-10 01:37:27,210 [INFO] Época 2/30, Batch 850/3348, Loss: 0.1596
2025-10-10 01:37:27,481 [INFO] Época 2/30, Batch 900/3348, Loss: 0.2298
2025-10-10 01:37:27,744 [INFO] Época 2/30, Batch 950/3348, Loss: 0.2168
2025-10-10 01:37:28,006 [INFO] Época 2/30, Batch 1000/3348, Loss: 0.1344
2025-10-10 01:37:28,277 [INFO] Época 2/30, Batch 1050/3348, Loss: 0.1653
2025-10-10 01:37:28,538 [INFO] Época 2/30, Batch 1100/3348, Loss: 0.1791
2025-10-10 01:37:28,799 [INFO] Época 2/30, Batch 1150/3348, Loss: 0.2276
2025-10-10 01:37:29,059 [INFO] Época 2/30, Batch 1200/3348, Loss: 0.1648
2025-10-10 01:37:29,320 [INFO] Época 2/30, Batch 1250/3348, Loss: 0.2421
2025-10-10 01:37:29,579 [INFO] Época 2/30, Batch 1300/3348, Loss: 0.2069
2025-10-10 01:37:29,839 [INFO] Época 2/30, Batch 1350/3348, Loss: 0.1664
2025-10-10 01:37:30,102 [INFO] Época 2/30, Batch 1400/3348, Loss: 0.1288
2025-10-10 01:37:30,363 [INFO] Época 2/30, Batch 1450/3348, Loss: 0.1724
2025-10-10 01:37:30,625 [INFO] Época 2/30, Batch 1500/3348, Loss: 0.2135
2025-10-10 01:37:30,885 [INFO] Época 2/30, Batch 1550/3348, Loss: 0.2214
2025-10-10 01:37:31,145 [INFO] Época 2/30, Batch 1600/3348, Loss: 0.1807
2025-10-10 01:37:31,407 [INFO] Época 2/30, Batch 1650/3348, Loss: 0.1672
2025-10-10 01:37:31,672 [INFO] Época 2/30, Batch 1700/3348, Loss: 0.2126
2025-10-10 01:37:31,933 [INFO] Época 2/30, Batch 1750/3348, Loss: 0.2615
2025-10-10 01:37:32,196 [INFO] Época 2/30, Batch 1800/3348, Loss: 0.1538
2025-10-10 01:37:32,460 [INFO] Época 2/30, Batch 1850/3348, Loss: 0.2015
2025-10-10 01:37:32,723 [INFO] Época 2/30, Batch 1900/3348, Loss: 0.1419
2025-10-10 01:37:32,986 [INFO] Época 2/30, Batch 1950/3348, Loss: 0.1434
2025-10-10 01:37:33,248 [INFO] Época 2/30, Batch 2000/3348, Loss: 0.2127
2025-10-10 01:37:33,513 [INFO] Época 2/30, Batch 2050/3348, Loss: 0.1672
2025-10-10 01:37:33,774 [INFO] Época 2/30, Batch 2100/3348, Loss: 0.2154
2025-10-10 01:37:34,036 [INFO] Época 2/30, Batch 2150/3348, Loss: 0.2452
2025-10-10 01:37:34,297 [INFO] Época 2/30, Batch 2200/3348, Loss: 0.1737
2025-10-10 01:37:34,557 [INFO] Época 2/30, Batch 2250/3348, Loss: 0.1667
2025-10-10 01:37:34,817 [INFO] Época 2/30, Batch 2300/3348, Loss: 0.1963
2025-10-10 01:37:35,078 [INFO] Época 2/30, Batch 2350/3348, Loss: 0.1783
2025-10-10 01:37:35,342 [INFO] Época 2/30, Batch 2400/3348, Loss: 0.2701
2025-10-10 01:37:35,603 [INFO] Época 2/30, Batch 2450/3348, Loss: 0.1158
2025-10-10 01:37:35,865 [INFO] Época 2/30, Batch 2500/3348, Loss: 0.1736
2025-10-10 01:37:36,126 [INFO] Época 2/30, Batch 2550/3348, Loss: 0.1962
2025-10-10 01:37:36,386 [INFO] Época 2/30, Batch 2600/3348, Loss: 0.1483
2025-10-10 01:37:36,648 [INFO] Época 2/30, Batch 2650/3348, Loss: 0.2056
2025-10-10 01:37:36,911 [INFO] Época 2/30, Batch 2700/3348, Loss: 0.1614
2025-10-10 01:37:37,176 [INFO] Época 2/30, Batch 2750/3348, Loss: 0.2105
2025-10-10 01:37:37,439 [INFO] Época 2/30, Batch 2800/3348, Loss: 0.2027
2025-10-10 01:37:37,706 [INFO] Época 2/30, Batch 2850/3348, Loss: 0.2638
2025-10-10 01:37:37,975 [INFO] Época 2/30, Batch 2900/3348, Loss: 0.1568
2025-10-10 01:37:38,243 [INFO] Época 2/30, Batch 2950/3348, Loss: 0.1605
2025-10-10 01:37:38,513 [INFO] Época 2/30, Batch 3000/3348, Loss: 0.2436
2025-10-10 01:37:38,781 [INFO] Época 2/30, Batch 3050/3348, Loss: 0.1973
2025-10-10 01:37:39,047 [INFO] Época 2/30, Batch 3100/3348, Loss: 0.2189
2025-10-10 01:37:39,311 [INFO] Época 2/30, Batch 3150/3348, Loss: 0.1675
2025-10-10 01:37:39,578 [INFO] Época 2/30, Batch 3200/3348, Loss: 0.2052
2025-10-10 01:37:39,842 [INFO] Época 2/30, Batch 3250/3348, Loss: 0.1394
2025-10-10 01:37:40,105 [INFO] Época 2/30, Batch 3300/3348, Loss: 0.2087
2025-10-10 01:37:42,028 [INFO] [2/30] Train Loss: 0.1972 | Val Loss: 0.1680 | Tempo: 19.66s
2025-10-10 01:37:42,033 [INFO] Melhor modelo salvo em: /mnt/hdd/home/jdurao/ToolBox-ChemXAI/models/mlp_qm9_Pattern_att6_large.pth
2025-10-10 01:37:42,635 [INFO] Época 3/30, Batch 50/3348, Loss: 0.1867
2025-10-10 01:37:42,904 [INFO] Época 3/30, Batch 100/3348, Loss: 0.1703
2025-10-10 01:37:43,171 [INFO] Época 3/30, Batch 150/3348, Loss: 0.1982
2025-10-10 01:37:43,437 [INFO] Época 3/30, Batch 200/3348, Loss: 0.1364
2025-10-10 01:37:43,702 [INFO] Época 3/30, Batch 250/3348, Loss: 0.1764
2025-10-10 01:37:43,977 [INFO] Época 3/30, Batch 300/3348, Loss: 0.1711
2025-10-10 01:37:44,239 [INFO] Época 3/30, Batch 350/3348, Loss: 0.1646
2025-10-10 01:37:44,502 [INFO] Época 3/30, Batch 400/3348, Loss: 0.1926
2025-10-10 01:37:44,765 [INFO] Época 3/30, Batch 450/3348, Loss: 0.1883
2025-10-10 01:37:45,025 [INFO] Época 3/30, Batch 500/3348, Loss: 0.1834
2025-10-10 01:37:45,286 [INFO] Época 3/30, Batch 550/3348, Loss: 0.2266
2025-10-10 01:37:45,548 [INFO] Época 3/30, Batch 600/3348, Loss: 0.1556
2025-10-10 01:37:45,811 [INFO] Época 3/30, Batch 650/3348, Loss: 0.1527
2025-10-10 01:37:46,073 [INFO] Época 3/30, Batch 700/3348, Loss: 0.1582
2025-10-10 01:37:46,334 [INFO] Época 3/30, Batch 750/3348, Loss: 0.1697
2025-10-10 01:37:46,597 [INFO] Época 3/30, Batch 800/3348, Loss: 0.1964
2025-10-10 01:37:46,860 [INFO] Época 3/30, Batch 850/3348, Loss: 0.1843
2025-10-10 01:37:47,124 [INFO] Época 3/30, Batch 900/3348, Loss: 0.1364
2025-10-10 01:37:47,386 [INFO] Época 3/30, Batch 950/3348, Loss: 0.2323
2025-10-10 01:37:47,648 [INFO] Época 3/30, Batch 1000/3348, Loss: 0.2085
2025-10-10 01:37:47,908 [INFO] Época 3/30, Batch 1050/3348, Loss: 0.1678
2025-10-10 01:37:48,170 [INFO] Época 3/30, Batch 1100/3348, Loss: 0.1977
2025-10-10 01:37:48,433 [INFO] Época 3/30, Batch 1150/3348, Loss: 0.2233
2025-10-10 01:37:48,696 [INFO] Época 3/30, Batch 1200/3348, Loss: 0.2012
2025-10-10 01:37:48,957 [INFO] Época 3/30, Batch 1250/3348, Loss: 0.1340
2025-10-10 01:37:49,227 [INFO] Época 3/30, Batch 1300/3348, Loss: 0.2325
2025-10-10 01:37:49,489 [INFO] Época 3/30, Batch 1350/3348, Loss: 0.1878
2025-10-10 01:37:49,750 [INFO] Época 3/30, Batch 1400/3348, Loss: 0.1417
2025-10-10 01:37:50,018 [INFO] Época 3/30, Batch 1450/3348, Loss: 0.2411
2025-10-10 01:37:50,281 [INFO] Época 3/30, Batch 1500/3348, Loss: 0.2289
2025-10-10 01:37:50,543 [INFO] Época 3/30, Batch 1550/3348, Loss: 0.1763
2025-10-10 01:37:50,808 [INFO] Época 3/30, Batch 1600/3348, Loss: 0.1893
2025-10-10 01:37:51,071 [INFO] Época 3/30, Batch 1650/3348, Loss: 0.1610
2025-10-10 01:37:51,334 [INFO] Época 3/30, Batch 1700/3348, Loss: 0.1335
2025-10-10 01:37:51,596 [INFO] Época 3/30, Batch 1750/3348, Loss: 0.1580
2025-10-10 01:37:51,863 [INFO] Época 3/30, Batch 1800/3348, Loss: 0.2166
2025-10-10 01:37:52,126 [INFO] Época 3/30, Batch 1850/3348, Loss: 0.1294
2025-10-10 01:37:52,386 [INFO] Época 3/30, Batch 1900/3348, Loss: 0.2177
2025-10-10 01:37:52,646 [INFO] Época 3/30, Batch 1950/3348, Loss: 0.1498
2025-10-10 01:37:52,906 [INFO] Época 3/30, Batch 2000/3348, Loss: 0.1769
2025-10-10 01:37:53,167 [INFO] Época 3/30, Batch 2050/3348, Loss: 0.2245
2025-10-10 01:37:53,429 [INFO] Época 3/30, Batch 2100/3348, Loss: 0.2447
2025-10-10 01:37:53,689 [INFO] Época 3/30, Batch 2150/3348, Loss: 0.1842
2025-10-10 01:37:53,951 [INFO] Época 3/30, Batch 2200/3348, Loss: 0.1908
2025-10-10 01:37:54,210 [INFO] Época 3/30, Batch 2250/3348, Loss: 0.1576
2025-10-10 01:37:54,473 [INFO] Época 3/30, Batch 2300/3348, Loss: 0.1478
2025-10-10 01:37:54,732 [INFO] Época 3/30, Batch 2350/3348, Loss: 0.1908
2025-10-10 01:37:54,993 [INFO] Época 3/30, Batch 2400/3348, Loss: 0.1662
2025-10-10 01:37:55,253 [INFO] Época 3/30, Batch 2450/3348, Loss: 0.1566
2025-10-10 01:37:55,513 [INFO] Época 3/30, Batch 2500/3348, Loss: 0.1801
2025-10-10 01:37:55,772 [INFO] Época 3/30, Batch 2550/3348, Loss: 0.1597
2025-10-10 01:37:56,033 [INFO] Época 3/30, Batch 2600/3348, Loss: 0.2174
2025-10-10 01:37:56,291 [INFO] Época 3/30, Batch 2650/3348, Loss: 0.2533
2025-10-10 01:37:56,551 [INFO] Época 3/30, Batch 2700/3348, Loss: 0.2505
2025-10-10 01:37:56,810 [INFO] Época 3/30, Batch 2750/3348, Loss: 0.1416
2025-10-10 01:37:57,070 [INFO] Época 3/30, Batch 2800/3348, Loss: 0.1653
2025-10-10 01:37:57,329 [INFO] Época 3/30, Batch 2850/3348, Loss: 0.1674
2025-10-10 01:37:57,588 [INFO] Época 3/30, Batch 2900/3348, Loss: 0.1453
2025-10-10 01:37:57,849 [INFO] Época 3/30, Batch 2950/3348, Loss: 0.1476
2025-10-10 01:37:58,108 [INFO] Época 3/30, Batch 3000/3348, Loss: 0.2292
2025-10-10 01:37:58,367 [INFO] Época 3/30, Batch 3050/3348, Loss: 0.1403
2025-10-10 01:37:58,628 [INFO] Época 3/30, Batch 3100/3348, Loss: 0.1764
2025-10-10 01:37:58,893 [INFO] Época 3/30, Batch 3150/3348, Loss: 0.1471
2025-10-10 01:37:59,158 [INFO] Época 3/30, Batch 3200/3348, Loss: 0.1585
2025-10-10 01:37:59,425 [INFO] Época 3/30, Batch 3250/3348, Loss: 0.1544
2025-10-10 01:37:59,694 [INFO] Época 3/30, Batch 3300/3348, Loss: 0.2544
2025-10-10 01:38:01,475 [INFO] [3/30] Train Loss: 0.1830 | Val Loss: 0.1680 | Tempo: 19.44s
2025-10-10 01:38:01,480 [INFO] Melhor modelo salvo em: /mnt/hdd/home/jdurao/ToolBox-ChemXAI/models/mlp_qm9_Pattern_att6_large.pth
2025-10-10 01:38:02,078 [INFO] Época 4/30, Batch 50/3348, Loss: 0.1147
2025-10-10 01:38:02,341 [INFO] Época 4/30, Batch 100/3348, Loss: 0.1206
2025-10-10 01:38:02,601 [INFO] Época 4/30, Batch 150/3348, Loss: 0.1622
2025-10-10 01:38:02,868 [INFO] Época 4/30, Batch 200/3348, Loss: 0.1555
2025-10-10 01:38:03,133 [INFO] Época 4/30, Batch 250/3348, Loss: 0.2403
2025-10-10 01:38:03,399 [INFO] Época 4/30, Batch 300/3348, Loss: 0.1751
2025-10-10 01:38:03,663 [INFO] Época 4/30, Batch 350/3348, Loss: 0.2313
2025-10-10 01:38:03,928 [INFO] Época 4/30, Batch 400/3348, Loss: 0.1115
2025-10-10 01:38:04,194 [INFO] Época 4/30, Batch 450/3348, Loss: 0.1819
2025-10-10 01:38:04,459 [INFO] Época 4/30, Batch 500/3348, Loss: 0.1972
2025-10-10 01:38:04,734 [INFO] Época 4/30, Batch 550/3348, Loss: 0.1450
2025-10-10 01:38:05,000 [INFO] Época 4/30, Batch 600/3348, Loss: 0.1706
2025-10-10 01:38:05,265 [INFO] Época 4/30, Batch 650/3348, Loss: 0.2451
2025-10-10 01:38:05,533 [INFO] Época 4/30, Batch 700/3348, Loss: 0.1417
2025-10-10 01:38:05,798 [INFO] Época 4/30, Batch 750/3348, Loss: 0.1449
2025-10-10 01:38:06,061 [INFO] Época 4/30, Batch 800/3348, Loss: 0.1762
2025-10-10 01:38:06,321 [INFO] Época 4/30, Batch 850/3348, Loss: 0.1439
2025-10-10 01:38:06,581 [INFO] Época 4/30, Batch 900/3348, Loss: 0.1552
2025-10-10 01:38:06,848 [INFO] Época 4/30, Batch 950/3348, Loss: 0.2466
2025-10-10 01:38:07,112 [INFO] Época 4/30, Batch 1000/3348, Loss: 0.2317
2025-10-10 01:38:07,375 [INFO] Época 4/30, Batch 1050/3348, Loss: 0.1633
2025-10-10 01:38:07,638 [INFO] Época 4/30, Batch 1100/3348, Loss: 0.2564
2025-10-10 01:38:07,900 [INFO] Época 4/30, Batch 1150/3348, Loss: 0.1346
2025-10-10 01:38:08,162 [INFO] Época 4/30, Batch 1200/3348, Loss: 0.1289
2025-10-10 01:38:08,426 [INFO] Época 4/30, Batch 1250/3348, Loss: 0.2110
2025-10-10 01:38:08,688 [INFO] Época 4/30, Batch 1300/3348, Loss: 0.2166
2025-10-10 01:38:08,950 [INFO] Época 4/30, Batch 1350/3348, Loss: 0.1490
2025-10-10 01:38:09,211 [INFO] Época 4/30, Batch 1400/3348, Loss: 0.1508
2025-10-10 01:38:09,474 [INFO] Época 4/30, Batch 1450/3348, Loss: 0.2778
2025-10-10 01:38:09,738 [INFO] Época 4/30, Batch 1500/3348, Loss: 0.1716
2025-10-10 01:38:09,999 [INFO] Época 4/30, Batch 1550/3348, Loss: 0.1966
2025-10-10 01:38:10,259 [INFO] Época 4/30, Batch 1600/3348, Loss: 0.1067
2025-10-10 01:38:10,521 [INFO] Época 4/30, Batch 1650/3348, Loss: 0.2176
2025-10-10 01:38:10,785 [INFO] Época 4/30, Batch 1700/3348, Loss: 0.1607
2025-10-10 01:38:11,047 [INFO] Época 4/30, Batch 1750/3348, Loss: 0.1875
2025-10-10 01:38:11,309 [INFO] Época 4/30, Batch 1800/3348, Loss: 0.1099
2025-10-10 01:38:11,571 [INFO] Época 4/30, Batch 1850/3348, Loss: 0.1308
2025-10-10 01:38:11,833 [INFO] Época 4/30, Batch 1900/3348, Loss: 0.1822
2025-10-10 01:38:12,093 [INFO] Época 4/30, Batch 1950/3348, Loss: 0.1905
2025-10-10 01:38:12,355 [INFO] Época 4/30, Batch 2000/3348, Loss: 0.1656
2025-10-10 01:38:12,617 [INFO] Época 4/30, Batch 2050/3348, Loss: 0.1935
2025-10-10 01:38:12,878 [INFO] Época 4/30, Batch 2100/3348, Loss: 0.1774
2025-10-10 01:38:13,140 [INFO] Época 4/30, Batch 2150/3348, Loss: 0.2024
2025-10-10 01:38:13,402 [INFO] Época 4/30, Batch 2200/3348, Loss: 0.1521
2025-10-10 01:38:13,663 [INFO] Época 4/30, Batch 2250/3348, Loss: 0.1779
2025-10-10 01:38:13,925 [INFO] Época 4/30, Batch 2300/3348, Loss: 0.1398
2025-10-10 01:38:14,185 [INFO] Época 4/30, Batch 2350/3348, Loss: 0.1989
2025-10-10 01:38:14,447 [INFO] Época 4/30, Batch 2400/3348, Loss: 0.2261
2025-10-10 01:38:14,708 [INFO] Época 4/30, Batch 2450/3348, Loss: 0.1847
2025-10-10 01:38:14,971 [INFO] Época 4/30, Batch 2500/3348, Loss: 0.1530
2025-10-10 01:38:15,233 [INFO] Época 4/30, Batch 2550/3348, Loss: 0.1602
2025-10-10 01:38:15,494 [INFO] Época 4/30, Batch 2600/3348, Loss: 0.1844
2025-10-10 01:38:15,753 [INFO] Época 4/30, Batch 2650/3348, Loss: 0.1514
2025-10-10 01:38:16,014 [INFO] Época 4/30, Batch 2700/3348, Loss: 0.1730
2025-10-10 01:38:16,276 [INFO] Época 4/30, Batch 2750/3348, Loss: 0.1436
2025-10-10 01:38:16,536 [INFO] Época 4/30, Batch 2800/3348, Loss: 0.2018
2025-10-10 01:38:16,797 [INFO] Época 4/30, Batch 2850/3348, Loss: 0.1703
2025-10-10 01:38:17,058 [INFO] Época 4/30, Batch 2900/3348, Loss: 0.1971
2025-10-10 01:38:17,319 [INFO] Época 4/30, Batch 2950/3348, Loss: 0.1706
2025-10-10 01:38:17,582 [INFO] Época 4/30, Batch 3000/3348, Loss: 0.2078
2025-10-10 01:38:17,844 [INFO] Época 4/30, Batch 3050/3348, Loss: 0.1807
2025-10-10 01:38:18,107 [INFO] Época 4/30, Batch 3100/3348, Loss: 0.1513
2025-10-10 01:38:18,368 [INFO] Época 4/30, Batch 3150/3348, Loss: 0.1851
2025-10-10 01:38:18,629 [INFO] Época 4/30, Batch 3200/3348, Loss: 0.2091
2025-10-10 01:38:18,893 [INFO] Época 4/30, Batch 3250/3348, Loss: 0.1552
2025-10-10 01:38:19,154 [INFO] Época 4/30, Batch 3300/3348, Loss: 0.1577
2025-10-10 01:38:21,029 [INFO] [4/30] Train Loss: 0.1745 | Val Loss: 0.1628 | Tempo: 19.55s
2025-10-10 01:38:21,035 [INFO] Melhor modelo salvo em: /mnt/hdd/home/jdurao/ToolBox-ChemXAI/models/mlp_qm9_Pattern_att6_large.pth
2025-10-10 01:38:21,636 [INFO] Época 5/30, Batch 50/3348, Loss: 0.1940
2025-10-10 01:38:21,901 [INFO] Época 5/30, Batch 100/3348, Loss: 0.1999
2025-10-10 01:38:22,166 [INFO] Época 5/30, Batch 150/3348, Loss: 0.1010
2025-10-10 01:38:22,431 [INFO] Época 5/30, Batch 200/3348, Loss: 0.1804
2025-10-10 01:38:22,698 [INFO] Época 5/30, Batch 250/3348, Loss: 0.1630
2025-10-10 01:38:22,963 [INFO] Época 5/30, Batch 300/3348, Loss: 0.1497
2025-10-10 01:38:23,226 [INFO] Época 5/30, Batch 350/3348, Loss: 0.1989
2025-10-10 01:38:23,487 [INFO] Época 5/30, Batch 400/3348, Loss: 0.1382
2025-10-10 01:38:23,752 [INFO] Época 5/30, Batch 450/3348, Loss: 0.2034
2025-10-10 01:38:24,015 [INFO] Época 5/30, Batch 500/3348, Loss: 0.1688
2025-10-10 01:38:24,277 [INFO] Época 5/30, Batch 550/3348, Loss: 0.1416
2025-10-10 01:38:24,538 [INFO] Época 5/30, Batch 600/3348, Loss: 0.1586
2025-10-10 01:38:24,801 [INFO] Época 5/30, Batch 650/3348, Loss: 0.2030
2025-10-10 01:38:25,062 [INFO] Época 5/30, Batch 700/3348, Loss: 0.1850
2025-10-10 01:38:25,326 [INFO] Época 5/30, Batch 750/3348, Loss: 0.1837
2025-10-10 01:38:25,588 [INFO] Época 5/30, Batch 800/3348, Loss: 0.1841
2025-10-10 01:38:25,852 [INFO] Época 5/30, Batch 850/3348, Loss: 0.1101
2025-10-10 01:38:26,115 [INFO] Época 5/30, Batch 900/3348, Loss: 0.1770
2025-10-10 01:38:26,388 [INFO] Época 5/30, Batch 950/3348, Loss: 0.1562
2025-10-10 01:38:26,651 [INFO] Época 5/30, Batch 1000/3348, Loss: 0.1972
2025-10-10 01:38:26,914 [INFO] Época 5/30, Batch 1050/3348, Loss: 0.1468
2025-10-10 01:38:27,177 [INFO] Época 5/30, Batch 1100/3348, Loss: 0.1570
2025-10-10 01:38:27,439 [INFO] Época 5/30, Batch 1150/3348, Loss: 0.1382
2025-10-10 01:38:27,701 [INFO] Época 5/30, Batch 1200/3348, Loss: 0.2321
2025-10-10 01:38:27,964 [INFO] Época 5/30, Batch 1250/3348, Loss: 0.2414
2025-10-10 01:38:28,225 [INFO] Época 5/30, Batch 1300/3348, Loss: 0.1433
2025-10-10 01:38:28,490 [INFO] Época 5/30, Batch 1350/3348, Loss: 0.1372
2025-10-10 01:38:28,753 [INFO] Época 5/30, Batch 1400/3348, Loss: 0.1684
2025-10-10 01:38:29,013 [INFO] Época 5/30, Batch 1450/3348, Loss: 0.2458
2025-10-10 01:38:29,276 [INFO] Época 5/30, Batch 1500/3348, Loss: 0.1460
2025-10-10 01:38:29,538 [INFO] Época 5/30, Batch 1550/3348, Loss: 0.2173
2025-10-10 01:38:29,800 [INFO] Época 5/30, Batch 1600/3348, Loss: 0.1832
2025-10-10 01:38:30,064 [INFO] Época 5/30, Batch 1650/3348, Loss: 0.1731
2025-10-10 01:38:30,325 [INFO] Época 5/30, Batch 1700/3348, Loss: 0.2165
2025-10-10 01:38:30,587 [INFO] Época 5/30, Batch 1750/3348, Loss: 0.1511
2025-10-10 01:38:30,848 [INFO] Época 5/30, Batch 1800/3348, Loss: 0.1397
2025-10-10 01:38:31,112 [INFO] Época 5/30, Batch 1850/3348, Loss: 0.2150
2025-10-10 01:38:31,373 [INFO] Época 5/30, Batch 1900/3348, Loss: 0.1882
2025-10-10 01:38:31,645 [INFO] Época 5/30, Batch 1950/3348, Loss: 0.1213
2025-10-10 01:38:31,908 [INFO] Época 5/30, Batch 2000/3348, Loss: 0.1938
2025-10-10 01:38:32,167 [INFO] Época 5/30, Batch 2050/3348, Loss: 0.1377
2025-10-10 01:38:32,428 [INFO] Época 5/30, Batch 2100/3348, Loss: 0.2255
2025-10-10 01:38:32,688 [INFO] Época 5/30, Batch 2150/3348, Loss: 0.2491
2025-10-10 01:38:32,947 [INFO] Época 5/30, Batch 2200/3348, Loss: 0.2334
2025-10-10 01:38:33,208 [INFO] Época 5/30, Batch 2250/3348, Loss: 0.1335
2025-10-10 01:38:33,471 [INFO] Época 5/30, Batch 2300/3348, Loss: 0.1638
2025-10-10 01:38:33,731 [INFO] Época 5/30, Batch 2350/3348, Loss: 0.1613
2025-10-10 01:38:33,992 [INFO] Época 5/30, Batch 2400/3348, Loss: 0.1302
2025-10-10 01:38:34,254 [INFO] Época 5/30, Batch 2450/3348, Loss: 0.1540
2025-10-10 01:38:34,514 [INFO] Época 5/30, Batch 2500/3348, Loss: 0.1473
2025-10-10 01:38:34,774 [INFO] Época 5/30, Batch 2550/3348, Loss: 0.1579
2025-10-10 01:38:35,034 [INFO] Época 5/30, Batch 2600/3348, Loss: 0.1540
2025-10-10 01:38:35,294 [INFO] Época 5/30, Batch 2650/3348, Loss: 0.1733
2025-10-10 01:38:35,556 [INFO] Época 5/30, Batch 2700/3348, Loss: 0.1834
2025-10-10 01:38:35,815 [INFO] Época 5/30, Batch 2750/3348, Loss: 0.2082
2025-10-10 01:38:36,077 [INFO] Época 5/30, Batch 2800/3348, Loss: 0.1485
2025-10-10 01:38:36,337 [INFO] Época 5/30, Batch 2850/3348, Loss: 0.1625
2025-10-10 01:38:36,597 [INFO] Época 5/30, Batch 2900/3348, Loss: 0.1635
2025-10-10 01:38:36,866 [INFO] Época 5/30, Batch 2950/3348, Loss: 0.1745
2025-10-10 01:38:37,127 [INFO] Época 5/30, Batch 3000/3348, Loss: 0.1793
2025-10-10 01:38:37,387 [INFO] Época 5/30, Batch 3050/3348, Loss: 0.1199
2025-10-10 01:38:37,649 [INFO] Época 5/30, Batch 3100/3348, Loss: 0.1135
2025-10-10 01:38:37,911 [INFO] Época 5/30, Batch 3150/3348, Loss: 0.1347
2025-10-10 01:38:38,171 [INFO] Época 5/30, Batch 3200/3348, Loss: 0.1580
2025-10-10 01:38:38,433 [INFO] Época 5/30, Batch 3250/3348, Loss: 0.1885
2025-10-10 01:38:38,695 [INFO] Época 5/30, Batch 3300/3348, Loss: 0.1529
2025-10-10 01:38:40,484 [INFO] [5/30] Train Loss: 0.1682 | Val Loss: 0.1569 | Tempo: 19.45s
2025-10-10 01:38:40,489 [INFO] Melhor modelo salvo em: /mnt/hdd/home/jdurao/ToolBox-ChemXAI/models/mlp_qm9_Pattern_att6_large.pth
2025-10-10 01:38:41,077 [INFO] Época 6/30, Batch 50/3348, Loss: 0.1747
2025-10-10 01:38:41,348 [INFO] Época 6/30, Batch 100/3348, Loss: 0.1194
2025-10-10 01:38:41,618 [INFO] Época 6/30, Batch 150/3348, Loss: 0.2624
2025-10-10 01:38:41,896 [INFO] Época 6/30, Batch 200/3348, Loss: 0.1471
2025-10-10 01:38:42,162 [INFO] Época 6/30, Batch 250/3348, Loss: 0.1215
2025-10-10 01:38:42,424 [INFO] Época 6/30, Batch 300/3348, Loss: 0.1508
2025-10-10 01:38:42,688 [INFO] Época 6/30, Batch 350/3348, Loss: 0.1916
2025-10-10 01:38:42,953 [INFO] Época 6/30, Batch 400/3348, Loss: 0.1946
2025-10-10 01:38:43,218 [INFO] Época 6/30, Batch 450/3348, Loss: 0.1299
2025-10-10 01:38:43,482 [INFO] Época 6/30, Batch 500/3348, Loss: 0.2280
2025-10-10 01:38:43,745 [INFO] Época 6/30, Batch 550/3348, Loss: 0.1498
2025-10-10 01:38:44,009 [INFO] Época 6/30, Batch 600/3348, Loss: 0.2425
2025-10-10 01:38:44,272 [INFO] Época 6/30, Batch 650/3348, Loss: 0.1770
2025-10-10 01:38:44,531 [INFO] Época 6/30, Batch 700/3348, Loss: 0.2168
2025-10-10 01:38:44,792 [INFO] Época 6/30, Batch 750/3348, Loss: 0.2059
2025-10-10 01:38:45,055 [INFO] Época 6/30, Batch 800/3348, Loss: 0.1224
2025-10-10 01:38:45,315 [INFO] Época 6/30, Batch 850/3348, Loss: 0.1606
2025-10-10 01:38:45,576 [INFO] Época 6/30, Batch 900/3348, Loss: 0.2079
2025-10-10 01:38:45,837 [INFO] Época 6/30, Batch 950/3348, Loss: 0.1763
2025-10-10 01:38:46,098 [INFO] Época 6/30, Batch 1000/3348, Loss: 0.1988
2025-10-10 01:38:46,361 [INFO] Época 6/30, Batch 1050/3348, Loss: 0.1076
2025-10-10 01:38:46,625 [INFO] Época 6/30, Batch 1100/3348, Loss: 0.1329
2025-10-10 01:38:46,901 [INFO] Época 6/30, Batch 1150/3348, Loss: 0.1543
2025-10-10 01:38:47,164 [INFO] Época 6/30, Batch 1200/3348, Loss: 0.2535
2025-10-10 01:38:47,429 [INFO] Época 6/30, Batch 1250/3348, Loss: 0.1528
2025-10-10 01:38:47,693 [INFO] Época 6/30, Batch 1300/3348, Loss: 0.1820
2025-10-10 01:38:47,959 [INFO] Época 6/30, Batch 1350/3348, Loss: 0.1818
2025-10-10 01:38:48,222 [INFO] Época 6/30, Batch 1400/3348, Loss: 0.2130
2025-10-10 01:38:48,485 [INFO] Época 6/30, Batch 1450/3348, Loss: 0.1820
2025-10-10 01:38:48,748 [INFO] Época 6/30, Batch 1500/3348, Loss: 0.1366
2025-10-10 01:38:49,013 [INFO] Época 6/30, Batch 1550/3348, Loss: 0.1111
2025-10-10 01:38:49,276 [INFO] Época 6/30, Batch 1600/3348, Loss: 0.2021
2025-10-10 01:38:49,539 [INFO] Época 6/30, Batch 1650/3348, Loss: 0.1135
2025-10-10 01:38:49,802 [INFO] Época 6/30, Batch 1700/3348, Loss: 0.1528
2025-10-10 01:38:50,065 [INFO] Época 6/30, Batch 1750/3348, Loss: 0.1529
2025-10-10 01:38:50,327 [INFO] Época 6/30, Batch 1800/3348, Loss: 0.1445
2025-10-10 01:38:50,589 [INFO] Época 6/30, Batch 1850/3348, Loss: 0.1475
2025-10-10 01:38:50,852 [INFO] Época 6/30, Batch 1900/3348, Loss: 0.1511
2025-10-10 01:38:51,114 [INFO] Época 6/30, Batch 1950/3348, Loss: 0.1958
2025-10-10 01:38:51,375 [INFO] Época 6/30, Batch 2000/3348, Loss: 0.1654
2025-10-10 01:38:51,637 [INFO] Época 6/30, Batch 2050/3348, Loss: 0.1432
2025-10-10 01:38:51,910 [INFO] Época 6/30, Batch 2100/3348, Loss: 0.1616
2025-10-10 01:38:52,172 [INFO] Época 6/30, Batch 2150/3348, Loss: 0.2333
2025-10-10 01:38:52,435 [INFO] Época 6/30, Batch 2200/3348, Loss: 0.1463
2025-10-10 01:38:52,696 [INFO] Época 6/30, Batch 2250/3348, Loss: 0.1508
2025-10-10 01:38:52,960 [INFO] Época 6/30, Batch 2300/3348, Loss: 0.1113
2025-10-10 01:38:53,223 [INFO] Época 6/30, Batch 2350/3348, Loss: 0.1407
2025-10-10 01:38:53,488 [INFO] Época 6/30, Batch 2400/3348, Loss: 0.1513
2025-10-10 01:38:53,753 [INFO] Época 6/30, Batch 2450/3348, Loss: 0.1978
2025-10-10 01:38:54,017 [INFO] Época 6/30, Batch 2500/3348, Loss: 0.1744
2025-10-10 01:38:54,283 [INFO] Época 6/30, Batch 2550/3348, Loss: 0.1363
2025-10-10 01:38:54,545 [INFO] Época 6/30, Batch 2600/3348, Loss: 0.1543
2025-10-10 01:38:54,807 [INFO] Época 6/30, Batch 2650/3348, Loss: 0.1813
2025-10-10 01:38:55,069 [INFO] Época 6/30, Batch 2700/3348, Loss: 0.1120
2025-10-10 01:38:55,332 [INFO] Época 6/30, Batch 2750/3348, Loss: 0.1186
2025-10-10 01:38:55,594 [INFO] Época 6/30, Batch 2800/3348, Loss: 0.1524
2025-10-10 01:38:55,858 [INFO] Época 6/30, Batch 2850/3348, Loss: 0.1983
2025-10-10 01:38:56,121 [INFO] Época 6/30, Batch 2900/3348, Loss: 0.1334
2025-10-10 01:38:56,383 [INFO] Época 6/30, Batch 2950/3348, Loss: 0.2022
2025-10-10 01:38:56,647 [INFO] Época 6/30, Batch 3000/3348, Loss: 0.2065
2025-10-10 01:38:56,910 [INFO] Época 6/30, Batch 3050/3348, Loss: 0.1310
2025-10-10 01:38:57,174 [INFO] Época 6/30, Batch 3100/3348, Loss: 0.1685
2025-10-10 01:38:57,437 [INFO] Época 6/30, Batch 3150/3348, Loss: 0.1756
2025-10-10 01:38:57,699 [INFO] Época 6/30, Batch 3200/3348, Loss: 0.1633
2025-10-10 01:38:57,962 [INFO] Época 6/30, Batch 3250/3348, Loss: 0.2301
2025-10-10 01:38:58,224 [INFO] Época 6/30, Batch 3300/3348, Loss: 0.1244
2025-10-10 01:39:00,111 [INFO] [6/30] Train Loss: 0.1629 | Val Loss: 0.1559 | Tempo: 19.62s
2025-10-10 01:39:00,117 [INFO] Melhor modelo salvo em: /mnt/hdd/home/jdurao/ToolBox-ChemXAI/models/mlp_qm9_Pattern_att6_large.pth
2025-10-10 01:39:00,720 [INFO] Época 7/30, Batch 50/3348, Loss: 0.1348
2025-10-10 01:39:00,994 [INFO] Época 7/30, Batch 100/3348, Loss: 0.1148
2025-10-10 01:39:01,271 [INFO] Época 7/30, Batch 150/3348, Loss: 0.1135
2025-10-10 01:39:01,547 [INFO] Época 7/30, Batch 200/3348, Loss: 0.1389
2025-10-10 01:39:01,822 [INFO] Época 7/30, Batch 250/3348, Loss: 0.1437
2025-10-10 01:39:02,109 [INFO] Época 7/30, Batch 300/3348, Loss: 0.1132
2025-10-10 01:39:02,385 [INFO] Época 7/30, Batch 350/3348, Loss: 0.1336
2025-10-10 01:39:02,659 [INFO] Época 7/30, Batch 400/3348, Loss: 0.1638
2025-10-10 01:39:02,933 [INFO] Época 7/30, Batch 450/3348, Loss: 0.1189
2025-10-10 01:39:03,204 [INFO] Época 7/30, Batch 500/3348, Loss: 0.1646
2025-10-10 01:39:03,477 [INFO] Época 7/30, Batch 550/3348, Loss: 0.1817
2025-10-10 01:39:03,749 [INFO] Época 7/30, Batch 600/3348, Loss: 0.1578
2025-10-10 01:39:04,020 [INFO] Época 7/30, Batch 650/3348, Loss: 0.1524
2025-10-10 01:39:04,290 [INFO] Época 7/30, Batch 700/3348, Loss: 0.1326
2025-10-10 01:39:04,554 [INFO] Época 7/30, Batch 750/3348, Loss: 0.1368
2025-10-10 01:39:04,821 [INFO] Época 7/30, Batch 800/3348, Loss: 0.1709
2025-10-10 01:39:05,085 [INFO] Época 7/30, Batch 850/3348, Loss: 0.1056
2025-10-10 01:39:05,350 [INFO] Época 7/30, Batch 900/3348, Loss: 0.1215
2025-10-10 01:39:05,615 [INFO] Época 7/30, Batch 950/3348, Loss: 0.1515
2025-10-10 01:39:05,880 [INFO] Época 7/30, Batch 1000/3348, Loss: 0.1105
2025-10-10 01:39:06,146 [INFO] Época 7/30, Batch 1050/3348, Loss: 0.1656
2025-10-10 01:39:06,411 [INFO] Época 7/30, Batch 1100/3348, Loss: 0.1184
2025-10-10 01:39:06,677 [INFO] Época 7/30, Batch 1150/3348, Loss: 0.1272
2025-10-10 01:39:06,953 [INFO] Época 7/30, Batch 1200/3348, Loss: 0.1773
2025-10-10 01:39:07,216 [INFO] Época 7/30, Batch 1250/3348, Loss: 0.1413
2025-10-10 01:39:07,480 [INFO] Época 7/30, Batch 1300/3348, Loss: 0.1478
2025-10-10 01:39:07,742 [INFO] Época 7/30, Batch 1350/3348, Loss: 0.1415
2025-10-10 01:39:08,004 [INFO] Época 7/30, Batch 1400/3348, Loss: 0.0988
2025-10-10 01:39:08,265 [INFO] Época 7/30, Batch 1450/3348, Loss: 0.2800
2025-10-10 01:39:08,526 [INFO] Época 7/30, Batch 1500/3348, Loss: 0.2092
2025-10-10 01:39:08,802 [INFO] Época 7/30, Batch 1550/3348, Loss: 0.1635
2025-10-10 01:39:09,082 [INFO] Época 7/30, Batch 1600/3348, Loss: 0.1694
2025-10-10 01:39:09,360 [INFO] Época 7/30, Batch 1650/3348, Loss: 0.1856
2025-10-10 01:39:09,638 [INFO] Época 7/30, Batch 1700/3348, Loss: 0.2576
2025-10-10 01:39:09,903 [INFO] Época 7/30, Batch 1750/3348, Loss: 0.1212
2025-10-10 01:39:10,166 [INFO] Época 7/30, Batch 1800/3348, Loss: 0.1674
2025-10-10 01:39:10,430 [INFO] Época 7/30, Batch 1850/3348, Loss: 0.1938
2025-10-10 01:39:10,699 [INFO] Época 7/30, Batch 1900/3348, Loss: 0.2033
2025-10-10 01:39:10,969 [INFO] Época 7/30, Batch 1950/3348, Loss: 0.1454
2025-10-10 01:39:11,236 [INFO] Época 7/30, Batch 2000/3348, Loss: 0.1779
2025-10-10 01:39:11,501 [INFO] Época 7/30, Batch 2050/3348, Loss: 0.1104
2025-10-10 01:39:11,771 [INFO] Época 7/30, Batch 2100/3348, Loss: 0.1848
2025-10-10 01:39:12,033 [INFO] Época 7/30, Batch 2150/3348, Loss: 0.1788
2025-10-10 01:39:12,298 [INFO] Época 7/30, Batch 2200/3348, Loss: 0.1276
2025-10-10 01:39:12,563 [INFO] Época 7/30, Batch 2250/3348, Loss: 0.1152
2025-10-10 01:39:12,844 [INFO] Época 7/30, Batch 2300/3348, Loss: 0.1222
2025-10-10 01:39:13,109 [INFO] Época 7/30, Batch 2350/3348, Loss: 0.1800
2025-10-10 01:39:13,372 [INFO] Época 7/30, Batch 2400/3348, Loss: 0.2387
2025-10-10 01:39:13,635 [INFO] Época 7/30, Batch 2450/3348, Loss: 0.1946
2025-10-10 01:39:13,897 [INFO] Época 7/30, Batch 2500/3348, Loss: 0.1844
2025-10-10 01:39:14,158 [INFO] Época 7/30, Batch 2550/3348, Loss: 0.1457
2025-10-10 01:39:14,422 [INFO] Época 7/30, Batch 2600/3348, Loss: 0.1365
2025-10-10 01:39:14,684 [INFO] Época 7/30, Batch 2650/3348, Loss: 0.1487
2025-10-10 01:39:14,952 [INFO] Época 7/30, Batch 2700/3348, Loss: 0.1251
2025-10-10 01:39:15,213 [INFO] Época 7/30, Batch 2750/3348, Loss: 0.1998
2025-10-10 01:39:15,473 [INFO] Época 7/30, Batch 2800/3348, Loss: 0.1566
2025-10-10 01:39:15,742 [INFO] Época 7/30, Batch 2850/3348, Loss: 0.1323
2025-10-10 01:39:16,021 [INFO] Época 7/30, Batch 2900/3348, Loss: 0.1384
2025-10-10 01:39:16,300 [INFO] Época 7/30, Batch 2950/3348, Loss: 0.1439
2025-10-10 01:39:16,577 [INFO] Época 7/30, Batch 3000/3348, Loss: 0.1625
2025-10-10 01:39:16,856 [INFO] Época 7/30, Batch 3050/3348, Loss: 0.1717
2025-10-10 01:39:17,133 [INFO] Época 7/30, Batch 3100/3348, Loss: 0.1207
2025-10-10 01:39:17,414 [INFO] Época 7/30, Batch 3150/3348, Loss: 0.1629
2025-10-10 01:39:17,692 [INFO] Época 7/30, Batch 3200/3348, Loss: 0.1589
2025-10-10 01:39:17,969 [INFO] Época 7/30, Batch 3250/3348, Loss: 0.1527
2025-10-10 01:39:18,244 [INFO] Época 7/30, Batch 3300/3348, Loss: 0.2551
2025-10-10 01:39:20,118 [INFO] [7/30] Train Loss: 0.1594 | Val Loss: 0.1741 | Tempo: 20.00s
2025-10-10 01:39:20,780 [INFO] Época 8/30, Batch 50/3348, Loss: 0.2139
2025-10-10 01:39:21,052 [INFO] Época 8/30, Batch 100/3348, Loss: 0.1713
2025-10-10 01:39:21,322 [INFO] Época 8/30, Batch 150/3348, Loss: 0.1554
2025-10-10 01:39:21,595 [INFO] Época 8/30, Batch 200/3348, Loss: 0.1504
2025-10-10 01:39:21,880 [INFO] Época 8/30, Batch 250/3348, Loss: 0.1516
2025-10-10 01:39:22,167 [INFO] Época 8/30, Batch 300/3348, Loss: 0.1826
2025-10-10 01:39:22,448 [INFO] Época 8/30, Batch 350/3348, Loss: 0.1390
2025-10-10 01:39:22,712 [INFO] Época 8/30, Batch 400/3348, Loss: 0.1728
2025-10-10 01:39:22,982 [INFO] Época 8/30, Batch 450/3348, Loss: 0.1613
2025-10-10 01:39:23,242 [INFO] Época 8/30, Batch 500/3348, Loss: 0.2430
2025-10-10 01:39:23,504 [INFO] Época 8/30, Batch 550/3348, Loss: 0.1496
2025-10-10 01:39:23,770 [INFO] Época 8/30, Batch 600/3348, Loss: 0.1584
2025-10-10 01:39:24,032 [INFO] Época 8/30, Batch 650/3348, Loss: 0.1340
2025-10-10 01:39:24,291 [INFO] Época 8/30, Batch 700/3348, Loss: 0.2259
2025-10-10 01:39:24,553 [INFO] Época 8/30, Batch 750/3348, Loss: 0.1503
2025-10-10 01:39:24,817 [INFO] Época 8/30, Batch 800/3348, Loss: 0.1451
2025-10-10 01:39:25,087 [INFO] Época 8/30, Batch 850/3348, Loss: 0.1245
2025-10-10 01:39:25,351 [INFO] Época 8/30, Batch 900/3348, Loss: 0.1465
2025-10-10 01:39:25,613 [INFO] Época 8/30, Batch 950/3348, Loss: 0.1956
2025-10-10 01:39:25,873 [INFO] Época 8/30, Batch 1000/3348, Loss: 0.1566
2025-10-10 01:39:26,135 [INFO] Época 8/30, Batch 1050/3348, Loss: 0.1096
2025-10-10 01:39:26,397 [INFO] Época 8/30, Batch 1100/3348, Loss: 0.1732
2025-10-10 01:39:26,659 [INFO] Época 8/30, Batch 1150/3348, Loss: 0.1988
2025-10-10 01:39:26,923 [INFO] Época 8/30, Batch 1200/3348, Loss: 0.1853
2025-10-10 01:39:27,185 [INFO] Época 8/30, Batch 1250/3348, Loss: 0.1337
2025-10-10 01:39:27,463 [INFO] Época 8/30, Batch 1300/3348, Loss: 0.2012
2025-10-10 01:39:27,728 [INFO] Época 8/30, Batch 1350/3348, Loss: 0.1909
2025-10-10 01:39:27,993 [INFO] Época 8/30, Batch 1400/3348, Loss: 0.1843
2025-10-10 01:39:28,258 [INFO] Época 8/30, Batch 1450/3348, Loss: 0.1309
2025-10-10 01:39:28,523 [INFO] Época 8/30, Batch 1500/3348, Loss: 0.1480
2025-10-10 01:39:28,788 [INFO] Época 8/30, Batch 1550/3348, Loss: 0.1704
2025-10-10 01:39:29,052 [INFO] Época 8/30, Batch 1600/3348, Loss: 0.0983
2025-10-10 01:39:29,315 [INFO] Época 8/30, Batch 1650/3348, Loss: 0.1558
2025-10-10 01:39:29,583 [INFO] Época 8/30, Batch 1700/3348, Loss: 0.1084
2025-10-10 01:39:29,849 [INFO] Época 8/30, Batch 1750/3348, Loss: 0.1654
2025-10-10 01:39:30,115 [INFO] Época 8/30, Batch 1800/3348, Loss: 0.1648
2025-10-10 01:39:30,379 [INFO] Época 8/30, Batch 1850/3348, Loss: 0.1366
2025-10-10 01:39:30,648 [INFO] Época 8/30, Batch 1900/3348, Loss: 0.1192
2025-10-10 01:39:30,917 [INFO] Época 8/30, Batch 1950/3348, Loss: 0.1250
2025-10-10 01:39:31,185 [INFO] Época 8/30, Batch 2000/3348, Loss: 0.2025
2025-10-10 01:39:31,454 [INFO] Época 8/30, Batch 2050/3348, Loss: 0.1693
2025-10-10 01:39:31,724 [INFO] Época 8/30, Batch 2100/3348, Loss: 0.0861
2025-10-10 01:39:31,994 [INFO] Época 8/30, Batch 2150/3348, Loss: 0.1430
2025-10-10 01:39:32,262 [INFO] Época 8/30, Batch 2200/3348, Loss: 0.1491
2025-10-10 01:39:32,531 [INFO] Época 8/30, Batch 2250/3348, Loss: 0.1551
2025-10-10 01:39:32,798 [INFO] Época 8/30, Batch 2300/3348, Loss: 0.1529
2025-10-10 01:39:33,061 [INFO] Época 8/30, Batch 2350/3348, Loss: 0.1656
2025-10-10 01:39:33,327 [INFO] Época 8/30, Batch 2400/3348, Loss: 0.1178
2025-10-10 01:39:33,591 [INFO] Época 8/30, Batch 2450/3348, Loss: 0.1394
2025-10-10 01:39:33,855 [INFO] Época 8/30, Batch 2500/3348, Loss: 0.1865
2025-10-10 01:39:34,119 [INFO] Época 8/30, Batch 2550/3348, Loss: 0.1098
2025-10-10 01:39:34,383 [INFO] Época 8/30, Batch 2600/3348, Loss: 0.1784
2025-10-10 01:39:34,649 [INFO] Época 8/30, Batch 2650/3348, Loss: 0.1525
2025-10-10 01:39:34,914 [INFO] Época 8/30, Batch 2700/3348, Loss: 0.1615
2025-10-10 01:39:35,176 [INFO] Época 8/30, Batch 2750/3348, Loss: 0.1368
2025-10-10 01:39:35,439 [INFO] Época 8/30, Batch 2800/3348, Loss: 0.1985
2025-10-10 01:39:35,703 [INFO] Época 8/30, Batch 2850/3348, Loss: 0.1222
2025-10-10 01:39:35,969 [INFO] Época 8/30, Batch 2900/3348, Loss: 0.1449
2025-10-10 01:39:36,232 [INFO] Época 8/30, Batch 2950/3348, Loss: 0.1419
2025-10-10 01:39:36,495 [INFO] Época 8/30, Batch 3000/3348, Loss: 0.1763
2025-10-10 01:39:36,760 [INFO] Época 8/30, Batch 3050/3348, Loss: 0.2019
2025-10-10 01:39:37,024 [INFO] Época 8/30, Batch 3100/3348, Loss: 0.1447
2025-10-10 01:39:37,288 [INFO] Época 8/30, Batch 3150/3348, Loss: 0.1246
2025-10-10 01:39:37,561 [INFO] Época 8/30, Batch 3200/3348, Loss: 0.1071
2025-10-10 01:39:37,829 [INFO] Época 8/30, Batch 3250/3348, Loss: 0.1739
2025-10-10 01:39:38,093 [INFO] Época 8/30, Batch 3300/3348, Loss: 0.1288
2025-10-10 01:39:40,065 [INFO] [8/30] Train Loss: 0.1560 | Val Loss: 0.1502 | Tempo: 19.95s
2025-10-10 01:39:40,070 [INFO] Melhor modelo salvo em: /mnt/hdd/home/jdurao/ToolBox-ChemXAI/models/mlp_qm9_Pattern_att6_large.pth
2025-10-10 01:39:40,672 [INFO] Época 9/30, Batch 50/3348, Loss: 0.1382
2025-10-10 01:39:40,948 [INFO] Época 9/30, Batch 100/3348, Loss: 0.1524
2025-10-10 01:39:41,222 [INFO] Época 9/30, Batch 150/3348, Loss: 0.1520
2025-10-10 01:39:41,490 [INFO] Época 9/30, Batch 200/3348, Loss: 0.1365
2025-10-10 01:39:41,758 [INFO] Época 9/30, Batch 250/3348, Loss: 0.2151
2025-10-10 01:39:42,025 [INFO] Época 9/30, Batch 300/3348, Loss: 0.2104
2025-10-10 01:39:42,292 [INFO] Época 9/30, Batch 350/3348, Loss: 0.1100
2025-10-10 01:39:42,568 [INFO] Época 9/30, Batch 400/3348, Loss: 0.1336
2025-10-10 01:39:42,832 [INFO] Época 9/30, Batch 450/3348, Loss: 0.1384
2025-10-10 01:39:43,096 [INFO] Época 9/30, Batch 500/3348, Loss: 0.1619
2025-10-10 01:39:43,362 [INFO] Época 9/30, Batch 550/3348, Loss: 0.1144
2025-10-10 01:39:43,629 [INFO] Época 9/30, Batch 600/3348, Loss: 0.1495
2025-10-10 01:39:43,891 [INFO] Época 9/30, Batch 650/3348, Loss: 0.1264
2025-10-10 01:39:44,149 [INFO] Época 9/30, Batch 700/3348, Loss: 0.1128
2025-10-10 01:39:44,409 [INFO] Época 9/30, Batch 750/3348, Loss: 0.1789
2025-10-10 01:39:44,670 [INFO] Época 9/30, Batch 800/3348, Loss: 0.1735
2025-10-10 01:39:44,931 [INFO] Época 9/30, Batch 850/3348, Loss: 0.1493
2025-10-10 01:39:45,193 [INFO] Época 9/30, Batch 900/3348, Loss: 0.1755
2025-10-10 01:39:45,454 [INFO] Época 9/30, Batch 950/3348, Loss: 0.1726
2025-10-10 01:39:45,708 [INFO] Época 9/30, Batch 1000/3348, Loss: 0.0964
2025-10-10 01:39:45,961 [INFO] Época 9/30, Batch 1050/3348, Loss: 0.1444
2025-10-10 01:39:46,216 [INFO] Época 9/30, Batch 1100/3348, Loss: 0.2004
2025-10-10 01:39:46,470 [INFO] Época 9/30, Batch 1150/3348, Loss: 0.1527
2025-10-10 01:39:46,730 [INFO] Época 9/30, Batch 1200/3348, Loss: 0.1175
2025-10-10 01:39:46,996 [INFO] Época 9/30, Batch 1250/3348, Loss: 0.1636
2025-10-10 01:39:47,259 [INFO] Época 9/30, Batch 1300/3348, Loss: 0.1357
2025-10-10 01:39:47,523 [INFO] Época 9/30, Batch 1350/3348, Loss: 0.1397
2025-10-10 01:39:47,790 [INFO] Época 9/30, Batch 1400/3348, Loss: 0.1357
2025-10-10 01:39:48,052 [INFO] Época 9/30, Batch 1450/3348, Loss: 0.1294
2025-10-10 01:39:48,318 [INFO] Época 9/30, Batch 1500/3348, Loss: 0.1313
2025-10-10 01:39:48,583 [INFO] Época 9/30, Batch 1550/3348, Loss: 0.1609
2025-10-10 01:39:48,846 [INFO] Época 9/30, Batch 1600/3348, Loss: 0.1645
2025-10-10 01:39:49,109 [INFO] Época 9/30, Batch 1650/3348, Loss: 0.1445
2025-10-10 01:39:49,371 [INFO] Época 9/30, Batch 1700/3348, Loss: 0.1471
2025-10-10 01:39:49,634 [INFO] Época 9/30, Batch 1750/3348, Loss: 0.1671
2025-10-10 01:39:49,896 [INFO] Época 9/30, Batch 1800/3348, Loss: 0.1490
2025-10-10 01:39:50,160 [INFO] Época 9/30, Batch 1850/3348, Loss: 0.2229
2025-10-10 01:39:50,427 [INFO] Época 9/30, Batch 1900/3348, Loss: 0.1423
2025-10-10 01:39:50,690 [INFO] Época 9/30, Batch 1950/3348, Loss: 0.1349
2025-10-10 01:39:50,951 [INFO] Época 9/30, Batch 2000/3348, Loss: 0.1814
2025-10-10 01:39:51,214 [INFO] Época 9/30, Batch 2050/3348, Loss: 0.1361
2025-10-10 01:39:51,482 [INFO] Época 9/30, Batch 2100/3348, Loss: 0.1347
2025-10-10 01:39:51,751 [INFO] Época 9/30, Batch 2150/3348, Loss: 0.1612
2025-10-10 01:39:52,013 [INFO] Época 9/30, Batch 2200/3348, Loss: 0.1215
2025-10-10 01:39:52,276 [INFO] Época 9/30, Batch 2250/3348, Loss: 0.1160
2025-10-10 01:39:52,538 [INFO] Época 9/30, Batch 2300/3348, Loss: 0.1566
2025-10-10 01:39:52,817 [INFO] Época 9/30, Batch 2350/3348, Loss: 0.1229
2025-10-10 01:39:53,085 [INFO] Época 9/30, Batch 2400/3348, Loss: 0.2324
2025-10-10 01:39:53,347 [INFO] Época 9/30, Batch 2450/3348, Loss: 0.1526
2025-10-10 01:39:53,611 [INFO] Época 9/30, Batch 2500/3348, Loss: 0.1929
2025-10-10 01:39:53,875 [INFO] Época 9/30, Batch 2550/3348, Loss: 0.1605
2025-10-10 01:39:54,137 [INFO] Época 9/30, Batch 2600/3348, Loss: 0.1294
2025-10-10 01:39:54,402 [INFO] Época 9/30, Batch 2650/3348, Loss: 0.1093
2025-10-10 01:39:54,673 [INFO] Época 9/30, Batch 2700/3348, Loss: 0.1658
2025-10-10 01:39:54,941 [INFO] Época 9/30, Batch 2750/3348, Loss: 0.1708
2025-10-10 01:39:55,210 [INFO] Época 9/30, Batch 2800/3348, Loss: 0.1645
2025-10-10 01:39:55,475 [INFO] Época 9/30, Batch 2850/3348, Loss: 0.1300
2025-10-10 01:39:55,740 [INFO] Época 9/30, Batch 2900/3348, Loss: 0.1918
2025-10-10 01:39:56,008 [INFO] Época 9/30, Batch 2950/3348, Loss: 0.1916
2025-10-10 01:39:56,274 [INFO] Época 9/30, Batch 3000/3348, Loss: 0.1810
2025-10-10 01:39:56,539 [INFO] Época 9/30, Batch 3050/3348, Loss: 0.2520
2025-10-10 01:39:56,806 [INFO] Época 9/30, Batch 3100/3348, Loss: 0.1502
2025-10-10 01:39:57,072 [INFO] Época 9/30, Batch 3150/3348, Loss: 0.1265
2025-10-10 01:39:57,340 [INFO] Época 9/30, Batch 3200/3348, Loss: 0.1586
2025-10-10 01:39:57,606 [INFO] Época 9/30, Batch 3250/3348, Loss: 0.1473
2025-10-10 01:39:57,880 [INFO] Época 9/30, Batch 3300/3348, Loss: 0.1406
2025-10-10 01:39:59,729 [INFO] [9/30] Train Loss: 0.1531 | Val Loss: 0.1534 | Tempo: 19.66s
2025-10-10 01:40:00,323 [INFO] Época 10/30, Batch 50/3348, Loss: 0.1366
2025-10-10 01:40:00,590 [INFO] Época 10/30, Batch 100/3348, Loss: 0.1883
2025-10-10 01:40:00,857 [INFO] Época 10/30, Batch 150/3348, Loss: 0.1639
2025-10-10 01:40:01,122 [INFO] Época 10/30, Batch 200/3348, Loss: 0.1412
2025-10-10 01:40:01,387 [INFO] Época 10/30, Batch 250/3348, Loss: 0.1071
2025-10-10 01:40:01,650 [INFO] Época 10/30, Batch 300/3348, Loss: 0.1755
2025-10-10 01:40:01,911 [INFO] Época 10/30, Batch 350/3348, Loss: 0.1384
2025-10-10 01:40:02,172 [INFO] Época 10/30, Batch 400/3348, Loss: 0.1877
2025-10-10 01:40:02,433 [INFO] Época 10/30, Batch 450/3348, Loss: 0.1186
2025-10-10 01:40:02,694 [INFO] Época 10/30, Batch 500/3348, Loss: 0.1849
2025-10-10 01:40:02,957 [INFO] Época 10/30, Batch 550/3348, Loss: 0.1806
2025-10-10 01:40:03,217 [INFO] Época 10/30, Batch 600/3348, Loss: 0.1139
2025-10-10 01:40:03,479 [INFO] Época 10/30, Batch 650/3348, Loss: 0.1472
2025-10-10 01:40:03,740 [INFO] Época 10/30, Batch 700/3348, Loss: 0.1519
2025-10-10 01:40:04,000 [INFO] Época 10/30, Batch 750/3348, Loss: 0.1694
2025-10-10 01:40:04,259 [INFO] Época 10/30, Batch 800/3348, Loss: 0.2708
2025-10-10 01:40:04,519 [INFO] Época 10/30, Batch 850/3348, Loss: 0.1261
2025-10-10 01:40:04,781 [INFO] Época 10/30, Batch 900/3348, Loss: 0.1977
2025-10-10 01:40:05,041 [INFO] Época 10/30, Batch 950/3348, Loss: 0.1678
2025-10-10 01:40:05,302 [INFO] Época 10/30, Batch 1000/3348, Loss: 0.1147
2025-10-10 01:40:05,562 [INFO] Época 10/30, Batch 1050/3348, Loss: 0.1509
2025-10-10 01:40:05,822 [INFO] Época 10/30, Batch 1100/3348, Loss: 0.1446
2025-10-10 01:40:06,084 [INFO] Época 10/30, Batch 1150/3348, Loss: 0.1477
2025-10-10 01:40:06,345 [INFO] Época 10/30, Batch 1200/3348, Loss: 0.1235
2025-10-10 01:40:06,606 [INFO] Época 10/30, Batch 1250/3348, Loss: 0.1697
2025-10-10 01:40:06,863 [INFO] Época 10/30, Batch 1300/3348, Loss: 0.2028
2025-10-10 01:40:07,121 [INFO] Época 10/30, Batch 1350/3348, Loss: 0.1468
2025-10-10 01:40:07,381 [INFO] Época 10/30, Batch 1400/3348, Loss: 0.1404
2025-10-10 01:40:07,642 [INFO] Época 10/30, Batch 1450/3348, Loss: 0.1405
2025-10-10 01:40:07,903 [INFO] Época 10/30, Batch 1500/3348, Loss: 0.1603
2025-10-10 01:40:08,166 [INFO] Época 10/30, Batch 1550/3348, Loss: 0.1287
2025-10-10 01:40:08,426 [INFO] Época 10/30, Batch 1600/3348, Loss: 0.1362
2025-10-10 01:40:08,688 [INFO] Época 10/30, Batch 1650/3348, Loss: 0.2288
2025-10-10 01:40:08,950 [INFO] Época 10/30, Batch 1700/3348, Loss: 0.1624
2025-10-10 01:40:09,209 [INFO] Época 10/30, Batch 1750/3348, Loss: 0.1592
2025-10-10 01:40:09,473 [INFO] Época 10/30, Batch 1800/3348, Loss: 0.1573
2025-10-10 01:40:09,735 [INFO] Época 10/30, Batch 1850/3348, Loss: 0.1263
2025-10-10 01:40:09,998 [INFO] Época 10/30, Batch 1900/3348, Loss: 0.1363
2025-10-10 01:40:10,261 [INFO] Época 10/30, Batch 1950/3348, Loss: 0.1341
2025-10-10 01:40:10,522 [INFO] Época 10/30, Batch 2000/3348, Loss: 0.1334
2025-10-10 01:40:10,786 [INFO] Época 10/30, Batch 2050/3348, Loss: 0.1423
2025-10-10 01:40:11,048 [INFO] Época 10/30, Batch 2100/3348, Loss: 0.1428
2025-10-10 01:40:11,314 [INFO] Época 10/30, Batch 2150/3348, Loss: 0.1827
2025-10-10 01:40:11,581 [INFO] Época 10/30, Batch 2200/3348, Loss: 0.1702
2025-10-10 01:40:11,844 [INFO] Época 10/30, Batch 2250/3348, Loss: 0.1581
2025-10-10 01:40:12,107 [INFO] Época 10/30, Batch 2300/3348, Loss: 0.1271
2025-10-10 01:40:12,370 [INFO] Época 10/30, Batch 2350/3348, Loss: 0.1704
2025-10-10 01:40:12,634 [INFO] Época 10/30, Batch 2400/3348, Loss: 0.1673
2025-10-10 01:40:12,897 [INFO] Época 10/30, Batch 2450/3348, Loss: 0.1437
2025-10-10 01:40:13,158 [INFO] Época 10/30, Batch 2500/3348, Loss: 0.1328
2025-10-10 01:40:13,430 [INFO] Época 10/30, Batch 2550/3348, Loss: 0.1986
2025-10-10 01:40:13,694 [INFO] Época 10/30, Batch 2600/3348, Loss: 0.1476
2025-10-10 01:40:13,957 [INFO] Época 10/30, Batch 2650/3348, Loss: 0.1632
2025-10-10 01:40:14,219 [INFO] Época 10/30, Batch 2700/3348, Loss: 0.1991
2025-10-10 01:40:14,481 [INFO] Época 10/30, Batch 2750/3348, Loss: 0.1320
2025-10-10 01:40:14,743 [INFO] Época 10/30, Batch 2800/3348, Loss: 0.1585
2025-10-10 01:40:15,006 [INFO] Época 10/30, Batch 2850/3348, Loss: 0.1286
2025-10-10 01:40:15,267 [INFO] Época 10/30, Batch 2900/3348, Loss: 0.1625
2025-10-10 01:40:15,531 [INFO] Época 10/30, Batch 2950/3348, Loss: 0.1769
2025-10-10 01:40:15,794 [INFO] Época 10/30, Batch 3000/3348, Loss: 0.2009
2025-10-10 01:40:16,059 [INFO] Época 10/30, Batch 3050/3348, Loss: 0.1031
2025-10-10 01:40:16,323 [INFO] Época 10/30, Batch 3100/3348, Loss: 0.1309
2025-10-10 01:40:16,585 [INFO] Época 10/30, Batch 3150/3348, Loss: 0.1575
2025-10-10 01:40:16,853 [INFO] Época 10/30, Batch 3200/3348, Loss: 0.1839
2025-10-10 01:40:17,116 [INFO] Época 10/30, Batch 3250/3348, Loss: 0.1531
2025-10-10 01:40:17,380 [INFO] Época 10/30, Batch 3300/3348, Loss: 0.2250
2025-10-10 01:40:19,182 [INFO] [10/30] Train Loss: 0.1510 | Val Loss: 0.1549 | Tempo: 19.45s
2025-10-10 01:40:19,782 [INFO] Época 11/30, Batch 50/3348, Loss: 0.1797
2025-10-10 01:40:20,059 [INFO] Época 11/30, Batch 100/3348, Loss: 0.0951
2025-10-10 01:40:20,332 [INFO] Época 11/30, Batch 150/3348, Loss: 0.1082
2025-10-10 01:40:20,607 [INFO] Época 11/30, Batch 200/3348, Loss: 0.1915
2025-10-10 01:40:20,879 [INFO] Época 11/30, Batch 250/3348, Loss: 0.1248
2025-10-10 01:40:21,150 [INFO] Época 11/30, Batch 300/3348, Loss: 0.1489
2025-10-10 01:40:21,422 [INFO] Época 11/30, Batch 350/3348, Loss: 0.1239
2025-10-10 01:40:21,692 [INFO] Época 11/30, Batch 400/3348, Loss: 0.1274
2025-10-10 01:40:21,964 [INFO] Época 11/30, Batch 450/3348, Loss: 0.1123
2025-10-10 01:40:22,236 [INFO] Época 11/30, Batch 500/3348, Loss: 0.1256
2025-10-10 01:40:22,509 [INFO] Época 11/30, Batch 550/3348, Loss: 0.1254
2025-10-10 01:40:22,778 [INFO] Época 11/30, Batch 600/3348, Loss: 0.1455
2025-10-10 01:40:23,051 [INFO] Época 11/30, Batch 650/3348, Loss: 0.1171
2025-10-10 01:40:23,323 [INFO] Época 11/30, Batch 700/3348, Loss: 0.1394
2025-10-10 01:40:23,596 [INFO] Época 11/30, Batch 750/3348, Loss: 0.1213
2025-10-10 01:40:23,866 [INFO] Época 11/30, Batch 800/3348, Loss: 0.1455
2025-10-10 01:40:24,132 [INFO] Época 11/30, Batch 850/3348, Loss: 0.1273
2025-10-10 01:40:24,397 [INFO] Época 11/30, Batch 900/3348, Loss: 0.1336
2025-10-10 01:40:24,676 [INFO] Época 11/30, Batch 950/3348, Loss: 0.1472
2025-10-10 01:40:24,942 [INFO] Época 11/30, Batch 1000/3348, Loss: 0.1375
2025-10-10 01:40:25,209 [INFO] Época 11/30, Batch 1050/3348, Loss: 0.1873
2025-10-10 01:40:25,477 [INFO] Época 11/30, Batch 1100/3348, Loss: 0.2421
2025-10-10 01:40:25,747 [INFO] Época 11/30, Batch 1150/3348, Loss: 0.1342
2025-10-10 01:40:26,015 [INFO] Época 11/30, Batch 1200/3348, Loss: 0.1419
2025-10-10 01:40:26,290 [INFO] Época 11/30, Batch 1250/3348, Loss: 0.1247
2025-10-10 01:40:26,565 [INFO] Época 11/30, Batch 1300/3348, Loss: 0.1599
2025-10-10 01:40:26,836 [INFO] Época 11/30, Batch 1350/3348, Loss: 0.0902
2025-10-10 01:40:27,106 [INFO] Época 11/30, Batch 1400/3348, Loss: 0.1145
2025-10-10 01:40:27,378 [INFO] Época 11/30, Batch 1450/3348, Loss: 0.1256
2025-10-10 01:40:27,648 [INFO] Época 11/30, Batch 1500/3348, Loss: 0.1085
2025-10-10 01:40:27,919 [INFO] Época 11/30, Batch 1550/3348, Loss: 0.1372
2025-10-10 01:40:28,189 [INFO] Época 11/30, Batch 1600/3348, Loss: 0.1293
2025-10-10 01:40:28,460 [INFO] Época 11/30, Batch 1650/3348, Loss: 0.1532
2025-10-10 01:40:28,730 [INFO] Época 11/30, Batch 1700/3348, Loss: 0.1275
2025-10-10 01:40:29,002 [INFO] Época 11/30, Batch 1750/3348, Loss: 0.1540
2025-10-10 01:40:29,270 [INFO] Época 11/30, Batch 1800/3348, Loss: 0.1385
2025-10-10 01:40:29,541 [INFO] Época 11/30, Batch 1850/3348, Loss: 0.1202
2025-10-10 01:40:29,817 [INFO] Época 11/30, Batch 1900/3348, Loss: 0.1401
2025-10-10 01:40:30,079 [INFO] Época 11/30, Batch 1950/3348, Loss: 0.2063
2025-10-10 01:40:30,343 [INFO] Época 11/30, Batch 2000/3348, Loss: 0.1439
2025-10-10 01:40:30,605 [INFO] Época 11/30, Batch 2050/3348, Loss: 0.1296
2025-10-10 01:40:30,867 [INFO] Época 11/30, Batch 2100/3348, Loss: 0.1569
2025-10-10 01:40:31,131 [INFO] Época 11/30, Batch 2150/3348, Loss: 0.1410
2025-10-10 01:40:31,395 [INFO] Época 11/30, Batch 2200/3348, Loss: 0.1877
2025-10-10 01:40:31,663 [INFO] Época 11/30, Batch 2250/3348, Loss: 0.0870
2025-10-10 01:40:31,928 [INFO] Época 11/30, Batch 2300/3348, Loss: 0.1029
2025-10-10 01:40:32,195 [INFO] Época 11/30, Batch 2350/3348, Loss: 0.2168
2025-10-10 01:40:32,459 [INFO] Época 11/30, Batch 2400/3348, Loss: 0.1512
2025-10-10 01:40:32,725 [INFO] Época 11/30, Batch 2450/3348, Loss: 0.1852
2025-10-10 01:40:32,992 [INFO] Época 11/30, Batch 2500/3348, Loss: 0.1833
2025-10-10 01:40:33,257 [INFO] Época 11/30, Batch 2550/3348, Loss: 0.2116
2025-10-10 01:40:33,522 [INFO] Época 11/30, Batch 2600/3348, Loss: 0.1496
2025-10-10 01:40:33,785 [INFO] Época 11/30, Batch 2650/3348, Loss: 0.2086
2025-10-10 01:40:34,049 [INFO] Época 11/30, Batch 2700/3348, Loss: 0.1298
2025-10-10 01:40:34,314 [INFO] Época 11/30, Batch 2750/3348, Loss: 0.2154
2025-10-10 01:40:34,578 [INFO] Época 11/30, Batch 2800/3348, Loss: 0.1781
2025-10-10 01:40:34,847 [INFO] Época 11/30, Batch 2850/3348, Loss: 0.2196
2025-10-10 01:40:35,117 [INFO] Época 11/30, Batch 2900/3348, Loss: 0.1380
2025-10-10 01:40:35,390 [INFO] Época 11/30, Batch 2950/3348, Loss: 0.1160
2025-10-10 01:40:35,663 [INFO] Época 11/30, Batch 3000/3348, Loss: 0.1048
2025-10-10 01:40:35,936 [INFO] Época 11/30, Batch 3050/3348, Loss: 0.1540
2025-10-10 01:40:36,209 [INFO] Época 11/30, Batch 3100/3348, Loss: 0.1555
2025-10-10 01:40:36,480 [INFO] Época 11/30, Batch 3150/3348, Loss: 0.2410
2025-10-10 01:40:36,751 [INFO] Época 11/30, Batch 3200/3348, Loss: 0.1453
2025-10-10 01:40:37,023 [INFO] Época 11/30, Batch 3250/3348, Loss: 0.1208
2025-10-10 01:40:37,296 [INFO] Época 11/30, Batch 3300/3348, Loss: 0.1491
2025-10-10 01:40:39,266 [INFO] [11/30] Train Loss: 0.1489 | Val Loss: 0.1579 | Tempo: 20.08s
2025-10-10 01:40:39,859 [INFO] Época 12/30, Batch 50/3348, Loss: 0.1379
2025-10-10 01:40:40,138 [INFO] Época 12/30, Batch 100/3348, Loss: 0.1824
2025-10-10 01:40:40,404 [INFO] Época 12/30, Batch 150/3348, Loss: 0.1358
2025-10-10 01:40:40,669 [INFO] Época 12/30, Batch 200/3348, Loss: 0.1434
2025-10-10 01:40:40,932 [INFO] Época 12/30, Batch 250/3348, Loss: 0.1715
2025-10-10 01:40:41,195 [INFO] Época 12/30, Batch 300/3348, Loss: 0.1425
2025-10-10 01:40:41,458 [INFO] Época 12/30, Batch 350/3348, Loss: 0.1679
2025-10-10 01:40:41,727 [INFO] Época 12/30, Batch 400/3348, Loss: 0.1354
2025-10-10 01:40:42,003 [INFO] Época 12/30, Batch 450/3348, Loss: 0.1571
2025-10-10 01:40:42,280 [INFO] Época 12/30, Batch 500/3348, Loss: 0.1710
2025-10-10 01:40:42,556 [INFO] Época 12/30, Batch 550/3348, Loss: 0.1174
2025-10-10 01:40:42,832 [INFO] Época 12/30, Batch 600/3348, Loss: 0.1424
2025-10-10 01:40:43,107 [INFO] Época 12/30, Batch 650/3348, Loss: 0.1448
2025-10-10 01:40:43,370 [INFO] Época 12/30, Batch 700/3348, Loss: 0.1183
2025-10-10 01:40:43,634 [INFO] Época 12/30, Batch 750/3348, Loss: 0.1194
2025-10-10 01:40:43,898 [INFO] Época 12/30, Batch 800/3348, Loss: 0.1200
2025-10-10 01:40:44,159 [INFO] Época 12/30, Batch 850/3348, Loss: 0.1422
2025-10-10 01:40:44,421 [INFO] Época 12/30, Batch 900/3348, Loss: 0.1539
2025-10-10 01:40:44,686 [INFO] Época 12/30, Batch 950/3348, Loss: 0.1093
2025-10-10 01:40:44,950 [INFO] Época 12/30, Batch 1000/3348, Loss: 0.1720
2025-10-10 01:40:45,225 [INFO] Época 12/30, Batch 1050/3348, Loss: 0.1209
2025-10-10 01:40:45,489 [INFO] Época 12/30, Batch 1100/3348, Loss: 0.1270
2025-10-10 01:40:45,753 [INFO] Época 12/30, Batch 1150/3348, Loss: 0.1082
2025-10-10 01:40:46,019 [INFO] Época 12/30, Batch 1200/3348, Loss: 0.1432
2025-10-10 01:40:46,286 [INFO] Época 12/30, Batch 1250/3348, Loss: 0.1462
2025-10-10 01:40:46,552 [INFO] Época 12/30, Batch 1300/3348, Loss: 0.1465
2025-10-10 01:40:46,817 [INFO] Época 12/30, Batch 1350/3348, Loss: 0.1514
2025-10-10 01:40:47,084 [INFO] Época 12/30, Batch 1400/3348, Loss: 0.1332
2025-10-10 01:40:47,353 [INFO] Época 12/30, Batch 1450/3348, Loss: 0.1468
2025-10-10 01:40:47,623 [INFO] Época 12/30, Batch 1500/3348, Loss: 0.2509
2025-10-10 01:40:47,896 [INFO] Época 12/30, Batch 1550/3348, Loss: 0.0895
2025-10-10 01:40:48,168 [INFO] Época 12/30, Batch 1600/3348, Loss: 0.1307
2025-10-10 01:40:48,441 [INFO] Época 12/30, Batch 1650/3348, Loss: 0.1388
2025-10-10 01:40:48,711 [INFO] Época 12/30, Batch 1700/3348, Loss: 0.2275
2025-10-10 01:40:48,984 [INFO] Época 12/30, Batch 1750/3348, Loss: 0.1752
2025-10-10 01:40:49,255 [INFO] Época 12/30, Batch 1800/3348, Loss: 0.1201
2025-10-10 01:40:49,526 [INFO] Época 12/30, Batch 1850/3348, Loss: 0.1313
2025-10-10 01:40:49,792 [INFO] Época 12/30, Batch 1900/3348, Loss: 0.1448
2025-10-10 01:40:50,058 [INFO] Época 12/30, Batch 1950/3348, Loss: 0.0886
2025-10-10 01:40:50,326 [INFO] Época 12/30, Batch 2000/3348, Loss: 0.0892
2025-10-10 01:40:50,593 [INFO] Época 12/30, Batch 2050/3348, Loss: 0.2087
2025-10-10 01:40:50,866 [INFO] Época 12/30, Batch 2100/3348, Loss: 0.1429
2025-10-10 01:40:51,136 [INFO] Época 12/30, Batch 2150/3348, Loss: 0.1585
2025-10-10 01:40:51,409 [INFO] Época 12/30, Batch 2200/3348, Loss: 0.1393
2025-10-10 01:40:51,681 [INFO] Época 12/30, Batch 2250/3348, Loss: 0.2322
2025-10-10 01:40:51,943 [INFO] Época 12/30, Batch 2300/3348, Loss: 0.1405
2025-10-10 01:40:52,203 [INFO] Época 12/30, Batch 2350/3348, Loss: 0.1505
2025-10-10 01:40:52,464 [INFO] Época 12/30, Batch 2400/3348, Loss: 0.1463
2025-10-10 01:40:52,727 [INFO] Época 12/30, Batch 2450/3348, Loss: 0.2245
2025-10-10 01:40:52,992 [INFO] Época 12/30, Batch 2500/3348, Loss: 0.1309
2025-10-10 01:40:53,253 [INFO] Época 12/30, Batch 2550/3348, Loss: 0.1256
2025-10-10 01:40:53,513 [INFO] Época 12/30, Batch 2600/3348, Loss: 0.1572
2025-10-10 01:40:53,774 [INFO] Época 12/30, Batch 2650/3348, Loss: 0.1050
2025-10-10 01:40:54,036 [INFO] Época 12/30, Batch 2700/3348, Loss: 0.1244
2025-10-10 01:40:54,295 [INFO] Época 12/30, Batch 2750/3348, Loss: 0.1350
2025-10-10 01:40:54,558 [INFO] Época 12/30, Batch 2800/3348, Loss: 0.1310
2025-10-10 01:40:54,820 [INFO] Época 12/30, Batch 2850/3348, Loss: 0.1224
2025-10-10 01:40:55,081 [INFO] Época 12/30, Batch 2900/3348, Loss: 0.1621
2025-10-10 01:40:55,355 [INFO] Época 12/30, Batch 2950/3348, Loss: 0.1180
2025-10-10 01:40:55,619 [INFO] Época 12/30, Batch 3000/3348, Loss: 0.2396
2025-10-10 01:40:55,884 [INFO] Época 12/30, Batch 3050/3348, Loss: 0.1434
2025-10-10 01:40:56,148 [INFO] Época 12/30, Batch 3100/3348, Loss: 0.1360
2025-10-10 01:40:56,414 [INFO] Época 12/30, Batch 3150/3348, Loss: 0.2135
2025-10-10 01:40:56,677 [INFO] Época 12/30, Batch 3200/3348, Loss: 0.1614
2025-10-10 01:40:56,938 [INFO] Época 12/30, Batch 3250/3348, Loss: 0.0969
2025-10-10 01:40:57,198 [INFO] Época 12/30, Batch 3300/3348, Loss: 0.1574
2025-10-10 01:40:59,142 [INFO] [12/30] Train Loss: 0.1462 | Val Loss: 0.1595 | Tempo: 19.88s
2025-10-10 01:40:59,739 [INFO] Época 13/30, Batch 50/3348, Loss: 0.1343
2025-10-10 01:41:00,001 [INFO] Época 13/30, Batch 100/3348, Loss: 0.2182
2025-10-10 01:41:00,260 [INFO] Época 13/30, Batch 150/3348, Loss: 0.1297
2025-10-10 01:41:00,522 [INFO] Época 13/30, Batch 200/3348, Loss: 0.0869
2025-10-10 01:41:00,783 [INFO] Época 13/30, Batch 250/3348, Loss: 0.1690
2025-10-10 01:41:01,041 [INFO] Época 13/30, Batch 300/3348, Loss: 0.1253
2025-10-10 01:41:01,302 [INFO] Época 13/30, Batch 350/3348, Loss: 0.1116
2025-10-10 01:41:01,561 [INFO] Época 13/30, Batch 400/3348, Loss: 0.1826
2025-10-10 01:41:01,820 [INFO] Época 13/30, Batch 450/3348, Loss: 0.2212
2025-10-10 01:41:02,080 [INFO] Época 13/30, Batch 500/3348, Loss: 0.1013
2025-10-10 01:41:02,338 [INFO] Época 13/30, Batch 550/3348, Loss: 0.1682
2025-10-10 01:41:02,598 [INFO] Época 13/30, Batch 600/3348, Loss: 0.1124
2025-10-10 01:41:02,859 [INFO] Época 13/30, Batch 650/3348, Loss: 0.1832
2025-10-10 01:41:03,118 [INFO] Época 13/30, Batch 700/3348, Loss: 0.1515
2025-10-10 01:41:03,380 [INFO] Época 13/30, Batch 750/3348, Loss: 0.0943
2025-10-10 01:41:03,641 [INFO] Época 13/30, Batch 800/3348, Loss: 0.1132
2025-10-10 01:41:03,901 [INFO] Época 13/30, Batch 850/3348, Loss: 0.1256
2025-10-10 01:41:04,162 [INFO] Época 13/30, Batch 900/3348, Loss: 0.1031
2025-10-10 01:41:04,422 [INFO] Época 13/30, Batch 950/3348, Loss: 0.0968
2025-10-10 01:41:04,681 [INFO] Época 13/30, Batch 1000/3348, Loss: 0.1277
2025-10-10 01:41:04,943 [INFO] Época 13/30, Batch 1050/3348, Loss: 0.1834
2025-10-10 01:41:05,204 [INFO] Época 13/30, Batch 1100/3348, Loss: 0.1476
2025-10-10 01:41:05,463 [INFO] Época 13/30, Batch 1150/3348, Loss: 0.1489
2025-10-10 01:41:05,724 [INFO] Época 13/30, Batch 1200/3348, Loss: 0.1144
2025-10-10 01:41:05,984 [INFO] Época 13/30, Batch 1250/3348, Loss: 0.1384
2025-10-10 01:41:06,247 [INFO] Época 13/30, Batch 1300/3348, Loss: 0.1664
2025-10-10 01:41:06,508 [INFO] Época 13/30, Batch 1350/3348, Loss: 0.1001
2025-10-10 01:41:06,768 [INFO] Época 13/30, Batch 1400/3348, Loss: 0.1451
2025-10-10 01:41:07,027 [INFO] Época 13/30, Batch 1450/3348, Loss: 0.1740
2025-10-10 01:41:07,285 [INFO] Época 13/30, Batch 1500/3348, Loss: 0.1164
2025-10-10 01:41:07,547 [INFO] Época 13/30, Batch 1550/3348, Loss: 0.1679
2025-10-10 01:41:07,807 [INFO] Época 13/30, Batch 1600/3348, Loss: 0.1198
2025-10-10 01:41:08,068 [INFO] Época 13/30, Batch 1650/3348, Loss: 0.1332
2025-10-10 01:41:08,329 [INFO] Época 13/30, Batch 1700/3348, Loss: 0.1279
2025-10-10 01:41:08,592 [INFO] Época 13/30, Batch 1750/3348, Loss: 0.1005
2025-10-10 01:41:08,854 [INFO] Época 13/30, Batch 1800/3348, Loss: 0.1382
2025-10-10 01:41:09,114 [INFO] Época 13/30, Batch 1850/3348, Loss: 0.1756
2025-10-10 01:41:09,374 [INFO] Época 13/30, Batch 1900/3348, Loss: 0.0827
2025-10-10 01:41:09,636 [INFO] Época 13/30, Batch 1950/3348, Loss: 0.2164
2025-10-10 01:41:09,895 [INFO] Época 13/30, Batch 2000/3348, Loss: 0.1297
2025-10-10 01:41:10,155 [INFO] Época 13/30, Batch 2050/3348, Loss: 0.1140
2025-10-10 01:41:10,413 [INFO] Época 13/30, Batch 2100/3348, Loss: 0.1452
2025-10-10 01:41:10,675 [INFO] Época 13/30, Batch 2150/3348, Loss: 0.1829
2025-10-10 01:41:10,935 [INFO] Época 13/30, Batch 2200/3348, Loss: 0.1361
2025-10-10 01:41:11,194 [INFO] Época 13/30, Batch 2250/3348, Loss: 0.1541
2025-10-10 01:41:11,454 [INFO] Época 13/30, Batch 2300/3348, Loss: 0.1703
2025-10-10 01:41:11,713 [INFO] Época 13/30, Batch 2350/3348, Loss: 0.1436
2025-10-10 01:41:11,975 [INFO] Época 13/30, Batch 2400/3348, Loss: 0.1454
2025-10-10 01:41:12,236 [INFO] Época 13/30, Batch 2450/3348, Loss: 0.1845
2025-10-10 01:41:12,496 [INFO] Época 13/30, Batch 2500/3348, Loss: 0.1485
2025-10-10 01:41:12,758 [INFO] Época 13/30, Batch 2550/3348, Loss: 0.1556
2025-10-10 01:41:13,018 [INFO] Época 13/30, Batch 2600/3348, Loss: 0.1158
2025-10-10 01:41:13,271 [INFO] Época 13/30, Batch 2650/3348, Loss: 0.1832
2025-10-10 01:41:13,530 [INFO] Época 13/30, Batch 2700/3348, Loss: 0.1573
2025-10-10 01:41:13,789 [INFO] Época 13/30, Batch 2750/3348, Loss: 0.1728
2025-10-10 01:41:14,050 [INFO] Época 13/30, Batch 2800/3348, Loss: 0.1617
2025-10-10 01:41:14,310 [INFO] Época 13/30, Batch 2850/3348, Loss: 0.1590
2025-10-10 01:41:14,571 [INFO] Época 13/30, Batch 2900/3348, Loss: 0.2175
2025-10-10 01:41:14,830 [INFO] Época 13/30, Batch 2950/3348, Loss: 0.1529
2025-10-10 01:41:15,091 [INFO] Época 13/30, Batch 3000/3348, Loss: 0.1603
2025-10-10 01:41:15,349 [INFO] Época 13/30, Batch 3050/3348, Loss: 0.1256
2025-10-10 01:41:15,607 [INFO] Época 13/30, Batch 3100/3348, Loss: 0.1121
2025-10-10 01:41:15,871 [INFO] Época 13/30, Batch 3150/3348, Loss: 0.1191
2025-10-10 01:41:16,143 [INFO] Época 13/30, Batch 3200/3348, Loss: 0.1561
2025-10-10 01:41:16,405 [INFO] Época 13/30, Batch 3250/3348, Loss: 0.1160
2025-10-10 01:41:16,669 [INFO] Época 13/30, Batch 3300/3348, Loss: 0.1407
2025-10-10 01:41:18,627 [INFO] [13/30] Train Loss: 0.1451 | Val Loss: 0.1537 | Tempo: 19.48s
2025-10-10 01:41:19,232 [INFO] Época 14/30, Batch 50/3348, Loss: 0.1146
2025-10-10 01:41:19,505 [INFO] Época 14/30, Batch 100/3348, Loss: 0.1058
2025-10-10 01:41:19,776 [INFO] Época 14/30, Batch 150/3348, Loss: 0.1384
2025-10-10 01:41:20,045 [INFO] Época 14/30, Batch 200/3348, Loss: 0.1308
2025-10-10 01:41:20,313 [INFO] Época 14/30, Batch 250/3348, Loss: 0.1718
2025-10-10 01:41:20,580 [INFO] Época 14/30, Batch 300/3348, Loss: 0.1088
2025-10-10 01:41:20,845 [INFO] Época 14/30, Batch 350/3348, Loss: 0.1627
2025-10-10 01:41:21,112 [INFO] Época 14/30, Batch 400/3348, Loss: 0.1364
2025-10-10 01:41:21,385 [INFO] Época 14/30, Batch 450/3348, Loss: 0.1261
2025-10-10 01:41:21,658 [INFO] Época 14/30, Batch 500/3348, Loss: 0.1904
2025-10-10 01:41:21,932 [INFO] Época 14/30, Batch 550/3348, Loss: 0.1581
2025-10-10 01:41:22,205 [INFO] Época 14/30, Batch 600/3348, Loss: 0.1274
2025-10-10 01:41:22,476 [INFO] Época 14/30, Batch 650/3348, Loss: 0.1053
2025-10-10 01:41:22,739 [INFO] Época 14/30, Batch 700/3348, Loss: 0.1398
2025-10-10 01:41:23,008 [INFO] Época 14/30, Batch 750/3348, Loss: 0.1661
2025-10-10 01:41:23,275 [INFO] Época 14/30, Batch 800/3348, Loss: 0.1447
2025-10-10 01:41:23,539 [INFO] Época 14/30, Batch 850/3348, Loss: 0.1491
2025-10-10 01:41:23,804 [INFO] Época 14/30, Batch 900/3348, Loss: 0.1534
2025-10-10 01:41:24,065 [INFO] Época 14/30, Batch 950/3348, Loss: 0.1736
2025-10-10 01:41:24,327 [INFO] Época 14/30, Batch 1000/3348, Loss: 0.1158
2025-10-10 01:41:24,589 [INFO] Época 14/30, Batch 1050/3348, Loss: 0.1629
2025-10-10 01:41:24,840 [INFO] Época 14/30, Batch 1100/3348, Loss: 0.2125
2025-10-10 01:41:25,098 [INFO] Época 14/30, Batch 1150/3348, Loss: 0.1898
2025-10-10 01:41:25,357 [INFO] Época 14/30, Batch 1200/3348, Loss: 0.1851
2025-10-10 01:41:25,614 [INFO] Época 14/30, Batch 1250/3348, Loss: 0.2076
2025-10-10 01:41:25,873 [INFO] Época 14/30, Batch 1300/3348, Loss: 0.1035
2025-10-10 01:41:26,132 [INFO] Época 14/30, Batch 1350/3348, Loss: 0.1738
2025-10-10 01:41:26,396 [INFO] Época 14/30, Batch 1400/3348, Loss: 0.1030
2025-10-10 01:41:26,656 [INFO] Época 14/30, Batch 1450/3348, Loss: 0.1628
2025-10-10 01:41:26,917 [INFO] Época 14/30, Batch 1500/3348, Loss: 0.1349
2025-10-10 01:41:27,176 [INFO] Época 14/30, Batch 1550/3348, Loss: 0.1640
2025-10-10 01:41:27,434 [INFO] Época 14/30, Batch 1600/3348, Loss: 0.0994
2025-10-10 01:41:27,692 [INFO] Época 14/30, Batch 1650/3348, Loss: 0.1219
2025-10-10 01:41:27,950 [INFO] Época 14/30, Batch 1700/3348, Loss: 0.1034
2025-10-10 01:41:28,208 [INFO] Época 14/30, Batch 1750/3348, Loss: 0.1525
2025-10-10 01:41:28,466 [INFO] Época 14/30, Batch 1800/3348, Loss: 0.1725
2025-10-10 01:41:28,729 [INFO] Época 14/30, Batch 1850/3348, Loss: 0.1425
2025-10-10 01:41:28,998 [INFO] Época 14/30, Batch 1900/3348, Loss: 0.1063
2025-10-10 01:41:29,269 [INFO] Época 14/30, Batch 1950/3348, Loss: 0.2162
2025-10-10 01:41:29,539 [INFO] Época 14/30, Batch 2000/3348, Loss: 0.1524
2025-10-10 01:41:29,803 [INFO] Época 14/30, Batch 2050/3348, Loss: 0.1230
2025-10-10 01:41:30,063 [INFO] Época 14/30, Batch 2100/3348, Loss: 0.1042
2025-10-10 01:41:30,324 [INFO] Época 14/30, Batch 2150/3348, Loss: 0.1840
2025-10-10 01:41:30,584 [INFO] Época 14/30, Batch 2200/3348, Loss: 0.1795
2025-10-10 01:41:30,857 [INFO] Época 14/30, Batch 2250/3348, Loss: 0.1956
2025-10-10 01:41:31,116 [INFO] Época 14/30, Batch 2300/3348, Loss: 0.1627
2025-10-10 01:41:31,377 [INFO] Época 14/30, Batch 2350/3348, Loss: 0.1589
2025-10-10 01:41:31,645 [INFO] Época 14/30, Batch 2400/3348, Loss: 0.2284
2025-10-10 01:41:31,905 [INFO] Época 14/30, Batch 2450/3348, Loss: 0.1469
2025-10-10 01:41:32,170 [INFO] Época 14/30, Batch 2500/3348, Loss: 0.1712
2025-10-10 01:41:32,442 [INFO] Época 14/30, Batch 2550/3348, Loss: 0.2017
2025-10-10 01:41:32,717 [INFO] Época 14/30, Batch 2600/3348, Loss: 0.1426
2025-10-10 01:41:32,991 [INFO] Época 14/30, Batch 2650/3348, Loss: 0.1418
2025-10-10 01:41:33,263 [INFO] Época 14/30, Batch 2700/3348, Loss: 0.1365
2025-10-10 01:41:33,532 [INFO] Época 14/30, Batch 2750/3348, Loss: 0.1452
2025-10-10 01:41:33,794 [INFO] Época 14/30, Batch 2800/3348, Loss: 0.1093
2025-10-10 01:41:34,057 [INFO] Época 14/30, Batch 2850/3348, Loss: 0.1122
2025-10-10 01:41:34,329 [INFO] Época 14/30, Batch 2900/3348, Loss: 0.1680
2025-10-10 01:41:34,602 [INFO] Época 14/30, Batch 2950/3348, Loss: 0.1242
2025-10-10 01:41:34,875 [INFO] Época 14/30, Batch 3000/3348, Loss: 0.1198
2025-10-10 01:41:35,147 [INFO] Época 14/30, Batch 3050/3348, Loss: 0.1014
2025-10-10 01:41:35,420 [INFO] Época 14/30, Batch 3100/3348, Loss: 0.1335
2025-10-10 01:41:35,693 [INFO] Época 14/30, Batch 3150/3348, Loss: 0.1877
2025-10-10 01:41:35,965 [INFO] Época 14/30, Batch 3200/3348, Loss: 0.1051
2025-10-10 01:41:36,228 [INFO] Época 14/30, Batch 3250/3348, Loss: 0.1148
2025-10-10 01:41:36,489 [INFO] Época 14/30, Batch 3300/3348, Loss: 0.1279
2025-10-10 01:41:38,322 [INFO] [14/30] Train Loss: 0.1431 | Val Loss: 0.1621 | Tempo: 19.69s
2025-10-10 01:41:38,919 [INFO] Época 15/30, Batch 50/3348, Loss: 0.1626
2025-10-10 01:41:39,189 [INFO] Época 15/30, Batch 100/3348, Loss: 0.1664
2025-10-10 01:41:39,453 [INFO] Época 15/30, Batch 150/3348, Loss: 0.1432
2025-10-10 01:41:39,718 [INFO] Época 15/30, Batch 200/3348, Loss: 0.1256
2025-10-10 01:41:39,981 [INFO] Época 15/30, Batch 250/3348, Loss: 0.1557
2025-10-10 01:41:40,245 [INFO] Época 15/30, Batch 300/3348, Loss: 0.1426
2025-10-10 01:41:40,509 [INFO] Época 15/30, Batch 350/3348, Loss: 0.1440
2025-10-10 01:41:40,775 [INFO] Época 15/30, Batch 400/3348, Loss: 0.1523
2025-10-10 01:41:41,038 [INFO] Época 15/30, Batch 450/3348, Loss: 0.1362
2025-10-10 01:41:41,302 [INFO] Época 15/30, Batch 500/3348, Loss: 0.1292
2025-10-10 01:41:41,567 [INFO] Época 15/30, Batch 550/3348, Loss: 0.2074
2025-10-10 01:41:41,830 [INFO] Época 15/30, Batch 600/3348, Loss: 0.1682
2025-10-10 01:41:42,092 [INFO] Época 15/30, Batch 650/3348, Loss: 0.1686
2025-10-10 01:41:42,355 [INFO] Época 15/30, Batch 700/3348, Loss: 0.1856
2025-10-10 01:41:42,619 [INFO] Época 15/30, Batch 750/3348, Loss: 0.0811
2025-10-10 01:41:42,885 [INFO] Época 15/30, Batch 800/3348, Loss: 0.1079
2025-10-10 01:41:43,148 [INFO] Época 15/30, Batch 850/3348, Loss: 0.2045
2025-10-10 01:41:43,408 [INFO] Época 15/30, Batch 900/3348, Loss: 0.2079
2025-10-10 01:41:43,672 [INFO] Época 15/30, Batch 950/3348, Loss: 0.1340
2025-10-10 01:41:43,935 [INFO] Época 15/30, Batch 1000/3348, Loss: 0.1393
2025-10-10 01:41:44,199 [INFO] Época 15/30, Batch 1050/3348, Loss: 0.1702
2025-10-10 01:41:44,462 [INFO] Época 15/30, Batch 1100/3348, Loss: 0.0860
2025-10-10 01:41:44,725 [INFO] Época 15/30, Batch 1150/3348, Loss: 0.1224
2025-10-10 01:41:44,987 [INFO] Época 15/30, Batch 1200/3348, Loss: 0.1758
2025-10-10 01:41:45,249 [INFO] Época 15/30, Batch 1250/3348, Loss: 0.1341
2025-10-10 01:41:45,512 [INFO] Época 15/30, Batch 1300/3348, Loss: 0.1580
2025-10-10 01:41:45,776 [INFO] Época 15/30, Batch 1350/3348, Loss: 0.1505
2025-10-10 01:41:46,038 [INFO] Época 15/30, Batch 1400/3348, Loss: 0.1702
2025-10-10 01:41:46,301 [INFO] Época 15/30, Batch 1450/3348, Loss: 0.1444
2025-10-10 01:41:46,565 [INFO] Época 15/30, Batch 1500/3348, Loss: 0.1551
2025-10-10 01:41:46,831 [INFO] Época 15/30, Batch 1550/3348, Loss: 0.1337
2025-10-10 01:41:47,106 [INFO] Época 15/30, Batch 1600/3348, Loss: 0.2192
2025-10-10 01:41:47,372 [INFO] Época 15/30, Batch 1650/3348, Loss: 0.1298
2025-10-10 01:41:47,635 [INFO] Época 15/30, Batch 1700/3348, Loss: 0.1502
2025-10-10 01:41:47,897 [INFO] Época 15/30, Batch 1750/3348, Loss: 0.1595
2025-10-10 01:41:48,159 [INFO] Época 15/30, Batch 1800/3348, Loss: 0.1299
2025-10-10 01:41:48,424 [INFO] Época 15/30, Batch 1850/3348, Loss: 0.1721
2025-10-10 01:41:48,687 [INFO] Época 15/30, Batch 1900/3348, Loss: 0.1453
2025-10-10 01:41:48,950 [INFO] Época 15/30, Batch 1950/3348, Loss: 0.1434
2025-10-10 01:41:49,211 [INFO] Época 15/30, Batch 2000/3348, Loss: 0.1081
2025-10-10 01:41:49,472 [INFO] Época 15/30, Batch 2050/3348, Loss: 0.1451
2025-10-10 01:41:49,735 [INFO] Época 15/30, Batch 2100/3348, Loss: 0.1052
2025-10-10 01:41:49,997 [INFO] Época 15/30, Batch 2150/3348, Loss: 0.1024
2025-10-10 01:41:50,260 [INFO] Época 15/30, Batch 2200/3348, Loss: 0.1291
2025-10-10 01:41:50,521 [INFO] Época 15/30, Batch 2250/3348, Loss: 0.1698
2025-10-10 01:41:50,783 [INFO] Época 15/30, Batch 2300/3348, Loss: 0.1409
2025-10-10 01:41:51,046 [INFO] Época 15/30, Batch 2350/3348, Loss: 0.1317
2025-10-10 01:41:51,311 [INFO] Época 15/30, Batch 2400/3348, Loss: 0.1808
2025-10-10 01:41:51,576 [INFO] Época 15/30, Batch 2450/3348, Loss: 0.1553
2025-10-10 01:41:51,838 [INFO] Época 15/30, Batch 2500/3348, Loss: 0.0965
2025-10-10 01:41:52,111 [INFO] Época 15/30, Batch 2550/3348, Loss: 0.1157
2025-10-10 01:41:52,372 [INFO] Época 15/30, Batch 2600/3348, Loss: 0.1202
2025-10-10 01:41:52,636 [INFO] Época 15/30, Batch 2650/3348, Loss: 0.0918
2025-10-10 01:41:52,899 [INFO] Época 15/30, Batch 2700/3348, Loss: 0.1581
2025-10-10 01:41:53,160 [INFO] Época 15/30, Batch 2750/3348, Loss: 0.1262
2025-10-10 01:41:53,421 [INFO] Época 15/30, Batch 2800/3348, Loss: 0.1330
2025-10-10 01:41:53,685 [INFO] Época 15/30, Batch 2850/3348, Loss: 0.1675
2025-10-10 01:41:53,949 [INFO] Época 15/30, Batch 2900/3348, Loss: 0.1534
2025-10-10 01:41:54,212 [INFO] Época 15/30, Batch 2950/3348, Loss: 0.1831
2025-10-10 01:41:54,474 [INFO] Época 15/30, Batch 3000/3348, Loss: 0.1097
2025-10-10 01:41:54,734 [INFO] Época 15/30, Batch 3050/3348, Loss: 0.1340
2025-10-10 01:41:54,995 [INFO] Época 15/30, Batch 3100/3348, Loss: 0.1186
2025-10-10 01:41:55,257 [INFO] Época 15/30, Batch 3150/3348, Loss: 0.1326
2025-10-10 01:41:55,516 [INFO] Época 15/30, Batch 3200/3348, Loss: 0.1168
2025-10-10 01:41:55,778 [INFO] Época 15/30, Batch 3250/3348, Loss: 0.0935
2025-10-10 01:41:56,039 [INFO] Época 15/30, Batch 3300/3348, Loss: 0.1429
2025-10-10 01:41:57,964 [INFO] [15/30] Train Loss: 0.1413 | Val Loss: 0.1691 | Tempo: 19.64s
2025-10-10 01:41:58,569 [INFO] Época 16/30, Batch 50/3348, Loss: 0.0986
2025-10-10 01:41:58,847 [INFO] Época 16/30, Batch 100/3348, Loss: 0.1690
2025-10-10 01:41:59,119 [INFO] Época 16/30, Batch 150/3348, Loss: 0.1128
2025-10-10 01:41:59,391 [INFO] Época 16/30, Batch 200/3348, Loss: 0.1852
2025-10-10 01:41:59,663 [INFO] Época 16/30, Batch 250/3348, Loss: 0.0744
2025-10-10 01:41:59,934 [INFO] Época 16/30, Batch 300/3348, Loss: 0.1356
2025-10-10 01:42:00,206 [INFO] Época 16/30, Batch 350/3348, Loss: 0.1440
2025-10-10 01:42:00,475 [INFO] Época 16/30, Batch 400/3348, Loss: 0.1507
2025-10-10 01:42:00,744 [INFO] Época 16/30, Batch 450/3348, Loss: 0.1257
2025-10-10 01:42:01,013 [INFO] Época 16/30, Batch 500/3348, Loss: 0.1133
2025-10-10 01:42:01,282 [INFO] Época 16/30, Batch 550/3348, Loss: 0.1562
2025-10-10 01:42:01,554 [INFO] Época 16/30, Batch 600/3348, Loss: 0.1191
2025-10-10 01:42:01,818 [INFO] Época 16/30, Batch 650/3348, Loss: 0.1796
2025-10-10 01:42:02,079 [INFO] Época 16/30, Batch 700/3348, Loss: 0.1070
2025-10-10 01:42:02,337 [INFO] Época 16/30, Batch 750/3348, Loss: 0.1680
2025-10-10 01:42:02,597 [INFO] Época 16/30, Batch 800/3348, Loss: 0.1074
2025-10-10 01:42:02,857 [INFO] Época 16/30, Batch 850/3348, Loss: 0.1526
2025-10-10 01:42:03,116 [INFO] Época 16/30, Batch 900/3348, Loss: 0.1233
2025-10-10 01:42:03,380 [INFO] Época 16/30, Batch 950/3348, Loss: 0.1095
2025-10-10 01:42:03,640 [INFO] Época 16/30, Batch 1000/3348, Loss: 0.1827
2025-10-10 01:42:03,898 [INFO] Época 16/30, Batch 1050/3348, Loss: 0.1492
2025-10-10 01:42:04,157 [INFO] Época 16/30, Batch 1100/3348, Loss: 0.2209
2025-10-10 01:42:04,419 [INFO] Época 16/30, Batch 1150/3348, Loss: 0.1403
2025-10-10 01:42:04,680 [INFO] Época 16/30, Batch 1200/3348, Loss: 0.1612
2025-10-10 01:42:04,940 [INFO] Época 16/30, Batch 1250/3348, Loss: 0.1124
2025-10-10 01:42:05,201 [INFO] Época 16/30, Batch 1300/3348, Loss: 0.1594
2025-10-10 01:42:05,461 [INFO] Época 16/30, Batch 1350/3348, Loss: 0.1286
2025-10-10 01:42:05,729 [INFO] Época 16/30, Batch 1400/3348, Loss: 0.1448
2025-10-10 01:42:05,996 [INFO] Época 16/30, Batch 1450/3348, Loss: 0.1541
2025-10-10 01:42:06,265 [INFO] Época 16/30, Batch 1500/3348, Loss: 0.1521
2025-10-10 01:42:06,534 [INFO] Época 16/30, Batch 1550/3348, Loss: 0.1087
2025-10-10 01:42:06,803 [INFO] Época 16/30, Batch 1600/3348, Loss: 0.1411
2025-10-10 01:42:07,073 [INFO] Época 16/30, Batch 1650/3348, Loss: 0.1130
2025-10-10 01:42:07,342 [INFO] Época 16/30, Batch 1700/3348, Loss: 0.1697
2025-10-10 01:42:07,609 [INFO] Época 16/30, Batch 1750/3348, Loss: 0.1194
2025-10-10 01:42:07,879 [INFO] Época 16/30, Batch 1800/3348, Loss: 0.0895
2025-10-10 01:42:08,147 [INFO] Época 16/30, Batch 1850/3348, Loss: 0.1455
2025-10-10 01:42:08,429 [INFO] Época 16/30, Batch 1900/3348, Loss: 0.1683
2025-10-10 01:42:08,697 [INFO] Época 16/30, Batch 1950/3348, Loss: 0.2007
2025-10-10 01:42:08,968 [INFO] Época 16/30, Batch 2000/3348, Loss: 0.1598
2025-10-10 01:42:09,235 [INFO] Época 16/30, Batch 2050/3348, Loss: 0.1132
2025-10-10 01:42:09,503 [INFO] Época 16/30, Batch 2100/3348, Loss: 0.1526
2025-10-10 01:42:09,773 [INFO] Época 16/30, Batch 2150/3348, Loss: 0.0871
2025-10-10 01:42:10,042 [INFO] Época 16/30, Batch 2200/3348, Loss: 0.1423
2025-10-10 01:42:10,310 [INFO] Época 16/30, Batch 2250/3348, Loss: 0.1495
2025-10-10 01:42:10,579 [INFO] Época 16/30, Batch 2300/3348, Loss: 0.1164
2025-10-10 01:42:10,846 [INFO] Época 16/30, Batch 2350/3348, Loss: 0.1409
2025-10-10 01:42:11,106 [INFO] Época 16/30, Batch 2400/3348, Loss: 0.1901
2025-10-10 01:42:11,366 [INFO] Época 16/30, Batch 2450/3348, Loss: 0.1465
2025-10-10 01:42:11,625 [INFO] Época 16/30, Batch 2500/3348, Loss: 0.1647
2025-10-10 01:42:11,883 [INFO] Época 16/30, Batch 2550/3348, Loss: 0.0974
2025-10-10 01:42:12,144 [INFO] Época 16/30, Batch 2600/3348, Loss: 0.1816
2025-10-10 01:42:12,406 [INFO] Época 16/30, Batch 2650/3348, Loss: 0.1468
2025-10-10 01:42:12,665 [INFO] Época 16/30, Batch 2700/3348, Loss: 0.1794
2025-10-10 01:42:12,925 [INFO] Época 16/30, Batch 2750/3348, Loss: 0.1222
2025-10-10 01:42:13,186 [INFO] Época 16/30, Batch 2800/3348, Loss: 0.1622
2025-10-10 01:42:13,446 [INFO] Época 16/30, Batch 2850/3348, Loss: 0.1108
2025-10-10 01:42:13,705 [INFO] Época 16/30, Batch 2900/3348, Loss: 0.2093
2025-10-10 01:42:13,966 [INFO] Época 16/30, Batch 2950/3348, Loss: 0.1125
2025-10-10 01:42:14,227 [INFO] Época 16/30, Batch 3000/3348, Loss: 0.1907
2025-10-10 01:42:14,486 [INFO] Época 16/30, Batch 3050/3348, Loss: 0.1208
2025-10-10 01:42:14,747 [INFO] Época 16/30, Batch 3100/3348, Loss: 0.2215
2025-10-10 01:42:15,006 [INFO] Época 16/30, Batch 3150/3348, Loss: 0.1064
2025-10-10 01:42:15,269 [INFO] Época 16/30, Batch 3200/3348, Loss: 0.1081
2025-10-10 01:42:15,528 [INFO] Época 16/30, Batch 3250/3348, Loss: 0.1412
2025-10-10 01:42:15,788 [INFO] Época 16/30, Batch 3300/3348, Loss: 0.1630
2025-10-10 01:42:17,555 [INFO] [16/30] Train Loss: 0.1401 | Val Loss: 0.1581 | Tempo: 19.59s
2025-10-10 01:42:18,151 [INFO] Época 17/30, Batch 50/3348, Loss: 0.1300
2025-10-10 01:42:18,429 [INFO] Época 17/30, Batch 100/3348, Loss: 0.1758
2025-10-10 01:42:18,715 [INFO] Época 17/30, Batch 150/3348, Loss: 0.2255
2025-10-10 01:42:18,980 [INFO] Época 17/30, Batch 200/3348, Loss: 0.1135
2025-10-10 01:42:19,244 [INFO] Época 17/30, Batch 250/3348, Loss: 0.2059
2025-10-10 01:42:19,507 [INFO] Época 17/30, Batch 300/3348, Loss: 0.1484
2025-10-10 01:42:19,779 [INFO] Época 17/30, Batch 350/3348, Loss: 0.1467
2025-10-10 01:42:20,051 [INFO] Época 17/30, Batch 400/3348, Loss: 0.1021
2025-10-10 01:42:20,322 [INFO] Época 17/30, Batch 450/3348, Loss: 0.1403
2025-10-10 01:42:20,590 [INFO] Época 17/30, Batch 500/3348, Loss: 0.1614
2025-10-10 01:42:20,856 [INFO] Época 17/30, Batch 550/3348, Loss: 0.1729
2025-10-10 01:42:21,125 [INFO] Época 17/30, Batch 600/3348, Loss: 0.1575
2025-10-10 01:42:21,398 [INFO] Época 17/30, Batch 650/3348, Loss: 0.1405
2025-10-10 01:42:21,669 [INFO] Época 17/30, Batch 700/3348, Loss: 0.1841
2025-10-10 01:42:21,940 [INFO] Época 17/30, Batch 750/3348, Loss: 0.1195
2025-10-10 01:42:22,211 [INFO] Época 17/30, Batch 800/3348, Loss: 0.0946
2025-10-10 01:42:22,482 [INFO] Época 17/30, Batch 850/3348, Loss: 0.1242
2025-10-10 01:42:22,755 [INFO] Época 17/30, Batch 900/3348, Loss: 0.1824
2025-10-10 01:42:23,025 [INFO] Época 17/30, Batch 950/3348, Loss: 0.1020
2025-10-10 01:42:23,295 [INFO] Época 17/30, Batch 1000/3348, Loss: 0.1124
2025-10-10 01:42:23,566 [INFO] Época 17/30, Batch 1050/3348, Loss: 0.1424
2025-10-10 01:42:23,828 [INFO] Época 17/30, Batch 1100/3348, Loss: 0.1078
2025-10-10 01:42:24,092 [INFO] Época 17/30, Batch 1150/3348, Loss: 0.1010
2025-10-10 01:42:24,354 [INFO] Época 17/30, Batch 1200/3348, Loss: 0.0842
2025-10-10 01:42:24,619 [INFO] Época 17/30, Batch 1250/3348, Loss: 0.1221
2025-10-10 01:42:24,881 [INFO] Época 17/30, Batch 1300/3348, Loss: 0.1192
2025-10-10 01:42:25,142 [INFO] Época 17/30, Batch 1350/3348, Loss: 0.1660
2025-10-10 01:42:25,403 [INFO] Época 17/30, Batch 1400/3348, Loss: 0.1057
2025-10-10 01:42:25,668 [INFO] Época 17/30, Batch 1450/3348, Loss: 0.1711
2025-10-10 01:42:25,931 [INFO] Época 17/30, Batch 1500/3348, Loss: 0.1431
2025-10-10 01:42:26,196 [INFO] Época 17/30, Batch 1550/3348, Loss: 0.1685
2025-10-10 01:42:26,468 [INFO] Época 17/30, Batch 1600/3348, Loss: 0.1779
2025-10-10 01:42:26,739 [INFO] Época 17/30, Batch 1650/3348, Loss: 0.1170
2025-10-10 01:42:27,009 [INFO] Época 17/30, Batch 1700/3348, Loss: 0.1801
2025-10-10 01:42:27,278 [INFO] Época 17/30, Batch 1750/3348, Loss: 0.1390
2025-10-10 01:42:27,549 [INFO] Época 17/30, Batch 1800/3348, Loss: 0.1056
2025-10-10 01:42:27,820 [INFO] Época 17/30, Batch 1850/3348, Loss: 0.1781
2025-10-10 01:42:28,091 [INFO] Época 17/30, Batch 1900/3348, Loss: 0.1291
2025-10-10 01:42:28,359 [INFO] Época 17/30, Batch 1950/3348, Loss: 0.1351
2025-10-10 01:42:28,620 [INFO] Época 17/30, Batch 2000/3348, Loss: 0.1537
2025-10-10 01:42:28,881 [INFO] Época 17/30, Batch 2050/3348, Loss: 0.1599
2025-10-10 01:42:29,140 [INFO] Época 17/30, Batch 2100/3348, Loss: 0.1498
2025-10-10 01:42:29,400 [INFO] Época 17/30, Batch 2150/3348, Loss: 0.1850
2025-10-10 01:42:29,661 [INFO] Época 17/30, Batch 2200/3348, Loss: 0.1209
2025-10-10 01:42:29,933 [INFO] Época 17/30, Batch 2250/3348, Loss: 0.1450
2025-10-10 01:42:30,204 [INFO] Época 17/30, Batch 2300/3348, Loss: 0.1427
2025-10-10 01:42:30,475 [INFO] Época 17/30, Batch 2350/3348, Loss: 0.2102
2025-10-10 01:42:30,744 [INFO] Época 17/30, Batch 2400/3348, Loss: 0.0986
2025-10-10 01:42:31,016 [INFO] Época 17/30, Batch 2450/3348, Loss: 0.1554
2025-10-10 01:42:31,286 [INFO] Época 17/30, Batch 2500/3348, Loss: 0.1756
2025-10-10 01:42:31,550 [INFO] Época 17/30, Batch 2550/3348, Loss: 0.1249
2025-10-10 01:42:31,813 [INFO] Época 17/30, Batch 2600/3348, Loss: 0.1202
2025-10-10 01:42:32,084 [INFO] Época 17/30, Batch 2650/3348, Loss: 0.1737
2025-10-10 01:42:32,353 [INFO] Época 17/30, Batch 2700/3348, Loss: 0.1752
2025-10-10 01:42:32,623 [INFO] Época 17/30, Batch 2750/3348, Loss: 0.1164
2025-10-10 01:42:32,895 [INFO] Época 17/30, Batch 2800/3348, Loss: 0.1152
2025-10-10 01:42:33,166 [INFO] Época 17/30, Batch 2850/3348, Loss: 0.1359
2025-10-10 01:42:33,435 [INFO] Época 17/30, Batch 2900/3348, Loss: 0.1702
2025-10-10 01:42:33,708 [INFO] Época 17/30, Batch 2950/3348, Loss: 0.1340
2025-10-10 01:42:33,989 [INFO] Época 17/30, Batch 3000/3348, Loss: 0.0853
2025-10-10 01:42:34,259 [INFO] Época 17/30, Batch 3050/3348, Loss: 0.1248
2025-10-10 01:42:34,528 [INFO] Época 17/30, Batch 3100/3348, Loss: 0.1263
2025-10-10 01:42:34,797 [INFO] Época 17/30, Batch 3150/3348, Loss: 0.1395
2025-10-10 01:42:35,068 [INFO] Época 17/30, Batch 3200/3348, Loss: 0.1314
2025-10-10 01:42:35,338 [INFO] Época 17/30, Batch 3250/3348, Loss: 0.1000
2025-10-10 01:42:35,608 [INFO] Época 17/30, Batch 3300/3348, Loss: 0.1642
2025-10-10 01:42:37,389 [INFO] [17/30] Train Loss: 0.1389 | Val Loss: 0.1636 | Tempo: 19.83s
2025-10-10 01:42:37,988 [INFO] Época 18/30, Batch 50/3348, Loss: 0.1338
2025-10-10 01:42:38,267 [INFO] Época 18/30, Batch 100/3348, Loss: 0.1350
2025-10-10 01:42:38,544 [INFO] Época 18/30, Batch 150/3348, Loss: 0.1443
2025-10-10 01:42:38,819 [INFO] Época 18/30, Batch 200/3348, Loss: 0.1290
2025-10-10 01:42:39,095 [INFO] Época 18/30, Batch 250/3348, Loss: 0.1377
2025-10-10 01:42:39,368 [INFO] Época 18/30, Batch 300/3348, Loss: 0.1648
2025-10-10 01:42:39,639 [INFO] Época 18/30, Batch 350/3348, Loss: 0.1233
2025-10-10 01:42:39,911 [INFO] Época 18/30, Batch 400/3348, Loss: 0.1020
2025-10-10 01:42:40,185 [INFO] Época 18/30, Batch 450/3348, Loss: 0.1424
2025-10-10 01:42:40,454 [INFO] Época 18/30, Batch 500/3348, Loss: 0.1601
2025-10-10 01:42:40,717 [INFO] Época 18/30, Batch 550/3348, Loss: 0.2440
2025-10-10 01:42:40,980 [INFO] Época 18/30, Batch 600/3348, Loss: 0.1578
2025-10-10 01:42:41,244 [INFO] Época 18/30, Batch 650/3348, Loss: 0.1654
2025-10-10 01:42:41,509 [INFO] Época 18/30, Batch 700/3348, Loss: 0.2003
2025-10-10 01:42:41,780 [INFO] Época 18/30, Batch 750/3348, Loss: 0.1296
2025-10-10 01:42:42,051 [INFO] Época 18/30, Batch 800/3348, Loss: 0.1825
2025-10-10 01:42:42,321 [INFO] Época 18/30, Batch 850/3348, Loss: 0.1495
2025-10-10 01:42:42,592 [INFO] Época 18/30, Batch 900/3348, Loss: 0.1590
2025-10-10 01:42:42,864 [INFO] Época 18/30, Batch 950/3348, Loss: 0.1510
2025-10-10 01:42:43,134 [INFO] Época 18/30, Batch 1000/3348, Loss: 0.1641
2025-10-10 01:42:43,405 [INFO] Época 18/30, Batch 1050/3348, Loss: 0.1741
2025-10-10 01:42:43,676 [INFO] Época 18/30, Batch 1100/3348, Loss: 0.1032
2025-10-10 01:42:43,947 [INFO] Época 18/30, Batch 1150/3348, Loss: 0.1226
2025-10-10 01:42:44,215 [INFO] Época 18/30, Batch 1200/3348, Loss: 0.1264
2025-10-10 01:42:44,477 [INFO] Época 18/30, Batch 1250/3348, Loss: 0.1641
2025-10-10 01:42:44,744 [INFO] Época 18/30, Batch 1300/3348, Loss: 0.1473
2025-10-10 01:42:45,017 [INFO] Época 18/30, Batch 1350/3348, Loss: 0.1119
2025-10-10 01:42:45,288 [INFO] Época 18/30, Batch 1400/3348, Loss: 0.1365
2025-10-10 01:42:45,561 [INFO] Época 18/30, Batch 1450/3348, Loss: 0.1205
2025-10-10 01:42:45,832 [INFO] Época 18/30, Batch 1500/3348, Loss: 0.1074
2025-10-10 01:42:46,103 [INFO] Época 18/30, Batch 1550/3348, Loss: 0.2017
2025-10-10 01:42:46,373 [INFO] Época 18/30, Batch 1600/3348, Loss: 0.2129
2025-10-10 01:42:46,644 [INFO] Época 18/30, Batch 1650/3348, Loss: 0.1161
2025-10-10 01:42:46,916 [INFO] Época 18/30, Batch 1700/3348, Loss: 0.1248
2025-10-10 01:42:47,188 [INFO] Época 18/30, Batch 1750/3348, Loss: 0.1196
2025-10-10 01:42:47,460 [INFO] Época 18/30, Batch 1800/3348, Loss: 0.1753
2025-10-10 01:42:47,733 [INFO] Época 18/30, Batch 1850/3348, Loss: 0.1583
2025-10-10 01:42:48,005 [INFO] Época 18/30, Batch 1900/3348, Loss: 0.1621
2025-10-10 01:42:48,278 [INFO] Época 18/30, Batch 1950/3348, Loss: 0.1414
2025-10-10 01:42:48,549 [INFO] Época 18/30, Batch 2000/3348, Loss: 0.1208
2025-10-10 01:42:48,812 [INFO] Época 18/30, Batch 2050/3348, Loss: 0.1989
2025-10-10 01:42:49,075 [INFO] Época 18/30, Batch 2100/3348, Loss: 0.1691
2025-10-10 01:42:49,342 [INFO] Época 18/30, Batch 2150/3348, Loss: 0.1282
2025-10-10 01:42:49,605 [INFO] Época 18/30, Batch 2200/3348, Loss: 0.1116
2025-10-10 01:42:49,869 [INFO] Época 18/30, Batch 2250/3348, Loss: 0.1445
2025-10-10 01:42:50,132 [INFO] Época 18/30, Batch 2300/3348, Loss: 0.2328
2025-10-10 01:42:50,395 [INFO] Época 18/30, Batch 2350/3348, Loss: 0.1418
2025-10-10 01:42:50,658 [INFO] Época 18/30, Batch 2400/3348, Loss: 0.1574
2025-10-10 01:42:50,921 [INFO] Época 18/30, Batch 2450/3348, Loss: 0.1015
2025-10-10 01:42:51,186 [INFO] Época 18/30, Batch 2500/3348, Loss: 0.1830
2025-10-10 01:42:51,452 [INFO] Época 18/30, Batch 2550/3348, Loss: 0.1418
2025-10-10 01:42:51,720 [INFO] Época 18/30, Batch 2600/3348, Loss: 0.1049
2025-10-10 01:42:51,992 [INFO] Época 18/30, Batch 2650/3348, Loss: 0.1961
2025-10-10 01:42:52,264 [INFO] Época 18/30, Batch 2700/3348, Loss: 0.1471
2025-10-10 01:42:52,538 [INFO] Época 18/30, Batch 2750/3348, Loss: 0.1674
2025-10-10 01:42:52,812 [INFO] Época 18/30, Batch 2800/3348, Loss: 0.1430
2025-10-10 01:42:53,086 [INFO] Época 18/30, Batch 2850/3348, Loss: 0.1353
2025-10-10 01:42:53,359 [INFO] Época 18/30, Batch 2900/3348, Loss: 0.1795
2025-10-10 01:42:53,632 [INFO] Época 18/30, Batch 2950/3348, Loss: 0.1088
2025-10-10 01:42:53,906 [INFO] Época 18/30, Batch 3000/3348, Loss: 0.1394
2025-10-10 01:42:54,180 [INFO] Época 18/30, Batch 3050/3348, Loss: 0.1366
2025-10-10 01:42:54,463 [INFO] Época 18/30, Batch 3100/3348, Loss: 0.1206
2025-10-10 01:42:54,736 [INFO] Época 18/30, Batch 3150/3348, Loss: 0.1861
2025-10-10 01:42:55,008 [INFO] Época 18/30, Batch 3200/3348, Loss: 0.1106
2025-10-10 01:42:55,283 [INFO] Época 18/30, Batch 3250/3348, Loss: 0.0952
2025-10-10 01:42:55,555 [INFO] Época 18/30, Batch 3300/3348, Loss: 0.1095
2025-10-10 01:42:57,379 [INFO] [18/30] Train Loss: 0.1377 | Val Loss: 0.1569 | Tempo: 19.99s
2025-10-10 01:42:57,380 [INFO] Early stopping ativado após 10 épocas sem melhoria
2025-10-10 01:42:57,380 [INFO] Treinamento concluído em 354.76 segundos (5.91 minutos)
2025-10-10 01:42:57,380 [INFO] Iniciando avaliação no conjunto de teste...
2025-10-10 01:42:58,842 [INFO] Avaliação do teste concluída em 1.46 segundos
2025-10-10 01:42:58,842 [INFO] MSE no teste: 0.1088
2025-10-10 01:42:58,842 [INFO] RMSE no teste: 0.3298
2025-10-10 01:42:58,843 [INFO] MAE no teste: 0.2300
2025-10-10 01:42:58,843 [INFO] Métricas salvas em /mnt/hdd/home/jdurao/ToolBox-ChemXAI/logs/mlp_att6_Pattern_metrics.json
