2025-10-09 18:52:29,301 [INFO] Iniciando treinamento do modelo mlp_att2_3D
2025-10-09 18:52:29,301 [INFO] Configuração: att_index=2, epochs=30, layers=[128, 64, 32], lr=0.001, batch_size=32, descriptor_type=3D
2025-10-09 18:52:29,301 [INFO] Diretório para modelos: /mnt/hdd/home/jdurao/ToolBox-ChemXAI/models
2025-10-09 18:52:29,301 [INFO] Carregando dados...
2025-10-09 18:52:29,394 [INFO] Preparando dataloaders sem ruído...
2025-10-09 18:58:30,225 [INFO] Dados carregados em 360.92 segundos
2025-10-09 18:58:30,225 [INFO] Tamanhos dos conjuntos - Treino: 105179, Validação: 13147, Teste: 13148
2025-10-09 18:58:30,226 [INFO] Usando dispositivo: cuda
2025-10-09 18:58:30,615 [INFO] Dimensão de entrada: 5, Dimensão de saída: 1
2025-10-09 18:58:30,616 [INFO] Criando modelo MLP com camadas: [128, 64, 32]
2025-10-09 18:58:30,619 [INFO] Modelo criado com 11137 parâmetros
2025-10-09 18:58:30,639 [INFO] Iniciando treinamento com 30 épocas...
2025-10-09 18:58:31,214 [INFO] Época 1/30, Batch 50/3287, Loss: 0.0990
2025-10-09 18:58:31,475 [INFO] Época 1/30, Batch 100/3287, Loss: 0.0941
2025-10-09 18:58:31,736 [INFO] Época 1/30, Batch 150/3287, Loss: 0.0947
2025-10-09 18:58:31,995 [INFO] Época 1/30, Batch 200/3287, Loss: 0.0676
2025-10-09 18:58:32,254 [INFO] Época 1/30, Batch 250/3287, Loss: 0.1274
2025-10-09 18:58:32,512 [INFO] Época 1/30, Batch 300/3287, Loss: 0.0880
2025-10-09 18:58:32,769 [INFO] Época 1/30, Batch 350/3287, Loss: 0.0668
2025-10-09 18:58:33,017 [INFO] Época 1/30, Batch 400/3287, Loss: 0.0857
2025-10-09 18:58:33,273 [INFO] Época 1/30, Batch 450/3287, Loss: 0.0812
2025-10-09 18:58:33,534 [INFO] Época 1/30, Batch 500/3287, Loss: 0.0991
2025-10-09 18:58:33,796 [INFO] Época 1/30, Batch 550/3287, Loss: 0.0562
2025-10-09 18:58:34,055 [INFO] Época 1/30, Batch 600/3287, Loss: 0.0788
2025-10-09 18:58:34,317 [INFO] Época 1/30, Batch 650/3287, Loss: 0.0630
2025-10-09 18:58:34,576 [INFO] Época 1/30, Batch 700/3287, Loss: 0.0804
2025-10-09 18:58:34,835 [INFO] Época 1/30, Batch 750/3287, Loss: 0.0695
2025-10-09 18:58:35,094 [INFO] Época 1/30, Batch 800/3287, Loss: 0.0820
2025-10-09 18:58:35,356 [INFO] Época 1/30, Batch 850/3287, Loss: 0.0787
2025-10-09 18:58:35,618 [INFO] Época 1/30, Batch 900/3287, Loss: 0.0520
2025-10-09 18:58:35,879 [INFO] Época 1/30, Batch 950/3287, Loss: 0.0878
2025-10-09 18:58:36,139 [INFO] Época 1/30, Batch 1000/3287, Loss: 0.0752
2025-10-09 18:58:36,400 [INFO] Época 1/30, Batch 1050/3287, Loss: 0.0704
2025-10-09 18:58:36,661 [INFO] Época 1/30, Batch 1100/3287, Loss: 0.0662
2025-10-09 18:58:36,921 [INFO] Época 1/30, Batch 1150/3287, Loss: 0.0520
2025-10-09 18:58:37,181 [INFO] Época 1/30, Batch 1200/3287, Loss: 0.0646
2025-10-09 18:58:37,440 [INFO] Época 1/30, Batch 1250/3287, Loss: 0.1141
2025-10-09 18:58:37,700 [INFO] Época 1/30, Batch 1300/3287, Loss: 0.0589
2025-10-09 18:58:37,957 [INFO] Época 1/30, Batch 1350/3287, Loss: 0.0862
2025-10-09 18:58:38,215 [INFO] Época 1/30, Batch 1400/3287, Loss: 0.0604
2025-10-09 18:58:38,472 [INFO] Época 1/30, Batch 1450/3287, Loss: 0.0921
2025-10-09 18:58:38,737 [INFO] Época 1/30, Batch 1500/3287, Loss: 0.0722
2025-10-09 18:58:39,003 [INFO] Época 1/30, Batch 1550/3287, Loss: 0.0901
2025-10-09 18:58:39,269 [INFO] Época 1/30, Batch 1600/3287, Loss: 0.0656
2025-10-09 18:58:39,536 [INFO] Época 1/30, Batch 1650/3287, Loss: 0.0843
2025-10-09 18:58:39,802 [INFO] Época 1/30, Batch 1700/3287, Loss: 0.0853
2025-10-09 18:58:40,069 [INFO] Época 1/30, Batch 1750/3287, Loss: 0.0704
2025-10-09 18:58:40,337 [INFO] Época 1/30, Batch 1800/3287, Loss: 0.0724
2025-10-09 18:58:40,594 [INFO] Época 1/30, Batch 1850/3287, Loss: 0.0731
2025-10-09 18:58:40,856 [INFO] Época 1/30, Batch 1900/3287, Loss: 0.0736
2025-10-09 18:58:41,122 [INFO] Época 1/30, Batch 1950/3287, Loss: 0.1097
2025-10-09 18:58:41,387 [INFO] Época 1/30, Batch 2000/3287, Loss: 0.0797
2025-10-09 18:58:41,654 [INFO] Época 1/30, Batch 2050/3287, Loss: 0.0730
2025-10-09 18:58:41,916 [INFO] Época 1/30, Batch 2100/3287, Loss: 0.0741
2025-10-09 18:58:42,169 [INFO] Época 1/30, Batch 2150/3287, Loss: 0.0875
2025-10-09 18:58:42,424 [INFO] Época 1/30, Batch 2200/3287, Loss: 0.0919
2025-10-09 18:58:42,687 [INFO] Época 1/30, Batch 2250/3287, Loss: 0.0740
2025-10-09 18:58:42,952 [INFO] Época 1/30, Batch 2300/3287, Loss: 0.0757
2025-10-09 18:58:43,221 [INFO] Época 1/30, Batch 2350/3287, Loss: 0.0930
2025-10-09 18:58:43,487 [INFO] Época 1/30, Batch 2400/3287, Loss: 0.0926
2025-10-09 18:58:43,749 [INFO] Época 1/30, Batch 2450/3287, Loss: 0.0823
2025-10-09 18:58:44,002 [INFO] Época 1/30, Batch 2500/3287, Loss: 0.0794
2025-10-09 18:58:44,256 [INFO] Época 1/30, Batch 2550/3287, Loss: 0.0814
2025-10-09 18:58:44,506 [INFO] Época 1/30, Batch 2600/3287, Loss: 0.0865
2025-10-09 18:58:44,759 [INFO] Época 1/30, Batch 2650/3287, Loss: 0.1026
2025-10-09 18:58:45,011 [INFO] Época 1/30, Batch 2700/3287, Loss: 0.0958
2025-10-09 18:58:45,263 [INFO] Época 1/30, Batch 2750/3287, Loss: 0.0658
2025-10-09 18:58:45,528 [INFO] Época 1/30, Batch 2800/3287, Loss: 0.0626
2025-10-09 18:58:45,783 [INFO] Época 1/30, Batch 2850/3287, Loss: 0.1078
2025-10-09 18:58:46,036 [INFO] Época 1/30, Batch 2900/3287, Loss: 0.0878
2025-10-09 18:58:46,296 [INFO] Época 1/30, Batch 2950/3287, Loss: 0.0769
2025-10-09 18:58:46,561 [INFO] Época 1/30, Batch 3000/3287, Loss: 0.0729
2025-10-09 18:58:46,828 [INFO] Época 1/30, Batch 3050/3287, Loss: 0.0511
2025-10-09 18:58:47,094 [INFO] Época 1/30, Batch 3100/3287, Loss: 0.0489
2025-10-09 18:58:47,361 [INFO] Época 1/30, Batch 3150/3287, Loss: 0.0554
2025-10-09 18:58:47,626 [INFO] Época 1/30, Batch 3200/3287, Loss: 0.0603
2025-10-09 18:58:47,894 [INFO] Época 1/30, Batch 3250/3287, Loss: 0.0731
2025-10-09 18:58:49,595 [INFO] [1/30] Train Loss: 0.0848 | Val Loss: 0.0768 | Tempo: 18.96s
2025-10-09 18:58:49,600 [INFO] Melhor modelo salvo em: /mnt/hdd/home/jdurao/ToolBox-ChemXAI/models/mlp_qm9_3D_att2_large.pth
2025-10-09 18:58:50,191 [INFO] Época 2/30, Batch 50/3287, Loss: 0.1100
2025-10-09 18:58:50,467 [INFO] Época 2/30, Batch 100/3287, Loss: 0.0683
2025-10-09 18:58:50,730 [INFO] Época 2/30, Batch 150/3287, Loss: 0.0776
2025-10-09 18:58:50,988 [INFO] Época 2/30, Batch 200/3287, Loss: 0.0663
2025-10-09 18:58:51,248 [INFO] Época 2/30, Batch 250/3287, Loss: 0.0862
2025-10-09 18:58:51,511 [INFO] Época 2/30, Batch 300/3287, Loss: 0.0724
2025-10-09 18:58:51,774 [INFO] Época 2/30, Batch 350/3287, Loss: 0.0821
2025-10-09 18:58:52,033 [INFO] Época 2/30, Batch 400/3287, Loss: 0.0732
2025-10-09 18:58:52,292 [INFO] Época 2/30, Batch 450/3287, Loss: 0.0920
2025-10-09 18:58:52,552 [INFO] Época 2/30, Batch 500/3287, Loss: 0.0748
2025-10-09 18:58:52,812 [INFO] Época 2/30, Batch 550/3287, Loss: 0.0782
2025-10-09 18:58:53,070 [INFO] Época 2/30, Batch 600/3287, Loss: 0.0874
2025-10-09 18:58:53,335 [INFO] Época 2/30, Batch 650/3287, Loss: 0.0583
2025-10-09 18:58:53,604 [INFO] Época 2/30, Batch 700/3287, Loss: 0.1161
2025-10-09 18:58:53,859 [INFO] Época 2/30, Batch 750/3287, Loss: 0.0939
2025-10-09 18:58:54,109 [INFO] Época 2/30, Batch 800/3287, Loss: 0.0727
2025-10-09 18:58:54,370 [INFO] Época 2/30, Batch 850/3287, Loss: 0.0643
2025-10-09 18:58:54,637 [INFO] Época 2/30, Batch 900/3287, Loss: 0.0746
2025-10-09 18:58:54,904 [INFO] Época 2/30, Batch 950/3287, Loss: 0.0828
2025-10-09 18:58:55,171 [INFO] Época 2/30, Batch 1000/3287, Loss: 0.0625
2025-10-09 18:58:55,437 [INFO] Época 2/30, Batch 1050/3287, Loss: 0.0808
2025-10-09 18:58:55,704 [INFO] Época 2/30, Batch 1100/3287, Loss: 0.0998
2025-10-09 18:58:55,965 [INFO] Época 2/30, Batch 1150/3287, Loss: 0.0627
2025-10-09 18:58:56,223 [INFO] Época 2/30, Batch 1200/3287, Loss: 0.0826
2025-10-09 18:58:56,482 [INFO] Época 2/30, Batch 1250/3287, Loss: 0.0887
2025-10-09 18:58:56,741 [INFO] Época 2/30, Batch 1300/3287, Loss: 0.0744
2025-10-09 18:58:57,002 [INFO] Época 2/30, Batch 1350/3287, Loss: 0.0640
2025-10-09 18:58:57,261 [INFO] Época 2/30, Batch 1400/3287, Loss: 0.0594
2025-10-09 18:58:57,520 [INFO] Época 2/30, Batch 1450/3287, Loss: 0.0720
2025-10-09 18:58:57,778 [INFO] Época 2/30, Batch 1500/3287, Loss: 0.0852
2025-10-09 18:58:58,038 [INFO] Época 2/30, Batch 1550/3287, Loss: 0.0673
2025-10-09 18:58:58,300 [INFO] Época 2/30, Batch 1600/3287, Loss: 0.0857
2025-10-09 18:58:58,567 [INFO] Época 2/30, Batch 1650/3287, Loss: 0.0524
2025-10-09 18:58:58,831 [INFO] Época 2/30, Batch 1700/3287, Loss: 0.0561
2025-10-09 18:58:59,090 [INFO] Época 2/30, Batch 1750/3287, Loss: 0.0918
2025-10-09 18:58:59,350 [INFO] Época 2/30, Batch 1800/3287, Loss: 0.0552
2025-10-09 18:58:59,608 [INFO] Época 2/30, Batch 1850/3287, Loss: 0.0663
2025-10-09 18:58:59,875 [INFO] Época 2/30, Batch 1900/3287, Loss: 0.0901
2025-10-09 18:59:00,139 [INFO] Época 2/30, Batch 1950/3287, Loss: 4.2560
2025-10-09 18:59:00,400 [INFO] Época 2/30, Batch 2000/3287, Loss: 0.0662
2025-10-09 18:59:00,662 [INFO] Época 2/30, Batch 2050/3287, Loss: 0.0646
2025-10-09 18:59:00,925 [INFO] Época 2/30, Batch 2100/3287, Loss: 0.0923
2025-10-09 18:59:01,194 [INFO] Época 2/30, Batch 2150/3287, Loss: 0.0783
2025-10-09 18:59:01,462 [INFO] Época 2/30, Batch 2200/3287, Loss: 0.0780
2025-10-09 18:59:01,725 [INFO] Época 2/30, Batch 2250/3287, Loss: 0.0807
2025-10-09 18:59:01,984 [INFO] Época 2/30, Batch 2300/3287, Loss: 0.0672
2025-10-09 18:59:02,240 [INFO] Época 2/30, Batch 2350/3287, Loss: 0.0776
2025-10-09 18:59:02,496 [INFO] Época 2/30, Batch 2400/3287, Loss: 0.0701
2025-10-09 18:59:02,755 [INFO] Época 2/30, Batch 2450/3287, Loss: 0.0870
2025-10-09 18:59:03,012 [INFO] Época 2/30, Batch 2500/3287, Loss: 0.0958
2025-10-09 18:59:03,269 [INFO] Época 2/30, Batch 2550/3287, Loss: 0.0668
2025-10-09 18:59:03,525 [INFO] Época 2/30, Batch 2600/3287, Loss: 0.0677
2025-10-09 18:59:03,788 [INFO] Época 2/30, Batch 2650/3287, Loss: 0.0966
2025-10-09 18:59:04,055 [INFO] Época 2/30, Batch 2700/3287, Loss: 0.0572
2025-10-09 18:59:04,319 [INFO] Época 2/30, Batch 2750/3287, Loss: 0.0687
2025-10-09 18:59:04,575 [INFO] Época 2/30, Batch 2800/3287, Loss: 0.0586
2025-10-09 18:59:04,830 [INFO] Época 2/30, Batch 2850/3287, Loss: 0.0636
2025-10-09 18:59:05,084 [INFO] Época 2/30, Batch 2900/3287, Loss: 0.0557
2025-10-09 18:59:05,340 [INFO] Época 2/30, Batch 2950/3287, Loss: 0.0838
2025-10-09 18:59:05,595 [INFO] Época 2/30, Batch 3000/3287, Loss: 0.0851
2025-10-09 18:59:05,846 [INFO] Época 2/30, Batch 3050/3287, Loss: 0.0992
2025-10-09 18:59:06,099 [INFO] Época 2/30, Batch 3100/3287, Loss: 0.0825
2025-10-09 18:59:06,360 [INFO] Época 2/30, Batch 3150/3287, Loss: 0.0810
2025-10-09 18:59:06,626 [INFO] Época 2/30, Batch 3200/3287, Loss: 0.0675
2025-10-09 18:59:06,891 [INFO] Época 2/30, Batch 3250/3287, Loss: 0.0658
2025-10-09 18:59:08,604 [INFO] [2/30] Train Loss: 0.0818 | Val Loss: 0.0735 | Tempo: 19.00s
2025-10-09 18:59:08,609 [INFO] Melhor modelo salvo em: /mnt/hdd/home/jdurao/ToolBox-ChemXAI/models/mlp_qm9_3D_att2_large.pth
2025-10-09 18:59:09,193 [INFO] Época 3/30, Batch 50/3287, Loss: 0.0707
2025-10-09 18:59:09,455 [INFO] Época 3/30, Batch 100/3287, Loss: 0.0695
2025-10-09 18:59:09,717 [INFO] Época 3/30, Batch 150/3287, Loss: 0.0753
2025-10-09 18:59:09,982 [INFO] Época 3/30, Batch 200/3287, Loss: 0.1017
2025-10-09 18:59:10,243 [INFO] Época 3/30, Batch 250/3287, Loss: 0.0796
2025-10-09 18:59:10,503 [INFO] Época 3/30, Batch 300/3287, Loss: 0.0945
2025-10-09 18:59:10,768 [INFO] Época 3/30, Batch 350/3287, Loss: 0.0732
2025-10-09 18:59:11,027 [INFO] Época 3/30, Batch 400/3287, Loss: 0.1584
2025-10-09 18:59:11,289 [INFO] Época 3/30, Batch 450/3287, Loss: 0.0876
2025-10-09 18:59:11,549 [INFO] Época 3/30, Batch 500/3287, Loss: 0.0618
2025-10-09 18:59:11,810 [INFO] Época 3/30, Batch 550/3287, Loss: 0.0681
2025-10-09 18:59:12,073 [INFO] Época 3/30, Batch 600/3287, Loss: 0.0579
2025-10-09 18:59:12,335 [INFO] Época 3/30, Batch 650/3287, Loss: 0.0593
2025-10-09 18:59:12,597 [INFO] Época 3/30, Batch 700/3287, Loss: 0.0774
2025-10-09 18:59:12,851 [INFO] Época 3/30, Batch 750/3287, Loss: 0.0979
2025-10-09 18:59:13,103 [INFO] Época 3/30, Batch 800/3287, Loss: 0.0578
2025-10-09 18:59:13,360 [INFO] Época 3/30, Batch 850/3287, Loss: 0.0517
2025-10-09 18:59:13,621 [INFO] Época 3/30, Batch 900/3287, Loss: 0.0662
2025-10-09 18:59:13,874 [INFO] Época 3/30, Batch 950/3287, Loss: 0.0647
2025-10-09 18:59:14,125 [INFO] Época 3/30, Batch 1000/3287, Loss: 0.0980
2025-10-09 18:59:14,374 [INFO] Época 3/30, Batch 1050/3287, Loss: 0.0920
2025-10-09 18:59:14,624 [INFO] Época 3/30, Batch 1100/3287, Loss: 0.0855
2025-10-09 18:59:14,876 [INFO] Época 3/30, Batch 1150/3287, Loss: 0.0691
2025-10-09 18:59:15,125 [INFO] Época 3/30, Batch 1200/3287, Loss: 0.0711
2025-10-09 18:59:15,379 [INFO] Época 3/30, Batch 1250/3287, Loss: 0.0558
2025-10-09 18:59:15,636 [INFO] Época 3/30, Batch 1300/3287, Loss: 0.0845
2025-10-09 18:59:15,896 [INFO] Época 3/30, Batch 1350/3287, Loss: 0.0876
2025-10-09 18:59:16,154 [INFO] Época 3/30, Batch 1400/3287, Loss: 0.0781
2025-10-09 18:59:16,411 [INFO] Época 3/30, Batch 1450/3287, Loss: 0.0576
2025-10-09 18:59:16,671 [INFO] Época 3/30, Batch 1500/3287, Loss: 0.0803
2025-10-09 18:59:16,930 [INFO] Época 3/30, Batch 1550/3287, Loss: 0.0734
2025-10-09 18:59:17,189 [INFO] Época 3/30, Batch 1600/3287, Loss: 0.0754
2025-10-09 18:59:17,447 [INFO] Época 3/30, Batch 1650/3287, Loss: 0.0641
2025-10-09 18:59:17,705 [INFO] Época 3/30, Batch 1700/3287, Loss: 0.0468
2025-10-09 18:59:17,966 [INFO] Época 3/30, Batch 1750/3287, Loss: 0.0663
2025-10-09 18:59:18,225 [INFO] Época 3/30, Batch 1800/3287, Loss: 0.0971
2025-10-09 18:59:18,485 [INFO] Época 3/30, Batch 1850/3287, Loss: 0.0734
2025-10-09 18:59:18,741 [INFO] Época 3/30, Batch 1900/3287, Loss: 0.0625
2025-10-09 18:59:18,999 [INFO] Época 3/30, Batch 1950/3287, Loss: 0.0664
2025-10-09 18:59:19,255 [INFO] Época 3/30, Batch 2000/3287, Loss: 0.0459
2025-10-09 18:59:19,513 [INFO] Época 3/30, Batch 2050/3287, Loss: 0.0834
2025-10-09 18:59:19,770 [INFO] Época 3/30, Batch 2100/3287, Loss: 0.0808
2025-10-09 18:59:20,027 [INFO] Época 3/30, Batch 2150/3287, Loss: 0.0693
2025-10-09 18:59:20,285 [INFO] Época 3/30, Batch 2200/3287, Loss: 0.0789
2025-10-09 18:59:20,542 [INFO] Época 3/30, Batch 2250/3287, Loss: 0.1187
2025-10-09 18:59:20,801 [INFO] Época 3/30, Batch 2300/3287, Loss: 0.0675
2025-10-09 18:59:21,059 [INFO] Época 3/30, Batch 2350/3287, Loss: 0.0877
2025-10-09 18:59:21,318 [INFO] Época 3/30, Batch 2400/3287, Loss: 0.0975
2025-10-09 18:59:21,576 [INFO] Época 3/30, Batch 2450/3287, Loss: 0.0879
2025-10-09 18:59:21,835 [INFO] Época 3/30, Batch 2500/3287, Loss: 0.0684
2025-10-09 18:59:22,093 [INFO] Época 3/30, Batch 2550/3287, Loss: 0.0694
2025-10-09 18:59:22,349 [INFO] Época 3/30, Batch 2600/3287, Loss: 0.0787
2025-10-09 18:59:22,606 [INFO] Época 3/30, Batch 2650/3287, Loss: 0.0691
2025-10-09 18:59:22,863 [INFO] Época 3/30, Batch 2700/3287, Loss: 0.1105
2025-10-09 18:59:23,119 [INFO] Época 3/30, Batch 2750/3287, Loss: 0.0763
2025-10-09 18:59:23,377 [INFO] Época 3/30, Batch 2800/3287, Loss: 0.0917
2025-10-09 18:59:23,634 [INFO] Época 3/30, Batch 2850/3287, Loss: 0.0593
2025-10-09 18:59:23,890 [INFO] Época 3/30, Batch 2900/3287, Loss: 0.0727
2025-10-09 18:59:24,147 [INFO] Época 3/30, Batch 2950/3287, Loss: 0.0973
2025-10-09 18:59:24,404 [INFO] Época 3/30, Batch 3000/3287, Loss: 0.1092
2025-10-09 18:59:24,662 [INFO] Época 3/30, Batch 3050/3287, Loss: 0.0601
2025-10-09 18:59:24,919 [INFO] Época 3/30, Batch 3100/3287, Loss: 0.0640
2025-10-09 18:59:25,177 [INFO] Época 3/30, Batch 3150/3287, Loss: 0.0652
2025-10-09 18:59:25,433 [INFO] Época 3/30, Batch 3200/3287, Loss: 0.0927
2025-10-09 18:59:25,690 [INFO] Época 3/30, Batch 3250/3287, Loss: 0.0700
2025-10-09 18:59:27,385 [INFO] [3/30] Train Loss: 0.0809 | Val Loss: 0.0710 | Tempo: 18.78s
2025-10-09 18:59:27,389 [INFO] Melhor modelo salvo em: /mnt/hdd/home/jdurao/ToolBox-ChemXAI/models/mlp_qm9_3D_att2_large.pth
2025-10-09 18:59:27,975 [INFO] Época 4/30, Batch 50/3287, Loss: 0.0557
2025-10-09 18:59:28,245 [INFO] Época 4/30, Batch 100/3287, Loss: 0.0752
2025-10-09 18:59:28,511 [INFO] Época 4/30, Batch 150/3287, Loss: 0.0616
2025-10-09 18:59:28,778 [INFO] Época 4/30, Batch 200/3287, Loss: 0.0833
2025-10-09 18:59:29,044 [INFO] Época 4/30, Batch 250/3287, Loss: 0.0577
2025-10-09 18:59:29,311 [INFO] Época 4/30, Batch 300/3287, Loss: 0.0608
2025-10-09 18:59:29,576 [INFO] Época 4/30, Batch 350/3287, Loss: 0.0660
2025-10-09 18:59:29,840 [INFO] Época 4/30, Batch 400/3287, Loss: 0.0953
2025-10-09 18:59:30,105 [INFO] Época 4/30, Batch 450/3287, Loss: 0.1007
2025-10-09 18:59:30,372 [INFO] Época 4/30, Batch 500/3287, Loss: 0.0634
2025-10-09 18:59:30,637 [INFO] Época 4/30, Batch 550/3287, Loss: 0.0576
2025-10-09 18:59:30,903 [INFO] Época 4/30, Batch 600/3287, Loss: 0.0596
2025-10-09 18:59:31,169 [INFO] Época 4/30, Batch 650/3287, Loss: 0.0786
2025-10-09 18:59:31,432 [INFO] Época 4/30, Batch 700/3287, Loss: 0.1460
2025-10-09 18:59:31,695 [INFO] Época 4/30, Batch 750/3287, Loss: 0.0704
2025-10-09 18:59:31,962 [INFO] Época 4/30, Batch 800/3287, Loss: 0.0754
2025-10-09 18:59:32,228 [INFO] Época 4/30, Batch 850/3287, Loss: 0.0750
2025-10-09 18:59:32,493 [INFO] Época 4/30, Batch 900/3287, Loss: 0.0995
2025-10-09 18:59:32,764 [INFO] Época 4/30, Batch 950/3287, Loss: 0.0919
2025-10-09 18:59:33,038 [INFO] Época 4/30, Batch 1000/3287, Loss: 0.0579
2025-10-09 18:59:33,315 [INFO] Época 4/30, Batch 1050/3287, Loss: 0.0695
2025-10-09 18:59:33,588 [INFO] Época 4/30, Batch 1100/3287, Loss: 0.0728
2025-10-09 18:59:33,864 [INFO] Época 4/30, Batch 1150/3287, Loss: 0.0673
2025-10-09 18:59:34,137 [INFO] Época 4/30, Batch 1200/3287, Loss: 0.0809
2025-10-09 18:59:34,412 [INFO] Época 4/30, Batch 1250/3287, Loss: 0.0675
2025-10-09 18:59:34,684 [INFO] Época 4/30, Batch 1300/3287, Loss: 0.0721
2025-10-09 18:59:34,959 [INFO] Época 4/30, Batch 1350/3287, Loss: 0.0685
2025-10-09 18:59:35,232 [INFO] Época 4/30, Batch 1400/3287, Loss: 0.0671
2025-10-09 18:59:35,507 [INFO] Época 4/30, Batch 1450/3287, Loss: 0.0761
2025-10-09 18:59:35,779 [INFO] Época 4/30, Batch 1500/3287, Loss: 0.0853
2025-10-09 18:59:36,054 [INFO] Época 4/30, Batch 1550/3287, Loss: 0.0427
2025-10-09 18:59:36,326 [INFO] Época 4/30, Batch 1600/3287, Loss: 0.0819
2025-10-09 18:59:36,599 [INFO] Época 4/30, Batch 1650/3287, Loss: 0.0734
2025-10-09 18:59:36,864 [INFO] Época 4/30, Batch 1700/3287, Loss: 0.0742
2025-10-09 18:59:37,128 [INFO] Época 4/30, Batch 1750/3287, Loss: 0.0791
2025-10-09 18:59:37,395 [INFO] Época 4/30, Batch 1800/3287, Loss: 0.0946
2025-10-09 18:59:37,661 [INFO] Época 4/30, Batch 1850/3287, Loss: 0.0671
2025-10-09 18:59:37,925 [INFO] Época 4/30, Batch 1900/3287, Loss: 0.0890
2025-10-09 18:59:38,187 [INFO] Época 4/30, Batch 1950/3287, Loss: 0.0813
2025-10-09 18:59:38,453 [INFO] Época 4/30, Batch 2000/3287, Loss: 0.0478
2025-10-09 18:59:38,713 [INFO] Época 4/30, Batch 2050/3287, Loss: 0.0695
2025-10-09 18:59:38,975 [INFO] Época 4/30, Batch 2100/3287, Loss: 0.0987
2025-10-09 18:59:39,239 [INFO] Época 4/30, Batch 2150/3287, Loss: 0.0599
2025-10-09 18:59:39,503 [INFO] Época 4/30, Batch 2200/3287, Loss: 0.0667
2025-10-09 18:59:39,767 [INFO] Época 4/30, Batch 2250/3287, Loss: 0.0838
2025-10-09 18:59:40,032 [INFO] Época 4/30, Batch 2300/3287, Loss: 0.0589
2025-10-09 18:59:40,297 [INFO] Época 4/30, Batch 2350/3287, Loss: 0.0752
2025-10-09 18:59:40,561 [INFO] Época 4/30, Batch 2400/3287, Loss: 0.0673
2025-10-09 18:59:40,825 [INFO] Época 4/30, Batch 2450/3287, Loss: 0.0752
2025-10-09 18:59:41,091 [INFO] Época 4/30, Batch 2500/3287, Loss: 0.0817
2025-10-09 18:59:41,353 [INFO] Época 4/30, Batch 2550/3287, Loss: 0.0730
2025-10-09 18:59:41,619 [INFO] Época 4/30, Batch 2600/3287, Loss: 0.0511
2025-10-09 18:59:41,884 [INFO] Época 4/30, Batch 2650/3287, Loss: 0.0793
2025-10-09 18:59:42,149 [INFO] Época 4/30, Batch 2700/3287, Loss: 0.0991
2025-10-09 18:59:42,414 [INFO] Época 4/30, Batch 2750/3287, Loss: 0.0453
2025-10-09 18:59:42,679 [INFO] Época 4/30, Batch 2800/3287, Loss: 0.0701
2025-10-09 18:59:42,944 [INFO] Época 4/30, Batch 2850/3287, Loss: 0.0915
2025-10-09 18:59:43,209 [INFO] Época 4/30, Batch 2900/3287, Loss: 0.0589
2025-10-09 18:59:43,477 [INFO] Época 4/30, Batch 2950/3287, Loss: 0.0690
2025-10-09 18:59:43,742 [INFO] Época 4/30, Batch 3000/3287, Loss: 0.0655
2025-10-09 18:59:44,008 [INFO] Época 4/30, Batch 3050/3287, Loss: 0.0900
2025-10-09 18:59:44,278 [INFO] Época 4/30, Batch 3100/3287, Loss: 0.0874
2025-10-09 18:59:44,545 [INFO] Época 4/30, Batch 3150/3287, Loss: 0.1055
2025-10-09 18:59:44,810 [INFO] Época 4/30, Batch 3200/3287, Loss: 0.0915
2025-10-09 18:59:45,075 [INFO] Época 4/30, Batch 3250/3287, Loss: 0.0849
2025-10-09 18:59:46,782 [INFO] [4/30] Train Loss: 0.0805 | Val Loss: 0.0744 | Tempo: 19.39s
2025-10-09 18:59:47,355 [INFO] Época 5/30, Batch 50/3287, Loss: 0.0825
2025-10-09 18:59:47,623 [INFO] Época 5/30, Batch 100/3287, Loss: 0.0783
2025-10-09 18:59:47,886 [INFO] Época 5/30, Batch 150/3287, Loss: 0.0813
2025-10-09 18:59:48,142 [INFO] Época 5/30, Batch 200/3287, Loss: 0.0782
2025-10-09 18:59:48,400 [INFO] Época 5/30, Batch 250/3287, Loss: 0.0825
2025-10-09 18:59:48,659 [INFO] Época 5/30, Batch 300/3287, Loss: 0.0611
2025-10-09 18:59:48,922 [INFO] Época 5/30, Batch 350/3287, Loss: 0.0713
2025-10-09 18:59:49,183 [INFO] Época 5/30, Batch 400/3287, Loss: 0.0821
2025-10-09 18:59:49,442 [INFO] Época 5/30, Batch 450/3287, Loss: 0.0738
2025-10-09 18:59:49,706 [INFO] Época 5/30, Batch 500/3287, Loss: 0.0676
2025-10-09 18:59:49,972 [INFO] Época 5/30, Batch 550/3287, Loss: 0.0647
2025-10-09 18:59:50,233 [INFO] Época 5/30, Batch 600/3287, Loss: 0.0446
2025-10-09 18:59:50,489 [INFO] Época 5/30, Batch 650/3287, Loss: 0.0772
2025-10-09 18:59:50,747 [INFO] Época 5/30, Batch 700/3287, Loss: 0.0630
2025-10-09 18:59:51,000 [INFO] Época 5/30, Batch 750/3287, Loss: 0.0696
2025-10-09 18:59:51,253 [INFO] Época 5/30, Batch 800/3287, Loss: 0.0520
2025-10-09 18:59:51,517 [INFO] Época 5/30, Batch 850/3287, Loss: 0.0878
2025-10-09 18:59:51,781 [INFO] Época 5/30, Batch 900/3287, Loss: 0.1534
2025-10-09 18:59:52,042 [INFO] Época 5/30, Batch 950/3287, Loss: 0.1027
2025-10-09 18:59:52,305 [INFO] Época 5/30, Batch 1000/3287, Loss: 0.0758
2025-10-09 18:59:52,569 [INFO] Época 5/30, Batch 1050/3287, Loss: 0.0734
2025-10-09 18:59:52,831 [INFO] Época 5/30, Batch 1100/3287, Loss: 0.0818
2025-10-09 18:59:53,088 [INFO] Época 5/30, Batch 1150/3287, Loss: 0.0684
2025-10-09 18:59:53,344 [INFO] Época 5/30, Batch 1200/3287, Loss: 0.0984
2025-10-09 18:59:53,609 [INFO] Época 5/30, Batch 1250/3287, Loss: 0.0707
2025-10-09 18:59:53,871 [INFO] Época 5/30, Batch 1300/3287, Loss: 0.0804
2025-10-09 18:59:54,136 [INFO] Época 5/30, Batch 1350/3287, Loss: 0.0845
2025-10-09 18:59:54,402 [INFO] Época 5/30, Batch 1400/3287, Loss: 0.0730
2025-10-09 18:59:54,666 [INFO] Época 5/30, Batch 1450/3287, Loss: 0.0617
2025-10-09 18:59:54,928 [INFO] Época 5/30, Batch 1500/3287, Loss: 0.0815
2025-10-09 18:59:55,194 [INFO] Época 5/30, Batch 1550/3287, Loss: 0.0755
2025-10-09 18:59:55,459 [INFO] Época 5/30, Batch 1600/3287, Loss: 0.0761
2025-10-09 18:59:55,724 [INFO] Época 5/30, Batch 1650/3287, Loss: 0.0707
2025-10-09 18:59:55,988 [INFO] Época 5/30, Batch 1700/3287, Loss: 0.0697
2025-10-09 18:59:56,251 [INFO] Época 5/30, Batch 1750/3287, Loss: 0.0519
2025-10-09 18:59:56,514 [INFO] Época 5/30, Batch 1800/3287, Loss: 0.0766
2025-10-09 18:59:56,777 [INFO] Época 5/30, Batch 1850/3287, Loss: 0.0896
2025-10-09 18:59:57,041 [INFO] Época 5/30, Batch 1900/3287, Loss: 0.1096
2025-10-09 18:59:57,306 [INFO] Época 5/30, Batch 1950/3287, Loss: 0.0856
2025-10-09 18:59:57,571 [INFO] Época 5/30, Batch 2000/3287, Loss: 0.0585
2025-10-09 18:59:57,835 [INFO] Época 5/30, Batch 2050/3287, Loss: 0.0767
2025-10-09 18:59:58,098 [INFO] Época 5/30, Batch 2100/3287, Loss: 0.0734
2025-10-09 18:59:58,363 [INFO] Época 5/30, Batch 2150/3287, Loss: 0.1125
2025-10-09 18:59:58,625 [INFO] Época 5/30, Batch 2200/3287, Loss: 0.0616
2025-10-09 18:59:58,888 [INFO] Época 5/30, Batch 2250/3287, Loss: 0.0600
2025-10-09 18:59:59,151 [INFO] Época 5/30, Batch 2300/3287, Loss: 0.0837
2025-10-09 18:59:59,416 [INFO] Época 5/30, Batch 2350/3287, Loss: 0.0957
2025-10-09 18:59:59,679 [INFO] Época 5/30, Batch 2400/3287, Loss: 0.0871
2025-10-09 18:59:59,938 [INFO] Época 5/30, Batch 2450/3287, Loss: 0.0840
2025-10-09 19:00:00,197 [INFO] Época 5/30, Batch 2500/3287, Loss: 0.0646
2025-10-09 19:00:00,461 [INFO] Época 5/30, Batch 2550/3287, Loss: 0.0629
2025-10-09 19:00:00,724 [INFO] Época 5/30, Batch 2600/3287, Loss: 0.0931
2025-10-09 19:00:00,993 [INFO] Época 5/30, Batch 2650/3287, Loss: 0.0644
2025-10-09 19:00:01,259 [INFO] Época 5/30, Batch 2700/3287, Loss: 0.0670
2025-10-09 19:00:01,522 [INFO] Época 5/30, Batch 2750/3287, Loss: 0.0587
2025-10-09 19:00:01,785 [INFO] Época 5/30, Batch 2800/3287, Loss: 0.0858
2025-10-09 19:00:02,048 [INFO] Época 5/30, Batch 2850/3287, Loss: 0.0781
2025-10-09 19:00:02,312 [INFO] Época 5/30, Batch 2900/3287, Loss: 0.0752
2025-10-09 19:00:02,576 [INFO] Época 5/30, Batch 2950/3287, Loss: 0.0556
2025-10-09 19:00:02,841 [INFO] Época 5/30, Batch 3000/3287, Loss: 0.0528
2025-10-09 19:00:03,107 [INFO] Época 5/30, Batch 3050/3287, Loss: 0.0876
2025-10-09 19:00:03,369 [INFO] Época 5/30, Batch 3100/3287, Loss: 0.0650
2025-10-09 19:00:03,640 [INFO] Época 5/30, Batch 3150/3287, Loss: 0.0612
2025-10-09 19:00:03,904 [INFO] Época 5/30, Batch 3200/3287, Loss: 0.0685
2025-10-09 19:00:04,172 [INFO] Época 5/30, Batch 3250/3287, Loss: 0.0576
2025-10-09 19:00:05,853 [INFO] [5/30] Train Loss: 0.0799 | Val Loss: 0.0710 | Tempo: 19.07s
2025-10-09 19:00:05,857 [INFO] Melhor modelo salvo em: /mnt/hdd/home/jdurao/ToolBox-ChemXAI/models/mlp_qm9_3D_att2_large.pth
2025-10-09 19:00:06,442 [INFO] Época 6/30, Batch 50/3287, Loss: 0.0532
2025-10-09 19:00:06,708 [INFO] Época 6/30, Batch 100/3287, Loss: 0.0851
2025-10-09 19:00:06,970 [INFO] Época 6/30, Batch 150/3287, Loss: 0.0732
2025-10-09 19:00:07,233 [INFO] Época 6/30, Batch 200/3287, Loss: 0.1053
2025-10-09 19:00:07,495 [INFO] Época 6/30, Batch 250/3287, Loss: 0.0682
2025-10-09 19:00:07,756 [INFO] Época 6/30, Batch 300/3287, Loss: 0.0880
2025-10-09 19:00:08,018 [INFO] Época 6/30, Batch 350/3287, Loss: 0.0822
2025-10-09 19:00:08,281 [INFO] Época 6/30, Batch 400/3287, Loss: 0.0676
2025-10-09 19:00:08,541 [INFO] Época 6/30, Batch 450/3287, Loss: 0.0622
2025-10-09 19:00:08,797 [INFO] Época 6/30, Batch 500/3287, Loss: 0.0804
2025-10-09 19:00:09,055 [INFO] Época 6/30, Batch 550/3287, Loss: 0.0856
2025-10-09 19:00:09,315 [INFO] Época 6/30, Batch 600/3287, Loss: 0.0949
2025-10-09 19:00:09,581 [INFO] Época 6/30, Batch 650/3287, Loss: 0.0788
2025-10-09 19:00:09,845 [INFO] Época 6/30, Batch 700/3287, Loss: 0.0552
2025-10-09 19:00:10,099 [INFO] Época 6/30, Batch 750/3287, Loss: 0.0586
2025-10-09 19:00:10,358 [INFO] Época 6/30, Batch 800/3287, Loss: 0.0783
2025-10-09 19:00:10,619 [INFO] Época 6/30, Batch 850/3287, Loss: 0.0832
2025-10-09 19:00:10,881 [INFO] Época 6/30, Batch 900/3287, Loss: 0.0887
2025-10-09 19:00:11,136 [INFO] Época 6/30, Batch 950/3287, Loss: 0.0599
2025-10-09 19:00:11,388 [INFO] Época 6/30, Batch 1000/3287, Loss: 0.0854
2025-10-09 19:00:11,640 [INFO] Época 6/30, Batch 1050/3287, Loss: 0.0940
2025-10-09 19:00:11,893 [INFO] Época 6/30, Batch 1100/3287, Loss: 0.0677
2025-10-09 19:00:12,144 [INFO] Época 6/30, Batch 1150/3287, Loss: 0.0802
2025-10-09 19:00:12,395 [INFO] Época 6/30, Batch 1200/3287, Loss: 0.0701
2025-10-09 19:00:12,650 [INFO] Época 6/30, Batch 1250/3287, Loss: 0.0771
2025-10-09 19:00:12,904 [INFO] Época 6/30, Batch 1300/3287, Loss: 0.0943
2025-10-09 19:00:13,159 [INFO] Época 6/30, Batch 1350/3287, Loss: 0.0854
2025-10-09 19:00:13,417 [INFO] Época 6/30, Batch 1400/3287, Loss: 0.0702
2025-10-09 19:00:13,674 [INFO] Época 6/30, Batch 1450/3287, Loss: 0.0673
2025-10-09 19:00:13,925 [INFO] Época 6/30, Batch 1500/3287, Loss: 0.0596
2025-10-09 19:00:14,177 [INFO] Época 6/30, Batch 1550/3287, Loss: 0.0677
2025-10-09 19:00:14,429 [INFO] Época 6/30, Batch 1600/3287, Loss: 0.0768
2025-10-09 19:00:14,680 [INFO] Época 6/30, Batch 1650/3287, Loss: 0.0824
2025-10-09 19:00:14,933 [INFO] Época 6/30, Batch 1700/3287, Loss: 0.0528
2025-10-09 19:00:15,185 [INFO] Época 6/30, Batch 1750/3287, Loss: 0.0777
2025-10-09 19:00:15,436 [INFO] Época 6/30, Batch 1800/3287, Loss: 0.0953
2025-10-09 19:00:15,690 [INFO] Época 6/30, Batch 1850/3287, Loss: 0.0610
2025-10-09 19:00:15,942 [INFO] Época 6/30, Batch 1900/3287, Loss: 0.0594
2025-10-09 19:00:16,194 [INFO] Época 6/30, Batch 1950/3287, Loss: 0.0416
2025-10-09 19:00:16,447 [INFO] Época 6/30, Batch 2000/3287, Loss: 0.0721
2025-10-09 19:00:16,699 [INFO] Época 6/30, Batch 2050/3287, Loss: 0.0848
2025-10-09 19:00:16,951 [INFO] Época 6/30, Batch 2100/3287, Loss: 0.0706
2025-10-09 19:00:17,204 [INFO] Época 6/30, Batch 2150/3287, Loss: 0.0786
2025-10-09 19:00:17,459 [INFO] Época 6/30, Batch 2200/3287, Loss: 0.0838
2025-10-09 19:00:17,714 [INFO] Época 6/30, Batch 2250/3287, Loss: 0.0635
2025-10-09 19:00:17,971 [INFO] Época 6/30, Batch 2300/3287, Loss: 0.0751
2025-10-09 19:00:18,228 [INFO] Época 6/30, Batch 2350/3287, Loss: 0.0819
2025-10-09 19:00:18,485 [INFO] Época 6/30, Batch 2400/3287, Loss: 0.0726
2025-10-09 19:00:18,743 [INFO] Época 6/30, Batch 2450/3287, Loss: 0.0601
2025-10-09 19:00:18,999 [INFO] Época 6/30, Batch 2500/3287, Loss: 0.0814
2025-10-09 19:00:19,255 [INFO] Época 6/30, Batch 2550/3287, Loss: 0.0446
2025-10-09 19:00:19,510 [INFO] Época 6/30, Batch 2600/3287, Loss: 0.0694
2025-10-09 19:00:19,763 [INFO] Época 6/30, Batch 2650/3287, Loss: 0.0766
2025-10-09 19:00:20,016 [INFO] Época 6/30, Batch 2700/3287, Loss: 0.0770
2025-10-09 19:00:20,270 [INFO] Época 6/30, Batch 2750/3287, Loss: 0.0756
2025-10-09 19:00:20,524 [INFO] Época 6/30, Batch 2800/3287, Loss: 0.0808
2025-10-09 19:00:20,776 [INFO] Época 6/30, Batch 2850/3287, Loss: 0.0741
2025-10-09 19:00:21,029 [INFO] Época 6/30, Batch 2900/3287, Loss: 0.0436
2025-10-09 19:00:21,282 [INFO] Época 6/30, Batch 2950/3287, Loss: 0.0580
2025-10-09 19:00:21,534 [INFO] Época 6/30, Batch 3000/3287, Loss: 0.0659
2025-10-09 19:00:21,787 [INFO] Época 6/30, Batch 3050/3287, Loss: 0.0592
2025-10-09 19:00:22,040 [INFO] Época 6/30, Batch 3100/3287, Loss: 0.0553
2025-10-09 19:00:22,292 [INFO] Época 6/30, Batch 3150/3287, Loss: 0.0652
2025-10-09 19:00:22,547 [INFO] Época 6/30, Batch 3200/3287, Loss: 0.0581
2025-10-09 19:00:22,799 [INFO] Época 6/30, Batch 3250/3287, Loss: 0.0732
2025-10-09 19:00:24,504 [INFO] [6/30] Train Loss: 0.0796 | Val Loss: 0.0741 | Tempo: 18.65s
2025-10-09 19:00:25,088 [INFO] Época 7/30, Batch 50/3287, Loss: 0.0707
2025-10-09 19:00:25,347 [INFO] Época 7/30, Batch 100/3287, Loss: 0.0912
2025-10-09 19:00:25,605 [INFO] Época 7/30, Batch 150/3287, Loss: 0.0619
2025-10-09 19:00:25,864 [INFO] Época 7/30, Batch 200/3287, Loss: 0.0468
2025-10-09 19:00:26,121 [INFO] Época 7/30, Batch 250/3287, Loss: 0.0854
2025-10-09 19:00:26,377 [INFO] Época 7/30, Batch 300/3287, Loss: 0.0441
2025-10-09 19:00:26,633 [INFO] Época 7/30, Batch 350/3287, Loss: 0.0964
2025-10-09 19:00:26,889 [INFO] Época 7/30, Batch 400/3287, Loss: 0.0621
2025-10-09 19:00:27,145 [INFO] Época 7/30, Batch 450/3287, Loss: 0.0469
2025-10-09 19:00:27,402 [INFO] Época 7/30, Batch 500/3287, Loss: 0.0557
2025-10-09 19:00:27,660 [INFO] Época 7/30, Batch 550/3287, Loss: 0.0669
2025-10-09 19:00:27,916 [INFO] Época 7/30, Batch 600/3287, Loss: 0.0531
2025-10-09 19:00:28,171 [INFO] Época 7/30, Batch 650/3287, Loss: 0.0712
2025-10-09 19:00:28,427 [INFO] Época 7/30, Batch 700/3287, Loss: 0.0655
2025-10-09 19:00:28,678 [INFO] Época 7/30, Batch 750/3287, Loss: 0.0739
2025-10-09 19:00:28,926 [INFO] Época 7/30, Batch 800/3287, Loss: 0.0792
2025-10-09 19:00:29,171 [INFO] Época 7/30, Batch 850/3287, Loss: 0.0694
2025-10-09 19:00:29,419 [INFO] Época 7/30, Batch 900/3287, Loss: 0.0719
2025-10-09 19:00:29,666 [INFO] Época 7/30, Batch 950/3287, Loss: 0.0838
2025-10-09 19:00:29,925 [INFO] Época 7/30, Batch 1000/3287, Loss: 0.1007
2025-10-09 19:00:30,184 [INFO] Época 7/30, Batch 1050/3287, Loss: 0.0803
2025-10-09 19:00:30,441 [INFO] Época 7/30, Batch 1100/3287, Loss: 0.0643
2025-10-09 19:00:30,700 [INFO] Época 7/30, Batch 1150/3287, Loss: 0.0711
2025-10-09 19:00:30,959 [INFO] Época 7/30, Batch 1200/3287, Loss: 0.0555
2025-10-09 19:00:31,218 [INFO] Época 7/30, Batch 1250/3287, Loss: 0.0817
2025-10-09 19:00:31,476 [INFO] Época 7/30, Batch 1300/3287, Loss: 0.0760
2025-10-09 19:00:31,736 [INFO] Época 7/30, Batch 1350/3287, Loss: 0.0535
2025-10-09 19:00:31,995 [INFO] Época 7/30, Batch 1400/3287, Loss: 0.0677
2025-10-09 19:00:32,255 [INFO] Época 7/30, Batch 1450/3287, Loss: 0.0741
2025-10-09 19:00:32,515 [INFO] Época 7/30, Batch 1500/3287, Loss: 0.1001
2025-10-09 19:00:32,772 [INFO] Época 7/30, Batch 1550/3287, Loss: 0.1052
2025-10-09 19:00:33,029 [INFO] Época 7/30, Batch 1600/3287, Loss: 0.0587
2025-10-09 19:00:33,289 [INFO] Época 7/30, Batch 1650/3287, Loss: 0.0807
2025-10-09 19:00:33,545 [INFO] Época 7/30, Batch 1700/3287, Loss: 0.1004
2025-10-09 19:00:33,801 [INFO] Época 7/30, Batch 1750/3287, Loss: 0.0884
2025-10-09 19:00:34,057 [INFO] Época 7/30, Batch 1800/3287, Loss: 0.0979
2025-10-09 19:00:34,312 [INFO] Época 7/30, Batch 1850/3287, Loss: 0.0882
2025-10-09 19:00:34,570 [INFO] Época 7/30, Batch 1900/3287, Loss: 0.0952
2025-10-09 19:00:34,831 [INFO] Época 7/30, Batch 1950/3287, Loss: 0.0717
2025-10-09 19:00:35,089 [INFO] Época 7/30, Batch 2000/3287, Loss: 0.0766
2025-10-09 19:00:35,345 [INFO] Época 7/30, Batch 2050/3287, Loss: 0.0689
2025-10-09 19:00:35,605 [INFO] Época 7/30, Batch 2100/3287, Loss: 0.0449
2025-10-09 19:00:35,860 [INFO] Época 7/30, Batch 2150/3287, Loss: 0.0959
2025-10-09 19:00:36,114 [INFO] Época 7/30, Batch 2200/3287, Loss: 0.0765
2025-10-09 19:00:36,367 [INFO] Época 7/30, Batch 2250/3287, Loss: 0.0815
2025-10-09 19:00:36,623 [INFO] Época 7/30, Batch 2300/3287, Loss: 0.0852
2025-10-09 19:00:36,880 [INFO] Época 7/30, Batch 2350/3287, Loss: 0.0644
2025-10-09 19:00:37,134 [INFO] Época 7/30, Batch 2400/3287, Loss: 0.0590
2025-10-09 19:00:37,390 [INFO] Época 7/30, Batch 2450/3287, Loss: 0.0839
2025-10-09 19:00:37,651 [INFO] Época 7/30, Batch 2500/3287, Loss: 0.0830
2025-10-09 19:00:37,911 [INFO] Época 7/30, Batch 2550/3287, Loss: 0.0657
2025-10-09 19:00:38,171 [INFO] Época 7/30, Batch 2600/3287, Loss: 0.0669
2025-10-09 19:00:38,432 [INFO] Época 7/30, Batch 2650/3287, Loss: 0.0964
2025-10-09 19:00:38,693 [INFO] Época 7/30, Batch 2700/3287, Loss: 0.0621
2025-10-09 19:00:38,965 [INFO] Época 7/30, Batch 2750/3287, Loss: 0.0831
2025-10-09 19:00:39,235 [INFO] Época 7/30, Batch 2800/3287, Loss: 0.0960
2025-10-09 19:00:39,505 [INFO] Época 7/30, Batch 2850/3287, Loss: 0.0929
2025-10-09 19:00:39,769 [INFO] Época 7/30, Batch 2900/3287, Loss: 0.0824
2025-10-09 19:00:40,027 [INFO] Época 7/30, Batch 2950/3287, Loss: 0.0673
2025-10-09 19:00:40,286 [INFO] Época 7/30, Batch 3000/3287, Loss: 0.1016
2025-10-09 19:00:40,546 [INFO] Época 7/30, Batch 3050/3287, Loss: 0.0741
2025-10-09 19:00:40,805 [INFO] Época 7/30, Batch 3100/3287, Loss: 0.0824
2025-10-09 19:00:41,064 [INFO] Época 7/30, Batch 3150/3287, Loss: 0.0698
2025-10-09 19:00:41,325 [INFO] Época 7/30, Batch 3200/3287, Loss: 0.0467
2025-10-09 19:00:41,587 [INFO] Época 7/30, Batch 3250/3287, Loss: 0.0559
2025-10-09 19:00:43,402 [INFO] [7/30] Train Loss: 0.0794 | Val Loss: 0.0733 | Tempo: 18.90s
2025-10-09 19:00:44,001 [INFO] Época 8/30, Batch 50/3287, Loss: 0.0822
2025-10-09 19:00:44,272 [INFO] Época 8/30, Batch 100/3287, Loss: 0.0595
2025-10-09 19:00:44,539 [INFO] Época 8/30, Batch 150/3287, Loss: 0.0941
2025-10-09 19:00:44,804 [INFO] Época 8/30, Batch 200/3287, Loss: 0.0828
2025-10-09 19:00:45,067 [INFO] Época 8/30, Batch 250/3287, Loss: 0.0638
2025-10-09 19:00:45,333 [INFO] Época 8/30, Batch 300/3287, Loss: 0.0735
2025-10-09 19:00:45,595 [INFO] Época 8/30, Batch 350/3287, Loss: 0.0780
2025-10-09 19:00:45,854 [INFO] Época 8/30, Batch 400/3287, Loss: 0.0866
2025-10-09 19:00:46,119 [INFO] Época 8/30, Batch 450/3287, Loss: 0.0680
2025-10-09 19:00:46,381 [INFO] Época 8/30, Batch 500/3287, Loss: 0.0676
2025-10-09 19:00:46,644 [INFO] Época 8/30, Batch 550/3287, Loss: 0.0845
2025-10-09 19:00:46,905 [INFO] Época 8/30, Batch 600/3287, Loss: 0.0819
2025-10-09 19:00:47,167 [INFO] Época 8/30, Batch 650/3287, Loss: 0.0903
2025-10-09 19:00:47,427 [INFO] Época 8/30, Batch 700/3287, Loss: 0.0610
2025-10-09 19:00:47,689 [INFO] Época 8/30, Batch 750/3287, Loss: 0.0630
2025-10-09 19:00:47,950 [INFO] Época 8/30, Batch 800/3287, Loss: 0.0911
2025-10-09 19:00:48,212 [INFO] Época 8/30, Batch 850/3287, Loss: 0.0945
2025-10-09 19:00:48,472 [INFO] Época 8/30, Batch 900/3287, Loss: 0.1007
2025-10-09 19:00:48,722 [INFO] Época 8/30, Batch 950/3287, Loss: 0.0983
2025-10-09 19:00:48,973 [INFO] Época 8/30, Batch 1000/3287, Loss: 0.0805
2025-10-09 19:00:49,223 [INFO] Época 8/30, Batch 1050/3287, Loss: 0.0714
2025-10-09 19:00:49,472 [INFO] Época 8/30, Batch 1100/3287, Loss: 0.0672
2025-10-09 19:00:49,722 [INFO] Época 8/30, Batch 1150/3287, Loss: 0.0621
2025-10-09 19:00:49,974 [INFO] Época 8/30, Batch 1200/3287, Loss: 0.0887
2025-10-09 19:00:50,222 [INFO] Época 8/30, Batch 1250/3287, Loss: 0.0750
2025-10-09 19:00:50,474 [INFO] Época 8/30, Batch 1300/3287, Loss: 0.1134
2025-10-09 19:00:50,733 [INFO] Época 8/30, Batch 1350/3287, Loss: 0.0597
2025-10-09 19:00:50,989 [INFO] Época 8/30, Batch 1400/3287, Loss: 0.0843
2025-10-09 19:00:51,248 [INFO] Época 8/30, Batch 1450/3287, Loss: 0.0857
2025-10-09 19:00:51,506 [INFO] Época 8/30, Batch 1500/3287, Loss: 0.1173
2025-10-09 19:00:51,770 [INFO] Época 8/30, Batch 1550/3287, Loss: 0.0758
2025-10-09 19:00:52,036 [INFO] Época 8/30, Batch 1600/3287, Loss: 7.1744
2025-10-09 19:00:52,303 [INFO] Época 8/30, Batch 1650/3287, Loss: 0.0593
2025-10-09 19:00:52,569 [INFO] Época 8/30, Batch 1700/3287, Loss: 0.0709
2025-10-09 19:00:52,838 [INFO] Época 8/30, Batch 1750/3287, Loss: 0.0673
2025-10-09 19:00:53,106 [INFO] Época 8/30, Batch 1800/3287, Loss: 0.0858
2025-10-09 19:00:53,372 [INFO] Época 8/30, Batch 1850/3287, Loss: 0.0645
2025-10-09 19:00:53,634 [INFO] Época 8/30, Batch 1900/3287, Loss: 0.0629
2025-10-09 19:00:53,895 [INFO] Época 8/30, Batch 1950/3287, Loss: 0.0817
2025-10-09 19:00:54,156 [INFO] Época 8/30, Batch 2000/3287, Loss: 0.0779
2025-10-09 19:00:54,419 [INFO] Época 8/30, Batch 2050/3287, Loss: 0.0737
2025-10-09 19:00:54,679 [INFO] Época 8/30, Batch 2100/3287, Loss: 0.0396
2025-10-09 19:00:54,941 [INFO] Época 8/30, Batch 2150/3287, Loss: 0.0645
2025-10-09 19:00:55,201 [INFO] Época 8/30, Batch 2200/3287, Loss: 0.0562
2025-10-09 19:00:55,461 [INFO] Época 8/30, Batch 2250/3287, Loss: 0.0958
2025-10-09 19:00:55,729 [INFO] Época 8/30, Batch 2300/3287, Loss: 0.1024
2025-10-09 19:00:55,994 [INFO] Época 8/30, Batch 2350/3287, Loss: 0.1060
2025-10-09 19:00:56,262 [INFO] Época 8/30, Batch 2400/3287, Loss: 0.0695
2025-10-09 19:00:56,531 [INFO] Época 8/30, Batch 2450/3287, Loss: 0.0784
2025-10-09 19:00:56,801 [INFO] Época 8/30, Batch 2500/3287, Loss: 0.0689
2025-10-09 19:00:57,071 [INFO] Época 8/30, Batch 2550/3287, Loss: 0.0629
2025-10-09 19:00:57,343 [INFO] Época 8/30, Batch 2600/3287, Loss: 0.0776
2025-10-09 19:00:57,608 [INFO] Época 8/30, Batch 2650/3287, Loss: 0.0512
2025-10-09 19:00:57,875 [INFO] Época 8/30, Batch 2700/3287, Loss: 0.0899
2025-10-09 19:00:58,141 [INFO] Época 8/30, Batch 2750/3287, Loss: 0.0832
2025-10-09 19:00:58,403 [INFO] Época 8/30, Batch 2800/3287, Loss: 0.0630
2025-10-09 19:00:58,663 [INFO] Época 8/30, Batch 2850/3287, Loss: 0.0724
2025-10-09 19:00:58,922 [INFO] Época 8/30, Batch 2900/3287, Loss: 0.0833
2025-10-09 19:00:59,181 [INFO] Época 8/30, Batch 2950/3287, Loss: 0.0762
2025-10-09 19:00:59,441 [INFO] Época 8/30, Batch 3000/3287, Loss: 0.0542
2025-10-09 19:00:59,700 [INFO] Época 8/30, Batch 3050/3287, Loss: 0.0584
2025-10-09 19:00:59,962 [INFO] Época 8/30, Batch 3100/3287, Loss: 0.0748
2025-10-09 19:01:00,221 [INFO] Época 8/30, Batch 3150/3287, Loss: 0.1178
2025-10-09 19:01:00,486 [INFO] Época 8/30, Batch 3200/3287, Loss: 0.0474
2025-10-09 19:01:00,751 [INFO] Época 8/30, Batch 3250/3287, Loss: 0.0834
2025-10-09 19:01:02,529 [INFO] [8/30] Train Loss: 0.0794 | Val Loss: 0.0697 | Tempo: 19.13s
2025-10-09 19:01:02,533 [INFO] Melhor modelo salvo em: /mnt/hdd/home/jdurao/ToolBox-ChemXAI/models/mlp_qm9_3D_att2_large.pth
2025-10-09 19:01:03,133 [INFO] Época 9/30, Batch 50/3287, Loss: 0.0627
2025-10-09 19:01:03,405 [INFO] Época 9/30, Batch 100/3287, Loss: 0.0749
2025-10-09 19:01:03,675 [INFO] Época 9/30, Batch 150/3287, Loss: 0.0686
2025-10-09 19:01:03,935 [INFO] Época 9/30, Batch 200/3287, Loss: 0.0705
2025-10-09 19:01:04,192 [INFO] Época 9/30, Batch 250/3287, Loss: 0.1031
2025-10-09 19:01:04,452 [INFO] Época 9/30, Batch 300/3287, Loss: 0.1033
2025-10-09 19:01:04,712 [INFO] Época 9/30, Batch 350/3287, Loss: 0.0469
2025-10-09 19:01:04,968 [INFO] Época 9/30, Batch 400/3287, Loss: 0.0724
2025-10-09 19:01:05,226 [INFO] Época 9/30, Batch 450/3287, Loss: 0.0513
2025-10-09 19:01:05,482 [INFO] Época 9/30, Batch 500/3287, Loss: 3.9481
2025-10-09 19:01:05,739 [INFO] Época 9/30, Batch 550/3287, Loss: 0.0899
2025-10-09 19:01:05,996 [INFO] Época 9/30, Batch 600/3287, Loss: 0.0979
2025-10-09 19:01:06,253 [INFO] Época 9/30, Batch 650/3287, Loss: 0.0652
2025-10-09 19:01:06,512 [INFO] Época 9/30, Batch 700/3287, Loss: 0.0731
2025-10-09 19:01:06,770 [INFO] Época 9/30, Batch 750/3287, Loss: 0.0725
2025-10-09 19:01:07,028 [INFO] Época 9/30, Batch 800/3287, Loss: 0.0725
2025-10-09 19:01:07,286 [INFO] Época 9/30, Batch 850/3287, Loss: 0.0836
2025-10-09 19:01:07,545 [INFO] Época 9/30, Batch 900/3287, Loss: 0.0877
2025-10-09 19:01:07,805 [INFO] Época 9/30, Batch 950/3287, Loss: 0.1128
2025-10-09 19:01:08,072 [INFO] Época 9/30, Batch 1000/3287, Loss: 0.0703
2025-10-09 19:01:08,337 [INFO] Época 9/30, Batch 1050/3287, Loss: 0.0790
2025-10-09 19:01:08,606 [INFO] Época 9/30, Batch 1100/3287, Loss: 0.1449
2025-10-09 19:01:08,865 [INFO] Época 9/30, Batch 1150/3287, Loss: 0.0873
2025-10-09 19:01:09,122 [INFO] Época 9/30, Batch 1200/3287, Loss: 0.0608
2025-10-09 19:01:09,380 [INFO] Época 9/30, Batch 1250/3287, Loss: 0.0643
2025-10-09 19:01:09,636 [INFO] Época 9/30, Batch 1300/3287, Loss: 0.0784
2025-10-09 19:01:09,896 [INFO] Época 9/30, Batch 1350/3287, Loss: 0.0956
2025-10-09 19:01:10,153 [INFO] Época 9/30, Batch 1400/3287, Loss: 0.0732
2025-10-09 19:01:10,411 [INFO] Época 9/30, Batch 1450/3287, Loss: 0.0802
2025-10-09 19:01:10,670 [INFO] Época 9/30, Batch 1500/3287, Loss: 0.0632
2025-10-09 19:01:10,929 [INFO] Época 9/30, Batch 1550/3287, Loss: 0.0703
2025-10-09 19:01:11,189 [INFO] Época 9/30, Batch 1600/3287, Loss: 0.0739
2025-10-09 19:01:11,449 [INFO] Época 9/30, Batch 1650/3287, Loss: 0.1281
2025-10-09 19:01:11,714 [INFO] Época 9/30, Batch 1700/3287, Loss: 0.1020
2025-10-09 19:01:11,980 [INFO] Época 9/30, Batch 1750/3287, Loss: 0.0672
2025-10-09 19:01:12,248 [INFO] Época 9/30, Batch 1800/3287, Loss: 0.0767
2025-10-09 19:01:12,513 [INFO] Época 9/30, Batch 1850/3287, Loss: 0.0680
2025-10-09 19:01:12,780 [INFO] Época 9/30, Batch 1900/3287, Loss: 0.0966
2025-10-09 19:01:13,047 [INFO] Época 9/30, Batch 1950/3287, Loss: 0.0650
2025-10-09 19:01:13,311 [INFO] Época 9/30, Batch 2000/3287, Loss: 0.0761
2025-10-09 19:01:13,570 [INFO] Época 9/30, Batch 2050/3287, Loss: 0.0856
2025-10-09 19:01:13,839 [INFO] Época 9/30, Batch 2100/3287, Loss: 0.0586
2025-10-09 19:01:14,104 [INFO] Época 9/30, Batch 2150/3287, Loss: 0.0782
2025-10-09 19:01:14,373 [INFO] Época 9/30, Batch 2200/3287, Loss: 0.0589
2025-10-09 19:01:14,638 [INFO] Época 9/30, Batch 2250/3287, Loss: 0.0817
2025-10-09 19:01:14,905 [INFO] Época 9/30, Batch 2300/3287, Loss: 0.0621
2025-10-09 19:01:15,175 [INFO] Época 9/30, Batch 2350/3287, Loss: 0.0677
2025-10-09 19:01:15,439 [INFO] Época 9/30, Batch 2400/3287, Loss: 0.0546
2025-10-09 19:01:15,702 [INFO] Época 9/30, Batch 2450/3287, Loss: 0.0831
2025-10-09 19:01:15,967 [INFO] Época 9/30, Batch 2500/3287, Loss: 0.1014
2025-10-09 19:01:16,231 [INFO] Época 9/30, Batch 2550/3287, Loss: 0.0697
2025-10-09 19:01:16,496 [INFO] Época 9/30, Batch 2600/3287, Loss: 0.0792
2025-10-09 19:01:16,762 [INFO] Época 9/30, Batch 2650/3287, Loss: 0.0787
2025-10-09 19:01:17,026 [INFO] Época 9/30, Batch 2700/3287, Loss: 0.0918
2025-10-09 19:01:17,290 [INFO] Época 9/30, Batch 2750/3287, Loss: 0.0797
2025-10-09 19:01:17,558 [INFO] Época 9/30, Batch 2800/3287, Loss: 0.0801
2025-10-09 19:01:17,815 [INFO] Época 9/30, Batch 2850/3287, Loss: 0.0851
2025-10-09 19:01:18,071 [INFO] Época 9/30, Batch 2900/3287, Loss: 0.0688
2025-10-09 19:01:18,327 [INFO] Época 9/30, Batch 2950/3287, Loss: 0.0650
2025-10-09 19:01:18,585 [INFO] Época 9/30, Batch 3000/3287, Loss: 0.0680
2025-10-09 19:01:18,840 [INFO] Época 9/30, Batch 3050/3287, Loss: 0.0815
2025-10-09 19:01:19,096 [INFO] Época 9/30, Batch 3100/3287, Loss: 0.0797
2025-10-09 19:01:19,355 [INFO] Época 9/30, Batch 3150/3287, Loss: 0.0811
2025-10-09 19:01:19,611 [INFO] Época 9/30, Batch 3200/3287, Loss: 0.0688
2025-10-09 19:01:19,867 [INFO] Época 9/30, Batch 3250/3287, Loss: 0.0691
2025-10-09 19:01:21,568 [INFO] [9/30] Train Loss: 0.0790 | Val Loss: 0.0704 | Tempo: 19.03s
2025-10-09 19:01:22,136 [INFO] Época 10/30, Batch 50/3287, Loss: 0.0693
2025-10-09 19:01:22,402 [INFO] Época 10/30, Batch 100/3287, Loss: 0.0778
2025-10-09 19:01:22,663 [INFO] Época 10/30, Batch 150/3287, Loss: 0.0524
2025-10-09 19:01:22,931 [INFO] Época 10/30, Batch 200/3287, Loss: 0.0677
2025-10-09 19:01:23,196 [INFO] Época 10/30, Batch 250/3287, Loss: 0.0569
2025-10-09 19:01:23,457 [INFO] Época 10/30, Batch 300/3287, Loss: 0.0633
2025-10-09 19:01:23,716 [INFO] Época 10/30, Batch 350/3287, Loss: 0.0713
2025-10-09 19:01:23,975 [INFO] Época 10/30, Batch 400/3287, Loss: 0.0652
2025-10-09 19:01:24,235 [INFO] Época 10/30, Batch 450/3287, Loss: 0.0574
2025-10-09 19:01:24,494 [INFO] Época 10/30, Batch 500/3287, Loss: 0.0754
2025-10-09 19:01:24,754 [INFO] Época 10/30, Batch 550/3287, Loss: 0.0582
2025-10-09 19:01:25,014 [INFO] Época 10/30, Batch 600/3287, Loss: 0.0750
2025-10-09 19:01:25,275 [INFO] Época 10/30, Batch 650/3287, Loss: 0.0660
2025-10-09 19:01:25,532 [INFO] Época 10/30, Batch 700/3287, Loss: 0.0820
2025-10-09 19:01:25,781 [INFO] Época 10/30, Batch 750/3287, Loss: 0.0838
2025-10-09 19:01:26,027 [INFO] Época 10/30, Batch 800/3287, Loss: 0.0719
2025-10-09 19:01:26,271 [INFO] Época 10/30, Batch 850/3287, Loss: 0.0787
2025-10-09 19:01:26,515 [INFO] Época 10/30, Batch 900/3287, Loss: 0.0627
2025-10-09 19:01:26,759 [INFO] Época 10/30, Batch 950/3287, Loss: 0.0827
2025-10-09 19:01:27,004 [INFO] Época 10/30, Batch 1000/3287, Loss: 0.0777
2025-10-09 19:01:27,248 [INFO] Época 10/30, Batch 1050/3287, Loss: 0.0877
2025-10-09 19:01:27,494 [INFO] Época 10/30, Batch 1100/3287, Loss: 0.0668
2025-10-09 19:01:27,745 [INFO] Época 10/30, Batch 1150/3287, Loss: 0.0866
2025-10-09 19:01:28,005 [INFO] Época 10/30, Batch 1200/3287, Loss: 0.0709
2025-10-09 19:01:28,264 [INFO] Época 10/30, Batch 1250/3287, Loss: 0.0706
2025-10-09 19:01:28,521 [INFO] Época 10/30, Batch 1300/3287, Loss: 0.0770
2025-10-09 19:01:28,781 [INFO] Época 10/30, Batch 1350/3287, Loss: 0.0675
2025-10-09 19:01:29,040 [INFO] Época 10/30, Batch 1400/3287, Loss: 0.0666
2025-10-09 19:01:29,297 [INFO] Época 10/30, Batch 1450/3287, Loss: 0.1542
2025-10-09 19:01:29,557 [INFO] Época 10/30, Batch 1500/3287, Loss: 0.0628
2025-10-09 19:01:29,820 [INFO] Época 10/30, Batch 1550/3287, Loss: 0.0678
2025-10-09 19:01:30,086 [INFO] Época 10/30, Batch 1600/3287, Loss: 0.0546
2025-10-09 19:01:30,352 [INFO] Época 10/30, Batch 1650/3287, Loss: 0.0556
2025-10-09 19:01:30,610 [INFO] Época 10/30, Batch 1700/3287, Loss: 0.0767
2025-10-09 19:01:30,869 [INFO] Época 10/30, Batch 1750/3287, Loss: 0.0837
2025-10-09 19:01:31,127 [INFO] Época 10/30, Batch 1800/3287, Loss: 0.0694
2025-10-09 19:01:31,388 [INFO] Época 10/30, Batch 1850/3287, Loss: 0.1196
2025-10-09 19:01:31,647 [INFO] Época 10/30, Batch 1900/3287, Loss: 0.0875
2025-10-09 19:01:31,906 [INFO] Época 10/30, Batch 1950/3287, Loss: 0.0905
2025-10-09 19:01:32,166 [INFO] Época 10/30, Batch 2000/3287, Loss: 0.0610
2025-10-09 19:01:32,426 [INFO] Época 10/30, Batch 2050/3287, Loss: 0.0765
2025-10-09 19:01:32,684 [INFO] Época 10/30, Batch 2100/3287, Loss: 0.0596
2025-10-09 19:01:32,945 [INFO] Época 10/30, Batch 2150/3287, Loss: 0.0585
2025-10-09 19:01:33,204 [INFO] Época 10/30, Batch 2200/3287, Loss: 0.0881
2025-10-09 19:01:33,465 [INFO] Época 10/30, Batch 2250/3287, Loss: 0.0780
2025-10-09 19:01:33,727 [INFO] Época 10/30, Batch 2300/3287, Loss: 0.0786
2025-10-09 19:01:33,989 [INFO] Época 10/30, Batch 2350/3287, Loss: 0.0656
2025-10-09 19:01:34,252 [INFO] Época 10/30, Batch 2400/3287, Loss: 0.0742
2025-10-09 19:01:34,514 [INFO] Época 10/30, Batch 2450/3287, Loss: 0.0623
2025-10-09 19:01:34,774 [INFO] Época 10/30, Batch 2500/3287, Loss: 0.0777
2025-10-09 19:01:35,037 [INFO] Época 10/30, Batch 2550/3287, Loss: 0.0621
2025-10-09 19:01:35,303 [INFO] Época 10/30, Batch 2600/3287, Loss: 0.0820
2025-10-09 19:01:35,567 [INFO] Época 10/30, Batch 2650/3287, Loss: 0.0808
2025-10-09 19:01:35,833 [INFO] Época 10/30, Batch 2700/3287, Loss: 0.0584
2025-10-09 19:01:36,101 [INFO] Época 10/30, Batch 2750/3287, Loss: 0.0547
2025-10-09 19:01:36,368 [INFO] Época 10/30, Batch 2800/3287, Loss: 0.0774
2025-10-09 19:01:36,634 [INFO] Época 10/30, Batch 2850/3287, Loss: 0.0691
2025-10-09 19:01:36,899 [INFO] Época 10/30, Batch 2900/3287, Loss: 0.0681
2025-10-09 19:01:37,161 [INFO] Época 10/30, Batch 2950/3287, Loss: 0.0700
2025-10-09 19:01:37,421 [INFO] Época 10/30, Batch 3000/3287, Loss: 0.0706
2025-10-09 19:01:37,680 [INFO] Época 10/30, Batch 3050/3287, Loss: 0.0840
2025-10-09 19:01:37,939 [INFO] Época 10/30, Batch 3100/3287, Loss: 0.0803
2025-10-09 19:01:38,200 [INFO] Época 10/30, Batch 3150/3287, Loss: 0.0782
2025-10-09 19:01:38,460 [INFO] Época 10/30, Batch 3200/3287, Loss: 0.0530
2025-10-09 19:01:38,720 [INFO] Época 10/30, Batch 3250/3287, Loss: 0.0738
2025-10-09 19:01:40,394 [INFO] [10/30] Train Loss: 0.0789 | Val Loss: 0.0734 | Tempo: 18.83s
2025-10-09 19:01:40,982 [INFO] Época 11/30, Batch 50/3287, Loss: 0.1104
2025-10-09 19:01:41,249 [INFO] Época 11/30, Batch 100/3287, Loss: 0.0800
2025-10-09 19:01:41,513 [INFO] Época 11/30, Batch 150/3287, Loss: 0.0791
2025-10-09 19:01:41,777 [INFO] Época 11/30, Batch 200/3287, Loss: 0.0924
2025-10-09 19:01:42,038 [INFO] Época 11/30, Batch 250/3287, Loss: 0.0733
2025-10-09 19:01:42,300 [INFO] Época 11/30, Batch 300/3287, Loss: 0.0435
2025-10-09 19:01:42,561 [INFO] Época 11/30, Batch 350/3287, Loss: 0.0738
2025-10-09 19:01:42,821 [INFO] Época 11/30, Batch 400/3287, Loss: 0.0722
2025-10-09 19:01:43,080 [INFO] Época 11/30, Batch 450/3287, Loss: 0.0673
2025-10-09 19:01:43,338 [INFO] Época 11/30, Batch 500/3287, Loss: 0.0577
2025-10-09 19:01:43,599 [INFO] Época 11/30, Batch 550/3287, Loss: 0.0758
2025-10-09 19:01:43,858 [INFO] Época 11/30, Batch 600/3287, Loss: 0.0608
2025-10-09 19:01:44,116 [INFO] Época 11/30, Batch 650/3287, Loss: 0.0567
2025-10-09 19:01:44,370 [INFO] Época 11/30, Batch 700/3287, Loss: 0.0586
2025-10-09 19:01:44,620 [INFO] Época 11/30, Batch 750/3287, Loss: 0.0690
2025-10-09 19:01:44,880 [INFO] Época 11/30, Batch 800/3287, Loss: 0.0603
2025-10-09 19:01:45,136 [INFO] Época 11/30, Batch 850/3287, Loss: 0.0591
2025-10-09 19:01:45,393 [INFO] Época 11/30, Batch 900/3287, Loss: 0.0978
2025-10-09 19:01:45,650 [INFO] Época 11/30, Batch 950/3287, Loss: 0.0663
2025-10-09 19:01:45,905 [INFO] Época 11/30, Batch 1000/3287, Loss: 0.0964
2025-10-09 19:01:46,162 [INFO] Época 11/30, Batch 1050/3287, Loss: 0.0731
2025-10-09 19:01:46,418 [INFO] Época 11/30, Batch 1100/3287, Loss: 0.0634
2025-10-09 19:01:46,677 [INFO] Época 11/30, Batch 1150/3287, Loss: 0.0434
2025-10-09 19:01:46,944 [INFO] Época 11/30, Batch 1200/3287, Loss: 0.0843
2025-10-09 19:01:47,211 [INFO] Época 11/30, Batch 1250/3287, Loss: 0.0879
2025-10-09 19:01:47,477 [INFO] Época 11/30, Batch 1300/3287, Loss: 0.0764
2025-10-09 19:01:47,745 [INFO] Época 11/30, Batch 1350/3287, Loss: 0.0613
2025-10-09 19:01:48,013 [INFO] Época 11/30, Batch 1400/3287, Loss: 0.0689
2025-10-09 19:01:48,282 [INFO] Época 11/30, Batch 1450/3287, Loss: 0.0560
2025-10-09 19:01:48,548 [INFO] Época 11/30, Batch 1500/3287, Loss: 0.0685
2025-10-09 19:01:48,814 [INFO] Época 11/30, Batch 1550/3287, Loss: 0.0756
2025-10-09 19:01:49,078 [INFO] Época 11/30, Batch 1600/3287, Loss: 0.0831
2025-10-09 19:01:49,348 [INFO] Época 11/30, Batch 1650/3287, Loss: 0.0941
2025-10-09 19:01:49,615 [INFO] Época 11/30, Batch 1700/3287, Loss: 0.0628
2025-10-09 19:01:49,882 [INFO] Época 11/30, Batch 1750/3287, Loss: 0.0802
2025-10-09 19:01:50,148 [INFO] Época 11/30, Batch 1800/3287, Loss: 0.0526
2025-10-09 19:01:50,415 [INFO] Época 11/30, Batch 1850/3287, Loss: 0.0654
2025-10-09 19:01:50,678 [INFO] Época 11/30, Batch 1900/3287, Loss: 0.0729
2025-10-09 19:01:50,938 [INFO] Época 11/30, Batch 1950/3287, Loss: 0.0603
2025-10-09 19:01:51,196 [INFO] Época 11/30, Batch 2000/3287, Loss: 0.0732
2025-10-09 19:01:51,454 [INFO] Época 11/30, Batch 2050/3287, Loss: 0.0647
2025-10-09 19:01:51,713 [INFO] Época 11/30, Batch 2100/3287, Loss: 0.0644
2025-10-09 19:01:51,972 [INFO] Época 11/30, Batch 2150/3287, Loss: 0.0685
2025-10-09 19:01:52,230 [INFO] Época 11/30, Batch 2200/3287, Loss: 0.0578
2025-10-09 19:01:52,490 [INFO] Época 11/30, Batch 2250/3287, Loss: 0.0882
2025-10-09 19:01:52,748 [INFO] Época 11/30, Batch 2300/3287, Loss: 0.0865
2025-10-09 19:01:53,007 [INFO] Época 11/30, Batch 2350/3287, Loss: 0.0998
2025-10-09 19:01:53,267 [INFO] Época 11/30, Batch 2400/3287, Loss: 0.0747
2025-10-09 19:01:53,526 [INFO] Época 11/30, Batch 2450/3287, Loss: 0.0941
2025-10-09 19:01:53,786 [INFO] Época 11/30, Batch 2500/3287, Loss: 0.0608
2025-10-09 19:01:54,048 [INFO] Época 11/30, Batch 2550/3287, Loss: 0.0674
2025-10-09 19:01:54,315 [INFO] Época 11/30, Batch 2600/3287, Loss: 0.0677
2025-10-09 19:01:54,583 [INFO] Época 11/30, Batch 2650/3287, Loss: 0.0700
2025-10-09 19:01:54,849 [INFO] Época 11/30, Batch 2700/3287, Loss: 0.0808
2025-10-09 19:01:55,114 [INFO] Época 11/30, Batch 2750/3287, Loss: 0.1041
2025-10-09 19:01:55,373 [INFO] Época 11/30, Batch 2800/3287, Loss: 0.0708
2025-10-09 19:01:55,631 [INFO] Época 11/30, Batch 2850/3287, Loss: 0.0758
2025-10-09 19:01:55,895 [INFO] Época 11/30, Batch 2900/3287, Loss: 0.0606
2025-10-09 19:01:56,166 [INFO] Época 11/30, Batch 2950/3287, Loss: 0.0589
2025-10-09 19:01:56,443 [INFO] Época 11/30, Batch 3000/3287, Loss: 0.0706
2025-10-09 19:01:56,718 [INFO] Época 11/30, Batch 3050/3287, Loss: 0.0837
2025-10-09 19:01:56,994 [INFO] Época 11/30, Batch 3100/3287, Loss: 0.0712
2025-10-09 19:01:57,270 [INFO] Época 11/30, Batch 3150/3287, Loss: 0.0687
2025-10-09 19:01:57,545 [INFO] Época 11/30, Batch 3200/3287, Loss: 0.0732
2025-10-09 19:01:57,814 [INFO] Época 11/30, Batch 3250/3287, Loss: 0.0678
2025-10-09 19:01:59,513 [INFO] [11/30] Train Loss: 0.0791 | Val Loss: 0.0728 | Tempo: 19.12s
2025-10-09 19:02:00,108 [INFO] Época 12/30, Batch 50/3287, Loss: 0.0615
2025-10-09 19:02:00,375 [INFO] Época 12/30, Batch 100/3287, Loss: 0.0800
2025-10-09 19:02:00,636 [INFO] Época 12/30, Batch 150/3287, Loss: 0.0670
2025-10-09 19:02:00,891 [INFO] Época 12/30, Batch 200/3287, Loss: 0.0785
2025-10-09 19:02:01,144 [INFO] Época 12/30, Batch 250/3287, Loss: 0.1185
2025-10-09 19:02:01,406 [INFO] Época 12/30, Batch 300/3287, Loss: 0.0888
2025-10-09 19:02:01,659 [INFO] Época 12/30, Batch 350/3287, Loss: 0.0649
2025-10-09 19:02:01,911 [INFO] Época 12/30, Batch 400/3287, Loss: 0.0644
2025-10-09 19:02:02,165 [INFO] Época 12/30, Batch 450/3287, Loss: 0.0708
2025-10-09 19:02:02,419 [INFO] Época 12/30, Batch 500/3287, Loss: 0.0836
2025-10-09 19:02:02,674 [INFO] Época 12/30, Batch 550/3287, Loss: 0.0576
2025-10-09 19:02:02,932 [INFO] Época 12/30, Batch 600/3287, Loss: 0.0689
2025-10-09 19:02:03,191 [INFO] Época 12/30, Batch 650/3287, Loss: 0.0651
2025-10-09 19:02:03,439 [INFO] Época 12/30, Batch 700/3287, Loss: 0.0838
2025-10-09 19:02:03,686 [INFO] Época 12/30, Batch 750/3287, Loss: 0.0772
2025-10-09 19:02:03,942 [INFO] Época 12/30, Batch 800/3287, Loss: 0.0784
2025-10-09 19:02:04,198 [INFO] Época 12/30, Batch 850/3287, Loss: 0.0799
2025-10-09 19:02:04,454 [INFO] Época 12/30, Batch 900/3287, Loss: 0.0840
2025-10-09 19:02:04,712 [INFO] Época 12/30, Batch 950/3287, Loss: 0.0856
2025-10-09 19:02:04,970 [INFO] Época 12/30, Batch 1000/3287, Loss: 0.0738
2025-10-09 19:02:05,228 [INFO] Época 12/30, Batch 1050/3287, Loss: 0.1004
2025-10-09 19:02:05,486 [INFO] Época 12/30, Batch 1100/3287, Loss: 0.0876
2025-10-09 19:02:05,741 [INFO] Época 12/30, Batch 1150/3287, Loss: 0.0790
2025-10-09 19:02:05,989 [INFO] Época 12/30, Batch 1200/3287, Loss: 0.0698
2025-10-09 19:02:06,241 [INFO] Época 12/30, Batch 1250/3287, Loss: 0.0896
2025-10-09 19:02:06,492 [INFO] Época 12/30, Batch 1300/3287, Loss: 0.0667
2025-10-09 19:02:06,744 [INFO] Época 12/30, Batch 1350/3287, Loss: 0.0643
2025-10-09 19:02:06,993 [INFO] Época 12/30, Batch 1400/3287, Loss: 0.0599
2025-10-09 19:02:07,243 [INFO] Época 12/30, Batch 1450/3287, Loss: 0.0766
2025-10-09 19:02:07,495 [INFO] Época 12/30, Batch 1500/3287, Loss: 0.0902
2025-10-09 19:02:07,749 [INFO] Época 12/30, Batch 1550/3287, Loss: 0.0880
2025-10-09 19:02:08,005 [INFO] Época 12/30, Batch 1600/3287, Loss: 0.0768
2025-10-09 19:02:08,260 [INFO] Época 12/30, Batch 1650/3287, Loss: 0.0469
2025-10-09 19:02:08,514 [INFO] Época 12/30, Batch 1700/3287, Loss: 0.0794
2025-10-09 19:02:08,773 [INFO] Época 12/30, Batch 1750/3287, Loss: 0.0705
2025-10-09 19:02:09,028 [INFO] Época 12/30, Batch 1800/3287, Loss: 0.0592
2025-10-09 19:02:09,282 [INFO] Época 12/30, Batch 1850/3287, Loss: 0.0722
2025-10-09 19:02:09,536 [INFO] Época 12/30, Batch 1900/3287, Loss: 0.0999
2025-10-09 19:02:09,792 [INFO] Época 12/30, Batch 1950/3287, Loss: 0.0629
2025-10-09 19:02:10,049 [INFO] Época 12/30, Batch 2000/3287, Loss: 0.0772
2025-10-09 19:02:10,303 [INFO] Época 12/30, Batch 2050/3287, Loss: 0.0575
2025-10-09 19:02:10,557 [INFO] Época 12/30, Batch 2100/3287, Loss: 0.0737
2025-10-09 19:02:10,815 [INFO] Época 12/30, Batch 2150/3287, Loss: 0.0699
2025-10-09 19:02:11,070 [INFO] Época 12/30, Batch 2200/3287, Loss: 0.0644
2025-10-09 19:02:11,326 [INFO] Época 12/30, Batch 2250/3287, Loss: 0.0754
2025-10-09 19:02:11,581 [INFO] Época 12/30, Batch 2300/3287, Loss: 0.0895
2025-10-09 19:02:11,838 [INFO] Época 12/30, Batch 2350/3287, Loss: 0.0694
2025-10-09 19:02:12,094 [INFO] Época 12/30, Batch 2400/3287, Loss: 0.0664
2025-10-09 19:02:12,351 [INFO] Época 12/30, Batch 2450/3287, Loss: 0.0673
2025-10-09 19:02:12,609 [INFO] Época 12/30, Batch 2500/3287, Loss: 0.0773
2025-10-09 19:02:12,868 [INFO] Época 12/30, Batch 2550/3287, Loss: 0.0695
2025-10-09 19:02:13,127 [INFO] Época 12/30, Batch 2600/3287, Loss: 0.0681
2025-10-09 19:02:13,385 [INFO] Época 12/30, Batch 2650/3287, Loss: 0.0887
2025-10-09 19:02:13,644 [INFO] Época 12/30, Batch 2700/3287, Loss: 0.0738
2025-10-09 19:02:13,903 [INFO] Época 12/30, Batch 2750/3287, Loss: 0.1055
2025-10-09 19:02:14,162 [INFO] Época 12/30, Batch 2800/3287, Loss: 0.0764
2025-10-09 19:02:14,421 [INFO] Época 12/30, Batch 2850/3287, Loss: 0.0646
2025-10-09 19:02:14,680 [INFO] Época 12/30, Batch 2900/3287, Loss: 0.1002
2025-10-09 19:02:14,939 [INFO] Época 12/30, Batch 2950/3287, Loss: 0.0899
2025-10-09 19:02:15,198 [INFO] Época 12/30, Batch 3000/3287, Loss: 0.0901
2025-10-09 19:02:15,458 [INFO] Época 12/30, Batch 3050/3287, Loss: 0.0769
2025-10-09 19:02:15,718 [INFO] Época 12/30, Batch 3100/3287, Loss: 0.0536
2025-10-09 19:02:15,977 [INFO] Época 12/30, Batch 3150/3287, Loss: 0.0740
2025-10-09 19:02:16,234 [INFO] Época 12/30, Batch 3200/3287, Loss: 0.0623
2025-10-09 19:02:16,488 [INFO] Época 12/30, Batch 3250/3287, Loss: 0.0725
2025-10-09 19:02:18,235 [INFO] [12/30] Train Loss: 0.0783 | Val Loss: 0.0754 | Tempo: 18.72s
2025-10-09 19:02:18,813 [INFO] Época 13/30, Batch 50/3287, Loss: 0.0686
2025-10-09 19:02:19,071 [INFO] Época 13/30, Batch 100/3287, Loss: 0.0831
2025-10-09 19:02:19,329 [INFO] Época 13/30, Batch 150/3287, Loss: 0.0961
2025-10-09 19:02:19,583 [INFO] Época 13/30, Batch 200/3287, Loss: 0.0555
2025-10-09 19:02:19,837 [INFO] Época 13/30, Batch 250/3287, Loss: 0.0541
2025-10-09 19:02:20,091 [INFO] Época 13/30, Batch 300/3287, Loss: 0.1011
2025-10-09 19:02:20,345 [INFO] Época 13/30, Batch 350/3287, Loss: 0.0978
2025-10-09 19:02:20,599 [INFO] Época 13/30, Batch 400/3287, Loss: 0.0658
2025-10-09 19:02:20,857 [INFO] Época 13/30, Batch 450/3287, Loss: 0.0625
2025-10-09 19:02:21,113 [INFO] Época 13/30, Batch 500/3287, Loss: 0.0483
2025-10-09 19:02:21,371 [INFO] Época 13/30, Batch 550/3287, Loss: 0.0847
2025-10-09 19:02:21,627 [INFO] Época 13/30, Batch 600/3287, Loss: 0.0602
2025-10-09 19:02:21,885 [INFO] Época 13/30, Batch 650/3287, Loss: 0.0827
2025-10-09 19:02:22,139 [INFO] Época 13/30, Batch 700/3287, Loss: 0.0776
2025-10-09 19:02:22,385 [INFO] Época 13/30, Batch 750/3287, Loss: 0.0676
2025-10-09 19:02:22,633 [INFO] Época 13/30, Batch 800/3287, Loss: 0.0727
2025-10-09 19:02:22,882 [INFO] Época 13/30, Batch 850/3287, Loss: 0.0720
2025-10-09 19:02:23,124 [INFO] Época 13/30, Batch 900/3287, Loss: 0.0548
2025-10-09 19:02:23,366 [INFO] Época 13/30, Batch 950/3287, Loss: 0.0655
2025-10-09 19:02:23,613 [INFO] Época 13/30, Batch 1000/3287, Loss: 0.0679
2025-10-09 19:02:23,861 [INFO] Época 13/30, Batch 1050/3287, Loss: 0.1677
2025-10-09 19:02:24,104 [INFO] Época 13/30, Batch 1100/3287, Loss: 0.1038
2025-10-09 19:02:24,344 [INFO] Época 13/30, Batch 1150/3287, Loss: 0.0598
2025-10-09 19:02:24,585 [INFO] Época 13/30, Batch 1200/3287, Loss: 0.0779
2025-10-09 19:02:24,833 [INFO] Época 13/30, Batch 1250/3287, Loss: 0.0823
2025-10-09 19:02:25,087 [INFO] Época 13/30, Batch 1300/3287, Loss: 0.0814
2025-10-09 19:02:25,342 [INFO] Época 13/30, Batch 1350/3287, Loss: 0.0572
2025-10-09 19:02:25,593 [INFO] Época 13/30, Batch 1400/3287, Loss: 0.0696
2025-10-09 19:02:25,847 [INFO] Época 13/30, Batch 1450/3287, Loss: 0.0712
2025-10-09 19:02:26,099 [INFO] Época 13/30, Batch 1500/3287, Loss: 0.0876
2025-10-09 19:02:26,351 [INFO] Época 13/30, Batch 1550/3287, Loss: 0.0656
2025-10-09 19:02:26,603 [INFO] Época 13/30, Batch 1600/3287, Loss: 0.0683
2025-10-09 19:02:26,857 [INFO] Época 13/30, Batch 1650/3287, Loss: 0.0685
2025-10-09 19:02:27,112 [INFO] Época 13/30, Batch 1700/3287, Loss: 0.0613
2025-10-09 19:02:27,367 [INFO] Época 13/30, Batch 1750/3287, Loss: 0.0662
2025-10-09 19:02:27,624 [INFO] Época 13/30, Batch 1800/3287, Loss: 0.0554
2025-10-09 19:02:27,882 [INFO] Época 13/30, Batch 1850/3287, Loss: 0.0744
2025-10-09 19:02:28,140 [INFO] Época 13/30, Batch 1900/3287, Loss: 0.0576
2025-10-09 19:02:28,399 [INFO] Época 13/30, Batch 1950/3287, Loss: 0.0815
2025-10-09 19:02:28,658 [INFO] Época 13/30, Batch 2000/3287, Loss: 0.0492
2025-10-09 19:02:28,915 [INFO] Época 13/30, Batch 2050/3287, Loss: 0.0828
2025-10-09 19:02:29,172 [INFO] Época 13/30, Batch 2100/3287, Loss: 0.0662
2025-10-09 19:02:29,428 [INFO] Época 13/30, Batch 2150/3287, Loss: 0.0779
2025-10-09 19:02:29,682 [INFO] Época 13/30, Batch 2200/3287, Loss: 0.0844
2025-10-09 19:02:29,938 [INFO] Época 13/30, Batch 2250/3287, Loss: 0.0609
2025-10-09 19:02:30,194 [INFO] Época 13/30, Batch 2300/3287, Loss: 0.0798
2025-10-09 19:02:30,451 [INFO] Época 13/30, Batch 2350/3287, Loss: 0.0943
2025-10-09 19:02:30,707 [INFO] Época 13/30, Batch 2400/3287, Loss: 0.0634
2025-10-09 19:02:30,963 [INFO] Época 13/30, Batch 2450/3287, Loss: 0.0515
2025-10-09 19:02:31,217 [INFO] Época 13/30, Batch 2500/3287, Loss: 0.0611
2025-10-09 19:02:31,473 [INFO] Época 13/30, Batch 2550/3287, Loss: 0.0480
2025-10-09 19:02:31,732 [INFO] Época 13/30, Batch 2600/3287, Loss: 0.0790
2025-10-09 19:02:31,987 [INFO] Época 13/30, Batch 2650/3287, Loss: 0.0771
2025-10-09 19:02:32,243 [INFO] Época 13/30, Batch 2700/3287, Loss: 0.0852
2025-10-09 19:02:32,500 [INFO] Época 13/30, Batch 2750/3287, Loss: 0.0612
2025-10-09 19:02:32,759 [INFO] Época 13/30, Batch 2800/3287, Loss: 0.0785
2025-10-09 19:02:33,021 [INFO] Época 13/30, Batch 2850/3287, Loss: 0.0784
2025-10-09 19:02:33,283 [INFO] Época 13/30, Batch 2900/3287, Loss: 0.0726
2025-10-09 19:02:33,542 [INFO] Época 13/30, Batch 2950/3287, Loss: 0.0623
2025-10-09 19:02:33,807 [INFO] Época 13/30, Batch 3000/3287, Loss: 0.0769
2025-10-09 19:02:34,072 [INFO] Época 13/30, Batch 3050/3287, Loss: 0.0762
2025-10-09 19:02:34,329 [INFO] Época 13/30, Batch 3100/3287, Loss: 0.0627
2025-10-09 19:02:34,584 [INFO] Época 13/30, Batch 3150/3287, Loss: 0.0752
2025-10-09 19:02:34,842 [INFO] Época 13/30, Batch 3200/3287, Loss: 0.0922
2025-10-09 19:02:35,096 [INFO] Época 13/30, Batch 3250/3287, Loss: 0.0614
2025-10-09 19:02:36,923 [INFO] [13/30] Train Loss: 0.0780 | Val Loss: 0.0724 | Tempo: 18.69s
2025-10-09 19:02:37,515 [INFO] Época 14/30, Batch 50/3287, Loss: 0.0662
2025-10-09 19:02:37,782 [INFO] Época 14/30, Batch 100/3287, Loss: 0.0908
2025-10-09 19:02:38,044 [INFO] Época 14/30, Batch 150/3287, Loss: 0.0662
2025-10-09 19:02:38,305 [INFO] Época 14/30, Batch 200/3287, Loss: 0.0657
2025-10-09 19:02:38,561 [INFO] Época 14/30, Batch 250/3287, Loss: 0.0600
2025-10-09 19:02:38,824 [INFO] Época 14/30, Batch 300/3287, Loss: 0.0800
2025-10-09 19:02:39,087 [INFO] Época 14/30, Batch 350/3287, Loss: 0.0654
2025-10-09 19:02:39,348 [INFO] Época 14/30, Batch 400/3287, Loss: 0.0458
2025-10-09 19:02:39,604 [INFO] Época 14/30, Batch 450/3287, Loss: 0.1262
2025-10-09 19:02:39,857 [INFO] Época 14/30, Batch 500/3287, Loss: 0.0594
2025-10-09 19:02:40,118 [INFO] Época 14/30, Batch 550/3287, Loss: 0.0641
2025-10-09 19:02:40,394 [INFO] Época 14/30, Batch 600/3287, Loss: 0.0719
2025-10-09 19:02:40,668 [INFO] Época 14/30, Batch 650/3287, Loss: 0.1038
2025-10-09 19:02:40,931 [INFO] Época 14/30, Batch 700/3287, Loss: 0.0602
2025-10-09 19:02:41,193 [INFO] Época 14/30, Batch 750/3287, Loss: 0.0708
2025-10-09 19:02:41,458 [INFO] Época 14/30, Batch 800/3287, Loss: 0.0908
2025-10-09 19:02:41,741 [INFO] Época 14/30, Batch 850/3287, Loss: 0.0595
2025-10-09 19:02:42,026 [INFO] Época 14/30, Batch 900/3287, Loss: 0.0683
2025-10-09 19:02:42,299 [INFO] Época 14/30, Batch 950/3287, Loss: 0.0699
2025-10-09 19:02:42,552 [INFO] Época 14/30, Batch 1000/3287, Loss: 0.0666
2025-10-09 19:02:42,804 [INFO] Época 14/30, Batch 1050/3287, Loss: 0.0766
2025-10-09 19:02:43,057 [INFO] Época 14/30, Batch 1100/3287, Loss: 0.0776
2025-10-09 19:02:43,312 [INFO] Época 14/30, Batch 1150/3287, Loss: 0.0848
2025-10-09 19:02:43,569 [INFO] Época 14/30, Batch 1200/3287, Loss: 0.0797
2025-10-09 19:02:43,822 [INFO] Época 14/30, Batch 1250/3287, Loss: 0.0789
2025-10-09 19:02:44,070 [INFO] Época 14/30, Batch 1300/3287, Loss: 0.0565
2025-10-09 19:02:44,316 [INFO] Época 14/30, Batch 1350/3287, Loss: 0.0619
2025-10-09 19:02:44,563 [INFO] Época 14/30, Batch 1400/3287, Loss: 0.0727
2025-10-09 19:02:44,819 [INFO] Época 14/30, Batch 1450/3287, Loss: 0.0780
2025-10-09 19:02:45,070 [INFO] Época 14/30, Batch 1500/3287, Loss: 0.0785
2025-10-09 19:02:45,316 [INFO] Época 14/30, Batch 1550/3287, Loss: 0.0807
2025-10-09 19:02:45,565 [INFO] Época 14/30, Batch 1600/3287, Loss: 0.0659
2025-10-09 19:02:45,812 [INFO] Época 14/30, Batch 1650/3287, Loss: 0.0718
2025-10-09 19:02:46,060 [INFO] Época 14/30, Batch 1700/3287, Loss: 0.0886
2025-10-09 19:02:46,308 [INFO] Época 14/30, Batch 1750/3287, Loss: 0.0651
2025-10-09 19:02:46,555 [INFO] Época 14/30, Batch 1800/3287, Loss: 0.0677
2025-10-09 19:02:46,814 [INFO] Época 14/30, Batch 1850/3287, Loss: 0.0678
2025-10-09 19:02:47,074 [INFO] Época 14/30, Batch 1900/3287, Loss: 0.0631
2025-10-09 19:02:47,333 [INFO] Época 14/30, Batch 1950/3287, Loss: 0.0655
2025-10-09 19:02:47,592 [INFO] Época 14/30, Batch 2000/3287, Loss: 0.0582
2025-10-09 19:02:47,854 [INFO] Época 14/30, Batch 2050/3287, Loss: 0.0882
2025-10-09 19:02:48,114 [INFO] Época 14/30, Batch 2100/3287, Loss: 0.0804
2025-10-09 19:02:48,374 [INFO] Época 14/30, Batch 2150/3287, Loss: 0.0892
2025-10-09 19:02:48,628 [INFO] Época 14/30, Batch 2200/3287, Loss: 0.0847
2025-10-09 19:02:48,882 [INFO] Época 14/30, Batch 2250/3287, Loss: 0.0735
2025-10-09 19:02:49,134 [INFO] Época 14/30, Batch 2300/3287, Loss: 0.0624
2025-10-09 19:02:49,388 [INFO] Época 14/30, Batch 2350/3287, Loss: 0.0609
2025-10-09 19:02:49,645 [INFO] Época 14/30, Batch 2400/3287, Loss: 0.0550
2025-10-09 19:02:49,900 [INFO] Época 14/30, Batch 2450/3287, Loss: 0.0881
2025-10-09 19:02:50,154 [INFO] Época 14/30, Batch 2500/3287, Loss: 0.0755
2025-10-09 19:02:50,412 [INFO] Época 14/30, Batch 2550/3287, Loss: 0.0653
2025-10-09 19:02:50,675 [INFO] Época 14/30, Batch 2600/3287, Loss: 0.0543
2025-10-09 19:02:50,930 [INFO] Época 14/30, Batch 2650/3287, Loss: 0.0756
2025-10-09 19:02:51,185 [INFO] Época 14/30, Batch 2700/3287, Loss: 0.0883
2025-10-09 19:02:51,450 [INFO] Época 14/30, Batch 2750/3287, Loss: 0.0667
2025-10-09 19:02:51,707 [INFO] Época 14/30, Batch 2800/3287, Loss: 0.0657
2025-10-09 19:02:51,965 [INFO] Época 14/30, Batch 2850/3287, Loss: 0.0727
2025-10-09 19:02:52,222 [INFO] Época 14/30, Batch 2900/3287, Loss: 0.0698
2025-10-09 19:02:52,477 [INFO] Época 14/30, Batch 2950/3287, Loss: 0.0507
2025-10-09 19:02:52,739 [INFO] Época 14/30, Batch 3000/3287, Loss: 0.1050
2025-10-09 19:02:52,998 [INFO] Época 14/30, Batch 3050/3287, Loss: 0.0713
2025-10-09 19:02:53,260 [INFO] Época 14/30, Batch 3100/3287, Loss: 0.0616
2025-10-09 19:02:53,515 [INFO] Época 14/30, Batch 3150/3287, Loss: 0.0672
2025-10-09 19:02:53,769 [INFO] Época 14/30, Batch 3200/3287, Loss: 0.0775
2025-10-09 19:02:54,024 [INFO] Época 14/30, Batch 3250/3287, Loss: 0.0523
2025-10-09 19:02:55,748 [INFO] [14/30] Train Loss: 0.0782 | Val Loss: 0.0738 | Tempo: 18.82s
2025-10-09 19:02:56,339 [INFO] Época 15/30, Batch 50/3287, Loss: 0.0949
2025-10-09 19:02:56,607 [INFO] Época 15/30, Batch 100/3287, Loss: 0.0827
2025-10-09 19:02:56,872 [INFO] Época 15/30, Batch 150/3287, Loss: 0.0689
2025-10-09 19:02:57,135 [INFO] Época 15/30, Batch 200/3287, Loss: 0.0919
2025-10-09 19:02:57,396 [INFO] Época 15/30, Batch 250/3287, Loss: 0.0890
2025-10-09 19:02:57,659 [INFO] Época 15/30, Batch 300/3287, Loss: 0.0791
2025-10-09 19:02:57,918 [INFO] Época 15/30, Batch 350/3287, Loss: 0.0473
2025-10-09 19:02:58,179 [INFO] Época 15/30, Batch 400/3287, Loss: 0.0592
2025-10-09 19:02:58,440 [INFO] Época 15/30, Batch 450/3287, Loss: 0.0577
2025-10-09 19:02:58,701 [INFO] Época 15/30, Batch 500/3287, Loss: 0.0724
2025-10-09 19:02:58,959 [INFO] Época 15/30, Batch 550/3287, Loss: 0.0530
2025-10-09 19:02:59,217 [INFO] Época 15/30, Batch 600/3287, Loss: 0.0602
2025-10-09 19:02:59,475 [INFO] Época 15/30, Batch 650/3287, Loss: 0.0949
2025-10-09 19:02:59,733 [INFO] Época 15/30, Batch 700/3287, Loss: 0.0737
2025-10-09 19:02:59,986 [INFO] Época 15/30, Batch 750/3287, Loss: 0.0763
2025-10-09 19:03:00,238 [INFO] Época 15/30, Batch 800/3287, Loss: 0.0476
2025-10-09 19:03:00,489 [INFO] Época 15/30, Batch 850/3287, Loss: 0.0803
2025-10-09 19:03:00,740 [INFO] Época 15/30, Batch 900/3287, Loss: 0.0924
2025-10-09 19:03:01,000 [INFO] Época 15/30, Batch 950/3287, Loss: 0.0613
2025-10-09 19:03:01,259 [INFO] Época 15/30, Batch 1000/3287, Loss: 0.0902
2025-10-09 19:03:01,517 [INFO] Época 15/30, Batch 1050/3287, Loss: 0.1132
2025-10-09 19:03:01,775 [INFO] Época 15/30, Batch 1100/3287, Loss: 0.0696
2025-10-09 19:03:02,034 [INFO] Época 15/30, Batch 1150/3287, Loss: 0.0840
2025-10-09 19:03:02,290 [INFO] Época 15/30, Batch 1200/3287, Loss: 0.0904
2025-10-09 19:03:02,550 [INFO] Época 15/30, Batch 1250/3287, Loss: 0.0512
2025-10-09 19:03:02,809 [INFO] Época 15/30, Batch 1300/3287, Loss: 0.0606
2025-10-09 19:03:03,064 [INFO] Época 15/30, Batch 1350/3287, Loss: 0.1154
2025-10-09 19:03:03,319 [INFO] Época 15/30, Batch 1400/3287, Loss: 0.0806
2025-10-09 19:03:03,575 [INFO] Época 15/30, Batch 1450/3287, Loss: 0.0704
2025-10-09 19:03:03,831 [INFO] Época 15/30, Batch 1500/3287, Loss: 0.0745
2025-10-09 19:03:04,083 [INFO] Época 15/30, Batch 1550/3287, Loss: 0.0511
2025-10-09 19:03:04,341 [INFO] Época 15/30, Batch 1600/3287, Loss: 0.0720
2025-10-09 19:03:04,597 [INFO] Época 15/30, Batch 1650/3287, Loss: 0.0813
2025-10-09 19:03:04,853 [INFO] Época 15/30, Batch 1700/3287, Loss: 0.0697
2025-10-09 19:03:05,108 [INFO] Época 15/30, Batch 1750/3287, Loss: 0.0938
2025-10-09 19:03:05,363 [INFO] Época 15/30, Batch 1800/3287, Loss: 0.1070
2025-10-09 19:03:05,619 [INFO] Época 15/30, Batch 1850/3287, Loss: 0.0951
2025-10-09 19:03:05,876 [INFO] Época 15/30, Batch 1900/3287, Loss: 0.0696
2025-10-09 19:03:06,131 [INFO] Época 15/30, Batch 1950/3287, Loss: 0.0626
2025-10-09 19:03:06,386 [INFO] Época 15/30, Batch 2000/3287, Loss: 0.0671
2025-10-09 19:03:06,640 [INFO] Época 15/30, Batch 2050/3287, Loss: 0.0747
2025-10-09 19:03:06,896 [INFO] Época 15/30, Batch 2100/3287, Loss: 0.0700
2025-10-09 19:03:07,153 [INFO] Época 15/30, Batch 2150/3287, Loss: 0.0666
2025-10-09 19:03:07,409 [INFO] Época 15/30, Batch 2200/3287, Loss: 0.0744
2025-10-09 19:03:07,666 [INFO] Época 15/30, Batch 2250/3287, Loss: 0.0665
2025-10-09 19:03:07,921 [INFO] Época 15/30, Batch 2300/3287, Loss: 0.0862
2025-10-09 19:03:08,175 [INFO] Época 15/30, Batch 2350/3287, Loss: 0.0666
2025-10-09 19:03:08,431 [INFO] Época 15/30, Batch 2400/3287, Loss: 0.0498
2025-10-09 19:03:08,687 [INFO] Época 15/30, Batch 2450/3287, Loss: 0.0620
2025-10-09 19:03:08,941 [INFO] Época 15/30, Batch 2500/3287, Loss: 0.0821
2025-10-09 19:03:09,197 [INFO] Época 15/30, Batch 2550/3287, Loss: 0.0672
2025-10-09 19:03:09,453 [INFO] Época 15/30, Batch 2600/3287, Loss: 0.0655
2025-10-09 19:03:09,709 [INFO] Época 15/30, Batch 2650/3287, Loss: 0.0845
2025-10-09 19:03:09,968 [INFO] Época 15/30, Batch 2700/3287, Loss: 0.5190
2025-10-09 19:03:10,223 [INFO] Época 15/30, Batch 2750/3287, Loss: 0.0523
2025-10-09 19:03:10,475 [INFO] Época 15/30, Batch 2800/3287, Loss: 0.0675
2025-10-09 19:03:10,731 [INFO] Época 15/30, Batch 2850/3287, Loss: 0.0521
2025-10-09 19:03:10,986 [INFO] Época 15/30, Batch 2900/3287, Loss: 0.0737
2025-10-09 19:03:11,242 [INFO] Época 15/30, Batch 2950/3287, Loss: 0.0817
2025-10-09 19:03:11,500 [INFO] Época 15/30, Batch 3000/3287, Loss: 0.0657
2025-10-09 19:03:11,755 [INFO] Época 15/30, Batch 3050/3287, Loss: 0.0607
2025-10-09 19:03:12,011 [INFO] Época 15/30, Batch 3100/3287, Loss: 0.0652
2025-10-09 19:03:12,265 [INFO] Época 15/30, Batch 3150/3287, Loss: 0.0490
2025-10-09 19:03:12,521 [INFO] Época 15/30, Batch 3200/3287, Loss: 0.0586
2025-10-09 19:03:12,774 [INFO] Época 15/30, Batch 3250/3287, Loss: 0.0592
2025-10-09 19:03:14,539 [INFO] [15/30] Train Loss: 0.0770 | Val Loss: 0.0714 | Tempo: 18.79s
2025-10-09 19:03:15,127 [INFO] Época 16/30, Batch 50/3287, Loss: 0.0727
2025-10-09 19:03:15,398 [INFO] Época 16/30, Batch 100/3287, Loss: 0.0800
2025-10-09 19:03:15,666 [INFO] Época 16/30, Batch 150/3287, Loss: 0.0866
2025-10-09 19:03:15,935 [INFO] Época 16/30, Batch 200/3287, Loss: 0.0505
2025-10-09 19:03:16,199 [INFO] Época 16/30, Batch 250/3287, Loss: 0.0554
2025-10-09 19:03:16,467 [INFO] Época 16/30, Batch 300/3287, Loss: 0.0773
2025-10-09 19:03:16,722 [INFO] Época 16/30, Batch 350/3287, Loss: 0.0705
2025-10-09 19:03:16,982 [INFO] Época 16/30, Batch 400/3287, Loss: 0.0970
2025-10-09 19:03:17,243 [INFO] Época 16/30, Batch 450/3287, Loss: 0.0867
2025-10-09 19:03:17,504 [INFO] Época 16/30, Batch 500/3287, Loss: 0.1094
2025-10-09 19:03:17,765 [INFO] Época 16/30, Batch 550/3287, Loss: 0.0919
2025-10-09 19:03:18,024 [INFO] Época 16/30, Batch 600/3287, Loss: 0.0486
2025-10-09 19:03:18,282 [INFO] Época 16/30, Batch 650/3287, Loss: 0.0782
2025-10-09 19:03:18,533 [INFO] Época 16/30, Batch 700/3287, Loss: 0.0577
2025-10-09 19:03:18,783 [INFO] Época 16/30, Batch 750/3287, Loss: 0.0816
2025-10-09 19:03:19,042 [INFO] Época 16/30, Batch 800/3287, Loss: 0.0719
2025-10-09 19:03:19,300 [INFO] Época 16/30, Batch 850/3287, Loss: 0.0987
2025-10-09 19:03:19,554 [INFO] Época 16/30, Batch 900/3287, Loss: 0.0640
2025-10-09 19:03:19,804 [INFO] Época 16/30, Batch 950/3287, Loss: 0.0640
2025-10-09 19:03:20,053 [INFO] Época 16/30, Batch 1000/3287, Loss: 0.0692
2025-10-09 19:03:20,301 [INFO] Época 16/30, Batch 1050/3287, Loss: 0.0712
2025-10-09 19:03:20,550 [INFO] Época 16/30, Batch 1100/3287, Loss: 0.1057
2025-10-09 19:03:20,798 [INFO] Época 16/30, Batch 1150/3287, Loss: 0.0696
2025-10-09 19:03:21,054 [INFO] Época 16/30, Batch 1200/3287, Loss: 0.0582
2025-10-09 19:03:21,314 [INFO] Época 16/30, Batch 1250/3287, Loss: 0.0655
2025-10-09 19:03:21,576 [INFO] Época 16/30, Batch 1300/3287, Loss: 0.0714
2025-10-09 19:03:21,848 [INFO] Época 16/30, Batch 1350/3287, Loss: 0.0529
2025-10-09 19:03:22,120 [INFO] Época 16/30, Batch 1400/3287, Loss: 0.0508
2025-10-09 19:03:22,389 [INFO] Época 16/30, Batch 1450/3287, Loss: 2.1285
2025-10-09 19:03:22,659 [INFO] Época 16/30, Batch 1500/3287, Loss: 0.1323
2025-10-09 19:03:22,926 [INFO] Época 16/30, Batch 1550/3287, Loss: 0.0799
2025-10-09 19:03:23,194 [INFO] Época 16/30, Batch 1600/3287, Loss: 0.0718
2025-10-09 19:03:23,462 [INFO] Época 16/30, Batch 1650/3287, Loss: 0.0597
2025-10-09 19:03:23,727 [INFO] Época 16/30, Batch 1700/3287, Loss: 0.0889
2025-10-09 19:03:23,992 [INFO] Época 16/30, Batch 1750/3287, Loss: 0.0552
2025-10-09 19:03:24,250 [INFO] Época 16/30, Batch 1800/3287, Loss: 0.0767
2025-10-09 19:03:24,515 [INFO] Época 16/30, Batch 1850/3287, Loss: 0.0854
2025-10-09 19:03:24,787 [INFO] Época 16/30, Batch 1900/3287, Loss: 0.0740
2025-10-09 19:03:25,056 [INFO] Época 16/30, Batch 1950/3287, Loss: 0.0624
2025-10-09 19:03:25,327 [INFO] Época 16/30, Batch 2000/3287, Loss: 0.0744
2025-10-09 19:03:25,595 [INFO] Época 16/30, Batch 2050/3287, Loss: 0.0774
2025-10-09 19:03:25,866 [INFO] Época 16/30, Batch 2100/3287, Loss: 0.0599
2025-10-09 19:03:26,133 [INFO] Época 16/30, Batch 2150/3287, Loss: 0.0728
2025-10-09 19:03:26,401 [INFO] Época 16/30, Batch 2200/3287, Loss: 0.0554
2025-10-09 19:03:26,670 [INFO] Época 16/30, Batch 2250/3287, Loss: 0.0669
2025-10-09 19:03:26,937 [INFO] Época 16/30, Batch 2300/3287, Loss: 0.0717
2025-10-09 19:03:27,203 [INFO] Época 16/30, Batch 2350/3287, Loss: 0.0839
2025-10-09 19:03:27,470 [INFO] Época 16/30, Batch 2400/3287, Loss: 0.0633
2025-10-09 19:03:27,739 [INFO] Época 16/30, Batch 2450/3287, Loss: 0.0721
2025-10-09 19:03:28,007 [INFO] Época 16/30, Batch 2500/3287, Loss: 0.1049
2025-10-09 19:03:28,278 [INFO] Época 16/30, Batch 2550/3287, Loss: 0.0664
2025-10-09 19:03:28,548 [INFO] Época 16/30, Batch 2600/3287, Loss: 0.0685
2025-10-09 19:03:28,818 [INFO] Época 16/30, Batch 2650/3287, Loss: 0.0680
2025-10-09 19:03:29,087 [INFO] Época 16/30, Batch 2700/3287, Loss: 0.0726
2025-10-09 19:03:29,355 [INFO] Época 16/30, Batch 2750/3287, Loss: 0.0527
2025-10-09 19:03:29,622 [INFO] Época 16/30, Batch 2800/3287, Loss: 0.0614
2025-10-09 19:03:29,888 [INFO] Época 16/30, Batch 2850/3287, Loss: 0.0764
2025-10-09 19:03:30,158 [INFO] Época 16/30, Batch 2900/3287, Loss: 0.0779
2025-10-09 19:03:30,428 [INFO] Época 16/30, Batch 2950/3287, Loss: 0.0505
2025-10-09 19:03:30,697 [INFO] Época 16/30, Batch 3000/3287, Loss: 0.0883
2025-10-09 19:03:30,963 [INFO] Época 16/30, Batch 3050/3287, Loss: 0.0727
2025-10-09 19:03:31,230 [INFO] Época 16/30, Batch 3100/3287, Loss: 0.1224
2025-10-09 19:03:31,496 [INFO] Época 16/30, Batch 3150/3287, Loss: 0.0699
2025-10-09 19:03:31,757 [INFO] Época 16/30, Batch 3200/3287, Loss: 0.0792
2025-10-09 19:03:32,018 [INFO] Época 16/30, Batch 3250/3287, Loss: 0.0563
2025-10-09 19:03:33,689 [INFO] [16/30] Train Loss: 0.0780 | Val Loss: 0.0758 | Tempo: 19.15s
2025-10-09 19:03:34,274 [INFO] Época 17/30, Batch 50/3287, Loss: 0.0521
2025-10-09 19:03:34,534 [INFO] Época 17/30, Batch 100/3287, Loss: 0.0673
2025-10-09 19:03:34,792 [INFO] Época 17/30, Batch 150/3287, Loss: 0.0954
2025-10-09 19:03:35,048 [INFO] Época 17/30, Batch 200/3287, Loss: 0.0626
2025-10-09 19:03:35,308 [INFO] Época 17/30, Batch 250/3287, Loss: 0.0679
2025-10-09 19:03:35,562 [INFO] Época 17/30, Batch 300/3287, Loss: 0.0555
2025-10-09 19:03:35,822 [INFO] Época 17/30, Batch 350/3287, Loss: 0.1022
2025-10-09 19:03:36,076 [INFO] Época 17/30, Batch 400/3287, Loss: 0.0725
2025-10-09 19:03:36,332 [INFO] Época 17/30, Batch 450/3287, Loss: 0.0759
2025-10-09 19:03:36,589 [INFO] Época 17/30, Batch 500/3287, Loss: 0.0838
2025-10-09 19:03:36,844 [INFO] Época 17/30, Batch 550/3287, Loss: 0.0795
2025-10-09 19:03:37,098 [INFO] Época 17/30, Batch 600/3287, Loss: 0.0692
2025-10-09 19:03:37,356 [INFO] Época 17/30, Batch 650/3287, Loss: 0.0791
2025-10-09 19:03:37,613 [INFO] Época 17/30, Batch 700/3287, Loss: 0.0577
2025-10-09 19:03:37,863 [INFO] Época 17/30, Batch 750/3287, Loss: 0.0674
2025-10-09 19:03:38,119 [INFO] Época 17/30, Batch 800/3287, Loss: 0.0552
2025-10-09 19:03:38,376 [INFO] Época 17/30, Batch 850/3287, Loss: 0.0505
2025-10-09 19:03:38,631 [INFO] Época 17/30, Batch 900/3287, Loss: 0.0872
2025-10-09 19:03:38,886 [INFO] Época 17/30, Batch 950/3287, Loss: 0.0806
2025-10-09 19:03:39,140 [INFO] Época 17/30, Batch 1000/3287, Loss: 0.0688
2025-10-09 19:03:39,394 [INFO] Época 17/30, Batch 1050/3287, Loss: 0.0631
2025-10-09 19:03:39,650 [INFO] Época 17/30, Batch 1100/3287, Loss: 0.0632
2025-10-09 19:03:39,904 [INFO] Época 17/30, Batch 1150/3287, Loss: 0.0636
2025-10-09 19:03:40,162 [INFO] Época 17/30, Batch 1200/3287, Loss: 0.1050
2025-10-09 19:03:40,426 [INFO] Época 17/30, Batch 1250/3287, Loss: 0.0971
2025-10-09 19:03:40,684 [INFO] Época 17/30, Batch 1300/3287, Loss: 0.0912
2025-10-09 19:03:40,940 [INFO] Época 17/30, Batch 1350/3287, Loss: 0.1048
2025-10-09 19:03:41,196 [INFO] Época 17/30, Batch 1400/3287, Loss: 0.0788
2025-10-09 19:03:41,454 [INFO] Época 17/30, Batch 1450/3287, Loss: 0.0890
2025-10-09 19:03:41,713 [INFO] Época 17/30, Batch 1500/3287, Loss: 0.0705
2025-10-09 19:03:41,972 [INFO] Época 17/30, Batch 1550/3287, Loss: 0.0582
2025-10-09 19:03:42,229 [INFO] Época 17/30, Batch 1600/3287, Loss: 0.0934
2025-10-09 19:03:42,486 [INFO] Época 17/30, Batch 1650/3287, Loss: 0.0808
2025-10-09 19:03:42,743 [INFO] Época 17/30, Batch 1700/3287, Loss: 0.0632
2025-10-09 19:03:43,000 [INFO] Época 17/30, Batch 1750/3287, Loss: 0.0650
2025-10-09 19:03:43,259 [INFO] Época 17/30, Batch 1800/3287, Loss: 0.0708
2025-10-09 19:03:43,515 [INFO] Época 17/30, Batch 1850/3287, Loss: 0.0718
2025-10-09 19:03:43,772 [INFO] Época 17/30, Batch 1900/3287, Loss: 0.0715
2025-10-09 19:03:44,029 [INFO] Época 17/30, Batch 1950/3287, Loss: 0.0701
2025-10-09 19:03:44,287 [INFO] Época 17/30, Batch 2000/3287, Loss: 0.0540
2025-10-09 19:03:44,545 [INFO] Época 17/30, Batch 2050/3287, Loss: 0.0802
2025-10-09 19:03:44,801 [INFO] Época 17/30, Batch 2100/3287, Loss: 0.0639
2025-10-09 19:03:45,057 [INFO] Época 17/30, Batch 2150/3287, Loss: 0.0588
2025-10-09 19:03:45,312 [INFO] Época 17/30, Batch 2200/3287, Loss: 0.0797
2025-10-09 19:03:45,568 [INFO] Época 17/30, Batch 2250/3287, Loss: 0.0938
2025-10-09 19:03:45,826 [INFO] Época 17/30, Batch 2300/3287, Loss: 0.0647
2025-10-09 19:03:46,082 [INFO] Época 17/30, Batch 2350/3287, Loss: 0.0703
2025-10-09 19:03:46,338 [INFO] Época 17/30, Batch 2400/3287, Loss: 0.0760
2025-10-09 19:03:46,595 [INFO] Época 17/30, Batch 2450/3287, Loss: 0.0613
2025-10-09 19:03:46,853 [INFO] Época 17/30, Batch 2500/3287, Loss: 0.0875
2025-10-09 19:03:47,112 [INFO] Época 17/30, Batch 2550/3287, Loss: 0.0846
2025-10-09 19:03:47,367 [INFO] Época 17/30, Batch 2600/3287, Loss: 0.0531
2025-10-09 19:03:47,622 [INFO] Época 17/30, Batch 2650/3287, Loss: 0.0681
2025-10-09 19:03:47,879 [INFO] Época 17/30, Batch 2700/3287, Loss: 0.0594
2025-10-09 19:03:48,136 [INFO] Época 17/30, Batch 2750/3287, Loss: 0.0611
2025-10-09 19:03:48,395 [INFO] Época 17/30, Batch 2800/3287, Loss: 0.0726
2025-10-09 19:03:48,652 [INFO] Época 17/30, Batch 2850/3287, Loss: 0.0540
2025-10-09 19:03:48,911 [INFO] Época 17/30, Batch 2900/3287, Loss: 0.0902
2025-10-09 19:03:49,167 [INFO] Época 17/30, Batch 2950/3287, Loss: 0.0680
2025-10-09 19:03:49,423 [INFO] Época 17/30, Batch 3000/3287, Loss: 0.0727
2025-10-09 19:03:49,679 [INFO] Época 17/30, Batch 3050/3287, Loss: 0.0737
2025-10-09 19:03:49,936 [INFO] Época 17/30, Batch 3100/3287, Loss: 0.0916
2025-10-09 19:03:50,193 [INFO] Época 17/30, Batch 3150/3287, Loss: 0.0627
2025-10-09 19:03:50,452 [INFO] Época 17/30, Batch 3200/3287, Loss: 0.0710
2025-10-09 19:03:50,710 [INFO] Época 17/30, Batch 3250/3287, Loss: 0.0743
2025-10-09 19:03:52,384 [INFO] [17/30] Train Loss: 0.0762 | Val Loss: 0.0722 | Tempo: 18.69s
2025-10-09 19:03:52,974 [INFO] Época 18/30, Batch 50/3287, Loss: 0.0623
2025-10-09 19:03:53,240 [INFO] Época 18/30, Batch 100/3287, Loss: 0.0679
2025-10-09 19:03:53,499 [INFO] Época 18/30, Batch 150/3287, Loss: 0.0865
2025-10-09 19:03:53,760 [INFO] Época 18/30, Batch 200/3287, Loss: 0.0811
2025-10-09 19:03:54,016 [INFO] Época 18/30, Batch 250/3287, Loss: 0.0790
2025-10-09 19:03:54,277 [INFO] Época 18/30, Batch 300/3287, Loss: 0.0927
2025-10-09 19:03:54,532 [INFO] Época 18/30, Batch 350/3287, Loss: 0.0647
2025-10-09 19:03:54,789 [INFO] Época 18/30, Batch 400/3287, Loss: 0.0686
2025-10-09 19:03:55,042 [INFO] Época 18/30, Batch 450/3287, Loss: 0.0620
2025-10-09 19:03:55,292 [INFO] Época 18/30, Batch 500/3287, Loss: 0.0876
2025-10-09 19:03:55,544 [INFO] Época 18/30, Batch 550/3287, Loss: 0.0618
2025-10-09 19:03:55,797 [INFO] Época 18/30, Batch 600/3287, Loss: 0.0921
2025-10-09 19:03:56,049 [INFO] Época 18/30, Batch 650/3287, Loss: 0.0819
2025-10-09 19:03:56,298 [INFO] Época 18/30, Batch 700/3287, Loss: 0.0732
2025-10-09 19:03:56,541 [INFO] Época 18/30, Batch 750/3287, Loss: 0.0651
2025-10-09 19:03:56,789 [INFO] Época 18/30, Batch 800/3287, Loss: 0.0655
2025-10-09 19:03:57,044 [INFO] Época 18/30, Batch 850/3287, Loss: 0.0806
2025-10-09 19:03:57,297 [INFO] Época 18/30, Batch 900/3287, Loss: 0.0805
2025-10-09 19:03:57,549 [INFO] Época 18/30, Batch 950/3287, Loss: 0.0697
2025-10-09 19:03:57,801 [INFO] Época 18/30, Batch 1000/3287, Loss: 0.0701
2025-10-09 19:03:58,051 [INFO] Época 18/30, Batch 1050/3287, Loss: 0.0600
2025-10-09 19:03:58,300 [INFO] Época 18/30, Batch 1100/3287, Loss: 0.0960
2025-10-09 19:03:58,546 [INFO] Época 18/30, Batch 1150/3287, Loss: 0.0649
2025-10-09 19:03:58,793 [INFO] Época 18/30, Batch 1200/3287, Loss: 0.0706
2025-10-09 19:03:59,045 [INFO] Época 18/30, Batch 1250/3287, Loss: 0.0671
2025-10-09 19:03:59,295 [INFO] Época 18/30, Batch 1300/3287, Loss: 0.0621
2025-10-09 19:03:59,544 [INFO] Época 18/30, Batch 1350/3287, Loss: 0.0617
2025-10-09 19:03:59,797 [INFO] Época 18/30, Batch 1400/3287, Loss: 0.0649
2025-10-09 19:04:00,053 [INFO] Época 18/30, Batch 1450/3287, Loss: 0.0684
2025-10-09 19:04:00,308 [INFO] Época 18/30, Batch 1500/3287, Loss: 0.0665
2025-10-09 19:04:00,562 [INFO] Época 18/30, Batch 1550/3287, Loss: 0.0993
2025-10-09 19:04:00,813 [INFO] Época 18/30, Batch 1600/3287, Loss: 0.0656
2025-10-09 19:04:01,065 [INFO] Época 18/30, Batch 1650/3287, Loss: 0.0918
2025-10-09 19:04:01,316 [INFO] Época 18/30, Batch 1700/3287, Loss: 0.0773
2025-10-09 19:04:01,569 [INFO] Época 18/30, Batch 1750/3287, Loss: 0.0676
2025-10-09 19:04:01,824 [INFO] Época 18/30, Batch 1800/3287, Loss: 0.0798
2025-10-09 19:04:02,080 [INFO] Época 18/30, Batch 1850/3287, Loss: 0.0701
2025-10-09 19:04:02,335 [INFO] Época 18/30, Batch 1900/3287, Loss: 0.0876
2025-10-09 19:04:02,590 [INFO] Época 18/30, Batch 1950/3287, Loss: 0.0690
2025-10-09 19:04:02,845 [INFO] Época 18/30, Batch 2000/3287, Loss: 0.0925
2025-10-09 19:04:03,099 [INFO] Época 18/30, Batch 2050/3287, Loss: 0.0722
2025-10-09 19:04:03,352 [INFO] Época 18/30, Batch 2100/3287, Loss: 0.0596
2025-10-09 19:04:03,602 [INFO] Época 18/30, Batch 2150/3287, Loss: 0.0709
2025-10-09 19:04:03,854 [INFO] Época 18/30, Batch 2200/3287, Loss: 0.0821
2025-10-09 19:04:04,112 [INFO] Época 18/30, Batch 2250/3287, Loss: 0.0656
2025-10-09 19:04:04,366 [INFO] Época 18/30, Batch 2300/3287, Loss: 0.0849
2025-10-09 19:04:04,621 [INFO] Época 18/30, Batch 2350/3287, Loss: 0.0785
2025-10-09 19:04:04,873 [INFO] Época 18/30, Batch 2400/3287, Loss: 0.0608
2025-10-09 19:04:05,126 [INFO] Época 18/30, Batch 2450/3287, Loss: 0.0901
2025-10-09 19:04:05,382 [INFO] Época 18/30, Batch 2500/3287, Loss: 0.0767
2025-10-09 19:04:05,634 [INFO] Época 18/30, Batch 2550/3287, Loss: 0.0617
2025-10-09 19:04:05,889 [INFO] Época 18/30, Batch 2600/3287, Loss: 0.0862
2025-10-09 19:04:06,142 [INFO] Época 18/30, Batch 2650/3287, Loss: 0.0895
2025-10-09 19:04:06,397 [INFO] Época 18/30, Batch 2700/3287, Loss: 0.0771
2025-10-09 19:04:06,650 [INFO] Época 18/30, Batch 2750/3287, Loss: 0.0498
2025-10-09 19:04:06,902 [INFO] Época 18/30, Batch 2800/3287, Loss: 0.0425
2025-10-09 19:04:07,156 [INFO] Época 18/30, Batch 2850/3287, Loss: 0.0793
2025-10-09 19:04:07,408 [INFO] Época 18/30, Batch 2900/3287, Loss: 0.0829
2025-10-09 19:04:07,661 [INFO] Época 18/30, Batch 2950/3287, Loss: 0.0712
2025-10-09 19:04:07,916 [INFO] Época 18/30, Batch 3000/3287, Loss: 0.0847
2025-10-09 19:04:08,174 [INFO] Época 18/30, Batch 3050/3287, Loss: 0.0604
2025-10-09 19:04:08,433 [INFO] Época 18/30, Batch 3100/3287, Loss: 0.0651
2025-10-09 19:04:08,696 [INFO] Época 18/30, Batch 3150/3287, Loss: 0.0841
2025-10-09 19:04:08,954 [INFO] Época 18/30, Batch 3200/3287, Loss: 0.0834
2025-10-09 19:04:09,215 [INFO] Época 18/30, Batch 3250/3287, Loss: 0.0786
2025-10-09 19:04:10,921 [INFO] [18/30] Train Loss: 0.0776 | Val Loss: 0.0736 | Tempo: 18.54s
2025-10-09 19:04:10,922 [INFO] Early stopping ativado após 10 épocas sem melhoria
2025-10-09 19:04:10,922 [INFO] Treinamento concluído em 340.28 segundos (5.67 minutos)
2025-10-09 19:04:10,922 [INFO] Iniciando avaliação no conjunto de teste...
2025-10-09 19:04:12,345 [INFO] Avaliação do teste concluída em 1.42 segundos
2025-10-09 19:04:12,345 [INFO] MSE no teste: 0.0088
2025-10-09 19:04:12,345 [INFO] RMSE no teste: 0.0939
2025-10-09 19:04:12,345 [INFO] MAE no teste: 0.0688
2025-10-09 19:04:12,346 [INFO] Métricas salvas em /mnt/hdd/home/jdurao/ToolBox-ChemXAI/logs/mlp_att2_3D_metrics.json
