2025-10-09 16:21:52,369 [INFO] Iniciando treinamento do modelo mlp_att0_Avalon
2025-10-09 16:21:52,369 [INFO] Configuração: att_index=0, epochs=30, layers=[128, 64, 32], lr=0.001, batch_size=32, descriptor_type=Avalon
2025-10-09 16:21:52,369 [INFO] Diretório para modelos: /mnt/hdd/home/jdurao/ToolBox-ChemXAI/models
2025-10-09 16:21:52,369 [INFO] Carregando dados...
2025-10-09 16:21:52,447 [INFO] Preparando dataloaders sem ruído...
2025-10-09 16:25:57,828 [INFO] Dados carregados em 245.46 segundos
2025-10-09 16:25:57,828 [INFO] Tamanhos dos conjuntos - Treino: 107108, Validação: 13388, Teste: 13389
2025-10-09 16:25:57,828 [INFO] Usando dispositivo: cuda
2025-10-09 16:25:58,069 [INFO] Dimensão de entrada: 512, Dimensão de saída: 1
2025-10-09 16:25:58,070 [INFO] Criando modelo MLP com camadas: [128, 64, 32]
2025-10-09 16:25:58,074 [INFO] Modelo criado com 76033 parâmetros
2025-10-09 16:25:58,094 [INFO] Iniciando treinamento com 30 épocas...
2025-10-09 16:25:58,531 [INFO] Época 1/30, Batch 50/3348, Loss: 0.0044
2025-10-09 16:25:58,809 [INFO] Época 1/30, Batch 100/3348, Loss: 0.0024
2025-10-09 16:25:59,076 [INFO] Época 1/30, Batch 150/3348, Loss: 0.0011
2025-10-09 16:25:59,340 [INFO] Época 1/30, Batch 200/3348, Loss: 0.0009
2025-10-09 16:25:59,582 [INFO] Época 1/30, Batch 250/3348, Loss: 0.0005
2025-10-09 16:25:59,823 [INFO] Época 1/30, Batch 300/3348, Loss: 0.0011
2025-10-09 16:26:00,070 [INFO] Época 1/30, Batch 350/3348, Loss: 0.0004
2025-10-09 16:26:00,313 [INFO] Época 1/30, Batch 400/3348, Loss: 0.0008
2025-10-09 16:26:00,555 [INFO] Época 1/30, Batch 450/3348, Loss: 0.0005
2025-10-09 16:26:00,797 [INFO] Época 1/30, Batch 500/3348, Loss: 0.0008
2025-10-09 16:26:01,036 [INFO] Época 1/30, Batch 550/3348, Loss: 0.0005
2025-10-09 16:26:01,278 [INFO] Época 1/30, Batch 600/3348, Loss: 0.0007
2025-10-09 16:26:01,520 [INFO] Época 1/30, Batch 650/3348, Loss: 0.0006
2025-10-09 16:26:01,763 [INFO] Época 1/30, Batch 700/3348, Loss: 0.0005
2025-10-09 16:26:02,002 [INFO] Época 1/30, Batch 750/3348, Loss: 0.0005
2025-10-09 16:26:02,244 [INFO] Época 1/30, Batch 800/3348, Loss: 0.0007
2025-10-09 16:26:02,488 [INFO] Época 1/30, Batch 850/3348, Loss: 0.0006
2025-10-09 16:26:02,729 [INFO] Época 1/30, Batch 900/3348, Loss: 0.0006
2025-10-09 16:26:02,970 [INFO] Época 1/30, Batch 950/3348, Loss: 0.0007
2025-10-09 16:26:03,213 [INFO] Época 1/30, Batch 1000/3348, Loss: 0.0003
2025-10-09 16:26:03,452 [INFO] Época 1/30, Batch 1050/3348, Loss: 0.0005
2025-10-09 16:26:03,691 [INFO] Época 1/30, Batch 1100/3348, Loss: 0.0005
2025-10-09 16:26:03,930 [INFO] Época 1/30, Batch 1150/3348, Loss: 0.0008
2025-10-09 16:26:04,174 [INFO] Época 1/30, Batch 1200/3348, Loss: 0.0006
2025-10-09 16:26:04,417 [INFO] Época 1/30, Batch 1250/3348, Loss: 0.0005
2025-10-09 16:26:04,658 [INFO] Época 1/30, Batch 1300/3348, Loss: 0.0004
2025-10-09 16:26:04,897 [INFO] Época 1/30, Batch 1350/3348, Loss: 0.0004
2025-10-09 16:26:05,136 [INFO] Época 1/30, Batch 1400/3348, Loss: 0.0006
2025-10-09 16:26:05,374 [INFO] Época 1/30, Batch 1450/3348, Loss: 0.0006
2025-10-09 16:26:05,612 [INFO] Época 1/30, Batch 1500/3348, Loss: 0.0003
2025-10-09 16:26:05,850 [INFO] Época 1/30, Batch 1550/3348, Loss: 0.0004
2025-10-09 16:26:06,092 [INFO] Época 1/30, Batch 1600/3348, Loss: 0.0005
2025-10-09 16:26:06,331 [INFO] Época 1/30, Batch 1650/3348, Loss: 0.0005
2025-10-09 16:26:06,573 [INFO] Época 1/30, Batch 1700/3348, Loss: 0.0004
2025-10-09 16:26:06,811 [INFO] Época 1/30, Batch 1750/3348, Loss: 0.0007
2025-10-09 16:26:07,051 [INFO] Época 1/30, Batch 1800/3348, Loss: 0.0004
2025-10-09 16:26:07,290 [INFO] Época 1/30, Batch 1850/3348, Loss: 0.0003
2025-10-09 16:26:07,528 [INFO] Época 1/30, Batch 1900/3348, Loss: 0.0007
2025-10-09 16:26:07,767 [INFO] Época 1/30, Batch 1950/3348, Loss: 0.0006
2025-10-09 16:26:08,007 [INFO] Época 1/30, Batch 2000/3348, Loss: 0.0004
2025-10-09 16:26:08,245 [INFO] Época 1/30, Batch 2050/3348, Loss: 0.0005
2025-10-09 16:26:08,485 [INFO] Época 1/30, Batch 2100/3348, Loss: 0.0003
2025-10-09 16:26:08,725 [INFO] Época 1/30, Batch 2150/3348, Loss: 0.0004
2025-10-09 16:26:08,975 [INFO] Época 1/30, Batch 2200/3348, Loss: 0.0003
2025-10-09 16:26:09,243 [INFO] Época 1/30, Batch 2250/3348, Loss: 0.0004
2025-10-09 16:26:09,510 [INFO] Época 1/30, Batch 2300/3348, Loss: 0.0004
2025-10-09 16:26:09,775 [INFO] Época 1/30, Batch 2350/3348, Loss: 0.0008
2025-10-09 16:26:10,035 [INFO] Época 1/30, Batch 2400/3348, Loss: 0.0006
2025-10-09 16:26:10,291 [INFO] Época 1/30, Batch 2450/3348, Loss: 0.0003
2025-10-09 16:26:10,545 [INFO] Época 1/30, Batch 2500/3348, Loss: 0.0005
2025-10-09 16:26:10,804 [INFO] Época 1/30, Batch 2550/3348, Loss: 0.0005
2025-10-09 16:26:11,062 [INFO] Época 1/30, Batch 2600/3348, Loss: 0.0003
2025-10-09 16:26:11,324 [INFO] Época 1/30, Batch 2650/3348, Loss: 0.0004
2025-10-09 16:26:11,582 [INFO] Época 1/30, Batch 2700/3348, Loss: 0.0005
2025-10-09 16:26:11,821 [INFO] Época 1/30, Batch 2750/3348, Loss: 0.0004
2025-10-09 16:26:12,056 [INFO] Época 1/30, Batch 2800/3348, Loss: 0.0004
2025-10-09 16:26:12,291 [INFO] Época 1/30, Batch 2850/3348, Loss: 0.0004
2025-10-09 16:26:12,538 [INFO] Época 1/30, Batch 2900/3348, Loss: 0.0003
2025-10-09 16:26:12,783 [INFO] Época 1/30, Batch 2950/3348, Loss: 0.0003
2025-10-09 16:26:13,028 [INFO] Época 1/30, Batch 3000/3348, Loss: 0.0012
2025-10-09 16:26:13,275 [INFO] Época 1/30, Batch 3050/3348, Loss: 0.0003
2025-10-09 16:26:13,520 [INFO] Época 1/30, Batch 3100/3348, Loss: 0.0002
2025-10-09 16:26:13,767 [INFO] Época 1/30, Batch 3150/3348, Loss: 0.0005
2025-10-09 16:26:14,012 [INFO] Época 1/30, Batch 3200/3348, Loss: 0.0004
2025-10-09 16:26:14,265 [INFO] Época 1/30, Batch 3250/3348, Loss: 0.0004
2025-10-09 16:26:14,511 [INFO] Época 1/30, Batch 3300/3348, Loss: 0.0003
2025-10-09 16:26:15,981 [INFO] [1/30] Train Loss: 0.0051 | Val Loss: 0.0003 | Tempo: 17.89s
2025-10-09 16:26:15,985 [INFO] Melhor modelo salvo em: /mnt/hdd/home/jdurao/ToolBox-ChemXAI/models/mlp_qm9_Avalon_att0_large.pth
2025-10-09 16:26:16,417 [INFO] Época 2/30, Batch 50/3348, Loss: 0.0004
2025-10-09 16:26:16,680 [INFO] Época 2/30, Batch 100/3348, Loss: 0.0004
2025-10-09 16:26:16,940 [INFO] Época 2/30, Batch 150/3348, Loss: 0.0006
2025-10-09 16:26:17,193 [INFO] Época 2/30, Batch 200/3348, Loss: 0.0004
2025-10-09 16:26:17,447 [INFO] Época 2/30, Batch 250/3348, Loss: 0.0003
2025-10-09 16:26:17,702 [INFO] Época 2/30, Batch 300/3348, Loss: 0.0002
2025-10-09 16:26:17,960 [INFO] Época 2/30, Batch 350/3348, Loss: 0.0003
2025-10-09 16:26:18,215 [INFO] Época 2/30, Batch 400/3348, Loss: 0.0004
2025-10-09 16:26:18,470 [INFO] Época 2/30, Batch 450/3348, Loss: 0.0004
2025-10-09 16:26:18,727 [INFO] Época 2/30, Batch 500/3348, Loss: 0.0002
2025-10-09 16:26:18,976 [INFO] Época 2/30, Batch 550/3348, Loss: 0.0003
2025-10-09 16:26:19,220 [INFO] Época 2/30, Batch 600/3348, Loss: 0.0004
2025-10-09 16:26:19,463 [INFO] Época 2/30, Batch 650/3348, Loss: 0.0005
2025-10-09 16:26:19,707 [INFO] Época 2/30, Batch 700/3348, Loss: 0.0004
2025-10-09 16:26:19,952 [INFO] Época 2/30, Batch 750/3348, Loss: 0.0004
2025-10-09 16:26:20,194 [INFO] Época 2/30, Batch 800/3348, Loss: 0.0004
2025-10-09 16:26:20,437 [INFO] Época 2/30, Batch 850/3348, Loss: 0.0003
2025-10-09 16:26:20,679 [INFO] Época 2/30, Batch 900/3348, Loss: 0.0003
2025-10-09 16:26:20,922 [INFO] Época 2/30, Batch 950/3348, Loss: 0.0003
2025-10-09 16:26:21,173 [INFO] Época 2/30, Batch 1000/3348, Loss: 0.0003
2025-10-09 16:26:21,422 [INFO] Época 2/30, Batch 1050/3348, Loss: 0.0002
2025-10-09 16:26:21,673 [INFO] Época 2/30, Batch 1100/3348, Loss: 0.0003
2025-10-09 16:26:21,923 [INFO] Época 2/30, Batch 1150/3348, Loss: 0.0003
2025-10-09 16:26:22,173 [INFO] Época 2/30, Batch 1200/3348, Loss: 0.0004
2025-10-09 16:26:22,426 [INFO] Época 2/30, Batch 1250/3348, Loss: 0.0005
2025-10-09 16:26:22,667 [INFO] Época 2/30, Batch 1300/3348, Loss: 0.0005
2025-10-09 16:26:22,908 [INFO] Época 2/30, Batch 1350/3348, Loss: 0.0005
2025-10-09 16:26:23,165 [INFO] Época 2/30, Batch 1400/3348, Loss: 0.0003
2025-10-09 16:26:23,417 [INFO] Época 2/30, Batch 1450/3348, Loss: 0.0003
2025-10-09 16:26:23,671 [INFO] Época 2/30, Batch 1500/3348, Loss: 0.0004
2025-10-09 16:26:23,919 [INFO] Época 2/30, Batch 1550/3348, Loss: 0.0003
2025-10-09 16:26:24,177 [INFO] Época 2/30, Batch 1600/3348, Loss: 0.0002
2025-10-09 16:26:24,435 [INFO] Época 2/30, Batch 1650/3348, Loss: 0.0003
2025-10-09 16:26:24,690 [INFO] Época 2/30, Batch 1700/3348, Loss: 0.0002
2025-10-09 16:26:24,945 [INFO] Época 2/30, Batch 1750/3348, Loss: 0.0003
2025-10-09 16:26:25,199 [INFO] Época 2/30, Batch 1800/3348, Loss: 0.0002
2025-10-09 16:26:25,453 [INFO] Época 2/30, Batch 1850/3348, Loss: 0.0003
2025-10-09 16:26:25,711 [INFO] Época 2/30, Batch 1900/3348, Loss: 0.0003
2025-10-09 16:26:25,966 [INFO] Época 2/30, Batch 1950/3348, Loss: 0.0004
2025-10-09 16:26:26,224 [INFO] Época 2/30, Batch 2000/3348, Loss: 0.0004
2025-10-09 16:26:26,479 [INFO] Época 2/30, Batch 2050/3348, Loss: 0.0003
2025-10-09 16:26:26,735 [INFO] Época 2/30, Batch 2100/3348, Loss: 0.0003
2025-10-09 16:26:26,993 [INFO] Época 2/30, Batch 2150/3348, Loss: 0.0003
2025-10-09 16:26:27,249 [INFO] Época 2/30, Batch 2200/3348, Loss: 0.0004
2025-10-09 16:26:27,506 [INFO] Época 2/30, Batch 2250/3348, Loss: 0.0003
2025-10-09 16:26:27,763 [INFO] Época 2/30, Batch 2300/3348, Loss: 0.0003
2025-10-09 16:26:28,018 [INFO] Época 2/30, Batch 2350/3348, Loss: 0.0004
2025-10-09 16:26:28,275 [INFO] Época 2/30, Batch 2400/3348, Loss: 0.0004
2025-10-09 16:26:28,530 [INFO] Época 2/30, Batch 2450/3348, Loss: 0.0003
2025-10-09 16:26:28,785 [INFO] Época 2/30, Batch 2500/3348, Loss: 0.0003
2025-10-09 16:26:29,040 [INFO] Época 2/30, Batch 2550/3348, Loss: 0.0006
2025-10-09 16:26:29,297 [INFO] Época 2/30, Batch 2600/3348, Loss: 0.0008
2025-10-09 16:26:29,553 [INFO] Época 2/30, Batch 2650/3348, Loss: 0.0003
2025-10-09 16:26:29,810 [INFO] Época 2/30, Batch 2700/3348, Loss: 0.0003
2025-10-09 16:26:30,063 [INFO] Época 2/30, Batch 2750/3348, Loss: 0.0003
2025-10-09 16:26:30,319 [INFO] Época 2/30, Batch 2800/3348, Loss: 0.0004
2025-10-09 16:26:30,574 [INFO] Época 2/30, Batch 2850/3348, Loss: 0.0003
2025-10-09 16:26:30,830 [INFO] Época 2/30, Batch 2900/3348, Loss: 0.0007
2025-10-09 16:26:31,085 [INFO] Época 2/30, Batch 2950/3348, Loss: 0.0003
2025-10-09 16:26:31,332 [INFO] Época 2/30, Batch 3000/3348, Loss: 0.0004
2025-10-09 16:26:31,578 [INFO] Época 2/30, Batch 3050/3348, Loss: 0.0005
2025-10-09 16:26:31,824 [INFO] Época 2/30, Batch 3100/3348, Loss: 0.0004
2025-10-09 16:26:32,068 [INFO] Época 2/30, Batch 3150/3348, Loss: 0.0004
2025-10-09 16:26:32,317 [INFO] Época 2/30, Batch 3200/3348, Loss: 0.0003
2025-10-09 16:26:32,563 [INFO] Época 2/30, Batch 3250/3348, Loss: 0.0004
2025-10-09 16:26:32,810 [INFO] Época 2/30, Batch 3300/3348, Loss: 0.0005
2025-10-09 16:26:34,337 [INFO] [2/30] Train Loss: 0.0048 | Val Loss: 0.0003 | Tempo: 18.35s
2025-10-09 16:26:34,342 [INFO] Melhor modelo salvo em: /mnt/hdd/home/jdurao/ToolBox-ChemXAI/models/mlp_qm9_Avalon_att0_large.pth
2025-10-09 16:26:34,778 [INFO] Época 3/30, Batch 50/3348, Loss: 0.0002
2025-10-09 16:26:35,029 [INFO] Época 3/30, Batch 100/3348, Loss: 0.0003
2025-10-09 16:26:35,276 [INFO] Época 3/30, Batch 150/3348, Loss: 0.0004
2025-10-09 16:26:35,522 [INFO] Época 3/30, Batch 200/3348, Loss: 0.0003
2025-10-09 16:26:35,770 [INFO] Época 3/30, Batch 250/3348, Loss: 0.0003
2025-10-09 16:26:36,018 [INFO] Época 3/30, Batch 300/3348, Loss: 0.0004
2025-10-09 16:26:36,266 [INFO] Época 3/30, Batch 350/3348, Loss: 0.0003
2025-10-09 16:26:36,513 [INFO] Época 3/30, Batch 400/3348, Loss: 0.0004
2025-10-09 16:26:36,759 [INFO] Época 3/30, Batch 450/3348, Loss: 0.0003
2025-10-09 16:26:37,006 [INFO] Época 3/30, Batch 500/3348, Loss: 0.0002
2025-10-09 16:26:37,253 [INFO] Época 3/30, Batch 550/3348, Loss: 0.0003
2025-10-09 16:26:37,496 [INFO] Época 3/30, Batch 600/3348, Loss: 0.0002
2025-10-09 16:26:37,743 [INFO] Época 3/30, Batch 650/3348, Loss: 0.0004
2025-10-09 16:26:37,986 [INFO] Época 3/30, Batch 700/3348, Loss: 0.0009
2025-10-09 16:26:38,228 [INFO] Época 3/30, Batch 750/3348, Loss: 0.0004
2025-10-09 16:26:38,471 [INFO] Época 3/30, Batch 800/3348, Loss: 0.0003
2025-10-09 16:26:38,714 [INFO] Época 3/30, Batch 850/3348, Loss: 0.0005
2025-10-09 16:26:38,955 [INFO] Época 3/30, Batch 900/3348, Loss: 0.0006
2025-10-09 16:26:39,182 [INFO] Época 3/30, Batch 950/3348, Loss: 0.0003
2025-10-09 16:26:39,410 [INFO] Época 3/30, Batch 1000/3348, Loss: 0.0003
2025-10-09 16:26:39,641 [INFO] Época 3/30, Batch 1050/3348, Loss: 0.0006
2025-10-09 16:26:39,877 [INFO] Época 3/30, Batch 1100/3348, Loss: 0.0003
2025-10-09 16:26:40,115 [INFO] Época 3/30, Batch 1150/3348, Loss: 0.0003
2025-10-09 16:26:40,350 [INFO] Época 3/30, Batch 1200/3348, Loss: 0.0003
2025-10-09 16:26:40,588 [INFO] Época 3/30, Batch 1250/3348, Loss: 0.0002
2025-10-09 16:26:40,827 [INFO] Época 3/30, Batch 1300/3348, Loss: 0.0004
2025-10-09 16:26:41,069 [INFO] Época 3/30, Batch 1350/3348, Loss: 0.0003
2025-10-09 16:26:41,314 [INFO] Época 3/30, Batch 1400/3348, Loss: 0.0003
2025-10-09 16:26:41,559 [INFO] Época 3/30, Batch 1450/3348, Loss: 0.0003
2025-10-09 16:26:41,803 [INFO] Época 3/30, Batch 1500/3348, Loss: 0.0006
2025-10-09 16:26:42,045 [INFO] Época 3/30, Batch 1550/3348, Loss: 0.0003
2025-10-09 16:26:42,288 [INFO] Época 3/30, Batch 1600/3348, Loss: 0.0004
2025-10-09 16:26:42,533 [INFO] Época 3/30, Batch 1650/3348, Loss: 0.0002
2025-10-09 16:26:42,781 [INFO] Época 3/30, Batch 1700/3348, Loss: 0.0004
2025-10-09 16:26:43,024 [INFO] Época 3/30, Batch 1750/3348, Loss: 0.0005
2025-10-09 16:26:43,267 [INFO] Época 3/30, Batch 1800/3348, Loss: 0.0003
2025-10-09 16:26:43,509 [INFO] Época 3/30, Batch 1850/3348, Loss: 0.0004
2025-10-09 16:26:43,760 [INFO] Época 3/30, Batch 1900/3348, Loss: 0.0003
2025-10-09 16:26:44,017 [INFO] Época 3/30, Batch 1950/3348, Loss: 0.0003
2025-10-09 16:26:44,287 [INFO] Época 3/30, Batch 2000/3348, Loss: 0.0004
2025-10-09 16:26:44,560 [INFO] Época 3/30, Batch 2050/3348, Loss: 0.0004
2025-10-09 16:26:44,831 [INFO] Época 3/30, Batch 2100/3348, Loss: 0.0003
2025-10-09 16:26:45,075 [INFO] Época 3/30, Batch 2150/3348, Loss: 0.0003
2025-10-09 16:26:45,321 [INFO] Época 3/30, Batch 2200/3348, Loss: 0.0005
2025-10-09 16:26:45,565 [INFO] Época 3/30, Batch 2250/3348, Loss: 0.0003
2025-10-09 16:26:45,810 [INFO] Época 3/30, Batch 2300/3348, Loss: 0.0003
2025-10-09 16:26:46,054 [INFO] Época 3/30, Batch 2350/3348, Loss: 0.0007
2025-10-09 16:26:46,297 [INFO] Época 3/30, Batch 2400/3348, Loss: 0.0004
2025-10-09 16:26:46,542 [INFO] Época 3/30, Batch 2450/3348, Loss: 0.0003
2025-10-09 16:26:46,785 [INFO] Época 3/30, Batch 2500/3348, Loss: 0.0003
2025-10-09 16:26:47,027 [INFO] Época 3/30, Batch 2550/3348, Loss: 0.0003
2025-10-09 16:26:47,268 [INFO] Época 3/30, Batch 2600/3348, Loss: 0.0004
2025-10-09 16:26:47,509 [INFO] Época 3/30, Batch 2650/3348, Loss: 0.0004
2025-10-09 16:26:47,752 [INFO] Época 3/30, Batch 2700/3348, Loss: 0.0002
2025-10-09 16:26:47,993 [INFO] Época 3/30, Batch 2750/3348, Loss: 0.0003
2025-10-09 16:26:48,236 [INFO] Época 3/30, Batch 2800/3348, Loss: 0.0004
2025-10-09 16:26:48,479 [INFO] Época 3/30, Batch 2850/3348, Loss: 0.0004
2025-10-09 16:26:48,721 [INFO] Época 3/30, Batch 2900/3348, Loss: 0.0006
2025-10-09 16:26:48,964 [INFO] Época 3/30, Batch 2950/3348, Loss: 0.0003
2025-10-09 16:26:49,205 [INFO] Época 3/30, Batch 3000/3348, Loss: 0.0003
2025-10-09 16:26:49,448 [INFO] Época 3/30, Batch 3050/3348, Loss: 0.0002
2025-10-09 16:26:49,689 [INFO] Época 3/30, Batch 3100/3348, Loss: 0.0004
2025-10-09 16:26:49,932 [INFO] Época 3/30, Batch 3150/3348, Loss: 0.0004
2025-10-09 16:26:50,184 [INFO] Época 3/30, Batch 3200/3348, Loss: 0.0002
2025-10-09 16:26:50,449 [INFO] Época 3/30, Batch 3250/3348, Loss: 0.0004
2025-10-09 16:26:50,724 [INFO] Época 3/30, Batch 3300/3348, Loss: 0.0003
2025-10-09 16:26:52,255 [INFO] [3/30] Train Loss: 0.0048 | Val Loss: 0.0005 | Tempo: 17.91s
2025-10-09 16:26:52,701 [INFO] Época 4/30, Batch 50/3348, Loss: 0.0003
2025-10-09 16:26:52,960 [INFO] Época 4/30, Batch 100/3348, Loss: 0.0004
2025-10-09 16:26:53,215 [INFO] Época 4/30, Batch 150/3348, Loss: 0.0003
2025-10-09 16:26:53,468 [INFO] Época 4/30, Batch 200/3348, Loss: 0.0003
2025-10-09 16:26:53,724 [INFO] Época 4/30, Batch 250/3348, Loss: 0.0003
2025-10-09 16:26:53,972 [INFO] Época 4/30, Batch 300/3348, Loss: 0.0003
2025-10-09 16:26:54,218 [INFO] Época 4/30, Batch 350/3348, Loss: 0.0003
2025-10-09 16:26:54,460 [INFO] Época 4/30, Batch 400/3348, Loss: 0.0006
2025-10-09 16:26:54,708 [INFO] Época 4/30, Batch 450/3348, Loss: 0.0004
2025-10-09 16:26:54,951 [INFO] Época 4/30, Batch 500/3348, Loss: 0.0005
2025-10-09 16:26:55,194 [INFO] Época 4/30, Batch 550/3348, Loss: 0.0004
2025-10-09 16:26:55,437 [INFO] Época 4/30, Batch 600/3348, Loss: 0.0004
2025-10-09 16:26:55,681 [INFO] Época 4/30, Batch 650/3348, Loss: 0.0004
2025-10-09 16:26:55,931 [INFO] Época 4/30, Batch 700/3348, Loss: 0.0004
2025-10-09 16:26:56,182 [INFO] Época 4/30, Batch 750/3348, Loss: 0.0003
2025-10-09 16:26:56,432 [INFO] Época 4/30, Batch 800/3348, Loss: 0.0003
2025-10-09 16:26:56,681 [INFO] Época 4/30, Batch 850/3348, Loss: 0.0003
2025-10-09 16:26:56,927 [INFO] Época 4/30, Batch 900/3348, Loss: 0.0002
2025-10-09 16:26:57,179 [INFO] Época 4/30, Batch 950/3348, Loss: 0.0005
2025-10-09 16:26:57,430 [INFO] Época 4/30, Batch 1000/3348, Loss: 0.0004
2025-10-09 16:26:57,682 [INFO] Época 4/30, Batch 1050/3348, Loss: 0.0003
2025-10-09 16:26:57,931 [INFO] Época 4/30, Batch 1100/3348, Loss: 0.0004
2025-10-09 16:26:58,176 [INFO] Época 4/30, Batch 1150/3348, Loss: 0.0003
2025-10-09 16:26:58,419 [INFO] Época 4/30, Batch 1200/3348, Loss: 0.0003
2025-10-09 16:26:58,661 [INFO] Época 4/30, Batch 1250/3348, Loss: 0.0003
2025-10-09 16:26:58,900 [INFO] Época 4/30, Batch 1300/3348, Loss: 0.0003
2025-10-09 16:26:59,141 [INFO] Época 4/30, Batch 1350/3348, Loss: 0.0002
2025-10-09 16:26:59,383 [INFO] Época 4/30, Batch 1400/3348, Loss: 0.0002
2025-10-09 16:26:59,631 [INFO] Época 4/30, Batch 1450/3348, Loss: 0.0004
2025-10-09 16:26:59,875 [INFO] Época 4/30, Batch 1500/3348, Loss: 0.0003
2025-10-09 16:27:00,119 [INFO] Época 4/30, Batch 1550/3348, Loss: 0.0003
2025-10-09 16:27:00,360 [INFO] Época 4/30, Batch 1600/3348, Loss: 0.0003
2025-10-09 16:27:00,604 [INFO] Época 4/30, Batch 1650/3348, Loss: 0.0006
2025-10-09 16:27:00,850 [INFO] Época 4/30, Batch 1700/3348, Loss: 0.0004
2025-10-09 16:27:01,093 [INFO] Época 4/30, Batch 1750/3348, Loss: 0.0003
2025-10-09 16:27:01,334 [INFO] Época 4/30, Batch 1800/3348, Loss: 0.0002
2025-10-09 16:27:01,578 [INFO] Época 4/30, Batch 1850/3348, Loss: 0.0003
2025-10-09 16:27:01,819 [INFO] Época 4/30, Batch 1900/3348, Loss: 0.0002
2025-10-09 16:27:02,064 [INFO] Época 4/30, Batch 1950/3348, Loss: 0.0005
2025-10-09 16:27:02,310 [INFO] Época 4/30, Batch 2000/3348, Loss: 0.0003
2025-10-09 16:27:02,565 [INFO] Época 4/30, Batch 2050/3348, Loss: 0.0003
2025-10-09 16:27:02,813 [INFO] Época 4/30, Batch 2100/3348, Loss: 0.0005
2025-10-09 16:27:03,065 [INFO] Época 4/30, Batch 2150/3348, Loss: 0.0003
2025-10-09 16:27:03,314 [INFO] Época 4/30, Batch 2200/3348, Loss: 0.0004
2025-10-09 16:27:03,568 [INFO] Época 4/30, Batch 2250/3348, Loss: 0.0003
2025-10-09 16:27:03,818 [INFO] Época 4/30, Batch 2300/3348, Loss: 0.0004
2025-10-09 16:27:04,070 [INFO] Época 4/30, Batch 2350/3348, Loss: 0.0004
2025-10-09 16:27:04,321 [INFO] Época 4/30, Batch 2400/3348, Loss: 0.0004
2025-10-09 16:27:04,576 [INFO] Época 4/30, Batch 2450/3348, Loss: 0.0004
2025-10-09 16:27:04,828 [INFO] Época 4/30, Batch 2500/3348, Loss: 0.0003
2025-10-09 16:27:05,081 [INFO] Época 4/30, Batch 2550/3348, Loss: 0.0004
2025-10-09 16:27:05,332 [INFO] Época 4/30, Batch 2600/3348, Loss: 0.0004
2025-10-09 16:27:05,584 [INFO] Época 4/30, Batch 2650/3348, Loss: 0.0006
2025-10-09 16:27:05,831 [INFO] Época 4/30, Batch 2700/3348, Loss: 0.0004
2025-10-09 16:27:06,079 [INFO] Época 4/30, Batch 2750/3348, Loss: 0.0003
2025-10-09 16:27:06,328 [INFO] Época 4/30, Batch 2800/3348, Loss: 0.0004
2025-10-09 16:27:06,576 [INFO] Época 4/30, Batch 2850/3348, Loss: 0.0003
2025-10-09 16:27:06,824 [INFO] Época 4/30, Batch 2900/3348, Loss: 0.0003
2025-10-09 16:27:07,075 [INFO] Época 4/30, Batch 2950/3348, Loss: 0.0003
2025-10-09 16:27:07,323 [INFO] Época 4/30, Batch 3000/3348, Loss: 0.0003
2025-10-09 16:27:07,570 [INFO] Época 4/30, Batch 3050/3348, Loss: 0.0003
2025-10-09 16:27:07,818 [INFO] Época 4/30, Batch 3100/3348, Loss: 0.0003
2025-10-09 16:27:08,065 [INFO] Época 4/30, Batch 3150/3348, Loss: 0.0004
2025-10-09 16:27:08,312 [INFO] Época 4/30, Batch 3200/3348, Loss: 0.0005
2025-10-09 16:27:08,561 [INFO] Época 4/30, Batch 3250/3348, Loss: 0.0005
2025-10-09 16:27:08,811 [INFO] Época 4/30, Batch 3300/3348, Loss: 0.0003
2025-10-09 16:27:10,357 [INFO] [4/30] Train Loss: 0.0048 | Val Loss: 0.0004 | Tempo: 18.10s
2025-10-09 16:27:10,797 [INFO] Época 5/30, Batch 50/3348, Loss: 0.0004
2025-10-09 16:27:11,047 [INFO] Época 5/30, Batch 100/3348, Loss: 0.0004
2025-10-09 16:27:11,297 [INFO] Época 5/30, Batch 150/3348, Loss: 0.0003
2025-10-09 16:27:11,547 [INFO] Época 5/30, Batch 200/3348, Loss: 0.0002
2025-10-09 16:27:11,792 [INFO] Época 5/30, Batch 250/3348, Loss: 0.0003
2025-10-09 16:27:12,034 [INFO] Época 5/30, Batch 300/3348, Loss: 0.0002
2025-10-09 16:27:12,275 [INFO] Época 5/30, Batch 350/3348, Loss: 0.0006
2025-10-09 16:27:12,515 [INFO] Época 5/30, Batch 400/3348, Loss: 0.0004
2025-10-09 16:27:12,759 [INFO] Época 5/30, Batch 450/3348, Loss: 0.0005
2025-10-09 16:27:13,006 [INFO] Época 5/30, Batch 500/3348, Loss: 0.0004
2025-10-09 16:27:13,249 [INFO] Época 5/30, Batch 550/3348, Loss: 0.0004
2025-10-09 16:27:13,491 [INFO] Época 5/30, Batch 600/3348, Loss: 0.0006
2025-10-09 16:27:13,734 [INFO] Época 5/30, Batch 650/3348, Loss: 0.0004
2025-10-09 16:27:13,977 [INFO] Época 5/30, Batch 700/3348, Loss: 0.0003
2025-10-09 16:27:14,218 [INFO] Época 5/30, Batch 750/3348, Loss: 0.0003
2025-10-09 16:27:14,455 [INFO] Época 5/30, Batch 800/3348, Loss: 0.0003
2025-10-09 16:27:14,695 [INFO] Época 5/30, Batch 850/3348, Loss: 0.0004
2025-10-09 16:27:14,935 [INFO] Época 5/30, Batch 900/3348, Loss: 0.0003
2025-10-09 16:27:15,175 [INFO] Época 5/30, Batch 950/3348, Loss: 0.0003
2025-10-09 16:27:15,415 [INFO] Época 5/30, Batch 1000/3348, Loss: 0.0003
2025-10-09 16:27:15,655 [INFO] Época 5/30, Batch 1050/3348, Loss: 0.0003
2025-10-09 16:27:15,895 [INFO] Época 5/30, Batch 1100/3348, Loss: 0.0004
2025-10-09 16:27:16,136 [INFO] Época 5/30, Batch 1150/3348, Loss: 0.0004
2025-10-09 16:27:16,377 [INFO] Época 5/30, Batch 1200/3348, Loss: 0.0005
2025-10-09 16:27:16,620 [INFO] Época 5/30, Batch 1250/3348, Loss: 0.0003
2025-10-09 16:27:16,863 [INFO] Época 5/30, Batch 1300/3348, Loss: 0.0002
2025-10-09 16:27:17,113 [INFO] Época 5/30, Batch 1350/3348, Loss: 0.0003
2025-10-09 16:27:17,355 [INFO] Época 5/30, Batch 1400/3348, Loss: 0.0003
2025-10-09 16:27:17,598 [INFO] Época 5/30, Batch 1450/3348, Loss: 0.0003
2025-10-09 16:27:17,844 [INFO] Época 5/30, Batch 1500/3348, Loss: 0.0004
2025-10-09 16:27:18,086 [INFO] Época 5/30, Batch 1550/3348, Loss: 0.0003
2025-10-09 16:27:18,331 [INFO] Época 5/30, Batch 1600/3348, Loss: 0.0003
2025-10-09 16:27:18,574 [INFO] Época 5/30, Batch 1650/3348, Loss: 0.0004
2025-10-09 16:27:18,815 [INFO] Época 5/30, Batch 1700/3348, Loss: 0.0002
2025-10-09 16:27:19,057 [INFO] Época 5/30, Batch 1750/3348, Loss: 0.0003
2025-10-09 16:27:19,299 [INFO] Época 5/30, Batch 1800/3348, Loss: 0.0003
2025-10-09 16:27:19,541 [INFO] Época 5/30, Batch 1850/3348, Loss: 0.0004
2025-10-09 16:27:19,784 [INFO] Época 5/30, Batch 1900/3348, Loss: 0.0004
2025-10-09 16:27:20,025 [INFO] Época 5/30, Batch 1950/3348, Loss: 0.0003
2025-10-09 16:27:20,268 [INFO] Época 5/30, Batch 2000/3348, Loss: 0.0004
2025-10-09 16:27:20,511 [INFO] Época 5/30, Batch 2050/3348, Loss: 0.0003
2025-10-09 16:27:20,753 [INFO] Época 5/30, Batch 2100/3348, Loss: 0.0008
2025-10-09 16:27:20,994 [INFO] Época 5/30, Batch 2150/3348, Loss: 0.0004
2025-10-09 16:27:21,234 [INFO] Época 5/30, Batch 2200/3348, Loss: 0.0003
2025-10-09 16:27:21,476 [INFO] Época 5/30, Batch 2250/3348, Loss: 0.0003
2025-10-09 16:27:21,717 [INFO] Época 5/30, Batch 2300/3348, Loss: 0.0004
2025-10-09 16:27:21,959 [INFO] Época 5/30, Batch 2350/3348, Loss: 0.0003
2025-10-09 16:27:22,200 [INFO] Época 5/30, Batch 2400/3348, Loss: 0.0002
2025-10-09 16:27:22,441 [INFO] Época 5/30, Batch 2450/3348, Loss: 0.0003
2025-10-09 16:27:22,685 [INFO] Época 5/30, Batch 2500/3348, Loss: 0.0005
2025-10-09 16:27:22,929 [INFO] Época 5/30, Batch 2550/3348, Loss: 0.0003
2025-10-09 16:27:23,170 [INFO] Época 5/30, Batch 2600/3348, Loss: 0.0003
2025-10-09 16:27:23,412 [INFO] Época 5/30, Batch 2650/3348, Loss: 0.0003
2025-10-09 16:27:23,654 [INFO] Época 5/30, Batch 2700/3348, Loss: 0.0003
2025-10-09 16:27:23,893 [INFO] Época 5/30, Batch 2750/3348, Loss: 0.0003
2025-10-09 16:27:24,134 [INFO] Época 5/30, Batch 2800/3348, Loss: 0.0003
2025-10-09 16:27:24,384 [INFO] Época 5/30, Batch 2850/3348, Loss: 0.0003
2025-10-09 16:27:24,626 [INFO] Época 5/30, Batch 2900/3348, Loss: 0.0003
2025-10-09 16:27:24,863 [INFO] Época 5/30, Batch 2950/3348, Loss: 0.0003
2025-10-09 16:27:25,097 [INFO] Época 5/30, Batch 3000/3348, Loss: 0.0003
2025-10-09 16:27:25,334 [INFO] Época 5/30, Batch 3050/3348, Loss: 0.0005
2025-10-09 16:27:25,569 [INFO] Época 5/30, Batch 3100/3348, Loss: 0.0003
2025-10-09 16:27:25,805 [INFO] Época 5/30, Batch 3150/3348, Loss: 0.0003
2025-10-09 16:27:26,042 [INFO] Época 5/30, Batch 3200/3348, Loss: 0.0002
2025-10-09 16:27:26,278 [INFO] Época 5/30, Batch 3250/3348, Loss: 0.0003
2025-10-09 16:27:26,515 [INFO] Época 5/30, Batch 3300/3348, Loss: 0.0004
2025-10-09 16:27:28,022 [INFO] [5/30] Train Loss: 0.0047 | Val Loss: 0.0004 | Tempo: 17.66s
2025-10-09 16:27:28,476 [INFO] Época 6/30, Batch 50/3348, Loss: 0.0003
2025-10-09 16:27:28,746 [INFO] Época 6/30, Batch 100/3348, Loss: 0.0003
2025-10-09 16:27:29,011 [INFO] Época 6/30, Batch 150/3348, Loss: 0.0003
2025-10-09 16:27:29,274 [INFO] Época 6/30, Batch 200/3348, Loss: 0.0003
2025-10-09 16:27:29,539 [INFO] Época 6/30, Batch 250/3348, Loss: 0.0002
2025-10-09 16:27:29,804 [INFO] Época 6/30, Batch 300/3348, Loss: 0.0004
2025-10-09 16:27:30,065 [INFO] Época 6/30, Batch 350/3348, Loss: 0.0003
2025-10-09 16:27:30,324 [INFO] Época 6/30, Batch 400/3348, Loss: 0.0004
2025-10-09 16:27:30,585 [INFO] Época 6/30, Batch 450/3348, Loss: 0.0003
2025-10-09 16:27:30,846 [INFO] Época 6/30, Batch 500/3348, Loss: 0.0002
2025-10-09 16:27:31,109 [INFO] Época 6/30, Batch 550/3348, Loss: 0.0003
2025-10-09 16:27:31,369 [INFO] Época 6/30, Batch 600/3348, Loss: 0.0003
2025-10-09 16:27:31,624 [INFO] Época 6/30, Batch 650/3348, Loss: 0.0002
2025-10-09 16:27:31,884 [INFO] Época 6/30, Batch 700/3348, Loss: 0.0003
2025-10-09 16:27:32,144 [INFO] Época 6/30, Batch 750/3348, Loss: 0.0003
2025-10-09 16:27:32,405 [INFO] Época 6/30, Batch 800/3348, Loss: 0.0002
2025-10-09 16:27:32,661 [INFO] Época 6/30, Batch 850/3348, Loss: 0.0004
2025-10-09 16:27:32,915 [INFO] Época 6/30, Batch 900/3348, Loss: 0.0003
2025-10-09 16:27:33,172 [INFO] Época 6/30, Batch 950/3348, Loss: 0.0003
2025-10-09 16:27:33,427 [INFO] Época 6/30, Batch 1000/3348, Loss: 0.0002
2025-10-09 16:27:33,681 [INFO] Época 6/30, Batch 1050/3348, Loss: 0.0003
2025-10-09 16:27:33,925 [INFO] Época 6/30, Batch 1100/3348, Loss: 0.0003
2025-10-09 16:27:34,170 [INFO] Época 6/30, Batch 1150/3348, Loss: 0.0003
2025-10-09 16:27:34,414 [INFO] Época 6/30, Batch 1200/3348, Loss: 0.0003
2025-10-09 16:27:34,659 [INFO] Época 6/30, Batch 1250/3348, Loss: 0.0003
2025-10-09 16:27:34,904 [INFO] Época 6/30, Batch 1300/3348, Loss: 0.0004
2025-10-09 16:27:35,152 [INFO] Época 6/30, Batch 1350/3348, Loss: 0.0004
2025-10-09 16:27:35,400 [INFO] Época 6/30, Batch 1400/3348, Loss: 0.0002
2025-10-09 16:27:35,647 [INFO] Época 6/30, Batch 1450/3348, Loss: 0.0003
2025-10-09 16:27:35,898 [INFO] Época 6/30, Batch 1500/3348, Loss: 0.0003
2025-10-09 16:27:36,148 [INFO] Época 6/30, Batch 1550/3348, Loss: 0.0003
2025-10-09 16:27:36,400 [INFO] Época 6/30, Batch 1600/3348, Loss: 0.0004
2025-10-09 16:27:36,643 [INFO] Época 6/30, Batch 1650/3348, Loss: 0.0003
2025-10-09 16:27:36,885 [INFO] Época 6/30, Batch 1700/3348, Loss: 0.0004
2025-10-09 16:27:37,129 [INFO] Época 6/30, Batch 1750/3348, Loss: 0.0004
2025-10-09 16:27:37,372 [INFO] Época 6/30, Batch 1800/3348, Loss: 0.0003
2025-10-09 16:27:37,619 [INFO] Época 6/30, Batch 1850/3348, Loss: 0.0003
2025-10-09 16:27:37,874 [INFO] Época 6/30, Batch 1900/3348, Loss: 0.0004
2025-10-09 16:27:38,126 [INFO] Época 6/30, Batch 1950/3348, Loss: 0.0006
2025-10-09 16:27:38,368 [INFO] Época 6/30, Batch 2000/3348, Loss: 0.0003
2025-10-09 16:27:38,618 [INFO] Época 6/30, Batch 2050/3348, Loss: 0.0002
2025-10-09 16:27:38,873 [INFO] Época 6/30, Batch 2100/3348, Loss: 0.0003
2025-10-09 16:27:39,129 [INFO] Época 6/30, Batch 2150/3348, Loss: 0.0002
2025-10-09 16:27:39,385 [INFO] Época 6/30, Batch 2200/3348, Loss: 0.0003
2025-10-09 16:27:39,638 [INFO] Época 6/30, Batch 2250/3348, Loss: 0.0004
2025-10-09 16:27:39,880 [INFO] Época 6/30, Batch 2300/3348, Loss: 0.0003
2025-10-09 16:27:40,122 [INFO] Época 6/30, Batch 2350/3348, Loss: 0.0004
2025-10-09 16:27:40,366 [INFO] Época 6/30, Batch 2400/3348, Loss: 0.0003
2025-10-09 16:27:40,614 [INFO] Época 6/30, Batch 2450/3348, Loss: 0.0004
2025-10-09 16:27:40,863 [INFO] Época 6/30, Batch 2500/3348, Loss: 0.0002
2025-10-09 16:27:41,113 [INFO] Época 6/30, Batch 2550/3348, Loss: 0.0003
2025-10-09 16:27:41,361 [INFO] Época 6/30, Batch 2600/3348, Loss: 0.0003
2025-10-09 16:27:41,611 [INFO] Época 6/30, Batch 2650/3348, Loss: 0.0004
2025-10-09 16:27:41,860 [INFO] Época 6/30, Batch 2700/3348, Loss: 0.0003
2025-10-09 16:27:42,107 [INFO] Época 6/30, Batch 2750/3348, Loss: 0.0003
2025-10-09 16:27:42,357 [INFO] Época 6/30, Batch 2800/3348, Loss: 0.0005
2025-10-09 16:27:42,610 [INFO] Época 6/30, Batch 2850/3348, Loss: 0.0002
2025-10-09 16:27:42,873 [INFO] Época 6/30, Batch 2900/3348, Loss: 0.0005
2025-10-09 16:27:43,133 [INFO] Época 6/30, Batch 2950/3348, Loss: 0.0003
2025-10-09 16:27:43,393 [INFO] Época 6/30, Batch 3000/3348, Loss: 0.0003
2025-10-09 16:27:43,653 [INFO] Época 6/30, Batch 3050/3348, Loss: 0.0003
2025-10-09 16:27:43,914 [INFO] Época 6/30, Batch 3100/3348, Loss: 0.0002
2025-10-09 16:27:44,174 [INFO] Época 6/30, Batch 3150/3348, Loss: 0.0003
2025-10-09 16:27:44,433 [INFO] Época 6/30, Batch 3200/3348, Loss: 0.0003
2025-10-09 16:27:44,693 [INFO] Época 6/30, Batch 3250/3348, Loss: 0.0002
2025-10-09 16:27:44,952 [INFO] Época 6/30, Batch 3300/3348, Loss: 0.0003
2025-10-09 16:27:46,516 [INFO] [6/30] Train Loss: 0.0047 | Val Loss: 0.0003 | Tempo: 18.49s
2025-10-09 16:27:46,957 [INFO] Época 7/30, Batch 50/3348, Loss: 0.0002
2025-10-09 16:27:47,205 [INFO] Época 7/30, Batch 100/3348, Loss: 0.0003
2025-10-09 16:27:47,452 [INFO] Época 7/30, Batch 150/3348, Loss: 0.0003
2025-10-09 16:27:47,698 [INFO] Época 7/30, Batch 200/3348, Loss: 0.0003
2025-10-09 16:27:47,945 [INFO] Época 7/30, Batch 250/3348, Loss: 0.0003
2025-10-09 16:27:48,182 [INFO] Época 7/30, Batch 300/3348, Loss: 0.0005
2025-10-09 16:27:48,436 [INFO] Época 7/30, Batch 350/3348, Loss: 0.0003
2025-10-09 16:27:48,697 [INFO] Época 7/30, Batch 400/3348, Loss: 0.0002
2025-10-09 16:27:48,952 [INFO] Época 7/30, Batch 450/3348, Loss: 0.0004
2025-10-09 16:27:49,185 [INFO] Época 7/30, Batch 500/3348, Loss: 0.0003
2025-10-09 16:27:49,421 [INFO] Época 7/30, Batch 550/3348, Loss: 0.0003
2025-10-09 16:27:49,658 [INFO] Época 7/30, Batch 600/3348, Loss: 0.0003
2025-10-09 16:27:49,896 [INFO] Época 7/30, Batch 650/3348, Loss: 0.0003
2025-10-09 16:27:50,135 [INFO] Época 7/30, Batch 700/3348, Loss: 0.0002
2025-10-09 16:27:50,371 [INFO] Época 7/30, Batch 750/3348, Loss: 0.0002
2025-10-09 16:27:50,616 [INFO] Época 7/30, Batch 800/3348, Loss: 0.0002
2025-10-09 16:27:50,874 [INFO] Época 7/30, Batch 850/3348, Loss: 0.0003
2025-10-09 16:27:51,125 [INFO] Época 7/30, Batch 900/3348, Loss: 0.0004
2025-10-09 16:27:51,379 [INFO] Época 7/30, Batch 950/3348, Loss: 0.0002
2025-10-09 16:27:51,635 [INFO] Época 7/30, Batch 1000/3348, Loss: 0.0008
2025-10-09 16:27:51,892 [INFO] Época 7/30, Batch 1050/3348, Loss: 0.0002
2025-10-09 16:27:52,147 [INFO] Época 7/30, Batch 1100/3348, Loss: 0.0002
2025-10-09 16:27:52,404 [INFO] Época 7/30, Batch 1150/3348, Loss: 0.0002
2025-10-09 16:27:52,661 [INFO] Época 7/30, Batch 1200/3348, Loss: 0.0003
2025-10-09 16:27:52,919 [INFO] Época 7/30, Batch 1250/3348, Loss: 0.0002
2025-10-09 16:27:53,179 [INFO] Época 7/30, Batch 1300/3348, Loss: 0.0004
2025-10-09 16:27:53,440 [INFO] Época 7/30, Batch 1350/3348, Loss: 0.0002
2025-10-09 16:27:53,693 [INFO] Época 7/30, Batch 1400/3348, Loss: 0.0003
2025-10-09 16:27:53,939 [INFO] Época 7/30, Batch 1450/3348, Loss: 0.0003
2025-10-09 16:27:54,185 [INFO] Época 7/30, Batch 1500/3348, Loss: 0.0003
2025-10-09 16:27:54,431 [INFO] Época 7/30, Batch 1550/3348, Loss: 0.0003
2025-10-09 16:27:54,675 [INFO] Época 7/30, Batch 1600/3348, Loss: 0.0003
2025-10-09 16:27:54,917 [INFO] Época 7/30, Batch 1650/3348, Loss: 0.0002
2025-10-09 16:27:55,161 [INFO] Época 7/30, Batch 1700/3348, Loss: 0.0003
2025-10-09 16:27:55,405 [INFO] Época 7/30, Batch 1750/3348, Loss: 0.0003
2025-10-09 16:27:55,668 [INFO] Época 7/30, Batch 1800/3348, Loss: 0.0004
2025-10-09 16:27:55,940 [INFO] Época 7/30, Batch 1850/3348, Loss: 0.0003
2025-10-09 16:27:56,211 [INFO] Época 7/30, Batch 1900/3348, Loss: 0.0003
2025-10-09 16:27:56,483 [INFO] Época 7/30, Batch 1950/3348, Loss: 0.0003
2025-10-09 16:27:56,752 [INFO] Época 7/30, Batch 2000/3348, Loss: 0.0003
2025-10-09 16:27:57,004 [INFO] Época 7/30, Batch 2050/3348, Loss: 0.0003
2025-10-09 16:27:57,245 [INFO] Época 7/30, Batch 2100/3348, Loss: 0.0003
2025-10-09 16:27:57,487 [INFO] Época 7/30, Batch 2150/3348, Loss: 0.0003
2025-10-09 16:27:57,729 [INFO] Época 7/30, Batch 2200/3348, Loss: 0.0003
2025-10-09 16:27:57,974 [INFO] Época 7/30, Batch 2250/3348, Loss: 0.0003
2025-10-09 16:27:58,226 [INFO] Época 7/30, Batch 2300/3348, Loss: 0.0003
2025-10-09 16:27:58,479 [INFO] Época 7/30, Batch 2350/3348, Loss: 0.0002
2025-10-09 16:27:58,733 [INFO] Época 7/30, Batch 2400/3348, Loss: 0.0002
2025-10-09 16:27:58,986 [INFO] Época 7/30, Batch 2450/3348, Loss: 0.0003
2025-10-09 16:27:59,240 [INFO] Época 7/30, Batch 2500/3348, Loss: 0.0004
2025-10-09 16:27:59,496 [INFO] Época 7/30, Batch 2550/3348, Loss: 0.0002
2025-10-09 16:27:59,745 [INFO] Época 7/30, Batch 2600/3348, Loss: 0.0004
2025-10-09 16:27:59,988 [INFO] Época 7/30, Batch 2650/3348, Loss: 0.0005
2025-10-09 16:28:00,232 [INFO] Época 7/30, Batch 2700/3348, Loss: 0.0003
2025-10-09 16:28:00,485 [INFO] Época 7/30, Batch 2750/3348, Loss: 0.0004
2025-10-09 16:28:00,730 [INFO] Época 7/30, Batch 2800/3348, Loss: 0.0002
2025-10-09 16:28:00,976 [INFO] Época 7/30, Batch 2850/3348, Loss: 0.0002
2025-10-09 16:28:01,230 [INFO] Época 7/30, Batch 2900/3348, Loss: 0.0003
2025-10-09 16:28:01,481 [INFO] Época 7/30, Batch 2950/3348, Loss: 0.0004
2025-10-09 16:28:01,725 [INFO] Época 7/30, Batch 3000/3348, Loss: 0.0003
2025-10-09 16:28:01,969 [INFO] Época 7/30, Batch 3050/3348, Loss: 0.0003
2025-10-09 16:28:02,213 [INFO] Época 7/30, Batch 3100/3348, Loss: 0.0004
2025-10-09 16:28:02,456 [INFO] Época 7/30, Batch 3150/3348, Loss: 0.0003
2025-10-09 16:28:02,700 [INFO] Época 7/30, Batch 3200/3348, Loss: 0.0004
2025-10-09 16:28:02,943 [INFO] Época 7/30, Batch 3250/3348, Loss: 0.0003
2025-10-09 16:28:03,185 [INFO] Época 7/30, Batch 3300/3348, Loss: 0.0004
2025-10-09 16:28:04,724 [INFO] [7/30] Train Loss: 0.0047 | Val Loss: 0.0003 | Tempo: 18.21s
2025-10-09 16:28:05,159 [INFO] Época 8/30, Batch 50/3348, Loss: 0.0003
2025-10-09 16:28:05,408 [INFO] Época 8/30, Batch 100/3348, Loss: 0.0005
2025-10-09 16:28:05,655 [INFO] Época 8/30, Batch 150/3348, Loss: 0.0004
2025-10-09 16:28:05,900 [INFO] Época 8/30, Batch 200/3348, Loss: 0.0004
2025-10-09 16:28:06,144 [INFO] Época 8/30, Batch 250/3348, Loss: 0.0013
2025-10-09 16:28:06,389 [INFO] Época 8/30, Batch 300/3348, Loss: 0.0003
2025-10-09 16:28:06,634 [INFO] Época 8/30, Batch 350/3348, Loss: 0.0002
2025-10-09 16:28:06,878 [INFO] Época 8/30, Batch 400/3348, Loss: 0.0003
2025-10-09 16:28:07,123 [INFO] Época 8/30, Batch 450/3348, Loss: 0.0002
2025-10-09 16:28:07,366 [INFO] Época 8/30, Batch 500/3348, Loss: 0.0006
2025-10-09 16:28:07,614 [INFO] Época 8/30, Batch 550/3348, Loss: 0.0003
2025-10-09 16:28:07,859 [INFO] Época 8/30, Batch 600/3348, Loss: 0.0003
2025-10-09 16:28:08,102 [INFO] Época 8/30, Batch 650/3348, Loss: 0.0003
2025-10-09 16:28:08,344 [INFO] Época 8/30, Batch 700/3348, Loss: 0.0002
2025-10-09 16:28:08,594 [INFO] Época 8/30, Batch 750/3348, Loss: 0.0002
2025-10-09 16:28:08,844 [INFO] Época 8/30, Batch 800/3348, Loss: 0.0002
2025-10-09 16:28:09,090 [INFO] Época 8/30, Batch 850/3348, Loss: 0.0004
2025-10-09 16:28:09,331 [INFO] Época 8/30, Batch 900/3348, Loss: 0.0003
2025-10-09 16:28:09,572 [INFO] Época 8/30, Batch 950/3348, Loss: 0.0002
2025-10-09 16:28:09,815 [INFO] Época 8/30, Batch 1000/3348, Loss: 0.0003
2025-10-09 16:28:10,058 [INFO] Época 8/30, Batch 1050/3348, Loss: 0.0003
2025-10-09 16:28:10,302 [INFO] Época 8/30, Batch 1100/3348, Loss: 0.0004
2025-10-09 16:28:10,543 [INFO] Época 8/30, Batch 1150/3348, Loss: 0.0003
2025-10-09 16:28:10,787 [INFO] Época 8/30, Batch 1200/3348, Loss: 0.0003
2025-10-09 16:28:11,032 [INFO] Época 8/30, Batch 1250/3348, Loss: 0.0002
2025-10-09 16:28:11,273 [INFO] Época 8/30, Batch 1300/3348, Loss: 0.0003
2025-10-09 16:28:11,517 [INFO] Época 8/30, Batch 1350/3348, Loss: 0.0003
2025-10-09 16:28:11,766 [INFO] Época 8/30, Batch 1400/3348, Loss: 0.0003
2025-10-09 16:28:12,017 [INFO] Época 8/30, Batch 1450/3348, Loss: 0.0002
2025-10-09 16:28:12,264 [INFO] Época 8/30, Batch 1500/3348, Loss: 0.0003
2025-10-09 16:28:12,515 [INFO] Época 8/30, Batch 1550/3348, Loss: 0.0004
2025-10-09 16:28:12,753 [INFO] Época 8/30, Batch 1600/3348, Loss: 0.0002
2025-10-09 16:28:12,989 [INFO] Época 8/30, Batch 1650/3348, Loss: 0.0002
2025-10-09 16:28:13,224 [INFO] Época 8/30, Batch 1700/3348, Loss: 0.0002
2025-10-09 16:28:13,457 [INFO] Época 8/30, Batch 1750/3348, Loss: 0.0003
2025-10-09 16:28:13,691 [INFO] Época 8/30, Batch 1800/3348, Loss: 0.0002
2025-10-09 16:28:13,922 [INFO] Época 8/30, Batch 1850/3348, Loss: 0.0002
2025-10-09 16:28:14,145 [INFO] Época 8/30, Batch 1900/3348, Loss: 0.0002
2025-10-09 16:28:14,371 [INFO] Época 8/30, Batch 1950/3348, Loss: 0.0003
2025-10-09 16:28:14,603 [INFO] Época 8/30, Batch 2000/3348, Loss: 0.0004
2025-10-09 16:28:14,837 [INFO] Época 8/30, Batch 2050/3348, Loss: 0.0003
2025-10-09 16:28:15,073 [INFO] Época 8/30, Batch 2100/3348, Loss: 0.0002
2025-10-09 16:28:15,310 [INFO] Época 8/30, Batch 2150/3348, Loss: 0.0003
2025-10-09 16:28:15,543 [INFO] Época 8/30, Batch 2200/3348, Loss: 0.0002
2025-10-09 16:28:15,770 [INFO] Época 8/30, Batch 2250/3348, Loss: 0.0004
2025-10-09 16:28:15,996 [INFO] Época 8/30, Batch 2300/3348, Loss: 0.0002
2025-10-09 16:28:16,219 [INFO] Época 8/30, Batch 2350/3348, Loss: 0.0003
2025-10-09 16:28:16,448 [INFO] Época 8/30, Batch 2400/3348, Loss: 0.0002
2025-10-09 16:28:16,675 [INFO] Época 8/30, Batch 2450/3348, Loss: 0.0003
2025-10-09 16:28:16,898 [INFO] Época 8/30, Batch 2500/3348, Loss: 0.0003
2025-10-09 16:28:17,127 [INFO] Época 8/30, Batch 2550/3348, Loss: 0.0004
2025-10-09 16:28:17,357 [INFO] Época 8/30, Batch 2600/3348, Loss: 0.0003
2025-10-09 16:28:17,587 [INFO] Época 8/30, Batch 2650/3348, Loss: 0.0004
2025-10-09 16:28:17,823 [INFO] Época 8/30, Batch 2700/3348, Loss: 0.0002
2025-10-09 16:28:18,068 [INFO] Época 8/30, Batch 2750/3348, Loss: 0.0003
2025-10-09 16:28:18,323 [INFO] Época 8/30, Batch 2800/3348, Loss: 0.0002
2025-10-09 16:28:18,575 [INFO] Época 8/30, Batch 2850/3348, Loss: 0.0004
2025-10-09 16:28:18,826 [INFO] Época 8/30, Batch 2900/3348, Loss: 0.0003
2025-10-09 16:28:19,080 [INFO] Época 8/30, Batch 2950/3348, Loss: 0.0003
2025-10-09 16:28:19,336 [INFO] Época 8/30, Batch 3000/3348, Loss: 0.0003
2025-10-09 16:28:19,588 [INFO] Época 8/30, Batch 3050/3348, Loss: 0.0002
2025-10-09 16:28:19,843 [INFO] Época 8/30, Batch 3100/3348, Loss: 0.0003
2025-10-09 16:28:20,094 [INFO] Época 8/30, Batch 3150/3348, Loss: 0.0004
2025-10-09 16:28:20,346 [INFO] Época 8/30, Batch 3200/3348, Loss: 0.0003
2025-10-09 16:28:20,595 [INFO] Época 8/30, Batch 3250/3348, Loss: 0.0003
2025-10-09 16:28:20,853 [INFO] Época 8/30, Batch 3300/3348, Loss: 0.0002
2025-10-09 16:28:22,366 [INFO] [8/30] Train Loss: 0.0047 | Val Loss: 0.0003 | Tempo: 17.64s
2025-10-09 16:28:22,372 [INFO] Melhor modelo salvo em: /mnt/hdd/home/jdurao/ToolBox-ChemXAI/models/mlp_qm9_Avalon_att0_large.pth
2025-10-09 16:28:22,831 [INFO] Época 9/30, Batch 50/3348, Loss: 0.0002
2025-10-09 16:28:23,099 [INFO] Época 9/30, Batch 100/3348, Loss: 0.0002
2025-10-09 16:28:23,365 [INFO] Época 9/30, Batch 150/3348, Loss: 0.0003
2025-10-09 16:28:23,629 [INFO] Época 9/30, Batch 200/3348, Loss: 0.0002
2025-10-09 16:28:23,893 [INFO] Época 9/30, Batch 250/3348, Loss: 0.0003
2025-10-09 16:28:24,157 [INFO] Época 9/30, Batch 300/3348, Loss: 0.0003
2025-10-09 16:28:24,422 [INFO] Época 9/30, Batch 350/3348, Loss: 0.0003
2025-10-09 16:28:24,683 [INFO] Época 9/30, Batch 400/3348, Loss: 0.0002
2025-10-09 16:28:24,943 [INFO] Época 9/30, Batch 450/3348, Loss: 0.0002
2025-10-09 16:28:25,204 [INFO] Época 9/30, Batch 500/3348, Loss: 0.0004
2025-10-09 16:28:25,466 [INFO] Época 9/30, Batch 550/3348, Loss: 0.0003
2025-10-09 16:28:25,727 [INFO] Época 9/30, Batch 600/3348, Loss: 0.0003
2025-10-09 16:28:25,987 [INFO] Época 9/30, Batch 650/3348, Loss: 0.0003
2025-10-09 16:28:26,247 [INFO] Época 9/30, Batch 700/3348, Loss: 0.0002
2025-10-09 16:28:26,508 [INFO] Época 9/30, Batch 750/3348, Loss: 0.0003
2025-10-09 16:28:26,769 [INFO] Época 9/30, Batch 800/3348, Loss: 0.0004
2025-10-09 16:28:27,027 [INFO] Época 9/30, Batch 850/3348, Loss: 0.0002
2025-10-09 16:28:27,283 [INFO] Época 9/30, Batch 900/3348, Loss: 0.0003
2025-10-09 16:28:27,542 [INFO] Época 9/30, Batch 950/3348, Loss: 0.0003
2025-10-09 16:28:27,804 [INFO] Época 9/30, Batch 1000/3348, Loss: 0.0003
2025-10-09 16:28:28,065 [INFO] Época 9/30, Batch 1050/3348, Loss: 0.0003
2025-10-09 16:28:28,322 [INFO] Época 9/30, Batch 1100/3348, Loss: 0.0003
2025-10-09 16:28:28,588 [INFO] Época 9/30, Batch 1150/3348, Loss: 0.0002
2025-10-09 16:28:28,848 [INFO] Época 9/30, Batch 1200/3348, Loss: 0.0003
2025-10-09 16:28:29,106 [INFO] Época 9/30, Batch 1250/3348, Loss: 0.0003
2025-10-09 16:28:29,356 [INFO] Época 9/30, Batch 1300/3348, Loss: 0.0003
2025-10-09 16:28:29,597 [INFO] Época 9/30, Batch 1350/3348, Loss: 0.0004
2025-10-09 16:28:29,843 [INFO] Época 9/30, Batch 1400/3348, Loss: 0.0003
2025-10-09 16:28:30,100 [INFO] Época 9/30, Batch 1450/3348, Loss: 0.0003
2025-10-09 16:28:30,358 [INFO] Época 9/30, Batch 1500/3348, Loss: 0.0002
2025-10-09 16:28:30,616 [INFO] Época 9/30, Batch 1550/3348, Loss: 0.0002
2025-10-09 16:28:30,860 [INFO] Época 9/30, Batch 1600/3348, Loss: 0.0003
2025-10-09 16:28:31,103 [INFO] Época 9/30, Batch 1650/3348, Loss: 0.0002
2025-10-09 16:28:31,345 [INFO] Época 9/30, Batch 1700/3348, Loss: 0.0002
2025-10-09 16:28:31,586 [INFO] Época 9/30, Batch 1750/3348, Loss: 0.0003
2025-10-09 16:28:31,828 [INFO] Época 9/30, Batch 1800/3348, Loss: 0.0003
2025-10-09 16:28:32,070 [INFO] Época 9/30, Batch 1850/3348, Loss: 0.0002
2025-10-09 16:28:32,313 [INFO] Época 9/30, Batch 1900/3348, Loss: 0.0002
2025-10-09 16:28:32,553 [INFO] Época 9/30, Batch 1950/3348, Loss: 0.0003
2025-10-09 16:28:32,809 [INFO] Época 9/30, Batch 2000/3348, Loss: 0.0003
2025-10-09 16:28:33,075 [INFO] Época 9/30, Batch 2050/3348, Loss: 0.0003
2025-10-09 16:28:33,335 [INFO] Época 9/30, Batch 2100/3348, Loss: 0.0003
2025-10-09 16:28:33,596 [INFO] Época 9/30, Batch 2150/3348, Loss: 0.0002
2025-10-09 16:28:33,836 [INFO] Época 9/30, Batch 2200/3348, Loss: 0.0003
2025-10-09 16:28:34,079 [INFO] Época 9/30, Batch 2250/3348, Loss: 0.0003
2025-10-09 16:28:34,318 [INFO] Época 9/30, Batch 2300/3348, Loss: 0.0003
2025-10-09 16:28:34,570 [INFO] Época 9/30, Batch 2350/3348, Loss: 0.0002
2025-10-09 16:28:34,836 [INFO] Época 9/30, Batch 2400/3348, Loss: 0.0003
2025-10-09 16:28:35,103 [INFO] Época 9/30, Batch 2450/3348, Loss: 0.0003
2025-10-09 16:28:35,369 [INFO] Época 9/30, Batch 2500/3348, Loss: 0.0002
2025-10-09 16:28:35,636 [INFO] Época 9/30, Batch 2550/3348, Loss: 0.0003
2025-10-09 16:28:35,902 [INFO] Época 9/30, Batch 2600/3348, Loss: 0.0002
2025-10-09 16:28:36,171 [INFO] Época 9/30, Batch 2650/3348, Loss: 0.0004
2025-10-09 16:28:36,438 [INFO] Época 9/30, Batch 2700/3348, Loss: 0.0002
2025-10-09 16:28:36,682 [INFO] Época 9/30, Batch 2750/3348, Loss: 0.0002
2025-10-09 16:28:36,921 [INFO] Época 9/30, Batch 2800/3348, Loss: 0.0003
2025-10-09 16:28:37,163 [INFO] Época 9/30, Batch 2850/3348, Loss: 0.0003
2025-10-09 16:28:37,405 [INFO] Época 9/30, Batch 2900/3348, Loss: 0.0002
2025-10-09 16:28:37,645 [INFO] Época 9/30, Batch 2950/3348, Loss: 0.0003
2025-10-09 16:28:37,886 [INFO] Época 9/30, Batch 3000/3348, Loss: 0.0003
2025-10-09 16:28:38,141 [INFO] Época 9/30, Batch 3050/3348, Loss: 0.0005
2025-10-09 16:28:38,397 [INFO] Época 9/30, Batch 3100/3348, Loss: 0.0004
2025-10-09 16:28:38,642 [INFO] Época 9/30, Batch 3150/3348, Loss: 0.0002
2025-10-09 16:28:38,882 [INFO] Época 9/30, Batch 3200/3348, Loss: 0.0002
2025-10-09 16:28:39,123 [INFO] Época 9/30, Batch 3250/3348, Loss: 0.0003
2025-10-09 16:28:39,362 [INFO] Época 9/30, Batch 3300/3348, Loss: 0.0002
2025-10-09 16:28:40,860 [INFO] [9/30] Train Loss: 0.0047 | Val Loss: 0.0003 | Tempo: 18.49s
2025-10-09 16:28:40,865 [INFO] Melhor modelo salvo em: /mnt/hdd/home/jdurao/ToolBox-ChemXAI/models/mlp_qm9_Avalon_att0_large.pth
2025-10-09 16:28:41,310 [INFO] Época 10/30, Batch 50/3348, Loss: 0.0003
2025-10-09 16:28:41,557 [INFO] Época 10/30, Batch 100/3348, Loss: 0.0003
2025-10-09 16:28:41,804 [INFO] Época 10/30, Batch 150/3348, Loss: 0.0003
2025-10-09 16:28:42,049 [INFO] Época 10/30, Batch 200/3348, Loss: 0.0002
2025-10-09 16:28:42,292 [INFO] Época 10/30, Batch 250/3348, Loss: 0.0003
2025-10-09 16:28:42,537 [INFO] Época 10/30, Batch 300/3348, Loss: 0.0003
2025-10-09 16:28:42,780 [INFO] Época 10/30, Batch 350/3348, Loss: 0.0002
2025-10-09 16:28:43,024 [INFO] Época 10/30, Batch 400/3348, Loss: 0.0002
2025-10-09 16:28:43,268 [INFO] Época 10/30, Batch 450/3348, Loss: 0.0002
2025-10-09 16:28:43,510 [INFO] Época 10/30, Batch 500/3348, Loss: 0.0003
2025-10-09 16:28:43,753 [INFO] Época 10/30, Batch 550/3348, Loss: 0.0002
2025-10-09 16:28:43,996 [INFO] Época 10/30, Batch 600/3348, Loss: 0.0003
2025-10-09 16:28:44,238 [INFO] Época 10/30, Batch 650/3348, Loss: 0.0003
2025-10-09 16:28:44,495 [INFO] Época 10/30, Batch 700/3348, Loss: 0.0003
2025-10-09 16:28:44,750 [INFO] Época 10/30, Batch 750/3348, Loss: 0.0003
2025-10-09 16:28:44,998 [INFO] Época 10/30, Batch 800/3348, Loss: 0.0003
2025-10-09 16:28:45,250 [INFO] Época 10/30, Batch 850/3348, Loss: 0.0002
2025-10-09 16:28:45,503 [INFO] Época 10/30, Batch 900/3348, Loss: 0.0003
2025-10-09 16:28:45,751 [INFO] Época 10/30, Batch 950/3348, Loss: 0.0003
2025-10-09 16:28:46,002 [INFO] Época 10/30, Batch 1000/3348, Loss: 0.0002
2025-10-09 16:28:46,252 [INFO] Época 10/30, Batch 1050/3348, Loss: 0.0003
2025-10-09 16:28:46,502 [INFO] Época 10/30, Batch 1100/3348, Loss: 0.0003
2025-10-09 16:28:46,753 [INFO] Época 10/30, Batch 1150/3348, Loss: 0.0003
2025-10-09 16:28:47,002 [INFO] Época 10/30, Batch 1200/3348, Loss: 0.0003
2025-10-09 16:28:47,253 [INFO] Época 10/30, Batch 1250/3348, Loss: 0.0003
2025-10-09 16:28:47,506 [INFO] Época 10/30, Batch 1300/3348, Loss: 0.0003
2025-10-09 16:28:47,759 [INFO] Época 10/30, Batch 1350/3348, Loss: 0.0002
2025-10-09 16:28:48,013 [INFO] Época 10/30, Batch 1400/3348, Loss: 0.0003
2025-10-09 16:28:48,265 [INFO] Época 10/30, Batch 1450/3348, Loss: 0.0002
2025-10-09 16:28:48,519 [INFO] Época 10/30, Batch 1500/3348, Loss: 0.0004
2025-10-09 16:28:48,772 [INFO] Época 10/30, Batch 1550/3348, Loss: 0.0003
2025-10-09 16:28:49,020 [INFO] Época 10/30, Batch 1600/3348, Loss: 0.0004
2025-10-09 16:28:49,261 [INFO] Época 10/30, Batch 1650/3348, Loss: 0.0003
2025-10-09 16:28:49,502 [INFO] Época 10/30, Batch 1700/3348, Loss: 0.0003
2025-10-09 16:28:49,743 [INFO] Época 10/30, Batch 1750/3348, Loss: 0.0002
2025-10-09 16:28:49,993 [INFO] Época 10/30, Batch 1800/3348, Loss: 0.0002
2025-10-09 16:28:50,239 [INFO] Época 10/30, Batch 1850/3348, Loss: 0.0002
2025-10-09 16:28:50,485 [INFO] Época 10/30, Batch 1900/3348, Loss: 0.0003
2025-10-09 16:28:50,730 [INFO] Época 10/30, Batch 1950/3348, Loss: 0.0002
2025-10-09 16:28:50,973 [INFO] Época 10/30, Batch 2000/3348, Loss: 0.0002
2025-10-09 16:28:51,215 [INFO] Época 10/30, Batch 2050/3348, Loss: 0.0002
2025-10-09 16:28:51,455 [INFO] Época 10/30, Batch 2100/3348, Loss: 0.0002
2025-10-09 16:28:51,693 [INFO] Época 10/30, Batch 2150/3348, Loss: 0.0003
2025-10-09 16:28:51,934 [INFO] Época 10/30, Batch 2200/3348, Loss: 0.0004
2025-10-09 16:28:52,171 [INFO] Época 10/30, Batch 2250/3348, Loss: 0.0003
2025-10-09 16:28:52,410 [INFO] Época 10/30, Batch 2300/3348, Loss: 0.0003
2025-10-09 16:28:52,647 [INFO] Época 10/30, Batch 2350/3348, Loss: 0.0003
2025-10-09 16:28:52,880 [INFO] Época 10/30, Batch 2400/3348, Loss: 0.0003
2025-10-09 16:28:53,056 [INFO] Época 10/30, Batch 2450/3348, Loss: 0.0002
2025-10-09 16:28:53,232 [INFO] Época 10/30, Batch 2500/3348, Loss: 0.0002
2025-10-09 16:28:53,408 [INFO] Época 10/30, Batch 2550/3348, Loss: 0.0003
2025-10-09 16:28:53,598 [INFO] Época 10/30, Batch 2600/3348, Loss: 0.0002
2025-10-09 16:28:53,830 [INFO] Época 10/30, Batch 2650/3348, Loss: 0.0002
2025-10-09 16:28:54,066 [INFO] Época 10/30, Batch 2700/3348, Loss: 0.0003
2025-10-09 16:28:54,300 [INFO] Época 10/30, Batch 2750/3348, Loss: 0.0003
2025-10-09 16:28:54,536 [INFO] Época 10/30, Batch 2800/3348, Loss: 0.0002
2025-10-09 16:28:54,772 [INFO] Época 10/30, Batch 2850/3348, Loss: 0.0002
2025-10-09 16:28:55,005 [INFO] Época 10/30, Batch 2900/3348, Loss: 0.0002
2025-10-09 16:28:55,238 [INFO] Época 10/30, Batch 2950/3348, Loss: 0.0003
2025-10-09 16:28:55,472 [INFO] Época 10/30, Batch 3000/3348, Loss: 0.0003
2025-10-09 16:28:55,708 [INFO] Época 10/30, Batch 3050/3348, Loss: 0.0003
2025-10-09 16:28:55,944 [INFO] Época 10/30, Batch 3100/3348, Loss: 0.0002
2025-10-09 16:28:56,179 [INFO] Época 10/30, Batch 3150/3348, Loss: 0.0002
2025-10-09 16:28:56,419 [INFO] Época 10/30, Batch 3200/3348, Loss: 0.0003
2025-10-09 16:28:56,659 [INFO] Época 10/30, Batch 3250/3348, Loss: 0.0002
2025-10-09 16:28:56,897 [INFO] Época 10/30, Batch 3300/3348, Loss: 0.0003
2025-10-09 16:28:58,452 [INFO] [10/30] Train Loss: 0.0047 | Val Loss: 0.0003 | Tempo: 17.59s
2025-10-09 16:28:58,904 [INFO] Época 11/30, Batch 50/3348, Loss: 0.0002
2025-10-09 16:28:59,157 [INFO] Época 11/30, Batch 100/3348, Loss: 0.0002
2025-10-09 16:28:59,406 [INFO] Época 11/30, Batch 150/3348, Loss: 0.0004
2025-10-09 16:28:59,655 [INFO] Época 11/30, Batch 200/3348, Loss: 0.0002
2025-10-09 16:28:59,903 [INFO] Época 11/30, Batch 250/3348, Loss: 0.0004
2025-10-09 16:29:00,150 [INFO] Época 11/30, Batch 300/3348, Loss: 0.0003
2025-10-09 16:29:00,396 [INFO] Época 11/30, Batch 350/3348, Loss: 0.0003
2025-10-09 16:29:00,643 [INFO] Época 11/30, Batch 400/3348, Loss: 0.0003
2025-10-09 16:29:00,890 [INFO] Época 11/30, Batch 450/3348, Loss: 0.0002
2025-10-09 16:29:01,137 [INFO] Época 11/30, Batch 500/3348, Loss: 0.0002
2025-10-09 16:29:01,380 [INFO] Época 11/30, Batch 550/3348, Loss: 0.0006
2025-10-09 16:29:01,623 [INFO] Época 11/30, Batch 600/3348, Loss: 0.0002
2025-10-09 16:29:01,866 [INFO] Época 11/30, Batch 650/3348, Loss: 0.0003
2025-10-09 16:29:02,110 [INFO] Época 11/30, Batch 700/3348, Loss: 0.0003
2025-10-09 16:29:02,349 [INFO] Época 11/30, Batch 750/3348, Loss: 0.0002
2025-10-09 16:29:02,585 [INFO] Época 11/30, Batch 800/3348, Loss: 0.0004
2025-10-09 16:29:02,823 [INFO] Época 11/30, Batch 850/3348, Loss: 0.0002
2025-10-09 16:29:03,060 [INFO] Época 11/30, Batch 900/3348, Loss: 0.0002
2025-10-09 16:29:03,305 [INFO] Época 11/30, Batch 950/3348, Loss: 0.0002
2025-10-09 16:29:03,546 [INFO] Época 11/30, Batch 1000/3348, Loss: 0.0006
2025-10-09 16:29:03,790 [INFO] Época 11/30, Batch 1050/3348, Loss: 4.0182
2025-10-09 16:29:04,028 [INFO] Época 11/30, Batch 1100/3348, Loss: 0.0003
2025-10-09 16:29:04,265 [INFO] Época 11/30, Batch 1150/3348, Loss: 0.0004
2025-10-09 16:29:04,502 [INFO] Época 11/30, Batch 1200/3348, Loss: 0.0002
2025-10-09 16:29:04,736 [INFO] Época 11/30, Batch 1250/3348, Loss: 0.0002
2025-10-09 16:29:04,971 [INFO] Época 11/30, Batch 1300/3348, Loss: 0.0003
2025-10-09 16:29:05,206 [INFO] Época 11/30, Batch 1350/3348, Loss: 0.0002
2025-10-09 16:29:05,446 [INFO] Época 11/30, Batch 1400/3348, Loss: 0.0003
2025-10-09 16:29:05,688 [INFO] Época 11/30, Batch 1450/3348, Loss: 0.0003
2025-10-09 16:29:05,927 [INFO] Época 11/30, Batch 1500/3348, Loss: 0.0003
2025-10-09 16:29:06,169 [INFO] Época 11/30, Batch 1550/3348, Loss: 0.0003
2025-10-09 16:29:06,409 [INFO] Época 11/30, Batch 1600/3348, Loss: 0.0003
2025-10-09 16:29:06,652 [INFO] Época 11/30, Batch 1650/3348, Loss: 0.0003
2025-10-09 16:29:06,897 [INFO] Época 11/30, Batch 1700/3348, Loss: 0.0002
2025-10-09 16:29:07,139 [INFO] Época 11/30, Batch 1750/3348, Loss: 0.0002
2025-10-09 16:29:07,379 [INFO] Época 11/30, Batch 1800/3348, Loss: 0.0003
2025-10-09 16:29:07,621 [INFO] Época 11/30, Batch 1850/3348, Loss: 0.0002
2025-10-09 16:29:07,862 [INFO] Época 11/30, Batch 1900/3348, Loss: 0.0002
2025-10-09 16:29:08,105 [INFO] Época 11/30, Batch 1950/3348, Loss: 0.0002
2025-10-09 16:29:08,344 [INFO] Época 11/30, Batch 2000/3348, Loss: 0.0003
2025-10-09 16:29:08,586 [INFO] Época 11/30, Batch 2050/3348, Loss: 0.0002
2025-10-09 16:29:08,827 [INFO] Época 11/30, Batch 2100/3348, Loss: 0.0003
2025-10-09 16:29:09,067 [INFO] Época 11/30, Batch 2150/3348, Loss: 0.0002
2025-10-09 16:29:09,308 [INFO] Época 11/30, Batch 2200/3348, Loss: 0.0005
2025-10-09 16:29:09,549 [INFO] Época 11/30, Batch 2250/3348, Loss: 0.0003
2025-10-09 16:29:09,789 [INFO] Época 11/30, Batch 2300/3348, Loss: 0.0002
2025-10-09 16:29:10,031 [INFO] Época 11/30, Batch 2350/3348, Loss: 0.0002
2025-10-09 16:29:10,274 [INFO] Época 11/30, Batch 2400/3348, Loss: 0.0003
2025-10-09 16:29:10,514 [INFO] Época 11/30, Batch 2450/3348, Loss: 0.0006
2025-10-09 16:29:10,759 [INFO] Época 11/30, Batch 2500/3348, Loss: 0.0003
2025-10-09 16:29:11,000 [INFO] Época 11/30, Batch 2550/3348, Loss: 0.0002
2025-10-09 16:29:11,244 [INFO] Época 11/30, Batch 2600/3348, Loss: 0.0003
2025-10-09 16:29:11,486 [INFO] Época 11/30, Batch 2650/3348, Loss: 0.0003
2025-10-09 16:29:11,730 [INFO] Época 11/30, Batch 2700/3348, Loss: 0.0002
2025-10-09 16:29:11,974 [INFO] Época 11/30, Batch 2750/3348, Loss: 0.0006
2025-10-09 16:29:12,217 [INFO] Época 11/30, Batch 2800/3348, Loss: 0.0003
2025-10-09 16:29:12,458 [INFO] Época 11/30, Batch 2850/3348, Loss: 0.0002
2025-10-09 16:29:12,700 [INFO] Época 11/30, Batch 2900/3348, Loss: 0.0003
2025-10-09 16:29:12,943 [INFO] Época 11/30, Batch 2950/3348, Loss: 0.0003
2025-10-09 16:29:13,186 [INFO] Época 11/30, Batch 3000/3348, Loss: 0.0002
2025-10-09 16:29:13,425 [INFO] Época 11/30, Batch 3050/3348, Loss: 0.0003
2025-10-09 16:29:13,665 [INFO] Época 11/30, Batch 3100/3348, Loss: 0.0002
2025-10-09 16:29:13,908 [INFO] Época 11/30, Batch 3150/3348, Loss: 0.0003
2025-10-09 16:29:14,160 [INFO] Época 11/30, Batch 3200/3348, Loss: 0.0002
2025-10-09 16:29:14,414 [INFO] Época 11/30, Batch 3250/3348, Loss: 0.0003
2025-10-09 16:29:14,663 [INFO] Época 11/30, Batch 3300/3348, Loss: 0.0002
2025-10-09 16:29:16,131 [INFO] [11/30] Train Loss: 0.0047 | Val Loss: 0.0003 | Tempo: 17.68s
2025-10-09 16:29:16,571 [INFO] Época 12/30, Batch 50/3348, Loss: 0.0002
2025-10-09 16:29:16,819 [INFO] Época 12/30, Batch 100/3348, Loss: 0.0002
2025-10-09 16:29:17,072 [INFO] Época 12/30, Batch 150/3348, Loss: 0.0028
2025-10-09 16:29:17,319 [INFO] Época 12/30, Batch 200/3348, Loss: 0.0004
2025-10-09 16:29:17,562 [INFO] Época 12/30, Batch 250/3348, Loss: 0.0002
2025-10-09 16:29:17,804 [INFO] Época 12/30, Batch 300/3348, Loss: 0.0002
2025-10-09 16:29:18,052 [INFO] Época 12/30, Batch 350/3348, Loss: 0.0003
2025-10-09 16:29:18,295 [INFO] Época 12/30, Batch 400/3348, Loss: 0.0003
2025-10-09 16:29:18,541 [INFO] Época 12/30, Batch 450/3348, Loss: 0.0003
2025-10-09 16:29:18,786 [INFO] Época 12/30, Batch 500/3348, Loss: 0.0008
2025-10-09 16:29:19,037 [INFO] Época 12/30, Batch 550/3348, Loss: 0.0002
2025-10-09 16:29:19,293 [INFO] Época 12/30, Batch 600/3348, Loss: 0.0002
2025-10-09 16:29:19,540 [INFO] Época 12/30, Batch 650/3348, Loss: 0.0002
2025-10-09 16:29:19,788 [INFO] Época 12/30, Batch 700/3348, Loss: 0.0002
2025-10-09 16:29:20,034 [INFO] Época 12/30, Batch 750/3348, Loss: 0.0003
2025-10-09 16:29:20,273 [INFO] Época 12/30, Batch 800/3348, Loss: 0.0003
2025-10-09 16:29:20,514 [INFO] Época 12/30, Batch 850/3348, Loss: 0.0002
2025-10-09 16:29:20,754 [INFO] Época 12/30, Batch 900/3348, Loss: 0.0003
2025-10-09 16:29:20,993 [INFO] Época 12/30, Batch 950/3348, Loss: 0.0002
2025-10-09 16:29:21,233 [INFO] Época 12/30, Batch 1000/3348, Loss: 0.0003
2025-10-09 16:29:21,472 [INFO] Época 12/30, Batch 1050/3348, Loss: 0.0002
2025-10-09 16:29:21,713 [INFO] Época 12/30, Batch 1100/3348, Loss: 0.0002
2025-10-09 16:29:21,949 [INFO] Época 12/30, Batch 1150/3348, Loss: 0.0002
2025-10-09 16:29:22,186 [INFO] Época 12/30, Batch 1200/3348, Loss: 0.0003
2025-10-09 16:29:22,426 [INFO] Época 12/30, Batch 1250/3348, Loss: 0.0002
2025-10-09 16:29:22,670 [INFO] Época 12/30, Batch 1300/3348, Loss: 0.0003
2025-10-09 16:29:22,912 [INFO] Época 12/30, Batch 1350/3348, Loss: 0.0002
2025-10-09 16:29:23,152 [INFO] Época 12/30, Batch 1400/3348, Loss: 0.0003
2025-10-09 16:29:23,392 [INFO] Época 12/30, Batch 1450/3348, Loss: 0.0003
2025-10-09 16:29:23,638 [INFO] Época 12/30, Batch 1500/3348, Loss: 0.0003
2025-10-09 16:29:23,882 [INFO] Época 12/30, Batch 1550/3348, Loss: 0.0002
2025-10-09 16:29:24,132 [INFO] Época 12/30, Batch 1600/3348, Loss: 0.0004
2025-10-09 16:29:24,382 [INFO] Época 12/30, Batch 1650/3348, Loss: 0.0002
2025-10-09 16:29:24,629 [INFO] Época 12/30, Batch 1700/3348, Loss: 0.0004
2025-10-09 16:29:24,876 [INFO] Época 12/30, Batch 1750/3348, Loss: 0.0002
2025-10-09 16:29:25,121 [INFO] Época 12/30, Batch 1800/3348, Loss: 0.0003
2025-10-09 16:29:25,364 [INFO] Época 12/30, Batch 1850/3348, Loss: 0.0003
2025-10-09 16:29:25,605 [INFO] Época 12/30, Batch 1900/3348, Loss: 0.0002
2025-10-09 16:29:25,851 [INFO] Época 12/30, Batch 1950/3348, Loss: 0.0002
2025-10-09 16:29:26,098 [INFO] Época 12/30, Batch 2000/3348, Loss: 0.0003
2025-10-09 16:29:26,341 [INFO] Época 12/30, Batch 2050/3348, Loss: 0.0004
2025-10-09 16:29:26,585 [INFO] Época 12/30, Batch 2100/3348, Loss: 0.0003
2025-10-09 16:29:26,829 [INFO] Época 12/30, Batch 2150/3348, Loss: 0.0003
2025-10-09 16:29:27,074 [INFO] Época 12/30, Batch 2200/3348, Loss: 0.0002
2025-10-09 16:29:27,333 [INFO] Época 12/30, Batch 2250/3348, Loss: 0.0003
2025-10-09 16:29:27,592 [INFO] Época 12/30, Batch 2300/3348, Loss: 0.0003
2025-10-09 16:29:27,849 [INFO] Época 12/30, Batch 2350/3348, Loss: 0.0003
2025-10-09 16:29:28,105 [INFO] Época 12/30, Batch 2400/3348, Loss: 0.0004
2025-10-09 16:29:28,362 [INFO] Época 12/30, Batch 2450/3348, Loss: 0.0002
2025-10-09 16:29:28,620 [INFO] Época 12/30, Batch 2500/3348, Loss: 0.0004
2025-10-09 16:29:28,876 [INFO] Época 12/30, Batch 2550/3348, Loss: 0.0002
2025-10-09 16:29:29,129 [INFO] Época 12/30, Batch 2600/3348, Loss: 0.0003
2025-10-09 16:29:29,377 [INFO] Época 12/30, Batch 2650/3348, Loss: 0.0002
2025-10-09 16:29:29,624 [INFO] Época 12/30, Batch 2700/3348, Loss: 0.0003
2025-10-09 16:29:29,873 [INFO] Época 12/30, Batch 2750/3348, Loss: 0.0002
2025-10-09 16:29:30,123 [INFO] Época 12/30, Batch 2800/3348, Loss: 0.0002
2025-10-09 16:29:30,375 [INFO] Época 12/30, Batch 2850/3348, Loss: 0.0003
2025-10-09 16:29:30,623 [INFO] Época 12/30, Batch 2900/3348, Loss: 0.0003
2025-10-09 16:29:30,870 [INFO] Época 12/30, Batch 2950/3348, Loss: 0.0004
2025-10-09 16:29:31,119 [INFO] Época 12/30, Batch 3000/3348, Loss: 0.0003
2025-10-09 16:29:31,370 [INFO] Época 12/30, Batch 3050/3348, Loss: 0.0002
2025-10-09 16:29:31,618 [INFO] Época 12/30, Batch 3100/3348, Loss: 0.0002
2025-10-09 16:29:31,868 [INFO] Época 12/30, Batch 3150/3348, Loss: 0.0003
2025-10-09 16:29:32,116 [INFO] Época 12/30, Batch 3200/3348, Loss: 0.0003
2025-10-09 16:29:32,365 [INFO] Época 12/30, Batch 3250/3348, Loss: 0.0003
2025-10-09 16:29:32,612 [INFO] Época 12/30, Batch 3300/3348, Loss: 0.0002
2025-10-09 16:29:34,137 [INFO] [12/30] Train Loss: 0.0047 | Val Loss: 0.0006 | Tempo: 18.01s
2025-10-09 16:29:34,582 [INFO] Época 13/30, Batch 50/3348, Loss: 0.0002
2025-10-09 16:29:34,841 [INFO] Época 13/30, Batch 100/3348, Loss: 0.0003
2025-10-09 16:29:35,095 [INFO] Época 13/30, Batch 150/3348, Loss: 0.0006
2025-10-09 16:29:35,347 [INFO] Época 13/30, Batch 200/3348, Loss: 0.0003
2025-10-09 16:29:35,602 [INFO] Época 13/30, Batch 250/3348, Loss: 0.0002
2025-10-09 16:29:35,853 [INFO] Época 13/30, Batch 300/3348, Loss: 0.0002
2025-10-09 16:29:36,106 [INFO] Época 13/30, Batch 350/3348, Loss: 0.0004
2025-10-09 16:29:36,356 [INFO] Época 13/30, Batch 400/3348, Loss: 0.0002
2025-10-09 16:29:36,608 [INFO] Época 13/30, Batch 450/3348, Loss: 0.0003
2025-10-09 16:29:36,860 [INFO] Época 13/30, Batch 500/3348, Loss: 0.0003
2025-10-09 16:29:37,109 [INFO] Época 13/30, Batch 550/3348, Loss: 0.0002
2025-10-09 16:29:37,359 [INFO] Época 13/30, Batch 600/3348, Loss: 0.0002
2025-10-09 16:29:37,608 [INFO] Época 13/30, Batch 650/3348, Loss: 0.0003
2025-10-09 16:29:37,859 [INFO] Época 13/30, Batch 700/3348, Loss: 0.0003
2025-10-09 16:29:38,110 [INFO] Época 13/30, Batch 750/3348, Loss: 0.0003
2025-10-09 16:29:38,358 [INFO] Época 13/30, Batch 800/3348, Loss: 0.0003
2025-10-09 16:29:38,608 [INFO] Época 13/30, Batch 850/3348, Loss: 0.0004
2025-10-09 16:29:38,860 [INFO] Época 13/30, Batch 900/3348, Loss: 0.0003
2025-10-09 16:29:39,113 [INFO] Época 13/30, Batch 950/3348, Loss: 0.0002
2025-10-09 16:29:39,363 [INFO] Época 13/30, Batch 1000/3348, Loss: 0.0003
2025-10-09 16:29:39,611 [INFO] Época 13/30, Batch 1050/3348, Loss: 0.0004
2025-10-09 16:29:39,858 [INFO] Época 13/30, Batch 1100/3348, Loss: 0.0004
2025-10-09 16:29:40,107 [INFO] Época 13/30, Batch 1150/3348, Loss: 0.0004
2025-10-09 16:29:40,358 [INFO] Época 13/30, Batch 1200/3348, Loss: 0.0002
2025-10-09 16:29:40,611 [INFO] Época 13/30, Batch 1250/3348, Loss: 0.0002
2025-10-09 16:29:40,860 [INFO] Época 13/30, Batch 1300/3348, Loss: 0.0002
2025-10-09 16:29:41,113 [INFO] Época 13/30, Batch 1350/3348, Loss: 0.0003
2025-10-09 16:29:41,364 [INFO] Época 13/30, Batch 1400/3348, Loss: 0.0003
2025-10-09 16:29:41,614 [INFO] Época 13/30, Batch 1450/3348, Loss: 0.0004
2025-10-09 16:29:41,863 [INFO] Época 13/30, Batch 1500/3348, Loss: 0.0003
2025-10-09 16:29:42,114 [INFO] Época 13/30, Batch 1550/3348, Loss: 0.0003
2025-10-09 16:29:42,364 [INFO] Época 13/30, Batch 1600/3348, Loss: 0.0003
2025-10-09 16:29:42,613 [INFO] Época 13/30, Batch 1650/3348, Loss: 0.0003
2025-10-09 16:29:42,862 [INFO] Época 13/30, Batch 1700/3348, Loss: 0.0002
2025-10-09 16:29:43,113 [INFO] Época 13/30, Batch 1750/3348, Loss: 0.0028
2025-10-09 16:29:43,365 [INFO] Época 13/30, Batch 1800/3348, Loss: 0.0003
2025-10-09 16:29:43,614 [INFO] Época 13/30, Batch 1850/3348, Loss: 0.0004
2025-10-09 16:29:43,865 [INFO] Época 13/30, Batch 1900/3348, Loss: 0.0002
2025-10-09 16:29:44,117 [INFO] Época 13/30, Batch 1950/3348, Loss: 0.0002
2025-10-09 16:29:44,368 [INFO] Época 13/30, Batch 2000/3348, Loss: 0.0003
2025-10-09 16:29:44,625 [INFO] Época 13/30, Batch 2050/3348, Loss: 0.0002
2025-10-09 16:29:44,882 [INFO] Época 13/30, Batch 2100/3348, Loss: 0.0003
2025-10-09 16:29:45,136 [INFO] Época 13/30, Batch 2150/3348, Loss: 0.0003
2025-10-09 16:29:45,388 [INFO] Época 13/30, Batch 2200/3348, Loss: 0.0005
2025-10-09 16:29:45,644 [INFO] Época 13/30, Batch 2250/3348, Loss: 0.0002
2025-10-09 16:29:45,900 [INFO] Época 13/30, Batch 2300/3348, Loss: 0.0003
2025-10-09 16:29:46,155 [INFO] Época 13/30, Batch 2350/3348, Loss: 0.0003
2025-10-09 16:29:46,409 [INFO] Época 13/30, Batch 2400/3348, Loss: 0.0002
2025-10-09 16:29:46,664 [INFO] Época 13/30, Batch 2450/3348, Loss: 0.0003
2025-10-09 16:29:46,917 [INFO] Época 13/30, Batch 2500/3348, Loss: 0.0003
2025-10-09 16:29:47,172 [INFO] Época 13/30, Batch 2550/3348, Loss: 0.0002
2025-10-09 16:29:47,425 [INFO] Época 13/30, Batch 2600/3348, Loss: 0.0002
2025-10-09 16:29:47,677 [INFO] Época 13/30, Batch 2650/3348, Loss: 0.0003
2025-10-09 16:29:47,932 [INFO] Época 13/30, Batch 2700/3348, Loss: 0.0003
2025-10-09 16:29:48,186 [INFO] Época 13/30, Batch 2750/3348, Loss: 0.0002
2025-10-09 16:29:48,438 [INFO] Época 13/30, Batch 2800/3348, Loss: 0.0002
2025-10-09 16:29:48,689 [INFO] Época 13/30, Batch 2850/3348, Loss: 0.0004
2025-10-09 16:29:48,941 [INFO] Época 13/30, Batch 2900/3348, Loss: 0.0002
2025-10-09 16:29:49,192 [INFO] Época 13/30, Batch 2950/3348, Loss: 0.0003
2025-10-09 16:29:49,441 [INFO] Época 13/30, Batch 3000/3348, Loss: 0.0002
2025-10-09 16:29:49,693 [INFO] Época 13/30, Batch 3050/3348, Loss: 0.0006
2025-10-09 16:29:49,944 [INFO] Época 13/30, Batch 3100/3348, Loss: 0.0002
2025-10-09 16:29:50,197 [INFO] Época 13/30, Batch 3150/3348, Loss: 0.0002
2025-10-09 16:29:50,446 [INFO] Época 13/30, Batch 3200/3348, Loss: 0.0003
2025-10-09 16:29:50,695 [INFO] Época 13/30, Batch 3250/3348, Loss: 0.0003
2025-10-09 16:29:50,948 [INFO] Época 13/30, Batch 3300/3348, Loss: 0.0003
2025-10-09 16:29:52,467 [INFO] [13/30] Train Loss: 0.0047 | Val Loss: 0.0003 | Tempo: 18.33s
2025-10-09 16:29:52,938 [INFO] Época 14/30, Batch 50/3348, Loss: 0.0004
2025-10-09 16:29:53,218 [INFO] Época 14/30, Batch 100/3348, Loss: 0.0004
2025-10-09 16:29:53,500 [INFO] Época 14/30, Batch 150/3348, Loss: 0.0001
2025-10-09 16:29:53,781 [INFO] Época 14/30, Batch 200/3348, Loss: 0.0002
2025-10-09 16:29:54,049 [INFO] Época 14/30, Batch 250/3348, Loss: 0.0002
2025-10-09 16:29:54,326 [INFO] Época 14/30, Batch 300/3348, Loss: 0.0003
2025-10-09 16:29:54,595 [INFO] Época 14/30, Batch 350/3348, Loss: 0.0002
2025-10-09 16:29:54,862 [INFO] Época 14/30, Batch 400/3348, Loss: 0.0003
2025-10-09 16:29:55,134 [INFO] Época 14/30, Batch 450/3348, Loss: 0.0003
2025-10-09 16:29:55,401 [INFO] Época 14/30, Batch 500/3348, Loss: 0.0002
2025-10-09 16:29:55,671 [INFO] Época 14/30, Batch 550/3348, Loss: 0.0004
2025-10-09 16:29:55,939 [INFO] Época 14/30, Batch 600/3348, Loss: 0.0003
2025-10-09 16:29:56,210 [INFO] Época 14/30, Batch 650/3348, Loss: 0.0002
2025-10-09 16:29:56,477 [INFO] Época 14/30, Batch 700/3348, Loss: 0.0002
2025-10-09 16:29:56,744 [INFO] Época 14/30, Batch 750/3348, Loss: 0.0003
2025-10-09 16:29:57,012 [INFO] Época 14/30, Batch 800/3348, Loss: 0.0003
2025-10-09 16:29:57,270 [INFO] Época 14/30, Batch 850/3348, Loss: 0.0003
2025-10-09 16:29:57,516 [INFO] Época 14/30, Batch 900/3348, Loss: 0.0002
2025-10-09 16:29:57,762 [INFO] Época 14/30, Batch 950/3348, Loss: 0.0003
2025-10-09 16:29:58,012 [INFO] Época 14/30, Batch 1000/3348, Loss: 0.0002
2025-10-09 16:29:58,273 [INFO] Época 14/30, Batch 1050/3348, Loss: 0.0003
2025-10-09 16:29:58,533 [INFO] Época 14/30, Batch 1100/3348, Loss: 0.0002
2025-10-09 16:29:58,783 [INFO] Época 14/30, Batch 1150/3348, Loss: 0.0002
2025-10-09 16:29:59,034 [INFO] Época 14/30, Batch 1200/3348, Loss: 0.0002
2025-10-09 16:29:59,285 [INFO] Época 14/30, Batch 1250/3348, Loss: 0.0001
2025-10-09 16:29:59,544 [INFO] Época 14/30, Batch 1300/3348, Loss: 0.0002
2025-10-09 16:29:59,803 [INFO] Época 14/30, Batch 1350/3348, Loss: 0.0003
2025-10-09 16:30:00,074 [INFO] Época 14/30, Batch 1400/3348, Loss: 0.0002
2025-10-09 16:30:00,345 [INFO] Época 14/30, Batch 1450/3348, Loss: 0.0003
2025-10-09 16:30:00,619 [INFO] Época 14/30, Batch 1500/3348, Loss: 0.0004
2025-10-09 16:30:00,898 [INFO] Época 14/30, Batch 1550/3348, Loss: 0.0002
2025-10-09 16:30:01,176 [INFO] Época 14/30, Batch 1600/3348, Loss: 0.0002
2025-10-09 16:30:01,451 [INFO] Época 14/30, Batch 1650/3348, Loss: 0.0003
2025-10-09 16:30:01,734 [INFO] Época 14/30, Batch 1700/3348, Loss: 0.0002
2025-10-09 16:30:02,017 [INFO] Época 14/30, Batch 1750/3348, Loss: 0.0003
2025-10-09 16:30:02,296 [INFO] Época 14/30, Batch 1800/3348, Loss: 0.0002
2025-10-09 16:30:02,571 [INFO] Época 14/30, Batch 1850/3348, Loss: 0.0003
2025-10-09 16:30:02,852 [INFO] Época 14/30, Batch 1900/3348, Loss: 0.0002
2025-10-09 16:30:03,128 [INFO] Época 14/30, Batch 1950/3348, Loss: 0.0003
2025-10-09 16:30:03,405 [INFO] Época 14/30, Batch 2000/3348, Loss: 0.0004
2025-10-09 16:30:03,678 [INFO] Época 14/30, Batch 2050/3348, Loss: 0.0003
2025-10-09 16:30:03,948 [INFO] Época 14/30, Batch 2100/3348, Loss: 0.0002
2025-10-09 16:30:04,219 [INFO] Época 14/30, Batch 2150/3348, Loss: 0.0002
2025-10-09 16:30:04,489 [INFO] Época 14/30, Batch 2200/3348, Loss: 0.0002
2025-10-09 16:30:04,759 [INFO] Época 14/30, Batch 2250/3348, Loss: 0.0003
2025-10-09 16:30:05,028 [INFO] Época 14/30, Batch 2300/3348, Loss: 0.0003
2025-10-09 16:30:05,286 [INFO] Época 14/30, Batch 2350/3348, Loss: 0.0003
2025-10-09 16:30:05,545 [INFO] Época 14/30, Batch 2400/3348, Loss: 0.0005
2025-10-09 16:30:05,805 [INFO] Época 14/30, Batch 2450/3348, Loss: 0.0002
2025-10-09 16:30:06,066 [INFO] Época 14/30, Batch 2500/3348, Loss: 0.0003
2025-10-09 16:30:06,325 [INFO] Época 14/30, Batch 2550/3348, Loss: 0.0015
2025-10-09 16:30:06,593 [INFO] Época 14/30, Batch 2600/3348, Loss: 0.0003
2025-10-09 16:30:06,869 [INFO] Época 14/30, Batch 2650/3348, Loss: 0.0002
2025-10-09 16:30:07,142 [INFO] Época 14/30, Batch 2700/3348, Loss: 0.0003
2025-10-09 16:30:07,415 [INFO] Época 14/30, Batch 2750/3348, Loss: 0.0003
2025-10-09 16:30:07,689 [INFO] Época 14/30, Batch 2800/3348, Loss: 0.0002
2025-10-09 16:30:07,967 [INFO] Época 14/30, Batch 2850/3348, Loss: 0.0004
2025-10-09 16:30:08,243 [INFO] Época 14/30, Batch 2900/3348, Loss: 0.0003
2025-10-09 16:30:08,521 [INFO] Época 14/30, Batch 2950/3348, Loss: 0.0002
2025-10-09 16:30:08,785 [INFO] Época 14/30, Batch 3000/3348, Loss: 0.0002
2025-10-09 16:30:09,043 [INFO] Época 14/30, Batch 3050/3348, Loss: 0.0002
2025-10-09 16:30:09,320 [INFO] Época 14/30, Batch 3100/3348, Loss: 0.0003
2025-10-09 16:30:09,594 [INFO] Época 14/30, Batch 3150/3348, Loss: 0.0002
2025-10-09 16:30:09,871 [INFO] Época 14/30, Batch 3200/3348, Loss: 0.0002
2025-10-09 16:30:10,141 [INFO] Época 14/30, Batch 3250/3348, Loss: 0.0003
2025-10-09 16:30:10,413 [INFO] Época 14/30, Batch 3300/3348, Loss: 0.0002
2025-10-09 16:30:12,111 [INFO] [14/30] Train Loss: 0.0047 | Val Loss: 0.0003 | Tempo: 19.64s
2025-10-09 16:30:12,584 [INFO] Época 15/30, Batch 50/3348, Loss: 0.0005
2025-10-09 16:30:12,851 [INFO] Época 15/30, Batch 100/3348, Loss: 0.0002
2025-10-09 16:30:13,125 [INFO] Época 15/30, Batch 150/3348, Loss: 0.0002
2025-10-09 16:30:13,401 [INFO] Época 15/30, Batch 200/3348, Loss: 0.0002
2025-10-09 16:30:13,677 [INFO] Época 15/30, Batch 250/3348, Loss: 0.0003
2025-10-09 16:30:13,952 [INFO] Época 15/30, Batch 300/3348, Loss: 0.0002
2025-10-09 16:30:14,228 [INFO] Época 15/30, Batch 350/3348, Loss: 0.0004
2025-10-09 16:30:14,504 [INFO] Época 15/30, Batch 400/3348, Loss: 0.0002
2025-10-09 16:30:14,779 [INFO] Época 15/30, Batch 450/3348, Loss: 0.0002
2025-10-09 16:30:15,058 [INFO] Época 15/30, Batch 500/3348, Loss: 0.0002
2025-10-09 16:30:15,336 [INFO] Época 15/30, Batch 550/3348, Loss: 0.0002
2025-10-09 16:30:15,615 [INFO] Época 15/30, Batch 600/3348, Loss: 0.0004
2025-10-09 16:30:15,893 [INFO] Época 15/30, Batch 650/3348, Loss: 0.0004
2025-10-09 16:30:16,169 [INFO] Época 15/30, Batch 700/3348, Loss: 0.0002
2025-10-09 16:30:16,445 [INFO] Época 15/30, Batch 750/3348, Loss: 0.0002
2025-10-09 16:30:16,723 [INFO] Época 15/30, Batch 800/3348, Loss: 0.0003
2025-10-09 16:30:16,991 [INFO] Época 15/30, Batch 850/3348, Loss: 0.0003
2025-10-09 16:30:17,255 [INFO] Época 15/30, Batch 900/3348, Loss: 0.0003
2025-10-09 16:30:17,530 [INFO] Época 15/30, Batch 950/3348, Loss: 0.0003
2025-10-09 16:30:17,806 [INFO] Época 15/30, Batch 1000/3348, Loss: 0.0001
2025-10-09 16:30:18,084 [INFO] Época 15/30, Batch 1050/3348, Loss: 0.0003
2025-10-09 16:30:18,363 [INFO] Época 15/30, Batch 1100/3348, Loss: 0.0002
2025-10-09 16:30:18,639 [INFO] Época 15/30, Batch 1150/3348, Loss: 0.0004
2025-10-09 16:30:18,914 [INFO] Época 15/30, Batch 1200/3348, Loss: 0.0003
2025-10-09 16:30:19,190 [INFO] Época 15/30, Batch 1250/3348, Loss: 0.0003
2025-10-09 16:30:19,468 [INFO] Época 15/30, Batch 1300/3348, Loss: 0.0003
2025-10-09 16:30:19,748 [INFO] Época 15/30, Batch 1350/3348, Loss: 0.0008
2025-10-09 16:30:20,027 [INFO] Época 15/30, Batch 1400/3348, Loss: 0.0002
2025-10-09 16:30:20,305 [INFO] Época 15/30, Batch 1450/3348, Loss: 0.0002
2025-10-09 16:30:20,583 [INFO] Época 15/30, Batch 1500/3348, Loss: 0.0003
2025-10-09 16:30:20,861 [INFO] Época 15/30, Batch 1550/3348, Loss: 0.0002
2025-10-09 16:30:21,140 [INFO] Época 15/30, Batch 1600/3348, Loss: 0.0002
2025-10-09 16:30:21,416 [INFO] Época 15/30, Batch 1650/3348, Loss: 0.0003
2025-10-09 16:30:21,693 [INFO] Época 15/30, Batch 1700/3348, Loss: 0.0004
2025-10-09 16:30:21,969 [INFO] Época 15/30, Batch 1750/3348, Loss: 0.0002
2025-10-09 16:30:22,246 [INFO] Época 15/30, Batch 1800/3348, Loss: 0.0004
2025-10-09 16:30:22,522 [INFO] Época 15/30, Batch 1850/3348, Loss: 0.0003
2025-10-09 16:30:22,796 [INFO] Época 15/30, Batch 1900/3348, Loss: 0.0002
2025-10-09 16:30:23,073 [INFO] Época 15/30, Batch 1950/3348, Loss: 0.0002
2025-10-09 16:30:23,350 [INFO] Época 15/30, Batch 2000/3348, Loss: 0.0002
2025-10-09 16:30:23,627 [INFO] Época 15/30, Batch 2050/3348, Loss: 0.0003
2025-10-09 16:30:23,904 [INFO] Época 15/30, Batch 2100/3348, Loss: 0.0002
2025-10-09 16:30:24,190 [INFO] Época 15/30, Batch 2150/3348, Loss: 0.0002
2025-10-09 16:30:24,471 [INFO] Época 15/30, Batch 2200/3348, Loss: 0.0004
2025-10-09 16:30:24,750 [INFO] Época 15/30, Batch 2250/3348, Loss: 0.0002
2025-10-09 16:30:25,026 [INFO] Época 15/30, Batch 2300/3348, Loss: 0.0002
2025-10-09 16:30:25,305 [INFO] Época 15/30, Batch 2350/3348, Loss: 0.0003
2025-10-09 16:30:25,582 [INFO] Época 15/30, Batch 2400/3348, Loss: 0.0003
2025-10-09 16:30:25,858 [INFO] Época 15/30, Batch 2450/3348, Loss: 0.0002
2025-10-09 16:30:26,131 [INFO] Época 15/30, Batch 2500/3348, Loss: 0.0002
2025-10-09 16:30:26,404 [INFO] Época 15/30, Batch 2550/3348, Loss: 0.0002
2025-10-09 16:30:26,679 [INFO] Época 15/30, Batch 2600/3348, Loss: 0.0003
2025-10-09 16:30:26,955 [INFO] Época 15/30, Batch 2650/3348, Loss: 0.0002
2025-10-09 16:30:27,232 [INFO] Época 15/30, Batch 2700/3348, Loss: 0.0002
2025-10-09 16:30:27,510 [INFO] Época 15/30, Batch 2750/3348, Loss: 0.0002
2025-10-09 16:30:27,786 [INFO] Época 15/30, Batch 2800/3348, Loss: 0.0003
2025-10-09 16:30:28,065 [INFO] Época 15/30, Batch 2850/3348, Loss: 0.0004
2025-10-09 16:30:28,345 [INFO] Época 15/30, Batch 2900/3348, Loss: 0.0002
2025-10-09 16:30:28,622 [INFO] Época 15/30, Batch 2950/3348, Loss: 0.0003
2025-10-09 16:30:28,897 [INFO] Época 15/30, Batch 3000/3348, Loss: 0.0002
2025-10-09 16:30:29,175 [INFO] Época 15/30, Batch 3050/3348, Loss: 0.0003
2025-10-09 16:30:29,454 [INFO] Época 15/30, Batch 3100/3348, Loss: 0.0002
2025-10-09 16:30:29,732 [INFO] Época 15/30, Batch 3150/3348, Loss: 0.0002
2025-10-09 16:30:30,007 [INFO] Época 15/30, Batch 3200/3348, Loss: 0.0003
2025-10-09 16:30:30,283 [INFO] Época 15/30, Batch 3250/3348, Loss: 0.0004
2025-10-09 16:30:30,560 [INFO] Época 15/30, Batch 3300/3348, Loss: 0.0002
2025-10-09 16:30:32,274 [INFO] [15/30] Train Loss: 0.0047 | Val Loss: 0.0004 | Tempo: 20.16s
2025-10-09 16:30:32,775 [INFO] Época 16/30, Batch 50/3348, Loss: 0.0002
2025-10-09 16:30:33,068 [INFO] Época 16/30, Batch 100/3348, Loss: 0.0003
2025-10-09 16:30:33,358 [INFO] Época 16/30, Batch 150/3348, Loss: 0.0003
2025-10-09 16:30:33,645 [INFO] Época 16/30, Batch 200/3348, Loss: 0.0002
2025-10-09 16:30:33,923 [INFO] Época 16/30, Batch 250/3348, Loss: 0.0002
2025-10-09 16:30:34,200 [INFO] Época 16/30, Batch 300/3348, Loss: 0.0002
2025-10-09 16:30:34,476 [INFO] Época 16/30, Batch 350/3348, Loss: 0.0002
2025-10-09 16:30:34,751 [INFO] Época 16/30, Batch 400/3348, Loss: 0.0002
2025-10-09 16:30:35,016 [INFO] Época 16/30, Batch 450/3348, Loss: 0.0003
2025-10-09 16:30:35,285 [INFO] Época 16/30, Batch 500/3348, Loss: 0.0003
2025-10-09 16:30:35,554 [INFO] Época 16/30, Batch 550/3348, Loss: 0.0002
2025-10-09 16:30:35,832 [INFO] Época 16/30, Batch 600/3348, Loss: 0.0002
2025-10-09 16:30:36,103 [INFO] Época 16/30, Batch 650/3348, Loss: 0.0003
2025-10-09 16:30:36,378 [INFO] Época 16/30, Batch 700/3348, Loss: 0.0003
2025-10-09 16:30:36,652 [INFO] Época 16/30, Batch 750/3348, Loss: 0.0002
2025-10-09 16:30:36,913 [INFO] Época 16/30, Batch 800/3348, Loss: 0.0002
2025-10-09 16:30:37,175 [INFO] Época 16/30, Batch 850/3348, Loss: 0.0002
2025-10-09 16:30:37,443 [INFO] Época 16/30, Batch 900/3348, Loss: 0.0003
2025-10-09 16:30:37,713 [INFO] Época 16/30, Batch 950/3348, Loss: 0.0002
2025-10-09 16:30:37,985 [INFO] Época 16/30, Batch 1000/3348, Loss: 0.0004
2025-10-09 16:30:38,254 [INFO] Época 16/30, Batch 1050/3348, Loss: 0.0003
2025-10-09 16:30:38,516 [INFO] Época 16/30, Batch 1100/3348, Loss: 0.0003
2025-10-09 16:30:38,781 [INFO] Época 16/30, Batch 1150/3348, Loss: 0.0003
2025-10-09 16:30:39,044 [INFO] Época 16/30, Batch 1200/3348, Loss: 0.0004
2025-10-09 16:30:39,311 [INFO] Época 16/30, Batch 1250/3348, Loss: 0.0002
2025-10-09 16:30:39,586 [INFO] Época 16/30, Batch 1300/3348, Loss: 0.0003
2025-10-09 16:30:39,869 [INFO] Época 16/30, Batch 1350/3348, Loss: 0.0002
2025-10-09 16:30:40,152 [INFO] Época 16/30, Batch 1400/3348, Loss: 0.0002
2025-10-09 16:30:40,434 [INFO] Época 16/30, Batch 1450/3348, Loss: 0.0003
2025-10-09 16:30:40,716 [INFO] Época 16/30, Batch 1500/3348, Loss: 0.0003
2025-10-09 16:30:41,001 [INFO] Época 16/30, Batch 1550/3348, Loss: 0.0003
2025-10-09 16:30:41,283 [INFO] Época 16/30, Batch 1600/3348, Loss: 0.0002
2025-10-09 16:30:41,569 [INFO] Época 16/30, Batch 1650/3348, Loss: 0.0002
2025-10-09 16:30:41,851 [INFO] Época 16/30, Batch 1700/3348, Loss: 0.0003
2025-10-09 16:30:42,134 [INFO] Época 16/30, Batch 1750/3348, Loss: 0.0002
2025-10-09 16:30:42,414 [INFO] Época 16/30, Batch 1800/3348, Loss: 0.0002
2025-10-09 16:30:42,686 [INFO] Época 16/30, Batch 1850/3348, Loss: 0.0002
2025-10-09 16:30:42,961 [INFO] Época 16/30, Batch 1900/3348, Loss: 0.0002
2025-10-09 16:30:43,231 [INFO] Época 16/30, Batch 1950/3348, Loss: 0.0004
2025-10-09 16:30:43,499 [INFO] Época 16/30, Batch 2000/3348, Loss: 0.0002
2025-10-09 16:30:43,767 [INFO] Época 16/30, Batch 2050/3348, Loss: 0.0002
2025-10-09 16:30:44,034 [INFO] Época 16/30, Batch 2100/3348, Loss: 0.0003
2025-10-09 16:30:44,300 [INFO] Época 16/30, Batch 2150/3348, Loss: 0.0003
2025-10-09 16:30:44,568 [INFO] Época 16/30, Batch 2200/3348, Loss: 0.0003
2025-10-09 16:30:44,833 [INFO] Época 16/30, Batch 2250/3348, Loss: 0.0003
2025-10-09 16:30:45,099 [INFO] Época 16/30, Batch 2300/3348, Loss: 0.0002
2025-10-09 16:30:45,365 [INFO] Época 16/30, Batch 2350/3348, Loss: 0.0002
2025-10-09 16:30:45,632 [INFO] Época 16/30, Batch 2400/3348, Loss: 0.0004
2025-10-09 16:30:45,900 [INFO] Época 16/30, Batch 2450/3348, Loss: 0.0003
2025-10-09 16:30:46,167 [INFO] Época 16/30, Batch 2500/3348, Loss: 0.0002
2025-10-09 16:30:46,436 [INFO] Época 16/30, Batch 2550/3348, Loss: 0.0003
2025-10-09 16:30:46,703 [INFO] Época 16/30, Batch 2600/3348, Loss: 0.0002
2025-10-09 16:30:46,969 [INFO] Época 16/30, Batch 2650/3348, Loss: 0.0002
2025-10-09 16:30:47,236 [INFO] Época 16/30, Batch 2700/3348, Loss: 0.0003
2025-10-09 16:30:47,505 [INFO] Época 16/30, Batch 2750/3348, Loss: 0.0002
2025-10-09 16:30:47,783 [INFO] Época 16/30, Batch 2800/3348, Loss: 0.0002
2025-10-09 16:30:48,063 [INFO] Época 16/30, Batch 2850/3348, Loss: 0.0002
2025-10-09 16:30:48,345 [INFO] Época 16/30, Batch 2900/3348, Loss: 0.0002
2025-10-09 16:30:48,626 [INFO] Época 16/30, Batch 2950/3348, Loss: 0.0003
2025-10-09 16:30:48,908 [INFO] Época 16/30, Batch 3000/3348, Loss: 0.0002
2025-10-09 16:30:49,191 [INFO] Época 16/30, Batch 3050/3348, Loss: 0.0003
2025-10-09 16:30:49,464 [INFO] Época 16/30, Batch 3100/3348, Loss: 0.0003
2025-10-09 16:30:49,730 [INFO] Época 16/30, Batch 3150/3348, Loss: 0.0002
2025-10-09 16:30:49,996 [INFO] Época 16/30, Batch 3200/3348, Loss: 0.0003
2025-10-09 16:30:50,265 [INFO] Época 16/30, Batch 3250/3348, Loss: 0.0002
2025-10-09 16:30:50,531 [INFO] Época 16/30, Batch 3300/3348, Loss: 0.0004
2025-10-09 16:30:52,235 [INFO] [16/30] Train Loss: 0.0047 | Val Loss: 0.0003 | Tempo: 19.96s
2025-10-09 16:30:52,710 [INFO] Época 17/30, Batch 50/3348, Loss: 0.0001
2025-10-09 16:30:52,987 [INFO] Época 17/30, Batch 100/3348, Loss: 0.0002
2025-10-09 16:30:53,276 [INFO] Época 17/30, Batch 150/3348, Loss: 10.7062
2025-10-09 16:30:53,568 [INFO] Época 17/30, Batch 200/3348, Loss: 0.0003
2025-10-09 16:30:53,852 [INFO] Época 17/30, Batch 250/3348, Loss: 0.0008
2025-10-09 16:30:54,133 [INFO] Época 17/30, Batch 300/3348, Loss: 0.0003
2025-10-09 16:30:54,415 [INFO] Época 17/30, Batch 350/3348, Loss: 0.0003
2025-10-09 16:30:54,698 [INFO] Época 17/30, Batch 400/3348, Loss: 0.0002
2025-10-09 16:30:54,978 [INFO] Época 17/30, Batch 450/3348, Loss: 0.0002
2025-10-09 16:30:55,256 [INFO] Época 17/30, Batch 500/3348, Loss: 0.0003
2025-10-09 16:30:55,523 [INFO] Época 17/30, Batch 550/3348, Loss: 0.0003
2025-10-09 16:30:55,785 [INFO] Época 17/30, Batch 600/3348, Loss: 0.0005
2025-10-09 16:30:56,047 [INFO] Época 17/30, Batch 650/3348, Loss: 0.0002
2025-10-09 16:30:56,306 [INFO] Época 17/30, Batch 700/3348, Loss: 0.0002
2025-10-09 16:30:56,562 [INFO] Época 17/30, Batch 750/3348, Loss: 0.0003
2025-10-09 16:30:56,826 [INFO] Época 17/30, Batch 800/3348, Loss: 0.0003
2025-10-09 16:30:57,090 [INFO] Época 17/30, Batch 850/3348, Loss: 0.0002
2025-10-09 16:30:57,344 [INFO] Época 17/30, Batch 900/3348, Loss: 0.0002
2025-10-09 16:30:57,596 [INFO] Época 17/30, Batch 950/3348, Loss: 0.0002
2025-10-09 16:30:57,848 [INFO] Época 17/30, Batch 1000/3348, Loss: 0.0002
2025-10-09 16:30:58,117 [INFO] Época 17/30, Batch 1050/3348, Loss: 0.0001
2025-10-09 16:30:58,389 [INFO] Época 17/30, Batch 1100/3348, Loss: 0.0001
2025-10-09 16:30:58,670 [INFO] Época 17/30, Batch 1150/3348, Loss: 0.0003
2025-10-09 16:30:58,946 [INFO] Época 17/30, Batch 1200/3348, Loss: 0.0002
2025-10-09 16:30:59,222 [INFO] Época 17/30, Batch 1250/3348, Loss: 0.0004
2025-10-09 16:30:59,496 [INFO] Época 17/30, Batch 1300/3348, Loss: 0.0002
2025-10-09 16:30:59,774 [INFO] Época 17/30, Batch 1350/3348, Loss: 0.0004
2025-10-09 16:31:00,049 [INFO] Época 17/30, Batch 1400/3348, Loss: 0.0002
2025-10-09 16:31:00,323 [INFO] Época 17/30, Batch 1450/3348, Loss: 0.0003
2025-10-09 16:31:00,598 [INFO] Época 17/30, Batch 1500/3348, Loss: 0.0002
2025-10-09 16:31:00,879 [INFO] Época 17/30, Batch 1550/3348, Loss: 0.0002
2025-10-09 16:31:01,158 [INFO] Época 17/30, Batch 1600/3348, Loss: 0.0003
2025-10-09 16:31:01,440 [INFO] Época 17/30, Batch 1650/3348, Loss: 0.0002
2025-10-09 16:31:01,722 [INFO] Época 17/30, Batch 1700/3348, Loss: 0.0002
2025-10-09 16:31:02,002 [INFO] Época 17/30, Batch 1750/3348, Loss: 0.0003
2025-10-09 16:31:02,291 [INFO] Época 17/30, Batch 1800/3348, Loss: 0.0002
2025-10-09 16:31:02,580 [INFO] Época 17/30, Batch 1850/3348, Loss: 0.0003
2025-10-09 16:31:02,866 [INFO] Época 17/30, Batch 1900/3348, Loss: 0.0003
2025-10-09 16:31:03,130 [INFO] Época 17/30, Batch 1950/3348, Loss: 0.0003
2025-10-09 16:31:03,401 [INFO] Época 17/30, Batch 2000/3348, Loss: 0.0003
2025-10-09 16:31:03,681 [INFO] Época 17/30, Batch 2050/3348, Loss: 0.0002
2025-10-09 16:31:03,961 [INFO] Época 17/30, Batch 2100/3348, Loss: 0.0004
2025-10-09 16:31:04,241 [INFO] Época 17/30, Batch 2150/3348, Loss: 0.0002
2025-10-09 16:31:04,523 [INFO] Época 17/30, Batch 2200/3348, Loss: 0.0003
2025-10-09 16:31:04,800 [INFO] Época 17/30, Batch 2250/3348, Loss: 0.0002
2025-10-09 16:31:05,064 [INFO] Época 17/30, Batch 2300/3348, Loss: 0.0002
2025-10-09 16:31:05,335 [INFO] Época 17/30, Batch 2350/3348, Loss: 0.0003
2025-10-09 16:31:05,596 [INFO] Época 17/30, Batch 2400/3348, Loss: 0.0002
2025-10-09 16:31:05,875 [INFO] Época 17/30, Batch 2450/3348, Loss: 0.0002
2025-10-09 16:31:06,155 [INFO] Época 17/30, Batch 2500/3348, Loss: 0.0003
2025-10-09 16:31:06,438 [INFO] Época 17/30, Batch 2550/3348, Loss: 0.0003
2025-10-09 16:31:06,710 [INFO] Época 17/30, Batch 2600/3348, Loss: 0.0003
2025-10-09 16:31:06,972 [INFO] Época 17/30, Batch 2650/3348, Loss: 0.0004
2025-10-09 16:31:07,235 [INFO] Época 17/30, Batch 2700/3348, Loss: 0.0002
2025-10-09 16:31:07,494 [INFO] Época 17/30, Batch 2750/3348, Loss: 0.0003
2025-10-09 16:31:07,756 [INFO] Época 17/30, Batch 2800/3348, Loss: 0.0002
2025-10-09 16:31:08,033 [INFO] Época 17/30, Batch 2850/3348, Loss: 0.0002
2025-10-09 16:31:08,311 [INFO] Época 17/30, Batch 2900/3348, Loss: 0.0004
2025-10-09 16:31:08,593 [INFO] Época 17/30, Batch 2950/3348, Loss: 0.0003
2025-10-09 16:31:08,872 [INFO] Época 17/30, Batch 3000/3348, Loss: 0.0002
2025-10-09 16:31:09,151 [INFO] Época 17/30, Batch 3050/3348, Loss: 0.0002
2025-10-09 16:31:09,440 [INFO] Época 17/30, Batch 3100/3348, Loss: 0.0002
2025-10-09 16:31:09,711 [INFO] Época 17/30, Batch 3150/3348, Loss: 0.0002
2025-10-09 16:31:09,973 [INFO] Época 17/30, Batch 3200/3348, Loss: 0.0003
2025-10-09 16:31:10,234 [INFO] Época 17/30, Batch 3250/3348, Loss: 0.0002
2025-10-09 16:31:10,501 [INFO] Época 17/30, Batch 3300/3348, Loss: 0.0004
2025-10-09 16:31:12,203 [INFO] [17/30] Train Loss: 0.0047 | Val Loss: 0.0004 | Tempo: 19.97s
2025-10-09 16:31:12,690 [INFO] Época 18/30, Batch 50/3348, Loss: 0.0002
2025-10-09 16:31:12,971 [INFO] Época 18/30, Batch 100/3348, Loss: 0.0002
2025-10-09 16:31:13,246 [INFO] Época 18/30, Batch 150/3348, Loss: 0.0003
2025-10-09 16:31:13,522 [INFO] Época 18/30, Batch 200/3348, Loss: 0.0004
2025-10-09 16:31:13,796 [INFO] Época 18/30, Batch 250/3348, Loss: 0.0004
2025-10-09 16:31:14,069 [INFO] Época 18/30, Batch 300/3348, Loss: 0.0003
2025-10-09 16:31:14,344 [INFO] Época 18/30, Batch 350/3348, Loss: 0.0003
2025-10-09 16:31:14,619 [INFO] Época 18/30, Batch 400/3348, Loss: 0.0003
2025-10-09 16:31:14,892 [INFO] Época 18/30, Batch 450/3348, Loss: 0.0002
2025-10-09 16:31:15,164 [INFO] Época 18/30, Batch 500/3348, Loss: 0.0002
2025-10-09 16:31:15,437 [INFO] Época 18/30, Batch 550/3348, Loss: 0.0004
2025-10-09 16:31:15,709 [INFO] Época 18/30, Batch 600/3348, Loss: 0.0003
2025-10-09 16:31:15,984 [INFO] Época 18/30, Batch 650/3348, Loss: 0.0002
2025-10-09 16:31:16,256 [INFO] Época 18/30, Batch 700/3348, Loss: 0.0004
2025-10-09 16:31:16,528 [INFO] Época 18/30, Batch 750/3348, Loss: 0.0002
2025-10-09 16:31:16,800 [INFO] Época 18/30, Batch 800/3348, Loss: 0.0002
2025-10-09 16:31:17,070 [INFO] Época 18/30, Batch 850/3348, Loss: 0.0002
2025-10-09 16:31:17,339 [INFO] Época 18/30, Batch 900/3348, Loss: 0.0004
2025-10-09 16:31:17,608 [INFO] Época 18/30, Batch 950/3348, Loss: 0.0002
2025-10-09 16:31:17,879 [INFO] Época 18/30, Batch 1000/3348, Loss: 0.0003
2025-10-09 16:31:18,147 [INFO] Época 18/30, Batch 1050/3348, Loss: 0.0003
2025-10-09 16:31:18,416 [INFO] Época 18/30, Batch 1100/3348, Loss: 0.0001
2025-10-09 16:31:18,688 [INFO] Época 18/30, Batch 1150/3348, Loss: 0.0002
2025-10-09 16:31:18,961 [INFO] Época 18/30, Batch 1200/3348, Loss: 0.0022
2025-10-09 16:31:19,233 [INFO] Época 18/30, Batch 1250/3348, Loss: 0.0002
2025-10-09 16:31:19,510 [INFO] Época 18/30, Batch 1300/3348, Loss: 0.0003
2025-10-09 16:31:19,785 [INFO] Época 18/30, Batch 1350/3348, Loss: 0.0002
2025-10-09 16:31:20,058 [INFO] Época 18/30, Batch 1400/3348, Loss: 0.0002
2025-10-09 16:31:20,331 [INFO] Época 18/30, Batch 1450/3348, Loss: 0.0002
2025-10-09 16:31:20,603 [INFO] Época 18/30, Batch 1500/3348, Loss: 0.0003
2025-10-09 16:31:20,874 [INFO] Época 18/30, Batch 1550/3348, Loss: 0.0002
2025-10-09 16:31:21,147 [INFO] Época 18/30, Batch 1600/3348, Loss: 0.0003
2025-10-09 16:31:21,420 [INFO] Época 18/30, Batch 1650/3348, Loss: 0.0002
2025-10-09 16:31:21,699 [INFO] Época 18/30, Batch 1700/3348, Loss: 0.0003
2025-10-09 16:31:21,971 [INFO] Época 18/30, Batch 1750/3348, Loss: 0.0004
2025-10-09 16:31:22,244 [INFO] Época 18/30, Batch 1800/3348, Loss: 0.0005
2025-10-09 16:31:22,518 [INFO] Época 18/30, Batch 1850/3348, Loss: 0.0002
2025-10-09 16:31:22,791 [INFO] Época 18/30, Batch 1900/3348, Loss: 0.0002
2025-10-09 16:31:23,062 [INFO] Época 18/30, Batch 1950/3348, Loss: 0.0002
2025-10-09 16:31:23,328 [INFO] Época 18/30, Batch 2000/3348, Loss: 0.0002
2025-10-09 16:31:23,594 [INFO] Época 18/30, Batch 2050/3348, Loss: 0.0002
2025-10-09 16:31:23,860 [INFO] Época 18/30, Batch 2100/3348, Loss: 0.0002
2025-10-09 16:31:24,127 [INFO] Época 18/30, Batch 2150/3348, Loss: 0.0003
2025-10-09 16:31:24,392 [INFO] Época 18/30, Batch 2200/3348, Loss: 0.0003
2025-10-09 16:31:24,659 [INFO] Época 18/30, Batch 2250/3348, Loss: 0.0002
2025-10-09 16:31:24,923 [INFO] Época 18/30, Batch 2300/3348, Loss: 0.0002
2025-10-09 16:31:25,189 [INFO] Época 18/30, Batch 2350/3348, Loss: 0.0003
2025-10-09 16:31:25,456 [INFO] Época 18/30, Batch 2400/3348, Loss: 0.0002
2025-10-09 16:31:25,724 [INFO] Época 18/30, Batch 2450/3348, Loss: 0.0002
2025-10-09 16:31:25,991 [INFO] Época 18/30, Batch 2500/3348, Loss: 0.0002
2025-10-09 16:31:26,256 [INFO] Época 18/30, Batch 2550/3348, Loss: 0.0002
2025-10-09 16:31:26,523 [INFO] Época 18/30, Batch 2600/3348, Loss: 0.0003
2025-10-09 16:31:26,787 [INFO] Época 18/30, Batch 2650/3348, Loss: 0.0002
2025-10-09 16:31:27,053 [INFO] Época 18/30, Batch 2700/3348, Loss: 0.0002
2025-10-09 16:31:27,321 [INFO] Época 18/30, Batch 2750/3348, Loss: 0.0002
2025-10-09 16:31:27,588 [INFO] Época 18/30, Batch 2800/3348, Loss: 0.0006
2025-10-09 16:31:27,859 [INFO] Época 18/30, Batch 2850/3348, Loss: 0.0004
2025-10-09 16:31:28,134 [INFO] Época 18/30, Batch 2900/3348, Loss: 0.0002
2025-10-09 16:31:28,407 [INFO] Época 18/30, Batch 2950/3348, Loss: 0.0002
2025-10-09 16:31:28,683 [INFO] Época 18/30, Batch 3000/3348, Loss: 0.0002
2025-10-09 16:31:28,957 [INFO] Época 18/30, Batch 3050/3348, Loss: 0.0006
2025-10-09 16:31:29,230 [INFO] Época 18/30, Batch 3100/3348, Loss: 0.0003
2025-10-09 16:31:29,503 [INFO] Época 18/30, Batch 3150/3348, Loss: 0.0002
2025-10-09 16:31:29,777 [INFO] Época 18/30, Batch 3200/3348, Loss: 0.0002
2025-10-09 16:31:30,048 [INFO] Época 18/30, Batch 3250/3348, Loss: 0.0002
2025-10-09 16:31:30,320 [INFO] Época 18/30, Batch 3300/3348, Loss: 0.0003
2025-10-09 16:31:32,013 [INFO] [18/30] Train Loss: 0.0047 | Val Loss: 0.0006 | Tempo: 19.81s
2025-10-09 16:31:32,483 [INFO] Época 19/30, Batch 50/3348, Loss: 0.0002
2025-10-09 16:31:32,753 [INFO] Época 19/30, Batch 100/3348, Loss: 0.0002
2025-10-09 16:31:33,022 [INFO] Época 19/30, Batch 150/3348, Loss: 0.0002
2025-10-09 16:31:33,289 [INFO] Época 19/30, Batch 200/3348, Loss: 0.0002
2025-10-09 16:31:33,553 [INFO] Época 19/30, Batch 250/3348, Loss: 0.0002
2025-10-09 16:31:33,816 [INFO] Época 19/30, Batch 300/3348, Loss: 0.0002
2025-10-09 16:31:34,080 [INFO] Época 19/30, Batch 350/3348, Loss: 0.0002
2025-10-09 16:31:34,342 [INFO] Época 19/30, Batch 400/3348, Loss: 0.0002
2025-10-09 16:31:34,605 [INFO] Época 19/30, Batch 450/3348, Loss: 0.0003
2025-10-09 16:31:34,867 [INFO] Época 19/30, Batch 500/3348, Loss: 0.0003
2025-10-09 16:31:35,128 [INFO] Época 19/30, Batch 550/3348, Loss: 0.0003
2025-10-09 16:31:35,393 [INFO] Época 19/30, Batch 600/3348, Loss: 0.0002
2025-10-09 16:31:35,657 [INFO] Época 19/30, Batch 650/3348, Loss: 0.0002
2025-10-09 16:31:35,921 [INFO] Época 19/30, Batch 700/3348, Loss: 0.0004
2025-10-09 16:31:36,179 [INFO] Época 19/30, Batch 750/3348, Loss: 0.0004
2025-10-09 16:31:36,434 [INFO] Época 19/30, Batch 800/3348, Loss: 0.0003
2025-10-09 16:31:36,691 [INFO] Época 19/30, Batch 850/3348, Loss: 0.0002
2025-10-09 16:31:36,944 [INFO] Época 19/30, Batch 900/3348, Loss: 0.0003
2025-10-09 16:31:37,196 [INFO] Época 19/30, Batch 950/3348, Loss: 0.0003
2025-10-09 16:31:37,449 [INFO] Época 19/30, Batch 1000/3348, Loss: 0.0002
2025-10-09 16:31:37,704 [INFO] Época 19/30, Batch 1050/3348, Loss: 0.0003
2025-10-09 16:31:37,957 [INFO] Época 19/30, Batch 1100/3348, Loss: 0.0002
2025-10-09 16:31:38,212 [INFO] Época 19/30, Batch 1150/3348, Loss: 0.0002
2025-10-09 16:31:38,475 [INFO] Época 19/30, Batch 1200/3348, Loss: 0.0002
2025-10-09 16:31:38,741 [INFO] Época 19/30, Batch 1250/3348, Loss: 0.0004
2025-10-09 16:31:39,009 [INFO] Época 19/30, Batch 1300/3348, Loss: 0.0002
2025-10-09 16:31:39,270 [INFO] Época 19/30, Batch 1350/3348, Loss: 0.0002
2025-10-09 16:31:39,531 [INFO] Época 19/30, Batch 1400/3348, Loss: 0.0002
2025-10-09 16:31:39,791 [INFO] Época 19/30, Batch 1450/3348, Loss: 0.0002
2025-10-09 16:31:40,053 [INFO] Época 19/30, Batch 1500/3348, Loss: 0.0002
2025-10-09 16:31:40,314 [INFO] Época 19/30, Batch 1550/3348, Loss: 0.0002
2025-10-09 16:31:40,574 [INFO] Época 19/30, Batch 1600/3348, Loss: 0.0002
2025-10-09 16:31:40,835 [INFO] Época 19/30, Batch 1650/3348, Loss: 0.0003
2025-10-09 16:31:41,095 [INFO] Época 19/30, Batch 1700/3348, Loss: 0.0003
2025-10-09 16:31:41,356 [INFO] Época 19/30, Batch 1750/3348, Loss: 0.0002
2025-10-09 16:31:41,617 [INFO] Época 19/30, Batch 1800/3348, Loss: 0.0003
2025-10-09 16:31:41,876 [INFO] Época 19/30, Batch 1850/3348, Loss: 0.0003
2025-10-09 16:31:42,135 [INFO] Época 19/30, Batch 1900/3348, Loss: 0.0002
2025-10-09 16:31:42,394 [INFO] Época 19/30, Batch 1950/3348, Loss: 0.0002
2025-10-09 16:31:42,655 [INFO] Época 19/30, Batch 2000/3348, Loss: 0.0002
2025-10-09 16:31:42,916 [INFO] Época 19/30, Batch 2050/3348, Loss: 0.0003
2025-10-09 16:31:43,176 [INFO] Época 19/30, Batch 2100/3348, Loss: 0.0003
2025-10-09 16:31:43,436 [INFO] Época 19/30, Batch 2150/3348, Loss: 0.0003
2025-10-09 16:31:43,699 [INFO] Época 19/30, Batch 2200/3348, Loss: 0.0003
2025-10-09 16:31:43,960 [INFO] Época 19/30, Batch 2250/3348, Loss: 0.0003
2025-10-09 16:31:44,222 [INFO] Época 19/30, Batch 2300/3348, Loss: 0.0002
2025-10-09 16:31:44,485 [INFO] Época 19/30, Batch 2350/3348, Loss: 0.0002
2025-10-09 16:31:44,742 [INFO] Época 19/30, Batch 2400/3348, Loss: 0.0003
2025-10-09 16:31:45,001 [INFO] Época 19/30, Batch 2450/3348, Loss: 0.0003
2025-10-09 16:31:45,262 [INFO] Época 19/30, Batch 2500/3348, Loss: 0.0002
2025-10-09 16:31:45,522 [INFO] Época 19/30, Batch 2550/3348, Loss: 0.0003
2025-10-09 16:31:45,781 [INFO] Época 19/30, Batch 2600/3348, Loss: 0.0002
2025-10-09 16:31:46,040 [INFO] Época 19/30, Batch 2650/3348, Loss: 0.0003
2025-10-09 16:31:46,299 [INFO] Época 19/30, Batch 2700/3348, Loss: 0.0002
2025-10-09 16:31:46,561 [INFO] Época 19/30, Batch 2750/3348, Loss: 0.0002
2025-10-09 16:31:46,821 [INFO] Época 19/30, Batch 2800/3348, Loss: 0.0003
2025-10-09 16:31:47,080 [INFO] Época 19/30, Batch 2850/3348, Loss: 0.0002
2025-10-09 16:31:47,340 [INFO] Época 19/30, Batch 2900/3348, Loss: 0.0002
2025-10-09 16:31:47,601 [INFO] Época 19/30, Batch 2950/3348, Loss: 0.0003
2025-10-09 16:31:47,861 [INFO] Época 19/30, Batch 3000/3348, Loss: 0.0002
2025-10-09 16:31:48,124 [INFO] Época 19/30, Batch 3050/3348, Loss: 0.0002
2025-10-09 16:31:48,384 [INFO] Época 19/30, Batch 3100/3348, Loss: 0.0002
2025-10-09 16:31:48,644 [INFO] Época 19/30, Batch 3150/3348, Loss: 0.0003
2025-10-09 16:31:48,906 [INFO] Época 19/30, Batch 3200/3348, Loss: 0.0002
2025-10-09 16:31:49,168 [INFO] Época 19/30, Batch 3250/3348, Loss: 0.0002
2025-10-09 16:31:49,430 [INFO] Época 19/30, Batch 3300/3348, Loss: 0.0002
2025-10-09 16:31:51,148 [INFO] [19/30] Train Loss: 0.0047 | Val Loss: 0.0003 | Tempo: 19.13s
2025-10-09 16:31:51,148 [INFO] Early stopping ativado após 10 épocas sem melhoria
2025-10-09 16:31:51,148 [INFO] Treinamento concluído em 353.05 segundos (5.88 minutos)
2025-10-09 16:31:51,149 [INFO] Iniciando avaliação no conjunto de teste...
2025-10-09 16:31:52,553 [INFO] Avaliação do teste concluída em 1.40 segundos
2025-10-09 16:31:52,554 [INFO] MSE no teste: 0.0000
2025-10-09 16:31:52,554 [INFO] RMSE no teste: 0.0005
2025-10-09 16:31:52,554 [INFO] MAE no teste: 0.0003
2025-10-09 16:31:52,564 [INFO] Métricas salvas em /mnt/hdd/home/jdurao/ToolBox-ChemXAI/logs/mlp_att0_Avalon_metrics.json
