2025-10-09 15:41:17,362 [INFO] Iniciando treinamento do modelo mlp_att0_3D
2025-10-09 15:41:17,362 [INFO] Configuração: att_index=0, epochs=30, layers=[128, 64, 32], lr=0.001, batch_size=32, descriptor_type=3D
2025-10-09 15:41:17,362 [INFO] Diretório para modelos: /mnt/hdd/home/jdurao/ToolBox-ChemXAI/models
2025-10-09 15:41:17,362 [INFO] Carregando dados...
2025-10-09 15:41:17,448 [INFO] Preparando dataloaders sem ruído...
2025-10-09 15:41:17,719 [INFO] Dados carregados em 0.36 segundos
2025-10-09 15:41:17,720 [INFO] Tamanhos dos conjuntos - Treino: 105179, Validação: 13147, Teste: 13148
2025-10-09 15:41:17,720 [INFO] Usando dispositivo: cuda
2025-10-09 15:41:17,942 [INFO] Dimensão de entrada: 5, Dimensão de saída: 1
2025-10-09 15:41:17,943 [INFO] Criando modelo MLP com camadas: [128, 64, 32]
2025-10-09 15:41:17,945 [INFO] Modelo criado com 11137 parâmetros
2025-10-09 15:41:17,946 [INFO] Iniciando treinamento com 30 épocas...
2025-10-09 15:41:18,394 [INFO] Época 1/30, Batch 50/3287, Loss: 0.0025
2025-10-09 15:41:18,666 [INFO] Época 1/30, Batch 100/3287, Loss: 0.0023
2025-10-09 15:41:18,934 [INFO] Época 1/30, Batch 150/3287, Loss: 0.0014
2025-10-09 15:41:19,192 [INFO] Época 1/30, Batch 200/3287, Loss: 0.0019
2025-10-09 15:41:19,450 [INFO] Época 1/30, Batch 250/3287, Loss: 0.0011
2025-10-09 15:41:19,718 [INFO] Época 1/30, Batch 300/3287, Loss: 0.0010
2025-10-09 15:41:19,990 [INFO] Época 1/30, Batch 350/3287, Loss: 0.0018
2025-10-09 15:41:20,263 [INFO] Época 1/30, Batch 400/3287, Loss: 0.0011
2025-10-09 15:41:20,535 [INFO] Época 1/30, Batch 450/3287, Loss: 0.0007
2025-10-09 15:41:20,810 [INFO] Época 1/30, Batch 500/3287, Loss: 0.0006
2025-10-09 15:41:21,083 [INFO] Época 1/30, Batch 550/3287, Loss: 0.0007
2025-10-09 15:41:21,357 [INFO] Época 1/30, Batch 600/3287, Loss: 0.0007
2025-10-09 15:41:21,630 [INFO] Época 1/30, Batch 650/3287, Loss: 0.0006
2025-10-09 15:41:21,898 [INFO] Época 1/30, Batch 700/3287, Loss: 0.0006
2025-10-09 15:41:22,162 [INFO] Época 1/30, Batch 750/3287, Loss: 0.0011
2025-10-09 15:41:22,426 [INFO] Época 1/30, Batch 800/3287, Loss: 0.0007
2025-10-09 15:41:22,691 [INFO] Época 1/30, Batch 850/3287, Loss: 0.0008
2025-10-09 15:41:22,961 [INFO] Época 1/30, Batch 900/3287, Loss: 0.0008
2025-10-09 15:41:23,228 [INFO] Época 1/30, Batch 950/3287, Loss: 0.0005
2025-10-09 15:41:23,493 [INFO] Época 1/30, Batch 1000/3287, Loss: 0.0006
2025-10-09 15:41:23,760 [INFO] Época 1/30, Batch 1050/3287, Loss: 0.0007
2025-10-09 15:41:24,027 [INFO] Época 1/30, Batch 1100/3287, Loss: 0.0008
2025-10-09 15:41:24,295 [INFO] Época 1/30, Batch 1150/3287, Loss: 0.0004
2025-10-09 15:41:24,557 [INFO] Época 1/30, Batch 1200/3287, Loss: 0.0003
2025-10-09 15:41:24,820 [INFO] Época 1/30, Batch 1250/3287, Loss: 0.0006
2025-10-09 15:41:25,087 [INFO] Época 1/30, Batch 1300/3287, Loss: 0.0009
2025-10-09 15:41:25,357 [INFO] Época 1/30, Batch 1350/3287, Loss: 0.0006
2025-10-09 15:41:25,625 [INFO] Época 1/30, Batch 1400/3287, Loss: 0.0003
2025-10-09 15:41:25,900 [INFO] Época 1/30, Batch 1450/3287, Loss: 0.0004
2025-10-09 15:41:26,174 [INFO] Época 1/30, Batch 1500/3287, Loss: 0.0006
2025-10-09 15:41:26,445 [INFO] Época 1/30, Batch 1550/3287, Loss: 0.0006
2025-10-09 15:41:26,717 [INFO] Época 1/30, Batch 1600/3287, Loss: 0.0003
2025-10-09 15:41:26,988 [INFO] Época 1/30, Batch 1650/3287, Loss: 0.0005
2025-10-09 15:41:27,260 [INFO] Época 1/30, Batch 1700/3287, Loss: 0.0003
2025-10-09 15:41:27,531 [INFO] Época 1/30, Batch 1750/3287, Loss: 0.0010
2025-10-09 15:41:27,797 [INFO] Época 1/30, Batch 1800/3287, Loss: 0.0003
2025-10-09 15:41:28,062 [INFO] Época 1/30, Batch 1850/3287, Loss: 0.0008
2025-10-09 15:41:28,334 [INFO] Época 1/30, Batch 1900/3287, Loss: 0.0003
2025-10-09 15:41:28,603 [INFO] Época 1/30, Batch 1950/3287, Loss: 0.0030
2025-10-09 15:41:28,867 [INFO] Época 1/30, Batch 2000/3287, Loss: 0.0003
2025-10-09 15:41:29,130 [INFO] Época 1/30, Batch 2050/3287, Loss: 0.0003
2025-10-09 15:41:29,394 [INFO] Época 1/30, Batch 2100/3287, Loss: 0.0005
2025-10-09 15:41:29,666 [INFO] Época 1/30, Batch 2150/3287, Loss: 0.0005
2025-10-09 15:41:29,937 [INFO] Época 1/30, Batch 2200/3287, Loss: 0.0005
2025-10-09 15:41:30,206 [INFO] Época 1/30, Batch 2250/3287, Loss: 0.0005
2025-10-09 15:41:30,476 [INFO] Época 1/30, Batch 2300/3287, Loss: 0.0002
2025-10-09 15:41:30,738 [INFO] Época 1/30, Batch 2350/3287, Loss: 0.0005
2025-10-09 15:41:30,997 [INFO] Época 1/30, Batch 2400/3287, Loss: 0.0003
2025-10-09 15:41:31,257 [INFO] Época 1/30, Batch 2450/3287, Loss: 0.0006
2025-10-09 15:41:31,516 [INFO] Época 1/30, Batch 2500/3287, Loss: 0.0008
2025-10-09 15:41:31,775 [INFO] Época 1/30, Batch 2550/3287, Loss: 0.0004
2025-10-09 15:41:32,032 [INFO] Época 1/30, Batch 2600/3287, Loss: 0.0005
2025-10-09 15:41:32,290 [INFO] Época 1/30, Batch 2650/3287, Loss: 0.0005
2025-10-09 15:41:32,548 [INFO] Época 1/30, Batch 2700/3287, Loss: 0.0003
2025-10-09 15:41:32,814 [INFO] Época 1/30, Batch 2750/3287, Loss: 0.0006
2025-10-09 15:41:33,079 [INFO] Época 1/30, Batch 2800/3287, Loss: 0.0003
2025-10-09 15:41:33,345 [INFO] Época 1/30, Batch 2850/3287, Loss: 0.0003
2025-10-09 15:41:33,616 [INFO] Época 1/30, Batch 2900/3287, Loss: 0.0002
2025-10-09 15:41:33,882 [INFO] Época 1/30, Batch 2950/3287, Loss: 0.0003
2025-10-09 15:41:34,149 [INFO] Época 1/30, Batch 3000/3287, Loss: 0.0004
2025-10-09 15:41:34,414 [INFO] Época 1/30, Batch 3050/3287, Loss: 0.0005
2025-10-09 15:41:34,679 [INFO] Época 1/30, Batch 3100/3287, Loss: 0.0003
2025-10-09 15:41:34,943 [INFO] Época 1/30, Batch 3150/3287, Loss: 0.0007
2025-10-09 15:41:35,212 [INFO] Época 1/30, Batch 3200/3287, Loss: 0.0003
2025-10-09 15:41:35,478 [INFO] Época 1/30, Batch 3250/3287, Loss: 0.0004
2025-10-09 15:41:36,996 [INFO] [1/30] Train Loss: 0.0053 | Val Loss: 0.0004 | Tempo: 19.05s
2025-10-09 15:41:37,000 [INFO] Melhor modelo salvo em: /mnt/hdd/home/jdurao/ToolBox-ChemXAI/models/mlp_qm9_3D_att0_large.pth
2025-10-09 15:41:37,431 [INFO] Época 2/30, Batch 50/3287, Loss: 0.0007
2025-10-09 15:41:37,694 [INFO] Época 2/30, Batch 100/3287, Loss: 0.0002
2025-10-09 15:41:37,953 [INFO] Época 2/30, Batch 150/3287, Loss: 0.0004
2025-10-09 15:41:38,210 [INFO] Época 2/30, Batch 200/3287, Loss: 0.0005
2025-10-09 15:41:38,464 [INFO] Época 2/30, Batch 250/3287, Loss: 0.0003
2025-10-09 15:41:38,720 [INFO] Época 2/30, Batch 300/3287, Loss: 0.0011
2025-10-09 15:41:38,973 [INFO] Época 2/30, Batch 350/3287, Loss: 0.0004
2025-10-09 15:41:39,233 [INFO] Época 2/30, Batch 400/3287, Loss: 0.0003
2025-10-09 15:41:39,494 [INFO] Época 2/30, Batch 450/3287, Loss: 0.0002
2025-10-09 15:41:39,756 [INFO] Época 2/30, Batch 500/3287, Loss: 0.0003
2025-10-09 15:41:40,017 [INFO] Época 2/30, Batch 550/3287, Loss: 0.0003
2025-10-09 15:41:40,275 [INFO] Época 2/30, Batch 600/3287, Loss: 0.0004
2025-10-09 15:41:40,535 [INFO] Época 2/30, Batch 650/3287, Loss: 0.0003
2025-10-09 15:41:40,797 [INFO] Época 2/30, Batch 700/3287, Loss: 0.0010
2025-10-09 15:41:41,054 [INFO] Época 2/30, Batch 750/3287, Loss: 0.0003
2025-10-09 15:41:41,306 [INFO] Época 2/30, Batch 800/3287, Loss: 0.0002
2025-10-09 15:41:41,555 [INFO] Época 2/30, Batch 850/3287, Loss: 0.0008
2025-10-09 15:41:41,806 [INFO] Época 2/30, Batch 900/3287, Loss: 0.0003
2025-10-09 15:41:42,061 [INFO] Época 2/30, Batch 950/3287, Loss: 0.0003
2025-10-09 15:41:42,312 [INFO] Época 2/30, Batch 1000/3287, Loss: 0.0003
2025-10-09 15:41:42,561 [INFO] Época 2/30, Batch 1050/3287, Loss: 0.0004
2025-10-09 15:41:42,812 [INFO] Época 2/30, Batch 1100/3287, Loss: 0.0006
2025-10-09 15:41:43,062 [INFO] Época 2/30, Batch 1150/3287, Loss: 0.0002
2025-10-09 15:41:43,314 [INFO] Época 2/30, Batch 1200/3287, Loss: 0.0005
2025-10-09 15:41:43,569 [INFO] Época 2/30, Batch 1250/3287, Loss: 0.0003
2025-10-09 15:41:43,824 [INFO] Época 2/30, Batch 1300/3287, Loss: 0.0004
2025-10-09 15:41:44,080 [INFO] Época 2/30, Batch 1350/3287, Loss: 0.0003
2025-10-09 15:41:44,335 [INFO] Época 2/30, Batch 1400/3287, Loss: 0.0003
2025-10-09 15:41:44,592 [INFO] Época 2/30, Batch 1450/3287, Loss: 0.0003
2025-10-09 15:41:44,852 [INFO] Época 2/30, Batch 1500/3287, Loss: 0.0003
2025-10-09 15:41:45,113 [INFO] Época 2/30, Batch 1550/3287, Loss: 0.0004
2025-10-09 15:41:45,369 [INFO] Época 2/30, Batch 1600/3287, Loss: 0.0004
2025-10-09 15:41:45,629 [INFO] Época 2/30, Batch 1650/3287, Loss: 0.0005
2025-10-09 15:41:45,888 [INFO] Época 2/30, Batch 1700/3287, Loss: 0.0003
2025-10-09 15:41:46,147 [INFO] Época 2/30, Batch 1750/3287, Loss: 0.0003
2025-10-09 15:41:46,404 [INFO] Época 2/30, Batch 1800/3287, Loss: 0.0004
2025-10-09 15:41:46,664 [INFO] Época 2/30, Batch 1850/3287, Loss: 0.0003
2025-10-09 15:41:46,921 [INFO] Época 2/30, Batch 1900/3287, Loss: 0.0003
2025-10-09 15:41:47,176 [INFO] Época 2/30, Batch 1950/3287, Loss: 0.0034
2025-10-09 15:41:47,431 [INFO] Época 2/30, Batch 2000/3287, Loss: 0.0003
2025-10-09 15:41:47,693 [INFO] Época 2/30, Batch 2050/3287, Loss: 0.0003
2025-10-09 15:41:47,963 [INFO] Época 2/30, Batch 2100/3287, Loss: 0.0004
2025-10-09 15:41:48,231 [INFO] Época 2/30, Batch 2150/3287, Loss: 0.0002
2025-10-09 15:41:48,499 [INFO] Época 2/30, Batch 2200/3287, Loss: 0.0003
2025-10-09 15:41:48,768 [INFO] Época 2/30, Batch 2250/3287, Loss: 0.0004
2025-10-09 15:41:49,035 [INFO] Época 2/30, Batch 2300/3287, Loss: 0.0001
2025-10-09 15:41:49,302 [INFO] Época 2/30, Batch 2350/3287, Loss: 0.0004
2025-10-09 15:41:49,569 [INFO] Época 2/30, Batch 2400/3287, Loss: 0.0004
2025-10-09 15:41:49,824 [INFO] Época 2/30, Batch 2450/3287, Loss: 0.0003
2025-10-09 15:41:50,077 [INFO] Época 2/30, Batch 2500/3287, Loss: 0.0007
2025-10-09 15:41:50,334 [INFO] Época 2/30, Batch 2550/3287, Loss: 0.0004
2025-10-09 15:41:50,585 [INFO] Época 2/30, Batch 2600/3287, Loss: 0.0009
2025-10-09 15:41:50,846 [INFO] Época 2/30, Batch 2650/3287, Loss: 0.0004
2025-10-09 15:41:51,116 [INFO] Época 2/30, Batch 2700/3287, Loss: 0.0002
2025-10-09 15:41:51,386 [INFO] Época 2/30, Batch 2750/3287, Loss: 0.0002
2025-10-09 15:41:51,657 [INFO] Época 2/30, Batch 2800/3287, Loss: 0.0002
2025-10-09 15:41:51,926 [INFO] Época 2/30, Batch 2850/3287, Loss: 0.0003
2025-10-09 15:41:52,195 [INFO] Época 2/30, Batch 2900/3287, Loss: 0.0003
2025-10-09 15:41:52,463 [INFO] Época 2/30, Batch 2950/3287, Loss: 0.0007
2025-10-09 15:41:52,729 [INFO] Época 2/30, Batch 3000/3287, Loss: 0.0004
2025-10-09 15:41:52,990 [INFO] Época 2/30, Batch 3050/3287, Loss: 0.0004
2025-10-09 15:41:53,250 [INFO] Época 2/30, Batch 3100/3287, Loss: 0.0004
2025-10-09 15:41:53,511 [INFO] Época 2/30, Batch 3150/3287, Loss: 0.0008
2025-10-09 15:41:53,771 [INFO] Época 2/30, Batch 3200/3287, Loss: 0.0004
2025-10-09 15:41:54,033 [INFO] Época 2/30, Batch 3250/3287, Loss: 0.0006
2025-10-09 15:41:55,581 [INFO] [2/30] Train Loss: 0.0048 | Val Loss: 0.0006 | Tempo: 18.58s
2025-10-09 15:41:56,016 [INFO] Época 3/30, Batch 50/3287, Loss: 0.0004
2025-10-09 15:41:56,278 [INFO] Época 3/30, Batch 100/3287, Loss: 0.0005
2025-10-09 15:41:56,537 [INFO] Época 3/30, Batch 150/3287, Loss: 0.0004
2025-10-09 15:41:56,797 [INFO] Época 3/30, Batch 200/3287, Loss: 0.0002
2025-10-09 15:41:57,055 [INFO] Época 3/30, Batch 250/3287, Loss: 0.0003
2025-10-09 15:41:57,313 [INFO] Época 3/30, Batch 300/3287, Loss: 0.0005
2025-10-09 15:41:57,573 [INFO] Época 3/30, Batch 350/3287, Loss: 0.0005
2025-10-09 15:41:57,828 [INFO] Época 3/30, Batch 400/3287, Loss: 0.0035
2025-10-09 15:41:58,083 [INFO] Época 3/30, Batch 450/3287, Loss: 0.0002
2025-10-09 15:41:58,339 [INFO] Época 3/30, Batch 500/3287, Loss: 0.0002
2025-10-09 15:41:58,595 [INFO] Época 3/30, Batch 550/3287, Loss: 0.0003
2025-10-09 15:41:58,851 [INFO] Época 3/30, Batch 600/3287, Loss: 0.0003
2025-10-09 15:41:59,111 [INFO] Época 3/30, Batch 650/3287, Loss: 0.0005
2025-10-09 15:41:59,370 [INFO] Época 3/30, Batch 700/3287, Loss: 0.0005
2025-10-09 15:41:59,639 [INFO] Época 3/30, Batch 750/3287, Loss: 0.0004
2025-10-09 15:41:59,911 [INFO] Época 3/30, Batch 800/3287, Loss: 0.0003
2025-10-09 15:42:00,187 [INFO] Época 3/30, Batch 850/3287, Loss: 0.0007
2025-10-09 15:42:00,461 [INFO] Época 3/30, Batch 900/3287, Loss: 0.0006
2025-10-09 15:42:00,737 [INFO] Época 3/30, Batch 950/3287, Loss: 0.0003
2025-10-09 15:42:01,011 [INFO] Época 3/30, Batch 1000/3287, Loss: 0.0003
2025-10-09 15:42:01,286 [INFO] Época 3/30, Batch 1050/3287, Loss: 0.0003
2025-10-09 15:42:01,561 [INFO] Época 3/30, Batch 1100/3287, Loss: 0.0003
2025-10-09 15:42:01,837 [INFO] Época 3/30, Batch 1150/3287, Loss: 0.0002
2025-10-09 15:42:02,107 [INFO] Época 3/30, Batch 1200/3287, Loss: 0.0006
2025-10-09 15:42:02,392 [INFO] Época 3/30, Batch 1250/3287, Loss: 0.0002
2025-10-09 15:42:02,673 [INFO] Época 3/30, Batch 1300/3287, Loss: 0.0005
2025-10-09 15:42:02,927 [INFO] Época 3/30, Batch 1350/3287, Loss: 0.0003
2025-10-09 15:42:03,186 [INFO] Época 3/30, Batch 1400/3287, Loss: 0.0003
2025-10-09 15:42:03,443 [INFO] Época 3/30, Batch 1450/3287, Loss: 0.0003
2025-10-09 15:42:03,705 [INFO] Época 3/30, Batch 1500/3287, Loss: 0.0007
2025-10-09 15:42:03,972 [INFO] Época 3/30, Batch 1550/3287, Loss: 0.0003
2025-10-09 15:42:04,245 [INFO] Época 3/30, Batch 1600/3287, Loss: 0.0003
2025-10-09 15:42:04,517 [INFO] Época 3/30, Batch 1650/3287, Loss: 0.0005
2025-10-09 15:42:04,789 [INFO] Época 3/30, Batch 1700/3287, Loss: 0.0003
2025-10-09 15:42:05,061 [INFO] Época 3/30, Batch 1750/3287, Loss: 0.0003
2025-10-09 15:42:05,332 [INFO] Época 3/30, Batch 1800/3287, Loss: 0.0003
2025-10-09 15:42:05,604 [INFO] Época 3/30, Batch 1850/3287, Loss: 0.0004
2025-10-09 15:42:05,875 [INFO] Época 3/30, Batch 1900/3287, Loss: 0.0003
2025-10-09 15:42:06,146 [INFO] Época 3/30, Batch 1950/3287, Loss: 0.0002
2025-10-09 15:42:06,420 [INFO] Época 3/30, Batch 2000/3287, Loss: 0.0003
2025-10-09 15:42:06,690 [INFO] Época 3/30, Batch 2050/3287, Loss: 0.0003
2025-10-09 15:42:06,964 [INFO] Época 3/30, Batch 2100/3287, Loss: 0.0004
2025-10-09 15:42:07,224 [INFO] Época 3/30, Batch 2150/3287, Loss: 0.0006
2025-10-09 15:42:07,480 [INFO] Época 3/30, Batch 2200/3287, Loss: 0.0002
2025-10-09 15:42:07,738 [INFO] Época 3/30, Batch 2250/3287, Loss: 0.0005
2025-10-09 15:42:07,995 [INFO] Época 3/30, Batch 2300/3287, Loss: 0.0002
2025-10-09 15:42:08,251 [INFO] Época 3/30, Batch 2350/3287, Loss: 0.0003
2025-10-09 15:42:08,511 [INFO] Época 3/30, Batch 2400/3287, Loss: 0.0004
2025-10-09 15:42:08,773 [INFO] Época 3/30, Batch 2450/3287, Loss: 0.0002
2025-10-09 15:42:09,044 [INFO] Época 3/30, Batch 2500/3287, Loss: 0.0004
2025-10-09 15:42:09,312 [INFO] Época 3/30, Batch 2550/3287, Loss: 0.0002
2025-10-09 15:42:09,576 [INFO] Época 3/30, Batch 2600/3287, Loss: 0.0004
2025-10-09 15:42:09,842 [INFO] Época 3/30, Batch 2650/3287, Loss: 0.0002
2025-10-09 15:42:10,115 [INFO] Época 3/30, Batch 2700/3287, Loss: 0.0003
2025-10-09 15:42:10,386 [INFO] Época 3/30, Batch 2750/3287, Loss: 0.0003
2025-10-09 15:42:10,655 [INFO] Época 3/30, Batch 2800/3287, Loss: 0.0004
2025-10-09 15:42:10,921 [INFO] Época 3/30, Batch 2850/3287, Loss: 0.0002
2025-10-09 15:42:11,187 [INFO] Época 3/30, Batch 2900/3287, Loss: 0.0003
2025-10-09 15:42:11,453 [INFO] Época 3/30, Batch 2950/3287, Loss: 0.0005
2025-10-09 15:42:11,720 [INFO] Época 3/30, Batch 3000/3287, Loss: 0.0003
2025-10-09 15:42:11,994 [INFO] Época 3/30, Batch 3050/3287, Loss: 0.0002
2025-10-09 15:42:12,267 [INFO] Época 3/30, Batch 3100/3287, Loss: 0.0006
2025-10-09 15:42:12,541 [INFO] Época 3/30, Batch 3150/3287, Loss: 0.0003
2025-10-09 15:42:12,815 [INFO] Época 3/30, Batch 3200/3287, Loss: 0.0003
2025-10-09 15:42:13,081 [INFO] Época 3/30, Batch 3250/3287, Loss: 0.0002
2025-10-09 15:42:14,566 [INFO] [3/30] Train Loss: 0.0048 | Val Loss: 0.0003 | Tempo: 18.98s
2025-10-09 15:42:14,571 [INFO] Melhor modelo salvo em: /mnt/hdd/home/jdurao/ToolBox-ChemXAI/models/mlp_qm9_3D_att0_large.pth
2025-10-09 15:42:15,026 [INFO] Época 4/30, Batch 50/3287, Loss: 0.0003
2025-10-09 15:42:15,298 [INFO] Época 4/30, Batch 100/3287, Loss: 0.0002
2025-10-09 15:42:15,566 [INFO] Época 4/30, Batch 150/3287, Loss: 0.0002
2025-10-09 15:42:15,830 [INFO] Época 4/30, Batch 200/3287, Loss: 0.0002
2025-10-09 15:42:16,094 [INFO] Época 4/30, Batch 250/3287, Loss: 0.0003
2025-10-09 15:42:16,355 [INFO] Época 4/30, Batch 300/3287, Loss: 0.0003
2025-10-09 15:42:16,617 [INFO] Época 4/30, Batch 350/3287, Loss: 0.0003
2025-10-09 15:42:16,881 [INFO] Época 4/30, Batch 400/3287, Loss: 0.0006
2025-10-09 15:42:17,143 [INFO] Época 4/30, Batch 450/3287, Loss: 0.0003
2025-10-09 15:42:17,405 [INFO] Época 4/30, Batch 500/3287, Loss: 0.0003
2025-10-09 15:42:17,669 [INFO] Época 4/30, Batch 550/3287, Loss: 0.0002
2025-10-09 15:42:17,935 [INFO] Época 4/30, Batch 600/3287, Loss: 0.0003
2025-10-09 15:42:18,199 [INFO] Época 4/30, Batch 650/3287, Loss: 0.0002
2025-10-09 15:42:18,463 [INFO] Época 4/30, Batch 700/3287, Loss: 0.0005
2025-10-09 15:42:18,727 [INFO] Época 4/30, Batch 750/3287, Loss: 0.0003
2025-10-09 15:42:18,988 [INFO] Época 4/30, Batch 800/3287, Loss: 0.0004
2025-10-09 15:42:19,245 [INFO] Época 4/30, Batch 850/3287, Loss: 0.0002
2025-10-09 15:42:19,504 [INFO] Época 4/30, Batch 900/3287, Loss: 0.0003
2025-10-09 15:42:19,761 [INFO] Época 4/30, Batch 950/3287, Loss: 0.0005
2025-10-09 15:42:20,016 [INFO] Época 4/30, Batch 1000/3287, Loss: 0.0006
2025-10-09 15:42:20,274 [INFO] Época 4/30, Batch 1050/3287, Loss: 0.0005
2025-10-09 15:42:20,536 [INFO] Época 4/30, Batch 1100/3287, Loss: 0.0003
2025-10-09 15:42:20,806 [INFO] Época 4/30, Batch 1150/3287, Loss: 0.0002
2025-10-09 15:42:21,079 [INFO] Época 4/30, Batch 1200/3287, Loss: 0.0002
2025-10-09 15:42:21,352 [INFO] Época 4/30, Batch 1250/3287, Loss: 0.0004
2025-10-09 15:42:21,633 [INFO] Época 4/30, Batch 1300/3287, Loss: 0.0003
2025-10-09 15:42:21,898 [INFO] Época 4/30, Batch 1350/3287, Loss: 0.0004
2025-10-09 15:42:22,158 [INFO] Época 4/30, Batch 1400/3287, Loss: 0.0004
2025-10-09 15:42:22,420 [INFO] Época 4/30, Batch 1450/3287, Loss: 0.0003
2025-10-09 15:42:22,681 [INFO] Época 4/30, Batch 1500/3287, Loss: 0.0002
2025-10-09 15:42:22,950 [INFO] Época 4/30, Batch 1550/3287, Loss: 0.0003
2025-10-09 15:42:23,209 [INFO] Época 4/30, Batch 1600/3287, Loss: 0.0002
2025-10-09 15:42:23,467 [INFO] Época 4/30, Batch 1650/3287, Loss: 0.0004
2025-10-09 15:42:23,731 [INFO] Época 4/30, Batch 1700/3287, Loss: 0.0003
2025-10-09 15:42:23,998 [INFO] Época 4/30, Batch 1750/3287, Loss: 0.0002
2025-10-09 15:42:24,272 [INFO] Época 4/30, Batch 1800/3287, Loss: 0.0005
2025-10-09 15:42:24,534 [INFO] Época 4/30, Batch 1850/3287, Loss: 0.0002
2025-10-09 15:42:24,792 [INFO] Época 4/30, Batch 1900/3287, Loss: 0.0003
2025-10-09 15:42:25,047 [INFO] Época 4/30, Batch 1950/3287, Loss: 0.0003
2025-10-09 15:42:25,309 [INFO] Época 4/30, Batch 2000/3287, Loss: 0.0005
2025-10-09 15:42:25,570 [INFO] Época 4/30, Batch 2050/3287, Loss: 0.0002
2025-10-09 15:42:25,833 [INFO] Época 4/30, Batch 2100/3287, Loss: 0.0003
2025-10-09 15:42:26,102 [INFO] Época 4/30, Batch 2150/3287, Loss: 0.0002
2025-10-09 15:42:26,364 [INFO] Época 4/30, Batch 2200/3287, Loss: 0.0003
2025-10-09 15:42:26,630 [INFO] Época 4/30, Batch 2250/3287, Loss: 0.0004
2025-10-09 15:42:26,899 [INFO] Época 4/30, Batch 2300/3287, Loss: 0.0004
2025-10-09 15:42:27,166 [INFO] Época 4/30, Batch 2350/3287, Loss: 0.0003
2025-10-09 15:42:27,431 [INFO] Época 4/30, Batch 2400/3287, Loss: 0.0003
2025-10-09 15:42:27,701 [INFO] Época 4/30, Batch 2450/3287, Loss: 0.0003
2025-10-09 15:42:27,969 [INFO] Época 4/30, Batch 2500/3287, Loss: 0.0003
2025-10-09 15:42:28,236 [INFO] Época 4/30, Batch 2550/3287, Loss: 0.0002
2025-10-09 15:42:28,501 [INFO] Época 4/30, Batch 2600/3287, Loss: 0.0003
2025-10-09 15:42:28,763 [INFO] Época 4/30, Batch 2650/3287, Loss: 0.0006
2025-10-09 15:42:29,026 [INFO] Época 4/30, Batch 2700/3287, Loss: 0.0040
2025-10-09 15:42:29,297 [INFO] Época 4/30, Batch 2750/3287, Loss: 0.0002
2025-10-09 15:42:29,563 [INFO] Época 4/30, Batch 2800/3287, Loss: 0.0004
2025-10-09 15:42:29,828 [INFO] Época 4/30, Batch 2850/3287, Loss: 0.0006
2025-10-09 15:42:30,090 [INFO] Época 4/30, Batch 2900/3287, Loss: 0.0002
2025-10-09 15:42:30,353 [INFO] Época 4/30, Batch 2950/3287, Loss: 0.0002
2025-10-09 15:42:30,616 [INFO] Época 4/30, Batch 3000/3287, Loss: 0.0006
2025-10-09 15:42:30,877 [INFO] Época 4/30, Batch 3050/3287, Loss: 0.0003
2025-10-09 15:42:31,145 [INFO] Época 4/30, Batch 3100/3287, Loss: 0.0003
2025-10-09 15:42:31,410 [INFO] Época 4/30, Batch 3150/3287, Loss: 0.0003
2025-10-09 15:42:31,685 [INFO] Época 4/30, Batch 3200/3287, Loss: 0.0002
2025-10-09 15:42:31,948 [INFO] Época 4/30, Batch 3250/3287, Loss: 0.0003
2025-10-09 15:42:33,442 [INFO] [4/30] Train Loss: 0.0048 | Val Loss: 0.0004 | Tempo: 18.87s
2025-10-09 15:42:33,917 [INFO] Época 5/30, Batch 50/3287, Loss: 0.0004
2025-10-09 15:42:34,198 [INFO] Época 5/30, Batch 100/3287, Loss: 0.0002
2025-10-09 15:42:34,482 [INFO] Época 5/30, Batch 150/3287, Loss: 0.0003
2025-10-09 15:42:34,760 [INFO] Época 5/30, Batch 200/3287, Loss: 0.0004
2025-10-09 15:42:35,036 [INFO] Época 5/30, Batch 250/3287, Loss: 0.0002
2025-10-09 15:42:35,313 [INFO] Época 5/30, Batch 300/3287, Loss: 0.0003
2025-10-09 15:42:35,591 [INFO] Época 5/30, Batch 350/3287, Loss: 0.0003
2025-10-09 15:42:35,850 [INFO] Época 5/30, Batch 400/3287, Loss: 0.0003
2025-10-09 15:42:36,106 [INFO] Época 5/30, Batch 450/3287, Loss: 0.0003
2025-10-09 15:42:36,378 [INFO] Época 5/30, Batch 500/3287, Loss: 0.0004
2025-10-09 15:42:36,654 [INFO] Época 5/30, Batch 550/3287, Loss: 0.0004
2025-10-09 15:42:36,936 [INFO] Época 5/30, Batch 600/3287, Loss: 0.0004
2025-10-09 15:42:37,214 [INFO] Época 5/30, Batch 650/3287, Loss: 0.0003
2025-10-09 15:42:37,491 [INFO] Época 5/30, Batch 700/3287, Loss: 0.0003
2025-10-09 15:42:37,769 [INFO] Época 5/30, Batch 750/3287, Loss: 0.0003
2025-10-09 15:42:38,025 [INFO] Época 5/30, Batch 800/3287, Loss: 0.0003
2025-10-09 15:42:38,285 [INFO] Época 5/30, Batch 850/3287, Loss: 0.0003
2025-10-09 15:42:38,544 [INFO] Época 5/30, Batch 900/3287, Loss: 0.0005
2025-10-09 15:42:38,796 [INFO] Época 5/30, Batch 950/3287, Loss: 0.0004
2025-10-09 15:42:39,048 [INFO] Época 5/30, Batch 1000/3287, Loss: 0.0008
2025-10-09 15:42:39,301 [INFO] Época 5/30, Batch 1050/3287, Loss: 0.0002
2025-10-09 15:42:39,555 [INFO] Época 5/30, Batch 1100/3287, Loss: 0.0002
2025-10-09 15:42:39,812 [INFO] Época 5/30, Batch 1150/3287, Loss: 0.0003
2025-10-09 15:42:40,087 [INFO] Época 5/30, Batch 1200/3287, Loss: 0.0002
2025-10-09 15:42:40,367 [INFO] Época 5/30, Batch 1250/3287, Loss: 0.0002
2025-10-09 15:42:40,643 [INFO] Época 5/30, Batch 1300/3287, Loss: 0.0008
2025-10-09 15:42:40,921 [INFO] Época 5/30, Batch 1350/3287, Loss: 0.0002
2025-10-09 15:42:41,203 [INFO] Época 5/30, Batch 1400/3287, Loss: 0.0004
2025-10-09 15:42:41,481 [INFO] Época 5/30, Batch 1450/3287, Loss: 0.0003
2025-10-09 15:42:41,762 [INFO] Época 5/30, Batch 1500/3287, Loss: 0.0004
2025-10-09 15:42:42,049 [INFO] Época 5/30, Batch 1550/3287, Loss: 0.0002
2025-10-09 15:42:42,326 [INFO] Época 5/30, Batch 1600/3287, Loss: 0.0003
2025-10-09 15:42:42,604 [INFO] Época 5/30, Batch 1650/3287, Loss: 0.0004
2025-10-09 15:42:42,873 [INFO] Época 5/30, Batch 1700/3287, Loss: 0.0004
2025-10-09 15:42:43,143 [INFO] Época 5/30, Batch 1750/3287, Loss: 0.0002
2025-10-09 15:42:43,419 [INFO] Época 5/30, Batch 1800/3287, Loss: 0.0003
2025-10-09 15:42:43,695 [INFO] Época 5/30, Batch 1850/3287, Loss: 0.0004
2025-10-09 15:42:43,970 [INFO] Época 5/30, Batch 1900/3287, Loss: 0.0002
2025-10-09 15:42:44,245 [INFO] Época 5/30, Batch 1950/3287, Loss: 0.0004
2025-10-09 15:42:44,520 [INFO] Época 5/30, Batch 2000/3287, Loss: 0.0003
2025-10-09 15:42:44,796 [INFO] Época 5/30, Batch 2050/3287, Loss: 0.0003
2025-10-09 15:42:45,067 [INFO] Época 5/30, Batch 2100/3287, Loss: 0.0003
2025-10-09 15:42:45,337 [INFO] Época 5/30, Batch 2150/3287, Loss: 0.0003
2025-10-09 15:42:45,613 [INFO] Época 5/30, Batch 2200/3287, Loss: 0.0004
2025-10-09 15:42:45,888 [INFO] Época 5/30, Batch 2250/3287, Loss: 0.0002
2025-10-09 15:42:46,162 [INFO] Época 5/30, Batch 2300/3287, Loss: 0.0002
2025-10-09 15:42:46,438 [INFO] Época 5/30, Batch 2350/3287, Loss: 0.0005
2025-10-09 15:42:46,715 [INFO] Época 5/30, Batch 2400/3287, Loss: 0.0003
2025-10-09 15:42:46,990 [INFO] Época 5/30, Batch 2450/3287, Loss: 0.0004
2025-10-09 15:42:47,265 [INFO] Época 5/30, Batch 2500/3287, Loss: 0.0004
2025-10-09 15:42:47,540 [INFO] Época 5/30, Batch 2550/3287, Loss: 0.0003
2025-10-09 15:42:47,819 [INFO] Época 5/30, Batch 2600/3287, Loss: 0.0003
2025-10-09 15:42:48,080 [INFO] Época 5/30, Batch 2650/3287, Loss: 0.0003
2025-10-09 15:42:48,337 [INFO] Época 5/30, Batch 2700/3287, Loss: 0.0002
2025-10-09 15:42:48,598 [INFO] Época 5/30, Batch 2750/3287, Loss: 0.0002
2025-10-09 15:42:48,857 [INFO] Época 5/30, Batch 2800/3287, Loss: 0.0002
2025-10-09 15:42:49,117 [INFO] Época 5/30, Batch 2850/3287, Loss: 0.0003
2025-10-09 15:42:49,378 [INFO] Época 5/30, Batch 2900/3287, Loss: 0.0002
2025-10-09 15:42:49,636 [INFO] Época 5/30, Batch 2950/3287, Loss: 0.0003
2025-10-09 15:42:49,898 [INFO] Época 5/30, Batch 3000/3287, Loss: 0.0002
2025-10-09 15:42:50,157 [INFO] Época 5/30, Batch 3050/3287, Loss: 0.0004
2025-10-09 15:42:50,415 [INFO] Época 5/30, Batch 3100/3287, Loss: 0.0003
2025-10-09 15:42:50,685 [INFO] Época 5/30, Batch 3150/3287, Loss: 0.0002
2025-10-09 15:42:50,961 [INFO] Época 5/30, Batch 3200/3287, Loss: 0.0004
2025-10-09 15:42:51,233 [INFO] Época 5/30, Batch 3250/3287, Loss: 0.0001
2025-10-09 15:42:52,776 [INFO] [5/30] Train Loss: 0.0048 | Val Loss: 0.0003 | Tempo: 19.33s
2025-10-09 15:42:52,780 [INFO] Melhor modelo salvo em: /mnt/hdd/home/jdurao/ToolBox-ChemXAI/models/mlp_qm9_3D_att0_large.pth
2025-10-09 15:42:53,218 [INFO] Época 6/30, Batch 50/3287, Loss: 0.0002
2025-10-09 15:42:53,488 [INFO] Época 6/30, Batch 100/3287, Loss: 0.0003
2025-10-09 15:42:53,758 [INFO] Época 6/30, Batch 150/3287, Loss: 0.0002
2025-10-09 15:42:54,022 [INFO] Época 6/30, Batch 200/3287, Loss: 0.0002
2025-10-09 15:42:54,287 [INFO] Época 6/30, Batch 250/3287, Loss: 0.0003
2025-10-09 15:42:54,550 [INFO] Época 6/30, Batch 300/3287, Loss: 0.0002
2025-10-09 15:42:54,814 [INFO] Época 6/30, Batch 350/3287, Loss: 0.0003
2025-10-09 15:42:55,071 [INFO] Época 6/30, Batch 400/3287, Loss: 0.0005
2025-10-09 15:42:55,340 [INFO] Época 6/30, Batch 450/3287, Loss: 0.0002
2025-10-09 15:42:55,613 [INFO] Época 6/30, Batch 500/3287, Loss: 0.0003
2025-10-09 15:42:55,887 [INFO] Época 6/30, Batch 550/3287, Loss: 0.0002
2025-10-09 15:42:56,162 [INFO] Época 6/30, Batch 600/3287, Loss: 0.0003
2025-10-09 15:42:56,436 [INFO] Época 6/30, Batch 650/3287, Loss: 0.0007
2025-10-09 15:42:56,711 [INFO] Época 6/30, Batch 700/3287, Loss: 0.0002
2025-10-09 15:42:56,986 [INFO] Época 6/30, Batch 750/3287, Loss: 0.0004
2025-10-09 15:42:57,261 [INFO] Época 6/30, Batch 800/3287, Loss: 0.0003
2025-10-09 15:42:57,535 [INFO] Época 6/30, Batch 850/3287, Loss: 0.0002
2025-10-09 15:42:57,815 [INFO] Época 6/30, Batch 900/3287, Loss: 0.0002
2025-10-09 15:42:58,081 [INFO] Época 6/30, Batch 950/3287, Loss: 0.0002
2025-10-09 15:42:58,345 [INFO] Época 6/30, Batch 1000/3287, Loss: 0.0003
2025-10-09 15:42:58,609 [INFO] Época 6/30, Batch 1050/3287, Loss: 0.0002
2025-10-09 15:42:58,856 [INFO] Época 6/30, Batch 1100/3287, Loss: 0.0004
2025-10-09 15:42:59,121 [INFO] Época 6/30, Batch 1150/3287, Loss: 0.0002
2025-10-09 15:42:59,386 [INFO] Época 6/30, Batch 1200/3287, Loss: 0.0006
2025-10-09 15:42:59,649 [INFO] Época 6/30, Batch 1250/3287, Loss: 0.0003
2025-10-09 15:42:59,901 [INFO] Época 6/30, Batch 1300/3287, Loss: 0.0003
2025-10-09 15:43:00,160 [INFO] Época 6/30, Batch 1350/3287, Loss: 0.0003
2025-10-09 15:43:00,423 [INFO] Época 6/30, Batch 1400/3287, Loss: 0.0002
2025-10-09 15:43:00,680 [INFO] Época 6/30, Batch 1450/3287, Loss: 0.0002
2025-10-09 15:43:00,944 [INFO] Época 6/30, Batch 1500/3287, Loss: 3.9820
2025-10-09 15:43:01,205 [INFO] Época 6/30, Batch 1550/3287, Loss: 0.0002
2025-10-09 15:43:01,475 [INFO] Época 6/30, Batch 1600/3287, Loss: 0.0003
2025-10-09 15:43:01,726 [INFO] Época 6/30, Batch 1650/3287, Loss: 0.0003
2025-10-09 15:43:01,975 [INFO] Época 6/30, Batch 1700/3287, Loss: 0.0002
2025-10-09 15:43:02,226 [INFO] Época 6/30, Batch 1750/3287, Loss: 0.0004
2025-10-09 15:43:02,477 [INFO] Época 6/30, Batch 1800/3287, Loss: 0.0003
2025-10-09 15:43:02,728 [INFO] Época 6/30, Batch 1850/3287, Loss: 0.0004
2025-10-09 15:43:02,984 [INFO] Época 6/30, Batch 1900/3287, Loss: 0.0003
2025-10-09 15:43:03,235 [INFO] Época 6/30, Batch 1950/3287, Loss: 0.0002
2025-10-09 15:43:03,489 [INFO] Época 6/30, Batch 2000/3287, Loss: 0.0003
2025-10-09 15:43:03,751 [INFO] Época 6/30, Batch 2050/3287, Loss: 0.0003
2025-10-09 15:43:04,023 [INFO] Época 6/30, Batch 2100/3287, Loss: 0.0004
2025-10-09 15:43:04,283 [INFO] Época 6/30, Batch 2150/3287, Loss: 0.0002
2025-10-09 15:43:04,537 [INFO] Época 6/30, Batch 2200/3287, Loss: 0.0005
2025-10-09 15:43:04,799 [INFO] Época 6/30, Batch 2250/3287, Loss: 0.0003
2025-10-09 15:43:05,072 [INFO] Época 6/30, Batch 2300/3287, Loss: 0.0003
2025-10-09 15:43:05,354 [INFO] Época 6/30, Batch 2350/3287, Loss: 0.0002
2025-10-09 15:43:05,620 [INFO] Época 6/30, Batch 2400/3287, Loss: 0.0002
2025-10-09 15:43:05,890 [INFO] Época 6/30, Batch 2450/3287, Loss: 0.0002
2025-10-09 15:43:06,161 [INFO] Época 6/30, Batch 2500/3287, Loss: 0.0004
2025-10-09 15:43:06,433 [INFO] Época 6/30, Batch 2550/3287, Loss: 0.0003
2025-10-09 15:43:06,697 [INFO] Época 6/30, Batch 2600/3287, Loss: 0.0002
2025-10-09 15:43:06,950 [INFO] Época 6/30, Batch 2650/3287, Loss: 0.0003
2025-10-09 15:43:07,203 [INFO] Época 6/30, Batch 2700/3287, Loss: 0.0003
2025-10-09 15:43:07,463 [INFO] Época 6/30, Batch 2750/3287, Loss: 0.0003
2025-10-09 15:43:07,728 [INFO] Época 6/30, Batch 2800/3287, Loss: 0.0002
2025-10-09 15:43:07,982 [INFO] Época 6/30, Batch 2850/3287, Loss: 0.0003
2025-10-09 15:43:08,235 [INFO] Época 6/30, Batch 2900/3287, Loss: 0.0003
2025-10-09 15:43:08,491 [INFO] Época 6/30, Batch 2950/3287, Loss: 0.0003
2025-10-09 15:43:08,744 [INFO] Época 6/30, Batch 3000/3287, Loss: 0.0003
2025-10-09 15:43:08,998 [INFO] Época 6/30, Batch 3050/3287, Loss: 0.0002
2025-10-09 15:43:09,253 [INFO] Época 6/30, Batch 3100/3287, Loss: 0.0003
2025-10-09 15:43:09,508 [INFO] Época 6/30, Batch 3150/3287, Loss: 0.0002
2025-10-09 15:43:09,777 [INFO] Época 6/30, Batch 3200/3287, Loss: 0.0002
2025-10-09 15:43:10,044 [INFO] Época 6/30, Batch 3250/3287, Loss: 0.0003
2025-10-09 15:43:11,545 [INFO] [6/30] Train Loss: 0.0048 | Val Loss: 0.0003 | Tempo: 18.76s
2025-10-09 15:43:11,988 [INFO] Época 7/30, Batch 50/3287, Loss: 0.0003
2025-10-09 15:43:12,272 [INFO] Época 7/30, Batch 100/3287, Loss: 0.0004
2025-10-09 15:43:12,543 [INFO] Época 7/30, Batch 150/3287, Loss: 0.0003
2025-10-09 15:43:12,818 [INFO] Época 7/30, Batch 200/3287, Loss: 0.0002
2025-10-09 15:43:13,090 [INFO] Época 7/30, Batch 250/3287, Loss: 0.0002
2025-10-09 15:43:13,362 [INFO] Época 7/30, Batch 300/3287, Loss: 0.0002
2025-10-09 15:43:13,636 [INFO] Época 7/30, Batch 350/3287, Loss: 0.0004
2025-10-09 15:43:13,910 [INFO] Época 7/30, Batch 400/3287, Loss: 0.0002
2025-10-09 15:43:14,184 [INFO] Época 7/30, Batch 450/3287, Loss: 0.0002
2025-10-09 15:43:14,457 [INFO] Época 7/30, Batch 500/3287, Loss: 0.0005
2025-10-09 15:43:14,730 [INFO] Época 7/30, Batch 550/3287, Loss: 0.0003
2025-10-09 15:43:15,003 [INFO] Época 7/30, Batch 600/3287, Loss: 0.0003
2025-10-09 15:43:15,275 [INFO] Época 7/30, Batch 650/3287, Loss: 0.0004
2025-10-09 15:43:15,548 [INFO] Época 7/30, Batch 700/3287, Loss: 0.0004
2025-10-09 15:43:15,821 [INFO] Época 7/30, Batch 750/3287, Loss: 0.0002
2025-10-09 15:43:16,094 [INFO] Época 7/30, Batch 800/3287, Loss: 0.0003
2025-10-09 15:43:16,367 [INFO] Época 7/30, Batch 850/3287, Loss: 0.0003
2025-10-09 15:43:16,639 [INFO] Época 7/30, Batch 900/3287, Loss: 0.0002
2025-10-09 15:43:16,909 [INFO] Época 7/30, Batch 950/3287, Loss: 0.0006
2025-10-09 15:43:17,177 [INFO] Época 7/30, Batch 1000/3287, Loss: 0.0003
2025-10-09 15:43:17,445 [INFO] Época 7/30, Batch 1050/3287, Loss: 0.0002
2025-10-09 15:43:17,714 [INFO] Época 7/30, Batch 1100/3287, Loss: 0.0003
2025-10-09 15:43:17,985 [INFO] Época 7/30, Batch 1150/3287, Loss: 0.0003
2025-10-09 15:43:18,251 [INFO] Época 7/30, Batch 1200/3287, Loss: 0.0003
2025-10-09 15:43:18,516 [INFO] Época 7/30, Batch 1250/3287, Loss: 0.0005
2025-10-09 15:43:18,782 [INFO] Época 7/30, Batch 1300/3287, Loss: 0.0003
2025-10-09 15:43:19,051 [INFO] Época 7/30, Batch 1350/3287, Loss: 0.0004
2025-10-09 15:43:19,324 [INFO] Época 7/30, Batch 1400/3287, Loss: 0.0002
2025-10-09 15:43:19,596 [INFO] Época 7/30, Batch 1450/3287, Loss: 0.0002
2025-10-09 15:43:19,866 [INFO] Época 7/30, Batch 1500/3287, Loss: 0.0003
2025-10-09 15:43:20,138 [INFO] Época 7/30, Batch 1550/3287, Loss: 0.0002
2025-10-09 15:43:20,410 [INFO] Época 7/30, Batch 1600/3287, Loss: 0.0003
2025-10-09 15:43:20,681 [INFO] Época 7/30, Batch 1650/3287, Loss: 0.0003
2025-10-09 15:43:20,953 [INFO] Época 7/30, Batch 1700/3287, Loss: 0.0003
2025-10-09 15:43:21,225 [INFO] Época 7/30, Batch 1750/3287, Loss: 0.0004
2025-10-09 15:43:21,498 [INFO] Época 7/30, Batch 1800/3287, Loss: 0.0004
2025-10-09 15:43:21,775 [INFO] Época 7/30, Batch 1850/3287, Loss: 0.0004
2025-10-09 15:43:22,064 [INFO] Época 7/30, Batch 1900/3287, Loss: 0.0002
2025-10-09 15:43:22,353 [INFO] Época 7/30, Batch 1950/3287, Loss: 0.0003
2025-10-09 15:43:22,642 [INFO] Época 7/30, Batch 2000/3287, Loss: 0.0003
2025-10-09 15:43:22,914 [INFO] Época 7/30, Batch 2050/3287, Loss: 0.0002
2025-10-09 15:43:23,185 [INFO] Época 7/30, Batch 2100/3287, Loss: 0.0006
2025-10-09 15:43:23,457 [INFO] Época 7/30, Batch 2150/3287, Loss: 0.0002
2025-10-09 15:43:23,729 [INFO] Época 7/30, Batch 2200/3287, Loss: 0.0003
2025-10-09 15:43:24,004 [INFO] Época 7/30, Batch 2250/3287, Loss: 0.0003
2025-10-09 15:43:24,273 [INFO] Época 7/30, Batch 2300/3287, Loss: 0.0003
2025-10-09 15:43:24,542 [INFO] Época 7/30, Batch 2350/3287, Loss: 0.0004
2025-10-09 15:43:24,814 [INFO] Época 7/30, Batch 2400/3287, Loss: 0.0002
2025-10-09 15:43:25,083 [INFO] Época 7/30, Batch 2450/3287, Loss: 0.0006
2025-10-09 15:43:25,354 [INFO] Época 7/30, Batch 2500/3287, Loss: 0.0003
2025-10-09 15:43:25,625 [INFO] Época 7/30, Batch 2550/3287, Loss: 0.0003
2025-10-09 15:43:25,890 [INFO] Época 7/30, Batch 2600/3287, Loss: 0.0003
2025-10-09 15:43:26,160 [INFO] Época 7/30, Batch 2650/3287, Loss: 0.0003
2025-10-09 15:43:26,431 [INFO] Época 7/30, Batch 2700/3287, Loss: 0.0005
2025-10-09 15:43:26,701 [INFO] Época 7/30, Batch 2750/3287, Loss: 0.0004
2025-10-09 15:43:26,974 [INFO] Época 7/30, Batch 2800/3287, Loss: 0.0004
2025-10-09 15:43:27,248 [INFO] Época 7/30, Batch 2850/3287, Loss: 0.0004
2025-10-09 15:43:27,522 [INFO] Época 7/30, Batch 2900/3287, Loss: 0.0004
2025-10-09 15:43:27,798 [INFO] Época 7/30, Batch 2950/3287, Loss: 0.0002
2025-10-09 15:43:28,070 [INFO] Época 7/30, Batch 3000/3287, Loss: 0.0004
2025-10-09 15:43:28,338 [INFO] Época 7/30, Batch 3050/3287, Loss: 0.0003
2025-10-09 15:43:28,608 [INFO] Época 7/30, Batch 3100/3287, Loss: 0.0003
2025-10-09 15:43:28,879 [INFO] Época 7/30, Batch 3150/3287, Loss: 0.0002
2025-10-09 15:43:29,153 [INFO] Época 7/30, Batch 3200/3287, Loss: 0.0002
2025-10-09 15:43:29,423 [INFO] Época 7/30, Batch 3250/3287, Loss: 0.0004
2025-10-09 15:43:30,938 [INFO] [7/30] Train Loss: 0.0048 | Val Loss: 0.0003 | Tempo: 19.39s
2025-10-09 15:43:31,405 [INFO] Época 8/30, Batch 50/3287, Loss: 0.0003
2025-10-09 15:43:31,689 [INFO] Época 8/30, Batch 100/3287, Loss: 0.0004
2025-10-09 15:43:31,970 [INFO] Época 8/30, Batch 150/3287, Loss: 0.0005
2025-10-09 15:43:32,251 [INFO] Época 8/30, Batch 200/3287, Loss: 0.0004
2025-10-09 15:43:32,536 [INFO] Época 8/30, Batch 250/3287, Loss: 0.0003
2025-10-09 15:43:32,819 [INFO] Época 8/30, Batch 300/3287, Loss: 0.0002
2025-10-09 15:43:33,102 [INFO] Época 8/30, Batch 350/3287, Loss: 0.0003
2025-10-09 15:43:33,384 [INFO] Época 8/30, Batch 400/3287, Loss: 0.0002
2025-10-09 15:43:33,666 [INFO] Época 8/30, Batch 450/3287, Loss: 0.0003
2025-10-09 15:43:33,943 [INFO] Época 8/30, Batch 500/3287, Loss: 0.0003
2025-10-09 15:43:34,216 [INFO] Época 8/30, Batch 550/3287, Loss: 0.0002
2025-10-09 15:43:34,490 [INFO] Época 8/30, Batch 600/3287, Loss: 0.0002
2025-10-09 15:43:34,763 [INFO] Época 8/30, Batch 650/3287, Loss: 0.0003
2025-10-09 15:43:35,036 [INFO] Época 8/30, Batch 700/3287, Loss: 0.0005
2025-10-09 15:43:35,311 [INFO] Época 8/30, Batch 750/3287, Loss: 0.0002
2025-10-09 15:43:35,584 [INFO] Época 8/30, Batch 800/3287, Loss: 0.0003
2025-10-09 15:43:35,853 [INFO] Época 8/30, Batch 850/3287, Loss: 0.0003
2025-10-09 15:43:36,119 [INFO] Época 8/30, Batch 900/3287, Loss: 0.0003
2025-10-09 15:43:36,379 [INFO] Época 8/30, Batch 950/3287, Loss: 0.0003
2025-10-09 15:43:36,641 [INFO] Época 8/30, Batch 1000/3287, Loss: 0.0004
2025-10-09 15:43:36,902 [INFO] Época 8/30, Batch 1050/3287, Loss: 0.0003
2025-10-09 15:43:37,165 [INFO] Época 8/30, Batch 1100/3287, Loss: 0.0002
2025-10-09 15:43:37,426 [INFO] Época 8/30, Batch 1150/3287, Loss: 0.0003
2025-10-09 15:43:37,687 [INFO] Época 8/30, Batch 1200/3287, Loss: 0.0003
2025-10-09 15:43:37,949 [INFO] Época 8/30, Batch 1250/3287, Loss: 0.0003
2025-10-09 15:43:38,220 [INFO] Época 8/30, Batch 1300/3287, Loss: 0.0005
2025-10-09 15:43:38,494 [INFO] Época 8/30, Batch 1350/3287, Loss: 0.0003
2025-10-09 15:43:38,770 [INFO] Época 8/30, Batch 1400/3287, Loss: 0.0002
2025-10-09 15:43:39,043 [INFO] Época 8/30, Batch 1450/3287, Loss: 0.0003
2025-10-09 15:43:39,318 [INFO] Época 8/30, Batch 1500/3287, Loss: 0.0003
2025-10-09 15:43:39,593 [INFO] Época 8/30, Batch 1550/3287, Loss: 0.0002
2025-10-09 15:43:39,867 [INFO] Época 8/30, Batch 1600/3287, Loss: 0.0127
2025-10-09 15:43:40,141 [INFO] Época 8/30, Batch 1650/3287, Loss: 0.0002
2025-10-09 15:43:40,413 [INFO] Época 8/30, Batch 1700/3287, Loss: 0.0003
2025-10-09 15:43:40,684 [INFO] Época 8/30, Batch 1750/3287, Loss: 0.0003
2025-10-09 15:43:40,954 [INFO] Época 8/30, Batch 1800/3287, Loss: 0.0002
2025-10-09 15:43:41,222 [INFO] Época 8/30, Batch 1850/3287, Loss: 0.0005
2025-10-09 15:43:41,491 [INFO] Época 8/30, Batch 1900/3287, Loss: 0.0002
2025-10-09 15:43:41,760 [INFO] Época 8/30, Batch 1950/3287, Loss: 0.0004
2025-10-09 15:43:42,029 [INFO] Época 8/30, Batch 2000/3287, Loss: 0.0003
2025-10-09 15:43:42,300 [INFO] Época 8/30, Batch 2050/3287, Loss: 0.0004
2025-10-09 15:43:42,569 [INFO] Época 8/30, Batch 2100/3287, Loss: 0.0002
2025-10-09 15:43:42,838 [INFO] Época 8/30, Batch 2150/3287, Loss: 0.0003
2025-10-09 15:43:43,108 [INFO] Época 8/30, Batch 2200/3287, Loss: 0.0003
2025-10-09 15:43:43,377 [INFO] Época 8/30, Batch 2250/3287, Loss: 0.0004
2025-10-09 15:43:43,651 [INFO] Época 8/30, Batch 2300/3287, Loss: 0.0006
2025-10-09 15:43:43,922 [INFO] Época 8/30, Batch 2350/3287, Loss: 0.0003
2025-10-09 15:43:44,193 [INFO] Época 8/30, Batch 2400/3287, Loss: 0.0001
2025-10-09 15:43:44,463 [INFO] Época 8/30, Batch 2450/3287, Loss: 0.0002
2025-10-09 15:43:44,733 [INFO] Época 8/30, Batch 2500/3287, Loss: 0.0003
2025-10-09 15:43:45,005 [INFO] Época 8/30, Batch 2550/3287, Loss: 0.0002
2025-10-09 15:43:45,275 [INFO] Época 8/30, Batch 2600/3287, Loss: 0.0004
2025-10-09 15:43:45,543 [INFO] Época 8/30, Batch 2650/3287, Loss: 0.0002
2025-10-09 15:43:45,808 [INFO] Época 8/30, Batch 2700/3287, Loss: 0.0002
2025-10-09 15:43:46,063 [INFO] Época 8/30, Batch 2750/3287, Loss: 0.0003
2025-10-09 15:43:46,314 [INFO] Época 8/30, Batch 2800/3287, Loss: 0.0003
2025-10-09 15:43:46,563 [INFO] Época 8/30, Batch 2850/3287, Loss: 0.0002
2025-10-09 15:43:46,814 [INFO] Época 8/30, Batch 2900/3287, Loss: 0.0002
2025-10-09 15:43:47,067 [INFO] Época 8/30, Batch 2950/3287, Loss: 0.0002
2025-10-09 15:43:47,319 [INFO] Época 8/30, Batch 3000/3287, Loss: 0.0002
2025-10-09 15:43:47,572 [INFO] Época 8/30, Batch 3050/3287, Loss: 0.0003
2025-10-09 15:43:47,824 [INFO] Época 8/30, Batch 3100/3287, Loss: 0.0005
2025-10-09 15:43:48,077 [INFO] Época 8/30, Batch 3150/3287, Loss: 0.0003
2025-10-09 15:43:48,328 [INFO] Época 8/30, Batch 3200/3287, Loss: 0.0004
2025-10-09 15:43:48,580 [INFO] Época 8/30, Batch 3250/3287, Loss: 0.0003
2025-10-09 15:43:50,040 [INFO] [8/30] Train Loss: 0.0048 | Val Loss: 0.0004 | Tempo: 19.10s
2025-10-09 15:43:50,508 [INFO] Época 9/30, Batch 50/3287, Loss: 0.0004
2025-10-09 15:43:50,791 [INFO] Época 9/30, Batch 100/3287, Loss: 0.0002
2025-10-09 15:43:51,072 [INFO] Época 9/30, Batch 150/3287, Loss: 0.0003
2025-10-09 15:43:51,353 [INFO] Época 9/30, Batch 200/3287, Loss: 0.0002
2025-10-09 15:43:51,618 [INFO] Época 9/30, Batch 250/3287, Loss: 0.0002
2025-10-09 15:43:51,879 [INFO] Época 9/30, Batch 300/3287, Loss: 0.0003
2025-10-09 15:43:52,137 [INFO] Época 9/30, Batch 350/3287, Loss: 0.0002
2025-10-09 15:43:52,397 [INFO] Época 9/30, Batch 400/3287, Loss: 0.0006
2025-10-09 15:43:52,657 [INFO] Época 9/30, Batch 450/3287, Loss: 0.0003
2025-10-09 15:43:52,912 [INFO] Época 9/30, Batch 500/3287, Loss: 0.0048
2025-10-09 15:43:53,171 [INFO] Época 9/30, Batch 550/3287, Loss: 0.0003
2025-10-09 15:43:53,429 [INFO] Época 9/30, Batch 600/3287, Loss: 0.0003
2025-10-09 15:43:53,689 [INFO] Época 9/30, Batch 650/3287, Loss: 0.0002
2025-10-09 15:43:53,945 [INFO] Época 9/30, Batch 700/3287, Loss: 0.0002
2025-10-09 15:43:54,197 [INFO] Época 9/30, Batch 750/3287, Loss: 0.0002
2025-10-09 15:43:54,446 [INFO] Época 9/30, Batch 800/3287, Loss: 0.0002
2025-10-09 15:43:54,695 [INFO] Época 9/30, Batch 850/3287, Loss: 0.0003
2025-10-09 15:43:54,942 [INFO] Época 9/30, Batch 900/3287, Loss: 0.0002
2025-10-09 15:43:55,189 [INFO] Época 9/30, Batch 950/3287, Loss: 0.0003
2025-10-09 15:43:55,439 [INFO] Época 9/30, Batch 1000/3287, Loss: 0.0003
2025-10-09 15:43:55,687 [INFO] Época 9/30, Batch 1050/3287, Loss: 0.0003
2025-10-09 15:43:55,935 [INFO] Época 9/30, Batch 1100/3287, Loss: 0.0004
2025-10-09 15:43:56,186 [INFO] Época 9/30, Batch 1150/3287, Loss: 0.0003
2025-10-09 15:43:56,445 [INFO] Época 9/30, Batch 1200/3287, Loss: 0.0002
2025-10-09 15:43:56,702 [INFO] Época 9/30, Batch 1250/3287, Loss: 0.0003
2025-10-09 15:43:56,959 [INFO] Época 9/30, Batch 1300/3287, Loss: 0.0004
2025-10-09 15:43:57,214 [INFO] Época 9/30, Batch 1350/3287, Loss: 0.0002
2025-10-09 15:43:57,473 [INFO] Época 9/30, Batch 1400/3287, Loss: 0.0003
2025-10-09 15:43:57,733 [INFO] Época 9/30, Batch 1450/3287, Loss: 0.0006
2025-10-09 15:43:57,992 [INFO] Época 9/30, Batch 1500/3287, Loss: 0.0002
2025-10-09 15:43:58,251 [INFO] Época 9/30, Batch 1550/3287, Loss: 0.0003
2025-10-09 15:43:58,510 [INFO] Época 9/30, Batch 1600/3287, Loss: 0.0002
2025-10-09 15:43:58,768 [INFO] Época 9/30, Batch 1650/3287, Loss: 0.0004
2025-10-09 15:43:59,027 [INFO] Época 9/30, Batch 1700/3287, Loss: 0.0003
2025-10-09 15:43:59,287 [INFO] Época 9/30, Batch 1750/3287, Loss: 0.0002
2025-10-09 15:43:59,546 [INFO] Época 9/30, Batch 1800/3287, Loss: 0.0003
2025-10-09 15:43:59,805 [INFO] Época 9/30, Batch 1850/3287, Loss: 0.0003
2025-10-09 15:44:00,064 [INFO] Época 9/30, Batch 1900/3287, Loss: 0.0005
2025-10-09 15:44:00,325 [INFO] Época 9/30, Batch 1950/3287, Loss: 0.0003
2025-10-09 15:44:00,585 [INFO] Época 9/30, Batch 2000/3287, Loss: 0.0003
2025-10-09 15:44:00,844 [INFO] Época 9/30, Batch 2050/3287, Loss: 0.0003
2025-10-09 15:44:01,105 [INFO] Época 9/30, Batch 2100/3287, Loss: 0.0002
2025-10-09 15:44:01,365 [INFO] Época 9/30, Batch 2150/3287, Loss: 0.0002
2025-10-09 15:44:01,625 [INFO] Época 9/30, Batch 2200/3287, Loss: 0.0004
2025-10-09 15:44:01,885 [INFO] Época 9/30, Batch 2250/3287, Loss: 0.0003
2025-10-09 15:44:02,148 [INFO] Época 9/30, Batch 2300/3287, Loss: 0.0003
2025-10-09 15:44:02,409 [INFO] Época 9/30, Batch 2350/3287, Loss: 0.0005
2025-10-09 15:44:02,667 [INFO] Época 9/30, Batch 2400/3287, Loss: 0.0002
2025-10-09 15:44:02,926 [INFO] Época 9/30, Batch 2450/3287, Loss: 0.0004
2025-10-09 15:44:03,185 [INFO] Época 9/30, Batch 2500/3287, Loss: 0.0003
2025-10-09 15:44:03,442 [INFO] Época 9/30, Batch 2550/3287, Loss: 0.0002
2025-10-09 15:44:03,706 [INFO] Época 9/30, Batch 2600/3287, Loss: 0.0004
2025-10-09 15:44:03,965 [INFO] Época 9/30, Batch 2650/3287, Loss: 0.0010
2025-10-09 15:44:04,224 [INFO] Época 9/30, Batch 2700/3287, Loss: 0.0003
2025-10-09 15:44:04,484 [INFO] Época 9/30, Batch 2750/3287, Loss: 0.0002
2025-10-09 15:44:04,743 [INFO] Época 9/30, Batch 2800/3287, Loss: 0.0003
2025-10-09 15:44:05,005 [INFO] Época 9/30, Batch 2850/3287, Loss: 0.0004
2025-10-09 15:44:05,262 [INFO] Época 9/30, Batch 2900/3287, Loss: 0.0004
2025-10-09 15:44:05,522 [INFO] Época 9/30, Batch 2950/3287, Loss: 0.0004
2025-10-09 15:44:05,782 [INFO] Época 9/30, Batch 3000/3287, Loss: 0.0001
2025-10-09 15:44:06,040 [INFO] Época 9/30, Batch 3050/3287, Loss: 0.0004
2025-10-09 15:44:06,301 [INFO] Época 9/30, Batch 3100/3287, Loss: 0.0003
2025-10-09 15:44:06,559 [INFO] Época 9/30, Batch 3150/3287, Loss: 0.0003
2025-10-09 15:44:06,818 [INFO] Época 9/30, Batch 3200/3287, Loss: 0.0002
2025-10-09 15:44:07,080 [INFO] Época 9/30, Batch 3250/3287, Loss: 0.0003
2025-10-09 15:44:08,589 [INFO] [9/30] Train Loss: 0.0048 | Val Loss: 0.0005 | Tempo: 18.55s
2025-10-09 15:44:09,032 [INFO] Época 10/30, Batch 50/3287, Loss: 0.0003
2025-10-09 15:44:09,300 [INFO] Época 10/30, Batch 100/3287, Loss: 0.0003
2025-10-09 15:44:09,561 [INFO] Época 10/30, Batch 150/3287, Loss: 0.0002
2025-10-09 15:44:09,819 [INFO] Época 10/30, Batch 200/3287, Loss: 0.0003
2025-10-09 15:44:10,077 [INFO] Época 10/30, Batch 250/3287, Loss: 0.0003
2025-10-09 15:44:10,338 [INFO] Época 10/30, Batch 300/3287, Loss: 0.0002
2025-10-09 15:44:10,596 [INFO] Época 10/30, Batch 350/3287, Loss: 0.0003
2025-10-09 15:44:10,857 [INFO] Época 10/30, Batch 400/3287, Loss: 0.0002
2025-10-09 15:44:11,115 [INFO] Época 10/30, Batch 450/3287, Loss: 0.0004
2025-10-09 15:44:11,377 [INFO] Época 10/30, Batch 500/3287, Loss: 0.0004
2025-10-09 15:44:11,634 [INFO] Época 10/30, Batch 550/3287, Loss: 0.0004
2025-10-09 15:44:11,891 [INFO] Época 10/30, Batch 600/3287, Loss: 0.0002
2025-10-09 15:44:12,148 [INFO] Época 10/30, Batch 650/3287, Loss: 0.0003
2025-10-09 15:44:12,407 [INFO] Época 10/30, Batch 700/3287, Loss: 0.0004
2025-10-09 15:44:12,665 [INFO] Época 10/30, Batch 750/3287, Loss: 0.0003
2025-10-09 15:44:12,924 [INFO] Época 10/30, Batch 800/3287, Loss: 0.0002
2025-10-09 15:44:13,178 [INFO] Época 10/30, Batch 850/3287, Loss: 0.0002
2025-10-09 15:44:13,425 [INFO] Época 10/30, Batch 900/3287, Loss: 0.0003
2025-10-09 15:44:13,671 [INFO] Época 10/30, Batch 950/3287, Loss: 0.0006
2025-10-09 15:44:13,917 [INFO] Época 10/30, Batch 1000/3287, Loss: 0.0004
2025-10-09 15:44:14,164 [INFO] Época 10/30, Batch 1050/3287, Loss: 0.0003
2025-10-09 15:44:14,409 [INFO] Época 10/30, Batch 1100/3287, Loss: 0.0004
2025-10-09 15:44:14,657 [INFO] Época 10/30, Batch 1150/3287, Loss: 0.0003
2025-10-09 15:44:14,905 [INFO] Época 10/30, Batch 1200/3287, Loss: 0.0002
2025-10-09 15:44:15,153 [INFO] Época 10/30, Batch 1250/3287, Loss: 0.0002
2025-10-09 15:44:15,414 [INFO] Época 10/30, Batch 1300/3287, Loss: 0.0003
2025-10-09 15:44:15,673 [INFO] Época 10/30, Batch 1350/3287, Loss: 0.0003
2025-10-09 15:44:15,934 [INFO] Época 10/30, Batch 1400/3287, Loss: 0.0004
2025-10-09 15:44:16,194 [INFO] Época 10/30, Batch 1450/3287, Loss: 0.0005
2025-10-09 15:44:16,453 [INFO] Época 10/30, Batch 1500/3287, Loss: 0.0003
2025-10-09 15:44:16,711 [INFO] Época 10/30, Batch 1550/3287, Loss: 0.0003
2025-10-09 15:44:16,971 [INFO] Época 10/30, Batch 1600/3287, Loss: 0.0004
2025-10-09 15:44:17,231 [INFO] Época 10/30, Batch 1650/3287, Loss: 0.0002
2025-10-09 15:44:17,490 [INFO] Época 10/30, Batch 1700/3287, Loss: 0.0002
2025-10-09 15:44:17,748 [INFO] Época 10/30, Batch 1750/3287, Loss: 0.0003
2025-10-09 15:44:18,004 [INFO] Época 10/30, Batch 1800/3287, Loss: 0.0003
2025-10-09 15:44:18,262 [INFO] Época 10/30, Batch 1850/3287, Loss: 0.0005
2025-10-09 15:44:18,522 [INFO] Época 10/30, Batch 1900/3287, Loss: 0.0003
2025-10-09 15:44:18,781 [INFO] Época 10/30, Batch 1950/3287, Loss: 0.0003
2025-10-09 15:44:19,040 [INFO] Época 10/30, Batch 2000/3287, Loss: 0.0002
2025-10-09 15:44:19,297 [INFO] Época 10/30, Batch 2050/3287, Loss: 0.0002
2025-10-09 15:44:19,556 [INFO] Época 10/30, Batch 2100/3287, Loss: 0.0002
2025-10-09 15:44:19,816 [INFO] Época 10/30, Batch 2150/3287, Loss: 0.0002
2025-10-09 15:44:20,074 [INFO] Época 10/30, Batch 2200/3287, Loss: 0.0006
2025-10-09 15:44:20,336 [INFO] Época 10/30, Batch 2250/3287, Loss: 0.0003
2025-10-09 15:44:20,598 [INFO] Época 10/30, Batch 2300/3287, Loss: 0.0002
2025-10-09 15:44:20,860 [INFO] Época 10/30, Batch 2350/3287, Loss: 0.0003
2025-10-09 15:44:21,121 [INFO] Época 10/30, Batch 2400/3287, Loss: 0.0003
2025-10-09 15:44:21,380 [INFO] Época 10/30, Batch 2450/3287, Loss: 0.0004
2025-10-09 15:44:21,640 [INFO] Época 10/30, Batch 2500/3287, Loss: 0.0002
2025-10-09 15:44:21,900 [INFO] Época 10/30, Batch 2550/3287, Loss: 0.0002
2025-10-09 15:44:22,161 [INFO] Época 10/30, Batch 2600/3287, Loss: 0.0003
2025-10-09 15:44:22,423 [INFO] Época 10/30, Batch 2650/3287, Loss: 0.0002
2025-10-09 15:44:22,685 [INFO] Época 10/30, Batch 2700/3287, Loss: 0.0002
2025-10-09 15:44:22,952 [INFO] Época 10/30, Batch 2750/3287, Loss: 0.0002
2025-10-09 15:44:23,219 [INFO] Época 10/30, Batch 2800/3287, Loss: 0.0002
2025-10-09 15:44:23,484 [INFO] Época 10/30, Batch 2850/3287, Loss: 0.0004
2025-10-09 15:44:23,753 [INFO] Época 10/30, Batch 2900/3287, Loss: 0.0003
2025-10-09 15:44:24,017 [INFO] Época 10/30, Batch 2950/3287, Loss: 0.0003
2025-10-09 15:44:24,277 [INFO] Época 10/30, Batch 3000/3287, Loss: 0.0003
2025-10-09 15:44:24,541 [INFO] Época 10/30, Batch 3050/3287, Loss: 0.0002
2025-10-09 15:44:24,808 [INFO] Época 10/30, Batch 3100/3287, Loss: 0.0003
2025-10-09 15:44:25,076 [INFO] Época 10/30, Batch 3150/3287, Loss: 0.0002
2025-10-09 15:44:25,345 [INFO] Época 10/30, Batch 3200/3287, Loss: 0.0003
2025-10-09 15:44:25,609 [INFO] Época 10/30, Batch 3250/3287, Loss: 0.0003
2025-10-09 15:44:27,111 [INFO] [10/30] Train Loss: 0.0048 | Val Loss: 0.0003 | Tempo: 18.52s
2025-10-09 15:44:27,562 [INFO] Época 11/30, Batch 50/3287, Loss: 0.0003
2025-10-09 15:44:27,830 [INFO] Época 11/30, Batch 100/3287, Loss: 0.0003
2025-10-09 15:44:28,096 [INFO] Época 11/30, Batch 150/3287, Loss: 0.0003
2025-10-09 15:44:28,367 [INFO] Época 11/30, Batch 200/3287, Loss: 0.0002
2025-10-09 15:44:28,652 [INFO] Época 11/30, Batch 250/3287, Loss: 0.0005
2025-10-09 15:44:28,935 [INFO] Época 11/30, Batch 300/3287, Loss: 0.0002
2025-10-09 15:44:29,215 [INFO] Época 11/30, Batch 350/3287, Loss: 0.0004
2025-10-09 15:44:29,496 [INFO] Época 11/30, Batch 400/3287, Loss: 0.0003
2025-10-09 15:44:29,775 [INFO] Época 11/30, Batch 450/3287, Loss: 0.0005
2025-10-09 15:44:30,054 [INFO] Época 11/30, Batch 500/3287, Loss: 0.0005
2025-10-09 15:44:30,332 [INFO] Época 11/30, Batch 550/3287, Loss: 0.0003
2025-10-09 15:44:30,609 [INFO] Época 11/30, Batch 600/3287, Loss: 0.0004
2025-10-09 15:44:30,887 [INFO] Época 11/30, Batch 650/3287, Loss: 0.0003
2025-10-09 15:44:31,164 [INFO] Época 11/30, Batch 700/3287, Loss: 0.0002
2025-10-09 15:44:31,444 [INFO] Época 11/30, Batch 750/3287, Loss: 0.0003
2025-10-09 15:44:31,721 [INFO] Época 11/30, Batch 800/3287, Loss: 0.0002
2025-10-09 15:44:31,982 [INFO] Época 11/30, Batch 850/3287, Loss: 0.0002
2025-10-09 15:44:32,240 [INFO] Época 11/30, Batch 900/3287, Loss: 0.0003
2025-10-09 15:44:32,491 [INFO] Época 11/30, Batch 950/3287, Loss: 0.0002
2025-10-09 15:44:32,747 [INFO] Época 11/30, Batch 1000/3287, Loss: 0.0003
2025-10-09 15:44:32,999 [INFO] Época 11/30, Batch 1050/3287, Loss: 0.0005
2025-10-09 15:44:33,258 [INFO] Época 11/30, Batch 1100/3287, Loss: 0.0002
2025-10-09 15:44:33,523 [INFO] Época 11/30, Batch 1150/3287, Loss: 0.0006
2025-10-09 15:44:33,775 [INFO] Época 11/30, Batch 1200/3287, Loss: 0.0004
2025-10-09 15:44:34,043 [INFO] Época 11/30, Batch 1250/3287, Loss: 0.0003
2025-10-09 15:44:34,308 [INFO] Época 11/30, Batch 1300/3287, Loss: 0.0005
2025-10-09 15:44:34,572 [INFO] Época 11/30, Batch 1350/3287, Loss: 0.0003
2025-10-09 15:44:34,837 [INFO] Época 11/30, Batch 1400/3287, Loss: 0.0004
2025-10-09 15:44:35,101 [INFO] Época 11/30, Batch 1450/3287, Loss: 0.0003
2025-10-09 15:44:35,369 [INFO] Época 11/30, Batch 1500/3287, Loss: 0.0002
2025-10-09 15:44:35,634 [INFO] Época 11/30, Batch 1550/3287, Loss: 0.0002
2025-10-09 15:44:35,900 [INFO] Época 11/30, Batch 1600/3287, Loss: 0.0006
2025-10-09 15:44:36,168 [INFO] Época 11/30, Batch 1650/3287, Loss: 0.0002
2025-10-09 15:44:36,427 [INFO] Época 11/30, Batch 1700/3287, Loss: 0.0002
2025-10-09 15:44:36,699 [INFO] Época 11/30, Batch 1750/3287, Loss: 0.0003
2025-10-09 15:44:36,974 [INFO] Época 11/30, Batch 1800/3287, Loss: 0.0001
2025-10-09 15:44:37,238 [INFO] Época 11/30, Batch 1850/3287, Loss: 0.0005
2025-10-09 15:44:37,491 [INFO] Época 11/30, Batch 1900/3287, Loss: 0.0002
2025-10-09 15:44:37,748 [INFO] Época 11/30, Batch 1950/3287, Loss: 0.0002
2025-10-09 15:44:38,000 [INFO] Época 11/30, Batch 2000/3287, Loss: 0.0003
2025-10-09 15:44:38,260 [INFO] Época 11/30, Batch 2050/3287, Loss: 0.0002
2025-10-09 15:44:38,519 [INFO] Época 11/30, Batch 2100/3287, Loss: 0.0002
2025-10-09 15:44:38,775 [INFO] Época 11/30, Batch 2150/3287, Loss: 0.0003
2025-10-09 15:44:39,044 [INFO] Época 11/30, Batch 2200/3287, Loss: 0.0002
2025-10-09 15:44:39,321 [INFO] Época 11/30, Batch 2250/3287, Loss: 0.0003
2025-10-09 15:44:39,591 [INFO] Época 11/30, Batch 2300/3287, Loss: 0.0002
2025-10-09 15:44:39,865 [INFO] Época 11/30, Batch 2350/3287, Loss: 0.0004
2025-10-09 15:44:40,137 [INFO] Época 11/30, Batch 2400/3287, Loss: 0.0003
2025-10-09 15:44:40,409 [INFO] Época 11/30, Batch 2450/3287, Loss: 0.0003
2025-10-09 15:44:40,678 [INFO] Época 11/30, Batch 2500/3287, Loss: 0.0003
2025-10-09 15:44:40,932 [INFO] Época 11/30, Batch 2550/3287, Loss: 0.0004
2025-10-09 15:44:41,195 [INFO] Época 11/30, Batch 2600/3287, Loss: 0.0004
2025-10-09 15:44:41,465 [INFO] Época 11/30, Batch 2650/3287, Loss: 0.0003
2025-10-09 15:44:41,737 [INFO] Época 11/30, Batch 2700/3287, Loss: 0.0002
2025-10-09 15:44:42,008 [INFO] Época 11/30, Batch 2750/3287, Loss: 0.0004
2025-10-09 15:44:42,277 [INFO] Época 11/30, Batch 2800/3287, Loss: 0.0003
2025-10-09 15:44:42,547 [INFO] Época 11/30, Batch 2850/3287, Loss: 0.0003
2025-10-09 15:44:42,799 [INFO] Época 11/30, Batch 2900/3287, Loss: 0.0002
2025-10-09 15:44:43,053 [INFO] Época 11/30, Batch 2950/3287, Loss: 0.0002
2025-10-09 15:44:43,306 [INFO] Época 11/30, Batch 3000/3287, Loss: 0.0002
2025-10-09 15:44:43,561 [INFO] Época 11/30, Batch 3050/3287, Loss: 0.0002
2025-10-09 15:44:43,814 [INFO] Época 11/30, Batch 3100/3287, Loss: 0.0002
2025-10-09 15:44:44,066 [INFO] Época 11/30, Batch 3150/3287, Loss: 0.0002
2025-10-09 15:44:44,333 [INFO] Época 11/30, Batch 3200/3287, Loss: 0.0004
2025-10-09 15:44:44,612 [INFO] Época 11/30, Batch 3250/3287, Loss: 0.0004
2025-10-09 15:44:46,163 [INFO] [11/30] Train Loss: 0.0048 | Val Loss: 0.0004 | Tempo: 19.05s
2025-10-09 15:44:46,612 [INFO] Época 12/30, Batch 50/3287, Loss: 0.0004
2025-10-09 15:44:46,876 [INFO] Época 12/30, Batch 100/3287, Loss: 0.0002
2025-10-09 15:44:47,140 [INFO] Época 12/30, Batch 150/3287, Loss: 0.0003
2025-10-09 15:44:47,404 [INFO] Época 12/30, Batch 200/3287, Loss: 0.0002
2025-10-09 15:44:47,669 [INFO] Época 12/30, Batch 250/3287, Loss: 0.0003
2025-10-09 15:44:47,935 [INFO] Época 12/30, Batch 300/3287, Loss: 0.0002
2025-10-09 15:44:48,197 [INFO] Época 12/30, Batch 350/3287, Loss: 0.0002
2025-10-09 15:44:48,460 [INFO] Época 12/30, Batch 400/3287, Loss: 0.0003
2025-10-09 15:44:48,724 [INFO] Época 12/30, Batch 450/3287, Loss: 0.0003
2025-10-09 15:44:48,991 [INFO] Época 12/30, Batch 500/3287, Loss: 0.0003
2025-10-09 15:44:49,260 [INFO] Época 12/30, Batch 550/3287, Loss: 0.0003
2025-10-09 15:44:49,528 [INFO] Época 12/30, Batch 600/3287, Loss: 0.0004
2025-10-09 15:44:49,796 [INFO] Época 12/30, Batch 650/3287, Loss: 0.0002
2025-10-09 15:44:50,064 [INFO] Época 12/30, Batch 700/3287, Loss: 0.0003
2025-10-09 15:44:50,332 [INFO] Época 12/30, Batch 750/3287, Loss: 0.0002
2025-10-09 15:44:50,598 [INFO] Época 12/30, Batch 800/3287, Loss: 0.0004
2025-10-09 15:44:50,856 [INFO] Época 12/30, Batch 850/3287, Loss: 0.0003
2025-10-09 15:44:51,113 [INFO] Época 12/30, Batch 900/3287, Loss: 0.0002
2025-10-09 15:44:51,370 [INFO] Época 12/30, Batch 950/3287, Loss: 0.0002
2025-10-09 15:44:51,629 [INFO] Época 12/30, Batch 1000/3287, Loss: 0.0003
2025-10-09 15:44:51,886 [INFO] Época 12/30, Batch 1050/3287, Loss: 0.0025
2025-10-09 15:44:52,143 [INFO] Época 12/30, Batch 1100/3287, Loss: 0.0002
2025-10-09 15:44:52,400 [INFO] Época 12/30, Batch 1150/3287, Loss: 0.0004
2025-10-09 15:44:52,656 [INFO] Época 12/30, Batch 1200/3287, Loss: 0.0004
2025-10-09 15:44:52,913 [INFO] Época 12/30, Batch 1250/3287, Loss: 0.0003
2025-10-09 15:44:53,167 [INFO] Época 12/30, Batch 1300/3287, Loss: 0.0002
2025-10-09 15:44:53,424 [INFO] Época 12/30, Batch 1350/3287, Loss: 0.0002
2025-10-09 15:44:53,684 [INFO] Época 12/30, Batch 1400/3287, Loss: 0.0008
2025-10-09 15:44:53,942 [INFO] Época 12/30, Batch 1450/3287, Loss: 0.0003
2025-10-09 15:44:54,201 [INFO] Época 12/30, Batch 1500/3287, Loss: 0.0003
2025-10-09 15:44:54,461 [INFO] Época 12/30, Batch 1550/3287, Loss: 0.0003
2025-10-09 15:44:54,727 [INFO] Época 12/30, Batch 1600/3287, Loss: 0.0002
2025-10-09 15:44:54,992 [INFO] Época 12/30, Batch 1650/3287, Loss: 0.0003
2025-10-09 15:44:55,255 [INFO] Época 12/30, Batch 1700/3287, Loss: 0.0004
2025-10-09 15:44:55,523 [INFO] Época 12/30, Batch 1750/3287, Loss: 0.0003
2025-10-09 15:44:55,790 [INFO] Época 12/30, Batch 1800/3287, Loss: 0.0003
2025-10-09 15:44:56,050 [INFO] Época 12/30, Batch 1850/3287, Loss: 0.0003
2025-10-09 15:44:56,308 [INFO] Época 12/30, Batch 1900/3287, Loss: 0.0004
2025-10-09 15:44:56,566 [INFO] Época 12/30, Batch 1950/3287, Loss: 0.0002
2025-10-09 15:44:56,827 [INFO] Época 12/30, Batch 2000/3287, Loss: 0.0005
2025-10-09 15:44:57,084 [INFO] Época 12/30, Batch 2050/3287, Loss: 0.0003
2025-10-09 15:44:57,354 [INFO] Época 12/30, Batch 2100/3287, Loss: 0.0005
2025-10-09 15:44:57,613 [INFO] Época 12/30, Batch 2150/3287, Loss: 0.0003
2025-10-09 15:44:57,872 [INFO] Época 12/30, Batch 2200/3287, Loss: 0.0002
2025-10-09 15:44:58,135 [INFO] Época 12/30, Batch 2250/3287, Loss: 0.0002
2025-10-09 15:44:58,395 [INFO] Época 12/30, Batch 2300/3287, Loss: 0.0003
2025-10-09 15:44:58,652 [INFO] Época 12/30, Batch 2350/3287, Loss: 0.0005
2025-10-09 15:44:58,909 [INFO] Época 12/30, Batch 2400/3287, Loss: 0.0003
2025-10-09 15:44:59,168 [INFO] Época 12/30, Batch 2450/3287, Loss: 0.0002
2025-10-09 15:44:59,427 [INFO] Época 12/30, Batch 2500/3287, Loss: 0.0005
2025-10-09 15:44:59,687 [INFO] Época 12/30, Batch 2550/3287, Loss: 0.0004
2025-10-09 15:44:59,943 [INFO] Época 12/30, Batch 2600/3287, Loss: 0.0002
2025-10-09 15:45:00,201 [INFO] Época 12/30, Batch 2650/3287, Loss: 0.0004
2025-10-09 15:45:00,463 [INFO] Época 12/30, Batch 2700/3287, Loss: 0.0006
2025-10-09 15:45:00,722 [INFO] Época 12/30, Batch 2750/3287, Loss: 0.0003
2025-10-09 15:45:00,980 [INFO] Época 12/30, Batch 2800/3287, Loss: 0.0002
2025-10-09 15:45:01,237 [INFO] Época 12/30, Batch 2850/3287, Loss: 0.0003
2025-10-09 15:45:01,496 [INFO] Época 12/30, Batch 2900/3287, Loss: 0.0004
2025-10-09 15:45:01,757 [INFO] Época 12/30, Batch 2950/3287, Loss: 0.0003
2025-10-09 15:45:02,034 [INFO] Época 12/30, Batch 3000/3287, Loss: 0.0002
2025-10-09 15:45:02,310 [INFO] Época 12/30, Batch 3050/3287, Loss: 0.0002
2025-10-09 15:45:02,585 [INFO] Época 12/30, Batch 3100/3287, Loss: 0.0002
2025-10-09 15:45:02,852 [INFO] Época 12/30, Batch 3150/3287, Loss: 0.0004
2025-10-09 15:45:03,112 [INFO] Época 12/30, Batch 3200/3287, Loss: 0.0003
2025-10-09 15:45:03,371 [INFO] Época 12/30, Batch 3250/3287, Loss: 0.0002
2025-10-09 15:45:04,908 [INFO] [12/30] Train Loss: 0.0047 | Val Loss: 0.0003 | Tempo: 18.74s
2025-10-09 15:45:05,295 [INFO] Época 13/30, Batch 50/3287, Loss: 0.0003
2025-10-09 15:45:05,527 [INFO] Época 13/30, Batch 100/3287, Loss: 0.0004
2025-10-09 15:45:05,785 [INFO] Época 13/30, Batch 150/3287, Loss: 0.0005
2025-10-09 15:45:06,041 [INFO] Época 13/30, Batch 200/3287, Loss: 0.0027
2025-10-09 15:45:06,298 [INFO] Época 13/30, Batch 250/3287, Loss: 0.0003
2025-10-09 15:45:06,554 [INFO] Época 13/30, Batch 300/3287, Loss: 0.0003
2025-10-09 15:45:06,838 [INFO] Época 13/30, Batch 350/3287, Loss: 0.0002
2025-10-09 15:45:07,123 [INFO] Época 13/30, Batch 400/3287, Loss: 0.0002
2025-10-09 15:45:07,403 [INFO] Época 13/30, Batch 450/3287, Loss: 0.0002
2025-10-09 15:45:07,658 [INFO] Época 13/30, Batch 500/3287, Loss: 0.0002
2025-10-09 15:45:07,931 [INFO] Época 13/30, Batch 550/3287, Loss: 0.0002
2025-10-09 15:45:08,215 [INFO] Época 13/30, Batch 600/3287, Loss: 0.0003
2025-10-09 15:45:08,499 [INFO] Época 13/30, Batch 650/3287, Loss: 0.0003
2025-10-09 15:45:08,783 [INFO] Época 13/30, Batch 700/3287, Loss: 0.0003
2025-10-09 15:45:09,067 [INFO] Época 13/30, Batch 750/3287, Loss: 0.0002
2025-10-09 15:45:09,350 [INFO] Época 13/30, Batch 800/3287, Loss: 0.0003
2025-10-09 15:45:09,637 [INFO] Época 13/30, Batch 850/3287, Loss: 0.0004
2025-10-09 15:45:09,923 [INFO] Época 13/30, Batch 900/3287, Loss: 0.0004
2025-10-09 15:45:10,211 [INFO] Época 13/30, Batch 950/3287, Loss: 0.0002
2025-10-09 15:45:10,492 [INFO] Época 13/30, Batch 1000/3287, Loss: 0.0002
2025-10-09 15:45:10,774 [INFO] Época 13/30, Batch 1050/3287, Loss: 0.0005
2025-10-09 15:45:11,052 [INFO] Época 13/30, Batch 1100/3287, Loss: 0.0003
2025-10-09 15:45:11,334 [INFO] Época 13/30, Batch 1150/3287, Loss: 0.0005
2025-10-09 15:45:11,610 [INFO] Época 13/30, Batch 1200/3287, Loss: 0.0003
2025-10-09 15:45:11,866 [INFO] Época 13/30, Batch 1250/3287, Loss: 0.0004
2025-10-09 15:45:12,124 [INFO] Época 13/30, Batch 1300/3287, Loss: 0.0003
2025-10-09 15:45:12,380 [INFO] Época 13/30, Batch 1350/3287, Loss: 0.0003
2025-10-09 15:45:12,639 [INFO] Época 13/30, Batch 1400/3287, Loss: 0.0002
2025-10-09 15:45:12,907 [INFO] Época 13/30, Batch 1450/3287, Loss: 0.0003
2025-10-09 15:45:13,181 [INFO] Época 13/30, Batch 1500/3287, Loss: 0.0002
2025-10-09 15:45:13,454 [INFO] Época 13/30, Batch 1550/3287, Loss: 0.0003
2025-10-09 15:45:13,727 [INFO] Época 13/30, Batch 1600/3287, Loss: 0.0001
2025-10-09 15:45:14,002 [INFO] Época 13/30, Batch 1650/3287, Loss: 0.0003
2025-10-09 15:45:14,285 [INFO] Época 13/30, Batch 1700/3287, Loss: 0.0002
2025-10-09 15:45:14,562 [INFO] Época 13/30, Batch 1750/3287, Loss: 0.0002
2025-10-09 15:45:14,836 [INFO] Época 13/30, Batch 1800/3287, Loss: 0.0002
2025-10-09 15:45:15,134 [INFO] Época 13/30, Batch 1850/3287, Loss: 0.0003
2025-10-09 15:45:15,409 [INFO] Época 13/30, Batch 1900/3287, Loss: 0.0004
2025-10-09 15:45:15,682 [INFO] Época 13/30, Batch 1950/3287, Loss: 0.0002
2025-10-09 15:45:15,954 [INFO] Época 13/30, Batch 2000/3287, Loss: 0.0003
2025-10-09 15:45:16,227 [INFO] Época 13/30, Batch 2050/3287, Loss: 0.0002
2025-10-09 15:45:16,498 [INFO] Época 13/30, Batch 2100/3287, Loss: 0.0004
2025-10-09 15:45:16,770 [INFO] Época 13/30, Batch 2150/3287, Loss: 0.0003
2025-10-09 15:45:17,040 [INFO] Época 13/30, Batch 2200/3287, Loss: 0.0004
2025-10-09 15:45:17,311 [INFO] Época 13/30, Batch 2250/3287, Loss: 0.0003
2025-10-09 15:45:17,582 [INFO] Época 13/30, Batch 2300/3287, Loss: 0.0002
2025-10-09 15:45:17,852 [INFO] Época 13/30, Batch 2350/3287, Loss: 0.0003
2025-10-09 15:45:18,124 [INFO] Época 13/30, Batch 2400/3287, Loss: 0.0002
2025-10-09 15:45:18,398 [INFO] Época 13/30, Batch 2450/3287, Loss: 0.0003
2025-10-09 15:45:18,674 [INFO] Época 13/30, Batch 2500/3287, Loss: 0.0004
2025-10-09 15:45:18,951 [INFO] Época 13/30, Batch 2550/3287, Loss: 0.0002
2025-10-09 15:45:19,228 [INFO] Época 13/30, Batch 2600/3287, Loss: 0.0002
2025-10-09 15:45:19,502 [INFO] Época 13/30, Batch 2650/3287, Loss: 0.0003
2025-10-09 15:45:19,769 [INFO] Época 13/30, Batch 2700/3287, Loss: 0.0002
2025-10-09 15:45:20,030 [INFO] Época 13/30, Batch 2750/3287, Loss: 0.0003
2025-10-09 15:45:20,289 [INFO] Época 13/30, Batch 2800/3287, Loss: 0.0003
2025-10-09 15:45:20,551 [INFO] Época 13/30, Batch 2850/3287, Loss: 0.0005
2025-10-09 15:45:20,812 [INFO] Época 13/30, Batch 2900/3287, Loss: 0.0003
2025-10-09 15:45:21,074 [INFO] Época 13/30, Batch 2950/3287, Loss: 0.0002
2025-10-09 15:45:21,336 [INFO] Época 13/30, Batch 3000/3287, Loss: 0.0003
2025-10-09 15:45:21,598 [INFO] Época 13/30, Batch 3050/3287, Loss: 0.0002
2025-10-09 15:45:21,863 [INFO] Época 13/30, Batch 3100/3287, Loss: 0.0004
2025-10-09 15:45:22,129 [INFO] Época 13/30, Batch 3150/3287, Loss: 0.0003
2025-10-09 15:45:22,395 [INFO] Época 13/30, Batch 3200/3287, Loss: 0.0002
2025-10-09 15:45:22,659 [INFO] Época 13/30, Batch 3250/3287, Loss: 0.0003
2025-10-09 15:45:24,163 [INFO] [13/30] Train Loss: 0.0047 | Val Loss: 0.0004 | Tempo: 19.25s
2025-10-09 15:45:24,605 [INFO] Época 14/30, Batch 50/3287, Loss: 0.0002
2025-10-09 15:45:24,874 [INFO] Época 14/30, Batch 100/3287, Loss: 0.0003
2025-10-09 15:45:25,139 [INFO] Época 14/30, Batch 150/3287, Loss: 0.0002
2025-10-09 15:45:25,401 [INFO] Época 14/30, Batch 200/3287, Loss: 0.0005
2025-10-09 15:45:25,671 [INFO] Época 14/30, Batch 250/3287, Loss: 0.0003
2025-10-09 15:45:25,950 [INFO] Época 14/30, Batch 300/3287, Loss: 0.0003
2025-10-09 15:45:26,228 [INFO] Época 14/30, Batch 350/3287, Loss: 0.0004
2025-10-09 15:45:26,503 [INFO] Época 14/30, Batch 400/3287, Loss: 0.0003
2025-10-09 15:45:26,778 [INFO] Época 14/30, Batch 450/3287, Loss: 0.0002
2025-10-09 15:45:27,056 [INFO] Época 14/30, Batch 500/3287, Loss: 0.0004
2025-10-09 15:45:27,332 [INFO] Época 14/30, Batch 550/3287, Loss: 0.0002
2025-10-09 15:45:27,600 [INFO] Época 14/30, Batch 600/3287, Loss: 0.0003
2025-10-09 15:45:27,867 [INFO] Época 14/30, Batch 650/3287, Loss: 0.0003
2025-10-09 15:45:28,135 [INFO] Época 14/30, Batch 700/3287, Loss: 0.0002
2025-10-09 15:45:28,401 [INFO] Época 14/30, Batch 750/3287, Loss: 0.0003
2025-10-09 15:45:28,667 [INFO] Época 14/30, Batch 800/3287, Loss: 0.0002
2025-10-09 15:45:28,937 [INFO] Época 14/30, Batch 850/3287, Loss: 0.0002
2025-10-09 15:45:29,212 [INFO] Época 14/30, Batch 900/3287, Loss: 0.0004
2025-10-09 15:45:29,493 [INFO] Época 14/30, Batch 950/3287, Loss: 0.0004
2025-10-09 15:45:29,769 [INFO] Época 14/30, Batch 1000/3287, Loss: 0.0002
2025-10-09 15:45:30,046 [INFO] Época 14/30, Batch 1050/3287, Loss: 0.0002
2025-10-09 15:45:30,325 [INFO] Época 14/30, Batch 1100/3287, Loss: 0.0004
2025-10-09 15:45:30,602 [INFO] Época 14/30, Batch 1150/3287, Loss: 0.0003
2025-10-09 15:45:30,880 [INFO] Época 14/30, Batch 1200/3287, Loss: 0.0006
2025-10-09 15:45:31,159 [INFO] Época 14/30, Batch 1250/3287, Loss: 0.0002
2025-10-09 15:45:31,438 [INFO] Época 14/30, Batch 1300/3287, Loss: 0.0003
2025-10-09 15:45:31,718 [INFO] Época 14/30, Batch 1350/3287, Loss: 0.0003
2025-10-09 15:45:31,995 [INFO] Época 14/30, Batch 1400/3287, Loss: 0.0003
2025-10-09 15:45:32,273 [INFO] Época 14/30, Batch 1450/3287, Loss: 0.0004
2025-10-09 15:45:32,535 [INFO] Época 14/30, Batch 1500/3287, Loss: 0.0026
2025-10-09 15:45:32,793 [INFO] Época 14/30, Batch 1550/3287, Loss: 0.0002
2025-10-09 15:45:33,051 [INFO] Época 14/30, Batch 1600/3287, Loss: 0.0003
2025-10-09 15:45:33,311 [INFO] Época 14/30, Batch 1650/3287, Loss: 0.0005
2025-10-09 15:45:33,569 [INFO] Época 14/30, Batch 1700/3287, Loss: 0.0004
2025-10-09 15:45:33,828 [INFO] Época 14/30, Batch 1750/3287, Loss: 0.0002
2025-10-09 15:45:34,086 [INFO] Época 14/30, Batch 1800/3287, Loss: 0.0003
2025-10-09 15:45:34,347 [INFO] Época 14/30, Batch 1850/3287, Loss: 0.0002
2025-10-09 15:45:34,605 [INFO] Época 14/30, Batch 1900/3287, Loss: 0.0003
2025-10-09 15:45:34,862 [INFO] Época 14/30, Batch 1950/3287, Loss: 0.0003
2025-10-09 15:45:35,142 [INFO] Época 14/30, Batch 2000/3287, Loss: 0.0003
2025-10-09 15:45:35,421 [INFO] Época 14/30, Batch 2050/3287, Loss: 0.0004
2025-10-09 15:45:35,703 [INFO] Época 14/30, Batch 2100/3287, Loss: 0.0002
2025-10-09 15:45:35,986 [INFO] Época 14/30, Batch 2150/3287, Loss: 0.0003
2025-10-09 15:45:36,270 [INFO] Época 14/30, Batch 2200/3287, Loss: 0.0002
2025-10-09 15:45:36,555 [INFO] Época 14/30, Batch 2250/3287, Loss: 0.0003
2025-10-09 15:45:36,840 [INFO] Época 14/30, Batch 2300/3287, Loss: 0.0003
2025-10-09 15:45:37,126 [INFO] Época 14/30, Batch 2350/3287, Loss: 0.0004
2025-10-09 15:45:37,405 [INFO] Época 14/30, Batch 2400/3287, Loss: 0.0004
2025-10-09 15:45:37,683 [INFO] Época 14/30, Batch 2450/3287, Loss: 0.0004
2025-10-09 15:45:37,960 [INFO] Época 14/30, Batch 2500/3287, Loss: 0.0003
2025-10-09 15:45:38,238 [INFO] Época 14/30, Batch 2550/3287, Loss: 0.0001
2025-10-09 15:45:38,514 [INFO] Época 14/30, Batch 2600/3287, Loss: 0.0002
2025-10-09 15:45:38,793 [INFO] Época 14/30, Batch 2650/3287, Loss: 0.0002
2025-10-09 15:45:39,071 [INFO] Época 14/30, Batch 2700/3287, Loss: 0.0002
2025-10-09 15:45:39,337 [INFO] Época 14/30, Batch 2750/3287, Loss: 0.0002
2025-10-09 15:45:39,594 [INFO] Época 14/30, Batch 2800/3287, Loss: 0.0002
2025-10-09 15:45:39,853 [INFO] Época 14/30, Batch 2850/3287, Loss: 0.0003
2025-10-09 15:45:40,112 [INFO] Época 14/30, Batch 2900/3287, Loss: 0.0003
2025-10-09 15:45:40,370 [INFO] Época 14/30, Batch 2950/3287, Loss: 0.0003
2025-10-09 15:45:40,631 [INFO] Época 14/30, Batch 3000/3287, Loss: 0.0003
2025-10-09 15:45:40,891 [INFO] Época 14/30, Batch 3050/3287, Loss: 0.0005
2025-10-09 15:45:41,149 [INFO] Época 14/30, Batch 3100/3287, Loss: 0.0003
2025-10-09 15:45:41,412 [INFO] Época 14/30, Batch 3150/3287, Loss: 0.0004
2025-10-09 15:45:41,669 [INFO] Época 14/30, Batch 3200/3287, Loss: 0.0004
2025-10-09 15:45:41,925 [INFO] Época 14/30, Batch 3250/3287, Loss: 0.0003
2025-10-09 15:45:43,397 [INFO] [14/30] Train Loss: 0.0047 | Val Loss: 0.0003 | Tempo: 19.23s
2025-10-09 15:45:43,846 [INFO] Época 15/30, Batch 50/3287, Loss: 0.0003
2025-10-09 15:45:44,110 [INFO] Época 15/30, Batch 100/3287, Loss: 0.0005
2025-10-09 15:45:44,376 [INFO] Época 15/30, Batch 150/3287, Loss: 0.0003
2025-10-09 15:45:44,636 [INFO] Época 15/30, Batch 200/3287, Loss: 0.0003
2025-10-09 15:45:44,898 [INFO] Época 15/30, Batch 250/3287, Loss: 0.0003
2025-10-09 15:45:45,157 [INFO] Época 15/30, Batch 300/3287, Loss: 0.0002
2025-10-09 15:45:45,417 [INFO] Época 15/30, Batch 350/3287, Loss: 0.0002
2025-10-09 15:45:45,698 [INFO] Época 15/30, Batch 400/3287, Loss: 0.0003
2025-10-09 15:45:45,984 [INFO] Época 15/30, Batch 450/3287, Loss: 0.0004
2025-10-09 15:45:46,266 [INFO] Época 15/30, Batch 500/3287, Loss: 0.0003
2025-10-09 15:45:46,526 [INFO] Época 15/30, Batch 550/3287, Loss: 0.0003
2025-10-09 15:45:46,814 [INFO] Época 15/30, Batch 600/3287, Loss: 0.0003
2025-10-09 15:45:47,103 [INFO] Época 15/30, Batch 650/3287, Loss: 0.0003
2025-10-09 15:45:47,390 [INFO] Época 15/30, Batch 700/3287, Loss: 0.0002
2025-10-09 15:45:47,670 [INFO] Época 15/30, Batch 750/3287, Loss: 0.0005
2025-10-09 15:45:47,950 [INFO] Época 15/30, Batch 800/3287, Loss: 0.0004
2025-10-09 15:45:48,237 [INFO] Época 15/30, Batch 850/3287, Loss: 0.0004
2025-10-09 15:45:48,515 [INFO] Época 15/30, Batch 900/3287, Loss: 0.0002
2025-10-09 15:45:48,772 [INFO] Época 15/30, Batch 950/3287, Loss: 0.0002
2025-10-09 15:45:49,052 [INFO] Época 15/30, Batch 1000/3287, Loss: 0.0003
2025-10-09 15:45:49,324 [INFO] Época 15/30, Batch 1050/3287, Loss: 0.0003
2025-10-09 15:45:49,589 [INFO] Época 15/30, Batch 1100/3287, Loss: 0.0004
2025-10-09 15:45:49,855 [INFO] Época 15/30, Batch 1150/3287, Loss: 0.0002
2025-10-09 15:45:50,121 [INFO] Época 15/30, Batch 1200/3287, Loss: 0.0003
2025-10-09 15:45:50,387 [INFO] Época 15/30, Batch 1250/3287, Loss: 0.0003
2025-10-09 15:45:50,652 [INFO] Época 15/30, Batch 1300/3287, Loss: 0.0003
2025-10-09 15:45:50,919 [INFO] Época 15/30, Batch 1350/3287, Loss: 0.0003
2025-10-09 15:45:51,188 [INFO] Época 15/30, Batch 1400/3287, Loss: 0.0004
2025-10-09 15:45:51,455 [INFO] Época 15/30, Batch 1450/3287, Loss: 0.0002
2025-10-09 15:45:51,721 [INFO] Época 15/30, Batch 1500/3287, Loss: 0.0004
2025-10-09 15:45:51,989 [INFO] Época 15/30, Batch 1550/3287, Loss: 0.0002
2025-10-09 15:45:52,262 [INFO] Época 15/30, Batch 1600/3287, Loss: 0.0003
2025-10-09 15:45:52,532 [INFO] Época 15/30, Batch 1650/3287, Loss: 0.0006
2025-10-09 15:45:52,799 [INFO] Época 15/30, Batch 1700/3287, Loss: 0.0002
2025-10-09 15:45:53,069 [INFO] Época 15/30, Batch 1750/3287, Loss: 0.0003
2025-10-09 15:45:53,335 [INFO] Época 15/30, Batch 1800/3287, Loss: 0.0005
2025-10-09 15:45:53,603 [INFO] Época 15/30, Batch 1850/3287, Loss: 0.0004
2025-10-09 15:45:53,881 [INFO] Época 15/30, Batch 1900/3287, Loss: 0.0003
2025-10-09 15:45:54,157 [INFO] Época 15/30, Batch 1950/3287, Loss: 0.0004
2025-10-09 15:45:54,434 [INFO] Época 15/30, Batch 2000/3287, Loss: 0.0002
2025-10-09 15:45:54,710 [INFO] Época 15/30, Batch 2050/3287, Loss: 0.0003
2025-10-09 15:45:54,986 [INFO] Época 15/30, Batch 2100/3287, Loss: 0.0003
2025-10-09 15:45:55,263 [INFO] Época 15/30, Batch 2150/3287, Loss: 0.0002
2025-10-09 15:45:55,540 [INFO] Época 15/30, Batch 2200/3287, Loss: 0.0003
2025-10-09 15:45:55,816 [INFO] Época 15/30, Batch 2250/3287, Loss: 0.0003
2025-10-09 15:45:56,092 [INFO] Época 15/30, Batch 2300/3287, Loss: 0.0003
2025-10-09 15:45:56,370 [INFO] Época 15/30, Batch 2350/3287, Loss: 0.0004
2025-10-09 15:45:56,646 [INFO] Época 15/30, Batch 2400/3287, Loss: 0.0002
2025-10-09 15:45:56,914 [INFO] Época 15/30, Batch 2450/3287, Loss: 0.0003
2025-10-09 15:45:57,178 [INFO] Época 15/30, Batch 2500/3287, Loss: 0.0003
2025-10-09 15:45:57,453 [INFO] Época 15/30, Batch 2550/3287, Loss: 0.0003
2025-10-09 15:45:57,729 [INFO] Época 15/30, Batch 2600/3287, Loss: 0.0004
2025-10-09 15:45:57,996 [INFO] Época 15/30, Batch 2650/3287, Loss: 0.0004
2025-10-09 15:45:58,263 [INFO] Época 15/30, Batch 2700/3287, Loss: 0.0016
2025-10-09 15:45:58,530 [INFO] Época 15/30, Batch 2750/3287, Loss: 0.0004
2025-10-09 15:45:58,797 [INFO] Época 15/30, Batch 2800/3287, Loss: 0.0002
2025-10-09 15:45:59,063 [INFO] Época 15/30, Batch 2850/3287, Loss: 0.0003
2025-10-09 15:45:59,330 [INFO] Época 15/30, Batch 2900/3287, Loss: 0.0004
2025-10-09 15:45:59,593 [INFO] Época 15/30, Batch 2950/3287, Loss: 0.0003
2025-10-09 15:45:59,849 [INFO] Época 15/30, Batch 3000/3287, Loss: 0.0002
2025-10-09 15:46:00,110 [INFO] Época 15/30, Batch 3050/3287, Loss: 0.0002
2025-10-09 15:46:00,376 [INFO] Época 15/30, Batch 3100/3287, Loss: 0.0003
2025-10-09 15:46:00,641 [INFO] Época 15/30, Batch 3150/3287, Loss: 0.0002
2025-10-09 15:46:00,907 [INFO] Época 15/30, Batch 3200/3287, Loss: 0.0002
2025-10-09 15:46:01,174 [INFO] Época 15/30, Batch 3250/3287, Loss: 0.0003
2025-10-09 15:46:02,625 [INFO] [15/30] Train Loss: 0.0047 | Val Loss: 0.0003 | Tempo: 19.23s
2025-10-09 15:46:02,625 [INFO] Early stopping ativado após 10 épocas sem melhoria
2025-10-09 15:46:02,625 [INFO] Treinamento concluído em 284.68 segundos (4.74 minutos)
2025-10-09 15:46:02,625 [INFO] Iniciando avaliação no conjunto de teste...
2025-10-09 15:46:03,864 [INFO] Avaliação do teste concluída em 1.24 segundos
2025-10-09 15:46:03,865 [INFO] MSE no teste: 0.0000
2025-10-09 15:46:03,865 [INFO] RMSE no teste: 0.0005
2025-10-09 15:46:03,865 [INFO] MAE no teste: 0.0003
2025-10-09 15:46:03,866 [INFO] Métricas salvas em /mnt/hdd/home/jdurao/ToolBox-ChemXAI/logs/mlp_att0_3D_metrics.json
