2025-10-10 03:46:28,538 [INFO] Iniciando treinamento do modelo mlp_att8_Morgan
2025-10-10 03:46:28,538 [INFO] Configuração: att_index=8, epochs=30, layers=[128, 64, 32], lr=0.001, batch_size=32, descriptor_type=Morgan
2025-10-10 03:46:28,538 [INFO] Diretório para modelos: /mnt/hdd/home/jdurao/ToolBox-ChemXAI/models
2025-10-10 03:46:28,538 [INFO] Carregando dados...
2025-10-10 03:46:28,616 [INFO] Preparando dataloaders sem ruído...
2025-10-10 03:46:36,806 [INFO] Dados carregados em 8.27 segundos
2025-10-10 03:46:36,806 [INFO] Tamanhos dos conjuntos - Treino: 107108, Validação: 13388, Teste: 13389
2025-10-10 03:46:36,807 [INFO] Usando dispositivo: cuda
2025-10-10 03:46:37,207 [INFO] Dimensão de entrada: 512, Dimensão de saída: 1
2025-10-10 03:46:37,208 [INFO] Criando modelo MLP com camadas: [128, 64, 32]
2025-10-10 03:46:37,212 [INFO] Modelo criado com 76033 parâmetros
2025-10-10 03:46:37,213 [INFO] Iniciando treinamento com 30 épocas...
2025-10-10 03:46:37,799 [INFO] Época 1/30, Batch 50/3348, Loss: 0.5286
2025-10-10 03:46:38,081 [INFO] Época 1/30, Batch 100/3348, Loss: 0.3870
2025-10-10 03:46:38,358 [INFO] Época 1/30, Batch 150/3348, Loss: 0.5793
2025-10-10 03:46:38,633 [INFO] Época 1/30, Batch 200/3348, Loss: 0.4750
2025-10-10 03:46:38,909 [INFO] Época 1/30, Batch 250/3348, Loss: 0.4508
2025-10-10 03:46:39,182 [INFO] Época 1/30, Batch 300/3348, Loss: 0.5476
2025-10-10 03:46:39,456 [INFO] Época 1/30, Batch 350/3348, Loss: 0.5338
2025-10-10 03:46:39,727 [INFO] Época 1/30, Batch 400/3348, Loss: 0.3335
2025-10-10 03:46:40,000 [INFO] Época 1/30, Batch 450/3348, Loss: 0.4018
2025-10-10 03:46:40,273 [INFO] Época 1/30, Batch 500/3348, Loss: 0.5688
2025-10-10 03:46:40,546 [INFO] Época 1/30, Batch 550/3348, Loss: 0.3432
2025-10-10 03:46:40,819 [INFO] Época 1/30, Batch 600/3348, Loss: 0.4154
2025-10-10 03:46:41,090 [INFO] Época 1/30, Batch 650/3348, Loss: 0.4083
2025-10-10 03:46:41,360 [INFO] Época 1/30, Batch 700/3348, Loss: 0.4357
2025-10-10 03:46:41,631 [INFO] Época 1/30, Batch 750/3348, Loss: 0.3449
2025-10-10 03:46:41,902 [INFO] Época 1/30, Batch 800/3348, Loss: 0.3507
2025-10-10 03:46:42,171 [INFO] Época 1/30, Batch 850/3348, Loss: 0.3398
2025-10-10 03:46:42,441 [INFO] Época 1/30, Batch 900/3348, Loss: 0.4885
2025-10-10 03:46:42,721 [INFO] Época 1/30, Batch 950/3348, Loss: 0.3068
2025-10-10 03:46:42,992 [INFO] Época 1/30, Batch 1000/3348, Loss: 0.3023
2025-10-10 03:46:43,265 [INFO] Época 1/30, Batch 1050/3348, Loss: 0.4464
2025-10-10 03:46:43,538 [INFO] Época 1/30, Batch 1100/3348, Loss: 0.7139
2025-10-10 03:46:43,810 [INFO] Época 1/30, Batch 1150/3348, Loss: 0.4509
2025-10-10 03:46:44,080 [INFO] Época 1/30, Batch 1200/3348, Loss: 0.4208
2025-10-10 03:46:44,352 [INFO] Época 1/30, Batch 1250/3348, Loss: 0.2967
2025-10-10 03:46:44,624 [INFO] Época 1/30, Batch 1300/3348, Loss: 0.3978
2025-10-10 03:46:44,905 [INFO] Época 1/30, Batch 1350/3348, Loss: 0.4370
2025-10-10 03:46:45,177 [INFO] Época 1/30, Batch 1400/3348, Loss: 0.4223
2025-10-10 03:46:45,448 [INFO] Época 1/30, Batch 1450/3348, Loss: 0.5043
2025-10-10 03:46:45,720 [INFO] Época 1/30, Batch 1500/3348, Loss: 0.4584
2025-10-10 03:46:45,991 [INFO] Época 1/30, Batch 1550/3348, Loss: 0.4038
2025-10-10 03:46:46,263 [INFO] Época 1/30, Batch 1600/3348, Loss: 0.4369
2025-10-10 03:46:46,535 [INFO] Época 1/30, Batch 1650/3348, Loss: 0.4836
2025-10-10 03:46:46,807 [INFO] Época 1/30, Batch 1700/3348, Loss: 0.5306
2025-10-10 03:46:47,077 [INFO] Época 1/30, Batch 1750/3348, Loss: 0.3205
2025-10-10 03:46:47,350 [INFO] Época 1/30, Batch 1800/3348, Loss: 0.4634
2025-10-10 03:46:47,615 [INFO] Época 1/30, Batch 1850/3348, Loss: 0.2727
2025-10-10 03:46:47,886 [INFO] Época 1/30, Batch 1900/3348, Loss: 0.4434
2025-10-10 03:46:48,155 [INFO] Época 1/30, Batch 1950/3348, Loss: 0.4694
2025-10-10 03:46:48,423 [INFO] Época 1/30, Batch 2000/3348, Loss: 0.4827
2025-10-10 03:46:48,692 [INFO] Época 1/30, Batch 2050/3348, Loss: 0.3935
2025-10-10 03:46:48,962 [INFO] Época 1/30, Batch 2100/3348, Loss: 0.3253
2025-10-10 03:46:49,233 [INFO] Época 1/30, Batch 2150/3348, Loss: 0.3202
2025-10-10 03:46:49,500 [INFO] Época 1/30, Batch 2200/3348, Loss: 0.3673
2025-10-10 03:46:49,760 [INFO] Época 1/30, Batch 2250/3348, Loss: 0.3004
2025-10-10 03:46:50,022 [INFO] Época 1/30, Batch 2300/3348, Loss: 0.3620
2025-10-10 03:46:50,285 [INFO] Época 1/30, Batch 2350/3348, Loss: 0.5137
2025-10-10 03:46:50,549 [INFO] Época 1/30, Batch 2400/3348, Loss: 0.3435
2025-10-10 03:46:50,811 [INFO] Época 1/30, Batch 2450/3348, Loss: 0.3784
2025-10-10 03:46:51,072 [INFO] Época 1/30, Batch 2500/3348, Loss: 0.4264
2025-10-10 03:46:51,335 [INFO] Época 1/30, Batch 2550/3348, Loss: 0.4024
2025-10-10 03:46:51,596 [INFO] Época 1/30, Batch 2600/3348, Loss: 0.3366
2025-10-10 03:46:51,858 [INFO] Época 1/30, Batch 2650/3348, Loss: 0.4160
2025-10-10 03:46:52,120 [INFO] Época 1/30, Batch 2700/3348, Loss: 0.4909
2025-10-10 03:46:52,381 [INFO] Época 1/30, Batch 2750/3348, Loss: 0.3253
2025-10-10 03:46:52,643 [INFO] Época 1/30, Batch 2800/3348, Loss: 0.4207
2025-10-10 03:46:52,905 [INFO] Época 1/30, Batch 2850/3348, Loss: 0.4354
2025-10-10 03:46:53,167 [INFO] Época 1/30, Batch 2900/3348, Loss: 0.2794
2025-10-10 03:46:53,426 [INFO] Época 1/30, Batch 2950/3348, Loss: 0.3218
2025-10-10 03:46:53,689 [INFO] Época 1/30, Batch 3000/3348, Loss: 0.4604
2025-10-10 03:46:53,948 [INFO] Época 1/30, Batch 3050/3348, Loss: 0.4878
2025-10-10 03:46:54,210 [INFO] Época 1/30, Batch 3100/3348, Loss: 0.3430
2025-10-10 03:46:54,471 [INFO] Época 1/30, Batch 3150/3348, Loss: 0.3932
2025-10-10 03:46:54,732 [INFO] Época 1/30, Batch 3200/3348, Loss: 0.2792
2025-10-10 03:46:54,994 [INFO] Época 1/30, Batch 3250/3348, Loss: 0.4565
2025-10-10 03:46:55,267 [INFO] Época 1/30, Batch 3300/3348, Loss: 0.4454
2025-10-10 03:46:57,055 [INFO] [1/30] Train Loss: 0.3997 | Val Loss: 0.5993 | Tempo: 19.84s
2025-10-10 03:46:57,060 [INFO] Melhor modelo salvo em: /mnt/hdd/home/jdurao/ToolBox-ChemXAI/models/mlp_qm9_Morgan_att8_large.pth
2025-10-10 03:46:57,650 [INFO] Época 2/30, Batch 50/3348, Loss: 0.3697
2025-10-10 03:46:57,931 [INFO] Época 2/30, Batch 100/3348, Loss: 0.4173
2025-10-10 03:46:58,196 [INFO] Época 2/30, Batch 150/3348, Loss: 0.4530
2025-10-10 03:46:58,461 [INFO] Época 2/30, Batch 200/3348, Loss: 0.3191
2025-10-10 03:46:58,725 [INFO] Época 2/30, Batch 250/3348, Loss: 0.3331
2025-10-10 03:46:58,991 [INFO] Época 2/30, Batch 300/3348, Loss: 0.2800
2025-10-10 03:46:59,258 [INFO] Época 2/30, Batch 350/3348, Loss: 0.3417
2025-10-10 03:46:59,526 [INFO] Época 2/30, Batch 400/3348, Loss: 0.3892
2025-10-10 03:46:59,791 [INFO] Época 2/30, Batch 450/3348, Loss: 0.3529
2025-10-10 03:47:00,058 [INFO] Época 2/30, Batch 500/3348, Loss: 0.4460
2025-10-10 03:47:00,336 [INFO] Época 2/30, Batch 550/3348, Loss: 0.3339
2025-10-10 03:47:00,602 [INFO] Época 2/30, Batch 600/3348, Loss: 0.3564
2025-10-10 03:47:00,865 [INFO] Época 2/30, Batch 650/3348, Loss: 0.3176
2025-10-10 03:47:01,116 [INFO] Época 2/30, Batch 700/3348, Loss: 0.4875
2025-10-10 03:47:01,369 [INFO] Época 2/30, Batch 750/3348, Loss: 0.3811
2025-10-10 03:47:01,626 [INFO] Época 2/30, Batch 800/3348, Loss: 0.3732
2025-10-10 03:47:01,886 [INFO] Época 2/30, Batch 850/3348, Loss: 0.3833
2025-10-10 03:47:02,149 [INFO] Época 2/30, Batch 900/3348, Loss: 0.3298
2025-10-10 03:47:02,408 [INFO] Época 2/30, Batch 950/3348, Loss: 0.3536
2025-10-10 03:47:02,669 [INFO] Época 2/30, Batch 1000/3348, Loss: 0.3952
2025-10-10 03:47:02,930 [INFO] Época 2/30, Batch 1050/3348, Loss: 0.3343
2025-10-10 03:47:03,191 [INFO] Época 2/30, Batch 1100/3348, Loss: 0.3149
2025-10-10 03:47:03,453 [INFO] Época 2/30, Batch 1150/3348, Loss: 0.3327
2025-10-10 03:47:03,719 [INFO] Época 2/30, Batch 1200/3348, Loss: 0.3362
2025-10-10 03:47:03,987 [INFO] Época 2/30, Batch 1250/3348, Loss: 0.3349
2025-10-10 03:47:04,255 [INFO] Época 2/30, Batch 1300/3348, Loss: 0.4061
2025-10-10 03:47:04,520 [INFO] Época 2/30, Batch 1350/3348, Loss: 0.4757
2025-10-10 03:47:04,789 [INFO] Época 2/30, Batch 1400/3348, Loss: 0.3533
2025-10-10 03:47:05,054 [INFO] Época 2/30, Batch 1450/3348, Loss: 0.3393
2025-10-10 03:47:05,320 [INFO] Época 2/30, Batch 1500/3348, Loss: 0.4360
2025-10-10 03:47:05,588 [INFO] Época 2/30, Batch 1550/3348, Loss: 0.2923
2025-10-10 03:47:05,853 [INFO] Época 2/30, Batch 1600/3348, Loss: 0.2148
2025-10-10 03:47:06,118 [INFO] Época 2/30, Batch 1650/3348, Loss: 0.3563
2025-10-10 03:47:06,385 [INFO] Época 2/30, Batch 1700/3348, Loss: 0.2993
2025-10-10 03:47:06,651 [INFO] Época 2/30, Batch 1750/3348, Loss: 0.3024
2025-10-10 03:47:06,914 [INFO] Época 2/30, Batch 1800/3348, Loss: 0.2205
2025-10-10 03:47:07,177 [INFO] Época 2/30, Batch 1850/3348, Loss: 0.3849
2025-10-10 03:47:07,441 [INFO] Época 2/30, Batch 1900/3348, Loss: 0.4819
2025-10-10 03:47:07,705 [INFO] Época 2/30, Batch 1950/3348, Loss: 0.3238
2025-10-10 03:47:07,967 [INFO] Época 2/30, Batch 2000/3348, Loss: 0.3546
2025-10-10 03:47:08,230 [INFO] Época 2/30, Batch 2050/3348, Loss: 0.4136
2025-10-10 03:47:08,502 [INFO] Época 2/30, Batch 2100/3348, Loss: 0.3122
2025-10-10 03:47:08,767 [INFO] Época 2/30, Batch 2150/3348, Loss: 0.4303
2025-10-10 03:47:09,029 [INFO] Época 2/30, Batch 2200/3348, Loss: 0.2284
2025-10-10 03:47:09,292 [INFO] Época 2/30, Batch 2250/3348, Loss: 0.3485
2025-10-10 03:47:09,557 [INFO] Época 2/30, Batch 2300/3348, Loss: 0.3207
2025-10-10 03:47:09,818 [INFO] Época 2/30, Batch 2350/3348, Loss: 0.4340
2025-10-10 03:47:10,079 [INFO] Época 2/30, Batch 2400/3348, Loss: 0.4264
2025-10-10 03:47:10,341 [INFO] Época 2/30, Batch 2450/3348, Loss: 0.3507
2025-10-10 03:47:10,612 [INFO] Época 2/30, Batch 2500/3348, Loss: 0.3795
2025-10-10 03:47:10,874 [INFO] Época 2/30, Batch 2550/3348, Loss: 0.3645
2025-10-10 03:47:11,136 [INFO] Época 2/30, Batch 2600/3348, Loss: 0.3313
2025-10-10 03:47:11,396 [INFO] Época 2/30, Batch 2650/3348, Loss: 0.3284
2025-10-10 03:47:11,664 [INFO] Época 2/30, Batch 2700/3348, Loss: 0.2940
2025-10-10 03:47:11,930 [INFO] Época 2/30, Batch 2750/3348, Loss: 0.3082
2025-10-10 03:47:12,195 [INFO] Época 2/30, Batch 2800/3348, Loss: 0.3716
2025-10-10 03:47:12,464 [INFO] Época 2/30, Batch 2850/3348, Loss: 0.3613
2025-10-10 03:47:12,732 [INFO] Época 2/30, Batch 2900/3348, Loss: 0.2518
2025-10-10 03:47:12,999 [INFO] Época 2/30, Batch 2950/3348, Loss: 0.4739
2025-10-10 03:47:13,265 [INFO] Época 2/30, Batch 3000/3348, Loss: 0.3391
2025-10-10 03:47:13,530 [INFO] Época 2/30, Batch 3050/3348, Loss: 0.2964
2025-10-10 03:47:13,793 [INFO] Época 2/30, Batch 3100/3348, Loss: 0.3405
2025-10-10 03:47:14,055 [INFO] Época 2/30, Batch 3150/3348, Loss: 0.3345
2025-10-10 03:47:14,320 [INFO] Época 2/30, Batch 3200/3348, Loss: 0.2700
2025-10-10 03:47:14,582 [INFO] Época 2/30, Batch 3250/3348, Loss: 0.4931
2025-10-10 03:47:14,845 [INFO] Época 2/30, Batch 3300/3348, Loss: 0.3806
2025-10-10 03:47:16,761 [INFO] [2/30] Train Loss: 0.3443 | Val Loss: 0.6092 | Tempo: 19.70s
2025-10-10 03:47:17,349 [INFO] Época 3/30, Batch 50/3348, Loss: 0.1960
2025-10-10 03:47:17,619 [INFO] Época 3/30, Batch 100/3348, Loss: 0.4104
2025-10-10 03:47:17,885 [INFO] Época 3/30, Batch 150/3348, Loss: 0.3287
2025-10-10 03:47:18,150 [INFO] Época 3/30, Batch 200/3348, Loss: 0.4373
2025-10-10 03:47:18,415 [INFO] Época 3/30, Batch 250/3348, Loss: 0.3842
2025-10-10 03:47:18,682 [INFO] Época 3/30, Batch 300/3348, Loss: 0.3199
2025-10-10 03:47:18,950 [INFO] Época 3/30, Batch 350/3348, Loss: 0.3181
2025-10-10 03:47:19,218 [INFO] Época 3/30, Batch 400/3348, Loss: 0.3756
2025-10-10 03:47:19,488 [INFO] Época 3/30, Batch 450/3348, Loss: 0.2965
2025-10-10 03:47:19,757 [INFO] Época 3/30, Batch 500/3348, Loss: 0.2950
2025-10-10 03:47:20,027 [INFO] Época 3/30, Batch 550/3348, Loss: 0.3425
2025-10-10 03:47:20,295 [INFO] Época 3/30, Batch 600/3348, Loss: 0.3160
2025-10-10 03:47:20,568 [INFO] Época 3/30, Batch 650/3348, Loss: 0.3327
2025-10-10 03:47:20,841 [INFO] Época 3/30, Batch 700/3348, Loss: 0.3048
2025-10-10 03:47:21,111 [INFO] Época 3/30, Batch 750/3348, Loss: 0.2338
2025-10-10 03:47:21,382 [INFO] Época 3/30, Batch 800/3348, Loss: 0.2483
2025-10-10 03:47:21,654 [INFO] Época 3/30, Batch 850/3348, Loss: 0.4033
2025-10-10 03:47:21,922 [INFO] Época 3/30, Batch 900/3348, Loss: 0.2775
2025-10-10 03:47:22,193 [INFO] Época 3/30, Batch 950/3348, Loss: 0.3974
2025-10-10 03:47:22,461 [INFO] Época 3/30, Batch 1000/3348, Loss: 0.3444
2025-10-10 03:47:22,729 [INFO] Época 3/30, Batch 1050/3348, Loss: 0.3070
2025-10-10 03:47:22,996 [INFO] Época 3/30, Batch 1100/3348, Loss: 0.3155
2025-10-10 03:47:23,263 [INFO] Época 3/30, Batch 1150/3348, Loss: 0.3169
2025-10-10 03:47:23,531 [INFO] Época 3/30, Batch 1200/3348, Loss: 0.3197
2025-10-10 03:47:23,802 [INFO] Época 3/30, Batch 1250/3348, Loss: 0.2425
2025-10-10 03:47:24,080 [INFO] Época 3/30, Batch 1300/3348, Loss: 0.3460
2025-10-10 03:47:24,355 [INFO] Época 3/30, Batch 1350/3348, Loss: 0.3317
2025-10-10 03:47:24,632 [INFO] Época 3/30, Batch 1400/3348, Loss: 0.3280
2025-10-10 03:47:24,909 [INFO] Época 3/30, Batch 1450/3348, Loss: 0.2391
2025-10-10 03:47:25,183 [INFO] Época 3/30, Batch 1500/3348, Loss: 0.3367
2025-10-10 03:47:25,462 [INFO] Época 3/30, Batch 1550/3348, Loss: 0.2920
2025-10-10 03:47:25,734 [INFO] Época 3/30, Batch 1600/3348, Loss: 0.3502
2025-10-10 03:47:25,998 [INFO] Época 3/30, Batch 1650/3348, Loss: 0.2618
2025-10-10 03:47:26,263 [INFO] Época 3/30, Batch 1700/3348, Loss: 0.2203
2025-10-10 03:47:26,527 [INFO] Época 3/30, Batch 1750/3348, Loss: 0.4099
2025-10-10 03:47:26,792 [INFO] Época 3/30, Batch 1800/3348, Loss: 0.2861
2025-10-10 03:47:27,057 [INFO] Época 3/30, Batch 1850/3348, Loss: 0.2501
2025-10-10 03:47:27,324 [INFO] Época 3/30, Batch 1900/3348, Loss: 0.1816
2025-10-10 03:47:27,591 [INFO] Época 3/30, Batch 1950/3348, Loss: 0.2396
2025-10-10 03:47:27,856 [INFO] Época 3/30, Batch 2000/3348, Loss: 0.2680
2025-10-10 03:47:28,121 [INFO] Época 3/30, Batch 2050/3348, Loss: 0.3272
2025-10-10 03:47:28,388 [INFO] Época 3/30, Batch 2100/3348, Loss: 0.3920
2025-10-10 03:47:28,653 [INFO] Época 3/30, Batch 2150/3348, Loss: 0.3599
2025-10-10 03:47:28,921 [INFO] Época 3/30, Batch 2200/3348, Loss: 0.3304
2025-10-10 03:47:29,186 [INFO] Época 3/30, Batch 2250/3348, Loss: 0.3400
2025-10-10 03:47:29,451 [INFO] Época 3/30, Batch 2300/3348, Loss: 0.2695
2025-10-10 03:47:29,716 [INFO] Época 3/30, Batch 2350/3348, Loss: 0.3425
2025-10-10 03:47:29,983 [INFO] Época 3/30, Batch 2400/3348, Loss: 0.3730
2025-10-10 03:47:30,252 [INFO] Época 3/30, Batch 2450/3348, Loss: 0.3307
2025-10-10 03:47:30,520 [INFO] Época 3/30, Batch 2500/3348, Loss: 0.3774
2025-10-10 03:47:30,790 [INFO] Época 3/30, Batch 2550/3348, Loss: 0.3242
2025-10-10 03:47:31,058 [INFO] Época 3/30, Batch 2600/3348, Loss: 0.3079
2025-10-10 03:47:31,325 [INFO] Época 3/30, Batch 2650/3348, Loss: 0.3844
2025-10-10 03:47:31,593 [INFO] Época 3/30, Batch 2700/3348, Loss: 0.2689
2025-10-10 03:47:31,860 [INFO] Época 3/30, Batch 2750/3348, Loss: 0.4059
2025-10-10 03:47:32,126 [INFO] Época 3/30, Batch 2800/3348, Loss: 0.3713
2025-10-10 03:47:32,402 [INFO] Época 3/30, Batch 2850/3348, Loss: 0.2886
2025-10-10 03:47:32,670 [INFO] Época 3/30, Batch 2900/3348, Loss: 0.3205
2025-10-10 03:47:32,937 [INFO] Época 3/30, Batch 2950/3348, Loss: 0.3391
2025-10-10 03:47:33,206 [INFO] Época 3/30, Batch 3000/3348, Loss: 0.2650
2025-10-10 03:47:33,473 [INFO] Época 3/30, Batch 3050/3348, Loss: 0.2280
2025-10-10 03:47:33,738 [INFO] Época 3/30, Batch 3100/3348, Loss: 0.3186
2025-10-10 03:47:34,004 [INFO] Época 3/30, Batch 3150/3348, Loss: 0.3297
2025-10-10 03:47:34,271 [INFO] Época 3/30, Batch 3200/3348, Loss: 0.2765
2025-10-10 03:47:34,543 [INFO] Época 3/30, Batch 3250/3348, Loss: 0.2946
2025-10-10 03:47:34,811 [INFO] Época 3/30, Batch 3300/3348, Loss: 0.3760
2025-10-10 03:47:36,712 [INFO] [3/30] Train Loss: 0.3162 | Val Loss: 0.5643 | Tempo: 19.95s
2025-10-10 03:47:36,717 [INFO] Melhor modelo salvo em: /mnt/hdd/home/jdurao/ToolBox-ChemXAI/models/mlp_qm9_Morgan_att8_large.pth
2025-10-10 03:47:37,312 [INFO] Época 4/30, Batch 50/3348, Loss: 0.3015
2025-10-10 03:47:37,601 [INFO] Época 4/30, Batch 100/3348, Loss: 0.2386
2025-10-10 03:47:37,871 [INFO] Época 4/30, Batch 150/3348, Loss: 0.2834
2025-10-10 03:47:38,140 [INFO] Época 4/30, Batch 200/3348, Loss: 0.3322
2025-10-10 03:47:38,407 [INFO] Época 4/30, Batch 250/3348, Loss: 0.1725
2025-10-10 03:47:38,673 [INFO] Época 4/30, Batch 300/3348, Loss: 0.3257
2025-10-10 03:47:38,939 [INFO] Época 4/30, Batch 350/3348, Loss: 0.2489
2025-10-10 03:47:39,204 [INFO] Época 4/30, Batch 400/3348, Loss: 0.3082
2025-10-10 03:47:39,470 [INFO] Época 4/30, Batch 450/3348, Loss: 0.3528
2025-10-10 03:47:39,733 [INFO] Época 4/30, Batch 500/3348, Loss: 0.2733
2025-10-10 03:47:39,994 [INFO] Época 4/30, Batch 550/3348, Loss: 0.3653
2025-10-10 03:47:40,254 [INFO] Época 4/30, Batch 600/3348, Loss: 0.2568
2025-10-10 03:47:40,516 [INFO] Época 4/30, Batch 650/3348, Loss: 0.2022
2025-10-10 03:47:40,780 [INFO] Época 4/30, Batch 700/3348, Loss: 0.2675
2025-10-10 03:47:41,040 [INFO] Época 4/30, Batch 750/3348, Loss: 0.2605
2025-10-10 03:47:41,300 [INFO] Época 4/30, Batch 800/3348, Loss: 0.2955
2025-10-10 03:47:41,561 [INFO] Época 4/30, Batch 850/3348, Loss: 0.1863
2025-10-10 03:47:41,822 [INFO] Época 4/30, Batch 900/3348, Loss: 0.2565
2025-10-10 03:47:42,085 [INFO] Época 4/30, Batch 950/3348, Loss: 0.3528
2025-10-10 03:47:42,347 [INFO] Época 4/30, Batch 1000/3348, Loss: 0.3137
2025-10-10 03:47:42,616 [INFO] Época 4/30, Batch 1050/3348, Loss: 0.2615
2025-10-10 03:47:42,871 [INFO] Época 4/30, Batch 1100/3348, Loss: 0.3859
2025-10-10 03:47:43,126 [INFO] Época 4/30, Batch 1150/3348, Loss: 0.3518
2025-10-10 03:47:43,381 [INFO] Época 4/30, Batch 1200/3348, Loss: 0.2780
2025-10-10 03:47:43,636 [INFO] Época 4/30, Batch 1250/3348, Loss: 0.3244
2025-10-10 03:47:43,896 [INFO] Época 4/30, Batch 1300/3348, Loss: 0.3132
2025-10-10 03:47:44,157 [INFO] Época 4/30, Batch 1350/3348, Loss: 0.2692
2025-10-10 03:47:44,419 [INFO] Época 4/30, Batch 1400/3348, Loss: 0.3487
2025-10-10 03:47:44,682 [INFO] Época 4/30, Batch 1450/3348, Loss: 0.3913
2025-10-10 03:47:44,943 [INFO] Época 4/30, Batch 1500/3348, Loss: 0.3879
2025-10-10 03:47:45,203 [INFO] Época 4/30, Batch 1550/3348, Loss: 0.3116
2025-10-10 03:47:45,464 [INFO] Época 4/30, Batch 1600/3348, Loss: 0.3025
2025-10-10 03:47:45,727 [INFO] Época 4/30, Batch 1650/3348, Loss: 0.3238
2025-10-10 03:47:45,987 [INFO] Época 4/30, Batch 1700/3348, Loss: 0.2905
2025-10-10 03:47:46,248 [INFO] Época 4/30, Batch 1750/3348, Loss: 0.2983
2025-10-10 03:47:46,508 [INFO] Época 4/30, Batch 1800/3348, Loss: 0.3470
2025-10-10 03:47:46,767 [INFO] Época 4/30, Batch 1850/3348, Loss: 0.2499
2025-10-10 03:47:47,028 [INFO] Época 4/30, Batch 1900/3348, Loss: 0.2281
2025-10-10 03:47:47,288 [INFO] Época 4/30, Batch 1950/3348, Loss: 0.2750
2025-10-10 03:47:47,549 [INFO] Época 4/30, Batch 2000/3348, Loss: 0.3520
2025-10-10 03:47:47,819 [INFO] Época 4/30, Batch 2050/3348, Loss: 0.2727
2025-10-10 03:47:48,079 [INFO] Época 4/30, Batch 2100/3348, Loss: 0.3254
2025-10-10 03:47:48,339 [INFO] Época 4/30, Batch 2150/3348, Loss: 0.2161
2025-10-10 03:47:48,598 [INFO] Época 4/30, Batch 2200/3348, Loss: 0.3101
2025-10-10 03:47:48,860 [INFO] Época 4/30, Batch 2250/3348, Loss: 0.3088
2025-10-10 03:47:49,121 [INFO] Época 4/30, Batch 2300/3348, Loss: 0.2247
2025-10-10 03:47:49,380 [INFO] Época 4/30, Batch 2350/3348, Loss: 0.3127
2025-10-10 03:47:49,640 [INFO] Época 4/30, Batch 2400/3348, Loss: 0.3187
2025-10-10 03:47:49,899 [INFO] Época 4/30, Batch 2450/3348, Loss: 0.3457
2025-10-10 03:47:50,159 [INFO] Época 4/30, Batch 2500/3348, Loss: 0.3223
2025-10-10 03:47:50,419 [INFO] Época 4/30, Batch 2550/3348, Loss: 0.2393
2025-10-10 03:47:50,679 [INFO] Época 4/30, Batch 2600/3348, Loss: 0.2930
2025-10-10 03:47:50,938 [INFO] Época 4/30, Batch 2650/3348, Loss: 0.3585
2025-10-10 03:47:51,198 [INFO] Época 4/30, Batch 2700/3348, Loss: 0.2511
2025-10-10 03:47:51,459 [INFO] Época 4/30, Batch 2750/3348, Loss: 0.2078
2025-10-10 03:47:51,720 [INFO] Época 4/30, Batch 2800/3348, Loss: 0.3179
2025-10-10 03:47:51,981 [INFO] Época 4/30, Batch 2850/3348, Loss: 0.2587
2025-10-10 03:47:52,241 [INFO] Época 4/30, Batch 2900/3348, Loss: 0.3254
2025-10-10 03:47:52,501 [INFO] Época 4/30, Batch 2950/3348, Loss: 0.3398
2025-10-10 03:47:52,767 [INFO] Época 4/30, Batch 3000/3348, Loss: 0.1984
2025-10-10 03:47:53,030 [INFO] Época 4/30, Batch 3050/3348, Loss: 0.2588
2025-10-10 03:47:53,288 [INFO] Época 4/30, Batch 3100/3348, Loss: 0.2759
2025-10-10 03:47:53,549 [INFO] Época 4/30, Batch 3150/3348, Loss: 0.3149
2025-10-10 03:47:53,808 [INFO] Época 4/30, Batch 3200/3348, Loss: 0.3427
2025-10-10 03:47:54,071 [INFO] Época 4/30, Batch 3250/3348, Loss: 0.3086
2025-10-10 03:47:54,331 [INFO] Época 4/30, Batch 3300/3348, Loss: 0.3495
2025-10-10 03:47:56,240 [INFO] [4/30] Train Loss: 0.2953 | Val Loss: 0.6051 | Tempo: 19.52s
2025-10-10 03:47:56,825 [INFO] Época 5/30, Batch 50/3348, Loss: 0.3735
2025-10-10 03:47:57,100 [INFO] Época 5/30, Batch 100/3348, Loss: 0.3400
2025-10-10 03:47:57,373 [INFO] Época 5/30, Batch 150/3348, Loss: 0.3316
2025-10-10 03:47:57,647 [INFO] Época 5/30, Batch 200/3348, Loss: 0.3020
2025-10-10 03:47:57,924 [INFO] Época 5/30, Batch 250/3348, Loss: 0.2812
2025-10-10 03:47:58,208 [INFO] Época 5/30, Batch 300/3348, Loss: 0.3238
2025-10-10 03:47:58,481 [INFO] Época 5/30, Batch 350/3348, Loss: 0.2855
2025-10-10 03:47:58,753 [INFO] Época 5/30, Batch 400/3348, Loss: 0.2602
2025-10-10 03:47:59,025 [INFO] Época 5/30, Batch 450/3348, Loss: 0.2650
2025-10-10 03:47:59,300 [INFO] Época 5/30, Batch 500/3348, Loss: 0.3483
2025-10-10 03:47:59,571 [INFO] Época 5/30, Batch 550/3348, Loss: 0.3178
2025-10-10 03:47:59,844 [INFO] Época 5/30, Batch 600/3348, Loss: 0.3403
2025-10-10 03:48:00,112 [INFO] Época 5/30, Batch 650/3348, Loss: 0.3008
2025-10-10 03:48:00,373 [INFO] Época 5/30, Batch 700/3348, Loss: 0.2821
2025-10-10 03:48:00,633 [INFO] Época 5/30, Batch 750/3348, Loss: 0.2561
2025-10-10 03:48:00,892 [INFO] Época 5/30, Batch 800/3348, Loss: 0.2556
2025-10-10 03:48:01,154 [INFO] Época 5/30, Batch 850/3348, Loss: 0.2297
2025-10-10 03:48:01,412 [INFO] Época 5/30, Batch 900/3348, Loss: 0.1652
2025-10-10 03:48:01,669 [INFO] Época 5/30, Batch 950/3348, Loss: 0.2537
2025-10-10 03:48:01,929 [INFO] Época 5/30, Batch 1000/3348, Loss: 0.3027
2025-10-10 03:48:02,187 [INFO] Época 5/30, Batch 1050/3348, Loss: 0.3035
2025-10-10 03:48:02,446 [INFO] Época 5/30, Batch 1100/3348, Loss: 0.3364
2025-10-10 03:48:02,703 [INFO] Época 5/30, Batch 1150/3348, Loss: 0.3870
2025-10-10 03:48:02,960 [INFO] Época 5/30, Batch 1200/3348, Loss: 0.3895
2025-10-10 03:48:03,229 [INFO] Época 5/30, Batch 1250/3348, Loss: 0.3224
2025-10-10 03:48:03,486 [INFO] Época 5/30, Batch 1300/3348, Loss: 0.2439
2025-10-10 03:48:03,749 [INFO] Época 5/30, Batch 1350/3348, Loss: 0.2943
2025-10-10 03:48:04,020 [INFO] Época 5/30, Batch 1400/3348, Loss: 0.4299
2025-10-10 03:48:04,288 [INFO] Época 5/30, Batch 1450/3348, Loss: 0.4034
2025-10-10 03:48:04,560 [INFO] Época 5/30, Batch 1500/3348, Loss: 0.3420
2025-10-10 03:48:04,829 [INFO] Época 5/30, Batch 1550/3348, Loss: 0.2954
2025-10-10 03:48:05,100 [INFO] Época 5/30, Batch 1600/3348, Loss: 0.2898
2025-10-10 03:48:05,364 [INFO] Época 5/30, Batch 1650/3348, Loss: 0.2954
2025-10-10 03:48:05,624 [INFO] Época 5/30, Batch 1700/3348, Loss: 0.2984
2025-10-10 03:48:05,886 [INFO] Época 5/30, Batch 1750/3348, Loss: 0.4170
2025-10-10 03:48:06,146 [INFO] Época 5/30, Batch 1800/3348, Loss: 0.2354
2025-10-10 03:48:06,407 [INFO] Época 5/30, Batch 1850/3348, Loss: 0.2979
2025-10-10 03:48:06,668 [INFO] Época 5/30, Batch 1900/3348, Loss: 0.3247
2025-10-10 03:48:06,927 [INFO] Época 5/30, Batch 1950/3348, Loss: 0.3197
2025-10-10 03:48:07,187 [INFO] Época 5/30, Batch 2000/3348, Loss: 0.3832
2025-10-10 03:48:07,457 [INFO] Época 5/30, Batch 2050/3348, Loss: 0.2213
2025-10-10 03:48:07,728 [INFO] Época 5/30, Batch 2100/3348, Loss: 0.2834
2025-10-10 03:48:07,999 [INFO] Época 5/30, Batch 2150/3348, Loss: 0.3973
2025-10-10 03:48:08,269 [INFO] Época 5/30, Batch 2200/3348, Loss: 0.2271
2025-10-10 03:48:08,541 [INFO] Época 5/30, Batch 2250/3348, Loss: 0.2327
2025-10-10 03:48:08,811 [INFO] Época 5/30, Batch 2300/3348, Loss: 0.2750
2025-10-10 03:48:09,080 [INFO] Época 5/30, Batch 2350/3348, Loss: 0.2247
2025-10-10 03:48:09,351 [INFO] Época 5/30, Batch 2400/3348, Loss: 0.2578
2025-10-10 03:48:09,622 [INFO] Época 5/30, Batch 2450/3348, Loss: 0.2215
2025-10-10 03:48:09,893 [INFO] Época 5/30, Batch 2500/3348, Loss: 0.2540
2025-10-10 03:48:10,164 [INFO] Época 5/30, Batch 2550/3348, Loss: 0.2585
2025-10-10 03:48:10,434 [INFO] Época 5/30, Batch 2600/3348, Loss: 0.2611
2025-10-10 03:48:10,703 [INFO] Época 5/30, Batch 2650/3348, Loss: 0.2426
2025-10-10 03:48:10,967 [INFO] Época 5/30, Batch 2700/3348, Loss: 0.2984
2025-10-10 03:48:11,229 [INFO] Época 5/30, Batch 2750/3348, Loss: 0.2867
2025-10-10 03:48:11,492 [INFO] Época 5/30, Batch 2800/3348, Loss: 0.2259
2025-10-10 03:48:11,757 [INFO] Época 5/30, Batch 2850/3348, Loss: 0.2861
2025-10-10 03:48:12,027 [INFO] Época 5/30, Batch 2900/3348, Loss: 0.2538
2025-10-10 03:48:12,298 [INFO] Época 5/30, Batch 2950/3348, Loss: 0.3412
2025-10-10 03:48:12,566 [INFO] Época 5/30, Batch 3000/3348, Loss: 0.2403
2025-10-10 03:48:12,829 [INFO] Época 5/30, Batch 3050/3348, Loss: 0.2357
2025-10-10 03:48:13,093 [INFO] Época 5/30, Batch 3100/3348, Loss: 0.2135
2025-10-10 03:48:13,364 [INFO] Época 5/30, Batch 3150/3348, Loss: 0.3402
2025-10-10 03:48:13,628 [INFO] Época 5/30, Batch 3200/3348, Loss: 0.3032
2025-10-10 03:48:13,891 [INFO] Época 5/30, Batch 3250/3348, Loss: 0.3573
2025-10-10 03:48:14,155 [INFO] Época 5/30, Batch 3300/3348, Loss: 0.3001
2025-10-10 03:48:16,029 [INFO] [5/30] Train Loss: 0.2799 | Val Loss: 0.6342 | Tempo: 19.79s
2025-10-10 03:48:16,612 [INFO] Época 6/30, Batch 50/3348, Loss: 0.2671
2025-10-10 03:48:16,883 [INFO] Época 6/30, Batch 100/3348, Loss: 0.2516
2025-10-10 03:48:17,151 [INFO] Época 6/30, Batch 150/3348, Loss: 0.1835
2025-10-10 03:48:17,417 [INFO] Época 6/30, Batch 200/3348, Loss: 0.2879
2025-10-10 03:48:17,686 [INFO] Época 6/30, Batch 250/3348, Loss: 0.2447
2025-10-10 03:48:17,951 [INFO] Época 6/30, Batch 300/3348, Loss: 0.2655
2025-10-10 03:48:18,215 [INFO] Época 6/30, Batch 350/3348, Loss: 0.2508
2025-10-10 03:48:18,488 [INFO] Época 6/30, Batch 400/3348, Loss: 0.2694
2025-10-10 03:48:18,752 [INFO] Época 6/30, Batch 450/3348, Loss: 0.2785
2025-10-10 03:48:19,019 [INFO] Época 6/30, Batch 500/3348, Loss: 0.3162
2025-10-10 03:48:19,281 [INFO] Época 6/30, Batch 550/3348, Loss: 0.2789
2025-10-10 03:48:19,545 [INFO] Época 6/30, Batch 600/3348, Loss: 0.3086
2025-10-10 03:48:19,812 [INFO] Época 6/30, Batch 650/3348, Loss: 0.2507
2025-10-10 03:48:20,077 [INFO] Época 6/30, Batch 700/3348, Loss: 0.1882
2025-10-10 03:48:20,339 [INFO] Época 6/30, Batch 750/3348, Loss: 0.3139
2025-10-10 03:48:20,603 [INFO] Época 6/30, Batch 800/3348, Loss: 0.2305
2025-10-10 03:48:20,866 [INFO] Época 6/30, Batch 850/3348, Loss: 0.3907
2025-10-10 03:48:21,126 [INFO] Época 6/30, Batch 900/3348, Loss: 0.2274
2025-10-10 03:48:21,386 [INFO] Época 6/30, Batch 950/3348, Loss: 0.2140
2025-10-10 03:48:21,646 [INFO] Época 6/30, Batch 1000/3348, Loss: 0.2747
2025-10-10 03:48:21,907 [INFO] Época 6/30, Batch 1050/3348, Loss: 0.2128
2025-10-10 03:48:22,160 [INFO] Época 6/30, Batch 1100/3348, Loss: 0.2379
2025-10-10 03:48:22,414 [INFO] Época 6/30, Batch 1150/3348, Loss: 0.1704
2025-10-10 03:48:22,669 [INFO] Época 6/30, Batch 1200/3348, Loss: 0.2686
2025-10-10 03:48:22,934 [INFO] Época 6/30, Batch 1250/3348, Loss: 0.2243
2025-10-10 03:48:23,199 [INFO] Época 6/30, Batch 1300/3348, Loss: 0.2989
2025-10-10 03:48:23,462 [INFO] Época 6/30, Batch 1350/3348, Loss: 0.1862
2025-10-10 03:48:23,726 [INFO] Época 6/30, Batch 1400/3348, Loss: 0.3747
2025-10-10 03:48:23,987 [INFO] Época 6/30, Batch 1450/3348, Loss: 0.3188
2025-10-10 03:48:24,252 [INFO] Época 6/30, Batch 1500/3348, Loss: 0.2465
2025-10-10 03:48:24,516 [INFO] Época 6/30, Batch 1550/3348, Loss: 0.2426
2025-10-10 03:48:24,779 [INFO] Época 6/30, Batch 1600/3348, Loss: 0.2350
2025-10-10 03:48:25,041 [INFO] Época 6/30, Batch 1650/3348, Loss: 0.3935
2025-10-10 03:48:25,303 [INFO] Época 6/30, Batch 1700/3348, Loss: 0.2891
2025-10-10 03:48:25,566 [INFO] Época 6/30, Batch 1750/3348, Loss: 0.2271
2025-10-10 03:48:25,830 [INFO] Época 6/30, Batch 1800/3348, Loss: 0.3050
2025-10-10 03:48:26,092 [INFO] Época 6/30, Batch 1850/3348, Loss: 0.1901
2025-10-10 03:48:26,356 [INFO] Época 6/30, Batch 1900/3348, Loss: 0.3178
2025-10-10 03:48:26,623 [INFO] Época 6/30, Batch 1950/3348, Loss: 0.2596
2025-10-10 03:48:26,889 [INFO] Época 6/30, Batch 2000/3348, Loss: 0.2741
2025-10-10 03:48:27,154 [INFO] Época 6/30, Batch 2050/3348, Loss: 0.2546
2025-10-10 03:48:27,420 [INFO] Época 6/30, Batch 2100/3348, Loss: 0.2169
2025-10-10 03:48:27,687 [INFO] Época 6/30, Batch 2150/3348, Loss: 0.2837
2025-10-10 03:48:27,953 [INFO] Época 6/30, Batch 2200/3348, Loss: 0.3218
2025-10-10 03:48:28,217 [INFO] Época 6/30, Batch 2250/3348, Loss: 0.2592
2025-10-10 03:48:28,482 [INFO] Época 6/30, Batch 2300/3348, Loss: 0.2629
2025-10-10 03:48:28,757 [INFO] Época 6/30, Batch 2350/3348, Loss: 0.3789
2025-10-10 03:48:29,019 [INFO] Época 6/30, Batch 2400/3348, Loss: 0.2520
2025-10-10 03:48:29,282 [INFO] Época 6/30, Batch 2450/3348, Loss: 0.2634
2025-10-10 03:48:29,547 [INFO] Época 6/30, Batch 2500/3348, Loss: 0.2872
2025-10-10 03:48:29,810 [INFO] Época 6/30, Batch 2550/3348, Loss: 0.2200
2025-10-10 03:48:30,073 [INFO] Época 6/30, Batch 2600/3348, Loss: 0.2946
2025-10-10 03:48:30,339 [INFO] Época 6/30, Batch 2650/3348, Loss: 0.2575
2025-10-10 03:48:30,604 [INFO] Época 6/30, Batch 2700/3348, Loss: 0.2446
2025-10-10 03:48:30,868 [INFO] Época 6/30, Batch 2750/3348, Loss: 0.2136
2025-10-10 03:48:31,131 [INFO] Época 6/30, Batch 2800/3348, Loss: 0.2459
2025-10-10 03:48:31,397 [INFO] Época 6/30, Batch 2850/3348, Loss: 0.2915
2025-10-10 03:48:31,661 [INFO] Época 6/30, Batch 2900/3348, Loss: 0.3282
2025-10-10 03:48:31,928 [INFO] Época 6/30, Batch 2950/3348, Loss: 0.3579
2025-10-10 03:48:32,191 [INFO] Época 6/30, Batch 3000/3348, Loss: 0.2911
2025-10-10 03:48:32,454 [INFO] Época 6/30, Batch 3050/3348, Loss: 0.2411
2025-10-10 03:48:32,719 [INFO] Época 6/30, Batch 3100/3348, Loss: 0.1644
2025-10-10 03:48:32,983 [INFO] Época 6/30, Batch 3150/3348, Loss: 0.3633
2025-10-10 03:48:33,245 [INFO] Época 6/30, Batch 3200/3348, Loss: 0.2524
2025-10-10 03:48:33,509 [INFO] Época 6/30, Batch 3250/3348, Loss: 0.2681
2025-10-10 03:48:33,785 [INFO] Época 6/30, Batch 3300/3348, Loss: 0.2526
2025-10-10 03:48:35,726 [INFO] [6/30] Train Loss: 0.2662 | Val Loss: 0.6090 | Tempo: 19.70s
2025-10-10 03:48:36,306 [INFO] Época 7/30, Batch 50/3348, Loss: 0.2706
2025-10-10 03:48:36,575 [INFO] Época 7/30, Batch 100/3348, Loss: 0.3118
2025-10-10 03:48:36,841 [INFO] Época 7/30, Batch 150/3348, Loss: 0.2539
2025-10-10 03:48:37,105 [INFO] Época 7/30, Batch 200/3348, Loss: 0.2785
2025-10-10 03:48:37,369 [INFO] Época 7/30, Batch 250/3348, Loss: 0.2057
2025-10-10 03:48:37,634 [INFO] Época 7/30, Batch 300/3348, Loss: 0.3549
2025-10-10 03:48:37,899 [INFO] Época 7/30, Batch 350/3348, Loss: 0.2966
2025-10-10 03:48:38,162 [INFO] Época 7/30, Batch 400/3348, Loss: 0.1869
2025-10-10 03:48:38,424 [INFO] Época 7/30, Batch 450/3348, Loss: 0.1830
2025-10-10 03:48:38,687 [INFO] Época 7/30, Batch 500/3348, Loss: 0.2026
2025-10-10 03:48:38,952 [INFO] Época 7/30, Batch 550/3348, Loss: 0.3408
2025-10-10 03:48:39,215 [INFO] Época 7/30, Batch 600/3348, Loss: 0.2371
2025-10-10 03:48:39,478 [INFO] Época 7/30, Batch 650/3348, Loss: 0.2870
2025-10-10 03:48:39,741 [INFO] Época 7/30, Batch 700/3348, Loss: 0.2682
2025-10-10 03:48:40,002 [INFO] Época 7/30, Batch 750/3348, Loss: 0.2995
2025-10-10 03:48:40,265 [INFO] Época 7/30, Batch 800/3348, Loss: 0.2533
2025-10-10 03:48:40,528 [INFO] Época 7/30, Batch 850/3348, Loss: 0.3155
2025-10-10 03:48:40,790 [INFO] Época 7/30, Batch 900/3348, Loss: 0.1657
2025-10-10 03:48:41,052 [INFO] Época 7/30, Batch 950/3348, Loss: 0.2067
2025-10-10 03:48:41,313 [INFO] Época 7/30, Batch 1000/3348, Loss: 0.3227
2025-10-10 03:48:41,576 [INFO] Época 7/30, Batch 1050/3348, Loss: 0.2466
2025-10-10 03:48:41,837 [INFO] Época 7/30, Batch 1100/3348, Loss: 0.2769
2025-10-10 03:48:42,098 [INFO] Época 7/30, Batch 1150/3348, Loss: 0.2672
2025-10-10 03:48:42,358 [INFO] Época 7/30, Batch 1200/3348, Loss: 0.2637
2025-10-10 03:48:42,621 [INFO] Época 7/30, Batch 1250/3348, Loss: 0.2376
2025-10-10 03:48:42,883 [INFO] Época 7/30, Batch 1300/3348, Loss: 0.2437
2025-10-10 03:48:43,145 [INFO] Época 7/30, Batch 1350/3348, Loss: 0.1726
2025-10-10 03:48:43,404 [INFO] Época 7/30, Batch 1400/3348, Loss: 0.2498
2025-10-10 03:48:43,664 [INFO] Época 7/30, Batch 1450/3348, Loss: 0.2493
2025-10-10 03:48:43,929 [INFO] Época 7/30, Batch 1500/3348, Loss: 0.2262
2025-10-10 03:48:44,203 [INFO] Época 7/30, Batch 1550/3348, Loss: 0.2264
2025-10-10 03:48:44,466 [INFO] Época 7/30, Batch 1600/3348, Loss: 0.2276
2025-10-10 03:48:44,729 [INFO] Época 7/30, Batch 1650/3348, Loss: 0.2396
2025-10-10 03:48:44,991 [INFO] Época 7/30, Batch 1700/3348, Loss: 0.1914
2025-10-10 03:48:45,250 [INFO] Época 7/30, Batch 1750/3348, Loss: 0.1636
2025-10-10 03:48:45,512 [INFO] Época 7/30, Batch 1800/3348, Loss: 0.2813
2025-10-10 03:48:45,774 [INFO] Época 7/30, Batch 1850/3348, Loss: 0.2376
2025-10-10 03:48:46,037 [INFO] Época 7/30, Batch 1900/3348, Loss: 0.2292
2025-10-10 03:48:46,301 [INFO] Época 7/30, Batch 1950/3348, Loss: 0.2139
2025-10-10 03:48:46,565 [INFO] Época 7/30, Batch 2000/3348, Loss: 0.2832
2025-10-10 03:48:46,830 [INFO] Época 7/30, Batch 2050/3348, Loss: 0.2680
2025-10-10 03:48:47,094 [INFO] Época 7/30, Batch 2100/3348, Loss: 0.2815
2025-10-10 03:48:47,357 [INFO] Época 7/30, Batch 2150/3348, Loss: 0.2919
2025-10-10 03:48:47,621 [INFO] Época 7/30, Batch 2200/3348, Loss: 0.2074
2025-10-10 03:48:47,884 [INFO] Época 7/30, Batch 2250/3348, Loss: 0.3352
2025-10-10 03:48:48,147 [INFO] Época 7/30, Batch 2300/3348, Loss: 0.3013
2025-10-10 03:48:48,412 [INFO] Época 7/30, Batch 2350/3348, Loss: 0.2414
2025-10-10 03:48:48,677 [INFO] Época 7/30, Batch 2400/3348, Loss: 0.2481
2025-10-10 03:48:48,940 [INFO] Época 7/30, Batch 2450/3348, Loss: 0.2584
2025-10-10 03:48:49,215 [INFO] Época 7/30, Batch 2500/3348, Loss: 0.2999
2025-10-10 03:48:49,476 [INFO] Época 7/30, Batch 2550/3348, Loss: 0.2703
2025-10-10 03:48:49,742 [INFO] Época 7/30, Batch 2600/3348, Loss: 0.2763
2025-10-10 03:48:50,006 [INFO] Época 7/30, Batch 2650/3348, Loss: 0.2805
2025-10-10 03:48:50,270 [INFO] Época 7/30, Batch 2700/3348, Loss: 0.2594
2025-10-10 03:48:50,534 [INFO] Época 7/30, Batch 2750/3348, Loss: 0.2484
2025-10-10 03:48:50,798 [INFO] Época 7/30, Batch 2800/3348, Loss: 0.1906
2025-10-10 03:48:51,064 [INFO] Época 7/30, Batch 2850/3348, Loss: 0.1936
2025-10-10 03:48:51,329 [INFO] Época 7/30, Batch 2900/3348, Loss: 0.1835
2025-10-10 03:48:51,594 [INFO] Época 7/30, Batch 2950/3348, Loss: 0.2459
2025-10-10 03:48:51,859 [INFO] Época 7/30, Batch 3000/3348, Loss: 0.2677
2025-10-10 03:48:52,125 [INFO] Época 7/30, Batch 3050/3348, Loss: 0.2331
2025-10-10 03:48:52,394 [INFO] Época 7/30, Batch 3100/3348, Loss: 0.2418
2025-10-10 03:48:52,661 [INFO] Época 7/30, Batch 3150/3348, Loss: 0.2707
2025-10-10 03:48:52,924 [INFO] Época 7/30, Batch 3200/3348, Loss: 0.2062
2025-10-10 03:48:53,188 [INFO] Época 7/30, Batch 3250/3348, Loss: 0.1723
2025-10-10 03:48:53,451 [INFO] Época 7/30, Batch 3300/3348, Loss: 0.2855
2025-10-10 03:48:55,229 [INFO] [7/30] Train Loss: 0.2553 | Val Loss: 0.6011 | Tempo: 19.50s
2025-10-10 03:48:55,813 [INFO] Época 8/30, Batch 50/3348, Loss: 0.3309
2025-10-10 03:48:56,094 [INFO] Época 8/30, Batch 100/3348, Loss: 0.2602
2025-10-10 03:48:56,371 [INFO] Época 8/30, Batch 150/3348, Loss: 0.1864
2025-10-10 03:48:56,648 [INFO] Época 8/30, Batch 200/3348, Loss: 0.2193
2025-10-10 03:48:56,923 [INFO] Época 8/30, Batch 250/3348, Loss: 0.2818
2025-10-10 03:48:57,196 [INFO] Época 8/30, Batch 300/3348, Loss: 0.3563
2025-10-10 03:48:57,467 [INFO] Época 8/30, Batch 350/3348, Loss: 0.2734
2025-10-10 03:48:57,741 [INFO] Época 8/30, Batch 400/3348, Loss: 0.2342
2025-10-10 03:48:58,012 [INFO] Época 8/30, Batch 450/3348, Loss: 0.2259
2025-10-10 03:48:58,286 [INFO] Época 8/30, Batch 500/3348, Loss: 0.2565
2025-10-10 03:48:58,558 [INFO] Época 8/30, Batch 550/3348, Loss: 0.3309
2025-10-10 03:48:58,834 [INFO] Época 8/30, Batch 600/3348, Loss: 0.2234
2025-10-10 03:48:59,106 [INFO] Época 8/30, Batch 650/3348, Loss: 0.2491
2025-10-10 03:48:59,378 [INFO] Época 8/30, Batch 700/3348, Loss: 0.1872
2025-10-10 03:48:59,650 [INFO] Época 8/30, Batch 750/3348, Loss: 0.2914
2025-10-10 03:48:59,915 [INFO] Época 8/30, Batch 800/3348, Loss: 0.2367
2025-10-10 03:49:00,180 [INFO] Época 8/30, Batch 850/3348, Loss: 0.2492
2025-10-10 03:49:00,441 [INFO] Época 8/30, Batch 900/3348, Loss: 0.2273
2025-10-10 03:49:00,704 [INFO] Época 8/30, Batch 950/3348, Loss: 0.3156
2025-10-10 03:49:00,966 [INFO] Época 8/30, Batch 1000/3348, Loss: 0.2942
2025-10-10 03:49:01,229 [INFO] Época 8/30, Batch 1050/3348, Loss: 0.2712
2025-10-10 03:49:01,493 [INFO] Época 8/30, Batch 1100/3348, Loss: 0.2119
2025-10-10 03:49:01,753 [INFO] Época 8/30, Batch 1150/3348, Loss: 0.3478
2025-10-10 03:49:02,022 [INFO] Época 8/30, Batch 1200/3348, Loss: 0.2244
2025-10-10 03:49:02,295 [INFO] Época 8/30, Batch 1250/3348, Loss: 0.1892
2025-10-10 03:49:02,569 [INFO] Época 8/30, Batch 1300/3348, Loss: 0.2167
2025-10-10 03:49:02,844 [INFO] Época 8/30, Batch 1350/3348, Loss: 0.2544
2025-10-10 03:49:03,117 [INFO] Época 8/30, Batch 1400/3348, Loss: 0.1932
2025-10-10 03:49:03,389 [INFO] Época 8/30, Batch 1450/3348, Loss: 0.2348
2025-10-10 03:49:03,663 [INFO] Época 8/30, Batch 1500/3348, Loss: 0.2741
2025-10-10 03:49:03,935 [INFO] Época 8/30, Batch 1550/3348, Loss: 0.2257
2025-10-10 03:49:04,208 [INFO] Época 8/30, Batch 1600/3348, Loss: 0.2074
2025-10-10 03:49:04,480 [INFO] Época 8/30, Batch 1650/3348, Loss: 0.2331
2025-10-10 03:49:04,754 [INFO] Época 8/30, Batch 1700/3348, Loss: 0.2802
2025-10-10 03:49:05,027 [INFO] Época 8/30, Batch 1750/3348, Loss: 0.2791
2025-10-10 03:49:05,301 [INFO] Época 8/30, Batch 1800/3348, Loss: 0.1869
2025-10-10 03:49:05,569 [INFO] Época 8/30, Batch 1850/3348, Loss: 0.2964
2025-10-10 03:49:05,843 [INFO] Época 8/30, Batch 1900/3348, Loss: 0.2780
2025-10-10 03:49:06,106 [INFO] Época 8/30, Batch 1950/3348, Loss: 0.2372
2025-10-10 03:49:06,369 [INFO] Época 8/30, Batch 2000/3348, Loss: 0.2399
2025-10-10 03:49:06,632 [INFO] Época 8/30, Batch 2050/3348, Loss: 0.3386
2025-10-10 03:49:06,895 [INFO] Época 8/30, Batch 2100/3348, Loss: 0.1812
2025-10-10 03:49:07,155 [INFO] Época 8/30, Batch 2150/3348, Loss: 0.1886
2025-10-10 03:49:07,417 [INFO] Época 8/30, Batch 2200/3348, Loss: 0.2518
2025-10-10 03:49:07,681 [INFO] Época 8/30, Batch 2250/3348, Loss: 0.2160
2025-10-10 03:49:07,942 [INFO] Época 8/30, Batch 2300/3348, Loss: 0.2662
2025-10-10 03:49:08,205 [INFO] Época 8/30, Batch 2350/3348, Loss: 0.2563
2025-10-10 03:49:08,467 [INFO] Época 8/30, Batch 2400/3348, Loss: 0.2863
2025-10-10 03:49:08,730 [INFO] Época 8/30, Batch 2450/3348, Loss: 0.2572
2025-10-10 03:49:08,994 [INFO] Época 8/30, Batch 2500/3348, Loss: 0.3651
2025-10-10 03:49:09,258 [INFO] Época 8/30, Batch 2550/3348, Loss: 0.2006
2025-10-10 03:49:09,521 [INFO] Época 8/30, Batch 2600/3348, Loss: 0.2693
2025-10-10 03:49:09,789 [INFO] Época 8/30, Batch 2650/3348, Loss: 0.3243
2025-10-10 03:49:10,065 [INFO] Época 8/30, Batch 2700/3348, Loss: 0.3203
2025-10-10 03:49:10,338 [INFO] Época 8/30, Batch 2750/3348, Loss: 0.2791
2025-10-10 03:49:10,611 [INFO] Época 8/30, Batch 2800/3348, Loss: 0.2143
2025-10-10 03:49:10,884 [INFO] Época 8/30, Batch 2850/3348, Loss: 0.1921
2025-10-10 03:49:11,158 [INFO] Época 8/30, Batch 2900/3348, Loss: 0.2316
2025-10-10 03:49:11,432 [INFO] Época 8/30, Batch 2950/3348, Loss: 0.1883
2025-10-10 03:49:11,702 [INFO] Época 8/30, Batch 3000/3348, Loss: 0.2423
2025-10-10 03:49:11,965 [INFO] Época 8/30, Batch 3050/3348, Loss: 0.2688
2025-10-10 03:49:12,230 [INFO] Época 8/30, Batch 3100/3348, Loss: 0.2039
2025-10-10 03:49:12,496 [INFO] Época 8/30, Batch 3150/3348, Loss: 0.1987
2025-10-10 03:49:12,759 [INFO] Época 8/30, Batch 3200/3348, Loss: 0.2243
2025-10-10 03:49:13,024 [INFO] Época 8/30, Batch 3250/3348, Loss: 0.1592
2025-10-10 03:49:13,288 [INFO] Época 8/30, Batch 3300/3348, Loss: 0.3588
2025-10-10 03:49:15,069 [INFO] [8/30] Train Loss: 0.2450 | Val Loss: 0.5808 | Tempo: 19.84s
2025-10-10 03:49:15,653 [INFO] Época 9/30, Batch 50/3348, Loss: 0.2954
2025-10-10 03:49:15,935 [INFO] Época 9/30, Batch 100/3348, Loss: 0.2855
2025-10-10 03:49:16,211 [INFO] Época 9/30, Batch 150/3348, Loss: 0.2267
2025-10-10 03:49:16,483 [INFO] Época 9/30, Batch 200/3348, Loss: 0.2072
2025-10-10 03:49:16,757 [INFO] Época 9/30, Batch 250/3348, Loss: 0.1780
2025-10-10 03:49:17,032 [INFO] Época 9/30, Batch 300/3348, Loss: 0.2658
2025-10-10 03:49:17,308 [INFO] Época 9/30, Batch 350/3348, Loss: 0.2281
2025-10-10 03:49:17,580 [INFO] Época 9/30, Batch 400/3348, Loss: 0.2396
2025-10-10 03:49:17,854 [INFO] Época 9/30, Batch 450/3348, Loss: 0.1769
2025-10-10 03:49:18,126 [INFO] Época 9/30, Batch 500/3348, Loss: 0.2211
2025-10-10 03:49:18,398 [INFO] Época 9/30, Batch 550/3348, Loss: 0.3172
2025-10-10 03:49:18,670 [INFO] Época 9/30, Batch 600/3348, Loss: 0.2496
2025-10-10 03:49:18,943 [INFO] Época 9/30, Batch 650/3348, Loss: 0.3461
2025-10-10 03:49:19,210 [INFO] Época 9/30, Batch 700/3348, Loss: 0.2582
2025-10-10 03:49:19,475 [INFO] Época 9/30, Batch 750/3348, Loss: 0.3275
2025-10-10 03:49:19,737 [INFO] Época 9/30, Batch 800/3348, Loss: 0.1922
2025-10-10 03:49:20,004 [INFO] Época 9/30, Batch 850/3348, Loss: 0.2454
2025-10-10 03:49:20,276 [INFO] Época 9/30, Batch 900/3348, Loss: 0.2741
2025-10-10 03:49:20,546 [INFO] Época 9/30, Batch 950/3348, Loss: 0.2548
2025-10-10 03:49:20,816 [INFO] Época 9/30, Batch 1000/3348, Loss: 0.3148
2025-10-10 03:49:21,098 [INFO] Época 9/30, Batch 1050/3348, Loss: 0.2701
2025-10-10 03:49:21,368 [INFO] Época 9/30, Batch 1100/3348, Loss: 0.1976
2025-10-10 03:49:21,639 [INFO] Época 9/30, Batch 1150/3348, Loss: 0.2658
2025-10-10 03:49:21,909 [INFO] Época 9/30, Batch 1200/3348, Loss: 0.1837
2025-10-10 03:49:22,181 [INFO] Época 9/30, Batch 1250/3348, Loss: 0.2444
2025-10-10 03:49:22,450 [INFO] Época 9/30, Batch 1300/3348, Loss: 0.2290
2025-10-10 03:49:22,721 [INFO] Época 9/30, Batch 1350/3348, Loss: 0.2977
2025-10-10 03:49:22,998 [INFO] Época 9/30, Batch 1400/3348, Loss: 0.2148
2025-10-10 03:49:23,277 [INFO] Época 9/30, Batch 1450/3348, Loss: 0.1875
2025-10-10 03:49:23,548 [INFO] Época 9/30, Batch 1500/3348, Loss: 0.3654
2025-10-10 03:49:23,818 [INFO] Época 9/30, Batch 1550/3348, Loss: 0.1939
2025-10-10 03:49:24,090 [INFO] Época 9/30, Batch 1600/3348, Loss: 0.2254
2025-10-10 03:49:24,362 [INFO] Época 9/30, Batch 1650/3348, Loss: 0.3404
2025-10-10 03:49:24,634 [INFO] Época 9/30, Batch 1700/3348, Loss: 0.2595
2025-10-10 03:49:24,906 [INFO] Época 9/30, Batch 1750/3348, Loss: 0.2710
2025-10-10 03:49:25,176 [INFO] Época 9/30, Batch 1800/3348, Loss: 0.3498
2025-10-10 03:49:25,448 [INFO] Época 9/30, Batch 1850/3348, Loss: 0.2094
2025-10-10 03:49:25,723 [INFO] Época 9/30, Batch 1900/3348, Loss: 0.3197
2025-10-10 03:49:25,995 [INFO] Época 9/30, Batch 1950/3348, Loss: 0.3058
2025-10-10 03:49:26,275 [INFO] Época 9/30, Batch 2000/3348, Loss: 0.2059
2025-10-10 03:49:26,547 [INFO] Época 9/30, Batch 2050/3348, Loss: 0.2014
2025-10-10 03:49:26,822 [INFO] Época 9/30, Batch 2100/3348, Loss: 0.2793
2025-10-10 03:49:27,102 [INFO] Época 9/30, Batch 2150/3348, Loss: 0.1983
2025-10-10 03:49:27,380 [INFO] Época 9/30, Batch 2200/3348, Loss: 0.2192
2025-10-10 03:49:27,657 [INFO] Época 9/30, Batch 2250/3348, Loss: 0.2061
2025-10-10 03:49:27,934 [INFO] Época 9/30, Batch 2300/3348, Loss: 0.2459
2025-10-10 03:49:28,209 [INFO] Época 9/30, Batch 2350/3348, Loss: 0.2000
2025-10-10 03:49:28,480 [INFO] Época 9/30, Batch 2400/3348, Loss: 0.2468
2025-10-10 03:49:28,752 [INFO] Época 9/30, Batch 2450/3348, Loss: 0.1506
2025-10-10 03:49:29,024 [INFO] Época 9/30, Batch 2500/3348, Loss: 0.2678
2025-10-10 03:49:29,297 [INFO] Época 9/30, Batch 2550/3348, Loss: 0.2628
2025-10-10 03:49:29,569 [INFO] Época 9/30, Batch 2600/3348, Loss: 0.2149
2025-10-10 03:49:29,841 [INFO] Época 9/30, Batch 2650/3348, Loss: 0.2963
2025-10-10 03:49:30,115 [INFO] Época 9/30, Batch 2700/3348, Loss: 0.2017
2025-10-10 03:49:30,388 [INFO] Época 9/30, Batch 2750/3348, Loss: 0.2070
2025-10-10 03:49:30,659 [INFO] Época 9/30, Batch 2800/3348, Loss: 0.2480
2025-10-10 03:49:30,924 [INFO] Época 9/30, Batch 2850/3348, Loss: 0.2352
2025-10-10 03:49:31,187 [INFO] Época 9/30, Batch 2900/3348, Loss: 0.3238
2025-10-10 03:49:31,449 [INFO] Época 9/30, Batch 2950/3348, Loss: 0.1904
2025-10-10 03:49:31,712 [INFO] Época 9/30, Batch 3000/3348, Loss: 0.2839
2025-10-10 03:49:31,974 [INFO] Época 9/30, Batch 3050/3348, Loss: 0.2358
2025-10-10 03:49:32,236 [INFO] Época 9/30, Batch 3100/3348, Loss: 0.2427
2025-10-10 03:49:32,499 [INFO] Época 9/30, Batch 3150/3348, Loss: 0.1885
2025-10-10 03:49:32,762 [INFO] Época 9/30, Batch 3200/3348, Loss: 0.2156
2025-10-10 03:49:33,034 [INFO] Época 9/30, Batch 3250/3348, Loss: 0.2979
2025-10-10 03:49:33,306 [INFO] Época 9/30, Batch 3300/3348, Loss: 0.2838
2025-10-10 03:49:35,195 [INFO] [9/30] Train Loss: 0.2369 | Val Loss: 0.6170 | Tempo: 20.13s
2025-10-10 03:49:35,785 [INFO] Época 10/30, Batch 50/3348, Loss: 0.2808
2025-10-10 03:49:36,056 [INFO] Época 10/30, Batch 100/3348, Loss: 0.2352
2025-10-10 03:49:36,323 [INFO] Época 10/30, Batch 150/3348, Loss: 0.1875
2025-10-10 03:49:36,599 [INFO] Época 10/30, Batch 200/3348, Loss: 0.2079
2025-10-10 03:49:36,865 [INFO] Época 10/30, Batch 250/3348, Loss: 0.1726
2025-10-10 03:49:37,128 [INFO] Época 10/30, Batch 300/3348, Loss: 0.2000
2025-10-10 03:49:37,391 [INFO] Época 10/30, Batch 350/3348, Loss: 0.1817
2025-10-10 03:49:37,656 [INFO] Época 10/30, Batch 400/3348, Loss: 0.2296
2025-10-10 03:49:37,920 [INFO] Época 10/30, Batch 450/3348, Loss: 0.2683
2025-10-10 03:49:38,182 [INFO] Época 10/30, Batch 500/3348, Loss: 0.2543
2025-10-10 03:49:38,444 [INFO] Época 10/30, Batch 550/3348, Loss: 0.2082
2025-10-10 03:49:38,708 [INFO] Época 10/30, Batch 600/3348, Loss: 0.2608
2025-10-10 03:49:38,973 [INFO] Época 10/30, Batch 650/3348, Loss: 0.1745
2025-10-10 03:49:39,234 [INFO] Época 10/30, Batch 700/3348, Loss: 0.2761
2025-10-10 03:49:39,496 [INFO] Época 10/30, Batch 750/3348, Loss: 0.3302
2025-10-10 03:49:39,757 [INFO] Época 10/30, Batch 800/3348, Loss: 0.1860
2025-10-10 03:49:40,017 [INFO] Época 10/30, Batch 850/3348, Loss: 0.1919
2025-10-10 03:49:40,280 [INFO] Época 10/30, Batch 900/3348, Loss: 0.2924
2025-10-10 03:49:40,540 [INFO] Época 10/30, Batch 950/3348, Loss: 0.1877
2025-10-10 03:49:40,802 [INFO] Época 10/30, Batch 1000/3348, Loss: 0.2288
2025-10-10 03:49:41,063 [INFO] Época 10/30, Batch 1050/3348, Loss: 0.2085
2025-10-10 03:49:41,324 [INFO] Época 10/30, Batch 1100/3348, Loss: 0.1952
2025-10-10 03:49:41,595 [INFO] Época 10/30, Batch 1150/3348, Loss: 0.1863
2025-10-10 03:49:41,858 [INFO] Época 10/30, Batch 1200/3348, Loss: 0.1292
2025-10-10 03:49:42,119 [INFO] Época 10/30, Batch 1250/3348, Loss: 0.2936
2025-10-10 03:49:42,382 [INFO] Época 10/30, Batch 1300/3348, Loss: 0.2483
2025-10-10 03:49:42,641 [INFO] Época 10/30, Batch 1350/3348, Loss: 0.2124
2025-10-10 03:49:42,904 [INFO] Época 10/30, Batch 1400/3348, Loss: 0.2077
2025-10-10 03:49:43,167 [INFO] Época 10/30, Batch 1450/3348, Loss: 0.2162
2025-10-10 03:49:43,429 [INFO] Época 10/30, Batch 1500/3348, Loss: 0.2457
2025-10-10 03:49:43,689 [INFO] Época 10/30, Batch 1550/3348, Loss: 0.2652
2025-10-10 03:49:43,951 [INFO] Época 10/30, Batch 1600/3348, Loss: 0.1883
2025-10-10 03:49:44,213 [INFO] Época 10/30, Batch 1650/3348, Loss: 0.2322
2025-10-10 03:49:44,475 [INFO] Época 10/30, Batch 1700/3348, Loss: 0.1527
2025-10-10 03:49:44,737 [INFO] Época 10/30, Batch 1750/3348, Loss: 0.2480
2025-10-10 03:49:45,000 [INFO] Época 10/30, Batch 1800/3348, Loss: 0.2786
2025-10-10 03:49:45,261 [INFO] Época 10/30, Batch 1850/3348, Loss: 0.2778
2025-10-10 03:49:45,524 [INFO] Época 10/30, Batch 1900/3348, Loss: 0.2491
2025-10-10 03:49:45,785 [INFO] Época 10/30, Batch 1950/3348, Loss: 0.1790
2025-10-10 03:49:46,047 [INFO] Época 10/30, Batch 2000/3348, Loss: 0.2039
2025-10-10 03:49:46,310 [INFO] Época 10/30, Batch 2050/3348, Loss: 0.2247
2025-10-10 03:49:46,572 [INFO] Época 10/30, Batch 2100/3348, Loss: 0.2708
2025-10-10 03:49:46,835 [INFO] Época 10/30, Batch 2150/3348, Loss: 0.2872
2025-10-10 03:49:47,097 [INFO] Época 10/30, Batch 2200/3348, Loss: 0.2575
2025-10-10 03:49:47,359 [INFO] Época 10/30, Batch 2250/3348, Loss: 0.2503
2025-10-10 03:49:47,621 [INFO] Época 10/30, Batch 2300/3348, Loss: 0.2955
2025-10-10 03:49:47,883 [INFO] Época 10/30, Batch 2350/3348, Loss: 0.2010
2025-10-10 03:49:48,145 [INFO] Época 10/30, Batch 2400/3348, Loss: 0.2363
2025-10-10 03:49:48,407 [INFO] Época 10/30, Batch 2450/3348, Loss: 0.2301
2025-10-10 03:49:48,668 [INFO] Época 10/30, Batch 2500/3348, Loss: 0.3415
2025-10-10 03:49:48,929 [INFO] Época 10/30, Batch 2550/3348, Loss: 0.2292
2025-10-10 03:49:49,189 [INFO] Época 10/30, Batch 2600/3348, Loss: 0.2759
2025-10-10 03:49:49,449 [INFO] Época 10/30, Batch 2650/3348, Loss: 0.2252
2025-10-10 03:49:49,712 [INFO] Época 10/30, Batch 2700/3348, Loss: 0.2209
2025-10-10 03:49:49,975 [INFO] Época 10/30, Batch 2750/3348, Loss: 0.2230
2025-10-10 03:49:50,237 [INFO] Época 10/30, Batch 2800/3348, Loss: 0.2675
2025-10-10 03:49:50,498 [INFO] Época 10/30, Batch 2850/3348, Loss: 0.3432
2025-10-10 03:49:50,761 [INFO] Época 10/30, Batch 2900/3348, Loss: 0.1819
2025-10-10 03:49:51,024 [INFO] Época 10/30, Batch 2950/3348, Loss: 0.2362
2025-10-10 03:49:51,285 [INFO] Época 10/30, Batch 3000/3348, Loss: 0.2364
2025-10-10 03:49:51,548 [INFO] Época 10/30, Batch 3050/3348, Loss: 0.2890
2025-10-10 03:49:51,809 [INFO] Época 10/30, Batch 3100/3348, Loss: 0.1619
2025-10-10 03:49:52,081 [INFO] Época 10/30, Batch 3150/3348, Loss: 0.2498
2025-10-10 03:49:52,342 [INFO] Época 10/30, Batch 3200/3348, Loss: 0.1659
2025-10-10 03:49:52,605 [INFO] Época 10/30, Batch 3250/3348, Loss: 0.3123
2025-10-10 03:49:52,865 [INFO] Época 10/30, Batch 3300/3348, Loss: 0.2241
2025-10-10 03:49:54,652 [INFO] [10/30] Train Loss: 0.2294 | Val Loss: 0.6152 | Tempo: 19.46s
2025-10-10 03:49:55,235 [INFO] Época 11/30, Batch 50/3348, Loss: 0.1571
2025-10-10 03:49:55,506 [INFO] Época 11/30, Batch 100/3348, Loss: 0.2164
2025-10-10 03:49:55,774 [INFO] Época 11/30, Batch 150/3348, Loss: 0.2088
2025-10-10 03:49:56,040 [INFO] Época 11/30, Batch 200/3348, Loss: 0.1984
2025-10-10 03:49:56,304 [INFO] Época 11/30, Batch 250/3348, Loss: 0.2542
2025-10-10 03:49:56,569 [INFO] Época 11/30, Batch 300/3348, Loss: 0.2117
2025-10-10 03:49:56,835 [INFO] Época 11/30, Batch 350/3348, Loss: 0.2497
2025-10-10 03:49:57,110 [INFO] Época 11/30, Batch 400/3348, Loss: 0.2613
2025-10-10 03:49:57,374 [INFO] Época 11/30, Batch 450/3348, Loss: 0.1671
2025-10-10 03:49:57,638 [INFO] Época 11/30, Batch 500/3348, Loss: 0.2150
2025-10-10 03:49:57,902 [INFO] Época 11/30, Batch 550/3348, Loss: 0.2530
2025-10-10 03:49:58,163 [INFO] Época 11/30, Batch 600/3348, Loss: 0.2329
2025-10-10 03:49:58,426 [INFO] Época 11/30, Batch 650/3348, Loss: 0.2337
2025-10-10 03:49:58,691 [INFO] Época 11/30, Batch 700/3348, Loss: 0.1846
2025-10-10 03:49:58,953 [INFO] Época 11/30, Batch 750/3348, Loss: 0.1831
2025-10-10 03:49:59,207 [INFO] Época 11/30, Batch 800/3348, Loss: 0.2011
2025-10-10 03:49:59,458 [INFO] Época 11/30, Batch 850/3348, Loss: 0.1875
2025-10-10 03:49:59,710 [INFO] Época 11/30, Batch 900/3348, Loss: 0.2616
2025-10-10 03:49:59,964 [INFO] Época 11/30, Batch 950/3348, Loss: 0.2090
2025-10-10 03:50:00,217 [INFO] Época 11/30, Batch 1000/3348, Loss: 0.2682
2025-10-10 03:50:00,468 [INFO] Época 11/30, Batch 1050/3348, Loss: 0.3564
2025-10-10 03:50:00,719 [INFO] Época 11/30, Batch 1100/3348, Loss: 0.1971
2025-10-10 03:50:00,971 [INFO] Época 11/30, Batch 1150/3348, Loss: 0.1964
2025-10-10 03:50:01,234 [INFO] Época 11/30, Batch 1200/3348, Loss: 0.2043
2025-10-10 03:50:01,499 [INFO] Época 11/30, Batch 1250/3348, Loss: 0.1784
2025-10-10 03:50:01,762 [INFO] Época 11/30, Batch 1300/3348, Loss: 0.2122
2025-10-10 03:50:02,026 [INFO] Época 11/30, Batch 1350/3348, Loss: 0.1819
2025-10-10 03:50:02,292 [INFO] Época 11/30, Batch 1400/3348, Loss: 0.2313
2025-10-10 03:50:02,558 [INFO] Época 11/30, Batch 1450/3348, Loss: 0.1770
2025-10-10 03:50:02,821 [INFO] Época 11/30, Batch 1500/3348, Loss: 0.2163
2025-10-10 03:50:03,084 [INFO] Época 11/30, Batch 1550/3348, Loss: 0.3075
2025-10-10 03:50:03,348 [INFO] Época 11/30, Batch 1600/3348, Loss: 0.1848
2025-10-10 03:50:03,611 [INFO] Época 11/30, Batch 1650/3348, Loss: 0.2504
2025-10-10 03:50:03,873 [INFO] Época 11/30, Batch 1700/3348, Loss: 0.1954
2025-10-10 03:50:04,136 [INFO] Época 11/30, Batch 1750/3348, Loss: 0.1826
2025-10-10 03:50:04,398 [INFO] Época 11/30, Batch 1800/3348, Loss: 0.3090
2025-10-10 03:50:04,660 [INFO] Época 11/30, Batch 1850/3348, Loss: 0.1963
2025-10-10 03:50:04,922 [INFO] Época 11/30, Batch 1900/3348, Loss: 0.2455
2025-10-10 03:50:05,182 [INFO] Época 11/30, Batch 1950/3348, Loss: 0.2186
2025-10-10 03:50:05,446 [INFO] Época 11/30, Batch 2000/3348, Loss: 0.1622
2025-10-10 03:50:05,707 [INFO] Época 11/30, Batch 2050/3348, Loss: 0.2431
2025-10-10 03:50:05,970 [INFO] Época 11/30, Batch 2100/3348, Loss: 0.1989
2025-10-10 03:50:06,234 [INFO] Época 11/30, Batch 2150/3348, Loss: 0.2482
2025-10-10 03:50:06,497 [INFO] Época 11/30, Batch 2200/3348, Loss: 0.2861
2025-10-10 03:50:06,765 [INFO] Época 11/30, Batch 2250/3348, Loss: 0.2236
2025-10-10 03:50:07,031 [INFO] Época 11/30, Batch 2300/3348, Loss: 0.2265
2025-10-10 03:50:07,309 [INFO] Época 11/30, Batch 2350/3348, Loss: 0.2215
2025-10-10 03:50:07,578 [INFO] Época 11/30, Batch 2400/3348, Loss: 0.2098
2025-10-10 03:50:07,843 [INFO] Época 11/30, Batch 2450/3348, Loss: 0.3154
2025-10-10 03:50:08,112 [INFO] Época 11/30, Batch 2500/3348, Loss: 0.2442
2025-10-10 03:50:08,378 [INFO] Época 11/30, Batch 2550/3348, Loss: 0.2388
2025-10-10 03:50:08,645 [INFO] Época 11/30, Batch 2600/3348, Loss: 0.1902
2025-10-10 03:50:08,910 [INFO] Época 11/30, Batch 2650/3348, Loss: 0.1999
2025-10-10 03:50:09,174 [INFO] Época 11/30, Batch 2700/3348, Loss: 0.2893
2025-10-10 03:50:09,440 [INFO] Época 11/30, Batch 2750/3348, Loss: 0.2829
2025-10-10 03:50:09,708 [INFO] Época 11/30, Batch 2800/3348, Loss: 0.3447
2025-10-10 03:50:09,972 [INFO] Época 11/30, Batch 2850/3348, Loss: 0.1820
2025-10-10 03:50:10,236 [INFO] Época 11/30, Batch 2900/3348, Loss: 0.2331
2025-10-10 03:50:10,497 [INFO] Época 11/30, Batch 2950/3348, Loss: 0.1750
2025-10-10 03:50:10,761 [INFO] Época 11/30, Batch 3000/3348, Loss: 0.2390
2025-10-10 03:50:11,023 [INFO] Época 11/30, Batch 3050/3348, Loss: 0.2266
2025-10-10 03:50:11,286 [INFO] Época 11/30, Batch 3100/3348, Loss: 0.3028
2025-10-10 03:50:11,549 [INFO] Época 11/30, Batch 3150/3348, Loss: 0.1679
2025-10-10 03:50:11,812 [INFO] Época 11/30, Batch 3200/3348, Loss: 0.2089
2025-10-10 03:50:12,075 [INFO] Época 11/30, Batch 3250/3348, Loss: 0.2172
2025-10-10 03:50:12,348 [INFO] Época 11/30, Batch 3300/3348, Loss: 0.2120
2025-10-10 03:50:14,100 [INFO] [11/30] Train Loss: 0.2226 | Val Loss: 0.5887 | Tempo: 19.45s
2025-10-10 03:50:14,675 [INFO] Época 12/30, Batch 50/3348, Loss: 0.1904
2025-10-10 03:50:14,941 [INFO] Época 12/30, Batch 100/3348, Loss: 0.2235
2025-10-10 03:50:15,207 [INFO] Época 12/30, Batch 150/3348, Loss: 0.1394
2025-10-10 03:50:15,470 [INFO] Época 12/30, Batch 200/3348, Loss: 0.2280
2025-10-10 03:50:15,737 [INFO] Época 12/30, Batch 250/3348, Loss: 0.1637
2025-10-10 03:50:15,999 [INFO] Época 12/30, Batch 300/3348, Loss: 0.1938
2025-10-10 03:50:16,262 [INFO] Época 12/30, Batch 350/3348, Loss: 0.2881
2025-10-10 03:50:16,525 [INFO] Época 12/30, Batch 400/3348, Loss: 0.2315
2025-10-10 03:50:16,788 [INFO] Época 12/30, Batch 450/3348, Loss: 0.2036
2025-10-10 03:50:17,050 [INFO] Época 12/30, Batch 500/3348, Loss: 0.1669
2025-10-10 03:50:17,312 [INFO] Época 12/30, Batch 550/3348, Loss: 0.1997
2025-10-10 03:50:17,573 [INFO] Época 12/30, Batch 600/3348, Loss: 0.1710
2025-10-10 03:50:17,834 [INFO] Época 12/30, Batch 650/3348, Loss: 0.2575
2025-10-10 03:50:18,092 [INFO] Época 12/30, Batch 700/3348, Loss: 0.3089
2025-10-10 03:50:18,345 [INFO] Época 12/30, Batch 750/3348, Loss: 0.1793
2025-10-10 03:50:18,596 [INFO] Época 12/30, Batch 800/3348, Loss: 0.1712
2025-10-10 03:50:18,848 [INFO] Época 12/30, Batch 850/3348, Loss: 0.2014
2025-10-10 03:50:19,098 [INFO] Época 12/30, Batch 900/3348, Loss: 0.2536
2025-10-10 03:50:19,347 [INFO] Época 12/30, Batch 950/3348, Loss: 0.2270
2025-10-10 03:50:19,597 [INFO] Época 12/30, Batch 1000/3348, Loss: 0.2151
2025-10-10 03:50:19,846 [INFO] Época 12/30, Batch 1050/3348, Loss: 0.2034
2025-10-10 03:50:20,095 [INFO] Época 12/30, Batch 1100/3348, Loss: 0.2194
2025-10-10 03:50:20,343 [INFO] Época 12/30, Batch 1150/3348, Loss: 0.2039
2025-10-10 03:50:20,592 [INFO] Época 12/30, Batch 1200/3348, Loss: 0.1980
2025-10-10 03:50:20,843 [INFO] Época 12/30, Batch 1250/3348, Loss: 0.2039
2025-10-10 03:50:21,094 [INFO] Época 12/30, Batch 1300/3348, Loss: 0.2513
2025-10-10 03:50:21,354 [INFO] Época 12/30, Batch 1350/3348, Loss: 0.2006
2025-10-10 03:50:21,615 [INFO] Época 12/30, Batch 1400/3348, Loss: 0.2709
2025-10-10 03:50:21,876 [INFO] Época 12/30, Batch 1450/3348, Loss: 0.2034
2025-10-10 03:50:22,138 [INFO] Época 12/30, Batch 1500/3348, Loss: 0.2251
2025-10-10 03:50:22,399 [INFO] Época 12/30, Batch 1550/3348, Loss: 0.2126
2025-10-10 03:50:22,671 [INFO] Época 12/30, Batch 1600/3348, Loss: 0.1721
2025-10-10 03:50:22,931 [INFO] Época 12/30, Batch 1650/3348, Loss: 0.1757
2025-10-10 03:50:23,190 [INFO] Época 12/30, Batch 1700/3348, Loss: 0.1713
2025-10-10 03:50:23,451 [INFO] Época 12/30, Batch 1750/3348, Loss: 0.3977
2025-10-10 03:50:23,712 [INFO] Época 12/30, Batch 1800/3348, Loss: 0.2713
2025-10-10 03:50:23,973 [INFO] Época 12/30, Batch 1850/3348, Loss: 0.2534
2025-10-10 03:50:24,235 [INFO] Época 12/30, Batch 1900/3348, Loss: 0.1731
2025-10-10 03:50:24,497 [INFO] Época 12/30, Batch 1950/3348, Loss: 0.2331
2025-10-10 03:50:24,758 [INFO] Época 12/30, Batch 2000/3348, Loss: 0.2025
2025-10-10 03:50:25,020 [INFO] Época 12/30, Batch 2050/3348, Loss: 0.2259
2025-10-10 03:50:25,282 [INFO] Época 12/30, Batch 2100/3348, Loss: 0.1645
2025-10-10 03:50:25,542 [INFO] Época 12/30, Batch 2150/3348, Loss: 0.2371
2025-10-10 03:50:25,805 [INFO] Época 12/30, Batch 2200/3348, Loss: 0.1978
2025-10-10 03:50:26,067 [INFO] Época 12/30, Batch 2250/3348, Loss: 0.2550
2025-10-10 03:50:26,329 [INFO] Época 12/30, Batch 2300/3348, Loss: 0.2059
2025-10-10 03:50:26,590 [INFO] Época 12/30, Batch 2350/3348, Loss: 0.2062
2025-10-10 03:50:26,851 [INFO] Época 12/30, Batch 2400/3348, Loss: 0.2886
2025-10-10 03:50:27,113 [INFO] Época 12/30, Batch 2450/3348, Loss: 0.2584
2025-10-10 03:50:27,373 [INFO] Época 12/30, Batch 2500/3348, Loss: 0.3596
2025-10-10 03:50:27,635 [INFO] Época 12/30, Batch 2550/3348, Loss: 0.2025
2025-10-10 03:50:27,906 [INFO] Época 12/30, Batch 2600/3348, Loss: 0.1774
2025-10-10 03:50:28,168 [INFO] Época 12/30, Batch 2650/3348, Loss: 0.2185
2025-10-10 03:50:28,431 [INFO] Época 12/30, Batch 2700/3348, Loss: 0.2141
2025-10-10 03:50:28,694 [INFO] Época 12/30, Batch 2750/3348, Loss: 0.1879
2025-10-10 03:50:28,958 [INFO] Época 12/30, Batch 2800/3348, Loss: 0.1630
2025-10-10 03:50:29,220 [INFO] Época 12/30, Batch 2850/3348, Loss: 0.2244
2025-10-10 03:50:29,483 [INFO] Época 12/30, Batch 2900/3348, Loss: 0.2450
2025-10-10 03:50:29,748 [INFO] Época 12/30, Batch 2950/3348, Loss: 0.2127
2025-10-10 03:50:30,019 [INFO] Época 12/30, Batch 3000/3348, Loss: 0.2422
2025-10-10 03:50:30,288 [INFO] Época 12/30, Batch 3050/3348, Loss: 0.2022
2025-10-10 03:50:30,560 [INFO] Época 12/30, Batch 3100/3348, Loss: 0.2393
2025-10-10 03:50:30,832 [INFO] Época 12/30, Batch 3150/3348, Loss: 0.2239
2025-10-10 03:50:31,104 [INFO] Época 12/30, Batch 3200/3348, Loss: 0.2600
2025-10-10 03:50:31,374 [INFO] Época 12/30, Batch 3250/3348, Loss: 0.2010
2025-10-10 03:50:31,635 [INFO] Época 12/30, Batch 3300/3348, Loss: 0.1912
2025-10-10 03:50:33,548 [INFO] [12/30] Train Loss: 0.2162 | Val Loss: 0.6253 | Tempo: 19.45s
2025-10-10 03:50:34,129 [INFO] Época 13/30, Batch 50/3348, Loss: 0.2142
2025-10-10 03:50:34,396 [INFO] Época 13/30, Batch 100/3348, Loss: 0.1876
2025-10-10 03:50:34,661 [INFO] Época 13/30, Batch 150/3348, Loss: 0.2788
2025-10-10 03:50:34,927 [INFO] Época 13/30, Batch 200/3348, Loss: 0.2484
2025-10-10 03:50:35,191 [INFO] Época 13/30, Batch 250/3348, Loss: 0.2083
2025-10-10 03:50:35,452 [INFO] Época 13/30, Batch 300/3348, Loss: 0.2011
2025-10-10 03:50:35,715 [INFO] Época 13/30, Batch 350/3348, Loss: 0.2340
2025-10-10 03:50:35,977 [INFO] Época 13/30, Batch 400/3348, Loss: 0.2428
2025-10-10 03:50:36,239 [INFO] Época 13/30, Batch 450/3348, Loss: 0.2315
2025-10-10 03:50:36,501 [INFO] Época 13/30, Batch 500/3348, Loss: 0.2004
2025-10-10 03:50:36,763 [INFO] Época 13/30, Batch 550/3348, Loss: 0.2715
2025-10-10 03:50:37,025 [INFO] Época 13/30, Batch 600/3348, Loss: 0.1905
2025-10-10 03:50:37,288 [INFO] Época 13/30, Batch 650/3348, Loss: 0.2303
2025-10-10 03:50:37,550 [INFO] Época 13/30, Batch 700/3348, Loss: 0.2949
2025-10-10 03:50:37,813 [INFO] Época 13/30, Batch 750/3348, Loss: 0.2143
2025-10-10 03:50:38,076 [INFO] Época 13/30, Batch 800/3348, Loss: 0.1682
2025-10-10 03:50:38,338 [INFO] Época 13/30, Batch 850/3348, Loss: 0.2152
2025-10-10 03:50:38,599 [INFO] Época 13/30, Batch 900/3348, Loss: 0.1598
2025-10-10 03:50:38,870 [INFO] Época 13/30, Batch 950/3348, Loss: 0.2077
2025-10-10 03:50:39,130 [INFO] Época 13/30, Batch 1000/3348, Loss: 0.2344
2025-10-10 03:50:39,392 [INFO] Época 13/30, Batch 1050/3348, Loss: 0.2305
2025-10-10 03:50:39,655 [INFO] Época 13/30, Batch 1100/3348, Loss: 0.2151
2025-10-10 03:50:39,915 [INFO] Época 13/30, Batch 1150/3348, Loss: 0.2915
2025-10-10 03:50:40,176 [INFO] Época 13/30, Batch 1200/3348, Loss: 0.2312
2025-10-10 03:50:40,440 [INFO] Época 13/30, Batch 1250/3348, Loss: 0.2242
2025-10-10 03:50:40,706 [INFO] Época 13/30, Batch 1300/3348, Loss: 0.2205
2025-10-10 03:50:40,971 [INFO] Época 13/30, Batch 1350/3348, Loss: 0.1781
2025-10-10 03:50:41,235 [INFO] Época 13/30, Batch 1400/3348, Loss: 0.2411
2025-10-10 03:50:41,497 [INFO] Época 13/30, Batch 1450/3348, Loss: 0.1738
2025-10-10 03:50:41,760 [INFO] Época 13/30, Batch 1500/3348, Loss: 0.1997
2025-10-10 03:50:42,023 [INFO] Época 13/30, Batch 1550/3348, Loss: 0.1874
2025-10-10 03:50:42,285 [INFO] Época 13/30, Batch 1600/3348, Loss: 0.1947
2025-10-10 03:50:42,548 [INFO] Época 13/30, Batch 1650/3348, Loss: 0.2559
2025-10-10 03:50:42,810 [INFO] Época 13/30, Batch 1700/3348, Loss: 0.2833
2025-10-10 03:50:43,071 [INFO] Época 13/30, Batch 1750/3348, Loss: 0.2859
2025-10-10 03:50:43,334 [INFO] Época 13/30, Batch 1800/3348, Loss: 0.2169
2025-10-10 03:50:43,596 [INFO] Época 13/30, Batch 1850/3348, Loss: 0.2048
2025-10-10 03:50:43,857 [INFO] Época 13/30, Batch 1900/3348, Loss: 0.1947
2025-10-10 03:50:44,117 [INFO] Época 13/30, Batch 1950/3348, Loss: 0.2837
2025-10-10 03:50:44,381 [INFO] Época 13/30, Batch 2000/3348, Loss: 0.1824
2025-10-10 03:50:44,645 [INFO] Época 13/30, Batch 2050/3348, Loss: 0.1728
2025-10-10 03:50:44,906 [INFO] Época 13/30, Batch 2100/3348, Loss: 0.1874
2025-10-10 03:50:45,170 [INFO] Época 13/30, Batch 2150/3348, Loss: 0.2928
2025-10-10 03:50:45,433 [INFO] Época 13/30, Batch 2200/3348, Loss: 0.2194
2025-10-10 03:50:45,694 [INFO] Época 13/30, Batch 2250/3348, Loss: 0.2059
2025-10-10 03:50:45,956 [INFO] Época 13/30, Batch 2300/3348, Loss: 0.1761
2025-10-10 03:50:46,217 [INFO] Época 13/30, Batch 2350/3348, Loss: 0.2168
2025-10-10 03:50:46,479 [INFO] Época 13/30, Batch 2400/3348, Loss: 0.2699
2025-10-10 03:50:46,740 [INFO] Época 13/30, Batch 2450/3348, Loss: 0.2814
2025-10-10 03:50:47,002 [INFO] Época 13/30, Batch 2500/3348, Loss: 0.1896
2025-10-10 03:50:47,265 [INFO] Época 13/30, Batch 2550/3348, Loss: 0.2261
2025-10-10 03:50:47,527 [INFO] Época 13/30, Batch 2600/3348, Loss: 0.1826
2025-10-10 03:50:47,789 [INFO] Época 13/30, Batch 2650/3348, Loss: 0.2232
2025-10-10 03:50:48,050 [INFO] Época 13/30, Batch 2700/3348, Loss: 0.1355
2025-10-10 03:50:48,312 [INFO] Época 13/30, Batch 2750/3348, Loss: 0.2636
2025-10-10 03:50:48,574 [INFO] Época 13/30, Batch 2800/3348, Loss: 0.2046
2025-10-10 03:50:48,835 [INFO] Época 13/30, Batch 2850/3348, Loss: 0.2524
2025-10-10 03:50:49,097 [INFO] Época 13/30, Batch 2900/3348, Loss: 0.1199
2025-10-10 03:50:49,360 [INFO] Época 13/30, Batch 2950/3348, Loss: 0.2873
2025-10-10 03:50:49,622 [INFO] Época 13/30, Batch 3000/3348, Loss: 0.2369
2025-10-10 03:50:49,882 [INFO] Época 13/30, Batch 3050/3348, Loss: 0.1780
2025-10-10 03:50:50,144 [INFO] Época 13/30, Batch 3100/3348, Loss: 0.2871
2025-10-10 03:50:50,404 [INFO] Época 13/30, Batch 3150/3348, Loss: 0.2355
2025-10-10 03:50:50,665 [INFO] Época 13/30, Batch 3200/3348, Loss: 0.1953
2025-10-10 03:50:50,926 [INFO] Época 13/30, Batch 3250/3348, Loss: 0.2509
2025-10-10 03:50:51,186 [INFO] Época 13/30, Batch 3300/3348, Loss: 0.1752
2025-10-10 03:50:53,093 [INFO] [13/30] Train Loss: 0.2107 | Val Loss: 0.6123 | Tempo: 19.54s
2025-10-10 03:50:53,093 [INFO] Early stopping ativado após 10 épocas sem melhoria
2025-10-10 03:50:53,094 [INFO] Treinamento concluído em 255.88 segundos (4.26 minutos)
2025-10-10 03:50:53,094 [INFO] Iniciando avaliação no conjunto de teste...
2025-10-10 03:50:54,588 [INFO] Avaliação do teste concluída em 1.49 segundos
2025-10-10 03:50:54,590 [INFO] MSE no teste: 0.7575
2025-10-10 03:50:54,590 [INFO] RMSE no teste: 0.8703
2025-10-10 03:50:54,591 [INFO] MAE no teste: 0.6498
2025-10-10 03:50:54,591 [INFO] Métricas salvas em /mnt/hdd/home/jdurao/ToolBox-ChemXAI/logs/mlp_att8_Morgan_metrics.json
