2025-10-10 09:12:32,572 [INFO] Iniciando treinamento do modelo mlp_att11_Avalon
2025-10-10 09:12:32,572 [INFO] Configuração: att_index=11, epochs=30, layers=[128, 64, 32], lr=0.001, batch_size=32, descriptor_type=Avalon
2025-10-10 09:12:32,572 [INFO] Diretório para modelos: /mnt/hdd/home/jdurao/ToolBox-ChemXAI/models
2025-10-10 09:12:32,572 [INFO] Carregando dados...
2025-10-10 09:12:32,660 [INFO] Preparando dataloaders sem ruído...
2025-10-10 09:12:46,860 [INFO] Dados carregados em 14.29 segundos
2025-10-10 09:12:46,860 [INFO] Tamanhos dos conjuntos - Treino: 107108, Validação: 13388, Teste: 13389
2025-10-10 09:12:46,860 [INFO] Usando dispositivo: cuda
2025-10-10 09:12:47,247 [INFO] Dimensão de entrada: 512, Dimensão de saída: 1
2025-10-10 09:12:47,248 [INFO] Criando modelo MLP com camadas: [128, 64, 32]
2025-10-10 09:12:47,250 [INFO] Modelo criado com 76033 parâmetros
2025-10-10 09:12:47,252 [INFO] Iniciando treinamento com 30 épocas...
2025-10-10 09:12:47,835 [INFO] Época 1/30, Batch 50/3348, Loss: 0.4307
2025-10-10 09:12:48,106 [INFO] Época 1/30, Batch 100/3348, Loss: 0.3406
2025-10-10 09:12:48,376 [INFO] Época 1/30, Batch 150/3348, Loss: 0.4007
2025-10-10 09:12:48,644 [INFO] Época 1/30, Batch 200/3348, Loss: 0.3267
2025-10-10 09:12:48,914 [INFO] Época 1/30, Batch 250/3348, Loss: 0.3287
2025-10-10 09:12:49,181 [INFO] Época 1/30, Batch 300/3348, Loss: 0.5100
2025-10-10 09:12:49,445 [INFO] Época 1/30, Batch 350/3348, Loss: 0.5581
2025-10-10 09:12:49,711 [INFO] Época 1/30, Batch 400/3348, Loss: 0.3937
2025-10-10 09:12:49,976 [INFO] Época 1/30, Batch 450/3348, Loss: 0.3561
2025-10-10 09:12:50,240 [INFO] Época 1/30, Batch 500/3348, Loss: 0.4713
2025-10-10 09:12:50,507 [INFO] Época 1/30, Batch 550/3348, Loss: 0.4243
2025-10-10 09:12:50,770 [INFO] Época 1/30, Batch 600/3348, Loss: 0.4350
2025-10-10 09:12:51,035 [INFO] Época 1/30, Batch 650/3348, Loss: 0.3584
2025-10-10 09:12:51,295 [INFO] Época 1/30, Batch 700/3348, Loss: 0.3748
2025-10-10 09:12:51,555 [INFO] Época 1/30, Batch 750/3348, Loss: 0.3538
2025-10-10 09:12:51,827 [INFO] Época 1/30, Batch 800/3348, Loss: 0.2926
2025-10-10 09:12:52,099 [INFO] Época 1/30, Batch 850/3348, Loss: 0.3427
2025-10-10 09:12:52,371 [INFO] Época 1/30, Batch 900/3348, Loss: 0.4369
2025-10-10 09:12:52,643 [INFO] Época 1/30, Batch 950/3348, Loss: 0.3333
2025-10-10 09:12:52,916 [INFO] Época 1/30, Batch 1000/3348, Loss: 0.3565
2025-10-10 09:12:53,187 [INFO] Época 1/30, Batch 1050/3348, Loss: 0.5055
2025-10-10 09:12:53,461 [INFO] Época 1/30, Batch 1100/3348, Loss: 0.4131
2025-10-10 09:12:53,732 [INFO] Época 1/30, Batch 1150/3348, Loss: 0.3896
2025-10-10 09:12:54,003 [INFO] Época 1/30, Batch 1200/3348, Loss: 0.3653
2025-10-10 09:12:54,275 [INFO] Época 1/30, Batch 1250/3348, Loss: 0.3392
2025-10-10 09:12:54,547 [INFO] Época 1/30, Batch 1300/3348, Loss: 0.2906
2025-10-10 09:12:54,819 [INFO] Época 1/30, Batch 1350/3348, Loss: 0.3124
2025-10-10 09:12:55,089 [INFO] Época 1/30, Batch 1400/3348, Loss: 0.2551
2025-10-10 09:12:55,355 [INFO] Época 1/30, Batch 1450/3348, Loss: 0.3670
2025-10-10 09:12:55,618 [INFO] Época 1/30, Batch 1500/3348, Loss: 0.3675
2025-10-10 09:12:55,878 [INFO] Época 1/30, Batch 1550/3348, Loss: 0.2626
2025-10-10 09:12:56,140 [INFO] Época 1/30, Batch 1600/3348, Loss: 0.4836
2025-10-10 09:12:56,403 [INFO] Época 1/30, Batch 1650/3348, Loss: 0.4797
2025-10-10 09:12:56,666 [INFO] Época 1/30, Batch 1700/3348, Loss: 0.4431
2025-10-10 09:12:56,928 [INFO] Época 1/30, Batch 1750/3348, Loss: 0.3492
2025-10-10 09:12:57,190 [INFO] Época 1/30, Batch 1800/3348, Loss: 0.4209
2025-10-10 09:12:57,452 [INFO] Época 1/30, Batch 1850/3348, Loss: 0.2546
2025-10-10 09:12:57,717 [INFO] Época 1/30, Batch 1900/3348, Loss: 0.4245
2025-10-10 09:12:57,989 [INFO] Época 1/30, Batch 1950/3348, Loss: 0.4555
2025-10-10 09:12:58,260 [INFO] Época 1/30, Batch 2000/3348, Loss: 0.3146
2025-10-10 09:12:58,532 [INFO] Época 1/30, Batch 2050/3348, Loss: 0.2620
2025-10-10 09:12:58,804 [INFO] Época 1/30, Batch 2100/3348, Loss: 0.3174
2025-10-10 09:12:59,076 [INFO] Época 1/30, Batch 2150/3348, Loss: 0.3391
2025-10-10 09:12:59,349 [INFO] Época 1/30, Batch 2200/3348, Loss: 0.3763
2025-10-10 09:12:59,620 [INFO] Época 1/30, Batch 2250/3348, Loss: 0.3054
2025-10-10 09:12:59,891 [INFO] Época 1/30, Batch 2300/3348, Loss: 0.3402
2025-10-10 09:13:00,165 [INFO] Época 1/30, Batch 2350/3348, Loss: 0.4305
2025-10-10 09:13:00,437 [INFO] Época 1/30, Batch 2400/3348, Loss: 0.2944
2025-10-10 09:13:00,704 [INFO] Época 1/30, Batch 2450/3348, Loss: 0.2872
2025-10-10 09:13:00,965 [INFO] Época 1/30, Batch 2500/3348, Loss: 0.2832
2025-10-10 09:13:01,225 [INFO] Época 1/30, Batch 2550/3348, Loss: 0.3254
2025-10-10 09:13:01,487 [INFO] Época 1/30, Batch 2600/3348, Loss: 0.2789
2025-10-10 09:13:01,750 [INFO] Época 1/30, Batch 2650/3348, Loss: 0.2556
2025-10-10 09:13:02,013 [INFO] Época 1/30, Batch 2700/3348, Loss: 0.2756
2025-10-10 09:13:02,276 [INFO] Época 1/30, Batch 2750/3348, Loss: 0.2489
2025-10-10 09:13:02,539 [INFO] Época 1/30, Batch 2800/3348, Loss: 0.3440
2025-10-10 09:13:02,801 [INFO] Época 1/30, Batch 2850/3348, Loss: 0.4077
2025-10-10 09:13:03,063 [INFO] Época 1/30, Batch 2900/3348, Loss: 0.1931
2025-10-10 09:13:03,330 [INFO] Época 1/30, Batch 2950/3348, Loss: 0.3157
2025-10-10 09:13:03,601 [INFO] Época 1/30, Batch 3000/3348, Loss: 0.3816
2025-10-10 09:13:03,873 [INFO] Época 1/30, Batch 3050/3348, Loss: 0.3151
2025-10-10 09:13:04,155 [INFO] Época 1/30, Batch 3100/3348, Loss: 0.2510
2025-10-10 09:13:04,427 [INFO] Época 1/30, Batch 3150/3348, Loss: 0.3337
2025-10-10 09:13:04,696 [INFO] Época 1/30, Batch 3200/3348, Loss: 0.2021
2025-10-10 09:13:04,957 [INFO] Época 1/30, Batch 3250/3348, Loss: 0.3344
2025-10-10 09:13:05,222 [INFO] Época 1/30, Batch 3300/3348, Loss: 0.4746
2025-10-10 09:13:07,019 [INFO] [1/30] Train Loss: 0.3382 | Val Loss: 0.2009 | Tempo: 19.77s
2025-10-10 09:13:07,024 [INFO] Melhor modelo salvo em: /mnt/hdd/home/jdurao/ToolBox-ChemXAI/models/mlp_qm9_Avalon_att11_large.pth
2025-10-10 09:13:07,618 [INFO] Época 2/30, Batch 50/3348, Loss: 0.1517
2025-10-10 09:13:07,897 [INFO] Época 2/30, Batch 100/3348, Loss: 0.4696
2025-10-10 09:13:08,170 [INFO] Época 2/30, Batch 150/3348, Loss: 0.4020
2025-10-10 09:13:08,455 [INFO] Época 2/30, Batch 200/3348, Loss: 0.3209
2025-10-10 09:13:08,732 [INFO] Época 2/30, Batch 250/3348, Loss: 0.1702
2025-10-10 09:13:09,004 [INFO] Época 2/30, Batch 300/3348, Loss: 0.1846
2025-10-10 09:13:09,277 [INFO] Época 2/30, Batch 350/3348, Loss: 0.1951
2025-10-10 09:13:09,550 [INFO] Época 2/30, Batch 400/3348, Loss: 0.3838
2025-10-10 09:13:09,819 [INFO] Época 2/30, Batch 450/3348, Loss: 0.1956
2025-10-10 09:13:10,091 [INFO] Época 2/30, Batch 500/3348, Loss: 0.2926
2025-10-10 09:13:10,355 [INFO] Época 2/30, Batch 550/3348, Loss: 0.2005
2025-10-10 09:13:10,616 [INFO] Época 2/30, Batch 600/3348, Loss: 0.1813
2025-10-10 09:13:10,881 [INFO] Época 2/30, Batch 650/3348, Loss: 0.2924
2025-10-10 09:13:11,143 [INFO] Época 2/30, Batch 700/3348, Loss: 0.3674
2025-10-10 09:13:11,407 [INFO] Época 2/30, Batch 750/3348, Loss: 0.3309
2025-10-10 09:13:11,671 [INFO] Época 2/30, Batch 800/3348, Loss: 0.3395
2025-10-10 09:13:11,935 [INFO] Época 2/30, Batch 850/3348, Loss: 0.4008
2025-10-10 09:13:12,196 [INFO] Época 2/30, Batch 900/3348, Loss: 0.1640
2025-10-10 09:13:12,458 [INFO] Época 2/30, Batch 950/3348, Loss: 0.2609
2025-10-10 09:13:12,724 [INFO] Época 2/30, Batch 1000/3348, Loss: 0.2231
2025-10-10 09:13:12,988 [INFO] Época 2/30, Batch 1050/3348, Loss: 0.2238
2025-10-10 09:13:13,252 [INFO] Época 2/30, Batch 1100/3348, Loss: 0.1228
2025-10-10 09:13:13,517 [INFO] Época 2/30, Batch 1150/3348, Loss: 0.1908
2025-10-10 09:13:13,779 [INFO] Época 2/30, Batch 1200/3348, Loss: 0.2031
2025-10-10 09:13:14,041 [INFO] Época 2/30, Batch 1250/3348, Loss: 0.2548
2025-10-10 09:13:14,302 [INFO] Época 2/30, Batch 1300/3348, Loss: 0.2218
2025-10-10 09:13:14,565 [INFO] Época 2/30, Batch 1350/3348, Loss: 0.4039
2025-10-10 09:13:14,827 [INFO] Época 2/30, Batch 1400/3348, Loss: 0.2159
2025-10-10 09:13:15,098 [INFO] Época 2/30, Batch 1450/3348, Loss: 0.3624
2025-10-10 09:13:15,371 [INFO] Época 2/30, Batch 1500/3348, Loss: 0.2348
2025-10-10 09:13:15,640 [INFO] Época 2/30, Batch 1550/3348, Loss: 0.1448
2025-10-10 09:13:15,905 [INFO] Época 2/30, Batch 1600/3348, Loss: 0.2087
2025-10-10 09:13:16,166 [INFO] Época 2/30, Batch 1650/3348, Loss: 0.3644
2025-10-10 09:13:16,427 [INFO] Época 2/30, Batch 1700/3348, Loss: 0.3341
2025-10-10 09:13:16,689 [INFO] Época 2/30, Batch 1750/3348, Loss: 0.2319
2025-10-10 09:13:16,950 [INFO] Época 2/30, Batch 1800/3348, Loss: 0.0969
2025-10-10 09:13:17,212 [INFO] Época 2/30, Batch 1850/3348, Loss: 0.2688
2025-10-10 09:13:17,475 [INFO] Época 2/30, Batch 1900/3348, Loss: 0.3532
2025-10-10 09:13:17,738 [INFO] Época 2/30, Batch 1950/3348, Loss: 0.2059
2025-10-10 09:13:18,002 [INFO] Época 2/30, Batch 2000/3348, Loss: 0.1980
2025-10-10 09:13:18,264 [INFO] Época 2/30, Batch 2050/3348, Loss: 0.2468
2025-10-10 09:13:18,525 [INFO] Época 2/30, Batch 2100/3348, Loss: 0.2919
2025-10-10 09:13:18,791 [INFO] Época 2/30, Batch 2150/3348, Loss: 0.3360
2025-10-10 09:13:19,062 [INFO] Época 2/30, Batch 2200/3348, Loss: 0.2121
2025-10-10 09:13:19,343 [INFO] Época 2/30, Batch 2250/3348, Loss: 0.3286
2025-10-10 09:13:19,613 [INFO] Época 2/30, Batch 2300/3348, Loss: 0.2010
2025-10-10 09:13:19,874 [INFO] Época 2/30, Batch 2350/3348, Loss: 0.4226
2025-10-10 09:13:20,137 [INFO] Época 2/30, Batch 2400/3348, Loss: 0.3453
2025-10-10 09:13:20,400 [INFO] Época 2/30, Batch 2450/3348, Loss: 0.2293
2025-10-10 09:13:20,663 [INFO] Época 2/30, Batch 2500/3348, Loss: 0.2837
2025-10-10 09:13:20,925 [INFO] Época 2/30, Batch 2550/3348, Loss: 0.2640
2025-10-10 09:13:21,186 [INFO] Época 2/30, Batch 2600/3348, Loss: 0.3498
2025-10-10 09:13:21,450 [INFO] Época 2/30, Batch 2650/3348, Loss: 0.2282
2025-10-10 09:13:21,712 [INFO] Época 2/30, Batch 2700/3348, Loss: 0.1108
2025-10-10 09:13:21,973 [INFO] Época 2/30, Batch 2750/3348, Loss: 0.1591
2025-10-10 09:13:22,234 [INFO] Época 2/30, Batch 2800/3348, Loss: 0.2269
2025-10-10 09:13:22,496 [INFO] Época 2/30, Batch 2850/3348, Loss: 0.2501
2025-10-10 09:13:22,757 [INFO] Época 2/30, Batch 2900/3348, Loss: 0.1702
2025-10-10 09:13:23,019 [INFO] Época 2/30, Batch 2950/3348, Loss: 0.3207
2025-10-10 09:13:23,280 [INFO] Época 2/30, Batch 3000/3348, Loss: 0.2407
2025-10-10 09:13:23,542 [INFO] Época 2/30, Batch 3050/3348, Loss: 0.2770
2025-10-10 09:13:23,803 [INFO] Época 2/30, Batch 3100/3348, Loss: 0.2174
2025-10-10 09:13:24,067 [INFO] Época 2/30, Batch 3150/3348, Loss: 0.2486
2025-10-10 09:13:24,331 [INFO] Época 2/30, Batch 3200/3348, Loss: 0.1844
2025-10-10 09:13:24,593 [INFO] Época 2/30, Batch 3250/3348, Loss: 0.2865
2025-10-10 09:13:24,854 [INFO] Época 2/30, Batch 3300/3348, Loss: 0.2824
2025-10-10 09:13:26,805 [INFO] [2/30] Train Loss: 0.2620 | Val Loss: 0.2067 | Tempo: 19.78s
2025-10-10 09:13:27,416 [INFO] Época 3/30, Batch 50/3348, Loss: 0.1008
2025-10-10 09:13:27,703 [INFO] Época 3/30, Batch 100/3348, Loss: 0.2465
2025-10-10 09:13:27,983 [INFO] Época 3/30, Batch 150/3348, Loss: 0.2425
2025-10-10 09:13:28,260 [INFO] Época 3/30, Batch 200/3348, Loss: 0.3183
2025-10-10 09:13:28,535 [INFO] Época 3/30, Batch 250/3348, Loss: 0.2494
2025-10-10 09:13:28,812 [INFO] Época 3/30, Batch 300/3348, Loss: 0.2812
2025-10-10 09:13:29,086 [INFO] Época 3/30, Batch 350/3348, Loss: 0.2198
2025-10-10 09:13:29,359 [INFO] Época 3/30, Batch 400/3348, Loss: 0.2898
2025-10-10 09:13:29,633 [INFO] Época 3/30, Batch 450/3348, Loss: 0.2068
2025-10-10 09:13:29,909 [INFO] Época 3/30, Batch 500/3348, Loss: 0.1862
2025-10-10 09:13:30,183 [INFO] Época 3/30, Batch 550/3348, Loss: 0.3272
2025-10-10 09:13:30,457 [INFO] Época 3/30, Batch 600/3348, Loss: 0.3162
2025-10-10 09:13:30,732 [INFO] Época 3/30, Batch 650/3348, Loss: 0.3301
2025-10-10 09:13:31,005 [INFO] Época 3/30, Batch 700/3348, Loss: 0.1993
2025-10-10 09:13:31,276 [INFO] Época 3/30, Batch 750/3348, Loss: 0.2294
2025-10-10 09:13:31,547 [INFO] Época 3/30, Batch 800/3348, Loss: 0.2363
2025-10-10 09:13:31,812 [INFO] Época 3/30, Batch 850/3348, Loss: 0.3031
2025-10-10 09:13:32,075 [INFO] Época 3/30, Batch 900/3348, Loss: 0.3236
2025-10-10 09:13:32,337 [INFO] Época 3/30, Batch 950/3348, Loss: 0.2710
2025-10-10 09:13:32,601 [INFO] Época 3/30, Batch 1000/3348, Loss: 0.2773
2025-10-10 09:13:32,862 [INFO] Época 3/30, Batch 1050/3348, Loss: 0.2862
2025-10-10 09:13:33,124 [INFO] Época 3/30, Batch 1100/3348, Loss: 0.3093
2025-10-10 09:13:33,390 [INFO] Época 3/30, Batch 1150/3348, Loss: 0.2534
2025-10-10 09:13:33,654 [INFO] Época 3/30, Batch 1200/3348, Loss: 0.2618
2025-10-10 09:13:33,918 [INFO] Época 3/30, Batch 1250/3348, Loss: 0.1509
2025-10-10 09:13:34,182 [INFO] Época 3/30, Batch 1300/3348, Loss: 0.1699
2025-10-10 09:13:34,450 [INFO] Época 3/30, Batch 1350/3348, Loss: 0.2356
2025-10-10 09:13:34,715 [INFO] Época 3/30, Batch 1400/3348, Loss: 0.2981
2025-10-10 09:13:34,988 [INFO] Época 3/30, Batch 1450/3348, Loss: 0.2348
2025-10-10 09:13:35,263 [INFO] Época 3/30, Batch 1500/3348, Loss: 0.2224
2025-10-10 09:13:35,535 [INFO] Época 3/30, Batch 1550/3348, Loss: 0.2310
2025-10-10 09:13:35,803 [INFO] Época 3/30, Batch 1600/3348, Loss: 0.1946
2025-10-10 09:13:36,067 [INFO] Época 3/30, Batch 1650/3348, Loss: 0.2234
2025-10-10 09:13:36,330 [INFO] Época 3/30, Batch 1700/3348, Loss: 0.1406
2025-10-10 09:13:36,595 [INFO] Época 3/30, Batch 1750/3348, Loss: 0.1926
2025-10-10 09:13:36,865 [INFO] Época 3/30, Batch 1800/3348, Loss: 0.1740
2025-10-10 09:13:37,138 [INFO] Época 3/30, Batch 1850/3348, Loss: 0.0783
2025-10-10 09:13:37,406 [INFO] Época 3/30, Batch 1900/3348, Loss: 0.1867
2025-10-10 09:13:37,672 [INFO] Época 3/30, Batch 1950/3348, Loss: 0.1876
2025-10-10 09:13:37,945 [INFO] Época 3/30, Batch 2000/3348, Loss: 0.1001
2025-10-10 09:13:38,217 [INFO] Época 3/30, Batch 2050/3348, Loss: 0.1837
2025-10-10 09:13:38,492 [INFO] Época 3/30, Batch 2100/3348, Loss: 0.3024
2025-10-10 09:13:38,768 [INFO] Época 3/30, Batch 2150/3348, Loss: 0.3825
2025-10-10 09:13:39,042 [INFO] Época 3/30, Batch 2200/3348, Loss: 0.1954
2025-10-10 09:13:39,311 [INFO] Época 3/30, Batch 2250/3348, Loss: 0.2267
2025-10-10 09:13:39,586 [INFO] Época 3/30, Batch 2300/3348, Loss: 0.2487
2025-10-10 09:13:39,851 [INFO] Época 3/30, Batch 2350/3348, Loss: 0.2005
2025-10-10 09:13:40,114 [INFO] Época 3/30, Batch 2400/3348, Loss: 0.1847
2025-10-10 09:13:40,386 [INFO] Época 3/30, Batch 2450/3348, Loss: 0.2473
2025-10-10 09:13:40,659 [INFO] Época 3/30, Batch 2500/3348, Loss: 0.2729
2025-10-10 09:13:40,926 [INFO] Época 3/30, Batch 2550/3348, Loss: 0.2127
2025-10-10 09:13:41,191 [INFO] Época 3/30, Batch 2600/3348, Loss: 0.2438
2025-10-10 09:13:41,455 [INFO] Época 3/30, Batch 2650/3348, Loss: 0.2123
2025-10-10 09:13:41,722 [INFO] Época 3/30, Batch 2700/3348, Loss: 0.1402
2025-10-10 09:13:41,995 [INFO] Época 3/30, Batch 2750/3348, Loss: 0.4065
2025-10-10 09:13:42,269 [INFO] Época 3/30, Batch 2800/3348, Loss: 0.1243
2025-10-10 09:13:42,541 [INFO] Época 3/30, Batch 2850/3348, Loss: 0.1650
2025-10-10 09:13:42,814 [INFO] Época 3/30, Batch 2900/3348, Loss: 0.2749
2025-10-10 09:13:43,088 [INFO] Época 3/30, Batch 2950/3348, Loss: 0.2592
2025-10-10 09:13:43,365 [INFO] Época 3/30, Batch 3000/3348, Loss: 0.1688
2025-10-10 09:13:43,641 [INFO] Época 3/30, Batch 3050/3348, Loss: 0.1884
2025-10-10 09:13:43,918 [INFO] Época 3/30, Batch 3100/3348, Loss: 0.2455
2025-10-10 09:13:44,191 [INFO] Época 3/30, Batch 3150/3348, Loss: 0.2325
2025-10-10 09:13:44,468 [INFO] Época 3/30, Batch 3200/3348, Loss: 0.2538
2025-10-10 09:13:44,745 [INFO] Época 3/30, Batch 3250/3348, Loss: 0.2006
2025-10-10 09:13:45,022 [INFO] Época 3/30, Batch 3300/3348, Loss: 0.3012
2025-10-10 09:13:46,912 [INFO] [3/30] Train Loss: 0.2282 | Val Loss: 0.1527 | Tempo: 20.11s
2025-10-10 09:13:46,917 [INFO] Melhor modelo salvo em: /mnt/hdd/home/jdurao/ToolBox-ChemXAI/models/mlp_qm9_Avalon_att11_large.pth
2025-10-10 09:13:47,516 [INFO] Época 4/30, Batch 50/3348, Loss: 0.1738
2025-10-10 09:13:47,794 [INFO] Época 4/30, Batch 100/3348, Loss: 0.1608
2025-10-10 09:13:48,066 [INFO] Época 4/30, Batch 150/3348, Loss: 0.2762
2025-10-10 09:13:48,335 [INFO] Época 4/30, Batch 200/3348, Loss: 0.2279
2025-10-10 09:13:48,609 [INFO] Época 4/30, Batch 250/3348, Loss: 0.2032
2025-10-10 09:13:48,878 [INFO] Época 4/30, Batch 300/3348, Loss: 0.2721
2025-10-10 09:13:49,149 [INFO] Época 4/30, Batch 350/3348, Loss: 0.2555
2025-10-10 09:13:49,424 [INFO] Época 4/30, Batch 400/3348, Loss: 0.2012
2025-10-10 09:13:49,700 [INFO] Época 4/30, Batch 450/3348, Loss: 0.3540
2025-10-10 09:13:49,984 [INFO] Época 4/30, Batch 500/3348, Loss: 0.1681
2025-10-10 09:13:50,259 [INFO] Época 4/30, Batch 550/3348, Loss: 0.2460
2025-10-10 09:13:50,530 [INFO] Época 4/30, Batch 600/3348, Loss: 0.1787
2025-10-10 09:13:50,805 [INFO] Época 4/30, Batch 650/3348, Loss: 0.1726
2025-10-10 09:13:51,076 [INFO] Época 4/30, Batch 700/3348, Loss: 0.1802
2025-10-10 09:13:51,350 [INFO] Época 4/30, Batch 750/3348, Loss: 0.1706
2025-10-10 09:13:51,615 [INFO] Época 4/30, Batch 800/3348, Loss: 0.2018
2025-10-10 09:13:51,883 [INFO] Época 4/30, Batch 850/3348, Loss: 0.1599
2025-10-10 09:13:52,154 [INFO] Época 4/30, Batch 900/3348, Loss: 0.1366
2025-10-10 09:13:52,428 [INFO] Época 4/30, Batch 950/3348, Loss: 0.3086
2025-10-10 09:13:52,697 [INFO] Época 4/30, Batch 1000/3348, Loss: 0.1231
2025-10-10 09:13:52,967 [INFO] Época 4/30, Batch 1050/3348, Loss: 0.2780
2025-10-10 09:13:53,236 [INFO] Época 4/30, Batch 1100/3348, Loss: 0.2782
2025-10-10 09:13:53,502 [INFO] Época 4/30, Batch 1150/3348, Loss: 0.2392
2025-10-10 09:13:53,773 [INFO] Época 4/30, Batch 1200/3348, Loss: 0.1264
2025-10-10 09:13:54,043 [INFO] Época 4/30, Batch 1250/3348, Loss: 0.1124
2025-10-10 09:13:54,311 [INFO] Época 4/30, Batch 1300/3348, Loss: 0.2358
2025-10-10 09:13:54,574 [INFO] Época 4/30, Batch 1350/3348, Loss: 0.1855
2025-10-10 09:13:54,838 [INFO] Época 4/30, Batch 1400/3348, Loss: 0.2767
2025-10-10 09:13:55,105 [INFO] Época 4/30, Batch 1450/3348, Loss: 0.2645
2025-10-10 09:13:55,367 [INFO] Época 4/30, Batch 1500/3348, Loss: 0.3429
2025-10-10 09:13:55,630 [INFO] Época 4/30, Batch 1550/3348, Loss: 0.2933
2025-10-10 09:13:55,892 [INFO] Época 4/30, Batch 1600/3348, Loss: 0.2306
2025-10-10 09:13:56,156 [INFO] Época 4/30, Batch 1650/3348, Loss: 0.0801
2025-10-10 09:13:56,423 [INFO] Época 4/30, Batch 1700/3348, Loss: 0.2332
2025-10-10 09:13:56,686 [INFO] Época 4/30, Batch 1750/3348, Loss: 0.1836
2025-10-10 09:13:56,947 [INFO] Época 4/30, Batch 1800/3348, Loss: 0.1863
2025-10-10 09:13:57,211 [INFO] Época 4/30, Batch 1850/3348, Loss: 0.2039
2025-10-10 09:13:57,475 [INFO] Época 4/30, Batch 1900/3348, Loss: 0.1895
2025-10-10 09:13:57,742 [INFO] Época 4/30, Batch 1950/3348, Loss: 0.1434
2025-10-10 09:13:58,005 [INFO] Época 4/30, Batch 2000/3348, Loss: 0.2762
2025-10-10 09:13:58,269 [INFO] Época 4/30, Batch 2050/3348, Loss: 0.1755
2025-10-10 09:13:58,532 [INFO] Época 4/30, Batch 2100/3348, Loss: 0.2460
2025-10-10 09:13:58,796 [INFO] Época 4/30, Batch 2150/3348, Loss: 0.0870
2025-10-10 09:13:59,062 [INFO] Época 4/30, Batch 2200/3348, Loss: 0.1905
2025-10-10 09:13:59,325 [INFO] Época 4/30, Batch 2250/3348, Loss: 0.2331
2025-10-10 09:13:59,590 [INFO] Época 4/30, Batch 2300/3348, Loss: 0.1144
2025-10-10 09:13:59,854 [INFO] Época 4/30, Batch 2350/3348, Loss: 0.1943
2025-10-10 09:14:00,117 [INFO] Época 4/30, Batch 2400/3348, Loss: 0.1237
2025-10-10 09:14:00,380 [INFO] Época 4/30, Batch 2450/3348, Loss: 0.2773
2025-10-10 09:14:00,645 [INFO] Época 4/30, Batch 2500/3348, Loss: 0.2219
2025-10-10 09:14:00,910 [INFO] Época 4/30, Batch 2550/3348, Loss: 0.2036
2025-10-10 09:14:01,179 [INFO] Época 4/30, Batch 2600/3348, Loss: 0.2522
2025-10-10 09:14:01,449 [INFO] Época 4/30, Batch 2650/3348, Loss: 0.0788
2025-10-10 09:14:01,719 [INFO] Época 4/30, Batch 2700/3348, Loss: 0.1911
2025-10-10 09:14:01,988 [INFO] Época 4/30, Batch 2750/3348, Loss: 0.2037
2025-10-10 09:14:02,256 [INFO] Época 4/30, Batch 2800/3348, Loss: 0.1398
2025-10-10 09:14:02,525 [INFO] Época 4/30, Batch 2850/3348, Loss: 0.1877
2025-10-10 09:14:02,796 [INFO] Época 4/30, Batch 2900/3348, Loss: 0.1587
2025-10-10 09:14:03,065 [INFO] Época 4/30, Batch 2950/3348, Loss: 0.1754
2025-10-10 09:14:03,335 [INFO] Época 4/30, Batch 3000/3348, Loss: 0.1495
2025-10-10 09:14:03,600 [INFO] Época 4/30, Batch 3050/3348, Loss: 0.2911
2025-10-10 09:14:03,864 [INFO] Época 4/30, Batch 3100/3348, Loss: 0.1564
2025-10-10 09:14:04,127 [INFO] Época 4/30, Batch 3150/3348, Loss: 0.1750
2025-10-10 09:14:04,390 [INFO] Época 4/30, Batch 3200/3348, Loss: 0.1863
2025-10-10 09:14:04,656 [INFO] Época 4/30, Batch 3250/3348, Loss: 0.2658
2025-10-10 09:14:04,921 [INFO] Época 4/30, Batch 3300/3348, Loss: 0.1701
2025-10-10 09:14:06,749 [INFO] [4/30] Train Loss: 0.2044 | Val Loss: 0.2238 | Tempo: 19.83s
2025-10-10 09:14:07,348 [INFO] Época 5/30, Batch 50/3348, Loss: 0.1930
2025-10-10 09:14:07,626 [INFO] Época 5/30, Batch 100/3348, Loss: 0.2832
2025-10-10 09:14:07,903 [INFO] Época 5/30, Batch 150/3348, Loss: 0.2069
2025-10-10 09:14:08,180 [INFO] Época 5/30, Batch 200/3348, Loss: 0.1784
2025-10-10 09:14:08,454 [INFO] Época 5/30, Batch 250/3348, Loss: 0.1746
2025-10-10 09:14:08,730 [INFO] Época 5/30, Batch 300/3348, Loss: 0.2559
2025-10-10 09:14:09,003 [INFO] Época 5/30, Batch 350/3348, Loss: 0.2202
2025-10-10 09:14:09,277 [INFO] Época 5/30, Batch 400/3348, Loss: 0.2176
2025-10-10 09:14:09,548 [INFO] Época 5/30, Batch 450/3348, Loss: 0.3065
2025-10-10 09:14:09,815 [INFO] Época 5/30, Batch 500/3348, Loss: 0.2152
2025-10-10 09:14:10,080 [INFO] Época 5/30, Batch 550/3348, Loss: 0.1736
2025-10-10 09:14:10,352 [INFO] Época 5/30, Batch 600/3348, Loss: 0.2466
2025-10-10 09:14:10,615 [INFO] Época 5/30, Batch 650/3348, Loss: 0.1846
2025-10-10 09:14:10,874 [INFO] Época 5/30, Batch 700/3348, Loss: 0.1548
2025-10-10 09:14:11,133 [INFO] Época 5/30, Batch 750/3348, Loss: 0.1807
2025-10-10 09:14:11,387 [INFO] Época 5/30, Batch 800/3348, Loss: 0.1019
2025-10-10 09:14:11,643 [INFO] Época 5/30, Batch 850/3348, Loss: 0.2607
2025-10-10 09:14:11,901 [INFO] Época 5/30, Batch 900/3348, Loss: 0.0544
2025-10-10 09:14:12,159 [INFO] Época 5/30, Batch 950/3348, Loss: 0.1633
2025-10-10 09:14:12,416 [INFO] Época 5/30, Batch 1000/3348, Loss: 0.1471
2025-10-10 09:14:12,672 [INFO] Época 5/30, Batch 1050/3348, Loss: 0.1265
2025-10-10 09:14:12,930 [INFO] Época 5/30, Batch 1100/3348, Loss: 0.2081
2025-10-10 09:14:13,191 [INFO] Época 5/30, Batch 1150/3348, Loss: 0.2982
2025-10-10 09:14:13,456 [INFO] Época 5/30, Batch 1200/3348, Loss: 0.1766
2025-10-10 09:14:13,720 [INFO] Época 5/30, Batch 1250/3348, Loss: 0.1429
2025-10-10 09:14:13,982 [INFO] Época 5/30, Batch 1300/3348, Loss: 0.1447
2025-10-10 09:14:14,247 [INFO] Época 5/30, Batch 1350/3348, Loss: 0.1473
2025-10-10 09:14:14,510 [INFO] Época 5/30, Batch 1400/3348, Loss: 0.2749
2025-10-10 09:14:14,774 [INFO] Época 5/30, Batch 1450/3348, Loss: 0.2976
2025-10-10 09:14:15,035 [INFO] Época 5/30, Batch 1500/3348, Loss: 0.2447
2025-10-10 09:14:15,297 [INFO] Época 5/30, Batch 1550/3348, Loss: 0.2053
2025-10-10 09:14:15,560 [INFO] Época 5/30, Batch 1600/3348, Loss: 0.3322
2025-10-10 09:14:15,823 [INFO] Época 5/30, Batch 1650/3348, Loss: 0.2768
2025-10-10 09:14:16,084 [INFO] Época 5/30, Batch 1700/3348, Loss: 0.1967
2025-10-10 09:14:16,348 [INFO] Época 5/30, Batch 1750/3348, Loss: 0.2836
2025-10-10 09:14:16,610 [INFO] Época 5/30, Batch 1800/3348, Loss: 0.1533
2025-10-10 09:14:16,873 [INFO] Época 5/30, Batch 1850/3348, Loss: 0.2380
2025-10-10 09:14:17,136 [INFO] Época 5/30, Batch 1900/3348, Loss: 0.2856
2025-10-10 09:14:17,398 [INFO] Época 5/30, Batch 1950/3348, Loss: 0.2472
2025-10-10 09:14:17,661 [INFO] Época 5/30, Batch 2000/3348, Loss: 0.3257
2025-10-10 09:14:17,924 [INFO] Época 5/30, Batch 2050/3348, Loss: 0.1571
2025-10-10 09:14:18,186 [INFO] Época 5/30, Batch 2100/3348, Loss: 0.2935
2025-10-10 09:14:18,447 [INFO] Época 5/30, Batch 2150/3348, Loss: 0.2839
2025-10-10 09:14:18,710 [INFO] Época 5/30, Batch 2200/3348, Loss: 0.1651
2025-10-10 09:14:18,975 [INFO] Época 5/30, Batch 2250/3348, Loss: 0.1615
2025-10-10 09:14:19,240 [INFO] Época 5/30, Batch 2300/3348, Loss: 0.1704
2025-10-10 09:14:19,501 [INFO] Época 5/30, Batch 2350/3348, Loss: 0.1887
2025-10-10 09:14:19,764 [INFO] Época 5/30, Batch 2400/3348, Loss: 0.1304
2025-10-10 09:14:20,027 [INFO] Época 5/30, Batch 2450/3348, Loss: 0.1592
2025-10-10 09:14:20,290 [INFO] Época 5/30, Batch 2500/3348, Loss: 0.1851
2025-10-10 09:14:20,554 [INFO] Época 5/30, Batch 2550/3348, Loss: 0.1522
2025-10-10 09:14:20,817 [INFO] Época 5/30, Batch 2600/3348, Loss: 0.1328
2025-10-10 09:14:21,081 [INFO] Época 5/30, Batch 2650/3348, Loss: 0.1752
2025-10-10 09:14:21,344 [INFO] Época 5/30, Batch 2700/3348, Loss: 0.2367
2025-10-10 09:14:21,610 [INFO] Época 5/30, Batch 2750/3348, Loss: 0.1969
2025-10-10 09:14:21,877 [INFO] Época 5/30, Batch 2800/3348, Loss: 0.3321
2025-10-10 09:14:22,140 [INFO] Época 5/30, Batch 2850/3348, Loss: 0.1685
2025-10-10 09:14:22,405 [INFO] Época 5/30, Batch 2900/3348, Loss: 0.1818
2025-10-10 09:14:22,673 [INFO] Época 5/30, Batch 2950/3348, Loss: 0.1941
2025-10-10 09:14:22,936 [INFO] Época 5/30, Batch 3000/3348, Loss: 0.2295
2025-10-10 09:14:23,200 [INFO] Época 5/30, Batch 3050/3348, Loss: 0.1390
2025-10-10 09:14:23,463 [INFO] Época 5/30, Batch 3100/3348, Loss: 0.2143
2025-10-10 09:14:23,728 [INFO] Época 5/30, Batch 3150/3348, Loss: 0.1863
2025-10-10 09:14:23,990 [INFO] Época 5/30, Batch 3200/3348, Loss: 0.1491
2025-10-10 09:14:24,256 [INFO] Época 5/30, Batch 3250/3348, Loss: 0.1950
2025-10-10 09:14:24,518 [INFO] Época 5/30, Batch 3300/3348, Loss: 0.2089
2025-10-10 09:14:26,353 [INFO] [5/30] Train Loss: 0.1882 | Val Loss: 0.2679 | Tempo: 19.60s
2025-10-10 09:14:26,939 [INFO] Época 6/30, Batch 50/3348, Loss: 0.2294
2025-10-10 09:14:27,207 [INFO] Época 6/30, Batch 100/3348, Loss: 0.1599
2025-10-10 09:14:27,475 [INFO] Época 6/30, Batch 150/3348, Loss: 0.1631
2025-10-10 09:14:27,742 [INFO] Época 6/30, Batch 200/3348, Loss: 0.1869
2025-10-10 09:14:28,008 [INFO] Época 6/30, Batch 250/3348, Loss: 0.1101
2025-10-10 09:14:28,271 [INFO] Época 6/30, Batch 300/3348, Loss: 0.2007
2025-10-10 09:14:28,536 [INFO] Época 6/30, Batch 350/3348, Loss: 0.2247
2025-10-10 09:14:28,802 [INFO] Época 6/30, Batch 400/3348, Loss: 0.1371
2025-10-10 09:14:29,068 [INFO] Época 6/30, Batch 450/3348, Loss: 0.2068
2025-10-10 09:14:29,336 [INFO] Época 6/30, Batch 500/3348, Loss: 0.1570
2025-10-10 09:14:29,598 [INFO] Época 6/30, Batch 550/3348, Loss: 0.1063
2025-10-10 09:14:29,861 [INFO] Época 6/30, Batch 600/3348, Loss: 0.3315
2025-10-10 09:14:30,125 [INFO] Época 6/30, Batch 650/3348, Loss: 0.2419
2025-10-10 09:14:30,388 [INFO] Época 6/30, Batch 700/3348, Loss: 0.1771
2025-10-10 09:14:30,651 [INFO] Época 6/30, Batch 750/3348, Loss: 0.1521
2025-10-10 09:14:30,915 [INFO] Época 6/30, Batch 800/3348, Loss: 0.1665
2025-10-10 09:14:31,177 [INFO] Época 6/30, Batch 850/3348, Loss: 0.2711
2025-10-10 09:14:31,439 [INFO] Época 6/30, Batch 900/3348, Loss: 0.1645
2025-10-10 09:14:31,701 [INFO] Época 6/30, Batch 950/3348, Loss: 0.2145
2025-10-10 09:14:31,963 [INFO] Época 6/30, Batch 1000/3348, Loss: 0.2215
2025-10-10 09:14:32,224 [INFO] Época 6/30, Batch 1050/3348, Loss: 0.0751
2025-10-10 09:14:32,485 [INFO] Época 6/30, Batch 1100/3348, Loss: 0.2561
2025-10-10 09:14:32,745 [INFO] Época 6/30, Batch 1150/3348, Loss: 0.1614
2025-10-10 09:14:33,006 [INFO] Época 6/30, Batch 1200/3348, Loss: 0.1657
2025-10-10 09:14:33,267 [INFO] Época 6/30, Batch 1250/3348, Loss: 0.1544
2025-10-10 09:14:33,527 [INFO] Época 6/30, Batch 1300/3348, Loss: 0.1742
2025-10-10 09:14:33,788 [INFO] Época 6/30, Batch 1350/3348, Loss: 0.2141
2025-10-10 09:14:34,051 [INFO] Época 6/30, Batch 1400/3348, Loss: 0.1858
2025-10-10 09:14:34,311 [INFO] Época 6/30, Batch 1450/3348, Loss: 0.2131
2025-10-10 09:14:34,574 [INFO] Época 6/30, Batch 1500/3348, Loss: 0.1240
2025-10-10 09:14:34,831 [INFO] Época 6/30, Batch 1550/3348, Loss: 0.2525
2025-10-10 09:14:35,088 [INFO] Época 6/30, Batch 1600/3348, Loss: 0.1603
2025-10-10 09:14:35,350 [INFO] Época 6/30, Batch 1650/3348, Loss: 0.2930
2025-10-10 09:14:35,609 [INFO] Época 6/30, Batch 1700/3348, Loss: 0.1304
2025-10-10 09:14:35,870 [INFO] Época 6/30, Batch 1750/3348, Loss: 0.3345
2025-10-10 09:14:36,130 [INFO] Época 6/30, Batch 1800/3348, Loss: 0.2046
2025-10-10 09:14:36,391 [INFO] Época 6/30, Batch 1850/3348, Loss: 0.1242
2025-10-10 09:14:36,651 [INFO] Época 6/30, Batch 1900/3348, Loss: 0.2858
2025-10-10 09:14:36,910 [INFO] Época 6/30, Batch 1950/3348, Loss: 0.2481
2025-10-10 09:14:37,170 [INFO] Época 6/30, Batch 2000/3348, Loss: 0.1917
2025-10-10 09:14:37,430 [INFO] Época 6/30, Batch 2050/3348, Loss: 0.1014
2025-10-10 09:14:37,690 [INFO] Época 6/30, Batch 2100/3348, Loss: 0.1204
2025-10-10 09:14:37,951 [INFO] Época 6/30, Batch 2150/3348, Loss: 0.1401
2025-10-10 09:14:38,211 [INFO] Época 6/30, Batch 2200/3348, Loss: 0.2496
2025-10-10 09:14:38,471 [INFO] Época 6/30, Batch 2250/3348, Loss: 0.2424
2025-10-10 09:14:38,733 [INFO] Época 6/30, Batch 2300/3348, Loss: 0.1900
2025-10-10 09:14:38,994 [INFO] Época 6/30, Batch 2350/3348, Loss: 0.2864
2025-10-10 09:14:39,257 [INFO] Época 6/30, Batch 2400/3348, Loss: 0.1447
2025-10-10 09:14:39,518 [INFO] Época 6/30, Batch 2450/3348, Loss: 0.1350
2025-10-10 09:14:39,778 [INFO] Época 6/30, Batch 2500/3348, Loss: 0.2150
2025-10-10 09:14:40,041 [INFO] Época 6/30, Batch 2550/3348, Loss: 0.1846
2025-10-10 09:14:40,302 [INFO] Época 6/30, Batch 2600/3348, Loss: 0.2238
2025-10-10 09:14:40,561 [INFO] Época 6/30, Batch 2650/3348, Loss: 0.1376
2025-10-10 09:14:40,818 [INFO] Época 6/30, Batch 2700/3348, Loss: 0.1842
2025-10-10 09:14:41,076 [INFO] Época 6/30, Batch 2750/3348, Loss: 0.0937
2025-10-10 09:14:41,335 [INFO] Época 6/30, Batch 2800/3348, Loss: 0.1417
2025-10-10 09:14:41,593 [INFO] Época 6/30, Batch 2850/3348, Loss: 0.1060
2025-10-10 09:14:41,850 [INFO] Época 6/30, Batch 2900/3348, Loss: 0.1209
2025-10-10 09:14:42,119 [INFO] Época 6/30, Batch 2950/3348, Loss: 0.2806
2025-10-10 09:14:42,377 [INFO] Época 6/30, Batch 3000/3348, Loss: 0.1537
2025-10-10 09:14:42,634 [INFO] Época 6/30, Batch 3050/3348, Loss: 0.1289
2025-10-10 09:14:42,890 [INFO] Época 6/30, Batch 3100/3348, Loss: 0.1414
2025-10-10 09:14:43,152 [INFO] Época 6/30, Batch 3150/3348, Loss: 0.1759
2025-10-10 09:14:43,414 [INFO] Época 6/30, Batch 3200/3348, Loss: 0.0964
2025-10-10 09:14:43,678 [INFO] Época 6/30, Batch 3250/3348, Loss: 0.2545
2025-10-10 09:14:43,943 [INFO] Época 6/30, Batch 3300/3348, Loss: 0.1486
2025-10-10 09:14:45,897 [INFO] [6/30] Train Loss: 0.1754 | Val Loss: 0.2440 | Tempo: 19.54s
2025-10-10 09:14:46,497 [INFO] Época 7/30, Batch 50/3348, Loss: 0.2041
2025-10-10 09:14:46,775 [INFO] Época 7/30, Batch 100/3348, Loss: 0.1908
2025-10-10 09:14:47,053 [INFO] Época 7/30, Batch 150/3348, Loss: 0.0834
2025-10-10 09:14:47,331 [INFO] Época 7/30, Batch 200/3348, Loss: 0.1953
2025-10-10 09:14:47,609 [INFO] Época 7/30, Batch 250/3348, Loss: 0.1721
2025-10-10 09:14:47,884 [INFO] Época 7/30, Batch 300/3348, Loss: 0.2685
2025-10-10 09:14:48,158 [INFO] Época 7/30, Batch 350/3348, Loss: 0.1570
2025-10-10 09:14:48,433 [INFO] Época 7/30, Batch 400/3348, Loss: 0.1477
2025-10-10 09:14:48,702 [INFO] Época 7/30, Batch 450/3348, Loss: 0.1464
2025-10-10 09:14:48,967 [INFO] Época 7/30, Batch 500/3348, Loss: 0.1291
2025-10-10 09:14:49,233 [INFO] Época 7/30, Batch 550/3348, Loss: 0.1482
2025-10-10 09:14:49,497 [INFO] Época 7/30, Batch 600/3348, Loss: 0.0932
2025-10-10 09:14:49,762 [INFO] Época 7/30, Batch 650/3348, Loss: 0.1134
2025-10-10 09:14:50,025 [INFO] Época 7/30, Batch 700/3348, Loss: 0.2120
2025-10-10 09:14:50,289 [INFO] Época 7/30, Batch 750/3348, Loss: 0.1491
2025-10-10 09:14:50,552 [INFO] Época 7/30, Batch 800/3348, Loss: 0.0790
2025-10-10 09:14:50,815 [INFO] Época 7/30, Batch 850/3348, Loss: 0.2037
2025-10-10 09:14:51,077 [INFO] Época 7/30, Batch 900/3348, Loss: 0.2278
2025-10-10 09:14:51,338 [INFO] Época 7/30, Batch 950/3348, Loss: 0.0995
2025-10-10 09:14:51,600 [INFO] Época 7/30, Batch 1000/3348, Loss: 0.1744
2025-10-10 09:14:51,863 [INFO] Época 7/30, Batch 1050/3348, Loss: 0.1263
2025-10-10 09:14:52,126 [INFO] Época 7/30, Batch 1100/3348, Loss: 0.1319
2025-10-10 09:14:52,389 [INFO] Época 7/30, Batch 1150/3348, Loss: 0.1668
2025-10-10 09:14:52,654 [INFO] Época 7/30, Batch 1200/3348, Loss: 0.1618
2025-10-10 09:14:52,918 [INFO] Época 7/30, Batch 1250/3348, Loss: 0.1558
2025-10-10 09:14:53,182 [INFO] Época 7/30, Batch 1300/3348, Loss: 0.2075
2025-10-10 09:14:53,455 [INFO] Época 7/30, Batch 1350/3348, Loss: 0.0808
2025-10-10 09:14:53,730 [INFO] Época 7/30, Batch 1400/3348, Loss: 0.0950
2025-10-10 09:14:54,003 [INFO] Época 7/30, Batch 1450/3348, Loss: 0.3152
2025-10-10 09:14:54,278 [INFO] Época 7/30, Batch 1500/3348, Loss: 0.1846
2025-10-10 09:14:54,554 [INFO] Época 7/30, Batch 1550/3348, Loss: 0.1938
2025-10-10 09:14:54,830 [INFO] Época 7/30, Batch 1600/3348, Loss: 0.1367
2025-10-10 09:14:55,100 [INFO] Época 7/30, Batch 1650/3348, Loss: 0.1457
2025-10-10 09:14:55,368 [INFO] Época 7/30, Batch 1700/3348, Loss: 0.1606
2025-10-10 09:14:55,641 [INFO] Época 7/30, Batch 1750/3348, Loss: 0.0980
2025-10-10 09:14:55,907 [INFO] Época 7/30, Batch 1800/3348, Loss: 0.2862
2025-10-10 09:14:56,169 [INFO] Época 7/30, Batch 1850/3348, Loss: 0.1400
2025-10-10 09:14:56,432 [INFO] Época 7/30, Batch 1900/3348, Loss: 0.1476
2025-10-10 09:14:56,695 [INFO] Época 7/30, Batch 1950/3348, Loss: 0.1317
2025-10-10 09:14:56,957 [INFO] Época 7/30, Batch 2000/3348, Loss: 0.1333
2025-10-10 09:14:57,221 [INFO] Época 7/30, Batch 2050/3348, Loss: 0.1830
2025-10-10 09:14:57,494 [INFO] Época 7/30, Batch 2100/3348, Loss: 0.1412
2025-10-10 09:14:57,758 [INFO] Época 7/30, Batch 2150/3348, Loss: 0.2182
2025-10-10 09:14:58,023 [INFO] Época 7/30, Batch 2200/3348, Loss: 0.0835
2025-10-10 09:14:58,288 [INFO] Época 7/30, Batch 2250/3348, Loss: 0.1504
2025-10-10 09:14:58,553 [INFO] Época 7/30, Batch 2300/3348, Loss: 0.2635
2025-10-10 09:14:58,818 [INFO] Época 7/30, Batch 2350/3348, Loss: 0.0830
2025-10-10 09:14:59,083 [INFO] Época 7/30, Batch 2400/3348, Loss: 0.1444
2025-10-10 09:14:59,347 [INFO] Época 7/30, Batch 2450/3348, Loss: 0.2724
2025-10-10 09:14:59,612 [INFO] Época 7/30, Batch 2500/3348, Loss: 0.2989
2025-10-10 09:14:59,876 [INFO] Época 7/30, Batch 2550/3348, Loss: 0.1471
2025-10-10 09:15:00,140 [INFO] Época 7/30, Batch 2600/3348, Loss: 0.1285
2025-10-10 09:15:00,403 [INFO] Época 7/30, Batch 2650/3348, Loss: 0.1881
2025-10-10 09:15:00,666 [INFO] Época 7/30, Batch 2700/3348, Loss: 0.0856
2025-10-10 09:15:00,931 [INFO] Época 7/30, Batch 2750/3348, Loss: 0.2447
2025-10-10 09:15:01,195 [INFO] Época 7/30, Batch 2800/3348, Loss: 0.1021
2025-10-10 09:15:01,462 [INFO] Época 7/30, Batch 2850/3348, Loss: 0.1509
2025-10-10 09:15:01,726 [INFO] Época 7/30, Batch 2900/3348, Loss: 0.1302
2025-10-10 09:15:01,991 [INFO] Época 7/30, Batch 2950/3348, Loss: 0.1508
2025-10-10 09:15:02,256 [INFO] Época 7/30, Batch 3000/3348, Loss: 0.2348
2025-10-10 09:15:02,523 [INFO] Época 7/30, Batch 3050/3348, Loss: 0.1127
2025-10-10 09:15:02,794 [INFO] Época 7/30, Batch 3100/3348, Loss: 0.1534
2025-10-10 09:15:03,065 [INFO] Época 7/30, Batch 3150/3348, Loss: 0.1511
2025-10-10 09:15:03,333 [INFO] Época 7/30, Batch 3200/3348, Loss: 0.1411
2025-10-10 09:15:03,598 [INFO] Época 7/30, Batch 3250/3348, Loss: 0.1143
2025-10-10 09:15:03,861 [INFO] Época 7/30, Batch 3300/3348, Loss: 0.2152
2025-10-10 09:15:05,674 [INFO] [7/30] Train Loss: 0.1650 | Val Loss: 0.3433 | Tempo: 19.78s
2025-10-10 09:15:06,259 [INFO] Época 8/30, Batch 50/3348, Loss: 0.1705
2025-10-10 09:15:06,527 [INFO] Época 8/30, Batch 100/3348, Loss: 0.2402
2025-10-10 09:15:06,795 [INFO] Época 8/30, Batch 150/3348, Loss: 0.0993
2025-10-10 09:15:07,066 [INFO] Época 8/30, Batch 200/3348, Loss: 0.2110
2025-10-10 09:15:07,336 [INFO] Época 8/30, Batch 250/3348, Loss: 0.2389
2025-10-10 09:15:07,607 [INFO] Época 8/30, Batch 300/3348, Loss: 0.2165
2025-10-10 09:15:07,877 [INFO] Época 8/30, Batch 350/3348, Loss: 0.1250
2025-10-10 09:15:08,146 [INFO] Época 8/30, Batch 400/3348, Loss: 0.1453
2025-10-10 09:15:08,416 [INFO] Época 8/30, Batch 450/3348, Loss: 0.1605
2025-10-10 09:15:08,685 [INFO] Época 8/30, Batch 500/3348, Loss: 0.1489
2025-10-10 09:15:08,957 [INFO] Época 8/30, Batch 550/3348, Loss: 0.1523
2025-10-10 09:15:09,226 [INFO] Época 8/30, Batch 600/3348, Loss: 0.1352
2025-10-10 09:15:09,496 [INFO] Época 8/30, Batch 650/3348, Loss: 0.1016
2025-10-10 09:15:09,764 [INFO] Época 8/30, Batch 700/3348, Loss: 0.0981
2025-10-10 09:15:10,034 [INFO] Época 8/30, Batch 750/3348, Loss: 0.1886
2025-10-10 09:15:10,305 [INFO] Época 8/30, Batch 800/3348, Loss: 0.1000
2025-10-10 09:15:10,574 [INFO] Época 8/30, Batch 850/3348, Loss: 0.1795
2025-10-10 09:15:10,845 [INFO] Época 8/30, Batch 900/3348, Loss: 0.1923
2025-10-10 09:15:11,114 [INFO] Época 8/30, Batch 950/3348, Loss: 0.2142
2025-10-10 09:15:11,384 [INFO] Época 8/30, Batch 1000/3348, Loss: 0.2602
2025-10-10 09:15:11,655 [INFO] Época 8/30, Batch 1050/3348, Loss: 0.1184
2025-10-10 09:15:11,925 [INFO] Época 8/30, Batch 1100/3348, Loss: 0.2400
2025-10-10 09:15:12,195 [INFO] Época 8/30, Batch 1150/3348, Loss: 0.1352
2025-10-10 09:15:12,465 [INFO] Época 8/30, Batch 1200/3348, Loss: 0.1519
2025-10-10 09:15:12,738 [INFO] Época 8/30, Batch 1250/3348, Loss: 0.1216
2025-10-10 09:15:13,008 [INFO] Época 8/30, Batch 1300/3348, Loss: 0.0969
2025-10-10 09:15:13,280 [INFO] Época 8/30, Batch 1350/3348, Loss: 0.1705
2025-10-10 09:15:13,549 [INFO] Época 8/30, Batch 1400/3348, Loss: 0.1696
2025-10-10 09:15:13,818 [INFO] Época 8/30, Batch 1450/3348, Loss: 0.1169
2025-10-10 09:15:14,087 [INFO] Época 8/30, Batch 1500/3348, Loss: 0.1293
2025-10-10 09:15:14,357 [INFO] Época 8/30, Batch 1550/3348, Loss: 0.1475
2025-10-10 09:15:14,629 [INFO] Época 8/30, Batch 1600/3348, Loss: 0.1704
2025-10-10 09:15:14,897 [INFO] Época 8/30, Batch 1650/3348, Loss: 0.2019
2025-10-10 09:15:15,159 [INFO] Época 8/30, Batch 1700/3348, Loss: 0.1153
2025-10-10 09:15:15,420 [INFO] Época 8/30, Batch 1750/3348, Loss: 0.1193
2025-10-10 09:15:15,683 [INFO] Época 8/30, Batch 1800/3348, Loss: 0.1198
2025-10-10 09:15:15,953 [INFO] Época 8/30, Batch 1850/3348, Loss: 0.0886
2025-10-10 09:15:16,223 [INFO] Época 8/30, Batch 1900/3348, Loss: 0.1951
2025-10-10 09:15:16,492 [INFO] Época 8/30, Batch 1950/3348, Loss: 0.2562
2025-10-10 09:15:16,762 [INFO] Época 8/30, Batch 2000/3348, Loss: 0.1958
2025-10-10 09:15:17,032 [INFO] Época 8/30, Batch 2050/3348, Loss: 0.1688
2025-10-10 09:15:17,301 [INFO] Época 8/30, Batch 2100/3348, Loss: 0.1197
2025-10-10 09:15:17,570 [INFO] Época 8/30, Batch 2150/3348, Loss: 0.2787
2025-10-10 09:15:17,851 [INFO] Época 8/30, Batch 2200/3348, Loss: 0.1229
2025-10-10 09:15:18,120 [INFO] Época 8/30, Batch 2250/3348, Loss: 0.1282
2025-10-10 09:15:18,389 [INFO] Época 8/30, Batch 2300/3348, Loss: 0.1332
2025-10-10 09:15:18,658 [INFO] Época 8/30, Batch 2350/3348, Loss: 0.2093
2025-10-10 09:15:18,929 [INFO] Época 8/30, Batch 2400/3348, Loss: 0.1878
2025-10-10 09:15:19,198 [INFO] Época 8/30, Batch 2450/3348, Loss: 0.1378
2025-10-10 09:15:19,469 [INFO] Época 8/30, Batch 2500/3348, Loss: 0.2222
2025-10-10 09:15:19,733 [INFO] Época 8/30, Batch 2550/3348, Loss: 0.2786
2025-10-10 09:15:19,994 [INFO] Época 8/30, Batch 2600/3348, Loss: 0.1032
2025-10-10 09:15:20,254 [INFO] Época 8/30, Batch 2650/3348, Loss: 0.1504
2025-10-10 09:15:20,513 [INFO] Época 8/30, Batch 2700/3348, Loss: 0.1679
2025-10-10 09:15:20,773 [INFO] Época 8/30, Batch 2750/3348, Loss: 0.1816
2025-10-10 09:15:21,036 [INFO] Época 8/30, Batch 2800/3348, Loss: 0.2083
2025-10-10 09:15:21,298 [INFO] Época 8/30, Batch 2850/3348, Loss: 0.1378
2025-10-10 09:15:21,557 [INFO] Época 8/30, Batch 2900/3348, Loss: 0.0879
2025-10-10 09:15:21,819 [INFO] Época 8/30, Batch 2950/3348, Loss: 0.1447
2025-10-10 09:15:22,086 [INFO] Época 8/30, Batch 3000/3348, Loss: 0.1298
2025-10-10 09:15:22,354 [INFO] Época 8/30, Batch 3050/3348, Loss: 0.1523
2025-10-10 09:15:22,619 [INFO] Época 8/30, Batch 3100/3348, Loss: 0.1456
2025-10-10 09:15:22,883 [INFO] Época 8/30, Batch 3150/3348, Loss: 0.1350
2025-10-10 09:15:23,143 [INFO] Época 8/30, Batch 3200/3348, Loss: 0.2755
2025-10-10 09:15:23,404 [INFO] Época 8/30, Batch 3250/3348, Loss: 0.0464
2025-10-10 09:15:23,665 [INFO] Época 8/30, Batch 3300/3348, Loss: 0.1448
2025-10-10 09:15:25,495 [INFO] [8/30] Train Loss: 0.1565 | Val Loss: 0.2269 | Tempo: 19.82s
2025-10-10 09:15:26,091 [INFO] Época 9/30, Batch 50/3348, Loss: 0.1176
2025-10-10 09:15:26,362 [INFO] Época 9/30, Batch 100/3348, Loss: 0.1972
2025-10-10 09:15:26,628 [INFO] Época 9/30, Batch 150/3348, Loss: 0.1558
2025-10-10 09:15:26,891 [INFO] Época 9/30, Batch 200/3348, Loss: 0.1376
2025-10-10 09:15:27,156 [INFO] Época 9/30, Batch 250/3348, Loss: 0.1101
2025-10-10 09:15:27,422 [INFO] Época 9/30, Batch 300/3348, Loss: 0.2200
2025-10-10 09:15:27,687 [INFO] Época 9/30, Batch 350/3348, Loss: 0.1998
2025-10-10 09:15:27,950 [INFO] Época 9/30, Batch 400/3348, Loss: 0.0797
2025-10-10 09:15:28,213 [INFO] Época 9/30, Batch 450/3348, Loss: 0.1232
2025-10-10 09:15:28,477 [INFO] Época 9/30, Batch 500/3348, Loss: 0.1422
2025-10-10 09:15:28,743 [INFO] Época 9/30, Batch 550/3348, Loss: 0.1788
2025-10-10 09:15:29,008 [INFO] Época 9/30, Batch 600/3348, Loss: 0.0933
2025-10-10 09:15:29,272 [INFO] Época 9/30, Batch 650/3348, Loss: 0.1289
2025-10-10 09:15:29,534 [INFO] Época 9/30, Batch 700/3348, Loss: 0.0912
2025-10-10 09:15:29,797 [INFO] Época 9/30, Batch 750/3348, Loss: 0.0883
2025-10-10 09:15:30,061 [INFO] Época 9/30, Batch 800/3348, Loss: 0.1498
2025-10-10 09:15:30,326 [INFO] Época 9/30, Batch 850/3348, Loss: 0.1953
2025-10-10 09:15:30,587 [INFO] Época 9/30, Batch 900/3348, Loss: 0.1450
2025-10-10 09:15:30,850 [INFO] Época 9/30, Batch 950/3348, Loss: 0.1897
2025-10-10 09:15:31,111 [INFO] Época 9/30, Batch 1000/3348, Loss: 0.1677
2025-10-10 09:15:31,374 [INFO] Época 9/30, Batch 1050/3348, Loss: 0.1665
2025-10-10 09:15:31,637 [INFO] Época 9/30, Batch 1100/3348, Loss: 0.1263
2025-10-10 09:15:31,898 [INFO] Época 9/30, Batch 1150/3348, Loss: 0.2119
2025-10-10 09:15:32,158 [INFO] Época 9/30, Batch 1200/3348, Loss: 0.1051
2025-10-10 09:15:32,422 [INFO] Época 9/30, Batch 1250/3348, Loss: 0.0693
2025-10-10 09:15:32,685 [INFO] Época 9/30, Batch 1300/3348, Loss: 0.1097
2025-10-10 09:15:32,949 [INFO] Época 9/30, Batch 1350/3348, Loss: 0.1320
2025-10-10 09:15:33,222 [INFO] Época 9/30, Batch 1400/3348, Loss: 0.1693
2025-10-10 09:15:33,486 [INFO] Época 9/30, Batch 1450/3348, Loss: 0.0840
2025-10-10 09:15:33,749 [INFO] Época 9/30, Batch 1500/3348, Loss: 0.1136
2025-10-10 09:15:34,012 [INFO] Época 9/30, Batch 1550/3348, Loss: 0.1553
2025-10-10 09:15:34,277 [INFO] Época 9/30, Batch 1600/3348, Loss: 0.1504
2025-10-10 09:15:34,541 [INFO] Época 9/30, Batch 1650/3348, Loss: 0.1764
2025-10-10 09:15:34,804 [INFO] Época 9/30, Batch 1700/3348, Loss: 0.0977
2025-10-10 09:15:35,068 [INFO] Época 9/30, Batch 1750/3348, Loss: 0.1477
2025-10-10 09:15:35,333 [INFO] Época 9/30, Batch 1800/3348, Loss: 0.2067
2025-10-10 09:15:35,598 [INFO] Época 9/30, Batch 1850/3348, Loss: 0.0870
2025-10-10 09:15:35,864 [INFO] Época 9/30, Batch 1900/3348, Loss: 0.1839
2025-10-10 09:15:36,127 [INFO] Época 9/30, Batch 1950/3348, Loss: 0.1761
2025-10-10 09:15:36,390 [INFO] Época 9/30, Batch 2000/3348, Loss: 0.2298
2025-10-10 09:15:36,654 [INFO] Época 9/30, Batch 2050/3348, Loss: 0.1959
2025-10-10 09:15:36,918 [INFO] Época 9/30, Batch 2100/3348, Loss: 0.1842
2025-10-10 09:15:37,185 [INFO] Época 9/30, Batch 2150/3348, Loss: 0.1037
2025-10-10 09:15:37,450 [INFO] Época 9/30, Batch 2200/3348, Loss: 0.1601
2025-10-10 09:15:37,718 [INFO] Época 9/30, Batch 2250/3348, Loss: 0.1721
2025-10-10 09:15:37,985 [INFO] Época 9/30, Batch 2300/3348, Loss: 0.2532
2025-10-10 09:15:38,252 [INFO] Época 9/30, Batch 2350/3348, Loss: 0.1872
2025-10-10 09:15:38,520 [INFO] Época 9/30, Batch 2400/3348, Loss: 0.1767
2025-10-10 09:15:38,786 [INFO] Época 9/30, Batch 2450/3348, Loss: 0.0919
2025-10-10 09:15:39,050 [INFO] Época 9/30, Batch 2500/3348, Loss: 0.0755
2025-10-10 09:15:39,315 [INFO] Época 9/30, Batch 2550/3348, Loss: 0.1952
2025-10-10 09:15:39,579 [INFO] Época 9/30, Batch 2600/3348, Loss: 0.1898
2025-10-10 09:15:39,845 [INFO] Época 9/30, Batch 2650/3348, Loss: 0.2614
2025-10-10 09:15:40,107 [INFO] Época 9/30, Batch 2700/3348, Loss: 0.1349
2025-10-10 09:15:40,369 [INFO] Época 9/30, Batch 2750/3348, Loss: 0.1907
2025-10-10 09:15:40,633 [INFO] Época 9/30, Batch 2800/3348, Loss: 0.1962
2025-10-10 09:15:40,894 [INFO] Época 9/30, Batch 2850/3348, Loss: 0.2058
2025-10-10 09:15:41,158 [INFO] Época 9/30, Batch 2900/3348, Loss: 0.2027
2025-10-10 09:15:41,420 [INFO] Época 9/30, Batch 2950/3348, Loss: 0.0922
2025-10-10 09:15:41,683 [INFO] Época 9/30, Batch 3000/3348, Loss: 0.2531
2025-10-10 09:15:41,944 [INFO] Época 9/30, Batch 3050/3348, Loss: 0.1716
2025-10-10 09:15:42,206 [INFO] Época 9/30, Batch 3100/3348, Loss: 0.1050
2025-10-10 09:15:42,471 [INFO] Época 9/30, Batch 3150/3348, Loss: 0.0891
2025-10-10 09:15:42,733 [INFO] Época 9/30, Batch 3200/3348, Loss: 0.1373
2025-10-10 09:15:42,996 [INFO] Época 9/30, Batch 3250/3348, Loss: 0.2562
2025-10-10 09:15:43,262 [INFO] Época 9/30, Batch 3300/3348, Loss: 0.1497
2025-10-10 09:15:45,056 [INFO] [9/30] Train Loss: 0.1494 | Val Loss: 0.3420 | Tempo: 19.56s
2025-10-10 09:15:45,624 [INFO] Época 10/30, Batch 50/3348, Loss: 0.1222
2025-10-10 09:15:45,895 [INFO] Época 10/30, Batch 100/3348, Loss: 0.1530
2025-10-10 09:15:46,164 [INFO] Época 10/30, Batch 150/3348, Loss: 0.1034
2025-10-10 09:15:46,428 [INFO] Época 10/30, Batch 200/3348, Loss: 0.1659
2025-10-10 09:15:46,693 [INFO] Época 10/30, Batch 250/3348, Loss: 0.0909
2025-10-10 09:15:46,959 [INFO] Época 10/30, Batch 300/3348, Loss: 0.2092
2025-10-10 09:15:47,225 [INFO] Época 10/30, Batch 350/3348, Loss: 0.1273
2025-10-10 09:15:47,490 [INFO] Época 10/30, Batch 400/3348, Loss: 0.0688
2025-10-10 09:15:47,754 [INFO] Época 10/30, Batch 450/3348, Loss: 0.1665
2025-10-10 09:15:48,018 [INFO] Época 10/30, Batch 500/3348, Loss: 0.2359
2025-10-10 09:15:48,293 [INFO] Época 10/30, Batch 550/3348, Loss: 0.1148
2025-10-10 09:15:48,554 [INFO] Época 10/30, Batch 600/3348, Loss: 0.1310
2025-10-10 09:15:48,817 [INFO] Época 10/30, Batch 650/3348, Loss: 0.0910
2025-10-10 09:15:49,072 [INFO] Época 10/30, Batch 700/3348, Loss: 0.0810
2025-10-10 09:15:49,329 [INFO] Época 10/30, Batch 750/3348, Loss: 0.1801
2025-10-10 09:15:49,582 [INFO] Época 10/30, Batch 800/3348, Loss: 0.1956
2025-10-10 09:15:49,833 [INFO] Época 10/30, Batch 850/3348, Loss: 0.1177
2025-10-10 09:15:50,085 [INFO] Época 10/30, Batch 900/3348, Loss: 0.1670
2025-10-10 09:15:50,335 [INFO] Época 10/30, Batch 950/3348, Loss: 0.1249
2025-10-10 09:15:50,584 [INFO] Época 10/30, Batch 1000/3348, Loss: 0.1056
2025-10-10 09:15:50,834 [INFO] Época 10/30, Batch 1050/3348, Loss: 0.1200
2025-10-10 09:15:51,085 [INFO] Época 10/30, Batch 1100/3348, Loss: 0.1032
2025-10-10 09:15:51,342 [INFO] Época 10/30, Batch 1150/3348, Loss: 0.1548
2025-10-10 09:15:51,604 [INFO] Época 10/30, Batch 1200/3348, Loss: 0.1269
2025-10-10 09:15:51,865 [INFO] Época 10/30, Batch 1250/3348, Loss: 0.2316
2025-10-10 09:15:52,127 [INFO] Época 10/30, Batch 1300/3348, Loss: 0.2060
2025-10-10 09:15:52,389 [INFO] Época 10/30, Batch 1350/3348, Loss: 0.1619
2025-10-10 09:15:52,654 [INFO] Época 10/30, Batch 1400/3348, Loss: 0.2026
2025-10-10 09:15:52,919 [INFO] Época 10/30, Batch 1450/3348, Loss: 0.0760
2025-10-10 09:15:53,181 [INFO] Época 10/30, Batch 1500/3348, Loss: 0.2096
2025-10-10 09:15:53,445 [INFO] Época 10/30, Batch 1550/3348, Loss: 0.1248
2025-10-10 09:15:53,707 [INFO] Época 10/30, Batch 1600/3348, Loss: 0.0703
2025-10-10 09:15:53,972 [INFO] Época 10/30, Batch 1650/3348, Loss: 0.1136
2025-10-10 09:15:54,235 [INFO] Época 10/30, Batch 1700/3348, Loss: 0.0812
2025-10-10 09:15:54,502 [INFO] Época 10/30, Batch 1750/3348, Loss: 0.1334
2025-10-10 09:15:54,765 [INFO] Época 10/30, Batch 1800/3348, Loss: 0.1243
2025-10-10 09:15:55,028 [INFO] Época 10/30, Batch 1850/3348, Loss: 0.1465
2025-10-10 09:15:55,295 [INFO] Época 10/30, Batch 1900/3348, Loss: 0.0991
2025-10-10 09:15:55,557 [INFO] Época 10/30, Batch 1950/3348, Loss: 0.0627
2025-10-10 09:15:55,818 [INFO] Época 10/30, Batch 2000/3348, Loss: 0.1552
2025-10-10 09:15:56,080 [INFO] Época 10/30, Batch 2050/3348, Loss: 0.1592
2025-10-10 09:15:56,342 [INFO] Época 10/30, Batch 2100/3348, Loss: 0.2146
2025-10-10 09:15:56,605 [INFO] Época 10/30, Batch 2150/3348, Loss: 0.0872
2025-10-10 09:15:56,865 [INFO] Época 10/30, Batch 2200/3348, Loss: 0.1360
2025-10-10 09:15:57,126 [INFO] Época 10/30, Batch 2250/3348, Loss: 0.1429
2025-10-10 09:15:57,386 [INFO] Época 10/30, Batch 2300/3348, Loss: 0.1175
2025-10-10 09:15:57,649 [INFO] Época 10/30, Batch 2350/3348, Loss: 0.1091
2025-10-10 09:15:57,911 [INFO] Época 10/30, Batch 2400/3348, Loss: 0.2137
2025-10-10 09:15:58,173 [INFO] Época 10/30, Batch 2450/3348, Loss: 0.1927
2025-10-10 09:15:58,433 [INFO] Época 10/30, Batch 2500/3348, Loss: 0.1572
2025-10-10 09:15:58,705 [INFO] Época 10/30, Batch 2550/3348, Loss: 0.1160
2025-10-10 09:15:58,967 [INFO] Época 10/30, Batch 2600/3348, Loss: 0.1321
2025-10-10 09:15:59,230 [INFO] Época 10/30, Batch 2650/3348, Loss: 0.1612
2025-10-10 09:15:59,493 [INFO] Época 10/30, Batch 2700/3348, Loss: 0.1460
2025-10-10 09:15:59,755 [INFO] Época 10/30, Batch 2750/3348, Loss: 0.0979
2025-10-10 09:16:00,018 [INFO] Época 10/30, Batch 2800/3348, Loss: 0.0995
2025-10-10 09:16:00,282 [INFO] Época 10/30, Batch 2850/3348, Loss: 0.0961
2025-10-10 09:16:00,544 [INFO] Época 10/30, Batch 2900/3348, Loss: 0.1339
2025-10-10 09:16:00,808 [INFO] Época 10/30, Batch 2950/3348, Loss: 0.1872
2025-10-10 09:16:01,070 [INFO] Época 10/30, Batch 3000/3348, Loss: 0.0888
2025-10-10 09:16:01,333 [INFO] Época 10/30, Batch 3050/3348, Loss: 0.1507
2025-10-10 09:16:01,595 [INFO] Época 10/30, Batch 3100/3348, Loss: 0.1108
2025-10-10 09:16:01,854 [INFO] Época 10/30, Batch 3150/3348, Loss: 0.1363
2025-10-10 09:16:02,116 [INFO] Época 10/30, Batch 3200/3348, Loss: 0.1850
2025-10-10 09:16:02,377 [INFO] Época 10/30, Batch 3250/3348, Loss: 0.1576
2025-10-10 09:16:02,641 [INFO] Época 10/30, Batch 3300/3348, Loss: 0.2065
2025-10-10 09:16:04,459 [INFO] [10/30] Train Loss: 0.1432 | Val Loss: 0.3376 | Tempo: 19.40s
2025-10-10 09:16:05,044 [INFO] Época 11/30, Batch 50/3348, Loss: 0.1777
2025-10-10 09:16:05,317 [INFO] Época 11/30, Batch 100/3348, Loss: 0.1070
2025-10-10 09:16:05,589 [INFO] Época 11/30, Batch 150/3348, Loss: 0.2152
2025-10-10 09:16:05,859 [INFO] Época 11/30, Batch 200/3348, Loss: 0.1064
2025-10-10 09:16:06,127 [INFO] Época 11/30, Batch 250/3348, Loss: 0.1526
2025-10-10 09:16:06,396 [INFO] Época 11/30, Batch 300/3348, Loss: 0.1912
2025-10-10 09:16:06,662 [INFO] Época 11/30, Batch 350/3348, Loss: 0.0630
2025-10-10 09:16:06,930 [INFO] Época 11/30, Batch 400/3348, Loss: 0.1374
2025-10-10 09:16:07,195 [INFO] Época 11/30, Batch 450/3348, Loss: 0.1001
2025-10-10 09:16:07,459 [INFO] Época 11/30, Batch 500/3348, Loss: 0.1439
2025-10-10 09:16:07,724 [INFO] Época 11/30, Batch 550/3348, Loss: 0.2076
2025-10-10 09:16:07,990 [INFO] Época 11/30, Batch 600/3348, Loss: 0.1255
2025-10-10 09:16:08,257 [INFO] Época 11/30, Batch 650/3348, Loss: 0.1237
2025-10-10 09:16:08,523 [INFO] Época 11/30, Batch 700/3348, Loss: 0.0958
2025-10-10 09:16:08,788 [INFO] Época 11/30, Batch 750/3348, Loss: 0.0572
2025-10-10 09:16:09,055 [INFO] Época 11/30, Batch 800/3348, Loss: 0.1240
2025-10-10 09:16:09,316 [INFO] Época 11/30, Batch 850/3348, Loss: 0.0740
2025-10-10 09:16:09,573 [INFO] Época 11/30, Batch 900/3348, Loss: 0.1329
2025-10-10 09:16:09,828 [INFO] Época 11/30, Batch 950/3348, Loss: 0.0710
2025-10-10 09:16:10,084 [INFO] Época 11/30, Batch 1000/3348, Loss: 0.2722
2025-10-10 09:16:10,338 [INFO] Época 11/30, Batch 1050/3348, Loss: 0.2531
2025-10-10 09:16:10,592 [INFO] Época 11/30, Batch 1100/3348, Loss: 0.1495
2025-10-10 09:16:10,846 [INFO] Época 11/30, Batch 1150/3348, Loss: 0.1811
2025-10-10 09:16:11,102 [INFO] Época 11/30, Batch 1200/3348, Loss: 0.1399
2025-10-10 09:16:11,361 [INFO] Época 11/30, Batch 1250/3348, Loss: 0.0799
2025-10-10 09:16:11,623 [INFO] Época 11/30, Batch 1300/3348, Loss: 0.2517
2025-10-10 09:16:11,885 [INFO] Época 11/30, Batch 1350/3348, Loss: 0.1057
2025-10-10 09:16:12,146 [INFO] Época 11/30, Batch 1400/3348, Loss: 0.1405
2025-10-10 09:16:12,409 [INFO] Época 11/30, Batch 1450/3348, Loss: 0.1347
2025-10-10 09:16:12,672 [INFO] Época 11/30, Batch 1500/3348, Loss: 0.1419
2025-10-10 09:16:12,933 [INFO] Época 11/30, Batch 1550/3348, Loss: 0.1520
2025-10-10 09:16:13,195 [INFO] Época 11/30, Batch 1600/3348, Loss: 0.0800
2025-10-10 09:16:13,457 [INFO] Época 11/30, Batch 1650/3348, Loss: 0.1325
2025-10-10 09:16:13,721 [INFO] Época 11/30, Batch 1700/3348, Loss: 0.0888
2025-10-10 09:16:13,983 [INFO] Época 11/30, Batch 1750/3348, Loss: 0.1672
2025-10-10 09:16:14,245 [INFO] Época 11/30, Batch 1800/3348, Loss: 0.1448
2025-10-10 09:16:14,506 [INFO] Época 11/30, Batch 1850/3348, Loss: 0.0963
2025-10-10 09:16:14,770 [INFO] Época 11/30, Batch 1900/3348, Loss: 0.1082
2025-10-10 09:16:15,044 [INFO] Época 11/30, Batch 1950/3348, Loss: 0.1486
2025-10-10 09:16:15,307 [INFO] Época 11/30, Batch 2000/3348, Loss: 0.1337
2025-10-10 09:16:15,571 [INFO] Época 11/30, Batch 2050/3348, Loss: 0.2241
2025-10-10 09:16:15,838 [INFO] Época 11/30, Batch 2100/3348, Loss: 0.1546
2025-10-10 09:16:16,104 [INFO] Época 11/30, Batch 2150/3348, Loss: 0.1049
2025-10-10 09:16:16,372 [INFO] Época 11/30, Batch 2200/3348, Loss: 0.2004
2025-10-10 09:16:16,637 [INFO] Época 11/30, Batch 2250/3348, Loss: 0.0941
2025-10-10 09:16:16,904 [INFO] Época 11/30, Batch 2300/3348, Loss: 0.1220
2025-10-10 09:16:17,172 [INFO] Época 11/30, Batch 2350/3348, Loss: 0.1339
2025-10-10 09:16:17,438 [INFO] Época 11/30, Batch 2400/3348, Loss: 0.1610
2025-10-10 09:16:17,705 [INFO] Época 11/30, Batch 2450/3348, Loss: 0.1852
2025-10-10 09:16:17,972 [INFO] Época 11/30, Batch 2500/3348, Loss: 0.1956
2025-10-10 09:16:18,237 [INFO] Época 11/30, Batch 2550/3348, Loss: 0.1558
2025-10-10 09:16:18,501 [INFO] Época 11/30, Batch 2600/3348, Loss: 0.1834
2025-10-10 09:16:18,767 [INFO] Época 11/30, Batch 2650/3348, Loss: 0.1830
2025-10-10 09:16:19,036 [INFO] Época 11/30, Batch 2700/3348, Loss: 0.1476
2025-10-10 09:16:19,303 [INFO] Época 11/30, Batch 2750/3348, Loss: 0.1690
2025-10-10 09:16:19,569 [INFO] Época 11/30, Batch 2800/3348, Loss: 0.2724
2025-10-10 09:16:19,831 [INFO] Época 11/30, Batch 2850/3348, Loss: 0.1404
2025-10-10 09:16:20,105 [INFO] Época 11/30, Batch 2900/3348, Loss: 0.1051
2025-10-10 09:16:20,369 [INFO] Época 11/30, Batch 2950/3348, Loss: 0.1714
2025-10-10 09:16:20,632 [INFO] Época 11/30, Batch 3000/3348, Loss: 0.1824
2025-10-10 09:16:20,895 [INFO] Época 11/30, Batch 3050/3348, Loss: 0.1372
2025-10-10 09:16:21,158 [INFO] Época 11/30, Batch 3100/3348, Loss: 0.0835
2025-10-10 09:16:21,421 [INFO] Época 11/30, Batch 3150/3348, Loss: 0.0995
2025-10-10 09:16:21,684 [INFO] Época 11/30, Batch 3200/3348, Loss: 0.2383
2025-10-10 09:16:21,946 [INFO] Época 11/30, Batch 3250/3348, Loss: 0.0949
2025-10-10 09:16:22,210 [INFO] Época 11/30, Batch 3300/3348, Loss: 0.1685
2025-10-10 09:16:23,980 [INFO] [11/30] Train Loss: 0.1384 | Val Loss: 0.3212 | Tempo: 19.52s
2025-10-10 09:16:24,570 [INFO] Época 12/30, Batch 50/3348, Loss: 0.0790
2025-10-10 09:16:24,838 [INFO] Época 12/30, Batch 100/3348, Loss: 0.1044
2025-10-10 09:16:25,105 [INFO] Época 12/30, Batch 150/3348, Loss: 0.1166
2025-10-10 09:16:25,373 [INFO] Época 12/30, Batch 200/3348, Loss: 0.1065
2025-10-10 09:16:25,637 [INFO] Época 12/30, Batch 250/3348, Loss: 0.2338
2025-10-10 09:16:25,900 [INFO] Época 12/30, Batch 300/3348, Loss: 0.1309
2025-10-10 09:16:26,163 [INFO] Época 12/30, Batch 350/3348, Loss: 0.1084
2025-10-10 09:16:26,428 [INFO] Época 12/30, Batch 400/3348, Loss: 0.1349
2025-10-10 09:16:26,693 [INFO] Época 12/30, Batch 450/3348, Loss: 0.1536
2025-10-10 09:16:26,956 [INFO] Época 12/30, Batch 500/3348, Loss: 0.1918
2025-10-10 09:16:27,221 [INFO] Época 12/30, Batch 550/3348, Loss: 0.0972
2025-10-10 09:16:27,483 [INFO] Época 12/30, Batch 600/3348, Loss: 0.1254
2025-10-10 09:16:27,751 [INFO] Época 12/30, Batch 650/3348, Loss: 0.1261
2025-10-10 09:16:28,015 [INFO] Época 12/30, Batch 700/3348, Loss: 0.2229
2025-10-10 09:16:28,276 [INFO] Época 12/30, Batch 750/3348, Loss: 0.1797
2025-10-10 09:16:28,540 [INFO] Época 12/30, Batch 800/3348, Loss: 0.0773
2025-10-10 09:16:28,804 [INFO] Época 12/30, Batch 850/3348, Loss: 0.1767
2025-10-10 09:16:29,069 [INFO] Época 12/30, Batch 900/3348, Loss: 0.1299
2025-10-10 09:16:29,335 [INFO] Época 12/30, Batch 950/3348, Loss: 0.1178
2025-10-10 09:16:29,597 [INFO] Época 12/30, Batch 1000/3348, Loss: 0.1500
2025-10-10 09:16:29,859 [INFO] Época 12/30, Batch 1050/3348, Loss: 0.0922
2025-10-10 09:16:30,121 [INFO] Época 12/30, Batch 1100/3348, Loss: 0.0665
2025-10-10 09:16:30,384 [INFO] Época 12/30, Batch 1150/3348, Loss: 0.1365
2025-10-10 09:16:30,649 [INFO] Época 12/30, Batch 1200/3348, Loss: 0.0686
2025-10-10 09:16:30,911 [INFO] Época 12/30, Batch 1250/3348, Loss: 0.1645
2025-10-10 09:16:31,173 [INFO] Época 12/30, Batch 1300/3348, Loss: 0.1610
2025-10-10 09:16:31,434 [INFO] Época 12/30, Batch 1350/3348, Loss: 0.0915
2025-10-10 09:16:31,695 [INFO] Época 12/30, Batch 1400/3348, Loss: 0.0568
2025-10-10 09:16:31,955 [INFO] Época 12/30, Batch 1450/3348, Loss: 0.0681
2025-10-10 09:16:32,216 [INFO] Época 12/30, Batch 1500/3348, Loss: 0.1884
2025-10-10 09:16:32,477 [INFO] Época 12/30, Batch 1550/3348, Loss: 0.0522
2025-10-10 09:16:32,738 [INFO] Época 12/30, Batch 1600/3348, Loss: 0.2214
2025-10-10 09:16:33,002 [INFO] Época 12/30, Batch 1650/3348, Loss: 0.1088
2025-10-10 09:16:33,264 [INFO] Época 12/30, Batch 1700/3348, Loss: 0.1127
2025-10-10 09:16:33,527 [INFO] Época 12/30, Batch 1750/3348, Loss: 0.1999
2025-10-10 09:16:33,789 [INFO] Época 12/30, Batch 1800/3348, Loss: 0.2699
2025-10-10 09:16:34,055 [INFO] Época 12/30, Batch 1850/3348, Loss: 0.0554
2025-10-10 09:16:34,314 [INFO] Época 12/30, Batch 1900/3348, Loss: 0.0882
2025-10-10 09:16:34,577 [INFO] Época 12/30, Batch 1950/3348, Loss: 0.1350
2025-10-10 09:16:34,841 [INFO] Época 12/30, Batch 2000/3348, Loss: 0.1746
2025-10-10 09:16:35,107 [INFO] Época 12/30, Batch 2050/3348, Loss: 0.0799
2025-10-10 09:16:35,382 [INFO] Época 12/30, Batch 2100/3348, Loss: 0.1097
2025-10-10 09:16:35,648 [INFO] Época 12/30, Batch 2150/3348, Loss: 0.2369
2025-10-10 09:16:35,912 [INFO] Época 12/30, Batch 2200/3348, Loss: 0.0412
2025-10-10 09:16:36,179 [INFO] Época 12/30, Batch 2250/3348, Loss: 0.1447
2025-10-10 09:16:36,446 [INFO] Época 12/30, Batch 2300/3348, Loss: 0.1791
2025-10-10 09:16:36,710 [INFO] Época 12/30, Batch 2350/3348, Loss: 0.2267
2025-10-10 09:16:36,975 [INFO] Época 12/30, Batch 2400/3348, Loss: 0.1156
2025-10-10 09:16:37,242 [INFO] Época 12/30, Batch 2450/3348, Loss: 0.1533
2025-10-10 09:16:37,508 [INFO] Época 12/30, Batch 2500/3348, Loss: 0.3071
2025-10-10 09:16:37,772 [INFO] Época 12/30, Batch 2550/3348, Loss: 0.1340
2025-10-10 09:16:38,035 [INFO] Época 12/30, Batch 2600/3348, Loss: 0.0539
2025-10-10 09:16:38,294 [INFO] Época 12/30, Batch 2650/3348, Loss: 0.1285
2025-10-10 09:16:38,554 [INFO] Época 12/30, Batch 2700/3348, Loss: 0.1470
2025-10-10 09:16:38,816 [INFO] Época 12/30, Batch 2750/3348, Loss: 0.0836
2025-10-10 09:16:39,077 [INFO] Época 12/30, Batch 2800/3348, Loss: 0.0810
2025-10-10 09:16:39,336 [INFO] Época 12/30, Batch 2850/3348, Loss: 0.1106
2025-10-10 09:16:39,597 [INFO] Época 12/30, Batch 2900/3348, Loss: 0.0927
2025-10-10 09:16:39,856 [INFO] Época 12/30, Batch 2950/3348, Loss: 0.1442
2025-10-10 09:16:40,118 [INFO] Época 12/30, Batch 3000/3348, Loss: 0.1125
2025-10-10 09:16:40,381 [INFO] Época 12/30, Batch 3050/3348, Loss: 0.1488
2025-10-10 09:16:40,646 [INFO] Época 12/30, Batch 3100/3348, Loss: 0.1794
2025-10-10 09:16:40,911 [INFO] Época 12/30, Batch 3150/3348, Loss: 0.1940
2025-10-10 09:16:41,174 [INFO] Época 12/30, Batch 3200/3348, Loss: 0.1667
2025-10-10 09:16:41,437 [INFO] Época 12/30, Batch 3250/3348, Loss: 0.1307
2025-10-10 09:16:41,700 [INFO] Época 12/30, Batch 3300/3348, Loss: 0.0617
2025-10-10 09:16:43,513 [INFO] [12/30] Train Loss: 0.1340 | Val Loss: 0.2679 | Tempo: 19.53s
2025-10-10 09:16:44,114 [INFO] Época 13/30, Batch 50/3348, Loss: 0.1879
2025-10-10 09:16:44,393 [INFO] Época 13/30, Batch 100/3348, Loss: 0.1149
2025-10-10 09:16:44,670 [INFO] Época 13/30, Batch 150/3348, Loss: 0.1473
2025-10-10 09:16:44,945 [INFO] Época 13/30, Batch 200/3348, Loss: 0.2088
2025-10-10 09:16:45,221 [INFO] Época 13/30, Batch 250/3348, Loss: 0.1256
2025-10-10 09:16:45,497 [INFO] Época 13/30, Batch 300/3348, Loss: 0.0893
2025-10-10 09:16:45,768 [INFO] Época 13/30, Batch 350/3348, Loss: 0.2002
2025-10-10 09:16:46,033 [INFO] Época 13/30, Batch 400/3348, Loss: 0.1772
2025-10-10 09:16:46,299 [INFO] Época 13/30, Batch 450/3348, Loss: 0.1531
2025-10-10 09:16:46,573 [INFO] Época 13/30, Batch 500/3348, Loss: 0.1927
2025-10-10 09:16:46,845 [INFO] Época 13/30, Batch 550/3348, Loss: 0.1085
2025-10-10 09:16:47,118 [INFO] Época 13/30, Batch 600/3348, Loss: 0.0684
2025-10-10 09:16:47,390 [INFO] Época 13/30, Batch 650/3348, Loss: 0.1115
2025-10-10 09:16:47,662 [INFO] Época 13/30, Batch 700/3348, Loss: 0.3168
2025-10-10 09:16:47,934 [INFO] Época 13/30, Batch 750/3348, Loss: 0.1925
2025-10-10 09:16:48,205 [INFO] Época 13/30, Batch 800/3348, Loss: 0.1059
2025-10-10 09:16:48,477 [INFO] Época 13/30, Batch 850/3348, Loss: 0.1176
2025-10-10 09:16:48,742 [INFO] Época 13/30, Batch 900/3348, Loss: 0.0604
2025-10-10 09:16:49,008 [INFO] Época 13/30, Batch 950/3348, Loss: 0.1214
2025-10-10 09:16:49,269 [INFO] Época 13/30, Batch 1000/3348, Loss: 0.1613
2025-10-10 09:16:49,525 [INFO] Época 13/30, Batch 1050/3348, Loss: 0.1909
2025-10-10 09:16:49,782 [INFO] Época 13/30, Batch 1100/3348, Loss: 0.1159
2025-10-10 09:16:50,038 [INFO] Época 13/30, Batch 1150/3348, Loss: 0.2595
2025-10-10 09:16:50,315 [INFO] Época 13/30, Batch 1200/3348, Loss: 0.0639
2025-10-10 09:16:50,598 [INFO] Época 13/30, Batch 1250/3348, Loss: 0.0898
2025-10-10 09:16:50,868 [INFO] Época 13/30, Batch 1300/3348, Loss: 0.1196
2025-10-10 09:16:51,137 [INFO] Época 13/30, Batch 1350/3348, Loss: 0.1296
2025-10-10 09:16:51,407 [INFO] Época 13/30, Batch 1400/3348, Loss: 0.1118
2025-10-10 09:16:51,676 [INFO] Época 13/30, Batch 1450/3348, Loss: 0.1198
2025-10-10 09:16:51,941 [INFO] Época 13/30, Batch 1500/3348, Loss: 0.0917
2025-10-10 09:16:52,203 [INFO] Época 13/30, Batch 1550/3348, Loss: 0.1755
2025-10-10 09:16:52,467 [INFO] Época 13/30, Batch 1600/3348, Loss: 0.1762
2025-10-10 09:16:52,731 [INFO] Época 13/30, Batch 1650/3348, Loss: 0.0946
2025-10-10 09:16:52,993 [INFO] Época 13/30, Batch 1700/3348, Loss: 0.1122
2025-10-10 09:16:53,257 [INFO] Época 13/30, Batch 1750/3348, Loss: 0.1745
2025-10-10 09:16:53,520 [INFO] Época 13/30, Batch 1800/3348, Loss: 0.1272
2025-10-10 09:16:53,783 [INFO] Época 13/30, Batch 1850/3348, Loss: 0.1789
2025-10-10 09:16:54,047 [INFO] Época 13/30, Batch 1900/3348, Loss: 0.1357
2025-10-10 09:16:54,310 [INFO] Época 13/30, Batch 1950/3348, Loss: 0.1035
2025-10-10 09:16:54,576 [INFO] Época 13/30, Batch 2000/3348, Loss: 0.0879
2025-10-10 09:16:54,844 [INFO] Época 13/30, Batch 2050/3348, Loss: 0.1313
2025-10-10 09:16:55,116 [INFO] Época 13/30, Batch 2100/3348, Loss: 0.0950
2025-10-10 09:16:55,386 [INFO] Época 13/30, Batch 2150/3348, Loss: 0.2686
2025-10-10 09:16:55,663 [INFO] Época 13/30, Batch 2200/3348, Loss: 0.1691
2025-10-10 09:16:55,939 [INFO] Época 13/30, Batch 2250/3348, Loss: 0.0761
2025-10-10 09:16:56,217 [INFO] Época 13/30, Batch 2300/3348, Loss: 0.1470
2025-10-10 09:16:56,493 [INFO] Época 13/30, Batch 2350/3348, Loss: 0.1373
2025-10-10 09:16:56,769 [INFO] Época 13/30, Batch 2400/3348, Loss: 0.1309
2025-10-10 09:16:57,046 [INFO] Época 13/30, Batch 2450/3348, Loss: 0.1271
2025-10-10 09:16:57,324 [INFO] Época 13/30, Batch 2500/3348, Loss: 0.0638
2025-10-10 09:16:57,598 [INFO] Época 13/30, Batch 2550/3348, Loss: 0.1756
2025-10-10 09:16:57,873 [INFO] Época 13/30, Batch 2600/3348, Loss: 0.0658
2025-10-10 09:16:58,150 [INFO] Época 13/30, Batch 2650/3348, Loss: 0.1272
2025-10-10 09:16:58,427 [INFO] Época 13/30, Batch 2700/3348, Loss: 0.0856
2025-10-10 09:16:58,701 [INFO] Época 13/30, Batch 2750/3348, Loss: 0.0625
2025-10-10 09:16:58,974 [INFO] Época 13/30, Batch 2800/3348, Loss: 0.1834
2025-10-10 09:16:59,238 [INFO] Época 13/30, Batch 2850/3348, Loss: 0.1105
2025-10-10 09:16:59,503 [INFO] Época 13/30, Batch 2900/3348, Loss: 0.0810
2025-10-10 09:16:59,766 [INFO] Época 13/30, Batch 2950/3348, Loss: 0.1229
2025-10-10 09:17:00,031 [INFO] Época 13/30, Batch 3000/3348, Loss: 0.0843
2025-10-10 09:17:00,294 [INFO] Época 13/30, Batch 3050/3348, Loss: 0.1803
2025-10-10 09:17:00,558 [INFO] Época 13/30, Batch 3100/3348, Loss: 0.1213
2025-10-10 09:17:00,822 [INFO] Época 13/30, Batch 3150/3348, Loss: 0.1531
2025-10-10 09:17:01,088 [INFO] Época 13/30, Batch 3200/3348, Loss: 0.1092
2025-10-10 09:17:01,352 [INFO] Época 13/30, Batch 3250/3348, Loss: 0.1304
2025-10-10 09:17:01,615 [INFO] Época 13/30, Batch 3300/3348, Loss: 0.0698
2025-10-10 09:17:03,488 [INFO] [13/30] Train Loss: 0.1312 | Val Loss: 0.3763 | Tempo: 19.97s
2025-10-10 09:17:03,489 [INFO] Early stopping ativado após 10 épocas sem melhoria
2025-10-10 09:17:03,489 [INFO] Treinamento concluído em 256.24 segundos (4.27 minutos)
2025-10-10 09:17:03,489 [INFO] Iniciando avaliação no conjunto de teste...
2025-10-10 09:17:04,978 [INFO] Avaliação do teste concluída em 1.49 segundos
2025-10-10 09:17:04,978 [INFO] MSE no teste: 1.0735
2025-10-10 09:17:04,979 [INFO] RMSE no teste: 1.0361
2025-10-10 09:17:04,979 [INFO] MAE no teste: 0.8763
2025-10-10 09:17:04,979 [INFO] Métricas salvas em /mnt/hdd/home/jdurao/ToolBox-ChemXAI/logs/mlp_att11_Avalon_metrics.json
