2025-10-09 20:42:32,646 [INFO] Iniciando treinamento do modelo mlp_att3_AtomPair
2025-10-09 20:42:32,646 [INFO] Configuração: att_index=3, epochs=30, layers=[128, 64, 32], lr=0.001, batch_size=32, descriptor_type=AtomPair
2025-10-09 20:42:32,646 [INFO] Diretório para modelos: /mnt/hdd/home/jdurao/ToolBox-ChemXAI/models
2025-10-09 20:42:32,646 [INFO] Carregando dados...
2025-10-09 20:42:32,732 [INFO] Preparando dataloaders sem ruído...
2025-10-09 20:42:41,386 [INFO] Dados carregados em 8.74 segundos
2025-10-09 20:42:41,386 [INFO] Tamanhos dos conjuntos - Treino: 107108, Validação: 13388, Teste: 13389
2025-10-09 20:42:41,386 [INFO] Usando dispositivo: cuda
2025-10-09 20:42:41,784 [INFO] Dimensão de entrada: 512, Dimensão de saída: 1
2025-10-09 20:42:41,784 [INFO] Criando modelo MLP com camadas: [128, 64, 32]
2025-10-09 20:42:41,789 [INFO] Modelo criado com 76033 parâmetros
2025-10-09 20:42:41,791 [INFO] Iniciando treinamento com 30 épocas...
2025-10-09 20:42:42,396 [INFO] Época 1/30, Batch 50/3348, Loss: 0.6360
2025-10-09 20:42:42,670 [INFO] Época 1/30, Batch 100/3348, Loss: 0.5118
2025-10-09 20:42:42,942 [INFO] Época 1/30, Batch 150/3348, Loss: 0.6461
2025-10-09 20:42:43,214 [INFO] Época 1/30, Batch 200/3348, Loss: 0.7280
2025-10-09 20:42:43,482 [INFO] Época 1/30, Batch 250/3348, Loss: 0.4143
2025-10-09 20:42:43,749 [INFO] Época 1/30, Batch 300/3348, Loss: 0.4848
2025-10-09 20:42:44,015 [INFO] Época 1/30, Batch 350/3348, Loss: 0.5828
2025-10-09 20:42:44,281 [INFO] Época 1/30, Batch 400/3348, Loss: 0.5699
2025-10-09 20:42:44,552 [INFO] Época 1/30, Batch 450/3348, Loss: 0.4812
2025-10-09 20:42:44,824 [INFO] Época 1/30, Batch 500/3348, Loss: 0.5963
2025-10-09 20:42:45,095 [INFO] Época 1/30, Batch 550/3348, Loss: 0.3651
2025-10-09 20:42:45,364 [INFO] Época 1/30, Batch 600/3348, Loss: 0.5244
2025-10-09 20:42:45,634 [INFO] Época 1/30, Batch 650/3348, Loss: 0.6495
2025-10-09 20:42:45,902 [INFO] Época 1/30, Batch 700/3348, Loss: 0.5770
2025-10-09 20:42:46,173 [INFO] Época 1/30, Batch 750/3348, Loss: 0.4879
2025-10-09 20:42:46,440 [INFO] Época 1/30, Batch 800/3348, Loss: 0.6113
2025-10-09 20:42:46,707 [INFO] Época 1/30, Batch 850/3348, Loss: 0.6248
2025-10-09 20:42:46,978 [INFO] Época 1/30, Batch 900/3348, Loss: 0.5944
2025-10-09 20:42:47,244 [INFO] Época 1/30, Batch 950/3348, Loss: 0.3840
2025-10-09 20:42:47,510 [INFO] Época 1/30, Batch 1000/3348, Loss: 0.4100
2025-10-09 20:42:47,776 [INFO] Época 1/30, Batch 1050/3348, Loss: 0.7246
2025-10-09 20:42:48,037 [INFO] Época 1/30, Batch 1100/3348, Loss: 0.4654
2025-10-09 20:42:48,294 [INFO] Época 1/30, Batch 1150/3348, Loss: 0.5193
2025-10-09 20:42:48,553 [INFO] Época 1/30, Batch 1200/3348, Loss: 0.4507
2025-10-09 20:42:48,809 [INFO] Época 1/30, Batch 1250/3348, Loss: 0.5110
2025-10-09 20:42:49,064 [INFO] Época 1/30, Batch 1300/3348, Loss: 0.4639
2025-10-09 20:42:49,320 [INFO] Época 1/30, Batch 1350/3348, Loss: 0.4142
2025-10-09 20:42:49,575 [INFO] Época 1/30, Batch 1400/3348, Loss: 0.3621
2025-10-09 20:42:49,830 [INFO] Época 1/30, Batch 1450/3348, Loss: 0.3626
2025-10-09 20:42:50,087 [INFO] Época 1/30, Batch 1500/3348, Loss: 0.3735
2025-10-09 20:42:50,342 [INFO] Época 1/30, Batch 1550/3348, Loss: 0.3987
2025-10-09 20:42:50,597 [INFO] Época 1/30, Batch 1600/3348, Loss: 0.5301
2025-10-09 20:42:50,861 [INFO] Época 1/30, Batch 1650/3348, Loss: 0.4155
2025-10-09 20:42:51,125 [INFO] Época 1/30, Batch 1700/3348, Loss: 0.3814
2025-10-09 20:42:51,390 [INFO] Época 1/30, Batch 1750/3348, Loss: 0.5103
2025-10-09 20:42:51,654 [INFO] Época 1/30, Batch 1800/3348, Loss: 0.3064
2025-10-09 20:42:51,915 [INFO] Época 1/30, Batch 1850/3348, Loss: 0.4758
2025-10-09 20:42:52,180 [INFO] Época 1/30, Batch 1900/3348, Loss: 0.5567
2025-10-09 20:42:52,435 [INFO] Época 1/30, Batch 1950/3348, Loss: 0.5447
2025-10-09 20:42:52,692 [INFO] Época 1/30, Batch 2000/3348, Loss: 0.4503
2025-10-09 20:42:52,938 [INFO] Época 1/30, Batch 2050/3348, Loss: 0.3656
2025-10-09 20:42:53,184 [INFO] Época 1/30, Batch 2100/3348, Loss: 0.5674
2025-10-09 20:42:53,446 [INFO] Época 1/30, Batch 2150/3348, Loss: 0.5148
2025-10-09 20:42:53,704 [INFO] Época 1/30, Batch 2200/3348, Loss: 0.4197
2025-10-09 20:42:53,982 [INFO] Época 1/30, Batch 2250/3348, Loss: 0.3917
2025-10-09 20:42:54,253 [INFO] Época 1/30, Batch 2300/3348, Loss: 0.3625
2025-10-09 20:42:54,526 [INFO] Época 1/30, Batch 2350/3348, Loss: 0.4747
2025-10-09 20:42:54,799 [INFO] Época 1/30, Batch 2400/3348, Loss: 0.4694
2025-10-09 20:42:55,072 [INFO] Época 1/30, Batch 2450/3348, Loss: 0.4199
2025-10-09 20:42:55,335 [INFO] Época 1/30, Batch 2500/3348, Loss: 0.4871
2025-10-09 20:42:55,592 [INFO] Época 1/30, Batch 2550/3348, Loss: 0.3490
2025-10-09 20:42:55,870 [INFO] Época 1/30, Batch 2600/3348, Loss: 0.4023
2025-10-09 20:42:56,131 [INFO] Época 1/30, Batch 2650/3348, Loss: 0.3693
2025-10-09 20:42:56,388 [INFO] Época 1/30, Batch 2700/3348, Loss: 0.3211
2025-10-09 20:42:56,635 [INFO] Época 1/30, Batch 2750/3348, Loss: 0.4747
2025-10-09 20:42:56,886 [INFO] Época 1/30, Batch 2800/3348, Loss: 0.4183
2025-10-09 20:42:57,148 [INFO] Época 1/30, Batch 2850/3348, Loss: 0.5502
2025-10-09 20:42:57,394 [INFO] Época 1/30, Batch 2900/3348, Loss: 0.5351
2025-10-09 20:42:57,665 [INFO] Época 1/30, Batch 2950/3348, Loss: 0.3853
2025-10-09 20:42:57,925 [INFO] Época 1/30, Batch 3000/3348, Loss: 0.2882
2025-10-09 20:42:58,189 [INFO] Época 1/30, Batch 3050/3348, Loss: 0.3515
2025-10-09 20:42:58,461 [INFO] Época 1/30, Batch 3100/3348, Loss: 0.3754
2025-10-09 20:42:58,724 [INFO] Época 1/30, Batch 3150/3348, Loss: 0.3793
2025-10-09 20:42:58,983 [INFO] Época 1/30, Batch 3200/3348, Loss: 0.3954
2025-10-09 20:42:59,247 [INFO] Época 1/30, Batch 3250/3348, Loss: 0.4012
2025-10-09 20:42:59,502 [INFO] Época 1/30, Batch 3300/3348, Loss: 0.4701
2025-10-09 20:43:01,446 [INFO] [1/30] Train Loss: 0.4731 | Val Loss: 0.4083 | Tempo: 19.66s
2025-10-09 20:43:01,452 [INFO] Melhor modelo salvo em: /mnt/hdd/home/jdurao/ToolBox-ChemXAI/models/mlp_qm9_AtomPair_att3_large.pth
2025-10-09 20:43:02,059 [INFO] Época 2/30, Batch 50/3348, Loss: 0.4019
2025-10-09 20:43:02,326 [INFO] Época 2/30, Batch 100/3348, Loss: 0.5424
2025-10-09 20:43:02,591 [INFO] Época 2/30, Batch 150/3348, Loss: 0.5030
2025-10-09 20:43:02,857 [INFO] Época 2/30, Batch 200/3348, Loss: 0.4087
2025-10-09 20:43:03,123 [INFO] Época 2/30, Batch 250/3348, Loss: 0.3726
2025-10-09 20:43:03,387 [INFO] Época 2/30, Batch 300/3348, Loss: 0.3637
2025-10-09 20:43:03,649 [INFO] Época 2/30, Batch 350/3348, Loss: 0.5319
2025-10-09 20:43:03,910 [INFO] Época 2/30, Batch 400/3348, Loss: 0.2916
2025-10-09 20:43:04,169 [INFO] Época 2/30, Batch 450/3348, Loss: 0.3982
2025-10-09 20:43:04,432 [INFO] Época 2/30, Batch 500/3348, Loss: 0.4855
2025-10-09 20:43:04,694 [INFO] Época 2/30, Batch 550/3348, Loss: 0.5348
2025-10-09 20:43:04,960 [INFO] Época 2/30, Batch 600/3348, Loss: 0.3119
2025-10-09 20:43:05,222 [INFO] Época 2/30, Batch 650/3348, Loss: 0.4402
2025-10-09 20:43:05,487 [INFO] Época 2/30, Batch 700/3348, Loss: 0.5898
2025-10-09 20:43:05,745 [INFO] Época 2/30, Batch 750/3348, Loss: 0.3051
2025-10-09 20:43:06,003 [INFO] Época 2/30, Batch 800/3348, Loss: 0.4350
2025-10-09 20:43:06,260 [INFO] Época 2/30, Batch 850/3348, Loss: 0.3103
2025-10-09 20:43:06,519 [INFO] Época 2/30, Batch 900/3348, Loss: 0.5831
2025-10-09 20:43:06,776 [INFO] Época 2/30, Batch 950/3348, Loss: 0.4227
2025-10-09 20:43:07,036 [INFO] Época 2/30, Batch 1000/3348, Loss: 0.4113
2025-10-09 20:43:07,293 [INFO] Época 2/30, Batch 1050/3348, Loss: 0.4273
2025-10-09 20:43:07,552 [INFO] Época 2/30, Batch 1100/3348, Loss: 0.4644
2025-10-09 20:43:07,815 [INFO] Época 2/30, Batch 1150/3348, Loss: 0.4164
2025-10-09 20:43:08,076 [INFO] Época 2/30, Batch 1200/3348, Loss: 0.3619
2025-10-09 20:43:08,339 [INFO] Época 2/30, Batch 1250/3348, Loss: 0.5526
2025-10-09 20:43:08,602 [INFO] Época 2/30, Batch 1300/3348, Loss: 0.4213
2025-10-09 20:43:08,868 [INFO] Época 2/30, Batch 1350/3348, Loss: 0.3994
2025-10-09 20:43:09,132 [INFO] Época 2/30, Batch 1400/3348, Loss: 0.3727
2025-10-09 20:43:09,396 [INFO] Época 2/30, Batch 1450/3348, Loss: 0.4585
2025-10-09 20:43:09,661 [INFO] Época 2/30, Batch 1500/3348, Loss: 0.4645
2025-10-09 20:43:09,932 [INFO] Época 2/30, Batch 1550/3348, Loss: 0.4423
2025-10-09 20:43:10,198 [INFO] Época 2/30, Batch 1600/3348, Loss: 0.3325
2025-10-09 20:43:10,462 [INFO] Época 2/30, Batch 1650/3348, Loss: 0.4395
2025-10-09 20:43:10,730 [INFO] Época 2/30, Batch 1700/3348, Loss: 0.4992
2025-10-09 20:43:10,998 [INFO] Época 2/30, Batch 1750/3348, Loss: 0.5669
2025-10-09 20:43:11,268 [INFO] Época 2/30, Batch 1800/3348, Loss: 0.4011
2025-10-09 20:43:11,539 [INFO] Época 2/30, Batch 1850/3348, Loss: 0.5090
2025-10-09 20:43:11,805 [INFO] Época 2/30, Batch 1900/3348, Loss: 0.3133
2025-10-09 20:43:12,073 [INFO] Época 2/30, Batch 1950/3348, Loss: 0.3545
2025-10-09 20:43:12,339 [INFO] Época 2/30, Batch 2000/3348, Loss: 0.5023
2025-10-09 20:43:12,609 [INFO] Época 2/30, Batch 2050/3348, Loss: 0.6044
2025-10-09 20:43:12,876 [INFO] Época 2/30, Batch 2100/3348, Loss: 0.3506
2025-10-09 20:43:13,143 [INFO] Época 2/30, Batch 2150/3348, Loss: 0.2912
2025-10-09 20:43:13,409 [INFO] Época 2/30, Batch 2200/3348, Loss: 0.4458
2025-10-09 20:43:13,676 [INFO] Época 2/30, Batch 2250/3348, Loss: 0.3849
2025-10-09 20:43:13,944 [INFO] Época 2/30, Batch 2300/3348, Loss: 0.3424
2025-10-09 20:43:14,210 [INFO] Época 2/30, Batch 2350/3348, Loss: 0.6651
2025-10-09 20:43:14,477 [INFO] Época 2/30, Batch 2400/3348, Loss: 0.4434
2025-10-09 20:43:14,745 [INFO] Época 2/30, Batch 2450/3348, Loss: 0.4272
2025-10-09 20:43:15,009 [INFO] Época 2/30, Batch 2500/3348, Loss: 0.4130
2025-10-09 20:43:15,275 [INFO] Época 2/30, Batch 2550/3348, Loss: 0.3477
2025-10-09 20:43:15,541 [INFO] Época 2/30, Batch 2600/3348, Loss: 0.3667
2025-10-09 20:43:15,805 [INFO] Época 2/30, Batch 2650/3348, Loss: 0.2939
2025-10-09 20:43:16,068 [INFO] Época 2/30, Batch 2700/3348, Loss: 0.3135
2025-10-09 20:43:16,331 [INFO] Época 2/30, Batch 2750/3348, Loss: 0.3497
2025-10-09 20:43:16,597 [INFO] Época 2/30, Batch 2800/3348, Loss: 0.4520
2025-10-09 20:43:16,860 [INFO] Época 2/30, Batch 2850/3348, Loss: 0.5518
2025-10-09 20:43:17,122 [INFO] Época 2/30, Batch 2900/3348, Loss: 0.3057
2025-10-09 20:43:17,384 [INFO] Época 2/30, Batch 2950/3348, Loss: 0.5131
2025-10-09 20:43:17,646 [INFO] Época 2/30, Batch 3000/3348, Loss: 0.4346
2025-10-09 20:43:17,909 [INFO] Época 2/30, Batch 3050/3348, Loss: 0.3700
2025-10-09 20:43:18,171 [INFO] Época 2/30, Batch 3100/3348, Loss: 0.4309
2025-10-09 20:43:18,435 [INFO] Época 2/30, Batch 3150/3348, Loss: 0.3727
2025-10-09 20:43:18,699 [INFO] Época 2/30, Batch 3200/3348, Loss: 0.4503
2025-10-09 20:43:18,963 [INFO] Época 2/30, Batch 3250/3348, Loss: 0.4911
2025-10-09 20:43:19,226 [INFO] Época 2/30, Batch 3300/3348, Loss: 0.5712
2025-10-09 20:43:21,083 [INFO] [2/30] Train Loss: 0.4228 | Val Loss: 0.3915 | Tempo: 19.63s
2025-10-09 20:43:21,088 [INFO] Melhor modelo salvo em: /mnt/hdd/home/jdurao/ToolBox-ChemXAI/models/mlp_qm9_AtomPair_att3_large.pth
2025-10-09 20:43:21,696 [INFO] Época 3/30, Batch 50/3348, Loss: 0.3737
2025-10-09 20:43:21,967 [INFO] Época 3/30, Batch 100/3348, Loss: 0.3869
2025-10-09 20:43:22,239 [INFO] Época 3/30, Batch 150/3348, Loss: 0.4354
2025-10-09 20:43:22,506 [INFO] Época 3/30, Batch 200/3348, Loss: 0.4317
2025-10-09 20:43:22,771 [INFO] Época 3/30, Batch 250/3348, Loss: 0.4028
2025-10-09 20:43:23,036 [INFO] Época 3/30, Batch 300/3348, Loss: 0.2967
2025-10-09 20:43:23,299 [INFO] Época 3/30, Batch 350/3348, Loss: 0.3649
2025-10-09 20:43:23,563 [INFO] Época 3/30, Batch 400/3348, Loss: 0.4965
2025-10-09 20:43:23,827 [INFO] Época 3/30, Batch 450/3348, Loss: 0.5000
2025-10-09 20:43:24,090 [INFO] Época 3/30, Batch 500/3348, Loss: 0.3897
2025-10-09 20:43:24,358 [INFO] Época 3/30, Batch 550/3348, Loss: 0.4012
2025-10-09 20:43:24,621 [INFO] Época 3/30, Batch 600/3348, Loss: 0.3577
2025-10-09 20:43:24,884 [INFO] Época 3/30, Batch 650/3348, Loss: 0.2396
2025-10-09 20:43:25,144 [INFO] Época 3/30, Batch 700/3348, Loss: 0.3934
2025-10-09 20:43:25,398 [INFO] Época 3/30, Batch 750/3348, Loss: 0.4288
2025-10-09 20:43:25,658 [INFO] Época 3/30, Batch 800/3348, Loss: 0.4051
2025-10-09 20:43:25,920 [INFO] Época 3/30, Batch 850/3348, Loss: 0.3958
2025-10-09 20:43:26,180 [INFO] Época 3/30, Batch 900/3348, Loss: 0.3180
2025-10-09 20:43:26,441 [INFO] Época 3/30, Batch 950/3348, Loss: 0.4255
2025-10-09 20:43:26,701 [INFO] Época 3/30, Batch 1000/3348, Loss: 0.4442
2025-10-09 20:43:26,962 [INFO] Época 3/30, Batch 1050/3348, Loss: 0.4260
2025-10-09 20:43:27,221 [INFO] Época 3/30, Batch 1100/3348, Loss: 0.2622
2025-10-09 20:43:27,481 [INFO] Época 3/30, Batch 1150/3348, Loss: 0.4109
2025-10-09 20:43:27,747 [INFO] Época 3/30, Batch 1200/3348, Loss: 0.3447
2025-10-09 20:43:28,013 [INFO] Época 3/30, Batch 1250/3348, Loss: 0.4533
2025-10-09 20:43:28,277 [INFO] Época 3/30, Batch 1300/3348, Loss: 0.3661
2025-10-09 20:43:28,540 [INFO] Época 3/30, Batch 1350/3348, Loss: 0.3820
2025-10-09 20:43:28,803 [INFO] Época 3/30, Batch 1400/3348, Loss: 0.4934
2025-10-09 20:43:29,067 [INFO] Época 3/30, Batch 1450/3348, Loss: 0.4026
2025-10-09 20:43:29,328 [INFO] Época 3/30, Batch 1500/3348, Loss: 0.3548
2025-10-09 20:43:29,591 [INFO] Época 3/30, Batch 1550/3348, Loss: 0.3162
2025-10-09 20:43:29,854 [INFO] Época 3/30, Batch 1600/3348, Loss: 0.4639
2025-10-09 20:43:30,116 [INFO] Época 3/30, Batch 1650/3348, Loss: 0.3214
2025-10-09 20:43:30,377 [INFO] Época 3/30, Batch 1700/3348, Loss: 0.3296
2025-10-09 20:43:30,639 [INFO] Época 3/30, Batch 1750/3348, Loss: 0.3237
2025-10-09 20:43:30,903 [INFO] Época 3/30, Batch 1800/3348, Loss: 0.4128
2025-10-09 20:43:31,164 [INFO] Época 3/30, Batch 1850/3348, Loss: 0.2540
2025-10-09 20:43:31,424 [INFO] Época 3/30, Batch 1900/3348, Loss: 0.4419
2025-10-09 20:43:31,693 [INFO] Época 3/30, Batch 1950/3348, Loss: 0.3323
2025-10-09 20:43:31,956 [INFO] Época 3/30, Batch 2000/3348, Loss: 0.4603
2025-10-09 20:43:32,218 [INFO] Época 3/30, Batch 2050/3348, Loss: 0.4817
2025-10-09 20:43:32,479 [INFO] Época 3/30, Batch 2100/3348, Loss: 0.5199
2025-10-09 20:43:32,742 [INFO] Época 3/30, Batch 2150/3348, Loss: 0.4166
2025-10-09 20:43:33,003 [INFO] Época 3/30, Batch 2200/3348, Loss: 0.3586
2025-10-09 20:43:33,264 [INFO] Época 3/30, Batch 2250/3348, Loss: 0.4556
2025-10-09 20:43:33,529 [INFO] Época 3/30, Batch 2300/3348, Loss: 0.4165
2025-10-09 20:43:33,793 [INFO] Época 3/30, Batch 2350/3348, Loss: 0.3289
2025-10-09 20:43:34,055 [INFO] Época 3/30, Batch 2400/3348, Loss: 0.3542
2025-10-09 20:43:34,314 [INFO] Época 3/30, Batch 2450/3348, Loss: 0.4009
2025-10-09 20:43:34,575 [INFO] Época 3/30, Batch 2500/3348, Loss: 0.4394
2025-10-09 20:43:34,837 [INFO] Época 3/30, Batch 2550/3348, Loss: 0.2937
2025-10-09 20:43:35,100 [INFO] Época 3/30, Batch 2600/3348, Loss: 0.4504
2025-10-09 20:43:35,361 [INFO] Época 3/30, Batch 2650/3348, Loss: 0.5336
2025-10-09 20:43:35,623 [INFO] Época 3/30, Batch 2700/3348, Loss: 0.4668
2025-10-09 20:43:35,885 [INFO] Época 3/30, Batch 2750/3348, Loss: 0.2959
2025-10-09 20:43:36,149 [INFO] Época 3/30, Batch 2800/3348, Loss: 0.4468
2025-10-09 20:43:36,414 [INFO] Época 3/30, Batch 2850/3348, Loss: 0.3614
2025-10-09 20:43:36,677 [INFO] Época 3/30, Batch 2900/3348, Loss: 0.3164
2025-10-09 20:43:36,940 [INFO] Época 3/30, Batch 2950/3348, Loss: 0.5036
2025-10-09 20:43:37,200 [INFO] Época 3/30, Batch 3000/3348, Loss: 0.3717
2025-10-09 20:43:37,463 [INFO] Época 3/30, Batch 3050/3348, Loss: 0.2863
2025-10-09 20:43:37,725 [INFO] Época 3/30, Batch 3100/3348, Loss: 0.3990
2025-10-09 20:43:37,987 [INFO] Época 3/30, Batch 3150/3348, Loss: 0.3682
2025-10-09 20:43:38,252 [INFO] Época 3/30, Batch 3200/3348, Loss: 0.4551
2025-10-09 20:43:38,515 [INFO] Época 3/30, Batch 3250/3348, Loss: 0.3252
2025-10-09 20:43:38,778 [INFO] Época 3/30, Batch 3300/3348, Loss: 0.3984
2025-10-09 20:43:40,565 [INFO] [3/30] Train Loss: 0.4013 | Val Loss: 0.3875 | Tempo: 19.48s
2025-10-09 20:43:40,571 [INFO] Melhor modelo salvo em: /mnt/hdd/home/jdurao/ToolBox-ChemXAI/models/mlp_qm9_AtomPair_att3_large.pth
2025-10-09 20:43:41,185 [INFO] Época 4/30, Batch 50/3348, Loss: 0.4177
2025-10-09 20:43:41,465 [INFO] Época 4/30, Batch 100/3348, Loss: 0.4414
2025-10-09 20:43:41,741 [INFO] Época 4/30, Batch 150/3348, Loss: 0.2581
2025-10-09 20:43:42,013 [INFO] Época 4/30, Batch 200/3348, Loss: 0.3321
2025-10-09 20:43:42,276 [INFO] Época 4/30, Batch 250/3348, Loss: 0.5436
2025-10-09 20:43:42,538 [INFO] Época 4/30, Batch 300/3348, Loss: 0.4643
2025-10-09 20:43:42,803 [INFO] Época 4/30, Batch 350/3348, Loss: 0.2675
2025-10-09 20:43:43,067 [INFO] Época 4/30, Batch 400/3348, Loss: 0.3560
2025-10-09 20:43:43,336 [INFO] Época 4/30, Batch 450/3348, Loss: 0.4294
2025-10-09 20:43:43,607 [INFO] Época 4/30, Batch 500/3348, Loss: 0.4184
2025-10-09 20:43:43,870 [INFO] Época 4/30, Batch 550/3348, Loss: 0.2697
2025-10-09 20:43:44,135 [INFO] Época 4/30, Batch 600/3348, Loss: 0.3712
2025-10-09 20:43:44,397 [INFO] Época 4/30, Batch 650/3348, Loss: 0.5221
2025-10-09 20:43:44,660 [INFO] Época 4/30, Batch 700/3348, Loss: 0.3891
2025-10-09 20:43:44,932 [INFO] Época 4/30, Batch 750/3348, Loss: 0.2777
2025-10-09 20:43:45,204 [INFO] Época 4/30, Batch 800/3348, Loss: 0.2593
2025-10-09 20:43:45,477 [INFO] Época 4/30, Batch 850/3348, Loss: 0.3952
2025-10-09 20:43:45,748 [INFO] Época 4/30, Batch 900/3348, Loss: 0.3823
2025-10-09 20:43:46,019 [INFO] Época 4/30, Batch 950/3348, Loss: 0.4898
2025-10-09 20:43:46,291 [INFO] Época 4/30, Batch 1000/3348, Loss: 0.4392
2025-10-09 20:43:46,562 [INFO] Época 4/30, Batch 1050/3348, Loss: 0.3831
2025-10-09 20:43:46,834 [INFO] Época 4/30, Batch 1100/3348, Loss: 0.3387
2025-10-09 20:43:47,103 [INFO] Época 4/30, Batch 1150/3348, Loss: 0.3985
2025-10-09 20:43:47,372 [INFO] Época 4/30, Batch 1200/3348, Loss: 0.2401
2025-10-09 20:43:47,643 [INFO] Época 4/30, Batch 1250/3348, Loss: 0.5314
2025-10-09 20:43:47,909 [INFO] Época 4/30, Batch 1300/3348, Loss: 0.4239
2025-10-09 20:43:48,170 [INFO] Época 4/30, Batch 1350/3348, Loss: 0.3469
2025-10-09 20:43:48,435 [INFO] Época 4/30, Batch 1400/3348, Loss: 0.3011
2025-10-09 20:43:48,698 [INFO] Época 4/30, Batch 1450/3348, Loss: 0.3359
2025-10-09 20:43:48,959 [INFO] Época 4/30, Batch 1500/3348, Loss: 0.3609
2025-10-09 20:43:49,221 [INFO] Época 4/30, Batch 1550/3348, Loss: 0.3056
2025-10-09 20:43:49,483 [INFO] Época 4/30, Batch 1600/3348, Loss: 0.3245
2025-10-09 20:43:49,746 [INFO] Época 4/30, Batch 1650/3348, Loss: 0.4067
2025-10-09 20:43:50,011 [INFO] Época 4/30, Batch 1700/3348, Loss: 0.5130
2025-10-09 20:43:50,276 [INFO] Época 4/30, Batch 1750/3348, Loss: 0.3019
2025-10-09 20:43:50,541 [INFO] Época 4/30, Batch 1800/3348, Loss: 0.3839
2025-10-09 20:43:50,809 [INFO] Época 4/30, Batch 1850/3348, Loss: 0.2861
2025-10-09 20:43:51,073 [INFO] Época 4/30, Batch 1900/3348, Loss: 0.3664
2025-10-09 20:43:51,340 [INFO] Época 4/30, Batch 1950/3348, Loss: 0.5321
2025-10-09 20:43:51,605 [INFO] Época 4/30, Batch 2000/3348, Loss: 0.4046
2025-10-09 20:43:51,869 [INFO] Época 4/30, Batch 2050/3348, Loss: 0.3437
2025-10-09 20:43:52,133 [INFO] Época 4/30, Batch 2100/3348, Loss: 0.4714
2025-10-09 20:43:52,396 [INFO] Época 4/30, Batch 2150/3348, Loss: 0.4038
2025-10-09 20:43:52,661 [INFO] Época 4/30, Batch 2200/3348, Loss: 0.3212
2025-10-09 20:43:52,929 [INFO] Época 4/30, Batch 2250/3348, Loss: 0.3206
2025-10-09 20:43:53,194 [INFO] Época 4/30, Batch 2300/3348, Loss: 0.3162
2025-10-09 20:43:53,460 [INFO] Época 4/30, Batch 2350/3348, Loss: 0.4207
2025-10-09 20:43:53,724 [INFO] Época 4/30, Batch 2400/3348, Loss: 0.4427
2025-10-09 20:43:53,986 [INFO] Época 4/30, Batch 2450/3348, Loss: 0.3268
2025-10-09 20:43:54,249 [INFO] Época 4/30, Batch 2500/3348, Loss: 0.3358
2025-10-09 20:43:54,514 [INFO] Época 4/30, Batch 2550/3348, Loss: 0.3904
2025-10-09 20:43:54,779 [INFO] Época 4/30, Batch 2600/3348, Loss: 0.4478
2025-10-09 20:43:55,045 [INFO] Época 4/30, Batch 2650/3348, Loss: 0.3572
2025-10-09 20:43:55,310 [INFO] Época 4/30, Batch 2700/3348, Loss: 0.3401
2025-10-09 20:43:55,574 [INFO] Época 4/30, Batch 2750/3348, Loss: 0.3056
2025-10-09 20:43:55,839 [INFO] Época 4/30, Batch 2800/3348, Loss: 0.4219
2025-10-09 20:43:56,102 [INFO] Época 4/30, Batch 2850/3348, Loss: 0.3577
2025-10-09 20:43:56,368 [INFO] Época 4/30, Batch 2900/3348, Loss: 0.4215
2025-10-09 20:43:56,634 [INFO] Época 4/30, Batch 2950/3348, Loss: 0.4285
2025-10-09 20:43:56,897 [INFO] Época 4/30, Batch 3000/3348, Loss: 0.3148
2025-10-09 20:43:57,162 [INFO] Época 4/30, Batch 3050/3348, Loss: 0.3368
2025-10-09 20:43:57,425 [INFO] Época 4/30, Batch 3100/3348, Loss: 0.3170
2025-10-09 20:43:57,690 [INFO] Época 4/30, Batch 3150/3348, Loss: 0.2241
2025-10-09 20:43:57,954 [INFO] Época 4/30, Batch 3200/3348, Loss: 0.3850
2025-10-09 20:43:58,217 [INFO] Época 4/30, Batch 3250/3348, Loss: 0.3285
2025-10-09 20:43:58,483 [INFO] Época 4/30, Batch 3300/3348, Loss: 0.3130
2025-10-09 20:44:00,436 [INFO] [4/30] Train Loss: 0.3857 | Val Loss: 0.3802 | Tempo: 19.86s
2025-10-09 20:44:00,441 [INFO] Melhor modelo salvo em: /mnt/hdd/home/jdurao/ToolBox-ChemXAI/models/mlp_qm9_AtomPair_att3_large.pth
2025-10-09 20:44:01,045 [INFO] Época 5/30, Batch 50/3348, Loss: 0.3561
2025-10-09 20:44:01,316 [INFO] Época 5/30, Batch 100/3348, Loss: 0.2835
2025-10-09 20:44:01,580 [INFO] Época 5/30, Batch 150/3348, Loss: 0.3188
2025-10-09 20:44:01,841 [INFO] Época 5/30, Batch 200/3348, Loss: 0.3428
2025-10-09 20:44:02,105 [INFO] Época 5/30, Batch 250/3348, Loss: 0.4627
2025-10-09 20:44:02,367 [INFO] Época 5/30, Batch 300/3348, Loss: 0.4198
2025-10-09 20:44:02,630 [INFO] Época 5/30, Batch 350/3348, Loss: 0.4218
2025-10-09 20:44:02,892 [INFO] Época 5/30, Batch 400/3348, Loss: 0.3903
2025-10-09 20:44:03,153 [INFO] Época 5/30, Batch 450/3348, Loss: 0.4580
2025-10-09 20:44:03,414 [INFO] Época 5/30, Batch 500/3348, Loss: 0.4196
2025-10-09 20:44:03,675 [INFO] Época 5/30, Batch 550/3348, Loss: 0.3059
2025-10-09 20:44:03,937 [INFO] Época 5/30, Batch 600/3348, Loss: 0.2814
2025-10-09 20:44:04,196 [INFO] Época 5/30, Batch 650/3348, Loss: 0.3045
2025-10-09 20:44:04,457 [INFO] Época 5/30, Batch 700/3348, Loss: 0.4000
2025-10-09 20:44:04,718 [INFO] Época 5/30, Batch 750/3348, Loss: 0.4001
2025-10-09 20:44:04,979 [INFO] Época 5/30, Batch 800/3348, Loss: 0.4122
2025-10-09 20:44:05,241 [INFO] Época 5/30, Batch 850/3348, Loss: 0.3384
2025-10-09 20:44:05,501 [INFO] Época 5/30, Batch 900/3348, Loss: 0.3879
2025-10-09 20:44:05,762 [INFO] Época 5/30, Batch 950/3348, Loss: 0.4413
2025-10-09 20:44:06,021 [INFO] Época 5/30, Batch 1000/3348, Loss: 0.3475
2025-10-09 20:44:06,280 [INFO] Época 5/30, Batch 1050/3348, Loss: 0.3821
2025-10-09 20:44:06,539 [INFO] Época 5/30, Batch 1100/3348, Loss: 0.4563
2025-10-09 20:44:06,802 [INFO] Época 5/30, Batch 1150/3348, Loss: 0.4512
2025-10-09 20:44:07,063 [INFO] Época 5/30, Batch 1200/3348, Loss: 0.2879
2025-10-09 20:44:07,323 [INFO] Época 5/30, Batch 1250/3348, Loss: 0.4381
2025-10-09 20:44:07,585 [INFO] Época 5/30, Batch 1300/3348, Loss: 0.4084
2025-10-09 20:44:07,845 [INFO] Época 5/30, Batch 1350/3348, Loss: 0.2965
2025-10-09 20:44:08,107 [INFO] Época 5/30, Batch 1400/3348, Loss: 0.4052
2025-10-09 20:44:08,368 [INFO] Época 5/30, Batch 1450/3348, Loss: 0.4364
2025-10-09 20:44:08,629 [INFO] Época 5/30, Batch 1500/3348, Loss: 0.3696
2025-10-09 20:44:08,890 [INFO] Época 5/30, Batch 1550/3348, Loss: 0.3497
2025-10-09 20:44:09,151 [INFO] Época 5/30, Batch 1600/3348, Loss: 0.3959
2025-10-09 20:44:09,412 [INFO] Época 5/30, Batch 1650/3348, Loss: 0.3679
2025-10-09 20:44:09,674 [INFO] Época 5/30, Batch 1700/3348, Loss: 0.3656
2025-10-09 20:44:09,935 [INFO] Época 5/30, Batch 1750/3348, Loss: 0.4081
2025-10-09 20:44:10,196 [INFO] Época 5/30, Batch 1800/3348, Loss: 0.3387
2025-10-09 20:44:10,458 [INFO] Época 5/30, Batch 1850/3348, Loss: 0.2891
2025-10-09 20:44:10,721 [INFO] Época 5/30, Batch 1900/3348, Loss: 0.3390
2025-10-09 20:44:10,982 [INFO] Época 5/30, Batch 1950/3348, Loss: 0.2485
2025-10-09 20:44:11,243 [INFO] Época 5/30, Batch 2000/3348, Loss: 0.4864
2025-10-09 20:44:11,505 [INFO] Época 5/30, Batch 2050/3348, Loss: 0.3407
2025-10-09 20:44:11,767 [INFO] Época 5/30, Batch 2100/3348, Loss: 0.4360
2025-10-09 20:44:12,030 [INFO] Época 5/30, Batch 2150/3348, Loss: 0.3862
2025-10-09 20:44:12,292 [INFO] Época 5/30, Batch 2200/3348, Loss: 0.5573
2025-10-09 20:44:12,553 [INFO] Época 5/30, Batch 2250/3348, Loss: 0.3739
2025-10-09 20:44:12,815 [INFO] Época 5/30, Batch 2300/3348, Loss: 0.3934
2025-10-09 20:44:13,077 [INFO] Época 5/30, Batch 2350/3348, Loss: 0.4200
2025-10-09 20:44:13,340 [INFO] Época 5/30, Batch 2400/3348, Loss: 0.3284
2025-10-09 20:44:13,605 [INFO] Época 5/30, Batch 2450/3348, Loss: 0.2993
2025-10-09 20:44:13,867 [INFO] Época 5/30, Batch 2500/3348, Loss: 0.3416
2025-10-09 20:44:14,130 [INFO] Época 5/30, Batch 2550/3348, Loss: 0.3519
2025-10-09 20:44:14,392 [INFO] Época 5/30, Batch 2600/3348, Loss: 0.3615
2025-10-09 20:44:14,655 [INFO] Época 5/30, Batch 2650/3348, Loss: 0.3640
2025-10-09 20:44:14,914 [INFO] Época 5/30, Batch 2700/3348, Loss: 0.3829
2025-10-09 20:44:15,176 [INFO] Época 5/30, Batch 2750/3348, Loss: 0.3817
2025-10-09 20:44:15,438 [INFO] Época 5/30, Batch 2800/3348, Loss: 0.4499
2025-10-09 20:44:15,699 [INFO] Época 5/30, Batch 2850/3348, Loss: 0.3313
2025-10-09 20:44:15,962 [INFO] Época 5/30, Batch 2900/3348, Loss: 0.4330
2025-10-09 20:44:16,222 [INFO] Época 5/30, Batch 2950/3348, Loss: 0.3294
2025-10-09 20:44:16,483 [INFO] Época 5/30, Batch 3000/3348, Loss: 0.4966
2025-10-09 20:44:16,746 [INFO] Época 5/30, Batch 3050/3348, Loss: 0.4122
2025-10-09 20:44:17,009 [INFO] Época 5/30, Batch 3100/3348, Loss: 0.3787
2025-10-09 20:44:17,273 [INFO] Época 5/30, Batch 3150/3348, Loss: 0.2900
2025-10-09 20:44:17,536 [INFO] Época 5/30, Batch 3200/3348, Loss: 0.3802
2025-10-09 20:44:17,799 [INFO] Época 5/30, Batch 3250/3348, Loss: 0.4077
2025-10-09 20:44:18,062 [INFO] Época 5/30, Batch 3300/3348, Loss: 0.4295
2025-10-09 20:44:19,992 [INFO] [5/30] Train Loss: 0.3730 | Val Loss: 0.3857 | Tempo: 19.55s
2025-10-09 20:44:20,603 [INFO] Época 6/30, Batch 50/3348, Loss: 0.4869
2025-10-09 20:44:20,873 [INFO] Época 6/30, Batch 100/3348, Loss: 0.3763
2025-10-09 20:44:21,143 [INFO] Época 6/30, Batch 150/3348, Loss: 0.3591
2025-10-09 20:44:21,407 [INFO] Época 6/30, Batch 200/3348, Loss: 0.4909
2025-10-09 20:44:21,670 [INFO] Época 6/30, Batch 250/3348, Loss: 0.3866
2025-10-09 20:44:21,932 [INFO] Época 6/30, Batch 300/3348, Loss: 0.4167
2025-10-09 20:44:22,194 [INFO] Época 6/30, Batch 350/3348, Loss: 0.2271
2025-10-09 20:44:22,454 [INFO] Época 6/30, Batch 400/3348, Loss: 0.2623
2025-10-09 20:44:22,715 [INFO] Época 6/30, Batch 450/3348, Loss: 0.3792
2025-10-09 20:44:22,977 [INFO] Época 6/30, Batch 500/3348, Loss: 0.2730
2025-10-09 20:44:23,240 [INFO] Época 6/30, Batch 550/3348, Loss: 0.3369
2025-10-09 20:44:23,504 [INFO] Época 6/30, Batch 600/3348, Loss: 0.4352
2025-10-09 20:44:23,767 [INFO] Época 6/30, Batch 650/3348, Loss: 0.3310
2025-10-09 20:44:24,023 [INFO] Época 6/30, Batch 700/3348, Loss: 0.4684
2025-10-09 20:44:24,276 [INFO] Época 6/30, Batch 750/3348, Loss: 0.3389
2025-10-09 20:44:24,530 [INFO] Época 6/30, Batch 800/3348, Loss: 0.3446
2025-10-09 20:44:24,785 [INFO] Época 6/30, Batch 850/3348, Loss: 0.3219
2025-10-09 20:44:25,040 [INFO] Época 6/30, Batch 900/3348, Loss: 0.4487
2025-10-09 20:44:25,295 [INFO] Época 6/30, Batch 950/3348, Loss: 0.4349
2025-10-09 20:44:25,548 [INFO] Época 6/30, Batch 1000/3348, Loss: 0.3526
2025-10-09 20:44:25,807 [INFO] Época 6/30, Batch 1050/3348, Loss: 0.2934
2025-10-09 20:44:26,076 [INFO] Época 6/30, Batch 1100/3348, Loss: 0.2972
2025-10-09 20:44:26,348 [INFO] Época 6/30, Batch 1150/3348, Loss: 0.2888
2025-10-09 20:44:26,616 [INFO] Época 6/30, Batch 1200/3348, Loss: 0.3841
2025-10-09 20:44:26,888 [INFO] Época 6/30, Batch 1250/3348, Loss: 0.3569
2025-10-09 20:44:27,158 [INFO] Época 6/30, Batch 1300/3348, Loss: 0.4241
2025-10-09 20:44:27,430 [INFO] Época 6/30, Batch 1350/3348, Loss: 0.5800
2025-10-09 20:44:27,704 [INFO] Época 6/30, Batch 1400/3348, Loss: 0.4712
2025-10-09 20:44:27,977 [INFO] Época 6/30, Batch 1450/3348, Loss: 0.2854
2025-10-09 20:44:28,249 [INFO] Época 6/30, Batch 1500/3348, Loss: 0.3853
2025-10-09 20:44:28,520 [INFO] Época 6/30, Batch 1550/3348, Loss: 0.4971
2025-10-09 20:44:28,785 [INFO] Época 6/30, Batch 1600/3348, Loss: 0.3981
2025-10-09 20:44:29,050 [INFO] Época 6/30, Batch 1650/3348, Loss: 0.3635
2025-10-09 20:44:29,314 [INFO] Época 6/30, Batch 1700/3348, Loss: 0.3063
2025-10-09 20:44:29,579 [INFO] Época 6/30, Batch 1750/3348, Loss: 0.3467
2025-10-09 20:44:29,845 [INFO] Época 6/30, Batch 1800/3348, Loss: 0.3371
2025-10-09 20:44:30,110 [INFO] Época 6/30, Batch 1850/3348, Loss: 0.4376
2025-10-09 20:44:30,373 [INFO] Época 6/30, Batch 1900/3348, Loss: 0.2959
2025-10-09 20:44:30,644 [INFO] Época 6/30, Batch 1950/3348, Loss: 0.3663
2025-10-09 20:44:30,909 [INFO] Época 6/30, Batch 2000/3348, Loss: 0.2922
2025-10-09 20:44:31,172 [INFO] Época 6/30, Batch 2050/3348, Loss: 0.3796
2025-10-09 20:44:31,435 [INFO] Época 6/30, Batch 2100/3348, Loss: 0.2758
2025-10-09 20:44:31,709 [INFO] Época 6/30, Batch 2150/3348, Loss: 0.3494
2025-10-09 20:44:31,974 [INFO] Época 6/30, Batch 2200/3348, Loss: 0.4651
2025-10-09 20:44:32,237 [INFO] Época 6/30, Batch 2250/3348, Loss: 0.2802
2025-10-09 20:44:32,499 [INFO] Época 6/30, Batch 2300/3348, Loss: 0.3077
2025-10-09 20:44:32,762 [INFO] Época 6/30, Batch 2350/3348, Loss: 0.2389
2025-10-09 20:44:33,025 [INFO] Época 6/30, Batch 2400/3348, Loss: 0.4325
2025-10-09 20:44:33,288 [INFO] Época 6/30, Batch 2450/3348, Loss: 0.3618
2025-10-09 20:44:33,551 [INFO] Época 6/30, Batch 2500/3348, Loss: 0.3505
2025-10-09 20:44:33,814 [INFO] Época 6/30, Batch 2550/3348, Loss: 0.3955
2025-10-09 20:44:34,075 [INFO] Época 6/30, Batch 2600/3348, Loss: 0.5655
2025-10-09 20:44:34,339 [INFO] Época 6/30, Batch 2650/3348, Loss: 0.3005
2025-10-09 20:44:34,603 [INFO] Época 6/30, Batch 2700/3348, Loss: 0.2247
2025-10-09 20:44:34,865 [INFO] Época 6/30, Batch 2750/3348, Loss: 0.3550
2025-10-09 20:44:35,127 [INFO] Época 6/30, Batch 2800/3348, Loss: 0.3376
2025-10-09 20:44:35,389 [INFO] Época 6/30, Batch 2850/3348, Loss: 0.4282
2025-10-09 20:44:35,651 [INFO] Época 6/30, Batch 2900/3348, Loss: 0.2910
2025-10-09 20:44:35,916 [INFO] Época 6/30, Batch 2950/3348, Loss: 0.5108
2025-10-09 20:44:36,180 [INFO] Época 6/30, Batch 3000/3348, Loss: 0.3226
2025-10-09 20:44:36,443 [INFO] Época 6/30, Batch 3050/3348, Loss: 0.1886
2025-10-09 20:44:36,714 [INFO] Época 6/30, Batch 3100/3348, Loss: 0.4406
2025-10-09 20:44:36,975 [INFO] Época 6/30, Batch 3150/3348, Loss: 0.3923
2025-10-09 20:44:37,238 [INFO] Época 6/30, Batch 3200/3348, Loss: 0.3735
2025-10-09 20:44:37,501 [INFO] Época 6/30, Batch 3250/3348, Loss: 0.4697
2025-10-09 20:44:37,766 [INFO] Época 6/30, Batch 3300/3348, Loss: 0.3853
2025-10-09 20:44:39,612 [INFO] [6/30] Train Loss: 0.3629 | Val Loss: 0.3790 | Tempo: 19.62s
2025-10-09 20:44:39,617 [INFO] Melhor modelo salvo em: /mnt/hdd/home/jdurao/ToolBox-ChemXAI/models/mlp_qm9_AtomPair_att3_large.pth
2025-10-09 20:44:40,224 [INFO] Época 7/30, Batch 50/3348, Loss: 0.2586
2025-10-09 20:44:40,491 [INFO] Época 7/30, Batch 100/3348, Loss: 0.2527
2025-10-09 20:44:40,754 [INFO] Época 7/30, Batch 150/3348, Loss: 0.3491
2025-10-09 20:44:41,017 [INFO] Época 7/30, Batch 200/3348, Loss: 0.2786
2025-10-09 20:44:41,277 [INFO] Época 7/30, Batch 250/3348, Loss: 0.3570
2025-10-09 20:44:41,536 [INFO] Época 7/30, Batch 300/3348, Loss: 0.2945
2025-10-09 20:44:41,801 [INFO] Época 7/30, Batch 350/3348, Loss: 0.3525
2025-10-09 20:44:42,066 [INFO] Época 7/30, Batch 400/3348, Loss: 0.3256
2025-10-09 20:44:42,330 [INFO] Época 7/30, Batch 450/3348, Loss: 0.3567
2025-10-09 20:44:42,591 [INFO] Época 7/30, Batch 500/3348, Loss: 0.3483
2025-10-09 20:44:42,852 [INFO] Época 7/30, Batch 550/3348, Loss: 0.3541
2025-10-09 20:44:43,114 [INFO] Época 7/30, Batch 600/3348, Loss: 0.3006
2025-10-09 20:44:43,373 [INFO] Época 7/30, Batch 650/3348, Loss: 0.2933
2025-10-09 20:44:43,626 [INFO] Época 7/30, Batch 700/3348, Loss: 0.3760
2025-10-09 20:44:43,883 [INFO] Época 7/30, Batch 750/3348, Loss: 0.3235
2025-10-09 20:44:44,142 [INFO] Época 7/30, Batch 800/3348, Loss: 0.3566
2025-10-09 20:44:44,402 [INFO] Época 7/30, Batch 850/3348, Loss: 0.2663
2025-10-09 20:44:44,662 [INFO] Época 7/30, Batch 900/3348, Loss: 0.2831
2025-10-09 20:44:44,923 [INFO] Época 7/30, Batch 950/3348, Loss: 0.2952
2025-10-09 20:44:45,176 [INFO] Época 7/30, Batch 1000/3348, Loss: 0.3959
2025-10-09 20:44:45,428 [INFO] Época 7/30, Batch 1050/3348, Loss: 0.3535
2025-10-09 20:44:45,681 [INFO] Época 7/30, Batch 1100/3348, Loss: 0.4287
2025-10-09 20:44:45,940 [INFO] Época 7/30, Batch 1150/3348, Loss: 0.2872
2025-10-09 20:44:46,202 [INFO] Época 7/30, Batch 1200/3348, Loss: 0.3510
2025-10-09 20:44:46,462 [INFO] Época 7/30, Batch 1250/3348, Loss: 0.3199
2025-10-09 20:44:46,722 [INFO] Época 7/30, Batch 1300/3348, Loss: 0.4159
2025-10-09 20:44:46,985 [INFO] Época 7/30, Batch 1350/3348, Loss: 0.3821
2025-10-09 20:44:47,245 [INFO] Época 7/30, Batch 1400/3348, Loss: 0.3777
2025-10-09 20:44:47,508 [INFO] Época 7/30, Batch 1450/3348, Loss: 0.4475
2025-10-09 20:44:47,766 [INFO] Época 7/30, Batch 1500/3348, Loss: 0.3624
2025-10-09 20:44:48,025 [INFO] Época 7/30, Batch 1550/3348, Loss: 0.3186
2025-10-09 20:44:48,285 [INFO] Época 7/30, Batch 1600/3348, Loss: 0.3797
2025-10-09 20:44:48,544 [INFO] Época 7/30, Batch 1650/3348, Loss: 0.6088
2025-10-09 20:44:48,804 [INFO] Época 7/30, Batch 1700/3348, Loss: 0.5753
2025-10-09 20:44:49,063 [INFO] Época 7/30, Batch 1750/3348, Loss: 0.2821
2025-10-09 20:44:49,323 [INFO] Época 7/30, Batch 1800/3348, Loss: 0.2519
2025-10-09 20:44:49,583 [INFO] Época 7/30, Batch 1850/3348, Loss: 0.4359
2025-10-09 20:44:49,843 [INFO] Época 7/30, Batch 1900/3348, Loss: 0.2740
2025-10-09 20:44:50,102 [INFO] Época 7/30, Batch 1950/3348, Loss: 0.2599
2025-10-09 20:44:50,361 [INFO] Época 7/30, Batch 2000/3348, Loss: 0.5152
2025-10-09 20:44:50,621 [INFO] Época 7/30, Batch 2050/3348, Loss: 0.4181
2025-10-09 20:44:50,882 [INFO] Época 7/30, Batch 2100/3348, Loss: 0.4395
2025-10-09 20:44:51,142 [INFO] Época 7/30, Batch 2150/3348, Loss: 0.3881
2025-10-09 20:44:51,404 [INFO] Época 7/30, Batch 2200/3348, Loss: 0.4226
2025-10-09 20:44:51,666 [INFO] Época 7/30, Batch 2250/3348, Loss: 0.2906
2025-10-09 20:44:51,926 [INFO] Época 7/30, Batch 2300/3348, Loss: 0.3752
2025-10-09 20:44:52,186 [INFO] Época 7/30, Batch 2350/3348, Loss: 0.3900
2025-10-09 20:44:52,445 [INFO] Época 7/30, Batch 2400/3348, Loss: 0.5484
2025-10-09 20:44:52,706 [INFO] Época 7/30, Batch 2450/3348, Loss: 0.3641
2025-10-09 20:44:52,966 [INFO] Época 7/30, Batch 2500/3348, Loss: 0.3535
2025-10-09 20:44:53,227 [INFO] Época 7/30, Batch 2550/3348, Loss: 0.4039
2025-10-09 20:44:53,485 [INFO] Época 7/30, Batch 2600/3348, Loss: 0.2878
2025-10-09 20:44:53,741 [INFO] Época 7/30, Batch 2650/3348, Loss: 0.3744
2025-10-09 20:44:54,003 [INFO] Época 7/30, Batch 2700/3348, Loss: 0.3903
2025-10-09 20:44:54,264 [INFO] Época 7/30, Batch 2750/3348, Loss: 0.3091
2025-10-09 20:44:54,523 [INFO] Época 7/30, Batch 2800/3348, Loss: 0.3264
2025-10-09 20:44:54,783 [INFO] Época 7/30, Batch 2850/3348, Loss: 0.3678
2025-10-09 20:44:55,043 [INFO] Época 7/30, Batch 2900/3348, Loss: 0.2551
2025-10-09 20:44:55,305 [INFO] Época 7/30, Batch 2950/3348, Loss: 0.2111
2025-10-09 20:44:55,569 [INFO] Época 7/30, Batch 3000/3348, Loss: 0.3562
2025-10-09 20:44:55,832 [INFO] Época 7/30, Batch 3050/3348, Loss: 0.2889
2025-10-09 20:44:56,093 [INFO] Época 7/30, Batch 3100/3348, Loss: 0.4046
2025-10-09 20:44:56,355 [INFO] Época 7/30, Batch 3150/3348, Loss: 0.1892
2025-10-09 20:44:56,617 [INFO] Época 7/30, Batch 3200/3348, Loss: 0.4630
2025-10-09 20:44:56,881 [INFO] Época 7/30, Batch 3250/3348, Loss: 0.3773
2025-10-09 20:44:57,143 [INFO] Época 7/30, Batch 3300/3348, Loss: 0.6866
2025-10-09 20:44:59,104 [INFO] [7/30] Train Loss: 0.3530 | Val Loss: 0.3808 | Tempo: 19.49s
2025-10-09 20:44:59,713 [INFO] Época 8/30, Batch 50/3348, Loss: 0.3310
2025-10-09 20:44:59,977 [INFO] Época 8/30, Batch 100/3348, Loss: 0.2664
2025-10-09 20:45:00,238 [INFO] Época 8/30, Batch 150/3348, Loss: 0.2934
2025-10-09 20:45:00,499 [INFO] Época 8/30, Batch 200/3348, Loss: 0.2808
2025-10-09 20:45:00,762 [INFO] Época 8/30, Batch 250/3348, Loss: 0.2942
2025-10-09 20:45:01,023 [INFO] Época 8/30, Batch 300/3348, Loss: 0.4421
2025-10-09 20:45:01,282 [INFO] Época 8/30, Batch 350/3348, Loss: 0.3873
2025-10-09 20:45:01,542 [INFO] Época 8/30, Batch 400/3348, Loss: 0.4164
2025-10-09 20:45:01,803 [INFO] Época 8/30, Batch 450/3348, Loss: 0.4155
2025-10-09 20:45:02,061 [INFO] Época 8/30, Batch 500/3348, Loss: 0.3475
2025-10-09 20:45:02,327 [INFO] Época 8/30, Batch 550/3348, Loss: 0.3564
2025-10-09 20:45:02,591 [INFO] Época 8/30, Batch 600/3348, Loss: 0.2922
2025-10-09 20:45:02,851 [INFO] Época 8/30, Batch 650/3348, Loss: 0.3750
2025-10-09 20:45:03,109 [INFO] Época 8/30, Batch 700/3348, Loss: 0.3843
2025-10-09 20:45:03,367 [INFO] Época 8/30, Batch 750/3348, Loss: 0.4180
2025-10-09 20:45:03,627 [INFO] Época 8/30, Batch 800/3348, Loss: 0.2599
2025-10-09 20:45:03,887 [INFO] Época 8/30, Batch 850/3348, Loss: 0.3052
2025-10-09 20:45:04,146 [INFO] Época 8/30, Batch 900/3348, Loss: 0.3546
2025-10-09 20:45:04,405 [INFO] Época 8/30, Batch 950/3348, Loss: 0.3850
2025-10-09 20:45:04,660 [INFO] Época 8/30, Batch 1000/3348, Loss: 0.3706
2025-10-09 20:45:04,921 [INFO] Época 8/30, Batch 1050/3348, Loss: 0.2915
2025-10-09 20:45:05,177 [INFO] Época 8/30, Batch 1100/3348, Loss: 0.3030
2025-10-09 20:45:05,433 [INFO] Época 8/30, Batch 1150/3348, Loss: 0.2957
2025-10-09 20:45:05,689 [INFO] Época 8/30, Batch 1200/3348, Loss: 0.3201
2025-10-09 20:45:05,954 [INFO] Época 8/30, Batch 1250/3348, Loss: 0.3776
2025-10-09 20:45:06,216 [INFO] Época 8/30, Batch 1300/3348, Loss: 0.2973
2025-10-09 20:45:06,480 [INFO] Época 8/30, Batch 1350/3348, Loss: 0.4337
2025-10-09 20:45:06,743 [INFO] Época 8/30, Batch 1400/3348, Loss: 0.4484
2025-10-09 20:45:07,006 [INFO] Época 8/30, Batch 1450/3348, Loss: 0.3691
2025-10-09 20:45:07,272 [INFO] Época 8/30, Batch 1500/3348, Loss: 0.3171
2025-10-09 20:45:07,536 [INFO] Época 8/30, Batch 1550/3348, Loss: 0.3008
2025-10-09 20:45:07,798 [INFO] Época 8/30, Batch 1600/3348, Loss: 0.4775
2025-10-09 20:45:08,062 [INFO] Época 8/30, Batch 1650/3348, Loss: 0.3781
2025-10-09 20:45:08,324 [INFO] Época 8/30, Batch 1700/3348, Loss: 0.3095
2025-10-09 20:45:08,590 [INFO] Época 8/30, Batch 1750/3348, Loss: 0.4929
2025-10-09 20:45:08,856 [INFO] Época 8/30, Batch 1800/3348, Loss: 0.3413
2025-10-09 20:45:09,119 [INFO] Época 8/30, Batch 1850/3348, Loss: 0.2630
2025-10-09 20:45:09,383 [INFO] Época 8/30, Batch 1900/3348, Loss: 0.2810
2025-10-09 20:45:09,646 [INFO] Época 8/30, Batch 1950/3348, Loss: 0.4831
2025-10-09 20:45:09,919 [INFO] Época 8/30, Batch 2000/3348, Loss: 0.4679
2025-10-09 20:45:10,196 [INFO] Época 8/30, Batch 2050/3348, Loss: 0.3019
2025-10-09 20:45:10,470 [INFO] Época 8/30, Batch 2100/3348, Loss: 0.2281
2025-10-09 20:45:10,734 [INFO] Época 8/30, Batch 2150/3348, Loss: 0.4559
2025-10-09 20:45:10,999 [INFO] Época 8/30, Batch 2200/3348, Loss: 0.4052
2025-10-09 20:45:11,264 [INFO] Época 8/30, Batch 2250/3348, Loss: 0.2873
2025-10-09 20:45:11,529 [INFO] Época 8/30, Batch 2300/3348, Loss: 0.2745
2025-10-09 20:45:11,798 [INFO] Época 8/30, Batch 2350/3348, Loss: 0.6005
2025-10-09 20:45:12,069 [INFO] Época 8/30, Batch 2400/3348, Loss: 0.3557
2025-10-09 20:45:12,344 [INFO] Época 8/30, Batch 2450/3348, Loss: 0.3366
2025-10-09 20:45:12,622 [INFO] Época 8/30, Batch 2500/3348, Loss: 0.3651
2025-10-09 20:45:12,896 [INFO] Época 8/30, Batch 2550/3348, Loss: 0.2668
2025-10-09 20:45:13,169 [INFO] Época 8/30, Batch 2600/3348, Loss: 0.4571
2025-10-09 20:45:13,444 [INFO] Época 8/30, Batch 2650/3348, Loss: 0.3670
2025-10-09 20:45:13,717 [INFO] Época 8/30, Batch 2700/3348, Loss: 0.3182
2025-10-09 20:45:13,991 [INFO] Época 8/30, Batch 2750/3348, Loss: 0.3467
2025-10-09 20:45:14,264 [INFO] Época 8/30, Batch 2800/3348, Loss: 0.3932
2025-10-09 20:45:14,528 [INFO] Época 8/30, Batch 2850/3348, Loss: 0.4524
2025-10-09 20:45:14,795 [INFO] Época 8/30, Batch 2900/3348, Loss: 0.3542
2025-10-09 20:45:15,062 [INFO] Época 8/30, Batch 2950/3348, Loss: 0.3611
2025-10-09 20:45:15,335 [INFO] Época 8/30, Batch 3000/3348, Loss: 0.3282
2025-10-09 20:45:15,614 [INFO] Época 8/30, Batch 3050/3348, Loss: 0.3373
2025-10-09 20:45:15,881 [INFO] Época 8/30, Batch 3100/3348, Loss: 0.4931
2025-10-09 20:45:16,144 [INFO] Época 8/30, Batch 3150/3348, Loss: 0.3677
2025-10-09 20:45:16,414 [INFO] Época 8/30, Batch 3200/3348, Loss: 0.3007
2025-10-09 20:45:16,685 [INFO] Época 8/30, Batch 3250/3348, Loss: 0.2476
2025-10-09 20:45:16,957 [INFO] Época 8/30, Batch 3300/3348, Loss: 0.4625
2025-10-09 20:45:18,905 [INFO] [8/30] Train Loss: 0.3455 | Val Loss: 0.3828 | Tempo: 19.80s
2025-10-09 20:45:19,513 [INFO] Época 9/30, Batch 50/3348, Loss: 0.3803
2025-10-09 20:45:19,781 [INFO] Época 9/30, Batch 100/3348, Loss: 0.3621
2025-10-09 20:45:20,050 [INFO] Época 9/30, Batch 150/3348, Loss: 0.2638
2025-10-09 20:45:20,316 [INFO] Época 9/30, Batch 200/3348, Loss: 0.2866
2025-10-09 20:45:20,582 [INFO] Época 9/30, Batch 250/3348, Loss: 0.3550
2025-10-09 20:45:20,844 [INFO] Época 9/30, Batch 300/3348, Loss: 0.2768
2025-10-09 20:45:21,109 [INFO] Época 9/30, Batch 350/3348, Loss: 0.2770
2025-10-09 20:45:21,372 [INFO] Época 9/30, Batch 400/3348, Loss: 0.3654
2025-10-09 20:45:21,646 [INFO] Época 9/30, Batch 450/3348, Loss: 0.2301
2025-10-09 20:45:21,927 [INFO] Época 9/30, Batch 500/3348, Loss: 0.4352
2025-10-09 20:45:22,203 [INFO] Época 9/30, Batch 550/3348, Loss: 0.3345
2025-10-09 20:45:22,480 [INFO] Época 9/30, Batch 600/3348, Loss: 0.5012
2025-10-09 20:45:22,757 [INFO] Época 9/30, Batch 650/3348, Loss: 0.2743
2025-10-09 20:45:23,032 [INFO] Época 9/30, Batch 700/3348, Loss: 0.3388
2025-10-09 20:45:23,299 [INFO] Época 9/30, Batch 750/3348, Loss: 0.4077
2025-10-09 20:45:23,562 [INFO] Época 9/30, Batch 800/3348, Loss: 0.2550
2025-10-09 20:45:23,844 [INFO] Época 9/30, Batch 850/3348, Loss: 0.4651
2025-10-09 20:45:24,112 [INFO] Época 9/30, Batch 900/3348, Loss: 0.3634
2025-10-09 20:45:24,382 [INFO] Época 9/30, Batch 950/3348, Loss: 0.4207
2025-10-09 20:45:24,651 [INFO] Época 9/30, Batch 1000/3348, Loss: 0.3446
2025-10-09 20:45:24,925 [INFO] Época 9/30, Batch 1050/3348, Loss: 0.4087
2025-10-09 20:45:25,195 [INFO] Época 9/30, Batch 1100/3348, Loss: 0.4298
2025-10-09 20:45:25,466 [INFO] Época 9/30, Batch 1150/3348, Loss: 0.3616
2025-10-09 20:45:25,744 [INFO] Época 9/30, Batch 1200/3348, Loss: 0.2336
2025-10-09 20:45:26,015 [INFO] Época 9/30, Batch 1250/3348, Loss: 0.3028
2025-10-09 20:45:26,282 [INFO] Época 9/30, Batch 1300/3348, Loss: 0.3019
2025-10-09 20:45:26,551 [INFO] Época 9/30, Batch 1350/3348, Loss: 0.3411
2025-10-09 20:45:26,815 [INFO] Época 9/30, Batch 1400/3348, Loss: 0.2697
2025-10-09 20:45:27,079 [INFO] Época 9/30, Batch 1450/3348, Loss: 0.3671
2025-10-09 20:45:27,343 [INFO] Época 9/30, Batch 1500/3348, Loss: 0.2625
2025-10-09 20:45:27,621 [INFO] Época 9/30, Batch 1550/3348, Loss: 0.3068
2025-10-09 20:45:27,896 [INFO] Época 9/30, Batch 1600/3348, Loss: 0.2774
2025-10-09 20:45:28,172 [INFO] Época 9/30, Batch 1650/3348, Loss: 0.2547
2025-10-09 20:45:28,445 [INFO] Época 9/30, Batch 1700/3348, Loss: 0.4255
2025-10-09 20:45:28,721 [INFO] Época 9/30, Batch 1750/3348, Loss: 0.4150
2025-10-09 20:45:28,986 [INFO] Época 9/30, Batch 1800/3348, Loss: 0.3942
2025-10-09 20:45:29,251 [INFO] Época 9/30, Batch 1850/3348, Loss: 0.2876
2025-10-09 20:45:29,517 [INFO] Época 9/30, Batch 1900/3348, Loss: 0.4624
2025-10-09 20:45:29,781 [INFO] Época 9/30, Batch 1950/3348, Loss: 0.4258
2025-10-09 20:45:30,046 [INFO] Época 9/30, Batch 2000/3348, Loss: 0.3834
2025-10-09 20:45:30,311 [INFO] Época 9/30, Batch 2050/3348, Loss: 0.4272
2025-10-09 20:45:30,572 [INFO] Época 9/30, Batch 2100/3348, Loss: 0.3278
2025-10-09 20:45:30,838 [INFO] Época 9/30, Batch 2150/3348, Loss: 0.4709
2025-10-09 20:45:31,105 [INFO] Época 9/30, Batch 2200/3348, Loss: 0.4249
2025-10-09 20:45:31,373 [INFO] Época 9/30, Batch 2250/3348, Loss: 0.3035
2025-10-09 20:45:31,638 [INFO] Época 9/30, Batch 2300/3348, Loss: 0.3852
2025-10-09 20:45:31,901 [INFO] Época 9/30, Batch 2350/3348, Loss: 0.3369
2025-10-09 20:45:32,167 [INFO] Época 9/30, Batch 2400/3348, Loss: 0.4144
2025-10-09 20:45:32,430 [INFO] Época 9/30, Batch 2450/3348, Loss: 0.3015
2025-10-09 20:45:32,703 [INFO] Época 9/30, Batch 2500/3348, Loss: 0.3334
2025-10-09 20:45:32,980 [INFO] Época 9/30, Batch 2550/3348, Loss: 0.4209
2025-10-09 20:45:33,248 [INFO] Época 9/30, Batch 2600/3348, Loss: 0.4154
2025-10-09 20:45:33,514 [INFO] Época 9/30, Batch 2650/3348, Loss: 0.2518
2025-10-09 20:45:33,779 [INFO] Época 9/30, Batch 2700/3348, Loss: 0.2738
2025-10-09 20:45:34,046 [INFO] Época 9/30, Batch 2750/3348, Loss: 0.2901
2025-10-09 20:45:34,309 [INFO] Época 9/30, Batch 2800/3348, Loss: 0.4693
2025-10-09 20:45:34,573 [INFO] Época 9/30, Batch 2850/3348, Loss: 0.3561
2025-10-09 20:45:34,836 [INFO] Época 9/30, Batch 2900/3348, Loss: 0.3328
2025-10-09 20:45:35,099 [INFO] Época 9/30, Batch 2950/3348, Loss: 0.4395
2025-10-09 20:45:35,363 [INFO] Época 9/30, Batch 3000/3348, Loss: 0.2934
2025-10-09 20:45:35,624 [INFO] Época 9/30, Batch 3050/3348, Loss: 0.5130
2025-10-09 20:45:35,889 [INFO] Época 9/30, Batch 3100/3348, Loss: 0.2778
2025-10-09 20:45:36,153 [INFO] Época 9/30, Batch 3150/3348, Loss: 0.3485
2025-10-09 20:45:36,428 [INFO] Época 9/30, Batch 3200/3348, Loss: 0.4278
2025-10-09 20:45:36,692 [INFO] Época 9/30, Batch 3250/3348, Loss: 0.4451
2025-10-09 20:45:36,958 [INFO] Época 9/30, Batch 3300/3348, Loss: 0.2309
2025-10-09 20:45:38,928 [INFO] [9/30] Train Loss: 0.3390 | Val Loss: 0.3815 | Tempo: 20.02s
2025-10-09 20:45:39,580 [INFO] Época 10/30, Batch 50/3348, Loss: 0.3407
2025-10-09 20:45:39,857 [INFO] Época 10/30, Batch 100/3348, Loss: 0.3399
2025-10-09 20:45:40,131 [INFO] Época 10/30, Batch 150/3348, Loss: 0.2781
2025-10-09 20:45:40,401 [INFO] Época 10/30, Batch 200/3348, Loss: 0.3203
2025-10-09 20:45:40,679 [INFO] Época 10/30, Batch 250/3348, Loss: 0.3322
2025-10-09 20:45:40,959 [INFO] Época 10/30, Batch 300/3348, Loss: 0.3050
2025-10-09 20:45:41,238 [INFO] Época 10/30, Batch 350/3348, Loss: 0.3057
2025-10-09 20:45:41,515 [INFO] Época 10/30, Batch 400/3348, Loss: 0.2954
2025-10-09 20:45:41,785 [INFO] Época 10/30, Batch 450/3348, Loss: 0.2369
2025-10-09 20:45:42,061 [INFO] Época 10/30, Batch 500/3348, Loss: 0.3184
2025-10-09 20:45:42,331 [INFO] Época 10/30, Batch 550/3348, Loss: 0.2347
2025-10-09 20:45:42,593 [INFO] Época 10/30, Batch 600/3348, Loss: 0.3707
2025-10-09 20:45:42,856 [INFO] Época 10/30, Batch 650/3348, Loss: 0.3011
2025-10-09 20:45:43,115 [INFO] Época 10/30, Batch 700/3348, Loss: 0.4286
2025-10-09 20:45:43,373 [INFO] Época 10/30, Batch 750/3348, Loss: 0.3668
2025-10-09 20:45:43,633 [INFO] Época 10/30, Batch 800/3348, Loss: 0.4047
2025-10-09 20:45:43,892 [INFO] Época 10/30, Batch 850/3348, Loss: 0.2926
2025-10-09 20:45:44,152 [INFO] Época 10/30, Batch 900/3348, Loss: 0.3032
2025-10-09 20:45:44,411 [INFO] Época 10/30, Batch 950/3348, Loss: 0.3585
2025-10-09 20:45:44,670 [INFO] Época 10/30, Batch 1000/3348, Loss: 0.2918
2025-10-09 20:45:44,932 [INFO] Época 10/30, Batch 1050/3348, Loss: 0.3536
2025-10-09 20:45:45,191 [INFO] Época 10/30, Batch 1100/3348, Loss: 0.3588
2025-10-09 20:45:45,451 [INFO] Época 10/30, Batch 1150/3348, Loss: 0.2957
2025-10-09 20:45:45,709 [INFO] Época 10/30, Batch 1200/3348, Loss: 0.4291
2025-10-09 20:45:45,971 [INFO] Época 10/30, Batch 1250/3348, Loss: 0.3290
2025-10-09 20:45:46,241 [INFO] Época 10/30, Batch 1300/3348, Loss: 0.3144
2025-10-09 20:45:46,508 [INFO] Época 10/30, Batch 1350/3348, Loss: 0.3290
2025-10-09 20:45:46,784 [INFO] Época 10/30, Batch 1400/3348, Loss: 0.3597
2025-10-09 20:45:47,053 [INFO] Época 10/30, Batch 1450/3348, Loss: 0.3470
2025-10-09 20:45:47,323 [INFO] Época 10/30, Batch 1500/3348, Loss: 0.2915
2025-10-09 20:45:47,594 [INFO] Época 10/30, Batch 1550/3348, Loss: 0.4127
2025-10-09 20:45:47,863 [INFO] Época 10/30, Batch 1600/3348, Loss: 0.2781
2025-10-09 20:45:48,131 [INFO] Época 10/30, Batch 1650/3348, Loss: 0.3663
2025-10-09 20:45:48,400 [INFO] Época 10/30, Batch 1700/3348, Loss: 0.3863
2025-10-09 20:45:48,678 [INFO] Época 10/30, Batch 1750/3348, Loss: 0.2548
2025-10-09 20:45:48,953 [INFO] Época 10/30, Batch 1800/3348, Loss: 0.3593
2025-10-09 20:45:49,227 [INFO] Época 10/30, Batch 1850/3348, Loss: 0.2781
2025-10-09 20:45:49,501 [INFO] Época 10/30, Batch 1900/3348, Loss: 0.3241
2025-10-09 20:45:49,780 [INFO] Época 10/30, Batch 1950/3348, Loss: 0.2968
2025-10-09 20:45:50,054 [INFO] Época 10/30, Batch 2000/3348, Loss: 0.2630
2025-10-09 20:45:50,332 [INFO] Época 10/30, Batch 2050/3348, Loss: 0.3548
2025-10-09 20:45:50,607 [INFO] Época 10/30, Batch 2100/3348, Loss: 0.3809
2025-10-09 20:45:50,881 [INFO] Época 10/30, Batch 2150/3348, Loss: 0.3391
2025-10-09 20:45:51,152 [INFO] Época 10/30, Batch 2200/3348, Loss: 0.3109
2025-10-09 20:45:51,421 [INFO] Época 10/30, Batch 2250/3348, Loss: 0.2736
2025-10-09 20:45:51,690 [INFO] Época 10/30, Batch 2300/3348, Loss: 0.3803
2025-10-09 20:45:51,960 [INFO] Época 10/30, Batch 2350/3348, Loss: 0.2983
2025-10-09 20:45:52,234 [INFO] Época 10/30, Batch 2400/3348, Loss: 0.3897
2025-10-09 20:45:52,507 [INFO] Época 10/30, Batch 2450/3348, Loss: 0.3017
2025-10-09 20:45:52,778 [INFO] Época 10/30, Batch 2500/3348, Loss: 0.3738
2025-10-09 20:45:53,048 [INFO] Época 10/30, Batch 2550/3348, Loss: 0.4214
2025-10-09 20:45:53,323 [INFO] Época 10/30, Batch 2600/3348, Loss: 0.3409
2025-10-09 20:45:53,590 [INFO] Época 10/30, Batch 2650/3348, Loss: 0.2065
2025-10-09 20:45:53,860 [INFO] Época 10/30, Batch 2700/3348, Loss: 0.3121
2025-10-09 20:45:54,129 [INFO] Época 10/30, Batch 2750/3348, Loss: 0.2357
2025-10-09 20:45:54,397 [INFO] Época 10/30, Batch 2800/3348, Loss: 0.3387
2025-10-09 20:45:54,666 [INFO] Época 10/30, Batch 2850/3348, Loss: 0.3006
2025-10-09 20:45:54,933 [INFO] Época 10/30, Batch 2900/3348, Loss: 0.3569
2025-10-09 20:45:55,198 [INFO] Época 10/30, Batch 2950/3348, Loss: 0.3636
2025-10-09 20:45:55,463 [INFO] Época 10/30, Batch 3000/3348, Loss: 0.2568
2025-10-09 20:45:55,730 [INFO] Época 10/30, Batch 3050/3348, Loss: 0.3105
2025-10-09 20:45:56,001 [INFO] Época 10/30, Batch 3100/3348, Loss: 0.3226
2025-10-09 20:45:56,267 [INFO] Época 10/30, Batch 3150/3348, Loss: 0.2950
2025-10-09 20:45:56,534 [INFO] Época 10/30, Batch 3200/3348, Loss: 0.2648
2025-10-09 20:45:56,802 [INFO] Época 10/30, Batch 3250/3348, Loss: 0.3826
2025-10-09 20:45:57,070 [INFO] Época 10/30, Batch 3300/3348, Loss: 0.3638
2025-10-09 20:45:58,967 [INFO] [10/30] Train Loss: 0.3334 | Val Loss: 0.3806 | Tempo: 20.04s
2025-10-09 20:45:59,578 [INFO] Época 11/30, Batch 50/3348, Loss: 0.2868
2025-10-09 20:45:59,851 [INFO] Época 11/30, Batch 100/3348, Loss: 0.3047
2025-10-09 20:46:00,118 [INFO] Época 11/30, Batch 150/3348, Loss: 0.1640
2025-10-09 20:46:00,383 [INFO] Época 11/30, Batch 200/3348, Loss: 0.2197
2025-10-09 20:46:00,648 [INFO] Época 11/30, Batch 250/3348, Loss: 0.2983
2025-10-09 20:46:00,915 [INFO] Época 11/30, Batch 300/3348, Loss: 0.2759
2025-10-09 20:46:01,180 [INFO] Época 11/30, Batch 350/3348, Loss: 0.3656
2025-10-09 20:46:01,446 [INFO] Época 11/30, Batch 400/3348, Loss: 0.3217
2025-10-09 20:46:01,713 [INFO] Época 11/30, Batch 450/3348, Loss: 0.1945
2025-10-09 20:46:01,984 [INFO] Época 11/30, Batch 500/3348, Loss: 0.4308
2025-10-09 20:46:02,257 [INFO] Época 11/30, Batch 550/3348, Loss: 0.4730
2025-10-09 20:46:02,530 [INFO] Época 11/30, Batch 600/3348, Loss: 0.2461
2025-10-09 20:46:02,799 [INFO] Época 11/30, Batch 650/3348, Loss: 0.3959
2025-10-09 20:46:03,055 [INFO] Época 11/30, Batch 700/3348, Loss: 0.3650
2025-10-09 20:46:03,307 [INFO] Época 11/30, Batch 750/3348, Loss: 0.2826
2025-10-09 20:46:03,561 [INFO] Época 11/30, Batch 800/3348, Loss: 0.3203
2025-10-09 20:46:03,820 [INFO] Época 11/30, Batch 850/3348, Loss: 0.3202
2025-10-09 20:46:04,089 [INFO] Época 11/30, Batch 900/3348, Loss: 0.2879
2025-10-09 20:46:04,357 [INFO] Época 11/30, Batch 950/3348, Loss: 0.4160
2025-10-09 20:46:04,622 [INFO] Época 11/30, Batch 1000/3348, Loss: 0.2643
2025-10-09 20:46:04,887 [INFO] Época 11/30, Batch 1050/3348, Loss: 0.2746
2025-10-09 20:46:05,147 [INFO] Época 11/30, Batch 1100/3348, Loss: 0.3682
2025-10-09 20:46:05,405 [INFO] Época 11/30, Batch 1150/3348, Loss: 0.5064
2025-10-09 20:46:05,663 [INFO] Época 11/30, Batch 1200/3348, Loss: 0.3425
2025-10-09 20:46:05,921 [INFO] Época 11/30, Batch 1250/3348, Loss: 0.2810
2025-10-09 20:46:06,184 [INFO] Época 11/30, Batch 1300/3348, Loss: 0.4263
2025-10-09 20:46:06,455 [INFO] Época 11/30, Batch 1350/3348, Loss: 0.3725
2025-10-09 20:46:06,722 [INFO] Época 11/30, Batch 1400/3348, Loss: 0.3217
2025-10-09 20:46:06,990 [INFO] Época 11/30, Batch 1450/3348, Loss: 0.4792
2025-10-09 20:46:07,259 [INFO] Época 11/30, Batch 1500/3348, Loss: 0.3236
2025-10-09 20:46:07,525 [INFO] Época 11/30, Batch 1550/3348, Loss: 0.2638
2025-10-09 20:46:07,792 [INFO] Época 11/30, Batch 1600/3348, Loss: 0.2625
2025-10-09 20:46:08,059 [INFO] Época 11/30, Batch 1650/3348, Loss: 0.2659
2025-10-09 20:46:08,324 [INFO] Época 11/30, Batch 1700/3348, Loss: 0.1793
2025-10-09 20:46:08,589 [INFO] Época 11/30, Batch 1750/3348, Loss: 0.2641
2025-10-09 20:46:08,858 [INFO] Época 11/30, Batch 1800/3348, Loss: 0.3441
2025-10-09 20:46:09,128 [INFO] Época 11/30, Batch 1850/3348, Loss: 0.3879
2025-10-09 20:46:09,395 [INFO] Época 11/30, Batch 1900/3348, Loss: 0.2955
2025-10-09 20:46:09,661 [INFO] Época 11/30, Batch 1950/3348, Loss: 0.2981
2025-10-09 20:46:09,930 [INFO] Época 11/30, Batch 2000/3348, Loss: 0.3212
2025-10-09 20:46:10,197 [INFO] Época 11/30, Batch 2050/3348, Loss: 0.3278
2025-10-09 20:46:10,468 [INFO] Época 11/30, Batch 2100/3348, Loss: 0.2585
2025-10-09 20:46:10,738 [INFO] Época 11/30, Batch 2150/3348, Loss: 0.4356
2025-10-09 20:46:11,006 [INFO] Época 11/30, Batch 2200/3348, Loss: 0.3292
2025-10-09 20:46:11,275 [INFO] Época 11/30, Batch 2250/3348, Loss: 0.3117
2025-10-09 20:46:11,544 [INFO] Época 11/30, Batch 2300/3348, Loss: 0.2453
2025-10-09 20:46:11,814 [INFO] Época 11/30, Batch 2350/3348, Loss: 0.3638
2025-10-09 20:46:12,087 [INFO] Época 11/30, Batch 2400/3348, Loss: 0.3795
2025-10-09 20:46:12,360 [INFO] Época 11/30, Batch 2450/3348, Loss: 0.3340
2025-10-09 20:46:12,636 [INFO] Época 11/30, Batch 2500/3348, Loss: 0.4193
2025-10-09 20:46:12,903 [INFO] Época 11/30, Batch 2550/3348, Loss: 0.3442
2025-10-09 20:46:13,171 [INFO] Época 11/30, Batch 2600/3348, Loss: 0.3422
2025-10-09 20:46:13,440 [INFO] Época 11/30, Batch 2650/3348, Loss: 0.3238
2025-10-09 20:46:13,708 [INFO] Época 11/30, Batch 2700/3348, Loss: 0.2518
2025-10-09 20:46:13,975 [INFO] Época 11/30, Batch 2750/3348, Loss: 0.5299
2025-10-09 20:46:14,242 [INFO] Época 11/30, Batch 2800/3348, Loss: 0.3263
2025-10-09 20:46:14,509 [INFO] Época 11/30, Batch 2850/3348, Loss: 0.3380
2025-10-09 20:46:14,781 [INFO] Época 11/30, Batch 2900/3348, Loss: 0.2574
2025-10-09 20:46:15,049 [INFO] Época 11/30, Batch 2950/3348, Loss: 0.3056
2025-10-09 20:46:15,319 [INFO] Época 11/30, Batch 3000/3348, Loss: 0.2381
2025-10-09 20:46:15,588 [INFO] Época 11/30, Batch 3050/3348, Loss: 0.3721
2025-10-09 20:46:15,854 [INFO] Época 11/30, Batch 3100/3348, Loss: 0.2784
2025-10-09 20:46:16,120 [INFO] Época 11/30, Batch 3150/3348, Loss: 0.3987
2025-10-09 20:46:16,385 [INFO] Época 11/30, Batch 3200/3348, Loss: 0.3333
2025-10-09 20:46:16,650 [INFO] Época 11/30, Batch 3250/3348, Loss: 0.3055
2025-10-09 20:46:16,916 [INFO] Época 11/30, Batch 3300/3348, Loss: 0.3301
2025-10-09 20:46:18,862 [INFO] [11/30] Train Loss: 0.3274 | Val Loss: 0.3832 | Tempo: 19.89s
2025-10-09 20:46:19,503 [INFO] Época 12/30, Batch 50/3348, Loss: 0.3983
2025-10-09 20:46:19,769 [INFO] Época 12/30, Batch 100/3348, Loss: 0.2914
2025-10-09 20:46:20,030 [INFO] Época 12/30, Batch 150/3348, Loss: 0.3059
2025-10-09 20:46:20,289 [INFO] Época 12/30, Batch 200/3348, Loss: 0.3618
2025-10-09 20:46:20,548 [INFO] Época 12/30, Batch 250/3348, Loss: 0.2217
2025-10-09 20:46:20,807 [INFO] Época 12/30, Batch 300/3348, Loss: 0.2417
2025-10-09 20:46:21,068 [INFO] Época 12/30, Batch 350/3348, Loss: 0.2688
2025-10-09 20:46:21,325 [INFO] Época 12/30, Batch 400/3348, Loss: 0.3266
2025-10-09 20:46:21,585 [INFO] Época 12/30, Batch 450/3348, Loss: 0.3571
2025-10-09 20:46:21,849 [INFO] Época 12/30, Batch 500/3348, Loss: 0.2705
2025-10-09 20:46:22,109 [INFO] Época 12/30, Batch 550/3348, Loss: 0.2079
2025-10-09 20:46:22,372 [INFO] Época 12/30, Batch 600/3348, Loss: 0.3406
2025-10-09 20:46:22,631 [INFO] Época 12/30, Batch 650/3348, Loss: 0.3926
2025-10-09 20:46:22,885 [INFO] Época 12/30, Batch 700/3348, Loss: 0.3490
2025-10-09 20:46:23,153 [INFO] Época 12/30, Batch 750/3348, Loss: 0.3614
2025-10-09 20:46:23,420 [INFO] Época 12/30, Batch 800/3348, Loss: 0.2658
2025-10-09 20:46:23,674 [INFO] Época 12/30, Batch 850/3348, Loss: 0.2478
2025-10-09 20:46:23,927 [INFO] Época 12/30, Batch 900/3348, Loss: 0.3682
2025-10-09 20:46:24,180 [INFO] Época 12/30, Batch 950/3348, Loss: 0.2469
2025-10-09 20:46:24,433 [INFO] Época 12/30, Batch 1000/3348, Loss: 0.2899
2025-10-09 20:46:24,686 [INFO] Época 12/30, Batch 1050/3348, Loss: 0.2170
2025-10-09 20:46:24,938 [INFO] Época 12/30, Batch 1100/3348, Loss: 0.2267
2025-10-09 20:46:25,197 [INFO] Época 12/30, Batch 1150/3348, Loss: 0.3523
2025-10-09 20:46:25,454 [INFO] Época 12/30, Batch 1200/3348, Loss: 0.2261
2025-10-09 20:46:25,714 [INFO] Época 12/30, Batch 1250/3348, Loss: 0.3853
2025-10-09 20:46:25,973 [INFO] Época 12/30, Batch 1300/3348, Loss: 0.4639
2025-10-09 20:46:26,229 [INFO] Época 12/30, Batch 1350/3348, Loss: 0.3794
2025-10-09 20:46:26,487 [INFO] Época 12/30, Batch 1400/3348, Loss: 0.3232
2025-10-09 20:46:26,745 [INFO] Época 12/30, Batch 1450/3348, Loss: 0.2411
2025-10-09 20:46:27,004 [INFO] Época 12/30, Batch 1500/3348, Loss: 0.3345
2025-10-09 20:46:27,262 [INFO] Época 12/30, Batch 1550/3348, Loss: 0.2797
2025-10-09 20:46:27,520 [INFO] Época 12/30, Batch 1600/3348, Loss: 0.3497
2025-10-09 20:46:27,790 [INFO] Época 12/30, Batch 1650/3348, Loss: 0.3861
2025-10-09 20:46:28,049 [INFO] Época 12/30, Batch 1700/3348, Loss: 0.4521
2025-10-09 20:46:28,307 [INFO] Época 12/30, Batch 1750/3348, Loss: 0.2802
2025-10-09 20:46:28,568 [INFO] Época 12/30, Batch 1800/3348, Loss: 0.2464
2025-10-09 20:46:28,827 [INFO] Época 12/30, Batch 1850/3348, Loss: 0.3058
2025-10-09 20:46:29,086 [INFO] Época 12/30, Batch 1900/3348, Loss: 0.2590
2025-10-09 20:46:29,344 [INFO] Época 12/30, Batch 1950/3348, Loss: 0.2759
2025-10-09 20:46:29,605 [INFO] Época 12/30, Batch 2000/3348, Loss: 0.3486
2025-10-09 20:46:29,866 [INFO] Época 12/30, Batch 2050/3348, Loss: 0.4870
2025-10-09 20:46:30,126 [INFO] Época 12/30, Batch 2100/3348, Loss: 0.2274
2025-10-09 20:46:30,387 [INFO] Época 12/30, Batch 2150/3348, Loss: 0.3485
2025-10-09 20:46:30,648 [INFO] Época 12/30, Batch 2200/3348, Loss: 0.3312
2025-10-09 20:46:30,904 [INFO] Época 12/30, Batch 2250/3348, Loss: 0.3517
2025-10-09 20:46:31,162 [INFO] Época 12/30, Batch 2300/3348, Loss: 0.2257
2025-10-09 20:46:31,421 [INFO] Época 12/30, Batch 2350/3348, Loss: 0.2830
2025-10-09 20:46:31,679 [INFO] Época 12/30, Batch 2400/3348, Loss: 0.2774
2025-10-09 20:46:31,944 [INFO] Época 12/30, Batch 2450/3348, Loss: 0.3208
2025-10-09 20:46:32,202 [INFO] Época 12/30, Batch 2500/3348, Loss: 0.2590
2025-10-09 20:46:32,462 [INFO] Época 12/30, Batch 2550/3348, Loss: 0.2841
2025-10-09 20:46:32,721 [INFO] Época 12/30, Batch 2600/3348, Loss: 0.4773
2025-10-09 20:46:32,984 [INFO] Época 12/30, Batch 2650/3348, Loss: 0.4399
2025-10-09 20:46:33,242 [INFO] Época 12/30, Batch 2700/3348, Loss: 0.2925
2025-10-09 20:46:33,500 [INFO] Época 12/30, Batch 2750/3348, Loss: 0.3924
2025-10-09 20:46:33,758 [INFO] Época 12/30, Batch 2800/3348, Loss: 0.3015
2025-10-09 20:46:34,019 [INFO] Época 12/30, Batch 2850/3348, Loss: 0.2544
2025-10-09 20:46:34,278 [INFO] Época 12/30, Batch 2900/3348, Loss: 0.3051
2025-10-09 20:46:34,534 [INFO] Época 12/30, Batch 2950/3348, Loss: 0.3609
2025-10-09 20:46:34,792 [INFO] Época 12/30, Batch 3000/3348, Loss: 0.3154
2025-10-09 20:46:35,050 [INFO] Época 12/30, Batch 3050/3348, Loss: 0.2594
2025-10-09 20:46:35,310 [INFO] Época 12/30, Batch 3100/3348, Loss: 0.3414
2025-10-09 20:46:35,571 [INFO] Época 12/30, Batch 3150/3348, Loss: 0.3138
2025-10-09 20:46:35,830 [INFO] Época 12/30, Batch 3200/3348, Loss: 0.3759
2025-10-09 20:46:36,089 [INFO] Época 12/30, Batch 3250/3348, Loss: 0.2699
2025-10-09 20:46:36,346 [INFO] Época 12/30, Batch 3300/3348, Loss: 0.3135
2025-10-09 20:46:38,271 [INFO] [12/30] Train Loss: 0.3226 | Val Loss: 0.3817 | Tempo: 19.41s
2025-10-09 20:46:38,884 [INFO] Época 13/30, Batch 50/3348, Loss: 0.3131
2025-10-09 20:46:39,159 [INFO] Época 13/30, Batch 100/3348, Loss: 0.3610
2025-10-09 20:46:39,431 [INFO] Época 13/30, Batch 150/3348, Loss: 0.2467
2025-10-09 20:46:39,706 [INFO] Época 13/30, Batch 200/3348, Loss: 0.3636
2025-10-09 20:46:39,973 [INFO] Época 13/30, Batch 250/3348, Loss: 0.3135
2025-10-09 20:46:40,235 [INFO] Época 13/30, Batch 300/3348, Loss: 0.2866
2025-10-09 20:46:40,496 [INFO] Época 13/30, Batch 350/3348, Loss: 0.2385
2025-10-09 20:46:40,759 [INFO] Época 13/30, Batch 400/3348, Loss: 0.2411
2025-10-09 20:46:41,020 [INFO] Época 13/30, Batch 450/3348, Loss: 0.3090
2025-10-09 20:46:41,281 [INFO] Época 13/30, Batch 500/3348, Loss: 0.3165
2025-10-09 20:46:41,545 [INFO] Época 13/30, Batch 550/3348, Loss: 0.3438
2025-10-09 20:46:41,805 [INFO] Época 13/30, Batch 600/3348, Loss: 0.3929
2025-10-09 20:46:42,069 [INFO] Época 13/30, Batch 650/3348, Loss: 0.3611
2025-10-09 20:46:42,333 [INFO] Época 13/30, Batch 700/3348, Loss: 0.4393
2025-10-09 20:46:42,594 [INFO] Época 13/30, Batch 750/3348, Loss: 0.4335
2025-10-09 20:46:42,856 [INFO] Época 13/30, Batch 800/3348, Loss: 0.3109
2025-10-09 20:46:43,116 [INFO] Época 13/30, Batch 850/3348, Loss: 0.3154
2025-10-09 20:46:43,378 [INFO] Época 13/30, Batch 900/3348, Loss: 0.3921
2025-10-09 20:46:43,639 [INFO] Época 13/30, Batch 950/3348, Loss: 0.3005
2025-10-09 20:46:43,901 [INFO] Época 13/30, Batch 1000/3348, Loss: 0.2970
2025-10-09 20:46:44,162 [INFO] Época 13/30, Batch 1050/3348, Loss: 0.3102
2025-10-09 20:46:44,420 [INFO] Época 13/30, Batch 1100/3348, Loss: 0.3596
2025-10-09 20:46:44,683 [INFO] Época 13/30, Batch 1150/3348, Loss: 0.4424
2025-10-09 20:46:44,942 [INFO] Época 13/30, Batch 1200/3348, Loss: 0.3362
2025-10-09 20:46:45,203 [INFO] Época 13/30, Batch 1250/3348, Loss: 0.2721
2025-10-09 20:46:45,461 [INFO] Época 13/30, Batch 1300/3348, Loss: 0.2454
2025-10-09 20:46:45,724 [INFO] Época 13/30, Batch 1350/3348, Loss: 0.3642
2025-10-09 20:46:45,988 [INFO] Época 13/30, Batch 1400/3348, Loss: 0.3093
2025-10-09 20:46:46,255 [INFO] Época 13/30, Batch 1450/3348, Loss: 0.2550
2025-10-09 20:46:46,517 [INFO] Época 13/30, Batch 1500/3348, Loss: 0.3064
2025-10-09 20:46:46,779 [INFO] Época 13/30, Batch 1550/3348, Loss: 0.2989
2025-10-09 20:46:47,039 [INFO] Época 13/30, Batch 1600/3348, Loss: 0.3359
2025-10-09 20:46:47,300 [INFO] Época 13/30, Batch 1650/3348, Loss: 0.3650
2025-10-09 20:46:47,560 [INFO] Época 13/30, Batch 1700/3348, Loss: 0.2879
2025-10-09 20:46:47,821 [INFO] Época 13/30, Batch 1750/3348, Loss: 0.2247
2025-10-09 20:46:48,086 [INFO] Época 13/30, Batch 1800/3348, Loss: 0.3494
2025-10-09 20:46:48,347 [INFO] Época 13/30, Batch 1850/3348, Loss: 0.3290
2025-10-09 20:46:48,613 [INFO] Época 13/30, Batch 1900/3348, Loss: 0.3083
2025-10-09 20:46:48,882 [INFO] Época 13/30, Batch 1950/3348, Loss: 0.2823
2025-10-09 20:46:49,151 [INFO] Época 13/30, Batch 2000/3348, Loss: 0.2779
2025-10-09 20:46:49,418 [INFO] Época 13/30, Batch 2050/3348, Loss: 0.2631
2025-10-09 20:46:49,689 [INFO] Época 13/30, Batch 2100/3348, Loss: 0.3578
2025-10-09 20:46:49,961 [INFO] Época 13/30, Batch 2150/3348, Loss: 0.3208
2025-10-09 20:46:50,234 [INFO] Época 13/30, Batch 2200/3348, Loss: 0.2437
2025-10-09 20:46:50,504 [INFO] Época 13/30, Batch 2250/3348, Loss: 0.2794
2025-10-09 20:46:50,772 [INFO] Época 13/30, Batch 2300/3348, Loss: 0.4149
2025-10-09 20:46:51,041 [INFO] Época 13/30, Batch 2350/3348, Loss: 0.2663
2025-10-09 20:46:51,310 [INFO] Época 13/30, Batch 2400/3348, Loss: 0.4309
2025-10-09 20:46:51,580 [INFO] Época 13/30, Batch 2450/3348, Loss: 0.3691
2025-10-09 20:46:51,843 [INFO] Época 13/30, Batch 2500/3348, Loss: 0.3288
2025-10-09 20:46:52,105 [INFO] Época 13/30, Batch 2550/3348, Loss: 0.3274
2025-10-09 20:46:52,369 [INFO] Época 13/30, Batch 2600/3348, Loss: 0.3599
2025-10-09 20:46:52,639 [INFO] Época 13/30, Batch 2650/3348, Loss: 0.2798
2025-10-09 20:46:52,909 [INFO] Época 13/30, Batch 2700/3348, Loss: 0.2341
2025-10-09 20:46:53,174 [INFO] Época 13/30, Batch 2750/3348, Loss: 0.4967
2025-10-09 20:46:53,438 [INFO] Época 13/30, Batch 2800/3348, Loss: 0.4523
2025-10-09 20:46:53,702 [INFO] Época 13/30, Batch 2850/3348, Loss: 0.3267
2025-10-09 20:46:53,967 [INFO] Época 13/30, Batch 2900/3348, Loss: 0.5234
2025-10-09 20:46:54,231 [INFO] Época 13/30, Batch 2950/3348, Loss: 0.2474
2025-10-09 20:46:54,498 [INFO] Época 13/30, Batch 3000/3348, Loss: 0.3030
2025-10-09 20:46:54,764 [INFO] Época 13/30, Batch 3050/3348, Loss: 0.1922
2025-10-09 20:46:55,029 [INFO] Época 13/30, Batch 3100/3348, Loss: 0.2991
2025-10-09 20:46:55,294 [INFO] Época 13/30, Batch 3150/3348, Loss: 0.3104
2025-10-09 20:46:55,561 [INFO] Época 13/30, Batch 3200/3348, Loss: 0.2851
2025-10-09 20:46:55,826 [INFO] Época 13/30, Batch 3250/3348, Loss: 0.3500
2025-10-09 20:46:56,091 [INFO] Época 13/30, Batch 3300/3348, Loss: 0.2045
2025-10-09 20:46:58,033 [INFO] [13/30] Train Loss: 0.3179 | Val Loss: 0.3839 | Tempo: 19.76s
2025-10-09 20:46:58,648 [INFO] Época 14/30, Batch 50/3348, Loss: 0.3266
2025-10-09 20:46:58,916 [INFO] Época 14/30, Batch 100/3348, Loss: 0.2074
2025-10-09 20:46:59,182 [INFO] Época 14/30, Batch 150/3348, Loss: 0.3407
2025-10-09 20:46:59,448 [INFO] Época 14/30, Batch 200/3348, Loss: 0.2838
2025-10-09 20:46:59,712 [INFO] Época 14/30, Batch 250/3348, Loss: 0.3015
2025-10-09 20:46:59,976 [INFO] Época 14/30, Batch 300/3348, Loss: 0.2372
2025-10-09 20:47:00,240 [INFO] Época 14/30, Batch 350/3348, Loss: 0.2757
2025-10-09 20:47:00,502 [INFO] Época 14/30, Batch 400/3348, Loss: 0.2846
2025-10-09 20:47:00,768 [INFO] Época 14/30, Batch 450/3348, Loss: 0.3054
2025-10-09 20:47:01,033 [INFO] Época 14/30, Batch 500/3348, Loss: 0.3781
2025-10-09 20:47:01,296 [INFO] Época 14/30, Batch 550/3348, Loss: 0.2894
2025-10-09 20:47:01,558 [INFO] Época 14/30, Batch 600/3348, Loss: 0.2384
2025-10-09 20:47:01,824 [INFO] Época 14/30, Batch 650/3348, Loss: 0.2936
2025-10-09 20:47:02,093 [INFO] Época 14/30, Batch 700/3348, Loss: 0.3446
2025-10-09 20:47:02,349 [INFO] Época 14/30, Batch 750/3348, Loss: 0.4162
2025-10-09 20:47:02,605 [INFO] Época 14/30, Batch 800/3348, Loss: 0.4766
2025-10-09 20:47:02,864 [INFO] Época 14/30, Batch 850/3348, Loss: 0.2845
2025-10-09 20:47:03,125 [INFO] Época 14/30, Batch 900/3348, Loss: 0.2498
2025-10-09 20:47:03,397 [INFO] Época 14/30, Batch 950/3348, Loss: 0.2457
2025-10-09 20:47:03,669 [INFO] Época 14/30, Batch 1000/3348, Loss: 0.2754
2025-10-09 20:47:03,935 [INFO] Época 14/30, Batch 1050/3348, Loss: 0.3647
2025-10-09 20:47:04,198 [INFO] Época 14/30, Batch 1100/3348, Loss: 0.3368
2025-10-09 20:47:04,459 [INFO] Época 14/30, Batch 1150/3348, Loss: 0.3141
2025-10-09 20:47:04,726 [INFO] Época 14/30, Batch 1200/3348, Loss: 0.2761
2025-10-09 20:47:04,994 [INFO] Época 14/30, Batch 1250/3348, Loss: 0.5360
2025-10-09 20:47:05,266 [INFO] Época 14/30, Batch 1300/3348, Loss: 0.3129
2025-10-09 20:47:05,537 [INFO] Época 14/30, Batch 1350/3348, Loss: 0.3229
2025-10-09 20:47:05,810 [INFO] Época 14/30, Batch 1400/3348, Loss: 0.3716
2025-10-09 20:47:06,085 [INFO] Época 14/30, Batch 1450/3348, Loss: 0.3935
2025-10-09 20:47:06,357 [INFO] Época 14/30, Batch 1500/3348, Loss: 0.2600
2025-10-09 20:47:06,630 [INFO] Época 14/30, Batch 1550/3348, Loss: 0.2604
2025-10-09 20:47:06,894 [INFO] Época 14/30, Batch 1600/3348, Loss: 0.2410
2025-10-09 20:47:07,159 [INFO] Época 14/30, Batch 1650/3348, Loss: 0.3479
2025-10-09 20:47:07,422 [INFO] Época 14/30, Batch 1700/3348, Loss: 0.3696
2025-10-09 20:47:07,685 [INFO] Época 14/30, Batch 1750/3348, Loss: 0.2958
2025-10-09 20:47:07,948 [INFO] Época 14/30, Batch 1800/3348, Loss: 0.2765
2025-10-09 20:47:08,212 [INFO] Época 14/30, Batch 1850/3348, Loss: 0.2892
2025-10-09 20:47:08,485 [INFO] Época 14/30, Batch 1900/3348, Loss: 0.4073
2025-10-09 20:47:08,761 [INFO] Época 14/30, Batch 1950/3348, Loss: 0.3635
2025-10-09 20:47:09,033 [INFO] Época 14/30, Batch 2000/3348, Loss: 0.3652
2025-10-09 20:47:09,307 [INFO] Época 14/30, Batch 2050/3348, Loss: 0.2904
2025-10-09 20:47:09,583 [INFO] Época 14/30, Batch 2100/3348, Loss: 0.2904
2025-10-09 20:47:09,853 [INFO] Época 14/30, Batch 2150/3348, Loss: 0.2491
2025-10-09 20:47:10,129 [INFO] Época 14/30, Batch 2200/3348, Loss: 0.2884
2025-10-09 20:47:10,403 [INFO] Época 14/30, Batch 2250/3348, Loss: 0.2952
2025-10-09 20:47:10,678 [INFO] Época 14/30, Batch 2300/3348, Loss: 0.2850
2025-10-09 20:47:10,954 [INFO] Época 14/30, Batch 2350/3348, Loss: 0.2866
2025-10-09 20:47:11,228 [INFO] Época 14/30, Batch 2400/3348, Loss: 0.2671
2025-10-09 20:47:11,502 [INFO] Época 14/30, Batch 2450/3348, Loss: 0.3106
2025-10-09 20:47:11,775 [INFO] Época 14/30, Batch 2500/3348, Loss: 0.3680
2025-10-09 20:47:12,043 [INFO] Época 14/30, Batch 2550/3348, Loss: 0.4395
2025-10-09 20:47:12,310 [INFO] Época 14/30, Batch 2600/3348, Loss: 0.3353
2025-10-09 20:47:12,584 [INFO] Época 14/30, Batch 2650/3348, Loss: 0.3525
2025-10-09 20:47:12,856 [INFO] Época 14/30, Batch 2700/3348, Loss: 0.2796
2025-10-09 20:47:13,132 [INFO] Época 14/30, Batch 2750/3348, Loss: 0.2715
2025-10-09 20:47:13,404 [INFO] Época 14/30, Batch 2800/3348, Loss: 0.2590
2025-10-09 20:47:13,677 [INFO] Época 14/30, Batch 2850/3348, Loss: 0.1909
2025-10-09 20:47:13,939 [INFO] Época 14/30, Batch 2900/3348, Loss: 0.2630
2025-10-09 20:47:14,201 [INFO] Época 14/30, Batch 2950/3348, Loss: 0.2935
2025-10-09 20:47:14,464 [INFO] Época 14/30, Batch 3000/3348, Loss: 0.2571
2025-10-09 20:47:14,731 [INFO] Época 14/30, Batch 3050/3348, Loss: 0.3550
2025-10-09 20:47:15,002 [INFO] Época 14/30, Batch 3100/3348, Loss: 0.2718
2025-10-09 20:47:15,277 [INFO] Época 14/30, Batch 3150/3348, Loss: 0.2914
2025-10-09 20:47:15,550 [INFO] Época 14/30, Batch 3200/3348, Loss: 0.2931
2025-10-09 20:47:15,824 [INFO] Época 14/30, Batch 3250/3348, Loss: 0.3169
2025-10-09 20:47:16,095 [INFO] Época 14/30, Batch 3300/3348, Loss: 0.2942
2025-10-09 20:47:18,024 [INFO] [14/30] Train Loss: 0.3132 | Val Loss: 0.3805 | Tempo: 19.99s
2025-10-09 20:47:18,643 [INFO] Época 15/30, Batch 50/3348, Loss: 0.2631
2025-10-09 20:47:18,911 [INFO] Época 15/30, Batch 100/3348, Loss: 0.1761
2025-10-09 20:47:19,178 [INFO] Época 15/30, Batch 150/3348, Loss: 0.3562
2025-10-09 20:47:19,445 [INFO] Época 15/30, Batch 200/3348, Loss: 0.2621
2025-10-09 20:47:19,709 [INFO] Época 15/30, Batch 250/3348, Loss: 0.3411
2025-10-09 20:47:19,972 [INFO] Época 15/30, Batch 300/3348, Loss: 0.2667
2025-10-09 20:47:20,235 [INFO] Época 15/30, Batch 350/3348, Loss: 0.3022
2025-10-09 20:47:20,497 [INFO] Época 15/30, Batch 400/3348, Loss: 0.2636
2025-10-09 20:47:20,760 [INFO] Época 15/30, Batch 450/3348, Loss: 0.3058
2025-10-09 20:47:21,025 [INFO] Época 15/30, Batch 500/3348, Loss: 0.2978
2025-10-09 20:47:21,288 [INFO] Época 15/30, Batch 550/3348, Loss: 0.3681
2025-10-09 20:47:21,556 [INFO] Época 15/30, Batch 600/3348, Loss: 0.3204
2025-10-09 20:47:21,819 [INFO] Época 15/30, Batch 650/3348, Loss: 0.2745
2025-10-09 20:47:22,084 [INFO] Época 15/30, Batch 700/3348, Loss: 0.2768
2025-10-09 20:47:22,348 [INFO] Época 15/30, Batch 750/3348, Loss: 0.3094
2025-10-09 20:47:22,609 [INFO] Época 15/30, Batch 800/3348, Loss: 0.3361
2025-10-09 20:47:22,870 [INFO] Época 15/30, Batch 850/3348, Loss: 0.2318
2025-10-09 20:47:23,130 [INFO] Época 15/30, Batch 900/3348, Loss: 0.3123
2025-10-09 20:47:23,393 [INFO] Época 15/30, Batch 950/3348, Loss: 0.2656
2025-10-09 20:47:23,655 [INFO] Época 15/30, Batch 1000/3348, Loss: 0.2714
2025-10-09 20:47:23,916 [INFO] Época 15/30, Batch 1050/3348, Loss: 0.3244
2025-10-09 20:47:24,174 [INFO] Época 15/30, Batch 1100/3348, Loss: 0.2578
2025-10-09 20:47:24,437 [INFO] Época 15/30, Batch 1150/3348, Loss: 0.3029
2025-10-09 20:47:24,703 [INFO] Época 15/30, Batch 1200/3348, Loss: 0.2297
2025-10-09 20:47:24,967 [INFO] Época 15/30, Batch 1250/3348, Loss: 0.3268
2025-10-09 20:47:25,231 [INFO] Época 15/30, Batch 1300/3348, Loss: 0.2683
2025-10-09 20:47:25,496 [INFO] Época 15/30, Batch 1350/3348, Loss: 0.3175
2025-10-09 20:47:25,760 [INFO] Época 15/30, Batch 1400/3348, Loss: 0.3372
2025-10-09 20:47:26,027 [INFO] Época 15/30, Batch 1450/3348, Loss: 0.3169
2025-10-09 20:47:26,292 [INFO] Época 15/30, Batch 1500/3348, Loss: 0.3289
2025-10-09 20:47:26,561 [INFO] Época 15/30, Batch 1550/3348, Loss: 0.3164
2025-10-09 20:47:26,824 [INFO] Época 15/30, Batch 1600/3348, Loss: 0.3498
2025-10-09 20:47:27,086 [INFO] Época 15/30, Batch 1650/3348, Loss: 0.4294
2025-10-09 20:47:27,348 [INFO] Época 15/30, Batch 1700/3348, Loss: 0.2791
2025-10-09 20:47:27,612 [INFO] Época 15/30, Batch 1750/3348, Loss: 0.3770
2025-10-09 20:47:27,877 [INFO] Época 15/30, Batch 1800/3348, Loss: 0.3221
2025-10-09 20:47:28,139 [INFO] Época 15/30, Batch 1850/3348, Loss: 0.3096
2025-10-09 20:47:28,404 [INFO] Época 15/30, Batch 1900/3348, Loss: 0.2011
2025-10-09 20:47:28,667 [INFO] Época 15/30, Batch 1950/3348, Loss: 0.3311
2025-10-09 20:47:28,933 [INFO] Época 15/30, Batch 2000/3348, Loss: 0.3471
2025-10-09 20:47:29,196 [INFO] Época 15/30, Batch 2050/3348, Loss: 0.2798
2025-10-09 20:47:29,459 [INFO] Época 15/30, Batch 2100/3348, Loss: 0.2980
2025-10-09 20:47:29,724 [INFO] Época 15/30, Batch 2150/3348, Loss: 0.2050
2025-10-09 20:47:29,988 [INFO] Época 15/30, Batch 2200/3348, Loss: 0.3174
2025-10-09 20:47:30,254 [INFO] Época 15/30, Batch 2250/3348, Loss: 0.2783
2025-10-09 20:47:30,517 [INFO] Época 15/30, Batch 2300/3348, Loss: 0.3403
2025-10-09 20:47:30,781 [INFO] Época 15/30, Batch 2350/3348, Loss: 0.2786
2025-10-09 20:47:31,044 [INFO] Época 15/30, Batch 2400/3348, Loss: 0.4839
2025-10-09 20:47:31,309 [INFO] Época 15/30, Batch 2450/3348, Loss: 0.3339
2025-10-09 20:47:31,573 [INFO] Época 15/30, Batch 2500/3348, Loss: 0.2684
2025-10-09 20:47:31,838 [INFO] Época 15/30, Batch 2550/3348, Loss: 0.2523
2025-10-09 20:47:32,103 [INFO] Época 15/30, Batch 2600/3348, Loss: 0.3737
2025-10-09 20:47:32,366 [INFO] Época 15/30, Batch 2650/3348, Loss: 0.3218
2025-10-09 20:47:32,631 [INFO] Época 15/30, Batch 2700/3348, Loss: 0.3182
2025-10-09 20:47:32,896 [INFO] Época 15/30, Batch 2750/3348, Loss: 0.2892
2025-10-09 20:47:33,162 [INFO] Época 15/30, Batch 2800/3348, Loss: 0.3198
2025-10-09 20:47:33,423 [INFO] Época 15/30, Batch 2850/3348, Loss: 0.2932
2025-10-09 20:47:33,686 [INFO] Época 15/30, Batch 2900/3348, Loss: 0.3114
2025-10-09 20:47:33,952 [INFO] Época 15/30, Batch 2950/3348, Loss: 0.4109
2025-10-09 20:47:34,216 [INFO] Época 15/30, Batch 3000/3348, Loss: 0.2895
2025-10-09 20:47:34,480 [INFO] Época 15/30, Batch 3050/3348, Loss: 0.2968
2025-10-09 20:47:34,742 [INFO] Época 15/30, Batch 3100/3348, Loss: 0.2755
2025-10-09 20:47:35,004 [INFO] Época 15/30, Batch 3150/3348, Loss: 0.3732
2025-10-09 20:47:35,266 [INFO] Época 15/30, Batch 3200/3348, Loss: 0.2721
2025-10-09 20:47:35,528 [INFO] Época 15/30, Batch 3250/3348, Loss: 0.2577
2025-10-09 20:47:35,791 [INFO] Época 15/30, Batch 3300/3348, Loss: 0.2802
2025-10-09 20:47:37,608 [INFO] [15/30] Train Loss: 0.3093 | Val Loss: 0.3857 | Tempo: 19.58s
2025-10-09 20:47:38,220 [INFO] Época 16/30, Batch 50/3348, Loss: 0.1989
2025-10-09 20:47:38,490 [INFO] Época 16/30, Batch 100/3348, Loss: 0.2154
2025-10-09 20:47:38,758 [INFO] Época 16/30, Batch 150/3348, Loss: 0.2358
2025-10-09 20:47:39,025 [INFO] Época 16/30, Batch 200/3348, Loss: 0.2983
2025-10-09 20:47:39,292 [INFO] Época 16/30, Batch 250/3348, Loss: 0.2963
2025-10-09 20:47:39,559 [INFO] Época 16/30, Batch 300/3348, Loss: 0.2805
2025-10-09 20:47:39,826 [INFO] Época 16/30, Batch 350/3348, Loss: 0.2558
2025-10-09 20:47:40,093 [INFO] Época 16/30, Batch 400/3348, Loss: 0.2263
2025-10-09 20:47:40,360 [INFO] Época 16/30, Batch 450/3348, Loss: 0.2664
2025-10-09 20:47:40,628 [INFO] Época 16/30, Batch 500/3348, Loss: 0.3724
2025-10-09 20:47:40,895 [INFO] Época 16/30, Batch 550/3348, Loss: 0.2561
2025-10-09 20:47:41,164 [INFO] Época 16/30, Batch 600/3348, Loss: 0.3346
2025-10-09 20:47:41,427 [INFO] Época 16/30, Batch 650/3348, Loss: 0.3656
2025-10-09 20:47:41,681 [INFO] Época 16/30, Batch 700/3348, Loss: 0.3574
2025-10-09 20:47:41,934 [INFO] Época 16/30, Batch 750/3348, Loss: 0.3515
2025-10-09 20:47:42,191 [INFO] Época 16/30, Batch 800/3348, Loss: 0.2231
2025-10-09 20:47:42,451 [INFO] Época 16/30, Batch 850/3348, Loss: 0.2167
2025-10-09 20:47:42,710 [INFO] Época 16/30, Batch 900/3348, Loss: 0.2540
2025-10-09 20:47:42,967 [INFO] Época 16/30, Batch 950/3348, Loss: 0.2406
2025-10-09 20:47:43,226 [INFO] Época 16/30, Batch 1000/3348, Loss: 0.3218
2025-10-09 20:47:43,489 [INFO] Época 16/30, Batch 1050/3348, Loss: 0.3018
2025-10-09 20:47:43,756 [INFO] Época 16/30, Batch 1100/3348, Loss: 0.3197
2025-10-09 20:47:44,012 [INFO] Época 16/30, Batch 1150/3348, Loss: 0.2846
2025-10-09 20:47:44,268 [INFO] Época 16/30, Batch 1200/3348, Loss: 0.3386
2025-10-09 20:47:44,537 [INFO] Época 16/30, Batch 1250/3348, Loss: 0.2379
2025-10-09 20:47:44,804 [INFO] Época 16/30, Batch 1300/3348, Loss: 0.2379
2025-10-09 20:47:45,070 [INFO] Época 16/30, Batch 1350/3348, Loss: 0.2890
2025-10-09 20:47:45,337 [INFO] Época 16/30, Batch 1400/3348, Loss: 0.2896
2025-10-09 20:47:45,603 [INFO] Época 16/30, Batch 1450/3348, Loss: 0.2582
2025-10-09 20:47:45,871 [INFO] Época 16/30, Batch 1500/3348, Loss: 0.2875
2025-10-09 20:47:46,135 [INFO] Época 16/30, Batch 1550/3348, Loss: 0.4066
2025-10-09 20:47:46,401 [INFO] Época 16/30, Batch 1600/3348, Loss: 0.5519
2025-10-09 20:47:46,668 [INFO] Época 16/30, Batch 1650/3348, Loss: 0.2969
2025-10-09 20:47:46,935 [INFO] Época 16/30, Batch 1700/3348, Loss: 0.3450
2025-10-09 20:47:47,202 [INFO] Época 16/30, Batch 1750/3348, Loss: 0.3888
2025-10-09 20:47:47,468 [INFO] Época 16/30, Batch 1800/3348, Loss: 0.3387
2025-10-09 20:47:47,730 [INFO] Época 16/30, Batch 1850/3348, Loss: 0.3061
2025-10-09 20:47:47,996 [INFO] Época 16/30, Batch 1900/3348, Loss: 0.3687
2025-10-09 20:47:48,261 [INFO] Época 16/30, Batch 1950/3348, Loss: 0.3080
2025-10-09 20:47:48,527 [INFO] Época 16/30, Batch 2000/3348, Loss: 0.4842
2025-10-09 20:47:48,792 [INFO] Época 16/30, Batch 2050/3348, Loss: 0.3707
2025-10-09 20:47:49,059 [INFO] Época 16/30, Batch 2100/3348, Loss: 0.2985
2025-10-09 20:47:49,326 [INFO] Época 16/30, Batch 2150/3348, Loss: 0.2982
2025-10-09 20:47:49,590 [INFO] Época 16/30, Batch 2200/3348, Loss: 0.2676
2025-10-09 20:47:49,849 [INFO] Época 16/30, Batch 2250/3348, Loss: 0.3577
2025-10-09 20:47:50,115 [INFO] Época 16/30, Batch 2300/3348, Loss: 0.4099
2025-10-09 20:47:50,378 [INFO] Época 16/30, Batch 2350/3348, Loss: 0.2332
2025-10-09 20:47:50,641 [INFO] Época 16/30, Batch 2400/3348, Loss: 0.4231
2025-10-09 20:47:50,906 [INFO] Época 16/30, Batch 2450/3348, Loss: 0.4862
2025-10-09 20:47:51,169 [INFO] Época 16/30, Batch 2500/3348, Loss: 0.3777
2025-10-09 20:47:51,434 [INFO] Época 16/30, Batch 2550/3348, Loss: 0.2217
2025-10-09 20:47:51,698 [INFO] Época 16/30, Batch 2600/3348, Loss: 0.4213
2025-10-09 20:47:51,965 [INFO] Época 16/30, Batch 2650/3348, Loss: 0.3092
2025-10-09 20:47:52,231 [INFO] Época 16/30, Batch 2700/3348, Loss: 0.2143
2025-10-09 20:47:52,497 [INFO] Época 16/30, Batch 2750/3348, Loss: 0.4951
2025-10-09 20:47:52,762 [INFO] Época 16/30, Batch 2800/3348, Loss: 0.3146
2025-10-09 20:47:53,028 [INFO] Época 16/30, Batch 2850/3348, Loss: 0.4227
2025-10-09 20:47:53,292 [INFO] Época 16/30, Batch 2900/3348, Loss: 0.3785
2025-10-09 20:47:53,556 [INFO] Época 16/30, Batch 2950/3348, Loss: 0.2547
2025-10-09 20:47:53,820 [INFO] Época 16/30, Batch 3000/3348, Loss: 0.2424
2025-10-09 20:47:54,085 [INFO] Época 16/30, Batch 3050/3348, Loss: 0.3324
2025-10-09 20:47:54,350 [INFO] Época 16/30, Batch 3100/3348, Loss: 0.3497
2025-10-09 20:47:54,614 [INFO] Época 16/30, Batch 3150/3348, Loss: 0.2937
2025-10-09 20:47:54,881 [INFO] Época 16/30, Batch 3200/3348, Loss: 0.2190
2025-10-09 20:47:55,149 [INFO] Época 16/30, Batch 3250/3348, Loss: 0.2819
2025-10-09 20:47:55,412 [INFO] Época 16/30, Batch 3300/3348, Loss: 0.2647
2025-10-09 20:47:57,415 [INFO] [16/30] Train Loss: 0.3052 | Val Loss: 0.3819 | Tempo: 19.81s
2025-10-09 20:47:57,415 [INFO] Early stopping ativado após 10 épocas sem melhoria
2025-10-09 20:47:57,415 [INFO] Treinamento concluído em 315.62 segundos (5.26 minutos)
2025-10-09 20:47:57,415 [INFO] Iniciando avaliação no conjunto de teste...
2025-10-09 20:47:58,929 [INFO] Avaliação do teste concluída em 1.51 segundos
2025-10-09 20:47:58,930 [INFO] MSE no teste: 0.8912
2025-10-09 20:47:58,930 [INFO] RMSE no teste: 0.9441
2025-10-09 20:47:58,930 [INFO] MAE no teste: 0.6724
2025-10-09 20:47:58,931 [INFO] Métricas salvas em /mnt/hdd/home/jdurao/ToolBox-ChemXAI/logs/mlp_att3_AtomPair_metrics.json
