2025-10-10 04:39:14,974 [INFO] Iniciando treinamento do modelo mlp_att8_AtomPair
2025-10-10 04:39:14,974 [INFO] Configuração: att_index=8, epochs=30, layers=[128, 64, 32], lr=0.001, batch_size=32, descriptor_type=AtomPair
2025-10-10 04:39:14,974 [INFO] Diretório para modelos: /mnt/hdd/home/jdurao/ToolBox-ChemXAI/models
2025-10-10 04:39:14,974 [INFO] Carregando dados...
2025-10-10 04:39:15,061 [INFO] Preparando dataloaders sem ruído...
2025-10-10 04:39:27,151 [INFO] Dados carregados em 12.18 segundos
2025-10-10 04:39:27,151 [INFO] Tamanhos dos conjuntos - Treino: 107108, Validação: 13388, Teste: 13389
2025-10-10 04:39:27,152 [INFO] Usando dispositivo: cuda
2025-10-10 04:39:27,569 [INFO] Dimensão de entrada: 512, Dimensão de saída: 1
2025-10-10 04:39:27,570 [INFO] Criando modelo MLP com camadas: [128, 64, 32]
2025-10-10 04:39:27,573 [INFO] Modelo criado com 76033 parâmetros
2025-10-10 04:39:27,575 [INFO] Iniciando treinamento com 30 épocas...
2025-10-10 04:39:28,170 [INFO] Época 1/30, Batch 50/3348, Loss: 0.4630
2025-10-10 04:39:28,439 [INFO] Época 1/30, Batch 100/3348, Loss: 0.3231
2025-10-10 04:39:28,705 [INFO] Época 1/30, Batch 150/3348, Loss: 0.4579
2025-10-10 04:39:28,969 [INFO] Época 1/30, Batch 200/3348, Loss: 0.4148
2025-10-10 04:39:29,233 [INFO] Época 1/30, Batch 250/3348, Loss: 0.3914
2025-10-10 04:39:29,496 [INFO] Época 1/30, Batch 300/3348, Loss: 0.3378
2025-10-10 04:39:29,759 [INFO] Época 1/30, Batch 350/3348, Loss: 0.3354
2025-10-10 04:39:30,023 [INFO] Época 1/30, Batch 400/3348, Loss: 0.3733
2025-10-10 04:39:30,287 [INFO] Época 1/30, Batch 450/3348, Loss: 0.3608
2025-10-10 04:39:30,550 [INFO] Época 1/30, Batch 500/3348, Loss: 0.4537
2025-10-10 04:39:30,814 [INFO] Época 1/30, Batch 550/3348, Loss: 0.2552
2025-10-10 04:39:31,075 [INFO] Época 1/30, Batch 600/3348, Loss: 0.2437
2025-10-10 04:39:31,337 [INFO] Época 1/30, Batch 650/3348, Loss: 0.2389
2025-10-10 04:39:31,600 [INFO] Época 1/30, Batch 700/3348, Loss: 0.3469
2025-10-10 04:39:31,861 [INFO] Época 1/30, Batch 750/3348, Loss: 0.2308
2025-10-10 04:39:32,125 [INFO] Época 1/30, Batch 800/3348, Loss: 0.2848
2025-10-10 04:39:32,387 [INFO] Época 1/30, Batch 850/3348, Loss: 0.3243
2025-10-10 04:39:32,660 [INFO] Época 1/30, Batch 900/3348, Loss: 0.2713
2025-10-10 04:39:32,925 [INFO] Época 1/30, Batch 950/3348, Loss: 0.2433
2025-10-10 04:39:33,195 [INFO] Época 1/30, Batch 1000/3348, Loss: 0.1894
2025-10-10 04:39:33,461 [INFO] Época 1/30, Batch 1050/3348, Loss: 0.2171
2025-10-10 04:39:33,728 [INFO] Época 1/30, Batch 1100/3348, Loss: 0.2981
2025-10-10 04:39:33,995 [INFO] Época 1/30, Batch 1150/3348, Loss: 0.2807
2025-10-10 04:39:34,262 [INFO] Época 1/30, Batch 1200/3348, Loss: 0.2954
2025-10-10 04:39:34,529 [INFO] Época 1/30, Batch 1250/3348, Loss: 0.2030
2025-10-10 04:39:34,796 [INFO] Época 1/30, Batch 1300/3348, Loss: 0.2708
2025-10-10 04:39:35,063 [INFO] Época 1/30, Batch 1350/3348, Loss: 0.2140
2025-10-10 04:39:35,330 [INFO] Época 1/30, Batch 1400/3348, Loss: 0.3450
2025-10-10 04:39:35,594 [INFO] Época 1/30, Batch 1450/3348, Loss: 0.3112
2025-10-10 04:39:35,856 [INFO] Época 1/30, Batch 1500/3348, Loss: 0.2329
2025-10-10 04:39:36,120 [INFO] Época 1/30, Batch 1550/3348, Loss: 0.2177
2025-10-10 04:39:36,385 [INFO] Época 1/30, Batch 1600/3348, Loss: 0.2264
2025-10-10 04:39:36,647 [INFO] Época 1/30, Batch 1650/3348, Loss: 0.2344
2025-10-10 04:39:36,911 [INFO] Época 1/30, Batch 1700/3348, Loss: 0.2651
2025-10-10 04:39:37,174 [INFO] Época 1/30, Batch 1750/3348, Loss: 0.3067
2025-10-10 04:39:37,438 [INFO] Época 1/30, Batch 1800/3348, Loss: 0.2794
2025-10-10 04:39:37,710 [INFO] Época 1/30, Batch 1850/3348, Loss: 0.2047
2025-10-10 04:39:37,971 [INFO] Época 1/30, Batch 1900/3348, Loss: 0.2801
2025-10-10 04:39:38,232 [INFO] Época 1/30, Batch 1950/3348, Loss: 0.1834
2025-10-10 04:39:38,492 [INFO] Época 1/30, Batch 2000/3348, Loss: 0.2838
2025-10-10 04:39:38,754 [INFO] Época 1/30, Batch 2050/3348, Loss: 0.2842
2025-10-10 04:39:39,025 [INFO] Época 1/30, Batch 2100/3348, Loss: 0.1863
2025-10-10 04:39:39,286 [INFO] Época 1/30, Batch 2150/3348, Loss: 0.3367
2025-10-10 04:39:39,548 [INFO] Época 1/30, Batch 2200/3348, Loss: 0.2101
2025-10-10 04:39:39,811 [INFO] Época 1/30, Batch 2250/3348, Loss: 0.1930
2025-10-10 04:39:40,073 [INFO] Época 1/30, Batch 2300/3348, Loss: 0.2196
2025-10-10 04:39:40,334 [INFO] Época 1/30, Batch 2350/3348, Loss: 0.2600
2025-10-10 04:39:40,595 [INFO] Época 1/30, Batch 2400/3348, Loss: 0.2184
2025-10-10 04:39:40,857 [INFO] Época 1/30, Batch 2450/3348, Loss: 0.1403
2025-10-10 04:39:41,120 [INFO] Época 1/30, Batch 2500/3348, Loss: 0.2714
2025-10-10 04:39:41,383 [INFO] Época 1/30, Batch 2550/3348, Loss: 0.2057
2025-10-10 04:39:41,644 [INFO] Época 1/30, Batch 2600/3348, Loss: 0.2408
2025-10-10 04:39:41,905 [INFO] Época 1/30, Batch 2650/3348, Loss: 0.2090
2025-10-10 04:39:42,167 [INFO] Época 1/30, Batch 2700/3348, Loss: 0.2226
2025-10-10 04:39:42,430 [INFO] Época 1/30, Batch 2750/3348, Loss: 0.2158
2025-10-10 04:39:42,691 [INFO] Época 1/30, Batch 2800/3348, Loss: 0.1897
2025-10-10 04:39:42,961 [INFO] Época 1/30, Batch 2850/3348, Loss: 0.2372
2025-10-10 04:39:43,221 [INFO] Época 1/30, Batch 2900/3348, Loss: 0.2045
2025-10-10 04:39:43,481 [INFO] Época 1/30, Batch 2950/3348, Loss: 0.2453
2025-10-10 04:39:43,744 [INFO] Época 1/30, Batch 3000/3348, Loss: 0.1944
2025-10-10 04:39:44,004 [INFO] Época 1/30, Batch 3050/3348, Loss: 0.2821
2025-10-10 04:39:44,263 [INFO] Época 1/30, Batch 3100/3348, Loss: 0.2637
2025-10-10 04:39:44,525 [INFO] Época 1/30, Batch 3150/3348, Loss: 0.3007
2025-10-10 04:39:44,785 [INFO] Época 1/30, Batch 3200/3348, Loss: 0.1891
2025-10-10 04:39:45,049 [INFO] Época 1/30, Batch 3250/3348, Loss: 0.2325
2025-10-10 04:39:45,310 [INFO] Época 1/30, Batch 3300/3348, Loss: 0.2337
2025-10-10 04:39:47,188 [INFO] [1/30] Train Loss: 0.2619 | Val Loss: 0.3516 | Tempo: 19.61s
2025-10-10 04:39:47,193 [INFO] Melhor modelo salvo em: /mnt/hdd/home/jdurao/ToolBox-ChemXAI/models/mlp_qm9_AtomPair_att8_large.pth
2025-10-10 04:39:47,784 [INFO] Época 2/30, Batch 50/3348, Loss: 0.2064
2025-10-10 04:39:48,075 [INFO] Época 2/30, Batch 100/3348, Loss: 0.2233
2025-10-10 04:39:48,351 [INFO] Época 2/30, Batch 150/3348, Loss: 0.1926
2025-10-10 04:39:48,621 [INFO] Época 2/30, Batch 200/3348, Loss: 0.1776
2025-10-10 04:39:48,888 [INFO] Época 2/30, Batch 250/3348, Loss: 0.2365
2025-10-10 04:39:49,152 [INFO] Época 2/30, Batch 300/3348, Loss: 0.2126
2025-10-10 04:39:49,416 [INFO] Época 2/30, Batch 350/3348, Loss: 0.2405
2025-10-10 04:39:49,680 [INFO] Época 2/30, Batch 400/3348, Loss: 0.1974
2025-10-10 04:39:49,946 [INFO] Época 2/30, Batch 450/3348, Loss: 0.2391
2025-10-10 04:39:50,210 [INFO] Época 2/30, Batch 500/3348, Loss: 0.2150
2025-10-10 04:39:50,473 [INFO] Época 2/30, Batch 550/3348, Loss: 0.1847
2025-10-10 04:39:50,736 [INFO] Época 2/30, Batch 600/3348, Loss: 0.2418
2025-10-10 04:39:50,999 [INFO] Época 2/30, Batch 650/3348, Loss: 0.1843
2025-10-10 04:39:51,261 [INFO] Época 2/30, Batch 700/3348, Loss: 0.2499
2025-10-10 04:39:51,523 [INFO] Época 2/30, Batch 750/3348, Loss: 0.2539
2025-10-10 04:39:51,784 [INFO] Época 2/30, Batch 800/3348, Loss: 0.2565
2025-10-10 04:39:52,046 [INFO] Época 2/30, Batch 850/3348, Loss: 0.1661
2025-10-10 04:39:52,308 [INFO] Época 2/30, Batch 900/3348, Loss: 0.3093
2025-10-10 04:39:52,572 [INFO] Época 2/30, Batch 950/3348, Loss: 0.2235
2025-10-10 04:39:52,838 [INFO] Época 2/30, Batch 1000/3348, Loss: 0.2054
2025-10-10 04:39:53,115 [INFO] Época 2/30, Batch 1050/3348, Loss: 0.2276
2025-10-10 04:39:53,391 [INFO] Época 2/30, Batch 1100/3348, Loss: 0.2093
2025-10-10 04:39:53,655 [INFO] Época 2/30, Batch 1150/3348, Loss: 0.1724
2025-10-10 04:39:53,923 [INFO] Época 2/30, Batch 1200/3348, Loss: 0.2045
2025-10-10 04:39:54,196 [INFO] Época 2/30, Batch 1250/3348, Loss: 0.2194
2025-10-10 04:39:54,467 [INFO] Época 2/30, Batch 1300/3348, Loss: 0.2442
2025-10-10 04:39:54,740 [INFO] Época 2/30, Batch 1350/3348, Loss: 0.2431
2025-10-10 04:39:55,013 [INFO] Época 2/30, Batch 1400/3348, Loss: 0.1484
2025-10-10 04:39:55,286 [INFO] Época 2/30, Batch 1450/3348, Loss: 0.1903
2025-10-10 04:39:55,561 [INFO] Época 2/30, Batch 1500/3348, Loss: 0.2336
2025-10-10 04:39:55,824 [INFO] Época 2/30, Batch 1550/3348, Loss: 0.2796
2025-10-10 04:39:56,088 [INFO] Época 2/30, Batch 1600/3348, Loss: 0.1614
2025-10-10 04:39:56,352 [INFO] Época 2/30, Batch 1650/3348, Loss: 0.2578
2025-10-10 04:39:56,616 [INFO] Época 2/30, Batch 1700/3348, Loss: 0.1691
2025-10-10 04:39:56,891 [INFO] Época 2/30, Batch 1750/3348, Loss: 0.2089
2025-10-10 04:39:57,164 [INFO] Época 2/30, Batch 1800/3348, Loss: 0.1553
2025-10-10 04:39:57,437 [INFO] Época 2/30, Batch 1850/3348, Loss: 0.2798
2025-10-10 04:39:57,708 [INFO] Época 2/30, Batch 1900/3348, Loss: 0.2028
2025-10-10 04:39:57,982 [INFO] Época 2/30, Batch 1950/3348, Loss: 0.1426
2025-10-10 04:39:58,264 [INFO] Época 2/30, Batch 2000/3348, Loss: 0.1966
2025-10-10 04:39:58,536 [INFO] Época 2/30, Batch 2050/3348, Loss: 0.1811
2025-10-10 04:39:58,808 [INFO] Época 2/30, Batch 2100/3348, Loss: 0.1387
2025-10-10 04:39:59,078 [INFO] Época 2/30, Batch 2150/3348, Loss: 0.4286
2025-10-10 04:39:59,340 [INFO] Época 2/30, Batch 2200/3348, Loss: 0.1677
2025-10-10 04:39:59,605 [INFO] Época 2/30, Batch 2250/3348, Loss: 0.1343
2025-10-10 04:39:59,867 [INFO] Época 2/30, Batch 2300/3348, Loss: 0.3196
2025-10-10 04:40:00,130 [INFO] Época 2/30, Batch 2350/3348, Loss: 0.2494
2025-10-10 04:40:00,393 [INFO] Época 2/30, Batch 2400/3348, Loss: 0.2278
2025-10-10 04:40:00,655 [INFO] Época 2/30, Batch 2450/3348, Loss: 0.1934
2025-10-10 04:40:00,918 [INFO] Época 2/30, Batch 2500/3348, Loss: 0.2573
2025-10-10 04:40:01,184 [INFO] Época 2/30, Batch 2550/3348, Loss: 0.1953
2025-10-10 04:40:01,445 [INFO] Época 2/30, Batch 2600/3348, Loss: 0.1866
2025-10-10 04:40:01,711 [INFO] Época 2/30, Batch 2650/3348, Loss: 0.1956
2025-10-10 04:40:01,983 [INFO] Época 2/30, Batch 2700/3348, Loss: 0.2439
2025-10-10 04:40:02,255 [INFO] Época 2/30, Batch 2750/3348, Loss: 0.2085
2025-10-10 04:40:02,526 [INFO] Época 2/30, Batch 2800/3348, Loss: 0.1712
2025-10-10 04:40:02,798 [INFO] Época 2/30, Batch 2850/3348, Loss: 0.2911
2025-10-10 04:40:03,069 [INFO] Época 2/30, Batch 2900/3348, Loss: 0.1609
2025-10-10 04:40:03,342 [INFO] Época 2/30, Batch 2950/3348, Loss: 0.1819
2025-10-10 04:40:03,615 [INFO] Época 2/30, Batch 3000/3348, Loss: 0.2436
2025-10-10 04:40:03,881 [INFO] Época 2/30, Batch 3050/3348, Loss: 0.1695
2025-10-10 04:40:04,144 [INFO] Época 2/30, Batch 3100/3348, Loss: 0.2150
2025-10-10 04:40:04,406 [INFO] Época 2/30, Batch 3150/3348, Loss: 0.2041
2025-10-10 04:40:04,669 [INFO] Época 2/30, Batch 3200/3348, Loss: 0.1257
2025-10-10 04:40:04,931 [INFO] Época 2/30, Batch 3250/3348, Loss: 0.2524
2025-10-10 04:40:05,200 [INFO] Época 2/30, Batch 3300/3348, Loss: 0.1579
2025-10-10 04:40:07,089 [INFO] [2/30] Train Loss: 0.2034 | Val Loss: 0.3487 | Tempo: 19.90s
2025-10-10 04:40:07,094 [INFO] Melhor modelo salvo em: /mnt/hdd/home/jdurao/ToolBox-ChemXAI/models/mlp_qm9_AtomPair_att8_large.pth
2025-10-10 04:40:07,686 [INFO] Época 3/30, Batch 50/3348, Loss: 0.1551
2025-10-10 04:40:07,956 [INFO] Época 3/30, Batch 100/3348, Loss: 0.1655
2025-10-10 04:40:08,225 [INFO] Época 3/30, Batch 150/3348, Loss: 0.2062
2025-10-10 04:40:08,502 [INFO] Época 3/30, Batch 200/3348, Loss: 0.2099
2025-10-10 04:40:08,769 [INFO] Época 3/30, Batch 250/3348, Loss: 0.1808
2025-10-10 04:40:09,034 [INFO] Época 3/30, Batch 300/3348, Loss: 0.2079
2025-10-10 04:40:09,299 [INFO] Época 3/30, Batch 350/3348, Loss: 0.2468
2025-10-10 04:40:09,566 [INFO] Época 3/30, Batch 400/3348, Loss: 0.1796
2025-10-10 04:40:09,830 [INFO] Época 3/30, Batch 450/3348, Loss: 0.1462
2025-10-10 04:40:10,094 [INFO] Época 3/30, Batch 500/3348, Loss: 0.1761
2025-10-10 04:40:10,356 [INFO] Época 3/30, Batch 550/3348, Loss: 0.1640
2025-10-10 04:40:10,620 [INFO] Época 3/30, Batch 600/3348, Loss: 0.1372
2025-10-10 04:40:10,882 [INFO] Época 3/30, Batch 650/3348, Loss: 0.1507
2025-10-10 04:40:11,147 [INFO] Época 3/30, Batch 700/3348, Loss: 0.1567
2025-10-10 04:40:11,411 [INFO] Época 3/30, Batch 750/3348, Loss: 0.1483
2025-10-10 04:40:11,673 [INFO] Época 3/30, Batch 800/3348, Loss: 0.1681
2025-10-10 04:40:11,937 [INFO] Época 3/30, Batch 850/3348, Loss: 0.1459
2025-10-10 04:40:12,199 [INFO] Época 3/30, Batch 900/3348, Loss: 0.1731
2025-10-10 04:40:12,460 [INFO] Época 3/30, Batch 950/3348, Loss: 0.2925
2025-10-10 04:40:12,719 [INFO] Época 3/30, Batch 1000/3348, Loss: 0.1506
2025-10-10 04:40:12,974 [INFO] Época 3/30, Batch 1050/3348, Loss: 0.1061
2025-10-10 04:40:13,230 [INFO] Época 3/30, Batch 1100/3348, Loss: 0.1706
2025-10-10 04:40:13,496 [INFO] Época 3/30, Batch 1150/3348, Loss: 0.2130
2025-10-10 04:40:13,749 [INFO] Época 3/30, Batch 1200/3348, Loss: 0.1760
2025-10-10 04:40:14,014 [INFO] Época 3/30, Batch 1250/3348, Loss: 0.1823
2025-10-10 04:40:14,280 [INFO] Época 3/30, Batch 1300/3348, Loss: 0.1954
2025-10-10 04:40:14,547 [INFO] Época 3/30, Batch 1350/3348, Loss: 0.1331
2025-10-10 04:40:14,812 [INFO] Época 3/30, Batch 1400/3348, Loss: 0.1590
2025-10-10 04:40:15,075 [INFO] Época 3/30, Batch 1450/3348, Loss: 0.1593
2025-10-10 04:40:15,342 [INFO] Época 3/30, Batch 1500/3348, Loss: 0.1969
2025-10-10 04:40:15,608 [INFO] Época 3/30, Batch 1550/3348, Loss: 0.1987
2025-10-10 04:40:15,874 [INFO] Época 3/30, Batch 1600/3348, Loss: 0.2036
2025-10-10 04:40:16,139 [INFO] Época 3/30, Batch 1650/3348, Loss: 0.1421
2025-10-10 04:40:16,404 [INFO] Época 3/30, Batch 1700/3348, Loss: 0.1757
2025-10-10 04:40:16,670 [INFO] Época 3/30, Batch 1750/3348, Loss: 0.1581
2025-10-10 04:40:16,942 [INFO] Época 3/30, Batch 1800/3348, Loss: 0.1863
2025-10-10 04:40:17,213 [INFO] Época 3/30, Batch 1850/3348, Loss: 0.1966
2025-10-10 04:40:17,482 [INFO] Época 3/30, Batch 1900/3348, Loss: 0.1605
2025-10-10 04:40:17,748 [INFO] Época 3/30, Batch 1950/3348, Loss: 0.1806
2025-10-10 04:40:18,014 [INFO] Época 3/30, Batch 2000/3348, Loss: 0.1690
2025-10-10 04:40:18,277 [INFO] Época 3/30, Batch 2050/3348, Loss: 0.2168
2025-10-10 04:40:18,540 [INFO] Época 3/30, Batch 2100/3348, Loss: 0.1734
2025-10-10 04:40:18,803 [INFO] Época 3/30, Batch 2150/3348, Loss: 0.2105
2025-10-10 04:40:19,064 [INFO] Época 3/30, Batch 2200/3348, Loss: 0.1941
2025-10-10 04:40:19,326 [INFO] Época 3/30, Batch 2250/3348, Loss: 0.1415
2025-10-10 04:40:19,589 [INFO] Época 3/30, Batch 2300/3348, Loss: 0.1551
2025-10-10 04:40:19,852 [INFO] Época 3/30, Batch 2350/3348, Loss: 0.2292
2025-10-10 04:40:20,116 [INFO] Época 3/30, Batch 2400/3348, Loss: 0.1878
2025-10-10 04:40:20,378 [INFO] Época 3/30, Batch 2450/3348, Loss: 0.1848
2025-10-10 04:40:20,642 [INFO] Época 3/30, Batch 2500/3348, Loss: 0.1741
2025-10-10 04:40:20,906 [INFO] Época 3/30, Batch 2550/3348, Loss: 0.2049
2025-10-10 04:40:21,170 [INFO] Época 3/30, Batch 2600/3348, Loss: 0.1751
2025-10-10 04:40:21,433 [INFO] Época 3/30, Batch 2650/3348, Loss: 0.2461
2025-10-10 04:40:21,695 [INFO] Época 3/30, Batch 2700/3348, Loss: 0.1642
2025-10-10 04:40:21,958 [INFO] Época 3/30, Batch 2750/3348, Loss: 0.1327
2025-10-10 04:40:22,222 [INFO] Época 3/30, Batch 2800/3348, Loss: 0.1885
2025-10-10 04:40:22,485 [INFO] Época 3/30, Batch 2850/3348, Loss: 0.1612
2025-10-10 04:40:22,748 [INFO] Época 3/30, Batch 2900/3348, Loss: 0.1914
2025-10-10 04:40:23,010 [INFO] Época 3/30, Batch 2950/3348, Loss: 0.1849
2025-10-10 04:40:23,275 [INFO] Época 3/30, Batch 3000/3348, Loss: 0.1941
2025-10-10 04:40:23,540 [INFO] Época 3/30, Batch 3050/3348, Loss: 0.1429
2025-10-10 04:40:23,807 [INFO] Época 3/30, Batch 3100/3348, Loss: 0.1692
2025-10-10 04:40:24,072 [INFO] Época 3/30, Batch 3150/3348, Loss: 0.1998
2025-10-10 04:40:24,338 [INFO] Época 3/30, Batch 3200/3348, Loss: 0.2043
2025-10-10 04:40:24,603 [INFO] Época 3/30, Batch 3250/3348, Loss: 0.1859
2025-10-10 04:40:24,867 [INFO] Época 3/30, Batch 3300/3348, Loss: 0.1308
2025-10-10 04:40:26,760 [INFO] [3/30] Train Loss: 0.1825 | Val Loss: 0.3040 | Tempo: 19.67s
2025-10-10 04:40:26,765 [INFO] Melhor modelo salvo em: /mnt/hdd/home/jdurao/ToolBox-ChemXAI/models/mlp_qm9_AtomPair_att8_large.pth
2025-10-10 04:40:27,358 [INFO] Época 4/30, Batch 50/3348, Loss: 0.1507
2025-10-10 04:40:27,627 [INFO] Época 4/30, Batch 100/3348, Loss: 0.1969
2025-10-10 04:40:27,894 [INFO] Época 4/30, Batch 150/3348, Loss: 0.1395
2025-10-10 04:40:28,160 [INFO] Época 4/30, Batch 200/3348, Loss: 0.1298
2025-10-10 04:40:28,423 [INFO] Época 4/30, Batch 250/3348, Loss: 0.1347
2025-10-10 04:40:28,687 [INFO] Época 4/30, Batch 300/3348, Loss: 0.2906
2025-10-10 04:40:28,954 [INFO] Época 4/30, Batch 350/3348, Loss: 0.1457
2025-10-10 04:40:29,216 [INFO] Época 4/30, Batch 400/3348, Loss: 0.1889
2025-10-10 04:40:29,479 [INFO] Época 4/30, Batch 450/3348, Loss: 0.1239
2025-10-10 04:40:29,741 [INFO] Época 4/30, Batch 500/3348, Loss: 0.1703
2025-10-10 04:40:30,006 [INFO] Época 4/30, Batch 550/3348, Loss: 0.1749
2025-10-10 04:40:30,271 [INFO] Época 4/30, Batch 600/3348, Loss: 0.1767
2025-10-10 04:40:30,538 [INFO] Época 4/30, Batch 650/3348, Loss: 0.1383
2025-10-10 04:40:30,805 [INFO] Época 4/30, Batch 700/3348, Loss: 0.1753
2025-10-10 04:40:31,079 [INFO] Época 4/30, Batch 750/3348, Loss: 0.1479
2025-10-10 04:40:31,348 [INFO] Época 4/30, Batch 800/3348, Loss: 0.1554
2025-10-10 04:40:31,613 [INFO] Época 4/30, Batch 850/3348, Loss: 0.1007
2025-10-10 04:40:31,886 [INFO] Época 4/30, Batch 900/3348, Loss: 0.1901
2025-10-10 04:40:32,159 [INFO] Época 4/30, Batch 950/3348, Loss: 0.1651
2025-10-10 04:40:32,416 [INFO] Época 4/30, Batch 1000/3348, Loss: 0.1976
2025-10-10 04:40:32,678 [INFO] Época 4/30, Batch 1050/3348, Loss: 0.1486
2025-10-10 04:40:32,940 [INFO] Época 4/30, Batch 1100/3348, Loss: 0.2234
2025-10-10 04:40:33,203 [INFO] Época 4/30, Batch 1150/3348, Loss: 0.1395
2025-10-10 04:40:33,476 [INFO] Época 4/30, Batch 1200/3348, Loss: 0.1409
2025-10-10 04:40:33,742 [INFO] Época 4/30, Batch 1250/3348, Loss: 0.1078
2025-10-10 04:40:34,017 [INFO] Época 4/30, Batch 1300/3348, Loss: 0.1358
2025-10-10 04:40:34,278 [INFO] Época 4/30, Batch 1350/3348, Loss: 0.2077
2025-10-10 04:40:34,540 [INFO] Época 4/30, Batch 1400/3348, Loss: 0.1244
2025-10-10 04:40:34,801 [INFO] Época 4/30, Batch 1450/3348, Loss: 0.2393
2025-10-10 04:40:35,061 [INFO] Época 4/30, Batch 1500/3348, Loss: 0.3372
2025-10-10 04:40:35,324 [INFO] Época 4/30, Batch 1550/3348, Loss: 0.1738
2025-10-10 04:40:35,584 [INFO] Época 4/30, Batch 1600/3348, Loss: 0.1899
2025-10-10 04:40:35,845 [INFO] Época 4/30, Batch 1650/3348, Loss: 0.1818
2025-10-10 04:40:36,107 [INFO] Época 4/30, Batch 1700/3348, Loss: 0.2378
2025-10-10 04:40:36,368 [INFO] Época 4/30, Batch 1750/3348, Loss: 0.1863
2025-10-10 04:40:36,638 [INFO] Época 4/30, Batch 1800/3348, Loss: 0.1547
2025-10-10 04:40:36,907 [INFO] Época 4/30, Batch 1850/3348, Loss: 0.1318
2025-10-10 04:40:37,179 [INFO] Época 4/30, Batch 1900/3348, Loss: 0.1364
2025-10-10 04:40:37,449 [INFO] Época 4/30, Batch 1950/3348, Loss: 0.1754
2025-10-10 04:40:37,718 [INFO] Época 4/30, Batch 2000/3348, Loss: 0.1619
2025-10-10 04:40:37,981 [INFO] Época 4/30, Batch 2050/3348, Loss: 0.1558
2025-10-10 04:40:38,241 [INFO] Época 4/30, Batch 2100/3348, Loss: 0.1350
2025-10-10 04:40:38,502 [INFO] Época 4/30, Batch 2150/3348, Loss: 0.1641
2025-10-10 04:40:38,762 [INFO] Época 4/30, Batch 2200/3348, Loss: 0.2047
2025-10-10 04:40:39,025 [INFO] Época 4/30, Batch 2250/3348, Loss: 0.1553
2025-10-10 04:40:39,286 [INFO] Época 4/30, Batch 2300/3348, Loss: 0.1651
2025-10-10 04:40:39,547 [INFO] Época 4/30, Batch 2350/3348, Loss: 0.1709
2025-10-10 04:40:39,808 [INFO] Época 4/30, Batch 2400/3348, Loss: 0.1826
2025-10-10 04:40:40,068 [INFO] Época 4/30, Batch 2450/3348, Loss: 0.1428
2025-10-10 04:40:40,328 [INFO] Época 4/30, Batch 2500/3348, Loss: 0.1748
2025-10-10 04:40:40,588 [INFO] Época 4/30, Batch 2550/3348, Loss: 0.1190
2025-10-10 04:40:40,850 [INFO] Época 4/30, Batch 2600/3348, Loss: 0.1532
2025-10-10 04:40:41,108 [INFO] Época 4/30, Batch 2650/3348, Loss: 0.1598
2025-10-10 04:40:41,369 [INFO] Época 4/30, Batch 2700/3348, Loss: 0.1802
2025-10-10 04:40:41,630 [INFO] Época 4/30, Batch 2750/3348, Loss: 0.1855
2025-10-10 04:40:41,890 [INFO] Época 4/30, Batch 2800/3348, Loss: 0.2316
2025-10-10 04:40:42,151 [INFO] Época 4/30, Batch 2850/3348, Loss: 0.1531
2025-10-10 04:40:42,410 [INFO] Época 4/30, Batch 2900/3348, Loss: 0.1489
2025-10-10 04:40:42,672 [INFO] Época 4/30, Batch 2950/3348, Loss: 0.1919
2025-10-10 04:40:42,935 [INFO] Época 4/30, Batch 3000/3348, Loss: 0.1673
2025-10-10 04:40:43,197 [INFO] Época 4/30, Batch 3050/3348, Loss: 0.1502
2025-10-10 04:40:43,459 [INFO] Época 4/30, Batch 3100/3348, Loss: 0.1819
2025-10-10 04:40:43,719 [INFO] Época 4/30, Batch 3150/3348, Loss: 0.2173
2025-10-10 04:40:43,980 [INFO] Época 4/30, Batch 3200/3348, Loss: 0.2006
2025-10-10 04:40:44,250 [INFO] Época 4/30, Batch 3250/3348, Loss: 0.1354
2025-10-10 04:40:44,512 [INFO] Época 4/30, Batch 3300/3348, Loss: 0.1392
2025-10-10 04:40:46,400 [INFO] [4/30] Train Loss: 0.1703 | Val Loss: 0.3159 | Tempo: 19.63s
2025-10-10 04:40:47,005 [INFO] Época 5/30, Batch 50/3348, Loss: 0.2059
2025-10-10 04:40:47,275 [INFO] Época 5/30, Batch 100/3348, Loss: 0.1410
2025-10-10 04:40:47,543 [INFO] Época 5/30, Batch 150/3348, Loss: 0.1060
2025-10-10 04:40:47,808 [INFO] Época 5/30, Batch 200/3348, Loss: 0.1284
2025-10-10 04:40:48,071 [INFO] Época 5/30, Batch 250/3348, Loss: 0.1468
2025-10-10 04:40:48,336 [INFO] Época 5/30, Batch 300/3348, Loss: 0.1355
2025-10-10 04:40:48,599 [INFO] Época 5/30, Batch 350/3348, Loss: 0.1691
2025-10-10 04:40:48,861 [INFO] Época 5/30, Batch 400/3348, Loss: 0.1343
2025-10-10 04:40:49,124 [INFO] Época 5/30, Batch 450/3348, Loss: 0.1458
2025-10-10 04:40:49,386 [INFO] Época 5/30, Batch 500/3348, Loss: 0.1644
2025-10-10 04:40:49,650 [INFO] Época 5/30, Batch 550/3348, Loss: 0.1629
2025-10-10 04:40:49,924 [INFO] Época 5/30, Batch 600/3348, Loss: 0.1865
2025-10-10 04:40:50,191 [INFO] Época 5/30, Batch 650/3348, Loss: 0.1551
2025-10-10 04:40:50,455 [INFO] Época 5/30, Batch 700/3348, Loss: 0.1372
2025-10-10 04:40:50,718 [INFO] Época 5/30, Batch 750/3348, Loss: 0.1388
2025-10-10 04:40:50,984 [INFO] Época 5/30, Batch 800/3348, Loss: 0.1287
2025-10-10 04:40:51,248 [INFO] Época 5/30, Batch 850/3348, Loss: 0.1645
2025-10-10 04:40:51,510 [INFO] Época 5/30, Batch 900/3348, Loss: 0.1769
2025-10-10 04:40:51,774 [INFO] Época 5/30, Batch 950/3348, Loss: 0.1331
2025-10-10 04:40:52,038 [INFO] Época 5/30, Batch 1000/3348, Loss: 0.1428
2025-10-10 04:40:52,301 [INFO] Época 5/30, Batch 1050/3348, Loss: 0.0989
2025-10-10 04:40:52,566 [INFO] Época 5/30, Batch 1100/3348, Loss: 0.1484
2025-10-10 04:40:52,825 [INFO] Época 5/30, Batch 1150/3348, Loss: 0.1554
2025-10-10 04:40:53,091 [INFO] Época 5/30, Batch 1200/3348, Loss: 0.2020
2025-10-10 04:40:53,363 [INFO] Época 5/30, Batch 1250/3348, Loss: 0.1379
2025-10-10 04:40:53,637 [INFO] Época 5/30, Batch 1300/3348, Loss: 0.1303
2025-10-10 04:40:53,912 [INFO] Época 5/30, Batch 1350/3348, Loss: 0.1242
2025-10-10 04:40:54,186 [INFO] Época 5/30, Batch 1400/3348, Loss: 0.1961
2025-10-10 04:40:54,458 [INFO] Época 5/30, Batch 1450/3348, Loss: 0.2178
2025-10-10 04:40:54,730 [INFO] Época 5/30, Batch 1500/3348, Loss: 0.1488
2025-10-10 04:40:55,008 [INFO] Época 5/30, Batch 1550/3348, Loss: 0.2156
2025-10-10 04:40:55,276 [INFO] Época 5/30, Batch 1600/3348, Loss: 0.1976
2025-10-10 04:40:55,542 [INFO] Época 5/30, Batch 1650/3348, Loss: 0.1728
2025-10-10 04:40:55,818 [INFO] Época 5/30, Batch 1700/3348, Loss: 0.1230
2025-10-10 04:40:56,093 [INFO] Época 5/30, Batch 1750/3348, Loss: 0.1691
2025-10-10 04:40:56,365 [INFO] Época 5/30, Batch 1800/3348, Loss: 0.1459
2025-10-10 04:40:56,638 [INFO] Época 5/30, Batch 1850/3348, Loss: 0.1880
2025-10-10 04:40:56,909 [INFO] Época 5/30, Batch 1900/3348, Loss: 0.1354
2025-10-10 04:40:57,182 [INFO] Época 5/30, Batch 1950/3348, Loss: 0.1576
2025-10-10 04:40:57,454 [INFO] Época 5/30, Batch 2000/3348, Loss: 0.1815
2025-10-10 04:40:57,724 [INFO] Época 5/30, Batch 2050/3348, Loss: 0.1545
2025-10-10 04:40:57,996 [INFO] Época 5/30, Batch 2100/3348, Loss: 0.1774
2025-10-10 04:40:58,268 [INFO] Época 5/30, Batch 2150/3348, Loss: 0.2052
2025-10-10 04:40:58,539 [INFO] Época 5/30, Batch 2200/3348, Loss: 0.2292
2025-10-10 04:40:58,811 [INFO] Época 5/30, Batch 2250/3348, Loss: 0.1519
2025-10-10 04:40:59,080 [INFO] Época 5/30, Batch 2300/3348, Loss: 0.2102
2025-10-10 04:40:59,354 [INFO] Época 5/30, Batch 2350/3348, Loss: 0.1446
2025-10-10 04:40:59,641 [INFO] Época 5/30, Batch 2400/3348, Loss: 0.1367
2025-10-10 04:40:59,915 [INFO] Época 5/30, Batch 2450/3348, Loss: 0.1462
2025-10-10 04:41:00,187 [INFO] Época 5/30, Batch 2500/3348, Loss: 0.1991
2025-10-10 04:41:00,460 [INFO] Época 5/30, Batch 2550/3348, Loss: 0.1499
2025-10-10 04:41:00,729 [INFO] Época 5/30, Batch 2600/3348, Loss: 0.1949
2025-10-10 04:41:00,991 [INFO] Época 5/30, Batch 2650/3348, Loss: 0.1402
2025-10-10 04:41:01,253 [INFO] Época 5/30, Batch 2700/3348, Loss: 0.2113
2025-10-10 04:41:01,516 [INFO] Época 5/30, Batch 2750/3348, Loss: 0.1270
2025-10-10 04:41:01,788 [INFO] Época 5/30, Batch 2800/3348, Loss: 0.1807
2025-10-10 04:41:02,059 [INFO] Época 5/30, Batch 2850/3348, Loss: 0.1923
2025-10-10 04:41:02,323 [INFO] Época 5/30, Batch 2900/3348, Loss: 0.1384
2025-10-10 04:41:02,586 [INFO] Época 5/30, Batch 2950/3348, Loss: 0.1903
2025-10-10 04:41:02,857 [INFO] Época 5/30, Batch 3000/3348, Loss: 0.1409
2025-10-10 04:41:03,127 [INFO] Época 5/30, Batch 3050/3348, Loss: 0.1615
2025-10-10 04:41:03,389 [INFO] Época 5/30, Batch 3100/3348, Loss: 0.1762
2025-10-10 04:41:03,652 [INFO] Época 5/30, Batch 3150/3348, Loss: 0.1289
2025-10-10 04:41:03,913 [INFO] Época 5/30, Batch 3200/3348, Loss: 0.1489
2025-10-10 04:41:04,174 [INFO] Época 5/30, Batch 3250/3348, Loss: 0.1487
2025-10-10 04:41:04,435 [INFO] Época 5/30, Batch 3300/3348, Loss: 0.1942
2025-10-10 04:41:06,330 [INFO] [5/30] Train Loss: 0.1616 | Val Loss: 0.3414 | Tempo: 19.93s
2025-10-10 04:41:06,939 [INFO] Época 6/30, Batch 50/3348, Loss: 0.1567
2025-10-10 04:41:07,218 [INFO] Época 6/30, Batch 100/3348, Loss: 0.1779
2025-10-10 04:41:07,492 [INFO] Época 6/30, Batch 150/3348, Loss: 0.1230
2025-10-10 04:41:07,765 [INFO] Época 6/30, Batch 200/3348, Loss: 0.2771
2025-10-10 04:41:08,040 [INFO] Época 6/30, Batch 250/3348, Loss: 0.1532
2025-10-10 04:41:08,313 [INFO] Época 6/30, Batch 300/3348, Loss: 0.1450
2025-10-10 04:41:08,586 [INFO] Época 6/30, Batch 350/3348, Loss: 0.1241
2025-10-10 04:41:08,859 [INFO] Época 6/30, Batch 400/3348, Loss: 0.1209
2025-10-10 04:41:09,130 [INFO] Época 6/30, Batch 450/3348, Loss: 0.1090
2025-10-10 04:41:09,402 [INFO] Época 6/30, Batch 500/3348, Loss: 0.1419
2025-10-10 04:41:09,672 [INFO] Época 6/30, Batch 550/3348, Loss: 0.1697
2025-10-10 04:41:09,944 [INFO] Época 6/30, Batch 600/3348, Loss: 0.1907
2025-10-10 04:41:10,214 [INFO] Época 6/30, Batch 650/3348, Loss: 0.1850
2025-10-10 04:41:10,487 [INFO] Época 6/30, Batch 700/3348, Loss: 0.1437
2025-10-10 04:41:10,760 [INFO] Época 6/30, Batch 750/3348, Loss: 0.1982
2025-10-10 04:41:11,032 [INFO] Época 6/30, Batch 800/3348, Loss: 0.1441
2025-10-10 04:41:11,303 [INFO] Época 6/30, Batch 850/3348, Loss: 0.1577
2025-10-10 04:41:11,574 [INFO] Época 6/30, Batch 900/3348, Loss: 0.2016
2025-10-10 04:41:11,844 [INFO] Época 6/30, Batch 950/3348, Loss: 0.1513
2025-10-10 04:41:12,113 [INFO] Época 6/30, Batch 1000/3348, Loss: 0.1534
2025-10-10 04:41:12,382 [INFO] Época 6/30, Batch 1050/3348, Loss: 0.1376
2025-10-10 04:41:12,654 [INFO] Época 6/30, Batch 1100/3348, Loss: 0.1493
2025-10-10 04:41:12,925 [INFO] Época 6/30, Batch 1150/3348, Loss: 0.1832
2025-10-10 04:41:13,196 [INFO] Época 6/30, Batch 1200/3348, Loss: 0.1410
2025-10-10 04:41:13,466 [INFO] Época 6/30, Batch 1250/3348, Loss: 0.1258
2025-10-10 04:41:13,733 [INFO] Época 6/30, Batch 1300/3348, Loss: 0.1532
2025-10-10 04:41:13,994 [INFO] Época 6/30, Batch 1350/3348, Loss: 0.1758
2025-10-10 04:41:14,265 [INFO] Época 6/30, Batch 1400/3348, Loss: 0.1878
2025-10-10 04:41:14,537 [INFO] Época 6/30, Batch 1450/3348, Loss: 0.1613
2025-10-10 04:41:14,801 [INFO] Época 6/30, Batch 1500/3348, Loss: 0.1085
2025-10-10 04:41:15,073 [INFO] Época 6/30, Batch 1550/3348, Loss: 0.1823
2025-10-10 04:41:15,334 [INFO] Época 6/30, Batch 1600/3348, Loss: 0.1989
2025-10-10 04:41:15,600 [INFO] Época 6/30, Batch 1650/3348, Loss: 0.1689
2025-10-10 04:41:15,872 [INFO] Época 6/30, Batch 1700/3348, Loss: 0.1329
2025-10-10 04:41:16,142 [INFO] Época 6/30, Batch 1750/3348, Loss: 0.1730
2025-10-10 04:41:16,405 [INFO] Época 6/30, Batch 1800/3348, Loss: 0.1696
2025-10-10 04:41:16,670 [INFO] Época 6/30, Batch 1850/3348, Loss: 0.1313
2025-10-10 04:41:16,943 [INFO] Época 6/30, Batch 1900/3348, Loss: 0.1382
2025-10-10 04:41:17,215 [INFO] Época 6/30, Batch 1950/3348, Loss: 0.1838
2025-10-10 04:41:17,487 [INFO] Época 6/30, Batch 2000/3348, Loss: 0.1645
2025-10-10 04:41:17,754 [INFO] Época 6/30, Batch 2050/3348, Loss: 0.1586
2025-10-10 04:41:18,016 [INFO] Época 6/30, Batch 2100/3348, Loss: 0.1163
2025-10-10 04:41:18,278 [INFO] Época 6/30, Batch 2150/3348, Loss: 0.1646
2025-10-10 04:41:18,540 [INFO] Época 6/30, Batch 2200/3348, Loss: 0.1400
2025-10-10 04:41:18,803 [INFO] Época 6/30, Batch 2250/3348, Loss: 0.1182
2025-10-10 04:41:19,075 [INFO] Época 6/30, Batch 2300/3348, Loss: 0.1222
2025-10-10 04:41:19,346 [INFO] Época 6/30, Batch 2350/3348, Loss: 0.1592
2025-10-10 04:41:19,618 [INFO] Época 6/30, Batch 2400/3348, Loss: 0.2277
2025-10-10 04:41:19,882 [INFO] Época 6/30, Batch 2450/3348, Loss: 0.2804
2025-10-10 04:41:20,153 [INFO] Época 6/30, Batch 2500/3348, Loss: 0.1571
2025-10-10 04:41:20,413 [INFO] Época 6/30, Batch 2550/3348, Loss: 0.1459
2025-10-10 04:41:20,673 [INFO] Época 6/30, Batch 2600/3348, Loss: 0.1717
2025-10-10 04:41:20,936 [INFO] Época 6/30, Batch 2650/3348, Loss: 0.1551
2025-10-10 04:41:21,199 [INFO] Época 6/30, Batch 2700/3348, Loss: 0.1493
2025-10-10 04:41:21,470 [INFO] Época 6/30, Batch 2750/3348, Loss: 0.1592
2025-10-10 04:41:21,741 [INFO] Época 6/30, Batch 2800/3348, Loss: 0.2347
2025-10-10 04:41:22,011 [INFO] Época 6/30, Batch 2850/3348, Loss: 0.1364
2025-10-10 04:41:22,284 [INFO] Época 6/30, Batch 2900/3348, Loss: 0.1408
2025-10-10 04:41:22,555 [INFO] Época 6/30, Batch 2950/3348, Loss: 0.1527
2025-10-10 04:41:22,824 [INFO] Época 6/30, Batch 3000/3348, Loss: 0.2017
2025-10-10 04:41:23,085 [INFO] Época 6/30, Batch 3050/3348, Loss: 0.1169
2025-10-10 04:41:23,356 [INFO] Época 6/30, Batch 3100/3348, Loss: 0.1138
2025-10-10 04:41:23,629 [INFO] Época 6/30, Batch 3150/3348, Loss: 0.1888
2025-10-10 04:41:23,890 [INFO] Época 6/30, Batch 3200/3348, Loss: 0.1459
2025-10-10 04:41:24,152 [INFO] Época 6/30, Batch 3250/3348, Loss: 0.1319
2025-10-10 04:41:24,416 [INFO] Época 6/30, Batch 3300/3348, Loss: 0.1264
2025-10-10 04:41:26,290 [INFO] [6/30] Train Loss: 0.1546 | Val Loss: 0.3101 | Tempo: 19.96s
2025-10-10 04:41:26,891 [INFO] Época 7/30, Batch 50/3348, Loss: 0.1365
2025-10-10 04:41:27,167 [INFO] Época 7/30, Batch 100/3348, Loss: 0.1528
2025-10-10 04:41:27,442 [INFO] Época 7/30, Batch 150/3348, Loss: 0.0964
2025-10-10 04:41:27,714 [INFO] Época 7/30, Batch 200/3348, Loss: 0.0948
2025-10-10 04:41:27,987 [INFO] Época 7/30, Batch 250/3348, Loss: 0.1313
2025-10-10 04:41:28,261 [INFO] Época 7/30, Batch 300/3348, Loss: 0.1756
2025-10-10 04:41:28,534 [INFO] Época 7/30, Batch 350/3348, Loss: 0.1415
2025-10-10 04:41:28,809 [INFO] Época 7/30, Batch 400/3348, Loss: 0.1070
2025-10-10 04:41:29,081 [INFO] Época 7/30, Batch 450/3348, Loss: 0.2016
2025-10-10 04:41:29,355 [INFO] Época 7/30, Batch 500/3348, Loss: 0.1183
2025-10-10 04:41:29,626 [INFO] Época 7/30, Batch 550/3348, Loss: 0.1341
2025-10-10 04:41:29,891 [INFO] Época 7/30, Batch 600/3348, Loss: 0.1327
2025-10-10 04:41:30,156 [INFO] Época 7/30, Batch 650/3348, Loss: 0.1347
2025-10-10 04:41:30,411 [INFO] Época 7/30, Batch 700/3348, Loss: 0.2217
2025-10-10 04:41:30,666 [INFO] Época 7/30, Batch 750/3348, Loss: 0.1173
2025-10-10 04:41:30,919 [INFO] Época 7/30, Batch 800/3348, Loss: 0.1453
2025-10-10 04:41:31,179 [INFO] Época 7/30, Batch 850/3348, Loss: 0.1537
2025-10-10 04:41:31,442 [INFO] Época 7/30, Batch 900/3348, Loss: 0.1559
2025-10-10 04:41:31,705 [INFO] Época 7/30, Batch 950/3348, Loss: 0.1854
2025-10-10 04:41:31,967 [INFO] Época 7/30, Batch 1000/3348, Loss: 0.2001
2025-10-10 04:41:32,230 [INFO] Época 7/30, Batch 1050/3348, Loss: 0.1173
2025-10-10 04:41:32,490 [INFO] Época 7/30, Batch 1100/3348, Loss: 0.1715
2025-10-10 04:41:32,754 [INFO] Época 7/30, Batch 1150/3348, Loss: 0.1737
2025-10-10 04:41:33,018 [INFO] Época 7/30, Batch 1200/3348, Loss: 0.1269
2025-10-10 04:41:33,282 [INFO] Época 7/30, Batch 1250/3348, Loss: 0.1515
2025-10-10 04:41:33,545 [INFO] Época 7/30, Batch 1300/3348, Loss: 0.1471
2025-10-10 04:41:33,808 [INFO] Época 7/30, Batch 1350/3348, Loss: 0.1300
2025-10-10 04:41:34,074 [INFO] Época 7/30, Batch 1400/3348, Loss: 0.1542
2025-10-10 04:41:34,340 [INFO] Época 7/30, Batch 1450/3348, Loss: 0.1489
2025-10-10 04:41:34,602 [INFO] Época 7/30, Batch 1500/3348, Loss: 0.1182
2025-10-10 04:41:34,865 [INFO] Época 7/30, Batch 1550/3348, Loss: 0.1735
2025-10-10 04:41:35,127 [INFO] Época 7/30, Batch 1600/3348, Loss: 0.1256
2025-10-10 04:41:35,393 [INFO] Época 7/30, Batch 1650/3348, Loss: 0.1585
2025-10-10 04:41:35,657 [INFO] Época 7/30, Batch 1700/3348, Loss: 0.2215
2025-10-10 04:41:35,920 [INFO] Época 7/30, Batch 1750/3348, Loss: 0.1416
2025-10-10 04:41:36,184 [INFO] Época 7/30, Batch 1800/3348, Loss: 0.1806
2025-10-10 04:41:36,448 [INFO] Época 7/30, Batch 1850/3348, Loss: 0.1757
2025-10-10 04:41:36,724 [INFO] Época 7/30, Batch 1900/3348, Loss: 0.1645
2025-10-10 04:41:36,985 [INFO] Época 7/30, Batch 1950/3348, Loss: 0.1239
2025-10-10 04:41:37,249 [INFO] Época 7/30, Batch 2000/3348, Loss: 0.1603
2025-10-10 04:41:37,513 [INFO] Época 7/30, Batch 2050/3348, Loss: 0.1565
2025-10-10 04:41:37,778 [INFO] Época 7/30, Batch 2100/3348, Loss: 0.1829
2025-10-10 04:41:38,043 [INFO] Época 7/30, Batch 2150/3348, Loss: 0.1566
2025-10-10 04:41:38,311 [INFO] Época 7/30, Batch 2200/3348, Loss: 0.1143
2025-10-10 04:41:38,579 [INFO] Época 7/30, Batch 2250/3348, Loss: 0.1529
2025-10-10 04:41:38,847 [INFO] Época 7/30, Batch 2300/3348, Loss: 0.1391
2025-10-10 04:41:39,113 [INFO] Época 7/30, Batch 2350/3348, Loss: 0.1355
2025-10-10 04:41:39,378 [INFO] Época 7/30, Batch 2400/3348, Loss: 0.1595
2025-10-10 04:41:39,644 [INFO] Época 7/30, Batch 2450/3348, Loss: 0.1462
2025-10-10 04:41:39,911 [INFO] Época 7/30, Batch 2500/3348, Loss: 0.1606
2025-10-10 04:41:40,175 [INFO] Época 7/30, Batch 2550/3348, Loss: 0.0970
2025-10-10 04:41:40,442 [INFO] Época 7/30, Batch 2600/3348, Loss: 0.1453
2025-10-10 04:41:40,709 [INFO] Época 7/30, Batch 2650/3348, Loss: 0.1080
2025-10-10 04:41:40,974 [INFO] Época 7/30, Batch 2700/3348, Loss: 0.1654
2025-10-10 04:41:41,242 [INFO] Época 7/30, Batch 2750/3348, Loss: 0.1259
2025-10-10 04:41:41,507 [INFO] Época 7/30, Batch 2800/3348, Loss: 0.1290
2025-10-10 04:41:41,771 [INFO] Época 7/30, Batch 2850/3348, Loss: 0.1097
2025-10-10 04:41:42,037 [INFO] Época 7/30, Batch 2900/3348, Loss: 0.0934
2025-10-10 04:41:42,303 [INFO] Época 7/30, Batch 2950/3348, Loss: 0.1839
2025-10-10 04:41:42,569 [INFO] Época 7/30, Batch 3000/3348, Loss: 0.1468
2025-10-10 04:41:42,836 [INFO] Época 7/30, Batch 3050/3348, Loss: 0.1654
2025-10-10 04:41:43,102 [INFO] Época 7/30, Batch 3100/3348, Loss: 0.1758
2025-10-10 04:41:43,365 [INFO] Época 7/30, Batch 3150/3348, Loss: 0.1304
2025-10-10 04:41:43,630 [INFO] Época 7/30, Batch 3200/3348, Loss: 0.1454
2025-10-10 04:41:43,893 [INFO] Época 7/30, Batch 3250/3348, Loss: 0.1423
2025-10-10 04:41:44,159 [INFO] Época 7/30, Batch 3300/3348, Loss: 0.1437
2025-10-10 04:41:45,956 [INFO] [7/30] Train Loss: 0.1492 | Val Loss: 0.3243 | Tempo: 19.67s
2025-10-10 04:41:46,543 [INFO] Época 8/30, Batch 50/3348, Loss: 0.1391
2025-10-10 04:41:46,824 [INFO] Época 8/30, Batch 100/3348, Loss: 0.1255
2025-10-10 04:41:47,093 [INFO] Época 8/30, Batch 150/3348, Loss: 0.1241
2025-10-10 04:41:47,359 [INFO] Época 8/30, Batch 200/3348, Loss: 0.1255
2025-10-10 04:41:47,625 [INFO] Época 8/30, Batch 250/3348, Loss: 0.1960
2025-10-10 04:41:47,891 [INFO] Época 8/30, Batch 300/3348, Loss: 0.1435
2025-10-10 04:41:48,156 [INFO] Época 8/30, Batch 350/3348, Loss: 0.1244
2025-10-10 04:41:48,423 [INFO] Época 8/30, Batch 400/3348, Loss: 0.1249
2025-10-10 04:41:48,688 [INFO] Época 8/30, Batch 450/3348, Loss: 0.1644
2025-10-10 04:41:48,952 [INFO] Época 8/30, Batch 500/3348, Loss: 0.1131
2025-10-10 04:41:49,217 [INFO] Época 8/30, Batch 550/3348, Loss: 0.1412
2025-10-10 04:41:49,480 [INFO] Época 8/30, Batch 600/3348, Loss: 0.1378
2025-10-10 04:41:49,746 [INFO] Época 8/30, Batch 650/3348, Loss: 0.1276
2025-10-10 04:41:50,009 [INFO] Época 8/30, Batch 700/3348, Loss: 0.1416
2025-10-10 04:41:50,272 [INFO] Época 8/30, Batch 750/3348, Loss: 0.1418
2025-10-10 04:41:50,534 [INFO] Época 8/30, Batch 800/3348, Loss: 0.1631
2025-10-10 04:41:50,797 [INFO] Época 8/30, Batch 850/3348, Loss: 0.1236
2025-10-10 04:41:51,060 [INFO] Época 8/30, Batch 900/3348, Loss: 0.1267
2025-10-10 04:41:51,323 [INFO] Época 8/30, Batch 950/3348, Loss: 0.1634
2025-10-10 04:41:51,584 [INFO] Época 8/30, Batch 1000/3348, Loss: 0.1784
2025-10-10 04:41:51,856 [INFO] Época 8/30, Batch 1050/3348, Loss: 0.1399
2025-10-10 04:41:52,118 [INFO] Época 8/30, Batch 1100/3348, Loss: 0.1855
2025-10-10 04:41:52,382 [INFO] Época 8/30, Batch 1150/3348, Loss: 0.1494
2025-10-10 04:41:52,647 [INFO] Época 8/30, Batch 1200/3348, Loss: 0.1098
2025-10-10 04:41:52,910 [INFO] Época 8/30, Batch 1250/3348, Loss: 0.0972
2025-10-10 04:41:53,175 [INFO] Época 8/30, Batch 1300/3348, Loss: 0.1519
2025-10-10 04:41:53,441 [INFO] Época 8/30, Batch 1350/3348, Loss: 0.1913
2025-10-10 04:41:53,706 [INFO] Época 8/30, Batch 1400/3348, Loss: 0.1304
2025-10-10 04:41:53,969 [INFO] Época 8/30, Batch 1450/3348, Loss: 0.1836
2025-10-10 04:41:54,232 [INFO] Época 8/30, Batch 1500/3348, Loss: 0.1239
2025-10-10 04:41:54,495 [INFO] Época 8/30, Batch 1550/3348, Loss: 0.1332
2025-10-10 04:41:54,759 [INFO] Época 8/30, Batch 1600/3348, Loss: 0.1905
2025-10-10 04:41:55,020 [INFO] Época 8/30, Batch 1650/3348, Loss: 0.0765
2025-10-10 04:41:55,284 [INFO] Época 8/30, Batch 1700/3348, Loss: 0.1561
2025-10-10 04:41:55,549 [INFO] Época 8/30, Batch 1750/3348, Loss: 0.1809
2025-10-10 04:41:55,814 [INFO] Época 8/30, Batch 1800/3348, Loss: 0.1682
2025-10-10 04:41:56,078 [INFO] Época 8/30, Batch 1850/3348, Loss: 0.1556
2025-10-10 04:41:56,343 [INFO] Época 8/30, Batch 1900/3348, Loss: 0.1438
2025-10-10 04:41:56,608 [INFO] Época 8/30, Batch 1950/3348, Loss: 0.1594
2025-10-10 04:41:56,870 [INFO] Época 8/30, Batch 2000/3348, Loss: 0.1315
2025-10-10 04:41:57,133 [INFO] Época 8/30, Batch 2050/3348, Loss: 0.1334
2025-10-10 04:41:57,396 [INFO] Época 8/30, Batch 2100/3348, Loss: 0.1136
2025-10-10 04:41:57,659 [INFO] Época 8/30, Batch 2150/3348, Loss: 0.2706
2025-10-10 04:41:57,925 [INFO] Época 8/30, Batch 2200/3348, Loss: 0.1623
2025-10-10 04:41:58,189 [INFO] Época 8/30, Batch 2250/3348, Loss: 0.1334
2025-10-10 04:41:58,451 [INFO] Época 8/30, Batch 2300/3348, Loss: 0.1170
2025-10-10 04:41:58,713 [INFO] Época 8/30, Batch 2350/3348, Loss: 0.1915
2025-10-10 04:41:58,976 [INFO] Época 8/30, Batch 2400/3348, Loss: 0.1114
2025-10-10 04:41:59,239 [INFO] Época 8/30, Batch 2450/3348, Loss: 0.1703
2025-10-10 04:41:59,502 [INFO] Época 8/30, Batch 2500/3348, Loss: 0.1851
2025-10-10 04:41:59,765 [INFO] Época 8/30, Batch 2550/3348, Loss: 0.1196
2025-10-10 04:42:00,028 [INFO] Época 8/30, Batch 2600/3348, Loss: 0.1541
2025-10-10 04:42:00,289 [INFO] Época 8/30, Batch 2650/3348, Loss: 0.2060
2025-10-10 04:42:00,551 [INFO] Época 8/30, Batch 2700/3348, Loss: 0.1550
2025-10-10 04:42:00,816 [INFO] Época 8/30, Batch 2750/3348, Loss: 0.1284
2025-10-10 04:42:01,080 [INFO] Época 8/30, Batch 2800/3348, Loss: 0.1344
2025-10-10 04:42:01,343 [INFO] Época 8/30, Batch 2850/3348, Loss: 0.1581
2025-10-10 04:42:01,605 [INFO] Época 8/30, Batch 2900/3348, Loss: 0.1219
2025-10-10 04:42:01,868 [INFO] Época 8/30, Batch 2950/3348, Loss: 0.1191
2025-10-10 04:42:02,252 [INFO] Época 8/30, Batch 3000/3348, Loss: 0.1568
2025-10-10 04:42:02,515 [INFO] Época 8/30, Batch 3050/3348, Loss: 0.1122
2025-10-10 04:42:02,778 [INFO] Época 8/30, Batch 3100/3348, Loss: 0.1533
2025-10-10 04:42:03,039 [INFO] Época 8/30, Batch 3150/3348, Loss: 0.0992
2025-10-10 04:42:03,300 [INFO] Época 8/30, Batch 3200/3348, Loss: 0.1368
2025-10-10 04:42:03,563 [INFO] Época 8/30, Batch 3250/3348, Loss: 0.1050
2025-10-10 04:42:03,826 [INFO] Época 8/30, Batch 3300/3348, Loss: 0.2098
2025-10-10 04:42:05,615 [INFO] [8/30] Train Loss: 0.1445 | Val Loss: 0.3029 | Tempo: 19.66s
2025-10-10 04:42:05,621 [INFO] Melhor modelo salvo em: /mnt/hdd/home/jdurao/ToolBox-ChemXAI/models/mlp_qm9_AtomPair_att8_large.pth
2025-10-10 04:42:06,207 [INFO] Época 9/30, Batch 50/3348, Loss: 0.1813
2025-10-10 04:42:06,478 [INFO] Época 9/30, Batch 100/3348, Loss: 0.1048
2025-10-10 04:42:06,747 [INFO] Época 9/30, Batch 150/3348, Loss: 0.1597
2025-10-10 04:42:07,014 [INFO] Época 9/30, Batch 200/3348, Loss: 0.0912
2025-10-10 04:42:07,292 [INFO] Época 9/30, Batch 250/3348, Loss: 0.0997
2025-10-10 04:42:07,557 [INFO] Época 9/30, Batch 300/3348, Loss: 0.1499
2025-10-10 04:42:07,819 [INFO] Época 9/30, Batch 350/3348, Loss: 0.1229
2025-10-10 04:42:08,081 [INFO] Época 9/30, Batch 400/3348, Loss: 0.1571
2025-10-10 04:42:08,345 [INFO] Época 9/30, Batch 450/3348, Loss: 0.1128
2025-10-10 04:42:08,607 [INFO] Época 9/30, Batch 500/3348, Loss: 0.1419
2025-10-10 04:42:08,870 [INFO] Época 9/30, Batch 550/3348, Loss: 0.1556
2025-10-10 04:42:09,133 [INFO] Época 9/30, Batch 600/3348, Loss: 0.1407
2025-10-10 04:42:09,396 [INFO] Época 9/30, Batch 650/3348, Loss: 0.1534
2025-10-10 04:42:09,660 [INFO] Época 9/30, Batch 700/3348, Loss: 0.1034
2025-10-10 04:42:09,922 [INFO] Época 9/30, Batch 750/3348, Loss: 0.1450
2025-10-10 04:42:10,177 [INFO] Época 9/30, Batch 800/3348, Loss: 0.1216
2025-10-10 04:42:10,427 [INFO] Época 9/30, Batch 850/3348, Loss: 0.1265
2025-10-10 04:42:10,678 [INFO] Época 9/30, Batch 900/3348, Loss: 0.1462
2025-10-10 04:42:10,931 [INFO] Época 9/30, Batch 950/3348, Loss: 0.1320
2025-10-10 04:42:11,182 [INFO] Época 9/30, Batch 1000/3348, Loss: 0.1122
2025-10-10 04:42:11,433 [INFO] Época 9/30, Batch 1050/3348, Loss: 0.1466
2025-10-10 04:42:11,684 [INFO] Época 9/30, Batch 1100/3348, Loss: 0.1247
2025-10-10 04:42:11,935 [INFO] Época 9/30, Batch 1150/3348, Loss: 0.1531
2025-10-10 04:42:12,188 [INFO] Época 9/30, Batch 1200/3348, Loss: 0.1733
2025-10-10 04:42:12,441 [INFO] Época 9/30, Batch 1250/3348, Loss: 0.1492
2025-10-10 04:42:12,693 [INFO] Época 9/30, Batch 1300/3348, Loss: 0.1422
2025-10-10 04:42:12,945 [INFO] Época 9/30, Batch 1350/3348, Loss: 0.1632
2025-10-10 04:42:13,201 [INFO] Época 9/30, Batch 1400/3348, Loss: 0.1561
2025-10-10 04:42:13,461 [INFO] Época 9/30, Batch 1450/3348, Loss: 0.1258
2025-10-10 04:42:13,722 [INFO] Época 9/30, Batch 1500/3348, Loss: 0.1664
2025-10-10 04:42:13,983 [INFO] Época 9/30, Batch 1550/3348, Loss: 0.1524
2025-10-10 04:42:14,243 [INFO] Época 9/30, Batch 1600/3348, Loss: 0.1459
2025-10-10 04:42:14,504 [INFO] Época 9/30, Batch 1650/3348, Loss: 0.1626
2025-10-10 04:42:14,763 [INFO] Época 9/30, Batch 1700/3348, Loss: 0.1050
2025-10-10 04:42:15,026 [INFO] Época 9/30, Batch 1750/3348, Loss: 0.1356
2025-10-10 04:42:15,286 [INFO] Época 9/30, Batch 1800/3348, Loss: 0.2035
2025-10-10 04:42:15,546 [INFO] Época 9/30, Batch 1850/3348, Loss: 0.1820
2025-10-10 04:42:15,805 [INFO] Época 9/30, Batch 1900/3348, Loss: 0.0878
2025-10-10 04:42:16,064 [INFO] Época 9/30, Batch 1950/3348, Loss: 0.1412
2025-10-10 04:42:16,325 [INFO] Época 9/30, Batch 2000/3348, Loss: 0.1488
2025-10-10 04:42:16,585 [INFO] Época 9/30, Batch 2050/3348, Loss: 0.1253
2025-10-10 04:42:16,845 [INFO] Época 9/30, Batch 2100/3348, Loss: 0.1416
2025-10-10 04:42:17,105 [INFO] Época 9/30, Batch 2150/3348, Loss: 0.0961
2025-10-10 04:42:17,361 [INFO] Época 9/30, Batch 2200/3348, Loss: 0.1134
2025-10-10 04:42:17,619 [INFO] Época 9/30, Batch 2250/3348, Loss: 0.1084
2025-10-10 04:42:17,879 [INFO] Época 9/30, Batch 2300/3348, Loss: 0.1205
2025-10-10 04:42:18,139 [INFO] Época 9/30, Batch 2350/3348, Loss: 0.1507
2025-10-10 04:42:18,399 [INFO] Época 9/30, Batch 2400/3348, Loss: 0.1698
2025-10-10 04:42:18,659 [INFO] Época 9/30, Batch 2450/3348, Loss: 0.1764
2025-10-10 04:42:18,917 [INFO] Época 9/30, Batch 2500/3348, Loss: 0.1266
2025-10-10 04:42:19,177 [INFO] Época 9/30, Batch 2550/3348, Loss: 0.1257
2025-10-10 04:42:19,439 [INFO] Época 9/30, Batch 2600/3348, Loss: 0.1150
2025-10-10 04:42:19,699 [INFO] Época 9/30, Batch 2650/3348, Loss: 0.1054
2025-10-10 04:42:19,960 [INFO] Época 9/30, Batch 2700/3348, Loss: 0.1424
2025-10-10 04:42:20,222 [INFO] Época 9/30, Batch 2750/3348, Loss: 0.1169
2025-10-10 04:42:20,484 [INFO] Época 9/30, Batch 2800/3348, Loss: 0.1344
2025-10-10 04:42:20,743 [INFO] Época 9/30, Batch 2850/3348, Loss: 0.1165
2025-10-10 04:42:21,001 [INFO] Época 9/30, Batch 2900/3348, Loss: 0.1539
2025-10-10 04:42:21,260 [INFO] Época 9/30, Batch 2950/3348, Loss: 0.1495
2025-10-10 04:42:21,518 [INFO] Época 9/30, Batch 3000/3348, Loss: 0.1352
2025-10-10 04:42:21,773 [INFO] Época 9/30, Batch 3050/3348, Loss: 0.1685
2025-10-10 04:42:22,032 [INFO] Época 9/30, Batch 3100/3348, Loss: 0.1559
2025-10-10 04:42:22,288 [INFO] Época 9/30, Batch 3150/3348, Loss: 0.1408
2025-10-10 04:42:22,548 [INFO] Época 9/30, Batch 3200/3348, Loss: 0.1680
2025-10-10 04:42:22,815 [INFO] Época 9/30, Batch 3250/3348, Loss: 0.1706
2025-10-10 04:42:23,073 [INFO] Época 9/30, Batch 3300/3348, Loss: 0.1022
2025-10-10 04:42:24,876 [INFO] [9/30] Train Loss: 0.1407 | Val Loss: 0.2898 | Tempo: 19.25s
2025-10-10 04:42:24,882 [INFO] Melhor modelo salvo em: /mnt/hdd/home/jdurao/ToolBox-ChemXAI/models/mlp_qm9_AtomPair_att8_large.pth
2025-10-10 04:42:25,461 [INFO] Época 10/30, Batch 50/3348, Loss: 0.1606
2025-10-10 04:42:25,731 [INFO] Época 10/30, Batch 100/3348, Loss: 0.1447
2025-10-10 04:42:25,999 [INFO] Época 10/30, Batch 150/3348, Loss: 0.1153
2025-10-10 04:42:26,268 [INFO] Época 10/30, Batch 200/3348, Loss: 0.1312
2025-10-10 04:42:26,533 [INFO] Época 10/30, Batch 250/3348, Loss: 0.1349
2025-10-10 04:42:26,804 [INFO] Época 10/30, Batch 300/3348, Loss: 0.1340
2025-10-10 04:42:27,078 [INFO] Época 10/30, Batch 350/3348, Loss: 0.1129
2025-10-10 04:42:27,351 [INFO] Época 10/30, Batch 400/3348, Loss: 0.1348
2025-10-10 04:42:27,624 [INFO] Época 10/30, Batch 450/3348, Loss: 0.1282
2025-10-10 04:42:27,899 [INFO] Época 10/30, Batch 500/3348, Loss: 0.1001
2025-10-10 04:42:28,163 [INFO] Época 10/30, Batch 550/3348, Loss: 0.1479
2025-10-10 04:42:28,430 [INFO] Época 10/30, Batch 600/3348, Loss: 0.1592
2025-10-10 04:42:28,693 [INFO] Época 10/30, Batch 650/3348, Loss: 0.1186
2025-10-10 04:42:28,957 [INFO] Época 10/30, Batch 700/3348, Loss: 0.1435
2025-10-10 04:42:29,222 [INFO] Época 10/30, Batch 750/3348, Loss: 0.1268
2025-10-10 04:42:29,484 [INFO] Época 10/30, Batch 800/3348, Loss: 0.1528
2025-10-10 04:42:29,749 [INFO] Época 10/30, Batch 850/3348, Loss: 0.1333
2025-10-10 04:42:30,013 [INFO] Época 10/30, Batch 900/3348, Loss: 0.1538
2025-10-10 04:42:30,276 [INFO] Época 10/30, Batch 950/3348, Loss: 0.1534
2025-10-10 04:42:30,535 [INFO] Época 10/30, Batch 1000/3348, Loss: 0.1156
2025-10-10 04:42:30,790 [INFO] Época 10/30, Batch 1050/3348, Loss: 0.1228
2025-10-10 04:42:31,044 [INFO] Época 10/30, Batch 1100/3348, Loss: 0.1070
2025-10-10 04:42:31,313 [INFO] Época 10/30, Batch 1150/3348, Loss: 0.1059
2025-10-10 04:42:31,581 [INFO] Época 10/30, Batch 1200/3348, Loss: 0.1064
2025-10-10 04:42:31,855 [INFO] Época 10/30, Batch 1250/3348, Loss: 0.1091
2025-10-10 04:42:32,126 [INFO] Época 10/30, Batch 1300/3348, Loss: 0.1472
2025-10-10 04:42:32,399 [INFO] Época 10/30, Batch 1350/3348, Loss: 0.1432
2025-10-10 04:42:32,670 [INFO] Época 10/30, Batch 1400/3348, Loss: 0.1178
2025-10-10 04:42:32,942 [INFO] Época 10/30, Batch 1450/3348, Loss: 0.1290
2025-10-10 04:42:33,216 [INFO] Época 10/30, Batch 1500/3348, Loss: 0.1407
2025-10-10 04:42:33,490 [INFO] Época 10/30, Batch 1550/3348, Loss: 0.1667
2025-10-10 04:42:33,757 [INFO] Época 10/30, Batch 1600/3348, Loss: 0.1496
2025-10-10 04:42:34,019 [INFO] Época 10/30, Batch 1650/3348, Loss: 0.1353
2025-10-10 04:42:34,280 [INFO] Época 10/30, Batch 1700/3348, Loss: 0.0878
2025-10-10 04:42:34,544 [INFO] Época 10/30, Batch 1750/3348, Loss: 0.1510
2025-10-10 04:42:34,808 [INFO] Época 10/30, Batch 1800/3348, Loss: 0.1042
2025-10-10 04:42:35,074 [INFO] Época 10/30, Batch 1850/3348, Loss: 0.2074
2025-10-10 04:42:35,337 [INFO] Época 10/30, Batch 1900/3348, Loss: 0.1155
2025-10-10 04:42:35,605 [INFO] Época 10/30, Batch 1950/3348, Loss: 0.1624
2025-10-10 04:42:35,878 [INFO] Época 10/30, Batch 2000/3348, Loss: 0.1147
2025-10-10 04:42:36,155 [INFO] Época 10/30, Batch 2050/3348, Loss: 0.1653
2025-10-10 04:42:36,432 [INFO] Época 10/30, Batch 2100/3348, Loss: 0.1470
2025-10-10 04:42:36,708 [INFO] Época 10/30, Batch 2150/3348, Loss: 0.1898
2025-10-10 04:42:36,985 [INFO] Época 10/30, Batch 2200/3348, Loss: 0.1508
2025-10-10 04:42:37,264 [INFO] Época 10/30, Batch 2250/3348, Loss: 0.1524
2025-10-10 04:42:37,539 [INFO] Época 10/30, Batch 2300/3348, Loss: 0.1397
2025-10-10 04:42:37,813 [INFO] Época 10/30, Batch 2350/3348, Loss: 0.1570
2025-10-10 04:42:38,097 [INFO] Época 10/30, Batch 2400/3348, Loss: 0.1183
2025-10-10 04:42:38,363 [INFO] Época 10/30, Batch 2450/3348, Loss: 0.1658
2025-10-10 04:42:38,626 [INFO] Época 10/30, Batch 2500/3348, Loss: 0.1353
2025-10-10 04:42:38,890 [INFO] Época 10/30, Batch 2550/3348, Loss: 0.1333
2025-10-10 04:42:39,156 [INFO] Época 10/30, Batch 2600/3348, Loss: 0.1319
2025-10-10 04:42:39,430 [INFO] Época 10/30, Batch 2650/3348, Loss: 0.1203
2025-10-10 04:42:39,704 [INFO] Época 10/30, Batch 2700/3348, Loss: 0.1819
2025-10-10 04:42:39,977 [INFO] Época 10/30, Batch 2750/3348, Loss: 0.1252
2025-10-10 04:42:40,250 [INFO] Época 10/30, Batch 2800/3348, Loss: 0.1795
2025-10-10 04:42:40,524 [INFO] Época 10/30, Batch 2850/3348, Loss: 0.1616
2025-10-10 04:42:40,798 [INFO] Época 10/30, Batch 2900/3348, Loss: 0.1859
2025-10-10 04:42:41,074 [INFO] Época 10/30, Batch 2950/3348, Loss: 0.1313
2025-10-10 04:42:41,337 [INFO] Época 10/30, Batch 3000/3348, Loss: 0.1066
2025-10-10 04:42:41,602 [INFO] Época 10/30, Batch 3050/3348, Loss: 0.1225
2025-10-10 04:42:41,866 [INFO] Época 10/30, Batch 3100/3348, Loss: 0.1061
2025-10-10 04:42:42,131 [INFO] Época 10/30, Batch 3150/3348, Loss: 0.1140
2025-10-10 04:42:42,396 [INFO] Época 10/30, Batch 3200/3348, Loss: 0.1432
2025-10-10 04:42:42,659 [INFO] Época 10/30, Batch 3250/3348, Loss: 0.1142
2025-10-10 04:42:42,931 [INFO] Época 10/30, Batch 3300/3348, Loss: 0.1480
2025-10-10 04:42:44,743 [INFO] [10/30] Train Loss: 0.1367 | Val Loss: 0.3073 | Tempo: 19.86s
2025-10-10 04:42:45,327 [INFO] Época 11/30, Batch 50/3348, Loss: 0.1498
2025-10-10 04:42:45,593 [INFO] Época 11/30, Batch 100/3348, Loss: 0.1068
2025-10-10 04:42:45,859 [INFO] Época 11/30, Batch 150/3348, Loss: 0.1409
2025-10-10 04:42:46,121 [INFO] Época 11/30, Batch 200/3348, Loss: 0.1982
2025-10-10 04:42:46,385 [INFO] Época 11/30, Batch 250/3348, Loss: 0.1015
2025-10-10 04:42:46,650 [INFO] Época 11/30, Batch 300/3348, Loss: 0.1058
2025-10-10 04:42:46,913 [INFO] Época 11/30, Batch 350/3348, Loss: 0.1538
2025-10-10 04:42:47,177 [INFO] Época 11/30, Batch 400/3348, Loss: 0.1029
2025-10-10 04:42:47,439 [INFO] Época 11/30, Batch 450/3348, Loss: 0.1350
2025-10-10 04:42:47,700 [INFO] Época 11/30, Batch 500/3348, Loss: 0.1651
2025-10-10 04:42:47,977 [INFO] Época 11/30, Batch 550/3348, Loss: 0.1208
2025-10-10 04:42:48,250 [INFO] Época 11/30, Batch 600/3348, Loss: 0.1375
2025-10-10 04:42:48,520 [INFO] Época 11/30, Batch 650/3348, Loss: 0.1660
2025-10-10 04:42:48,793 [INFO] Época 11/30, Batch 700/3348, Loss: 0.1194
2025-10-10 04:42:49,064 [INFO] Época 11/30, Batch 750/3348, Loss: 0.1470
2025-10-10 04:42:49,335 [INFO] Época 11/30, Batch 800/3348, Loss: 0.0899
2025-10-10 04:42:49,598 [INFO] Época 11/30, Batch 850/3348, Loss: 0.1255
2025-10-10 04:42:49,863 [INFO] Época 11/30, Batch 900/3348, Loss: 0.1428
2025-10-10 04:42:50,122 [INFO] Época 11/30, Batch 950/3348, Loss: 0.1164
2025-10-10 04:42:50,379 [INFO] Época 11/30, Batch 1000/3348, Loss: 0.1828
2025-10-10 04:42:50,638 [INFO] Época 11/30, Batch 1050/3348, Loss: 0.1573
2025-10-10 04:42:50,895 [INFO] Época 11/30, Batch 1100/3348, Loss: 0.1316
2025-10-10 04:42:51,151 [INFO] Época 11/30, Batch 1150/3348, Loss: 0.1193
2025-10-10 04:42:51,413 [INFO] Época 11/30, Batch 1200/3348, Loss: 0.0909
2025-10-10 04:42:51,676 [INFO] Época 11/30, Batch 1250/3348, Loss: 0.1322
2025-10-10 04:42:51,948 [INFO] Época 11/30, Batch 1300/3348, Loss: 0.1184
2025-10-10 04:42:52,222 [INFO] Época 11/30, Batch 1350/3348, Loss: 0.0975
2025-10-10 04:42:52,493 [INFO] Época 11/30, Batch 1400/3348, Loss: 0.1513
2025-10-10 04:42:52,765 [INFO] Época 11/30, Batch 1450/3348, Loss: 0.1194
2025-10-10 04:42:53,037 [INFO] Época 11/30, Batch 1500/3348, Loss: 0.1482
2025-10-10 04:42:53,320 [INFO] Época 11/30, Batch 1550/3348, Loss: 0.1232
2025-10-10 04:42:53,592 [INFO] Época 11/30, Batch 1600/3348, Loss: 0.1304
2025-10-10 04:42:53,862 [INFO] Época 11/30, Batch 1650/3348, Loss: 0.1266
2025-10-10 04:42:54,136 [INFO] Época 11/30, Batch 1700/3348, Loss: 0.1150
2025-10-10 04:42:54,406 [INFO] Época 11/30, Batch 1750/3348, Loss: 0.1061
2025-10-10 04:42:54,679 [INFO] Época 11/30, Batch 1800/3348, Loss: 0.1496
2025-10-10 04:42:54,950 [INFO] Época 11/30, Batch 1850/3348, Loss: 0.1010
2025-10-10 04:42:55,220 [INFO] Época 11/30, Batch 1900/3348, Loss: 0.1127
2025-10-10 04:42:55,491 [INFO] Época 11/30, Batch 1950/3348, Loss: 0.1526
2025-10-10 04:42:55,762 [INFO] Época 11/30, Batch 2000/3348, Loss: 0.1676
2025-10-10 04:42:56,034 [INFO] Época 11/30, Batch 2050/3348, Loss: 0.1449
2025-10-10 04:42:56,308 [INFO] Época 11/30, Batch 2100/3348, Loss: 0.1185
2025-10-10 04:42:56,581 [INFO] Época 11/30, Batch 2150/3348, Loss: 0.1459
2025-10-10 04:42:56,853 [INFO] Época 11/30, Batch 2200/3348, Loss: 0.1533
2025-10-10 04:42:57,122 [INFO] Época 11/30, Batch 2250/3348, Loss: 0.0985
2025-10-10 04:42:57,385 [INFO] Época 11/30, Batch 2300/3348, Loss: 0.0917
2025-10-10 04:42:57,647 [INFO] Época 11/30, Batch 2350/3348, Loss: 0.1180
2025-10-10 04:42:57,909 [INFO] Época 11/30, Batch 2400/3348, Loss: 0.1548
2025-10-10 04:42:58,172 [INFO] Época 11/30, Batch 2450/3348, Loss: 0.1642
2025-10-10 04:42:58,439 [INFO] Época 11/30, Batch 2500/3348, Loss: 0.1138
2025-10-10 04:42:58,702 [INFO] Época 11/30, Batch 2550/3348, Loss: 0.1534
2025-10-10 04:42:58,966 [INFO] Época 11/30, Batch 2600/3348, Loss: 0.1035
2025-10-10 04:42:59,230 [INFO] Época 11/30, Batch 2650/3348, Loss: 0.1251
2025-10-10 04:42:59,493 [INFO] Época 11/30, Batch 2700/3348, Loss: 0.1073
2025-10-10 04:42:59,756 [INFO] Época 11/30, Batch 2750/3348, Loss: 0.1966
2025-10-10 04:43:00,018 [INFO] Época 11/30, Batch 2800/3348, Loss: 0.1299
2025-10-10 04:43:00,285 [INFO] Época 11/30, Batch 2850/3348, Loss: 0.1864
2025-10-10 04:43:00,548 [INFO] Época 11/30, Batch 2900/3348, Loss: 0.1436
2025-10-10 04:43:00,818 [INFO] Época 11/30, Batch 2950/3348, Loss: 0.1106
2025-10-10 04:43:01,081 [INFO] Época 11/30, Batch 3000/3348, Loss: 0.1139
2025-10-10 04:43:01,345 [INFO] Época 11/30, Batch 3050/3348, Loss: 0.1225
2025-10-10 04:43:01,611 [INFO] Época 11/30, Batch 3100/3348, Loss: 0.1711
2025-10-10 04:43:01,875 [INFO] Época 11/30, Batch 3150/3348, Loss: 0.1303
2025-10-10 04:43:02,140 [INFO] Época 11/30, Batch 3200/3348, Loss: 0.1844
2025-10-10 04:43:02,403 [INFO] Época 11/30, Batch 3250/3348, Loss: 0.1112
2025-10-10 04:43:02,671 [INFO] Época 11/30, Batch 3300/3348, Loss: 0.1253
2025-10-10 04:43:04,541 [INFO] [11/30] Train Loss: 0.1335 | Val Loss: 0.2949 | Tempo: 19.80s
2025-10-10 04:43:05,141 [INFO] Época 12/30, Batch 50/3348, Loss: 0.1126
2025-10-10 04:43:05,411 [INFO] Época 12/30, Batch 100/3348, Loss: 0.1805
2025-10-10 04:43:05,679 [INFO] Época 12/30, Batch 150/3348, Loss: 0.1261
2025-10-10 04:43:05,947 [INFO] Época 12/30, Batch 200/3348, Loss: 0.1103
2025-10-10 04:43:06,213 [INFO] Época 12/30, Batch 250/3348, Loss: 0.1611
2025-10-10 04:43:06,478 [INFO] Época 12/30, Batch 300/3348, Loss: 0.1314
2025-10-10 04:43:06,743 [INFO] Época 12/30, Batch 350/3348, Loss: 0.0909
2025-10-10 04:43:07,009 [INFO] Época 12/30, Batch 400/3348, Loss: 0.0948
2025-10-10 04:43:07,273 [INFO] Época 12/30, Batch 450/3348, Loss: 0.1816
2025-10-10 04:43:07,536 [INFO] Época 12/30, Batch 500/3348, Loss: 0.1239
2025-10-10 04:43:07,800 [INFO] Época 12/30, Batch 550/3348, Loss: 0.1686
2025-10-10 04:43:08,065 [INFO] Época 12/30, Batch 600/3348, Loss: 0.1436
2025-10-10 04:43:08,329 [INFO] Época 12/30, Batch 650/3348, Loss: 0.1041
2025-10-10 04:43:08,592 [INFO] Época 12/30, Batch 700/3348, Loss: 0.1371
2025-10-10 04:43:08,855 [INFO] Época 12/30, Batch 750/3348, Loss: 0.2006
2025-10-10 04:43:09,118 [INFO] Época 12/30, Batch 800/3348, Loss: 0.1125
2025-10-10 04:43:09,377 [INFO] Época 12/30, Batch 850/3348, Loss: 0.1280
2025-10-10 04:43:09,633 [INFO] Época 12/30, Batch 900/3348, Loss: 0.1631
2025-10-10 04:43:09,897 [INFO] Época 12/30, Batch 950/3348, Loss: 0.1243
2025-10-10 04:43:10,155 [INFO] Época 12/30, Batch 1000/3348, Loss: 0.1328
2025-10-10 04:43:10,412 [INFO] Época 12/30, Batch 1050/3348, Loss: 0.1045
2025-10-10 04:43:10,668 [INFO] Época 12/30, Batch 1100/3348, Loss: 0.1330
2025-10-10 04:43:10,923 [INFO] Época 12/30, Batch 1150/3348, Loss: 0.0890
2025-10-10 04:43:11,179 [INFO] Época 12/30, Batch 1200/3348, Loss: 0.1575
2025-10-10 04:43:11,443 [INFO] Época 12/30, Batch 1250/3348, Loss: 0.1842
2025-10-10 04:43:11,708 [INFO] Época 12/30, Batch 1300/3348, Loss: 0.1148
2025-10-10 04:43:11,973 [INFO] Época 12/30, Batch 1350/3348, Loss: 0.1656
2025-10-10 04:43:12,239 [INFO] Época 12/30, Batch 1400/3348, Loss: 0.1549
2025-10-10 04:43:12,508 [INFO] Época 12/30, Batch 1450/3348, Loss: 0.1760
2025-10-10 04:43:12,778 [INFO] Época 12/30, Batch 1500/3348, Loss: 0.1439
2025-10-10 04:43:13,048 [INFO] Época 12/30, Batch 1550/3348, Loss: 0.1252
2025-10-10 04:43:13,315 [INFO] Época 12/30, Batch 1600/3348, Loss: 0.1484
2025-10-10 04:43:13,582 [INFO] Época 12/30, Batch 1650/3348, Loss: 0.1170
2025-10-10 04:43:13,848 [INFO] Época 12/30, Batch 1700/3348, Loss: 0.1162
2025-10-10 04:43:14,115 [INFO] Época 12/30, Batch 1750/3348, Loss: 0.1089
2025-10-10 04:43:14,381 [INFO] Época 12/30, Batch 1800/3348, Loss: 0.1276
2025-10-10 04:43:14,647 [INFO] Época 12/30, Batch 1850/3348, Loss: 0.1256
2025-10-10 04:43:14,926 [INFO] Época 12/30, Batch 1900/3348, Loss: 0.1181
2025-10-10 04:43:15,193 [INFO] Época 12/30, Batch 1950/3348, Loss: 0.1169
2025-10-10 04:43:15,461 [INFO] Época 12/30, Batch 2000/3348, Loss: 0.1051
2025-10-10 04:43:15,726 [INFO] Época 12/30, Batch 2050/3348, Loss: 0.1475
2025-10-10 04:43:15,994 [INFO] Época 12/30, Batch 2100/3348, Loss: 0.1129
2025-10-10 04:43:16,259 [INFO] Época 12/30, Batch 2150/3348, Loss: 0.1770
2025-10-10 04:43:16,526 [INFO] Época 12/30, Batch 2200/3348, Loss: 0.1296
2025-10-10 04:43:16,792 [INFO] Época 12/30, Batch 2250/3348, Loss: 0.1506
2025-10-10 04:43:17,057 [INFO] Época 12/30, Batch 2300/3348, Loss: 0.1509
2025-10-10 04:43:17,323 [INFO] Época 12/30, Batch 2350/3348, Loss: 0.1161
2025-10-10 04:43:17,587 [INFO] Época 12/30, Batch 2400/3348, Loss: 0.1687
2025-10-10 04:43:17,853 [INFO] Época 12/30, Batch 2450/3348, Loss: 0.1099
2025-10-10 04:43:18,119 [INFO] Época 12/30, Batch 2500/3348, Loss: 0.1421
2025-10-10 04:43:18,382 [INFO] Época 12/30, Batch 2550/3348, Loss: 0.1354
2025-10-10 04:43:18,650 [INFO] Época 12/30, Batch 2600/3348, Loss: 0.1686
2025-10-10 04:43:18,928 [INFO] Época 12/30, Batch 2650/3348, Loss: 0.1021
2025-10-10 04:43:19,208 [INFO] Época 12/30, Batch 2700/3348, Loss: 0.0826
2025-10-10 04:43:19,484 [INFO] Época 12/30, Batch 2750/3348, Loss: 0.1292
2025-10-10 04:43:19,756 [INFO] Época 12/30, Batch 2800/3348, Loss: 0.1161
2025-10-10 04:43:20,024 [INFO] Época 12/30, Batch 2850/3348, Loss: 0.1170
2025-10-10 04:43:20,288 [INFO] Época 12/30, Batch 2900/3348, Loss: 0.1324
2025-10-10 04:43:20,552 [INFO] Época 12/30, Batch 2950/3348, Loss: 0.1030
2025-10-10 04:43:20,826 [INFO] Época 12/30, Batch 3000/3348, Loss: 0.1447
2025-10-10 04:43:21,101 [INFO] Época 12/30, Batch 3050/3348, Loss: 0.1098
2025-10-10 04:43:21,379 [INFO] Época 12/30, Batch 3100/3348, Loss: 0.1193
2025-10-10 04:43:21,656 [INFO] Época 12/30, Batch 3150/3348, Loss: 0.1496
2025-10-10 04:43:21,921 [INFO] Época 12/30, Batch 3200/3348, Loss: 0.1524
2025-10-10 04:43:22,187 [INFO] Época 12/30, Batch 3250/3348, Loss: 0.1507
2025-10-10 04:43:22,452 [INFO] Época 12/30, Batch 3300/3348, Loss: 0.1203
2025-10-10 04:43:24,258 [INFO] [12/30] Train Loss: 0.1311 | Val Loss: 0.3087 | Tempo: 19.72s
2025-10-10 04:43:24,845 [INFO] Época 13/30, Batch 50/3348, Loss: 0.1180
2025-10-10 04:43:25,125 [INFO] Época 13/30, Batch 100/3348, Loss: 0.1559
2025-10-10 04:43:25,390 [INFO] Época 13/30, Batch 150/3348, Loss: 0.1173
2025-10-10 04:43:25,654 [INFO] Época 13/30, Batch 200/3348, Loss: 0.1420
2025-10-10 04:43:25,917 [INFO] Época 13/30, Batch 250/3348, Loss: 0.1257
2025-10-10 04:43:26,180 [INFO] Época 13/30, Batch 300/3348, Loss: 0.1274
2025-10-10 04:43:26,442 [INFO] Época 13/30, Batch 350/3348, Loss: 0.1254
2025-10-10 04:43:26,705 [INFO] Época 13/30, Batch 400/3348, Loss: 0.1243
2025-10-10 04:43:26,966 [INFO] Época 13/30, Batch 450/3348, Loss: 0.1108
2025-10-10 04:43:27,230 [INFO] Época 13/30, Batch 500/3348, Loss: 0.0841
2025-10-10 04:43:27,492 [INFO] Época 13/30, Batch 550/3348, Loss: 0.1610
2025-10-10 04:43:27,758 [INFO] Época 13/30, Batch 600/3348, Loss: 0.1380
2025-10-10 04:43:28,021 [INFO] Época 13/30, Batch 650/3348, Loss: 0.1543
2025-10-10 04:43:28,285 [INFO] Época 13/30, Batch 700/3348, Loss: 0.1390
2025-10-10 04:43:28,548 [INFO] Época 13/30, Batch 750/3348, Loss: 0.1546
2025-10-10 04:43:28,812 [INFO] Época 13/30, Batch 800/3348, Loss: 0.1181
2025-10-10 04:43:29,077 [INFO] Época 13/30, Batch 850/3348, Loss: 0.1016
2025-10-10 04:43:29,338 [INFO] Época 13/30, Batch 900/3348, Loss: 0.1552
2025-10-10 04:43:29,590 [INFO] Época 13/30, Batch 950/3348, Loss: 0.1518
2025-10-10 04:43:29,847 [INFO] Época 13/30, Batch 1000/3348, Loss: 0.1537
2025-10-10 04:43:30,111 [INFO] Época 13/30, Batch 1050/3348, Loss: 0.1345
2025-10-10 04:43:30,365 [INFO] Época 13/30, Batch 1100/3348, Loss: 0.1286
2025-10-10 04:43:30,618 [INFO] Época 13/30, Batch 1150/3348, Loss: 0.1131
2025-10-10 04:43:30,871 [INFO] Época 13/30, Batch 1200/3348, Loss: 0.1449
2025-10-10 04:43:31,122 [INFO] Época 13/30, Batch 1250/3348, Loss: 0.1214
2025-10-10 04:43:31,376 [INFO] Época 13/30, Batch 1300/3348, Loss: 0.1129
2025-10-10 04:43:31,640 [INFO] Época 13/30, Batch 1350/3348, Loss: 0.1490
2025-10-10 04:43:31,903 [INFO] Época 13/30, Batch 1400/3348, Loss: 0.1383
2025-10-10 04:43:32,165 [INFO] Época 13/30, Batch 1450/3348, Loss: 0.1337
2025-10-10 04:43:32,429 [INFO] Época 13/30, Batch 1500/3348, Loss: 0.1055
2025-10-10 04:43:32,689 [INFO] Época 13/30, Batch 1550/3348, Loss: 0.1596
2025-10-10 04:43:32,950 [INFO] Época 13/30, Batch 1600/3348, Loss: 0.1365
2025-10-10 04:43:33,212 [INFO] Época 13/30, Batch 1650/3348, Loss: 0.1324
2025-10-10 04:43:33,477 [INFO] Época 13/30, Batch 1700/3348, Loss: 0.1404
2025-10-10 04:43:33,740 [INFO] Época 13/30, Batch 1750/3348, Loss: 0.1033
2025-10-10 04:43:34,001 [INFO] Época 13/30, Batch 1800/3348, Loss: 0.1210
2025-10-10 04:43:34,264 [INFO] Época 13/30, Batch 1850/3348, Loss: 0.1252
2025-10-10 04:43:34,529 [INFO] Época 13/30, Batch 1900/3348, Loss: 0.1020
2025-10-10 04:43:34,793 [INFO] Época 13/30, Batch 1950/3348, Loss: 0.1666
2025-10-10 04:43:35,056 [INFO] Época 13/30, Batch 2000/3348, Loss: 0.0993
2025-10-10 04:43:35,319 [INFO] Época 13/30, Batch 2050/3348, Loss: 0.1498
2025-10-10 04:43:35,582 [INFO] Época 13/30, Batch 2100/3348, Loss: 0.0965
2025-10-10 04:43:35,849 [INFO] Época 13/30, Batch 2150/3348, Loss: 0.1947
2025-10-10 04:43:36,114 [INFO] Época 13/30, Batch 2200/3348, Loss: 0.1202
2025-10-10 04:43:36,379 [INFO] Época 13/30, Batch 2250/3348, Loss: 0.1185
2025-10-10 04:43:36,645 [INFO] Época 13/30, Batch 2300/3348, Loss: 0.1459
2025-10-10 04:43:36,910 [INFO] Época 13/30, Batch 2350/3348, Loss: 0.1488
2025-10-10 04:43:37,177 [INFO] Época 13/30, Batch 2400/3348, Loss: 0.1276
2025-10-10 04:43:37,441 [INFO] Época 13/30, Batch 2450/3348, Loss: 0.1211
2025-10-10 04:43:37,704 [INFO] Época 13/30, Batch 2500/3348, Loss: 0.1089
2025-10-10 04:43:37,970 [INFO] Época 13/30, Batch 2550/3348, Loss: 0.1213
2025-10-10 04:43:38,232 [INFO] Época 13/30, Batch 2600/3348, Loss: 0.1034
2025-10-10 04:43:38,495 [INFO] Época 13/30, Batch 2650/3348, Loss: 0.1149
2025-10-10 04:43:38,756 [INFO] Época 13/30, Batch 2700/3348, Loss: 0.1223
2025-10-10 04:43:39,015 [INFO] Época 13/30, Batch 2750/3348, Loss: 0.2466
2025-10-10 04:43:39,278 [INFO] Época 13/30, Batch 2800/3348, Loss: 0.1467
2025-10-10 04:43:39,540 [INFO] Época 13/30, Batch 2850/3348, Loss: 0.1408
2025-10-10 04:43:39,805 [INFO] Época 13/30, Batch 2900/3348, Loss: 0.1083
2025-10-10 04:43:40,067 [INFO] Época 13/30, Batch 2950/3348, Loss: 0.0996
2025-10-10 04:43:40,340 [INFO] Época 13/30, Batch 3000/3348, Loss: 0.1372
2025-10-10 04:43:40,602 [INFO] Época 13/30, Batch 3050/3348, Loss: 0.1508
2025-10-10 04:43:40,865 [INFO] Época 13/30, Batch 3100/3348, Loss: 0.1182
2025-10-10 04:43:41,128 [INFO] Época 13/30, Batch 3150/3348, Loss: 0.1255
2025-10-10 04:43:41,393 [INFO] Época 13/30, Batch 3200/3348, Loss: 0.1375
2025-10-10 04:43:41,656 [INFO] Época 13/30, Batch 3250/3348, Loss: 0.1327
2025-10-10 04:43:41,921 [INFO] Época 13/30, Batch 3300/3348, Loss: 0.1368
2025-10-10 04:43:43,732 [INFO] [13/30] Train Loss: 0.1283 | Val Loss: 0.2928 | Tempo: 19.47s
2025-10-10 04:43:44,324 [INFO] Época 14/30, Batch 50/3348, Loss: 0.1262
2025-10-10 04:43:44,598 [INFO] Época 14/30, Batch 100/3348, Loss: 0.1069
2025-10-10 04:43:44,871 [INFO] Época 14/30, Batch 150/3348, Loss: 0.0926
2025-10-10 04:43:45,141 [INFO] Época 14/30, Batch 200/3348, Loss: 0.1170
2025-10-10 04:43:45,422 [INFO] Época 14/30, Batch 250/3348, Loss: 0.1550
2025-10-10 04:43:45,693 [INFO] Época 14/30, Batch 300/3348, Loss: 0.1365
2025-10-10 04:43:45,959 [INFO] Época 14/30, Batch 350/3348, Loss: 0.1129
2025-10-10 04:43:46,227 [INFO] Época 14/30, Batch 400/3348, Loss: 0.0901
2025-10-10 04:43:46,495 [INFO] Época 14/30, Batch 450/3348, Loss: 0.1235
2025-10-10 04:43:46,761 [INFO] Época 14/30, Batch 500/3348, Loss: 0.1366
2025-10-10 04:43:47,028 [INFO] Época 14/30, Batch 550/3348, Loss: 0.1631
2025-10-10 04:43:47,294 [INFO] Época 14/30, Batch 600/3348, Loss: 0.1714
2025-10-10 04:43:47,561 [INFO] Época 14/30, Batch 650/3348, Loss: 0.1522
2025-10-10 04:43:47,827 [INFO] Época 14/30, Batch 700/3348, Loss: 0.1418
2025-10-10 04:43:48,092 [INFO] Época 14/30, Batch 750/3348, Loss: 0.1792
2025-10-10 04:43:48,356 [INFO] Época 14/30, Batch 800/3348, Loss: 0.0921
2025-10-10 04:43:48,622 [INFO] Época 14/30, Batch 850/3348, Loss: 0.1462
2025-10-10 04:43:48,889 [INFO] Época 14/30, Batch 900/3348, Loss: 0.1059
2025-10-10 04:43:49,154 [INFO] Época 14/30, Batch 950/3348, Loss: 0.1073
2025-10-10 04:43:49,419 [INFO] Época 14/30, Batch 1000/3348, Loss: 0.1024
2025-10-10 04:43:49,684 [INFO] Época 14/30, Batch 1050/3348, Loss: 0.0765
2025-10-10 04:43:49,949 [INFO] Época 14/30, Batch 1100/3348, Loss: 0.1399
2025-10-10 04:43:50,215 [INFO] Época 14/30, Batch 1150/3348, Loss: 0.1972
2025-10-10 04:43:50,481 [INFO] Época 14/30, Batch 1200/3348, Loss: 0.0871
2025-10-10 04:43:50,745 [INFO] Época 14/30, Batch 1250/3348, Loss: 0.1070
2025-10-10 04:43:51,010 [INFO] Época 14/30, Batch 1300/3348, Loss: 0.1567
2025-10-10 04:43:51,275 [INFO] Época 14/30, Batch 1350/3348, Loss: 0.1253
2025-10-10 04:43:51,542 [INFO] Época 14/30, Batch 1400/3348, Loss: 0.1241
2025-10-10 04:43:51,806 [INFO] Época 14/30, Batch 1450/3348, Loss: 0.1200
2025-10-10 04:43:52,071 [INFO] Época 14/30, Batch 1500/3348, Loss: 0.1508
2025-10-10 04:43:52,335 [INFO] Época 14/30, Batch 1550/3348, Loss: 0.1314
2025-10-10 04:43:52,600 [INFO] Época 14/30, Batch 1600/3348, Loss: 0.1384
2025-10-10 04:43:52,866 [INFO] Época 14/30, Batch 1650/3348, Loss: 0.1041
2025-10-10 04:43:53,131 [INFO] Época 14/30, Batch 1700/3348, Loss: 0.0861
2025-10-10 04:43:53,396 [INFO] Época 14/30, Batch 1750/3348, Loss: 0.1223
2025-10-10 04:43:53,660 [INFO] Época 14/30, Batch 1800/3348, Loss: 0.1173
2025-10-10 04:43:53,925 [INFO] Época 14/30, Batch 1850/3348, Loss: 0.1165
2025-10-10 04:43:54,190 [INFO] Época 14/30, Batch 1900/3348, Loss: 0.1380
2025-10-10 04:43:54,451 [INFO] Época 14/30, Batch 1950/3348, Loss: 0.3108
2025-10-10 04:43:54,712 [INFO] Época 14/30, Batch 2000/3348, Loss: 0.1792
2025-10-10 04:43:54,973 [INFO] Época 14/30, Batch 2050/3348, Loss: 0.1637
2025-10-10 04:43:55,232 [INFO] Época 14/30, Batch 2100/3348, Loss: 0.1041
2025-10-10 04:43:55,504 [INFO] Época 14/30, Batch 2150/3348, Loss: 0.1073
2025-10-10 04:43:55,765 [INFO] Época 14/30, Batch 2200/3348, Loss: 0.1118
2025-10-10 04:43:56,025 [INFO] Época 14/30, Batch 2250/3348, Loss: 0.1305
2025-10-10 04:43:56,285 [INFO] Época 14/30, Batch 2300/3348, Loss: 0.1649
2025-10-10 04:43:56,546 [INFO] Época 14/30, Batch 2350/3348, Loss: 0.1373
2025-10-10 04:43:56,807 [INFO] Época 14/30, Batch 2400/3348, Loss: 0.1422
2025-10-10 04:43:57,068 [INFO] Época 14/30, Batch 2450/3348, Loss: 0.1359
2025-10-10 04:43:57,328 [INFO] Época 14/30, Batch 2500/3348, Loss: 0.1151
2025-10-10 04:43:57,589 [INFO] Época 14/30, Batch 2550/3348, Loss: 0.1050
2025-10-10 04:43:57,849 [INFO] Época 14/30, Batch 2600/3348, Loss: 0.1220
2025-10-10 04:43:58,108 [INFO] Época 14/30, Batch 2650/3348, Loss: 0.1765
2025-10-10 04:43:58,368 [INFO] Época 14/30, Batch 2700/3348, Loss: 0.1308
2025-10-10 04:43:58,630 [INFO] Época 14/30, Batch 2750/3348, Loss: 0.1049
2025-10-10 04:43:58,891 [INFO] Época 14/30, Batch 2800/3348, Loss: 0.0924
2025-10-10 04:43:59,150 [INFO] Época 14/30, Batch 2850/3348, Loss: 0.1366
2025-10-10 04:43:59,411 [INFO] Época 14/30, Batch 2900/3348, Loss: 0.1310
2025-10-10 04:43:59,673 [INFO] Época 14/30, Batch 2950/3348, Loss: 0.1319
2025-10-10 04:43:59,936 [INFO] Época 14/30, Batch 3000/3348, Loss: 0.1155
2025-10-10 04:44:00,198 [INFO] Época 14/30, Batch 3050/3348, Loss: 0.0892
2025-10-10 04:44:00,461 [INFO] Época 14/30, Batch 3100/3348, Loss: 0.1177
2025-10-10 04:44:00,730 [INFO] Época 14/30, Batch 3150/3348, Loss: 0.1191
2025-10-10 04:44:00,993 [INFO] Época 14/30, Batch 3200/3348, Loss: 0.0901
2025-10-10 04:44:01,254 [INFO] Época 14/30, Batch 3250/3348, Loss: 0.1447
2025-10-10 04:44:01,515 [INFO] Época 14/30, Batch 3300/3348, Loss: 0.1037
2025-10-10 04:44:03,418 [INFO] [14/30] Train Loss: 0.1263 | Val Loss: 0.2990 | Tempo: 19.69s
2025-10-10 04:44:04,021 [INFO] Época 15/30, Batch 50/3348, Loss: 0.1322
2025-10-10 04:44:04,298 [INFO] Época 15/30, Batch 100/3348, Loss: 0.1173
2025-10-10 04:44:04,573 [INFO] Época 15/30, Batch 150/3348, Loss: 0.1535
2025-10-10 04:44:04,845 [INFO] Época 15/30, Batch 200/3348, Loss: 0.0827
2025-10-10 04:44:05,118 [INFO] Época 15/30, Batch 250/3348, Loss: 0.0825
2025-10-10 04:44:05,389 [INFO] Época 15/30, Batch 300/3348, Loss: 0.1475
2025-10-10 04:44:05,660 [INFO] Época 15/30, Batch 350/3348, Loss: 0.0912
2025-10-10 04:44:05,933 [INFO] Época 15/30, Batch 400/3348, Loss: 0.0898
2025-10-10 04:44:06,204 [INFO] Época 15/30, Batch 450/3348, Loss: 0.1263
2025-10-10 04:44:06,474 [INFO] Época 15/30, Batch 500/3348, Loss: 0.1421
2025-10-10 04:44:06,743 [INFO] Época 15/30, Batch 550/3348, Loss: 0.1192
2025-10-10 04:44:07,013 [INFO] Época 15/30, Batch 600/3348, Loss: 0.1042
2025-10-10 04:44:07,284 [INFO] Época 15/30, Batch 650/3348, Loss: 0.1469
2025-10-10 04:44:07,556 [INFO] Época 15/30, Batch 700/3348, Loss: 0.1246
2025-10-10 04:44:07,827 [INFO] Época 15/30, Batch 750/3348, Loss: 0.1081
2025-10-10 04:44:08,096 [INFO] Época 15/30, Batch 800/3348, Loss: 0.1296
2025-10-10 04:44:08,365 [INFO] Época 15/30, Batch 850/3348, Loss: 0.1535
2025-10-10 04:44:08,636 [INFO] Época 15/30, Batch 900/3348, Loss: 0.0791
2025-10-10 04:44:08,908 [INFO] Época 15/30, Batch 950/3348, Loss: 0.1067
2025-10-10 04:44:09,179 [INFO] Época 15/30, Batch 1000/3348, Loss: 0.1619
2025-10-10 04:44:09,447 [INFO] Época 15/30, Batch 1050/3348, Loss: 0.1398
2025-10-10 04:44:09,717 [INFO] Época 15/30, Batch 1100/3348, Loss: 0.1413
2025-10-10 04:44:09,987 [INFO] Época 15/30, Batch 1150/3348, Loss: 0.0974
2025-10-10 04:44:10,256 [INFO] Época 15/30, Batch 1200/3348, Loss: 0.1018
2025-10-10 04:44:10,524 [INFO] Época 15/30, Batch 1250/3348, Loss: 0.1090
2025-10-10 04:44:10,794 [INFO] Época 15/30, Batch 1300/3348, Loss: 0.1042
2025-10-10 04:44:11,067 [INFO] Época 15/30, Batch 1350/3348, Loss: 0.1219
2025-10-10 04:44:11,337 [INFO] Época 15/30, Batch 1400/3348, Loss: 0.1261
2025-10-10 04:44:11,607 [INFO] Época 15/30, Batch 1450/3348, Loss: 0.1185
2025-10-10 04:44:11,877 [INFO] Época 15/30, Batch 1500/3348, Loss: 0.1135
2025-10-10 04:44:12,148 [INFO] Época 15/30, Batch 1550/3348, Loss: 0.0780
2025-10-10 04:44:12,417 [INFO] Época 15/30, Batch 1600/3348, Loss: 0.1236
2025-10-10 04:44:12,688 [INFO] Época 15/30, Batch 1650/3348, Loss: 0.1847
2025-10-10 04:44:12,960 [INFO] Época 15/30, Batch 1700/3348, Loss: 0.1837
2025-10-10 04:44:13,230 [INFO] Época 15/30, Batch 1750/3348, Loss: 0.1609
2025-10-10 04:44:13,501 [INFO] Época 15/30, Batch 1800/3348, Loss: 0.1182
2025-10-10 04:44:13,772 [INFO] Época 15/30, Batch 1850/3348, Loss: 0.1343
2025-10-10 04:44:14,043 [INFO] Época 15/30, Batch 1900/3348, Loss: 0.0782
2025-10-10 04:44:14,315 [INFO] Época 15/30, Batch 1950/3348, Loss: 0.1499
2025-10-10 04:44:14,585 [INFO] Época 15/30, Batch 2000/3348, Loss: 0.1641
2025-10-10 04:44:14,857 [INFO] Época 15/30, Batch 2050/3348, Loss: 0.1189
2025-10-10 04:44:15,128 [INFO] Época 15/30, Batch 2100/3348, Loss: 0.1331
2025-10-10 04:44:15,398 [INFO] Época 15/30, Batch 2150/3348, Loss: 0.1195
2025-10-10 04:44:15,670 [INFO] Época 15/30, Batch 2200/3348, Loss: 0.1238
2025-10-10 04:44:15,939 [INFO] Época 15/30, Batch 2250/3348, Loss: 0.1156
2025-10-10 04:44:16,218 [INFO] Época 15/30, Batch 2300/3348, Loss: 0.1140
2025-10-10 04:44:16,489 [INFO] Época 15/30, Batch 2350/3348, Loss: 0.1430
2025-10-10 04:44:16,760 [INFO] Época 15/30, Batch 2400/3348, Loss: 0.1095
2025-10-10 04:44:17,031 [INFO] Época 15/30, Batch 2450/3348, Loss: 0.1161
2025-10-10 04:44:17,303 [INFO] Época 15/30, Batch 2500/3348, Loss: 0.0964
2025-10-10 04:44:17,573 [INFO] Época 15/30, Batch 2550/3348, Loss: 0.1153
2025-10-10 04:44:17,844 [INFO] Época 15/30, Batch 2600/3348, Loss: 0.1301
2025-10-10 04:44:18,115 [INFO] Época 15/30, Batch 2650/3348, Loss: 0.1349
2025-10-10 04:44:18,386 [INFO] Época 15/30, Batch 2700/3348, Loss: 0.0959
2025-10-10 04:44:18,659 [INFO] Época 15/30, Batch 2750/3348, Loss: 0.1104
2025-10-10 04:44:18,931 [INFO] Época 15/30, Batch 2800/3348, Loss: 0.1421
2025-10-10 04:44:19,204 [INFO] Época 15/30, Batch 2850/3348, Loss: 0.1461
2025-10-10 04:44:19,478 [INFO] Época 15/30, Batch 2900/3348, Loss: 0.0863
2025-10-10 04:44:19,752 [INFO] Época 15/30, Batch 2950/3348, Loss: 0.1202
2025-10-10 04:44:20,023 [INFO] Época 15/30, Batch 3000/3348, Loss: 0.1065
2025-10-10 04:44:20,292 [INFO] Época 15/30, Batch 3050/3348, Loss: 0.1472
2025-10-10 04:44:20,562 [INFO] Época 15/30, Batch 3100/3348, Loss: 0.1477
2025-10-10 04:44:20,831 [INFO] Época 15/30, Batch 3150/3348, Loss: 0.1060
2025-10-10 04:44:21,100 [INFO] Época 15/30, Batch 3200/3348, Loss: 0.1313
2025-10-10 04:44:21,372 [INFO] Época 15/30, Batch 3250/3348, Loss: 0.1081
2025-10-10 04:44:21,642 [INFO] Época 15/30, Batch 3300/3348, Loss: 0.1352
2025-10-10 04:44:23,483 [INFO] [15/30] Train Loss: 0.1245 | Val Loss: 0.2958 | Tempo: 20.06s
2025-10-10 04:44:24,048 [INFO] Época 16/30, Batch 50/3348, Loss: 0.1040
2025-10-10 04:44:24,317 [INFO] Época 16/30, Batch 100/3348, Loss: 0.1421
2025-10-10 04:44:24,583 [INFO] Época 16/30, Batch 150/3348, Loss: 0.1413
2025-10-10 04:44:24,847 [INFO] Época 16/30, Batch 200/3348, Loss: 0.1384
2025-10-10 04:44:25,112 [INFO] Época 16/30, Batch 250/3348, Loss: 0.1207
2025-10-10 04:44:25,376 [INFO] Época 16/30, Batch 300/3348, Loss: 0.1399
2025-10-10 04:44:25,639 [INFO] Época 16/30, Batch 350/3348, Loss: 0.1194
2025-10-10 04:44:25,903 [INFO] Época 16/30, Batch 400/3348, Loss: 0.1678
2025-10-10 04:44:26,167 [INFO] Época 16/30, Batch 450/3348, Loss: 0.1178
2025-10-10 04:44:26,432 [INFO] Época 16/30, Batch 500/3348, Loss: 0.1246
2025-10-10 04:44:26,694 [INFO] Época 16/30, Batch 550/3348, Loss: 0.1002
2025-10-10 04:44:26,955 [INFO] Época 16/30, Batch 600/3348, Loss: 0.1303
2025-10-10 04:44:27,216 [INFO] Época 16/30, Batch 650/3348, Loss: 0.1030
2025-10-10 04:44:27,477 [INFO] Época 16/30, Batch 700/3348, Loss: 0.1363
2025-10-10 04:44:27,738 [INFO] Época 16/30, Batch 750/3348, Loss: 0.1014
2025-10-10 04:44:28,001 [INFO] Época 16/30, Batch 800/3348, Loss: 0.1224
2025-10-10 04:44:28,262 [INFO] Época 16/30, Batch 850/3348, Loss: 0.1297
2025-10-10 04:44:28,524 [INFO] Época 16/30, Batch 900/3348, Loss: 0.1121
2025-10-10 04:44:28,787 [INFO] Época 16/30, Batch 950/3348, Loss: 0.0929
2025-10-10 04:44:29,048 [INFO] Época 16/30, Batch 1000/3348, Loss: 0.2170
2025-10-10 04:44:29,309 [INFO] Época 16/30, Batch 1050/3348, Loss: 0.1266
2025-10-10 04:44:29,570 [INFO] Época 16/30, Batch 1100/3348, Loss: 0.1074
2025-10-10 04:44:29,832 [INFO] Época 16/30, Batch 1150/3348, Loss: 0.1283
2025-10-10 04:44:30,095 [INFO] Época 16/30, Batch 1200/3348, Loss: 0.1122
2025-10-10 04:44:30,357 [INFO] Época 16/30, Batch 1250/3348, Loss: 0.1138
2025-10-10 04:44:30,619 [INFO] Época 16/30, Batch 1300/3348, Loss: 0.1286
2025-10-10 04:44:30,883 [INFO] Época 16/30, Batch 1350/3348, Loss: 0.0996
2025-10-10 04:44:31,146 [INFO] Época 16/30, Batch 1400/3348, Loss: 0.0996
2025-10-10 04:44:31,408 [INFO] Época 16/30, Batch 1450/3348, Loss: 0.1177
2025-10-10 04:44:31,682 [INFO] Época 16/30, Batch 1500/3348, Loss: 0.1465
2025-10-10 04:44:31,947 [INFO] Época 16/30, Batch 1550/3348, Loss: 0.1507
2025-10-10 04:44:32,211 [INFO] Época 16/30, Batch 1600/3348, Loss: 0.1028
2025-10-10 04:44:32,473 [INFO] Época 16/30, Batch 1650/3348, Loss: 0.0932
2025-10-10 04:44:32,736 [INFO] Época 16/30, Batch 1700/3348, Loss: 0.1326
2025-10-10 04:44:33,000 [INFO] Época 16/30, Batch 1750/3348, Loss: 0.1307
2025-10-10 04:44:33,262 [INFO] Época 16/30, Batch 1800/3348, Loss: 0.1112
2025-10-10 04:44:33,526 [INFO] Época 16/30, Batch 1850/3348, Loss: 0.1358
2025-10-10 04:44:33,789 [INFO] Época 16/30, Batch 1900/3348, Loss: 0.1104
2025-10-10 04:44:34,050 [INFO] Época 16/30, Batch 1950/3348, Loss: 0.1118
2025-10-10 04:44:34,313 [INFO] Época 16/30, Batch 2000/3348, Loss: 0.1555
2025-10-10 04:44:34,575 [INFO] Época 16/30, Batch 2050/3348, Loss: 0.1061
2025-10-10 04:44:34,838 [INFO] Época 16/30, Batch 2100/3348, Loss: 0.1458
2025-10-10 04:44:35,101 [INFO] Época 16/30, Batch 2150/3348, Loss: 0.0803
2025-10-10 04:44:35,362 [INFO] Época 16/30, Batch 2200/3348, Loss: 0.1214
2025-10-10 04:44:35,626 [INFO] Época 16/30, Batch 2250/3348, Loss: 0.1145
2025-10-10 04:44:35,888 [INFO] Época 16/30, Batch 2300/3348, Loss: 0.1332
2025-10-10 04:44:36,150 [INFO] Época 16/30, Batch 2350/3348, Loss: 0.1228
2025-10-10 04:44:36,414 [INFO] Época 16/30, Batch 2400/3348, Loss: 0.2070
2025-10-10 04:44:36,687 [INFO] Época 16/30, Batch 2450/3348, Loss: 0.1063
2025-10-10 04:44:36,952 [INFO] Época 16/30, Batch 2500/3348, Loss: 0.1307
2025-10-10 04:44:37,219 [INFO] Época 16/30, Batch 2550/3348, Loss: 0.1322
2025-10-10 04:44:37,485 [INFO] Época 16/30, Batch 2600/3348, Loss: 0.1040
2025-10-10 04:44:37,752 [INFO] Época 16/30, Batch 2650/3348, Loss: 0.0857
2025-10-10 04:44:38,018 [INFO] Época 16/30, Batch 2700/3348, Loss: 0.1243
2025-10-10 04:44:38,283 [INFO] Época 16/30, Batch 2750/3348, Loss: 0.0900
2025-10-10 04:44:38,546 [INFO] Época 16/30, Batch 2800/3348, Loss: 0.0927
2025-10-10 04:44:38,808 [INFO] Época 16/30, Batch 2850/3348, Loss: 0.1219
2025-10-10 04:44:39,070 [INFO] Época 16/30, Batch 2900/3348, Loss: 0.1032
2025-10-10 04:44:39,332 [INFO] Época 16/30, Batch 2950/3348, Loss: 0.1049
2025-10-10 04:44:39,595 [INFO] Época 16/30, Batch 3000/3348, Loss: 0.1175
2025-10-10 04:44:39,859 [INFO] Época 16/30, Batch 3050/3348, Loss: 0.1341
2025-10-10 04:44:40,122 [INFO] Época 16/30, Batch 3100/3348, Loss: 0.2228
2025-10-10 04:44:40,386 [INFO] Época 16/30, Batch 3150/3348, Loss: 0.0929
2025-10-10 04:44:40,650 [INFO] Época 16/30, Batch 3200/3348, Loss: 0.0956
2025-10-10 04:44:40,913 [INFO] Época 16/30, Batch 3250/3348, Loss: 0.1267
2025-10-10 04:44:41,175 [INFO] Época 16/30, Batch 3300/3348, Loss: 0.1195
2025-10-10 04:44:42,962 [INFO] [16/30] Train Loss: 0.1225 | Val Loss: 0.3068 | Tempo: 19.48s
2025-10-10 04:44:43,527 [INFO] Época 17/30, Batch 50/3348, Loss: 0.1003
2025-10-10 04:44:43,797 [INFO] Época 17/30, Batch 100/3348, Loss: 0.1151
2025-10-10 04:44:44,064 [INFO] Época 17/30, Batch 150/3348, Loss: 0.0826
2025-10-10 04:44:44,331 [INFO] Época 17/30, Batch 200/3348, Loss: 0.1096
2025-10-10 04:44:44,598 [INFO] Época 17/30, Batch 250/3348, Loss: 0.1429
2025-10-10 04:44:44,864 [INFO] Época 17/30, Batch 300/3348, Loss: 0.1010
2025-10-10 04:44:45,129 [INFO] Época 17/30, Batch 350/3348, Loss: 0.1068
2025-10-10 04:44:45,394 [INFO] Época 17/30, Batch 400/3348, Loss: 0.0815
2025-10-10 04:44:45,660 [INFO] Época 17/30, Batch 450/3348, Loss: 0.1168
2025-10-10 04:44:45,925 [INFO] Época 17/30, Batch 500/3348, Loss: 0.0809
2025-10-10 04:44:46,187 [INFO] Época 17/30, Batch 550/3348, Loss: 0.1314
2025-10-10 04:44:46,451 [INFO] Época 17/30, Batch 600/3348, Loss: 0.1323
2025-10-10 04:44:46,715 [INFO] Época 17/30, Batch 650/3348, Loss: 0.1147
2025-10-10 04:44:46,968 [INFO] Época 17/30, Batch 700/3348, Loss: 0.0814
2025-10-10 04:44:47,219 [INFO] Época 17/30, Batch 750/3348, Loss: 0.1126
2025-10-10 04:44:47,467 [INFO] Época 17/30, Batch 800/3348, Loss: 0.0949
2025-10-10 04:44:47,724 [INFO] Época 17/30, Batch 850/3348, Loss: 0.1171
2025-10-10 04:44:47,982 [INFO] Época 17/30, Batch 900/3348, Loss: 0.1480
2025-10-10 04:44:48,253 [INFO] Época 17/30, Batch 950/3348, Loss: 0.1520
2025-10-10 04:44:48,513 [INFO] Época 17/30, Batch 1000/3348, Loss: 0.1114
2025-10-10 04:44:48,772 [INFO] Época 17/30, Batch 1050/3348, Loss: 0.1335
2025-10-10 04:44:49,031 [INFO] Época 17/30, Batch 1100/3348, Loss: 0.0963
2025-10-10 04:44:49,289 [INFO] Época 17/30, Batch 1150/3348, Loss: 0.1015
2025-10-10 04:44:49,547 [INFO] Época 17/30, Batch 1200/3348, Loss: 0.1373
2025-10-10 04:44:49,809 [INFO] Época 17/30, Batch 1250/3348, Loss: 0.1208
2025-10-10 04:44:50,069 [INFO] Época 17/30, Batch 1300/3348, Loss: 0.0763
2025-10-10 04:44:50,328 [INFO] Época 17/30, Batch 1350/3348, Loss: 0.1494
2025-10-10 04:44:50,588 [INFO] Época 17/30, Batch 1400/3348, Loss: 0.1106
2025-10-10 04:44:50,850 [INFO] Época 17/30, Batch 1450/3348, Loss: 0.0986
2025-10-10 04:44:51,115 [INFO] Época 17/30, Batch 1500/3348, Loss: 0.0973
2025-10-10 04:44:51,377 [INFO] Época 17/30, Batch 1550/3348, Loss: 0.1499
2025-10-10 04:44:51,640 [INFO] Época 17/30, Batch 1600/3348, Loss: 0.1566
2025-10-10 04:44:51,902 [INFO] Época 17/30, Batch 1650/3348, Loss: 0.1287
2025-10-10 04:44:52,164 [INFO] Época 17/30, Batch 1700/3348, Loss: 0.1183
2025-10-10 04:44:52,428 [INFO] Época 17/30, Batch 1750/3348, Loss: 0.1126
2025-10-10 04:44:52,690 [INFO] Época 17/30, Batch 1800/3348, Loss: 0.1070
2025-10-10 04:44:52,953 [INFO] Época 17/30, Batch 1850/3348, Loss: 0.1162
2025-10-10 04:44:53,216 [INFO] Época 17/30, Batch 1900/3348, Loss: 0.1037
2025-10-10 04:44:53,477 [INFO] Época 17/30, Batch 1950/3348, Loss: 0.1372
2025-10-10 04:44:53,739 [INFO] Época 17/30, Batch 2000/3348, Loss: 0.1423
2025-10-10 04:44:54,003 [INFO] Época 17/30, Batch 2050/3348, Loss: 0.1246
2025-10-10 04:44:54,265 [INFO] Época 17/30, Batch 2100/3348, Loss: 0.1243
2025-10-10 04:44:54,527 [INFO] Época 17/30, Batch 2150/3348, Loss: 0.1405
2025-10-10 04:44:54,791 [INFO] Época 17/30, Batch 2200/3348, Loss: 0.1314
2025-10-10 04:44:55,052 [INFO] Época 17/30, Batch 2250/3348, Loss: 0.0954
2025-10-10 04:44:55,315 [INFO] Época 17/30, Batch 2300/3348, Loss: 0.1098
2025-10-10 04:44:55,576 [INFO] Época 17/30, Batch 2350/3348, Loss: 0.1175
2025-10-10 04:44:55,838 [INFO] Época 17/30, Batch 2400/3348, Loss: 0.0941
2025-10-10 04:44:56,100 [INFO] Época 17/30, Batch 2450/3348, Loss: 0.1089
2025-10-10 04:44:56,363 [INFO] Época 17/30, Batch 2500/3348, Loss: 0.1222
2025-10-10 04:44:56,625 [INFO] Época 17/30, Batch 2550/3348, Loss: 0.1156
2025-10-10 04:44:56,886 [INFO] Época 17/30, Batch 2600/3348, Loss: 0.1216
2025-10-10 04:44:57,148 [INFO] Época 17/30, Batch 2650/3348, Loss: 0.1353
2025-10-10 04:44:57,409 [INFO] Época 17/30, Batch 2700/3348, Loss: 0.1245
2025-10-10 04:44:57,671 [INFO] Época 17/30, Batch 2750/3348, Loss: 0.1349
2025-10-10 04:44:57,933 [INFO] Época 17/30, Batch 2800/3348, Loss: 0.1072
2025-10-10 04:44:58,193 [INFO] Época 17/30, Batch 2850/3348, Loss: 0.1233
2025-10-10 04:44:58,453 [INFO] Época 17/30, Batch 2900/3348, Loss: 0.1108
2025-10-10 04:44:58,726 [INFO] Época 17/30, Batch 2950/3348, Loss: 0.1102
2025-10-10 04:44:58,986 [INFO] Época 17/30, Batch 3000/3348, Loss: 0.1133
2025-10-10 04:44:59,246 [INFO] Época 17/30, Batch 3050/3348, Loss: 0.1155
2025-10-10 04:44:59,506 [INFO] Época 17/30, Batch 3100/3348, Loss: 0.1130
2025-10-10 04:44:59,764 [INFO] Época 17/30, Batch 3150/3348, Loss: 0.1299
2025-10-10 04:45:00,024 [INFO] Época 17/30, Batch 3200/3348, Loss: 0.1229
2025-10-10 04:45:00,284 [INFO] Época 17/30, Batch 3250/3348, Loss: 0.0834
2025-10-10 04:45:00,546 [INFO] Época 17/30, Batch 3300/3348, Loss: 0.1220
2025-10-10 04:45:02,305 [INFO] [17/30] Train Loss: 0.1202 | Val Loss: 0.3092 | Tempo: 19.34s
2025-10-10 04:45:02,885 [INFO] Época 18/30, Batch 50/3348, Loss: 0.1062
2025-10-10 04:45:03,157 [INFO] Época 18/30, Batch 100/3348, Loss: 0.1076
2025-10-10 04:45:03,424 [INFO] Época 18/30, Batch 150/3348, Loss: 0.0942
2025-10-10 04:45:03,689 [INFO] Época 18/30, Batch 200/3348, Loss: 0.0906
2025-10-10 04:45:03,957 [INFO] Época 18/30, Batch 250/3348, Loss: 0.1052
2025-10-10 04:45:04,220 [INFO] Época 18/30, Batch 300/3348, Loss: 0.1038
2025-10-10 04:45:04,483 [INFO] Época 18/30, Batch 350/3348, Loss: 0.1484
2025-10-10 04:45:04,746 [INFO] Época 18/30, Batch 400/3348, Loss: 0.1113
2025-10-10 04:45:05,008 [INFO] Época 18/30, Batch 450/3348, Loss: 0.0914
2025-10-10 04:45:05,271 [INFO] Época 18/30, Batch 500/3348, Loss: 0.0796
2025-10-10 04:45:05,535 [INFO] Época 18/30, Batch 550/3348, Loss: 0.1713
2025-10-10 04:45:05,796 [INFO] Época 18/30, Batch 600/3348, Loss: 0.1036
2025-10-10 04:45:06,059 [INFO] Época 18/30, Batch 650/3348, Loss: 0.1295
2025-10-10 04:45:06,319 [INFO] Época 18/30, Batch 700/3348, Loss: 0.0855
2025-10-10 04:45:06,579 [INFO] Época 18/30, Batch 750/3348, Loss: 0.1684
2025-10-10 04:45:06,846 [INFO] Época 18/30, Batch 800/3348, Loss: 0.0936
2025-10-10 04:45:07,112 [INFO] Época 18/30, Batch 850/3348, Loss: 0.1209
2025-10-10 04:45:07,377 [INFO] Época 18/30, Batch 900/3348, Loss: 0.1423
2025-10-10 04:45:07,639 [INFO] Época 18/30, Batch 950/3348, Loss: 0.0951
2025-10-10 04:45:07,900 [INFO] Época 18/30, Batch 1000/3348, Loss: 0.0909
2025-10-10 04:45:08,164 [INFO] Época 18/30, Batch 1050/3348, Loss: 0.1497
2025-10-10 04:45:08,425 [INFO] Época 18/30, Batch 1100/3348, Loss: 0.1054
2025-10-10 04:45:08,688 [INFO] Época 18/30, Batch 1150/3348, Loss: 0.0885
2025-10-10 04:45:08,950 [INFO] Época 18/30, Batch 1200/3348, Loss: 0.1049
2025-10-10 04:45:09,212 [INFO] Época 18/30, Batch 1250/3348, Loss: 0.1084
2025-10-10 04:45:09,475 [INFO] Época 18/30, Batch 1300/3348, Loss: 0.1113
2025-10-10 04:45:09,740 [INFO] Época 18/30, Batch 1350/3348, Loss: 0.0850
2025-10-10 04:45:10,003 [INFO] Época 18/30, Batch 1400/3348, Loss: 0.1511
2025-10-10 04:45:10,266 [INFO] Época 18/30, Batch 1450/3348, Loss: 0.1233
2025-10-10 04:45:10,529 [INFO] Época 18/30, Batch 1500/3348, Loss: 0.1274
2025-10-10 04:45:10,795 [INFO] Época 18/30, Batch 1550/3348, Loss: 0.1010
2025-10-10 04:45:11,056 [INFO] Época 18/30, Batch 1600/3348, Loss: 0.1435
2025-10-10 04:45:11,318 [INFO] Época 18/30, Batch 1650/3348, Loss: 0.1333
2025-10-10 04:45:11,579 [INFO] Época 18/30, Batch 1700/3348, Loss: 0.1313
2025-10-10 04:45:11,842 [INFO] Época 18/30, Batch 1750/3348, Loss: 0.1020
2025-10-10 04:45:12,104 [INFO] Época 18/30, Batch 1800/3348, Loss: 0.1558
2025-10-10 04:45:12,370 [INFO] Época 18/30, Batch 1850/3348, Loss: 0.1044
2025-10-10 04:45:12,631 [INFO] Época 18/30, Batch 1900/3348, Loss: 0.1147
2025-10-10 04:45:12,893 [INFO] Época 18/30, Batch 1950/3348, Loss: 0.1187
2025-10-10 04:45:13,157 [INFO] Época 18/30, Batch 2000/3348, Loss: 0.0787
2025-10-10 04:45:13,423 [INFO] Época 18/30, Batch 2050/3348, Loss: 0.1340
2025-10-10 04:45:13,688 [INFO] Época 18/30, Batch 2100/3348, Loss: 0.1796
2025-10-10 04:45:13,950 [INFO] Época 18/30, Batch 2150/3348, Loss: 0.0950
2025-10-10 04:45:14,212 [INFO] Época 18/30, Batch 2200/3348, Loss: 0.0814
2025-10-10 04:45:14,475 [INFO] Época 18/30, Batch 2250/3348, Loss: 0.1325
2025-10-10 04:45:14,737 [INFO] Época 18/30, Batch 2300/3348, Loss: 0.1445
2025-10-10 04:45:14,999 [INFO] Época 18/30, Batch 2350/3348, Loss: 0.0968
2025-10-10 04:45:15,260 [INFO] Época 18/30, Batch 2400/3348, Loss: 0.0857
2025-10-10 04:45:15,525 [INFO] Época 18/30, Batch 2450/3348, Loss: 0.1264
2025-10-10 04:45:15,790 [INFO] Época 18/30, Batch 2500/3348, Loss: 0.1081
2025-10-10 04:45:16,056 [INFO] Época 18/30, Batch 2550/3348, Loss: 0.1213
2025-10-10 04:45:16,322 [INFO] Época 18/30, Batch 2600/3348, Loss: 0.1223
2025-10-10 04:45:16,587 [INFO] Época 18/30, Batch 2650/3348, Loss: 0.0966
2025-10-10 04:45:16,854 [INFO] Época 18/30, Batch 2700/3348, Loss: 0.0939
2025-10-10 04:45:17,121 [INFO] Época 18/30, Batch 2750/3348, Loss: 0.1213
2025-10-10 04:45:17,386 [INFO] Época 18/30, Batch 2800/3348, Loss: 0.0840
2025-10-10 04:45:17,653 [INFO] Época 18/30, Batch 2850/3348, Loss: 0.0924
2025-10-10 04:45:17,916 [INFO] Época 18/30, Batch 2900/3348, Loss: 0.0917
2025-10-10 04:45:18,181 [INFO] Época 18/30, Batch 2950/3348, Loss: 0.0981
2025-10-10 04:45:18,443 [INFO] Época 18/30, Batch 3000/3348, Loss: 0.1362
2025-10-10 04:45:18,706 [INFO] Época 18/30, Batch 3050/3348, Loss: 0.1053
2025-10-10 04:45:18,971 [INFO] Época 18/30, Batch 3100/3348, Loss: 0.1324
2025-10-10 04:45:19,246 [INFO] Época 18/30, Batch 3150/3348, Loss: 0.1304
2025-10-10 04:45:19,509 [INFO] Época 18/30, Batch 3200/3348, Loss: 0.0942
2025-10-10 04:45:19,774 [INFO] Época 18/30, Batch 3250/3348, Loss: 0.0917
2025-10-10 04:45:20,038 [INFO] Época 18/30, Batch 3300/3348, Loss: 0.1407
2025-10-10 04:45:21,966 [INFO] [18/30] Train Loss: 0.1186 | Val Loss: 0.2957 | Tempo: 19.66s
2025-10-10 04:45:22,565 [INFO] Época 19/30, Batch 50/3348, Loss: 0.1166
2025-10-10 04:45:22,838 [INFO] Época 19/30, Batch 100/3348, Loss: 0.1300
2025-10-10 04:45:23,103 [INFO] Época 19/30, Batch 150/3348, Loss: 0.0947
2025-10-10 04:45:23,368 [INFO] Época 19/30, Batch 200/3348, Loss: 0.1125
2025-10-10 04:45:23,633 [INFO] Época 19/30, Batch 250/3348, Loss: 0.1223
2025-10-10 04:45:23,898 [INFO] Época 19/30, Batch 300/3348, Loss: 0.1593
2025-10-10 04:45:24,162 [INFO] Época 19/30, Batch 350/3348, Loss: 0.1040
2025-10-10 04:45:24,426 [INFO] Época 19/30, Batch 400/3348, Loss: 0.0687
2025-10-10 04:45:24,688 [INFO] Época 19/30, Batch 450/3348, Loss: 0.0922
2025-10-10 04:45:24,950 [INFO] Época 19/30, Batch 500/3348, Loss: 0.1212
2025-10-10 04:45:25,215 [INFO] Época 19/30, Batch 550/3348, Loss: 0.1273
2025-10-10 04:45:25,477 [INFO] Época 19/30, Batch 600/3348, Loss: 0.1775
2025-10-10 04:45:25,740 [INFO] Época 19/30, Batch 650/3348, Loss: 0.1406
2025-10-10 04:45:25,993 [INFO] Época 19/30, Batch 700/3348, Loss: 0.1281
2025-10-10 04:45:26,246 [INFO] Época 19/30, Batch 750/3348, Loss: 0.0950
2025-10-10 04:45:26,502 [INFO] Época 19/30, Batch 800/3348, Loss: 0.1697
2025-10-10 04:45:26,759 [INFO] Época 19/30, Batch 850/3348, Loss: 0.1018
2025-10-10 04:45:27,021 [INFO] Época 19/30, Batch 900/3348, Loss: 0.1699
2025-10-10 04:45:27,282 [INFO] Época 19/30, Batch 950/3348, Loss: 0.1210
2025-10-10 04:45:27,543 [INFO] Época 19/30, Batch 1000/3348, Loss: 0.1071
2025-10-10 04:45:27,807 [INFO] Época 19/30, Batch 1050/3348, Loss: 0.0906
2025-10-10 04:45:28,068 [INFO] Época 19/30, Batch 1100/3348, Loss: 0.1008
2025-10-10 04:45:28,329 [INFO] Época 19/30, Batch 1150/3348, Loss: 0.1870
2025-10-10 04:45:28,589 [INFO] Época 19/30, Batch 1200/3348, Loss: 0.1021
2025-10-10 04:45:28,850 [INFO] Época 19/30, Batch 1250/3348, Loss: 0.0908
2025-10-10 04:45:29,113 [INFO] Época 19/30, Batch 1300/3348, Loss: 0.0943
2025-10-10 04:45:29,376 [INFO] Época 19/30, Batch 1350/3348, Loss: 0.1305
2025-10-10 04:45:29,638 [INFO] Época 19/30, Batch 1400/3348, Loss: 0.1300
2025-10-10 04:45:29,900 [INFO] Época 19/30, Batch 1450/3348, Loss: 0.1309
2025-10-10 04:45:30,164 [INFO] Época 19/30, Batch 1500/3348, Loss: 0.0800
2025-10-10 04:45:30,427 [INFO] Época 19/30, Batch 1550/3348, Loss: 0.1597
2025-10-10 04:45:30,690 [INFO] Época 19/30, Batch 1600/3348, Loss: 0.0959
2025-10-10 04:45:30,953 [INFO] Época 19/30, Batch 1650/3348, Loss: 0.0967
2025-10-10 04:45:31,215 [INFO] Época 19/30, Batch 1700/3348, Loss: 0.1067
2025-10-10 04:45:31,477 [INFO] Época 19/30, Batch 1750/3348, Loss: 0.0899
2025-10-10 04:45:31,741 [INFO] Época 19/30, Batch 1800/3348, Loss: 0.0899
2025-10-10 04:45:32,006 [INFO] Época 19/30, Batch 1850/3348, Loss: 0.1396
2025-10-10 04:45:32,269 [INFO] Época 19/30, Batch 1900/3348, Loss: 0.1194
2025-10-10 04:45:32,532 [INFO] Época 19/30, Batch 1950/3348, Loss: 0.1290
2025-10-10 04:45:32,796 [INFO] Época 19/30, Batch 2000/3348, Loss: 0.1385
2025-10-10 04:45:33,059 [INFO] Época 19/30, Batch 2050/3348, Loss: 0.1330
2025-10-10 04:45:33,323 [INFO] Época 19/30, Batch 2100/3348, Loss: 0.1292
2025-10-10 04:45:33,586 [INFO] Época 19/30, Batch 2150/3348, Loss: 0.0943
2025-10-10 04:45:33,851 [INFO] Época 19/30, Batch 2200/3348, Loss: 0.1218
2025-10-10 04:45:34,114 [INFO] Época 19/30, Batch 2250/3348, Loss: 0.1705
2025-10-10 04:45:34,377 [INFO] Época 19/30, Batch 2300/3348, Loss: 0.1438
2025-10-10 04:45:34,654 [INFO] Época 19/30, Batch 2350/3348, Loss: 0.1230
2025-10-10 04:45:34,919 [INFO] Época 19/30, Batch 2400/3348, Loss: 0.1294
2025-10-10 04:45:35,182 [INFO] Época 19/30, Batch 2450/3348, Loss: 0.1229
2025-10-10 04:45:35,445 [INFO] Época 19/30, Batch 2500/3348, Loss: 0.1253
2025-10-10 04:45:35,708 [INFO] Época 19/30, Batch 2550/3348, Loss: 0.1127
2025-10-10 04:45:35,972 [INFO] Época 19/30, Batch 2600/3348, Loss: 0.1213
2025-10-10 04:45:36,234 [INFO] Época 19/30, Batch 2650/3348, Loss: 0.1308
2025-10-10 04:45:36,497 [INFO] Época 19/30, Batch 2700/3348, Loss: 0.1447
2025-10-10 04:45:36,761 [INFO] Época 19/30, Batch 2750/3348, Loss: 0.1013
2025-10-10 04:45:37,022 [INFO] Época 19/30, Batch 2800/3348, Loss: 0.1466
2025-10-10 04:45:37,287 [INFO] Época 19/30, Batch 2850/3348, Loss: 0.1160
2025-10-10 04:45:37,549 [INFO] Época 19/30, Batch 2900/3348, Loss: 0.0926
2025-10-10 04:45:37,812 [INFO] Época 19/30, Batch 2950/3348, Loss: 0.0999
2025-10-10 04:45:38,075 [INFO] Época 19/30, Batch 3000/3348, Loss: 0.0987
2025-10-10 04:45:38,340 [INFO] Época 19/30, Batch 3050/3348, Loss: 0.1161
2025-10-10 04:45:38,607 [INFO] Época 19/30, Batch 3100/3348, Loss: 0.1334
2025-10-10 04:45:38,875 [INFO] Época 19/30, Batch 3150/3348, Loss: 0.1893
2025-10-10 04:45:39,139 [INFO] Época 19/30, Batch 3200/3348, Loss: 0.1033
2025-10-10 04:45:39,405 [INFO] Época 19/30, Batch 3250/3348, Loss: 0.1617
2025-10-10 04:45:39,670 [INFO] Época 19/30, Batch 3300/3348, Loss: 0.1362
2025-10-10 04:45:41,585 [INFO] [19/30] Train Loss: 0.1174 | Val Loss: 0.2946 | Tempo: 19.62s
2025-10-10 04:45:41,585 [INFO] Early stopping ativado após 10 épocas sem melhoria
2025-10-10 04:45:41,585 [INFO] Treinamento concluído em 374.01 segundos (6.23 minutos)
2025-10-10 04:45:41,585 [INFO] Iniciando avaliação no conjunto de teste...
2025-10-10 04:45:43,045 [INFO] Avaliação do teste concluída em 1.46 segundos
2025-10-10 04:45:43,046 [INFO] MSE no teste: 0.3214
2025-10-10 04:45:43,046 [INFO] RMSE no teste: 0.5669
2025-10-10 04:45:43,046 [INFO] MAE no teste: 0.3593
2025-10-10 04:45:43,047 [INFO] Métricas salvas em /mnt/hdd/home/jdurao/ToolBox-ChemXAI/logs/mlp_att8_AtomPair_metrics.json
