2025-10-10 07:40:14,275 [INFO] Iniciando treinamento do modelo mlp_att10_Pattern
2025-10-10 07:40:14,275 [INFO] Configuração: att_index=10, epochs=30, layers=[128, 64, 32], lr=0.001, batch_size=32, descriptor_type=Pattern
2025-10-10 07:40:14,275 [INFO] Diretório para modelos: /mnt/hdd/home/jdurao/ToolBox-ChemXAI/models
2025-10-10 07:40:14,275 [INFO] Carregando dados...
2025-10-10 07:40:14,372 [INFO] Preparando dataloaders sem ruído...
2025-10-10 07:40:18,531 [INFO] Dados carregados em 4.26 segundos
2025-10-10 07:40:18,531 [INFO] Tamanhos dos conjuntos - Treino: 107108, Validação: 13388, Teste: 13389
2025-10-10 07:40:18,531 [INFO] Usando dispositivo: cuda
2025-10-10 07:40:18,901 [INFO] Dimensão de entrada: 512, Dimensão de saída: 1
2025-10-10 07:40:18,901 [INFO] Criando modelo MLP com camadas: [128, 64, 32]
2025-10-10 07:40:18,903 [INFO] Modelo criado com 76033 parâmetros
2025-10-10 07:40:18,904 [INFO] Iniciando treinamento com 30 épocas...
2025-10-10 07:40:19,468 [INFO] Época 1/30, Batch 50/3348, Loss: 0.4556
2025-10-10 07:40:19,737 [INFO] Época 1/30, Batch 100/3348, Loss: 0.3136
2025-10-10 07:40:20,005 [INFO] Época 1/30, Batch 150/3348, Loss: 0.3112
2025-10-10 07:40:20,271 [INFO] Época 1/30, Batch 200/3348, Loss: 0.3066
2025-10-10 07:40:20,534 [INFO] Época 1/30, Batch 250/3348, Loss: 0.3080
2025-10-10 07:40:20,798 [INFO] Época 1/30, Batch 300/3348, Loss: 0.3267
2025-10-10 07:40:21,060 [INFO] Época 1/30, Batch 350/3348, Loss: 0.2603
2025-10-10 07:40:21,321 [INFO] Época 1/30, Batch 400/3348, Loss: 0.3012
2025-10-10 07:40:21,584 [INFO] Época 1/30, Batch 450/3348, Loss: 0.2879
2025-10-10 07:40:21,846 [INFO] Época 1/30, Batch 500/3348, Loss: 0.3843
2025-10-10 07:40:22,110 [INFO] Época 1/30, Batch 550/3348, Loss: 0.3022
2025-10-10 07:40:22,374 [INFO] Época 1/30, Batch 600/3348, Loss: 0.2512
2025-10-10 07:40:22,638 [INFO] Época 1/30, Batch 650/3348, Loss: 0.3206
2025-10-10 07:40:22,903 [INFO] Época 1/30, Batch 700/3348, Loss: 0.2581
2025-10-10 07:40:23,168 [INFO] Época 1/30, Batch 750/3348, Loss: 0.2794
2025-10-10 07:40:23,445 [INFO] Época 1/30, Batch 800/3348, Loss: 0.2977
2025-10-10 07:40:23,709 [INFO] Época 1/30, Batch 850/3348, Loss: 0.2419
2025-10-10 07:40:23,973 [INFO] Época 1/30, Batch 900/3348, Loss: 0.3179
2025-10-10 07:40:24,236 [INFO] Época 1/30, Batch 950/3348, Loss: 0.2269
2025-10-10 07:40:24,500 [INFO] Época 1/30, Batch 1000/3348, Loss: 0.2680
2025-10-10 07:40:24,766 [INFO] Época 1/30, Batch 1050/3348, Loss: 0.3199
2025-10-10 07:40:25,029 [INFO] Época 1/30, Batch 1100/3348, Loss: 0.2061
2025-10-10 07:40:25,291 [INFO] Época 1/30, Batch 1150/3348, Loss: 0.2478
2025-10-10 07:40:25,554 [INFO] Época 1/30, Batch 1200/3348, Loss: 0.2519
2025-10-10 07:40:25,818 [INFO] Época 1/30, Batch 1250/3348, Loss: 0.2596
2025-10-10 07:40:26,081 [INFO] Época 1/30, Batch 1300/3348, Loss: 0.2883
2025-10-10 07:40:26,344 [INFO] Época 1/30, Batch 1350/3348, Loss: 0.2818
2025-10-10 07:40:26,608 [INFO] Época 1/30, Batch 1400/3348, Loss: 0.2664
2025-10-10 07:40:26,871 [INFO] Época 1/30, Batch 1450/3348, Loss: 0.1791
2025-10-10 07:40:27,135 [INFO] Época 1/30, Batch 1500/3348, Loss: 0.2736
2025-10-10 07:40:27,396 [INFO] Época 1/30, Batch 1550/3348, Loss: 0.2346
2025-10-10 07:40:27,661 [INFO] Época 1/30, Batch 1600/3348, Loss: 0.2957
2025-10-10 07:40:27,927 [INFO] Época 1/30, Batch 1650/3348, Loss: 0.2403
2025-10-10 07:40:28,195 [INFO] Época 1/30, Batch 1700/3348, Loss: 0.2183
2025-10-10 07:40:28,475 [INFO] Época 1/30, Batch 1750/3348, Loss: 0.1571
2025-10-10 07:40:28,743 [INFO] Época 1/30, Batch 1800/3348, Loss: 0.2570
2025-10-10 07:40:29,012 [INFO] Época 1/30, Batch 1850/3348, Loss: 0.1898
2025-10-10 07:40:29,281 [INFO] Época 1/30, Batch 1900/3348, Loss: 0.2296
2025-10-10 07:40:29,549 [INFO] Época 1/30, Batch 1950/3348, Loss: 0.2334
2025-10-10 07:40:29,813 [INFO] Época 1/30, Batch 2000/3348, Loss: 0.2585
2025-10-10 07:40:30,078 [INFO] Época 1/30, Batch 2050/3348, Loss: 0.1761
2025-10-10 07:40:30,351 [INFO] Época 1/30, Batch 2100/3348, Loss: 0.2289
2025-10-10 07:40:30,624 [INFO] Época 1/30, Batch 2150/3348, Loss: 0.2214
2025-10-10 07:40:30,895 [INFO] Época 1/30, Batch 2200/3348, Loss: 0.2491
2025-10-10 07:40:31,165 [INFO] Época 1/30, Batch 2250/3348, Loss: 0.2372
2025-10-10 07:40:31,435 [INFO] Época 1/30, Batch 2300/3348, Loss: 0.2118
2025-10-10 07:40:31,707 [INFO] Época 1/30, Batch 2350/3348, Loss: 0.2490
2025-10-10 07:40:31,975 [INFO] Época 1/30, Batch 2400/3348, Loss: 0.1474
2025-10-10 07:40:32,239 [INFO] Época 1/30, Batch 2450/3348, Loss: 0.1818
2025-10-10 07:40:32,504 [INFO] Época 1/30, Batch 2500/3348, Loss: 0.2460
2025-10-10 07:40:32,767 [INFO] Época 1/30, Batch 2550/3348, Loss: 0.2589
2025-10-10 07:40:33,037 [INFO] Época 1/30, Batch 2600/3348, Loss: 0.2443
2025-10-10 07:40:33,307 [INFO] Época 1/30, Batch 2650/3348, Loss: 0.2242
2025-10-10 07:40:33,588 [INFO] Época 1/30, Batch 2700/3348, Loss: 0.1614
2025-10-10 07:40:33,853 [INFO] Época 1/30, Batch 2750/3348, Loss: 0.2220
2025-10-10 07:40:34,116 [INFO] Época 1/30, Batch 2800/3348, Loss: 0.1774
2025-10-10 07:40:34,383 [INFO] Época 1/30, Batch 2850/3348, Loss: 0.2311
2025-10-10 07:40:34,646 [INFO] Época 1/30, Batch 2900/3348, Loss: 0.1667
2025-10-10 07:40:34,913 [INFO] Época 1/30, Batch 2950/3348, Loss: 0.1641
2025-10-10 07:40:35,180 [INFO] Época 1/30, Batch 3000/3348, Loss: 0.1898
2025-10-10 07:40:35,450 [INFO] Época 1/30, Batch 3050/3348, Loss: 0.2724
2025-10-10 07:40:35,719 [INFO] Época 1/30, Batch 3100/3348, Loss: 0.2335
2025-10-10 07:40:35,988 [INFO] Época 1/30, Batch 3150/3348, Loss: 0.2753
2025-10-10 07:40:36,252 [INFO] Época 1/30, Batch 3200/3348, Loss: 0.2663
2025-10-10 07:40:36,517 [INFO] Época 1/30, Batch 3250/3348, Loss: 0.1538
2025-10-10 07:40:36,783 [INFO] Época 1/30, Batch 3300/3348, Loss: 0.2442
2025-10-10 07:40:38,612 [INFO] [1/30] Train Loss: 0.2565 | Val Loss: 0.3131 | Tempo: 19.71s
2025-10-10 07:40:38,627 [INFO] Melhor modelo salvo em: /mnt/hdd/home/jdurao/ToolBox-ChemXAI/models/mlp_qm9_Pattern_att10_large.pth
2025-10-10 07:40:39,212 [INFO] Época 2/30, Batch 50/3348, Loss: 0.1479
2025-10-10 07:40:39,482 [INFO] Época 2/30, Batch 100/3348, Loss: 0.2611
2025-10-10 07:40:39,751 [INFO] Época 2/30, Batch 150/3348, Loss: 0.1907
2025-10-10 07:40:40,017 [INFO] Época 2/30, Batch 200/3348, Loss: 0.1813
2025-10-10 07:40:40,283 [INFO] Época 2/30, Batch 250/3348, Loss: 0.1392
2025-10-10 07:40:40,548 [INFO] Época 2/30, Batch 300/3348, Loss: 0.1413
2025-10-10 07:40:40,813 [INFO] Época 2/30, Batch 350/3348, Loss: 0.2124
2025-10-10 07:40:41,075 [INFO] Época 2/30, Batch 400/3348, Loss: 0.1237
2025-10-10 07:40:41,336 [INFO] Época 2/30, Batch 450/3348, Loss: 0.1598
2025-10-10 07:40:41,600 [INFO] Época 2/30, Batch 500/3348, Loss: 0.1625
2025-10-10 07:40:41,864 [INFO] Época 2/30, Batch 550/3348, Loss: 0.2132
2025-10-10 07:40:42,127 [INFO] Época 2/30, Batch 600/3348, Loss: 0.2057
2025-10-10 07:40:42,395 [INFO] Época 2/30, Batch 650/3348, Loss: 0.2213
2025-10-10 07:40:42,665 [INFO] Época 2/30, Batch 700/3348, Loss: 0.1742
2025-10-10 07:40:42,931 [INFO] Época 2/30, Batch 750/3348, Loss: 0.2208
2025-10-10 07:40:43,197 [INFO] Época 2/30, Batch 800/3348, Loss: 0.2199
2025-10-10 07:40:43,460 [INFO] Época 2/30, Batch 850/3348, Loss: 0.1272
2025-10-10 07:40:43,712 [INFO] Época 2/30, Batch 900/3348, Loss: 0.1063
2025-10-10 07:40:43,976 [INFO] Época 2/30, Batch 950/3348, Loss: 0.1974
2025-10-10 07:40:44,228 [INFO] Época 2/30, Batch 1000/3348, Loss: 0.1529
2025-10-10 07:40:44,483 [INFO] Época 2/30, Batch 1050/3348, Loss: 0.1589
2025-10-10 07:40:44,750 [INFO] Época 2/30, Batch 1100/3348, Loss: 0.1574
2025-10-10 07:40:45,002 [INFO] Época 2/30, Batch 1150/3348, Loss: 0.1829
2025-10-10 07:40:45,256 [INFO] Época 2/30, Batch 1200/3348, Loss: 0.1198
2025-10-10 07:40:45,518 [INFO] Época 2/30, Batch 1250/3348, Loss: 0.1640
2025-10-10 07:40:45,781 [INFO] Época 2/30, Batch 1300/3348, Loss: 0.1398
2025-10-10 07:40:46,044 [INFO] Época 2/30, Batch 1350/3348, Loss: 0.2680
2025-10-10 07:40:46,306 [INFO] Época 2/30, Batch 1400/3348, Loss: 0.1078
2025-10-10 07:40:46,568 [INFO] Época 2/30, Batch 1450/3348, Loss: 0.1953
2025-10-10 07:40:46,832 [INFO] Época 2/30, Batch 1500/3348, Loss: 0.1784
2025-10-10 07:40:47,093 [INFO] Época 2/30, Batch 1550/3348, Loss: 0.1357
2025-10-10 07:40:47,357 [INFO] Época 2/30, Batch 1600/3348, Loss: 0.1173
2025-10-10 07:40:47,620 [INFO] Época 2/30, Batch 1650/3348, Loss: 0.1956
2025-10-10 07:40:47,891 [INFO] Época 2/30, Batch 1700/3348, Loss: 0.1687
2025-10-10 07:40:48,164 [INFO] Época 2/30, Batch 1750/3348, Loss: 0.2052
2025-10-10 07:40:48,436 [INFO] Época 2/30, Batch 1800/3348, Loss: 0.1495
2025-10-10 07:40:48,710 [INFO] Época 2/30, Batch 1850/3348, Loss: 0.1644
2025-10-10 07:40:48,983 [INFO] Época 2/30, Batch 1900/3348, Loss: 0.1934
2025-10-10 07:40:49,267 [INFO] Época 2/30, Batch 1950/3348, Loss: 0.1404
2025-10-10 07:40:49,540 [INFO] Época 2/30, Batch 2000/3348, Loss: 0.1837
2025-10-10 07:40:49,814 [INFO] Época 2/30, Batch 2050/3348, Loss: 0.0878
2025-10-10 07:40:50,088 [INFO] Época 2/30, Batch 2100/3348, Loss: 0.1527
2025-10-10 07:40:50,362 [INFO] Época 2/30, Batch 2150/3348, Loss: 0.2357
2025-10-10 07:40:50,644 [INFO] Época 2/30, Batch 2200/3348, Loss: 0.1891
2025-10-10 07:40:50,911 [INFO] Época 2/30, Batch 2250/3348, Loss: 0.1179
2025-10-10 07:40:51,184 [INFO] Época 2/30, Batch 2300/3348, Loss: 0.2413
2025-10-10 07:40:51,459 [INFO] Época 2/30, Batch 2350/3348, Loss: 0.2186
2025-10-10 07:40:51,727 [INFO] Época 2/30, Batch 2400/3348, Loss: 0.1675
2025-10-10 07:40:51,990 [INFO] Época 2/30, Batch 2450/3348, Loss: 0.1559
2025-10-10 07:40:52,253 [INFO] Época 2/30, Batch 2500/3348, Loss: 0.1799
2025-10-10 07:40:52,517 [INFO] Época 2/30, Batch 2550/3348, Loss: 0.1960
2025-10-10 07:40:52,785 [INFO] Época 2/30, Batch 2600/3348, Loss: 0.1137
2025-10-10 07:40:53,057 [INFO] Época 2/30, Batch 2650/3348, Loss: 0.1855
2025-10-10 07:40:53,330 [INFO] Época 2/30, Batch 2700/3348, Loss: 0.1427
2025-10-10 07:40:53,601 [INFO] Época 2/30, Batch 2750/3348, Loss: 0.1491
2025-10-10 07:40:53,874 [INFO] Época 2/30, Batch 2800/3348, Loss: 0.1584
2025-10-10 07:40:54,144 [INFO] Época 2/30, Batch 2850/3348, Loss: 0.1478
2025-10-10 07:40:54,418 [INFO] Época 2/30, Batch 2900/3348, Loss: 0.2423
2025-10-10 07:40:54,689 [INFO] Época 2/30, Batch 2950/3348, Loss: 0.0941
2025-10-10 07:40:54,962 [INFO] Época 2/30, Batch 3000/3348, Loss: 0.1913
2025-10-10 07:40:55,233 [INFO] Época 2/30, Batch 3050/3348, Loss: 0.1209
2025-10-10 07:40:55,494 [INFO] Época 2/30, Batch 3100/3348, Loss: 0.2004
2025-10-10 07:40:55,757 [INFO] Época 2/30, Batch 3150/3348, Loss: 0.1047
2025-10-10 07:40:56,017 [INFO] Época 2/30, Batch 3200/3348, Loss: 0.1346
2025-10-10 07:40:56,278 [INFO] Época 2/30, Batch 3250/3348, Loss: 0.2316
2025-10-10 07:40:56,545 [INFO] Época 2/30, Batch 3300/3348, Loss: 0.1917
2025-10-10 07:40:58,427 [INFO] [2/30] Train Loss: 0.1825 | Val Loss: 0.2824 | Tempo: 19.80s
2025-10-10 07:40:58,430 [INFO] Melhor modelo salvo em: /mnt/hdd/home/jdurao/ToolBox-ChemXAI/models/mlp_qm9_Pattern_att10_large.pth
2025-10-10 07:40:59,005 [INFO] Época 3/30, Batch 50/3348, Loss: 0.1421
2025-10-10 07:40:59,288 [INFO] Época 3/30, Batch 100/3348, Loss: 0.1215
2025-10-10 07:40:59,566 [INFO] Época 3/30, Batch 150/3348, Loss: 0.2146
2025-10-10 07:40:59,844 [INFO] Época 3/30, Batch 200/3348, Loss: 0.1240
2025-10-10 07:41:00,119 [INFO] Época 3/30, Batch 250/3348, Loss: 0.1763
2025-10-10 07:41:00,393 [INFO] Época 3/30, Batch 300/3348, Loss: 0.1485
2025-10-10 07:41:00,671 [INFO] Época 3/30, Batch 350/3348, Loss: 0.1633
2025-10-10 07:41:00,945 [INFO] Época 3/30, Batch 400/3348, Loss: 0.1277
2025-10-10 07:41:01,219 [INFO] Época 3/30, Batch 450/3348, Loss: 0.1571
2025-10-10 07:41:01,492 [INFO] Época 3/30, Batch 500/3348, Loss: 0.1762
2025-10-10 07:41:01,769 [INFO] Época 3/30, Batch 550/3348, Loss: 0.1228
2025-10-10 07:41:02,042 [INFO] Época 3/30, Batch 600/3348, Loss: 0.2074
2025-10-10 07:41:02,310 [INFO] Época 3/30, Batch 650/3348, Loss: 0.1469
2025-10-10 07:41:02,578 [INFO] Época 3/30, Batch 700/3348, Loss: 0.1975
2025-10-10 07:41:02,834 [INFO] Época 3/30, Batch 750/3348, Loss: 0.1132
2025-10-10 07:41:03,093 [INFO] Época 3/30, Batch 800/3348, Loss: 0.1423
2025-10-10 07:41:03,353 [INFO] Época 3/30, Batch 850/3348, Loss: 0.1649
2025-10-10 07:41:03,617 [INFO] Época 3/30, Batch 900/3348, Loss: 0.1121
2025-10-10 07:41:03,880 [INFO] Época 3/30, Batch 950/3348, Loss: 0.1744
2025-10-10 07:41:04,143 [INFO] Época 3/30, Batch 1000/3348, Loss: 0.1628
2025-10-10 07:41:04,408 [INFO] Época 3/30, Batch 1050/3348, Loss: 0.1713
2025-10-10 07:41:04,688 [INFO] Época 3/30, Batch 1100/3348, Loss: 0.1475
2025-10-10 07:41:04,964 [INFO] Época 3/30, Batch 1150/3348, Loss: 0.1633
2025-10-10 07:41:05,238 [INFO] Época 3/30, Batch 1200/3348, Loss: 0.1402
2025-10-10 07:41:05,511 [INFO] Época 3/30, Batch 1250/3348, Loss: 0.1290
2025-10-10 07:41:05,785 [INFO] Época 3/30, Batch 1300/3348, Loss: 0.1446
2025-10-10 07:41:06,058 [INFO] Época 3/30, Batch 1350/3348, Loss: 0.1528
2025-10-10 07:41:06,331 [INFO] Época 3/30, Batch 1400/3348, Loss: 0.0877
2025-10-10 07:41:06,607 [INFO] Época 3/30, Batch 1450/3348, Loss: 0.1659
2025-10-10 07:41:06,874 [INFO] Época 3/30, Batch 1500/3348, Loss: 0.1208
2025-10-10 07:41:07,141 [INFO] Época 3/30, Batch 1550/3348, Loss: 0.1437
2025-10-10 07:41:07,407 [INFO] Época 3/30, Batch 1600/3348, Loss: 0.1222
2025-10-10 07:41:07,680 [INFO] Época 3/30, Batch 1650/3348, Loss: 0.1475
2025-10-10 07:41:07,952 [INFO] Época 3/30, Batch 1700/3348, Loss: 0.1054
2025-10-10 07:41:08,224 [INFO] Época 3/30, Batch 1750/3348, Loss: 0.1187
2025-10-10 07:41:08,492 [INFO] Época 3/30, Batch 1800/3348, Loss: 0.2011
2025-10-10 07:41:08,760 [INFO] Época 3/30, Batch 1850/3348, Loss: 0.2044
2025-10-10 07:41:09,031 [INFO] Época 3/30, Batch 1900/3348, Loss: 0.1898
2025-10-10 07:41:09,302 [INFO] Época 3/30, Batch 1950/3348, Loss: 0.1360
2025-10-10 07:41:09,573 [INFO] Época 3/30, Batch 2000/3348, Loss: 0.2239
2025-10-10 07:41:09,855 [INFO] Época 3/30, Batch 2050/3348, Loss: 0.1563
2025-10-10 07:41:10,126 [INFO] Época 3/30, Batch 2100/3348, Loss: 0.2127
2025-10-10 07:41:10,398 [INFO] Época 3/30, Batch 2150/3348, Loss: 0.2332
2025-10-10 07:41:10,676 [INFO] Época 3/30, Batch 2200/3348, Loss: 0.1571
2025-10-10 07:41:10,949 [INFO] Época 3/30, Batch 2250/3348, Loss: 0.1371
2025-10-10 07:41:11,221 [INFO] Época 3/30, Batch 2300/3348, Loss: 0.1254
2025-10-10 07:41:11,494 [INFO] Época 3/30, Batch 2350/3348, Loss: 0.1685
2025-10-10 07:41:11,769 [INFO] Época 3/30, Batch 2400/3348, Loss: 0.2098
2025-10-10 07:41:12,042 [INFO] Época 3/30, Batch 2450/3348, Loss: 0.1218
2025-10-10 07:41:12,312 [INFO] Época 3/30, Batch 2500/3348, Loss: 0.1305
2025-10-10 07:41:12,584 [INFO] Época 3/30, Batch 2550/3348, Loss: 0.1279
2025-10-10 07:41:12,858 [INFO] Época 3/30, Batch 2600/3348, Loss: 0.0971
2025-10-10 07:41:13,132 [INFO] Época 3/30, Batch 2650/3348, Loss: 0.1843
2025-10-10 07:41:13,400 [INFO] Época 3/30, Batch 2700/3348, Loss: 0.1809
2025-10-10 07:41:13,666 [INFO] Época 3/30, Batch 2750/3348, Loss: 0.1854
2025-10-10 07:41:13,931 [INFO] Época 3/30, Batch 2800/3348, Loss: 0.2441
2025-10-10 07:41:14,197 [INFO] Época 3/30, Batch 2850/3348, Loss: 0.0939
2025-10-10 07:41:14,463 [INFO] Época 3/30, Batch 2900/3348, Loss: 0.1647
2025-10-10 07:41:14,727 [INFO] Época 3/30, Batch 2950/3348, Loss: 0.2171
2025-10-10 07:41:14,991 [INFO] Época 3/30, Batch 3000/3348, Loss: 0.1588
2025-10-10 07:41:15,254 [INFO] Época 3/30, Batch 3050/3348, Loss: 0.1997
2025-10-10 07:41:15,518 [INFO] Época 3/30, Batch 3100/3348, Loss: 0.1361
2025-10-10 07:41:15,778 [INFO] Época 3/30, Batch 3150/3348, Loss: 0.2326
2025-10-10 07:41:16,045 [INFO] Época 3/30, Batch 3200/3348, Loss: 0.1807
2025-10-10 07:41:16,307 [INFO] Época 3/30, Batch 3250/3348, Loss: 0.1531
2025-10-10 07:41:16,570 [INFO] Época 3/30, Batch 3300/3348, Loss: 0.1895
2025-10-10 07:41:18,382 [INFO] [3/30] Train Loss: 0.1598 | Val Loss: 0.2787 | Tempo: 19.95s
2025-10-10 07:41:18,388 [INFO] Melhor modelo salvo em: /mnt/hdd/home/jdurao/ToolBox-ChemXAI/models/mlp_qm9_Pattern_att10_large.pth
2025-10-10 07:41:18,979 [INFO] Época 4/30, Batch 50/3348, Loss: 0.2043
2025-10-10 07:41:19,259 [INFO] Época 4/30, Batch 100/3348, Loss: 0.1528
2025-10-10 07:41:19,538 [INFO] Época 4/30, Batch 150/3348, Loss: 0.0901
2025-10-10 07:41:19,812 [INFO] Época 4/30, Batch 200/3348, Loss: 0.1404
2025-10-10 07:41:20,094 [INFO] Época 4/30, Batch 250/3348, Loss: 0.1960
2025-10-10 07:41:20,370 [INFO] Época 4/30, Batch 300/3348, Loss: 0.1303
2025-10-10 07:41:20,646 [INFO] Época 4/30, Batch 350/3348, Loss: 0.1546
2025-10-10 07:41:20,912 [INFO] Época 4/30, Batch 400/3348, Loss: 0.1013
2025-10-10 07:41:21,174 [INFO] Época 4/30, Batch 450/3348, Loss: 0.1576
2025-10-10 07:41:21,436 [INFO] Época 4/30, Batch 500/3348, Loss: 0.1487
2025-10-10 07:41:21,698 [INFO] Época 4/30, Batch 550/3348, Loss: 0.1267
2025-10-10 07:41:21,961 [INFO] Época 4/30, Batch 600/3348, Loss: 0.1413
2025-10-10 07:41:22,224 [INFO] Época 4/30, Batch 650/3348, Loss: 0.2527
2025-10-10 07:41:22,485 [INFO] Época 4/30, Batch 700/3348, Loss: 0.1704
2025-10-10 07:41:22,748 [INFO] Época 4/30, Batch 750/3348, Loss: 0.1178
2025-10-10 07:41:23,014 [INFO] Época 4/30, Batch 800/3348, Loss: 0.1595
2025-10-10 07:41:23,277 [INFO] Época 4/30, Batch 850/3348, Loss: 0.1134
2025-10-10 07:41:23,551 [INFO] Época 4/30, Batch 900/3348, Loss: 0.1354
2025-10-10 07:41:23,838 [INFO] Época 4/30, Batch 950/3348, Loss: 0.2350
2025-10-10 07:41:24,095 [INFO] Época 4/30, Batch 1000/3348, Loss: 0.1124
2025-10-10 07:41:24,353 [INFO] Época 4/30, Batch 1050/3348, Loss: 0.1330
2025-10-10 07:41:24,614 [INFO] Época 4/30, Batch 1100/3348, Loss: 0.1614
2025-10-10 07:41:24,878 [INFO] Época 4/30, Batch 1150/3348, Loss: 0.2366
2025-10-10 07:41:25,157 [INFO] Época 4/30, Batch 1200/3348, Loss: 0.1050
2025-10-10 07:41:25,422 [INFO] Época 4/30, Batch 1250/3348, Loss: 0.1381
2025-10-10 07:41:25,688 [INFO] Época 4/30, Batch 1300/3348, Loss: 0.1753
2025-10-10 07:41:25,953 [INFO] Época 4/30, Batch 1350/3348, Loss: 0.1425
2025-10-10 07:41:26,219 [INFO] Época 4/30, Batch 1400/3348, Loss: 0.2031
2025-10-10 07:41:26,486 [INFO] Época 4/30, Batch 1450/3348, Loss: 0.1801
2025-10-10 07:41:26,749 [INFO] Época 4/30, Batch 1500/3348, Loss: 0.1097
2025-10-10 07:41:27,012 [INFO] Época 4/30, Batch 1550/3348, Loss: 0.0845
2025-10-10 07:41:27,275 [INFO] Época 4/30, Batch 1600/3348, Loss: 0.0605
2025-10-10 07:41:27,539 [INFO] Época 4/30, Batch 1650/3348, Loss: 0.1163
2025-10-10 07:41:27,805 [INFO] Época 4/30, Batch 1700/3348, Loss: 0.1282
2025-10-10 07:41:28,070 [INFO] Época 4/30, Batch 1750/3348, Loss: 0.1048
2025-10-10 07:41:28,338 [INFO] Época 4/30, Batch 1800/3348, Loss: 0.1195
2025-10-10 07:41:28,607 [INFO] Época 4/30, Batch 1850/3348, Loss: 0.1580
2025-10-10 07:41:28,889 [INFO] Época 4/30, Batch 1900/3348, Loss: 0.1409
2025-10-10 07:41:29,164 [INFO] Época 4/30, Batch 1950/3348, Loss: 0.1619
2025-10-10 07:41:29,437 [INFO] Época 4/30, Batch 2000/3348, Loss: 0.1466
2025-10-10 07:41:29,707 [INFO] Época 4/30, Batch 2050/3348, Loss: 0.1372
2025-10-10 07:41:29,970 [INFO] Época 4/30, Batch 2100/3348, Loss: 0.1991
2025-10-10 07:41:30,232 [INFO] Época 4/30, Batch 2150/3348, Loss: 0.1182
2025-10-10 07:41:30,498 [INFO] Época 4/30, Batch 2200/3348, Loss: 0.1198
2025-10-10 07:41:30,763 [INFO] Época 4/30, Batch 2250/3348, Loss: 0.1329
2025-10-10 07:41:31,028 [INFO] Época 4/30, Batch 2300/3348, Loss: 0.2078
2025-10-10 07:41:31,290 [INFO] Época 4/30, Batch 2350/3348, Loss: 0.1166
2025-10-10 07:41:31,555 [INFO] Época 4/30, Batch 2400/3348, Loss: 0.1543
2025-10-10 07:41:31,831 [INFO] Época 4/30, Batch 2450/3348, Loss: 0.1255
2025-10-10 07:41:32,105 [INFO] Época 4/30, Batch 2500/3348, Loss: 0.1529
2025-10-10 07:41:32,380 [INFO] Época 4/30, Batch 2550/3348, Loss: 0.1580
2025-10-10 07:41:32,657 [INFO] Época 4/30, Batch 2600/3348, Loss: 0.1955
2025-10-10 07:41:32,933 [INFO] Época 4/30, Batch 2650/3348, Loss: 0.1763
2025-10-10 07:41:33,207 [INFO] Época 4/30, Batch 2700/3348, Loss: 0.1302
2025-10-10 07:41:33,470 [INFO] Época 4/30, Batch 2750/3348, Loss: 0.0960
2025-10-10 07:41:33,734 [INFO] Época 4/30, Batch 2800/3348, Loss: 0.1506
2025-10-10 07:41:33,996 [INFO] Época 4/30, Batch 2850/3348, Loss: 0.1356
2025-10-10 07:41:34,259 [INFO] Época 4/30, Batch 2900/3348, Loss: 0.1011
2025-10-10 07:41:34,534 [INFO] Época 4/30, Batch 2950/3348, Loss: 0.2217
2025-10-10 07:41:34,806 [INFO] Época 4/30, Batch 3000/3348, Loss: 0.1771
2025-10-10 07:41:35,073 [INFO] Época 4/30, Batch 3050/3348, Loss: 0.1318
2025-10-10 07:41:35,347 [INFO] Época 4/30, Batch 3100/3348, Loss: 0.1466
2025-10-10 07:41:35,609 [INFO] Época 4/30, Batch 3150/3348, Loss: 0.0887
2025-10-10 07:41:35,872 [INFO] Época 4/30, Batch 3200/3348, Loss: 0.1256
2025-10-10 07:41:36,136 [INFO] Época 4/30, Batch 3250/3348, Loss: 0.1782
2025-10-10 07:41:36,402 [INFO] Época 4/30, Batch 3300/3348, Loss: 0.1097
2025-10-10 07:41:38,179 [INFO] [4/30] Train Loss: 0.1495 | Val Loss: 0.2825 | Tempo: 19.79s
2025-10-10 07:41:38,763 [INFO] Época 5/30, Batch 50/3348, Loss: 0.2032
2025-10-10 07:41:39,038 [INFO] Época 5/30, Batch 100/3348, Loss: 0.0924
2025-10-10 07:41:39,313 [INFO] Época 5/30, Batch 150/3348, Loss: 0.0751
2025-10-10 07:41:39,587 [INFO] Época 5/30, Batch 200/3348, Loss: 0.1229
2025-10-10 07:41:39,854 [INFO] Época 5/30, Batch 250/3348, Loss: 0.1946
2025-10-10 07:41:40,130 [INFO] Época 5/30, Batch 300/3348, Loss: 0.1301
2025-10-10 07:41:40,424 [INFO] Época 5/30, Batch 350/3348, Loss: 0.1642
2025-10-10 07:41:40,702 [INFO] Época 5/30, Batch 400/3348, Loss: 0.1594
2025-10-10 07:41:40,968 [INFO] Época 5/30, Batch 450/3348, Loss: 0.1354
2025-10-10 07:41:41,230 [INFO] Época 5/30, Batch 500/3348, Loss: 0.1494
2025-10-10 07:41:41,492 [INFO] Época 5/30, Batch 550/3348, Loss: 0.0976
2025-10-10 07:41:41,754 [INFO] Época 5/30, Batch 600/3348, Loss: 0.1598
2025-10-10 07:41:42,018 [INFO] Época 5/30, Batch 650/3348, Loss: 0.1534
2025-10-10 07:41:42,281 [INFO] Época 5/30, Batch 700/3348, Loss: 0.1368
2025-10-10 07:41:42,543 [INFO] Época 5/30, Batch 750/3348, Loss: 0.1176
2025-10-10 07:41:42,817 [INFO] Época 5/30, Batch 800/3348, Loss: 0.1132
2025-10-10 07:41:43,098 [INFO] Época 5/30, Batch 850/3348, Loss: 0.1177
2025-10-10 07:41:43,376 [INFO] Época 5/30, Batch 900/3348, Loss: 0.1159
2025-10-10 07:41:43,658 [INFO] Época 5/30, Batch 950/3348, Loss: 0.1294
2025-10-10 07:41:43,937 [INFO] Época 5/30, Batch 1000/3348, Loss: 0.1504
2025-10-10 07:41:44,217 [INFO] Época 5/30, Batch 1050/3348, Loss: 0.1520
2025-10-10 07:41:44,493 [INFO] Época 5/30, Batch 1100/3348, Loss: 0.1114
2025-10-10 07:41:44,764 [INFO] Época 5/30, Batch 1150/3348, Loss: 0.1772
2025-10-10 07:41:45,030 [INFO] Época 5/30, Batch 1200/3348, Loss: 0.1659
2025-10-10 07:41:45,292 [INFO] Época 5/30, Batch 1250/3348, Loss: 0.2002
2025-10-10 07:41:45,576 [INFO] Época 5/30, Batch 1300/3348, Loss: 0.1461
2025-10-10 07:41:45,845 [INFO] Época 5/30, Batch 1350/3348, Loss: 0.1183
2025-10-10 07:41:46,106 [INFO] Época 5/30, Batch 1400/3348, Loss: 0.1889
2025-10-10 07:41:46,368 [INFO] Época 5/30, Batch 1450/3348, Loss: 0.1115
2025-10-10 07:41:46,628 [INFO] Época 5/30, Batch 1500/3348, Loss: 0.1070
2025-10-10 07:41:46,889 [INFO] Época 5/30, Batch 1550/3348, Loss: 0.1713
2025-10-10 07:41:47,150 [INFO] Época 5/30, Batch 1600/3348, Loss: 0.1909
2025-10-10 07:41:47,412 [INFO] Época 5/30, Batch 1650/3348, Loss: 0.2026
2025-10-10 07:41:47,681 [INFO] Época 5/30, Batch 1700/3348, Loss: 0.1308
2025-10-10 07:41:47,943 [INFO] Época 5/30, Batch 1750/3348, Loss: 0.2358
2025-10-10 07:41:48,204 [INFO] Época 5/30, Batch 1800/3348, Loss: 0.0746
2025-10-10 07:41:48,467 [INFO] Época 5/30, Batch 1850/3348, Loss: 0.1745
2025-10-10 07:41:48,728 [INFO] Época 5/30, Batch 1900/3348, Loss: 0.2031
2025-10-10 07:41:48,990 [INFO] Época 5/30, Batch 1950/3348, Loss: 0.0769
2025-10-10 07:41:49,255 [INFO] Época 5/30, Batch 2000/3348, Loss: 0.2162
2025-10-10 07:41:49,519 [INFO] Época 5/30, Batch 2050/3348, Loss: 0.1336
2025-10-10 07:41:49,782 [INFO] Época 5/30, Batch 2100/3348, Loss: 0.0937
2025-10-10 07:41:50,045 [INFO] Época 5/30, Batch 2150/3348, Loss: 0.1275
2025-10-10 07:41:50,307 [INFO] Época 5/30, Batch 2200/3348, Loss: 0.1707
2025-10-10 07:41:50,579 [INFO] Época 5/30, Batch 2250/3348, Loss: 0.1124
2025-10-10 07:41:50,857 [INFO] Época 5/30, Batch 2300/3348, Loss: 0.1286
2025-10-10 07:41:51,139 [INFO] Época 5/30, Batch 2350/3348, Loss: 0.1437
2025-10-10 07:41:51,418 [INFO] Época 5/30, Batch 2400/3348, Loss: 0.1253
2025-10-10 07:41:51,699 [INFO] Época 5/30, Batch 2450/3348, Loss: 0.1456
2025-10-10 07:41:51,980 [INFO] Época 5/30, Batch 2500/3348, Loss: 0.0621
2025-10-10 07:41:52,260 [INFO] Época 5/30, Batch 2550/3348, Loss: 0.1433
2025-10-10 07:41:52,539 [INFO] Época 5/30, Batch 2600/3348, Loss: 0.1516
2025-10-10 07:41:52,818 [INFO] Época 5/30, Batch 2650/3348, Loss: 0.1420
2025-10-10 07:41:53,094 [INFO] Época 5/30, Batch 2700/3348, Loss: 0.1069
2025-10-10 07:41:53,359 [INFO] Época 5/30, Batch 2750/3348, Loss: 0.1128
2025-10-10 07:41:53,622 [INFO] Época 5/30, Batch 2800/3348, Loss: 0.2293
2025-10-10 07:41:53,884 [INFO] Época 5/30, Batch 2850/3348, Loss: 0.1495
2025-10-10 07:41:54,147 [INFO] Época 5/30, Batch 2900/3348, Loss: 0.1962
2025-10-10 07:41:54,412 [INFO] Época 5/30, Batch 2950/3348, Loss: 0.1199
2025-10-10 07:41:54,680 [INFO] Época 5/30, Batch 3000/3348, Loss: 0.1672
2025-10-10 07:41:54,960 [INFO] Época 5/30, Batch 3050/3348, Loss: 0.1339
2025-10-10 07:41:55,236 [INFO] Época 5/30, Batch 3100/3348, Loss: 0.2388
2025-10-10 07:41:55,508 [INFO] Época 5/30, Batch 3150/3348, Loss: 0.1390
2025-10-10 07:41:55,791 [INFO] Época 5/30, Batch 3200/3348, Loss: 0.1285
2025-10-10 07:41:56,063 [INFO] Época 5/30, Batch 3250/3348, Loss: 0.1474
2025-10-10 07:41:56,335 [INFO] Época 5/30, Batch 3300/3348, Loss: 0.1979
2025-10-10 07:41:58,269 [INFO] [5/30] Train Loss: 0.1424 | Val Loss: 0.2907 | Tempo: 20.09s
2025-10-10 07:41:58,861 [INFO] Época 6/30, Batch 50/3348, Loss: 0.1337
2025-10-10 07:41:59,140 [INFO] Época 6/30, Batch 100/3348, Loss: 0.1707
2025-10-10 07:41:59,416 [INFO] Época 6/30, Batch 150/3348, Loss: 0.1551
2025-10-10 07:41:59,692 [INFO] Época 6/30, Batch 200/3348, Loss: 0.1425
2025-10-10 07:41:59,966 [INFO] Época 6/30, Batch 250/3348, Loss: 0.1552
2025-10-10 07:42:00,238 [INFO] Época 6/30, Batch 300/3348, Loss: 0.1164
2025-10-10 07:42:00,510 [INFO] Época 6/30, Batch 350/3348, Loss: 0.1695
2025-10-10 07:42:00,793 [INFO] Época 6/30, Batch 400/3348, Loss: 0.1011
2025-10-10 07:42:01,065 [INFO] Época 6/30, Batch 450/3348, Loss: 0.1338
2025-10-10 07:42:01,337 [INFO] Época 6/30, Batch 500/3348, Loss: 0.1445
2025-10-10 07:42:01,608 [INFO] Época 6/30, Batch 550/3348, Loss: 0.0600
2025-10-10 07:42:01,878 [INFO] Época 6/30, Batch 600/3348, Loss: 0.1639
2025-10-10 07:42:02,136 [INFO] Época 6/30, Batch 650/3348, Loss: 0.1736
2025-10-10 07:42:02,395 [INFO] Época 6/30, Batch 700/3348, Loss: 0.1752
2025-10-10 07:42:02,654 [INFO] Época 6/30, Batch 750/3348, Loss: 0.1918
2025-10-10 07:42:02,916 [INFO] Época 6/30, Batch 800/3348, Loss: 0.1286
2025-10-10 07:42:03,185 [INFO] Época 6/30, Batch 850/3348, Loss: 0.1871
2025-10-10 07:42:03,456 [INFO] Época 6/30, Batch 900/3348, Loss: 0.1270
2025-10-10 07:42:03,724 [INFO] Época 6/30, Batch 950/3348, Loss: 0.1549
2025-10-10 07:42:03,996 [INFO] Época 6/30, Batch 1000/3348, Loss: 0.1956
2025-10-10 07:42:04,266 [INFO] Época 6/30, Batch 1050/3348, Loss: 0.1266
2025-10-10 07:42:04,537 [INFO] Época 6/30, Batch 1100/3348, Loss: 0.1250
2025-10-10 07:42:04,809 [INFO] Época 6/30, Batch 1150/3348, Loss: 0.1046
2025-10-10 07:42:05,079 [INFO] Época 6/30, Batch 1200/3348, Loss: 0.1568
2025-10-10 07:42:05,349 [INFO] Época 6/30, Batch 1250/3348, Loss: 0.0868
2025-10-10 07:42:05,622 [INFO] Época 6/30, Batch 1300/3348, Loss: 0.1058
2025-10-10 07:42:05,906 [INFO] Época 6/30, Batch 1350/3348, Loss: 0.1663
2025-10-10 07:42:06,178 [INFO] Época 6/30, Batch 1400/3348, Loss: 0.1953
2025-10-10 07:42:06,449 [INFO] Época 6/30, Batch 1450/3348, Loss: 0.2183
2025-10-10 07:42:06,716 [INFO] Época 6/30, Batch 1500/3348, Loss: 0.1036
2025-10-10 07:42:06,978 [INFO] Época 6/30, Batch 1550/3348, Loss: 0.0843
2025-10-10 07:42:07,241 [INFO] Época 6/30, Batch 1600/3348, Loss: 0.0961
2025-10-10 07:42:07,502 [INFO] Época 6/30, Batch 1650/3348, Loss: 0.1641
2025-10-10 07:42:07,765 [INFO] Época 6/30, Batch 1700/3348, Loss: 0.0819
2025-10-10 07:42:08,027 [INFO] Época 6/30, Batch 1750/3348, Loss: 0.1737
2025-10-10 07:42:08,289 [INFO] Época 6/30, Batch 1800/3348, Loss: 0.1592
2025-10-10 07:42:08,550 [INFO] Época 6/30, Batch 1850/3348, Loss: 0.2020
2025-10-10 07:42:08,812 [INFO] Época 6/30, Batch 1900/3348, Loss: 0.1597
2025-10-10 07:42:09,074 [INFO] Época 6/30, Batch 1950/3348, Loss: 0.1647
2025-10-10 07:42:09,339 [INFO] Época 6/30, Batch 2000/3348, Loss: 0.0719
2025-10-10 07:42:09,601 [INFO] Época 6/30, Batch 2050/3348, Loss: 0.1258
2025-10-10 07:42:09,864 [INFO] Época 6/30, Batch 2100/3348, Loss: 0.1269
2025-10-10 07:42:10,125 [INFO] Época 6/30, Batch 2150/3348, Loss: 0.1240
2025-10-10 07:42:10,389 [INFO] Época 6/30, Batch 2200/3348, Loss: 0.0978
2025-10-10 07:42:10,655 [INFO] Época 6/30, Batch 2250/3348, Loss: 0.1631
2025-10-10 07:42:10,931 [INFO] Época 6/30, Batch 2300/3348, Loss: 0.0928
2025-10-10 07:42:11,201 [INFO] Época 6/30, Batch 2350/3348, Loss: 0.1388
2025-10-10 07:42:11,474 [INFO] Época 6/30, Batch 2400/3348, Loss: 0.1644
2025-10-10 07:42:11,747 [INFO] Época 6/30, Batch 2450/3348, Loss: 0.1069
2025-10-10 07:42:12,020 [INFO] Época 6/30, Batch 2500/3348, Loss: 0.1919
2025-10-10 07:42:12,293 [INFO] Época 6/30, Batch 2550/3348, Loss: 0.1879
2025-10-10 07:42:12,562 [INFO] Época 6/30, Batch 2600/3348, Loss: 0.1528
2025-10-10 07:42:12,834 [INFO] Época 6/30, Batch 2650/3348, Loss: 0.1316
2025-10-10 07:42:13,103 [INFO] Época 6/30, Batch 2700/3348, Loss: 0.0692
2025-10-10 07:42:13,372 [INFO] Época 6/30, Batch 2750/3348, Loss: 0.1052
2025-10-10 07:42:13,643 [INFO] Época 6/30, Batch 2800/3348, Loss: 0.1006
2025-10-10 07:42:13,905 [INFO] Época 6/30, Batch 2850/3348, Loss: 0.1303
2025-10-10 07:42:14,167 [INFO] Época 6/30, Batch 2900/3348, Loss: 0.1051
2025-10-10 07:42:14,430 [INFO] Época 6/30, Batch 2950/3348, Loss: 0.2192
2025-10-10 07:42:14,692 [INFO] Época 6/30, Batch 3000/3348, Loss: 0.1656
2025-10-10 07:42:14,954 [INFO] Época 6/30, Batch 3050/3348, Loss: 0.1564
2025-10-10 07:42:15,215 [INFO] Época 6/30, Batch 3100/3348, Loss: 0.1479
2025-10-10 07:42:15,476 [INFO] Época 6/30, Batch 3150/3348, Loss: 0.1193
2025-10-10 07:42:15,738 [INFO] Época 6/30, Batch 3200/3348, Loss: 0.1599
2025-10-10 07:42:16,009 [INFO] Época 6/30, Batch 3250/3348, Loss: 0.2449
2025-10-10 07:42:16,272 [INFO] Época 6/30, Batch 3300/3348, Loss: 0.0996
2025-10-10 07:42:18,212 [INFO] [6/30] Train Loss: 0.1378 | Val Loss: 0.2506 | Tempo: 19.94s
2025-10-10 07:42:18,217 [INFO] Melhor modelo salvo em: /mnt/hdd/home/jdurao/ToolBox-ChemXAI/models/mlp_qm9_Pattern_att10_large.pth
2025-10-10 07:42:18,812 [INFO] Época 7/30, Batch 50/3348, Loss: 0.1108
2025-10-10 07:42:19,089 [INFO] Época 7/30, Batch 100/3348, Loss: 0.1772
2025-10-10 07:42:19,363 [INFO] Época 7/30, Batch 150/3348, Loss: 0.0875
2025-10-10 07:42:19,637 [INFO] Época 7/30, Batch 200/3348, Loss: 0.0610
2025-10-10 07:42:19,915 [INFO] Época 7/30, Batch 250/3348, Loss: 0.1637
2025-10-10 07:42:20,190 [INFO] Época 7/30, Batch 300/3348, Loss: 0.0865
2025-10-10 07:42:20,466 [INFO] Época 7/30, Batch 350/3348, Loss: 0.0916
2025-10-10 07:42:20,740 [INFO] Época 7/30, Batch 400/3348, Loss: 0.1201
2025-10-10 07:42:21,021 [INFO] Época 7/30, Batch 450/3348, Loss: 0.1665
2025-10-10 07:42:21,293 [INFO] Época 7/30, Batch 500/3348, Loss: 0.1977
2025-10-10 07:42:21,565 [INFO] Época 7/30, Batch 550/3348, Loss: 0.1789
2025-10-10 07:42:21,837 [INFO] Época 7/30, Batch 600/3348, Loss: 0.1768
2025-10-10 07:42:22,108 [INFO] Época 7/30, Batch 650/3348, Loss: 0.0990
2025-10-10 07:42:22,379 [INFO] Época 7/30, Batch 700/3348, Loss: 0.0642
2025-10-10 07:42:22,653 [INFO] Época 7/30, Batch 750/3348, Loss: 0.1563
2025-10-10 07:42:22,924 [INFO] Época 7/30, Batch 800/3348, Loss: 0.1420
2025-10-10 07:42:23,192 [INFO] Época 7/30, Batch 850/3348, Loss: 0.0990
2025-10-10 07:42:23,457 [INFO] Época 7/30, Batch 900/3348, Loss: 0.0700
2025-10-10 07:42:23,723 [INFO] Época 7/30, Batch 950/3348, Loss: 0.1304
2025-10-10 07:42:23,989 [INFO] Época 7/30, Batch 1000/3348, Loss: 0.1120
2025-10-10 07:42:24,254 [INFO] Época 7/30, Batch 1050/3348, Loss: 0.0963
2025-10-10 07:42:24,518 [INFO] Época 7/30, Batch 1100/3348, Loss: 0.1667
2025-10-10 07:42:24,780 [INFO] Época 7/30, Batch 1150/3348, Loss: 0.1607
2025-10-10 07:42:25,041 [INFO] Época 7/30, Batch 1200/3348, Loss: 0.1489
2025-10-10 07:42:25,304 [INFO] Época 7/30, Batch 1250/3348, Loss: 0.1703
2025-10-10 07:42:25,566 [INFO] Época 7/30, Batch 1300/3348, Loss: 0.1278
2025-10-10 07:42:25,828 [INFO] Época 7/30, Batch 1350/3348, Loss: 0.0705
2025-10-10 07:42:26,098 [INFO] Época 7/30, Batch 1400/3348, Loss: 0.0853
2025-10-10 07:42:26,358 [INFO] Época 7/30, Batch 1450/3348, Loss: 0.1255
2025-10-10 07:42:26,620 [INFO] Época 7/30, Batch 1500/3348, Loss: 0.2214
2025-10-10 07:42:26,882 [INFO] Época 7/30, Batch 1550/3348, Loss: 0.0678
2025-10-10 07:42:27,144 [INFO] Época 7/30, Batch 1600/3348, Loss: 0.1672
2025-10-10 07:42:27,406 [INFO] Época 7/30, Batch 1650/3348, Loss: 0.1461
2025-10-10 07:42:27,667 [INFO] Época 7/30, Batch 1700/3348, Loss: 0.1463
2025-10-10 07:42:27,933 [INFO] Época 7/30, Batch 1750/3348, Loss: 0.0722
2025-10-10 07:42:28,198 [INFO] Época 7/30, Batch 1800/3348, Loss: 0.1055
2025-10-10 07:42:28,462 [INFO] Época 7/30, Batch 1850/3348, Loss: 0.2417
2025-10-10 07:42:28,726 [INFO] Época 7/30, Batch 1900/3348, Loss: 0.1771
2025-10-10 07:42:28,988 [INFO] Época 7/30, Batch 1950/3348, Loss: 0.0618
2025-10-10 07:42:29,253 [INFO] Época 7/30, Batch 2000/3348, Loss: 0.1890
2025-10-10 07:42:29,519 [INFO] Época 7/30, Batch 2050/3348, Loss: 0.1222
2025-10-10 07:42:29,780 [INFO] Época 7/30, Batch 2100/3348, Loss: 0.0805
2025-10-10 07:42:30,041 [INFO] Época 7/30, Batch 2150/3348, Loss: 0.1532
2025-10-10 07:42:30,303 [INFO] Época 7/30, Batch 2200/3348, Loss: 0.1175
2025-10-10 07:42:30,563 [INFO] Época 7/30, Batch 2250/3348, Loss: 0.1064
2025-10-10 07:42:30,827 [INFO] Época 7/30, Batch 2300/3348, Loss: 0.0861
2025-10-10 07:42:31,089 [INFO] Época 7/30, Batch 2350/3348, Loss: 0.1160
2025-10-10 07:42:31,361 [INFO] Época 7/30, Batch 2400/3348, Loss: 0.1305
2025-10-10 07:42:31,622 [INFO] Época 7/30, Batch 2450/3348, Loss: 0.0816
2025-10-10 07:42:31,884 [INFO] Época 7/30, Batch 2500/3348, Loss: 0.1120
2025-10-10 07:42:32,146 [INFO] Época 7/30, Batch 2550/3348, Loss: 0.1286
2025-10-10 07:42:32,406 [INFO] Época 7/30, Batch 2600/3348, Loss: 0.1180
2025-10-10 07:42:32,669 [INFO] Época 7/30, Batch 2650/3348, Loss: 0.1019
2025-10-10 07:42:32,934 [INFO] Época 7/30, Batch 2700/3348, Loss: 0.0843
2025-10-10 07:42:33,198 [INFO] Época 7/30, Batch 2750/3348, Loss: 0.1125
2025-10-10 07:42:33,462 [INFO] Época 7/30, Batch 2800/3348, Loss: 0.1384
2025-10-10 07:42:33,727 [INFO] Época 7/30, Batch 2850/3348, Loss: 0.0876
2025-10-10 07:42:33,992 [INFO] Época 7/30, Batch 2900/3348, Loss: 0.1827
2025-10-10 07:42:34,257 [INFO] Época 7/30, Batch 2950/3348, Loss: 0.0511
2025-10-10 07:42:34,520 [INFO] Época 7/30, Batch 3000/3348, Loss: 0.1335
2025-10-10 07:42:34,785 [INFO] Época 7/30, Batch 3050/3348, Loss: 0.1240
2025-10-10 07:42:35,049 [INFO] Época 7/30, Batch 3100/3348, Loss: 0.1908
2025-10-10 07:42:35,315 [INFO] Época 7/30, Batch 3150/3348, Loss: 0.1663
2025-10-10 07:42:35,579 [INFO] Época 7/30, Batch 3200/3348, Loss: 0.1528
2025-10-10 07:42:35,843 [INFO] Época 7/30, Batch 3250/3348, Loss: 0.0866
2025-10-10 07:42:36,107 [INFO] Época 7/30, Batch 3300/3348, Loss: 0.1228
2025-10-10 07:42:38,031 [INFO] [7/30] Train Loss: 0.1321 | Val Loss: 0.2564 | Tempo: 19.81s
2025-10-10 07:42:38,617 [INFO] Época 8/30, Batch 50/3348, Loss: 0.2365
2025-10-10 07:42:38,891 [INFO] Época 8/30, Batch 100/3348, Loss: 0.1636
2025-10-10 07:42:39,163 [INFO] Época 8/30, Batch 150/3348, Loss: 0.0892
2025-10-10 07:42:39,434 [INFO] Época 8/30, Batch 200/3348, Loss: 0.1537
2025-10-10 07:42:39,701 [INFO] Época 8/30, Batch 250/3348, Loss: 0.1555
2025-10-10 07:42:39,968 [INFO] Época 8/30, Batch 300/3348, Loss: 0.1600
2025-10-10 07:42:40,233 [INFO] Época 8/30, Batch 350/3348, Loss: 0.0867
2025-10-10 07:42:40,497 [INFO] Época 8/30, Batch 400/3348, Loss: 0.1368
2025-10-10 07:42:40,763 [INFO] Época 8/30, Batch 450/3348, Loss: 0.1107
2025-10-10 07:42:41,026 [INFO] Época 8/30, Batch 500/3348, Loss: 0.1309
2025-10-10 07:42:41,292 [INFO] Época 8/30, Batch 550/3348, Loss: 0.0629
2025-10-10 07:42:41,558 [INFO] Época 8/30, Batch 600/3348, Loss: 0.2630
2025-10-10 07:42:41,823 [INFO] Época 8/30, Batch 650/3348, Loss: 0.1721
2025-10-10 07:42:42,081 [INFO] Época 8/30, Batch 700/3348, Loss: 0.1653
2025-10-10 07:42:42,336 [INFO] Época 8/30, Batch 750/3348, Loss: 0.0598
2025-10-10 07:42:42,600 [INFO] Época 8/30, Batch 800/3348, Loss: 0.1478
2025-10-10 07:42:42,864 [INFO] Época 8/30, Batch 850/3348, Loss: 0.2054
2025-10-10 07:42:43,129 [INFO] Época 8/30, Batch 900/3348, Loss: 0.1344
2025-10-10 07:42:43,394 [INFO] Época 8/30, Batch 950/3348, Loss: 0.1973
2025-10-10 07:42:43,659 [INFO] Época 8/30, Batch 1000/3348, Loss: 0.1533
2025-10-10 07:42:43,924 [INFO] Época 8/30, Batch 1050/3348, Loss: 0.1045
2025-10-10 07:42:44,187 [INFO] Época 8/30, Batch 1100/3348, Loss: 0.1661
2025-10-10 07:42:44,451 [INFO] Época 8/30, Batch 1150/3348, Loss: 0.1973
2025-10-10 07:42:44,715 [INFO] Época 8/30, Batch 1200/3348, Loss: 0.1192
2025-10-10 07:42:44,982 [INFO] Época 8/30, Batch 1250/3348, Loss: 0.1267
2025-10-10 07:42:45,250 [INFO] Época 8/30, Batch 1300/3348, Loss: 0.0966
2025-10-10 07:42:45,515 [INFO] Época 8/30, Batch 1350/3348, Loss: 0.0805
2025-10-10 07:42:45,781 [INFO] Época 8/30, Batch 1400/3348, Loss: 0.0974
2025-10-10 07:42:46,044 [INFO] Época 8/30, Batch 1450/3348, Loss: 0.1762
2025-10-10 07:42:46,310 [INFO] Época 8/30, Batch 1500/3348, Loss: 0.1933
2025-10-10 07:42:46,585 [INFO] Época 8/30, Batch 1550/3348, Loss: 0.1166
2025-10-10 07:42:46,853 [INFO] Época 8/30, Batch 1600/3348, Loss: 0.1353
2025-10-10 07:42:47,118 [INFO] Época 8/30, Batch 1650/3348, Loss: 0.1602
2025-10-10 07:42:47,383 [INFO] Época 8/30, Batch 1700/3348, Loss: 0.1697
2025-10-10 07:42:47,649 [INFO] Época 8/30, Batch 1750/3348, Loss: 0.1266
2025-10-10 07:42:47,914 [INFO] Época 8/30, Batch 1800/3348, Loss: 0.1060
2025-10-10 07:42:48,179 [INFO] Época 8/30, Batch 1850/3348, Loss: 0.1372
2025-10-10 07:42:48,442 [INFO] Época 8/30, Batch 1900/3348, Loss: 0.0925
2025-10-10 07:42:48,707 [INFO] Época 8/30, Batch 1950/3348, Loss: 0.0971
2025-10-10 07:42:48,972 [INFO] Época 8/30, Batch 2000/3348, Loss: 0.1688
2025-10-10 07:42:49,234 [INFO] Época 8/30, Batch 2050/3348, Loss: 0.0998
2025-10-10 07:42:49,499 [INFO] Época 8/30, Batch 2100/3348, Loss: 0.0889
2025-10-10 07:42:49,762 [INFO] Época 8/30, Batch 2150/3348, Loss: 0.2033
2025-10-10 07:42:50,025 [INFO] Época 8/30, Batch 2200/3348, Loss: 0.1201
2025-10-10 07:42:50,289 [INFO] Época 8/30, Batch 2250/3348, Loss: 0.0952
2025-10-10 07:42:50,553 [INFO] Época 8/30, Batch 2300/3348, Loss: 0.1469
2025-10-10 07:42:50,818 [INFO] Época 8/30, Batch 2350/3348, Loss: 0.1201
2025-10-10 07:42:51,081 [INFO] Época 8/30, Batch 2400/3348, Loss: 0.1155
2025-10-10 07:42:51,346 [INFO] Época 8/30, Batch 2450/3348, Loss: 0.1031
2025-10-10 07:42:51,613 [INFO] Época 8/30, Batch 2500/3348, Loss: 0.0806
2025-10-10 07:42:51,878 [INFO] Época 8/30, Batch 2550/3348, Loss: 0.1029
2025-10-10 07:42:52,144 [INFO] Época 8/30, Batch 2600/3348, Loss: 0.0829
2025-10-10 07:42:52,408 [INFO] Época 8/30, Batch 2650/3348, Loss: 0.1176
2025-10-10 07:42:52,672 [INFO] Época 8/30, Batch 2700/3348, Loss: 0.1220
2025-10-10 07:42:52,937 [INFO] Época 8/30, Batch 2750/3348, Loss: 0.1747
2025-10-10 07:42:53,202 [INFO] Época 8/30, Batch 2800/3348, Loss: 0.1204
2025-10-10 07:42:53,468 [INFO] Época 8/30, Batch 2850/3348, Loss: 0.1193
2025-10-10 07:42:53,733 [INFO] Época 8/30, Batch 2900/3348, Loss: 0.1371
2025-10-10 07:42:53,998 [INFO] Época 8/30, Batch 2950/3348, Loss: 0.0406
2025-10-10 07:42:54,262 [INFO] Época 8/30, Batch 3000/3348, Loss: 0.1257
2025-10-10 07:42:54,525 [INFO] Época 8/30, Batch 3050/3348, Loss: 0.1111
2025-10-10 07:42:54,792 [INFO] Época 8/30, Batch 3100/3348, Loss: 0.1848
2025-10-10 07:42:55,057 [INFO] Época 8/30, Batch 3150/3348, Loss: 0.1072
2025-10-10 07:42:55,320 [INFO] Época 8/30, Batch 3200/3348, Loss: 0.0935
2025-10-10 07:42:55,584 [INFO] Época 8/30, Batch 3250/3348, Loss: 0.1205
2025-10-10 07:42:55,849 [INFO] Época 8/30, Batch 3300/3348, Loss: 0.1387
2025-10-10 07:42:57,768 [INFO] [8/30] Train Loss: 0.1295 | Val Loss: 0.2692 | Tempo: 19.74s
2025-10-10 07:42:58,370 [INFO] Época 9/30, Batch 50/3348, Loss: 0.1283
2025-10-10 07:42:58,650 [INFO] Época 9/30, Batch 100/3348, Loss: 0.1294
2025-10-10 07:42:58,917 [INFO] Época 9/30, Batch 150/3348, Loss: 0.0845
2025-10-10 07:42:59,181 [INFO] Época 9/30, Batch 200/3348, Loss: 0.0821
2025-10-10 07:42:59,447 [INFO] Época 9/30, Batch 250/3348, Loss: 0.1142
2025-10-10 07:42:59,710 [INFO] Época 9/30, Batch 300/3348, Loss: 0.1287
2025-10-10 07:42:59,980 [INFO] Época 9/30, Batch 350/3348, Loss: 0.1147
2025-10-10 07:43:00,258 [INFO] Época 9/30, Batch 400/3348, Loss: 0.1054
2025-10-10 07:43:00,533 [INFO] Época 9/30, Batch 450/3348, Loss: 0.1148
2025-10-10 07:43:00,810 [INFO] Época 9/30, Batch 500/3348, Loss: 0.1604
2025-10-10 07:43:01,086 [INFO] Época 9/30, Batch 550/3348, Loss: 0.1699
2025-10-10 07:43:01,359 [INFO] Época 9/30, Batch 600/3348, Loss: 0.0770
2025-10-10 07:43:01,631 [INFO] Época 9/30, Batch 650/3348, Loss: 0.1061
2025-10-10 07:43:01,893 [INFO] Época 9/30, Batch 700/3348, Loss: 0.1147
2025-10-10 07:43:02,157 [INFO] Época 9/30, Batch 750/3348, Loss: 0.1090
2025-10-10 07:43:02,420 [INFO] Época 9/30, Batch 800/3348, Loss: 0.0766
2025-10-10 07:43:02,686 [INFO] Época 9/30, Batch 850/3348, Loss: 0.0598
2025-10-10 07:43:02,946 [INFO] Época 9/30, Batch 900/3348, Loss: 0.0809
2025-10-10 07:43:03,207 [INFO] Época 9/30, Batch 950/3348, Loss: 0.0819
2025-10-10 07:43:03,468 [INFO] Época 9/30, Batch 1000/3348, Loss: 0.1849
2025-10-10 07:43:03,730 [INFO] Época 9/30, Batch 1050/3348, Loss: 0.1170
2025-10-10 07:43:03,992 [INFO] Época 9/30, Batch 1100/3348, Loss: 0.1481
2025-10-10 07:43:04,256 [INFO] Época 9/30, Batch 1150/3348, Loss: 0.1527
2025-10-10 07:43:04,519 [INFO] Época 9/30, Batch 1200/3348, Loss: 0.1060
2025-10-10 07:43:04,786 [INFO] Época 9/30, Batch 1250/3348, Loss: 0.1637
2025-10-10 07:43:05,049 [INFO] Época 9/30, Batch 1300/3348, Loss: 0.1287
2025-10-10 07:43:05,315 [INFO] Época 9/30, Batch 1350/3348, Loss: 0.1020
2025-10-10 07:43:05,578 [INFO] Época 9/30, Batch 1400/3348, Loss: 0.1687
2025-10-10 07:43:05,841 [INFO] Época 9/30, Batch 1450/3348, Loss: 0.0840
2025-10-10 07:43:06,105 [INFO] Época 9/30, Batch 1500/3348, Loss: 0.1307
2025-10-10 07:43:06,368 [INFO] Época 9/30, Batch 1550/3348, Loss: 0.0803
2025-10-10 07:43:06,634 [INFO] Época 9/30, Batch 1600/3348, Loss: 0.1975
2025-10-10 07:43:06,905 [INFO] Época 9/30, Batch 1650/3348, Loss: 0.1152
2025-10-10 07:43:07,176 [INFO] Época 9/30, Batch 1700/3348, Loss: 0.1907
2025-10-10 07:43:07,448 [INFO] Época 9/30, Batch 1750/3348, Loss: 0.1477
2025-10-10 07:43:07,721 [INFO] Época 9/30, Batch 1800/3348, Loss: 0.0900
2025-10-10 07:43:07,995 [INFO] Época 9/30, Batch 1850/3348, Loss: 0.1492
2025-10-10 07:43:08,271 [INFO] Época 9/30, Batch 1900/3348, Loss: 0.1322
2025-10-10 07:43:08,543 [INFO] Época 9/30, Batch 1950/3348, Loss: 0.1704
2025-10-10 07:43:08,813 [INFO] Época 9/30, Batch 2000/3348, Loss: 0.0879
2025-10-10 07:43:09,084 [INFO] Época 9/30, Batch 2050/3348, Loss: 0.1752
2025-10-10 07:43:09,356 [INFO] Época 9/30, Batch 2100/3348, Loss: 0.1344
2025-10-10 07:43:09,625 [INFO] Época 9/30, Batch 2150/3348, Loss: 0.1021
2025-10-10 07:43:09,894 [INFO] Época 9/30, Batch 2200/3348, Loss: 0.0637
2025-10-10 07:43:10,161 [INFO] Época 9/30, Batch 2250/3348, Loss: 0.0745
2025-10-10 07:43:10,426 [INFO] Época 9/30, Batch 2300/3348, Loss: 0.1119
2025-10-10 07:43:10,690 [INFO] Época 9/30, Batch 2350/3348, Loss: 0.1854
2025-10-10 07:43:10,957 [INFO] Época 9/30, Batch 2400/3348, Loss: 0.1611
2025-10-10 07:43:11,219 [INFO] Época 9/30, Batch 2450/3348, Loss: 0.0835
2025-10-10 07:43:11,482 [INFO] Época 9/30, Batch 2500/3348, Loss: 0.0826
2025-10-10 07:43:11,744 [INFO] Época 9/30, Batch 2550/3348, Loss: 0.2566
2025-10-10 07:43:12,008 [INFO] Época 9/30, Batch 2600/3348, Loss: 0.1192
2025-10-10 07:43:12,274 [INFO] Época 9/30, Batch 2650/3348, Loss: 0.1488
2025-10-10 07:43:12,539 [INFO] Época 9/30, Batch 2700/3348, Loss: 0.1249
2025-10-10 07:43:12,806 [INFO] Época 9/30, Batch 2750/3348, Loss: 0.0930
2025-10-10 07:43:13,072 [INFO] Época 9/30, Batch 2800/3348, Loss: 0.1092
2025-10-10 07:43:13,346 [INFO] Época 9/30, Batch 2850/3348, Loss: 0.1668
2025-10-10 07:43:13,609 [INFO] Época 9/30, Batch 2900/3348, Loss: 0.1291
2025-10-10 07:43:13,872 [INFO] Época 9/30, Batch 2950/3348, Loss: 0.1376
2025-10-10 07:43:14,136 [INFO] Época 9/30, Batch 3000/3348, Loss: 0.1095
2025-10-10 07:43:14,399 [INFO] Época 9/30, Batch 3050/3348, Loss: 0.0912
2025-10-10 07:43:14,662 [INFO] Época 9/30, Batch 3100/3348, Loss: 0.0797
2025-10-10 07:43:14,927 [INFO] Época 9/30, Batch 3150/3348, Loss: 0.1289
2025-10-10 07:43:15,191 [INFO] Época 9/30, Batch 3200/3348, Loss: 0.1527
2025-10-10 07:43:15,457 [INFO] Época 9/30, Batch 3250/3348, Loss: 0.2099
2025-10-10 07:43:15,721 [INFO] Época 9/30, Batch 3300/3348, Loss: 0.1221
2025-10-10 07:43:17,625 [INFO] [9/30] Train Loss: 0.1253 | Val Loss: 0.2577 | Tempo: 19.86s
2025-10-10 07:43:18,211 [INFO] Época 10/30, Batch 50/3348, Loss: 0.0953
2025-10-10 07:43:18,491 [INFO] Época 10/30, Batch 100/3348, Loss: 0.0923
2025-10-10 07:43:18,760 [INFO] Época 10/30, Batch 150/3348, Loss: 0.1211
2025-10-10 07:43:19,027 [INFO] Época 10/30, Batch 200/3348, Loss: 0.1664
2025-10-10 07:43:19,293 [INFO] Época 10/30, Batch 250/3348, Loss: 0.2001
2025-10-10 07:43:19,559 [INFO] Época 10/30, Batch 300/3348, Loss: 0.1056
2025-10-10 07:43:19,825 [INFO] Época 10/30, Batch 350/3348, Loss: 0.1546
2025-10-10 07:43:20,092 [INFO] Época 10/30, Batch 400/3348, Loss: 0.1780
2025-10-10 07:43:20,356 [INFO] Época 10/30, Batch 450/3348, Loss: 0.0980
2025-10-10 07:43:20,620 [INFO] Época 10/30, Batch 500/3348, Loss: 0.1165
2025-10-10 07:43:20,884 [INFO] Época 10/30, Batch 550/3348, Loss: 0.1428
2025-10-10 07:43:21,152 [INFO] Época 10/30, Batch 600/3348, Loss: 0.0605
2025-10-10 07:43:21,416 [INFO] Época 10/30, Batch 650/3348, Loss: 0.1539
2025-10-10 07:43:21,675 [INFO] Época 10/30, Batch 700/3348, Loss: 0.1195
2025-10-10 07:43:21,935 [INFO] Época 10/30, Batch 750/3348, Loss: 0.1729
2025-10-10 07:43:22,192 [INFO] Época 10/30, Batch 800/3348, Loss: 0.1666
2025-10-10 07:43:22,451 [INFO] Época 10/30, Batch 850/3348, Loss: 0.1275
2025-10-10 07:43:22,721 [INFO] Época 10/30, Batch 900/3348, Loss: 0.2030
2025-10-10 07:43:22,991 [INFO] Época 10/30, Batch 950/3348, Loss: 0.1262
2025-10-10 07:43:23,261 [INFO] Época 10/30, Batch 1000/3348, Loss: 0.1363
2025-10-10 07:43:23,542 [INFO] Época 10/30, Batch 1050/3348, Loss: 0.1234
2025-10-10 07:43:23,801 [INFO] Época 10/30, Batch 1100/3348, Loss: 0.0566
2025-10-10 07:43:24,063 [INFO] Época 10/30, Batch 1150/3348, Loss: 0.1367
2025-10-10 07:43:24,323 [INFO] Época 10/30, Batch 1200/3348, Loss: 0.1433
2025-10-10 07:43:24,583 [INFO] Época 10/30, Batch 1250/3348, Loss: 0.1171
2025-10-10 07:43:24,847 [INFO] Época 10/30, Batch 1300/3348, Loss: 0.0965
2025-10-10 07:43:25,111 [INFO] Época 10/30, Batch 1350/3348, Loss: 0.1625
2025-10-10 07:43:25,377 [INFO] Época 10/30, Batch 1400/3348, Loss: 0.1566
2025-10-10 07:43:25,641 [INFO] Época 10/30, Batch 1450/3348, Loss: 0.1470
2025-10-10 07:43:25,907 [INFO] Época 10/30, Batch 1500/3348, Loss: 0.1440
2025-10-10 07:43:26,171 [INFO] Época 10/30, Batch 1550/3348, Loss: 0.1144
2025-10-10 07:43:26,434 [INFO] Época 10/30, Batch 1600/3348, Loss: 0.1157
2025-10-10 07:43:26,699 [INFO] Época 10/30, Batch 1650/3348, Loss: 0.2113
2025-10-10 07:43:26,963 [INFO] Época 10/30, Batch 1700/3348, Loss: 0.1418
2025-10-10 07:43:27,228 [INFO] Época 10/30, Batch 1750/3348, Loss: 0.1125
2025-10-10 07:43:27,491 [INFO] Época 10/30, Batch 1800/3348, Loss: 0.1257
2025-10-10 07:43:27,755 [INFO] Época 10/30, Batch 1850/3348, Loss: 0.1404
2025-10-10 07:43:28,021 [INFO] Época 10/30, Batch 1900/3348, Loss: 0.0987
2025-10-10 07:43:28,283 [INFO] Época 10/30, Batch 1950/3348, Loss: 0.1159
2025-10-10 07:43:28,559 [INFO] Época 10/30, Batch 2000/3348, Loss: 0.2341
2025-10-10 07:43:28,822 [INFO] Época 10/30, Batch 2050/3348, Loss: 0.1059
2025-10-10 07:43:29,086 [INFO] Época 10/30, Batch 2100/3348, Loss: 0.1297
2025-10-10 07:43:29,354 [INFO] Época 10/30, Batch 2150/3348, Loss: 0.1716
2025-10-10 07:43:29,619 [INFO] Época 10/30, Batch 2200/3348, Loss: 0.0977
2025-10-10 07:43:29,885 [INFO] Época 10/30, Batch 2250/3348, Loss: 0.1444
2025-10-10 07:43:30,150 [INFO] Época 10/30, Batch 2300/3348, Loss: 0.0512
2025-10-10 07:43:30,416 [INFO] Época 10/30, Batch 2350/3348, Loss: 0.1263
2025-10-10 07:43:30,682 [INFO] Época 10/30, Batch 2400/3348, Loss: 0.0987
2025-10-10 07:43:30,945 [INFO] Época 10/30, Batch 2450/3348, Loss: 0.1607
2025-10-10 07:43:31,208 [INFO] Época 10/30, Batch 2500/3348, Loss: 0.1241
2025-10-10 07:43:31,473 [INFO] Época 10/30, Batch 2550/3348, Loss: 0.0942
2025-10-10 07:43:31,736 [INFO] Época 10/30, Batch 2600/3348, Loss: 0.1094
2025-10-10 07:43:32,002 [INFO] Época 10/30, Batch 2650/3348, Loss: 0.1188
2025-10-10 07:43:32,267 [INFO] Época 10/30, Batch 2700/3348, Loss: 0.2018
2025-10-10 07:43:32,530 [INFO] Época 10/30, Batch 2750/3348, Loss: 0.1201
2025-10-10 07:43:32,793 [INFO] Época 10/30, Batch 2800/3348, Loss: 0.2159
2025-10-10 07:43:33,056 [INFO] Época 10/30, Batch 2850/3348, Loss: 0.0429
2025-10-10 07:43:33,319 [INFO] Época 10/30, Batch 2900/3348, Loss: 0.1429
2025-10-10 07:43:33,582 [INFO] Época 10/30, Batch 2950/3348, Loss: 0.1566
2025-10-10 07:43:33,845 [INFO] Época 10/30, Batch 3000/3348, Loss: 0.1267
2025-10-10 07:43:34,107 [INFO] Época 10/30, Batch 3050/3348, Loss: 0.1369
2025-10-10 07:43:34,372 [INFO] Época 10/30, Batch 3100/3348, Loss: 0.0702
2025-10-10 07:43:34,634 [INFO] Época 10/30, Batch 3150/3348, Loss: 0.0483
2025-10-10 07:43:34,895 [INFO] Época 10/30, Batch 3200/3348, Loss: 0.0866
2025-10-10 07:43:35,154 [INFO] Época 10/30, Batch 3250/3348, Loss: 0.1127
2025-10-10 07:43:35,419 [INFO] Época 10/30, Batch 3300/3348, Loss: 0.0661
2025-10-10 07:43:37,248 [INFO] [10/30] Train Loss: 0.1217 | Val Loss: 0.2627 | Tempo: 19.62s
2025-10-10 07:43:37,823 [INFO] Época 11/30, Batch 50/3348, Loss: 0.1256
2025-10-10 07:43:38,093 [INFO] Época 11/30, Batch 100/3348, Loss: 0.0764
2025-10-10 07:43:38,362 [INFO] Época 11/30, Batch 150/3348, Loss: 0.0593
2025-10-10 07:43:38,629 [INFO] Época 11/30, Batch 200/3348, Loss: 0.1001
2025-10-10 07:43:38,894 [INFO] Época 11/30, Batch 250/3348, Loss: 0.1268
2025-10-10 07:43:39,160 [INFO] Época 11/30, Batch 300/3348, Loss: 0.0853
2025-10-10 07:43:39,426 [INFO] Época 11/30, Batch 350/3348, Loss: 0.0734
2025-10-10 07:43:39,693 [INFO] Época 11/30, Batch 400/3348, Loss: 0.0663
2025-10-10 07:43:39,957 [INFO] Época 11/30, Batch 450/3348, Loss: 0.0570
2025-10-10 07:43:40,221 [INFO] Época 11/30, Batch 500/3348, Loss: 0.2039
2025-10-10 07:43:40,486 [INFO] Época 11/30, Batch 550/3348, Loss: 0.1146
2025-10-10 07:43:40,750 [INFO] Época 11/30, Batch 600/3348, Loss: 0.1075
2025-10-10 07:43:41,016 [INFO] Época 11/30, Batch 650/3348, Loss: 0.1108
2025-10-10 07:43:41,279 [INFO] Época 11/30, Batch 700/3348, Loss: 0.1076
2025-10-10 07:43:41,544 [INFO] Época 11/30, Batch 750/3348, Loss: 0.1502
2025-10-10 07:43:41,807 [INFO] Época 11/30, Batch 800/3348, Loss: 0.1204
2025-10-10 07:43:42,069 [INFO] Época 11/30, Batch 850/3348, Loss: 0.1162
2025-10-10 07:43:42,332 [INFO] Época 11/30, Batch 900/3348, Loss: 0.0406
2025-10-10 07:43:42,598 [INFO] Época 11/30, Batch 950/3348, Loss: 0.1092
2025-10-10 07:43:42,862 [INFO] Época 11/30, Batch 1000/3348, Loss: 0.1296
2025-10-10 07:43:43,125 [INFO] Época 11/30, Batch 1050/3348, Loss: 0.1169
2025-10-10 07:43:43,388 [INFO] Época 11/30, Batch 1100/3348, Loss: 0.1282
2025-10-10 07:43:43,665 [INFO] Época 11/30, Batch 1150/3348, Loss: 0.0812
2025-10-10 07:43:43,929 [INFO] Época 11/30, Batch 1200/3348, Loss: 0.1798
2025-10-10 07:43:44,194 [INFO] Época 11/30, Batch 1250/3348, Loss: 0.0973
2025-10-10 07:43:44,457 [INFO] Época 11/30, Batch 1300/3348, Loss: 0.1847
2025-10-10 07:43:44,724 [INFO] Época 11/30, Batch 1350/3348, Loss: 0.0505
2025-10-10 07:43:44,988 [INFO] Época 11/30, Batch 1400/3348, Loss: 0.0429
2025-10-10 07:43:45,253 [INFO] Época 11/30, Batch 1450/3348, Loss: 0.1147
2025-10-10 07:43:45,516 [INFO] Época 11/30, Batch 1500/3348, Loss: 0.1358
2025-10-10 07:43:45,779 [INFO] Época 11/30, Batch 1550/3348, Loss: 0.1398
2025-10-10 07:43:46,045 [INFO] Época 11/30, Batch 1600/3348, Loss: 0.0864
2025-10-10 07:43:46,310 [INFO] Época 11/30, Batch 1650/3348, Loss: 0.0736
2025-10-10 07:43:46,574 [INFO] Época 11/30, Batch 1700/3348, Loss: 0.1015
2025-10-10 07:43:46,838 [INFO] Época 11/30, Batch 1750/3348, Loss: 0.0881
2025-10-10 07:43:47,101 [INFO] Época 11/30, Batch 1800/3348, Loss: 0.0615
2025-10-10 07:43:47,365 [INFO] Época 11/30, Batch 1850/3348, Loss: 0.0499
2025-10-10 07:43:47,629 [INFO] Época 11/30, Batch 1900/3348, Loss: 0.0845
2025-10-10 07:43:47,894 [INFO] Época 11/30, Batch 1950/3348, Loss: 0.1451
2025-10-10 07:43:48,156 [INFO] Época 11/30, Batch 2000/3348, Loss: 0.1451
2025-10-10 07:43:48,421 [INFO] Época 11/30, Batch 2050/3348, Loss: 0.1479
2025-10-10 07:43:48,697 [INFO] Época 11/30, Batch 2100/3348, Loss: 0.0644
2025-10-10 07:43:48,961 [INFO] Época 11/30, Batch 2150/3348, Loss: 0.0378
2025-10-10 07:43:49,226 [INFO] Época 11/30, Batch 2200/3348, Loss: 0.2029
2025-10-10 07:43:49,490 [INFO] Época 11/30, Batch 2250/3348, Loss: 0.0924
2025-10-10 07:43:49,753 [INFO] Época 11/30, Batch 2300/3348, Loss: 0.1086
2025-10-10 07:43:50,016 [INFO] Época 11/30, Batch 2350/3348, Loss: 0.1880
2025-10-10 07:43:50,278 [INFO] Época 11/30, Batch 2400/3348, Loss: 0.1422
2025-10-10 07:43:50,546 [INFO] Época 11/30, Batch 2450/3348, Loss: 0.1400
2025-10-10 07:43:50,818 [INFO] Época 11/30, Batch 2500/3348, Loss: 0.1008
2025-10-10 07:43:51,084 [INFO] Época 11/30, Batch 2550/3348, Loss: 0.0949
2025-10-10 07:43:51,346 [INFO] Época 11/30, Batch 2600/3348, Loss: 0.1395
2025-10-10 07:43:51,609 [INFO] Época 11/30, Batch 2650/3348, Loss: 0.1852
2025-10-10 07:43:51,871 [INFO] Época 11/30, Batch 2700/3348, Loss: 0.0987
2025-10-10 07:43:52,133 [INFO] Época 11/30, Batch 2750/3348, Loss: 0.2077
2025-10-10 07:43:52,394 [INFO] Época 11/30, Batch 2800/3348, Loss: 0.1361
2025-10-10 07:43:52,657 [INFO] Época 11/30, Batch 2850/3348, Loss: 0.0866
2025-10-10 07:43:52,918 [INFO] Época 11/30, Batch 2900/3348, Loss: 0.1470
2025-10-10 07:43:53,181 [INFO] Época 11/30, Batch 2950/3348, Loss: 0.1614
2025-10-10 07:43:53,453 [INFO] Época 11/30, Batch 3000/3348, Loss: 0.1095
2025-10-10 07:43:53,734 [INFO] Época 11/30, Batch 3050/3348, Loss: 0.1414
2025-10-10 07:43:54,004 [INFO] Época 11/30, Batch 3100/3348, Loss: 0.0798
2025-10-10 07:43:54,277 [INFO] Época 11/30, Batch 3150/3348, Loss: 0.1570
2025-10-10 07:43:54,548 [INFO] Época 11/30, Batch 3200/3348, Loss: 0.1389
2025-10-10 07:43:54,818 [INFO] Época 11/30, Batch 3250/3348, Loss: 0.0963
2025-10-10 07:43:55,089 [INFO] Época 11/30, Batch 3300/3348, Loss: 0.1055
2025-10-10 07:43:57,010 [INFO] [11/30] Train Loss: 0.1199 | Val Loss: 0.2660 | Tempo: 19.76s
2025-10-10 07:43:57,598 [INFO] Época 12/30, Batch 50/3348, Loss: 0.0767
2025-10-10 07:43:57,868 [INFO] Época 12/30, Batch 100/3348, Loss: 0.1178
2025-10-10 07:43:58,134 [INFO] Época 12/30, Batch 150/3348, Loss: 0.0879
2025-10-10 07:43:58,400 [INFO] Época 12/30, Batch 200/3348, Loss: 0.0736
2025-10-10 07:43:58,665 [INFO] Época 12/30, Batch 250/3348, Loss: 0.1181
2025-10-10 07:43:58,930 [INFO] Época 12/30, Batch 300/3348, Loss: 0.1140
2025-10-10 07:43:59,193 [INFO] Época 12/30, Batch 350/3348, Loss: 0.1799
2025-10-10 07:43:59,456 [INFO] Época 12/30, Batch 400/3348, Loss: 0.1666
2025-10-10 07:43:59,721 [INFO] Época 12/30, Batch 450/3348, Loss: 0.1492
2025-10-10 07:43:59,984 [INFO] Época 12/30, Batch 500/3348, Loss: 0.1490
2025-10-10 07:44:00,249 [INFO] Época 12/30, Batch 550/3348, Loss: 0.0837
2025-10-10 07:44:00,510 [INFO] Época 12/30, Batch 600/3348, Loss: 0.1526
2025-10-10 07:44:00,774 [INFO] Época 12/30, Batch 650/3348, Loss: 0.0567
2025-10-10 07:44:01,038 [INFO] Época 12/30, Batch 700/3348, Loss: 0.1103
2025-10-10 07:44:01,300 [INFO] Época 12/30, Batch 750/3348, Loss: 0.1657
2025-10-10 07:44:01,561 [INFO] Época 12/30, Batch 800/3348, Loss: 0.1070
2025-10-10 07:44:01,823 [INFO] Época 12/30, Batch 850/3348, Loss: 0.1557
2025-10-10 07:44:02,085 [INFO] Época 12/30, Batch 900/3348, Loss: 0.1299
2025-10-10 07:44:02,347 [INFO] Época 12/30, Batch 950/3348, Loss: 0.0702
2025-10-10 07:44:02,609 [INFO] Época 12/30, Batch 1000/3348, Loss: 0.0498
2025-10-10 07:44:02,872 [INFO] Época 12/30, Batch 1050/3348, Loss: 0.0922
2025-10-10 07:44:03,132 [INFO] Época 12/30, Batch 1100/3348, Loss: 0.1402
2025-10-10 07:44:03,394 [INFO] Época 12/30, Batch 1150/3348, Loss: 0.1147
2025-10-10 07:44:03,656 [INFO] Época 12/30, Batch 1200/3348, Loss: 0.1462
2025-10-10 07:44:03,921 [INFO] Época 12/30, Batch 1250/3348, Loss: 0.1484
2025-10-10 07:44:04,196 [INFO] Época 12/30, Batch 1300/3348, Loss: 0.1197
2025-10-10 07:44:04,460 [INFO] Época 12/30, Batch 1350/3348, Loss: 0.1479
2025-10-10 07:44:04,724 [INFO] Época 12/30, Batch 1400/3348, Loss: 0.1626
2025-10-10 07:44:04,988 [INFO] Época 12/30, Batch 1450/3348, Loss: 0.1388
2025-10-10 07:44:05,250 [INFO] Época 12/30, Batch 1500/3348, Loss: 0.1513
2025-10-10 07:44:05,513 [INFO] Época 12/30, Batch 1550/3348, Loss: 0.1615
2025-10-10 07:44:05,776 [INFO] Época 12/30, Batch 1600/3348, Loss: 0.1887
2025-10-10 07:44:06,038 [INFO] Época 12/30, Batch 1650/3348, Loss: 0.1227
2025-10-10 07:44:06,304 [INFO] Época 12/30, Batch 1700/3348, Loss: 0.1391
2025-10-10 07:44:06,568 [INFO] Época 12/30, Batch 1750/3348, Loss: 0.1631
2025-10-10 07:44:06,831 [INFO] Época 12/30, Batch 1800/3348, Loss: 0.1583
2025-10-10 07:44:07,094 [INFO] Época 12/30, Batch 1850/3348, Loss: 0.1643
2025-10-10 07:44:07,355 [INFO] Época 12/30, Batch 1900/3348, Loss: 0.1564
2025-10-10 07:44:07,617 [INFO] Época 12/30, Batch 1950/3348, Loss: 0.1347
2025-10-10 07:44:07,881 [INFO] Época 12/30, Batch 2000/3348, Loss: 0.1073
2025-10-10 07:44:08,144 [INFO] Época 12/30, Batch 2050/3348, Loss: 0.0907
2025-10-10 07:44:08,408 [INFO] Época 12/30, Batch 2100/3348, Loss: 0.0250
2025-10-10 07:44:08,672 [INFO] Época 12/30, Batch 2150/3348, Loss: 0.1377
2025-10-10 07:44:08,935 [INFO] Época 12/30, Batch 2200/3348, Loss: 0.2034
2025-10-10 07:44:09,211 [INFO] Época 12/30, Batch 2250/3348, Loss: 0.2325
2025-10-10 07:44:09,475 [INFO] Época 12/30, Batch 2300/3348, Loss: 0.0756
2025-10-10 07:44:09,740 [INFO] Época 12/30, Batch 2350/3348, Loss: 0.1863
2025-10-10 07:44:10,006 [INFO] Época 12/30, Batch 2400/3348, Loss: 0.1237
2025-10-10 07:44:10,271 [INFO] Época 12/30, Batch 2450/3348, Loss: 0.1677
2025-10-10 07:44:10,534 [INFO] Época 12/30, Batch 2500/3348, Loss: 0.1872
2025-10-10 07:44:10,800 [INFO] Época 12/30, Batch 2550/3348, Loss: 0.1441
2025-10-10 07:44:11,068 [INFO] Época 12/30, Batch 2600/3348, Loss: 0.1310
2025-10-10 07:44:11,331 [INFO] Época 12/30, Batch 2650/3348, Loss: 0.0662
2025-10-10 07:44:11,597 [INFO] Época 12/30, Batch 2700/3348, Loss: 0.0917
2025-10-10 07:44:11,862 [INFO] Época 12/30, Batch 2750/3348, Loss: 0.0764
2025-10-10 07:44:12,127 [INFO] Época 12/30, Batch 2800/3348, Loss: 0.1062
2025-10-10 07:44:12,392 [INFO] Época 12/30, Batch 2850/3348, Loss: 0.0973
2025-10-10 07:44:12,655 [INFO] Época 12/30, Batch 2900/3348, Loss: 0.1858
2025-10-10 07:44:12,921 [INFO] Época 12/30, Batch 2950/3348, Loss: 0.0490
2025-10-10 07:44:13,188 [INFO] Época 12/30, Batch 3000/3348, Loss: 0.2317
2025-10-10 07:44:13,454 [INFO] Época 12/30, Batch 3050/3348, Loss: 0.1316
2025-10-10 07:44:13,719 [INFO] Época 12/30, Batch 3100/3348, Loss: 0.1415
2025-10-10 07:44:13,985 [INFO] Época 12/30, Batch 3150/3348, Loss: 0.1060
2025-10-10 07:44:14,262 [INFO] Época 12/30, Batch 3200/3348, Loss: 0.2469
2025-10-10 07:44:14,529 [INFO] Época 12/30, Batch 3250/3348, Loss: 0.1415
2025-10-10 07:44:14,796 [INFO] Época 12/30, Batch 3300/3348, Loss: 0.1227
2025-10-10 07:44:16,570 [INFO] [12/30] Train Loss: 0.1175 | Val Loss: 0.2585 | Tempo: 19.56s
2025-10-10 07:44:17,156 [INFO] Época 13/30, Batch 50/3348, Loss: 0.1276
2025-10-10 07:44:17,432 [INFO] Época 13/30, Batch 100/3348, Loss: 0.1056
2025-10-10 07:44:17,709 [INFO] Época 13/30, Batch 150/3348, Loss: 0.0471
2025-10-10 07:44:17,984 [INFO] Época 13/30, Batch 200/3348, Loss: 0.1019
2025-10-10 07:44:18,257 [INFO] Época 13/30, Batch 250/3348, Loss: 0.1201
2025-10-10 07:44:18,530 [INFO] Época 13/30, Batch 300/3348, Loss: 0.0954
2025-10-10 07:44:18,804 [INFO] Época 13/30, Batch 350/3348, Loss: 0.1668
2025-10-10 07:44:19,076 [INFO] Época 13/30, Batch 400/3348, Loss: 0.1452
2025-10-10 07:44:19,361 [INFO] Época 13/30, Batch 450/3348, Loss: 0.1095
2025-10-10 07:44:19,633 [INFO] Época 13/30, Batch 500/3348, Loss: 0.0987
2025-10-10 07:44:19,906 [INFO] Época 13/30, Batch 550/3348, Loss: 0.1280
2025-10-10 07:44:20,176 [INFO] Época 13/30, Batch 600/3348, Loss: 0.1480
2025-10-10 07:44:20,453 [INFO] Época 13/30, Batch 650/3348, Loss: 0.1365
2025-10-10 07:44:20,721 [INFO] Época 13/30, Batch 700/3348, Loss: 0.2205
2025-10-10 07:44:20,986 [INFO] Época 13/30, Batch 750/3348, Loss: 0.1068
2025-10-10 07:44:21,251 [INFO] Época 13/30, Batch 800/3348, Loss: 0.1323
2025-10-10 07:44:21,517 [INFO] Época 13/30, Batch 850/3348, Loss: 0.1022
2025-10-10 07:44:21,788 [INFO] Época 13/30, Batch 900/3348, Loss: 0.0766
2025-10-10 07:44:22,053 [INFO] Época 13/30, Batch 950/3348, Loss: 0.1587
2025-10-10 07:44:22,320 [INFO] Época 13/30, Batch 1000/3348, Loss: 0.1233
2025-10-10 07:44:22,586 [INFO] Época 13/30, Batch 1050/3348, Loss: 0.0878
2025-10-10 07:44:22,868 [INFO] Época 13/30, Batch 1100/3348, Loss: 0.1038
2025-10-10 07:44:23,152 [INFO] Época 13/30, Batch 1150/3348, Loss: 0.0940
2025-10-10 07:44:23,435 [INFO] Época 13/30, Batch 1200/3348, Loss: 0.1245
2025-10-10 07:44:23,721 [INFO] Época 13/30, Batch 1250/3348, Loss: 0.0954
2025-10-10 07:44:24,002 [INFO] Época 13/30, Batch 1300/3348, Loss: 0.1278
2025-10-10 07:44:24,290 [INFO] Época 13/30, Batch 1350/3348, Loss: 0.0960
2025-10-10 07:44:24,571 [INFO] Época 13/30, Batch 1400/3348, Loss: 0.1630
2025-10-10 07:44:24,851 [INFO] Época 13/30, Batch 1450/3348, Loss: 0.1162
2025-10-10 07:44:25,131 [INFO] Época 13/30, Batch 1500/3348, Loss: 0.1085
2025-10-10 07:44:25,410 [INFO] Época 13/30, Batch 1550/3348, Loss: 0.0756
2025-10-10 07:44:25,689 [INFO] Época 13/30, Batch 1600/3348, Loss: 0.0888
2025-10-10 07:44:25,967 [INFO] Época 13/30, Batch 1650/3348, Loss: 0.0912
2025-10-10 07:44:26,246 [INFO] Época 13/30, Batch 1700/3348, Loss: 0.1158
2025-10-10 07:44:26,526 [INFO] Época 13/30, Batch 1750/3348, Loss: 0.0669
2025-10-10 07:44:26,805 [INFO] Época 13/30, Batch 1800/3348, Loss: 0.1569
2025-10-10 07:44:27,086 [INFO] Época 13/30, Batch 1850/3348, Loss: 0.1254
2025-10-10 07:44:27,368 [INFO] Época 13/30, Batch 1900/3348, Loss: 0.1391
2025-10-10 07:44:27,652 [INFO] Época 13/30, Batch 1950/3348, Loss: 0.1738
2025-10-10 07:44:27,925 [INFO] Época 13/30, Batch 2000/3348, Loss: 0.1548
2025-10-10 07:44:28,197 [INFO] Época 13/30, Batch 2050/3348, Loss: 0.1360
2025-10-10 07:44:28,468 [INFO] Época 13/30, Batch 2100/3348, Loss: 0.1684
2025-10-10 07:44:28,740 [INFO] Época 13/30, Batch 2150/3348, Loss: 0.1537
2025-10-10 07:44:29,008 [INFO] Época 13/30, Batch 2200/3348, Loss: 0.1507
2025-10-10 07:44:29,282 [INFO] Época 13/30, Batch 2250/3348, Loss: 0.1676
2025-10-10 07:44:29,552 [INFO] Época 13/30, Batch 2300/3348, Loss: 0.1725
2025-10-10 07:44:29,824 [INFO] Época 13/30, Batch 2350/3348, Loss: 0.1773
2025-10-10 07:44:30,098 [INFO] Época 13/30, Batch 2400/3348, Loss: 0.1178
2025-10-10 07:44:30,374 [INFO] Época 13/30, Batch 2450/3348, Loss: 0.1453
2025-10-10 07:44:30,651 [INFO] Época 13/30, Batch 2500/3348, Loss: 0.0866
2025-10-10 07:44:30,925 [INFO] Época 13/30, Batch 2550/3348, Loss: 0.1263
2025-10-10 07:44:31,200 [INFO] Época 13/30, Batch 2600/3348, Loss: 0.1084
2025-10-10 07:44:31,475 [INFO] Época 13/30, Batch 2650/3348, Loss: 0.1865
2025-10-10 07:44:31,750 [INFO] Época 13/30, Batch 2700/3348, Loss: 0.1264
2025-10-10 07:44:32,027 [INFO] Época 13/30, Batch 2750/3348, Loss: 0.0938
2025-10-10 07:44:32,304 [INFO] Época 13/30, Batch 2800/3348, Loss: 0.1441
2025-10-10 07:44:32,581 [INFO] Época 13/30, Batch 2850/3348, Loss: 0.1096
2025-10-10 07:44:32,847 [INFO] Época 13/30, Batch 2900/3348, Loss: 0.1618
2025-10-10 07:44:33,113 [INFO] Época 13/30, Batch 2950/3348, Loss: 0.1073
2025-10-10 07:44:33,377 [INFO] Época 13/30, Batch 3000/3348, Loss: 0.1474
2025-10-10 07:44:33,641 [INFO] Época 13/30, Batch 3050/3348, Loss: 0.0448
2025-10-10 07:44:33,905 [INFO] Época 13/30, Batch 3100/3348, Loss: 0.1161
2025-10-10 07:44:34,168 [INFO] Época 13/30, Batch 3150/3348, Loss: 0.1301
2025-10-10 07:44:34,430 [INFO] Época 13/30, Batch 3200/3348, Loss: 0.1140
2025-10-10 07:44:34,694 [INFO] Época 13/30, Batch 3250/3348, Loss: 0.0722
2025-10-10 07:44:34,957 [INFO] Época 13/30, Batch 3300/3348, Loss: 0.0428
2025-10-10 07:44:36,784 [INFO] [13/30] Train Loss: 0.1163 | Val Loss: 0.2617 | Tempo: 20.21s
2025-10-10 07:44:37,373 [INFO] Época 14/30, Batch 50/3348, Loss: 0.1455
2025-10-10 07:44:37,647 [INFO] Época 14/30, Batch 100/3348, Loss: 0.0624
2025-10-10 07:44:37,914 [INFO] Época 14/30, Batch 150/3348, Loss: 0.1248
2025-10-10 07:44:38,178 [INFO] Época 14/30, Batch 200/3348, Loss: 0.1769
2025-10-10 07:44:38,443 [INFO] Época 14/30, Batch 250/3348, Loss: 0.1076
2025-10-10 07:44:38,706 [INFO] Época 14/30, Batch 300/3348, Loss: 0.0564
2025-10-10 07:44:38,971 [INFO] Época 14/30, Batch 350/3348, Loss: 0.0742
2025-10-10 07:44:39,242 [INFO] Época 14/30, Batch 400/3348, Loss: 0.0796
2025-10-10 07:44:39,513 [INFO] Época 14/30, Batch 450/3348, Loss: 0.1204
2025-10-10 07:44:39,788 [INFO] Época 14/30, Batch 500/3348, Loss: 0.1452
2025-10-10 07:44:40,062 [INFO] Época 14/30, Batch 550/3348, Loss: 0.1164
2025-10-10 07:44:40,334 [INFO] Época 14/30, Batch 600/3348, Loss: 0.1050
2025-10-10 07:44:40,604 [INFO] Época 14/30, Batch 650/3348, Loss: 0.1979
2025-10-10 07:44:40,865 [INFO] Época 14/30, Batch 700/3348, Loss: 0.0676
2025-10-10 07:44:41,128 [INFO] Época 14/30, Batch 750/3348, Loss: 0.1108
2025-10-10 07:44:41,389 [INFO] Época 14/30, Batch 800/3348, Loss: 0.1587
2025-10-10 07:44:41,651 [INFO] Época 14/30, Batch 850/3348, Loss: 0.1426
2025-10-10 07:44:41,913 [INFO] Época 14/30, Batch 900/3348, Loss: 0.0685
2025-10-10 07:44:42,174 [INFO] Época 14/30, Batch 950/3348, Loss: 0.0922
2025-10-10 07:44:42,429 [INFO] Época 14/30, Batch 1000/3348, Loss: 0.0682
2025-10-10 07:44:42,685 [INFO] Época 14/30, Batch 1050/3348, Loss: 0.0489
2025-10-10 07:44:42,940 [INFO] Época 14/30, Batch 1100/3348, Loss: 0.1572
2025-10-10 07:44:43,196 [INFO] Época 14/30, Batch 1150/3348, Loss: 0.1880
2025-10-10 07:44:43,451 [INFO] Época 14/30, Batch 1200/3348, Loss: 0.1456
2025-10-10 07:44:43,714 [INFO] Época 14/30, Batch 1250/3348, Loss: 0.1698
2025-10-10 07:44:43,990 [INFO] Época 14/30, Batch 1300/3348, Loss: 0.1385
2025-10-10 07:44:44,264 [INFO] Época 14/30, Batch 1350/3348, Loss: 0.1081
2025-10-10 07:44:44,537 [INFO] Época 14/30, Batch 1400/3348, Loss: 0.1349
2025-10-10 07:44:44,807 [INFO] Época 14/30, Batch 1450/3348, Loss: 0.1181
2025-10-10 07:44:45,078 [INFO] Época 14/30, Batch 1500/3348, Loss: 0.1392
2025-10-10 07:44:45,351 [INFO] Época 14/30, Batch 1550/3348, Loss: 0.1389
2025-10-10 07:44:45,622 [INFO] Época 14/30, Batch 1600/3348, Loss: 0.0749
2025-10-10 07:44:45,893 [INFO] Época 14/30, Batch 1650/3348, Loss: 0.1044
2025-10-10 07:44:46,161 [INFO] Época 14/30, Batch 1700/3348, Loss: 0.0338
2025-10-10 07:44:46,432 [INFO] Época 14/30, Batch 1750/3348, Loss: 0.0613
2025-10-10 07:44:46,703 [INFO] Época 14/30, Batch 1800/3348, Loss: 0.0538
2025-10-10 07:44:46,977 [INFO] Época 14/30, Batch 1850/3348, Loss: 0.0538
2025-10-10 07:44:47,245 [INFO] Época 14/30, Batch 1900/3348, Loss: 0.0625
2025-10-10 07:44:47,516 [INFO] Época 14/30, Batch 1950/3348, Loss: 0.1560
2025-10-10 07:44:47,784 [INFO] Época 14/30, Batch 2000/3348, Loss: 0.1850
2025-10-10 07:44:48,048 [INFO] Época 14/30, Batch 2050/3348, Loss: 0.0844
2025-10-10 07:44:48,310 [INFO] Época 14/30, Batch 2100/3348, Loss: 0.0918
2025-10-10 07:44:48,573 [INFO] Época 14/30, Batch 2150/3348, Loss: 0.1610
2025-10-10 07:44:48,838 [INFO] Época 14/30, Batch 2200/3348, Loss: 0.0777
2025-10-10 07:44:49,101 [INFO] Época 14/30, Batch 2250/3348, Loss: 0.0979
2025-10-10 07:44:49,365 [INFO] Época 14/30, Batch 2300/3348, Loss: 0.0696
2025-10-10 07:44:49,625 [INFO] Época 14/30, Batch 2350/3348, Loss: 0.0963
2025-10-10 07:44:49,886 [INFO] Época 14/30, Batch 2400/3348, Loss: 0.1976
2025-10-10 07:44:50,158 [INFO] Época 14/30, Batch 2450/3348, Loss: 0.1221
2025-10-10 07:44:50,419 [INFO] Época 14/30, Batch 2500/3348, Loss: 0.1089
2025-10-10 07:44:50,682 [INFO] Época 14/30, Batch 2550/3348, Loss: 0.1560
2025-10-10 07:44:50,942 [INFO] Época 14/30, Batch 2600/3348, Loss: 0.1658
2025-10-10 07:44:51,203 [INFO] Época 14/30, Batch 2650/3348, Loss: 0.1668
2025-10-10 07:44:51,465 [INFO] Época 14/30, Batch 2700/3348, Loss: 0.0631
2025-10-10 07:44:51,728 [INFO] Época 14/30, Batch 2750/3348, Loss: 0.1689
2025-10-10 07:44:51,993 [INFO] Época 14/30, Batch 2800/3348, Loss: 0.1158
2025-10-10 07:44:52,255 [INFO] Época 14/30, Batch 2850/3348, Loss: 0.0875
2025-10-10 07:44:52,516 [INFO] Época 14/30, Batch 2900/3348, Loss: 0.0688
2025-10-10 07:44:52,783 [INFO] Época 14/30, Batch 2950/3348, Loss: 0.1246
2025-10-10 07:44:53,056 [INFO] Época 14/30, Batch 3000/3348, Loss: 0.0532
2025-10-10 07:44:53,328 [INFO] Época 14/30, Batch 3050/3348, Loss: 0.1202
2025-10-10 07:44:53,596 [INFO] Época 14/30, Batch 3100/3348, Loss: 0.1563
2025-10-10 07:44:53,866 [INFO] Época 14/30, Batch 3150/3348, Loss: 0.0846
2025-10-10 07:44:54,135 [INFO] Época 14/30, Batch 3200/3348, Loss: 0.1011
2025-10-10 07:44:54,404 [INFO] Época 14/30, Batch 3250/3348, Loss: 0.2207
2025-10-10 07:44:54,674 [INFO] Época 14/30, Batch 3300/3348, Loss: 0.2139
2025-10-10 07:44:56,590 [INFO] [14/30] Train Loss: 0.1136 | Val Loss: 0.2651 | Tempo: 19.81s
2025-10-10 07:44:57,177 [INFO] Época 15/30, Batch 50/3348, Loss: 0.0991
2025-10-10 07:44:57,445 [INFO] Época 15/30, Batch 100/3348, Loss: 0.0658
2025-10-10 07:44:57,709 [INFO] Época 15/30, Batch 150/3348, Loss: 0.0863
2025-10-10 07:44:57,972 [INFO] Época 15/30, Batch 200/3348, Loss: 0.1021
2025-10-10 07:44:58,233 [INFO] Época 15/30, Batch 250/3348, Loss: 0.0464
2025-10-10 07:44:58,496 [INFO] Época 15/30, Batch 300/3348, Loss: 0.1561
2025-10-10 07:44:58,758 [INFO] Época 15/30, Batch 350/3348, Loss: 0.0522
2025-10-10 07:44:59,020 [INFO] Época 15/30, Batch 400/3348, Loss: 0.1119
2025-10-10 07:44:59,282 [INFO] Época 15/30, Batch 450/3348, Loss: 0.1098
2025-10-10 07:44:59,544 [INFO] Época 15/30, Batch 500/3348, Loss: 0.0429
2025-10-10 07:44:59,807 [INFO] Época 15/30, Batch 550/3348, Loss: 0.1689
2025-10-10 07:45:00,069 [INFO] Época 15/30, Batch 600/3348, Loss: 0.1369
2025-10-10 07:45:00,329 [INFO] Época 15/30, Batch 650/3348, Loss: 0.0688
2025-10-10 07:45:00,591 [INFO] Época 15/30, Batch 700/3348, Loss: 0.1636
2025-10-10 07:45:00,847 [INFO] Época 15/30, Batch 750/3348, Loss: 0.1425
2025-10-10 07:45:01,104 [INFO] Época 15/30, Batch 800/3348, Loss: 0.0260
2025-10-10 07:45:01,359 [INFO] Época 15/30, Batch 850/3348, Loss: 0.0882
2025-10-10 07:45:01,612 [INFO] Época 15/30, Batch 900/3348, Loss: 0.1603
2025-10-10 07:45:01,864 [INFO] Época 15/30, Batch 950/3348, Loss: 0.0972
2025-10-10 07:45:02,127 [INFO] Época 15/30, Batch 1000/3348, Loss: 0.1608
2025-10-10 07:45:02,390 [INFO] Época 15/30, Batch 1050/3348, Loss: 0.1676
2025-10-10 07:45:02,654 [INFO] Época 15/30, Batch 1100/3348, Loss: 0.1109
2025-10-10 07:45:02,920 [INFO] Época 15/30, Batch 1150/3348, Loss: 0.0858
2025-10-10 07:45:03,185 [INFO] Época 15/30, Batch 1200/3348, Loss: 0.1603
2025-10-10 07:45:03,449 [INFO] Época 15/30, Batch 1250/3348, Loss: 0.0735
2025-10-10 07:45:03,714 [INFO] Época 15/30, Batch 1300/3348, Loss: 0.1931
2025-10-10 07:45:03,979 [INFO] Época 15/30, Batch 1350/3348, Loss: 0.1586
2025-10-10 07:45:04,242 [INFO] Época 15/30, Batch 1400/3348, Loss: 0.1729
2025-10-10 07:45:04,508 [INFO] Época 15/30, Batch 1450/3348, Loss: 0.0685
2025-10-10 07:45:04,770 [INFO] Época 15/30, Batch 1500/3348, Loss: 0.0844
2025-10-10 07:45:05,032 [INFO] Época 15/30, Batch 1550/3348, Loss: 0.0949
2025-10-10 07:45:05,296 [INFO] Época 15/30, Batch 1600/3348, Loss: 0.1490
2025-10-10 07:45:05,555 [INFO] Época 15/30, Batch 1650/3348, Loss: 0.1384
2025-10-10 07:45:05,817 [INFO] Época 15/30, Batch 1700/3348, Loss: 0.0949
2025-10-10 07:45:06,076 [INFO] Época 15/30, Batch 1750/3348, Loss: 0.1011
2025-10-10 07:45:06,337 [INFO] Época 15/30, Batch 1800/3348, Loss: 0.0502
2025-10-10 07:45:06,597 [INFO] Época 15/30, Batch 1850/3348, Loss: 0.1289
2025-10-10 07:45:06,858 [INFO] Época 15/30, Batch 1900/3348, Loss: 0.1291
2025-10-10 07:45:07,128 [INFO] Época 15/30, Batch 1950/3348, Loss: 0.0854
2025-10-10 07:45:07,389 [INFO] Época 15/30, Batch 2000/3348, Loss: 0.1210
2025-10-10 07:45:07,650 [INFO] Época 15/30, Batch 2050/3348, Loss: 0.0828
2025-10-10 07:45:07,910 [INFO] Época 15/30, Batch 2100/3348, Loss: 0.1310
2025-10-10 07:45:08,170 [INFO] Época 15/30, Batch 2150/3348, Loss: 0.0838
2025-10-10 07:45:08,431 [INFO] Época 15/30, Batch 2200/3348, Loss: 0.1204
2025-10-10 07:45:08,691 [INFO] Época 15/30, Batch 2250/3348, Loss: 0.1102
2025-10-10 07:45:08,952 [INFO] Época 15/30, Batch 2300/3348, Loss: 0.0748
2025-10-10 07:45:09,215 [INFO] Época 15/30, Batch 2350/3348, Loss: 0.0894
2025-10-10 07:45:09,478 [INFO] Época 15/30, Batch 2400/3348, Loss: 0.1110
2025-10-10 07:45:09,740 [INFO] Época 15/30, Batch 2450/3348, Loss: 0.1518
2025-10-10 07:45:10,000 [INFO] Época 15/30, Batch 2500/3348, Loss: 0.0820
2025-10-10 07:45:10,260 [INFO] Época 15/30, Batch 2550/3348, Loss: 0.1017
2025-10-10 07:45:10,523 [INFO] Época 15/30, Batch 2600/3348, Loss: 0.0555
2025-10-10 07:45:10,785 [INFO] Época 15/30, Batch 2650/3348, Loss: 0.0554
2025-10-10 07:45:11,047 [INFO] Época 15/30, Batch 2700/3348, Loss: 0.1362
2025-10-10 07:45:11,308 [INFO] Época 15/30, Batch 2750/3348, Loss: 0.1593
2025-10-10 07:45:11,569 [INFO] Época 15/30, Batch 2800/3348, Loss: 0.0985
2025-10-10 07:45:11,829 [INFO] Época 15/30, Batch 2850/3348, Loss: 0.0641
2025-10-10 07:45:12,090 [INFO] Época 15/30, Batch 2900/3348, Loss: 0.1058
2025-10-10 07:45:12,354 [INFO] Época 15/30, Batch 2950/3348, Loss: 0.1200
2025-10-10 07:45:12,614 [INFO] Época 15/30, Batch 3000/3348, Loss: 0.1413
2025-10-10 07:45:12,874 [INFO] Época 15/30, Batch 3050/3348, Loss: 0.0628
2025-10-10 07:45:13,136 [INFO] Época 15/30, Batch 3100/3348, Loss: 0.1560
2025-10-10 07:45:13,397 [INFO] Época 15/30, Batch 3150/3348, Loss: 0.1334
2025-10-10 07:45:13,657 [INFO] Época 15/30, Batch 3200/3348, Loss: 0.0915
2025-10-10 07:45:13,920 [INFO] Época 15/30, Batch 3250/3348, Loss: 0.1413
2025-10-10 07:45:14,185 [INFO] Época 15/30, Batch 3300/3348, Loss: 0.1098
2025-10-10 07:45:15,927 [INFO] [15/30] Train Loss: 0.1133 | Val Loss: 0.2785 | Tempo: 19.34s
2025-10-10 07:45:16,489 [INFO] Época 16/30, Batch 50/3348, Loss: 0.1489
2025-10-10 07:45:16,757 [INFO] Época 16/30, Batch 100/3348, Loss: 0.0869
2025-10-10 07:45:17,023 [INFO] Época 16/30, Batch 150/3348, Loss: 0.0571
2025-10-10 07:45:17,289 [INFO] Época 16/30, Batch 200/3348, Loss: 0.1115
2025-10-10 07:45:17,553 [INFO] Época 16/30, Batch 250/3348, Loss: 0.0689
2025-10-10 07:45:17,820 [INFO] Época 16/30, Batch 300/3348, Loss: 0.0881
2025-10-10 07:45:18,084 [INFO] Época 16/30, Batch 350/3348, Loss: 0.0767
2025-10-10 07:45:18,348 [INFO] Época 16/30, Batch 400/3348, Loss: 0.1325
2025-10-10 07:45:18,610 [INFO] Época 16/30, Batch 450/3348, Loss: 0.1565
2025-10-10 07:45:18,873 [INFO] Época 16/30, Batch 500/3348, Loss: 0.0927
2025-10-10 07:45:19,136 [INFO] Época 16/30, Batch 550/3348, Loss: 0.1173
2025-10-10 07:45:19,400 [INFO] Época 16/30, Batch 600/3348, Loss: 0.1084
2025-10-10 07:45:19,663 [INFO] Época 16/30, Batch 650/3348, Loss: 0.1856
2025-10-10 07:45:19,925 [INFO] Época 16/30, Batch 700/3348, Loss: 0.1209
2025-10-10 07:45:20,186 [INFO] Época 16/30, Batch 750/3348, Loss: 0.0940
2025-10-10 07:45:20,449 [INFO] Época 16/30, Batch 800/3348, Loss: 0.1109
2025-10-10 07:45:20,710 [INFO] Época 16/30, Batch 850/3348, Loss: 0.1227
2025-10-10 07:45:20,972 [INFO] Época 16/30, Batch 900/3348, Loss: 0.1684
2025-10-10 07:45:21,235 [INFO] Época 16/30, Batch 950/3348, Loss: 0.0667
2025-10-10 07:45:21,497 [INFO] Época 16/30, Batch 1000/3348, Loss: 0.1504
2025-10-10 07:45:21,761 [INFO] Época 16/30, Batch 1050/3348, Loss: 0.1650
2025-10-10 07:45:22,024 [INFO] Época 16/30, Batch 1100/3348, Loss: 0.1877
2025-10-10 07:45:22,286 [INFO] Época 16/30, Batch 1150/3348, Loss: 0.1995
2025-10-10 07:45:22,548 [INFO] Época 16/30, Batch 1200/3348, Loss: 0.1302
2025-10-10 07:45:22,821 [INFO] Época 16/30, Batch 1250/3348, Loss: 0.0915
2025-10-10 07:45:23,085 [INFO] Época 16/30, Batch 1300/3348, Loss: 0.1020
2025-10-10 07:45:23,348 [INFO] Época 16/30, Batch 1350/3348, Loss: 0.1585
2025-10-10 07:45:23,610 [INFO] Época 16/30, Batch 1400/3348, Loss: 0.1581
2025-10-10 07:45:23,874 [INFO] Época 16/30, Batch 1450/3348, Loss: 0.0966
2025-10-10 07:45:24,138 [INFO] Época 16/30, Batch 1500/3348, Loss: 0.0951
2025-10-10 07:45:24,401 [INFO] Época 16/30, Batch 1550/3348, Loss: 0.1942
2025-10-10 07:45:24,666 [INFO] Época 16/30, Batch 1600/3348, Loss: 0.0805
2025-10-10 07:45:24,927 [INFO] Época 16/30, Batch 1650/3348, Loss: 0.1356
2025-10-10 07:45:25,190 [INFO] Época 16/30, Batch 1700/3348, Loss: 0.0790
2025-10-10 07:45:25,453 [INFO] Época 16/30, Batch 1750/3348, Loss: 0.1788
2025-10-10 07:45:25,716 [INFO] Época 16/30, Batch 1800/3348, Loss: 0.0706
2025-10-10 07:45:25,980 [INFO] Época 16/30, Batch 1850/3348, Loss: 0.0843
2025-10-10 07:45:26,245 [INFO] Época 16/30, Batch 1900/3348, Loss: 0.1055
2025-10-10 07:45:26,504 [INFO] Época 16/30, Batch 1950/3348, Loss: 0.1625
2025-10-10 07:45:26,766 [INFO] Época 16/30, Batch 2000/3348, Loss: 0.1467
2025-10-10 07:45:27,029 [INFO] Época 16/30, Batch 2050/3348, Loss: 0.0230
2025-10-10 07:45:27,293 [INFO] Época 16/30, Batch 2100/3348, Loss: 0.1241
2025-10-10 07:45:27,556 [INFO] Época 16/30, Batch 2150/3348, Loss: 0.1007
2025-10-10 07:45:27,829 [INFO] Época 16/30, Batch 2200/3348, Loss: 0.1226
2025-10-10 07:45:28,090 [INFO] Época 16/30, Batch 2250/3348, Loss: 0.1325
2025-10-10 07:45:28,352 [INFO] Época 16/30, Batch 2300/3348, Loss: 0.1053
2025-10-10 07:45:28,614 [INFO] Época 16/30, Batch 2350/3348, Loss: 0.1068
2025-10-10 07:45:28,877 [INFO] Época 16/30, Batch 2400/3348, Loss: 0.1579
2025-10-10 07:45:29,140 [INFO] Época 16/30, Batch 2450/3348, Loss: 0.1025
2025-10-10 07:45:29,404 [INFO] Época 16/30, Batch 2500/3348, Loss: 0.1273
2025-10-10 07:45:29,667 [INFO] Época 16/30, Batch 2550/3348, Loss: 0.0720
2025-10-10 07:45:29,930 [INFO] Época 16/30, Batch 2600/3348, Loss: 0.1660
2025-10-10 07:45:30,194 [INFO] Época 16/30, Batch 2650/3348, Loss: 0.0833
2025-10-10 07:45:30,458 [INFO] Época 16/30, Batch 2700/3348, Loss: 0.1344
2025-10-10 07:45:30,721 [INFO] Época 16/30, Batch 2750/3348, Loss: 0.1214
2025-10-10 07:45:30,982 [INFO] Época 16/30, Batch 2800/3348, Loss: 0.1732
2025-10-10 07:45:31,245 [INFO] Época 16/30, Batch 2850/3348, Loss: 0.1235
2025-10-10 07:45:31,511 [INFO] Época 16/30, Batch 2900/3348, Loss: 0.1174
2025-10-10 07:45:31,774 [INFO] Época 16/30, Batch 2950/3348, Loss: 0.1920
2025-10-10 07:45:32,036 [INFO] Época 16/30, Batch 3000/3348, Loss: 0.0825
2025-10-10 07:45:32,301 [INFO] Época 16/30, Batch 3050/3348, Loss: 0.0900
2025-10-10 07:45:32,564 [INFO] Época 16/30, Batch 3100/3348, Loss: 0.0831
2025-10-10 07:45:32,830 [INFO] Época 16/30, Batch 3150/3348, Loss: 0.1035
2025-10-10 07:45:33,094 [INFO] Época 16/30, Batch 3200/3348, Loss: 0.1419
2025-10-10 07:45:33,355 [INFO] Época 16/30, Batch 3250/3348, Loss: 0.1330
2025-10-10 07:45:33,616 [INFO] Época 16/30, Batch 3300/3348, Loss: 0.0990
2025-10-10 07:45:35,384 [INFO] [16/30] Train Loss: 0.1111 | Val Loss: 0.2671 | Tempo: 19.46s
2025-10-10 07:45:35,384 [INFO] Early stopping ativado após 10 épocas sem melhoria
2025-10-10 07:45:35,384 [INFO] Treinamento concluído em 316.48 segundos (5.27 minutos)
2025-10-10 07:45:35,384 [INFO] Iniciando avaliação no conjunto de teste...
2025-10-10 07:45:36,857 [INFO] Avaliação do teste concluída em 1.47 segundos
2025-10-10 07:45:36,857 [INFO] MSE no teste: 0.5663
2025-10-10 07:45:36,857 [INFO] RMSE no teste: 0.7525
2025-10-10 07:45:36,857 [INFO] MAE no teste: 0.5971
2025-10-10 07:45:36,858 [INFO] Métricas salvas em /mnt/hdd/home/jdurao/ToolBox-ChemXAI/logs/mlp_att10_Pattern_metrics.json
