2025-10-09 21:16:34,712 [INFO] Iniciando treinamento do modelo mlp_att4_Morgan
2025-10-09 21:16:34,712 [INFO] Configuração: att_index=4, epochs=30, layers=[128, 64, 32], lr=0.001, batch_size=32, descriptor_type=Morgan
2025-10-09 21:16:34,712 [INFO] Diretório para modelos: /mnt/hdd/home/jdurao/ToolBox-ChemXAI/models
2025-10-09 21:16:34,713 [INFO] Carregando dados...
2025-10-09 21:16:34,789 [INFO] Preparando dataloaders sem ruído...
2025-10-09 21:16:43,059 [INFO] Dados carregados em 8.35 segundos
2025-10-09 21:16:43,060 [INFO] Tamanhos dos conjuntos - Treino: 107108, Validação: 13388, Teste: 13389
2025-10-09 21:16:43,060 [INFO] Usando dispositivo: cuda
2025-10-09 21:16:43,513 [INFO] Dimensão de entrada: 512, Dimensão de saída: 1
2025-10-09 21:16:43,513 [INFO] Criando modelo MLP com camadas: [128, 64, 32]
2025-10-09 21:16:43,518 [INFO] Modelo criado com 76033 parâmetros
2025-10-09 21:16:43,520 [INFO] Iniciando treinamento com 30 épocas...
2025-10-09 21:16:44,133 [INFO] Época 1/30, Batch 50/3348, Loss: 0.5369
2025-10-09 21:16:44,403 [INFO] Época 1/30, Batch 100/3348, Loss: 0.3873
2025-10-09 21:16:44,671 [INFO] Época 1/30, Batch 150/3348, Loss: 0.6044
2025-10-09 21:16:44,927 [INFO] Época 1/30, Batch 200/3348, Loss: 0.4575
2025-10-09 21:16:45,183 [INFO] Época 1/30, Batch 250/3348, Loss: 0.5501
2025-10-09 21:16:45,439 [INFO] Época 1/30, Batch 300/3348, Loss: 0.5605
2025-10-09 21:16:45,702 [INFO] Época 1/30, Batch 350/3348, Loss: 0.6353
2025-10-09 21:16:45,965 [INFO] Época 1/30, Batch 400/3348, Loss: 0.5797
2025-10-09 21:16:46,229 [INFO] Época 1/30, Batch 450/3348, Loss: 0.4085
2025-10-09 21:16:46,492 [INFO] Época 1/30, Batch 500/3348, Loss: 0.6358
2025-10-09 21:16:46,758 [INFO] Época 1/30, Batch 550/3348, Loss: 0.4771
2025-10-09 21:16:47,023 [INFO] Época 1/30, Batch 600/3348, Loss: 0.4878
2025-10-09 21:16:47,290 [INFO] Época 1/30, Batch 650/3348, Loss: 0.5293
2025-10-09 21:16:47,555 [INFO] Época 1/30, Batch 700/3348, Loss: 0.4577
2025-10-09 21:16:47,825 [INFO] Época 1/30, Batch 750/3348, Loss: 0.4273
2025-10-09 21:16:48,099 [INFO] Época 1/30, Batch 800/3348, Loss: 0.3236
2025-10-09 21:16:48,372 [INFO] Época 1/30, Batch 850/3348, Loss: 0.3689
2025-10-09 21:16:48,647 [INFO] Época 1/30, Batch 900/3348, Loss: 0.5007
2025-10-09 21:16:48,918 [INFO] Época 1/30, Batch 950/3348, Loss: 0.3763
2025-10-09 21:16:49,200 [INFO] Época 1/30, Batch 1000/3348, Loss: 0.4549
2025-10-09 21:16:49,475 [INFO] Época 1/30, Batch 1050/3348, Loss: 0.5498
2025-10-09 21:16:49,745 [INFO] Época 1/30, Batch 1100/3348, Loss: 0.7533
2025-10-09 21:16:50,008 [INFO] Época 1/30, Batch 1150/3348, Loss: 0.5854
2025-10-09 21:16:50,269 [INFO] Época 1/30, Batch 1200/3348, Loss: 0.5009
2025-10-09 21:16:50,531 [INFO] Época 1/30, Batch 1250/3348, Loss: 0.3722
2025-10-09 21:16:50,794 [INFO] Época 1/30, Batch 1300/3348, Loss: 0.5634
2025-10-09 21:16:51,056 [INFO] Época 1/30, Batch 1350/3348, Loss: 0.4999
2025-10-09 21:16:51,321 [INFO] Época 1/30, Batch 1400/3348, Loss: 0.3467
2025-10-09 21:16:51,583 [INFO] Época 1/30, Batch 1450/3348, Loss: 0.5419
2025-10-09 21:16:51,846 [INFO] Época 1/30, Batch 1500/3348, Loss: 0.4523
2025-10-09 21:16:52,108 [INFO] Época 1/30, Batch 1550/3348, Loss: 0.4477
2025-10-09 21:16:52,371 [INFO] Época 1/30, Batch 1600/3348, Loss: 0.4955
2025-10-09 21:16:52,633 [INFO] Época 1/30, Batch 1650/3348, Loss: 0.6443
2025-10-09 21:16:52,895 [INFO] Época 1/30, Batch 1700/3348, Loss: 0.4864
2025-10-09 21:16:53,158 [INFO] Época 1/30, Batch 1750/3348, Loss: 0.4992
2025-10-09 21:16:53,422 [INFO] Época 1/30, Batch 1800/3348, Loss: 0.5915
2025-10-09 21:16:53,683 [INFO] Época 1/30, Batch 1850/3348, Loss: 0.4823
2025-10-09 21:16:53,946 [INFO] Época 1/30, Batch 1900/3348, Loss: 0.4029
2025-10-09 21:16:54,209 [INFO] Época 1/30, Batch 1950/3348, Loss: 0.5021
2025-10-09 21:16:54,471 [INFO] Época 1/30, Batch 2000/3348, Loss: 0.5612
2025-10-09 21:16:54,735 [INFO] Época 1/30, Batch 2050/3348, Loss: 0.4192
2025-10-09 21:16:54,996 [INFO] Época 1/30, Batch 2100/3348, Loss: 0.3747
2025-10-09 21:16:55,261 [INFO] Época 1/30, Batch 2150/3348, Loss: 0.4322
2025-10-09 21:16:55,522 [INFO] Época 1/30, Batch 2200/3348, Loss: 0.4923
2025-10-09 21:16:55,785 [INFO] Época 1/30, Batch 2250/3348, Loss: 0.4622
2025-10-09 21:16:56,046 [INFO] Época 1/30, Batch 2300/3348, Loss: 0.4622
2025-10-09 21:16:56,307 [INFO] Época 1/30, Batch 2350/3348, Loss: 0.5561
2025-10-09 21:16:56,570 [INFO] Época 1/30, Batch 2400/3348, Loss: 0.3951
2025-10-09 21:16:56,837 [INFO] Época 1/30, Batch 2450/3348, Loss: 0.3704
2025-10-09 21:16:57,102 [INFO] Época 1/30, Batch 2500/3348, Loss: 0.4361
2025-10-09 21:16:57,361 [INFO] Época 1/30, Batch 2550/3348, Loss: 0.5135
2025-10-09 21:16:57,627 [INFO] Época 1/30, Batch 2600/3348, Loss: 0.3537
2025-10-09 21:16:57,891 [INFO] Época 1/30, Batch 2650/3348, Loss: 0.4726
2025-10-09 21:16:58,154 [INFO] Época 1/30, Batch 2700/3348, Loss: 0.4849
2025-10-09 21:16:58,416 [INFO] Época 1/30, Batch 2750/3348, Loss: 0.3870
2025-10-09 21:16:58,680 [INFO] Época 1/30, Batch 2800/3348, Loss: 0.4232
2025-10-09 21:16:58,942 [INFO] Época 1/30, Batch 2850/3348, Loss: 0.4849
2025-10-09 21:16:59,205 [INFO] Época 1/30, Batch 2900/3348, Loss: 0.3686
2025-10-09 21:16:59,467 [INFO] Época 1/30, Batch 2950/3348, Loss: 0.4757
2025-10-09 21:16:59,730 [INFO] Época 1/30, Batch 3000/3348, Loss: 0.4764
2025-10-09 21:16:59,992 [INFO] Época 1/30, Batch 3050/3348, Loss: 0.4847
2025-10-09 21:17:00,259 [INFO] Época 1/30, Batch 3100/3348, Loss: 0.4069
2025-10-09 21:17:00,522 [INFO] Época 1/30, Batch 3150/3348, Loss: 0.5011
2025-10-09 21:17:00,785 [INFO] Época 1/30, Batch 3200/3348, Loss: 0.3000
2025-10-09 21:17:01,045 [INFO] Época 1/30, Batch 3250/3348, Loss: 0.4801
2025-10-09 21:17:01,307 [INFO] Época 1/30, Batch 3300/3348, Loss: 0.5597
2025-10-09 21:17:03,134 [INFO] [1/30] Train Loss: 0.4704 | Val Loss: 0.6092 | Tempo: 19.61s
2025-10-09 21:17:03,139 [INFO] Melhor modelo salvo em: /mnt/hdd/home/jdurao/ToolBox-ChemXAI/models/mlp_qm9_Morgan_att4_large.pth
2025-10-09 21:17:03,742 [INFO] Época 2/30, Batch 50/3348, Loss: 0.4050
2025-10-09 21:17:04,010 [INFO] Época 2/30, Batch 100/3348, Loss: 0.4894
2025-10-09 21:17:04,274 [INFO] Época 2/30, Batch 150/3348, Loss: 0.5406
2025-10-09 21:17:04,539 [INFO] Época 2/30, Batch 200/3348, Loss: 0.4332
2025-10-09 21:17:04,800 [INFO] Época 2/30, Batch 250/3348, Loss: 0.3782
2025-10-09 21:17:05,063 [INFO] Época 2/30, Batch 300/3348, Loss: 0.3585
2025-10-09 21:17:05,325 [INFO] Época 2/30, Batch 350/3348, Loss: 0.2946
2025-10-09 21:17:05,587 [INFO] Época 2/30, Batch 400/3348, Loss: 0.5142
2025-10-09 21:17:05,857 [INFO] Época 2/30, Batch 450/3348, Loss: 0.4120
2025-10-09 21:17:06,132 [INFO] Época 2/30, Batch 500/3348, Loss: 0.4399
2025-10-09 21:17:06,394 [INFO] Época 2/30, Batch 550/3348, Loss: 0.3935
2025-10-09 21:17:06,656 [INFO] Época 2/30, Batch 600/3348, Loss: 0.4453
2025-10-09 21:17:06,917 [INFO] Época 2/30, Batch 650/3348, Loss: 0.3946
2025-10-09 21:17:07,171 [INFO] Época 2/30, Batch 700/3348, Loss: 0.6366
2025-10-09 21:17:07,424 [INFO] Época 2/30, Batch 750/3348, Loss: 0.5030
2025-10-09 21:17:07,684 [INFO] Época 2/30, Batch 800/3348, Loss: 0.5446
2025-10-09 21:17:07,948 [INFO] Época 2/30, Batch 850/3348, Loss: 0.3278
2025-10-09 21:17:08,213 [INFO] Época 2/30, Batch 900/3348, Loss: 0.3316
2025-10-09 21:17:08,474 [INFO] Época 2/30, Batch 950/3348, Loss: 0.3907
2025-10-09 21:17:08,739 [INFO] Época 2/30, Batch 1000/3348, Loss: 0.3608
2025-10-09 21:17:09,005 [INFO] Época 2/30, Batch 1050/3348, Loss: 0.3887
2025-10-09 21:17:09,272 [INFO] Época 2/30, Batch 1100/3348, Loss: 0.2889
2025-10-09 21:17:09,536 [INFO] Época 2/30, Batch 1150/3348, Loss: 0.3719
2025-10-09 21:17:09,801 [INFO] Época 2/30, Batch 1200/3348, Loss: 0.2987
2025-10-09 21:17:10,068 [INFO] Época 2/30, Batch 1250/3348, Loss: 0.3654
2025-10-09 21:17:10,339 [INFO] Época 2/30, Batch 1300/3348, Loss: 0.4168
2025-10-09 21:17:10,603 [INFO] Época 2/30, Batch 1350/3348, Loss: 0.5157
2025-10-09 21:17:10,866 [INFO] Época 2/30, Batch 1400/3348, Loss: 0.3272
2025-10-09 21:17:11,129 [INFO] Época 2/30, Batch 1450/3348, Loss: 0.4251
2025-10-09 21:17:11,391 [INFO] Época 2/30, Batch 1500/3348, Loss: 0.4831
2025-10-09 21:17:11,655 [INFO] Época 2/30, Batch 1550/3348, Loss: 0.3282
2025-10-09 21:17:11,917 [INFO] Época 2/30, Batch 1600/3348, Loss: 0.3602
2025-10-09 21:17:12,179 [INFO] Época 2/30, Batch 1650/3348, Loss: 0.3840
2025-10-09 21:17:12,442 [INFO] Época 2/30, Batch 1700/3348, Loss: 0.4742
2025-10-09 21:17:12,705 [INFO] Época 2/30, Batch 1750/3348, Loss: 0.3523
2025-10-09 21:17:12,968 [INFO] Época 2/30, Batch 1800/3348, Loss: 0.2663
2025-10-09 21:17:13,231 [INFO] Época 2/30, Batch 1850/3348, Loss: 0.3726
2025-10-09 21:17:13,494 [INFO] Época 2/30, Batch 1900/3348, Loss: 0.5399
2025-10-09 21:17:13,757 [INFO] Época 2/30, Batch 1950/3348, Loss: 0.3481
2025-10-09 21:17:14,018 [INFO] Época 2/30, Batch 2000/3348, Loss: 0.4017
2025-10-09 21:17:14,280 [INFO] Época 2/30, Batch 2050/3348, Loss: 0.5263
2025-10-09 21:17:14,544 [INFO] Época 2/30, Batch 2100/3348, Loss: 0.3842
2025-10-09 21:17:14,805 [INFO] Época 2/30, Batch 2150/3348, Loss: 0.4975
2025-10-09 21:17:15,066 [INFO] Época 2/30, Batch 2200/3348, Loss: 0.3359
2025-10-09 21:17:15,328 [INFO] Época 2/30, Batch 2250/3348, Loss: 0.4278
2025-10-09 21:17:15,590 [INFO] Época 2/30, Batch 2300/3348, Loss: 0.3582
2025-10-09 21:17:15,852 [INFO] Época 2/30, Batch 2350/3348, Loss: 0.4119
2025-10-09 21:17:16,115 [INFO] Época 2/30, Batch 2400/3348, Loss: 0.3483
2025-10-09 21:17:16,379 [INFO] Época 2/30, Batch 2450/3348, Loss: 0.4401
2025-10-09 21:17:16,642 [INFO] Época 2/30, Batch 2500/3348, Loss: 0.4359
2025-10-09 21:17:16,903 [INFO] Época 2/30, Batch 2550/3348, Loss: 0.3655
2025-10-09 21:17:17,166 [INFO] Época 2/30, Batch 2600/3348, Loss: 0.3618
2025-10-09 21:17:17,428 [INFO] Época 2/30, Batch 2650/3348, Loss: 0.3731
2025-10-09 21:17:17,690 [INFO] Época 2/30, Batch 2700/3348, Loss: 0.2841
2025-10-09 21:17:17,952 [INFO] Época 2/30, Batch 2750/3348, Loss: 0.3813
2025-10-09 21:17:18,213 [INFO] Época 2/30, Batch 2800/3348, Loss: 0.3796
2025-10-09 21:17:18,476 [INFO] Época 2/30, Batch 2850/3348, Loss: 0.4060
2025-10-09 21:17:18,737 [INFO] Época 2/30, Batch 2900/3348, Loss: 0.3169
2025-10-09 21:17:19,000 [INFO] Época 2/30, Batch 2950/3348, Loss: 0.5737
2025-10-09 21:17:19,262 [INFO] Época 2/30, Batch 3000/3348, Loss: 0.3393
2025-10-09 21:17:19,525 [INFO] Época 2/30, Batch 3050/3348, Loss: 0.3358
2025-10-09 21:17:19,787 [INFO] Época 2/30, Batch 3100/3348, Loss: 0.3910
2025-10-09 21:17:20,052 [INFO] Época 2/30, Batch 3150/3348, Loss: 0.4170
2025-10-09 21:17:20,313 [INFO] Época 2/30, Batch 3200/3348, Loss: 0.3067
2025-10-09 21:17:20,573 [INFO] Época 2/30, Batch 3250/3348, Loss: 0.4922
2025-10-09 21:17:20,837 [INFO] Época 2/30, Batch 3300/3348, Loss: 0.5462
2025-10-09 21:17:22,695 [INFO] [2/30] Train Loss: 0.4008 | Val Loss: 0.5431 | Tempo: 19.56s
2025-10-09 21:17:22,698 [INFO] Melhor modelo salvo em: /mnt/hdd/home/jdurao/ToolBox-ChemXAI/models/mlp_qm9_Morgan_att4_large.pth
2025-10-09 21:17:23,296 [INFO] Época 3/30, Batch 50/3348, Loss: 0.2210
2025-10-09 21:17:23,568 [INFO] Época 3/30, Batch 100/3348, Loss: 0.3789
2025-10-09 21:17:23,836 [INFO] Época 3/30, Batch 150/3348, Loss: 0.3519
2025-10-09 21:17:24,101 [INFO] Época 3/30, Batch 200/3348, Loss: 0.4862
2025-10-09 21:17:24,377 [INFO] Época 3/30, Batch 250/3348, Loss: 0.2627
2025-10-09 21:17:24,642 [INFO] Época 3/30, Batch 300/3348, Loss: 0.4817
2025-10-09 21:17:24,906 [INFO] Época 3/30, Batch 350/3348, Loss: 0.3971
2025-10-09 21:17:25,169 [INFO] Época 3/30, Batch 400/3348, Loss: 0.3271
2025-10-09 21:17:25,432 [INFO] Época 3/30, Batch 450/3348, Loss: 0.3447
2025-10-09 21:17:25,694 [INFO] Época 3/30, Batch 500/3348, Loss: 0.3156
2025-10-09 21:17:25,957 [INFO] Época 3/30, Batch 550/3348, Loss: 0.3877
2025-10-09 21:17:26,222 [INFO] Época 3/30, Batch 600/3348, Loss: 0.4864
2025-10-09 21:17:26,484 [INFO] Época 3/30, Batch 650/3348, Loss: 0.5058
2025-10-09 21:17:26,746 [INFO] Época 3/30, Batch 700/3348, Loss: 0.3647
2025-10-09 21:17:27,007 [INFO] Época 3/30, Batch 750/3348, Loss: 0.2322
2025-10-09 21:17:27,270 [INFO] Época 3/30, Batch 800/3348, Loss: 0.2965
2025-10-09 21:17:27,531 [INFO] Época 3/30, Batch 850/3348, Loss: 0.4970
2025-10-09 21:17:27,785 [INFO] Época 3/30, Batch 900/3348, Loss: 0.3777
2025-10-09 21:17:28,039 [INFO] Época 3/30, Batch 950/3348, Loss: 0.3397
2025-10-09 21:17:28,292 [INFO] Época 3/30, Batch 1000/3348, Loss: 0.4393
2025-10-09 21:17:28,546 [INFO] Época 3/30, Batch 1050/3348, Loss: 0.3971
2025-10-09 21:17:28,799 [INFO] Época 3/30, Batch 1100/3348, Loss: 0.5040
2025-10-09 21:17:29,052 [INFO] Época 3/30, Batch 1150/3348, Loss: 0.3964
2025-10-09 21:17:29,304 [INFO] Época 3/30, Batch 1200/3348, Loss: 0.3663
2025-10-09 21:17:29,558 [INFO] Época 3/30, Batch 1250/3348, Loss: 0.2977
2025-10-09 21:17:29,827 [INFO] Época 3/30, Batch 1300/3348, Loss: 0.3984
2025-10-09 21:17:30,091 [INFO] Época 3/30, Batch 1350/3348, Loss: 0.3697
2025-10-09 21:17:30,353 [INFO] Época 3/30, Batch 1400/3348, Loss: 0.3944
2025-10-09 21:17:30,616 [INFO] Época 3/30, Batch 1450/3348, Loss: 0.3061
2025-10-09 21:17:30,878 [INFO] Época 3/30, Batch 1500/3348, Loss: 0.4078
2025-10-09 21:17:31,143 [INFO] Época 3/30, Batch 1550/3348, Loss: 0.2883
2025-10-09 21:17:31,406 [INFO] Época 3/30, Batch 1600/3348, Loss: 0.3927
2025-10-09 21:17:31,672 [INFO] Época 3/30, Batch 1650/3348, Loss: 0.3129
2025-10-09 21:17:31,935 [INFO] Época 3/30, Batch 1700/3348, Loss: 0.2493
2025-10-09 21:17:32,198 [INFO] Época 3/30, Batch 1750/3348, Loss: 0.4126
2025-10-09 21:17:32,461 [INFO] Época 3/30, Batch 1800/3348, Loss: 0.2431
2025-10-09 21:17:32,724 [INFO] Época 3/30, Batch 1850/3348, Loss: 0.3233
2025-10-09 21:17:32,987 [INFO] Época 3/30, Batch 1900/3348, Loss: 0.2481
2025-10-09 21:17:33,246 [INFO] Época 3/30, Batch 1950/3348, Loss: 0.2864
2025-10-09 21:17:33,507 [INFO] Época 3/30, Batch 2000/3348, Loss: 0.3073
2025-10-09 21:17:33,767 [INFO] Época 3/30, Batch 2050/3348, Loss: 0.3209
2025-10-09 21:17:34,029 [INFO] Época 3/30, Batch 2100/3348, Loss: 0.4147
2025-10-09 21:17:34,294 [INFO] Época 3/30, Batch 2150/3348, Loss: 0.5004
2025-10-09 21:17:34,554 [INFO] Época 3/30, Batch 2200/3348, Loss: 0.3823
2025-10-09 21:17:34,817 [INFO] Época 3/30, Batch 2250/3348, Loss: 0.4244
2025-10-09 21:17:35,077 [INFO] Época 3/30, Batch 2300/3348, Loss: 0.3767
2025-10-09 21:17:35,339 [INFO] Época 3/30, Batch 2350/3348, Loss: 0.4281
2025-10-09 21:17:35,600 [INFO] Época 3/30, Batch 2400/3348, Loss: 0.3327
2025-10-09 21:17:35,860 [INFO] Época 3/30, Batch 2450/3348, Loss: 0.3519
2025-10-09 21:17:36,121 [INFO] Época 3/30, Batch 2500/3348, Loss: 0.3665
2025-10-09 21:17:36,382 [INFO] Época 3/30, Batch 2550/3348, Loss: 0.2799
2025-10-09 21:17:36,643 [INFO] Época 3/30, Batch 2600/3348, Loss: 0.2973
2025-10-09 21:17:36,904 [INFO] Época 3/30, Batch 2650/3348, Loss: 0.3999
2025-10-09 21:17:37,166 [INFO] Época 3/30, Batch 2700/3348, Loss: 0.3962
2025-10-09 21:17:37,428 [INFO] Época 3/30, Batch 2750/3348, Loss: 0.5123
2025-10-09 21:17:37,690 [INFO] Época 3/30, Batch 2800/3348, Loss: 0.3296
2025-10-09 21:17:37,952 [INFO] Época 3/30, Batch 2850/3348, Loss: 0.2686
2025-10-09 21:17:38,215 [INFO] Época 3/30, Batch 2900/3348, Loss: 0.3224
2025-10-09 21:17:38,478 [INFO] Época 3/30, Batch 2950/3348, Loss: 0.4419
2025-10-09 21:17:38,743 [INFO] Época 3/30, Batch 3000/3348, Loss: 0.3028
2025-10-09 21:17:39,004 [INFO] Época 3/30, Batch 3050/3348, Loss: 0.3530
2025-10-09 21:17:39,266 [INFO] Época 3/30, Batch 3100/3348, Loss: 0.4832
2025-10-09 21:17:39,531 [INFO] Época 3/30, Batch 3150/3348, Loss: 0.4012
2025-10-09 21:17:39,792 [INFO] Época 3/30, Batch 3200/3348, Loss: 0.4348
2025-10-09 21:17:40,053 [INFO] Época 3/30, Batch 3250/3348, Loss: 0.3905
2025-10-09 21:17:40,313 [INFO] Época 3/30, Batch 3300/3348, Loss: 0.3433
2025-10-09 21:17:42,145 [INFO] [3/30] Train Loss: 0.3679 | Val Loss: 0.5261 | Tempo: 19.45s
2025-10-09 21:17:42,150 [INFO] Melhor modelo salvo em: /mnt/hdd/home/jdurao/ToolBox-ChemXAI/models/mlp_qm9_Morgan_att4_large.pth
2025-10-09 21:17:42,764 [INFO] Época 4/30, Batch 50/3348, Loss: 0.3020
2025-10-09 21:17:43,036 [INFO] Época 4/30, Batch 100/3348, Loss: 0.3032
2025-10-09 21:17:43,303 [INFO] Época 4/30, Batch 150/3348, Loss: 0.3170
2025-10-09 21:17:43,568 [INFO] Época 4/30, Batch 200/3348, Loss: 0.4401
2025-10-09 21:17:43,831 [INFO] Época 4/30, Batch 250/3348, Loss: 0.1989
2025-10-09 21:17:44,092 [INFO] Época 4/30, Batch 300/3348, Loss: 0.2885
2025-10-09 21:17:44,354 [INFO] Época 4/30, Batch 350/3348, Loss: 0.3001
2025-10-09 21:17:44,616 [INFO] Época 4/30, Batch 400/3348, Loss: 0.3431
2025-10-09 21:17:44,878 [INFO] Época 4/30, Batch 450/3348, Loss: 0.5099
2025-10-09 21:17:45,140 [INFO] Época 4/30, Batch 500/3348, Loss: 0.3314
2025-10-09 21:17:45,402 [INFO] Época 4/30, Batch 550/3348, Loss: 0.4646
2025-10-09 21:17:45,665 [INFO] Época 4/30, Batch 600/3348, Loss: 0.3397
2025-10-09 21:17:45,928 [INFO] Época 4/30, Batch 650/3348, Loss: 0.3199
2025-10-09 21:17:46,204 [INFO] Época 4/30, Batch 700/3348, Loss: 0.3319
2025-10-09 21:17:46,477 [INFO] Época 4/30, Batch 750/3348, Loss: 0.2762
2025-10-09 21:17:46,755 [INFO] Época 4/30, Batch 800/3348, Loss: 0.3685
2025-10-09 21:17:47,036 [INFO] Época 4/30, Batch 850/3348, Loss: 0.2213
2025-10-09 21:17:47,318 [INFO] Época 4/30, Batch 900/3348, Loss: 0.2535
2025-10-09 21:17:47,599 [INFO] Época 4/30, Batch 950/3348, Loss: 0.4574
2025-10-09 21:17:47,882 [INFO] Época 4/30, Batch 1000/3348, Loss: 0.4043
2025-10-09 21:17:48,166 [INFO] Época 4/30, Batch 1050/3348, Loss: 0.3764
2025-10-09 21:17:48,449 [INFO] Época 4/30, Batch 1100/3348, Loss: 0.3638
2025-10-09 21:17:48,732 [INFO] Época 4/30, Batch 1150/3348, Loss: 0.3618
2025-10-09 21:17:49,012 [INFO] Época 4/30, Batch 1200/3348, Loss: 0.3918
2025-10-09 21:17:49,295 [INFO] Época 4/30, Batch 1250/3348, Loss: 0.3820
2025-10-09 21:17:49,577 [INFO] Época 4/30, Batch 1300/3348, Loss: 0.4102
2025-10-09 21:17:49,843 [INFO] Época 4/30, Batch 1350/3348, Loss: 0.3510
2025-10-09 21:17:50,102 [INFO] Época 4/30, Batch 1400/3348, Loss: 0.3834
2025-10-09 21:17:50,362 [INFO] Época 4/30, Batch 1450/3348, Loss: 0.6620
2025-10-09 21:17:50,623 [INFO] Época 4/30, Batch 1500/3348, Loss: 0.3703
2025-10-09 21:17:50,880 [INFO] Época 4/30, Batch 1550/3348, Loss: 0.3342
2025-10-09 21:17:51,145 [INFO] Época 4/30, Batch 1600/3348, Loss: 0.3847
2025-10-09 21:17:51,409 [INFO] Época 4/30, Batch 1650/3348, Loss: 0.3700
2025-10-09 21:17:51,672 [INFO] Época 4/30, Batch 1700/3348, Loss: 0.3390
2025-10-09 21:17:51,934 [INFO] Época 4/30, Batch 1750/3348, Loss: 0.3084
2025-10-09 21:17:52,193 [INFO] Época 4/30, Batch 1800/3348, Loss: 0.4249
2025-10-09 21:17:52,450 [INFO] Época 4/30, Batch 1850/3348, Loss: 0.2625
2025-10-09 21:17:52,710 [INFO] Época 4/30, Batch 1900/3348, Loss: 0.3719
2025-10-09 21:17:52,976 [INFO] Época 4/30, Batch 1950/3348, Loss: 0.3191
2025-10-09 21:17:53,240 [INFO] Época 4/30, Batch 2000/3348, Loss: 0.4394
2025-10-09 21:17:53,501 [INFO] Época 4/30, Batch 2050/3348, Loss: 0.2793
2025-10-09 21:17:53,775 [INFO] Época 4/30, Batch 2100/3348, Loss: 0.3824
2025-10-09 21:17:54,049 [INFO] Época 4/30, Batch 2150/3348, Loss: 0.2150
2025-10-09 21:17:54,326 [INFO] Época 4/30, Batch 2200/3348, Loss: 0.4450
2025-10-09 21:17:54,598 [INFO] Época 4/30, Batch 2250/3348, Loss: 0.3549
2025-10-09 21:17:54,875 [INFO] Época 4/30, Batch 2300/3348, Loss: 0.2514
2025-10-09 21:17:55,148 [INFO] Época 4/30, Batch 2350/3348, Loss: 0.3304
2025-10-09 21:17:55,419 [INFO] Época 4/30, Batch 2400/3348, Loss: 0.2659
2025-10-09 21:17:55,691 [INFO] Época 4/30, Batch 2450/3348, Loss: 0.5004
2025-10-09 21:17:55,963 [INFO] Época 4/30, Batch 2500/3348, Loss: 0.3154
2025-10-09 21:17:56,236 [INFO] Época 4/30, Batch 2550/3348, Loss: 0.3896
2025-10-09 21:17:56,506 [INFO] Época 4/30, Batch 2600/3348, Loss: 0.4437
2025-10-09 21:17:56,773 [INFO] Época 4/30, Batch 2650/3348, Loss: 0.3959
2025-10-09 21:17:57,041 [INFO] Época 4/30, Batch 2700/3348, Loss: 0.3860
2025-10-09 21:17:57,309 [INFO] Época 4/30, Batch 2750/3348, Loss: 0.1902
2025-10-09 21:17:57,574 [INFO] Época 4/30, Batch 2800/3348, Loss: 0.2950
2025-10-09 21:17:57,837 [INFO] Época 4/30, Batch 2850/3348, Loss: 0.2944
2025-10-09 21:17:58,102 [INFO] Época 4/30, Batch 2900/3348, Loss: 0.3975
2025-10-09 21:17:58,369 [INFO] Época 4/30, Batch 2950/3348, Loss: 0.3057
2025-10-09 21:17:58,636 [INFO] Época 4/30, Batch 3000/3348, Loss: 0.2474
2025-10-09 21:17:58,902 [INFO] Época 4/30, Batch 3050/3348, Loss: 0.3393
2025-10-09 21:17:59,169 [INFO] Época 4/30, Batch 3100/3348, Loss: 0.3795
2025-10-09 21:17:59,437 [INFO] Época 4/30, Batch 3150/3348, Loss: 0.3583
2025-10-09 21:17:59,707 [INFO] Época 4/30, Batch 3200/3348, Loss: 0.3950
2025-10-09 21:17:59,972 [INFO] Época 4/30, Batch 3250/3348, Loss: 0.4121
2025-10-09 21:18:00,246 [INFO] Época 4/30, Batch 3300/3348, Loss: 0.3039
2025-10-09 21:18:02,188 [INFO] [4/30] Train Loss: 0.3428 | Val Loss: 0.5149 | Tempo: 20.04s
2025-10-09 21:18:02,193 [INFO] Melhor modelo salvo em: /mnt/hdd/home/jdurao/ToolBox-ChemXAI/models/mlp_qm9_Morgan_att4_large.pth
2025-10-09 21:18:02,809 [INFO] Época 5/30, Batch 50/3348, Loss: 0.3305
2025-10-09 21:18:03,074 [INFO] Época 5/30, Batch 100/3348, Loss: 0.3453
2025-10-09 21:18:03,339 [INFO] Época 5/30, Batch 150/3348, Loss: 0.3769
2025-10-09 21:18:03,601 [INFO] Época 5/30, Batch 200/3348, Loss: 0.3346
2025-10-09 21:18:03,862 [INFO] Época 5/30, Batch 250/3348, Loss: 0.3230
2025-10-09 21:18:04,122 [INFO] Época 5/30, Batch 300/3348, Loss: 0.4138
2025-10-09 21:18:04,385 [INFO] Época 5/30, Batch 350/3348, Loss: 0.3773
2025-10-09 21:18:04,650 [INFO] Época 5/30, Batch 400/3348, Loss: 0.3591
2025-10-09 21:18:04,912 [INFO] Época 5/30, Batch 450/3348, Loss: 0.3140
2025-10-09 21:18:05,175 [INFO] Época 5/30, Batch 500/3348, Loss: 0.3478
2025-10-09 21:18:05,436 [INFO] Época 5/30, Batch 550/3348, Loss: 0.2304
2025-10-09 21:18:05,695 [INFO] Época 5/30, Batch 600/3348, Loss: 0.3664
2025-10-09 21:18:05,956 [INFO] Época 5/30, Batch 650/3348, Loss: 0.4090
2025-10-09 21:18:06,218 [INFO] Época 5/30, Batch 700/3348, Loss: 0.3391
2025-10-09 21:18:06,477 [INFO] Época 5/30, Batch 750/3348, Loss: 0.3515
2025-10-09 21:18:06,741 [INFO] Época 5/30, Batch 800/3348, Loss: 0.2957
2025-10-09 21:18:07,003 [INFO] Época 5/30, Batch 850/3348, Loss: 0.2511
2025-10-09 21:18:07,262 [INFO] Época 5/30, Batch 900/3348, Loss: 0.2755
2025-10-09 21:18:07,525 [INFO] Época 5/30, Batch 950/3348, Loss: 0.2630
2025-10-09 21:18:07,788 [INFO] Época 5/30, Batch 1000/3348, Loss: 0.2528
2025-10-09 21:18:08,046 [INFO] Época 5/30, Batch 1050/3348, Loss: 0.2854
2025-10-09 21:18:08,298 [INFO] Época 5/30, Batch 1100/3348, Loss: 0.3722
2025-10-09 21:18:08,551 [INFO] Época 5/30, Batch 1150/3348, Loss: 0.3449
2025-10-09 21:18:08,805 [INFO] Época 5/30, Batch 1200/3348, Loss: 0.3441
2025-10-09 21:18:09,065 [INFO] Época 5/30, Batch 1250/3348, Loss: 0.3762
2025-10-09 21:18:09,326 [INFO] Época 5/30, Batch 1300/3348, Loss: 0.2821
2025-10-09 21:18:09,586 [INFO] Época 5/30, Batch 1350/3348, Loss: 0.3284
2025-10-09 21:18:09,846 [INFO] Época 5/30, Batch 1400/3348, Loss: 0.3881
2025-10-09 21:18:10,110 [INFO] Época 5/30, Batch 1450/3348, Loss: 0.4196
2025-10-09 21:18:10,370 [INFO] Época 5/30, Batch 1500/3348, Loss: 0.2731
2025-10-09 21:18:10,634 [INFO] Época 5/30, Batch 1550/3348, Loss: 0.2908
2025-10-09 21:18:10,896 [INFO] Época 5/30, Batch 1600/3348, Loss: 0.4115
2025-10-09 21:18:11,157 [INFO] Época 5/30, Batch 1650/3348, Loss: 0.3410
2025-10-09 21:18:11,419 [INFO] Época 5/30, Batch 1700/3348, Loss: 0.4119
2025-10-09 21:18:11,678 [INFO] Época 5/30, Batch 1750/3348, Loss: 0.5114
2025-10-09 21:18:11,937 [INFO] Época 5/30, Batch 1800/3348, Loss: 0.2268
2025-10-09 21:18:12,199 [INFO] Época 5/30, Batch 1850/3348, Loss: 0.3560
2025-10-09 21:18:12,459 [INFO] Época 5/30, Batch 1900/3348, Loss: 0.4269
2025-10-09 21:18:12,724 [INFO] Época 5/30, Batch 1950/3348, Loss: 0.3858
2025-10-09 21:18:12,985 [INFO] Época 5/30, Batch 2000/3348, Loss: 0.4600
2025-10-09 21:18:13,248 [INFO] Época 5/30, Batch 2050/3348, Loss: 0.3012
2025-10-09 21:18:13,509 [INFO] Época 5/30, Batch 2100/3348, Loss: 0.4037
2025-10-09 21:18:13,772 [INFO] Época 5/30, Batch 2150/3348, Loss: 0.4206
2025-10-09 21:18:14,033 [INFO] Época 5/30, Batch 2200/3348, Loss: 0.2519
2025-10-09 21:18:14,294 [INFO] Época 5/30, Batch 2250/3348, Loss: 0.3185
2025-10-09 21:18:14,556 [INFO] Época 5/30, Batch 2300/3348, Loss: 0.3357
2025-10-09 21:18:14,816 [INFO] Época 5/30, Batch 2350/3348, Loss: 0.3171
2025-10-09 21:18:15,076 [INFO] Época 5/30, Batch 2400/3348, Loss: 0.3649
2025-10-09 21:18:15,338 [INFO] Época 5/30, Batch 2450/3348, Loss: 0.2620
2025-10-09 21:18:15,598 [INFO] Época 5/30, Batch 2500/3348, Loss: 0.2909
2025-10-09 21:18:15,860 [INFO] Época 5/30, Batch 2550/3348, Loss: 0.3814
2025-10-09 21:18:16,120 [INFO] Época 5/30, Batch 2600/3348, Loss: 0.3529
2025-10-09 21:18:16,380 [INFO] Época 5/30, Batch 2650/3348, Loss: 0.2395
2025-10-09 21:18:16,642 [INFO] Época 5/30, Batch 2700/3348, Loss: 0.3621
2025-10-09 21:18:16,903 [INFO] Época 5/30, Batch 2750/3348, Loss: 0.2883
2025-10-09 21:18:17,163 [INFO] Época 5/30, Batch 2800/3348, Loss: 0.3280
2025-10-09 21:18:17,423 [INFO] Época 5/30, Batch 2850/3348, Loss: 0.3044
2025-10-09 21:18:17,684 [INFO] Época 5/30, Batch 2900/3348, Loss: 0.2265
2025-10-09 21:18:17,944 [INFO] Época 5/30, Batch 2950/3348, Loss: 0.4139
2025-10-09 21:18:18,205 [INFO] Época 5/30, Batch 3000/3348, Loss: 0.2312
2025-10-09 21:18:18,467 [INFO] Época 5/30, Batch 3050/3348, Loss: 0.2468
2025-10-09 21:18:18,727 [INFO] Época 5/30, Batch 3100/3348, Loss: 0.3218
2025-10-09 21:18:18,987 [INFO] Época 5/30, Batch 3150/3348, Loss: 0.4576
2025-10-09 21:18:19,247 [INFO] Época 5/30, Batch 3200/3348, Loss: 0.3271
2025-10-09 21:18:19,509 [INFO] Época 5/30, Batch 3250/3348, Loss: 0.3063
2025-10-09 21:18:19,770 [INFO] Época 5/30, Batch 3300/3348, Loss: 0.2936
2025-10-09 21:18:21,597 [INFO] [5/30] Train Loss: 0.3232 | Val Loss: 0.5800 | Tempo: 19.40s
2025-10-09 21:18:22,204 [INFO] Época 6/30, Batch 50/3348, Loss: 0.3234
2025-10-09 21:18:22,472 [INFO] Época 6/30, Batch 100/3348, Loss: 0.2763
2025-10-09 21:18:22,735 [INFO] Época 6/30, Batch 150/3348, Loss: 0.3722
2025-10-09 21:18:23,002 [INFO] Época 6/30, Batch 200/3348, Loss: 0.2109
2025-10-09 21:18:23,265 [INFO] Época 6/30, Batch 250/3348, Loss: 0.2629
2025-10-09 21:18:23,529 [INFO] Época 6/30, Batch 300/3348, Loss: 0.2977
2025-10-09 21:18:23,793 [INFO] Época 6/30, Batch 350/3348, Loss: 0.3027
2025-10-09 21:18:24,057 [INFO] Época 6/30, Batch 400/3348, Loss: 0.2812
2025-10-09 21:18:24,322 [INFO] Época 6/30, Batch 450/3348, Loss: 0.3175
2025-10-09 21:18:24,585 [INFO] Época 6/30, Batch 500/3348, Loss: 0.3366
2025-10-09 21:18:24,850 [INFO] Época 6/30, Batch 550/3348, Loss: 0.3274
2025-10-09 21:18:25,111 [INFO] Época 6/30, Batch 600/3348, Loss: 0.3399
2025-10-09 21:18:25,371 [INFO] Época 6/30, Batch 650/3348, Loss: 0.3550
2025-10-09 21:18:25,632 [INFO] Época 6/30, Batch 700/3348, Loss: 0.2913
2025-10-09 21:18:25,894 [INFO] Época 6/30, Batch 750/3348, Loss: 0.2996
2025-10-09 21:18:26,155 [INFO] Época 6/30, Batch 800/3348, Loss: 0.2799
2025-10-09 21:18:26,415 [INFO] Época 6/30, Batch 850/3348, Loss: 0.4120
2025-10-09 21:18:26,676 [INFO] Época 6/30, Batch 900/3348, Loss: 0.2992
2025-10-09 21:18:26,938 [INFO] Época 6/30, Batch 950/3348, Loss: 0.3061
2025-10-09 21:18:27,198 [INFO] Época 6/30, Batch 1000/3348, Loss: 0.3226
2025-10-09 21:18:27,456 [INFO] Época 6/30, Batch 1050/3348, Loss: 0.2739
2025-10-09 21:18:27,717 [INFO] Época 6/30, Batch 1100/3348, Loss: 0.2903
2025-10-09 21:18:27,978 [INFO] Época 6/30, Batch 1150/3348, Loss: 0.2070
2025-10-09 21:18:28,242 [INFO] Época 6/30, Batch 1200/3348, Loss: 0.3051
2025-10-09 21:18:28,505 [INFO] Época 6/30, Batch 1250/3348, Loss: 0.2871
2025-10-09 21:18:28,769 [INFO] Época 6/30, Batch 1300/3348, Loss: 0.4684
2025-10-09 21:18:29,033 [INFO] Época 6/30, Batch 1350/3348, Loss: 0.3533
2025-10-09 21:18:29,298 [INFO] Época 6/30, Batch 1400/3348, Loss: 0.4208
2025-10-09 21:18:29,567 [INFO] Época 6/30, Batch 1450/3348, Loss: 0.2891
2025-10-09 21:18:29,832 [INFO] Época 6/30, Batch 1500/3348, Loss: 0.2789
2025-10-09 21:18:30,095 [INFO] Época 6/30, Batch 1550/3348, Loss: 0.3304
2025-10-09 21:18:30,361 [INFO] Época 6/30, Batch 1600/3348, Loss: 0.2583
2025-10-09 21:18:30,624 [INFO] Época 6/30, Batch 1650/3348, Loss: 0.4775
2025-10-09 21:18:30,889 [INFO] Época 6/30, Batch 1700/3348, Loss: 0.3092
2025-10-09 21:18:31,154 [INFO] Época 6/30, Batch 1750/3348, Loss: 0.2938
2025-10-09 21:18:31,419 [INFO] Época 6/30, Batch 1800/3348, Loss: 0.3470
2025-10-09 21:18:31,684 [INFO] Época 6/30, Batch 1850/3348, Loss: 0.2843
2025-10-09 21:18:31,948 [INFO] Época 6/30, Batch 1900/3348, Loss: 0.4311
2025-10-09 21:18:32,210 [INFO] Época 6/30, Batch 1950/3348, Loss: 0.3365
2025-10-09 21:18:32,474 [INFO] Época 6/30, Batch 2000/3348, Loss: 0.2890
2025-10-09 21:18:32,739 [INFO] Época 6/30, Batch 2050/3348, Loss: 0.2564
2025-10-09 21:18:33,004 [INFO] Época 6/30, Batch 2100/3348, Loss: 0.2655
2025-10-09 21:18:33,266 [INFO] Época 6/30, Batch 2150/3348, Loss: 0.2968
2025-10-09 21:18:33,524 [INFO] Época 6/30, Batch 2200/3348, Loss: 0.3931
2025-10-09 21:18:33,785 [INFO] Época 6/30, Batch 2250/3348, Loss: 0.3569
2025-10-09 21:18:34,044 [INFO] Época 6/30, Batch 2300/3348, Loss: 0.2926
2025-10-09 21:18:34,304 [INFO] Época 6/30, Batch 2350/3348, Loss: 0.4273
2025-10-09 21:18:34,562 [INFO] Época 6/30, Batch 2400/3348, Loss: 0.3640
2025-10-09 21:18:34,821 [INFO] Época 6/30, Batch 2450/3348, Loss: 0.2827
2025-10-09 21:18:35,081 [INFO] Época 6/30, Batch 2500/3348, Loss: 0.3455
2025-10-09 21:18:35,339 [INFO] Época 6/30, Batch 2550/3348, Loss: 0.3094
2025-10-09 21:18:35,595 [INFO] Época 6/30, Batch 2600/3348, Loss: 0.4158
2025-10-09 21:18:35,852 [INFO] Época 6/30, Batch 2650/3348, Loss: 0.2668
2025-10-09 21:18:36,108 [INFO] Época 6/30, Batch 2700/3348, Loss: 0.3506
2025-10-09 21:18:36,366 [INFO] Época 6/30, Batch 2750/3348, Loss: 0.3010
2025-10-09 21:18:36,623 [INFO] Época 6/30, Batch 2800/3348, Loss: 0.2472
2025-10-09 21:18:36,880 [INFO] Época 6/30, Batch 2850/3348, Loss: 0.3120
2025-10-09 21:18:37,138 [INFO] Época 6/30, Batch 2900/3348, Loss: 0.3547
2025-10-09 21:18:37,394 [INFO] Época 6/30, Batch 2950/3348, Loss: 0.3960
2025-10-09 21:18:37,653 [INFO] Época 6/30, Batch 3000/3348, Loss: 0.2254
2025-10-09 21:18:37,912 [INFO] Época 6/30, Batch 3050/3348, Loss: 0.2998
2025-10-09 21:18:38,169 [INFO] Época 6/30, Batch 3100/3348, Loss: 0.2562
2025-10-09 21:18:38,427 [INFO] Época 6/30, Batch 3150/3348, Loss: 0.3976
2025-10-09 21:18:38,686 [INFO] Época 6/30, Batch 3200/3348, Loss: 0.2971
2025-10-09 21:18:38,947 [INFO] Época 6/30, Batch 3250/3348, Loss: 0.3967
2025-10-09 21:18:39,205 [INFO] Época 6/30, Batch 3300/3348, Loss: 0.2527
2025-10-09 21:18:41,113 [INFO] [6/30] Train Loss: 0.3066 | Val Loss: 0.4850 | Tempo: 19.52s
2025-10-09 21:18:41,118 [INFO] Melhor modelo salvo em: /mnt/hdd/home/jdurao/ToolBox-ChemXAI/models/mlp_qm9_Morgan_att4_large.pth
2025-10-09 21:18:41,720 [INFO] Época 7/30, Batch 50/3348, Loss: 0.3242
2025-10-09 21:18:41,987 [INFO] Época 7/30, Batch 100/3348, Loss: 0.3092
2025-10-09 21:18:42,253 [INFO] Época 7/30, Batch 150/3348, Loss: 0.2713
2025-10-09 21:18:42,516 [INFO] Época 7/30, Batch 200/3348, Loss: 0.2776
2025-10-09 21:18:42,783 [INFO] Época 7/30, Batch 250/3348, Loss: 0.3018
2025-10-09 21:18:43,046 [INFO] Época 7/30, Batch 300/3348, Loss: 0.3782
2025-10-09 21:18:43,306 [INFO] Época 7/30, Batch 350/3348, Loss: 0.3759
2025-10-09 21:18:43,569 [INFO] Época 7/30, Batch 400/3348, Loss: 0.2177
2025-10-09 21:18:43,830 [INFO] Época 7/30, Batch 450/3348, Loss: 0.1825
2025-10-09 21:18:44,092 [INFO] Época 7/30, Batch 500/3348, Loss: 0.2448
2025-10-09 21:18:44,351 [INFO] Época 7/30, Batch 550/3348, Loss: 0.3289
2025-10-09 21:18:44,612 [INFO] Época 7/30, Batch 600/3348, Loss: 0.1866
2025-10-09 21:18:44,874 [INFO] Época 7/30, Batch 650/3348, Loss: 0.2827
2025-10-09 21:18:45,134 [INFO] Época 7/30, Batch 700/3348, Loss: 0.3104
2025-10-09 21:18:45,388 [INFO] Época 7/30, Batch 750/3348, Loss: 0.3284
2025-10-09 21:18:45,641 [INFO] Época 7/30, Batch 800/3348, Loss: 0.2332
2025-10-09 21:18:45,908 [INFO] Época 7/30, Batch 850/3348, Loss: 0.3635
2025-10-09 21:18:46,168 [INFO] Época 7/30, Batch 900/3348, Loss: 0.2658
2025-10-09 21:18:46,420 [INFO] Época 7/30, Batch 950/3348, Loss: 0.2865
2025-10-09 21:18:46,671 [INFO] Época 7/30, Batch 1000/3348, Loss: 0.3577
2025-10-09 21:18:46,924 [INFO] Época 7/30, Batch 1050/3348, Loss: 0.2419
2025-10-09 21:18:47,176 [INFO] Época 7/30, Batch 1100/3348, Loss: 0.3540
2025-10-09 21:18:47,429 [INFO] Época 7/30, Batch 1150/3348, Loss: 0.3612
2025-10-09 21:18:47,683 [INFO] Época 7/30, Batch 1200/3348, Loss: 0.2527
2025-10-09 21:18:47,939 [INFO] Época 7/30, Batch 1250/3348, Loss: 0.2781
2025-10-09 21:18:48,196 [INFO] Época 7/30, Batch 1300/3348, Loss: 0.3585
2025-10-09 21:18:48,455 [INFO] Época 7/30, Batch 1350/3348, Loss: 0.2726
2025-10-09 21:18:48,713 [INFO] Época 7/30, Batch 1400/3348, Loss: 0.2988
2025-10-09 21:18:48,972 [INFO] Época 7/30, Batch 1450/3348, Loss: 0.3186
2025-10-09 21:18:49,233 [INFO] Época 7/30, Batch 1500/3348, Loss: 0.3043
2025-10-09 21:18:49,491 [INFO] Época 7/30, Batch 1550/3348, Loss: 0.2577
2025-10-09 21:18:49,751 [INFO] Época 7/30, Batch 1600/3348, Loss: 0.2022
2025-10-09 21:18:50,012 [INFO] Época 7/30, Batch 1650/3348, Loss: 0.3227
2025-10-09 21:18:50,275 [INFO] Época 7/30, Batch 1700/3348, Loss: 0.2512
2025-10-09 21:18:50,542 [INFO] Época 7/30, Batch 1750/3348, Loss: 0.2012
2025-10-09 21:18:50,810 [INFO] Época 7/30, Batch 1800/3348, Loss: 0.3733
2025-10-09 21:18:51,076 [INFO] Época 7/30, Batch 1850/3348, Loss: 0.2692
2025-10-09 21:18:51,340 [INFO] Época 7/30, Batch 1900/3348, Loss: 0.2819
2025-10-09 21:18:51,602 [INFO] Época 7/30, Batch 1950/3348, Loss: 0.2564
2025-10-09 21:18:51,865 [INFO] Época 7/30, Batch 2000/3348, Loss: 0.2483
2025-10-09 21:18:52,131 [INFO] Época 7/30, Batch 2050/3348, Loss: 0.2699
2025-10-09 21:18:52,394 [INFO] Época 7/30, Batch 2100/3348, Loss: 0.2457
2025-10-09 21:18:52,657 [INFO] Época 7/30, Batch 2150/3348, Loss: 0.2471
2025-10-09 21:18:52,920 [INFO] Época 7/30, Batch 2200/3348, Loss: 0.2314
2025-10-09 21:18:53,183 [INFO] Época 7/30, Batch 2250/3348, Loss: 0.4110
2025-10-09 21:18:53,446 [INFO] Época 7/30, Batch 2300/3348, Loss: 0.2893
2025-10-09 21:18:53,709 [INFO] Época 7/30, Batch 2350/3348, Loss: 0.2916
2025-10-09 21:18:53,973 [INFO] Época 7/30, Batch 2400/3348, Loss: 0.2115
2025-10-09 21:18:54,240 [INFO] Época 7/30, Batch 2450/3348, Loss: 0.3763
2025-10-09 21:18:54,507 [INFO] Época 7/30, Batch 2500/3348, Loss: 0.3665
2025-10-09 21:18:54,769 [INFO] Época 7/30, Batch 2550/3348, Loss: 0.3590
2025-10-09 21:18:55,030 [INFO] Época 7/30, Batch 2600/3348, Loss: 0.3772
2025-10-09 21:18:55,291 [INFO] Época 7/30, Batch 2650/3348, Loss: 0.2992
2025-10-09 21:18:55,552 [INFO] Época 7/30, Batch 2700/3348, Loss: 0.2468
2025-10-09 21:18:55,815 [INFO] Época 7/30, Batch 2750/3348, Loss: 0.2450
2025-10-09 21:18:56,080 [INFO] Época 7/30, Batch 2800/3348, Loss: 0.2720
2025-10-09 21:18:56,344 [INFO] Época 7/30, Batch 2850/3348, Loss: 0.2168
2025-10-09 21:18:56,609 [INFO] Época 7/30, Batch 2900/3348, Loss: 0.2358
2025-10-09 21:18:56,873 [INFO] Época 7/30, Batch 2950/3348, Loss: 0.2988
2025-10-09 21:18:57,138 [INFO] Época 7/30, Batch 3000/3348, Loss: 0.3438
2025-10-09 21:18:57,402 [INFO] Época 7/30, Batch 3050/3348, Loss: 0.3045
2025-10-09 21:18:57,665 [INFO] Época 7/30, Batch 3100/3348, Loss: 0.2110
2025-10-09 21:18:57,932 [INFO] Época 7/30, Batch 3150/3348, Loss: 0.3241
2025-10-09 21:18:58,197 [INFO] Época 7/30, Batch 3200/3348, Loss: 0.2407
2025-10-09 21:18:58,463 [INFO] Época 7/30, Batch 3250/3348, Loss: 0.2415
2025-10-09 21:18:58,728 [INFO] Época 7/30, Batch 3300/3348, Loss: 0.2591
2025-10-09 21:19:00,557 [INFO] [7/30] Train Loss: 0.2931 | Val Loss: 0.5157 | Tempo: 19.44s
2025-10-09 21:19:01,176 [INFO] Época 8/30, Batch 50/3348, Loss: 0.3699
2025-10-09 21:19:01,459 [INFO] Época 8/30, Batch 100/3348, Loss: 0.3187
2025-10-09 21:19:01,732 [INFO] Época 8/30, Batch 150/3348, Loss: 0.1836
2025-10-09 21:19:02,002 [INFO] Época 8/30, Batch 200/3348, Loss: 0.2613
2025-10-09 21:19:02,271 [INFO] Época 8/30, Batch 250/3348, Loss: 0.4273
2025-10-09 21:19:02,534 [INFO] Época 8/30, Batch 300/3348, Loss: 0.2910
2025-10-09 21:19:02,801 [INFO] Época 8/30, Batch 350/3348, Loss: 0.2729
2025-10-09 21:19:03,067 [INFO] Época 8/30, Batch 400/3348, Loss: 0.2088
2025-10-09 21:19:03,330 [INFO] Época 8/30, Batch 450/3348, Loss: 0.2512
2025-10-09 21:19:03,593 [INFO] Época 8/30, Batch 500/3348, Loss: 0.2570
2025-10-09 21:19:03,859 [INFO] Época 8/30, Batch 550/3348, Loss: 0.2909
2025-10-09 21:19:04,121 [INFO] Época 8/30, Batch 600/3348, Loss: 0.2048
2025-10-09 21:19:04,384 [INFO] Época 8/30, Batch 650/3348, Loss: 0.2395
2025-10-09 21:19:04,638 [INFO] Época 8/30, Batch 700/3348, Loss: 0.1996
2025-10-09 21:19:04,890 [INFO] Época 8/30, Batch 750/3348, Loss: 0.2383
2025-10-09 21:19:05,150 [INFO] Época 8/30, Batch 800/3348, Loss: 0.2110
2025-10-09 21:19:05,408 [INFO] Época 8/30, Batch 850/3348, Loss: 0.2523
2025-10-09 21:19:05,669 [INFO] Época 8/30, Batch 900/3348, Loss: 0.2368
2025-10-09 21:19:05,928 [INFO] Época 8/30, Batch 950/3348, Loss: 0.2913
2025-10-09 21:19:06,188 [INFO] Época 8/30, Batch 1000/3348, Loss: 0.3872
2025-10-09 21:19:06,449 [INFO] Época 8/30, Batch 1050/3348, Loss: 0.2083
2025-10-09 21:19:06,701 [INFO] Época 8/30, Batch 1100/3348, Loss: 0.2321
2025-10-09 21:19:06,954 [INFO] Época 8/30, Batch 1150/3348, Loss: 0.3445
2025-10-09 21:19:07,217 [INFO] Época 8/30, Batch 1200/3348, Loss: 0.3118
2025-10-09 21:19:07,480 [INFO] Época 8/30, Batch 1250/3348, Loss: 0.2102
2025-10-09 21:19:07,746 [INFO] Época 8/30, Batch 1300/3348, Loss: 0.1942
2025-10-09 21:19:08,023 [INFO] Época 8/30, Batch 1350/3348, Loss: 0.3178
2025-10-09 21:19:08,287 [INFO] Época 8/30, Batch 1400/3348, Loss: 0.2034
2025-10-09 21:19:08,552 [INFO] Época 8/30, Batch 1450/3348, Loss: 0.2773
2025-10-09 21:19:08,827 [INFO] Época 8/30, Batch 1500/3348, Loss: 0.3256
2025-10-09 21:19:09,092 [INFO] Época 8/30, Batch 1550/3348, Loss: 0.2682
2025-10-09 21:19:09,355 [INFO] Época 8/30, Batch 1600/3348, Loss: 0.2361
2025-10-09 21:19:09,620 [INFO] Época 8/30, Batch 1650/3348, Loss: 0.3007
2025-10-09 21:19:09,883 [INFO] Época 8/30, Batch 1700/3348, Loss: 0.2864
2025-10-09 21:19:10,148 [INFO] Época 8/30, Batch 1750/3348, Loss: 0.3474
2025-10-09 21:19:10,410 [INFO] Época 8/30, Batch 1800/3348, Loss: 0.2170
2025-10-09 21:19:10,678 [INFO] Época 8/30, Batch 1850/3348, Loss: 0.3586
2025-10-09 21:19:10,957 [INFO] Época 8/30, Batch 1900/3348, Loss: 0.2765
2025-10-09 21:19:11,224 [INFO] Época 8/30, Batch 1950/3348, Loss: 0.2954
2025-10-09 21:19:11,491 [INFO] Época 8/30, Batch 2000/3348, Loss: 0.3208
2025-10-09 21:19:11,757 [INFO] Época 8/30, Batch 2050/3348, Loss: 0.3105
2025-10-09 21:19:12,023 [INFO] Época 8/30, Batch 2100/3348, Loss: 0.2323
2025-10-09 21:19:12,289 [INFO] Época 8/30, Batch 2150/3348, Loss: 0.2540
2025-10-09 21:19:12,555 [INFO] Época 8/30, Batch 2200/3348, Loss: 0.2204
2025-10-09 21:19:12,820 [INFO] Época 8/30, Batch 2250/3348, Loss: 0.3496
2025-10-09 21:19:13,086 [INFO] Época 8/30, Batch 2300/3348, Loss: 0.2072
2025-10-09 21:19:13,351 [INFO] Época 8/30, Batch 2350/3348, Loss: 0.3575
2025-10-09 21:19:13,615 [INFO] Época 8/30, Batch 2400/3348, Loss: 0.2377
2025-10-09 21:19:13,872 [INFO] Época 8/30, Batch 2450/3348, Loss: 0.2805
2025-10-09 21:19:14,130 [INFO] Época 8/30, Batch 2500/3348, Loss: 0.4160
2025-10-09 21:19:14,388 [INFO] Época 8/30, Batch 2550/3348, Loss: 0.3227
2025-10-09 21:19:14,665 [INFO] Época 8/30, Batch 2600/3348, Loss: 0.3589
2025-10-09 21:19:14,945 [INFO] Época 8/30, Batch 2650/3348, Loss: 0.2629
2025-10-09 21:19:15,214 [INFO] Época 8/30, Batch 2700/3348, Loss: 0.3214
2025-10-09 21:19:15,480 [INFO] Época 8/30, Batch 2750/3348, Loss: 0.3054
2025-10-09 21:19:15,747 [INFO] Época 8/30, Batch 2800/3348, Loss: 0.2458
2025-10-09 21:19:16,020 [INFO] Época 8/30, Batch 2850/3348, Loss: 0.2714
2025-10-09 21:19:16,302 [INFO] Época 8/30, Batch 2900/3348, Loss: 0.3243
2025-10-09 21:19:16,573 [INFO] Época 8/30, Batch 2950/3348, Loss: 0.1871
2025-10-09 21:19:16,840 [INFO] Época 8/30, Batch 3000/3348, Loss: 0.3446
2025-10-09 21:19:17,104 [INFO] Época 8/30, Batch 3050/3348, Loss: 0.2640
2025-10-09 21:19:17,369 [INFO] Época 8/30, Batch 3100/3348, Loss: 0.2752
2025-10-09 21:19:17,634 [INFO] Época 8/30, Batch 3150/3348, Loss: 0.2709
2025-10-09 21:19:17,901 [INFO] Época 8/30, Batch 3200/3348, Loss: 0.3118
2025-10-09 21:19:18,164 [INFO] Época 8/30, Batch 3250/3348, Loss: 0.1992
2025-10-09 21:19:18,430 [INFO] Época 8/30, Batch 3300/3348, Loss: 0.2840
2025-10-09 21:19:20,341 [INFO] [8/30] Train Loss: 0.2814 | Val Loss: 0.5179 | Tempo: 19.78s
2025-10-09 21:19:20,998 [INFO] Época 9/30, Batch 50/3348, Loss: 0.3118
2025-10-09 21:19:21,273 [INFO] Época 9/30, Batch 100/3348, Loss: 0.3048
2025-10-09 21:19:21,545 [INFO] Época 9/30, Batch 150/3348, Loss: 0.2246
2025-10-09 21:19:21,814 [INFO] Época 9/30, Batch 200/3348, Loss: 0.2329
2025-10-09 21:19:22,082 [INFO] Época 9/30, Batch 250/3348, Loss: 0.2022
2025-10-09 21:19:22,350 [INFO] Época 9/30, Batch 300/3348, Loss: 0.2460
2025-10-09 21:19:22,613 [INFO] Época 9/30, Batch 350/3348, Loss: 0.2995
2025-10-09 21:19:22,878 [INFO] Época 9/30, Batch 400/3348, Loss: 0.2200
2025-10-09 21:19:23,141 [INFO] Época 9/30, Batch 450/3348, Loss: 0.2865
2025-10-09 21:19:23,404 [INFO] Época 9/30, Batch 500/3348, Loss: 0.3241
2025-10-09 21:19:23,669 [INFO] Época 9/30, Batch 550/3348, Loss: 0.2988
2025-10-09 21:19:23,932 [INFO] Época 9/30, Batch 600/3348, Loss: 0.2611
2025-10-09 21:19:24,194 [INFO] Época 9/30, Batch 650/3348, Loss: 0.3931
2025-10-09 21:19:24,467 [INFO] Época 9/30, Batch 700/3348, Loss: 0.2485
2025-10-09 21:19:24,727 [INFO] Época 9/30, Batch 750/3348, Loss: 0.3774
2025-10-09 21:19:24,992 [INFO] Época 9/30, Batch 800/3348, Loss: 0.2575
2025-10-09 21:19:25,252 [INFO] Época 9/30, Batch 850/3348, Loss: 0.3278
2025-10-09 21:19:25,505 [INFO] Época 9/30, Batch 900/3348, Loss: 0.2513
2025-10-09 21:19:25,756 [INFO] Época 9/30, Batch 950/3348, Loss: 0.2350
2025-10-09 21:19:26,010 [INFO] Época 9/30, Batch 1000/3348, Loss: 0.4314
2025-10-09 21:19:26,265 [INFO] Época 9/30, Batch 1050/3348, Loss: 0.2688
2025-10-09 21:19:26,520 [INFO] Época 9/30, Batch 1100/3348, Loss: 0.2675
2025-10-09 21:19:26,775 [INFO] Época 9/30, Batch 1150/3348, Loss: 0.2830
2025-10-09 21:19:27,032 [INFO] Época 9/30, Batch 1200/3348, Loss: 0.2374
2025-10-09 21:19:27,292 [INFO] Época 9/30, Batch 1250/3348, Loss: 0.2250
2025-10-09 21:19:27,553 [INFO] Época 9/30, Batch 1300/3348, Loss: 0.3273
2025-10-09 21:19:27,817 [INFO] Época 9/30, Batch 1350/3348, Loss: 0.2928
2025-10-09 21:19:28,078 [INFO] Época 9/30, Batch 1400/3348, Loss: 0.2585
2025-10-09 21:19:28,337 [INFO] Época 9/30, Batch 1450/3348, Loss: 0.2402
2025-10-09 21:19:28,599 [INFO] Época 9/30, Batch 1500/3348, Loss: 0.3000
2025-10-09 21:19:28,862 [INFO] Época 9/30, Batch 1550/3348, Loss: 0.2254
2025-10-09 21:19:29,125 [INFO] Época 9/30, Batch 1600/3348, Loss: 0.2388
2025-10-09 21:19:29,385 [INFO] Época 9/30, Batch 1650/3348, Loss: 0.3162
2025-10-09 21:19:29,646 [INFO] Época 9/30, Batch 1700/3348, Loss: 0.3520
2025-10-09 21:19:29,907 [INFO] Época 9/30, Batch 1750/3348, Loss: 0.2546
2025-10-09 21:19:30,167 [INFO] Época 9/30, Batch 1800/3348, Loss: 0.2955
2025-10-09 21:19:30,427 [INFO] Época 9/30, Batch 1850/3348, Loss: 0.2457
2025-10-09 21:19:30,688 [INFO] Época 9/30, Batch 1900/3348, Loss: 0.3633
2025-10-09 21:19:30,949 [INFO] Época 9/30, Batch 1950/3348, Loss: 0.3560
2025-10-09 21:19:31,210 [INFO] Época 9/30, Batch 2000/3348, Loss: 0.2769
2025-10-09 21:19:31,471 [INFO] Época 9/30, Batch 2050/3348, Loss: 0.3574
2025-10-09 21:19:31,733 [INFO] Época 9/30, Batch 2100/3348, Loss: 0.2301
2025-10-09 21:19:31,995 [INFO] Época 9/30, Batch 2150/3348, Loss: 0.2813
2025-10-09 21:19:32,258 [INFO] Época 9/30, Batch 2200/3348, Loss: 0.2687
2025-10-09 21:19:32,521 [INFO] Época 9/30, Batch 2250/3348, Loss: 0.2385
2025-10-09 21:19:32,784 [INFO] Época 9/30, Batch 2300/3348, Loss: 0.3177
2025-10-09 21:19:33,046 [INFO] Época 9/30, Batch 2350/3348, Loss: 0.2880
2025-10-09 21:19:33,307 [INFO] Época 9/30, Batch 2400/3348, Loss: 0.2534
2025-10-09 21:19:33,571 [INFO] Época 9/30, Batch 2450/3348, Loss: 0.2033
2025-10-09 21:19:33,832 [INFO] Época 9/30, Batch 2500/3348, Loss: 0.3134
2025-10-09 21:19:34,094 [INFO] Época 9/30, Batch 2550/3348, Loss: 0.3040
2025-10-09 21:19:34,358 [INFO] Época 9/30, Batch 2600/3348, Loss: 0.2929
2025-10-09 21:19:34,620 [INFO] Época 9/30, Batch 2650/3348, Loss: 0.2942
2025-10-09 21:19:34,884 [INFO] Época 9/30, Batch 2700/3348, Loss: 0.2323
2025-10-09 21:19:35,148 [INFO] Época 9/30, Batch 2750/3348, Loss: 0.2528
2025-10-09 21:19:35,413 [INFO] Época 9/30, Batch 2800/3348, Loss: 0.2565
2025-10-09 21:19:35,677 [INFO] Época 9/30, Batch 2850/3348, Loss: 0.3013
2025-10-09 21:19:35,940 [INFO] Época 9/30, Batch 2900/3348, Loss: 0.2649
2025-10-09 21:19:36,204 [INFO] Época 9/30, Batch 2950/3348, Loss: 0.2241
2025-10-09 21:19:36,470 [INFO] Época 9/30, Batch 3000/3348, Loss: 0.3633
2025-10-09 21:19:36,737 [INFO] Época 9/30, Batch 3050/3348, Loss: 0.2779
2025-10-09 21:19:37,005 [INFO] Época 9/30, Batch 3100/3348, Loss: 0.2841
2025-10-09 21:19:37,272 [INFO] Época 9/30, Batch 3150/3348, Loss: 0.1901
2025-10-09 21:19:37,538 [INFO] Época 9/30, Batch 3200/3348, Loss: 0.2383
2025-10-09 21:19:37,805 [INFO] Época 9/30, Batch 3250/3348, Loss: 0.3365
2025-10-09 21:19:38,071 [INFO] Época 9/30, Batch 3300/3348, Loss: 0.3659
2025-10-09 21:19:39,923 [INFO] [9/30] Train Loss: 0.2718 | Val Loss: 0.5445 | Tempo: 19.58s
2025-10-09 21:19:40,514 [INFO] Época 10/30, Batch 50/3348, Loss: 0.2490
2025-10-09 21:19:40,789 [INFO] Época 10/30, Batch 100/3348, Loss: 0.2421
2025-10-09 21:19:41,058 [INFO] Época 10/30, Batch 150/3348, Loss: 0.2239
2025-10-09 21:19:41,326 [INFO] Época 10/30, Batch 200/3348, Loss: 0.3043
2025-10-09 21:19:41,592 [INFO] Época 10/30, Batch 250/3348, Loss: 0.1699
2025-10-09 21:19:41,859 [INFO] Época 10/30, Batch 300/3348, Loss: 0.1994
2025-10-09 21:19:42,127 [INFO] Época 10/30, Batch 350/3348, Loss: 0.2397
2025-10-09 21:19:42,392 [INFO] Época 10/30, Batch 400/3348, Loss: 0.2041
2025-10-09 21:19:42,656 [INFO] Época 10/30, Batch 450/3348, Loss: 0.3132
2025-10-09 21:19:42,920 [INFO] Época 10/30, Batch 500/3348, Loss: 0.3017
2025-10-09 21:19:43,184 [INFO] Época 10/30, Batch 550/3348, Loss: 0.3227
2025-10-09 21:19:43,449 [INFO] Época 10/30, Batch 600/3348, Loss: 0.2746
2025-10-09 21:19:43,710 [INFO] Época 10/30, Batch 650/3348, Loss: 0.1894
2025-10-09 21:19:43,970 [INFO] Época 10/30, Batch 700/3348, Loss: 0.2648
2025-10-09 21:19:44,231 [INFO] Época 10/30, Batch 750/3348, Loss: 0.2745
2025-10-09 21:19:44,495 [INFO] Época 10/30, Batch 800/3348, Loss: 0.2483
2025-10-09 21:19:44,752 [INFO] Época 10/30, Batch 850/3348, Loss: 0.2450
2025-10-09 21:19:45,009 [INFO] Época 10/30, Batch 900/3348, Loss: 0.3179
2025-10-09 21:19:45,265 [INFO] Época 10/30, Batch 950/3348, Loss: 0.2449
2025-10-09 21:19:45,522 [INFO] Época 10/30, Batch 1000/3348, Loss: 0.2962
2025-10-09 21:19:45,779 [INFO] Época 10/30, Batch 1050/3348, Loss: 0.2717
2025-10-09 21:19:46,039 [INFO] Época 10/30, Batch 1100/3348, Loss: 0.2111
2025-10-09 21:19:46,302 [INFO] Época 10/30, Batch 1150/3348, Loss: 0.2404
2025-10-09 21:19:46,569 [INFO] Época 10/30, Batch 1200/3348, Loss: 0.1983
2025-10-09 21:19:46,842 [INFO] Época 10/30, Batch 1250/3348, Loss: 0.3008
2025-10-09 21:19:47,114 [INFO] Época 10/30, Batch 1300/3348, Loss: 0.3160
2025-10-09 21:19:47,387 [INFO] Época 10/30, Batch 1350/3348, Loss: 0.3576
2025-10-09 21:19:47,659 [INFO] Época 10/30, Batch 1400/3348, Loss: 0.1745
2025-10-09 21:19:47,931 [INFO] Época 10/30, Batch 1450/3348, Loss: 0.2177
2025-10-09 21:19:48,205 [INFO] Época 10/30, Batch 1500/3348, Loss: 0.2537
2025-10-09 21:19:48,480 [INFO] Época 10/30, Batch 1550/3348, Loss: 0.2751
2025-10-09 21:19:48,743 [INFO] Época 10/30, Batch 1600/3348, Loss: 0.2443
2025-10-09 21:19:49,007 [INFO] Época 10/30, Batch 1650/3348, Loss: 0.2212
2025-10-09 21:19:49,269 [INFO] Época 10/30, Batch 1700/3348, Loss: 0.2299
2025-10-09 21:19:49,530 [INFO] Época 10/30, Batch 1750/3348, Loss: 0.2934
2025-10-09 21:19:49,791 [INFO] Época 10/30, Batch 1800/3348, Loss: 0.2985
2025-10-09 21:19:50,054 [INFO] Época 10/30, Batch 1850/3348, Loss: 0.2684
2025-10-09 21:19:50,316 [INFO] Época 10/30, Batch 1900/3348, Loss: 0.2834
2025-10-09 21:19:50,579 [INFO] Época 10/30, Batch 1950/3348, Loss: 0.2746
2025-10-09 21:19:50,840 [INFO] Época 10/30, Batch 2000/3348, Loss: 0.1562
2025-10-09 21:19:51,101 [INFO] Época 10/30, Batch 2050/3348, Loss: 0.2689
2025-10-09 21:19:51,364 [INFO] Época 10/30, Batch 2100/3348, Loss: 0.2451
2025-10-09 21:19:51,628 [INFO] Época 10/30, Batch 2150/3348, Loss: 0.2653
2025-10-09 21:19:51,890 [INFO] Época 10/30, Batch 2200/3348, Loss: 0.2480
2025-10-09 21:19:52,152 [INFO] Época 10/30, Batch 2250/3348, Loss: 0.2613
2025-10-09 21:19:52,414 [INFO] Época 10/30, Batch 2300/3348, Loss: 0.3663
2025-10-09 21:19:52,676 [INFO] Época 10/30, Batch 2350/3348, Loss: 0.2434
2025-10-09 21:19:52,943 [INFO] Época 10/30, Batch 2400/3348, Loss: 0.2395
2025-10-09 21:19:53,205 [INFO] Época 10/30, Batch 2450/3348, Loss: 0.2474
2025-10-09 21:19:53,476 [INFO] Época 10/30, Batch 2500/3348, Loss: 0.2845
2025-10-09 21:19:53,741 [INFO] Época 10/30, Batch 2550/3348, Loss: 0.1694
2025-10-09 21:19:54,005 [INFO] Época 10/30, Batch 2600/3348, Loss: 0.2410
2025-10-09 21:19:54,272 [INFO] Época 10/30, Batch 2650/3348, Loss: 0.2796
2025-10-09 21:19:54,533 [INFO] Época 10/30, Batch 2700/3348, Loss: 0.2650
2025-10-09 21:19:54,793 [INFO] Época 10/30, Batch 2750/3348, Loss: 0.2259
2025-10-09 21:19:55,054 [INFO] Época 10/30, Batch 2800/3348, Loss: 0.1823
2025-10-09 21:19:55,323 [INFO] Época 10/30, Batch 2850/3348, Loss: 0.3325
2025-10-09 21:19:55,593 [INFO] Época 10/30, Batch 2900/3348, Loss: 0.2102
2025-10-09 21:19:55,862 [INFO] Época 10/30, Batch 2950/3348, Loss: 0.2867
2025-10-09 21:19:56,132 [INFO] Época 10/30, Batch 3000/3348, Loss: 0.1984
2025-10-09 21:19:56,402 [INFO] Época 10/30, Batch 3050/3348, Loss: 0.3585
2025-10-09 21:19:56,672 [INFO] Época 10/30, Batch 3100/3348, Loss: 0.2759
2025-10-09 21:19:56,943 [INFO] Época 10/30, Batch 3150/3348, Loss: 0.2586
2025-10-09 21:19:57,212 [INFO] Época 10/30, Batch 3200/3348, Loss: 0.2493
2025-10-09 21:19:57,483 [INFO] Época 10/30, Batch 3250/3348, Loss: 0.3084
2025-10-09 21:19:57,752 [INFO] Época 10/30, Batch 3300/3348, Loss: 0.3284
2025-10-09 21:19:59,738 [INFO] [10/30] Train Loss: 0.2627 | Val Loss: 0.5372 | Tempo: 19.81s
2025-10-09 21:20:00,383 [INFO] Época 11/30, Batch 50/3348, Loss: 0.3335
2025-10-09 21:20:00,656 [INFO] Época 11/30, Batch 100/3348, Loss: 0.1977
2025-10-09 21:20:00,923 [INFO] Época 11/30, Batch 150/3348, Loss: 0.2673
2025-10-09 21:20:01,190 [INFO] Época 11/30, Batch 200/3348, Loss: 0.2447
2025-10-09 21:20:01,460 [INFO] Época 11/30, Batch 250/3348, Loss: 0.2912
2025-10-09 21:20:01,730 [INFO] Época 11/30, Batch 300/3348, Loss: 0.2562
2025-10-09 21:20:02,010 [INFO] Época 11/30, Batch 350/3348, Loss: 0.1930
2025-10-09 21:20:02,290 [INFO] Época 11/30, Batch 400/3348, Loss: 0.2504
2025-10-09 21:20:02,570 [INFO] Época 11/30, Batch 450/3348, Loss: 0.3003
2025-10-09 21:20:02,858 [INFO] Época 11/30, Batch 500/3348, Loss: 0.2700
2025-10-09 21:20:03,140 [INFO] Época 11/30, Batch 550/3348, Loss: 0.2981
2025-10-09 21:20:03,423 [INFO] Época 11/30, Batch 600/3348, Loss: 0.2916
2025-10-09 21:20:03,686 [INFO] Época 11/30, Batch 650/3348, Loss: 0.2736
2025-10-09 21:20:03,937 [INFO] Época 11/30, Batch 700/3348, Loss: 0.2088
2025-10-09 21:20:04,196 [INFO] Época 11/30, Batch 750/3348, Loss: 0.2181
2025-10-09 21:20:04,455 [INFO] Época 11/30, Batch 800/3348, Loss: 0.2401
2025-10-09 21:20:04,713 [INFO] Época 11/30, Batch 850/3348, Loss: 0.2385
2025-10-09 21:20:04,978 [INFO] Época 11/30, Batch 900/3348, Loss: 0.1899
2025-10-09 21:20:05,246 [INFO] Época 11/30, Batch 950/3348, Loss: 0.1920
2025-10-09 21:20:05,512 [INFO] Época 11/30, Batch 1000/3348, Loss: 0.3276
2025-10-09 21:20:05,774 [INFO] Época 11/30, Batch 1050/3348, Loss: 0.5171
2025-10-09 21:20:06,029 [INFO] Época 11/30, Batch 1100/3348, Loss: 0.2447
2025-10-09 21:20:06,289 [INFO] Época 11/30, Batch 1150/3348, Loss: 0.2675
2025-10-09 21:20:06,550 [INFO] Época 11/30, Batch 1200/3348, Loss: 0.4189
2025-10-09 21:20:06,821 [INFO] Época 11/30, Batch 1250/3348, Loss: 0.2190
2025-10-09 21:20:07,087 [INFO] Época 11/30, Batch 1300/3348, Loss: 0.2707
2025-10-09 21:20:07,351 [INFO] Época 11/30, Batch 1350/3348, Loss: 0.2202
2025-10-09 21:20:07,628 [INFO] Época 11/30, Batch 1400/3348, Loss: 0.2953
2025-10-09 21:20:07,891 [INFO] Época 11/30, Batch 1450/3348, Loss: 0.2551
2025-10-09 21:20:08,155 [INFO] Época 11/30, Batch 1500/3348, Loss: 0.2336
2025-10-09 21:20:08,418 [INFO] Época 11/30, Batch 1550/3348, Loss: 0.3522
2025-10-09 21:20:08,682 [INFO] Época 11/30, Batch 1600/3348, Loss: 0.2512
2025-10-09 21:20:08,956 [INFO] Época 11/30, Batch 1650/3348, Loss: 0.2681
2025-10-09 21:20:09,233 [INFO] Época 11/30, Batch 1700/3348, Loss: 0.1690
2025-10-09 21:20:09,523 [INFO] Época 11/30, Batch 1750/3348, Loss: 0.2373
2025-10-09 21:20:09,793 [INFO] Época 11/30, Batch 1800/3348, Loss: 0.3474
2025-10-09 21:20:10,061 [INFO] Época 11/30, Batch 1850/3348, Loss: 0.1958
2025-10-09 21:20:10,329 [INFO] Época 11/30, Batch 1900/3348, Loss: 0.2611
2025-10-09 21:20:10,592 [INFO] Época 11/30, Batch 1950/3348, Loss: 0.2387
2025-10-09 21:20:10,862 [INFO] Época 11/30, Batch 2000/3348, Loss: 0.2222
2025-10-09 21:20:11,127 [INFO] Época 11/30, Batch 2050/3348, Loss: 0.2275
2025-10-09 21:20:11,395 [INFO] Época 11/30, Batch 2100/3348, Loss: 0.2986
2025-10-09 21:20:11,663 [INFO] Época 11/30, Batch 2150/3348, Loss: 0.2807
2025-10-09 21:20:11,939 [INFO] Época 11/30, Batch 2200/3348, Loss: 0.2862
2025-10-09 21:20:12,214 [INFO] Época 11/30, Batch 2250/3348, Loss: 0.2026
2025-10-09 21:20:12,482 [INFO] Época 11/30, Batch 2300/3348, Loss: 0.2756
2025-10-09 21:20:12,750 [INFO] Época 11/30, Batch 2350/3348, Loss: 0.2749
2025-10-09 21:20:13,026 [INFO] Época 11/30, Batch 2400/3348, Loss: 0.2087
2025-10-09 21:20:13,301 [INFO] Época 11/30, Batch 2450/3348, Loss: 0.3007
2025-10-09 21:20:13,578 [INFO] Época 11/30, Batch 2500/3348, Loss: 0.3082
2025-10-09 21:20:13,852 [INFO] Época 11/30, Batch 2550/3348, Loss: 0.2444
2025-10-09 21:20:14,128 [INFO] Época 11/30, Batch 2600/3348, Loss: 0.2496
2025-10-09 21:20:14,405 [INFO] Época 11/30, Batch 2650/3348, Loss: 0.2800
2025-10-09 21:20:14,676 [INFO] Época 11/30, Batch 2700/3348, Loss: 0.3346
2025-10-09 21:20:14,945 [INFO] Época 11/30, Batch 2750/3348, Loss: 0.3350
2025-10-09 21:20:15,205 [INFO] Época 11/30, Batch 2800/3348, Loss: 0.2434
2025-10-09 21:20:15,464 [INFO] Época 11/30, Batch 2850/3348, Loss: 0.1874
2025-10-09 21:20:15,726 [INFO] Época 11/30, Batch 2900/3348, Loss: 0.2898
2025-10-09 21:20:15,985 [INFO] Época 11/30, Batch 2950/3348, Loss: 0.2154
2025-10-09 21:20:16,249 [INFO] Época 11/30, Batch 3000/3348, Loss: 0.3214
2025-10-09 21:20:16,520 [INFO] Época 11/30, Batch 3050/3348, Loss: 0.2778
2025-10-09 21:20:16,791 [INFO] Época 11/30, Batch 3100/3348, Loss: 0.2807
2025-10-09 21:20:17,062 [INFO] Época 11/30, Batch 3150/3348, Loss: 0.1883
2025-10-09 21:20:17,334 [INFO] Época 11/30, Batch 3200/3348, Loss: 0.2817
2025-10-09 21:20:17,600 [INFO] Época 11/30, Batch 3250/3348, Loss: 0.2760
2025-10-09 21:20:17,873 [INFO] Época 11/30, Batch 3300/3348, Loss: 0.3810
2025-10-09 21:20:19,731 [INFO] [11/30] Train Loss: 0.2552 | Val Loss: 0.5191 | Tempo: 19.99s
2025-10-09 21:20:20,339 [INFO] Época 12/30, Batch 50/3348, Loss: 0.1580
2025-10-09 21:20:20,615 [INFO] Época 12/30, Batch 100/3348, Loss: 0.2541
2025-10-09 21:20:20,889 [INFO] Época 12/30, Batch 150/3348, Loss: 0.1566
2025-10-09 21:20:21,160 [INFO] Época 12/30, Batch 200/3348, Loss: 0.2440
2025-10-09 21:20:21,433 [INFO] Época 12/30, Batch 250/3348, Loss: 0.2124
2025-10-09 21:20:21,707 [INFO] Época 12/30, Batch 300/3348, Loss: 0.2479
2025-10-09 21:20:21,984 [INFO] Época 12/30, Batch 350/3348, Loss: 0.2988
2025-10-09 21:20:22,257 [INFO] Época 12/30, Batch 400/3348, Loss: 0.3357
2025-10-09 21:20:22,531 [INFO] Época 12/30, Batch 450/3348, Loss: 0.2246
2025-10-09 21:20:22,803 [INFO] Época 12/30, Batch 500/3348, Loss: 0.2793
2025-10-09 21:20:23,077 [INFO] Época 12/30, Batch 550/3348, Loss: 0.2462
2025-10-09 21:20:23,351 [INFO] Época 12/30, Batch 600/3348, Loss: 0.2236
2025-10-09 21:20:23,618 [INFO] Época 12/30, Batch 650/3348, Loss: 0.2623
2025-10-09 21:20:23,882 [INFO] Época 12/30, Batch 700/3348, Loss: 0.4045
2025-10-09 21:20:24,145 [INFO] Época 12/30, Batch 750/3348, Loss: 0.2300
2025-10-09 21:20:24,409 [INFO] Época 12/30, Batch 800/3348, Loss: 0.1785
2025-10-09 21:20:24,684 [INFO] Época 12/30, Batch 850/3348, Loss: 0.2983
2025-10-09 21:20:24,959 [INFO] Época 12/30, Batch 900/3348, Loss: 0.2507
2025-10-09 21:20:25,226 [INFO] Época 12/30, Batch 950/3348, Loss: 0.2159
2025-10-09 21:20:25,489 [INFO] Época 12/30, Batch 1000/3348, Loss: 0.1984
2025-10-09 21:20:25,752 [INFO] Época 12/30, Batch 1050/3348, Loss: 0.2433
2025-10-09 21:20:26,016 [INFO] Época 12/30, Batch 1100/3348, Loss: 0.2506
2025-10-09 21:20:26,289 [INFO] Época 12/30, Batch 1150/3348, Loss: 0.2453
2025-10-09 21:20:26,560 [INFO] Época 12/30, Batch 1200/3348, Loss: 0.1683
2025-10-09 21:20:26,829 [INFO] Época 12/30, Batch 1250/3348, Loss: 0.2412
2025-10-09 21:20:27,098 [INFO] Época 12/30, Batch 1300/3348, Loss: 0.3170
2025-10-09 21:20:27,367 [INFO] Época 12/30, Batch 1350/3348, Loss: 0.2090
2025-10-09 21:20:27,639 [INFO] Época 12/30, Batch 1400/3348, Loss: 0.3272
2025-10-09 21:20:27,913 [INFO] Época 12/30, Batch 1450/3348, Loss: 0.2543
2025-10-09 21:20:28,186 [INFO] Época 12/30, Batch 1500/3348, Loss: 0.2122
2025-10-09 21:20:28,459 [INFO] Época 12/30, Batch 1550/3348, Loss: 0.2416
2025-10-09 21:20:28,732 [INFO] Época 12/30, Batch 1600/3348, Loss: 0.2106
2025-10-09 21:20:28,998 [INFO] Época 12/30, Batch 1650/3348, Loss: 0.2074
2025-10-09 21:20:29,261 [INFO] Época 12/30, Batch 1700/3348, Loss: 0.2101
2025-10-09 21:20:29,525 [INFO] Época 12/30, Batch 1750/3348, Loss: 0.3710
2025-10-09 21:20:29,791 [INFO] Época 12/30, Batch 1800/3348, Loss: 0.3077
2025-10-09 21:20:30,054 [INFO] Época 12/30, Batch 1850/3348, Loss: 0.2438
2025-10-09 21:20:30,327 [INFO] Época 12/30, Batch 1900/3348, Loss: 0.2289
2025-10-09 21:20:30,600 [INFO] Época 12/30, Batch 1950/3348, Loss: 0.2409
2025-10-09 21:20:30,862 [INFO] Época 12/30, Batch 2000/3348, Loss: 0.1869
2025-10-09 21:20:31,128 [INFO] Época 12/30, Batch 2050/3348, Loss: 0.1761
2025-10-09 21:20:31,404 [INFO] Época 12/30, Batch 2100/3348, Loss: 0.2717
2025-10-09 21:20:31,680 [INFO] Época 12/30, Batch 2150/3348, Loss: 0.3747
2025-10-09 21:20:31,954 [INFO] Época 12/30, Batch 2200/3348, Loss: 0.2198
2025-10-09 21:20:32,228 [INFO] Época 12/30, Batch 2250/3348, Loss: 0.2752
2025-10-09 21:20:32,499 [INFO] Época 12/30, Batch 2300/3348, Loss: 0.2779
2025-10-09 21:20:32,774 [INFO] Época 12/30, Batch 2350/3348, Loss: 0.2007
2025-10-09 21:20:33,051 [INFO] Época 12/30, Batch 2400/3348, Loss: 0.2829
2025-10-09 21:20:33,330 [INFO] Época 12/30, Batch 2450/3348, Loss: 0.3759
2025-10-09 21:20:33,603 [INFO] Época 12/30, Batch 2500/3348, Loss: 0.3594
2025-10-09 21:20:33,877 [INFO] Época 12/30, Batch 2550/3348, Loss: 0.3154
2025-10-09 21:20:34,149 [INFO] Época 12/30, Batch 2600/3348, Loss: 0.2549
2025-10-09 21:20:34,422 [INFO] Época 12/30, Batch 2650/3348, Loss: 0.2398
2025-10-09 21:20:34,691 [INFO] Época 12/30, Batch 2700/3348, Loss: 0.1802
2025-10-09 21:20:34,956 [INFO] Época 12/30, Batch 2750/3348, Loss: 0.2059
2025-10-09 21:20:35,219 [INFO] Época 12/30, Batch 2800/3348, Loss: 0.2089
2025-10-09 21:20:35,484 [INFO] Época 12/30, Batch 2850/3348, Loss: 0.2564
2025-10-09 21:20:35,750 [INFO] Época 12/30, Batch 2900/3348, Loss: 0.3191
2025-10-09 21:20:36,016 [INFO] Época 12/30, Batch 2950/3348, Loss: 0.3022
2025-10-09 21:20:36,282 [INFO] Época 12/30, Batch 3000/3348, Loss: 0.2577
2025-10-09 21:20:36,554 [INFO] Época 12/30, Batch 3050/3348, Loss: 0.2184
2025-10-09 21:20:36,827 [INFO] Época 12/30, Batch 3100/3348, Loss: 0.3473
2025-10-09 21:20:37,099 [INFO] Época 12/30, Batch 3150/3348, Loss: 0.2806
2025-10-09 21:20:37,370 [INFO] Época 12/30, Batch 3200/3348, Loss: 0.2996
2025-10-09 21:20:37,644 [INFO] Época 12/30, Batch 3250/3348, Loss: 0.2071
2025-10-09 21:20:37,917 [INFO] Época 12/30, Batch 3300/3348, Loss: 0.2126
2025-10-09 21:20:39,763 [INFO] [12/30] Train Loss: 0.2479 | Val Loss: 0.5459 | Tempo: 20.03s
2025-10-09 21:20:40,367 [INFO] Época 13/30, Batch 50/3348, Loss: 0.1961
2025-10-09 21:20:40,640 [INFO] Época 13/30, Batch 100/3348, Loss: 0.1741
2025-10-09 21:20:40,907 [INFO] Época 13/30, Batch 150/3348, Loss: 0.3010
2025-10-09 21:20:41,175 [INFO] Época 13/30, Batch 200/3348, Loss: 0.2833
2025-10-09 21:20:41,441 [INFO] Época 13/30, Batch 250/3348, Loss: 0.2550
2025-10-09 21:20:41,705 [INFO] Época 13/30, Batch 300/3348, Loss: 0.2293
2025-10-09 21:20:41,967 [INFO] Época 13/30, Batch 350/3348, Loss: 0.1587
2025-10-09 21:20:42,230 [INFO] Época 13/30, Batch 400/3348, Loss: 0.2697
2025-10-09 21:20:42,494 [INFO] Época 13/30, Batch 450/3348, Loss: 0.2699
2025-10-09 21:20:42,758 [INFO] Época 13/30, Batch 500/3348, Loss: 0.1988
2025-10-09 21:20:43,020 [INFO] Época 13/30, Batch 550/3348, Loss: 0.2528
2025-10-09 21:20:43,281 [INFO] Época 13/30, Batch 600/3348, Loss: 0.2416
2025-10-09 21:20:43,541 [INFO] Época 13/30, Batch 650/3348, Loss: 0.2578
2025-10-09 21:20:43,799 [INFO] Época 13/30, Batch 700/3348, Loss: 0.2368
2025-10-09 21:20:44,050 [INFO] Época 13/30, Batch 750/3348, Loss: 0.2560
2025-10-09 21:20:44,309 [INFO] Época 13/30, Batch 800/3348, Loss: 0.2208
2025-10-09 21:20:44,571 [INFO] Época 13/30, Batch 850/3348, Loss: 0.2406
2025-10-09 21:20:44,832 [INFO] Época 13/30, Batch 900/3348, Loss: 0.2290
2025-10-09 21:20:45,092 [INFO] Época 13/30, Batch 950/3348, Loss: 0.2263
2025-10-09 21:20:45,350 [INFO] Época 13/30, Batch 1000/3348, Loss: 0.2355
2025-10-09 21:20:45,608 [INFO] Época 13/30, Batch 1050/3348, Loss: 0.4502
2025-10-09 21:20:45,860 [INFO] Época 13/30, Batch 1100/3348, Loss: 0.2067
2025-10-09 21:20:46,110 [INFO] Época 13/30, Batch 1150/3348, Loss: 0.2668
2025-10-09 21:20:46,370 [INFO] Época 13/30, Batch 1200/3348, Loss: 0.2468
2025-10-09 21:20:46,629 [INFO] Época 13/30, Batch 1250/3348, Loss: 0.2208
2025-10-09 21:20:46,887 [INFO] Época 13/30, Batch 1300/3348, Loss: 0.2754
2025-10-09 21:20:47,145 [INFO] Época 13/30, Batch 1350/3348, Loss: 0.1553
2025-10-09 21:20:47,403 [INFO] Época 13/30, Batch 1400/3348, Loss: 0.2568
2025-10-09 21:20:47,662 [INFO] Época 13/30, Batch 1450/3348, Loss: 0.1693
2025-10-09 21:20:47,922 [INFO] Época 13/30, Batch 1500/3348, Loss: 0.2240
2025-10-09 21:20:48,184 [INFO] Época 13/30, Batch 1550/3348, Loss: 0.2547
2025-10-09 21:20:48,443 [INFO] Época 13/30, Batch 1600/3348, Loss: 0.3323
2025-10-09 21:20:48,704 [INFO] Época 13/30, Batch 1650/3348, Loss: 0.2311
2025-10-09 21:20:48,964 [INFO] Época 13/30, Batch 1700/3348, Loss: 0.2574
2025-10-09 21:20:49,226 [INFO] Época 13/30, Batch 1750/3348, Loss: 0.4469
2025-10-09 21:20:49,487 [INFO] Época 13/30, Batch 1800/3348, Loss: 0.2859
2025-10-09 21:20:49,748 [INFO] Época 13/30, Batch 1850/3348, Loss: 0.2881
2025-10-09 21:20:50,010 [INFO] Época 13/30, Batch 1900/3348, Loss: 0.2674
2025-10-09 21:20:50,272 [INFO] Época 13/30, Batch 1950/3348, Loss: 0.2625
2025-10-09 21:20:50,535 [INFO] Época 13/30, Batch 2000/3348, Loss: 0.1465
2025-10-09 21:20:50,795 [INFO] Época 13/30, Batch 2050/3348, Loss: 0.2509
2025-10-09 21:20:51,055 [INFO] Época 13/30, Batch 2100/3348, Loss: 0.1899
2025-10-09 21:20:51,315 [INFO] Época 13/30, Batch 2150/3348, Loss: 0.2575
2025-10-09 21:20:51,574 [INFO] Época 13/30, Batch 2200/3348, Loss: 0.2715
2025-10-09 21:20:51,835 [INFO] Época 13/30, Batch 2250/3348, Loss: 0.2406
2025-10-09 21:20:52,093 [INFO] Época 13/30, Batch 2300/3348, Loss: 0.1900
2025-10-09 21:20:52,351 [INFO] Época 13/30, Batch 2350/3348, Loss: 0.2359
2025-10-09 21:20:52,611 [INFO] Época 13/30, Batch 2400/3348, Loss: 0.2604
2025-10-09 21:20:52,871 [INFO] Época 13/30, Batch 2450/3348, Loss: 0.2871
2025-10-09 21:20:53,131 [INFO] Época 13/30, Batch 2500/3348, Loss: 0.1992
2025-10-09 21:20:53,392 [INFO] Época 13/30, Batch 2550/3348, Loss: 0.2235
2025-10-09 21:20:53,655 [INFO] Época 13/30, Batch 2600/3348, Loss: 0.2105
2025-10-09 21:20:53,913 [INFO] Época 13/30, Batch 2650/3348, Loss: 0.2386
2025-10-09 21:20:54,173 [INFO] Época 13/30, Batch 2700/3348, Loss: 0.1821
2025-10-09 21:20:54,434 [INFO] Época 13/30, Batch 2750/3348, Loss: 0.1834
2025-10-09 21:20:54,691 [INFO] Época 13/30, Batch 2800/3348, Loss: 0.2322
2025-10-09 21:20:54,949 [INFO] Época 13/30, Batch 2850/3348, Loss: 0.2906
2025-10-09 21:20:55,208 [INFO] Época 13/30, Batch 2900/3348, Loss: 0.2246
2025-10-09 21:20:55,467 [INFO] Época 13/30, Batch 2950/3348, Loss: 0.3575
2025-10-09 21:20:55,727 [INFO] Época 13/30, Batch 3000/3348, Loss: 0.3620
2025-10-09 21:20:55,987 [INFO] Época 13/30, Batch 3050/3348, Loss: 0.3370
2025-10-09 21:20:56,247 [INFO] Época 13/30, Batch 3100/3348, Loss: 0.3321
2025-10-09 21:20:56,507 [INFO] Época 13/30, Batch 3150/3348, Loss: 0.2677
2025-10-09 21:20:56,766 [INFO] Época 13/30, Batch 3200/3348, Loss: 0.2029
2025-10-09 21:20:57,026 [INFO] Época 13/30, Batch 3250/3348, Loss: 0.2734
2025-10-09 21:20:57,283 [INFO] Época 13/30, Batch 3300/3348, Loss: 0.2120
2025-10-09 21:20:59,128 [INFO] [13/30] Train Loss: 0.2423 | Val Loss: 0.4910 | Tempo: 19.37s
2025-10-09 21:20:59,745 [INFO] Época 14/30, Batch 50/3348, Loss: 0.3260
2025-10-09 21:21:00,021 [INFO] Época 14/30, Batch 100/3348, Loss: 0.2321
2025-10-09 21:21:00,295 [INFO] Época 14/30, Batch 150/3348, Loss: 0.1681
2025-10-09 21:21:00,570 [INFO] Época 14/30, Batch 200/3348, Loss: 0.2070
2025-10-09 21:21:00,844 [INFO] Época 14/30, Batch 250/3348, Loss: 0.2147
2025-10-09 21:21:01,116 [INFO] Época 14/30, Batch 300/3348, Loss: 0.3000
2025-10-09 21:21:01,388 [INFO] Época 14/30, Batch 350/3348, Loss: 0.1971
2025-10-09 21:21:01,660 [INFO] Época 14/30, Batch 400/3348, Loss: 0.2672
2025-10-09 21:21:01,931 [INFO] Época 14/30, Batch 450/3348, Loss: 0.2648
2025-10-09 21:21:02,205 [INFO] Época 14/30, Batch 500/3348, Loss: 0.1788
2025-10-09 21:21:02,476 [INFO] Época 14/30, Batch 550/3348, Loss: 0.1636
2025-10-09 21:21:02,747 [INFO] Época 14/30, Batch 600/3348, Loss: 0.2406
2025-10-09 21:21:03,023 [INFO] Época 14/30, Batch 650/3348, Loss: 0.1928
2025-10-09 21:21:03,295 [INFO] Época 14/30, Batch 700/3348, Loss: 0.2133
2025-10-09 21:21:03,567 [INFO] Época 14/30, Batch 750/3348, Loss: 0.2568
2025-10-09 21:21:03,842 [INFO] Época 14/30, Batch 800/3348, Loss: 0.2965
2025-10-09 21:21:04,105 [INFO] Época 14/30, Batch 850/3348, Loss: 0.2902
2025-10-09 21:21:04,376 [INFO] Época 14/30, Batch 900/3348, Loss: 0.1709
2025-10-09 21:21:04,648 [INFO] Época 14/30, Batch 950/3348, Loss: 0.1885
2025-10-09 21:21:04,912 [INFO] Época 14/30, Batch 1000/3348, Loss: 0.2369
2025-10-09 21:21:05,181 [INFO] Época 14/30, Batch 1050/3348, Loss: 0.2861
2025-10-09 21:21:05,455 [INFO] Época 14/30, Batch 1100/3348, Loss: 0.2180
2025-10-09 21:21:05,729 [INFO] Época 14/30, Batch 1150/3348, Loss: 0.1935
2025-10-09 21:21:06,002 [INFO] Época 14/30, Batch 1200/3348, Loss: 0.1991
2025-10-09 21:21:06,274 [INFO] Época 14/30, Batch 1250/3348, Loss: 0.1708
2025-10-09 21:21:06,546 [INFO] Época 14/30, Batch 1300/3348, Loss: 0.2371
2025-10-09 21:21:06,818 [INFO] Época 14/30, Batch 1350/3348, Loss: 0.2177
2025-10-09 21:21:07,089 [INFO] Época 14/30, Batch 1400/3348, Loss: 0.1667
2025-10-09 21:21:07,361 [INFO] Época 14/30, Batch 1450/3348, Loss: 0.2914
2025-10-09 21:21:07,635 [INFO] Época 14/30, Batch 1500/3348, Loss: 0.2777
2025-10-09 21:21:07,909 [INFO] Época 14/30, Batch 1550/3348, Loss: 0.2225
2025-10-09 21:21:08,178 [INFO] Época 14/30, Batch 1600/3348, Loss: 0.2118
2025-10-09 21:21:08,441 [INFO] Época 14/30, Batch 1650/3348, Loss: 0.2155
2025-10-09 21:21:08,710 [INFO] Época 14/30, Batch 1700/3348, Loss: 0.2523
2025-10-09 21:21:08,982 [INFO] Época 14/30, Batch 1750/3348, Loss: 0.2186
2025-10-09 21:21:09,248 [INFO] Época 14/30, Batch 1800/3348, Loss: 0.2788
2025-10-09 21:21:09,511 [INFO] Época 14/30, Batch 1850/3348, Loss: 0.2532
2025-10-09 21:21:09,773 [INFO] Época 14/30, Batch 1900/3348, Loss: 0.1775
2025-10-09 21:21:10,036 [INFO] Época 14/30, Batch 1950/3348, Loss: 0.1558
2025-10-09 21:21:10,298 [INFO] Época 14/30, Batch 2000/3348, Loss: 0.1988
2025-10-09 21:21:10,561 [INFO] Época 14/30, Batch 2050/3348, Loss: 0.2680
2025-10-09 21:21:10,831 [INFO] Época 14/30, Batch 2100/3348, Loss: 0.2528
2025-10-09 21:21:11,097 [INFO] Época 14/30, Batch 2150/3348, Loss: 0.1866
2025-10-09 21:21:11,361 [INFO] Época 14/30, Batch 2200/3348, Loss: 0.2673
2025-10-09 21:21:11,620 [INFO] Época 14/30, Batch 2250/3348, Loss: 0.2298
2025-10-09 21:21:11,881 [INFO] Época 14/30, Batch 2300/3348, Loss: 0.2993
2025-10-09 21:21:12,142 [INFO] Época 14/30, Batch 2350/3348, Loss: 0.2691
2025-10-09 21:21:12,403 [INFO] Época 14/30, Batch 2400/3348, Loss: 0.1983
2025-10-09 21:21:12,663 [INFO] Época 14/30, Batch 2450/3348, Loss: 0.2399
2025-10-09 21:21:12,924 [INFO] Época 14/30, Batch 2500/3348, Loss: 0.2589
2025-10-09 21:21:13,188 [INFO] Época 14/30, Batch 2550/3348, Loss: 0.3255
2025-10-09 21:21:13,451 [INFO] Época 14/30, Batch 2600/3348, Loss: 0.2021
2025-10-09 21:21:13,712 [INFO] Época 14/30, Batch 2650/3348, Loss: 0.2373
2025-10-09 21:21:13,973 [INFO] Época 14/30, Batch 2700/3348, Loss: 0.1993
2025-10-09 21:21:14,233 [INFO] Época 14/30, Batch 2750/3348, Loss: 0.1826
2025-10-09 21:21:14,497 [INFO] Época 14/30, Batch 2800/3348, Loss: 0.3316
2025-10-09 21:21:14,758 [INFO] Época 14/30, Batch 2850/3348, Loss: 0.2440
2025-10-09 21:21:15,021 [INFO] Época 14/30, Batch 2900/3348, Loss: 0.3757
2025-10-09 21:21:15,283 [INFO] Época 14/30, Batch 2950/3348, Loss: 0.2191
2025-10-09 21:21:15,545 [INFO] Época 14/30, Batch 3000/3348, Loss: 0.2305
2025-10-09 21:21:15,809 [INFO] Época 14/30, Batch 3050/3348, Loss: 0.3369
2025-10-09 21:21:16,072 [INFO] Época 14/30, Batch 3100/3348, Loss: 0.3183
2025-10-09 21:21:16,337 [INFO] Época 14/30, Batch 3150/3348, Loss: 0.1272
2025-10-09 21:21:16,603 [INFO] Época 14/30, Batch 3200/3348, Loss: 0.1518
2025-10-09 21:21:16,877 [INFO] Época 14/30, Batch 3250/3348, Loss: 0.2432
2025-10-09 21:21:17,144 [INFO] Época 14/30, Batch 3300/3348, Loss: 0.2023
2025-10-09 21:21:19,076 [INFO] [14/30] Train Loss: 0.2369 | Val Loss: 0.5568 | Tempo: 19.95s
2025-10-09 21:21:19,730 [INFO] Época 15/30, Batch 50/3348, Loss: 0.1432
2025-10-09 21:21:20,008 [INFO] Época 15/30, Batch 100/3348, Loss: 0.2959
2025-10-09 21:21:20,285 [INFO] Época 15/30, Batch 150/3348, Loss: 0.1793
2025-10-09 21:21:20,560 [INFO] Época 15/30, Batch 200/3348, Loss: 0.2017
2025-10-09 21:21:20,843 [INFO] Época 15/30, Batch 250/3348, Loss: 0.1944
2025-10-09 21:21:21,121 [INFO] Época 15/30, Batch 300/3348, Loss: 0.1997
2025-10-09 21:21:21,384 [INFO] Época 15/30, Batch 350/3348, Loss: 0.2096
2025-10-09 21:21:21,646 [INFO] Época 15/30, Batch 400/3348, Loss: 0.3194
2025-10-09 21:21:21,908 [INFO] Época 15/30, Batch 450/3348, Loss: 0.1635
2025-10-09 21:21:22,167 [INFO] Época 15/30, Batch 500/3348, Loss: 0.2644
2025-10-09 21:21:22,437 [INFO] Época 15/30, Batch 550/3348, Loss: 0.2064
2025-10-09 21:21:22,713 [INFO] Época 15/30, Batch 600/3348, Loss: 0.1644
2025-10-09 21:21:22,991 [INFO] Época 15/30, Batch 650/3348, Loss: 0.2051
2025-10-09 21:21:23,273 [INFO] Época 15/30, Batch 700/3348, Loss: 0.2134
2025-10-09 21:21:23,560 [INFO] Época 15/30, Batch 750/3348, Loss: 0.2299
2025-10-09 21:21:23,839 [INFO] Época 15/30, Batch 800/3348, Loss: 0.2351
2025-10-09 21:21:24,117 [INFO] Época 15/30, Batch 850/3348, Loss: 0.2474
2025-10-09 21:21:24,396 [INFO] Época 15/30, Batch 900/3348, Loss: 0.1763
2025-10-09 21:21:24,658 [INFO] Época 15/30, Batch 950/3348, Loss: 0.2453
2025-10-09 21:21:24,911 [INFO] Época 15/30, Batch 1000/3348, Loss: 0.2906
2025-10-09 21:21:25,166 [INFO] Época 15/30, Batch 1050/3348, Loss: 0.1724
2025-10-09 21:21:25,426 [INFO] Época 15/30, Batch 1100/3348, Loss: 0.2204
2025-10-09 21:21:25,689 [INFO] Época 15/30, Batch 1150/3348, Loss: 0.1725
2025-10-09 21:21:25,951 [INFO] Época 15/30, Batch 1200/3348, Loss: 0.1779
2025-10-09 21:21:26,214 [INFO] Época 15/30, Batch 1250/3348, Loss: 0.2319
2025-10-09 21:21:26,478 [INFO] Época 15/30, Batch 1300/3348, Loss: 0.2343
2025-10-09 21:21:26,740 [INFO] Época 15/30, Batch 1350/3348, Loss: 0.3694
2025-10-09 21:21:27,003 [INFO] Época 15/30, Batch 1400/3348, Loss: 0.1721
2025-10-09 21:21:27,262 [INFO] Época 15/30, Batch 1450/3348, Loss: 0.2896
2025-10-09 21:21:27,540 [INFO] Época 15/30, Batch 1500/3348, Loss: 0.2813
2025-10-09 21:21:27,820 [INFO] Época 15/30, Batch 1550/3348, Loss: 0.1308
2025-10-09 21:21:28,090 [INFO] Época 15/30, Batch 1600/3348, Loss: 0.2475
2025-10-09 21:21:28,353 [INFO] Época 15/30, Batch 1650/3348, Loss: 0.1885
2025-10-09 21:21:28,617 [INFO] Época 15/30, Batch 1700/3348, Loss: 0.2040
2025-10-09 21:21:28,881 [INFO] Época 15/30, Batch 1750/3348, Loss: 0.2996
2025-10-09 21:21:29,148 [INFO] Época 15/30, Batch 1800/3348, Loss: 0.2429
2025-10-09 21:21:29,413 [INFO] Época 15/30, Batch 1850/3348, Loss: 0.1875
2025-10-09 21:21:29,676 [INFO] Época 15/30, Batch 1900/3348, Loss: 0.2861
2025-10-09 21:21:29,942 [INFO] Época 15/30, Batch 1950/3348, Loss: 0.2975
2025-10-09 21:21:30,211 [INFO] Época 15/30, Batch 2000/3348, Loss: 0.2423
2025-10-09 21:21:30,478 [INFO] Época 15/30, Batch 2050/3348, Loss: 0.2605
2025-10-09 21:21:30,752 [INFO] Época 15/30, Batch 2100/3348, Loss: 0.1791
2025-10-09 21:21:31,025 [INFO] Época 15/30, Batch 2150/3348, Loss: 0.2647
2025-10-09 21:21:31,299 [INFO] Época 15/30, Batch 2200/3348, Loss: 0.2810
2025-10-09 21:21:31,568 [INFO] Época 15/30, Batch 2250/3348, Loss: 0.2515
2025-10-09 21:21:31,839 [INFO] Época 15/30, Batch 2300/3348, Loss: 0.2315
2025-10-09 21:21:32,108 [INFO] Época 15/30, Batch 2350/3348, Loss: 0.2684
2025-10-09 21:21:32,377 [INFO] Época 15/30, Batch 2400/3348, Loss: 0.2732
2025-10-09 21:21:32,642 [INFO] Época 15/30, Batch 2450/3348, Loss: 0.2223
2025-10-09 21:21:32,904 [INFO] Época 15/30, Batch 2500/3348, Loss: 0.2030
2025-10-09 21:21:33,166 [INFO] Época 15/30, Batch 2550/3348, Loss: 0.1960
2025-10-09 21:21:33,428 [INFO] Época 15/30, Batch 2600/3348, Loss: 0.2234
2025-10-09 21:21:33,688 [INFO] Época 15/30, Batch 2650/3348, Loss: 0.1596
2025-10-09 21:21:33,949 [INFO] Época 15/30, Batch 2700/3348, Loss: 0.2430
2025-10-09 21:21:34,210 [INFO] Época 15/30, Batch 2750/3348, Loss: 0.1765
2025-10-09 21:21:34,470 [INFO] Época 15/30, Batch 2800/3348, Loss: 0.1832
2025-10-09 21:21:34,731 [INFO] Época 15/30, Batch 2850/3348, Loss: 0.2638
2025-10-09 21:21:34,990 [INFO] Época 15/30, Batch 2900/3348, Loss: 0.2535
2025-10-09 21:21:35,253 [INFO] Época 15/30, Batch 2950/3348, Loss: 0.2202
2025-10-09 21:21:35,515 [INFO] Época 15/30, Batch 3000/3348, Loss: 0.1733
2025-10-09 21:21:35,777 [INFO] Época 15/30, Batch 3050/3348, Loss: 0.2373
2025-10-09 21:21:36,039 [INFO] Época 15/30, Batch 3100/3348, Loss: 0.3129
2025-10-09 21:21:36,308 [INFO] Época 15/30, Batch 3150/3348, Loss: 0.1616
2025-10-09 21:21:36,571 [INFO] Época 15/30, Batch 3200/3348, Loss: 0.2306
2025-10-09 21:21:36,832 [INFO] Época 15/30, Batch 3250/3348, Loss: 0.2634
2025-10-09 21:21:37,093 [INFO] Época 15/30, Batch 3300/3348, Loss: 0.2464
2025-10-09 21:21:38,982 [INFO] [15/30] Train Loss: 0.2315 | Val Loss: 0.5466 | Tempo: 19.91s
2025-10-09 21:21:39,585 [INFO] Época 16/30, Batch 50/3348, Loss: 0.1704
2025-10-09 21:21:39,854 [INFO] Época 16/30, Batch 100/3348, Loss: 0.1902
2025-10-09 21:21:40,121 [INFO] Época 16/30, Batch 150/3348, Loss: 0.2433
2025-10-09 21:21:40,385 [INFO] Época 16/30, Batch 200/3348, Loss: 0.1652
2025-10-09 21:21:40,648 [INFO] Época 16/30, Batch 250/3348, Loss: 0.1873
2025-10-09 21:21:40,918 [INFO] Época 16/30, Batch 300/3348, Loss: 0.2082
2025-10-09 21:21:41,184 [INFO] Época 16/30, Batch 350/3348, Loss: 0.1918
2025-10-09 21:21:41,447 [INFO] Época 16/30, Batch 400/3348, Loss: 0.2380
2025-10-09 21:21:41,714 [INFO] Época 16/30, Batch 450/3348, Loss: 0.1367
2025-10-09 21:21:41,977 [INFO] Época 16/30, Batch 500/3348, Loss: 0.2145
2025-10-09 21:21:42,241 [INFO] Época 16/30, Batch 550/3348, Loss: 0.2494
2025-10-09 21:21:42,506 [INFO] Época 16/30, Batch 600/3348, Loss: 0.1801
2025-10-09 21:21:42,774 [INFO] Época 16/30, Batch 650/3348, Loss: 0.2593
2025-10-09 21:21:43,030 [INFO] Época 16/30, Batch 700/3348, Loss: 0.2607
2025-10-09 21:21:43,290 [INFO] Época 16/30, Batch 750/3348, Loss: 0.1662
2025-10-09 21:21:43,547 [INFO] Época 16/30, Batch 800/3348, Loss: 0.3102
2025-10-09 21:21:43,804 [INFO] Época 16/30, Batch 850/3348, Loss: 0.3152
2025-10-09 21:21:44,059 [INFO] Época 16/30, Batch 900/3348, Loss: 0.1961
2025-10-09 21:21:44,315 [INFO] Época 16/30, Batch 950/3348, Loss: 0.1983
2025-10-09 21:21:44,576 [INFO] Época 16/30, Batch 1000/3348, Loss: 0.2294
2025-10-09 21:21:44,831 [INFO] Época 16/30, Batch 1050/3348, Loss: 0.1542
2025-10-09 21:21:45,084 [INFO] Época 16/30, Batch 1100/3348, Loss: 0.2024
2025-10-09 21:21:45,341 [INFO] Época 16/30, Batch 1150/3348, Loss: 0.2228
2025-10-09 21:21:45,603 [INFO] Época 16/30, Batch 1200/3348, Loss: 0.1931
2025-10-09 21:21:45,863 [INFO] Época 16/30, Batch 1250/3348, Loss: 0.1646
2025-10-09 21:21:46,126 [INFO] Época 16/30, Batch 1300/3348, Loss: 0.2463
2025-10-09 21:21:46,389 [INFO] Época 16/30, Batch 1350/3348, Loss: 0.2146
2025-10-09 21:21:46,650 [INFO] Época 16/30, Batch 1400/3348, Loss: 0.2537
2025-10-09 21:21:46,914 [INFO] Época 16/30, Batch 1450/3348, Loss: 0.3138
2025-10-09 21:21:47,178 [INFO] Época 16/30, Batch 1500/3348, Loss: 0.1998
2025-10-09 21:21:47,444 [INFO] Época 16/30, Batch 1550/3348, Loss: 0.1724
2025-10-09 21:21:47,710 [INFO] Época 16/30, Batch 1600/3348, Loss: 0.2366
2025-10-09 21:21:47,972 [INFO] Época 16/30, Batch 1650/3348, Loss: 0.2793
2025-10-09 21:21:48,236 [INFO] Época 16/30, Batch 1700/3348, Loss: 0.2282
2025-10-09 21:21:48,499 [INFO] Época 16/30, Batch 1750/3348, Loss: 0.1708
2025-10-09 21:21:48,763 [INFO] Época 16/30, Batch 1800/3348, Loss: 0.2471
2025-10-09 21:21:49,027 [INFO] Época 16/30, Batch 1850/3348, Loss: 0.1379
2025-10-09 21:21:49,292 [INFO] Época 16/30, Batch 1900/3348, Loss: 0.2251
2025-10-09 21:21:49,560 [INFO] Época 16/30, Batch 1950/3348, Loss: 0.3233
2025-10-09 21:21:49,827 [INFO] Época 16/30, Batch 2000/3348, Loss: 0.1594
2025-10-09 21:21:50,092 [INFO] Época 16/30, Batch 2050/3348, Loss: 0.1611
2025-10-09 21:21:50,357 [INFO] Época 16/30, Batch 2100/3348, Loss: 0.2112
2025-10-09 21:21:50,621 [INFO] Época 16/30, Batch 2150/3348, Loss: 0.2045
2025-10-09 21:21:50,885 [INFO] Época 16/30, Batch 2200/3348, Loss: 0.1995
2025-10-09 21:21:51,152 [INFO] Época 16/30, Batch 2250/3348, Loss: 0.2774
2025-10-09 21:21:51,420 [INFO] Época 16/30, Batch 2300/3348, Loss: 0.2364
2025-10-09 21:21:51,688 [INFO] Época 16/30, Batch 2350/3348, Loss: 0.3223
2025-10-09 21:21:51,953 [INFO] Época 16/30, Batch 2400/3348, Loss: 0.2197
2025-10-09 21:21:52,217 [INFO] Época 16/30, Batch 2450/3348, Loss: 0.2370
2025-10-09 21:21:52,480 [INFO] Época 16/30, Batch 2500/3348, Loss: 0.2644
2025-10-09 21:21:52,743 [INFO] Época 16/30, Batch 2550/3348, Loss: 0.2238
2025-10-09 21:21:53,010 [INFO] Época 16/30, Batch 2600/3348, Loss: 0.2831
2025-10-09 21:21:53,274 [INFO] Época 16/30, Batch 2650/3348, Loss: 0.1921
2025-10-09 21:21:53,538 [INFO] Época 16/30, Batch 2700/3348, Loss: 0.3251
2025-10-09 21:21:53,804 [INFO] Época 16/30, Batch 2750/3348, Loss: 0.2232
2025-10-09 21:21:54,067 [INFO] Época 16/30, Batch 2800/3348, Loss: 0.2329
2025-10-09 21:21:54,333 [INFO] Época 16/30, Batch 2850/3348, Loss: 0.1809
2025-10-09 21:21:54,597 [INFO] Época 16/30, Batch 2900/3348, Loss: 0.2682
2025-10-09 21:21:54,861 [INFO] Época 16/30, Batch 2950/3348, Loss: 0.2904
2025-10-09 21:21:55,124 [INFO] Época 16/30, Batch 3000/3348, Loss: 0.2338
2025-10-09 21:21:55,390 [INFO] Época 16/30, Batch 3050/3348, Loss: 0.2285
2025-10-09 21:21:55,656 [INFO] Época 16/30, Batch 3100/3348, Loss: 0.3648
2025-10-09 21:21:55,918 [INFO] Época 16/30, Batch 3150/3348, Loss: 0.2722
2025-10-09 21:21:56,183 [INFO] Época 16/30, Batch 3200/3348, Loss: 0.3093
2025-10-09 21:21:56,446 [INFO] Época 16/30, Batch 3250/3348, Loss: 0.2781
2025-10-09 21:21:56,710 [INFO] Época 16/30, Batch 3300/3348, Loss: 0.3855
2025-10-09 21:21:58,686 [INFO] [16/30] Train Loss: 0.2263 | Val Loss: 0.5340 | Tempo: 19.70s
2025-10-09 21:21:58,686 [INFO] Early stopping ativado após 10 épocas sem melhoria
2025-10-09 21:21:58,686 [INFO] Treinamento concluído em 315.17 segundos (5.25 minutos)
2025-10-09 21:21:58,687 [INFO] Iniciando avaliação no conjunto de teste...
2025-10-09 21:22:00,212 [INFO] Avaliação do teste concluída em 1.52 segundos
2025-10-09 21:22:00,212 [INFO] MSE no teste: 0.5557
2025-10-09 21:22:00,212 [INFO] RMSE no teste: 0.7454
2025-10-09 21:22:00,212 [INFO] MAE no teste: 0.5650
2025-10-09 21:22:00,213 [INFO] Métricas salvas em /mnt/hdd/home/jdurao/ToolBox-ChemXAI/logs/mlp_att4_Morgan_metrics.json
