2025-10-10 07:07:09,807 [INFO] Iniciando treinamento do modelo mlp_att10_3D
2025-10-10 07:07:09,808 [INFO] Configuração: att_index=10, epochs=30, layers=[128, 64, 32], lr=0.001, batch_size=32, descriptor_type=3D
2025-10-10 07:07:09,808 [INFO] Diretório para modelos: /mnt/hdd/home/jdurao/ToolBox-ChemXAI/models
2025-10-10 07:07:09,808 [INFO] Carregando dados...
2025-10-10 07:07:09,912 [INFO] Preparando dataloaders sem ruído...
2025-10-10 07:07:10,195 [INFO] Dados carregados em 0.39 segundos
2025-10-10 07:07:10,195 [INFO] Tamanhos dos conjuntos - Treino: 105179, Validação: 13147, Teste: 13148
2025-10-10 07:07:10,195 [INFO] Usando dispositivo: cuda
2025-10-10 07:07:10,606 [INFO] Dimensão de entrada: 5, Dimensão de saída: 1
2025-10-10 07:07:10,607 [INFO] Criando modelo MLP com camadas: [128, 64, 32]
2025-10-10 07:07:10,610 [INFO] Modelo criado com 11137 parâmetros
2025-10-10 07:07:10,611 [INFO] Iniciando treinamento com 30 épocas...
2025-10-10 07:07:11,164 [INFO] Época 1/30, Batch 50/3287, Loss: 0.7471
2025-10-10 07:07:11,425 [INFO] Época 1/30, Batch 100/3287, Loss: 0.9280
2025-10-10 07:07:11,684 [INFO] Época 1/30, Batch 150/3287, Loss: 0.6359
2025-10-10 07:07:11,944 [INFO] Época 1/30, Batch 200/3287, Loss: 0.7449
2025-10-10 07:07:12,203 [INFO] Época 1/30, Batch 250/3287, Loss: 0.8084
2025-10-10 07:07:12,462 [INFO] Época 1/30, Batch 300/3287, Loss: 0.7307
2025-10-10 07:07:12,719 [INFO] Época 1/30, Batch 350/3287, Loss: 0.6680
2025-10-10 07:07:12,978 [INFO] Época 1/30, Batch 400/3287, Loss: 0.6231
2025-10-10 07:07:13,240 [INFO] Época 1/30, Batch 450/3287, Loss: 0.7945
2025-10-10 07:07:13,500 [INFO] Época 1/30, Batch 500/3287, Loss: 0.7554
2025-10-10 07:07:13,757 [INFO] Época 1/30, Batch 550/3287, Loss: 0.5975
2025-10-10 07:07:14,015 [INFO] Época 1/30, Batch 600/3287, Loss: 0.5771
2025-10-10 07:07:14,273 [INFO] Época 1/30, Batch 650/3287, Loss: 0.7026
2025-10-10 07:07:14,532 [INFO] Época 1/30, Batch 700/3287, Loss: 0.5299
2025-10-10 07:07:14,789 [INFO] Época 1/30, Batch 750/3287, Loss: 0.6071
2025-10-10 07:07:15,047 [INFO] Época 1/30, Batch 800/3287, Loss: 0.6427
2025-10-10 07:07:15,302 [INFO] Época 1/30, Batch 850/3287, Loss: 0.6957
2025-10-10 07:07:15,558 [INFO] Época 1/30, Batch 900/3287, Loss: 0.8643
2025-10-10 07:07:15,816 [INFO] Época 1/30, Batch 950/3287, Loss: 0.6042
2025-10-10 07:07:16,074 [INFO] Época 1/30, Batch 1000/3287, Loss: 0.6172
2025-10-10 07:07:16,329 [INFO] Época 1/30, Batch 1050/3287, Loss: 0.6263
2025-10-10 07:07:16,586 [INFO] Época 1/30, Batch 1100/3287, Loss: 0.9048
2025-10-10 07:07:16,845 [INFO] Época 1/30, Batch 1150/3287, Loss: 0.5594
2025-10-10 07:07:17,105 [INFO] Época 1/30, Batch 1200/3287, Loss: 0.7920
2025-10-10 07:07:17,364 [INFO] Época 1/30, Batch 1250/3287, Loss: 0.6379
2025-10-10 07:07:17,621 [INFO] Época 1/30, Batch 1300/3287, Loss: 0.5936
2025-10-10 07:07:17,881 [INFO] Época 1/30, Batch 1350/3287, Loss: 0.7481
2025-10-10 07:07:18,141 [INFO] Época 1/30, Batch 1400/3287, Loss: 0.8540
2025-10-10 07:07:18,399 [INFO] Época 1/30, Batch 1450/3287, Loss: 0.7803
2025-10-10 07:07:18,655 [INFO] Época 1/30, Batch 1500/3287, Loss: 0.7955
2025-10-10 07:07:18,922 [INFO] Época 1/30, Batch 1550/3287, Loss: 0.6490
2025-10-10 07:07:19,179 [INFO] Época 1/30, Batch 1600/3287, Loss: 0.7175
2025-10-10 07:07:19,436 [INFO] Época 1/30, Batch 1650/3287, Loss: 0.7675
2025-10-10 07:07:19,699 [INFO] Época 1/30, Batch 1700/3287, Loss: 0.6971
2025-10-10 07:07:19,958 [INFO] Época 1/30, Batch 1750/3287, Loss: 0.5842
2025-10-10 07:07:20,216 [INFO] Época 1/30, Batch 1800/3287, Loss: 0.6182
2025-10-10 07:07:20,473 [INFO] Época 1/30, Batch 1850/3287, Loss: 0.6185
2025-10-10 07:07:20,731 [INFO] Época 1/30, Batch 1900/3287, Loss: 0.6812
2025-10-10 07:07:20,990 [INFO] Época 1/30, Batch 1950/3287, Loss: 0.5752
2025-10-10 07:07:21,247 [INFO] Época 1/30, Batch 2000/3287, Loss: 0.6859
2025-10-10 07:07:21,506 [INFO] Época 1/30, Batch 2050/3287, Loss: 0.6952
2025-10-10 07:07:21,764 [INFO] Época 1/30, Batch 2100/3287, Loss: 0.6520
2025-10-10 07:07:22,020 [INFO] Época 1/30, Batch 2150/3287, Loss: 0.5751
2025-10-10 07:07:22,275 [INFO] Época 1/30, Batch 2200/3287, Loss: 0.7363
2025-10-10 07:07:22,534 [INFO] Época 1/30, Batch 2250/3287, Loss: 0.7919
2025-10-10 07:07:22,791 [INFO] Época 1/30, Batch 2300/3287, Loss: 0.6003
2025-10-10 07:07:23,048 [INFO] Época 1/30, Batch 2350/3287, Loss: 0.7515
2025-10-10 07:07:23,303 [INFO] Época 1/30, Batch 2400/3287, Loss: 0.8819
2025-10-10 07:07:23,559 [INFO] Época 1/30, Batch 2450/3287, Loss: 0.6703
2025-10-10 07:07:23,818 [INFO] Época 1/30, Batch 2500/3287, Loss: 0.8026
2025-10-10 07:07:24,075 [INFO] Época 1/30, Batch 2550/3287, Loss: 0.9439
2025-10-10 07:07:24,333 [INFO] Época 1/30, Batch 2600/3287, Loss: 0.6364
2025-10-10 07:07:24,589 [INFO] Época 1/30, Batch 2650/3287, Loss: 0.6141
2025-10-10 07:07:24,846 [INFO] Época 1/30, Batch 2700/3287, Loss: 0.7347
2025-10-10 07:07:25,103 [INFO] Época 1/30, Batch 2750/3287, Loss: 0.7067
2025-10-10 07:07:25,361 [INFO] Época 1/30, Batch 2800/3287, Loss: 0.6196
2025-10-10 07:07:25,619 [INFO] Época 1/30, Batch 2850/3287, Loss: 0.6210
2025-10-10 07:07:25,875 [INFO] Época 1/30, Batch 2900/3287, Loss: 0.7694
2025-10-10 07:07:26,132 [INFO] Época 1/30, Batch 2950/3287, Loss: 0.6010
2025-10-10 07:07:26,389 [INFO] Época 1/30, Batch 3000/3287, Loss: 0.7279
2025-10-10 07:07:26,645 [INFO] Época 1/30, Batch 3050/3287, Loss: 0.5747
2025-10-10 07:07:26,900 [INFO] Época 1/30, Batch 3100/3287, Loss: 0.6810
2025-10-10 07:07:27,156 [INFO] Época 1/30, Batch 3150/3287, Loss: 0.6858
2025-10-10 07:07:27,412 [INFO] Época 1/30, Batch 3200/3287, Loss: 0.7092
2025-10-10 07:07:27,672 [INFO] Época 1/30, Batch 3250/3287, Loss: 0.7828
2025-10-10 07:07:29,407 [INFO] [1/30] Train Loss: 0.6931 | Val Loss: 0.6347 | Tempo: 18.80s
2025-10-10 07:07:29,411 [INFO] Melhor modelo salvo em: /mnt/hdd/home/jdurao/ToolBox-ChemXAI/models/mlp_qm9_3D_att10_large.pth
2025-10-10 07:07:29,973 [INFO] Época 2/30, Batch 50/3287, Loss: 0.4967
2025-10-10 07:07:30,236 [INFO] Época 2/30, Batch 100/3287, Loss: 0.6507
2025-10-10 07:07:30,498 [INFO] Época 2/30, Batch 150/3287, Loss: 0.7258
2025-10-10 07:07:30,757 [INFO] Época 2/30, Batch 200/3287, Loss: 0.7813
2025-10-10 07:07:31,020 [INFO] Época 2/30, Batch 250/3287, Loss: 0.7104
2025-10-10 07:07:31,278 [INFO] Época 2/30, Batch 300/3287, Loss: 0.6358
2025-10-10 07:07:31,538 [INFO] Época 2/30, Batch 350/3287, Loss: 0.7785
2025-10-10 07:07:31,798 [INFO] Época 2/30, Batch 400/3287, Loss: 0.6148
2025-10-10 07:07:32,057 [INFO] Época 2/30, Batch 450/3287, Loss: 0.5855
2025-10-10 07:07:32,318 [INFO] Época 2/30, Batch 500/3287, Loss: 0.8555
2025-10-10 07:07:32,576 [INFO] Época 2/30, Batch 550/3287, Loss: 0.8189
2025-10-10 07:07:32,835 [INFO] Época 2/30, Batch 600/3287, Loss: 0.7383
2025-10-10 07:07:33,093 [INFO] Época 2/30, Batch 650/3287, Loss: 0.5404
2025-10-10 07:07:33,351 [INFO] Época 2/30, Batch 700/3287, Loss: 0.7968
2025-10-10 07:07:33,611 [INFO] Época 2/30, Batch 750/3287, Loss: 0.6043
2025-10-10 07:07:33,869 [INFO] Época 2/30, Batch 800/3287, Loss: 0.6316
2025-10-10 07:07:34,129 [INFO] Época 2/30, Batch 850/3287, Loss: 0.6810
2025-10-10 07:07:34,388 [INFO] Época 2/30, Batch 900/3287, Loss: 0.5729
2025-10-10 07:07:34,646 [INFO] Época 2/30, Batch 950/3287, Loss: 0.6754
2025-10-10 07:07:34,915 [INFO] Época 2/30, Batch 1000/3287, Loss: 0.6826
2025-10-10 07:07:35,175 [INFO] Época 2/30, Batch 1050/3287, Loss: 0.7159
2025-10-10 07:07:35,432 [INFO] Época 2/30, Batch 1100/3287, Loss: 0.6962
2025-10-10 07:07:35,691 [INFO] Época 2/30, Batch 1150/3287, Loss: 0.5882
2025-10-10 07:07:35,948 [INFO] Época 2/30, Batch 1200/3287, Loss: 0.5946
2025-10-10 07:07:36,207 [INFO] Época 2/30, Batch 1250/3287, Loss: 0.7455
2025-10-10 07:07:36,466 [INFO] Época 2/30, Batch 1300/3287, Loss: 0.6721
2025-10-10 07:07:36,724 [INFO] Época 2/30, Batch 1350/3287, Loss: 0.5606
2025-10-10 07:07:36,983 [INFO] Época 2/30, Batch 1400/3287, Loss: 0.6478
2025-10-10 07:07:37,238 [INFO] Época 2/30, Batch 1450/3287, Loss: 0.5824
2025-10-10 07:07:37,496 [INFO] Época 2/30, Batch 1500/3287, Loss: 0.8851
2025-10-10 07:07:37,754 [INFO] Época 2/30, Batch 1550/3287, Loss: 0.7456
2025-10-10 07:07:38,014 [INFO] Época 2/30, Batch 1600/3287, Loss: 0.5470
2025-10-10 07:07:38,273 [INFO] Época 2/30, Batch 1650/3287, Loss: 0.5762
2025-10-10 07:07:38,529 [INFO] Época 2/30, Batch 1700/3287, Loss: 0.6831
2025-10-10 07:07:38,787 [INFO] Época 2/30, Batch 1750/3287, Loss: 0.7780
2025-10-10 07:07:39,045 [INFO] Época 2/30, Batch 1800/3287, Loss: 0.5645
2025-10-10 07:07:39,303 [INFO] Época 2/30, Batch 1850/3287, Loss: 0.6290
2025-10-10 07:07:39,561 [INFO] Época 2/30, Batch 1900/3287, Loss: 0.7610
2025-10-10 07:07:39,820 [INFO] Época 2/30, Batch 1950/3287, Loss: 0.6795
2025-10-10 07:07:40,079 [INFO] Época 2/30, Batch 2000/3287, Loss: 0.6801
2025-10-10 07:07:40,340 [INFO] Época 2/30, Batch 2050/3287, Loss: 0.6823
2025-10-10 07:07:40,597 [INFO] Época 2/30, Batch 2100/3287, Loss: 0.5638
2025-10-10 07:07:40,855 [INFO] Época 2/30, Batch 2150/3287, Loss: 0.5570
2025-10-10 07:07:41,114 [INFO] Época 2/30, Batch 2200/3287, Loss: 0.7790
2025-10-10 07:07:41,372 [INFO] Época 2/30, Batch 2250/3287, Loss: 0.7366
2025-10-10 07:07:41,630 [INFO] Época 2/30, Batch 2300/3287, Loss: 0.6802
2025-10-10 07:07:41,887 [INFO] Época 2/30, Batch 2350/3287, Loss: 0.6350
2025-10-10 07:07:42,144 [INFO] Época 2/30, Batch 2400/3287, Loss: 0.7949
2025-10-10 07:07:42,402 [INFO] Época 2/30, Batch 2450/3287, Loss: 0.5683
2025-10-10 07:07:42,660 [INFO] Época 2/30, Batch 2500/3287, Loss: 0.6222
2025-10-10 07:07:42,921 [INFO] Época 2/30, Batch 2550/3287, Loss: 0.7405
2025-10-10 07:07:43,177 [INFO] Época 2/30, Batch 2600/3287, Loss: 0.5834
2025-10-10 07:07:43,442 [INFO] Época 2/30, Batch 2650/3287, Loss: 0.7886
2025-10-10 07:07:43,703 [INFO] Época 2/30, Batch 2700/3287, Loss: 0.7229
2025-10-10 07:07:43,961 [INFO] Época 2/30, Batch 2750/3287, Loss: 0.9690
2025-10-10 07:07:44,220 [INFO] Época 2/30, Batch 2800/3287, Loss: 0.6978
2025-10-10 07:07:44,477 [INFO] Época 2/30, Batch 2850/3287, Loss: 0.6993
2025-10-10 07:07:44,735 [INFO] Época 2/30, Batch 2900/3287, Loss: 0.8089
2025-10-10 07:07:44,994 [INFO] Época 2/30, Batch 2950/3287, Loss: 0.6405
2025-10-10 07:07:45,251 [INFO] Época 2/30, Batch 3000/3287, Loss: 0.5850
2025-10-10 07:07:45,510 [INFO] Época 2/30, Batch 3050/3287, Loss: 0.5909
2025-10-10 07:07:45,769 [INFO] Época 2/30, Batch 3100/3287, Loss: 0.6974
2025-10-10 07:07:46,027 [INFO] Época 2/30, Batch 3150/3287, Loss: 0.7730
2025-10-10 07:07:46,285 [INFO] Época 2/30, Batch 3200/3287, Loss: 0.6302
2025-10-10 07:07:46,547 [INFO] Época 2/30, Batch 3250/3287, Loss: 0.6198
2025-10-10 07:07:48,176 [INFO] [2/30] Train Loss: 0.6808 | Val Loss: 0.6270 | Tempo: 18.76s
2025-10-10 07:07:48,180 [INFO] Melhor modelo salvo em: /mnt/hdd/home/jdurao/ToolBox-ChemXAI/models/mlp_qm9_3D_att10_large.pth
2025-10-10 07:07:48,728 [INFO] Época 3/30, Batch 50/3287, Loss: 0.7112
2025-10-10 07:07:48,993 [INFO] Época 3/30, Batch 100/3287, Loss: 0.4407
2025-10-10 07:07:49,260 [INFO] Época 3/30, Batch 150/3287, Loss: 0.6588
2025-10-10 07:07:49,521 [INFO] Época 3/30, Batch 200/3287, Loss: 0.7158
2025-10-10 07:07:49,783 [INFO] Época 3/30, Batch 250/3287, Loss: 0.5655
2025-10-10 07:07:50,047 [INFO] Época 3/30, Batch 300/3287, Loss: 0.5250
2025-10-10 07:07:50,321 [INFO] Época 3/30, Batch 350/3287, Loss: 0.5878
2025-10-10 07:07:50,581 [INFO] Época 3/30, Batch 400/3287, Loss: 0.5969
2025-10-10 07:07:50,843 [INFO] Época 3/30, Batch 450/3287, Loss: 0.6097
2025-10-10 07:07:51,105 [INFO] Época 3/30, Batch 500/3287, Loss: 0.5977
2025-10-10 07:07:51,369 [INFO] Época 3/30, Batch 550/3287, Loss: 0.7205
2025-10-10 07:07:51,631 [INFO] Época 3/30, Batch 600/3287, Loss: 0.5368
2025-10-10 07:07:51,891 [INFO] Época 3/30, Batch 650/3287, Loss: 0.6768
2025-10-10 07:07:52,144 [INFO] Época 3/30, Batch 700/3287, Loss: 0.8003
2025-10-10 07:07:52,395 [INFO] Época 3/30, Batch 750/3287, Loss: 0.6457
2025-10-10 07:07:52,646 [INFO] Época 3/30, Batch 800/3287, Loss: 0.6660
2025-10-10 07:07:52,901 [INFO] Época 3/30, Batch 850/3287, Loss: 0.5973
2025-10-10 07:07:53,158 [INFO] Época 3/30, Batch 900/3287, Loss: 0.6799
2025-10-10 07:07:53,414 [INFO] Época 3/30, Batch 950/3287, Loss: 0.7603
2025-10-10 07:07:53,670 [INFO] Época 3/30, Batch 1000/3287, Loss: 0.7848
2025-10-10 07:07:53,927 [INFO] Época 3/30, Batch 1050/3287, Loss: 0.6412
2025-10-10 07:07:54,182 [INFO] Época 3/30, Batch 1100/3287, Loss: 0.4824
2025-10-10 07:07:54,438 [INFO] Época 3/30, Batch 1150/3287, Loss: 0.6832
2025-10-10 07:07:54,695 [INFO] Época 3/30, Batch 1200/3287, Loss: 0.8042
2025-10-10 07:07:54,954 [INFO] Época 3/30, Batch 1250/3287, Loss: 0.6691
2025-10-10 07:07:55,213 [INFO] Época 3/30, Batch 1300/3287, Loss: 0.6476
2025-10-10 07:07:55,482 [INFO] Época 3/30, Batch 1350/3287, Loss: 0.8857
2025-10-10 07:07:55,740 [INFO] Época 3/30, Batch 1400/3287, Loss: 0.8754
2025-10-10 07:07:55,998 [INFO] Época 3/30, Batch 1450/3287, Loss: 0.4742
2025-10-10 07:07:56,256 [INFO] Época 3/30, Batch 1500/3287, Loss: 0.7674
2025-10-10 07:07:56,517 [INFO] Época 3/30, Batch 1550/3287, Loss: 0.8211
2025-10-10 07:07:56,775 [INFO] Época 3/30, Batch 1600/3287, Loss: 0.6351
2025-10-10 07:07:57,033 [INFO] Época 3/30, Batch 1650/3287, Loss: 0.6304
2025-10-10 07:07:57,292 [INFO] Época 3/30, Batch 1700/3287, Loss: 0.7608
2025-10-10 07:07:57,550 [INFO] Época 3/30, Batch 1750/3287, Loss: 0.5550
2025-10-10 07:07:57,811 [INFO] Época 3/30, Batch 1800/3287, Loss: 0.8188
2025-10-10 07:07:58,071 [INFO] Época 3/30, Batch 1850/3287, Loss: 0.6507
2025-10-10 07:07:58,330 [INFO] Época 3/30, Batch 1900/3287, Loss: 0.6889
2025-10-10 07:07:58,587 [INFO] Época 3/30, Batch 1950/3287, Loss: 0.8599
2025-10-10 07:07:58,845 [INFO] Época 3/30, Batch 2000/3287, Loss: 0.5441
2025-10-10 07:07:59,101 [INFO] Época 3/30, Batch 2050/3287, Loss: 0.6869
2025-10-10 07:07:59,360 [INFO] Época 3/30, Batch 2100/3287, Loss: 0.7164
2025-10-10 07:07:59,616 [INFO] Época 3/30, Batch 2150/3287, Loss: 0.7164
2025-10-10 07:07:59,871 [INFO] Época 3/30, Batch 2200/3287, Loss: 0.6572
2025-10-10 07:08:00,130 [INFO] Época 3/30, Batch 2250/3287, Loss: 0.8021
2025-10-10 07:08:00,388 [INFO] Época 3/30, Batch 2300/3287, Loss: 0.7566
2025-10-10 07:08:00,650 [INFO] Época 3/30, Batch 2350/3287, Loss: 0.6584
2025-10-10 07:08:00,908 [INFO] Época 3/30, Batch 2400/3287, Loss: 0.7897
2025-10-10 07:08:01,166 [INFO] Época 3/30, Batch 2450/3287, Loss: 0.6783
2025-10-10 07:08:01,424 [INFO] Época 3/30, Batch 2500/3287, Loss: 0.6022
2025-10-10 07:08:01,681 [INFO] Época 3/30, Batch 2550/3287, Loss: 0.6255
2025-10-10 07:08:01,942 [INFO] Época 3/30, Batch 2600/3287, Loss: 0.7152
2025-10-10 07:08:02,202 [INFO] Época 3/30, Batch 2650/3287, Loss: 0.6093
2025-10-10 07:08:02,463 [INFO] Época 3/30, Batch 2700/3287, Loss: 0.6583
2025-10-10 07:08:02,724 [INFO] Época 3/30, Batch 2750/3287, Loss: 0.6898
2025-10-10 07:08:02,983 [INFO] Época 3/30, Batch 2800/3287, Loss: 0.5988
2025-10-10 07:08:03,246 [INFO] Época 3/30, Batch 2850/3287, Loss: 0.6592
2025-10-10 07:08:03,511 [INFO] Época 3/30, Batch 2900/3287, Loss: 0.6266
2025-10-10 07:08:03,775 [INFO] Época 3/30, Batch 2950/3287, Loss: 0.7268
2025-10-10 07:08:04,039 [INFO] Época 3/30, Batch 3000/3287, Loss: 0.8129
2025-10-10 07:08:04,302 [INFO] Época 3/30, Batch 3050/3287, Loss: 0.6489
2025-10-10 07:08:04,571 [INFO] Época 3/30, Batch 3100/3287, Loss: 0.5647
2025-10-10 07:08:04,843 [INFO] Época 3/30, Batch 3150/3287, Loss: 0.8704
2025-10-10 07:08:05,101 [INFO] Época 3/30, Batch 3200/3287, Loss: 0.7205
2025-10-10 07:08:05,359 [INFO] Época 3/30, Batch 3250/3287, Loss: 0.6010
2025-10-10 07:08:06,980 [INFO] [3/30] Train Loss: 0.6760 | Val Loss: 0.6253 | Tempo: 18.80s
2025-10-10 07:08:06,984 [INFO] Melhor modelo salvo em: /mnt/hdd/home/jdurao/ToolBox-ChemXAI/models/mlp_qm9_3D_att10_large.pth
2025-10-10 07:08:07,531 [INFO] Época 4/30, Batch 50/3287, Loss: 0.4194
2025-10-10 07:08:07,792 [INFO] Época 4/30, Batch 100/3287, Loss: 0.7588
2025-10-10 07:08:08,051 [INFO] Época 4/30, Batch 150/3287, Loss: 0.6384
2025-10-10 07:08:08,307 [INFO] Época 4/30, Batch 200/3287, Loss: 0.6260
2025-10-10 07:08:08,562 [INFO] Época 4/30, Batch 250/3287, Loss: 0.5538
2025-10-10 07:08:08,817 [INFO] Época 4/30, Batch 300/3287, Loss: 0.5450
2025-10-10 07:08:09,073 [INFO] Época 4/30, Batch 350/3287, Loss: 0.7677
2025-10-10 07:08:09,329 [INFO] Época 4/30, Batch 400/3287, Loss: 0.7921
2025-10-10 07:08:09,582 [INFO] Época 4/30, Batch 450/3287, Loss: 0.8122
2025-10-10 07:08:09,836 [INFO] Época 4/30, Batch 500/3287, Loss: 0.6551
2025-10-10 07:08:10,093 [INFO] Época 4/30, Batch 550/3287, Loss: 0.5769
2025-10-10 07:08:10,350 [INFO] Época 4/30, Batch 600/3287, Loss: 0.5802
2025-10-10 07:08:10,606 [INFO] Época 4/30, Batch 650/3287, Loss: 0.5588
2025-10-10 07:08:10,863 [INFO] Época 4/30, Batch 700/3287, Loss: 0.5330
2025-10-10 07:08:11,117 [INFO] Época 4/30, Batch 750/3287, Loss: 0.6719
2025-10-10 07:08:11,371 [INFO] Época 4/30, Batch 800/3287, Loss: 0.6805
2025-10-10 07:08:11,625 [INFO] Época 4/30, Batch 850/3287, Loss: 0.6361
2025-10-10 07:08:11,877 [INFO] Época 4/30, Batch 900/3287, Loss: 0.7155
2025-10-10 07:08:12,128 [INFO] Época 4/30, Batch 950/3287, Loss: 0.7459
2025-10-10 07:08:12,382 [INFO] Época 4/30, Batch 1000/3287, Loss: 0.4969
2025-10-10 07:08:12,636 [INFO] Época 4/30, Batch 1050/3287, Loss: 0.6629
2025-10-10 07:08:12,897 [INFO] Época 4/30, Batch 1100/3287, Loss: 0.6130
2025-10-10 07:08:13,156 [INFO] Época 4/30, Batch 1150/3287, Loss: 0.8319
2025-10-10 07:08:13,416 [INFO] Época 4/30, Batch 1200/3287, Loss: 0.7305
2025-10-10 07:08:13,679 [INFO] Época 4/30, Batch 1250/3287, Loss: 0.6449
2025-10-10 07:08:13,940 [INFO] Época 4/30, Batch 1300/3287, Loss: 0.5451
2025-10-10 07:08:14,203 [INFO] Época 4/30, Batch 1350/3287, Loss: 0.5683
2025-10-10 07:08:14,464 [INFO] Época 4/30, Batch 1400/3287, Loss: 0.6919
2025-10-10 07:08:14,722 [INFO] Época 4/30, Batch 1450/3287, Loss: 0.7438
2025-10-10 07:08:14,977 [INFO] Época 4/30, Batch 1500/3287, Loss: 0.7238
2025-10-10 07:08:15,231 [INFO] Época 4/30, Batch 1550/3287, Loss: 0.6638
2025-10-10 07:08:15,482 [INFO] Época 4/30, Batch 1600/3287, Loss: 0.7917
2025-10-10 07:08:15,742 [INFO] Época 4/30, Batch 1650/3287, Loss: 0.7445
2025-10-10 07:08:16,005 [INFO] Época 4/30, Batch 1700/3287, Loss: 0.6677
2025-10-10 07:08:16,265 [INFO] Época 4/30, Batch 1750/3287, Loss: 0.5728
2025-10-10 07:08:16,523 [INFO] Época 4/30, Batch 1800/3287, Loss: 0.6490
2025-10-10 07:08:16,779 [INFO] Época 4/30, Batch 1850/3287, Loss: 0.7195
2025-10-10 07:08:17,041 [INFO] Época 4/30, Batch 1900/3287, Loss: 0.8159
2025-10-10 07:08:17,301 [INFO] Época 4/30, Batch 1950/3287, Loss: 0.6682
2025-10-10 07:08:17,572 [INFO] Época 4/30, Batch 2000/3287, Loss: 0.6334
2025-10-10 07:08:17,827 [INFO] Época 4/30, Batch 2050/3287, Loss: 0.8251
2025-10-10 07:08:18,082 [INFO] Época 4/30, Batch 2100/3287, Loss: 0.6856
2025-10-10 07:08:18,337 [INFO] Época 4/30, Batch 2150/3287, Loss: 0.6244
2025-10-10 07:08:18,590 [INFO] Época 4/30, Batch 2200/3287, Loss: 0.7204
2025-10-10 07:08:18,841 [INFO] Época 4/30, Batch 2250/3287, Loss: 0.7557
2025-10-10 07:08:19,096 [INFO] Época 4/30, Batch 2300/3287, Loss: 0.5463
2025-10-10 07:08:19,350 [INFO] Época 4/30, Batch 2350/3287, Loss: 0.7255
2025-10-10 07:08:19,605 [INFO] Época 4/30, Batch 2400/3287, Loss: 0.5637
2025-10-10 07:08:19,862 [INFO] Época 4/30, Batch 2450/3287, Loss: 0.6006
2025-10-10 07:08:20,117 [INFO] Época 4/30, Batch 2500/3287, Loss: 0.5782
2025-10-10 07:08:20,372 [INFO] Época 4/30, Batch 2550/3287, Loss: 0.7566
2025-10-10 07:08:20,625 [INFO] Época 4/30, Batch 2600/3287, Loss: 0.5897
2025-10-10 07:08:20,883 [INFO] Época 4/30, Batch 2650/3287, Loss: 0.8774
2025-10-10 07:08:21,144 [INFO] Época 4/30, Batch 2700/3287, Loss: 0.6381
2025-10-10 07:08:21,406 [INFO] Época 4/30, Batch 2750/3287, Loss: 0.6410
2025-10-10 07:08:21,667 [INFO] Época 4/30, Batch 2800/3287, Loss: 0.5762
2025-10-10 07:08:21,927 [INFO] Época 4/30, Batch 2850/3287, Loss: 0.5697
2025-10-10 07:08:22,190 [INFO] Época 4/30, Batch 2900/3287, Loss: 0.7375
2025-10-10 07:08:22,450 [INFO] Época 4/30, Batch 2950/3287, Loss: 0.6338
2025-10-10 07:08:22,723 [INFO] Época 4/30, Batch 3000/3287, Loss: 0.7680
2025-10-10 07:08:22,985 [INFO] Época 4/30, Batch 3050/3287, Loss: 0.5776
2025-10-10 07:08:23,246 [INFO] Época 4/30, Batch 3100/3287, Loss: 0.5830
2025-10-10 07:08:23,508 [INFO] Época 4/30, Batch 3150/3287, Loss: 0.7899
2025-10-10 07:08:23,768 [INFO] Época 4/30, Batch 3200/3287, Loss: 0.5195
2025-10-10 07:08:24,025 [INFO] Época 4/30, Batch 3250/3287, Loss: 0.7510
2025-10-10 07:08:25,676 [INFO] [4/30] Train Loss: 0.6733 | Val Loss: 0.6368 | Tempo: 18.69s
2025-10-10 07:08:26,222 [INFO] Época 5/30, Batch 50/3287, Loss: 0.6634
2025-10-10 07:08:26,482 [INFO] Época 5/30, Batch 100/3287, Loss: 0.8274
2025-10-10 07:08:26,743 [INFO] Época 5/30, Batch 150/3287, Loss: 0.5277
2025-10-10 07:08:27,001 [INFO] Época 5/30, Batch 200/3287, Loss: 0.6106
2025-10-10 07:08:27,258 [INFO] Época 5/30, Batch 250/3287, Loss: 0.5856
2025-10-10 07:08:27,516 [INFO] Época 5/30, Batch 300/3287, Loss: 0.7568
2025-10-10 07:08:27,773 [INFO] Época 5/30, Batch 350/3287, Loss: 0.6368
2025-10-10 07:08:28,030 [INFO] Época 5/30, Batch 400/3287, Loss: 0.7541
2025-10-10 07:08:28,290 [INFO] Época 5/30, Batch 450/3287, Loss: 0.8323
2025-10-10 07:08:28,547 [INFO] Época 5/30, Batch 500/3287, Loss: 0.7693
2025-10-10 07:08:28,809 [INFO] Época 5/30, Batch 550/3287, Loss: 0.6535
2025-10-10 07:08:29,077 [INFO] Época 5/30, Batch 600/3287, Loss: 0.6472
2025-10-10 07:08:29,345 [INFO] Época 5/30, Batch 650/3287, Loss: 0.8353
2025-10-10 07:08:29,607 [INFO] Época 5/30, Batch 700/3287, Loss: 0.5147
2025-10-10 07:08:29,864 [INFO] Época 5/30, Batch 750/3287, Loss: 0.6564
2025-10-10 07:08:30,121 [INFO] Época 5/30, Batch 800/3287, Loss: 0.5791
2025-10-10 07:08:30,376 [INFO] Época 5/30, Batch 850/3287, Loss: 0.7095
2025-10-10 07:08:30,634 [INFO] Época 5/30, Batch 900/3287, Loss: 0.6265
2025-10-10 07:08:30,901 [INFO] Época 5/30, Batch 950/3287, Loss: 0.6252
2025-10-10 07:08:31,166 [INFO] Época 5/30, Batch 1000/3287, Loss: 0.7677
2025-10-10 07:08:31,433 [INFO] Época 5/30, Batch 1050/3287, Loss: 0.6245
2025-10-10 07:08:31,700 [INFO] Época 5/30, Batch 1100/3287, Loss: 0.7794
2025-10-10 07:08:31,967 [INFO] Época 5/30, Batch 1150/3287, Loss: 0.6769
2025-10-10 07:08:32,234 [INFO] Época 5/30, Batch 1200/3287, Loss: 0.6296
2025-10-10 07:08:32,501 [INFO] Época 5/30, Batch 1250/3287, Loss: 0.6753
2025-10-10 07:08:32,767 [INFO] Época 5/30, Batch 1300/3287, Loss: 0.5302
2025-10-10 07:08:33,035 [INFO] Época 5/30, Batch 1350/3287, Loss: 0.6435
2025-10-10 07:08:33,301 [INFO] Época 5/30, Batch 1400/3287, Loss: 0.6866
2025-10-10 07:08:33,568 [INFO] Época 5/30, Batch 1450/3287, Loss: 0.7168
2025-10-10 07:08:33,834 [INFO] Época 5/30, Batch 1500/3287, Loss: 0.6867
2025-10-10 07:08:34,101 [INFO] Época 5/30, Batch 1550/3287, Loss: 0.6696
2025-10-10 07:08:34,367 [INFO] Época 5/30, Batch 1600/3287, Loss: 0.7872
2025-10-10 07:08:34,635 [INFO] Época 5/30, Batch 1650/3287, Loss: 0.7280
2025-10-10 07:08:34,902 [INFO] Época 5/30, Batch 1700/3287, Loss: 0.7086
2025-10-10 07:08:35,169 [INFO] Época 5/30, Batch 1750/3287, Loss: 0.5385
2025-10-10 07:08:35,437 [INFO] Época 5/30, Batch 1800/3287, Loss: 0.5162
2025-10-10 07:08:35,705 [INFO] Época 5/30, Batch 1850/3287, Loss: 0.7298
2025-10-10 07:08:35,970 [INFO] Época 5/30, Batch 1900/3287, Loss: 0.8830
2025-10-10 07:08:36,236 [INFO] Época 5/30, Batch 1950/3287, Loss: 0.6088
2025-10-10 07:08:36,504 [INFO] Época 5/30, Batch 2000/3287, Loss: 0.6533
2025-10-10 07:08:36,770 [INFO] Época 5/30, Batch 2050/3287, Loss: 0.7125
2025-10-10 07:08:37,031 [INFO] Época 5/30, Batch 2100/3287, Loss: 0.6918
2025-10-10 07:08:37,299 [INFO] Época 5/30, Batch 2150/3287, Loss: 0.8506
2025-10-10 07:08:37,564 [INFO] Época 5/30, Batch 2200/3287, Loss: 0.7016
2025-10-10 07:08:37,824 [INFO] Época 5/30, Batch 2250/3287, Loss: 0.6309
2025-10-10 07:08:38,091 [INFO] Época 5/30, Batch 2300/3287, Loss: 0.5868
2025-10-10 07:08:38,346 [INFO] Época 5/30, Batch 2350/3287, Loss: 0.7651
2025-10-10 07:08:38,601 [INFO] Época 5/30, Batch 2400/3287, Loss: 0.7674
2025-10-10 07:08:38,855 [INFO] Época 5/30, Batch 2450/3287, Loss: 0.7325
2025-10-10 07:08:39,111 [INFO] Época 5/30, Batch 2500/3287, Loss: 0.7209
2025-10-10 07:08:39,364 [INFO] Época 5/30, Batch 2550/3287, Loss: 0.5328
2025-10-10 07:08:39,619 [INFO] Época 5/30, Batch 2600/3287, Loss: 0.7236
2025-10-10 07:08:39,873 [INFO] Época 5/30, Batch 2650/3287, Loss: 0.7163
2025-10-10 07:08:40,127 [INFO] Época 5/30, Batch 2700/3287, Loss: 0.6194
2025-10-10 07:08:40,384 [INFO] Época 5/30, Batch 2750/3287, Loss: 0.6762
2025-10-10 07:08:40,641 [INFO] Época 5/30, Batch 2800/3287, Loss: 0.7894
2025-10-10 07:08:40,903 [INFO] Época 5/30, Batch 2850/3287, Loss: 0.5638
2025-10-10 07:08:41,170 [INFO] Época 5/30, Batch 2900/3287, Loss: 0.6683
2025-10-10 07:08:41,435 [INFO] Época 5/30, Batch 2950/3287, Loss: 0.6891
2025-10-10 07:08:41,692 [INFO] Época 5/30, Batch 3000/3287, Loss: 0.7257
2025-10-10 07:08:41,946 [INFO] Época 5/30, Batch 3050/3287, Loss: 0.6187
2025-10-10 07:08:42,202 [INFO] Época 5/30, Batch 3100/3287, Loss: 0.6846
2025-10-10 07:08:42,456 [INFO] Época 5/30, Batch 3150/3287, Loss: 0.6680
2025-10-10 07:08:42,713 [INFO] Época 5/30, Batch 3200/3287, Loss: 0.7374
2025-10-10 07:08:42,969 [INFO] Época 5/30, Batch 3250/3287, Loss: 0.6636
2025-10-10 07:08:44,600 [INFO] [5/30] Train Loss: 0.6708 | Val Loss: 0.6269 | Tempo: 18.92s
2025-10-10 07:08:45,165 [INFO] Época 6/30, Batch 50/3287, Loss: 0.6243
2025-10-10 07:08:45,450 [INFO] Época 6/30, Batch 100/3287, Loss: 0.7197
2025-10-10 07:08:45,732 [INFO] Época 6/30, Batch 150/3287, Loss: 0.6216
2025-10-10 07:08:46,012 [INFO] Época 6/30, Batch 200/3287, Loss: 0.6550
2025-10-10 07:08:46,282 [INFO] Época 6/30, Batch 250/3287, Loss: 0.6423
2025-10-10 07:08:46,540 [INFO] Época 6/30, Batch 300/3287, Loss: 0.6737
2025-10-10 07:08:46,794 [INFO] Época 6/30, Batch 350/3287, Loss: 0.6247
2025-10-10 07:08:47,050 [INFO] Época 6/30, Batch 400/3287, Loss: 0.6570
2025-10-10 07:08:47,307 [INFO] Época 6/30, Batch 450/3287, Loss: 0.6033
2025-10-10 07:08:47,562 [INFO] Época 6/30, Batch 500/3287, Loss: 0.6803
2025-10-10 07:08:47,819 [INFO] Época 6/30, Batch 550/3287, Loss: 0.6678
2025-10-10 07:08:48,078 [INFO] Época 6/30, Batch 600/3287, Loss: 0.6970
2025-10-10 07:08:48,333 [INFO] Época 6/30, Batch 650/3287, Loss: 0.6542
2025-10-10 07:08:48,591 [INFO] Época 6/30, Batch 700/3287, Loss: 0.6331
2025-10-10 07:08:48,845 [INFO] Época 6/30, Batch 750/3287, Loss: 0.6356
2025-10-10 07:08:49,100 [INFO] Época 6/30, Batch 800/3287, Loss: 0.6299
2025-10-10 07:08:49,357 [INFO] Época 6/30, Batch 850/3287, Loss: 0.5571
2025-10-10 07:08:49,610 [INFO] Época 6/30, Batch 900/3287, Loss: 0.7011
2025-10-10 07:08:49,865 [INFO] Época 6/30, Batch 950/3287, Loss: 0.8330
2025-10-10 07:08:50,120 [INFO] Época 6/30, Batch 1000/3287, Loss: 0.7387
2025-10-10 07:08:50,380 [INFO] Época 6/30, Batch 1050/3287, Loss: 0.5908
2025-10-10 07:08:50,643 [INFO] Época 6/30, Batch 1100/3287, Loss: 0.6512
2025-10-10 07:08:50,905 [INFO] Época 6/30, Batch 1150/3287, Loss: 0.6286
2025-10-10 07:08:51,172 [INFO] Época 6/30, Batch 1200/3287, Loss: 0.7624
2025-10-10 07:08:51,436 [INFO] Época 6/30, Batch 1250/3287, Loss: 0.6092
2025-10-10 07:08:51,697 [INFO] Época 6/30, Batch 1300/3287, Loss: 0.6766
2025-10-10 07:08:51,952 [INFO] Época 6/30, Batch 1350/3287, Loss: 0.7826
2025-10-10 07:08:52,207 [INFO] Época 6/30, Batch 1400/3287, Loss: 0.6226
2025-10-10 07:08:52,462 [INFO] Época 6/30, Batch 1450/3287, Loss: 0.6488
2025-10-10 07:08:52,719 [INFO] Época 6/30, Batch 1500/3287, Loss: 0.5628
2025-10-10 07:08:52,973 [INFO] Época 6/30, Batch 1550/3287, Loss: 0.6176
2025-10-10 07:08:53,230 [INFO] Época 6/30, Batch 1600/3287, Loss: 0.5902
2025-10-10 07:08:53,487 [INFO] Época 6/30, Batch 1650/3287, Loss: 0.7640
2025-10-10 07:08:53,744 [INFO] Época 6/30, Batch 1700/3287, Loss: 0.5936
2025-10-10 07:08:54,003 [INFO] Época 6/30, Batch 1750/3287, Loss: 0.6212
2025-10-10 07:08:54,261 [INFO] Época 6/30, Batch 1800/3287, Loss: 0.7159
2025-10-10 07:08:54,518 [INFO] Época 6/30, Batch 1850/3287, Loss: 0.6002
2025-10-10 07:08:54,775 [INFO] Época 6/30, Batch 1900/3287, Loss: 0.3708
2025-10-10 07:08:55,032 [INFO] Época 6/30, Batch 1950/3287, Loss: 0.5912
2025-10-10 07:08:55,290 [INFO] Época 6/30, Batch 2000/3287, Loss: 0.6131
2025-10-10 07:08:55,548 [INFO] Época 6/30, Batch 2050/3287, Loss: 0.6747
2025-10-10 07:08:55,805 [INFO] Época 6/30, Batch 2100/3287, Loss: 0.6714
2025-10-10 07:08:56,061 [INFO] Época 6/30, Batch 2150/3287, Loss: 0.6667
2025-10-10 07:08:56,318 [INFO] Época 6/30, Batch 2200/3287, Loss: 0.5165
2025-10-10 07:08:56,577 [INFO] Época 6/30, Batch 2250/3287, Loss: 0.5565
2025-10-10 07:08:56,835 [INFO] Época 6/30, Batch 2300/3287, Loss: 0.7214
2025-10-10 07:08:57,091 [INFO] Época 6/30, Batch 2350/3287, Loss: 0.8121
2025-10-10 07:08:57,348 [INFO] Época 6/30, Batch 2400/3287, Loss: 0.7260
2025-10-10 07:08:57,605 [INFO] Época 6/30, Batch 2450/3287, Loss: 0.7675
2025-10-10 07:08:57,863 [INFO] Época 6/30, Batch 2500/3287, Loss: 0.6436
2025-10-10 07:08:58,119 [INFO] Época 6/30, Batch 2550/3287, Loss: 0.6420
2025-10-10 07:08:58,375 [INFO] Época 6/30, Batch 2600/3287, Loss: 0.7473
2025-10-10 07:08:58,632 [INFO] Época 6/30, Batch 2650/3287, Loss: 0.6307
2025-10-10 07:08:58,887 [INFO] Época 6/30, Batch 2700/3287, Loss: 0.6593
2025-10-10 07:08:59,143 [INFO] Época 6/30, Batch 2750/3287, Loss: 0.6495
2025-10-10 07:08:59,399 [INFO] Época 6/30, Batch 2800/3287, Loss: 0.5777
2025-10-10 07:08:59,656 [INFO] Época 6/30, Batch 2850/3287, Loss: 0.5938
2025-10-10 07:08:59,911 [INFO] Época 6/30, Batch 2900/3287, Loss: 0.5044
2025-10-10 07:09:00,165 [INFO] Época 6/30, Batch 2950/3287, Loss: 0.7047
2025-10-10 07:09:00,424 [INFO] Época 6/30, Batch 3000/3287, Loss: 0.5566
2025-10-10 07:09:00,680 [INFO] Época 6/30, Batch 3050/3287, Loss: 0.6061
2025-10-10 07:09:00,935 [INFO] Época 6/30, Batch 3100/3287, Loss: 0.6713
2025-10-10 07:09:01,192 [INFO] Época 6/30, Batch 3150/3287, Loss: 0.7815
2025-10-10 07:09:01,451 [INFO] Época 6/30, Batch 3200/3287, Loss: 0.6551
2025-10-10 07:09:01,708 [INFO] Época 6/30, Batch 3250/3287, Loss: 0.8192
2025-10-10 07:09:03,471 [INFO] [6/30] Train Loss: 0.6690 | Val Loss: 0.6198 | Tempo: 18.87s
2025-10-10 07:09:03,475 [INFO] Melhor modelo salvo em: /mnt/hdd/home/jdurao/ToolBox-ChemXAI/models/mlp_qm9_3D_att10_large.pth
2025-10-10 07:09:04,031 [INFO] Época 7/30, Batch 50/3287, Loss: 0.7170
2025-10-10 07:09:04,294 [INFO] Época 7/30, Batch 100/3287, Loss: 0.7597
2025-10-10 07:09:04,556 [INFO] Época 7/30, Batch 150/3287, Loss: 0.7581
2025-10-10 07:09:04,817 [INFO] Época 7/30, Batch 200/3287, Loss: 0.5623
2025-10-10 07:09:05,079 [INFO] Época 7/30, Batch 250/3287, Loss: 0.5575
2025-10-10 07:09:05,339 [INFO] Época 7/30, Batch 300/3287, Loss: 0.5966
2025-10-10 07:09:05,599 [INFO] Época 7/30, Batch 350/3287, Loss: 0.6414
2025-10-10 07:09:05,861 [INFO] Época 7/30, Batch 400/3287, Loss: 0.7126
2025-10-10 07:09:06,121 [INFO] Época 7/30, Batch 450/3287, Loss: 0.6569
2025-10-10 07:09:06,380 [INFO] Época 7/30, Batch 500/3287, Loss: 0.6940
2025-10-10 07:09:06,641 [INFO] Época 7/30, Batch 550/3287, Loss: 0.7235
2025-10-10 07:09:06,902 [INFO] Época 7/30, Batch 600/3287, Loss: 0.5832
2025-10-10 07:09:07,162 [INFO] Época 7/30, Batch 650/3287, Loss: 0.6111
2025-10-10 07:09:07,423 [INFO] Época 7/30, Batch 700/3287, Loss: 0.6152
2025-10-10 07:09:07,676 [INFO] Época 7/30, Batch 750/3287, Loss: 0.7313
2025-10-10 07:09:07,929 [INFO] Época 7/30, Batch 800/3287, Loss: 0.9239
2025-10-10 07:09:08,178 [INFO] Época 7/30, Batch 850/3287, Loss: 0.5788
2025-10-10 07:09:08,429 [INFO] Época 7/30, Batch 900/3287, Loss: 0.6147
2025-10-10 07:09:08,681 [INFO] Época 7/30, Batch 950/3287, Loss: 0.6568
2025-10-10 07:09:08,931 [INFO] Época 7/30, Batch 1000/3287, Loss: 0.5929
2025-10-10 07:09:09,182 [INFO] Época 7/30, Batch 1050/3287, Loss: 0.8362
2025-10-10 07:09:09,432 [INFO] Época 7/30, Batch 1100/3287, Loss: 0.5827
2025-10-10 07:09:09,683 [INFO] Época 7/30, Batch 1150/3287, Loss: 0.6929
2025-10-10 07:09:09,941 [INFO] Época 7/30, Batch 1200/3287, Loss: 0.5943
2025-10-10 07:09:10,201 [INFO] Época 7/30, Batch 1250/3287, Loss: 0.6563
2025-10-10 07:09:10,461 [INFO] Época 7/30, Batch 1300/3287, Loss: 0.7223
2025-10-10 07:09:10,721 [INFO] Época 7/30, Batch 1350/3287, Loss: 0.6218
2025-10-10 07:09:10,978 [INFO] Época 7/30, Batch 1400/3287, Loss: 0.5622
2025-10-10 07:09:11,235 [INFO] Época 7/30, Batch 1450/3287, Loss: 0.5438
2025-10-10 07:09:11,492 [INFO] Época 7/30, Batch 1500/3287, Loss: 0.7770
2025-10-10 07:09:11,751 [INFO] Época 7/30, Batch 1550/3287, Loss: 0.7239
2025-10-10 07:09:12,009 [INFO] Época 7/30, Batch 1600/3287, Loss: 0.4394
2025-10-10 07:09:12,268 [INFO] Época 7/30, Batch 1650/3287, Loss: 0.7828
2025-10-10 07:09:12,524 [INFO] Época 7/30, Batch 1700/3287, Loss: 0.7855
2025-10-10 07:09:12,785 [INFO] Época 7/30, Batch 1750/3287, Loss: 0.6962
2025-10-10 07:09:13,047 [INFO] Época 7/30, Batch 1800/3287, Loss: 0.6866
2025-10-10 07:09:13,306 [INFO] Época 7/30, Batch 1850/3287, Loss: 0.7534
2025-10-10 07:09:13,564 [INFO] Época 7/30, Batch 1900/3287, Loss: 0.7417
2025-10-10 07:09:13,823 [INFO] Época 7/30, Batch 1950/3287, Loss: 0.5256
2025-10-10 07:09:14,083 [INFO] Época 7/30, Batch 2000/3287, Loss: 0.5968
2025-10-10 07:09:14,343 [INFO] Época 7/30, Batch 2050/3287, Loss: 0.5922
2025-10-10 07:09:14,603 [INFO] Época 7/30, Batch 2100/3287, Loss: 0.6389
2025-10-10 07:09:14,863 [INFO] Época 7/30, Batch 2150/3287, Loss: 0.7058
2025-10-10 07:09:15,123 [INFO] Época 7/30, Batch 2200/3287, Loss: 0.8006
2025-10-10 07:09:15,382 [INFO] Época 7/30, Batch 2250/3287, Loss: 0.8027
2025-10-10 07:09:15,643 [INFO] Época 7/30, Batch 2300/3287, Loss: 0.6757
2025-10-10 07:09:15,903 [INFO] Época 7/30, Batch 2350/3287, Loss: 0.5091
2025-10-10 07:09:16,161 [INFO] Época 7/30, Batch 2400/3287, Loss: 0.6060
2025-10-10 07:09:16,420 [INFO] Época 7/30, Batch 2450/3287, Loss: 0.8110
2025-10-10 07:09:16,678 [INFO] Época 7/30, Batch 2500/3287, Loss: 0.7755
2025-10-10 07:09:16,938 [INFO] Época 7/30, Batch 2550/3287, Loss: 0.8181
2025-10-10 07:09:17,195 [INFO] Época 7/30, Batch 2600/3287, Loss: 0.6756
2025-10-10 07:09:17,453 [INFO] Época 7/30, Batch 2650/3287, Loss: 0.7687
2025-10-10 07:09:17,712 [INFO] Época 7/30, Batch 2700/3287, Loss: 0.6025
2025-10-10 07:09:17,977 [INFO] Época 7/30, Batch 2750/3287, Loss: 0.5884
2025-10-10 07:09:18,247 [INFO] Época 7/30, Batch 2800/3287, Loss: 0.9073
2025-10-10 07:09:18,517 [INFO] Época 7/30, Batch 2850/3287, Loss: 0.8427
2025-10-10 07:09:18,785 [INFO] Época 7/30, Batch 2900/3287, Loss: 0.9403
2025-10-10 07:09:19,052 [INFO] Época 7/30, Batch 2950/3287, Loss: 0.6081
2025-10-10 07:09:19,319 [INFO] Época 7/30, Batch 3000/3287, Loss: 0.9438
2025-10-10 07:09:19,578 [INFO] Época 7/30, Batch 3050/3287, Loss: 0.7432
2025-10-10 07:09:19,838 [INFO] Época 7/30, Batch 3100/3287, Loss: 0.6732
2025-10-10 07:09:20,099 [INFO] Época 7/30, Batch 3150/3287, Loss: 0.7167
2025-10-10 07:09:20,359 [INFO] Época 7/30, Batch 3200/3287, Loss: 0.5116
2025-10-10 07:09:20,618 [INFO] Época 7/30, Batch 3250/3287, Loss: 0.6296
2025-10-10 07:09:22,240 [INFO] [7/30] Train Loss: 0.6678 | Val Loss: 0.6243 | Tempo: 18.76s
2025-10-10 07:09:22,789 [INFO] Época 8/30, Batch 50/3287, Loss: 0.6238
2025-10-10 07:09:23,051 [INFO] Época 8/30, Batch 100/3287, Loss: 0.6147
2025-10-10 07:09:23,310 [INFO] Época 8/30, Batch 150/3287, Loss: 0.6505
2025-10-10 07:09:23,570 [INFO] Época 8/30, Batch 200/3287, Loss: 0.5330
2025-10-10 07:09:23,839 [INFO] Época 8/30, Batch 250/3287, Loss: 0.5949
2025-10-10 07:09:24,107 [INFO] Época 8/30, Batch 300/3287, Loss: 0.7113
2025-10-10 07:09:24,386 [INFO] Época 8/30, Batch 350/3287, Loss: 0.8518
2025-10-10 07:09:24,653 [INFO] Época 8/30, Batch 400/3287, Loss: 0.5468
2025-10-10 07:09:24,921 [INFO] Época 8/30, Batch 450/3287, Loss: 0.5954
2025-10-10 07:09:25,188 [INFO] Época 8/30, Batch 500/3287, Loss: 0.5038
2025-10-10 07:09:25,457 [INFO] Época 8/30, Batch 550/3287, Loss: 0.6627
2025-10-10 07:09:25,721 [INFO] Época 8/30, Batch 600/3287, Loss: 0.6336
2025-10-10 07:09:25,977 [INFO] Época 8/30, Batch 650/3287, Loss: 0.8660
2025-10-10 07:09:26,239 [INFO] Época 8/30, Batch 700/3287, Loss: 0.5197
2025-10-10 07:09:26,507 [INFO] Época 8/30, Batch 750/3287, Loss: 0.6330
2025-10-10 07:09:26,774 [INFO] Época 8/30, Batch 800/3287, Loss: 0.6853
2025-10-10 07:09:27,044 [INFO] Época 8/30, Batch 850/3287, Loss: 0.8124
2025-10-10 07:09:27,311 [INFO] Época 8/30, Batch 900/3287, Loss: 0.6947
2025-10-10 07:09:27,577 [INFO] Época 8/30, Batch 950/3287, Loss: 0.8565
2025-10-10 07:09:27,843 [INFO] Época 8/30, Batch 1000/3287, Loss: 0.6287
2025-10-10 07:09:28,104 [INFO] Época 8/30, Batch 1050/3287, Loss: 0.6830
2025-10-10 07:09:28,361 [INFO] Época 8/30, Batch 1100/3287, Loss: 0.4312
2025-10-10 07:09:28,616 [INFO] Época 8/30, Batch 1150/3287, Loss: 0.6289
2025-10-10 07:09:28,876 [INFO] Época 8/30, Batch 1200/3287, Loss: 0.6825
2025-10-10 07:09:29,131 [INFO] Época 8/30, Batch 1250/3287, Loss: 0.6206
2025-10-10 07:09:29,399 [INFO] Época 8/30, Batch 1300/3287, Loss: 0.5499
2025-10-10 07:09:29,656 [INFO] Época 8/30, Batch 1350/3287, Loss: 0.5983
2025-10-10 07:09:29,914 [INFO] Época 8/30, Batch 1400/3287, Loss: 0.6027
2025-10-10 07:09:30,173 [INFO] Época 8/30, Batch 1450/3287, Loss: 0.8080
2025-10-10 07:09:30,432 [INFO] Época 8/30, Batch 1500/3287, Loss: 0.7657
2025-10-10 07:09:30,689 [INFO] Época 8/30, Batch 1550/3287, Loss: 0.7159
2025-10-10 07:09:30,945 [INFO] Época 8/30, Batch 1600/3287, Loss: 0.6347
2025-10-10 07:09:31,202 [INFO] Época 8/30, Batch 1650/3287, Loss: 0.6761
2025-10-10 07:09:31,459 [INFO] Época 8/30, Batch 1700/3287, Loss: 0.7484
2025-10-10 07:09:31,727 [INFO] Época 8/30, Batch 1750/3287, Loss: 0.6778
2025-10-10 07:09:31,997 [INFO] Época 8/30, Batch 1800/3287, Loss: 0.5090
2025-10-10 07:09:32,268 [INFO] Época 8/30, Batch 1850/3287, Loss: 0.6203
2025-10-10 07:09:32,537 [INFO] Época 8/30, Batch 1900/3287, Loss: 0.6275
2025-10-10 07:09:32,803 [INFO] Época 8/30, Batch 1950/3287, Loss: 0.8175
2025-10-10 07:09:33,069 [INFO] Época 8/30, Batch 2000/3287, Loss: 0.7177
2025-10-10 07:09:33,340 [INFO] Época 8/30, Batch 2050/3287, Loss: 0.6218
2025-10-10 07:09:33,611 [INFO] Época 8/30, Batch 2100/3287, Loss: 0.4977
2025-10-10 07:09:33,881 [INFO] Época 8/30, Batch 2150/3287, Loss: 0.5993
2025-10-10 07:09:34,147 [INFO] Época 8/30, Batch 2200/3287, Loss: 0.6155
2025-10-10 07:09:34,417 [INFO] Época 8/30, Batch 2250/3287, Loss: 0.7694
2025-10-10 07:09:34,684 [INFO] Época 8/30, Batch 2300/3287, Loss: 0.7051
2025-10-10 07:09:34,954 [INFO] Época 8/30, Batch 2350/3287, Loss: 0.7191
2025-10-10 07:09:35,222 [INFO] Época 8/30, Batch 2400/3287, Loss: 0.7520
2025-10-10 07:09:35,490 [INFO] Época 8/30, Batch 2450/3287, Loss: 0.6503
2025-10-10 07:09:35,752 [INFO] Época 8/30, Batch 2500/3287, Loss: 0.5630
2025-10-10 07:09:36,009 [INFO] Época 8/30, Batch 2550/3287, Loss: 0.8248
2025-10-10 07:09:36,268 [INFO] Época 8/30, Batch 2600/3287, Loss: 0.5576
2025-10-10 07:09:36,526 [INFO] Época 8/30, Batch 2650/3287, Loss: 0.7586
2025-10-10 07:09:36,783 [INFO] Época 8/30, Batch 2700/3287, Loss: 0.4954
2025-10-10 07:09:37,040 [INFO] Época 8/30, Batch 2750/3287, Loss: 0.7924
2025-10-10 07:09:37,299 [INFO] Época 8/30, Batch 2800/3287, Loss: 0.5589
2025-10-10 07:09:37,556 [INFO] Época 8/30, Batch 2850/3287, Loss: 0.7017
2025-10-10 07:09:37,813 [INFO] Época 8/30, Batch 2900/3287, Loss: 0.5735
2025-10-10 07:09:38,070 [INFO] Época 8/30, Batch 2950/3287, Loss: 0.7578
2025-10-10 07:09:38,326 [INFO] Época 8/30, Batch 3000/3287, Loss: 0.6593
2025-10-10 07:09:38,583 [INFO] Época 8/30, Batch 3050/3287, Loss: 0.7545
2025-10-10 07:09:38,838 [INFO] Época 8/30, Batch 3100/3287, Loss: 0.6058
2025-10-10 07:09:39,095 [INFO] Época 8/30, Batch 3150/3287, Loss: 0.7153
2025-10-10 07:09:39,350 [INFO] Época 8/30, Batch 3200/3287, Loss: 0.6067
2025-10-10 07:09:39,611 [INFO] Época 8/30, Batch 3250/3287, Loss: 0.6003
2025-10-10 07:09:41,232 [INFO] [8/30] Train Loss: 0.6662 | Val Loss: 0.6188 | Tempo: 18.99s
2025-10-10 07:09:41,236 [INFO] Melhor modelo salvo em: /mnt/hdd/home/jdurao/ToolBox-ChemXAI/models/mlp_qm9_3D_att10_large.pth
2025-10-10 07:09:41,793 [INFO] Época 9/30, Batch 50/3287, Loss: 0.7255
2025-10-10 07:09:42,068 [INFO] Época 9/30, Batch 100/3287, Loss: 0.6676
2025-10-10 07:09:42,338 [INFO] Época 9/30, Batch 150/3287, Loss: 0.6853
2025-10-10 07:09:42,607 [INFO] Época 9/30, Batch 200/3287, Loss: 0.6025
2025-10-10 07:09:42,873 [INFO] Época 9/30, Batch 250/3287, Loss: 0.6790
2025-10-10 07:09:43,143 [INFO] Época 9/30, Batch 300/3287, Loss: 0.6691
2025-10-10 07:09:43,412 [INFO] Época 9/30, Batch 350/3287, Loss: 0.7233
2025-10-10 07:09:43,678 [INFO] Época 9/30, Batch 400/3287, Loss: 0.7492
2025-10-10 07:09:43,945 [INFO] Época 9/30, Batch 450/3287, Loss: 0.6372
2025-10-10 07:09:44,212 [INFO] Época 9/30, Batch 500/3287, Loss: 0.6443
2025-10-10 07:09:44,478 [INFO] Época 9/30, Batch 550/3287, Loss: 0.7361
2025-10-10 07:09:44,753 [INFO] Época 9/30, Batch 600/3287, Loss: 0.7120
2025-10-10 07:09:45,013 [INFO] Época 9/30, Batch 650/3287, Loss: 0.7204
2025-10-10 07:09:45,272 [INFO] Época 9/30, Batch 700/3287, Loss: 0.6482
2025-10-10 07:09:45,533 [INFO] Época 9/30, Batch 750/3287, Loss: 0.7750
2025-10-10 07:09:45,797 [INFO] Época 9/30, Batch 800/3287, Loss: 0.6690
2025-10-10 07:09:46,060 [INFO] Época 9/30, Batch 850/3287, Loss: 0.7075
2025-10-10 07:09:46,325 [INFO] Época 9/30, Batch 900/3287, Loss: 0.7552
2025-10-10 07:09:46,590 [INFO] Época 9/30, Batch 950/3287, Loss: 0.7751
2025-10-10 07:09:46,851 [INFO] Época 9/30, Batch 1000/3287, Loss: 0.5624
2025-10-10 07:09:47,113 [INFO] Época 9/30, Batch 1050/3287, Loss: 0.6583
2025-10-10 07:09:47,377 [INFO] Época 9/30, Batch 1100/3287, Loss: 0.6018
2025-10-10 07:09:47,643 [INFO] Época 9/30, Batch 1150/3287, Loss: 0.6061
2025-10-10 07:09:47,907 [INFO] Época 9/30, Batch 1200/3287, Loss: 0.5608
2025-10-10 07:09:48,175 [INFO] Época 9/30, Batch 1250/3287, Loss: 0.5788
2025-10-10 07:09:48,446 [INFO] Época 9/30, Batch 1300/3287, Loss: 0.5927
2025-10-10 07:09:48,716 [INFO] Época 9/30, Batch 1350/3287, Loss: 0.7449
2025-10-10 07:09:48,991 [INFO] Época 9/30, Batch 1400/3287, Loss: 0.7497
2025-10-10 07:09:49,263 [INFO] Época 9/30, Batch 1450/3287, Loss: 0.6001
2025-10-10 07:09:49,535 [INFO] Época 9/30, Batch 1500/3287, Loss: 0.5987
2025-10-10 07:09:49,804 [INFO] Época 9/30, Batch 1550/3287, Loss: 0.8097
2025-10-10 07:09:50,074 [INFO] Época 9/30, Batch 1600/3287, Loss: 0.7794
2025-10-10 07:09:50,343 [INFO] Época 9/30, Batch 1650/3287, Loss: 0.5830
2025-10-10 07:09:50,612 [INFO] Época 9/30, Batch 1700/3287, Loss: 0.7611
2025-10-10 07:09:50,884 [INFO] Época 9/30, Batch 1750/3287, Loss: 0.7099
2025-10-10 07:09:51,153 [INFO] Época 9/30, Batch 1800/3287, Loss: 0.8759
2025-10-10 07:09:51,425 [INFO] Época 9/30, Batch 1850/3287, Loss: 0.6224
2025-10-10 07:09:51,699 [INFO] Época 9/30, Batch 1900/3287, Loss: 0.7077
2025-10-10 07:09:51,970 [INFO] Época 9/30, Batch 1950/3287, Loss: 0.7494
2025-10-10 07:09:52,240 [INFO] Época 9/30, Batch 2000/3287, Loss: 0.5777
2025-10-10 07:09:52,510 [INFO] Época 9/30, Batch 2050/3287, Loss: 0.8237
2025-10-10 07:09:52,780 [INFO] Época 9/30, Batch 2100/3287, Loss: 0.3953
2025-10-10 07:09:53,053 [INFO] Época 9/30, Batch 2150/3287, Loss: 0.7599
2025-10-10 07:09:53,322 [INFO] Época 9/30, Batch 2200/3287, Loss: 0.5435
2025-10-10 07:09:53,592 [INFO] Época 9/30, Batch 2250/3287, Loss: 0.6129
2025-10-10 07:09:53,859 [INFO] Época 9/30, Batch 2300/3287, Loss: 0.6323
2025-10-10 07:09:54,127 [INFO] Época 9/30, Batch 2350/3287, Loss: 0.7575
2025-10-10 07:09:54,396 [INFO] Época 9/30, Batch 2400/3287, Loss: 0.4267
2025-10-10 07:09:54,665 [INFO] Época 9/30, Batch 2450/3287, Loss: 0.6917
2025-10-10 07:09:54,936 [INFO] Época 9/30, Batch 2500/3287, Loss: 0.6703
2025-10-10 07:09:55,207 [INFO] Época 9/30, Batch 2550/3287, Loss: 0.5752
2025-10-10 07:09:55,475 [INFO] Época 9/30, Batch 2600/3287, Loss: 0.6762
2025-10-10 07:09:55,747 [INFO] Época 9/30, Batch 2650/3287, Loss: 0.7174
2025-10-10 07:09:56,016 [INFO] Época 9/30, Batch 2700/3287, Loss: 0.6830
2025-10-10 07:09:56,277 [INFO] Época 9/30, Batch 2750/3287, Loss: 0.7343
2025-10-10 07:09:56,539 [INFO] Época 9/30, Batch 2800/3287, Loss: 0.8904
2025-10-10 07:09:56,801 [INFO] Época 9/30, Batch 2850/3287, Loss: 0.6502
2025-10-10 07:09:57,068 [INFO] Época 9/30, Batch 2900/3287, Loss: 0.7116
2025-10-10 07:09:57,337 [INFO] Época 9/30, Batch 2950/3287, Loss: 0.6549
2025-10-10 07:09:57,605 [INFO] Época 9/30, Batch 3000/3287, Loss: 0.7253
2025-10-10 07:09:57,874 [INFO] Época 9/30, Batch 3050/3287, Loss: 0.8488
2025-10-10 07:09:58,142 [INFO] Época 9/30, Batch 3100/3287, Loss: 0.6773
2025-10-10 07:09:58,413 [INFO] Época 9/30, Batch 3150/3287, Loss: 0.6380
2025-10-10 07:09:58,684 [INFO] Época 9/30, Batch 3200/3287, Loss: 0.5334
2025-10-10 07:09:58,953 [INFO] Época 9/30, Batch 3250/3287, Loss: 0.5781
2025-10-10 07:10:00,715 [INFO] [9/30] Train Loss: 0.6657 | Val Loss: 0.6284 | Tempo: 19.48s
2025-10-10 07:10:01,285 [INFO] Época 10/30, Batch 50/3287, Loss: 0.5925
2025-10-10 07:10:01,555 [INFO] Época 10/30, Batch 100/3287, Loss: 0.5785
2025-10-10 07:10:01,821 [INFO] Época 10/30, Batch 150/3287, Loss: 0.5715
2025-10-10 07:10:02,084 [INFO] Época 10/30, Batch 200/3287, Loss: 0.6390
2025-10-10 07:10:02,345 [INFO] Época 10/30, Batch 250/3287, Loss: 0.5423
2025-10-10 07:10:02,607 [INFO] Época 10/30, Batch 300/3287, Loss: 0.5413
2025-10-10 07:10:02,868 [INFO] Época 10/30, Batch 350/3287, Loss: 0.6167
2025-10-10 07:10:03,130 [INFO] Época 10/30, Batch 400/3287, Loss: 0.5070
2025-10-10 07:10:03,395 [INFO] Época 10/30, Batch 450/3287, Loss: 0.7752
2025-10-10 07:10:03,656 [INFO] Época 10/30, Batch 500/3287, Loss: 0.5422
2025-10-10 07:10:03,920 [INFO] Época 10/30, Batch 550/3287, Loss: 0.6108
2025-10-10 07:10:04,181 [INFO] Época 10/30, Batch 600/3287, Loss: 0.6011
2025-10-10 07:10:04,442 [INFO] Época 10/30, Batch 650/3287, Loss: 0.6804
2025-10-10 07:10:04,704 [INFO] Época 10/30, Batch 700/3287, Loss: 0.6966
2025-10-10 07:10:04,966 [INFO] Época 10/30, Batch 750/3287, Loss: 0.6794
2025-10-10 07:10:05,229 [INFO] Época 10/30, Batch 800/3287, Loss: 0.7961
2025-10-10 07:10:05,489 [INFO] Época 10/30, Batch 850/3287, Loss: 0.6226
2025-10-10 07:10:05,750 [INFO] Época 10/30, Batch 900/3287, Loss: 0.7464
2025-10-10 07:10:06,013 [INFO] Época 10/30, Batch 950/3287, Loss: 0.9007
2025-10-10 07:10:06,273 [INFO] Época 10/30, Batch 1000/3287, Loss: 0.6623
2025-10-10 07:10:06,534 [INFO] Época 10/30, Batch 1050/3287, Loss: 0.7253
2025-10-10 07:10:06,799 [INFO] Época 10/30, Batch 1100/3287, Loss: 0.5481
2025-10-10 07:10:07,062 [INFO] Época 10/30, Batch 1150/3287, Loss: 0.7628
2025-10-10 07:10:07,325 [INFO] Época 10/30, Batch 1200/3287, Loss: 0.6970
2025-10-10 07:10:07,587 [INFO] Época 10/30, Batch 1250/3287, Loss: 0.7188
2025-10-10 07:10:07,849 [INFO] Época 10/30, Batch 1300/3287, Loss: 0.8312
2025-10-10 07:10:08,112 [INFO] Época 10/30, Batch 1350/3287, Loss: 0.7485
2025-10-10 07:10:08,374 [INFO] Época 10/30, Batch 1400/3287, Loss: 0.6514
2025-10-10 07:10:08,637 [INFO] Época 10/30, Batch 1450/3287, Loss: 0.8306
2025-10-10 07:10:08,895 [INFO] Época 10/30, Batch 1500/3287, Loss: 0.5163
2025-10-10 07:10:09,157 [INFO] Época 10/30, Batch 1550/3287, Loss: 0.7160
2025-10-10 07:10:09,417 [INFO] Época 10/30, Batch 1600/3287, Loss: 0.6365
2025-10-10 07:10:09,677 [INFO] Época 10/30, Batch 1650/3287, Loss: 0.6121
2025-10-10 07:10:09,942 [INFO] Época 10/30, Batch 1700/3287, Loss: 0.6435
2025-10-10 07:10:10,203 [INFO] Época 10/30, Batch 1750/3287, Loss: 0.8102
2025-10-10 07:10:10,465 [INFO] Época 10/30, Batch 1800/3287, Loss: 0.7077
2025-10-10 07:10:10,728 [INFO] Época 10/30, Batch 1850/3287, Loss: 0.6326
2025-10-10 07:10:10,987 [INFO] Época 10/30, Batch 1900/3287, Loss: 0.7543
2025-10-10 07:10:11,259 [INFO] Época 10/30, Batch 1950/3287, Loss: 0.9024
2025-10-10 07:10:11,520 [INFO] Época 10/30, Batch 2000/3287, Loss: 0.7675
2025-10-10 07:10:11,784 [INFO] Época 10/30, Batch 2050/3287, Loss: 0.7333
2025-10-10 07:10:12,048 [INFO] Época 10/30, Batch 2100/3287, Loss: 0.6502
2025-10-10 07:10:12,311 [INFO] Época 10/30, Batch 2150/3287, Loss: 0.5008
2025-10-10 07:10:12,572 [INFO] Época 10/30, Batch 2200/3287, Loss: 0.5760
2025-10-10 07:10:12,833 [INFO] Época 10/30, Batch 2250/3287, Loss: 0.5258
2025-10-10 07:10:13,095 [INFO] Época 10/30, Batch 2300/3287, Loss: 0.5822
2025-10-10 07:10:13,358 [INFO] Época 10/30, Batch 2350/3287, Loss: 0.7967
2025-10-10 07:10:13,621 [INFO] Época 10/30, Batch 2400/3287, Loss: 0.6430
2025-10-10 07:10:13,882 [INFO] Época 10/30, Batch 2450/3287, Loss: 0.6614
2025-10-10 07:10:14,150 [INFO] Época 10/30, Batch 2500/3287, Loss: 0.7231
2025-10-10 07:10:14,419 [INFO] Época 10/30, Batch 2550/3287, Loss: 0.6741
2025-10-10 07:10:14,685 [INFO] Época 10/30, Batch 2600/3287, Loss: 0.6238
2025-10-10 07:10:14,948 [INFO] Época 10/30, Batch 2650/3287, Loss: 0.6240
2025-10-10 07:10:15,209 [INFO] Época 10/30, Batch 2700/3287, Loss: 0.6153
2025-10-10 07:10:15,470 [INFO] Época 10/30, Batch 2750/3287, Loss: 0.5928
2025-10-10 07:10:15,731 [INFO] Época 10/30, Batch 2800/3287, Loss: 0.7529
2025-10-10 07:10:15,993 [INFO] Época 10/30, Batch 2850/3287, Loss: 0.6816
2025-10-10 07:10:16,263 [INFO] Época 10/30, Batch 2900/3287, Loss: 0.7610
2025-10-10 07:10:16,525 [INFO] Época 10/30, Batch 2950/3287, Loss: 0.6885
2025-10-10 07:10:16,784 [INFO] Época 10/30, Batch 3000/3287, Loss: 0.6972
2025-10-10 07:10:17,042 [INFO] Época 10/30, Batch 3050/3287, Loss: 0.8212
2025-10-10 07:10:17,299 [INFO] Época 10/30, Batch 3100/3287, Loss: 0.6719
2025-10-10 07:10:17,553 [INFO] Época 10/30, Batch 3150/3287, Loss: 0.7251
2025-10-10 07:10:17,809 [INFO] Época 10/30, Batch 3200/3287, Loss: 0.5365
2025-10-10 07:10:18,067 [INFO] Época 10/30, Batch 3250/3287, Loss: 0.6440
2025-10-10 07:10:19,682 [INFO] [10/30] Train Loss: 0.6648 | Val Loss: 0.6118 | Tempo: 18.96s
2025-10-10 07:10:19,686 [INFO] Melhor modelo salvo em: /mnt/hdd/home/jdurao/ToolBox-ChemXAI/models/mlp_qm9_3D_att10_large.pth
2025-10-10 07:10:20,241 [INFO] Época 11/30, Batch 50/3287, Loss: 0.7700
2025-10-10 07:10:20,505 [INFO] Época 11/30, Batch 100/3287, Loss: 0.6858
2025-10-10 07:10:20,769 [INFO] Época 11/30, Batch 150/3287, Loss: 0.8329
2025-10-10 07:10:21,031 [INFO] Época 11/30, Batch 200/3287, Loss: 0.6545
2025-10-10 07:10:21,307 [INFO] Época 11/30, Batch 250/3287, Loss: 0.7388
2025-10-10 07:10:21,569 [INFO] Época 11/30, Batch 300/3287, Loss: 0.5942
2025-10-10 07:10:21,832 [INFO] Época 11/30, Batch 350/3287, Loss: 0.7529
2025-10-10 07:10:22,097 [INFO] Época 11/30, Batch 400/3287, Loss: 0.7191
2025-10-10 07:10:22,358 [INFO] Época 11/30, Batch 450/3287, Loss: 0.5737
2025-10-10 07:10:22,620 [INFO] Época 11/30, Batch 500/3287, Loss: 0.6552
2025-10-10 07:10:22,876 [INFO] Época 11/30, Batch 550/3287, Loss: 0.8092
2025-10-10 07:10:23,132 [INFO] Época 11/30, Batch 600/3287, Loss: 0.6334
2025-10-10 07:10:23,389 [INFO] Época 11/30, Batch 650/3287, Loss: 0.6187
2025-10-10 07:10:23,646 [INFO] Época 11/30, Batch 700/3287, Loss: 0.6330
2025-10-10 07:10:23,904 [INFO] Época 11/30, Batch 750/3287, Loss: 0.5483
2025-10-10 07:10:24,161 [INFO] Época 11/30, Batch 800/3287, Loss: 0.5705
2025-10-10 07:10:24,419 [INFO] Época 11/30, Batch 850/3287, Loss: 0.6851
2025-10-10 07:10:24,678 [INFO] Época 11/30, Batch 900/3287, Loss: 0.7553
2025-10-10 07:10:24,939 [INFO] Época 11/30, Batch 950/3287, Loss: 0.5613
2025-10-10 07:10:25,199 [INFO] Época 11/30, Batch 1000/3287, Loss: 0.7751
2025-10-10 07:10:25,457 [INFO] Época 11/30, Batch 1050/3287, Loss: 0.4987
2025-10-10 07:10:25,715 [INFO] Época 11/30, Batch 1100/3287, Loss: 0.5775
2025-10-10 07:10:25,975 [INFO] Época 11/30, Batch 1150/3287, Loss: 0.5292
2025-10-10 07:10:26,232 [INFO] Época 11/30, Batch 1200/3287, Loss: 0.7096
2025-10-10 07:10:26,492 [INFO] Época 11/30, Batch 1250/3287, Loss: 0.6393
2025-10-10 07:10:26,750 [INFO] Época 11/30, Batch 1300/3287, Loss: 0.5779
2025-10-10 07:10:27,009 [INFO] Época 11/30, Batch 1350/3287, Loss: 0.4817
2025-10-10 07:10:27,266 [INFO] Época 11/30, Batch 1400/3287, Loss: 0.7379
2025-10-10 07:10:27,522 [INFO] Época 11/30, Batch 1450/3287, Loss: 0.5228
2025-10-10 07:10:27,781 [INFO] Época 11/30, Batch 1500/3287, Loss: 0.5838
2025-10-10 07:10:28,038 [INFO] Época 11/30, Batch 1550/3287, Loss: 0.7694
2025-10-10 07:10:28,297 [INFO] Época 11/30, Batch 1600/3287, Loss: 0.6551
2025-10-10 07:10:28,554 [INFO] Época 11/30, Batch 1650/3287, Loss: 0.6816
2025-10-10 07:10:28,822 [INFO] Época 11/30, Batch 1700/3287, Loss: 0.5694
2025-10-10 07:10:29,091 [INFO] Época 11/30, Batch 1750/3287, Loss: 0.6862
2025-10-10 07:10:29,358 [INFO] Época 11/30, Batch 1800/3287, Loss: 0.6754
2025-10-10 07:10:29,621 [INFO] Época 11/30, Batch 1850/3287, Loss: 0.8671
2025-10-10 07:10:29,879 [INFO] Época 11/30, Batch 1900/3287, Loss: 0.5861
2025-10-10 07:10:30,137 [INFO] Época 11/30, Batch 1950/3287, Loss: 0.7040
2025-10-10 07:10:30,396 [INFO] Época 11/30, Batch 2000/3287, Loss: 0.6931
2025-10-10 07:10:30,654 [INFO] Época 11/30, Batch 2050/3287, Loss: 0.8428
2025-10-10 07:10:30,913 [INFO] Época 11/30, Batch 2100/3287, Loss: 0.6299
2025-10-10 07:10:31,171 [INFO] Época 11/30, Batch 2150/3287, Loss: 0.6475
2025-10-10 07:10:31,431 [INFO] Época 11/30, Batch 2200/3287, Loss: 0.5487
2025-10-10 07:10:31,692 [INFO] Época 11/30, Batch 2250/3287, Loss: 0.7735
2025-10-10 07:10:31,951 [INFO] Época 11/30, Batch 2300/3287, Loss: 0.6370
2025-10-10 07:10:32,210 [INFO] Época 11/30, Batch 2350/3287, Loss: 0.5586
2025-10-10 07:10:32,467 [INFO] Época 11/30, Batch 2400/3287, Loss: 0.6894
2025-10-10 07:10:32,726 [INFO] Época 11/30, Batch 2450/3287, Loss: 0.5720
2025-10-10 07:10:32,984 [INFO] Época 11/30, Batch 2500/3287, Loss: 0.6620
2025-10-10 07:10:33,247 [INFO] Época 11/30, Batch 2550/3287, Loss: 0.5760
2025-10-10 07:10:33,507 [INFO] Época 11/30, Batch 2600/3287, Loss: 0.6630
2025-10-10 07:10:33,775 [INFO] Época 11/30, Batch 2650/3287, Loss: 0.6850
2025-10-10 07:10:34,037 [INFO] Época 11/30, Batch 2700/3287, Loss: 0.6611
2025-10-10 07:10:34,298 [INFO] Época 11/30, Batch 2750/3287, Loss: 0.5970
2025-10-10 07:10:34,559 [INFO] Época 11/30, Batch 2800/3287, Loss: 0.5963
2025-10-10 07:10:34,817 [INFO] Época 11/30, Batch 2850/3287, Loss: 0.6889
2025-10-10 07:10:35,077 [INFO] Época 11/30, Batch 2900/3287, Loss: 0.6477
2025-10-10 07:10:35,339 [INFO] Época 11/30, Batch 2950/3287, Loss: 0.5947
2025-10-10 07:10:35,599 [INFO] Época 11/30, Batch 3000/3287, Loss: 0.6715
2025-10-10 07:10:35,861 [INFO] Época 11/30, Batch 3050/3287, Loss: 0.6794
2025-10-10 07:10:36,122 [INFO] Época 11/30, Batch 3100/3287, Loss: 0.7413
2025-10-10 07:10:36,380 [INFO] Época 11/30, Batch 3150/3287, Loss: 0.5837
2025-10-10 07:10:36,636 [INFO] Época 11/30, Batch 3200/3287, Loss: 0.5393
2025-10-10 07:10:36,896 [INFO] Época 11/30, Batch 3250/3287, Loss: 0.7223
2025-10-10 07:10:38,540 [INFO] [11/30] Train Loss: 0.6638 | Val Loss: 0.6273 | Tempo: 18.85s
2025-10-10 07:10:39,088 [INFO] Época 12/30, Batch 50/3287, Loss: 0.7017
2025-10-10 07:10:39,348 [INFO] Época 12/30, Batch 100/3287, Loss: 0.8476
2025-10-10 07:10:39,611 [INFO] Época 12/30, Batch 150/3287, Loss: 0.6970
2025-10-10 07:10:39,871 [INFO] Época 12/30, Batch 200/3287, Loss: 0.6497
2025-10-10 07:10:40,131 [INFO] Época 12/30, Batch 250/3287, Loss: 0.8130
2025-10-10 07:10:40,393 [INFO] Época 12/30, Batch 300/3287, Loss: 0.6450
2025-10-10 07:10:40,654 [INFO] Época 12/30, Batch 350/3287, Loss: 0.7285
2025-10-10 07:10:40,913 [INFO] Época 12/30, Batch 400/3287, Loss: 0.6086
2025-10-10 07:10:41,169 [INFO] Época 12/30, Batch 450/3287, Loss: 0.7266
2025-10-10 07:10:41,428 [INFO] Época 12/30, Batch 500/3287, Loss: 0.6145
2025-10-10 07:10:41,688 [INFO] Época 12/30, Batch 550/3287, Loss: 0.4484
2025-10-10 07:10:41,957 [INFO] Época 12/30, Batch 600/3287, Loss: 0.6564
2025-10-10 07:10:42,214 [INFO] Época 12/30, Batch 650/3287, Loss: 0.6741
2025-10-10 07:10:42,465 [INFO] Época 12/30, Batch 700/3287, Loss: 0.6421
2025-10-10 07:10:42,708 [INFO] Época 12/30, Batch 750/3287, Loss: 0.7051
2025-10-10 07:10:42,956 [INFO] Época 12/30, Batch 800/3287, Loss: 0.6889
2025-10-10 07:10:43,206 [INFO] Época 12/30, Batch 850/3287, Loss: 0.5961
2025-10-10 07:10:43,457 [INFO] Época 12/30, Batch 900/3287, Loss: 0.8256
2025-10-10 07:10:43,705 [INFO] Época 12/30, Batch 950/3287, Loss: 0.7343
2025-10-10 07:10:43,955 [INFO] Época 12/30, Batch 1000/3287, Loss: 0.7965
2025-10-10 07:10:44,205 [INFO] Época 12/30, Batch 1050/3287, Loss: 0.7059
2025-10-10 07:10:44,454 [INFO] Época 12/30, Batch 1100/3287, Loss: 0.5321
2025-10-10 07:10:44,702 [INFO] Época 12/30, Batch 1150/3287, Loss: 0.6286
2025-10-10 07:10:44,954 [INFO] Época 12/30, Batch 1200/3287, Loss: 0.6954
2025-10-10 07:10:45,208 [INFO] Época 12/30, Batch 1250/3287, Loss: 0.6665
2025-10-10 07:10:45,472 [INFO] Época 12/30, Batch 1300/3287, Loss: 0.7062
2025-10-10 07:10:45,737 [INFO] Época 12/30, Batch 1350/3287, Loss: 0.5998
2025-10-10 07:10:46,001 [INFO] Época 12/30, Batch 1400/3287, Loss: 0.5312
2025-10-10 07:10:46,262 [INFO] Época 12/30, Batch 1450/3287, Loss: 0.6497
2025-10-10 07:10:46,522 [INFO] Época 12/30, Batch 1500/3287, Loss: 0.5429
2025-10-10 07:10:46,780 [INFO] Época 12/30, Batch 1550/3287, Loss: 0.6243
2025-10-10 07:10:47,049 [INFO] Época 12/30, Batch 1600/3287, Loss: 0.6691
2025-10-10 07:10:47,305 [INFO] Época 12/30, Batch 1650/3287, Loss: 0.5868
2025-10-10 07:10:47,562 [INFO] Época 12/30, Batch 1700/3287, Loss: 0.7410
2025-10-10 07:10:47,821 [INFO] Época 12/30, Batch 1750/3287, Loss: 0.7096
2025-10-10 07:10:48,082 [INFO] Época 12/30, Batch 1800/3287, Loss: 0.6736
2025-10-10 07:10:48,342 [INFO] Época 12/30, Batch 1850/3287, Loss: 0.6638
2025-10-10 07:10:48,604 [INFO] Época 12/30, Batch 1900/3287, Loss: 0.8841
2025-10-10 07:10:48,861 [INFO] Época 12/30, Batch 1950/3287, Loss: 0.7316
2025-10-10 07:10:49,120 [INFO] Época 12/30, Batch 2000/3287, Loss: 0.6790
2025-10-10 07:10:49,378 [INFO] Época 12/30, Batch 2050/3287, Loss: 0.6862
2025-10-10 07:10:49,637 [INFO] Época 12/30, Batch 2100/3287, Loss: 0.6663
2025-10-10 07:10:49,898 [INFO] Época 12/30, Batch 2150/3287, Loss: 0.5359
2025-10-10 07:10:50,156 [INFO] Época 12/30, Batch 2200/3287, Loss: 0.6840
2025-10-10 07:10:50,414 [INFO] Época 12/30, Batch 2250/3287, Loss: 0.7410
2025-10-10 07:10:50,672 [INFO] Época 12/30, Batch 2300/3287, Loss: 0.5967
2025-10-10 07:10:50,932 [INFO] Época 12/30, Batch 2350/3287, Loss: 0.6082
2025-10-10 07:10:51,193 [INFO] Época 12/30, Batch 2400/3287, Loss: 0.4153
2025-10-10 07:10:51,453 [INFO] Época 12/30, Batch 2450/3287, Loss: 0.5402
2025-10-10 07:10:51,710 [INFO] Época 12/30, Batch 2500/3287, Loss: 0.6822
2025-10-10 07:10:51,967 [INFO] Época 12/30, Batch 2550/3287, Loss: 0.5125
2025-10-10 07:10:52,226 [INFO] Época 12/30, Batch 2600/3287, Loss: 0.7779
2025-10-10 07:10:52,484 [INFO] Época 12/30, Batch 2650/3287, Loss: 0.6326
2025-10-10 07:10:52,744 [INFO] Época 12/30, Batch 2700/3287, Loss: 0.7496
2025-10-10 07:10:53,002 [INFO] Época 12/30, Batch 2750/3287, Loss: 0.7698
2025-10-10 07:10:53,259 [INFO] Época 12/30, Batch 2800/3287, Loss: 0.5601
2025-10-10 07:10:53,519 [INFO] Época 12/30, Batch 2850/3287, Loss: 0.6687
2025-10-10 07:10:53,780 [INFO] Época 12/30, Batch 2900/3287, Loss: 0.6698
2025-10-10 07:10:54,039 [INFO] Época 12/30, Batch 2950/3287, Loss: 0.6065
2025-10-10 07:10:54,297 [INFO] Época 12/30, Batch 3000/3287, Loss: 0.7200
2025-10-10 07:10:54,554 [INFO] Época 12/30, Batch 3050/3287, Loss: 0.5631
2025-10-10 07:10:54,814 [INFO] Época 12/30, Batch 3100/3287, Loss: 0.5543
2025-10-10 07:10:55,073 [INFO] Época 12/30, Batch 3150/3287, Loss: 0.5330
2025-10-10 07:10:55,333 [INFO] Época 12/30, Batch 3200/3287, Loss: 0.5721
2025-10-10 07:10:55,592 [INFO] Época 12/30, Batch 3250/3287, Loss: 0.7649
2025-10-10 07:10:57,268 [INFO] [12/30] Train Loss: 0.6633 | Val Loss: 0.6175 | Tempo: 18.73s
2025-10-10 07:10:57,832 [INFO] Época 13/30, Batch 50/3287, Loss: 0.6810
2025-10-10 07:10:58,099 [INFO] Época 13/30, Batch 100/3287, Loss: 0.7230
2025-10-10 07:10:58,367 [INFO] Época 13/30, Batch 150/3287, Loss: 0.7398
2025-10-10 07:10:58,629 [INFO] Época 13/30, Batch 200/3287, Loss: 0.6272
2025-10-10 07:10:58,889 [INFO] Época 13/30, Batch 250/3287, Loss: 0.6612
2025-10-10 07:10:59,147 [INFO] Época 13/30, Batch 300/3287, Loss: 0.7978
2025-10-10 07:10:59,407 [INFO] Época 13/30, Batch 350/3287, Loss: 0.5544
2025-10-10 07:10:59,668 [INFO] Época 13/30, Batch 400/3287, Loss: 0.6539
2025-10-10 07:10:59,925 [INFO] Época 13/30, Batch 450/3287, Loss: 0.8284
2025-10-10 07:11:00,184 [INFO] Época 13/30, Batch 500/3287, Loss: 0.5273
2025-10-10 07:11:00,442 [INFO] Época 13/30, Batch 550/3287, Loss: 0.5356
2025-10-10 07:11:00,703 [INFO] Época 13/30, Batch 600/3287, Loss: 0.6846
2025-10-10 07:11:00,960 [INFO] Época 13/30, Batch 650/3287, Loss: 0.6722
2025-10-10 07:11:01,216 [INFO] Época 13/30, Batch 700/3287, Loss: 0.6787
2025-10-10 07:11:01,478 [INFO] Época 13/30, Batch 750/3287, Loss: 0.6824
2025-10-10 07:11:01,741 [INFO] Época 13/30, Batch 800/3287, Loss: 0.5914
2025-10-10 07:11:02,006 [INFO] Época 13/30, Batch 850/3287, Loss: 0.6721
2025-10-10 07:11:02,268 [INFO] Época 13/30, Batch 900/3287, Loss: 0.7143
2025-10-10 07:11:02,541 [INFO] Época 13/30, Batch 950/3287, Loss: 0.7891
2025-10-10 07:11:02,802 [INFO] Época 13/30, Batch 1000/3287, Loss: 0.6768
2025-10-10 07:11:03,062 [INFO] Época 13/30, Batch 1050/3287, Loss: 0.9753
2025-10-10 07:11:03,320 [INFO] Época 13/30, Batch 1100/3287, Loss: 0.6623
2025-10-10 07:11:03,582 [INFO] Época 13/30, Batch 1150/3287, Loss: 0.5283
2025-10-10 07:11:03,851 [INFO] Época 13/30, Batch 1200/3287, Loss: 0.6602
2025-10-10 07:11:04,119 [INFO] Época 13/30, Batch 1250/3287, Loss: 0.6026
2025-10-10 07:11:04,388 [INFO] Época 13/30, Batch 1300/3287, Loss: 0.6968
2025-10-10 07:11:04,653 [INFO] Época 13/30, Batch 1350/3287, Loss: 0.6353
2025-10-10 07:11:04,912 [INFO] Época 13/30, Batch 1400/3287, Loss: 0.5537
2025-10-10 07:11:05,171 [INFO] Época 13/30, Batch 1450/3287, Loss: 0.6587
2025-10-10 07:11:05,431 [INFO] Época 13/30, Batch 1500/3287, Loss: 0.6244
2025-10-10 07:11:05,689 [INFO] Época 13/30, Batch 1550/3287, Loss: 0.7623
2025-10-10 07:11:05,950 [INFO] Época 13/30, Batch 1600/3287, Loss: 0.5838
2025-10-10 07:11:06,209 [INFO] Época 13/30, Batch 1650/3287, Loss: 0.7424
2025-10-10 07:11:06,470 [INFO] Época 13/30, Batch 1700/3287, Loss: 0.6537
2025-10-10 07:11:06,730 [INFO] Época 13/30, Batch 1750/3287, Loss: 0.6774
2025-10-10 07:11:06,990 [INFO] Época 13/30, Batch 1800/3287, Loss: 0.5786
2025-10-10 07:11:07,251 [INFO] Época 13/30, Batch 1850/3287, Loss: 0.6793
2025-10-10 07:11:07,511 [INFO] Época 13/30, Batch 1900/3287, Loss: 0.6417
2025-10-10 07:11:07,775 [INFO] Época 13/30, Batch 1950/3287, Loss: 0.7902
2025-10-10 07:11:08,042 [INFO] Época 13/30, Batch 2000/3287, Loss: 0.6160
2025-10-10 07:11:08,311 [INFO] Época 13/30, Batch 2050/3287, Loss: 0.6764
2025-10-10 07:11:08,580 [INFO] Época 13/30, Batch 2100/3287, Loss: 0.7171
2025-10-10 07:11:08,851 [INFO] Época 13/30, Batch 2150/3287, Loss: 0.7351
2025-10-10 07:11:09,118 [INFO] Época 13/30, Batch 2200/3287, Loss: 0.6864
2025-10-10 07:11:09,387 [INFO] Época 13/30, Batch 2250/3287, Loss: 0.6520
2025-10-10 07:11:09,655 [INFO] Época 13/30, Batch 2300/3287, Loss: 0.7396
2025-10-10 07:11:09,918 [INFO] Época 13/30, Batch 2350/3287, Loss: 0.8247
2025-10-10 07:11:10,178 [INFO] Época 13/30, Batch 2400/3287, Loss: 0.5802
2025-10-10 07:11:10,439 [INFO] Época 13/30, Batch 2450/3287, Loss: 0.6229
2025-10-10 07:11:10,701 [INFO] Época 13/30, Batch 2500/3287, Loss: 0.7478
2025-10-10 07:11:10,960 [INFO] Época 13/30, Batch 2550/3287, Loss: 0.5093
2025-10-10 07:11:11,218 [INFO] Época 13/30, Batch 2600/3287, Loss: 0.6886
2025-10-10 07:11:11,480 [INFO] Época 13/30, Batch 2650/3287, Loss: 0.7208
2025-10-10 07:11:11,738 [INFO] Época 13/30, Batch 2700/3287, Loss: 0.8049
2025-10-10 07:11:11,997 [INFO] Época 13/30, Batch 2750/3287, Loss: 0.6495
2025-10-10 07:11:12,256 [INFO] Época 13/30, Batch 2800/3287, Loss: 0.7206
2025-10-10 07:11:12,515 [INFO] Época 13/30, Batch 2850/3287, Loss: 0.6266
2025-10-10 07:11:12,788 [INFO] Época 13/30, Batch 2900/3287, Loss: 0.5828
2025-10-10 07:11:13,047 [INFO] Época 13/30, Batch 2950/3287, Loss: 0.7595
2025-10-10 07:11:13,306 [INFO] Época 13/30, Batch 3000/3287, Loss: 0.6970
2025-10-10 07:11:13,564 [INFO] Época 13/30, Batch 3050/3287, Loss: 0.7415
2025-10-10 07:11:13,823 [INFO] Época 13/30, Batch 3100/3287, Loss: 0.6863
2025-10-10 07:11:14,083 [INFO] Época 13/30, Batch 3150/3287, Loss: 0.7032
2025-10-10 07:11:14,341 [INFO] Época 13/30, Batch 3200/3287, Loss: 0.7653
2025-10-10 07:11:14,600 [INFO] Época 13/30, Batch 3250/3287, Loss: 0.6930
2025-10-10 07:11:16,354 [INFO] [13/30] Train Loss: 0.6627 | Val Loss: 0.6201 | Tempo: 19.08s
2025-10-10 07:11:16,919 [INFO] Época 14/30, Batch 50/3287, Loss: 0.6316
2025-10-10 07:11:17,182 [INFO] Época 14/30, Batch 100/3287, Loss: 0.7454
2025-10-10 07:11:17,443 [INFO] Época 14/30, Batch 150/3287, Loss: 0.6292
2025-10-10 07:11:17,701 [INFO] Época 14/30, Batch 200/3287, Loss: 0.7595
2025-10-10 07:11:17,961 [INFO] Época 14/30, Batch 250/3287, Loss: 0.7401
2025-10-10 07:11:18,220 [INFO] Época 14/30, Batch 300/3287, Loss: 0.8171
2025-10-10 07:11:18,479 [INFO] Época 14/30, Batch 350/3287, Loss: 0.5642
2025-10-10 07:11:18,741 [INFO] Época 14/30, Batch 400/3287, Loss: 0.5748
2025-10-10 07:11:18,998 [INFO] Época 14/30, Batch 450/3287, Loss: 0.7575
2025-10-10 07:11:19,259 [INFO] Época 14/30, Batch 500/3287, Loss: 0.6849
2025-10-10 07:11:19,519 [INFO] Época 14/30, Batch 550/3287, Loss: 0.6039
2025-10-10 07:11:19,778 [INFO] Época 14/30, Batch 600/3287, Loss: 0.6212
2025-10-10 07:11:20,039 [INFO] Época 14/30, Batch 650/3287, Loss: 0.9265
2025-10-10 07:11:20,299 [INFO] Época 14/30, Batch 700/3287, Loss: 0.6957
2025-10-10 07:11:20,551 [INFO] Época 14/30, Batch 750/3287, Loss: 0.6017
2025-10-10 07:11:20,805 [INFO] Época 14/30, Batch 800/3287, Loss: 0.7702
2025-10-10 07:11:21,077 [INFO] Época 14/30, Batch 850/3287, Loss: 0.7120
2025-10-10 07:11:21,342 [INFO] Época 14/30, Batch 900/3287, Loss: 0.7326
2025-10-10 07:11:21,600 [INFO] Época 14/30, Batch 950/3287, Loss: 0.7901
2025-10-10 07:11:21,860 [INFO] Época 14/30, Batch 1000/3287, Loss: 0.6418
2025-10-10 07:11:22,118 [INFO] Época 14/30, Batch 1050/3287, Loss: 0.8366
2025-10-10 07:11:22,377 [INFO] Época 14/30, Batch 1100/3287, Loss: 0.5809
2025-10-10 07:11:22,635 [INFO] Época 14/30, Batch 1150/3287, Loss: 0.5554
2025-10-10 07:11:22,894 [INFO] Época 14/30, Batch 1200/3287, Loss: 0.8625
2025-10-10 07:11:23,164 [INFO] Época 14/30, Batch 1250/3287, Loss: 0.5925
2025-10-10 07:11:23,427 [INFO] Época 14/30, Batch 1300/3287, Loss: 0.8352
2025-10-10 07:11:23,686 [INFO] Época 14/30, Batch 1350/3287, Loss: 0.6769
2025-10-10 07:11:23,947 [INFO] Época 14/30, Batch 1400/3287, Loss: 0.7703
2025-10-10 07:11:24,209 [INFO] Época 14/30, Batch 1450/3287, Loss: 0.5392
2025-10-10 07:11:24,472 [INFO] Época 14/30, Batch 1500/3287, Loss: 0.6538
2025-10-10 07:11:24,737 [INFO] Época 14/30, Batch 1550/3287, Loss: 0.6023
2025-10-10 07:11:25,001 [INFO] Época 14/30, Batch 1600/3287, Loss: 0.6885
2025-10-10 07:11:25,264 [INFO] Época 14/30, Batch 1650/3287, Loss: 0.5683
2025-10-10 07:11:25,527 [INFO] Época 14/30, Batch 1700/3287, Loss: 0.5786
2025-10-10 07:11:25,790 [INFO] Época 14/30, Batch 1750/3287, Loss: 0.6581
2025-10-10 07:11:26,053 [INFO] Época 14/30, Batch 1800/3287, Loss: 0.6376
2025-10-10 07:11:26,316 [INFO] Época 14/30, Batch 1850/3287, Loss: 0.7171
2025-10-10 07:11:26,577 [INFO] Época 14/30, Batch 1900/3287, Loss: 0.6849
2025-10-10 07:11:26,841 [INFO] Época 14/30, Batch 1950/3287, Loss: 0.5698
2025-10-10 07:11:27,103 [INFO] Época 14/30, Batch 2000/3287, Loss: 0.6907
2025-10-10 07:11:27,365 [INFO] Época 14/30, Batch 2050/3287, Loss: 0.6619
2025-10-10 07:11:27,627 [INFO] Época 14/30, Batch 2100/3287, Loss: 0.6023
2025-10-10 07:11:27,889 [INFO] Época 14/30, Batch 2150/3287, Loss: 0.6887
2025-10-10 07:11:28,151 [INFO] Época 14/30, Batch 2200/3287, Loss: 0.7178
2025-10-10 07:11:28,414 [INFO] Época 14/30, Batch 2250/3287, Loss: 0.5074
2025-10-10 07:11:28,679 [INFO] Época 14/30, Batch 2300/3287, Loss: 0.5878
2025-10-10 07:11:28,942 [INFO] Época 14/30, Batch 2350/3287, Loss: 0.7143
2025-10-10 07:11:29,205 [INFO] Época 14/30, Batch 2400/3287, Loss: 0.8644
2025-10-10 07:11:29,468 [INFO] Época 14/30, Batch 2450/3287, Loss: 0.7823
2025-10-10 07:11:29,731 [INFO] Época 14/30, Batch 2500/3287, Loss: 0.5856
2025-10-10 07:11:29,994 [INFO] Época 14/30, Batch 2550/3287, Loss: 0.5302
2025-10-10 07:11:30,256 [INFO] Época 14/30, Batch 2600/3287, Loss: 0.7173
2025-10-10 07:11:30,520 [INFO] Época 14/30, Batch 2650/3287, Loss: 0.6192
2025-10-10 07:11:30,782 [INFO] Época 14/30, Batch 2700/3287, Loss: 0.9399
2025-10-10 07:11:31,043 [INFO] Época 14/30, Batch 2750/3287, Loss: 0.7809
2025-10-10 07:11:31,305 [INFO] Época 14/30, Batch 2800/3287, Loss: 0.5851
2025-10-10 07:11:31,573 [INFO] Época 14/30, Batch 2850/3287, Loss: 0.7689
2025-10-10 07:11:31,837 [INFO] Época 14/30, Batch 2900/3287, Loss: 0.6915
2025-10-10 07:11:32,102 [INFO] Época 14/30, Batch 2950/3287, Loss: 0.5874
2025-10-10 07:11:32,367 [INFO] Época 14/30, Batch 3000/3287, Loss: 0.7266
2025-10-10 07:11:32,632 [INFO] Época 14/30, Batch 3050/3287, Loss: 0.8199
2025-10-10 07:11:32,898 [INFO] Época 14/30, Batch 3100/3287, Loss: 0.5293
2025-10-10 07:11:33,162 [INFO] Época 14/30, Batch 3150/3287, Loss: 0.5813
2025-10-10 07:11:33,427 [INFO] Época 14/30, Batch 3200/3287, Loss: 0.5141
2025-10-10 07:11:33,696 [INFO] Época 14/30, Batch 3250/3287, Loss: 0.5967
2025-10-10 07:11:35,320 [INFO] [14/30] Train Loss: 0.6617 | Val Loss: 0.6126 | Tempo: 18.97s
2025-10-10 07:11:35,870 [INFO] Época 15/30, Batch 50/3287, Loss: 0.6792
2025-10-10 07:11:36,129 [INFO] Época 15/30, Batch 100/3287, Loss: 0.7159
2025-10-10 07:11:36,388 [INFO] Época 15/30, Batch 150/3287, Loss: 0.5748
2025-10-10 07:11:36,648 [INFO] Época 15/30, Batch 200/3287, Loss: 0.6101
2025-10-10 07:11:36,905 [INFO] Época 15/30, Batch 250/3287, Loss: 0.7742
2025-10-10 07:11:37,164 [INFO] Época 15/30, Batch 300/3287, Loss: 0.6349
2025-10-10 07:11:37,420 [INFO] Época 15/30, Batch 350/3287, Loss: 0.5927
2025-10-10 07:11:37,679 [INFO] Época 15/30, Batch 400/3287, Loss: 0.6118
2025-10-10 07:11:37,939 [INFO] Época 15/30, Batch 450/3287, Loss: 0.5446
2025-10-10 07:11:38,199 [INFO] Época 15/30, Batch 500/3287, Loss: 0.5526
2025-10-10 07:11:38,457 [INFO] Época 15/30, Batch 550/3287, Loss: 0.6203
2025-10-10 07:11:38,716 [INFO] Época 15/30, Batch 600/3287, Loss: 0.5578
2025-10-10 07:11:38,973 [INFO] Época 15/30, Batch 650/3287, Loss: 0.5975
2025-10-10 07:11:39,233 [INFO] Época 15/30, Batch 700/3287, Loss: 0.6763
2025-10-10 07:11:39,491 [INFO] Época 15/30, Batch 750/3287, Loss: 0.4829
2025-10-10 07:11:39,748 [INFO] Época 15/30, Batch 800/3287, Loss: 0.5775
2025-10-10 07:11:40,006 [INFO] Época 15/30, Batch 850/3287, Loss: 0.7077
2025-10-10 07:11:40,263 [INFO] Época 15/30, Batch 900/3287, Loss: 0.6253
2025-10-10 07:11:40,520 [INFO] Época 15/30, Batch 950/3287, Loss: 0.9398
2025-10-10 07:11:40,778 [INFO] Época 15/30, Batch 1000/3287, Loss: 0.7267
2025-10-10 07:11:41,033 [INFO] Época 15/30, Batch 1050/3287, Loss: 0.5220
2025-10-10 07:11:41,286 [INFO] Época 15/30, Batch 1100/3287, Loss: 0.6485
2025-10-10 07:11:41,535 [INFO] Época 15/30, Batch 1150/3287, Loss: 0.6911
2025-10-10 07:11:41,786 [INFO] Época 15/30, Batch 1200/3287, Loss: 0.8138
2025-10-10 07:11:42,035 [INFO] Época 15/30, Batch 1250/3287, Loss: 0.6080
2025-10-10 07:11:42,284 [INFO] Época 15/30, Batch 1300/3287, Loss: 0.6155
2025-10-10 07:11:42,542 [INFO] Época 15/30, Batch 1350/3287, Loss: 0.7414
2025-10-10 07:11:42,799 [INFO] Época 15/30, Batch 1400/3287, Loss: 0.6858
2025-10-10 07:11:43,057 [INFO] Época 15/30, Batch 1450/3287, Loss: 0.6566
2025-10-10 07:11:43,314 [INFO] Época 15/30, Batch 1500/3287, Loss: 0.7611
2025-10-10 07:11:43,573 [INFO] Época 15/30, Batch 1550/3287, Loss: 0.6410
2025-10-10 07:11:43,842 [INFO] Época 15/30, Batch 1600/3287, Loss: 0.5282
2025-10-10 07:11:44,099 [INFO] Época 15/30, Batch 1650/3287, Loss: 0.7381
2025-10-10 07:11:44,357 [INFO] Época 15/30, Batch 1700/3287, Loss: 0.5711
2025-10-10 07:11:44,616 [INFO] Época 15/30, Batch 1750/3287, Loss: 0.6228
2025-10-10 07:11:44,874 [INFO] Época 15/30, Batch 1800/3287, Loss: 0.8601
2025-10-10 07:11:45,132 [INFO] Época 15/30, Batch 1850/3287, Loss: 0.6322
2025-10-10 07:11:45,391 [INFO] Época 15/30, Batch 1900/3287, Loss: 0.7165
2025-10-10 07:11:45,647 [INFO] Época 15/30, Batch 1950/3287, Loss: 0.6311
2025-10-10 07:11:45,906 [INFO] Época 15/30, Batch 2000/3287, Loss: 0.6807
2025-10-10 07:11:46,162 [INFO] Época 15/30, Batch 2050/3287, Loss: 0.5618
2025-10-10 07:11:46,419 [INFO] Época 15/30, Batch 2100/3287, Loss: 0.7338
2025-10-10 07:11:46,677 [INFO] Época 15/30, Batch 2150/3287, Loss: 0.6550
2025-10-10 07:11:46,935 [INFO] Época 15/30, Batch 2200/3287, Loss: 0.6656
2025-10-10 07:11:47,193 [INFO] Época 15/30, Batch 2250/3287, Loss: 0.6977
2025-10-10 07:11:47,451 [INFO] Época 15/30, Batch 2300/3287, Loss: 0.5634
2025-10-10 07:11:47,708 [INFO] Época 15/30, Batch 2350/3287, Loss: 0.7094
2025-10-10 07:11:47,967 [INFO] Época 15/30, Batch 2400/3287, Loss: 0.7298
2025-10-10 07:11:48,226 [INFO] Época 15/30, Batch 2450/3287, Loss: 0.4067
2025-10-10 07:11:48,487 [INFO] Época 15/30, Batch 2500/3287, Loss: 0.6168
2025-10-10 07:11:48,744 [INFO] Época 15/30, Batch 2550/3287, Loss: 0.8698
2025-10-10 07:11:49,004 [INFO] Época 15/30, Batch 2600/3287, Loss: 0.6093
2025-10-10 07:11:49,261 [INFO] Época 15/30, Batch 2650/3287, Loss: 0.8429
2025-10-10 07:11:49,521 [INFO] Época 15/30, Batch 2700/3287, Loss: 0.5980
2025-10-10 07:11:49,778 [INFO] Época 15/30, Batch 2750/3287, Loss: 0.5988
2025-10-10 07:11:50,035 [INFO] Época 15/30, Batch 2800/3287, Loss: 0.6446
2025-10-10 07:11:50,293 [INFO] Época 15/30, Batch 2850/3287, Loss: 0.5233
2025-10-10 07:11:50,550 [INFO] Época 15/30, Batch 2900/3287, Loss: 0.6951
2025-10-10 07:11:50,809 [INFO] Época 15/30, Batch 2950/3287, Loss: 0.7048
2025-10-10 07:11:51,068 [INFO] Época 15/30, Batch 3000/3287, Loss: 0.7464
2025-10-10 07:11:51,327 [INFO] Época 15/30, Batch 3050/3287, Loss: 0.5233
2025-10-10 07:11:51,585 [INFO] Época 15/30, Batch 3100/3287, Loss: 0.6092
2025-10-10 07:11:51,843 [INFO] Época 15/30, Batch 3150/3287, Loss: 0.5309
2025-10-10 07:11:52,100 [INFO] Época 15/30, Batch 3200/3287, Loss: 0.7748
2025-10-10 07:11:52,359 [INFO] Época 15/30, Batch 3250/3287, Loss: 0.7989
2025-10-10 07:11:54,119 [INFO] [15/30] Train Loss: 0.6613 | Val Loss: 0.6135 | Tempo: 18.80s
2025-10-10 07:11:54,678 [INFO] Época 16/30, Batch 50/3287, Loss: 0.7201
2025-10-10 07:11:54,944 [INFO] Época 16/30, Batch 100/3287, Loss: 0.8129
2025-10-10 07:11:55,206 [INFO] Época 16/30, Batch 150/3287, Loss: 0.6982
2025-10-10 07:11:55,465 [INFO] Época 16/30, Batch 200/3287, Loss: 0.5809
2025-10-10 07:11:55,727 [INFO] Época 16/30, Batch 250/3287, Loss: 0.5565
2025-10-10 07:11:55,986 [INFO] Época 16/30, Batch 300/3287, Loss: 0.6938
2025-10-10 07:11:56,245 [INFO] Época 16/30, Batch 350/3287, Loss: 0.7108
2025-10-10 07:11:56,505 [INFO] Época 16/30, Batch 400/3287, Loss: 0.7315
2025-10-10 07:11:56,766 [INFO] Época 16/30, Batch 450/3287, Loss: 0.6824
2025-10-10 07:11:57,027 [INFO] Época 16/30, Batch 500/3287, Loss: 0.6949
2025-10-10 07:11:57,286 [INFO] Época 16/30, Batch 550/3287, Loss: 0.7062
2025-10-10 07:11:57,545 [INFO] Época 16/30, Batch 600/3287, Loss: 0.7843
2025-10-10 07:11:57,805 [INFO] Época 16/30, Batch 650/3287, Loss: 0.7306
2025-10-10 07:11:58,064 [INFO] Época 16/30, Batch 700/3287, Loss: 0.6530
2025-10-10 07:11:58,316 [INFO] Época 16/30, Batch 750/3287, Loss: 0.5635
2025-10-10 07:11:58,575 [INFO] Época 16/30, Batch 800/3287, Loss: 0.6840
2025-10-10 07:11:58,833 [INFO] Época 16/30, Batch 850/3287, Loss: 0.7322
2025-10-10 07:11:59,090 [INFO] Época 16/30, Batch 900/3287, Loss: 0.6965
2025-10-10 07:11:59,349 [INFO] Época 16/30, Batch 950/3287, Loss: 0.6444
2025-10-10 07:11:59,618 [INFO] Época 16/30, Batch 1000/3287, Loss: 0.5696
2025-10-10 07:11:59,876 [INFO] Época 16/30, Batch 1050/3287, Loss: 0.6383
2025-10-10 07:12:00,135 [INFO] Época 16/30, Batch 1100/3287, Loss: 0.5813
2025-10-10 07:12:00,391 [INFO] Época 16/30, Batch 1150/3287, Loss: 0.5856
2025-10-10 07:12:00,650 [INFO] Época 16/30, Batch 1200/3287, Loss: 0.7932
2025-10-10 07:12:00,910 [INFO] Época 16/30, Batch 1250/3287, Loss: 0.7239
2025-10-10 07:12:01,169 [INFO] Época 16/30, Batch 1300/3287, Loss: 0.7159
2025-10-10 07:12:01,427 [INFO] Época 16/30, Batch 1350/3287, Loss: 0.5825
2025-10-10 07:12:01,686 [INFO] Época 16/30, Batch 1400/3287, Loss: 0.7116
2025-10-10 07:12:01,946 [INFO] Época 16/30, Batch 1450/3287, Loss: 0.6828
2025-10-10 07:12:02,205 [INFO] Época 16/30, Batch 1500/3287, Loss: 0.7621
2025-10-10 07:12:02,464 [INFO] Época 16/30, Batch 1550/3287, Loss: 0.5461
2025-10-10 07:12:02,722 [INFO] Época 16/30, Batch 1600/3287, Loss: 0.7581
2025-10-10 07:12:02,979 [INFO] Época 16/30, Batch 1650/3287, Loss: 0.6115
2025-10-10 07:12:03,239 [INFO] Época 16/30, Batch 1700/3287, Loss: 0.6280
2025-10-10 07:12:03,496 [INFO] Época 16/30, Batch 1750/3287, Loss: 0.5951
2025-10-10 07:12:03,757 [INFO] Época 16/30, Batch 1800/3287, Loss: 0.5934
2025-10-10 07:12:04,016 [INFO] Época 16/30, Batch 1850/3287, Loss: 0.6810
2025-10-10 07:12:04,272 [INFO] Época 16/30, Batch 1900/3287, Loss: 0.6948
2025-10-10 07:12:04,530 [INFO] Época 16/30, Batch 1950/3287, Loss: 0.6440
2025-10-10 07:12:04,797 [INFO] Época 16/30, Batch 2000/3287, Loss: 0.6392
2025-10-10 07:12:05,057 [INFO] Época 16/30, Batch 2050/3287, Loss: 0.7628
2025-10-10 07:12:05,315 [INFO] Época 16/30, Batch 2100/3287, Loss: 0.6236
2025-10-10 07:12:05,572 [INFO] Época 16/30, Batch 2150/3287, Loss: 0.5082
2025-10-10 07:12:05,830 [INFO] Época 16/30, Batch 2200/3287, Loss: 0.6779
2025-10-10 07:12:06,089 [INFO] Época 16/30, Batch 2250/3287, Loss: 0.6589
2025-10-10 07:12:06,348 [INFO] Época 16/30, Batch 2300/3287, Loss: 0.7897
2025-10-10 07:12:06,607 [INFO] Época 16/30, Batch 2350/3287, Loss: 0.6929
2025-10-10 07:12:06,866 [INFO] Época 16/30, Batch 2400/3287, Loss: 0.7619
2025-10-10 07:12:07,127 [INFO] Época 16/30, Batch 2450/3287, Loss: 0.6312
2025-10-10 07:12:07,387 [INFO] Época 16/30, Batch 2500/3287, Loss: 0.7656
2025-10-10 07:12:07,647 [INFO] Época 16/30, Batch 2550/3287, Loss: 0.6571
2025-10-10 07:12:07,906 [INFO] Época 16/30, Batch 2600/3287, Loss: 0.7405
2025-10-10 07:12:08,164 [INFO] Época 16/30, Batch 2650/3287, Loss: 0.7622
2025-10-10 07:12:08,423 [INFO] Época 16/30, Batch 2700/3287, Loss: 0.7204
2025-10-10 07:12:08,682 [INFO] Época 16/30, Batch 2750/3287, Loss: 0.7051
2025-10-10 07:12:08,939 [INFO] Época 16/30, Batch 2800/3287, Loss: 0.6688
2025-10-10 07:12:09,198 [INFO] Época 16/30, Batch 2850/3287, Loss: 0.5146
2025-10-10 07:12:09,456 [INFO] Época 16/30, Batch 2900/3287, Loss: 0.9360
2025-10-10 07:12:09,714 [INFO] Época 16/30, Batch 2950/3287, Loss: 0.5248
2025-10-10 07:12:09,976 [INFO] Época 16/30, Batch 3000/3287, Loss: 0.8329
2025-10-10 07:12:10,237 [INFO] Época 16/30, Batch 3050/3287, Loss: 0.6747
2025-10-10 07:12:10,498 [INFO] Época 16/30, Batch 3100/3287, Loss: 0.6932
2025-10-10 07:12:10,760 [INFO] Época 16/30, Batch 3150/3287, Loss: 0.6442
2025-10-10 07:12:11,020 [INFO] Época 16/30, Batch 3200/3287, Loss: 0.7615
2025-10-10 07:12:11,280 [INFO] Época 16/30, Batch 3250/3287, Loss: 0.4723
2025-10-10 07:12:13,016 [INFO] [16/30] Train Loss: 0.6607 | Val Loss: 0.6347 | Tempo: 18.90s
2025-10-10 07:12:13,573 [INFO] Época 17/30, Batch 50/3287, Loss: 0.5887
2025-10-10 07:12:13,840 [INFO] Época 17/30, Batch 100/3287, Loss: 0.4703
2025-10-10 07:12:14,104 [INFO] Época 17/30, Batch 150/3287, Loss: 0.6747
2025-10-10 07:12:14,367 [INFO] Época 17/30, Batch 200/3287, Loss: 0.6243
2025-10-10 07:12:14,627 [INFO] Época 17/30, Batch 250/3287, Loss: 0.5544
2025-10-10 07:12:14,889 [INFO] Época 17/30, Batch 300/3287, Loss: 0.5896
2025-10-10 07:12:15,158 [INFO] Época 17/30, Batch 350/3287, Loss: 0.5972
2025-10-10 07:12:15,416 [INFO] Época 17/30, Batch 400/3287, Loss: 0.6583
2025-10-10 07:12:15,675 [INFO] Época 17/30, Batch 450/3287, Loss: 0.6820
2025-10-10 07:12:15,936 [INFO] Época 17/30, Batch 500/3287, Loss: 0.8173
2025-10-10 07:12:16,199 [INFO] Época 17/30, Batch 550/3287, Loss: 0.6270
2025-10-10 07:12:16,456 [INFO] Época 17/30, Batch 600/3287, Loss: 0.6058
2025-10-10 07:12:16,714 [INFO] Época 17/30, Batch 650/3287, Loss: 0.5844
2025-10-10 07:12:16,970 [INFO] Época 17/30, Batch 700/3287, Loss: 0.6580
2025-10-10 07:12:17,218 [INFO] Época 17/30, Batch 750/3287, Loss: 0.5726
2025-10-10 07:12:17,468 [INFO] Época 17/30, Batch 800/3287, Loss: 0.5186
2025-10-10 07:12:17,720 [INFO] Época 17/30, Batch 850/3287, Loss: 0.6708
2025-10-10 07:12:17,972 [INFO] Época 17/30, Batch 900/3287, Loss: 0.5822
2025-10-10 07:12:18,222 [INFO] Época 17/30, Batch 950/3287, Loss: 0.6175
2025-10-10 07:12:18,472 [INFO] Época 17/30, Batch 1000/3287, Loss: 0.5635
2025-10-10 07:12:18,722 [INFO] Época 17/30, Batch 1050/3287, Loss: 0.6643
2025-10-10 07:12:18,973 [INFO] Época 17/30, Batch 1100/3287, Loss: 0.6620
2025-10-10 07:12:19,224 [INFO] Época 17/30, Batch 1150/3287, Loss: 0.8005
2025-10-10 07:12:19,486 [INFO] Época 17/30, Batch 1200/3287, Loss: 0.7296
2025-10-10 07:12:19,755 [INFO] Época 17/30, Batch 1250/3287, Loss: 0.6367
2025-10-10 07:12:20,022 [INFO] Época 17/30, Batch 1300/3287, Loss: 0.5474
2025-10-10 07:12:20,292 [INFO] Época 17/30, Batch 1350/3287, Loss: 0.6994
2025-10-10 07:12:20,557 [INFO] Época 17/30, Batch 1400/3287, Loss: 0.6945
2025-10-10 07:12:20,825 [INFO] Época 17/30, Batch 1450/3287, Loss: 0.7068
2025-10-10 07:12:21,091 [INFO] Época 17/30, Batch 1500/3287, Loss: 0.6275
2025-10-10 07:12:21,360 [INFO] Época 17/30, Batch 1550/3287, Loss: 0.6727
2025-10-10 07:12:21,628 [INFO] Época 17/30, Batch 1600/3287, Loss: 0.7363
2025-10-10 07:12:21,896 [INFO] Época 17/30, Batch 1650/3287, Loss: 0.6869
2025-10-10 07:12:22,165 [INFO] Época 17/30, Batch 1700/3287, Loss: 0.7005
2025-10-10 07:12:22,432 [INFO] Época 17/30, Batch 1750/3287, Loss: 0.6916
2025-10-10 07:12:22,702 [INFO] Época 17/30, Batch 1800/3287, Loss: 0.6853
2025-10-10 07:12:22,971 [INFO] Época 17/30, Batch 1850/3287, Loss: 0.6921
2025-10-10 07:12:23,239 [INFO] Época 17/30, Batch 1900/3287, Loss: 0.7373
2025-10-10 07:12:23,508 [INFO] Época 17/30, Batch 1950/3287, Loss: 0.6274
2025-10-10 07:12:23,777 [INFO] Época 17/30, Batch 2000/3287, Loss: 0.5089
2025-10-10 07:12:24,041 [INFO] Época 17/30, Batch 2050/3287, Loss: 0.5824
2025-10-10 07:12:24,301 [INFO] Época 17/30, Batch 2100/3287, Loss: 0.6996
2025-10-10 07:12:24,568 [INFO] Época 17/30, Batch 2150/3287, Loss: 0.6608
2025-10-10 07:12:24,834 [INFO] Época 17/30, Batch 2200/3287, Loss: 0.6763
2025-10-10 07:12:25,096 [INFO] Época 17/30, Batch 2250/3287, Loss: 0.6458
2025-10-10 07:12:25,370 [INFO] Época 17/30, Batch 2300/3287, Loss: 0.5628
2025-10-10 07:12:25,630 [INFO] Época 17/30, Batch 2350/3287, Loss: 0.6276
2025-10-10 07:12:25,890 [INFO] Época 17/30, Batch 2400/3287, Loss: 0.5396
2025-10-10 07:12:26,150 [INFO] Época 17/30, Batch 2450/3287, Loss: 0.6615
2025-10-10 07:12:26,411 [INFO] Época 17/30, Batch 2500/3287, Loss: 0.5316
2025-10-10 07:12:26,671 [INFO] Época 17/30, Batch 2550/3287, Loss: 0.5659
2025-10-10 07:12:26,932 [INFO] Época 17/30, Batch 2600/3287, Loss: 0.5361
2025-10-10 07:12:27,196 [INFO] Época 17/30, Batch 2650/3287, Loss: 0.7212
2025-10-10 07:12:27,462 [INFO] Época 17/30, Batch 2700/3287, Loss: 0.8038
2025-10-10 07:12:27,729 [INFO] Época 17/30, Batch 2750/3287, Loss: 0.6640
2025-10-10 07:12:27,989 [INFO] Época 17/30, Batch 2800/3287, Loss: 0.7002
2025-10-10 07:12:28,250 [INFO] Época 17/30, Batch 2850/3287, Loss: 0.7832
2025-10-10 07:12:28,512 [INFO] Época 17/30, Batch 2900/3287, Loss: 0.6605
2025-10-10 07:12:28,780 [INFO] Época 17/30, Batch 2950/3287, Loss: 0.7147
2025-10-10 07:12:29,044 [INFO] Época 17/30, Batch 3000/3287, Loss: 0.6688
2025-10-10 07:12:29,304 [INFO] Época 17/30, Batch 3050/3287, Loss: 0.6618
2025-10-10 07:12:29,566 [INFO] Época 17/30, Batch 3100/3287, Loss: 0.6151
2025-10-10 07:12:29,828 [INFO] Época 17/30, Batch 3150/3287, Loss: 0.5448
2025-10-10 07:12:30,090 [INFO] Época 17/30, Batch 3200/3287, Loss: 0.8607
2025-10-10 07:12:30,352 [INFO] Época 17/30, Batch 3250/3287, Loss: 0.7550
2025-10-10 07:12:32,113 [INFO] [17/30] Train Loss: 0.6598 | Val Loss: 0.6219 | Tempo: 19.10s
2025-10-10 07:12:32,663 [INFO] Época 18/30, Batch 50/3287, Loss: 0.6403
2025-10-10 07:12:32,931 [INFO] Época 18/30, Batch 100/3287, Loss: 0.7444
2025-10-10 07:12:33,194 [INFO] Época 18/30, Batch 150/3287, Loss: 0.5813
2025-10-10 07:12:33,457 [INFO] Época 18/30, Batch 200/3287, Loss: 0.7128
2025-10-10 07:12:33,719 [INFO] Época 18/30, Batch 250/3287, Loss: 0.7200
2025-10-10 07:12:33,978 [INFO] Época 18/30, Batch 300/3287, Loss: 0.9444
2025-10-10 07:12:34,240 [INFO] Época 18/30, Batch 350/3287, Loss: 0.5747
2025-10-10 07:12:34,498 [INFO] Época 18/30, Batch 400/3287, Loss: 0.5697
2025-10-10 07:12:34,758 [INFO] Época 18/30, Batch 450/3287, Loss: 0.6728
2025-10-10 07:12:35,019 [INFO] Época 18/30, Batch 500/3287, Loss: 0.7830
2025-10-10 07:12:35,280 [INFO] Época 18/30, Batch 550/3287, Loss: 0.5234
2025-10-10 07:12:35,541 [INFO] Época 18/30, Batch 600/3287, Loss: 0.6284
2025-10-10 07:12:35,801 [INFO] Época 18/30, Batch 650/3287, Loss: 0.7303
2025-10-10 07:12:36,061 [INFO] Época 18/30, Batch 700/3287, Loss: 0.7322
2025-10-10 07:12:36,316 [INFO] Época 18/30, Batch 750/3287, Loss: 0.8462
2025-10-10 07:12:36,573 [INFO] Época 18/30, Batch 800/3287, Loss: 0.7185
2025-10-10 07:12:36,832 [INFO] Época 18/30, Batch 850/3287, Loss: 0.7449
2025-10-10 07:12:37,092 [INFO] Época 18/30, Batch 900/3287, Loss: 0.7275
2025-10-10 07:12:37,351 [INFO] Época 18/30, Batch 950/3287, Loss: 0.7396
2025-10-10 07:12:37,608 [INFO] Época 18/30, Batch 1000/3287, Loss: 0.6354
2025-10-10 07:12:37,868 [INFO] Época 18/30, Batch 1050/3287, Loss: 0.6010
2025-10-10 07:12:38,126 [INFO] Época 18/30, Batch 1100/3287, Loss: 0.7644
2025-10-10 07:12:38,389 [INFO] Época 18/30, Batch 1150/3287, Loss: 0.6646
2025-10-10 07:12:38,645 [INFO] Época 18/30, Batch 1200/3287, Loss: 0.5108
2025-10-10 07:12:38,900 [INFO] Época 18/30, Batch 1250/3287, Loss: 0.6964
2025-10-10 07:12:39,155 [INFO] Época 18/30, Batch 1300/3287, Loss: 0.6319
2025-10-10 07:12:39,406 [INFO] Época 18/30, Batch 1350/3287, Loss: 0.6424
2025-10-10 07:12:39,660 [INFO] Época 18/30, Batch 1400/3287, Loss: 0.6249
2025-10-10 07:12:39,913 [INFO] Época 18/30, Batch 1450/3287, Loss: 0.7394
2025-10-10 07:12:40,167 [INFO] Época 18/30, Batch 1500/3287, Loss: 0.7822
2025-10-10 07:12:40,421 [INFO] Época 18/30, Batch 1550/3287, Loss: 0.7288
2025-10-10 07:12:40,677 [INFO] Época 18/30, Batch 1600/3287, Loss: 0.6316
2025-10-10 07:12:40,933 [INFO] Época 18/30, Batch 1650/3287, Loss: 0.6230
2025-10-10 07:12:41,190 [INFO] Época 18/30, Batch 1700/3287, Loss: 0.8506
2025-10-10 07:12:41,446 [INFO] Época 18/30, Batch 1750/3287, Loss: 0.7693
2025-10-10 07:12:41,700 [INFO] Época 18/30, Batch 1800/3287, Loss: 0.6707
2025-10-10 07:12:41,956 [INFO] Época 18/30, Batch 1850/3287, Loss: 0.6560
2025-10-10 07:12:42,212 [INFO] Época 18/30, Batch 1900/3287, Loss: 0.7333
2025-10-10 07:12:42,467 [INFO] Época 18/30, Batch 1950/3287, Loss: 0.5910
2025-10-10 07:12:42,722 [INFO] Época 18/30, Batch 2000/3287, Loss: 0.6247
2025-10-10 07:12:42,977 [INFO] Época 18/30, Batch 2050/3287, Loss: 0.6308
2025-10-10 07:12:43,230 [INFO] Época 18/30, Batch 2100/3287, Loss: 0.8684
2025-10-10 07:12:43,483 [INFO] Época 18/30, Batch 2150/3287, Loss: 0.6477
2025-10-10 07:12:43,740 [INFO] Época 18/30, Batch 2200/3287, Loss: 0.7250
2025-10-10 07:12:43,995 [INFO] Época 18/30, Batch 2250/3287, Loss: 0.7307
2025-10-10 07:12:44,254 [INFO] Época 18/30, Batch 2300/3287, Loss: 0.5205
2025-10-10 07:12:44,509 [INFO] Época 18/30, Batch 2350/3287, Loss: 0.6905
2025-10-10 07:12:44,767 [INFO] Época 18/30, Batch 2400/3287, Loss: 0.4781
2025-10-10 07:12:45,024 [INFO] Época 18/30, Batch 2450/3287, Loss: 0.6376
2025-10-10 07:12:45,279 [INFO] Época 18/30, Batch 2500/3287, Loss: 0.6774
2025-10-10 07:12:45,536 [INFO] Época 18/30, Batch 2550/3287, Loss: 0.7152
2025-10-10 07:12:45,791 [INFO] Época 18/30, Batch 2600/3287, Loss: 0.4995
2025-10-10 07:12:46,050 [INFO] Época 18/30, Batch 2650/3287, Loss: 0.7372
2025-10-10 07:12:46,305 [INFO] Época 18/30, Batch 2700/3287, Loss: 0.6243
2025-10-10 07:12:46,562 [INFO] Época 18/30, Batch 2750/3287, Loss: 0.6566
2025-10-10 07:12:46,818 [INFO] Época 18/30, Batch 2800/3287, Loss: 0.4600
2025-10-10 07:12:47,075 [INFO] Época 18/30, Batch 2850/3287, Loss: 0.6805
2025-10-10 07:12:47,331 [INFO] Época 18/30, Batch 2900/3287, Loss: 0.6569
2025-10-10 07:12:47,587 [INFO] Época 18/30, Batch 2950/3287, Loss: 0.5920
2025-10-10 07:12:47,841 [INFO] Época 18/30, Batch 3000/3287, Loss: 0.6922
2025-10-10 07:12:48,098 [INFO] Época 18/30, Batch 3050/3287, Loss: 0.6303
2025-10-10 07:12:48,355 [INFO] Época 18/30, Batch 3100/3287, Loss: 0.8978
2025-10-10 07:12:48,611 [INFO] Época 18/30, Batch 3150/3287, Loss: 0.6916
2025-10-10 07:12:48,868 [INFO] Época 18/30, Batch 3200/3287, Loss: 0.5781
2025-10-10 07:12:49,121 [INFO] Época 18/30, Batch 3250/3287, Loss: 0.6999
2025-10-10 07:12:50,857 [INFO] [18/30] Train Loss: 0.6596 | Val Loss: 0.6246 | Tempo: 18.74s
2025-10-10 07:12:51,436 [INFO] Época 19/30, Batch 50/3287, Loss: 0.7082
2025-10-10 07:12:51,706 [INFO] Época 19/30, Batch 100/3287, Loss: 0.7668
2025-10-10 07:12:51,963 [INFO] Época 19/30, Batch 150/3287, Loss: 0.6768
2025-10-10 07:12:52,219 [INFO] Época 19/30, Batch 200/3287, Loss: 0.6263
2025-10-10 07:12:52,476 [INFO] Época 19/30, Batch 250/3287, Loss: 0.5693
2025-10-10 07:12:52,729 [INFO] Época 19/30, Batch 300/3287, Loss: 0.5390
2025-10-10 07:12:52,983 [INFO] Época 19/30, Batch 350/3287, Loss: 0.5728
2025-10-10 07:12:53,241 [INFO] Época 19/30, Batch 400/3287, Loss: 0.6081
2025-10-10 07:12:53,509 [INFO] Época 19/30, Batch 450/3287, Loss: 0.6380
2025-10-10 07:12:53,776 [INFO] Época 19/30, Batch 500/3287, Loss: 0.6550
2025-10-10 07:12:54,042 [INFO] Época 19/30, Batch 550/3287, Loss: 0.6287
2025-10-10 07:12:54,308 [INFO] Época 19/30, Batch 600/3287, Loss: 0.6626
2025-10-10 07:12:54,574 [INFO] Época 19/30, Batch 650/3287, Loss: 0.6141
2025-10-10 07:12:54,841 [INFO] Época 19/30, Batch 700/3287, Loss: 0.6244
2025-10-10 07:12:55,108 [INFO] Época 19/30, Batch 750/3287, Loss: 0.7373
2025-10-10 07:12:55,372 [INFO] Época 19/30, Batch 800/3287, Loss: 0.7135
2025-10-10 07:12:55,632 [INFO] Época 19/30, Batch 850/3287, Loss: 0.7314
2025-10-10 07:12:55,888 [INFO] Época 19/30, Batch 900/3287, Loss: 0.7424
2025-10-10 07:12:56,157 [INFO] Época 19/30, Batch 950/3287, Loss: 0.6159
2025-10-10 07:12:56,412 [INFO] Época 19/30, Batch 1000/3287, Loss: 0.5583
2025-10-10 07:12:56,665 [INFO] Época 19/30, Batch 1050/3287, Loss: 0.6913
2025-10-10 07:12:56,910 [INFO] Época 19/30, Batch 1100/3287, Loss: 0.6279
2025-10-10 07:12:57,156 [INFO] Época 19/30, Batch 1150/3287, Loss: 0.6194
2025-10-10 07:12:57,404 [INFO] Época 19/30, Batch 1200/3287, Loss: 0.7105
2025-10-10 07:12:57,660 [INFO] Época 19/30, Batch 1250/3287, Loss: 0.7418
2025-10-10 07:12:57,919 [INFO] Época 19/30, Batch 1300/3287, Loss: 0.5823
2025-10-10 07:12:58,174 [INFO] Época 19/30, Batch 1350/3287, Loss: 0.8161
2025-10-10 07:12:58,432 [INFO] Época 19/30, Batch 1400/3287, Loss: 0.6262
2025-10-10 07:12:58,691 [INFO] Época 19/30, Batch 1450/3287, Loss: 0.6509
2025-10-10 07:12:58,947 [INFO] Época 19/30, Batch 1500/3287, Loss: 0.7052
2025-10-10 07:12:59,205 [INFO] Época 19/30, Batch 1550/3287, Loss: 0.7333
2025-10-10 07:12:59,461 [INFO] Época 19/30, Batch 1600/3287, Loss: 0.7826
2025-10-10 07:12:59,719 [INFO] Época 19/30, Batch 1650/3287, Loss: 0.8623
2025-10-10 07:12:59,986 [INFO] Época 19/30, Batch 1700/3287, Loss: 0.6559
2025-10-10 07:13:00,251 [INFO] Época 19/30, Batch 1750/3287, Loss: 0.7959
2025-10-10 07:13:00,516 [INFO] Época 19/30, Batch 1800/3287, Loss: 0.7051
2025-10-10 07:13:00,780 [INFO] Época 19/30, Batch 1850/3287, Loss: 0.6707
2025-10-10 07:13:01,036 [INFO] Época 19/30, Batch 1900/3287, Loss: 0.6575
2025-10-10 07:13:01,306 [INFO] Época 19/30, Batch 1950/3287, Loss: 0.6498
2025-10-10 07:13:01,563 [INFO] Época 19/30, Batch 2000/3287, Loss: 0.6236
2025-10-10 07:13:01,818 [INFO] Época 19/30, Batch 2050/3287, Loss: 0.5964
2025-10-10 07:13:02,074 [INFO] Época 19/30, Batch 2100/3287, Loss: 0.5326
2025-10-10 07:13:02,330 [INFO] Época 19/30, Batch 2150/3287, Loss: 0.6631
2025-10-10 07:13:02,589 [INFO] Época 19/30, Batch 2200/3287, Loss: 0.5768
2025-10-10 07:13:02,848 [INFO] Época 19/30, Batch 2250/3287, Loss: 0.7247
2025-10-10 07:13:03,112 [INFO] Época 19/30, Batch 2300/3287, Loss: 0.6938
2025-10-10 07:13:03,378 [INFO] Época 19/30, Batch 2350/3287, Loss: 0.6825
2025-10-10 07:13:03,633 [INFO] Época 19/30, Batch 2400/3287, Loss: 0.6349
2025-10-10 07:13:03,888 [INFO] Época 19/30, Batch 2450/3287, Loss: 0.4592
2025-10-10 07:13:04,147 [INFO] Época 19/30, Batch 2500/3287, Loss: 0.6130
2025-10-10 07:13:04,402 [INFO] Época 19/30, Batch 2550/3287, Loss: 0.6593
2025-10-10 07:13:04,657 [INFO] Época 19/30, Batch 2600/3287, Loss: 0.6218
2025-10-10 07:13:04,913 [INFO] Época 19/30, Batch 2650/3287, Loss: 0.5520
2025-10-10 07:13:05,170 [INFO] Época 19/30, Batch 2700/3287, Loss: 0.5464
2025-10-10 07:13:05,426 [INFO] Época 19/30, Batch 2750/3287, Loss: 0.6479
2025-10-10 07:13:05,684 [INFO] Época 19/30, Batch 2800/3287, Loss: 0.5639
2025-10-10 07:13:05,942 [INFO] Época 19/30, Batch 2850/3287, Loss: 0.6990
2025-10-10 07:13:06,197 [INFO] Época 19/30, Batch 2900/3287, Loss: 0.5007
2025-10-10 07:13:06,455 [INFO] Época 19/30, Batch 2950/3287, Loss: 0.9065
2025-10-10 07:13:06,712 [INFO] Época 19/30, Batch 3000/3287, Loss: 0.5674
2025-10-10 07:13:06,969 [INFO] Época 19/30, Batch 3050/3287, Loss: 0.7731
2025-10-10 07:13:07,232 [INFO] Época 19/30, Batch 3100/3287, Loss: 0.7583
2025-10-10 07:13:07,496 [INFO] Época 19/30, Batch 3150/3287, Loss: 0.7476
2025-10-10 07:13:07,758 [INFO] Época 19/30, Batch 3200/3287, Loss: 0.5975
2025-10-10 07:13:08,022 [INFO] Época 19/30, Batch 3250/3287, Loss: 0.6749
2025-10-10 07:13:09,780 [INFO] [19/30] Train Loss: 0.6590 | Val Loss: 0.6161 | Tempo: 18.91s
2025-10-10 07:13:10,345 [INFO] Época 20/30, Batch 50/3287, Loss: 0.6526
2025-10-10 07:13:10,607 [INFO] Época 20/30, Batch 100/3287, Loss: 0.5100
2025-10-10 07:13:10,867 [INFO] Época 20/30, Batch 150/3287, Loss: 0.6706
2025-10-10 07:13:11,126 [INFO] Época 20/30, Batch 200/3287, Loss: 0.6358
2025-10-10 07:13:11,384 [INFO] Época 20/30, Batch 250/3287, Loss: 0.6366
2025-10-10 07:13:11,655 [INFO] Época 20/30, Batch 300/3287, Loss: 0.7383
2025-10-10 07:13:11,914 [INFO] Época 20/30, Batch 350/3287, Loss: 0.5563
2025-10-10 07:13:12,173 [INFO] Época 20/30, Batch 400/3287, Loss: 0.8299
2025-10-10 07:13:12,432 [INFO] Época 20/30, Batch 450/3287, Loss: 0.5797
2025-10-10 07:13:12,692 [INFO] Época 20/30, Batch 500/3287, Loss: 0.5653
2025-10-10 07:13:12,951 [INFO] Época 20/30, Batch 550/3287, Loss: 0.6896
2025-10-10 07:13:13,208 [INFO] Época 20/30, Batch 600/3287, Loss: 0.6271
2025-10-10 07:13:13,468 [INFO] Época 20/30, Batch 650/3287, Loss: 0.5435
2025-10-10 07:13:13,726 [INFO] Época 20/30, Batch 700/3287, Loss: 0.5447
2025-10-10 07:13:13,985 [INFO] Época 20/30, Batch 750/3287, Loss: 0.5916
2025-10-10 07:13:14,243 [INFO] Época 20/30, Batch 800/3287, Loss: 0.6448
2025-10-10 07:13:14,502 [INFO] Época 20/30, Batch 850/3287, Loss: 0.5150
2025-10-10 07:13:14,759 [INFO] Época 20/30, Batch 900/3287, Loss: 0.6673
2025-10-10 07:13:15,016 [INFO] Época 20/30, Batch 950/3287, Loss: 0.5702
2025-10-10 07:13:15,275 [INFO] Época 20/30, Batch 1000/3287, Loss: 0.8009
2025-10-10 07:13:15,532 [INFO] Época 20/30, Batch 1050/3287, Loss: 0.6101
2025-10-10 07:13:15,791 [INFO] Época 20/30, Batch 1100/3287, Loss: 0.6504
2025-10-10 07:13:16,049 [INFO] Época 20/30, Batch 1150/3287, Loss: 0.4621
2025-10-10 07:13:16,306 [INFO] Época 20/30, Batch 1200/3287, Loss: 0.7004
2025-10-10 07:13:16,564 [INFO] Época 20/30, Batch 1250/3287, Loss: 0.7606
2025-10-10 07:13:16,823 [INFO] Época 20/30, Batch 1300/3287, Loss: 0.5542
2025-10-10 07:13:17,082 [INFO] Época 20/30, Batch 1350/3287, Loss: 0.5510
2025-10-10 07:13:17,341 [INFO] Época 20/30, Batch 1400/3287, Loss: 0.6505
2025-10-10 07:13:17,600 [INFO] Época 20/30, Batch 1450/3287, Loss: 0.7887
2025-10-10 07:13:17,860 [INFO] Época 20/30, Batch 1500/3287, Loss: 0.7818
2025-10-10 07:13:18,121 [INFO] Época 20/30, Batch 1550/3287, Loss: 0.6410
2025-10-10 07:13:18,380 [INFO] Época 20/30, Batch 1600/3287, Loss: 0.7417
2025-10-10 07:13:18,640 [INFO] Época 20/30, Batch 1650/3287, Loss: 0.7029
2025-10-10 07:13:18,899 [INFO] Época 20/30, Batch 1700/3287, Loss: 0.6962
2025-10-10 07:13:19,160 [INFO] Época 20/30, Batch 1750/3287, Loss: 0.5496
2025-10-10 07:13:19,420 [INFO] Época 20/30, Batch 1800/3287, Loss: 0.6331
2025-10-10 07:13:19,681 [INFO] Época 20/30, Batch 1850/3287, Loss: 0.5653
2025-10-10 07:13:19,943 [INFO] Época 20/30, Batch 1900/3287, Loss: 0.6411
2025-10-10 07:13:20,201 [INFO] Época 20/30, Batch 1950/3287, Loss: 0.9447
2025-10-10 07:13:20,461 [INFO] Época 20/30, Batch 2000/3287, Loss: 0.5956
2025-10-10 07:13:20,721 [INFO] Época 20/30, Batch 2050/3287, Loss: 0.5809
2025-10-10 07:13:20,983 [INFO] Época 20/30, Batch 2100/3287, Loss: 0.6326
2025-10-10 07:13:21,244 [INFO] Época 20/30, Batch 2150/3287, Loss: 0.7276
2025-10-10 07:13:21,506 [INFO] Época 20/30, Batch 2200/3287, Loss: 0.5126
2025-10-10 07:13:21,769 [INFO] Época 20/30, Batch 2250/3287, Loss: 0.8332
2025-10-10 07:13:22,028 [INFO] Época 20/30, Batch 2300/3287, Loss: 0.7500
2025-10-10 07:13:22,286 [INFO] Época 20/30, Batch 2350/3287, Loss: 0.5218
2025-10-10 07:13:22,545 [INFO] Época 20/30, Batch 2400/3287, Loss: 0.8095
2025-10-10 07:13:22,805 [INFO] Época 20/30, Batch 2450/3287, Loss: 0.5419
2025-10-10 07:13:23,066 [INFO] Época 20/30, Batch 2500/3287, Loss: 0.6065
2025-10-10 07:13:23,326 [INFO] Época 20/30, Batch 2550/3287, Loss: 0.5873
2025-10-10 07:13:23,584 [INFO] Época 20/30, Batch 2600/3287, Loss: 0.5106
2025-10-10 07:13:23,841 [INFO] Época 20/30, Batch 2650/3287, Loss: 0.5255
2025-10-10 07:13:24,100 [INFO] Época 20/30, Batch 2700/3287, Loss: 0.6845
2025-10-10 07:13:24,359 [INFO] Época 20/30, Batch 2750/3287, Loss: 0.7523
2025-10-10 07:13:24,620 [INFO] Época 20/30, Batch 2800/3287, Loss: 0.6104
2025-10-10 07:13:24,879 [INFO] Época 20/30, Batch 2850/3287, Loss: 0.5417
2025-10-10 07:13:25,140 [INFO] Época 20/30, Batch 2900/3287, Loss: 0.6981
2025-10-10 07:13:25,399 [INFO] Época 20/30, Batch 2950/3287, Loss: 0.5169
2025-10-10 07:13:25,657 [INFO] Época 20/30, Batch 3000/3287, Loss: 0.7660
2025-10-10 07:13:25,925 [INFO] Época 20/30, Batch 3050/3287, Loss: 0.6227
2025-10-10 07:13:26,192 [INFO] Época 20/30, Batch 3100/3287, Loss: 0.6531
2025-10-10 07:13:26,460 [INFO] Época 20/30, Batch 3150/3287, Loss: 0.5432
2025-10-10 07:13:26,727 [INFO] Época 20/30, Batch 3200/3287, Loss: 0.5722
2025-10-10 07:13:26,995 [INFO] Época 20/30, Batch 3250/3287, Loss: 0.7966
2025-10-10 07:13:28,606 [INFO] [20/30] Train Loss: 0.6589 | Val Loss: 0.6128 | Tempo: 18.83s
2025-10-10 07:13:28,607 [INFO] Early stopping ativado após 10 épocas sem melhoria
2025-10-10 07:13:28,607 [INFO] Treinamento concluído em 378.00 segundos (6.30 minutos)
2025-10-10 07:13:28,607 [INFO] Iniciando avaliação no conjunto de teste...
2025-10-10 07:13:29,984 [INFO] Avaliação do teste concluída em 1.38 segundos
2025-10-10 07:13:29,984 [INFO] MSE no teste: 1.3066
2025-10-10 07:13:29,984 [INFO] RMSE no teste: 1.1431
2025-10-10 07:13:29,984 [INFO] MAE no teste: 0.8155
2025-10-10 07:13:29,985 [INFO] Métricas salvas em /mnt/hdd/home/jdurao/ToolBox-ChemXAI/logs/mlp_att10_3D_metrics.json
