2025-10-09 17:48:15,236 [INFO] Iniciando treinamento do modelo mlp_att1_EState
2025-10-09 17:48:15,236 [INFO] Configuração: att_index=1, epochs=30, layers=[128, 64, 32], lr=0.001, batch_size=32, descriptor_type=EState
2025-10-09 17:48:15,236 [INFO] Diretório para modelos: /mnt/hdd/home/jdurao/ToolBox-ChemXAI/models
2025-10-09 17:48:15,236 [INFO] Carregando dados...
2025-10-09 17:48:15,331 [INFO] Preparando dataloaders sem ruído...
2025-10-09 17:48:18,344 [INFO] Dados carregados em 3.11 segundos
2025-10-09 17:48:18,344 [INFO] Tamanhos dos conjuntos - Treino: 107108, Validação: 13388, Teste: 13389
2025-10-09 17:48:18,344 [INFO] Usando dispositivo: cuda
2025-10-09 17:48:18,678 [INFO] Dimensão de entrada: 79, Dimensão de saída: 1
2025-10-09 17:48:18,679 [INFO] Criando modelo MLP com camadas: [128, 64, 32]
2025-10-09 17:48:18,682 [INFO] Modelo criado com 20609 parâmetros
2025-10-09 17:48:18,683 [INFO] Iniciando treinamento com 30 épocas...
2025-10-09 17:48:19,261 [INFO] Época 1/30, Batch 50/3348, Loss: 0.1661
2025-10-09 17:48:19,544 [INFO] Época 1/30, Batch 100/3348, Loss: 0.1783
2025-10-09 17:48:19,835 [INFO] Época 1/30, Batch 150/3348, Loss: 0.2285
2025-10-09 17:48:20,126 [INFO] Época 1/30, Batch 200/3348, Loss: 0.1599
2025-10-09 17:48:20,408 [INFO] Época 1/30, Batch 250/3348, Loss: 0.1945
2025-10-09 17:48:20,681 [INFO] Época 1/30, Batch 300/3348, Loss: 0.1806
2025-10-09 17:48:20,953 [INFO] Época 1/30, Batch 350/3348, Loss: 0.1895
2025-10-09 17:48:21,224 [INFO] Época 1/30, Batch 400/3348, Loss: 0.2308
2025-10-09 17:48:21,493 [INFO] Época 1/30, Batch 450/3348, Loss: 0.1782
2025-10-09 17:48:21,761 [INFO] Época 1/30, Batch 500/3348, Loss: 0.1829
2025-10-09 17:48:22,026 [INFO] Época 1/30, Batch 550/3348, Loss: 0.2334
2025-10-09 17:48:22,294 [INFO] Época 1/30, Batch 600/3348, Loss: 0.1757
2025-10-09 17:48:22,564 [INFO] Época 1/30, Batch 650/3348, Loss: 0.1647
2025-10-09 17:48:22,832 [INFO] Época 1/30, Batch 700/3348, Loss: 0.1591
2025-10-09 17:48:23,092 [INFO] Época 1/30, Batch 750/3348, Loss: 0.1627
2025-10-09 17:48:23,354 [INFO] Época 1/30, Batch 800/3348, Loss: 0.1623
2025-10-09 17:48:23,615 [INFO] Época 1/30, Batch 850/3348, Loss: 0.2088
2025-10-09 17:48:23,878 [INFO] Época 1/30, Batch 900/3348, Loss: 0.1713
2025-10-09 17:48:24,142 [INFO] Época 1/30, Batch 950/3348, Loss: 0.1453
2025-10-09 17:48:24,405 [INFO] Época 1/30, Batch 1000/3348, Loss: 0.1495
2025-10-09 17:48:24,669 [INFO] Época 1/30, Batch 1050/3348, Loss: 0.2616
2025-10-09 17:48:24,930 [INFO] Época 1/30, Batch 1100/3348, Loss: 0.1999
2025-10-09 17:48:25,191 [INFO] Época 1/30, Batch 1150/3348, Loss: 0.1470
2025-10-09 17:48:25,454 [INFO] Época 1/30, Batch 1200/3348, Loss: 0.1681
2025-10-09 17:48:25,714 [INFO] Época 1/30, Batch 1250/3348, Loss: 0.1677
2025-10-09 17:48:25,974 [INFO] Época 1/30, Batch 1300/3348, Loss: 0.1533
2025-10-09 17:48:26,237 [INFO] Época 1/30, Batch 1350/3348, Loss: 0.1701
2025-10-09 17:48:26,498 [INFO] Época 1/30, Batch 1400/3348, Loss: 0.1704
2025-10-09 17:48:26,758 [INFO] Época 1/30, Batch 1450/3348, Loss: 0.1621
2025-10-09 17:48:27,014 [INFO] Época 1/30, Batch 1500/3348, Loss: 0.3254
2025-10-09 17:48:27,273 [INFO] Época 1/30, Batch 1550/3348, Loss: 0.1583
2025-10-09 17:48:27,532 [INFO] Época 1/30, Batch 1600/3348, Loss: 0.1586
2025-10-09 17:48:27,778 [INFO] Época 1/30, Batch 1650/3348, Loss: 0.2204
2025-10-09 17:48:28,017 [INFO] Época 1/30, Batch 1700/3348, Loss: 0.3701
2025-10-09 17:48:28,254 [INFO] Época 1/30, Batch 1750/3348, Loss: 0.2012
2025-10-09 17:48:28,494 [INFO] Época 1/30, Batch 1800/3348, Loss: 0.1335
2025-10-09 17:48:28,734 [INFO] Época 1/30, Batch 1850/3348, Loss: 0.1401
2025-10-09 17:48:28,983 [INFO] Época 1/30, Batch 1900/3348, Loss: 0.2112
2025-10-09 17:48:29,234 [INFO] Época 1/30, Batch 1950/3348, Loss: 0.1687
2025-10-09 17:48:29,485 [INFO] Época 1/30, Batch 2000/3348, Loss: 0.1676
2025-10-09 17:48:29,739 [INFO] Época 1/30, Batch 2050/3348, Loss: 0.1732
2025-10-09 17:48:29,992 [INFO] Época 1/30, Batch 2100/3348, Loss: 0.1710
2025-10-09 17:48:30,250 [INFO] Época 1/30, Batch 2150/3348, Loss: 0.1955
2025-10-09 17:48:30,502 [INFO] Época 1/30, Batch 2200/3348, Loss: 0.1817
2025-10-09 17:48:30,749 [INFO] Época 1/30, Batch 2250/3348, Loss: 0.1093
2025-10-09 17:48:31,001 [INFO] Época 1/30, Batch 2300/3348, Loss: 0.2091
2025-10-09 17:48:31,258 [INFO] Época 1/30, Batch 2350/3348, Loss: 0.1387
2025-10-09 17:48:31,528 [INFO] Época 1/30, Batch 2400/3348, Loss: 0.1569
2025-10-09 17:48:31,808 [INFO] Época 1/30, Batch 2450/3348, Loss: 0.1310
2025-10-09 17:48:32,077 [INFO] Época 1/30, Batch 2500/3348, Loss: 0.1909
2025-10-09 17:48:32,358 [INFO] Época 1/30, Batch 2550/3348, Loss: 0.1728
2025-10-09 17:48:32,642 [INFO] Época 1/30, Batch 2600/3348, Loss: 0.1683
2025-10-09 17:48:32,917 [INFO] Época 1/30, Batch 2650/3348, Loss: 0.1545
2025-10-09 17:48:33,192 [INFO] Época 1/30, Batch 2700/3348, Loss: 0.2126
2025-10-09 17:48:33,466 [INFO] Época 1/30, Batch 2750/3348, Loss: 0.1449
2025-10-09 17:48:33,739 [INFO] Época 1/30, Batch 2800/3348, Loss: 0.1489
2025-10-09 17:48:34,012 [INFO] Época 1/30, Batch 2850/3348, Loss: 0.1822
2025-10-09 17:48:34,290 [INFO] Época 1/30, Batch 2900/3348, Loss: 0.1470
2025-10-09 17:48:34,568 [INFO] Época 1/30, Batch 2950/3348, Loss: 0.2056
2025-10-09 17:48:34,851 [INFO] Época 1/30, Batch 3000/3348, Loss: 8.8113
2025-10-09 17:48:35,132 [INFO] Época 1/30, Batch 3050/3348, Loss: 0.1478
2025-10-09 17:48:35,415 [INFO] Época 1/30, Batch 3100/3348, Loss: 0.1466
2025-10-09 17:48:35,689 [INFO] Época 1/30, Batch 3150/3348, Loss: 0.1748
2025-10-09 17:48:35,965 [INFO] Época 1/30, Batch 3200/3348, Loss: 0.1946
2025-10-09 17:48:36,242 [INFO] Época 1/30, Batch 3250/3348, Loss: 0.1883
2025-10-09 17:48:36,518 [INFO] Época 1/30, Batch 3300/3348, Loss: 0.1452
2025-10-09 17:48:38,320 [INFO] [1/30] Train Loss: 0.1860 | Val Loss: 0.1858 | Tempo: 19.64s
2025-10-09 17:48:38,325 [INFO] Melhor modelo salvo em: /mnt/hdd/home/jdurao/ToolBox-ChemXAI/models/mlp_qm9_EState_att1_large.pth
2025-10-09 17:48:38,904 [INFO] Época 2/30, Batch 50/3348, Loss: 0.2100
2025-10-09 17:48:39,186 [INFO] Época 2/30, Batch 100/3348, Loss: 0.2087
2025-10-09 17:48:39,468 [INFO] Época 2/30, Batch 150/3348, Loss: 0.1427
2025-10-09 17:48:39,745 [INFO] Época 2/30, Batch 200/3348, Loss: 0.1354
2025-10-09 17:48:40,008 [INFO] Época 2/30, Batch 250/3348, Loss: 0.1541
2025-10-09 17:48:40,271 [INFO] Época 2/30, Batch 300/3348, Loss: 0.2621
2025-10-09 17:48:40,531 [INFO] Época 2/30, Batch 350/3348, Loss: 0.1868
2025-10-09 17:48:40,794 [INFO] Época 2/30, Batch 400/3348, Loss: 0.1686
2025-10-09 17:48:41,068 [INFO] Época 2/30, Batch 450/3348, Loss: 0.1378
2025-10-09 17:48:41,349 [INFO] Época 2/30, Batch 500/3348, Loss: 0.1625
2025-10-09 17:48:41,630 [INFO] Época 2/30, Batch 550/3348, Loss: 0.1556
2025-10-09 17:48:41,900 [INFO] Época 2/30, Batch 600/3348, Loss: 0.1396
2025-10-09 17:48:42,179 [INFO] Época 2/30, Batch 650/3348, Loss: 0.1531
2025-10-09 17:48:42,462 [INFO] Época 2/30, Batch 700/3348, Loss: 0.1637
2025-10-09 17:48:42,739 [INFO] Época 2/30, Batch 750/3348, Loss: 0.2184
2025-10-09 17:48:43,015 [INFO] Época 2/30, Batch 800/3348, Loss: 0.1963
2025-10-09 17:48:43,278 [INFO] Época 2/30, Batch 850/3348, Loss: 0.1488
2025-10-09 17:48:43,555 [INFO] Época 2/30, Batch 900/3348, Loss: 0.2052
2025-10-09 17:48:43,829 [INFO] Época 2/30, Batch 950/3348, Loss: 0.2131
2025-10-09 17:48:44,102 [INFO] Época 2/30, Batch 1000/3348, Loss: 0.1721
2025-10-09 17:48:44,375 [INFO] Época 2/30, Batch 1050/3348, Loss: 0.2039
2025-10-09 17:48:44,648 [INFO] Época 2/30, Batch 1100/3348, Loss: 0.2410
2025-10-09 17:48:44,916 [INFO] Época 2/30, Batch 1150/3348, Loss: 0.2365
2025-10-09 17:48:45,186 [INFO] Época 2/30, Batch 1200/3348, Loss: 0.1804
2025-10-09 17:48:45,446 [INFO] Época 2/30, Batch 1250/3348, Loss: 0.1744
2025-10-09 17:48:45,703 [INFO] Época 2/30, Batch 1300/3348, Loss: 0.1519
2025-10-09 17:48:45,959 [INFO] Época 2/30, Batch 1350/3348, Loss: 0.1802
2025-10-09 17:48:46,216 [INFO] Época 2/30, Batch 1400/3348, Loss: 0.1459
2025-10-09 17:48:46,483 [INFO] Época 2/30, Batch 1450/3348, Loss: 0.1577
2025-10-09 17:48:46,762 [INFO] Época 2/30, Batch 1500/3348, Loss: 0.1973
2025-10-09 17:48:47,041 [INFO] Época 2/30, Batch 1550/3348, Loss: 0.1643
2025-10-09 17:48:47,321 [INFO] Época 2/30, Batch 1600/3348, Loss: 0.1587
2025-10-09 17:48:47,602 [INFO] Época 2/30, Batch 1650/3348, Loss: 0.1679
2025-10-09 17:48:47,880 [INFO] Época 2/30, Batch 1700/3348, Loss: 0.1518
2025-10-09 17:48:48,162 [INFO] Época 2/30, Batch 1750/3348, Loss: 0.1530
2025-10-09 17:48:48,439 [INFO] Época 2/30, Batch 1800/3348, Loss: 0.1786
2025-10-09 17:48:48,711 [INFO] Época 2/30, Batch 1850/3348, Loss: 0.1623
2025-10-09 17:48:48,985 [INFO] Época 2/30, Batch 1900/3348, Loss: 0.1980
2025-10-09 17:48:49,248 [INFO] Época 2/30, Batch 1950/3348, Loss: 0.1851
2025-10-09 17:48:49,508 [INFO] Época 2/30, Batch 2000/3348, Loss: 0.1783
2025-10-09 17:48:49,771 [INFO] Época 2/30, Batch 2050/3348, Loss: 0.2289
2025-10-09 17:48:50,030 [INFO] Época 2/30, Batch 2100/3348, Loss: 0.1789
2025-10-09 17:48:50,286 [INFO] Época 2/30, Batch 2150/3348, Loss: 0.1874
2025-10-09 17:48:50,539 [INFO] Época 2/30, Batch 2200/3348, Loss: 0.1104
2025-10-09 17:48:50,793 [INFO] Época 2/30, Batch 2250/3348, Loss: 0.1339
2025-10-09 17:48:51,044 [INFO] Época 2/30, Batch 2300/3348, Loss: 0.2706
2025-10-09 17:48:51,298 [INFO] Época 2/30, Batch 2350/3348, Loss: 0.1248
2025-10-09 17:48:51,553 [INFO] Época 2/30, Batch 2400/3348, Loss: 0.1984
2025-10-09 17:48:51,816 [INFO] Época 2/30, Batch 2450/3348, Loss: 0.1796
2025-10-09 17:48:52,073 [INFO] Época 2/30, Batch 2500/3348, Loss: 0.1907
2025-10-09 17:48:52,334 [INFO] Época 2/30, Batch 2550/3348, Loss: 0.1928
2025-10-09 17:48:52,604 [INFO] Época 2/30, Batch 2600/3348, Loss: 0.2099
2025-10-09 17:48:52,872 [INFO] Época 2/30, Batch 2650/3348, Loss: 0.1810
2025-10-09 17:48:53,143 [INFO] Época 2/30, Batch 2700/3348, Loss: 0.1418
2025-10-09 17:48:53,410 [INFO] Época 2/30, Batch 2750/3348, Loss: 0.1740
2025-10-09 17:48:53,675 [INFO] Época 2/30, Batch 2800/3348, Loss: 0.1715
2025-10-09 17:48:53,944 [INFO] Época 2/30, Batch 2850/3348, Loss: 0.1842
2025-10-09 17:48:54,213 [INFO] Época 2/30, Batch 2900/3348, Loss: 0.2325
2025-10-09 17:48:54,482 [INFO] Época 2/30, Batch 2950/3348, Loss: 0.1297
2025-10-09 17:48:54,753 [INFO] Época 2/30, Batch 3000/3348, Loss: 0.1371
2025-10-09 17:48:55,023 [INFO] Época 2/30, Batch 3050/3348, Loss: 0.1467
2025-10-09 17:48:55,291 [INFO] Época 2/30, Batch 3100/3348, Loss: 0.1552
2025-10-09 17:48:55,560 [INFO] Época 2/30, Batch 3150/3348, Loss: 0.1611
2025-10-09 17:48:55,816 [INFO] Época 2/30, Batch 3200/3348, Loss: 0.1635
2025-10-09 17:48:56,075 [INFO] Época 2/30, Batch 3250/3348, Loss: 0.1699
2025-10-09 17:48:56,337 [INFO] Época 2/30, Batch 3300/3348, Loss: 0.1174
2025-10-09 17:48:58,089 [INFO] [2/30] Train Loss: 0.1810 | Val Loss: 0.1831 | Tempo: 19.76s
2025-10-09 17:48:58,093 [INFO] Melhor modelo salvo em: /mnt/hdd/home/jdurao/ToolBox-ChemXAI/models/mlp_qm9_EState_att1_large.pth
2025-10-09 17:48:58,651 [INFO] Época 3/30, Batch 50/3348, Loss: 0.1788
2025-10-09 17:48:58,914 [INFO] Época 3/30, Batch 100/3348, Loss: 0.2057
2025-10-09 17:48:59,174 [INFO] Época 3/30, Batch 150/3348, Loss: 0.1485
2025-10-09 17:48:59,433 [INFO] Época 3/30, Batch 200/3348, Loss: 0.1603
2025-10-09 17:48:59,701 [INFO] Época 3/30, Batch 250/3348, Loss: 0.2342
2025-10-09 17:48:59,972 [INFO] Época 3/30, Batch 300/3348, Loss: 0.1846
2025-10-09 17:49:00,244 [INFO] Época 3/30, Batch 350/3348, Loss: 0.1798
2025-10-09 17:49:00,515 [INFO] Época 3/30, Batch 400/3348, Loss: 0.1791
2025-10-09 17:49:00,784 [INFO] Época 3/30, Batch 450/3348, Loss: 0.2101
2025-10-09 17:49:01,056 [INFO] Época 3/30, Batch 500/3348, Loss: 0.1567
2025-10-09 17:49:01,326 [INFO] Época 3/30, Batch 550/3348, Loss: 0.2702
2025-10-09 17:49:01,596 [INFO] Época 3/30, Batch 600/3348, Loss: 0.1847
2025-10-09 17:49:01,866 [INFO] Época 3/30, Batch 650/3348, Loss: 0.1661
2025-10-09 17:49:02,139 [INFO] Época 3/30, Batch 700/3348, Loss: 0.1886
2025-10-09 17:49:02,411 [INFO] Época 3/30, Batch 750/3348, Loss: 0.2228
2025-10-09 17:49:02,680 [INFO] Época 3/30, Batch 800/3348, Loss: 0.2104
2025-10-09 17:49:02,947 [INFO] Época 3/30, Batch 850/3348, Loss: 0.1585
2025-10-09 17:49:03,212 [INFO] Época 3/30, Batch 900/3348, Loss: 0.1567
2025-10-09 17:49:03,480 [INFO] Época 3/30, Batch 950/3348, Loss: 0.2251
2025-10-09 17:49:03,738 [INFO] Época 3/30, Batch 1000/3348, Loss: 0.2009
2025-10-09 17:49:03,978 [INFO] Época 3/30, Batch 1050/3348, Loss: 0.1642
2025-10-09 17:49:04,244 [INFO] Época 3/30, Batch 1100/3348, Loss: 0.2281
2025-10-09 17:49:04,517 [INFO] Época 3/30, Batch 1150/3348, Loss: 0.1764
2025-10-09 17:49:04,793 [INFO] Época 3/30, Batch 1200/3348, Loss: 0.1420
2025-10-09 17:49:05,059 [INFO] Época 3/30, Batch 1250/3348, Loss: 0.1895
2025-10-09 17:49:05,310 [INFO] Época 3/30, Batch 1300/3348, Loss: 0.1685
2025-10-09 17:49:05,560 [INFO] Época 3/30, Batch 1350/3348, Loss: 0.1761
2025-10-09 17:49:05,813 [INFO] Época 3/30, Batch 1400/3348, Loss: 0.2690
2025-10-09 17:49:06,065 [INFO] Época 3/30, Batch 1450/3348, Loss: 0.1549
2025-10-09 17:49:06,317 [INFO] Época 3/30, Batch 1500/3348, Loss: 0.1905
2025-10-09 17:49:06,569 [INFO] Época 3/30, Batch 1550/3348, Loss: 0.2101
2025-10-09 17:49:06,827 [INFO] Época 3/30, Batch 1600/3348, Loss: 0.1717
2025-10-09 17:49:07,083 [INFO] Época 3/30, Batch 1650/3348, Loss: 0.2159
2025-10-09 17:49:07,338 [INFO] Época 3/30, Batch 1700/3348, Loss: 0.1460
2025-10-09 17:49:07,590 [INFO] Época 3/30, Batch 1750/3348, Loss: 0.2851
2025-10-09 17:49:07,831 [INFO] Época 3/30, Batch 1800/3348, Loss: 0.1515
2025-10-09 17:49:08,065 [INFO] Época 3/30, Batch 1850/3348, Loss: 0.1588
2025-10-09 17:49:08,298 [INFO] Época 3/30, Batch 1900/3348, Loss: 0.1873
2025-10-09 17:49:08,533 [INFO] Época 3/30, Batch 1950/3348, Loss: 0.2215
2025-10-09 17:49:08,779 [INFO] Época 3/30, Batch 2000/3348, Loss: 0.1370
2025-10-09 17:49:09,040 [INFO] Época 3/30, Batch 2050/3348, Loss: 0.1849
2025-10-09 17:49:09,299 [INFO] Época 3/30, Batch 2100/3348, Loss: 0.1786
2025-10-09 17:49:09,553 [INFO] Época 3/30, Batch 2150/3348, Loss: 0.1787
2025-10-09 17:49:09,809 [INFO] Época 3/30, Batch 2200/3348, Loss: 0.1233
2025-10-09 17:49:10,065 [INFO] Época 3/30, Batch 2250/3348, Loss: 0.1734
2025-10-09 17:49:10,325 [INFO] Época 3/30, Batch 2300/3348, Loss: 0.1324
2025-10-09 17:49:10,581 [INFO] Época 3/30, Batch 2350/3348, Loss: 0.1594
2025-10-09 17:49:10,852 [INFO] Época 3/30, Batch 2400/3348, Loss: 0.1634
2025-10-09 17:49:11,123 [INFO] Época 3/30, Batch 2450/3348, Loss: 0.1395
2025-10-09 17:49:11,393 [INFO] Época 3/30, Batch 2500/3348, Loss: 0.1656
2025-10-09 17:49:11,664 [INFO] Época 3/30, Batch 2550/3348, Loss: 0.1982
2025-10-09 17:49:11,933 [INFO] Época 3/30, Batch 2600/3348, Loss: 0.1284
2025-10-09 17:49:12,202 [INFO] Época 3/30, Batch 2650/3348, Loss: 0.1447
2025-10-09 17:49:12,470 [INFO] Época 3/30, Batch 2700/3348, Loss: 0.1185
2025-10-09 17:49:12,738 [INFO] Época 3/30, Batch 2750/3348, Loss: 0.1518
2025-10-09 17:49:13,011 [INFO] Época 3/30, Batch 2800/3348, Loss: 0.1258
2025-10-09 17:49:13,280 [INFO] Época 3/30, Batch 2850/3348, Loss: 0.1889
2025-10-09 17:49:13,550 [INFO] Época 3/30, Batch 2900/3348, Loss: 0.1918
2025-10-09 17:49:13,819 [INFO] Época 3/30, Batch 2950/3348, Loss: 0.2581
2025-10-09 17:49:14,087 [INFO] Época 3/30, Batch 3000/3348, Loss: 0.2050
2025-10-09 17:49:14,359 [INFO] Época 3/30, Batch 3050/3348, Loss: 0.1794
2025-10-09 17:49:14,628 [INFO] Época 3/30, Batch 3100/3348, Loss: 0.2059
2025-10-09 17:49:14,900 [INFO] Época 3/30, Batch 3150/3348, Loss: 0.1344
2025-10-09 17:49:15,175 [INFO] Época 3/30, Batch 3200/3348, Loss: 0.1269
2025-10-09 17:49:15,449 [INFO] Época 3/30, Batch 3250/3348, Loss: 0.1841
2025-10-09 17:49:15,723 [INFO] Época 3/30, Batch 3300/3348, Loss: 0.1851
2025-10-09 17:49:17,590 [INFO] [3/30] Train Loss: 0.1793 | Val Loss: 0.2021 | Tempo: 19.50s
2025-10-09 17:49:18,206 [INFO] Época 4/30, Batch 50/3348, Loss: 0.1917
2025-10-09 17:49:18,487 [INFO] Época 4/30, Batch 100/3348, Loss: 0.2290
2025-10-09 17:49:18,766 [INFO] Época 4/30, Batch 150/3348, Loss: 0.2461
2025-10-09 17:49:19,042 [INFO] Época 4/30, Batch 200/3348, Loss: 0.1902
2025-10-09 17:49:19,328 [INFO] Época 4/30, Batch 250/3348, Loss: 0.1257
2025-10-09 17:49:19,610 [INFO] Época 4/30, Batch 300/3348, Loss: 0.1571
2025-10-09 17:49:19,893 [INFO] Época 4/30, Batch 350/3348, Loss: 0.1934
2025-10-09 17:49:20,174 [INFO] Época 4/30, Batch 400/3348, Loss: 0.0905
2025-10-09 17:49:20,454 [INFO] Época 4/30, Batch 450/3348, Loss: 0.2015
2025-10-09 17:49:20,734 [INFO] Época 4/30, Batch 500/3348, Loss: 0.1379
2025-10-09 17:49:21,015 [INFO] Época 4/30, Batch 550/3348, Loss: 0.1507
2025-10-09 17:49:21,294 [INFO] Época 4/30, Batch 600/3348, Loss: 0.2367
2025-10-09 17:49:21,571 [INFO] Época 4/30, Batch 650/3348, Loss: 0.2386
2025-10-09 17:49:21,855 [INFO] Época 4/30, Batch 700/3348, Loss: 0.1548
2025-10-09 17:49:22,131 [INFO] Época 4/30, Batch 750/3348, Loss: 0.1747
2025-10-09 17:49:22,424 [INFO] Época 4/30, Batch 800/3348, Loss: 0.1614
2025-10-09 17:49:22,706 [INFO] Época 4/30, Batch 850/3348, Loss: 0.1988
2025-10-09 17:49:22,980 [INFO] Época 4/30, Batch 900/3348, Loss: 0.1550
2025-10-09 17:49:23,256 [INFO] Época 4/30, Batch 950/3348, Loss: 0.1914
2025-10-09 17:49:23,531 [INFO] Época 4/30, Batch 1000/3348, Loss: 0.8344
2025-10-09 17:49:23,806 [INFO] Época 4/30, Batch 1050/3348, Loss: 0.2071
2025-10-09 17:49:24,073 [INFO] Época 4/30, Batch 1100/3348, Loss: 0.1103
2025-10-09 17:49:24,345 [INFO] Época 4/30, Batch 1150/3348, Loss: 0.1832
2025-10-09 17:49:24,620 [INFO] Época 4/30, Batch 1200/3348, Loss: 0.1562
2025-10-09 17:49:24,908 [INFO] Época 4/30, Batch 1250/3348, Loss: 0.1436
2025-10-09 17:49:25,198 [INFO] Época 4/30, Batch 1300/3348, Loss: 0.1336
2025-10-09 17:49:25,487 [INFO] Época 4/30, Batch 1350/3348, Loss: 0.1787
2025-10-09 17:49:25,772 [INFO] Época 4/30, Batch 1400/3348, Loss: 0.1495
2025-10-09 17:49:26,055 [INFO] Época 4/30, Batch 1450/3348, Loss: 0.1793
2025-10-09 17:49:26,340 [INFO] Época 4/30, Batch 1500/3348, Loss: 0.1514
2025-10-09 17:49:26,626 [INFO] Época 4/30, Batch 1550/3348, Loss: 0.1595
2025-10-09 17:49:26,912 [INFO] Época 4/30, Batch 1600/3348, Loss: 0.1800
2025-10-09 17:49:27,198 [INFO] Época 4/30, Batch 1650/3348, Loss: 0.1322
2025-10-09 17:49:27,471 [INFO] Época 4/30, Batch 1700/3348, Loss: 0.2542
2025-10-09 17:49:27,752 [INFO] Época 4/30, Batch 1750/3348, Loss: 0.1414
2025-10-09 17:49:28,043 [INFO] Época 4/30, Batch 1800/3348, Loss: 0.1738
2025-10-09 17:49:28,328 [INFO] Época 4/30, Batch 1850/3348, Loss: 0.2230
2025-10-09 17:49:28,614 [INFO] Época 4/30, Batch 1900/3348, Loss: 0.2735
2025-10-09 17:49:28,898 [INFO] Época 4/30, Batch 1950/3348, Loss: 0.2222
2025-10-09 17:49:29,183 [INFO] Época 4/30, Batch 2000/3348, Loss: 0.1867
2025-10-09 17:49:29,468 [INFO] Época 4/30, Batch 2050/3348, Loss: 0.1551
2025-10-09 17:49:29,752 [INFO] Época 4/30, Batch 2100/3348, Loss: 0.1423
2025-10-09 17:49:30,036 [INFO] Época 4/30, Batch 2150/3348, Loss: 0.1749
2025-10-09 17:49:30,320 [INFO] Época 4/30, Batch 2200/3348, Loss: 0.1251
2025-10-09 17:49:30,604 [INFO] Época 4/30, Batch 2250/3348, Loss: 0.1439
2025-10-09 17:49:30,889 [INFO] Época 4/30, Batch 2300/3348, Loss: 0.2099
2025-10-09 17:49:31,159 [INFO] Época 4/30, Batch 2350/3348, Loss: 0.1637
2025-10-09 17:49:31,434 [INFO] Época 4/30, Batch 2400/3348, Loss: 0.1544
2025-10-09 17:49:31,704 [INFO] Época 4/30, Batch 2450/3348, Loss: 0.2036
2025-10-09 17:49:31,974 [INFO] Época 4/30, Batch 2500/3348, Loss: 0.1459
2025-10-09 17:49:32,245 [INFO] Época 4/30, Batch 2550/3348, Loss: 0.1687
2025-10-09 17:49:32,517 [INFO] Época 4/30, Batch 2600/3348, Loss: 0.1648
2025-10-09 17:49:32,787 [INFO] Época 4/30, Batch 2650/3348, Loss: 0.1988
2025-10-09 17:49:33,061 [INFO] Época 4/30, Batch 2700/3348, Loss: 0.2171
2025-10-09 17:49:33,335 [INFO] Época 4/30, Batch 2750/3348, Loss: 0.1888
2025-10-09 17:49:33,608 [INFO] Época 4/30, Batch 2800/3348, Loss: 0.1802
2025-10-09 17:49:33,879 [INFO] Época 4/30, Batch 2850/3348, Loss: 0.1731
2025-10-09 17:49:34,150 [INFO] Época 4/30, Batch 2900/3348, Loss: 0.1469
2025-10-09 17:49:34,422 [INFO] Época 4/30, Batch 2950/3348, Loss: 0.1387
2025-10-09 17:49:34,694 [INFO] Época 4/30, Batch 3000/3348, Loss: 0.1706
2025-10-09 17:49:34,966 [INFO] Época 4/30, Batch 3050/3348, Loss: 0.2207
2025-10-09 17:49:35,236 [INFO] Época 4/30, Batch 3100/3348, Loss: 0.2215
2025-10-09 17:49:35,508 [INFO] Época 4/30, Batch 3150/3348, Loss: 0.1937
2025-10-09 17:49:35,779 [INFO] Época 4/30, Batch 3200/3348, Loss: 0.1350
2025-10-09 17:49:36,064 [INFO] Época 4/30, Batch 3250/3348, Loss: 0.1331
2025-10-09 17:49:36,336 [INFO] Época 4/30, Batch 3300/3348, Loss: 0.1967
2025-10-09 17:49:38,134 [INFO] [4/30] Train Loss: 0.1785 | Val Loss: 0.1858 | Tempo: 20.54s
2025-10-09 17:49:38,731 [INFO] Época 5/30, Batch 50/3348, Loss: 0.1526
2025-10-09 17:49:39,007 [INFO] Época 5/30, Batch 100/3348, Loss: 0.1404
2025-10-09 17:49:39,275 [INFO] Época 5/30, Batch 150/3348, Loss: 0.1522
2025-10-09 17:49:39,539 [INFO] Época 5/30, Batch 200/3348, Loss: 0.1655
2025-10-09 17:49:39,805 [INFO] Época 5/30, Batch 250/3348, Loss: 0.2189
2025-10-09 17:49:40,073 [INFO] Época 5/30, Batch 300/3348, Loss: 0.1610
2025-10-09 17:49:40,336 [INFO] Época 5/30, Batch 350/3348, Loss: 0.1562
2025-10-09 17:49:40,599 [INFO] Época 5/30, Batch 400/3348, Loss: 0.2348
2025-10-09 17:49:40,861 [INFO] Época 5/30, Batch 450/3348, Loss: 0.2231
2025-10-09 17:49:41,123 [INFO] Época 5/30, Batch 500/3348, Loss: 0.1533
2025-10-09 17:49:41,385 [INFO] Época 5/30, Batch 550/3348, Loss: 0.1983
2025-10-09 17:49:41,644 [INFO] Época 5/30, Batch 600/3348, Loss: 0.1375
2025-10-09 17:49:41,904 [INFO] Época 5/30, Batch 650/3348, Loss: 0.1675
2025-10-09 17:49:42,161 [INFO] Época 5/30, Batch 700/3348, Loss: 0.2035
2025-10-09 17:49:42,412 [INFO] Época 5/30, Batch 750/3348, Loss: 0.1421
2025-10-09 17:49:42,655 [INFO] Época 5/30, Batch 800/3348, Loss: 0.1375
2025-10-09 17:49:42,894 [INFO] Época 5/30, Batch 850/3348, Loss: 0.1925
2025-10-09 17:49:43,130 [INFO] Época 5/30, Batch 900/3348, Loss: 0.1771
2025-10-09 17:49:43,363 [INFO] Época 5/30, Batch 950/3348, Loss: 0.2028
2025-10-09 17:49:43,616 [INFO] Época 5/30, Batch 1000/3348, Loss: 0.1117
2025-10-09 17:49:43,880 [INFO] Época 5/30, Batch 1050/3348, Loss: 0.1508
2025-10-09 17:49:44,144 [INFO] Época 5/30, Batch 1100/3348, Loss: 0.1801
2025-10-09 17:49:44,401 [INFO] Época 5/30, Batch 1150/3348, Loss: 0.2372
2025-10-09 17:49:44,658 [INFO] Época 5/30, Batch 1200/3348, Loss: 0.1860
2025-10-09 17:49:44,919 [INFO] Época 5/30, Batch 1250/3348, Loss: 0.1711
2025-10-09 17:49:45,176 [INFO] Época 5/30, Batch 1300/3348, Loss: 0.2840
2025-10-09 17:49:45,436 [INFO] Época 5/30, Batch 1350/3348, Loss: 0.1400
2025-10-09 17:49:45,691 [INFO] Época 5/30, Batch 1400/3348, Loss: 0.1568
2025-10-09 17:49:45,954 [INFO] Época 5/30, Batch 1450/3348, Loss: 0.1518
2025-10-09 17:49:46,222 [INFO] Época 5/30, Batch 1500/3348, Loss: 0.1679
2025-10-09 17:49:46,504 [INFO] Época 5/30, Batch 1550/3348, Loss: 0.2032
2025-10-09 17:49:46,791 [INFO] Época 5/30, Batch 1600/3348, Loss: 0.1435
2025-10-09 17:49:47,074 [INFO] Época 5/30, Batch 1650/3348, Loss: 0.1964
2025-10-09 17:49:47,362 [INFO] Época 5/30, Batch 1700/3348, Loss: 0.1593
2025-10-09 17:49:47,652 [INFO] Época 5/30, Batch 1750/3348, Loss: 0.1576
2025-10-09 17:49:47,936 [INFO] Época 5/30, Batch 1800/3348, Loss: 0.1577
2025-10-09 17:49:48,221 [INFO] Época 5/30, Batch 1850/3348, Loss: 0.1663
2025-10-09 17:49:48,500 [INFO] Época 5/30, Batch 1900/3348, Loss: 0.2123
2025-10-09 17:49:48,781 [INFO] Época 5/30, Batch 1950/3348, Loss: 0.1689
2025-10-09 17:49:49,062 [INFO] Época 5/30, Batch 2000/3348, Loss: 0.1929
2025-10-09 17:49:49,338 [INFO] Época 5/30, Batch 2050/3348, Loss: 0.1539
2025-10-09 17:49:49,608 [INFO] Época 5/30, Batch 2100/3348, Loss: 0.1302
2025-10-09 17:49:49,878 [INFO] Época 5/30, Batch 2150/3348, Loss: 0.1655
2025-10-09 17:49:50,148 [INFO] Época 5/30, Batch 2200/3348, Loss: 0.1353
2025-10-09 17:49:50,418 [INFO] Época 5/30, Batch 2250/3348, Loss: 0.3424
2025-10-09 17:49:50,688 [INFO] Época 5/30, Batch 2300/3348, Loss: 0.1411
2025-10-09 17:49:50,965 [INFO] Época 5/30, Batch 2350/3348, Loss: 0.1646
2025-10-09 17:49:51,244 [INFO] Época 5/30, Batch 2400/3348, Loss: 0.2249
2025-10-09 17:49:51,521 [INFO] Época 5/30, Batch 2450/3348, Loss: 0.1431
2025-10-09 17:49:51,798 [INFO] Época 5/30, Batch 2500/3348, Loss: 0.1420
2025-10-09 17:49:52,077 [INFO] Época 5/30, Batch 2550/3348, Loss: 0.2238
2025-10-09 17:49:52,355 [INFO] Época 5/30, Batch 2600/3348, Loss: 0.2089
2025-10-09 17:49:52,633 [INFO] Época 5/30, Batch 2650/3348, Loss: 0.1118
2025-10-09 17:49:52,911 [INFO] Época 5/30, Batch 2700/3348, Loss: 0.1579
2025-10-09 17:49:53,192 [INFO] Época 5/30, Batch 2750/3348, Loss: 0.1729
2025-10-09 17:49:53,469 [INFO] Época 5/30, Batch 2800/3348, Loss: 0.1446
2025-10-09 17:49:53,750 [INFO] Época 5/30, Batch 2850/3348, Loss: 0.1356
2025-10-09 17:49:54,026 [INFO] Época 5/30, Batch 2900/3348, Loss: 0.1560
2025-10-09 17:49:54,303 [INFO] Época 5/30, Batch 2950/3348, Loss: 0.2039
2025-10-09 17:49:54,579 [INFO] Época 5/30, Batch 3000/3348, Loss: 0.1572
2025-10-09 17:49:54,854 [INFO] Época 5/30, Batch 3050/3348, Loss: 0.2233
2025-10-09 17:49:55,132 [INFO] Época 5/30, Batch 3100/3348, Loss: 0.1647
2025-10-09 17:49:55,408 [INFO] Época 5/30, Batch 3150/3348, Loss: 0.1295
2025-10-09 17:49:55,685 [INFO] Época 5/30, Batch 3200/3348, Loss: 0.1737
2025-10-09 17:49:55,965 [INFO] Época 5/30, Batch 3250/3348, Loss: 0.1794
2025-10-09 17:49:56,248 [INFO] Época 5/30, Batch 3300/3348, Loss: 0.1587
2025-10-09 17:49:58,053 [INFO] [5/30] Train Loss: 0.1778 | Val Loss: 0.1851 | Tempo: 19.92s
2025-10-09 17:49:58,658 [INFO] Época 6/30, Batch 50/3348, Loss: 0.1611
2025-10-09 17:49:58,942 [INFO] Época 6/30, Batch 100/3348, Loss: 0.1639
2025-10-09 17:49:59,221 [INFO] Época 6/30, Batch 150/3348, Loss: 0.1593
2025-10-09 17:49:59,497 [INFO] Época 6/30, Batch 200/3348, Loss: 0.1358
2025-10-09 17:49:59,771 [INFO] Época 6/30, Batch 250/3348, Loss: 0.1522
2025-10-09 17:50:00,045 [INFO] Época 6/30, Batch 300/3348, Loss: 0.1920
2025-10-09 17:50:00,323 [INFO] Época 6/30, Batch 350/3348, Loss: 0.1554
2025-10-09 17:50:00,595 [INFO] Época 6/30, Batch 400/3348, Loss: 0.1420
2025-10-09 17:50:00,857 [INFO] Época 6/30, Batch 450/3348, Loss: 0.1699
2025-10-09 17:50:01,116 [INFO] Época 6/30, Batch 500/3348, Loss: 0.1436
2025-10-09 17:50:01,377 [INFO] Época 6/30, Batch 550/3348, Loss: 0.2270
2025-10-09 17:50:01,645 [INFO] Época 6/30, Batch 600/3348, Loss: 0.1246
2025-10-09 17:50:01,922 [INFO] Época 6/30, Batch 650/3348, Loss: 0.1518
2025-10-09 17:50:02,184 [INFO] Época 6/30, Batch 700/3348, Loss: 0.1310
2025-10-09 17:50:02,445 [INFO] Época 6/30, Batch 750/3348, Loss: 0.1457
2025-10-09 17:50:02,701 [INFO] Época 6/30, Batch 800/3348, Loss: 0.1294
2025-10-09 17:50:02,957 [INFO] Época 6/30, Batch 850/3348, Loss: 0.1609
2025-10-09 17:50:03,213 [INFO] Época 6/30, Batch 900/3348, Loss: 0.1794
2025-10-09 17:50:03,467 [INFO] Época 6/30, Batch 950/3348, Loss: 0.2238
2025-10-09 17:50:03,722 [INFO] Época 6/30, Batch 1000/3348, Loss: 0.1516
2025-10-09 17:50:03,976 [INFO] Época 6/30, Batch 1050/3348, Loss: 0.1783
2025-10-09 17:50:04,232 [INFO] Época 6/30, Batch 1100/3348, Loss: 0.2009
2025-10-09 17:50:04,488 [INFO] Época 6/30, Batch 1150/3348, Loss: 0.1788
2025-10-09 17:50:04,749 [INFO] Época 6/30, Batch 1200/3348, Loss: 0.1981
2025-10-09 17:50:05,008 [INFO] Época 6/30, Batch 1250/3348, Loss: 0.1720
2025-10-09 17:50:05,267 [INFO] Época 6/30, Batch 1300/3348, Loss: 0.2457
2025-10-09 17:50:05,528 [INFO] Época 6/30, Batch 1350/3348, Loss: 0.2319
2025-10-09 17:50:05,787 [INFO] Época 6/30, Batch 1400/3348, Loss: 0.1681
2025-10-09 17:50:06,047 [INFO] Época 6/30, Batch 1450/3348, Loss: 0.1755
2025-10-09 17:50:06,307 [INFO] Época 6/30, Batch 1500/3348, Loss: 0.2419
2025-10-09 17:50:06,568 [INFO] Época 6/30, Batch 1550/3348, Loss: 0.1313
2025-10-09 17:50:06,830 [INFO] Época 6/30, Batch 1600/3348, Loss: 0.1855
2025-10-09 17:50:07,092 [INFO] Época 6/30, Batch 1650/3348, Loss: 0.1732
2025-10-09 17:50:07,356 [INFO] Época 6/30, Batch 1700/3348, Loss: 0.1846
2025-10-09 17:50:07,622 [INFO] Época 6/30, Batch 1750/3348, Loss: 0.1067
2025-10-09 17:50:07,882 [INFO] Época 6/30, Batch 1800/3348, Loss: 0.1694
2025-10-09 17:50:08,143 [INFO] Época 6/30, Batch 1850/3348, Loss: 0.1601
2025-10-09 17:50:08,404 [INFO] Época 6/30, Batch 1900/3348, Loss: 0.1859
2025-10-09 17:50:08,666 [INFO] Época 6/30, Batch 1950/3348, Loss: 0.1918
2025-10-09 17:50:08,926 [INFO] Época 6/30, Batch 2000/3348, Loss: 0.1537
2025-10-09 17:50:09,185 [INFO] Época 6/30, Batch 2050/3348, Loss: 0.1534
2025-10-09 17:50:09,449 [INFO] Época 6/30, Batch 2100/3348, Loss: 0.1695
2025-10-09 17:50:09,716 [INFO] Época 6/30, Batch 2150/3348, Loss: 0.1633
2025-10-09 17:50:09,978 [INFO] Época 6/30, Batch 2200/3348, Loss: 0.1970
2025-10-09 17:50:10,241 [INFO] Época 6/30, Batch 2250/3348, Loss: 0.1924
2025-10-09 17:50:10,502 [INFO] Época 6/30, Batch 2300/3348, Loss: 0.1793
2025-10-09 17:50:10,765 [INFO] Época 6/30, Batch 2350/3348, Loss: 0.1444
2025-10-09 17:50:11,027 [INFO] Época 6/30, Batch 2400/3348, Loss: 0.1226
2025-10-09 17:50:11,289 [INFO] Época 6/30, Batch 2450/3348, Loss: 0.1923
2025-10-09 17:50:11,552 [INFO] Época 6/30, Batch 2500/3348, Loss: 0.1469
2025-10-09 17:50:11,814 [INFO] Época 6/30, Batch 2550/3348, Loss: 0.1758
2025-10-09 17:50:12,078 [INFO] Época 6/30, Batch 2600/3348, Loss: 0.1715
2025-10-09 17:50:12,339 [INFO] Época 6/30, Batch 2650/3348, Loss: 0.1491
2025-10-09 17:50:12,600 [INFO] Época 6/30, Batch 2700/3348, Loss: 0.1558
2025-10-09 17:50:12,860 [INFO] Época 6/30, Batch 2750/3348, Loss: 0.1477
2025-10-09 17:50:13,126 [INFO] Época 6/30, Batch 2800/3348, Loss: 0.1705
2025-10-09 17:50:13,388 [INFO] Época 6/30, Batch 2850/3348, Loss: 0.1408
2025-10-09 17:50:13,650 [INFO] Época 6/30, Batch 2900/3348, Loss: 0.1775
2025-10-09 17:50:13,910 [INFO] Época 6/30, Batch 2950/3348, Loss: 0.1746
2025-10-09 17:50:14,178 [INFO] Época 6/30, Batch 3000/3348, Loss: 0.1556
2025-10-09 17:50:14,447 [INFO] Época 6/30, Batch 3050/3348, Loss: 0.1535
2025-10-09 17:50:14,720 [INFO] Época 6/30, Batch 3100/3348, Loss: 0.1803
2025-10-09 17:50:14,995 [INFO] Época 6/30, Batch 3150/3348, Loss: 0.1442
2025-10-09 17:50:15,270 [INFO] Época 6/30, Batch 3200/3348, Loss: 0.1546
2025-10-09 17:50:15,547 [INFO] Época 6/30, Batch 3250/3348, Loss: 0.1444
2025-10-09 17:50:15,822 [INFO] Época 6/30, Batch 3300/3348, Loss: 0.1853
2025-10-09 17:50:17,600 [INFO] [6/30] Train Loss: 0.1772 | Val Loss: 0.2013 | Tempo: 19.55s
2025-10-09 17:50:18,194 [INFO] Época 7/30, Batch 50/3348, Loss: 0.1710
2025-10-09 17:50:18,462 [INFO] Época 7/30, Batch 100/3348, Loss: 0.1345
2025-10-09 17:50:18,728 [INFO] Época 7/30, Batch 150/3348, Loss: 0.2123
2025-10-09 17:50:18,984 [INFO] Época 7/30, Batch 200/3348, Loss: 0.1476
2025-10-09 17:50:19,240 [INFO] Época 7/30, Batch 250/3348, Loss: 0.1510
2025-10-09 17:50:19,496 [INFO] Época 7/30, Batch 300/3348, Loss: 0.1891
2025-10-09 17:50:19,748 [INFO] Época 7/30, Batch 350/3348, Loss: 0.1509
2025-10-09 17:50:19,986 [INFO] Época 7/30, Batch 400/3348, Loss: 0.1718
2025-10-09 17:50:20,222 [INFO] Época 7/30, Batch 450/3348, Loss: 0.1566
2025-10-09 17:50:20,459 [INFO] Época 7/30, Batch 500/3348, Loss: 0.2013
2025-10-09 17:50:20,693 [INFO] Época 7/30, Batch 550/3348, Loss: 0.1589
2025-10-09 17:50:20,929 [INFO] Época 7/30, Batch 600/3348, Loss: 0.1526
2025-10-09 17:50:21,166 [INFO] Época 7/30, Batch 650/3348, Loss: 0.1428
2025-10-09 17:50:21,401 [INFO] Época 7/30, Batch 700/3348, Loss: 0.1755
2025-10-09 17:50:21,635 [INFO] Época 7/30, Batch 750/3348, Loss: 0.1586
2025-10-09 17:50:21,867 [INFO] Época 7/30, Batch 800/3348, Loss: 0.1279
2025-10-09 17:50:22,097 [INFO] Época 7/30, Batch 850/3348, Loss: 0.1976
2025-10-09 17:50:22,328 [INFO] Época 7/30, Batch 900/3348, Loss: 0.1658
2025-10-09 17:50:22,558 [INFO] Época 7/30, Batch 950/3348, Loss: 0.1510
2025-10-09 17:50:22,789 [INFO] Época 7/30, Batch 1000/3348, Loss: 0.1678
2025-10-09 17:50:23,019 [INFO] Época 7/30, Batch 1050/3348, Loss: 0.1480
2025-10-09 17:50:23,251 [INFO] Época 7/30, Batch 1100/3348, Loss: 0.1974
2025-10-09 17:50:23,496 [INFO] Época 7/30, Batch 1150/3348, Loss: 0.1578
2025-10-09 17:50:23,743 [INFO] Época 7/30, Batch 1200/3348, Loss: 0.1945
2025-10-09 17:50:23,990 [INFO] Época 7/30, Batch 1250/3348, Loss: 0.1374
2025-10-09 17:50:24,239 [INFO] Época 7/30, Batch 1300/3348, Loss: 0.1726
2025-10-09 17:50:24,491 [INFO] Época 7/30, Batch 1350/3348, Loss: 0.1105
2025-10-09 17:50:24,750 [INFO] Época 7/30, Batch 1400/3348, Loss: 0.1699
2025-10-09 17:50:25,016 [INFO] Época 7/30, Batch 1450/3348, Loss: 0.1905
2025-10-09 17:50:25,285 [INFO] Época 7/30, Batch 1500/3348, Loss: 0.2188
2025-10-09 17:50:25,556 [INFO] Época 7/30, Batch 1550/3348, Loss: 0.1782
2025-10-09 17:50:25,813 [INFO] Época 7/30, Batch 1600/3348, Loss: 0.1553
2025-10-09 17:50:26,072 [INFO] Época 7/30, Batch 1650/3348, Loss: 0.1135
2025-10-09 17:50:26,327 [INFO] Época 7/30, Batch 1700/3348, Loss: 0.1791
2025-10-09 17:50:26,581 [INFO] Época 7/30, Batch 1750/3348, Loss: 0.1432
2025-10-09 17:50:26,835 [INFO] Época 7/30, Batch 1800/3348, Loss: 0.1667
2025-10-09 17:50:27,090 [INFO] Época 7/30, Batch 1850/3348, Loss: 0.1757
2025-10-09 17:50:27,345 [INFO] Época 7/30, Batch 1900/3348, Loss: 0.2117
2025-10-09 17:50:27,602 [INFO] Época 7/30, Batch 1950/3348, Loss: 0.1759
2025-10-09 17:50:27,860 [INFO] Época 7/30, Batch 2000/3348, Loss: 0.1458
2025-10-09 17:50:28,116 [INFO] Época 7/30, Batch 2050/3348, Loss: 0.1855
2025-10-09 17:50:28,372 [INFO] Época 7/30, Batch 2100/3348, Loss: 0.1650
2025-10-09 17:50:28,630 [INFO] Época 7/30, Batch 2150/3348, Loss: 0.1374
2025-10-09 17:50:28,888 [INFO] Época 7/30, Batch 2200/3348, Loss: 0.2055
2025-10-09 17:50:29,142 [INFO] Época 7/30, Batch 2250/3348, Loss: 0.1492
2025-10-09 17:50:29,396 [INFO] Época 7/30, Batch 2300/3348, Loss: 0.1463
2025-10-09 17:50:29,652 [INFO] Época 7/30, Batch 2350/3348, Loss: 0.1344
2025-10-09 17:50:29,909 [INFO] Época 7/30, Batch 2400/3348, Loss: 0.1653
2025-10-09 17:50:30,166 [INFO] Época 7/30, Batch 2450/3348, Loss: 0.2166
2025-10-09 17:50:30,421 [INFO] Época 7/30, Batch 2500/3348, Loss: 0.2084
2025-10-09 17:50:30,676 [INFO] Época 7/30, Batch 2550/3348, Loss: 0.2179
2025-10-09 17:50:30,933 [INFO] Época 7/30, Batch 2600/3348, Loss: 0.2039
2025-10-09 17:50:31,188 [INFO] Época 7/30, Batch 2650/3348, Loss: 0.1382
2025-10-09 17:50:31,444 [INFO] Época 7/30, Batch 2700/3348, Loss: 0.1738
2025-10-09 17:50:31,701 [INFO] Época 7/30, Batch 2750/3348, Loss: 0.1965
2025-10-09 17:50:31,956 [INFO] Época 7/30, Batch 2800/3348, Loss: 0.1718
2025-10-09 17:50:32,212 [INFO] Época 7/30, Batch 2850/3348, Loss: 0.1797
2025-10-09 17:50:32,467 [INFO] Época 7/30, Batch 2900/3348, Loss: 0.1742
2025-10-09 17:50:32,725 [INFO] Época 7/30, Batch 2950/3348, Loss: 0.1498
2025-10-09 17:50:32,980 [INFO] Época 7/30, Batch 3000/3348, Loss: 0.1425
2025-10-09 17:50:33,235 [INFO] Época 7/30, Batch 3050/3348, Loss: 0.1498
2025-10-09 17:50:33,490 [INFO] Época 7/30, Batch 3100/3348, Loss: 0.1676
2025-10-09 17:50:33,749 [INFO] Época 7/30, Batch 3150/3348, Loss: 0.1575
2025-10-09 17:50:34,006 [INFO] Época 7/30, Batch 3200/3348, Loss: 0.1586
2025-10-09 17:50:34,262 [INFO] Época 7/30, Batch 3250/3348, Loss: 0.1707
2025-10-09 17:50:34,516 [INFO] Época 7/30, Batch 3300/3348, Loss: 0.2080
2025-10-09 17:50:36,422 [INFO] [7/30] Train Loss: 0.1767 | Val Loss: 0.1920 | Tempo: 18.82s
2025-10-09 17:50:37,011 [INFO] Época 8/30, Batch 50/3348, Loss: 0.1505
2025-10-09 17:50:37,277 [INFO] Época 8/30, Batch 100/3348, Loss: 0.1866
2025-10-09 17:50:37,544 [INFO] Época 8/30, Batch 150/3348, Loss: 0.1378
2025-10-09 17:50:37,805 [INFO] Época 8/30, Batch 200/3348, Loss: 0.1766
2025-10-09 17:50:38,067 [INFO] Época 8/30, Batch 250/3348, Loss: 0.1324
2025-10-09 17:50:38,330 [INFO] Época 8/30, Batch 300/3348, Loss: 0.1933
2025-10-09 17:50:38,591 [INFO] Época 8/30, Batch 350/3348, Loss: 0.1931
2025-10-09 17:50:38,852 [INFO] Época 8/30, Batch 400/3348, Loss: 0.1559
2025-10-09 17:50:39,114 [INFO] Época 8/30, Batch 450/3348, Loss: 0.1876
2025-10-09 17:50:39,374 [INFO] Época 8/30, Batch 500/3348, Loss: 0.1508
2025-10-09 17:50:39,637 [INFO] Época 8/30, Batch 550/3348, Loss: 0.1529
2025-10-09 17:50:39,899 [INFO] Época 8/30, Batch 600/3348, Loss: 0.1684
2025-10-09 17:50:40,161 [INFO] Época 8/30, Batch 650/3348, Loss: 0.1861
2025-10-09 17:50:40,424 [INFO] Época 8/30, Batch 700/3348, Loss: 0.1071
2025-10-09 17:50:40,674 [INFO] Época 8/30, Batch 750/3348, Loss: 0.1555
2025-10-09 17:50:40,924 [INFO] Época 8/30, Batch 800/3348, Loss: 0.1307
2025-10-09 17:50:41,172 [INFO] Época 8/30, Batch 850/3348, Loss: 0.2497
2025-10-09 17:50:41,428 [INFO] Época 8/30, Batch 900/3348, Loss: 0.1663
2025-10-09 17:50:41,682 [INFO] Época 8/30, Batch 950/3348, Loss: 0.1545
2025-10-09 17:50:41,935 [INFO] Época 8/30, Batch 1000/3348, Loss: 0.1370
2025-10-09 17:50:42,189 [INFO] Época 8/30, Batch 1050/3348, Loss: 0.3250
2025-10-09 17:50:42,443 [INFO] Época 8/30, Batch 1100/3348, Loss: 0.1659
2025-10-09 17:50:42,704 [INFO] Época 8/30, Batch 1150/3348, Loss: 0.1242
2025-10-09 17:50:42,968 [INFO] Época 8/30, Batch 1200/3348, Loss: 0.1415
2025-10-09 17:50:43,227 [INFO] Época 8/30, Batch 1250/3348, Loss: 0.1462
2025-10-09 17:50:43,487 [INFO] Época 8/30, Batch 1300/3348, Loss: 0.1682
2025-10-09 17:50:43,745 [INFO] Época 8/30, Batch 1350/3348, Loss: 0.1646
2025-10-09 17:50:44,005 [INFO] Época 8/30, Batch 1400/3348, Loss: 0.1603
2025-10-09 17:50:44,264 [INFO] Época 8/30, Batch 1450/3348, Loss: 0.1738
2025-10-09 17:50:44,522 [INFO] Época 8/30, Batch 1500/3348, Loss: 0.1884
2025-10-09 17:50:44,781 [INFO] Época 8/30, Batch 1550/3348, Loss: 0.1791
2025-10-09 17:50:45,040 [INFO] Época 8/30, Batch 1600/3348, Loss: 0.1364
2025-10-09 17:50:45,298 [INFO] Época 8/30, Batch 1650/3348, Loss: 0.1388
2025-10-09 17:50:45,559 [INFO] Época 8/30, Batch 1700/3348, Loss: 0.1810
2025-10-09 17:50:45,816 [INFO] Época 8/30, Batch 1750/3348, Loss: 0.1374
2025-10-09 17:50:46,076 [INFO] Época 8/30, Batch 1800/3348, Loss: 0.1616
2025-10-09 17:50:46,332 [INFO] Época 8/30, Batch 1850/3348, Loss: 0.1831
2025-10-09 17:50:46,590 [INFO] Época 8/30, Batch 1900/3348, Loss: 0.1413
2025-10-09 17:50:46,851 [INFO] Época 8/30, Batch 1950/3348, Loss: 0.1783
2025-10-09 17:50:47,109 [INFO] Época 8/30, Batch 2000/3348, Loss: 0.2332
2025-10-09 17:50:47,370 [INFO] Época 8/30, Batch 2050/3348, Loss: 0.2429
2025-10-09 17:50:47,630 [INFO] Época 8/30, Batch 2100/3348, Loss: 0.2018
2025-10-09 17:50:47,891 [INFO] Época 8/30, Batch 2150/3348, Loss: 0.1573
2025-10-09 17:50:48,154 [INFO] Época 8/30, Batch 2200/3348, Loss: 0.1957
2025-10-09 17:50:48,412 [INFO] Época 8/30, Batch 2250/3348, Loss: 0.1130
2025-10-09 17:50:48,672 [INFO] Época 8/30, Batch 2300/3348, Loss: 0.1859
2025-10-09 17:50:48,934 [INFO] Época 8/30, Batch 2350/3348, Loss: 0.1963
2025-10-09 17:50:49,195 [INFO] Época 8/30, Batch 2400/3348, Loss: 0.1882
2025-10-09 17:50:49,459 [INFO] Época 8/30, Batch 2450/3348, Loss: 0.1682
2025-10-09 17:50:49,723 [INFO] Época 8/30, Batch 2500/3348, Loss: 0.1762
2025-10-09 17:50:49,983 [INFO] Época 8/30, Batch 2550/3348, Loss: 0.1462
2025-10-09 17:50:50,245 [INFO] Época 8/30, Batch 2600/3348, Loss: 0.1510
2025-10-09 17:50:50,505 [INFO] Época 8/30, Batch 2650/3348, Loss: 0.2643
2025-10-09 17:50:50,769 [INFO] Época 8/30, Batch 2700/3348, Loss: 0.1439
2025-10-09 17:50:51,031 [INFO] Época 8/30, Batch 2750/3348, Loss: 0.1937
2025-10-09 17:50:51,291 [INFO] Época 8/30, Batch 2800/3348, Loss: 0.1379
2025-10-09 17:50:51,551 [INFO] Época 8/30, Batch 2850/3348, Loss: 0.1711
2025-10-09 17:50:51,808 [INFO] Época 8/30, Batch 2900/3348, Loss: 0.1362
2025-10-09 17:50:52,067 [INFO] Época 8/30, Batch 2950/3348, Loss: 0.1276
2025-10-09 17:50:52,325 [INFO] Época 8/30, Batch 3000/3348, Loss: 0.1633
2025-10-09 17:50:52,584 [INFO] Época 8/30, Batch 3050/3348, Loss: 0.1284
2025-10-09 17:50:52,848 [INFO] Época 8/30, Batch 3100/3348, Loss: 0.1687
2025-10-09 17:50:53,106 [INFO] Época 8/30, Batch 3150/3348, Loss: 0.1874
2025-10-09 17:50:53,364 [INFO] Época 8/30, Batch 3200/3348, Loss: 0.1518
2025-10-09 17:50:53,621 [INFO] Época 8/30, Batch 3250/3348, Loss: 0.1194
2025-10-09 17:50:53,880 [INFO] Época 8/30, Batch 3300/3348, Loss: 0.1604
2025-10-09 17:50:55,655 [INFO] [8/30] Train Loss: 0.1762 | Val Loss: 0.2073 | Tempo: 19.23s
2025-10-09 17:50:56,251 [INFO] Época 9/30, Batch 50/3348, Loss: 0.1579
2025-10-09 17:50:56,514 [INFO] Época 9/30, Batch 100/3348, Loss: 0.1901
2025-10-09 17:50:56,774 [INFO] Época 9/30, Batch 150/3348, Loss: 0.1652
2025-10-09 17:50:57,033 [INFO] Época 9/30, Batch 200/3348, Loss: 0.1756
2025-10-09 17:50:57,275 [INFO] Época 9/30, Batch 250/3348, Loss: 0.1559
2025-10-09 17:50:57,514 [INFO] Época 9/30, Batch 300/3348, Loss: 0.1238
2025-10-09 17:50:57,759 [INFO] Época 9/30, Batch 350/3348, Loss: 0.1759
2025-10-09 17:50:58,006 [INFO] Época 9/30, Batch 400/3348, Loss: 0.1905
2025-10-09 17:50:58,249 [INFO] Época 9/30, Batch 450/3348, Loss: 0.1887
2025-10-09 17:50:58,483 [INFO] Época 9/30, Batch 500/3348, Loss: 0.1474
2025-10-09 17:50:58,719 [INFO] Época 9/30, Batch 550/3348, Loss: 0.1565
2025-10-09 17:50:58,952 [INFO] Época 9/30, Batch 600/3348, Loss: 0.1917
2025-10-09 17:50:59,185 [INFO] Época 9/30, Batch 650/3348, Loss: 0.1232
2025-10-09 17:50:59,419 [INFO] Época 9/30, Batch 700/3348, Loss: 0.1609
2025-10-09 17:50:59,648 [INFO] Época 9/30, Batch 750/3348, Loss: 0.1859
2025-10-09 17:50:59,880 [INFO] Época 9/30, Batch 800/3348, Loss: 0.1553
2025-10-09 17:51:00,111 [INFO] Época 9/30, Batch 850/3348, Loss: 0.1508
2025-10-09 17:51:00,343 [INFO] Época 9/30, Batch 900/3348, Loss: 0.2543
2025-10-09 17:51:00,581 [INFO] Época 9/30, Batch 950/3348, Loss: 0.1982
2025-10-09 17:51:00,829 [INFO] Época 9/30, Batch 1000/3348, Loss: 0.1533
2025-10-09 17:51:01,083 [INFO] Época 9/30, Batch 1050/3348, Loss: 0.1373
2025-10-09 17:51:01,337 [INFO] Época 9/30, Batch 1100/3348, Loss: 0.1316
2025-10-09 17:51:01,592 [INFO] Época 9/30, Batch 1150/3348, Loss: 0.1670
2025-10-09 17:51:01,851 [INFO] Época 9/30, Batch 1200/3348, Loss: 0.1273
2025-10-09 17:51:02,098 [INFO] Época 9/30, Batch 1250/3348, Loss: 0.1566
2025-10-09 17:51:02,344 [INFO] Época 9/30, Batch 1300/3348, Loss: 0.1742
2025-10-09 17:51:02,596 [INFO] Época 9/30, Batch 1350/3348, Loss: 0.1368
2025-10-09 17:51:02,850 [INFO] Época 9/30, Batch 1400/3348, Loss: 0.1285
2025-10-09 17:51:03,106 [INFO] Época 9/30, Batch 1450/3348, Loss: 0.3146
2025-10-09 17:51:03,357 [INFO] Época 9/30, Batch 1500/3348, Loss: 0.1295
2025-10-09 17:51:03,611 [INFO] Época 9/30, Batch 1550/3348, Loss: 0.2222
2025-10-09 17:51:03,866 [INFO] Época 9/30, Batch 1600/3348, Loss: 0.1533
2025-10-09 17:51:04,124 [INFO] Época 9/30, Batch 1650/3348, Loss: 0.1531
2025-10-09 17:51:04,381 [INFO] Época 9/30, Batch 1700/3348, Loss: 0.1555
2025-10-09 17:51:04,637 [INFO] Época 9/30, Batch 1750/3348, Loss: 0.1536
2025-10-09 17:51:04,892 [INFO] Época 9/30, Batch 1800/3348, Loss: 0.1525
2025-10-09 17:51:05,150 [INFO] Época 9/30, Batch 1850/3348, Loss: 0.1635
2025-10-09 17:51:05,407 [INFO] Época 9/30, Batch 1900/3348, Loss: 0.1372
2025-10-09 17:51:05,664 [INFO] Época 9/30, Batch 1950/3348, Loss: 0.1716
2025-10-09 17:51:05,922 [INFO] Época 9/30, Batch 2000/3348, Loss: 0.2219
2025-10-09 17:51:06,181 [INFO] Época 9/30, Batch 2050/3348, Loss: 0.1389
2025-10-09 17:51:06,439 [INFO] Época 9/30, Batch 2100/3348, Loss: 0.1184
2025-10-09 17:51:06,697 [INFO] Época 9/30, Batch 2150/3348, Loss: 0.1410
2025-10-09 17:51:06,956 [INFO] Época 9/30, Batch 2200/3348, Loss: 0.1592
2025-10-09 17:51:07,215 [INFO] Época 9/30, Batch 2250/3348, Loss: 0.0951
2025-10-09 17:51:07,471 [INFO] Época 9/30, Batch 2300/3348, Loss: 0.2072
2025-10-09 17:51:07,728 [INFO] Época 9/30, Batch 2350/3348, Loss: 0.2065
2025-10-09 17:51:07,986 [INFO] Época 9/30, Batch 2400/3348, Loss: 0.1448
2025-10-09 17:51:08,242 [INFO] Época 9/30, Batch 2450/3348, Loss: 0.1336
2025-10-09 17:51:08,502 [INFO] Época 9/30, Batch 2500/3348, Loss: 0.1383
2025-10-09 17:51:08,758 [INFO] Época 9/30, Batch 2550/3348, Loss: 0.1923
2025-10-09 17:51:09,017 [INFO] Época 9/30, Batch 2600/3348, Loss: 0.1697
2025-10-09 17:51:09,275 [INFO] Época 9/30, Batch 2650/3348, Loss: 0.1672
2025-10-09 17:51:09,532 [INFO] Época 9/30, Batch 2700/3348, Loss: 0.1719
2025-10-09 17:51:09,791 [INFO] Época 9/30, Batch 2750/3348, Loss: 0.2320
2025-10-09 17:51:10,053 [INFO] Época 9/30, Batch 2800/3348, Loss: 0.1724
2025-10-09 17:51:10,313 [INFO] Época 9/30, Batch 2850/3348, Loss: 0.1809
2025-10-09 17:51:10,572 [INFO] Época 9/30, Batch 2900/3348, Loss: 0.1680
2025-10-09 17:51:10,834 [INFO] Época 9/30, Batch 2950/3348, Loss: 0.1331
2025-10-09 17:51:11,094 [INFO] Época 9/30, Batch 3000/3348, Loss: 0.1629
2025-10-09 17:51:11,352 [INFO] Época 9/30, Batch 3050/3348, Loss: 0.2771
2025-10-09 17:51:11,609 [INFO] Época 9/30, Batch 3100/3348, Loss: 0.1753
2025-10-09 17:51:11,868 [INFO] Época 9/30, Batch 3150/3348, Loss: 0.1346
2025-10-09 17:51:12,128 [INFO] Época 9/30, Batch 3200/3348, Loss: 0.1363
2025-10-09 17:51:12,388 [INFO] Época 9/30, Batch 3250/3348, Loss: 0.2148
2025-10-09 17:51:12,647 [INFO] Época 9/30, Batch 3300/3348, Loss: 0.1580
2025-10-09 17:51:14,517 [INFO] [9/30] Train Loss: 0.1757 | Val Loss: 0.1934 | Tempo: 18.86s
2025-10-09 17:51:15,118 [INFO] Época 10/30, Batch 50/3348, Loss: 0.2424
2025-10-09 17:51:15,385 [INFO] Época 10/30, Batch 100/3348, Loss: 0.1276
2025-10-09 17:51:15,647 [INFO] Época 10/30, Batch 150/3348, Loss: 0.1202
2025-10-09 17:51:15,914 [INFO] Época 10/30, Batch 200/3348, Loss: 0.2205
2025-10-09 17:51:16,179 [INFO] Época 10/30, Batch 250/3348, Loss: 0.1498
2025-10-09 17:51:16,440 [INFO] Época 10/30, Batch 300/3348, Loss: 0.1416
2025-10-09 17:51:16,701 [INFO] Época 10/30, Batch 350/3348, Loss: 0.1855
2025-10-09 17:51:16,969 [INFO] Época 10/30, Batch 400/3348, Loss: 0.1351
2025-10-09 17:51:17,230 [INFO] Época 10/30, Batch 450/3348, Loss: 0.1416
2025-10-09 17:51:17,491 [INFO] Época 10/30, Batch 500/3348, Loss: 0.1292
2025-10-09 17:51:17,750 [INFO] Época 10/30, Batch 550/3348, Loss: 0.1438
2025-10-09 17:51:18,013 [INFO] Época 10/30, Batch 600/3348, Loss: 3.1042
2025-10-09 17:51:18,274 [INFO] Época 10/30, Batch 650/3348, Loss: 0.1903
2025-10-09 17:51:18,532 [INFO] Época 10/30, Batch 700/3348, Loss: 0.1609
2025-10-09 17:51:18,786 [INFO] Época 10/30, Batch 750/3348, Loss: 0.2187
2025-10-09 17:51:19,045 [INFO] Época 10/30, Batch 800/3348, Loss: 0.1789
2025-10-09 17:51:19,301 [INFO] Época 10/30, Batch 850/3348, Loss: 0.1146
2025-10-09 17:51:19,555 [INFO] Época 10/30, Batch 900/3348, Loss: 0.1930
2025-10-09 17:51:19,808 [INFO] Época 10/30, Batch 950/3348, Loss: 0.2231
2025-10-09 17:51:20,063 [INFO] Época 10/30, Batch 1000/3348, Loss: 0.1677
2025-10-09 17:51:20,317 [INFO] Época 10/30, Batch 1050/3348, Loss: 0.1565
2025-10-09 17:51:20,576 [INFO] Época 10/30, Batch 1100/3348, Loss: 0.1631
2025-10-09 17:51:20,839 [INFO] Época 10/30, Batch 1150/3348, Loss: 0.1994
2025-10-09 17:51:21,102 [INFO] Época 10/30, Batch 1200/3348, Loss: 0.1192
2025-10-09 17:51:21,366 [INFO] Época 10/30, Batch 1250/3348, Loss: 0.1913
2025-10-09 17:51:21,629 [INFO] Época 10/30, Batch 1300/3348, Loss: 0.1593
2025-10-09 17:51:21,888 [INFO] Época 10/30, Batch 1350/3348, Loss: 0.1378
2025-10-09 17:51:22,147 [INFO] Época 10/30, Batch 1400/3348, Loss: 0.1704
2025-10-09 17:51:22,406 [INFO] Época 10/30, Batch 1450/3348, Loss: 0.1291
2025-10-09 17:51:22,667 [INFO] Época 10/30, Batch 1500/3348, Loss: 0.0950
2025-10-09 17:51:22,926 [INFO] Época 10/30, Batch 1550/3348, Loss: 0.1897
2025-10-09 17:51:23,186 [INFO] Época 10/30, Batch 1600/3348, Loss: 0.1741
2025-10-09 17:51:23,445 [INFO] Época 10/30, Batch 1650/3348, Loss: 0.1442
2025-10-09 17:51:23,707 [INFO] Época 10/30, Batch 1700/3348, Loss: 0.1811
2025-10-09 17:51:23,968 [INFO] Época 10/30, Batch 1750/3348, Loss: 0.2047
2025-10-09 17:51:24,230 [INFO] Época 10/30, Batch 1800/3348, Loss: 0.1727
2025-10-09 17:51:24,493 [INFO] Época 10/30, Batch 1850/3348, Loss: 0.1363
2025-10-09 17:51:24,752 [INFO] Época 10/30, Batch 1900/3348, Loss: 0.2124
2025-10-09 17:51:25,013 [INFO] Época 10/30, Batch 1950/3348, Loss: 0.1549
2025-10-09 17:51:25,272 [INFO] Época 10/30, Batch 2000/3348, Loss: 0.1580
2025-10-09 17:51:25,533 [INFO] Época 10/30, Batch 2050/3348, Loss: 0.1856
2025-10-09 17:51:25,792 [INFO] Época 10/30, Batch 2100/3348, Loss: 0.1553
2025-10-09 17:51:26,050 [INFO] Época 10/30, Batch 2150/3348, Loss: 0.1318
2025-10-09 17:51:26,312 [INFO] Época 10/30, Batch 2200/3348, Loss: 0.1461
2025-10-09 17:51:26,573 [INFO] Época 10/30, Batch 2250/3348, Loss: 0.1705
2025-10-09 17:51:26,838 [INFO] Época 10/30, Batch 2300/3348, Loss: 0.4017
2025-10-09 17:51:27,099 [INFO] Época 10/30, Batch 2350/3348, Loss: 0.1355
2025-10-09 17:51:27,356 [INFO] Época 10/30, Batch 2400/3348, Loss: 0.1651
2025-10-09 17:51:27,615 [INFO] Época 10/30, Batch 2450/3348, Loss: 0.1432
2025-10-09 17:51:27,876 [INFO] Época 10/30, Batch 2500/3348, Loss: 0.2139
2025-10-09 17:51:28,138 [INFO] Época 10/30, Batch 2550/3348, Loss: 0.1409
2025-10-09 17:51:28,398 [INFO] Época 10/30, Batch 2600/3348, Loss: 0.1172
2025-10-09 17:51:28,657 [INFO] Época 10/30, Batch 2650/3348, Loss: 0.1547
2025-10-09 17:51:28,916 [INFO] Época 10/30, Batch 2700/3348, Loss: 0.1688
2025-10-09 17:51:29,176 [INFO] Época 10/30, Batch 2750/3348, Loss: 0.1437
2025-10-09 17:51:29,436 [INFO] Época 10/30, Batch 2800/3348, Loss: 0.1994
2025-10-09 17:51:29,695 [INFO] Época 10/30, Batch 2850/3348, Loss: 0.1842
2025-10-09 17:51:29,953 [INFO] Época 10/30, Batch 2900/3348, Loss: 0.1725
2025-10-09 17:51:30,210 [INFO] Época 10/30, Batch 2950/3348, Loss: 0.1770
2025-10-09 17:51:30,469 [INFO] Época 10/30, Batch 3000/3348, Loss: 0.1563
2025-10-09 17:51:30,729 [INFO] Época 10/30, Batch 3050/3348, Loss: 0.1512
2025-10-09 17:51:30,989 [INFO] Época 10/30, Batch 3100/3348, Loss: 0.1403
2025-10-09 17:51:31,249 [INFO] Época 10/30, Batch 3150/3348, Loss: 0.1831
2025-10-09 17:51:31,507 [INFO] Época 10/30, Batch 3200/3348, Loss: 0.1546
2025-10-09 17:51:31,766 [INFO] Época 10/30, Batch 3250/3348, Loss: 0.1453
2025-10-09 17:51:32,030 [INFO] Época 10/30, Batch 3300/3348, Loss: 0.2042
2025-10-09 17:51:33,827 [INFO] [10/30] Train Loss: 0.1754 | Val Loss: 0.2019 | Tempo: 19.31s
2025-10-09 17:51:34,415 [INFO] Época 11/30, Batch 50/3348, Loss: 0.1587
2025-10-09 17:51:34,657 [INFO] Época 11/30, Batch 100/3348, Loss: 0.1787
2025-10-09 17:51:34,894 [INFO] Época 11/30, Batch 150/3348, Loss: 0.1454
2025-10-09 17:51:35,132 [INFO] Época 11/30, Batch 200/3348, Loss: 0.1785
2025-10-09 17:51:35,369 [INFO] Época 11/30, Batch 250/3348, Loss: 0.1753
2025-10-09 17:51:35,604 [INFO] Época 11/30, Batch 300/3348, Loss: 0.1634
2025-10-09 17:51:35,839 [INFO] Época 11/30, Batch 350/3348, Loss: 0.1554
2025-10-09 17:51:36,074 [INFO] Época 11/30, Batch 400/3348, Loss: 0.1324
2025-10-09 17:51:36,309 [INFO] Época 11/30, Batch 450/3348, Loss: 0.1633
2025-10-09 17:51:36,546 [INFO] Época 11/30, Batch 500/3348, Loss: 0.1632
2025-10-09 17:51:36,782 [INFO] Época 11/30, Batch 550/3348, Loss: 0.2235
2025-10-09 17:51:37,015 [INFO] Época 11/30, Batch 600/3348, Loss: 0.1417
2025-10-09 17:51:37,250 [INFO] Época 11/30, Batch 650/3348, Loss: 0.1645
2025-10-09 17:51:37,484 [INFO] Época 11/30, Batch 700/3348, Loss: 0.2030
2025-10-09 17:51:37,721 [INFO] Época 11/30, Batch 750/3348, Loss: 0.1500
2025-10-09 17:51:37,959 [INFO] Época 11/30, Batch 800/3348, Loss: 0.1575
2025-10-09 17:51:38,204 [INFO] Época 11/30, Batch 850/3348, Loss: 0.1834
2025-10-09 17:51:38,460 [INFO] Época 11/30, Batch 900/3348, Loss: 0.1379
2025-10-09 17:51:38,715 [INFO] Época 11/30, Batch 950/3348, Loss: 0.1714
2025-10-09 17:51:38,971 [INFO] Época 11/30, Batch 1000/3348, Loss: 0.1793
2025-10-09 17:51:39,224 [INFO] Época 11/30, Batch 1050/3348, Loss: 0.1776
2025-10-09 17:51:39,471 [INFO] Época 11/30, Batch 1100/3348, Loss: 0.1412
2025-10-09 17:51:39,718 [INFO] Época 11/30, Batch 1150/3348, Loss: 0.1433
2025-10-09 17:51:39,966 [INFO] Época 11/30, Batch 1200/3348, Loss: 0.1702
2025-10-09 17:51:40,213 [INFO] Época 11/30, Batch 1250/3348, Loss: 0.1698
2025-10-09 17:51:40,463 [INFO] Época 11/30, Batch 1300/3348, Loss: 0.1467
2025-10-09 17:51:40,718 [INFO] Época 11/30, Batch 1350/3348, Loss: 0.1551
2025-10-09 17:51:40,974 [INFO] Época 11/30, Batch 1400/3348, Loss: 0.2237
2025-10-09 17:51:41,231 [INFO] Época 11/30, Batch 1450/3348, Loss: 0.1123
2025-10-09 17:51:41,487 [INFO] Época 11/30, Batch 1500/3348, Loss: 0.1380
2025-10-09 17:51:41,743 [INFO] Época 11/30, Batch 1550/3348, Loss: 0.1663
2025-10-09 17:51:41,999 [INFO] Época 11/30, Batch 1600/3348, Loss: 0.1377
2025-10-09 17:51:42,254 [INFO] Época 11/30, Batch 1650/3348, Loss: 0.1790
2025-10-09 17:51:42,511 [INFO] Época 11/30, Batch 1700/3348, Loss: 0.2050
2025-10-09 17:51:42,768 [INFO] Época 11/30, Batch 1750/3348, Loss: 0.1303
2025-10-09 17:51:43,026 [INFO] Época 11/30, Batch 1800/3348, Loss: 0.1822
2025-10-09 17:51:43,284 [INFO] Época 11/30, Batch 1850/3348, Loss: 0.1475
2025-10-09 17:51:43,540 [INFO] Época 11/30, Batch 1900/3348, Loss: 0.1485
2025-10-09 17:51:43,798 [INFO] Época 11/30, Batch 1950/3348, Loss: 0.1494
2025-10-09 17:51:44,055 [INFO] Época 11/30, Batch 2000/3348, Loss: 0.1981
2025-10-09 17:51:44,311 [INFO] Época 11/30, Batch 2050/3348, Loss: 0.1888
2025-10-09 17:51:44,567 [INFO] Época 11/30, Batch 2100/3348, Loss: 0.1625
2025-10-09 17:51:44,824 [INFO] Época 11/30, Batch 2150/3348, Loss: 0.1421
2025-10-09 17:51:45,081 [INFO] Época 11/30, Batch 2200/3348, Loss: 0.1585
2025-10-09 17:51:45,336 [INFO] Época 11/30, Batch 2250/3348, Loss: 0.1463
2025-10-09 17:51:45,592 [INFO] Época 11/30, Batch 2300/3348, Loss: 0.1616
2025-10-09 17:51:45,846 [INFO] Época 11/30, Batch 2350/3348, Loss: 0.1771
2025-10-09 17:51:46,101 [INFO] Época 11/30, Batch 2400/3348, Loss: 0.1488
2025-10-09 17:51:46,356 [INFO] Época 11/30, Batch 2450/3348, Loss: 0.1640
2025-10-09 17:51:46,610 [INFO] Época 11/30, Batch 2500/3348, Loss: 0.1847
2025-10-09 17:51:46,867 [INFO] Época 11/30, Batch 2550/3348, Loss: 0.1805
2025-10-09 17:51:47,124 [INFO] Época 11/30, Batch 2600/3348, Loss: 0.1564
2025-10-09 17:51:47,381 [INFO] Época 11/30, Batch 2650/3348, Loss: 0.1339
2025-10-09 17:51:47,638 [INFO] Época 11/30, Batch 2700/3348, Loss: 0.2050
2025-10-09 17:51:47,896 [INFO] Época 11/30, Batch 2750/3348, Loss: 0.1812
2025-10-09 17:51:48,154 [INFO] Época 11/30, Batch 2800/3348, Loss: 0.1655
2025-10-09 17:51:48,412 [INFO] Época 11/30, Batch 2850/3348, Loss: 0.1628
2025-10-09 17:51:48,670 [INFO] Época 11/30, Batch 2900/3348, Loss: 0.2029
2025-10-09 17:51:48,932 [INFO] Época 11/30, Batch 2950/3348, Loss: 0.1934
2025-10-09 17:51:49,193 [INFO] Época 11/30, Batch 3000/3348, Loss: 0.1470
2025-10-09 17:51:49,455 [INFO] Época 11/30, Batch 3050/3348, Loss: 0.1614
2025-10-09 17:51:49,718 [INFO] Época 11/30, Batch 3100/3348, Loss: 0.2073
2025-10-09 17:51:49,976 [INFO] Época 11/30, Batch 3150/3348, Loss: 0.1653
2025-10-09 17:51:50,238 [INFO] Época 11/30, Batch 3200/3348, Loss: 0.1637
2025-10-09 17:51:50,502 [INFO] Época 11/30, Batch 3250/3348, Loss: 0.2175
2025-10-09 17:51:50,760 [INFO] Época 11/30, Batch 3300/3348, Loss: 0.1444
2025-10-09 17:51:52,613 [INFO] [11/30] Train Loss: 0.1751 | Val Loss: 0.1865 | Tempo: 18.79s
2025-10-09 17:51:53,217 [INFO] Época 12/30, Batch 50/3348, Loss: 0.1790
2025-10-09 17:51:53,484 [INFO] Época 12/30, Batch 100/3348, Loss: 0.1989
2025-10-09 17:51:53,750 [INFO] Época 12/30, Batch 150/3348, Loss: 0.1721
2025-10-09 17:51:54,009 [INFO] Época 12/30, Batch 200/3348, Loss: 3.1306
2025-10-09 17:51:54,270 [INFO] Época 12/30, Batch 250/3348, Loss: 0.1453
2025-10-09 17:51:54,534 [INFO] Época 12/30, Batch 300/3348, Loss: 0.1645
2025-10-09 17:51:54,796 [INFO] Época 12/30, Batch 350/3348, Loss: 0.1826
2025-10-09 17:51:55,057 [INFO] Época 12/30, Batch 400/3348, Loss: 0.1870
2025-10-09 17:51:55,318 [INFO] Época 12/30, Batch 450/3348, Loss: 0.2076
2025-10-09 17:51:55,575 [INFO] Época 12/30, Batch 500/3348, Loss: 0.1790
2025-10-09 17:51:55,837 [INFO] Época 12/30, Batch 550/3348, Loss: 0.1467
2025-10-09 17:51:56,097 [INFO] Época 12/30, Batch 600/3348, Loss: 0.1726
2025-10-09 17:51:56,357 [INFO] Época 12/30, Batch 650/3348, Loss: 0.1083
2025-10-09 17:51:56,613 [INFO] Época 12/30, Batch 700/3348, Loss: 0.1557
2025-10-09 17:51:56,865 [INFO] Época 12/30, Batch 750/3348, Loss: 0.1506
2025-10-09 17:51:57,120 [INFO] Época 12/30, Batch 800/3348, Loss: 0.1621
2025-10-09 17:51:57,370 [INFO] Época 12/30, Batch 850/3348, Loss: 0.1535
2025-10-09 17:51:57,621 [INFO] Época 12/30, Batch 900/3348, Loss: 0.1548
2025-10-09 17:51:57,871 [INFO] Época 12/30, Batch 950/3348, Loss: 0.1382
2025-10-09 17:51:58,121 [INFO] Época 12/30, Batch 1000/3348, Loss: 0.1722
2025-10-09 17:51:58,372 [INFO] Época 12/30, Batch 1050/3348, Loss: 0.1706
2025-10-09 17:51:58,630 [INFO] Época 12/30, Batch 1100/3348, Loss: 0.1567
2025-10-09 17:51:58,893 [INFO] Época 12/30, Batch 1150/3348, Loss: 0.2046
2025-10-09 17:51:59,156 [INFO] Época 12/30, Batch 1200/3348, Loss: 0.1998
2025-10-09 17:51:59,417 [INFO] Época 12/30, Batch 1250/3348, Loss: 0.3890
2025-10-09 17:51:59,683 [INFO] Época 12/30, Batch 1300/3348, Loss: 0.1533
2025-10-09 17:51:59,946 [INFO] Época 12/30, Batch 1350/3348, Loss: 0.1484
2025-10-09 17:52:00,209 [INFO] Época 12/30, Batch 1400/3348, Loss: 0.2304
2025-10-09 17:52:00,478 [INFO] Época 12/30, Batch 1450/3348, Loss: 0.1782
2025-10-09 17:52:00,737 [INFO] Época 12/30, Batch 1500/3348, Loss: 0.1722
2025-10-09 17:52:01,007 [INFO] Época 12/30, Batch 1550/3348, Loss: 0.1933
2025-10-09 17:52:01,278 [INFO] Época 12/30, Batch 1600/3348, Loss: 0.1638
2025-10-09 17:52:01,537 [INFO] Época 12/30, Batch 1650/3348, Loss: 0.2764
2025-10-09 17:52:01,792 [INFO] Época 12/30, Batch 1700/3348, Loss: 0.1893
2025-10-09 17:52:02,048 [INFO] Época 12/30, Batch 1750/3348, Loss: 0.1833
2025-10-09 17:52:02,303 [INFO] Época 12/30, Batch 1800/3348, Loss: 0.2226
2025-10-09 17:52:02,562 [INFO] Época 12/30, Batch 1850/3348, Loss: 0.1726
2025-10-09 17:52:02,817 [INFO] Época 12/30, Batch 1900/3348, Loss: 0.1413
2025-10-09 17:52:03,076 [INFO] Época 12/30, Batch 1950/3348, Loss: 0.1143
2025-10-09 17:52:03,339 [INFO] Época 12/30, Batch 2000/3348, Loss: 0.1716
2025-10-09 17:52:03,601 [INFO] Época 12/30, Batch 2050/3348, Loss: 0.1499
2025-10-09 17:52:03,861 [INFO] Época 12/30, Batch 2100/3348, Loss: 0.1186
2025-10-09 17:52:04,119 [INFO] Época 12/30, Batch 2150/3348, Loss: 0.2034
2025-10-09 17:52:04,377 [INFO] Época 12/30, Batch 2200/3348, Loss: 0.1786
2025-10-09 17:52:04,639 [INFO] Época 12/30, Batch 2250/3348, Loss: 0.1794
2025-10-09 17:52:04,908 [INFO] Época 12/30, Batch 2300/3348, Loss: 0.1522
2025-10-09 17:52:05,175 [INFO] Época 12/30, Batch 2350/3348, Loss: 0.1707
2025-10-09 17:52:05,441 [INFO] Época 12/30, Batch 2400/3348, Loss: 0.1788
2025-10-09 17:52:05,712 [INFO] Época 12/30, Batch 2450/3348, Loss: 0.1639
2025-10-09 17:52:05,981 [INFO] Época 12/30, Batch 2500/3348, Loss: 0.1585
2025-10-09 17:52:06,241 [INFO] Época 12/30, Batch 2550/3348, Loss: 0.1576
2025-10-09 17:52:06,502 [INFO] Época 12/30, Batch 2600/3348, Loss: 0.1705
2025-10-09 17:52:06,769 [INFO] Época 12/30, Batch 2650/3348, Loss: 0.2174
2025-10-09 17:52:07,026 [INFO] Época 12/30, Batch 2700/3348, Loss: 0.1568
2025-10-09 17:52:07,282 [INFO] Época 12/30, Batch 2750/3348, Loss: 0.1741
2025-10-09 17:52:07,540 [INFO] Época 12/30, Batch 2800/3348, Loss: 0.1792
2025-10-09 17:52:07,801 [INFO] Época 12/30, Batch 2850/3348, Loss: 0.2015
2025-10-09 17:52:08,063 [INFO] Época 12/30, Batch 2900/3348, Loss: 0.1477
2025-10-09 17:52:08,324 [INFO] Época 12/30, Batch 2950/3348, Loss: 0.1340
2025-10-09 17:52:08,585 [INFO] Época 12/30, Batch 3000/3348, Loss: 0.1282
2025-10-09 17:52:08,845 [INFO] Época 12/30, Batch 3050/3348, Loss: 0.1117
2025-10-09 17:52:09,105 [INFO] Época 12/30, Batch 3100/3348, Loss: 0.1811
2025-10-09 17:52:09,365 [INFO] Época 12/30, Batch 3150/3348, Loss: 0.1492
2025-10-09 17:52:09,623 [INFO] Época 12/30, Batch 3200/3348, Loss: 0.2575
2025-10-09 17:52:09,880 [INFO] Época 12/30, Batch 3250/3348, Loss: 0.1732
2025-10-09 17:52:10,137 [INFO] Época 12/30, Batch 3300/3348, Loss: 0.1988
2025-10-09 17:52:11,997 [INFO] [12/30] Train Loss: 0.1750 | Val Loss: 0.2018 | Tempo: 19.38s
2025-10-09 17:52:11,998 [INFO] Early stopping ativado após 10 épocas sem melhoria
2025-10-09 17:52:11,998 [INFO] Treinamento concluído em 233.31 segundos (3.89 minutos)
2025-10-09 17:52:11,998 [INFO] Iniciando avaliação no conjunto de teste...
2025-10-09 17:52:13,411 [INFO] Avaliação do teste concluída em 1.41 segundos
2025-10-09 17:52:13,412 [INFO] MSE no teste: 0.0609
2025-10-09 17:52:13,412 [INFO] RMSE no teste: 0.2467
2025-10-09 17:52:13,412 [INFO] MAE no teste: 0.1955
2025-10-09 17:52:13,413 [INFO] Métricas salvas em /mnt/hdd/home/jdurao/ToolBox-ChemXAI/logs/mlp_att1_EState_metrics.json
