2025-10-09 23:20:56,060 [INFO] Iniciando treinamento do modelo mlp_att5_3D
2025-10-09 23:20:56,060 [INFO] Configuração: att_index=5, epochs=30, layers=[128, 64, 32], lr=0.001, batch_size=32, descriptor_type=3D
2025-10-09 23:20:56,061 [INFO] Diretório para modelos: /mnt/hdd/home/jdurao/ToolBox-ChemXAI/models
2025-10-09 23:20:56,061 [INFO] Carregando dados...
2025-10-09 23:20:56,158 [INFO] Preparando dataloaders sem ruído...
2025-10-09 23:26:56,421 [INFO] Dados carregados em 360.36 segundos
2025-10-09 23:26:56,421 [INFO] Tamanhos dos conjuntos - Treino: 105179, Validação: 13147, Teste: 13148
2025-10-09 23:26:56,421 [INFO] Usando dispositivo: cuda
2025-10-09 23:26:56,795 [INFO] Dimensão de entrada: 5, Dimensão de saída: 1
2025-10-09 23:26:56,795 [INFO] Criando modelo MLP com camadas: [128, 64, 32]
2025-10-09 23:26:56,799 [INFO] Modelo criado com 11137 parâmetros
2025-10-09 23:26:56,818 [INFO] Iniciando treinamento com 30 épocas...
2025-10-09 23:26:57,374 [INFO] Época 1/30, Batch 50/3287, Loss: 0.7226
2025-10-09 23:26:57,649 [INFO] Época 1/30, Batch 100/3287, Loss: 0.6834
2025-10-09 23:26:57,910 [INFO] Época 1/30, Batch 150/3287, Loss: 0.8256
2025-10-09 23:26:58,163 [INFO] Época 1/30, Batch 200/3287, Loss: 0.5900
2025-10-09 23:26:58,414 [INFO] Época 1/30, Batch 250/3287, Loss: 0.5809
2025-10-09 23:26:58,671 [INFO] Época 1/30, Batch 300/3287, Loss: 0.7168
2025-10-09 23:26:58,930 [INFO] Época 1/30, Batch 350/3287, Loss: 0.7794
2025-10-09 23:26:59,188 [INFO] Época 1/30, Batch 400/3287, Loss: 0.6998
2025-10-09 23:26:59,449 [INFO] Época 1/30, Batch 450/3287, Loss: 0.3873
2025-10-09 23:26:59,708 [INFO] Época 1/30, Batch 500/3287, Loss: 0.8300
2025-10-09 23:26:59,966 [INFO] Época 1/30, Batch 550/3287, Loss: 0.5706
2025-10-09 23:27:00,236 [INFO] Época 1/30, Batch 600/3287, Loss: 0.6183
2025-10-09 23:27:00,500 [INFO] Época 1/30, Batch 650/3287, Loss: 0.6886
2025-10-09 23:27:00,761 [INFO] Época 1/30, Batch 700/3287, Loss: 0.7023
2025-10-09 23:27:01,024 [INFO] Época 1/30, Batch 750/3287, Loss: 0.7367
2025-10-09 23:27:01,286 [INFO] Época 1/30, Batch 800/3287, Loss: 0.6036
2025-10-09 23:27:01,546 [INFO] Época 1/30, Batch 850/3287, Loss: 0.4842
2025-10-09 23:27:01,808 [INFO] Época 1/30, Batch 900/3287, Loss: 0.8567
2025-10-09 23:27:02,069 [INFO] Época 1/30, Batch 950/3287, Loss: 0.5233
2025-10-09 23:27:02,333 [INFO] Época 1/30, Batch 1000/3287, Loss: 0.6173
2025-10-09 23:27:02,596 [INFO] Época 1/30, Batch 1050/3287, Loss: 0.5040
2025-10-09 23:27:02,855 [INFO] Época 1/30, Batch 1100/3287, Loss: 0.6016
2025-10-09 23:27:03,114 [INFO] Época 1/30, Batch 1150/3287, Loss: 0.6731
2025-10-09 23:27:03,378 [INFO] Época 1/30, Batch 1200/3287, Loss: 0.6112
2025-10-09 23:27:03,639 [INFO] Época 1/30, Batch 1250/3287, Loss: 0.9004
2025-10-09 23:27:03,900 [INFO] Época 1/30, Batch 1300/3287, Loss: 0.6791
2025-10-09 23:27:04,161 [INFO] Época 1/30, Batch 1350/3287, Loss: 0.6730
2025-10-09 23:27:04,422 [INFO] Época 1/30, Batch 1400/3287, Loss: 0.6076
2025-10-09 23:27:04,685 [INFO] Época 1/30, Batch 1450/3287, Loss: 0.8390
2025-10-09 23:27:04,947 [INFO] Época 1/30, Batch 1500/3287, Loss: 0.6503
2025-10-09 23:27:05,208 [INFO] Época 1/30, Batch 1550/3287, Loss: 0.7404
2025-10-09 23:27:05,469 [INFO] Época 1/30, Batch 1600/3287, Loss: 0.6383
2025-10-09 23:27:05,730 [INFO] Época 1/30, Batch 1650/3287, Loss: 0.6439
2025-10-09 23:27:05,986 [INFO] Época 1/30, Batch 1700/3287, Loss: 0.7703
2025-10-09 23:27:06,244 [INFO] Época 1/30, Batch 1750/3287, Loss: 0.5884
2025-10-09 23:27:06,501 [INFO] Época 1/30, Batch 1800/3287, Loss: 0.5664
2025-10-09 23:27:06,758 [INFO] Época 1/30, Batch 1850/3287, Loss: 0.5429
2025-10-09 23:27:07,028 [INFO] Época 1/30, Batch 1900/3287, Loss: 0.7269
2025-10-09 23:27:07,297 [INFO] Época 1/30, Batch 1950/3287, Loss: 0.7401
2025-10-09 23:27:07,568 [INFO] Época 1/30, Batch 2000/3287, Loss: 0.8290
2025-10-09 23:27:07,838 [INFO] Época 1/30, Batch 2050/3287, Loss: 0.7556
2025-10-09 23:27:08,107 [INFO] Época 1/30, Batch 2100/3287, Loss: 0.5638
2025-10-09 23:27:08,375 [INFO] Época 1/30, Batch 2150/3287, Loss: 0.4898
2025-10-09 23:27:08,645 [INFO] Época 1/30, Batch 2200/3287, Loss: 0.6531
2025-10-09 23:27:08,913 [INFO] Época 1/30, Batch 2250/3287, Loss: 0.7325
2025-10-09 23:27:09,182 [INFO] Época 1/30, Batch 2300/3287, Loss: 0.7393
2025-10-09 23:27:09,450 [INFO] Época 1/30, Batch 2350/3287, Loss: 0.6798
2025-10-09 23:27:09,717 [INFO] Época 1/30, Batch 2400/3287, Loss: 0.5951
2025-10-09 23:27:09,983 [INFO] Época 1/30, Batch 2450/3287, Loss: 0.5879
2025-10-09 23:27:10,253 [INFO] Época 1/30, Batch 2500/3287, Loss: 0.6582
2025-10-09 23:27:10,520 [INFO] Época 1/30, Batch 2550/3287, Loss: 0.5313
2025-10-09 23:27:10,789 [INFO] Época 1/30, Batch 2600/3287, Loss: 0.6249
2025-10-09 23:27:11,056 [INFO] Época 1/30, Batch 2650/3287, Loss: 0.6457
2025-10-09 23:27:11,326 [INFO] Época 1/30, Batch 2700/3287, Loss: 0.6350
2025-10-09 23:27:11,597 [INFO] Época 1/30, Batch 2750/3287, Loss: 0.5408
2025-10-09 23:27:11,868 [INFO] Época 1/30, Batch 2800/3287, Loss: 0.8121
2025-10-09 23:27:12,140 [INFO] Época 1/30, Batch 2850/3287, Loss: 0.6651
2025-10-09 23:27:12,409 [INFO] Época 1/30, Batch 2900/3287, Loss: 0.5583
2025-10-09 23:27:12,678 [INFO] Época 1/30, Batch 2950/3287, Loss: 0.6103
2025-10-09 23:27:12,945 [INFO] Época 1/30, Batch 3000/3287, Loss: 0.7154
2025-10-09 23:27:13,212 [INFO] Época 1/30, Batch 3050/3287, Loss: 0.6552
2025-10-09 23:27:13,480 [INFO] Época 1/30, Batch 3100/3287, Loss: 0.6347
2025-10-09 23:27:13,749 [INFO] Época 1/30, Batch 3150/3287, Loss: 0.5122
2025-10-09 23:27:14,017 [INFO] Época 1/30, Batch 3200/3287, Loss: 0.5011
2025-10-09 23:27:14,283 [INFO] Época 1/30, Batch 3250/3287, Loss: 0.6480
2025-10-09 23:27:15,893 [INFO] [1/30] Train Loss: 0.6671 | Val Loss: 0.5400 | Tempo: 19.08s
2025-10-09 23:27:15,898 [INFO] Melhor modelo salvo em: /mnt/hdd/home/jdurao/ToolBox-ChemXAI/models/mlp_qm9_3D_att5_large.pth
2025-10-09 23:27:16,437 [INFO] Época 2/30, Batch 50/3287, Loss: 0.6547
2025-10-09 23:27:16,700 [INFO] Época 2/30, Batch 100/3287, Loss: 0.7162
2025-10-09 23:27:16,957 [INFO] Época 2/30, Batch 150/3287, Loss: 0.5212
2025-10-09 23:27:17,215 [INFO] Época 2/30, Batch 200/3287, Loss: 0.5292
2025-10-09 23:27:17,474 [INFO] Época 2/30, Batch 250/3287, Loss: 0.7649
2025-10-09 23:27:17,730 [INFO] Época 2/30, Batch 300/3287, Loss: 0.7316
2025-10-09 23:27:17,987 [INFO] Época 2/30, Batch 350/3287, Loss: 0.5579
2025-10-09 23:27:18,244 [INFO] Época 2/30, Batch 400/3287, Loss: 0.6358
2025-10-09 23:27:18,500 [INFO] Época 2/30, Batch 450/3287, Loss: 0.5365
2025-10-09 23:27:18,756 [INFO] Época 2/30, Batch 500/3287, Loss: 0.6502
2025-10-09 23:27:19,013 [INFO] Época 2/30, Batch 550/3287, Loss: 0.4851
2025-10-09 23:27:19,269 [INFO] Época 2/30, Batch 600/3287, Loss: 0.7181
2025-10-09 23:27:19,526 [INFO] Época 2/30, Batch 650/3287, Loss: 0.6075
2025-10-09 23:27:19,789 [INFO] Época 2/30, Batch 700/3287, Loss: 0.5782
2025-10-09 23:27:20,047 [INFO] Época 2/30, Batch 750/3287, Loss: 0.6823
2025-10-09 23:27:20,301 [INFO] Época 2/30, Batch 800/3287, Loss: 0.7245
2025-10-09 23:27:20,560 [INFO] Época 2/30, Batch 850/3287, Loss: 0.6307
2025-10-09 23:27:20,822 [INFO] Época 2/30, Batch 900/3287, Loss: 0.5689
2025-10-09 23:27:21,085 [INFO] Época 2/30, Batch 950/3287, Loss: 0.6869
2025-10-09 23:27:21,347 [INFO] Época 2/30, Batch 1000/3287, Loss: 0.5516
2025-10-09 23:27:21,612 [INFO] Época 2/30, Batch 1050/3287, Loss: 0.4205
2025-10-09 23:27:21,876 [INFO] Época 2/30, Batch 1100/3287, Loss: 0.6588
2025-10-09 23:27:22,140 [INFO] Época 2/30, Batch 1150/3287, Loss: 0.7388
2025-10-09 23:27:22,403 [INFO] Época 2/30, Batch 1200/3287, Loss: 0.6357
2025-10-09 23:27:22,666 [INFO] Época 2/30, Batch 1250/3287, Loss: 0.8780
2025-10-09 23:27:22,935 [INFO] Época 2/30, Batch 1300/3287, Loss: 0.5753
2025-10-09 23:27:23,205 [INFO] Época 2/30, Batch 1350/3287, Loss: 0.4977
2025-10-09 23:27:23,476 [INFO] Época 2/30, Batch 1400/3287, Loss: 0.7262
2025-10-09 23:27:23,748 [INFO] Época 2/30, Batch 1450/3287, Loss: 0.6135
2025-10-09 23:27:24,018 [INFO] Época 2/30, Batch 1500/3287, Loss: 0.7401
2025-10-09 23:27:24,289 [INFO] Época 2/30, Batch 1550/3287, Loss: 0.5522
2025-10-09 23:27:24,552 [INFO] Época 2/30, Batch 1600/3287, Loss: 0.6643
2025-10-09 23:27:24,819 [INFO] Época 2/30, Batch 1650/3287, Loss: 0.7005
2025-10-09 23:27:25,087 [INFO] Época 2/30, Batch 1700/3287, Loss: 0.5297
2025-10-09 23:27:25,356 [INFO] Época 2/30, Batch 1750/3287, Loss: 0.7170
2025-10-09 23:27:25,626 [INFO] Época 2/30, Batch 1800/3287, Loss: 0.5587
2025-10-09 23:27:25,898 [INFO] Época 2/30, Batch 1850/3287, Loss: 0.6564
2025-10-09 23:27:26,169 [INFO] Época 2/30, Batch 1900/3287, Loss: 0.6251
2025-10-09 23:27:26,439 [INFO] Época 2/30, Batch 1950/3287, Loss: 0.8622
2025-10-09 23:27:26,716 [INFO] Época 2/30, Batch 2000/3287, Loss: 0.5534
2025-10-09 23:27:26,981 [INFO] Época 2/30, Batch 2050/3287, Loss: 0.6946
2025-10-09 23:27:27,243 [INFO] Época 2/30, Batch 2100/3287, Loss: 0.6092
2025-10-09 23:27:27,506 [INFO] Época 2/30, Batch 2150/3287, Loss: 0.5836
2025-10-09 23:27:27,770 [INFO] Época 2/30, Batch 2200/3287, Loss: 0.8350
2025-10-09 23:27:28,034 [INFO] Época 2/30, Batch 2250/3287, Loss: 0.6951
2025-10-09 23:27:28,297 [INFO] Época 2/30, Batch 2300/3287, Loss: 0.6233
2025-10-09 23:27:28,558 [INFO] Época 2/30, Batch 2350/3287, Loss: 0.6771
2025-10-09 23:27:28,820 [INFO] Época 2/30, Batch 2400/3287, Loss: 0.5655
2025-10-09 23:27:29,081 [INFO] Época 2/30, Batch 2450/3287, Loss: 0.5481
2025-10-09 23:27:29,344 [INFO] Época 2/30, Batch 2500/3287, Loss: 0.4916
2025-10-09 23:27:29,609 [INFO] Época 2/30, Batch 2550/3287, Loss: 0.7443
2025-10-09 23:27:29,871 [INFO] Época 2/30, Batch 2600/3287, Loss: 0.5657
2025-10-09 23:27:30,135 [INFO] Época 2/30, Batch 2650/3287, Loss: 0.7133
2025-10-09 23:27:30,396 [INFO] Época 2/30, Batch 2700/3287, Loss: 0.6673
2025-10-09 23:27:30,662 [INFO] Época 2/30, Batch 2750/3287, Loss: 0.6546
2025-10-09 23:27:30,933 [INFO] Época 2/30, Batch 2800/3287, Loss: 0.5490
2025-10-09 23:27:31,205 [INFO] Época 2/30, Batch 2850/3287, Loss: 0.8486
2025-10-09 23:27:31,476 [INFO] Época 2/30, Batch 2900/3287, Loss: 0.6439
2025-10-09 23:27:31,747 [INFO] Época 2/30, Batch 2950/3287, Loss: 0.5537
2025-10-09 23:27:32,017 [INFO] Época 2/30, Batch 3000/3287, Loss: 0.4438
2025-10-09 23:27:32,287 [INFO] Época 2/30, Batch 3050/3287, Loss: 0.5120
2025-10-09 23:27:32,558 [INFO] Época 2/30, Batch 3100/3287, Loss: 0.6072
2025-10-09 23:27:32,822 [INFO] Época 2/30, Batch 3150/3287, Loss: 0.5466
2025-10-09 23:27:33,086 [INFO] Época 2/30, Batch 3200/3287, Loss: 0.5950
2025-10-09 23:27:33,353 [INFO] Época 2/30, Batch 3250/3287, Loss: 0.5529
2025-10-09 23:27:34,939 [INFO] [2/30] Train Loss: 0.6550 | Val Loss: 0.5426 | Tempo: 19.04s
2025-10-09 23:27:35,480 [INFO] Época 3/30, Batch 50/3287, Loss: 0.6028
2025-10-09 23:27:35,739 [INFO] Época 3/30, Batch 100/3287, Loss: 0.4218
2025-10-09 23:27:35,993 [INFO] Época 3/30, Batch 150/3287, Loss: 0.6008
2025-10-09 23:27:36,248 [INFO] Época 3/30, Batch 200/3287, Loss: 0.5629
2025-10-09 23:27:36,500 [INFO] Época 3/30, Batch 250/3287, Loss: 0.6403
2025-10-09 23:27:36,753 [INFO] Época 3/30, Batch 300/3287, Loss: 0.8810
2025-10-09 23:27:37,003 [INFO] Época 3/30, Batch 350/3287, Loss: 0.5172
2025-10-09 23:27:37,254 [INFO] Época 3/30, Batch 400/3287, Loss: 0.5457
2025-10-09 23:27:37,505 [INFO] Época 3/30, Batch 450/3287, Loss: 0.6455
2025-10-09 23:27:37,772 [INFO] Época 3/30, Batch 500/3287, Loss: 0.5989
2025-10-09 23:27:38,042 [INFO] Época 3/30, Batch 550/3287, Loss: 0.6862
2025-10-09 23:27:38,313 [INFO] Época 3/30, Batch 600/3287, Loss: 0.5609
2025-10-09 23:27:38,571 [INFO] Época 3/30, Batch 650/3287, Loss: 0.6361
2025-10-09 23:27:38,824 [INFO] Época 3/30, Batch 700/3287, Loss: 0.8189
2025-10-09 23:27:39,073 [INFO] Época 3/30, Batch 750/3287, Loss: 0.5486
2025-10-09 23:27:39,320 [INFO] Época 3/30, Batch 800/3287, Loss: 0.5802
2025-10-09 23:27:39,568 [INFO] Época 3/30, Batch 850/3287, Loss: 0.6983
2025-10-09 23:27:39,821 [INFO] Época 3/30, Batch 900/3287, Loss: 0.6846
2025-10-09 23:27:40,076 [INFO] Época 3/30, Batch 950/3287, Loss: 0.7544
2025-10-09 23:27:40,332 [INFO] Época 3/30, Batch 1000/3287, Loss: 0.6456
2025-10-09 23:27:40,588 [INFO] Época 3/30, Batch 1050/3287, Loss: 0.8464
2025-10-09 23:27:40,846 [INFO] Época 3/30, Batch 1100/3287, Loss: 0.5237
2025-10-09 23:27:41,102 [INFO] Época 3/30, Batch 1150/3287, Loss: 0.4600
2025-10-09 23:27:41,359 [INFO] Época 3/30, Batch 1200/3287, Loss: 0.6220
2025-10-09 23:27:41,617 [INFO] Época 3/30, Batch 1250/3287, Loss: 0.6652
2025-10-09 23:27:41,880 [INFO] Época 3/30, Batch 1300/3287, Loss: 0.6951
2025-10-09 23:27:42,144 [INFO] Época 3/30, Batch 1350/3287, Loss: 0.5175
2025-10-09 23:27:42,413 [INFO] Época 3/30, Batch 1400/3287, Loss: 0.6068
2025-10-09 23:27:42,684 [INFO] Época 3/30, Batch 1450/3287, Loss: 0.6243
2025-10-09 23:27:42,955 [INFO] Época 3/30, Batch 1500/3287, Loss: 0.5555
2025-10-09 23:27:43,227 [INFO] Época 3/30, Batch 1550/3287, Loss: 0.4826
2025-10-09 23:27:43,498 [INFO] Época 3/30, Batch 1600/3287, Loss: 0.6847
2025-10-09 23:27:43,760 [INFO] Época 3/30, Batch 1650/3287, Loss: 0.7434
2025-10-09 23:27:44,014 [INFO] Época 3/30, Batch 1700/3287, Loss: 0.5438
2025-10-09 23:27:44,270 [INFO] Época 3/30, Batch 1750/3287, Loss: 0.6082
2025-10-09 23:27:44,537 [INFO] Época 3/30, Batch 1800/3287, Loss: 0.5803
2025-10-09 23:27:44,801 [INFO] Época 3/30, Batch 1850/3287, Loss: 0.5163
2025-10-09 23:27:45,064 [INFO] Época 3/30, Batch 1900/3287, Loss: 0.6895
2025-10-09 23:27:45,325 [INFO] Época 3/30, Batch 1950/3287, Loss: 0.6024
2025-10-09 23:27:45,588 [INFO] Época 3/30, Batch 2000/3287, Loss: 0.5291
2025-10-09 23:27:45,849 [INFO] Época 3/30, Batch 2050/3287, Loss: 0.9503
2025-10-09 23:27:46,112 [INFO] Época 3/30, Batch 2100/3287, Loss: 0.6122
2025-10-09 23:27:46,377 [INFO] Época 3/30, Batch 2150/3287, Loss: 0.5689
2025-10-09 23:27:46,642 [INFO] Época 3/30, Batch 2200/3287, Loss: 0.7310
2025-10-09 23:27:46,906 [INFO] Época 3/30, Batch 2250/3287, Loss: 0.4444
2025-10-09 23:27:47,170 [INFO] Época 3/30, Batch 2300/3287, Loss: 0.6745
2025-10-09 23:27:47,434 [INFO] Época 3/30, Batch 2350/3287, Loss: 0.7613
2025-10-09 23:27:47,697 [INFO] Época 3/30, Batch 2400/3287, Loss: 0.6077
2025-10-09 23:27:47,968 [INFO] Época 3/30, Batch 2450/3287, Loss: 0.4897
2025-10-09 23:27:48,238 [INFO] Época 3/30, Batch 2500/3287, Loss: 0.6293
2025-10-09 23:27:48,494 [INFO] Época 3/30, Batch 2550/3287, Loss: 0.6452
2025-10-09 23:27:48,755 [INFO] Época 3/30, Batch 2600/3287, Loss: 0.5083
2025-10-09 23:27:49,020 [INFO] Época 3/30, Batch 2650/3287, Loss: 0.6894
2025-10-09 23:27:49,287 [INFO] Época 3/30, Batch 2700/3287, Loss: 0.4937
2025-10-09 23:27:49,549 [INFO] Época 3/30, Batch 2750/3287, Loss: 0.5538
2025-10-09 23:27:49,814 [INFO] Época 3/30, Batch 2800/3287, Loss: 0.6866
2025-10-09 23:27:50,077 [INFO] Época 3/30, Batch 2850/3287, Loss: 0.6051
2025-10-09 23:27:50,340 [INFO] Época 3/30, Batch 2900/3287, Loss: 0.6223
2025-10-09 23:27:50,602 [INFO] Época 3/30, Batch 2950/3287, Loss: 0.6260
2025-10-09 23:27:50,866 [INFO] Época 3/30, Batch 3000/3287, Loss: 0.6004
2025-10-09 23:27:51,128 [INFO] Época 3/30, Batch 3050/3287, Loss: 0.5616
2025-10-09 23:27:51,393 [INFO] Época 3/30, Batch 3100/3287, Loss: 0.6644
2025-10-09 23:27:51,657 [INFO] Época 3/30, Batch 3150/3287, Loss: 0.5801
2025-10-09 23:27:51,921 [INFO] Época 3/30, Batch 3200/3287, Loss: 0.7319
2025-10-09 23:27:52,183 [INFO] Época 3/30, Batch 3250/3287, Loss: 0.7315
2025-10-09 23:27:53,932 [INFO] [3/30] Train Loss: 0.6493 | Val Loss: 0.5434 | Tempo: 18.99s
2025-10-09 23:27:54,497 [INFO] Época 4/30, Batch 50/3287, Loss: 0.4700
2025-10-09 23:27:54,764 [INFO] Época 4/30, Batch 100/3287, Loss: 0.8478
2025-10-09 23:27:55,026 [INFO] Época 4/30, Batch 150/3287, Loss: 0.5841
2025-10-09 23:27:55,286 [INFO] Época 4/30, Batch 200/3287, Loss: 0.4592
2025-10-09 23:27:55,545 [INFO] Época 4/30, Batch 250/3287, Loss: 0.6961
2025-10-09 23:27:55,803 [INFO] Época 4/30, Batch 300/3287, Loss: 0.6974
2025-10-09 23:27:56,061 [INFO] Época 4/30, Batch 350/3287, Loss: 0.5316
2025-10-09 23:27:56,320 [INFO] Época 4/30, Batch 400/3287, Loss: 0.5266
2025-10-09 23:27:56,578 [INFO] Época 4/30, Batch 450/3287, Loss: 0.6384
2025-10-09 23:27:56,836 [INFO] Época 4/30, Batch 500/3287, Loss: 0.4566
2025-10-09 23:27:57,093 [INFO] Época 4/30, Batch 550/3287, Loss: 0.8961
2025-10-09 23:27:57,352 [INFO] Época 4/30, Batch 600/3287, Loss: 0.6825
2025-10-09 23:27:57,610 [INFO] Época 4/30, Batch 650/3287, Loss: 0.6430
2025-10-09 23:27:57,870 [INFO] Época 4/30, Batch 700/3287, Loss: 0.7014
2025-10-09 23:27:58,121 [INFO] Época 4/30, Batch 750/3287, Loss: 0.5538
2025-10-09 23:27:58,371 [INFO] Época 4/30, Batch 800/3287, Loss: 0.5632
2025-10-09 23:27:58,622 [INFO] Época 4/30, Batch 850/3287, Loss: 0.6760
2025-10-09 23:27:58,874 [INFO] Época 4/30, Batch 900/3287, Loss: 0.6803
2025-10-09 23:27:59,122 [INFO] Época 4/30, Batch 950/3287, Loss: 0.6663
2025-10-09 23:27:59,370 [INFO] Época 4/30, Batch 1000/3287, Loss: 0.4911
2025-10-09 23:27:59,619 [INFO] Época 4/30, Batch 1050/3287, Loss: 0.8000
2025-10-09 23:27:59,868 [INFO] Época 4/30, Batch 1100/3287, Loss: 0.8554
2025-10-09 23:28:00,120 [INFO] Época 4/30, Batch 1150/3287, Loss: 0.7993
2025-10-09 23:28:00,371 [INFO] Época 4/30, Batch 1200/3287, Loss: 0.8464
2025-10-09 23:28:00,621 [INFO] Época 4/30, Batch 1250/3287, Loss: 0.6271
2025-10-09 23:28:00,882 [INFO] Época 4/30, Batch 1300/3287, Loss: 0.6092
2025-10-09 23:28:01,143 [INFO] Época 4/30, Batch 1350/3287, Loss: 0.6527
2025-10-09 23:28:01,404 [INFO] Época 4/30, Batch 1400/3287, Loss: 0.5708
2025-10-09 23:28:01,665 [INFO] Época 4/30, Batch 1450/3287, Loss: 0.6148
2025-10-09 23:28:01,925 [INFO] Época 4/30, Batch 1500/3287, Loss: 0.6902
2025-10-09 23:28:02,184 [INFO] Época 4/30, Batch 1550/3287, Loss: 0.6698
2025-10-09 23:28:02,445 [INFO] Época 4/30, Batch 1600/3287, Loss: 0.6403
2025-10-09 23:28:02,707 [INFO] Época 4/30, Batch 1650/3287, Loss: 0.5573
2025-10-09 23:28:02,967 [INFO] Época 4/30, Batch 1700/3287, Loss: 0.5965
2025-10-09 23:28:03,226 [INFO] Época 4/30, Batch 1750/3287, Loss: 0.5623
2025-10-09 23:28:03,483 [INFO] Época 4/30, Batch 1800/3287, Loss: 0.6666
2025-10-09 23:28:03,742 [INFO] Época 4/30, Batch 1850/3287, Loss: 0.8387
2025-10-09 23:28:04,003 [INFO] Época 4/30, Batch 1900/3287, Loss: 0.5897
2025-10-09 23:28:04,263 [INFO] Época 4/30, Batch 1950/3287, Loss: 0.6648
2025-10-09 23:28:04,523 [INFO] Época 4/30, Batch 2000/3287, Loss: 0.7392
2025-10-09 23:28:04,784 [INFO] Época 4/30, Batch 2050/3287, Loss: 0.6286
2025-10-09 23:28:05,043 [INFO] Época 4/30, Batch 2100/3287, Loss: 0.6950
2025-10-09 23:28:05,303 [INFO] Época 4/30, Batch 2150/3287, Loss: 0.6919
2025-10-09 23:28:05,562 [INFO] Época 4/30, Batch 2200/3287, Loss: 0.6361
2025-10-09 23:28:05,818 [INFO] Época 4/30, Batch 2250/3287, Loss: 0.8014
2025-10-09 23:28:06,075 [INFO] Época 4/30, Batch 2300/3287, Loss: 0.5335
2025-10-09 23:28:06,332 [INFO] Época 4/30, Batch 2350/3287, Loss: 0.6947
2025-10-09 23:28:06,590 [INFO] Época 4/30, Batch 2400/3287, Loss: 0.4985
2025-10-09 23:28:06,849 [INFO] Época 4/30, Batch 2450/3287, Loss: 0.9946
2025-10-09 23:28:07,107 [INFO] Época 4/30, Batch 2500/3287, Loss: 0.4728
2025-10-09 23:28:07,365 [INFO] Época 4/30, Batch 2550/3287, Loss: 0.8824
2025-10-09 23:28:07,623 [INFO] Época 4/30, Batch 2600/3287, Loss: 0.5781
2025-10-09 23:28:07,883 [INFO] Época 4/30, Batch 2650/3287, Loss: 0.7763
2025-10-09 23:28:08,144 [INFO] Época 4/30, Batch 2700/3287, Loss: 0.8666
2025-10-09 23:28:08,402 [INFO] Época 4/30, Batch 2750/3287, Loss: 0.6483
2025-10-09 23:28:08,667 [INFO] Época 4/30, Batch 2800/3287, Loss: 0.6539
2025-10-09 23:28:08,938 [INFO] Época 4/30, Batch 2850/3287, Loss: 0.7571
2025-10-09 23:28:09,209 [INFO] Época 4/30, Batch 2900/3287, Loss: 0.8289
2025-10-09 23:28:09,481 [INFO] Época 4/30, Batch 2950/3287, Loss: 0.7218
2025-10-09 23:28:09,752 [INFO] Época 4/30, Batch 3000/3287, Loss: 0.6657
2025-10-09 23:28:10,022 [INFO] Época 4/30, Batch 3050/3287, Loss: 0.7025
2025-10-09 23:28:10,293 [INFO] Época 4/30, Batch 3100/3287, Loss: 0.4449
2025-10-09 23:28:10,562 [INFO] Época 4/30, Batch 3150/3287, Loss: 0.6572
2025-10-09 23:28:10,828 [INFO] Época 4/30, Batch 3200/3287, Loss: 0.6113
2025-10-09 23:28:11,083 [INFO] Época 4/30, Batch 3250/3287, Loss: 0.6306
2025-10-09 23:28:12,646 [INFO] [4/30] Train Loss: 0.6454 | Val Loss: 0.5396 | Tempo: 18.71s
2025-10-09 23:28:12,650 [INFO] Melhor modelo salvo em: /mnt/hdd/home/jdurao/ToolBox-ChemXAI/models/mlp_qm9_3D_att5_large.pth
2025-10-09 23:28:13,199 [INFO] Época 5/30, Batch 50/3287, Loss: 0.7248
2025-10-09 23:28:13,463 [INFO] Época 5/30, Batch 100/3287, Loss: 0.5301
2025-10-09 23:28:13,719 [INFO] Época 5/30, Batch 150/3287, Loss: 0.7039
2025-10-09 23:28:13,978 [INFO] Época 5/30, Batch 200/3287, Loss: 0.9405
2025-10-09 23:28:14,234 [INFO] Época 5/30, Batch 250/3287, Loss: 0.7450
2025-10-09 23:28:14,490 [INFO] Época 5/30, Batch 300/3287, Loss: 0.5794
2025-10-09 23:28:14,745 [INFO] Época 5/30, Batch 350/3287, Loss: 0.5663
2025-10-09 23:28:15,002 [INFO] Época 5/30, Batch 400/3287, Loss: 0.7492
2025-10-09 23:28:15,259 [INFO] Época 5/30, Batch 450/3287, Loss: 0.7961
2025-10-09 23:28:15,515 [INFO] Época 5/30, Batch 500/3287, Loss: 0.6583
2025-10-09 23:28:15,771 [INFO] Época 5/30, Batch 550/3287, Loss: 0.7346
2025-10-09 23:28:16,028 [INFO] Época 5/30, Batch 600/3287, Loss: 0.6404
2025-10-09 23:28:16,286 [INFO] Época 5/30, Batch 650/3287, Loss: 0.6042
2025-10-09 23:28:16,544 [INFO] Época 5/30, Batch 700/3287, Loss: 0.5446
2025-10-09 23:28:16,799 [INFO] Época 5/30, Batch 750/3287, Loss: 0.8049
2025-10-09 23:28:17,055 [INFO] Época 5/30, Batch 800/3287, Loss: 0.6674
2025-10-09 23:28:17,305 [INFO] Época 5/30, Batch 850/3287, Loss: 0.6689
2025-10-09 23:28:17,575 [INFO] Época 5/30, Batch 900/3287, Loss: 0.7383
2025-10-09 23:28:17,838 [INFO] Época 5/30, Batch 950/3287, Loss: 0.7325
2025-10-09 23:28:18,087 [INFO] Época 5/30, Batch 1000/3287, Loss: 0.6485
2025-10-09 23:28:18,334 [INFO] Época 5/30, Batch 1050/3287, Loss: 0.4802
2025-10-09 23:28:18,584 [INFO] Época 5/30, Batch 1100/3287, Loss: 0.4795
2025-10-09 23:28:18,835 [INFO] Época 5/30, Batch 1150/3287, Loss: 0.5197
2025-10-09 23:28:19,092 [INFO] Época 5/30, Batch 1200/3287, Loss: 0.7167
2025-10-09 23:28:19,349 [INFO] Época 5/30, Batch 1250/3287, Loss: 0.5743
2025-10-09 23:28:19,603 [INFO] Época 5/30, Batch 1300/3287, Loss: 0.6834
2025-10-09 23:28:19,862 [INFO] Época 5/30, Batch 1350/3287, Loss: 0.4524
2025-10-09 23:28:20,120 [INFO] Época 5/30, Batch 1400/3287, Loss: 0.6430
2025-10-09 23:28:20,379 [INFO] Época 5/30, Batch 1450/3287, Loss: 0.5052
2025-10-09 23:28:20,638 [INFO] Época 5/30, Batch 1500/3287, Loss: 0.7329
2025-10-09 23:28:20,896 [INFO] Época 5/30, Batch 1550/3287, Loss: 0.5606
2025-10-09 23:28:21,153 [INFO] Época 5/30, Batch 1600/3287, Loss: 0.7312
2025-10-09 23:28:21,411 [INFO] Época 5/30, Batch 1650/3287, Loss: 0.7126
2025-10-09 23:28:21,672 [INFO] Época 5/30, Batch 1700/3287, Loss: 0.6430
2025-10-09 23:28:21,930 [INFO] Época 5/30, Batch 1750/3287, Loss: 0.5267
2025-10-09 23:28:22,188 [INFO] Época 5/30, Batch 1800/3287, Loss: 0.6678
2025-10-09 23:28:22,447 [INFO] Época 5/30, Batch 1850/3287, Loss: 0.6276
2025-10-09 23:28:22,708 [INFO] Época 5/30, Batch 1900/3287, Loss: 0.8738
2025-10-09 23:28:22,968 [INFO] Época 5/30, Batch 1950/3287, Loss: 0.7207
2025-10-09 23:28:23,225 [INFO] Época 5/30, Batch 2000/3287, Loss: 0.5795
2025-10-09 23:28:23,483 [INFO] Época 5/30, Batch 2050/3287, Loss: 0.6669
2025-10-09 23:28:23,740 [INFO] Época 5/30, Batch 2100/3287, Loss: 0.5619
2025-10-09 23:28:23,999 [INFO] Época 5/30, Batch 2150/3287, Loss: 0.6506
2025-10-09 23:28:24,256 [INFO] Época 5/30, Batch 2200/3287, Loss: 0.7561
2025-10-09 23:28:24,514 [INFO] Época 5/30, Batch 2250/3287, Loss: 0.7342
2025-10-09 23:28:24,771 [INFO] Época 5/30, Batch 2300/3287, Loss: 0.7085
2025-10-09 23:28:25,028 [INFO] Época 5/30, Batch 2350/3287, Loss: 0.7849
2025-10-09 23:28:25,285 [INFO] Época 5/30, Batch 2400/3287, Loss: 0.6205
2025-10-09 23:28:25,541 [INFO] Época 5/30, Batch 2450/3287, Loss: 0.7004
2025-10-09 23:28:25,799 [INFO] Época 5/30, Batch 2500/3287, Loss: 0.6295
2025-10-09 23:28:26,056 [INFO] Época 5/30, Batch 2550/3287, Loss: 0.5788
2025-10-09 23:28:26,317 [INFO] Época 5/30, Batch 2600/3287, Loss: 0.6962
2025-10-09 23:28:26,580 [INFO] Época 5/30, Batch 2650/3287, Loss: 0.5171
2025-10-09 23:28:26,842 [INFO] Época 5/30, Batch 2700/3287, Loss: 0.6289
2025-10-09 23:28:27,102 [INFO] Época 5/30, Batch 2750/3287, Loss: 0.7669
2025-10-09 23:28:27,363 [INFO] Época 5/30, Batch 2800/3287, Loss: 0.6109
2025-10-09 23:28:27,621 [INFO] Época 5/30, Batch 2850/3287, Loss: 0.6846
2025-10-09 23:28:27,881 [INFO] Época 5/30, Batch 2900/3287, Loss: 0.6051
2025-10-09 23:28:28,145 [INFO] Época 5/30, Batch 2950/3287, Loss: 0.5470
2025-10-09 23:28:28,410 [INFO] Época 5/30, Batch 3000/3287, Loss: 0.6690
2025-10-09 23:28:28,668 [INFO] Época 5/30, Batch 3050/3287, Loss: 0.7012
2025-10-09 23:28:28,925 [INFO] Época 5/30, Batch 3100/3287, Loss: 0.9529
2025-10-09 23:28:29,184 [INFO] Época 5/30, Batch 3150/3287, Loss: 0.6697
2025-10-09 23:28:29,445 [INFO] Época 5/30, Batch 3200/3287, Loss: 0.7447
2025-10-09 23:28:29,705 [INFO] Época 5/30, Batch 3250/3287, Loss: 0.5592
2025-10-09 23:28:31,431 [INFO] [5/30] Train Loss: 0.6430 | Val Loss: 0.5327 | Tempo: 18.78s
2025-10-09 23:28:31,435 [INFO] Melhor modelo salvo em: /mnt/hdd/home/jdurao/ToolBox-ChemXAI/models/mlp_qm9_3D_att5_large.pth
2025-10-09 23:28:31,988 [INFO] Época 6/30, Batch 50/3287, Loss: 0.4650
2025-10-09 23:28:32,250 [INFO] Época 6/30, Batch 100/3287, Loss: 0.7344
2025-10-09 23:28:32,510 [INFO] Época 6/30, Batch 150/3287, Loss: 0.5533
2025-10-09 23:28:32,771 [INFO] Época 6/30, Batch 200/3287, Loss: 0.6826
2025-10-09 23:28:33,031 [INFO] Época 6/30, Batch 250/3287, Loss: 0.6103
2025-10-09 23:28:33,288 [INFO] Época 6/30, Batch 300/3287, Loss: 0.4621
2025-10-09 23:28:33,546 [INFO] Época 6/30, Batch 350/3287, Loss: 0.5518
2025-10-09 23:28:33,802 [INFO] Época 6/30, Batch 400/3287, Loss: 0.6716
2025-10-09 23:28:34,059 [INFO] Época 6/30, Batch 450/3287, Loss: 0.6747
2025-10-09 23:28:34,316 [INFO] Época 6/30, Batch 500/3287, Loss: 0.7215
2025-10-09 23:28:34,574 [INFO] Época 6/30, Batch 550/3287, Loss: 0.6509
2025-10-09 23:28:34,831 [INFO] Época 6/30, Batch 600/3287, Loss: 0.6883
2025-10-09 23:28:35,087 [INFO] Época 6/30, Batch 650/3287, Loss: 0.5936
2025-10-09 23:28:35,343 [INFO] Época 6/30, Batch 700/3287, Loss: 0.6751
2025-10-09 23:28:35,589 [INFO] Época 6/30, Batch 750/3287, Loss: 0.6879
2025-10-09 23:28:35,841 [INFO] Época 6/30, Batch 800/3287, Loss: 0.5326
2025-10-09 23:28:36,096 [INFO] Época 6/30, Batch 850/3287, Loss: 0.4646
2025-10-09 23:28:36,352 [INFO] Época 6/30, Batch 900/3287, Loss: 0.7123
2025-10-09 23:28:36,607 [INFO] Época 6/30, Batch 950/3287, Loss: 0.8008
2025-10-09 23:28:36,863 [INFO] Época 6/30, Batch 1000/3287, Loss: 0.7151
2025-10-09 23:28:37,120 [INFO] Época 6/30, Batch 1050/3287, Loss: 0.5638
2025-10-09 23:28:37,379 [INFO] Época 6/30, Batch 1100/3287, Loss: 0.5831
2025-10-09 23:28:37,634 [INFO] Época 6/30, Batch 1150/3287, Loss: 0.6931
2025-10-09 23:28:37,897 [INFO] Época 6/30, Batch 1200/3287, Loss: 0.5018
2025-10-09 23:28:38,163 [INFO] Época 6/30, Batch 1250/3287, Loss: 0.5759
2025-10-09 23:28:38,426 [INFO] Época 6/30, Batch 1300/3287, Loss: 0.7336
2025-10-09 23:28:38,691 [INFO] Época 6/30, Batch 1350/3287, Loss: 0.6095
2025-10-09 23:28:38,955 [INFO] Época 6/30, Batch 1400/3287, Loss: 0.6406
2025-10-09 23:28:39,219 [INFO] Época 6/30, Batch 1450/3287, Loss: 0.5737
2025-10-09 23:28:39,485 [INFO] Época 6/30, Batch 1500/3287, Loss: 0.6561
2025-10-09 23:28:39,746 [INFO] Época 6/30, Batch 1550/3287, Loss: 0.6299
2025-10-09 23:28:40,002 [INFO] Época 6/30, Batch 1600/3287, Loss: 0.5739
2025-10-09 23:28:40,256 [INFO] Época 6/30, Batch 1650/3287, Loss: 0.6376
2025-10-09 23:28:40,508 [INFO] Época 6/30, Batch 1700/3287, Loss: 0.6754
2025-10-09 23:28:40,763 [INFO] Época 6/30, Batch 1750/3287, Loss: 0.5652
2025-10-09 23:28:41,016 [INFO] Época 6/30, Batch 1800/3287, Loss: 0.6357
2025-10-09 23:28:41,269 [INFO] Época 6/30, Batch 1850/3287, Loss: 0.7028
2025-10-09 23:28:41,525 [INFO] Época 6/30, Batch 1900/3287, Loss: 0.7400
2025-10-09 23:28:41,782 [INFO] Época 6/30, Batch 1950/3287, Loss: 0.8830
2025-10-09 23:28:42,039 [INFO] Época 6/30, Batch 2000/3287, Loss: 0.6028
2025-10-09 23:28:42,298 [INFO] Época 6/30, Batch 2050/3287, Loss: 0.6916
2025-10-09 23:28:42,557 [INFO] Época 6/30, Batch 2100/3287, Loss: 0.6170
2025-10-09 23:28:42,819 [INFO] Época 6/30, Batch 2150/3287, Loss: 0.6771
2025-10-09 23:28:43,079 [INFO] Época 6/30, Batch 2200/3287, Loss: 0.7009
2025-10-09 23:28:43,339 [INFO] Época 6/30, Batch 2250/3287, Loss: 0.7123
2025-10-09 23:28:43,596 [INFO] Época 6/30, Batch 2300/3287, Loss: 0.4322
2025-10-09 23:28:43,853 [INFO] Época 6/30, Batch 2350/3287, Loss: 0.8104
2025-10-09 23:28:44,110 [INFO] Época 6/30, Batch 2400/3287, Loss: 0.6853
2025-10-09 23:28:44,368 [INFO] Época 6/30, Batch 2450/3287, Loss: 0.5863
2025-10-09 23:28:44,627 [INFO] Época 6/30, Batch 2500/3287, Loss: 0.5848
2025-10-09 23:28:44,885 [INFO] Época 6/30, Batch 2550/3287, Loss: 0.7726
2025-10-09 23:28:45,139 [INFO] Época 6/30, Batch 2600/3287, Loss: 0.7769
2025-10-09 23:28:45,393 [INFO] Época 6/30, Batch 2650/3287, Loss: 0.7780
2025-10-09 23:28:45,648 [INFO] Época 6/30, Batch 2700/3287, Loss: 0.6034
2025-10-09 23:28:45,904 [INFO] Época 6/30, Batch 2750/3287, Loss: 0.5648
2025-10-09 23:28:46,161 [INFO] Época 6/30, Batch 2800/3287, Loss: 0.7451
2025-10-09 23:28:46,415 [INFO] Época 6/30, Batch 2850/3287, Loss: 0.5111
2025-10-09 23:28:46,666 [INFO] Época 6/30, Batch 2900/3287, Loss: 0.7253
2025-10-09 23:28:46,921 [INFO] Época 6/30, Batch 2950/3287, Loss: 0.7168
2025-10-09 23:28:47,177 [INFO] Época 6/30, Batch 3000/3287, Loss: 0.7074
2025-10-09 23:28:47,434 [INFO] Época 6/30, Batch 3050/3287, Loss: 0.5384
2025-10-09 23:28:47,690 [INFO] Época 6/30, Batch 3100/3287, Loss: 0.8476
2025-10-09 23:28:47,945 [INFO] Época 6/30, Batch 3150/3287, Loss: 0.7970
2025-10-09 23:28:48,201 [INFO] Época 6/30, Batch 3200/3287, Loss: 0.5949
2025-10-09 23:28:48,458 [INFO] Época 6/30, Batch 3250/3287, Loss: 0.7141
2025-10-09 23:28:50,168 [INFO] [6/30] Train Loss: 0.6404 | Val Loss: 0.5455 | Tempo: 18.73s
2025-10-09 23:28:50,731 [INFO] Época 7/30, Batch 50/3287, Loss: 0.5486
2025-10-09 23:28:51,002 [INFO] Época 7/30, Batch 100/3287, Loss: 0.6560
2025-10-09 23:28:51,275 [INFO] Época 7/30, Batch 150/3287, Loss: 0.6472
2025-10-09 23:28:51,544 [INFO] Época 7/30, Batch 200/3287, Loss: 0.6896
2025-10-09 23:28:51,812 [INFO] Época 7/30, Batch 250/3287, Loss: 0.8317
2025-10-09 23:28:52,080 [INFO] Época 7/30, Batch 300/3287, Loss: 0.4922
2025-10-09 23:28:52,347 [INFO] Época 7/30, Batch 350/3287, Loss: 0.8413
2025-10-09 23:28:52,615 [INFO] Época 7/30, Batch 400/3287, Loss: 0.6632
2025-10-09 23:28:52,889 [INFO] Época 7/30, Batch 450/3287, Loss: 0.5034
2025-10-09 23:28:53,164 [INFO] Época 7/30, Batch 500/3287, Loss: 0.5765
2025-10-09 23:28:53,440 [INFO] Época 7/30, Batch 550/3287, Loss: 0.6547
2025-10-09 23:28:53,712 [INFO] Época 7/30, Batch 600/3287, Loss: 0.7114
2025-10-09 23:28:53,969 [INFO] Época 7/30, Batch 650/3287, Loss: 0.6235
2025-10-09 23:28:54,230 [INFO] Época 7/30, Batch 700/3287, Loss: 0.6621
2025-10-09 23:28:54,493 [INFO] Época 7/30, Batch 750/3287, Loss: 0.6480
2025-10-09 23:28:54,758 [INFO] Época 7/30, Batch 800/3287, Loss: 0.6573
2025-10-09 23:28:55,011 [INFO] Época 7/30, Batch 850/3287, Loss: 0.5950
2025-10-09 23:28:55,261 [INFO] Época 7/30, Batch 900/3287, Loss: 0.7515
2025-10-09 23:28:55,505 [INFO] Época 7/30, Batch 950/3287, Loss: 0.4024
2025-10-09 23:28:55,749 [INFO] Época 7/30, Batch 1000/3287, Loss: 0.6870
2025-10-09 23:28:55,993 [INFO] Época 7/30, Batch 1050/3287, Loss: 0.6566
2025-10-09 23:28:56,236 [INFO] Época 7/30, Batch 1100/3287, Loss: 0.7051
2025-10-09 23:28:56,479 [INFO] Época 7/30, Batch 1150/3287, Loss: 0.6363
2025-10-09 23:28:56,721 [INFO] Época 7/30, Batch 1200/3287, Loss: 0.5914
2025-10-09 23:28:56,968 [INFO] Época 7/30, Batch 1250/3287, Loss: 0.6694
2025-10-09 23:28:57,222 [INFO] Época 7/30, Batch 1300/3287, Loss: 0.6014
2025-10-09 23:28:57,474 [INFO] Época 7/30, Batch 1350/3287, Loss: 0.6545
2025-10-09 23:28:57,727 [INFO] Época 7/30, Batch 1400/3287, Loss: 0.6732
2025-10-09 23:28:57,980 [INFO] Época 7/30, Batch 1450/3287, Loss: 0.7035
2025-10-09 23:28:58,231 [INFO] Época 7/30, Batch 1500/3287, Loss: 0.7253
2025-10-09 23:28:58,485 [INFO] Época 7/30, Batch 1550/3287, Loss: 0.8264
2025-10-09 23:28:58,738 [INFO] Época 7/30, Batch 1600/3287, Loss: 0.5111
2025-10-09 23:28:58,990 [INFO] Época 7/30, Batch 1650/3287, Loss: 0.6271
2025-10-09 23:28:59,243 [INFO] Época 7/30, Batch 1700/3287, Loss: 0.9208
2025-10-09 23:28:59,500 [INFO] Época 7/30, Batch 1750/3287, Loss: 0.6180
2025-10-09 23:28:59,754 [INFO] Época 7/30, Batch 1800/3287, Loss: 0.7346
2025-10-09 23:29:00,009 [INFO] Época 7/30, Batch 1850/3287, Loss: 0.6105
2025-10-09 23:29:00,264 [INFO] Época 7/30, Batch 1900/3287, Loss: 0.6796
2025-10-09 23:29:00,517 [INFO] Época 7/30, Batch 1950/3287, Loss: 0.5403
2025-10-09 23:29:00,770 [INFO] Época 7/30, Batch 2000/3287, Loss: 0.7219
2025-10-09 23:29:01,027 [INFO] Época 7/30, Batch 2050/3287, Loss: 0.6369
2025-10-09 23:29:01,282 [INFO] Época 7/30, Batch 2100/3287, Loss: 0.7074
2025-10-09 23:29:01,536 [INFO] Época 7/30, Batch 2150/3287, Loss: 0.6401
2025-10-09 23:29:01,792 [INFO] Época 7/30, Batch 2200/3287, Loss: 0.7486
2025-10-09 23:29:02,045 [INFO] Época 7/30, Batch 2250/3287, Loss: 0.5755
2025-10-09 23:29:02,299 [INFO] Época 7/30, Batch 2300/3287, Loss: 0.5955
2025-10-09 23:29:02,555 [INFO] Época 7/30, Batch 2350/3287, Loss: 0.5887
2025-10-09 23:29:02,811 [INFO] Época 7/30, Batch 2400/3287, Loss: 0.5040
2025-10-09 23:29:03,063 [INFO] Época 7/30, Batch 2450/3287, Loss: 0.6547
2025-10-09 23:29:03,318 [INFO] Época 7/30, Batch 2500/3287, Loss: 0.7257
2025-10-09 23:29:03,571 [INFO] Época 7/30, Batch 2550/3287, Loss: 0.7843
2025-10-09 23:29:03,828 [INFO] Época 7/30, Batch 2600/3287, Loss: 0.7341
2025-10-09 23:29:04,082 [INFO] Época 7/30, Batch 2650/3287, Loss: 0.5892
2025-10-09 23:29:04,337 [INFO] Época 7/30, Batch 2700/3287, Loss: 0.4806
2025-10-09 23:29:04,590 [INFO] Época 7/30, Batch 2750/3287, Loss: 0.4909
2025-10-09 23:29:04,844 [INFO] Época 7/30, Batch 2800/3287, Loss: 0.6155
2025-10-09 23:29:05,097 [INFO] Época 7/30, Batch 2850/3287, Loss: 0.9342
2025-10-09 23:29:05,350 [INFO] Época 7/30, Batch 2900/3287, Loss: 0.8279
2025-10-09 23:29:05,605 [INFO] Época 7/30, Batch 2950/3287, Loss: 0.7011
2025-10-09 23:29:05,859 [INFO] Época 7/30, Batch 3000/3287, Loss: 0.7805
2025-10-09 23:29:06,116 [INFO] Época 7/30, Batch 3050/3287, Loss: 0.7278
2025-10-09 23:29:06,371 [INFO] Época 7/30, Batch 3100/3287, Loss: 0.7576
2025-10-09 23:29:06,627 [INFO] Época 7/30, Batch 3150/3287, Loss: 0.6909
2025-10-09 23:29:06,883 [INFO] Época 7/30, Batch 3200/3287, Loss: 0.9084
2025-10-09 23:29:07,138 [INFO] Época 7/30, Batch 3250/3287, Loss: 0.5821
2025-10-09 23:29:08,828 [INFO] [7/30] Train Loss: 0.6388 | Val Loss: 0.5385 | Tempo: 18.66s
2025-10-09 23:29:09,389 [INFO] Época 8/30, Batch 50/3287, Loss: 0.5255
2025-10-09 23:29:09,662 [INFO] Época 8/30, Batch 100/3287, Loss: 0.7257
2025-10-09 23:29:09,928 [INFO] Época 8/30, Batch 150/3287, Loss: 0.8237
2025-10-09 23:29:10,191 [INFO] Época 8/30, Batch 200/3287, Loss: 0.6005
2025-10-09 23:29:10,453 [INFO] Época 8/30, Batch 250/3287, Loss: 0.6188
2025-10-09 23:29:10,715 [INFO] Época 8/30, Batch 300/3287, Loss: 0.6472
2025-10-09 23:29:10,977 [INFO] Época 8/30, Batch 350/3287, Loss: 0.6674
2025-10-09 23:29:11,237 [INFO] Época 8/30, Batch 400/3287, Loss: 0.5994
2025-10-09 23:29:11,497 [INFO] Época 8/30, Batch 450/3287, Loss: 0.6836
2025-10-09 23:29:11,757 [INFO] Época 8/30, Batch 500/3287, Loss: 0.6004
2025-10-09 23:29:12,016 [INFO] Época 8/30, Batch 550/3287, Loss: 0.5377
2025-10-09 23:29:12,276 [INFO] Época 8/30, Batch 600/3287, Loss: 0.6541
2025-10-09 23:29:12,535 [INFO] Época 8/30, Batch 650/3287, Loss: 0.7453
2025-10-09 23:29:12,796 [INFO] Época 8/30, Batch 700/3287, Loss: 0.6049
2025-10-09 23:29:13,054 [INFO] Época 8/30, Batch 750/3287, Loss: 0.4955
2025-10-09 23:29:13,313 [INFO] Época 8/30, Batch 800/3287, Loss: 0.5177
2025-10-09 23:29:13,571 [INFO] Época 8/30, Batch 850/3287, Loss: 0.6508
2025-10-09 23:29:13,827 [INFO] Época 8/30, Batch 900/3287, Loss: 0.4660
2025-10-09 23:29:14,083 [INFO] Época 8/30, Batch 950/3287, Loss: 0.5978
2025-10-09 23:29:14,340 [INFO] Época 8/30, Batch 1000/3287, Loss: 0.6729
2025-10-09 23:29:14,597 [INFO] Época 8/30, Batch 1050/3287, Loss: 0.4476
2025-10-09 23:29:14,855 [INFO] Época 8/30, Batch 1100/3287, Loss: 0.7117
2025-10-09 23:29:15,113 [INFO] Época 8/30, Batch 1150/3287, Loss: 0.5499
2025-10-09 23:29:15,370 [INFO] Época 8/30, Batch 1200/3287, Loss: 0.5364
2025-10-09 23:29:15,626 [INFO] Época 8/30, Batch 1250/3287, Loss: 0.5906
2025-10-09 23:29:15,884 [INFO] Época 8/30, Batch 1300/3287, Loss: 0.5407
2025-10-09 23:29:16,141 [INFO] Época 8/30, Batch 1350/3287, Loss: 0.6256
2025-10-09 23:29:16,398 [INFO] Época 8/30, Batch 1400/3287, Loss: 0.5586
2025-10-09 23:29:16,655 [INFO] Época 8/30, Batch 1450/3287, Loss: 0.5901
2025-10-09 23:29:16,916 [INFO] Época 8/30, Batch 1500/3287, Loss: 0.7231
2025-10-09 23:29:17,176 [INFO] Época 8/30, Batch 1550/3287, Loss: 0.6745
2025-10-09 23:29:17,435 [INFO] Época 8/30, Batch 1600/3287, Loss: 0.6462
2025-10-09 23:29:17,694 [INFO] Época 8/30, Batch 1650/3287, Loss: 0.5039
2025-10-09 23:29:17,953 [INFO] Época 8/30, Batch 1700/3287, Loss: 0.7660
2025-10-09 23:29:18,213 [INFO] Época 8/30, Batch 1750/3287, Loss: 0.5483
2025-10-09 23:29:18,473 [INFO] Época 8/30, Batch 1800/3287, Loss: 0.4504
2025-10-09 23:29:18,734 [INFO] Época 8/30, Batch 1850/3287, Loss: 0.6573
2025-10-09 23:29:18,995 [INFO] Época 8/30, Batch 1900/3287, Loss: 0.7755
2025-10-09 23:29:19,258 [INFO] Época 8/30, Batch 1950/3287, Loss: 0.5927
2025-10-09 23:29:19,518 [INFO] Época 8/30, Batch 2000/3287, Loss: 0.7339
2025-10-09 23:29:19,778 [INFO] Época 8/30, Batch 2050/3287, Loss: 0.5346
2025-10-09 23:29:20,035 [INFO] Época 8/30, Batch 2100/3287, Loss: 0.6221
2025-10-09 23:29:20,295 [INFO] Época 8/30, Batch 2150/3287, Loss: 0.6682
2025-10-09 23:29:20,555 [INFO] Época 8/30, Batch 2200/3287, Loss: 0.7381
2025-10-09 23:29:20,814 [INFO] Época 8/30, Batch 2250/3287, Loss: 0.6206
2025-10-09 23:29:21,075 [INFO] Época 8/30, Batch 2300/3287, Loss: 0.5927
2025-10-09 23:29:21,334 [INFO] Época 8/30, Batch 2350/3287, Loss: 0.5863
2025-10-09 23:29:21,595 [INFO] Época 8/30, Batch 2400/3287, Loss: 0.7311
2025-10-09 23:29:21,852 [INFO] Época 8/30, Batch 2450/3287, Loss: 0.5220
2025-10-09 23:29:22,110 [INFO] Época 8/30, Batch 2500/3287, Loss: 0.6674
2025-10-09 23:29:22,366 [INFO] Época 8/30, Batch 2550/3287, Loss: 0.6219
2025-10-09 23:29:22,626 [INFO] Época 8/30, Batch 2600/3287, Loss: 0.4976
2025-10-09 23:29:22,887 [INFO] Época 8/30, Batch 2650/3287, Loss: 0.6324
2025-10-09 23:29:23,147 [INFO] Época 8/30, Batch 2700/3287, Loss: 0.6780
2025-10-09 23:29:23,407 [INFO] Época 8/30, Batch 2750/3287, Loss: 0.5088
2025-10-09 23:29:23,667 [INFO] Época 8/30, Batch 2800/3287, Loss: 0.7892
2025-10-09 23:29:23,926 [INFO] Época 8/30, Batch 2850/3287, Loss: 0.6883
2025-10-09 23:29:24,186 [INFO] Época 8/30, Batch 2900/3287, Loss: 0.5150
2025-10-09 23:29:24,444 [INFO] Época 8/30, Batch 2950/3287, Loss: 0.5558
2025-10-09 23:29:24,705 [INFO] Época 8/30, Batch 3000/3287, Loss: 0.7084
2025-10-09 23:29:24,965 [INFO] Época 8/30, Batch 3050/3287, Loss: 0.6132
2025-10-09 23:29:25,226 [INFO] Época 8/30, Batch 3100/3287, Loss: 0.6968
2025-10-09 23:29:25,488 [INFO] Época 8/30, Batch 3150/3287, Loss: 0.5828
2025-10-09 23:29:25,747 [INFO] Época 8/30, Batch 3200/3287, Loss: 0.5192
2025-10-09 23:29:26,007 [INFO] Época 8/30, Batch 3250/3287, Loss: 0.4596
2025-10-09 23:29:27,725 [INFO] [8/30] Train Loss: 0.6365 | Val Loss: 0.5360 | Tempo: 18.90s
2025-10-09 23:29:28,281 [INFO] Época 9/30, Batch 50/3287, Loss: 0.8822
2025-10-09 23:29:28,544 [INFO] Época 9/30, Batch 100/3287, Loss: 0.5799
2025-10-09 23:29:28,805 [INFO] Época 9/30, Batch 150/3287, Loss: 0.6966
2025-10-09 23:29:29,062 [INFO] Época 9/30, Batch 200/3287, Loss: 0.5342
2025-10-09 23:29:29,318 [INFO] Época 9/30, Batch 250/3287, Loss: 0.6116
2025-10-09 23:29:29,575 [INFO] Época 9/30, Batch 300/3287, Loss: 0.6329
2025-10-09 23:29:29,830 [INFO] Época 9/30, Batch 350/3287, Loss: 0.7671
2025-10-09 23:29:30,087 [INFO] Época 9/30, Batch 400/3287, Loss: 0.6251
2025-10-09 23:29:30,341 [INFO] Época 9/30, Batch 450/3287, Loss: 0.7246
2025-10-09 23:29:30,600 [INFO] Época 9/30, Batch 500/3287, Loss: 0.9435
2025-10-09 23:29:30,856 [INFO] Época 9/30, Batch 550/3287, Loss: 0.6053
2025-10-09 23:29:31,116 [INFO] Época 9/30, Batch 600/3287, Loss: 0.6293
2025-10-09 23:29:31,375 [INFO] Época 9/30, Batch 650/3287, Loss: 0.7735
2025-10-09 23:29:31,633 [INFO] Época 9/30, Batch 700/3287, Loss: 0.6793
2025-10-09 23:29:31,892 [INFO] Época 9/30, Batch 750/3287, Loss: 0.6276
2025-10-09 23:29:32,140 [INFO] Época 9/30, Batch 800/3287, Loss: 0.6952
2025-10-09 23:29:32,388 [INFO] Época 9/30, Batch 850/3287, Loss: 0.5608
2025-10-09 23:29:32,635 [INFO] Época 9/30, Batch 900/3287, Loss: 0.5248
2025-10-09 23:29:32,886 [INFO] Época 9/30, Batch 950/3287, Loss: 0.5915
2025-10-09 23:29:33,130 [INFO] Época 9/30, Batch 1000/3287, Loss: 0.6396
2025-10-09 23:29:33,374 [INFO] Época 9/30, Batch 1050/3287, Loss: 0.7042
2025-10-09 23:29:33,619 [INFO] Época 9/30, Batch 1100/3287, Loss: 0.6539
2025-10-09 23:29:33,865 [INFO] Época 9/30, Batch 1150/3287, Loss: 0.7087
2025-10-09 23:29:34,118 [INFO] Época 9/30, Batch 1200/3287, Loss: 0.7381
2025-10-09 23:29:34,374 [INFO] Época 9/30, Batch 1250/3287, Loss: 0.9578
2025-10-09 23:29:34,630 [INFO] Época 9/30, Batch 1300/3287, Loss: 0.5977
2025-10-09 23:29:34,885 [INFO] Época 9/30, Batch 1350/3287, Loss: 0.5916
2025-10-09 23:29:35,142 [INFO] Época 9/30, Batch 1400/3287, Loss: 0.7347
2025-10-09 23:29:35,398 [INFO] Época 9/30, Batch 1450/3287, Loss: 0.5742
2025-10-09 23:29:35,655 [INFO] Época 9/30, Batch 1500/3287, Loss: 0.5882
2025-10-09 23:29:35,912 [INFO] Época 9/30, Batch 1550/3287, Loss: 0.6045
2025-10-09 23:29:36,170 [INFO] Época 9/30, Batch 1600/3287, Loss: 0.7553
2025-10-09 23:29:36,428 [INFO] Época 9/30, Batch 1650/3287, Loss: 0.5462
2025-10-09 23:29:36,685 [INFO] Época 9/30, Batch 1700/3287, Loss: 0.7273
2025-10-09 23:29:36,943 [INFO] Época 9/30, Batch 1750/3287, Loss: 0.5886
2025-10-09 23:29:37,200 [INFO] Época 9/30, Batch 1800/3287, Loss: 0.7974
2025-10-09 23:29:37,457 [INFO] Época 9/30, Batch 1850/3287, Loss: 0.7153
2025-10-09 23:29:37,715 [INFO] Época 9/30, Batch 1900/3287, Loss: 0.6044
2025-10-09 23:29:37,972 [INFO] Época 9/30, Batch 1950/3287, Loss: 0.5290
2025-10-09 23:29:38,227 [INFO] Época 9/30, Batch 2000/3287, Loss: 0.5665
2025-10-09 23:29:38,482 [INFO] Época 9/30, Batch 2050/3287, Loss: 0.7022
2025-10-09 23:29:38,736 [INFO] Época 9/30, Batch 2100/3287, Loss: 0.5615
2025-10-09 23:29:38,995 [INFO] Época 9/30, Batch 2150/3287, Loss: 0.5037
2025-10-09 23:29:39,254 [INFO] Época 9/30, Batch 2200/3287, Loss: 0.8158
2025-10-09 23:29:39,511 [INFO] Época 9/30, Batch 2250/3287, Loss: 0.6465
2025-10-09 23:29:39,769 [INFO] Época 9/30, Batch 2300/3287, Loss: 0.4554
2025-10-09 23:29:40,027 [INFO] Época 9/30, Batch 2350/3287, Loss: 0.7359
2025-10-09 23:29:40,283 [INFO] Época 9/30, Batch 2400/3287, Loss: 0.4108
2025-10-09 23:29:40,542 [INFO] Época 9/30, Batch 2450/3287, Loss: 0.7385
2025-10-09 23:29:40,800 [INFO] Época 9/30, Batch 2500/3287, Loss: 0.6075
2025-10-09 23:29:41,057 [INFO] Época 9/30, Batch 2550/3287, Loss: 0.6526
2025-10-09 23:29:41,315 [INFO] Época 9/30, Batch 2600/3287, Loss: 0.6522
2025-10-09 23:29:41,572 [INFO] Época 9/30, Batch 2650/3287, Loss: 0.5655
2025-10-09 23:29:41,828 [INFO] Época 9/30, Batch 2700/3287, Loss: 0.6214
2025-10-09 23:29:42,086 [INFO] Época 9/30, Batch 2750/3287, Loss: 0.7158
2025-10-09 23:29:42,344 [INFO] Época 9/30, Batch 2800/3287, Loss: 0.6591
2025-10-09 23:29:42,600 [INFO] Época 9/30, Batch 2850/3287, Loss: 0.6521
2025-10-09 23:29:42,859 [INFO] Época 9/30, Batch 2900/3287, Loss: 0.6154
2025-10-09 23:29:43,122 [INFO] Época 9/30, Batch 2950/3287, Loss: 0.5151
2025-10-09 23:29:43,384 [INFO] Época 9/30, Batch 3000/3287, Loss: 0.5858
2025-10-09 23:29:43,646 [INFO] Época 9/30, Batch 3050/3287, Loss: 0.7343
2025-10-09 23:29:43,904 [INFO] Época 9/30, Batch 3100/3287, Loss: 0.5142
2025-10-09 23:29:44,166 [INFO] Época 9/30, Batch 3150/3287, Loss: 0.6548
2025-10-09 23:29:44,428 [INFO] Época 9/30, Batch 3200/3287, Loss: 0.4941
2025-10-09 23:29:44,690 [INFO] Época 9/30, Batch 3250/3287, Loss: 0.4958
2025-10-09 23:29:46,398 [INFO] [9/30] Train Loss: 0.6347 | Val Loss: 0.5369 | Tempo: 18.67s
2025-10-09 23:29:46,970 [INFO] Época 10/30, Batch 50/3287, Loss: 0.9029
2025-10-09 23:29:47,242 [INFO] Época 10/30, Batch 100/3287, Loss: 0.5775
2025-10-09 23:29:47,512 [INFO] Época 10/30, Batch 150/3287, Loss: 0.6845
2025-10-09 23:29:47,782 [INFO] Época 10/30, Batch 200/3287, Loss: 0.7807
2025-10-09 23:29:48,052 [INFO] Época 10/30, Batch 250/3287, Loss: 0.8848
2025-10-09 23:29:48,323 [INFO] Época 10/30, Batch 300/3287, Loss: 0.6253
2025-10-09 23:29:48,592 [INFO] Época 10/30, Batch 350/3287, Loss: 0.6882
2025-10-09 23:29:48,859 [INFO] Época 10/30, Batch 400/3287, Loss: 0.6492
2025-10-09 23:29:49,127 [INFO] Época 10/30, Batch 450/3287, Loss: 0.6080
2025-10-09 23:29:49,395 [INFO] Época 10/30, Batch 500/3287, Loss: 0.6732
2025-10-09 23:29:49,665 [INFO] Época 10/30, Batch 550/3287, Loss: 0.4943
2025-10-09 23:29:49,932 [INFO] Época 10/30, Batch 600/3287, Loss: 0.6005
2025-10-09 23:29:50,201 [INFO] Época 10/30, Batch 650/3287, Loss: 0.6809
2025-10-09 23:29:50,465 [INFO] Época 10/30, Batch 700/3287, Loss: 0.6234
2025-10-09 23:29:50,727 [INFO] Época 10/30, Batch 750/3287, Loss: 0.6370
2025-10-09 23:29:50,989 [INFO] Época 10/30, Batch 800/3287, Loss: 0.5794
2025-10-09 23:29:51,250 [INFO] Época 10/30, Batch 850/3287, Loss: 0.4942
2025-10-09 23:29:51,512 [INFO] Época 10/30, Batch 900/3287, Loss: 0.6227
2025-10-09 23:29:51,773 [INFO] Época 10/30, Batch 950/3287, Loss: 0.8257
2025-10-09 23:29:52,036 [INFO] Época 10/30, Batch 1000/3287, Loss: 0.6551
2025-10-09 23:29:52,296 [INFO] Época 10/30, Batch 1050/3287, Loss: 0.6231
2025-10-09 23:29:52,559 [INFO] Época 10/30, Batch 1100/3287, Loss: 0.8512
2025-10-09 23:29:52,821 [INFO] Época 10/30, Batch 1150/3287, Loss: 0.7434
2025-10-09 23:29:53,083 [INFO] Época 10/30, Batch 1200/3287, Loss: 0.5623
2025-10-09 23:29:53,347 [INFO] Época 10/30, Batch 1250/3287, Loss: 0.6546
2025-10-09 23:29:53,609 [INFO] Época 10/30, Batch 1300/3287, Loss: 0.6626
2025-10-09 23:29:53,870 [INFO] Época 10/30, Batch 1350/3287, Loss: 0.5215
2025-10-09 23:29:54,131 [INFO] Época 10/30, Batch 1400/3287, Loss: 0.4521
2025-10-09 23:29:54,392 [INFO] Época 10/30, Batch 1450/3287, Loss: 0.6679
2025-10-09 23:29:54,653 [INFO] Época 10/30, Batch 1500/3287, Loss: 0.6323
2025-10-09 23:29:54,913 [INFO] Época 10/30, Batch 1550/3287, Loss: 0.7011
2025-10-09 23:29:55,175 [INFO] Época 10/30, Batch 1600/3287, Loss: 0.6387
2025-10-09 23:29:55,435 [INFO] Época 10/30, Batch 1650/3287, Loss: 0.6387
2025-10-09 23:29:55,694 [INFO] Época 10/30, Batch 1700/3287, Loss: 0.6217
2025-10-09 23:29:55,957 [INFO] Época 10/30, Batch 1750/3287, Loss: 0.6433
2025-10-09 23:29:56,219 [INFO] Época 10/30, Batch 1800/3287, Loss: 0.5757
2025-10-09 23:29:56,480 [INFO] Época 10/30, Batch 1850/3287, Loss: 0.7182
2025-10-09 23:29:56,741 [INFO] Época 10/30, Batch 1900/3287, Loss: 0.9996
2025-10-09 23:29:57,002 [INFO] Época 10/30, Batch 1950/3287, Loss: 0.5648
2025-10-09 23:29:57,263 [INFO] Época 10/30, Batch 2000/3287, Loss: 0.6580
2025-10-09 23:29:57,524 [INFO] Época 10/30, Batch 2050/3287, Loss: 0.5440
2025-10-09 23:29:57,787 [INFO] Época 10/30, Batch 2100/3287, Loss: 0.5442
2025-10-09 23:29:58,056 [INFO] Época 10/30, Batch 2150/3287, Loss: 0.5573
2025-10-09 23:29:58,322 [INFO] Época 10/30, Batch 2200/3287, Loss: 0.7202
2025-10-09 23:29:58,588 [INFO] Época 10/30, Batch 2250/3287, Loss: 0.6892
2025-10-09 23:29:58,853 [INFO] Época 10/30, Batch 2300/3287, Loss: 0.7092
2025-10-09 23:29:59,119 [INFO] Época 10/30, Batch 2350/3287, Loss: 0.6043
2025-10-09 23:29:59,387 [INFO] Época 10/30, Batch 2400/3287, Loss: 0.4711
2025-10-09 23:29:59,652 [INFO] Época 10/30, Batch 2450/3287, Loss: 0.7204
2025-10-09 23:29:59,919 [INFO] Época 10/30, Batch 2500/3287, Loss: 0.8964
2025-10-09 23:30:00,185 [INFO] Época 10/30, Batch 2550/3287, Loss: 0.6723
2025-10-09 23:30:00,449 [INFO] Época 10/30, Batch 2600/3287, Loss: 0.4396
2025-10-09 23:30:00,713 [INFO] Época 10/30, Batch 2650/3287, Loss: 0.4966
2025-10-09 23:30:00,979 [INFO] Época 10/30, Batch 2700/3287, Loss: 0.6385
2025-10-09 23:30:01,244 [INFO] Época 10/30, Batch 2750/3287, Loss: 0.6818
2025-10-09 23:30:01,508 [INFO] Época 10/30, Batch 2800/3287, Loss: 0.4790
2025-10-09 23:30:01,769 [INFO] Época 10/30, Batch 2850/3287, Loss: 0.6337
2025-10-09 23:30:02,030 [INFO] Época 10/30, Batch 2900/3287, Loss: 0.8645
2025-10-09 23:30:02,296 [INFO] Época 10/30, Batch 2950/3287, Loss: 0.7473
2025-10-09 23:30:02,564 [INFO] Época 10/30, Batch 3000/3287, Loss: 0.5860
2025-10-09 23:30:02,828 [INFO] Época 10/30, Batch 3050/3287, Loss: 0.5000
2025-10-09 23:30:03,094 [INFO] Época 10/30, Batch 3100/3287, Loss: 0.6557
2025-10-09 23:30:03,358 [INFO] Época 10/30, Batch 3150/3287, Loss: 0.5013
2025-10-09 23:30:03,623 [INFO] Época 10/30, Batch 3200/3287, Loss: 0.6024
2025-10-09 23:30:03,889 [INFO] Época 10/30, Batch 3250/3287, Loss: 0.6016
2025-10-09 23:30:05,626 [INFO] [10/30] Train Loss: 0.6333 | Val Loss: 0.5545 | Tempo: 19.23s
2025-10-09 23:30:06,175 [INFO] Época 11/30, Batch 50/3287, Loss: 0.5664
2025-10-09 23:30:06,435 [INFO] Época 11/30, Batch 100/3287, Loss: 0.6871
2025-10-09 23:30:06,690 [INFO] Época 11/30, Batch 150/3287, Loss: 0.6903
2025-10-09 23:30:06,942 [INFO] Época 11/30, Batch 200/3287, Loss: 0.5035
2025-10-09 23:30:07,196 [INFO] Época 11/30, Batch 250/3287, Loss: 0.5440
2025-10-09 23:30:07,447 [INFO] Época 11/30, Batch 300/3287, Loss: 0.5877
2025-10-09 23:30:07,709 [INFO] Época 11/30, Batch 350/3287, Loss: 0.6920
2025-10-09 23:30:07,970 [INFO] Época 11/30, Batch 400/3287, Loss: 0.7076
2025-10-09 23:30:08,231 [INFO] Época 11/30, Batch 450/3287, Loss: 0.5464
2025-10-09 23:30:08,492 [INFO] Época 11/30, Batch 500/3287, Loss: 0.8462
2025-10-09 23:30:08,752 [INFO] Época 11/30, Batch 550/3287, Loss: 0.5558
2025-10-09 23:30:09,014 [INFO] Época 11/30, Batch 600/3287, Loss: 0.7247
2025-10-09 23:30:09,274 [INFO] Época 11/30, Batch 650/3287, Loss: 0.5179
2025-10-09 23:30:09,535 [INFO] Época 11/30, Batch 700/3287, Loss: 0.5856
2025-10-09 23:30:09,785 [INFO] Época 11/30, Batch 750/3287, Loss: 0.7020
2025-10-09 23:30:10,028 [INFO] Época 11/30, Batch 800/3287, Loss: 0.5340
2025-10-09 23:30:10,273 [INFO] Época 11/30, Batch 850/3287, Loss: 0.6459
2025-10-09 23:30:10,517 [INFO] Época 11/30, Batch 900/3287, Loss: 0.6469
2025-10-09 23:30:10,766 [INFO] Época 11/30, Batch 950/3287, Loss: 0.5074
2025-10-09 23:30:11,019 [INFO] Época 11/30, Batch 1000/3287, Loss: 0.7202
2025-10-09 23:30:11,274 [INFO] Época 11/30, Batch 1050/3287, Loss: 0.5053
2025-10-09 23:30:11,529 [INFO] Época 11/30, Batch 1100/3287, Loss: 0.5875
2025-10-09 23:30:11,783 [INFO] Época 11/30, Batch 1150/3287, Loss: 0.6500
2025-10-09 23:30:12,041 [INFO] Época 11/30, Batch 1200/3287, Loss: 0.6675
2025-10-09 23:30:12,302 [INFO] Época 11/30, Batch 1250/3287, Loss: 0.5671
2025-10-09 23:30:12,565 [INFO] Época 11/30, Batch 1300/3287, Loss: 0.6861
2025-10-09 23:30:12,828 [INFO] Época 11/30, Batch 1350/3287, Loss: 0.7064
2025-10-09 23:30:13,092 [INFO] Época 11/30, Batch 1400/3287, Loss: 0.6408
2025-10-09 23:30:13,354 [INFO] Época 11/30, Batch 1450/3287, Loss: 0.6441
2025-10-09 23:30:13,617 [INFO] Época 11/30, Batch 1500/3287, Loss: 0.7917
2025-10-09 23:30:13,882 [INFO] Época 11/30, Batch 1550/3287, Loss: 0.7495
2025-10-09 23:30:14,145 [INFO] Época 11/30, Batch 1600/3287, Loss: 0.5498
2025-10-09 23:30:14,408 [INFO] Época 11/30, Batch 1650/3287, Loss: 0.5335
2025-10-09 23:30:14,666 [INFO] Época 11/30, Batch 1700/3287, Loss: 0.6026
2025-10-09 23:30:14,921 [INFO] Época 11/30, Batch 1750/3287, Loss: 0.5279
2025-10-09 23:30:15,176 [INFO] Época 11/30, Batch 1800/3287, Loss: 0.6339
2025-10-09 23:30:15,427 [INFO] Época 11/30, Batch 1850/3287, Loss: 0.5204
2025-10-09 23:30:15,677 [INFO] Época 11/30, Batch 1900/3287, Loss: 0.7831
2025-10-09 23:30:15,931 [INFO] Época 11/30, Batch 1950/3287, Loss: 0.7329
2025-10-09 23:30:16,185 [INFO] Época 11/30, Batch 2000/3287, Loss: 0.7065
2025-10-09 23:30:16,442 [INFO] Época 11/30, Batch 2050/3287, Loss: 0.6305
2025-10-09 23:30:16,698 [INFO] Época 11/30, Batch 2100/3287, Loss: 0.5880
2025-10-09 23:30:16,951 [INFO] Época 11/30, Batch 2150/3287, Loss: 0.5843
2025-10-09 23:30:17,203 [INFO] Época 11/30, Batch 2200/3287, Loss: 0.4820
2025-10-09 23:30:17,455 [INFO] Época 11/30, Batch 2250/3287, Loss: 0.6140
2025-10-09 23:30:17,709 [INFO] Época 11/30, Batch 2300/3287, Loss: 0.6981
2025-10-09 23:30:17,959 [INFO] Época 11/30, Batch 2350/3287, Loss: 0.6400
2025-10-09 23:30:18,211 [INFO] Época 11/30, Batch 2400/3287, Loss: 0.5858
2025-10-09 23:30:18,463 [INFO] Época 11/30, Batch 2450/3287, Loss: 0.7071
2025-10-09 23:30:18,715 [INFO] Época 11/30, Batch 2500/3287, Loss: 0.6305
2025-10-09 23:30:18,967 [INFO] Época 11/30, Batch 2550/3287, Loss: 0.6650
2025-10-09 23:30:19,218 [INFO] Época 11/30, Batch 2600/3287, Loss: 0.5822
2025-10-09 23:30:19,469 [INFO] Época 11/30, Batch 2650/3287, Loss: 0.6547
2025-10-09 23:30:19,722 [INFO] Época 11/30, Batch 2700/3287, Loss: 0.5936
2025-10-09 23:30:19,973 [INFO] Época 11/30, Batch 2750/3287, Loss: 0.5122
2025-10-09 23:30:20,226 [INFO] Época 11/30, Batch 2800/3287, Loss: 0.6168
2025-10-09 23:30:20,480 [INFO] Época 11/30, Batch 2850/3287, Loss: 0.6120
2025-10-09 23:30:20,736 [INFO] Época 11/30, Batch 2900/3287, Loss: 0.6113
2025-10-09 23:30:20,990 [INFO] Época 11/30, Batch 2950/3287, Loss: 0.4939
2025-10-09 23:30:21,242 [INFO] Época 11/30, Batch 3000/3287, Loss: 0.6637
2025-10-09 23:30:21,496 [INFO] Época 11/30, Batch 3050/3287, Loss: 0.6103
2025-10-09 23:30:21,749 [INFO] Época 11/30, Batch 3100/3287, Loss: 0.8957
2025-10-09 23:30:22,001 [INFO] Época 11/30, Batch 3150/3287, Loss: 0.6538
2025-10-09 23:30:22,252 [INFO] Época 11/30, Batch 3200/3287, Loss: 0.6307
2025-10-09 23:30:22,503 [INFO] Época 11/30, Batch 3250/3287, Loss: 0.6182
2025-10-09 23:30:24,087 [INFO] [11/30] Train Loss: 0.6316 | Val Loss: 0.5432 | Tempo: 18.46s
2025-10-09 23:30:24,632 [INFO] Época 12/30, Batch 50/3287, Loss: 0.8037
2025-10-09 23:30:24,890 [INFO] Época 12/30, Batch 100/3287, Loss: 0.7211
2025-10-09 23:30:25,144 [INFO] Época 12/30, Batch 150/3287, Loss: 0.6786
2025-10-09 23:30:25,400 [INFO] Época 12/30, Batch 200/3287, Loss: 0.6266
2025-10-09 23:30:25,659 [INFO] Época 12/30, Batch 250/3287, Loss: 0.6387
2025-10-09 23:30:25,921 [INFO] Época 12/30, Batch 300/3287, Loss: 0.7142
2025-10-09 23:30:26,181 [INFO] Época 12/30, Batch 350/3287, Loss: 0.6149
2025-10-09 23:30:26,441 [INFO] Época 12/30, Batch 400/3287, Loss: 0.4670
2025-10-09 23:30:26,697 [INFO] Época 12/30, Batch 450/3287, Loss: 0.6078
2025-10-09 23:30:26,948 [INFO] Época 12/30, Batch 500/3287, Loss: 0.6360
2025-10-09 23:30:27,200 [INFO] Época 12/30, Batch 550/3287, Loss: 0.4884
2025-10-09 23:30:27,452 [INFO] Época 12/30, Batch 600/3287, Loss: 0.6927
2025-10-09 23:30:27,705 [INFO] Época 12/30, Batch 650/3287, Loss: 0.5170
2025-10-09 23:30:27,957 [INFO] Época 12/30, Batch 700/3287, Loss: 0.5937
2025-10-09 23:30:28,205 [INFO] Época 12/30, Batch 750/3287, Loss: 0.6203
2025-10-09 23:30:28,454 [INFO] Época 12/30, Batch 800/3287, Loss: 0.6724
2025-10-09 23:30:28,704 [INFO] Época 12/30, Batch 850/3287, Loss: 0.6682
2025-10-09 23:30:28,951 [INFO] Época 12/30, Batch 900/3287, Loss: 0.8891
2025-10-09 23:30:29,198 [INFO] Época 12/30, Batch 950/3287, Loss: 0.5905
2025-10-09 23:30:29,443 [INFO] Época 12/30, Batch 1000/3287, Loss: 0.7279
2025-10-09 23:30:29,690 [INFO] Época 12/30, Batch 1050/3287, Loss: 0.6594
2025-10-09 23:30:29,936 [INFO] Época 12/30, Batch 1100/3287, Loss: 0.6388
2025-10-09 23:30:30,187 [INFO] Época 12/30, Batch 1150/3287, Loss: 0.5953
2025-10-09 23:30:30,439 [INFO] Época 12/30, Batch 1200/3287, Loss: 0.7308
2025-10-09 23:30:30,689 [INFO] Época 12/30, Batch 1250/3287, Loss: 0.7215
2025-10-09 23:30:30,939 [INFO] Época 12/30, Batch 1300/3287, Loss: 0.5761
2025-10-09 23:30:31,190 [INFO] Época 12/30, Batch 1350/3287, Loss: 0.7668
2025-10-09 23:30:31,442 [INFO] Época 12/30, Batch 1400/3287, Loss: 0.6357
2025-10-09 23:30:31,694 [INFO] Época 12/30, Batch 1450/3287, Loss: 0.5781
2025-10-09 23:30:31,946 [INFO] Época 12/30, Batch 1500/3287, Loss: 0.6362
2025-10-09 23:30:32,197 [INFO] Época 12/30, Batch 1550/3287, Loss: 0.6321
2025-10-09 23:30:32,449 [INFO] Época 12/30, Batch 1600/3287, Loss: 0.5509
2025-10-09 23:30:32,699 [INFO] Época 12/30, Batch 1650/3287, Loss: 0.5664
2025-10-09 23:30:32,950 [INFO] Época 12/30, Batch 1700/3287, Loss: 0.5657
2025-10-09 23:30:33,196 [INFO] Época 12/30, Batch 1750/3287, Loss: 0.5951
2025-10-09 23:30:33,444 [INFO] Época 12/30, Batch 1800/3287, Loss: 0.7386
2025-10-09 23:30:33,695 [INFO] Época 12/30, Batch 1850/3287, Loss: 0.7221
2025-10-09 23:30:33,945 [INFO] Época 12/30, Batch 1900/3287, Loss: 0.5181
2025-10-09 23:30:34,194 [INFO] Época 12/30, Batch 1950/3287, Loss: 0.7298
2025-10-09 23:30:34,445 [INFO] Época 12/30, Batch 2000/3287, Loss: 0.6260
2025-10-09 23:30:34,696 [INFO] Época 12/30, Batch 2050/3287, Loss: 0.8581
2025-10-09 23:30:34,948 [INFO] Época 12/30, Batch 2100/3287, Loss: 0.5295
2025-10-09 23:30:35,200 [INFO] Época 12/30, Batch 2150/3287, Loss: 0.6782
2025-10-09 23:30:35,450 [INFO] Época 12/30, Batch 2200/3287, Loss: 0.6173
2025-10-09 23:30:35,702 [INFO] Época 12/30, Batch 2250/3287, Loss: 0.6403
2025-10-09 23:30:35,952 [INFO] Época 12/30, Batch 2300/3287, Loss: 0.7305
2025-10-09 23:30:36,204 [INFO] Época 12/30, Batch 2350/3287, Loss: 0.6338
2025-10-09 23:30:36,454 [INFO] Época 12/30, Batch 2400/3287, Loss: 0.6858
2025-10-09 23:30:36,705 [INFO] Época 12/30, Batch 2450/3287, Loss: 0.6526
2025-10-09 23:30:36,955 [INFO] Época 12/30, Batch 2500/3287, Loss: 0.5982
2025-10-09 23:30:37,206 [INFO] Época 12/30, Batch 2550/3287, Loss: 0.6282
2025-10-09 23:30:37,457 [INFO] Época 12/30, Batch 2600/3287, Loss: 0.5880
2025-10-09 23:30:37,709 [INFO] Época 12/30, Batch 2650/3287, Loss: 0.5007
2025-10-09 23:30:37,962 [INFO] Época 12/30, Batch 2700/3287, Loss: 0.7049
2025-10-09 23:30:38,213 [INFO] Época 12/30, Batch 2750/3287, Loss: 0.6198
2025-10-09 23:30:38,463 [INFO] Época 12/30, Batch 2800/3287, Loss: 0.6192
2025-10-09 23:30:38,715 [INFO] Época 12/30, Batch 2850/3287, Loss: 0.7042
2025-10-09 23:30:38,968 [INFO] Época 12/30, Batch 2900/3287, Loss: 0.6588
2025-10-09 23:30:39,218 [INFO] Época 12/30, Batch 2950/3287, Loss: 0.6539
2025-10-09 23:30:39,468 [INFO] Época 12/30, Batch 3000/3287, Loss: 0.5943
2025-10-09 23:30:39,724 [INFO] Época 12/30, Batch 3050/3287, Loss: 0.6232
2025-10-09 23:30:39,978 [INFO] Época 12/30, Batch 3100/3287, Loss: 0.7408
2025-10-09 23:30:40,233 [INFO] Época 12/30, Batch 3150/3287, Loss: 0.6237
2025-10-09 23:30:40,483 [INFO] Época 12/30, Batch 3200/3287, Loss: 0.5946
2025-10-09 23:30:40,736 [INFO] Época 12/30, Batch 3250/3287, Loss: 0.6736
2025-10-09 23:30:42,438 [INFO] [12/30] Train Loss: 0.6298 | Val Loss: 0.5405 | Tempo: 18.35s
2025-10-09 23:30:43,004 [INFO] Época 13/30, Batch 50/3287, Loss: 0.6351
2025-10-09 23:30:43,276 [INFO] Época 13/30, Batch 100/3287, Loss: 0.7592
2025-10-09 23:30:43,546 [INFO] Época 13/30, Batch 150/3287, Loss: 0.7287
2025-10-09 23:30:43,811 [INFO] Época 13/30, Batch 200/3287, Loss: 0.5486
2025-10-09 23:30:44,068 [INFO] Época 13/30, Batch 250/3287, Loss: 0.4770
2025-10-09 23:30:44,326 [INFO] Época 13/30, Batch 300/3287, Loss: 0.6191
2025-10-09 23:30:44,583 [INFO] Época 13/30, Batch 350/3287, Loss: 0.6338
2025-10-09 23:30:44,840 [INFO] Época 13/30, Batch 400/3287, Loss: 0.6529
2025-10-09 23:30:45,096 [INFO] Época 13/30, Batch 450/3287, Loss: 0.4790
2025-10-09 23:30:45,352 [INFO] Época 13/30, Batch 500/3287, Loss: 0.7700
2025-10-09 23:30:45,610 [INFO] Época 13/30, Batch 550/3287, Loss: 0.4913
2025-10-09 23:30:45,866 [INFO] Época 13/30, Batch 600/3287, Loss: 0.4380
2025-10-09 23:30:46,132 [INFO] Época 13/30, Batch 650/3287, Loss: 0.4530
2025-10-09 23:30:46,398 [INFO] Época 13/30, Batch 700/3287, Loss: 0.7125
2025-10-09 23:30:46,664 [INFO] Época 13/30, Batch 750/3287, Loss: 0.5933
2025-10-09 23:30:46,926 [INFO] Época 13/30, Batch 800/3287, Loss: 0.7559
2025-10-09 23:30:47,186 [INFO] Época 13/30, Batch 850/3287, Loss: 0.7926
2025-10-09 23:30:47,444 [INFO] Época 13/30, Batch 900/3287, Loss: 0.7832
2025-10-09 23:30:47,700 [INFO] Época 13/30, Batch 950/3287, Loss: 0.7610
2025-10-09 23:30:47,958 [INFO] Época 13/30, Batch 1000/3287, Loss: 0.7692
2025-10-09 23:30:48,215 [INFO] Época 13/30, Batch 1050/3287, Loss: 0.6053
2025-10-09 23:30:48,475 [INFO] Época 13/30, Batch 1100/3287, Loss: 0.4535
2025-10-09 23:30:48,732 [INFO] Época 13/30, Batch 1150/3287, Loss: 0.5556
2025-10-09 23:30:48,988 [INFO] Época 13/30, Batch 1200/3287, Loss: 0.7483
2025-10-09 23:30:49,243 [INFO] Época 13/30, Batch 1250/3287, Loss: 0.3965
2025-10-09 23:30:49,500 [INFO] Época 13/30, Batch 1300/3287, Loss: 0.6094
2025-10-09 23:30:49,756 [INFO] Época 13/30, Batch 1350/3287, Loss: 0.5466
2025-10-09 23:30:50,016 [INFO] Época 13/30, Batch 1400/3287, Loss: 0.5037
2025-10-09 23:30:50,274 [INFO] Época 13/30, Batch 1450/3287, Loss: 0.6967
2025-10-09 23:30:50,533 [INFO] Época 13/30, Batch 1500/3287, Loss: 0.8649
2025-10-09 23:30:50,790 [INFO] Época 13/30, Batch 1550/3287, Loss: 0.6249
2025-10-09 23:30:51,047 [INFO] Época 13/30, Batch 1600/3287, Loss: 0.5217
2025-10-09 23:30:51,304 [INFO] Época 13/30, Batch 1650/3287, Loss: 0.7686
2025-10-09 23:30:51,562 [INFO] Época 13/30, Batch 1700/3287, Loss: 0.6054
2025-10-09 23:30:51,828 [INFO] Época 13/30, Batch 1750/3287, Loss: 0.5390
2025-10-09 23:30:52,094 [INFO] Época 13/30, Batch 1800/3287, Loss: 0.5341
2025-10-09 23:30:52,363 [INFO] Época 13/30, Batch 1850/3287, Loss: 0.6098
2025-10-09 23:30:52,632 [INFO] Época 13/30, Batch 1900/3287, Loss: 0.5490
2025-10-09 23:30:52,901 [INFO] Época 13/30, Batch 1950/3287, Loss: 0.6271
2025-10-09 23:30:53,167 [INFO] Época 13/30, Batch 2000/3287, Loss: 0.6894
2025-10-09 23:30:53,436 [INFO] Época 13/30, Batch 2050/3287, Loss: 0.4605
2025-10-09 23:30:53,707 [INFO] Época 13/30, Batch 2100/3287, Loss: 0.6317
2025-10-09 23:30:53,979 [INFO] Época 13/30, Batch 2150/3287, Loss: 0.5103
2025-10-09 23:30:54,250 [INFO] Época 13/30, Batch 2200/3287, Loss: 0.5789
2025-10-09 23:30:54,520 [INFO] Época 13/30, Batch 2250/3287, Loss: 0.5953
2025-10-09 23:30:54,787 [INFO] Época 13/30, Batch 2300/3287, Loss: 0.5837
2025-10-09 23:30:55,055 [INFO] Época 13/30, Batch 2350/3287, Loss: 0.7674
2025-10-09 23:30:55,324 [INFO] Época 13/30, Batch 2400/3287, Loss: 0.5851
2025-10-09 23:30:55,592 [INFO] Época 13/30, Batch 2450/3287, Loss: 0.7283
2025-10-09 23:30:55,850 [INFO] Época 13/30, Batch 2500/3287, Loss: 0.6723
2025-10-09 23:30:56,106 [INFO] Época 13/30, Batch 2550/3287, Loss: 0.7014
2025-10-09 23:30:56,366 [INFO] Época 13/30, Batch 2600/3287, Loss: 0.5872
2025-10-09 23:30:56,624 [INFO] Época 13/30, Batch 2650/3287, Loss: 0.7346
2025-10-09 23:30:56,882 [INFO] Época 13/30, Batch 2700/3287, Loss: 0.8087
2025-10-09 23:30:57,140 [INFO] Época 13/30, Batch 2750/3287, Loss: 0.6355
2025-10-09 23:30:57,398 [INFO] Época 13/30, Batch 2800/3287, Loss: 0.7324
2025-10-09 23:30:57,657 [INFO] Época 13/30, Batch 2850/3287, Loss: 0.6969
2025-10-09 23:30:57,915 [INFO] Época 13/30, Batch 2900/3287, Loss: 0.5809
2025-10-09 23:30:58,173 [INFO] Época 13/30, Batch 2950/3287, Loss: 0.5363
2025-10-09 23:30:58,431 [INFO] Época 13/30, Batch 3000/3287, Loss: 0.6307
2025-10-09 23:30:58,690 [INFO] Época 13/30, Batch 3050/3287, Loss: 0.5142
2025-10-09 23:30:58,947 [INFO] Época 13/30, Batch 3100/3287, Loss: 0.6300
2025-10-09 23:30:59,204 [INFO] Época 13/30, Batch 3150/3287, Loss: 0.5601
2025-10-09 23:30:59,464 [INFO] Época 13/30, Batch 3200/3287, Loss: 0.5458
2025-10-09 23:30:59,723 [INFO] Época 13/30, Batch 3250/3287, Loss: 0.6012
2025-10-09 23:31:01,448 [INFO] [13/30] Train Loss: 0.6289 | Val Loss: 0.5383 | Tempo: 19.01s
2025-10-09 23:31:02,002 [INFO] Época 14/30, Batch 50/3287, Loss: 0.5916
2025-10-09 23:31:02,267 [INFO] Época 14/30, Batch 100/3287, Loss: 0.4944
2025-10-09 23:31:02,530 [INFO] Época 14/30, Batch 150/3287, Loss: 0.6143
2025-10-09 23:31:02,789 [INFO] Época 14/30, Batch 200/3287, Loss: 0.7717
2025-10-09 23:31:03,046 [INFO] Época 14/30, Batch 250/3287, Loss: 0.6447
2025-10-09 23:31:03,303 [INFO] Época 14/30, Batch 300/3287, Loss: 0.5840
2025-10-09 23:31:03,560 [INFO] Época 14/30, Batch 350/3287, Loss: 0.5193
2025-10-09 23:31:03,816 [INFO] Época 14/30, Batch 400/3287, Loss: 0.6227
2025-10-09 23:31:04,076 [INFO] Época 14/30, Batch 450/3287, Loss: 0.7361
2025-10-09 23:31:04,335 [INFO] Época 14/30, Batch 500/3287, Loss: 0.8751
2025-10-09 23:31:04,596 [INFO] Época 14/30, Batch 550/3287, Loss: 0.5001
2025-10-09 23:31:04,854 [INFO] Época 14/30, Batch 600/3287, Loss: 0.5493
2025-10-09 23:31:05,111 [INFO] Época 14/30, Batch 650/3287, Loss: 0.6696
2025-10-09 23:31:05,371 [INFO] Época 14/30, Batch 700/3287, Loss: 0.5713
2025-10-09 23:31:05,630 [INFO] Época 14/30, Batch 750/3287, Loss: 0.7050
2025-10-09 23:31:05,887 [INFO] Época 14/30, Batch 800/3287, Loss: 0.6179
2025-10-09 23:31:06,144 [INFO] Época 14/30, Batch 850/3287, Loss: 0.5125
2025-10-09 23:31:06,402 [INFO] Época 14/30, Batch 900/3287, Loss: 0.5563
2025-10-09 23:31:06,669 [INFO] Época 14/30, Batch 950/3287, Loss: 0.5375
2025-10-09 23:31:06,934 [INFO] Época 14/30, Batch 1000/3287, Loss: 0.4584
2025-10-09 23:31:07,199 [INFO] Época 14/30, Batch 1050/3287, Loss: 0.6715
2025-10-09 23:31:07,464 [INFO] Época 14/30, Batch 1100/3287, Loss: 0.6499
2025-10-09 23:31:07,722 [INFO] Época 14/30, Batch 1150/3287, Loss: 0.7515
2025-10-09 23:31:07,981 [INFO] Época 14/30, Batch 1200/3287, Loss: 0.7047
2025-10-09 23:31:08,238 [INFO] Época 14/30, Batch 1250/3287, Loss: 0.6846
2025-10-09 23:31:08,496 [INFO] Época 14/30, Batch 1300/3287, Loss: 0.6014
2025-10-09 23:31:08,755 [INFO] Época 14/30, Batch 1350/3287, Loss: 0.5174
2025-10-09 23:31:09,013 [INFO] Época 14/30, Batch 1400/3287, Loss: 0.6852
2025-10-09 23:31:09,273 [INFO] Época 14/30, Batch 1450/3287, Loss: 0.6110
2025-10-09 23:31:09,531 [INFO] Época 14/30, Batch 1500/3287, Loss: 0.6334
2025-10-09 23:31:09,795 [INFO] Época 14/30, Batch 1550/3287, Loss: 0.5952
2025-10-09 23:31:10,060 [INFO] Época 14/30, Batch 1600/3287, Loss: 0.6502
2025-10-09 23:31:10,327 [INFO] Época 14/30, Batch 1650/3287, Loss: 0.4155
2025-10-09 23:31:10,596 [INFO] Época 14/30, Batch 1700/3287, Loss: 0.7581
2025-10-09 23:31:10,871 [INFO] Época 14/30, Batch 1750/3287, Loss: 0.6502
2025-10-09 23:31:11,143 [INFO] Época 14/30, Batch 1800/3287, Loss: 0.5555
2025-10-09 23:31:11,417 [INFO] Época 14/30, Batch 1850/3287, Loss: 0.6142
2025-10-09 23:31:11,691 [INFO] Época 14/30, Batch 1900/3287, Loss: 0.6528
2025-10-09 23:31:11,967 [INFO] Época 14/30, Batch 1950/3287, Loss: 0.5549
2025-10-09 23:31:12,241 [INFO] Época 14/30, Batch 2000/3287, Loss: 0.5685
2025-10-09 23:31:12,514 [INFO] Época 14/30, Batch 2050/3287, Loss: 0.5237
2025-10-09 23:31:12,775 [INFO] Época 14/30, Batch 2100/3287, Loss: 0.5973
2025-10-09 23:31:13,036 [INFO] Época 14/30, Batch 2150/3287, Loss: 0.5134
2025-10-09 23:31:13,296 [INFO] Época 14/30, Batch 2200/3287, Loss: 0.6856
2025-10-09 23:31:13,556 [INFO] Época 14/30, Batch 2250/3287, Loss: 0.7170
2025-10-09 23:31:13,816 [INFO] Época 14/30, Batch 2300/3287, Loss: 0.5289
2025-10-09 23:31:14,077 [INFO] Época 14/30, Batch 2350/3287, Loss: 0.5411
2025-10-09 23:31:14,335 [INFO] Época 14/30, Batch 2400/3287, Loss: 0.5612
2025-10-09 23:31:14,596 [INFO] Época 14/30, Batch 2450/3287, Loss: 0.5987
2025-10-09 23:31:14,856 [INFO] Época 14/30, Batch 2500/3287, Loss: 0.4613
2025-10-09 23:31:15,117 [INFO] Época 14/30, Batch 2550/3287, Loss: 0.5446
2025-10-09 23:31:15,377 [INFO] Época 14/30, Batch 2600/3287, Loss: 0.8414
2025-10-09 23:31:15,637 [INFO] Época 14/30, Batch 2650/3287, Loss: 0.6527
2025-10-09 23:31:15,909 [INFO] Época 14/30, Batch 2700/3287, Loss: 0.8070
2025-10-09 23:31:16,185 [INFO] Época 14/30, Batch 2750/3287, Loss: 0.5343
2025-10-09 23:31:16,458 [INFO] Época 14/30, Batch 2800/3287, Loss: 0.5717
2025-10-09 23:31:16,732 [INFO] Época 14/30, Batch 2850/3287, Loss: 0.5363
2025-10-09 23:31:17,005 [INFO] Época 14/30, Batch 2900/3287, Loss: 0.6582
2025-10-09 23:31:17,279 [INFO] Época 14/30, Batch 2950/3287, Loss: 0.5977
2025-10-09 23:31:17,553 [INFO] Época 14/30, Batch 3000/3287, Loss: 0.7001
2025-10-09 23:31:17,828 [INFO] Época 14/30, Batch 3050/3287, Loss: 0.5164
2025-10-09 23:31:18,100 [INFO] Época 14/30, Batch 3100/3287, Loss: 0.6519
2025-10-09 23:31:18,375 [INFO] Época 14/30, Batch 3150/3287, Loss: 0.5807
2025-10-09 23:31:18,648 [INFO] Época 14/30, Batch 3200/3287, Loss: 0.6636
2025-10-09 23:31:18,908 [INFO] Época 14/30, Batch 3250/3287, Loss: 0.5762
2025-10-09 23:31:20,636 [INFO] [14/30] Train Loss: 0.6279 | Val Loss: 0.5410 | Tempo: 19.19s
2025-10-09 23:31:21,192 [INFO] Época 15/30, Batch 50/3287, Loss: 0.6597
2025-10-09 23:31:21,461 [INFO] Época 15/30, Batch 100/3287, Loss: 0.7024
2025-10-09 23:31:21,726 [INFO] Época 15/30, Batch 150/3287, Loss: 0.8194
2025-10-09 23:31:21,989 [INFO] Época 15/30, Batch 200/3287, Loss: 0.8223
2025-10-09 23:31:22,255 [INFO] Época 15/30, Batch 250/3287, Loss: 0.6608
2025-10-09 23:31:22,519 [INFO] Época 15/30, Batch 300/3287, Loss: 0.7781
2025-10-09 23:31:22,776 [INFO] Época 15/30, Batch 350/3287, Loss: 0.6223
2025-10-09 23:31:23,032 [INFO] Época 15/30, Batch 400/3287, Loss: 0.6057
2025-10-09 23:31:23,287 [INFO] Época 15/30, Batch 450/3287, Loss: 0.6450
2025-10-09 23:31:23,550 [INFO] Época 15/30, Batch 500/3287, Loss: 0.5483
2025-10-09 23:31:23,809 [INFO] Época 15/30, Batch 550/3287, Loss: 0.7689
2025-10-09 23:31:24,064 [INFO] Época 15/30, Batch 600/3287, Loss: 0.8743
2025-10-09 23:31:24,319 [INFO] Época 15/30, Batch 650/3287, Loss: 0.7905
2025-10-09 23:31:24,577 [INFO] Época 15/30, Batch 700/3287, Loss: 0.5644
2025-10-09 23:31:24,837 [INFO] Época 15/30, Batch 750/3287, Loss: 0.4528
2025-10-09 23:31:25,095 [INFO] Época 15/30, Batch 800/3287, Loss: 0.6982
2025-10-09 23:31:25,350 [INFO] Época 15/30, Batch 850/3287, Loss: 0.9243
2025-10-09 23:31:25,595 [INFO] Época 15/30, Batch 900/3287, Loss: 0.5904
2025-10-09 23:31:25,841 [INFO] Época 15/30, Batch 950/3287, Loss: 0.6503
2025-10-09 23:31:26,088 [INFO] Época 15/30, Batch 1000/3287, Loss: 0.5026
2025-10-09 23:31:26,334 [INFO] Época 15/30, Batch 1050/3287, Loss: 0.7179
2025-10-09 23:31:26,579 [INFO] Época 15/30, Batch 1100/3287, Loss: 0.6720
2025-10-09 23:31:26,825 [INFO] Época 15/30, Batch 1150/3287, Loss: 0.5654
2025-10-09 23:31:27,072 [INFO] Época 15/30, Batch 1200/3287, Loss: 0.6914
2025-10-09 23:31:27,319 [INFO] Época 15/30, Batch 1250/3287, Loss: 0.5284
2025-10-09 23:31:27,575 [INFO] Época 15/30, Batch 1300/3287, Loss: 0.5404
2025-10-09 23:31:27,834 [INFO] Época 15/30, Batch 1350/3287, Loss: 0.6569
2025-10-09 23:31:28,097 [INFO] Época 15/30, Batch 1400/3287, Loss: 0.5281
2025-10-09 23:31:28,361 [INFO] Época 15/30, Batch 1450/3287, Loss: 0.5133
2025-10-09 23:31:28,626 [INFO] Época 15/30, Batch 1500/3287, Loss: 0.6373
2025-10-09 23:31:28,887 [INFO] Época 15/30, Batch 1550/3287, Loss: 0.6336
2025-10-09 23:31:29,151 [INFO] Época 15/30, Batch 1600/3287, Loss: 0.6460
2025-10-09 23:31:29,413 [INFO] Época 15/30, Batch 1650/3287, Loss: 0.6901
2025-10-09 23:31:29,672 [INFO] Época 15/30, Batch 1700/3287, Loss: 0.6515
2025-10-09 23:31:29,936 [INFO] Época 15/30, Batch 1750/3287, Loss: 0.6982
2025-10-09 23:31:30,200 [INFO] Época 15/30, Batch 1800/3287, Loss: 0.6802
2025-10-09 23:31:30,464 [INFO] Época 15/30, Batch 1850/3287, Loss: 0.9128
2025-10-09 23:31:30,719 [INFO] Época 15/30, Batch 1900/3287, Loss: 0.7492
2025-10-09 23:31:30,971 [INFO] Época 15/30, Batch 1950/3287, Loss: 0.8424
2025-10-09 23:31:31,227 [INFO] Época 15/30, Batch 2000/3287, Loss: 0.6284
2025-10-09 23:31:31,481 [INFO] Época 15/30, Batch 2050/3287, Loss: 0.5777
2025-10-09 23:31:31,735 [INFO] Época 15/30, Batch 2100/3287, Loss: 0.7464
2025-10-09 23:31:31,988 [INFO] Época 15/30, Batch 2150/3287, Loss: 0.8038
2025-10-09 23:31:32,248 [INFO] Época 15/30, Batch 2200/3287, Loss: 0.7166
2025-10-09 23:31:32,511 [INFO] Época 15/30, Batch 2250/3287, Loss: 0.4937
2025-10-09 23:31:32,773 [INFO] Época 15/30, Batch 2300/3287, Loss: 0.7515
2025-10-09 23:31:33,036 [INFO] Época 15/30, Batch 2350/3287, Loss: 0.6551
2025-10-09 23:31:33,299 [INFO] Época 15/30, Batch 2400/3287, Loss: 0.7594
2025-10-09 23:31:33,561 [INFO] Época 15/30, Batch 2450/3287, Loss: 0.4525
2025-10-09 23:31:33,826 [INFO] Época 15/30, Batch 2500/3287, Loss: 0.6678
2025-10-09 23:31:34,091 [INFO] Época 15/30, Batch 2550/3287, Loss: 0.6646
2025-10-09 23:31:34,348 [INFO] Época 15/30, Batch 2600/3287, Loss: 0.7802
2025-10-09 23:31:34,604 [INFO] Época 15/30, Batch 2650/3287, Loss: 0.7298
2025-10-09 23:31:34,859 [INFO] Época 15/30, Batch 2700/3287, Loss: 0.6503
2025-10-09 23:31:35,113 [INFO] Época 15/30, Batch 2750/3287, Loss: 0.6297
2025-10-09 23:31:35,378 [INFO] Época 15/30, Batch 2800/3287, Loss: 0.6704
2025-10-09 23:31:35,643 [INFO] Época 15/30, Batch 2850/3287, Loss: 0.5148
2025-10-09 23:31:35,903 [INFO] Época 15/30, Batch 2900/3287, Loss: 0.6213
2025-10-09 23:31:36,157 [INFO] Época 15/30, Batch 2950/3287, Loss: 0.7258
2025-10-09 23:31:36,413 [INFO] Época 15/30, Batch 3000/3287, Loss: 0.5443
2025-10-09 23:31:36,677 [INFO] Época 15/30, Batch 3050/3287, Loss: 0.7325
2025-10-09 23:31:36,940 [INFO] Época 15/30, Batch 3100/3287, Loss: 0.6127
2025-10-09 23:31:37,206 [INFO] Época 15/30, Batch 3150/3287, Loss: 0.5486
2025-10-09 23:31:37,469 [INFO] Época 15/30, Batch 3200/3287, Loss: 0.6768
2025-10-09 23:31:37,733 [INFO] Época 15/30, Batch 3250/3287, Loss: 0.5307
2025-10-09 23:31:39,356 [INFO] [15/30] Train Loss: 0.6274 | Val Loss: 0.5442 | Tempo: 18.72s
2025-10-09 23:31:39,356 [INFO] Early stopping ativado após 10 épocas sem melhoria
2025-10-09 23:31:39,357 [INFO] Treinamento concluído em 282.54 segundos (4.71 minutos)
2025-10-09 23:31:39,357 [INFO] Iniciando avaliação no conjunto de teste...
2025-10-09 23:31:40,738 [INFO] Avaliação do teste concluída em 1.38 segundos
2025-10-09 23:31:40,738 [INFO] MSE no teste: 1.4751
2025-10-09 23:31:40,738 [INFO] RMSE no teste: 1.2145
2025-10-09 23:31:40,739 [INFO] MAE no teste: 0.9182
2025-10-09 23:31:40,739 [INFO] Métricas salvas em /mnt/hdd/home/jdurao/ToolBox-ChemXAI/logs/mlp_att5_3D_metrics.json
