2025-10-10 06:19:21,478 [INFO] Iniciando treinamento do modelo mlp_att9_EState
2025-10-10 06:19:21,478 [INFO] Configuração: att_index=9, epochs=30, layers=[128, 64, 32], lr=0.001, batch_size=32, descriptor_type=EState
2025-10-10 06:19:21,478 [INFO] Diretório para modelos: /mnt/hdd/home/jdurao/ToolBox-ChemXAI/models
2025-10-10 06:19:21,478 [INFO] Carregando dados...
2025-10-10 06:19:21,565 [INFO] Preparando dataloaders sem ruído...
2025-10-10 06:19:24,289 [INFO] Dados carregados em 2.81 segundos
2025-10-10 06:19:24,289 [INFO] Tamanhos dos conjuntos - Treino: 107108, Validação: 13388, Teste: 13389
2025-10-10 06:19:24,289 [INFO] Usando dispositivo: cuda
2025-10-10 06:19:24,650 [INFO] Dimensão de entrada: 79, Dimensão de saída: 1
2025-10-10 06:19:24,651 [INFO] Criando modelo MLP com camadas: [128, 64, 32]
2025-10-10 06:19:24,654 [INFO] Modelo criado com 20609 parâmetros
2025-10-10 06:19:24,655 [INFO] Iniciando treinamento com 30 épocas...
2025-10-10 06:19:25,201 [INFO] Época 1/30, Batch 50/3348, Loss: 0.4738
2025-10-10 06:19:25,474 [INFO] Época 1/30, Batch 100/3348, Loss: 0.4875
2025-10-10 06:19:25,739 [INFO] Época 1/30, Batch 150/3348, Loss: 0.5280
2025-10-10 06:19:25,999 [INFO] Época 1/30, Batch 200/3348, Loss: 0.3761
2025-10-10 06:19:26,259 [INFO] Época 1/30, Batch 250/3348, Loss: 0.4212
2025-10-10 06:19:26,519 [INFO] Época 1/30, Batch 300/3348, Loss: 0.3502
2025-10-10 06:19:26,779 [INFO] Época 1/30, Batch 350/3348, Loss: 0.4107
2025-10-10 06:19:27,036 [INFO] Época 1/30, Batch 400/3348, Loss: 0.5311
2025-10-10 06:19:27,292 [INFO] Época 1/30, Batch 450/3348, Loss: 0.4655
2025-10-10 06:19:27,550 [INFO] Época 1/30, Batch 500/3348, Loss: 0.3815
2025-10-10 06:19:27,815 [INFO] Época 1/30, Batch 550/3348, Loss: 0.4318
2025-10-10 06:19:28,074 [INFO] Época 1/30, Batch 600/3348, Loss: 0.3875
2025-10-10 06:19:28,335 [INFO] Época 1/30, Batch 650/3348, Loss: 0.3761
2025-10-10 06:19:28,595 [INFO] Época 1/30, Batch 700/3348, Loss: 0.3695
2025-10-10 06:19:28,857 [INFO] Época 1/30, Batch 750/3348, Loss: 0.3496
2025-10-10 06:19:29,118 [INFO] Época 1/30, Batch 800/3348, Loss: 0.3812
2025-10-10 06:19:29,378 [INFO] Época 1/30, Batch 850/3348, Loss: 0.4277
2025-10-10 06:19:29,640 [INFO] Época 1/30, Batch 900/3348, Loss: 0.3584
2025-10-10 06:19:29,900 [INFO] Época 1/30, Batch 950/3348, Loss: 0.4018
2025-10-10 06:19:30,160 [INFO] Época 1/30, Batch 1000/3348, Loss: 0.4320
2025-10-10 06:19:30,422 [INFO] Época 1/30, Batch 1050/3348, Loss: 0.4957
2025-10-10 06:19:30,690 [INFO] Época 1/30, Batch 1100/3348, Loss: 0.4299
2025-10-10 06:19:30,957 [INFO] Época 1/30, Batch 1150/3348, Loss: 0.3579
2025-10-10 06:19:31,226 [INFO] Época 1/30, Batch 1200/3348, Loss: 0.4427
2025-10-10 06:19:31,493 [INFO] Época 1/30, Batch 1250/3348, Loss: 0.4832
2025-10-10 06:19:31,760 [INFO] Época 1/30, Batch 1300/3348, Loss: 0.3988
2025-10-10 06:19:32,024 [INFO] Época 1/30, Batch 1350/3348, Loss: 0.3398
2025-10-10 06:19:32,293 [INFO] Época 1/30, Batch 1400/3348, Loss: 0.3838
2025-10-10 06:19:32,560 [INFO] Época 1/30, Batch 1450/3348, Loss: 0.3247
2025-10-10 06:19:32,826 [INFO] Época 1/30, Batch 1500/3348, Loss: 0.4287
2025-10-10 06:19:33,090 [INFO] Época 1/30, Batch 1550/3348, Loss: 0.3825
2025-10-10 06:19:33,349 [INFO] Época 1/30, Batch 1600/3348, Loss: 0.3013
2025-10-10 06:19:33,609 [INFO] Época 1/30, Batch 1650/3348, Loss: 0.4959
2025-10-10 06:19:33,869 [INFO] Época 1/30, Batch 1700/3348, Loss: 0.5257
2025-10-10 06:19:34,128 [INFO] Época 1/30, Batch 1750/3348, Loss: 0.4218
2025-10-10 06:19:34,385 [INFO] Época 1/30, Batch 1800/3348, Loss: 0.4136
2025-10-10 06:19:34,647 [INFO] Época 1/30, Batch 1850/3348, Loss: 0.3627
2025-10-10 06:19:34,908 [INFO] Época 1/30, Batch 1900/3348, Loss: 0.4791
2025-10-10 06:19:35,169 [INFO] Época 1/30, Batch 1950/3348, Loss: 0.3418
2025-10-10 06:19:35,427 [INFO] Época 1/30, Batch 2000/3348, Loss: 0.4774
2025-10-10 06:19:35,686 [INFO] Época 1/30, Batch 2050/3348, Loss: 0.5181
2025-10-10 06:19:35,944 [INFO] Época 1/30, Batch 2100/3348, Loss: 0.3944
2025-10-10 06:19:36,202 [INFO] Época 1/30, Batch 2150/3348, Loss: 0.3543
2025-10-10 06:19:36,461 [INFO] Época 1/30, Batch 2200/3348, Loss: 0.4191
2025-10-10 06:19:36,720 [INFO] Época 1/30, Batch 2250/3348, Loss: 0.4276
2025-10-10 06:19:36,982 [INFO] Época 1/30, Batch 2300/3348, Loss: 0.4213
2025-10-10 06:19:37,243 [INFO] Época 1/30, Batch 2350/3348, Loss: 0.3178
2025-10-10 06:19:37,504 [INFO] Época 1/30, Batch 2400/3348, Loss: 0.5027
2025-10-10 06:19:37,763 [INFO] Época 1/30, Batch 2450/3348, Loss: 0.3179
2025-10-10 06:19:38,024 [INFO] Época 1/30, Batch 2500/3348, Loss: 0.3828
2025-10-10 06:19:38,285 [INFO] Época 1/30, Batch 2550/3348, Loss: 0.4402
2025-10-10 06:19:38,543 [INFO] Época 1/30, Batch 2600/3348, Loss: 0.3915
2025-10-10 06:19:38,801 [INFO] Época 1/30, Batch 2650/3348, Loss: 0.3808
2025-10-10 06:19:39,060 [INFO] Época 1/30, Batch 2700/3348, Loss: 0.4740
2025-10-10 06:19:39,319 [INFO] Época 1/30, Batch 2750/3348, Loss: 0.3663
2025-10-10 06:19:39,577 [INFO] Época 1/30, Batch 2800/3348, Loss: 0.3395
2025-10-10 06:19:39,833 [INFO] Época 1/30, Batch 2850/3348, Loss: 0.5062
2025-10-10 06:19:40,091 [INFO] Época 1/30, Batch 2900/3348, Loss: 0.3932
2025-10-10 06:19:40,350 [INFO] Época 1/30, Batch 2950/3348, Loss: 0.3907
2025-10-10 06:19:40,610 [INFO] Época 1/30, Batch 3000/3348, Loss: 0.4754
2025-10-10 06:19:40,885 [INFO] Época 1/30, Batch 3050/3348, Loss: 0.4453
2025-10-10 06:19:41,150 [INFO] Época 1/30, Batch 3100/3348, Loss: 0.3009
2025-10-10 06:19:41,415 [INFO] Época 1/30, Batch 3150/3348, Loss: 0.5226
2025-10-10 06:19:41,680 [INFO] Época 1/30, Batch 3200/3348, Loss: 0.5114
2025-10-10 06:19:41,944 [INFO] Época 1/30, Batch 3250/3348, Loss: 0.5027
2025-10-10 06:19:42,207 [INFO] Época 1/30, Batch 3300/3348, Loss: 0.2633
2025-10-10 06:19:43,902 [INFO] [1/30] Train Loss: 0.4131 | Val Loss: 0.4004 | Tempo: 19.25s
2025-10-10 06:19:43,906 [INFO] Melhor modelo salvo em: /mnt/hdd/home/jdurao/ToolBox-ChemXAI/models/mlp_qm9_EState_att9_large.pth
2025-10-10 06:19:44,445 [INFO] Época 2/30, Batch 50/3348, Loss: 0.3548
2025-10-10 06:19:44,711 [INFO] Época 2/30, Batch 100/3348, Loss: 0.3988
2025-10-10 06:19:44,973 [INFO] Época 2/30, Batch 150/3348, Loss: 0.4523
2025-10-10 06:19:45,231 [INFO] Época 2/30, Batch 200/3348, Loss: 0.4505
2025-10-10 06:19:45,490 [INFO] Época 2/30, Batch 250/3348, Loss: 0.4164
2025-10-10 06:19:45,749 [INFO] Época 2/30, Batch 300/3348, Loss: 0.4263
2025-10-10 06:19:46,016 [INFO] Época 2/30, Batch 350/3348, Loss: 0.3391
2025-10-10 06:19:46,286 [INFO] Época 2/30, Batch 400/3348, Loss: 0.4618
2025-10-10 06:19:46,556 [INFO] Época 2/30, Batch 450/3348, Loss: 0.2954
2025-10-10 06:19:46,826 [INFO] Época 2/30, Batch 500/3348, Loss: 0.3899
2025-10-10 06:19:47,095 [INFO] Época 2/30, Batch 550/3348, Loss: 0.3602
2025-10-10 06:19:47,362 [INFO] Época 2/30, Batch 600/3348, Loss: 0.3955
2025-10-10 06:19:47,631 [INFO] Época 2/30, Batch 650/3348, Loss: 0.4292
2025-10-10 06:19:47,898 [INFO] Época 2/30, Batch 700/3348, Loss: 0.4362
2025-10-10 06:19:48,149 [INFO] Época 2/30, Batch 750/3348, Loss: 0.4521
2025-10-10 06:19:48,395 [INFO] Época 2/30, Batch 800/3348, Loss: 0.3632
2025-10-10 06:19:48,640 [INFO] Época 2/30, Batch 850/3348, Loss: 0.3734
2025-10-10 06:19:48,885 [INFO] Época 2/30, Batch 900/3348, Loss: 0.4421
2025-10-10 06:19:49,132 [INFO] Época 2/30, Batch 950/3348, Loss: 0.4368
2025-10-10 06:19:49,379 [INFO] Época 2/30, Batch 1000/3348, Loss: 0.2991
2025-10-10 06:19:49,625 [INFO] Época 2/30, Batch 1050/3348, Loss: 0.5001
2025-10-10 06:19:49,872 [INFO] Época 2/30, Batch 1100/3348, Loss: 0.3939
2025-10-10 06:19:50,126 [INFO] Época 2/30, Batch 1150/3348, Loss: 0.3966
2025-10-10 06:19:50,382 [INFO] Época 2/30, Batch 1200/3348, Loss: 0.5027
2025-10-10 06:19:50,636 [INFO] Época 2/30, Batch 1250/3348, Loss: 0.4482
2025-10-10 06:19:50,890 [INFO] Época 2/30, Batch 1300/3348, Loss: 0.3570
2025-10-10 06:19:51,146 [INFO] Época 2/30, Batch 1350/3348, Loss: 0.4067
2025-10-10 06:19:51,403 [INFO] Época 2/30, Batch 1400/3348, Loss: 0.3760
2025-10-10 06:19:51,662 [INFO] Época 2/30, Batch 1450/3348, Loss: 0.3374
2025-10-10 06:19:51,920 [INFO] Época 2/30, Batch 1500/3348, Loss: 0.3328
2025-10-10 06:19:52,177 [INFO] Época 2/30, Batch 1550/3348, Loss: 0.3053
2025-10-10 06:19:52,434 [INFO] Época 2/30, Batch 1600/3348, Loss: 0.4209
2025-10-10 06:19:52,693 [INFO] Época 2/30, Batch 1650/3348, Loss: 0.3525
2025-10-10 06:19:52,950 [INFO] Época 2/30, Batch 1700/3348, Loss: 0.3008
2025-10-10 06:19:53,207 [INFO] Época 2/30, Batch 1750/3348, Loss: 0.4620
2025-10-10 06:19:53,465 [INFO] Época 2/30, Batch 1800/3348, Loss: 0.4305
2025-10-10 06:19:53,722 [INFO] Época 2/30, Batch 1850/3348, Loss: 0.4584
2025-10-10 06:19:53,979 [INFO] Época 2/30, Batch 1900/3348, Loss: 0.4148
2025-10-10 06:19:54,238 [INFO] Época 2/30, Batch 1950/3348, Loss: 0.5311
2025-10-10 06:19:54,492 [INFO] Época 2/30, Batch 2000/3348, Loss: 0.4587
2025-10-10 06:19:54,748 [INFO] Época 2/30, Batch 2050/3348, Loss: 0.4150
2025-10-10 06:19:55,006 [INFO] Época 2/30, Batch 2100/3348, Loss: 0.4295
2025-10-10 06:19:55,262 [INFO] Época 2/30, Batch 2150/3348, Loss: 0.4119
2025-10-10 06:19:55,521 [INFO] Época 2/30, Batch 2200/3348, Loss: 0.4068
2025-10-10 06:19:55,777 [INFO] Época 2/30, Batch 2250/3348, Loss: 0.3218
2025-10-10 06:19:56,034 [INFO] Época 2/30, Batch 2300/3348, Loss: 0.3430
2025-10-10 06:19:56,290 [INFO] Época 2/30, Batch 2350/3348, Loss: 0.2554
2025-10-10 06:19:56,547 [INFO] Época 2/30, Batch 2400/3348, Loss: 0.3970
2025-10-10 06:19:56,805 [INFO] Época 2/30, Batch 2450/3348, Loss: 0.4310
2025-10-10 06:19:57,064 [INFO] Época 2/30, Batch 2500/3348, Loss: 0.3714
2025-10-10 06:19:57,322 [INFO] Época 2/30, Batch 2550/3348, Loss: 0.3861
2025-10-10 06:19:57,582 [INFO] Época 2/30, Batch 2600/3348, Loss: 0.4206
2025-10-10 06:19:57,838 [INFO] Época 2/30, Batch 2650/3348, Loss: 0.3180
2025-10-10 06:19:58,097 [INFO] Época 2/30, Batch 2700/3348, Loss: 0.4050
2025-10-10 06:19:58,355 [INFO] Época 2/30, Batch 2750/3348, Loss: 0.4412
2025-10-10 06:19:58,622 [INFO] Época 2/30, Batch 2800/3348, Loss: 0.3239
2025-10-10 06:19:58,894 [INFO] Época 2/30, Batch 2850/3348, Loss: 0.3899
2025-10-10 06:19:59,164 [INFO] Época 2/30, Batch 2900/3348, Loss: 0.4447
2025-10-10 06:19:59,433 [INFO] Época 2/30, Batch 2950/3348, Loss: 0.3712
2025-10-10 06:19:59,703 [INFO] Época 2/30, Batch 3000/3348, Loss: 0.3952
2025-10-10 06:19:59,962 [INFO] Época 2/30, Batch 3050/3348, Loss: 0.3268
2025-10-10 06:20:00,220 [INFO] Época 2/30, Batch 3100/3348, Loss: 0.3879
2025-10-10 06:20:00,480 [INFO] Época 2/30, Batch 3150/3348, Loss: 0.3481
2025-10-10 06:20:00,736 [INFO] Época 2/30, Batch 3200/3348, Loss: 0.3394
2025-10-10 06:20:00,994 [INFO] Época 2/30, Batch 3250/3348, Loss: 0.3314
2025-10-10 06:20:01,252 [INFO] Época 2/30, Batch 3300/3348, Loss: 0.3086
2025-10-10 06:20:02,986 [INFO] [2/30] Train Loss: 0.3941 | Val Loss: 0.4150 | Tempo: 19.08s
2025-10-10 06:20:03,532 [INFO] Época 3/30, Batch 50/3348, Loss: 0.3622
2025-10-10 06:20:03,797 [INFO] Época 3/30, Batch 100/3348, Loss: 0.5563
2025-10-10 06:20:04,060 [INFO] Época 3/30, Batch 150/3348, Loss: 0.3065
2025-10-10 06:20:04,324 [INFO] Época 3/30, Batch 200/3348, Loss: 0.3225
2025-10-10 06:20:04,585 [INFO] Época 3/30, Batch 250/3348, Loss: 0.5125
2025-10-10 06:20:04,845 [INFO] Época 3/30, Batch 300/3348, Loss: 0.3402
2025-10-10 06:20:05,106 [INFO] Época 3/30, Batch 350/3348, Loss: 0.3452
2025-10-10 06:20:05,366 [INFO] Época 3/30, Batch 400/3348, Loss: 0.4369
2025-10-10 06:20:05,628 [INFO] Época 3/30, Batch 450/3348, Loss: 0.4340
2025-10-10 06:20:05,891 [INFO] Época 3/30, Batch 500/3348, Loss: 0.4535
2025-10-10 06:20:06,151 [INFO] Época 3/30, Batch 550/3348, Loss: 0.3006
2025-10-10 06:20:06,410 [INFO] Época 3/30, Batch 600/3348, Loss: 0.4277
2025-10-10 06:20:06,672 [INFO] Época 3/30, Batch 650/3348, Loss: 0.4501
2025-10-10 06:20:06,933 [INFO] Época 3/30, Batch 700/3348, Loss: 0.5031
2025-10-10 06:20:07,193 [INFO] Época 3/30, Batch 750/3348, Loss: 0.4841
2025-10-10 06:20:07,453 [INFO] Época 3/30, Batch 800/3348, Loss: 0.4915
2025-10-10 06:20:07,714 [INFO] Época 3/30, Batch 850/3348, Loss: 0.4046
2025-10-10 06:20:07,975 [INFO] Época 3/30, Batch 900/3348, Loss: 0.4042
2025-10-10 06:20:08,237 [INFO] Época 3/30, Batch 950/3348, Loss: 0.4923
2025-10-10 06:20:08,497 [INFO] Época 3/30, Batch 1000/3348, Loss: 0.3080
2025-10-10 06:20:08,756 [INFO] Época 3/30, Batch 1050/3348, Loss: 0.2745
2025-10-10 06:20:09,016 [INFO] Época 3/30, Batch 1100/3348, Loss: 0.4826
2025-10-10 06:20:09,275 [INFO] Época 3/30, Batch 1150/3348, Loss: 0.3533
2025-10-10 06:20:09,535 [INFO] Época 3/30, Batch 1200/3348, Loss: 0.4037
2025-10-10 06:20:09,796 [INFO] Época 3/30, Batch 1250/3348, Loss: 0.4794
2025-10-10 06:20:10,057 [INFO] Época 3/30, Batch 1300/3348, Loss: 0.3992
2025-10-10 06:20:10,316 [INFO] Época 3/30, Batch 1350/3348, Loss: 0.3872
2025-10-10 06:20:10,577 [INFO] Época 3/30, Batch 1400/3348, Loss: 0.4461
2025-10-10 06:20:10,838 [INFO] Época 3/30, Batch 1450/3348, Loss: 0.3378
2025-10-10 06:20:11,098 [INFO] Época 3/30, Batch 1500/3348, Loss: 0.3907
2025-10-10 06:20:11,358 [INFO] Época 3/30, Batch 1550/3348, Loss: 0.3586
2025-10-10 06:20:11,617 [INFO] Época 3/30, Batch 1600/3348, Loss: 0.2986
2025-10-10 06:20:11,889 [INFO] Época 3/30, Batch 1650/3348, Loss: 0.5057
2025-10-10 06:20:12,148 [INFO] Época 3/30, Batch 1700/3348, Loss: 0.4274
2025-10-10 06:20:12,409 [INFO] Época 3/30, Batch 1750/3348, Loss: 0.3822
2025-10-10 06:20:12,670 [INFO] Época 3/30, Batch 1800/3348, Loss: 0.3627
2025-10-10 06:20:12,928 [INFO] Época 3/30, Batch 1850/3348, Loss: 0.4107
2025-10-10 06:20:13,185 [INFO] Época 3/30, Batch 1900/3348, Loss: 0.4335
2025-10-10 06:20:13,441 [INFO] Época 3/30, Batch 1950/3348, Loss: 0.3325
2025-10-10 06:20:13,700 [INFO] Época 3/30, Batch 2000/3348, Loss: 0.3904
2025-10-10 06:20:13,957 [INFO] Época 3/30, Batch 2050/3348, Loss: 0.3537
2025-10-10 06:20:14,217 [INFO] Época 3/30, Batch 2100/3348, Loss: 0.3715
2025-10-10 06:20:14,477 [INFO] Época 3/30, Batch 2150/3348, Loss: 0.4590
2025-10-10 06:20:14,732 [INFO] Época 3/30, Batch 2200/3348, Loss: 0.3934
2025-10-10 06:20:14,989 [INFO] Época 3/30, Batch 2250/3348, Loss: 0.4388
2025-10-10 06:20:15,248 [INFO] Época 3/30, Batch 2300/3348, Loss: 0.2717
2025-10-10 06:20:15,511 [INFO] Época 3/30, Batch 2350/3348, Loss: 0.4629
2025-10-10 06:20:15,774 [INFO] Época 3/30, Batch 2400/3348, Loss: 0.3663
2025-10-10 06:20:16,038 [INFO] Época 3/30, Batch 2450/3348, Loss: 0.3763
2025-10-10 06:20:16,303 [INFO] Época 3/30, Batch 2500/3348, Loss: 0.3109
2025-10-10 06:20:16,574 [INFO] Época 3/30, Batch 2550/3348, Loss: 0.5514
2025-10-10 06:20:16,849 [INFO] Época 3/30, Batch 2600/3348, Loss: 0.3365
2025-10-10 06:20:17,121 [INFO] Época 3/30, Batch 2650/3348, Loss: 0.3431
2025-10-10 06:20:17,383 [INFO] Época 3/30, Batch 2700/3348, Loss: 0.3483
2025-10-10 06:20:17,642 [INFO] Época 3/30, Batch 2750/3348, Loss: 0.3898
2025-10-10 06:20:17,900 [INFO] Época 3/30, Batch 2800/3348, Loss: 0.3170
2025-10-10 06:20:18,166 [INFO] Época 3/30, Batch 2850/3348, Loss: 0.3816
2025-10-10 06:20:18,441 [INFO] Época 3/30, Batch 2900/3348, Loss: 0.4038
2025-10-10 06:20:18,716 [INFO] Época 3/30, Batch 2950/3348, Loss: 0.5144
2025-10-10 06:20:18,997 [INFO] Época 3/30, Batch 3000/3348, Loss: 0.4617
2025-10-10 06:20:19,263 [INFO] Época 3/30, Batch 3050/3348, Loss: 0.4924
2025-10-10 06:20:19,531 [INFO] Época 3/30, Batch 3100/3348, Loss: 0.3505
2025-10-10 06:20:19,786 [INFO] Época 3/30, Batch 3150/3348, Loss: 0.4053
2025-10-10 06:20:20,047 [INFO] Época 3/30, Batch 3200/3348, Loss: 0.3542
2025-10-10 06:20:20,322 [INFO] Época 3/30, Batch 3250/3348, Loss: 0.4043
2025-10-10 06:20:20,583 [INFO] Época 3/30, Batch 3300/3348, Loss: 0.3073
2025-10-10 06:20:22,268 [INFO] [3/30] Train Loss: 0.3864 | Val Loss: 0.4211 | Tempo: 19.28s
2025-10-10 06:20:22,819 [INFO] Época 4/30, Batch 50/3348, Loss: 0.4285
2025-10-10 06:20:23,082 [INFO] Época 4/30, Batch 100/3348, Loss: 0.4339
2025-10-10 06:20:23,343 [INFO] Época 4/30, Batch 150/3348, Loss: 0.4896
2025-10-10 06:20:23,604 [INFO] Época 4/30, Batch 200/3348, Loss: 0.2619
2025-10-10 06:20:23,865 [INFO] Época 4/30, Batch 250/3348, Loss: 0.2742
2025-10-10 06:20:24,124 [INFO] Época 4/30, Batch 300/3348, Loss: 0.3497
2025-10-10 06:20:24,384 [INFO] Época 4/30, Batch 350/3348, Loss: 0.4328
2025-10-10 06:20:24,646 [INFO] Época 4/30, Batch 400/3348, Loss: 0.3008
2025-10-10 06:20:24,908 [INFO] Época 4/30, Batch 450/3348, Loss: 0.4171
2025-10-10 06:20:25,171 [INFO] Época 4/30, Batch 500/3348, Loss: 0.4304
2025-10-10 06:20:25,433 [INFO] Época 4/30, Batch 550/3348, Loss: 0.4072
2025-10-10 06:20:25,696 [INFO] Época 4/30, Batch 600/3348, Loss: 0.4080
2025-10-10 06:20:25,957 [INFO] Época 4/30, Batch 650/3348, Loss: 0.3769
2025-10-10 06:20:26,217 [INFO] Época 4/30, Batch 700/3348, Loss: 0.3796
2025-10-10 06:20:26,478 [INFO] Época 4/30, Batch 750/3348, Loss: 0.4695
2025-10-10 06:20:26,738 [INFO] Época 4/30, Batch 800/3348, Loss: 0.3811
2025-10-10 06:20:27,001 [INFO] Época 4/30, Batch 850/3348, Loss: 0.4549
2025-10-10 06:20:27,263 [INFO] Época 4/30, Batch 900/3348, Loss: 0.3229
2025-10-10 06:20:27,525 [INFO] Época 4/30, Batch 950/3348, Loss: 0.3595
2025-10-10 06:20:27,793 [INFO] Época 4/30, Batch 1000/3348, Loss: 0.4376
2025-10-10 06:20:28,049 [INFO] Época 4/30, Batch 1050/3348, Loss: 0.4377
2025-10-10 06:20:28,304 [INFO] Época 4/30, Batch 1100/3348, Loss: 0.3512
2025-10-10 06:20:28,560 [INFO] Época 4/30, Batch 1150/3348, Loss: 0.3692
2025-10-10 06:20:28,817 [INFO] Época 4/30, Batch 1200/3348, Loss: 0.4038
2025-10-10 06:20:29,077 [INFO] Época 4/30, Batch 1250/3348, Loss: 0.4486
2025-10-10 06:20:29,334 [INFO] Época 4/30, Batch 1300/3348, Loss: 0.2659
2025-10-10 06:20:29,592 [INFO] Época 4/30, Batch 1350/3348, Loss: 0.3856
2025-10-10 06:20:29,849 [INFO] Época 4/30, Batch 1400/3348, Loss: 0.3082
2025-10-10 06:20:30,106 [INFO] Época 4/30, Batch 1450/3348, Loss: 0.4520
2025-10-10 06:20:30,364 [INFO] Época 4/30, Batch 1500/3348, Loss: 0.2701
2025-10-10 06:20:30,622 [INFO] Época 4/30, Batch 1550/3348, Loss: 0.3846
2025-10-10 06:20:30,881 [INFO] Época 4/30, Batch 1600/3348, Loss: 0.3457
2025-10-10 06:20:31,137 [INFO] Época 4/30, Batch 1650/3348, Loss: 0.3854
2025-10-10 06:20:31,392 [INFO] Época 4/30, Batch 1700/3348, Loss: 0.3917
2025-10-10 06:20:31,649 [INFO] Época 4/30, Batch 1750/3348, Loss: 0.3808
2025-10-10 06:20:31,905 [INFO] Época 4/30, Batch 1800/3348, Loss: 0.3842
2025-10-10 06:20:32,159 [INFO] Época 4/30, Batch 1850/3348, Loss: 0.3675
2025-10-10 06:20:32,412 [INFO] Época 4/30, Batch 1900/3348, Loss: 0.5273
2025-10-10 06:20:32,666 [INFO] Época 4/30, Batch 1950/3348, Loss: 0.4845
2025-10-10 06:20:32,931 [INFO] Época 4/30, Batch 2000/3348, Loss: 0.3589
2025-10-10 06:20:33,187 [INFO] Época 4/30, Batch 2050/3348, Loss: 0.4058
2025-10-10 06:20:33,440 [INFO] Época 4/30, Batch 2100/3348, Loss: 0.4090
2025-10-10 06:20:33,696 [INFO] Época 4/30, Batch 2150/3348, Loss: 0.4320
2025-10-10 06:20:33,953 [INFO] Época 4/30, Batch 2200/3348, Loss: 0.4031
2025-10-10 06:20:34,210 [INFO] Época 4/30, Batch 2250/3348, Loss: 0.4187
2025-10-10 06:20:34,468 [INFO] Época 4/30, Batch 2300/3348, Loss: 0.3692
2025-10-10 06:20:34,724 [INFO] Época 4/30, Batch 2350/3348, Loss: 0.3599
2025-10-10 06:20:34,981 [INFO] Época 4/30, Batch 2400/3348, Loss: 0.2764
2025-10-10 06:20:35,237 [INFO] Época 4/30, Batch 2450/3348, Loss: 0.4092
2025-10-10 06:20:35,493 [INFO] Época 4/30, Batch 2500/3348, Loss: 0.2235
2025-10-10 06:20:35,750 [INFO] Época 4/30, Batch 2550/3348, Loss: 0.4023
2025-10-10 06:20:36,007 [INFO] Época 4/30, Batch 2600/3348, Loss: 0.3802
2025-10-10 06:20:36,263 [INFO] Época 4/30, Batch 2650/3348, Loss: 0.4629
2025-10-10 06:20:36,519 [INFO] Época 4/30, Batch 2700/3348, Loss: 0.3577
2025-10-10 06:20:36,774 [INFO] Época 4/30, Batch 2750/3348, Loss: 0.3354
2025-10-10 06:20:37,030 [INFO] Época 4/30, Batch 2800/3348, Loss: 0.3145
2025-10-10 06:20:37,286 [INFO] Época 4/30, Batch 2850/3348, Loss: 0.3465
2025-10-10 06:20:37,540 [INFO] Época 4/30, Batch 2900/3348, Loss: 0.4979
2025-10-10 06:20:37,796 [INFO] Época 4/30, Batch 2950/3348, Loss: 0.3458
2025-10-10 06:20:38,052 [INFO] Época 4/30, Batch 3000/3348, Loss: 0.4592
2025-10-10 06:20:38,310 [INFO] Época 4/30, Batch 3050/3348, Loss: 0.3979
2025-10-10 06:20:38,564 [INFO] Época 4/30, Batch 3100/3348, Loss: 0.3466
2025-10-10 06:20:38,822 [INFO] Época 4/30, Batch 3150/3348, Loss: 0.5047
2025-10-10 06:20:39,078 [INFO] Época 4/30, Batch 3200/3348, Loss: 0.3493
2025-10-10 06:20:39,337 [INFO] Época 4/30, Batch 3250/3348, Loss: 0.2746
2025-10-10 06:20:39,594 [INFO] Época 4/30, Batch 3300/3348, Loss: 0.3941
2025-10-10 06:20:41,298 [INFO] [4/30] Train Loss: 0.3816 | Val Loss: 0.4144 | Tempo: 19.03s
2025-10-10 06:20:41,842 [INFO] Época 5/30, Batch 50/3348, Loss: 0.3578
2025-10-10 06:20:42,102 [INFO] Época 5/30, Batch 100/3348, Loss: 0.3338
2025-10-10 06:20:42,359 [INFO] Época 5/30, Batch 150/3348, Loss: 0.2543
2025-10-10 06:20:42,617 [INFO] Época 5/30, Batch 200/3348, Loss: 0.4230
2025-10-10 06:20:42,877 [INFO] Época 5/30, Batch 250/3348, Loss: 0.4503
2025-10-10 06:20:43,144 [INFO] Época 5/30, Batch 300/3348, Loss: 0.3797
2025-10-10 06:20:43,402 [INFO] Época 5/30, Batch 350/3348, Loss: 0.3610
2025-10-10 06:20:43,659 [INFO] Época 5/30, Batch 400/3348, Loss: 0.3954
2025-10-10 06:20:43,915 [INFO] Época 5/30, Batch 450/3348, Loss: 0.3620
2025-10-10 06:20:44,172 [INFO] Época 5/30, Batch 500/3348, Loss: 0.2443
2025-10-10 06:20:44,429 [INFO] Época 5/30, Batch 550/3348, Loss: 0.5173
2025-10-10 06:20:44,687 [INFO] Época 5/30, Batch 600/3348, Loss: 0.3578
2025-10-10 06:20:44,944 [INFO] Época 5/30, Batch 650/3348, Loss: 0.3040
2025-10-10 06:20:45,203 [INFO] Época 5/30, Batch 700/3348, Loss: 0.3484
2025-10-10 06:20:45,460 [INFO] Época 5/30, Batch 750/3348, Loss: 0.3787
2025-10-10 06:20:45,720 [INFO] Época 5/30, Batch 800/3348, Loss: 0.4360
2025-10-10 06:20:45,976 [INFO] Época 5/30, Batch 850/3348, Loss: 0.4498
2025-10-10 06:20:46,233 [INFO] Época 5/30, Batch 900/3348, Loss: 0.4521
2025-10-10 06:20:46,489 [INFO] Época 5/30, Batch 950/3348, Loss: 0.3230
2025-10-10 06:20:46,744 [INFO] Época 5/30, Batch 1000/3348, Loss: 0.3626
2025-10-10 06:20:47,002 [INFO] Época 5/30, Batch 1050/3348, Loss: 0.3792
2025-10-10 06:20:47,258 [INFO] Época 5/30, Batch 1100/3348, Loss: 0.4225
2025-10-10 06:20:47,513 [INFO] Época 5/30, Batch 1150/3348, Loss: 0.3635
2025-10-10 06:20:47,770 [INFO] Época 5/30, Batch 1200/3348, Loss: 0.3550
2025-10-10 06:20:48,025 [INFO] Época 5/30, Batch 1250/3348, Loss: 0.3258
2025-10-10 06:20:48,291 [INFO] Época 5/30, Batch 1300/3348, Loss: 0.4420
2025-10-10 06:20:48,547 [INFO] Época 5/30, Batch 1350/3348, Loss: 0.2400
2025-10-10 06:20:48,801 [INFO] Época 5/30, Batch 1400/3348, Loss: 0.2612
2025-10-10 06:20:49,053 [INFO] Época 5/30, Batch 1450/3348, Loss: 0.3960
2025-10-10 06:20:49,307 [INFO] Época 5/30, Batch 1500/3348, Loss: 0.3626
2025-10-10 06:20:49,564 [INFO] Época 5/30, Batch 1550/3348, Loss: 0.4282
2025-10-10 06:20:49,819 [INFO] Época 5/30, Batch 1600/3348, Loss: 0.3971
2025-10-10 06:20:50,072 [INFO] Época 5/30, Batch 1650/3348, Loss: 0.4231
2025-10-10 06:20:50,325 [INFO] Época 5/30, Batch 1700/3348, Loss: 0.3829
2025-10-10 06:20:50,580 [INFO] Época 5/30, Batch 1750/3348, Loss: 0.4110
2025-10-10 06:20:50,838 [INFO] Época 5/30, Batch 1800/3348, Loss: 0.2369
2025-10-10 06:20:51,093 [INFO] Época 5/30, Batch 1850/3348, Loss: 0.4051
2025-10-10 06:20:51,348 [INFO] Época 5/30, Batch 1900/3348, Loss: 0.3393
2025-10-10 06:20:51,603 [INFO] Época 5/30, Batch 1950/3348, Loss: 0.3700
2025-10-10 06:20:51,857 [INFO] Época 5/30, Batch 2000/3348, Loss: 0.3687
2025-10-10 06:20:52,115 [INFO] Época 5/30, Batch 2050/3348, Loss: 0.4204
2025-10-10 06:20:52,372 [INFO] Época 5/30, Batch 2100/3348, Loss: 0.3017
2025-10-10 06:20:52,629 [INFO] Época 5/30, Batch 2150/3348, Loss: 0.3290
2025-10-10 06:20:52,886 [INFO] Época 5/30, Batch 2200/3348, Loss: 0.2549
2025-10-10 06:20:53,144 [INFO] Época 5/30, Batch 2250/3348, Loss: 0.3717
2025-10-10 06:20:53,401 [INFO] Época 5/30, Batch 2300/3348, Loss: 0.2535
2025-10-10 06:20:53,656 [INFO] Época 5/30, Batch 2350/3348, Loss: 0.4341
2025-10-10 06:20:53,912 [INFO] Época 5/30, Batch 2400/3348, Loss: 0.4326
2025-10-10 06:20:54,165 [INFO] Época 5/30, Batch 2450/3348, Loss: 0.3993
2025-10-10 06:20:54,421 [INFO] Época 5/30, Batch 2500/3348, Loss: 0.3558
2025-10-10 06:20:54,673 [INFO] Época 5/30, Batch 2550/3348, Loss: 0.4892
2025-10-10 06:20:54,927 [INFO] Época 5/30, Batch 2600/3348, Loss: 0.4066
2025-10-10 06:20:55,182 [INFO] Época 5/30, Batch 2650/3348, Loss: 0.2836
2025-10-10 06:20:55,438 [INFO] Época 5/30, Batch 2700/3348, Loss: 0.2719
2025-10-10 06:20:55,694 [INFO] Época 5/30, Batch 2750/3348, Loss: 0.3434
2025-10-10 06:20:55,951 [INFO] Época 5/30, Batch 2800/3348, Loss: 0.3583
2025-10-10 06:20:56,208 [INFO] Época 5/30, Batch 2850/3348, Loss: 0.4199
2025-10-10 06:20:56,463 [INFO] Época 5/30, Batch 2900/3348, Loss: 0.2532
2025-10-10 06:20:56,717 [INFO] Época 5/30, Batch 2950/3348, Loss: 0.4178
2025-10-10 06:20:56,971 [INFO] Época 5/30, Batch 3000/3348, Loss: 0.3724
2025-10-10 06:20:57,224 [INFO] Época 5/30, Batch 3050/3348, Loss: 0.5022
2025-10-10 06:20:57,478 [INFO] Época 5/30, Batch 3100/3348, Loss: 0.4470
2025-10-10 06:20:57,733 [INFO] Época 5/30, Batch 3150/3348, Loss: 0.3940
2025-10-10 06:20:57,986 [INFO] Época 5/30, Batch 3200/3348, Loss: 0.3596
2025-10-10 06:20:58,242 [INFO] Época 5/30, Batch 3250/3348, Loss: 0.3318
2025-10-10 06:20:58,504 [INFO] Época 5/30, Batch 3300/3348, Loss: 0.3383
2025-10-10 06:21:00,361 [INFO] [5/30] Train Loss: 0.3782 | Val Loss: 0.4191 | Tempo: 19.06s
2025-10-10 06:21:00,909 [INFO] Época 6/30, Batch 50/3348, Loss: 0.3155
2025-10-10 06:21:01,174 [INFO] Época 6/30, Batch 100/3348, Loss: 0.2679
2025-10-10 06:21:01,436 [INFO] Época 6/30, Batch 150/3348, Loss: 0.4234
2025-10-10 06:21:01,695 [INFO] Época 6/30, Batch 200/3348, Loss: 0.3430
2025-10-10 06:21:01,954 [INFO] Época 6/30, Batch 250/3348, Loss: 0.4141
2025-10-10 06:21:02,215 [INFO] Época 6/30, Batch 300/3348, Loss: 0.5369
2025-10-10 06:21:02,474 [INFO] Época 6/30, Batch 350/3348, Loss: 0.3100
2025-10-10 06:21:02,732 [INFO] Época 6/30, Batch 400/3348, Loss: 0.3795
2025-10-10 06:21:02,991 [INFO] Época 6/30, Batch 450/3348, Loss: 0.3797
2025-10-10 06:21:03,247 [INFO] Época 6/30, Batch 500/3348, Loss: 0.2125
2025-10-10 06:21:03,507 [INFO] Época 6/30, Batch 550/3348, Loss: 0.3731
2025-10-10 06:21:03,766 [INFO] Época 6/30, Batch 600/3348, Loss: 0.4273
2025-10-10 06:21:04,024 [INFO] Época 6/30, Batch 650/3348, Loss: 0.2855
2025-10-10 06:21:04,282 [INFO] Época 6/30, Batch 700/3348, Loss: 0.3447
2025-10-10 06:21:04,540 [INFO] Época 6/30, Batch 750/3348, Loss: 0.2039
2025-10-10 06:21:04,798 [INFO] Época 6/30, Batch 800/3348, Loss: 0.3316
2025-10-10 06:21:05,060 [INFO] Época 6/30, Batch 850/3348, Loss: 0.3582
2025-10-10 06:21:05,320 [INFO] Época 6/30, Batch 900/3348, Loss: 0.3680
2025-10-10 06:21:05,581 [INFO] Época 6/30, Batch 950/3348, Loss: 0.3878
2025-10-10 06:21:05,841 [INFO] Época 6/30, Batch 1000/3348, Loss: 0.2868
2025-10-10 06:21:06,102 [INFO] Época 6/30, Batch 1050/3348, Loss: 0.3881
2025-10-10 06:21:06,364 [INFO] Época 6/30, Batch 1100/3348, Loss: 0.3965
2025-10-10 06:21:06,623 [INFO] Época 6/30, Batch 1150/3348, Loss: 0.4509
2025-10-10 06:21:06,883 [INFO] Época 6/30, Batch 1200/3348, Loss: 0.4933
2025-10-10 06:21:07,145 [INFO] Época 6/30, Batch 1250/3348, Loss: 0.3445
2025-10-10 06:21:07,404 [INFO] Época 6/30, Batch 1300/3348, Loss: 0.3206
2025-10-10 06:21:07,662 [INFO] Época 6/30, Batch 1350/3348, Loss: 0.3637
2025-10-10 06:21:07,921 [INFO] Época 6/30, Batch 1400/3348, Loss: 0.4002
2025-10-10 06:21:08,179 [INFO] Época 6/30, Batch 1450/3348, Loss: 0.2523
2025-10-10 06:21:08,437 [INFO] Época 6/30, Batch 1500/3348, Loss: 0.3816
2025-10-10 06:21:08,709 [INFO] Época 6/30, Batch 1550/3348, Loss: 0.4095
2025-10-10 06:21:08,972 [INFO] Época 6/30, Batch 1600/3348, Loss: 0.3612
2025-10-10 06:21:09,234 [INFO] Época 6/30, Batch 1650/3348, Loss: 0.4011
2025-10-10 06:21:09,495 [INFO] Época 6/30, Batch 1700/3348, Loss: 0.3882
2025-10-10 06:21:09,754 [INFO] Época 6/30, Batch 1750/3348, Loss: 0.3855
2025-10-10 06:21:10,014 [INFO] Época 6/30, Batch 1800/3348, Loss: 0.4092
2025-10-10 06:21:10,281 [INFO] Época 6/30, Batch 1850/3348, Loss: 0.3601
2025-10-10 06:21:10,548 [INFO] Época 6/30, Batch 1900/3348, Loss: 0.3637
2025-10-10 06:21:10,817 [INFO] Época 6/30, Batch 1950/3348, Loss: 0.4150
2025-10-10 06:21:11,083 [INFO] Época 6/30, Batch 2000/3348, Loss: 0.4338
2025-10-10 06:21:11,351 [INFO] Época 6/30, Batch 2050/3348, Loss: 0.3794
2025-10-10 06:21:11,617 [INFO] Época 6/30, Batch 2100/3348, Loss: 0.4328
2025-10-10 06:21:11,884 [INFO] Época 6/30, Batch 2150/3348, Loss: 0.3607
2025-10-10 06:21:12,149 [INFO] Época 6/30, Batch 2200/3348, Loss: 0.4118
2025-10-10 06:21:12,417 [INFO] Época 6/30, Batch 2250/3348, Loss: 0.3152
2025-10-10 06:21:12,684 [INFO] Época 6/30, Batch 2300/3348, Loss: 0.2598
2025-10-10 06:21:12,952 [INFO] Época 6/30, Batch 2350/3348, Loss: 0.3531
2025-10-10 06:21:13,218 [INFO] Época 6/30, Batch 2400/3348, Loss: 0.3001
2025-10-10 06:21:13,484 [INFO] Época 6/30, Batch 2450/3348, Loss: 0.4003
2025-10-10 06:21:13,761 [INFO] Época 6/30, Batch 2500/3348, Loss: 0.5244
2025-10-10 06:21:14,028 [INFO] Época 6/30, Batch 2550/3348, Loss: 0.3833
2025-10-10 06:21:14,297 [INFO] Época 6/30, Batch 2600/3348, Loss: 0.2966
2025-10-10 06:21:14,562 [INFO] Época 6/30, Batch 2650/3348, Loss: 0.3874
2025-10-10 06:21:14,819 [INFO] Época 6/30, Batch 2700/3348, Loss: 0.4283
2025-10-10 06:21:15,076 [INFO] Época 6/30, Batch 2750/3348, Loss: 0.3725
2025-10-10 06:21:15,334 [INFO] Época 6/30, Batch 2800/3348, Loss: 0.3616
2025-10-10 06:21:15,594 [INFO] Época 6/30, Batch 2850/3348, Loss: 0.3091
2025-10-10 06:21:15,852 [INFO] Época 6/30, Batch 2900/3348, Loss: 0.3567
2025-10-10 06:21:16,111 [INFO] Época 6/30, Batch 2950/3348, Loss: 0.2743
2025-10-10 06:21:16,369 [INFO] Época 6/30, Batch 3000/3348, Loss: 0.3551
2025-10-10 06:21:16,627 [INFO] Época 6/30, Batch 3050/3348, Loss: 0.2500
2025-10-10 06:21:16,894 [INFO] Época 6/30, Batch 3100/3348, Loss: 0.2829
2025-10-10 06:21:17,160 [INFO] Época 6/30, Batch 3150/3348, Loss: 0.4811
2025-10-10 06:21:17,426 [INFO] Época 6/30, Batch 3200/3348, Loss: 0.4050
2025-10-10 06:21:17,692 [INFO] Época 6/30, Batch 3250/3348, Loss: 0.4041
2025-10-10 06:21:17,951 [INFO] Época 6/30, Batch 3300/3348, Loss: 0.3838
2025-10-10 06:21:19,619 [INFO] [6/30] Train Loss: 0.3754 | Val Loss: 0.4269 | Tempo: 19.26s
2025-10-10 06:21:20,165 [INFO] Época 7/30, Batch 50/3348, Loss: 0.2723
2025-10-10 06:21:20,431 [INFO] Época 7/30, Batch 100/3348, Loss: 0.3190
2025-10-10 06:21:20,696 [INFO] Época 7/30, Batch 150/3348, Loss: 0.3771
2025-10-10 06:21:20,959 [INFO] Época 7/30, Batch 200/3348, Loss: 0.3338
2025-10-10 06:21:21,221 [INFO] Época 7/30, Batch 250/3348, Loss: 0.4863
2025-10-10 06:21:21,483 [INFO] Época 7/30, Batch 300/3348, Loss: 0.3685
2025-10-10 06:21:21,746 [INFO] Época 7/30, Batch 350/3348, Loss: 0.3285
2025-10-10 06:21:22,006 [INFO] Época 7/30, Batch 400/3348, Loss: 0.3766
2025-10-10 06:21:22,267 [INFO] Época 7/30, Batch 450/3348, Loss: 0.2726
2025-10-10 06:21:22,527 [INFO] Época 7/30, Batch 500/3348, Loss: 0.3257
2025-10-10 06:21:22,787 [INFO] Época 7/30, Batch 550/3348, Loss: 0.4032
2025-10-10 06:21:23,048 [INFO] Época 7/30, Batch 600/3348, Loss: 0.4389
2025-10-10 06:21:23,309 [INFO] Época 7/30, Batch 650/3348, Loss: 0.2980
2025-10-10 06:21:23,568 [INFO] Época 7/30, Batch 700/3348, Loss: 0.3570
2025-10-10 06:21:23,828 [INFO] Época 7/30, Batch 750/3348, Loss: 0.3448
2025-10-10 06:21:24,087 [INFO] Época 7/30, Batch 800/3348, Loss: 0.3667
2025-10-10 06:21:24,345 [INFO] Época 7/30, Batch 850/3348, Loss: 0.5050
2025-10-10 06:21:24,601 [INFO] Época 7/30, Batch 900/3348, Loss: 0.3010
2025-10-10 06:21:24,859 [INFO] Época 7/30, Batch 950/3348, Loss: 0.3526
2025-10-10 06:21:25,116 [INFO] Época 7/30, Batch 1000/3348, Loss: 0.3994
2025-10-10 06:21:25,373 [INFO] Época 7/30, Batch 1050/3348, Loss: 0.3798
2025-10-10 06:21:25,632 [INFO] Época 7/30, Batch 1100/3348, Loss: 0.3504
2025-10-10 06:21:25,889 [INFO] Época 7/30, Batch 1150/3348, Loss: 0.3760
2025-10-10 06:21:26,146 [INFO] Época 7/30, Batch 1200/3348, Loss: 0.4398
2025-10-10 06:21:26,403 [INFO] Época 7/30, Batch 1250/3348, Loss: 0.4699
2025-10-10 06:21:26,661 [INFO] Época 7/30, Batch 1300/3348, Loss: 0.3224
2025-10-10 06:21:26,918 [INFO] Época 7/30, Batch 1350/3348, Loss: 0.3065
2025-10-10 06:21:27,176 [INFO] Época 7/30, Batch 1400/3348, Loss: 0.3920
2025-10-10 06:21:27,433 [INFO] Época 7/30, Batch 1450/3348, Loss: 0.3125
2025-10-10 06:21:27,693 [INFO] Época 7/30, Batch 1500/3348, Loss: 0.4211
2025-10-10 06:21:27,952 [INFO] Época 7/30, Batch 1550/3348, Loss: 0.3191
2025-10-10 06:21:28,211 [INFO] Época 7/30, Batch 1600/3348, Loss: 0.3606
2025-10-10 06:21:28,470 [INFO] Época 7/30, Batch 1650/3348, Loss: 0.3285
2025-10-10 06:21:28,730 [INFO] Época 7/30, Batch 1700/3348, Loss: 0.4186
2025-10-10 06:21:28,988 [INFO] Época 7/30, Batch 1750/3348, Loss: 0.3836
2025-10-10 06:21:29,244 [INFO] Época 7/30, Batch 1800/3348, Loss: 0.4621
2025-10-10 06:21:29,503 [INFO] Época 7/30, Batch 1850/3348, Loss: 0.4192
2025-10-10 06:21:29,763 [INFO] Época 7/30, Batch 1900/3348, Loss: 0.3553
2025-10-10 06:21:30,023 [INFO] Época 7/30, Batch 1950/3348, Loss: 0.4634
2025-10-10 06:21:30,287 [INFO] Época 7/30, Batch 2000/3348, Loss: 0.3536
2025-10-10 06:21:30,548 [INFO] Época 7/30, Batch 2050/3348, Loss: 0.3141
2025-10-10 06:21:30,810 [INFO] Época 7/30, Batch 2100/3348, Loss: 0.4397
2025-10-10 06:21:31,069 [INFO] Época 7/30, Batch 2150/3348, Loss: 0.2376
2025-10-10 06:21:31,329 [INFO] Época 7/30, Batch 2200/3348, Loss: 0.4385
2025-10-10 06:21:31,589 [INFO] Época 7/30, Batch 2250/3348, Loss: 0.3162
2025-10-10 06:21:31,848 [INFO] Época 7/30, Batch 2300/3348, Loss: 0.3966
2025-10-10 06:21:32,108 [INFO] Época 7/30, Batch 2350/3348, Loss: 0.3237
2025-10-10 06:21:32,369 [INFO] Época 7/30, Batch 2400/3348, Loss: 0.4441
2025-10-10 06:21:32,625 [INFO] Época 7/30, Batch 2450/3348, Loss: 0.4494
2025-10-10 06:21:32,881 [INFO] Época 7/30, Batch 2500/3348, Loss: 0.4747
2025-10-10 06:21:33,136 [INFO] Época 7/30, Batch 2550/3348, Loss: 0.5302
2025-10-10 06:21:33,393 [INFO] Época 7/30, Batch 2600/3348, Loss: 0.4166
2025-10-10 06:21:33,651 [INFO] Época 7/30, Batch 2650/3348, Loss: 0.3887
2025-10-10 06:21:33,908 [INFO] Época 7/30, Batch 2700/3348, Loss: 0.4249
2025-10-10 06:21:34,166 [INFO] Época 7/30, Batch 2750/3348, Loss: 0.4919
2025-10-10 06:21:34,421 [INFO] Época 7/30, Batch 2800/3348, Loss: 0.4163
2025-10-10 06:21:34,676 [INFO] Época 7/30, Batch 2850/3348, Loss: 0.4569
2025-10-10 06:21:34,932 [INFO] Época 7/30, Batch 2900/3348, Loss: 0.4478
2025-10-10 06:21:35,186 [INFO] Época 7/30, Batch 2950/3348, Loss: 0.2938
2025-10-10 06:21:35,456 [INFO] Época 7/30, Batch 3000/3348, Loss: 0.3079
2025-10-10 06:21:35,712 [INFO] Época 7/30, Batch 3050/3348, Loss: 0.3543
2025-10-10 06:21:35,969 [INFO] Época 7/30, Batch 3100/3348, Loss: 0.3307
2025-10-10 06:21:36,227 [INFO] Época 7/30, Batch 3150/3348, Loss: 0.3304
2025-10-10 06:21:36,484 [INFO] Época 7/30, Batch 3200/3348, Loss: 0.3987
2025-10-10 06:21:36,740 [INFO] Época 7/30, Batch 3250/3348, Loss: 0.3689
2025-10-10 06:21:36,995 [INFO] Época 7/30, Batch 3300/3348, Loss: 0.3782
2025-10-10 06:21:38,682 [INFO] [7/30] Train Loss: 0.3734 | Val Loss: 0.4200 | Tempo: 19.06s
2025-10-10 06:21:39,230 [INFO] Época 8/30, Batch 50/3348, Loss: 0.3478
2025-10-10 06:21:39,493 [INFO] Época 8/30, Batch 100/3348, Loss: 0.3409
2025-10-10 06:21:39,755 [INFO] Época 8/30, Batch 150/3348, Loss: 0.3612
2025-10-10 06:21:40,015 [INFO] Época 8/30, Batch 200/3348, Loss: 0.4320
2025-10-10 06:21:40,276 [INFO] Época 8/30, Batch 250/3348, Loss: 0.2201
2025-10-10 06:21:40,537 [INFO] Época 8/30, Batch 300/3348, Loss: 0.4292
2025-10-10 06:21:40,800 [INFO] Época 8/30, Batch 350/3348, Loss: 0.3893
2025-10-10 06:21:41,061 [INFO] Época 8/30, Batch 400/3348, Loss: 0.3431
2025-10-10 06:21:41,324 [INFO] Época 8/30, Batch 450/3348, Loss: 0.3423
2025-10-10 06:21:41,585 [INFO] Época 8/30, Batch 500/3348, Loss: 0.3059
2025-10-10 06:21:41,857 [INFO] Época 8/30, Batch 550/3348, Loss: 0.2920
2025-10-10 06:21:42,127 [INFO] Época 8/30, Batch 600/3348, Loss: 0.3896
2025-10-10 06:21:42,397 [INFO] Época 8/30, Batch 650/3348, Loss: 0.3197
2025-10-10 06:21:42,666 [INFO] Época 8/30, Batch 700/3348, Loss: 0.3918
2025-10-10 06:21:42,928 [INFO] Época 8/30, Batch 750/3348, Loss: 0.4665
2025-10-10 06:21:43,187 [INFO] Época 8/30, Batch 800/3348, Loss: 0.2933
2025-10-10 06:21:43,432 [INFO] Época 8/30, Batch 850/3348, Loss: 0.3910
2025-10-10 06:21:43,684 [INFO] Época 8/30, Batch 900/3348, Loss: 0.3168
2025-10-10 06:21:43,938 [INFO] Época 8/30, Batch 950/3348, Loss: 0.2889
2025-10-10 06:21:44,194 [INFO] Época 8/30, Batch 1000/3348, Loss: 0.3200
2025-10-10 06:21:44,449 [INFO] Época 8/30, Batch 1050/3348, Loss: 0.3507
2025-10-10 06:21:44,695 [INFO] Época 8/30, Batch 1100/3348, Loss: 0.3639
2025-10-10 06:21:44,944 [INFO] Época 8/30, Batch 1150/3348, Loss: 0.3713
2025-10-10 06:21:45,193 [INFO] Época 8/30, Batch 1200/3348, Loss: 0.3465
2025-10-10 06:21:45,456 [INFO] Época 8/30, Batch 1250/3348, Loss: 0.4520
2025-10-10 06:21:45,729 [INFO] Época 8/30, Batch 1300/3348, Loss: 0.3789
2025-10-10 06:21:45,993 [INFO] Época 8/30, Batch 1350/3348, Loss: 0.3613
2025-10-10 06:21:46,256 [INFO] Época 8/30, Batch 1400/3348, Loss: 0.4634
2025-10-10 06:21:46,520 [INFO] Época 8/30, Batch 1450/3348, Loss: 0.3918
2025-10-10 06:21:46,786 [INFO] Época 8/30, Batch 1500/3348, Loss: 0.3398
2025-10-10 06:21:47,052 [INFO] Época 8/30, Batch 1550/3348, Loss: 0.3365
2025-10-10 06:21:47,316 [INFO] Época 8/30, Batch 1600/3348, Loss: 0.3898
2025-10-10 06:21:47,579 [INFO] Época 8/30, Batch 1650/3348, Loss: 0.2647
2025-10-10 06:21:47,842 [INFO] Época 8/30, Batch 1700/3348, Loss: 0.3630
2025-10-10 06:21:48,108 [INFO] Época 8/30, Batch 1750/3348, Loss: 0.3666
2025-10-10 06:21:48,373 [INFO] Época 8/30, Batch 1800/3348, Loss: 0.2671
2025-10-10 06:21:48,637 [INFO] Época 8/30, Batch 1850/3348, Loss: 0.3983
2025-10-10 06:21:48,904 [INFO] Época 8/30, Batch 1900/3348, Loss: 0.3651
2025-10-10 06:21:49,177 [INFO] Época 8/30, Batch 1950/3348, Loss: 0.3703
2025-10-10 06:21:49,449 [INFO] Época 8/30, Batch 2000/3348, Loss: 0.3756
2025-10-10 06:21:49,723 [INFO] Época 8/30, Batch 2050/3348, Loss: 0.3912
2025-10-10 06:21:49,992 [INFO] Época 8/30, Batch 2100/3348, Loss: 0.3405
2025-10-10 06:21:50,266 [INFO] Época 8/30, Batch 2150/3348, Loss: 0.2822
2025-10-10 06:21:50,538 [INFO] Época 8/30, Batch 2200/3348, Loss: 0.4375
2025-10-10 06:21:50,820 [INFO] Época 8/30, Batch 2250/3348, Loss: 0.2868
2025-10-10 06:21:51,092 [INFO] Época 8/30, Batch 2300/3348, Loss: 0.5812
2025-10-10 06:21:51,364 [INFO] Época 8/30, Batch 2350/3348, Loss: 0.3710
2025-10-10 06:21:51,634 [INFO] Época 8/30, Batch 2400/3348, Loss: 0.2610
2025-10-10 06:21:51,897 [INFO] Época 8/30, Batch 2450/3348, Loss: 0.3821
2025-10-10 06:21:52,157 [INFO] Época 8/30, Batch 2500/3348, Loss: 0.3700
2025-10-10 06:21:52,415 [INFO] Época 8/30, Batch 2550/3348, Loss: 0.4072
2025-10-10 06:21:52,675 [INFO] Época 8/30, Batch 2600/3348, Loss: 0.3467
2025-10-10 06:21:52,937 [INFO] Época 8/30, Batch 2650/3348, Loss: 0.4908
2025-10-10 06:21:53,200 [INFO] Época 8/30, Batch 2700/3348, Loss: 0.3938
2025-10-10 06:21:53,459 [INFO] Época 8/30, Batch 2750/3348, Loss: 0.5311
2025-10-10 06:21:53,718 [INFO] Época 8/30, Batch 2800/3348, Loss: 0.3388
2025-10-10 06:21:53,978 [INFO] Época 8/30, Batch 2850/3348, Loss: 0.4500
2025-10-10 06:21:54,239 [INFO] Época 8/30, Batch 2900/3348, Loss: 0.3728
2025-10-10 06:21:54,504 [INFO] Época 8/30, Batch 2950/3348, Loss: 0.3299
2025-10-10 06:21:54,764 [INFO] Época 8/30, Batch 3000/3348, Loss: 0.3909
2025-10-10 06:21:55,025 [INFO] Época 8/30, Batch 3050/3348, Loss: 0.3795
2025-10-10 06:21:55,286 [INFO] Época 8/30, Batch 3100/3348, Loss: 0.3168
2025-10-10 06:21:55,549 [INFO] Época 8/30, Batch 3150/3348, Loss: 0.5710
2025-10-10 06:21:55,816 [INFO] Época 8/30, Batch 3200/3348, Loss: 0.3014
2025-10-10 06:21:56,080 [INFO] Época 8/30, Batch 3250/3348, Loss: 0.3242
2025-10-10 06:21:56,345 [INFO] Época 8/30, Batch 3300/3348, Loss: 0.3175
2025-10-10 06:21:58,147 [INFO] [8/30] Train Loss: 0.3714 | Val Loss: 0.4162 | Tempo: 19.46s
2025-10-10 06:21:58,698 [INFO] Época 9/30, Batch 50/3348, Loss: 0.3279
2025-10-10 06:21:58,959 [INFO] Época 9/30, Batch 100/3348, Loss: 0.4487
2025-10-10 06:21:59,219 [INFO] Época 9/30, Batch 150/3348, Loss: 0.4933
2025-10-10 06:21:59,476 [INFO] Época 9/30, Batch 200/3348, Loss: 0.2755
2025-10-10 06:21:59,734 [INFO] Época 9/30, Batch 250/3348, Loss: 0.3399
2025-10-10 06:21:59,994 [INFO] Época 9/30, Batch 300/3348, Loss: 0.2835
2025-10-10 06:22:00,253 [INFO] Época 9/30, Batch 350/3348, Loss: 0.2528
2025-10-10 06:22:00,512 [INFO] Época 9/30, Batch 400/3348, Loss: 0.4360
2025-10-10 06:22:00,769 [INFO] Época 9/30, Batch 450/3348, Loss: 0.3900
2025-10-10 06:22:01,027 [INFO] Época 9/30, Batch 500/3348, Loss: 0.2864
2025-10-10 06:22:01,285 [INFO] Época 9/30, Batch 550/3348, Loss: 0.3508
2025-10-10 06:22:01,542 [INFO] Época 9/30, Batch 600/3348, Loss: 0.4742
2025-10-10 06:22:01,798 [INFO] Época 9/30, Batch 650/3348, Loss: 0.2998
2025-10-10 06:22:02,053 [INFO] Época 9/30, Batch 700/3348, Loss: 0.4378
2025-10-10 06:22:02,309 [INFO] Época 9/30, Batch 750/3348, Loss: 0.3217
2025-10-10 06:22:02,564 [INFO] Época 9/30, Batch 800/3348, Loss: 0.3376
2025-10-10 06:22:02,820 [INFO] Época 9/30, Batch 850/3348, Loss: 0.3525
2025-10-10 06:22:03,074 [INFO] Época 9/30, Batch 900/3348, Loss: 0.3876
2025-10-10 06:22:03,331 [INFO] Época 9/30, Batch 950/3348, Loss: 0.5607
2025-10-10 06:22:03,587 [INFO] Época 9/30, Batch 1000/3348, Loss: 0.2909
2025-10-10 06:22:03,843 [INFO] Época 9/30, Batch 1050/3348, Loss: 0.3699
2025-10-10 06:22:04,101 [INFO] Época 9/30, Batch 1100/3348, Loss: 0.3798
2025-10-10 06:22:04,358 [INFO] Época 9/30, Batch 1150/3348, Loss: 0.2942
2025-10-10 06:22:04,618 [INFO] Época 9/30, Batch 1200/3348, Loss: 0.3236
2025-10-10 06:22:04,876 [INFO] Época 9/30, Batch 1250/3348, Loss: 0.3405
2025-10-10 06:22:05,131 [INFO] Época 9/30, Batch 1300/3348, Loss: 0.3383
2025-10-10 06:22:05,388 [INFO] Época 9/30, Batch 1350/3348, Loss: 0.4420
2025-10-10 06:22:05,642 [INFO] Época 9/30, Batch 1400/3348, Loss: 0.3029
2025-10-10 06:22:05,901 [INFO] Época 9/30, Batch 1450/3348, Loss: 0.3412
2025-10-10 06:22:06,159 [INFO] Época 9/30, Batch 1500/3348, Loss: 0.3627
2025-10-10 06:22:06,413 [INFO] Época 9/30, Batch 1550/3348, Loss: 0.5188
2025-10-10 06:22:06,669 [INFO] Época 9/30, Batch 1600/3348, Loss: 0.3181
2025-10-10 06:22:06,925 [INFO] Época 9/30, Batch 1650/3348, Loss: 0.3453
2025-10-10 06:22:07,184 [INFO] Época 9/30, Batch 1700/3348, Loss: 0.4546
2025-10-10 06:22:07,439 [INFO] Época 9/30, Batch 1750/3348, Loss: 0.3362
2025-10-10 06:22:07,695 [INFO] Época 9/30, Batch 1800/3348, Loss: 0.3541
2025-10-10 06:22:07,953 [INFO] Época 9/30, Batch 1850/3348, Loss: 0.4089
2025-10-10 06:22:08,212 [INFO] Época 9/30, Batch 1900/3348, Loss: 0.3296
2025-10-10 06:22:08,473 [INFO] Época 9/30, Batch 1950/3348, Loss: 0.3559
2025-10-10 06:22:08,733 [INFO] Época 9/30, Batch 2000/3348, Loss: 0.2544
2025-10-10 06:22:08,994 [INFO] Época 9/30, Batch 2050/3348, Loss: 0.3786
2025-10-10 06:22:09,255 [INFO] Época 9/30, Batch 2100/3348, Loss: 0.4618
2025-10-10 06:22:09,515 [INFO] Época 9/30, Batch 2150/3348, Loss: 0.3261
2025-10-10 06:22:09,775 [INFO] Época 9/30, Batch 2200/3348, Loss: 0.4372
2025-10-10 06:22:10,033 [INFO] Época 9/30, Batch 2250/3348, Loss: 0.3885
2025-10-10 06:22:10,290 [INFO] Época 9/30, Batch 2300/3348, Loss: 0.4651
2025-10-10 06:22:10,547 [INFO] Época 9/30, Batch 2350/3348, Loss: 0.4798
2025-10-10 06:22:10,808 [INFO] Época 9/30, Batch 2400/3348, Loss: 0.3017
2025-10-10 06:22:11,071 [INFO] Época 9/30, Batch 2450/3348, Loss: 0.2550
2025-10-10 06:22:11,340 [INFO] Época 9/30, Batch 2500/3348, Loss: 0.3090
2025-10-10 06:22:11,600 [INFO] Época 9/30, Batch 2550/3348, Loss: 0.3958
2025-10-10 06:22:11,860 [INFO] Época 9/30, Batch 2600/3348, Loss: 0.4243
2025-10-10 06:22:12,118 [INFO] Época 9/30, Batch 2650/3348, Loss: 0.3673
2025-10-10 06:22:12,378 [INFO] Época 9/30, Batch 2700/3348, Loss: 0.4311
2025-10-10 06:22:12,633 [INFO] Época 9/30, Batch 2750/3348, Loss: 0.3964
2025-10-10 06:22:12,890 [INFO] Época 9/30, Batch 2800/3348, Loss: 0.2710
2025-10-10 06:22:13,149 [INFO] Época 9/30, Batch 2850/3348, Loss: 0.4323
2025-10-10 06:22:13,408 [INFO] Época 9/30, Batch 2900/3348, Loss: 0.4369
2025-10-10 06:22:13,665 [INFO] Época 9/30, Batch 2950/3348, Loss: 0.3628
2025-10-10 06:22:13,924 [INFO] Época 9/30, Batch 3000/3348, Loss: 0.3284
2025-10-10 06:22:14,185 [INFO] Época 9/30, Batch 3050/3348, Loss: 0.4364
2025-10-10 06:22:14,445 [INFO] Época 9/30, Batch 3100/3348, Loss: 0.3128
2025-10-10 06:22:14,705 [INFO] Época 9/30, Batch 3150/3348, Loss: 0.4112
2025-10-10 06:22:14,963 [INFO] Época 9/30, Batch 3200/3348, Loss: 0.3354
2025-10-10 06:22:15,222 [INFO] Época 9/30, Batch 3250/3348, Loss: 0.4203
2025-10-10 06:22:15,479 [INFO] Época 9/30, Batch 3300/3348, Loss: 0.4395
2025-10-10 06:22:17,176 [INFO] [9/30] Train Loss: 0.3700 | Val Loss: 0.4265 | Tempo: 19.03s
2025-10-10 06:22:17,710 [INFO] Época 10/30, Batch 50/3348, Loss: 0.3685
2025-10-10 06:22:17,966 [INFO] Época 10/30, Batch 100/3348, Loss: 0.3303
2025-10-10 06:22:18,220 [INFO] Época 10/30, Batch 150/3348, Loss: 0.3589
2025-10-10 06:22:18,474 [INFO] Época 10/30, Batch 200/3348, Loss: 0.2787
2025-10-10 06:22:18,726 [INFO] Época 10/30, Batch 250/3348, Loss: 0.3566
2025-10-10 06:22:18,979 [INFO] Época 10/30, Batch 300/3348, Loss: 0.2258
2025-10-10 06:22:19,227 [INFO] Época 10/30, Batch 350/3348, Loss: 0.3554
2025-10-10 06:22:19,480 [INFO] Época 10/30, Batch 400/3348, Loss: 0.2970
2025-10-10 06:22:19,732 [INFO] Época 10/30, Batch 450/3348, Loss: 0.4079
2025-10-10 06:22:19,983 [INFO] Época 10/30, Batch 500/3348, Loss: 0.4202
2025-10-10 06:22:20,234 [INFO] Época 10/30, Batch 550/3348, Loss: 0.3882
2025-10-10 06:22:20,490 [INFO] Época 10/30, Batch 600/3348, Loss: 0.3462
2025-10-10 06:22:20,747 [INFO] Época 10/30, Batch 650/3348, Loss: 0.3739
2025-10-10 06:22:21,005 [INFO] Época 10/30, Batch 700/3348, Loss: 0.3053
2025-10-10 06:22:21,254 [INFO] Época 10/30, Batch 750/3348, Loss: 0.3982
2025-10-10 06:22:21,503 [INFO] Época 10/30, Batch 800/3348, Loss: 0.4655
2025-10-10 06:22:21,748 [INFO] Época 10/30, Batch 850/3348, Loss: 0.3543
2025-10-10 06:22:21,995 [INFO] Época 10/30, Batch 900/3348, Loss: 0.2786
2025-10-10 06:22:22,244 [INFO] Época 10/30, Batch 950/3348, Loss: 0.4617
2025-10-10 06:22:22,503 [INFO] Época 10/30, Batch 1000/3348, Loss: 0.3541
2025-10-10 06:22:22,765 [INFO] Época 10/30, Batch 1050/3348, Loss: 0.4082
2025-10-10 06:22:23,028 [INFO] Época 10/30, Batch 1100/3348, Loss: 0.4574
2025-10-10 06:22:23,286 [INFO] Época 10/30, Batch 1150/3348, Loss: 0.4426
2025-10-10 06:22:23,536 [INFO] Época 10/30, Batch 1200/3348, Loss: 0.2982
2025-10-10 06:22:23,783 [INFO] Época 10/30, Batch 1250/3348, Loss: 0.2679
2025-10-10 06:22:24,031 [INFO] Época 10/30, Batch 1300/3348, Loss: 0.2976
2025-10-10 06:22:24,278 [INFO] Época 10/30, Batch 1350/3348, Loss: 0.3711
2025-10-10 06:22:24,522 [INFO] Época 10/30, Batch 1400/3348, Loss: 0.4285
2025-10-10 06:22:24,764 [INFO] Época 10/30, Batch 1450/3348, Loss: 0.3977
2025-10-10 06:22:25,008 [INFO] Época 10/30, Batch 1500/3348, Loss: 0.2538
2025-10-10 06:22:25,250 [INFO] Época 10/30, Batch 1550/3348, Loss: 0.3976
2025-10-10 06:22:25,494 [INFO] Época 10/30, Batch 1600/3348, Loss: 0.2893
2025-10-10 06:22:25,737 [INFO] Época 10/30, Batch 1650/3348, Loss: 0.3124
2025-10-10 06:22:25,982 [INFO] Época 10/30, Batch 1700/3348, Loss: 0.4968
2025-10-10 06:22:26,228 [INFO] Época 10/30, Batch 1750/3348, Loss: 0.4988
2025-10-10 06:22:26,476 [INFO] Época 10/30, Batch 1800/3348, Loss: 0.3271
2025-10-10 06:22:26,728 [INFO] Época 10/30, Batch 1850/3348, Loss: 0.3062
2025-10-10 06:22:26,973 [INFO] Época 10/30, Batch 1900/3348, Loss: 0.4896
2025-10-10 06:22:27,219 [INFO] Época 10/30, Batch 1950/3348, Loss: 0.3679
2025-10-10 06:22:27,469 [INFO] Época 10/30, Batch 2000/3348, Loss: 0.2694
2025-10-10 06:22:27,734 [INFO] Época 10/30, Batch 2050/3348, Loss: 0.3506
2025-10-10 06:22:27,987 [INFO] Época 10/30, Batch 2100/3348, Loss: 0.2775
2025-10-10 06:22:28,239 [INFO] Época 10/30, Batch 2150/3348, Loss: 0.3631
2025-10-10 06:22:28,491 [INFO] Época 10/30, Batch 2200/3348, Loss: 0.3082
2025-10-10 06:22:28,746 [INFO] Época 10/30, Batch 2250/3348, Loss: 0.3830
2025-10-10 06:22:28,998 [INFO] Época 10/30, Batch 2300/3348, Loss: 0.4311
2025-10-10 06:22:29,251 [INFO] Época 10/30, Batch 2350/3348, Loss: 0.3390
2025-10-10 06:22:29,503 [INFO] Época 10/30, Batch 2400/3348, Loss: 0.4402
2025-10-10 06:22:29,758 [INFO] Época 10/30, Batch 2450/3348, Loss: 0.2593
2025-10-10 06:22:30,011 [INFO] Época 10/30, Batch 2500/3348, Loss: 0.5221
2025-10-10 06:22:30,263 [INFO] Época 10/30, Batch 2550/3348, Loss: 0.3337
2025-10-10 06:22:30,514 [INFO] Época 10/30, Batch 2600/3348, Loss: 0.3493
2025-10-10 06:22:30,766 [INFO] Época 10/30, Batch 2650/3348, Loss: 0.3345
2025-10-10 06:22:31,020 [INFO] Época 10/30, Batch 2700/3348, Loss: 0.4837
2025-10-10 06:22:31,278 [INFO] Época 10/30, Batch 2750/3348, Loss: 0.3620
2025-10-10 06:22:31,535 [INFO] Época 10/30, Batch 2800/3348, Loss: 0.4675
2025-10-10 06:22:31,792 [INFO] Época 10/30, Batch 2850/3348, Loss: 0.3866
2025-10-10 06:22:32,050 [INFO] Época 10/30, Batch 2900/3348, Loss: 0.3096
2025-10-10 06:22:32,302 [INFO] Época 10/30, Batch 2950/3348, Loss: 0.4085
2025-10-10 06:22:32,553 [INFO] Época 10/30, Batch 3000/3348, Loss: 0.3464
2025-10-10 06:22:32,813 [INFO] Época 10/30, Batch 3050/3348, Loss: 0.2987
2025-10-10 06:22:33,062 [INFO] Época 10/30, Batch 3100/3348, Loss: 0.3998
2025-10-10 06:22:33,311 [INFO] Época 10/30, Batch 3150/3348, Loss: 0.3907
2025-10-10 06:22:33,561 [INFO] Época 10/30, Batch 3200/3348, Loss: 0.3844
2025-10-10 06:22:33,817 [INFO] Época 10/30, Batch 3250/3348, Loss: 0.2464
2025-10-10 06:22:34,092 [INFO] Época 10/30, Batch 3300/3348, Loss: 0.3209
2025-10-10 06:22:35,942 [INFO] [10/30] Train Loss: 0.3689 | Val Loss: 0.4160 | Tempo: 18.77s
2025-10-10 06:22:36,496 [INFO] Época 11/30, Batch 50/3348, Loss: 0.4314
2025-10-10 06:22:36,760 [INFO] Época 11/30, Batch 100/3348, Loss: 0.4973
2025-10-10 06:22:37,024 [INFO] Época 11/30, Batch 150/3348, Loss: 0.3900
2025-10-10 06:22:37,287 [INFO] Época 11/30, Batch 200/3348, Loss: 0.3334
2025-10-10 06:22:37,547 [INFO] Época 11/30, Batch 250/3348, Loss: 0.4414
2025-10-10 06:22:37,810 [INFO] Época 11/30, Batch 300/3348, Loss: 0.4088
2025-10-10 06:22:38,072 [INFO] Época 11/30, Batch 350/3348, Loss: 0.3576
2025-10-10 06:22:38,335 [INFO] Época 11/30, Batch 400/3348, Loss: 0.4547
2025-10-10 06:22:38,596 [INFO] Época 11/30, Batch 450/3348, Loss: 0.4839
2025-10-10 06:22:38,857 [INFO] Época 11/30, Batch 500/3348, Loss: 0.3148
2025-10-10 06:22:39,118 [INFO] Época 11/30, Batch 550/3348, Loss: 0.3768
2025-10-10 06:22:39,377 [INFO] Época 11/30, Batch 600/3348, Loss: 0.2839
2025-10-10 06:22:39,638 [INFO] Época 11/30, Batch 650/3348, Loss: 0.3606
2025-10-10 06:22:39,900 [INFO] Época 11/30, Batch 700/3348, Loss: 0.3572
2025-10-10 06:22:40,158 [INFO] Época 11/30, Batch 750/3348, Loss: 0.3530
2025-10-10 06:22:40,412 [INFO] Época 11/30, Batch 800/3348, Loss: 0.4306
2025-10-10 06:22:40,671 [INFO] Época 11/30, Batch 850/3348, Loss: 0.4173
2025-10-10 06:22:40,925 [INFO] Época 11/30, Batch 900/3348, Loss: 0.4220
2025-10-10 06:22:41,179 [INFO] Época 11/30, Batch 950/3348, Loss: 0.3005
2025-10-10 06:22:41,434 [INFO] Época 11/30, Batch 1000/3348, Loss: 0.4130
2025-10-10 06:22:41,689 [INFO] Época 11/30, Batch 1050/3348, Loss: 0.4060
2025-10-10 06:22:41,944 [INFO] Época 11/30, Batch 1100/3348, Loss: 0.3979
2025-10-10 06:22:42,198 [INFO] Época 11/30, Batch 1150/3348, Loss: 0.4819
2025-10-10 06:22:42,455 [INFO] Época 11/30, Batch 1200/3348, Loss: 0.3693
2025-10-10 06:22:42,718 [INFO] Época 11/30, Batch 1250/3348, Loss: 0.3771
2025-10-10 06:22:42,976 [INFO] Época 11/30, Batch 1300/3348, Loss: 0.2753
2025-10-10 06:22:43,243 [INFO] Época 11/30, Batch 1350/3348, Loss: 0.3796
2025-10-10 06:22:43,500 [INFO] Época 11/30, Batch 1400/3348, Loss: 0.3796
2025-10-10 06:22:43,757 [INFO] Época 11/30, Batch 1450/3348, Loss: 0.2884
2025-10-10 06:22:44,014 [INFO] Época 11/30, Batch 1500/3348, Loss: 0.2918
2025-10-10 06:22:44,270 [INFO] Época 11/30, Batch 1550/3348, Loss: 0.3727
2025-10-10 06:22:44,529 [INFO] Época 11/30, Batch 1600/3348, Loss: 0.3942
2025-10-10 06:22:44,785 [INFO] Época 11/30, Batch 1650/3348, Loss: 0.3334
2025-10-10 06:22:45,042 [INFO] Época 11/30, Batch 1700/3348, Loss: 0.3440
2025-10-10 06:22:45,301 [INFO] Época 11/30, Batch 1750/3348, Loss: 0.3579
2025-10-10 06:22:45,557 [INFO] Época 11/30, Batch 1800/3348, Loss: 0.4100
2025-10-10 06:22:45,811 [INFO] Época 11/30, Batch 1850/3348, Loss: 0.2290
2025-10-10 06:22:46,067 [INFO] Época 11/30, Batch 1900/3348, Loss: 0.4037
2025-10-10 06:22:46,323 [INFO] Época 11/30, Batch 1950/3348, Loss: 0.3467
2025-10-10 06:22:46,581 [INFO] Época 11/30, Batch 2000/3348, Loss: 0.3651
2025-10-10 06:22:46,838 [INFO] Época 11/30, Batch 2050/3348, Loss: 0.4137
2025-10-10 06:22:47,095 [INFO] Época 11/30, Batch 2100/3348, Loss: 0.4752
2025-10-10 06:22:47,351 [INFO] Época 11/30, Batch 2150/3348, Loss: 0.2953
2025-10-10 06:22:47,609 [INFO] Época 11/30, Batch 2200/3348, Loss: 0.3368
2025-10-10 06:22:47,864 [INFO] Época 11/30, Batch 2250/3348, Loss: 0.3568
2025-10-10 06:22:48,123 [INFO] Época 11/30, Batch 2300/3348, Loss: 0.3409
2025-10-10 06:22:48,381 [INFO] Época 11/30, Batch 2350/3348, Loss: 0.3850
2025-10-10 06:22:48,639 [INFO] Época 11/30, Batch 2400/3348, Loss: 0.3269
2025-10-10 06:22:48,895 [INFO] Época 11/30, Batch 2450/3348, Loss: 0.3679
2025-10-10 06:22:49,149 [INFO] Época 11/30, Batch 2500/3348, Loss: 0.3839
2025-10-10 06:22:49,405 [INFO] Época 11/30, Batch 2550/3348, Loss: 0.3016
2025-10-10 06:22:49,660 [INFO] Época 11/30, Batch 2600/3348, Loss: 0.3632
2025-10-10 06:22:49,917 [INFO] Época 11/30, Batch 2650/3348, Loss: 0.3880
2025-10-10 06:22:50,179 [INFO] Época 11/30, Batch 2700/3348, Loss: 0.3362
2025-10-10 06:22:50,435 [INFO] Época 11/30, Batch 2750/3348, Loss: 0.3114
2025-10-10 06:22:50,694 [INFO] Época 11/30, Batch 2800/3348, Loss: 0.3068
2025-10-10 06:22:50,948 [INFO] Época 11/30, Batch 2850/3348, Loss: 0.3999
2025-10-10 06:22:51,206 [INFO] Época 11/30, Batch 2900/3348, Loss: 0.3549
2025-10-10 06:22:51,463 [INFO] Época 11/30, Batch 2950/3348, Loss: 0.3918
2025-10-10 06:22:51,720 [INFO] Época 11/30, Batch 3000/3348, Loss: 0.3364
2025-10-10 06:22:51,977 [INFO] Época 11/30, Batch 3050/3348, Loss: 0.3926
2025-10-10 06:22:52,234 [INFO] Época 11/30, Batch 3100/3348, Loss: 0.4999
2025-10-10 06:22:52,489 [INFO] Época 11/30, Batch 3150/3348, Loss: 0.3322
2025-10-10 06:22:52,748 [INFO] Época 11/30, Batch 3200/3348, Loss: 0.3956
2025-10-10 06:22:53,004 [INFO] Época 11/30, Batch 3250/3348, Loss: 0.4191
2025-10-10 06:22:53,260 [INFO] Época 11/30, Batch 3300/3348, Loss: 0.2476
2025-10-10 06:22:54,963 [INFO] [11/30] Train Loss: 0.3677 | Val Loss: 0.4059 | Tempo: 19.02s
2025-10-10 06:22:54,964 [INFO] Early stopping ativado após 10 épocas sem melhoria
2025-10-10 06:22:54,964 [INFO] Treinamento concluído em 210.31 segundos (3.51 minutos)
2025-10-10 06:22:54,964 [INFO] Iniciando avaliação no conjunto de teste...
2025-10-10 06:22:56,343 [INFO] Avaliação do teste concluída em 1.38 segundos
2025-10-10 06:22:56,343 [INFO] MSE no teste: 0.2703
2025-10-10 06:22:56,344 [INFO] RMSE no teste: 0.5199
2025-10-10 06:22:56,344 [INFO] MAE no teste: 0.3956
2025-10-10 06:22:56,344 [INFO] Métricas salvas em /mnt/hdd/home/jdurao/ToolBox-ChemXAI/logs/mlp_att9_EState_metrics.json
