2025-10-10 05:47:38,168 [INFO] Iniciando treinamento do modelo mlp_att9_3D
2025-10-10 05:47:38,168 [INFO] Configuração: att_index=9, epochs=30, layers=[128, 64, 32], lr=0.001, batch_size=32, descriptor_type=3D
2025-10-10 05:47:38,168 [INFO] Diretório para modelos: /mnt/hdd/home/jdurao/ToolBox-ChemXAI/models
2025-10-10 05:47:38,168 [INFO] Carregando dados...
2025-10-10 05:47:38,283 [INFO] Preparando dataloaders sem ruído...
2025-10-10 05:53:35,970 [INFO] Dados carregados em 357.80 segundos
2025-10-10 05:53:35,971 [INFO] Tamanhos dos conjuntos - Treino: 105179, Validação: 13147, Teste: 13148
2025-10-10 05:53:35,971 [INFO] Usando dispositivo: cuda
2025-10-10 05:53:36,311 [INFO] Dimensão de entrada: 5, Dimensão de saída: 1
2025-10-10 05:53:36,311 [INFO] Criando modelo MLP com camadas: [128, 64, 32]
2025-10-10 05:53:36,315 [INFO] Modelo criado com 11137 parâmetros
2025-10-10 05:53:36,334 [INFO] Iniciando treinamento com 30 épocas...
2025-10-10 05:53:36,881 [INFO] Época 1/30, Batch 50/3287, Loss: 0.7390
2025-10-10 05:53:37,145 [INFO] Época 1/30, Batch 100/3287, Loss: 0.7021
2025-10-10 05:53:37,397 [INFO] Época 1/30, Batch 150/3287, Loss: 0.5573
2025-10-10 05:53:37,647 [INFO] Época 1/30, Batch 200/3287, Loss: 0.7407
2025-10-10 05:53:37,896 [INFO] Época 1/30, Batch 250/3287, Loss: 0.5468
2025-10-10 05:53:38,149 [INFO] Época 1/30, Batch 300/3287, Loss: 0.6529
2025-10-10 05:53:38,405 [INFO] Época 1/30, Batch 350/3287, Loss: 0.4974
2025-10-10 05:53:38,663 [INFO] Época 1/30, Batch 400/3287, Loss: 0.6198
2025-10-10 05:53:38,924 [INFO] Época 1/30, Batch 450/3287, Loss: 0.4963
2025-10-10 05:53:39,183 [INFO] Época 1/30, Batch 500/3287, Loss: 0.6029
2025-10-10 05:53:39,445 [INFO] Época 1/30, Batch 550/3287, Loss: 0.5250
2025-10-10 05:53:39,702 [INFO] Época 1/30, Batch 600/3287, Loss: 0.5482
2025-10-10 05:53:39,962 [INFO] Época 1/30, Batch 650/3287, Loss: 0.5815
2025-10-10 05:53:40,223 [INFO] Época 1/30, Batch 700/3287, Loss: 0.5621
2025-10-10 05:53:40,484 [INFO] Época 1/30, Batch 750/3287, Loss: 0.6345
2025-10-10 05:53:40,744 [INFO] Época 1/30, Batch 800/3287, Loss: 0.5504
2025-10-10 05:53:41,003 [INFO] Época 1/30, Batch 850/3287, Loss: 0.6861
2025-10-10 05:53:41,261 [INFO] Época 1/30, Batch 900/3287, Loss: 0.6386
2025-10-10 05:53:41,523 [INFO] Época 1/30, Batch 950/3287, Loss: 0.7380
2025-10-10 05:53:41,785 [INFO] Época 1/30, Batch 1000/3287, Loss: 0.5785
2025-10-10 05:53:42,045 [INFO] Época 1/30, Batch 1050/3287, Loss: 0.5419
2025-10-10 05:53:42,307 [INFO] Época 1/30, Batch 1100/3287, Loss: 0.7775
2025-10-10 05:53:42,567 [INFO] Época 1/30, Batch 1150/3287, Loss: 0.5467
2025-10-10 05:53:42,827 [INFO] Época 1/30, Batch 1200/3287, Loss: 0.6008
2025-10-10 05:53:43,086 [INFO] Época 1/30, Batch 1250/3287, Loss: 0.4923
2025-10-10 05:53:43,344 [INFO] Época 1/30, Batch 1300/3287, Loss: 0.5496
2025-10-10 05:53:43,603 [INFO] Época 1/30, Batch 1350/3287, Loss: 0.4641
2025-10-10 05:53:43,861 [INFO] Época 1/30, Batch 1400/3287, Loss: 0.6174
2025-10-10 05:53:44,121 [INFO] Época 1/30, Batch 1450/3287, Loss: 0.5975
2025-10-10 05:53:44,380 [INFO] Época 1/30, Batch 1500/3287, Loss: 0.6045
2025-10-10 05:53:44,640 [INFO] Época 1/30, Batch 1550/3287, Loss: 0.6583
2025-10-10 05:53:44,899 [INFO] Época 1/30, Batch 1600/3287, Loss: 0.5176
2025-10-10 05:53:45,158 [INFO] Época 1/30, Batch 1650/3287, Loss: 0.5682
2025-10-10 05:53:45,416 [INFO] Época 1/30, Batch 1700/3287, Loss: 0.5248
2025-10-10 05:53:45,677 [INFO] Época 1/30, Batch 1750/3287, Loss: 0.4866
2025-10-10 05:53:45,937 [INFO] Época 1/30, Batch 1800/3287, Loss: 0.5531
2025-10-10 05:53:46,196 [INFO] Época 1/30, Batch 1850/3287, Loss: 0.6028
2025-10-10 05:53:46,455 [INFO] Época 1/30, Batch 1900/3287, Loss: 0.6567
2025-10-10 05:53:46,714 [INFO] Época 1/30, Batch 1950/3287, Loss: 0.5506
2025-10-10 05:53:46,974 [INFO] Época 1/30, Batch 2000/3287, Loss: 0.5221
2025-10-10 05:53:47,233 [INFO] Época 1/30, Batch 2050/3287, Loss: 0.6284
2025-10-10 05:53:47,493 [INFO] Época 1/30, Batch 2100/3287, Loss: 0.7015
2025-10-10 05:53:47,753 [INFO] Época 1/30, Batch 2150/3287, Loss: 0.6014
2025-10-10 05:53:48,011 [INFO] Época 1/30, Batch 2200/3287, Loss: 0.6278
2025-10-10 05:53:48,272 [INFO] Época 1/30, Batch 2250/3287, Loss: 0.5999
2025-10-10 05:53:48,531 [INFO] Época 1/30, Batch 2300/3287, Loss: 0.5208
2025-10-10 05:53:48,790 [INFO] Época 1/30, Batch 2350/3287, Loss: 0.5515
2025-10-10 05:53:49,048 [INFO] Época 1/30, Batch 2400/3287, Loss: 0.5889
2025-10-10 05:53:49,309 [INFO] Época 1/30, Batch 2450/3287, Loss: 0.5954
2025-10-10 05:53:49,569 [INFO] Época 1/30, Batch 2500/3287, Loss: 0.5707
2025-10-10 05:53:49,829 [INFO] Época 1/30, Batch 2550/3287, Loss: 0.5726
2025-10-10 05:53:50,086 [INFO] Época 1/30, Batch 2600/3287, Loss: 0.5693
2025-10-10 05:53:50,346 [INFO] Época 1/30, Batch 2650/3287, Loss: 0.4505
2025-10-10 05:53:50,605 [INFO] Época 1/30, Batch 2700/3287, Loss: 0.5633
2025-10-10 05:53:50,876 [INFO] Época 1/30, Batch 2750/3287, Loss: 0.5402
2025-10-10 05:53:51,135 [INFO] Época 1/30, Batch 2800/3287, Loss: 0.5672
2025-10-10 05:53:51,393 [INFO] Época 1/30, Batch 2850/3287, Loss: 0.6292
2025-10-10 05:53:51,652 [INFO] Época 1/30, Batch 2900/3287, Loss: 0.7223
2025-10-10 05:53:51,911 [INFO] Época 1/30, Batch 2950/3287, Loss: 0.5215
2025-10-10 05:53:52,172 [INFO] Época 1/30, Batch 3000/3287, Loss: 0.6980
2025-10-10 05:53:52,432 [INFO] Época 1/30, Batch 3050/3287, Loss: 0.6483
2025-10-10 05:53:52,693 [INFO] Época 1/30, Batch 3100/3287, Loss: 0.5160
2025-10-10 05:53:52,951 [INFO] Época 1/30, Batch 3150/3287, Loss: 0.6248
2025-10-10 05:53:53,210 [INFO] Época 1/30, Batch 3200/3287, Loss: 0.5597
2025-10-10 05:53:53,471 [INFO] Época 1/30, Batch 3250/3287, Loss: 0.5096
2025-10-10 05:53:55,179 [INFO] [1/30] Train Loss: 0.5914 | Val Loss: 0.7304 | Tempo: 18.84s
2025-10-10 05:53:55,183 [INFO] Melhor modelo salvo em: /mnt/hdd/home/jdurao/ToolBox-ChemXAI/models/mlp_qm9_3D_att9_large.pth
2025-10-10 05:53:55,726 [INFO] Época 2/30, Batch 50/3287, Loss: 0.4713
2025-10-10 05:53:56,001 [INFO] Época 2/30, Batch 100/3287, Loss: 0.6382
2025-10-10 05:53:56,263 [INFO] Época 2/30, Batch 150/3287, Loss: 0.4931
2025-10-10 05:53:56,523 [INFO] Época 2/30, Batch 200/3287, Loss: 0.5321
2025-10-10 05:53:56,781 [INFO] Época 2/30, Batch 250/3287, Loss: 0.7137
2025-10-10 05:53:57,041 [INFO] Época 2/30, Batch 300/3287, Loss: 0.7082
2025-10-10 05:53:57,303 [INFO] Época 2/30, Batch 350/3287, Loss: 0.6238
2025-10-10 05:53:57,564 [INFO] Época 2/30, Batch 400/3287, Loss: 0.5414
2025-10-10 05:53:57,825 [INFO] Época 2/30, Batch 450/3287, Loss: 0.5378
2025-10-10 05:53:58,088 [INFO] Época 2/30, Batch 500/3287, Loss: 0.7233
2025-10-10 05:53:58,349 [INFO] Época 2/30, Batch 550/3287, Loss: 0.6941
2025-10-10 05:53:58,610 [INFO] Época 2/30, Batch 600/3287, Loss: 0.5383
2025-10-10 05:53:58,870 [INFO] Época 2/30, Batch 650/3287, Loss: 0.5499
2025-10-10 05:53:59,130 [INFO] Época 2/30, Batch 700/3287, Loss: 0.5612
2025-10-10 05:53:59,383 [INFO] Época 2/30, Batch 750/3287, Loss: 0.4972
2025-10-10 05:53:59,631 [INFO] Época 2/30, Batch 800/3287, Loss: 0.5128
2025-10-10 05:53:59,880 [INFO] Época 2/30, Batch 850/3287, Loss: 0.7280
2025-10-10 05:54:00,129 [INFO] Época 2/30, Batch 900/3287, Loss: 0.5008
2025-10-10 05:54:00,380 [INFO] Época 2/30, Batch 950/3287, Loss: 0.5482
2025-10-10 05:54:00,630 [INFO] Época 2/30, Batch 1000/3287, Loss: 0.5581
2025-10-10 05:54:00,879 [INFO] Época 2/30, Batch 1050/3287, Loss: 0.5999
2025-10-10 05:54:01,138 [INFO] Época 2/30, Batch 1100/3287, Loss: 0.6013
2025-10-10 05:54:01,393 [INFO] Época 2/30, Batch 1150/3287, Loss: 0.5431
2025-10-10 05:54:01,651 [INFO] Época 2/30, Batch 1200/3287, Loss: 0.4629
2025-10-10 05:54:01,911 [INFO] Época 2/30, Batch 1250/3287, Loss: 0.6362
2025-10-10 05:54:02,169 [INFO] Época 2/30, Batch 1300/3287, Loss: 0.7213
2025-10-10 05:54:02,425 [INFO] Época 2/30, Batch 1350/3287, Loss: 0.6820
2025-10-10 05:54:02,681 [INFO] Época 2/30, Batch 1400/3287, Loss: 0.5842
2025-10-10 05:54:02,939 [INFO] Época 2/30, Batch 1450/3287, Loss: 0.5828
2025-10-10 05:54:03,195 [INFO] Época 2/30, Batch 1500/3287, Loss: 0.6611
2025-10-10 05:54:03,455 [INFO] Época 2/30, Batch 1550/3287, Loss: 0.5909
2025-10-10 05:54:03,712 [INFO] Época 2/30, Batch 1600/3287, Loss: 0.6211
2025-10-10 05:54:03,969 [INFO] Época 2/30, Batch 1650/3287, Loss: 0.6404
2025-10-10 05:54:04,227 [INFO] Época 2/30, Batch 1700/3287, Loss: 0.5314
2025-10-10 05:54:04,484 [INFO] Época 2/30, Batch 1750/3287, Loss: 0.6021
2025-10-10 05:54:04,741 [INFO] Época 2/30, Batch 1800/3287, Loss: 0.5468
2025-10-10 05:54:04,998 [INFO] Época 2/30, Batch 1850/3287, Loss: 0.4900
2025-10-10 05:54:05,254 [INFO] Época 2/30, Batch 1900/3287, Loss: 0.6136
2025-10-10 05:54:05,512 [INFO] Época 2/30, Batch 1950/3287, Loss: 0.5776
2025-10-10 05:54:05,769 [INFO] Época 2/30, Batch 2000/3287, Loss: 0.5646
2025-10-10 05:54:06,028 [INFO] Época 2/30, Batch 2050/3287, Loss: 0.5387
2025-10-10 05:54:06,295 [INFO] Época 2/30, Batch 2100/3287, Loss: 0.5648
2025-10-10 05:54:06,553 [INFO] Época 2/30, Batch 2150/3287, Loss: 0.5624
2025-10-10 05:54:06,810 [INFO] Época 2/30, Batch 2200/3287, Loss: 0.6419
2025-10-10 05:54:07,068 [INFO] Época 2/30, Batch 2250/3287, Loss: 0.4904
2025-10-10 05:54:07,327 [INFO] Época 2/30, Batch 2300/3287, Loss: 0.5828
2025-10-10 05:54:07,584 [INFO] Época 2/30, Batch 2350/3287, Loss: 0.6034
2025-10-10 05:54:07,842 [INFO] Época 2/30, Batch 2400/3287, Loss: 0.5835
2025-10-10 05:54:08,099 [INFO] Época 2/30, Batch 2450/3287, Loss: 0.5379
2025-10-10 05:54:08,356 [INFO] Época 2/30, Batch 2500/3287, Loss: 0.5028
2025-10-10 05:54:08,615 [INFO] Época 2/30, Batch 2550/3287, Loss: 0.5424
2025-10-10 05:54:08,871 [INFO] Época 2/30, Batch 2600/3287, Loss: 0.5313
2025-10-10 05:54:09,127 [INFO] Época 2/30, Batch 2650/3287, Loss: 0.3805
2025-10-10 05:54:09,385 [INFO] Época 2/30, Batch 2700/3287, Loss: 0.5992
2025-10-10 05:54:09,642 [INFO] Época 2/30, Batch 2750/3287, Loss: 0.5556
2025-10-10 05:54:09,900 [INFO] Época 2/30, Batch 2800/3287, Loss: 0.5497
2025-10-10 05:54:10,156 [INFO] Época 2/30, Batch 2850/3287, Loss: 0.6874
2025-10-10 05:54:10,413 [INFO] Época 2/30, Batch 2900/3287, Loss: 0.5393
2025-10-10 05:54:10,671 [INFO] Época 2/30, Batch 2950/3287, Loss: 0.4313
2025-10-10 05:54:10,929 [INFO] Época 2/30, Batch 3000/3287, Loss: 0.6063
2025-10-10 05:54:11,186 [INFO] Época 2/30, Batch 3050/3287, Loss: 0.5076
2025-10-10 05:54:11,443 [INFO] Época 2/30, Batch 3100/3287, Loss: 0.6548
2025-10-10 05:54:11,700 [INFO] Época 2/30, Batch 3150/3287, Loss: 0.6499
2025-10-10 05:54:11,955 [INFO] Época 2/30, Batch 3200/3287, Loss: 0.6090
2025-10-10 05:54:12,212 [INFO] Época 2/30, Batch 3250/3287, Loss: 0.6007
2025-10-10 05:54:13,839 [INFO] [2/30] Train Loss: 0.5815 | Val Loss: 0.6537 | Tempo: 18.66s
2025-10-10 05:54:13,841 [INFO] Melhor modelo salvo em: /mnt/hdd/home/jdurao/ToolBox-ChemXAI/models/mlp_qm9_3D_att9_large.pth
2025-10-10 05:54:14,379 [INFO] Época 3/30, Batch 50/3287, Loss: 0.5666
2025-10-10 05:54:14,650 [INFO] Época 3/30, Batch 100/3287, Loss: 0.5483
2025-10-10 05:54:14,925 [INFO] Época 3/30, Batch 150/3287, Loss: 0.5910
2025-10-10 05:54:15,189 [INFO] Época 3/30, Batch 200/3287, Loss: 0.6146
2025-10-10 05:54:15,449 [INFO] Época 3/30, Batch 250/3287, Loss: 0.6242
2025-10-10 05:54:15,712 [INFO] Época 3/30, Batch 300/3287, Loss: 0.5327
2025-10-10 05:54:15,973 [INFO] Época 3/30, Batch 350/3287, Loss: 0.4231
2025-10-10 05:54:16,243 [INFO] Época 3/30, Batch 400/3287, Loss: 0.5289
2025-10-10 05:54:16,516 [INFO] Época 3/30, Batch 450/3287, Loss: 0.5454
2025-10-10 05:54:16,785 [INFO] Época 3/30, Batch 500/3287, Loss: 0.5420
2025-10-10 05:54:17,058 [INFO] Época 3/30, Batch 550/3287, Loss: 0.4790
2025-10-10 05:54:17,324 [INFO] Época 3/30, Batch 600/3287, Loss: 0.4879
2025-10-10 05:54:17,584 [INFO] Época 3/30, Batch 650/3287, Loss: 0.7501
2025-10-10 05:54:17,840 [INFO] Época 3/30, Batch 700/3287, Loss: 0.6611
2025-10-10 05:54:18,099 [INFO] Época 3/30, Batch 750/3287, Loss: 0.4137
2025-10-10 05:54:18,361 [INFO] Época 3/30, Batch 800/3287, Loss: 0.5928
2025-10-10 05:54:18,624 [INFO] Época 3/30, Batch 850/3287, Loss: 0.4796
2025-10-10 05:54:18,885 [INFO] Época 3/30, Batch 900/3287, Loss: 0.5294
2025-10-10 05:54:19,146 [INFO] Época 3/30, Batch 950/3287, Loss: 0.5907
2025-10-10 05:54:19,407 [INFO] Época 3/30, Batch 1000/3287, Loss: 0.6554
2025-10-10 05:54:19,668 [INFO] Época 3/30, Batch 1050/3287, Loss: 0.6070
2025-10-10 05:54:19,930 [INFO] Época 3/30, Batch 1100/3287, Loss: 0.5933
2025-10-10 05:54:20,192 [INFO] Época 3/30, Batch 1150/3287, Loss: 0.5730
2025-10-10 05:54:20,453 [INFO] Época 3/30, Batch 1200/3287, Loss: 0.5555
2025-10-10 05:54:20,711 [INFO] Época 3/30, Batch 1250/3287, Loss: 0.4963
2025-10-10 05:54:20,969 [INFO] Época 3/30, Batch 1300/3287, Loss: 0.4850
2025-10-10 05:54:21,227 [INFO] Época 3/30, Batch 1350/3287, Loss: 0.6023
2025-10-10 05:54:21,484 [INFO] Época 3/30, Batch 1400/3287, Loss: 0.6379
2025-10-10 05:54:21,751 [INFO] Época 3/30, Batch 1450/3287, Loss: 0.5514
2025-10-10 05:54:22,007 [INFO] Época 3/30, Batch 1500/3287, Loss: 0.5089
2025-10-10 05:54:22,265 [INFO] Época 3/30, Batch 1550/3287, Loss: 0.5127
2025-10-10 05:54:22,530 [INFO] Época 3/30, Batch 1600/3287, Loss: 0.5902
2025-10-10 05:54:22,802 [INFO] Época 3/30, Batch 1650/3287, Loss: 0.5841
2025-10-10 05:54:23,071 [INFO] Época 3/30, Batch 1700/3287, Loss: 0.6356
2025-10-10 05:54:23,337 [INFO] Época 3/30, Batch 1750/3287, Loss: 0.3954
2025-10-10 05:54:23,597 [INFO] Época 3/30, Batch 1800/3287, Loss: 0.6658
2025-10-10 05:54:23,854 [INFO] Época 3/30, Batch 1850/3287, Loss: 0.4535
2025-10-10 05:54:24,111 [INFO] Época 3/30, Batch 1900/3287, Loss: 0.5306
2025-10-10 05:54:24,369 [INFO] Época 3/30, Batch 1950/3287, Loss: 0.5778
2025-10-10 05:54:24,629 [INFO] Época 3/30, Batch 2000/3287, Loss: 0.4241
2025-10-10 05:54:24,885 [INFO] Época 3/30, Batch 2050/3287, Loss: 0.7019
2025-10-10 05:54:25,142 [INFO] Época 3/30, Batch 2100/3287, Loss: 0.7310
2025-10-10 05:54:25,410 [INFO] Época 3/30, Batch 2150/3287, Loss: 0.6661
2025-10-10 05:54:25,680 [INFO] Época 3/30, Batch 2200/3287, Loss: 0.5842
2025-10-10 05:54:25,948 [INFO] Época 3/30, Batch 2250/3287, Loss: 0.5186
2025-10-10 05:54:26,218 [INFO] Época 3/30, Batch 2300/3287, Loss: 0.5243
2025-10-10 05:54:26,488 [INFO] Época 3/30, Batch 2350/3287, Loss: 0.5683
2025-10-10 05:54:26,749 [INFO] Época 3/30, Batch 2400/3287, Loss: 0.6380
2025-10-10 05:54:27,006 [INFO] Época 3/30, Batch 2450/3287, Loss: 0.6447
2025-10-10 05:54:27,263 [INFO] Época 3/30, Batch 2500/3287, Loss: 0.6622
2025-10-10 05:54:27,520 [INFO] Época 3/30, Batch 2550/3287, Loss: 0.6161
2025-10-10 05:54:27,779 [INFO] Época 3/30, Batch 2600/3287, Loss: 0.4859
2025-10-10 05:54:28,036 [INFO] Época 3/30, Batch 2650/3287, Loss: 0.5561
2025-10-10 05:54:28,293 [INFO] Época 3/30, Batch 2700/3287, Loss: 0.6437
2025-10-10 05:54:28,553 [INFO] Época 3/30, Batch 2750/3287, Loss: 0.5313
2025-10-10 05:54:28,823 [INFO] Época 3/30, Batch 2800/3287, Loss: 0.4972
2025-10-10 05:54:29,097 [INFO] Época 3/30, Batch 2850/3287, Loss: 0.6624
2025-10-10 05:54:29,371 [INFO] Época 3/30, Batch 2900/3287, Loss: 0.4535
2025-10-10 05:54:29,644 [INFO] Época 3/30, Batch 2950/3287, Loss: 0.6294
2025-10-10 05:54:29,909 [INFO] Época 3/30, Batch 3000/3287, Loss: 0.5433
2025-10-10 05:54:30,173 [INFO] Época 3/30, Batch 3050/3287, Loss: 0.6507
2025-10-10 05:54:30,439 [INFO] Época 3/30, Batch 3100/3287, Loss: 0.5232
2025-10-10 05:54:30,703 [INFO] Época 3/30, Batch 3150/3287, Loss: 0.7865
2025-10-10 05:54:30,967 [INFO] Época 3/30, Batch 3200/3287, Loss: 0.6143
2025-10-10 05:54:31,230 [INFO] Época 3/30, Batch 3250/3287, Loss: 0.4579
2025-10-10 05:54:32,897 [INFO] [3/30] Train Loss: 0.5780 | Val Loss: 0.7140 | Tempo: 19.05s
2025-10-10 05:54:33,435 [INFO] Época 4/30, Batch 50/3287, Loss: 0.5022
2025-10-10 05:54:33,695 [INFO] Época 4/30, Batch 100/3287, Loss: 0.6009
2025-10-10 05:54:33,954 [INFO] Época 4/30, Batch 150/3287, Loss: 0.5950
2025-10-10 05:54:34,211 [INFO] Época 4/30, Batch 200/3287, Loss: 0.4292
2025-10-10 05:54:34,468 [INFO] Época 4/30, Batch 250/3287, Loss: 0.5805
2025-10-10 05:54:34,726 [INFO] Época 4/30, Batch 300/3287, Loss: 0.4772
2025-10-10 05:54:34,984 [INFO] Época 4/30, Batch 350/3287, Loss: 0.5420
2025-10-10 05:54:35,242 [INFO] Época 4/30, Batch 400/3287, Loss: 0.5134
2025-10-10 05:54:35,496 [INFO] Época 4/30, Batch 450/3287, Loss: 0.6640
2025-10-10 05:54:35,753 [INFO] Época 4/30, Batch 500/3287, Loss: 0.6379
2025-10-10 05:54:36,009 [INFO] Época 4/30, Batch 550/3287, Loss: 0.7734
2025-10-10 05:54:36,267 [INFO] Época 4/30, Batch 600/3287, Loss: 0.5476
2025-10-10 05:54:36,521 [INFO] Época 4/30, Batch 650/3287, Loss: 0.5768
2025-10-10 05:54:36,773 [INFO] Época 4/30, Batch 700/3287, Loss: 0.6413
2025-10-10 05:54:37,020 [INFO] Época 4/30, Batch 750/3287, Loss: 0.4602
2025-10-10 05:54:37,268 [INFO] Época 4/30, Batch 800/3287, Loss: 0.4962
2025-10-10 05:54:37,513 [INFO] Época 4/30, Batch 850/3287, Loss: 0.6082
2025-10-10 05:54:37,757 [INFO] Época 4/30, Batch 900/3287, Loss: 0.6476
2025-10-10 05:54:38,003 [INFO] Época 4/30, Batch 950/3287, Loss: 0.5435
2025-10-10 05:54:38,259 [INFO] Época 4/30, Batch 1000/3287, Loss: 0.5663
2025-10-10 05:54:38,505 [INFO] Época 4/30, Batch 1050/3287, Loss: 0.5428
2025-10-10 05:54:38,752 [INFO] Época 4/30, Batch 1100/3287, Loss: 0.6336
2025-10-10 05:54:39,002 [INFO] Época 4/30, Batch 1150/3287, Loss: 0.6270
2025-10-10 05:54:39,253 [INFO] Época 4/30, Batch 1200/3287, Loss: 0.5910
2025-10-10 05:54:39,507 [INFO] Época 4/30, Batch 1250/3287, Loss: 0.6172
2025-10-10 05:54:39,762 [INFO] Época 4/30, Batch 1300/3287, Loss: 0.5050
2025-10-10 05:54:40,019 [INFO] Época 4/30, Batch 1350/3287, Loss: 0.5701
2025-10-10 05:54:40,275 [INFO] Época 4/30, Batch 1400/3287, Loss: 0.5919
2025-10-10 05:54:40,530 [INFO] Época 4/30, Batch 1450/3287, Loss: 0.3684
2025-10-10 05:54:40,784 [INFO] Época 4/30, Batch 1500/3287, Loss: 0.6147
2025-10-10 05:54:41,040 [INFO] Época 4/30, Batch 1550/3287, Loss: 0.6215
2025-10-10 05:54:41,297 [INFO] Época 4/30, Batch 1600/3287, Loss: 0.7022
2025-10-10 05:54:41,559 [INFO] Época 4/30, Batch 1650/3287, Loss: 0.5649
2025-10-10 05:54:41,815 [INFO] Época 4/30, Batch 1700/3287, Loss: 0.6290
2025-10-10 05:54:42,073 [INFO] Época 4/30, Batch 1750/3287, Loss: 0.5878
2025-10-10 05:54:42,327 [INFO] Época 4/30, Batch 1800/3287, Loss: 0.5078
2025-10-10 05:54:42,583 [INFO] Época 4/30, Batch 1850/3287, Loss: 0.7982
2025-10-10 05:54:42,844 [INFO] Época 4/30, Batch 1900/3287, Loss: 0.5207
2025-10-10 05:54:43,109 [INFO] Época 4/30, Batch 1950/3287, Loss: 0.7178
2025-10-10 05:54:43,371 [INFO] Época 4/30, Batch 2000/3287, Loss: 0.5628
2025-10-10 05:54:43,626 [INFO] Época 4/30, Batch 2050/3287, Loss: 0.6581
2025-10-10 05:54:43,881 [INFO] Época 4/30, Batch 2100/3287, Loss: 0.4854
2025-10-10 05:54:44,136 [INFO] Época 4/30, Batch 2150/3287, Loss: 0.5206
2025-10-10 05:54:44,394 [INFO] Época 4/30, Batch 2200/3287, Loss: 0.5261
2025-10-10 05:54:44,649 [INFO] Época 4/30, Batch 2250/3287, Loss: 0.5467
2025-10-10 05:54:44,906 [INFO] Época 4/30, Batch 2300/3287, Loss: 0.4924
2025-10-10 05:54:45,164 [INFO] Época 4/30, Batch 2350/3287, Loss: 0.5790
2025-10-10 05:54:45,430 [INFO] Época 4/30, Batch 2400/3287, Loss: 0.4744
2025-10-10 05:54:45,695 [INFO] Época 4/30, Batch 2450/3287, Loss: 0.5390
2025-10-10 05:54:45,959 [INFO] Época 4/30, Batch 2500/3287, Loss: 0.4994
2025-10-10 05:54:46,222 [INFO] Época 4/30, Batch 2550/3287, Loss: 0.6573
2025-10-10 05:54:46,487 [INFO] Época 4/30, Batch 2600/3287, Loss: 0.5877
2025-10-10 05:54:46,752 [INFO] Época 4/30, Batch 2650/3287, Loss: 0.6733
2025-10-10 05:54:47,015 [INFO] Época 4/30, Batch 2700/3287, Loss: 0.6010
2025-10-10 05:54:47,279 [INFO] Época 4/30, Batch 2750/3287, Loss: 0.5622
2025-10-10 05:54:47,545 [INFO] Época 4/30, Batch 2800/3287, Loss: 0.5615
2025-10-10 05:54:47,804 [INFO] Época 4/30, Batch 2850/3287, Loss: 0.5567
2025-10-10 05:54:48,070 [INFO] Época 4/30, Batch 2900/3287, Loss: 0.5978
2025-10-10 05:54:48,340 [INFO] Época 4/30, Batch 2950/3287, Loss: 0.5679
2025-10-10 05:54:48,610 [INFO] Época 4/30, Batch 3000/3287, Loss: 0.4510
2025-10-10 05:54:48,873 [INFO] Época 4/30, Batch 3050/3287, Loss: 0.5291
2025-10-10 05:54:49,129 [INFO] Época 4/30, Batch 3100/3287, Loss: 0.5393
2025-10-10 05:54:49,383 [INFO] Época 4/30, Batch 3150/3287, Loss: 0.6362
2025-10-10 05:54:49,639 [INFO] Época 4/30, Batch 3200/3287, Loss: 0.4349
2025-10-10 05:54:49,904 [INFO] Época 4/30, Batch 3250/3287, Loss: 0.7009
2025-10-10 05:54:51,538 [INFO] [4/30] Train Loss: 0.5765 | Val Loss: 0.6639 | Tempo: 18.64s
2025-10-10 05:54:52,082 [INFO] Época 5/30, Batch 50/3287, Loss: 0.7390
2025-10-10 05:54:52,343 [INFO] Época 5/30, Batch 100/3287, Loss: 0.6531
2025-10-10 05:54:52,604 [INFO] Época 5/30, Batch 150/3287, Loss: 0.6229
2025-10-10 05:54:52,861 [INFO] Época 5/30, Batch 200/3287, Loss: 0.5902
2025-10-10 05:54:53,119 [INFO] Época 5/30, Batch 250/3287, Loss: 0.4457
2025-10-10 05:54:53,377 [INFO] Época 5/30, Batch 300/3287, Loss: 0.5300
2025-10-10 05:54:53,646 [INFO] Época 5/30, Batch 350/3287, Loss: 0.5086
2025-10-10 05:54:53,903 [INFO] Época 5/30, Batch 400/3287, Loss: 0.5029
2025-10-10 05:54:54,162 [INFO] Época 5/30, Batch 450/3287, Loss: 0.6296
2025-10-10 05:54:54,419 [INFO] Época 5/30, Batch 500/3287, Loss: 0.6119
2025-10-10 05:54:54,676 [INFO] Época 5/30, Batch 550/3287, Loss: 0.5506
2025-10-10 05:54:54,934 [INFO] Época 5/30, Batch 600/3287, Loss: 0.5336
2025-10-10 05:54:55,192 [INFO] Época 5/30, Batch 650/3287, Loss: 0.4812
2025-10-10 05:54:55,449 [INFO] Época 5/30, Batch 700/3287, Loss: 0.5673
2025-10-10 05:54:55,709 [INFO] Época 5/30, Batch 750/3287, Loss: 0.6039
2025-10-10 05:54:55,976 [INFO] Época 5/30, Batch 800/3287, Loss: 0.5048
2025-10-10 05:54:56,241 [INFO] Época 5/30, Batch 850/3287, Loss: 0.5466
2025-10-10 05:54:56,507 [INFO] Época 5/30, Batch 900/3287, Loss: 0.6659
2025-10-10 05:54:56,768 [INFO] Época 5/30, Batch 950/3287, Loss: 0.5553
2025-10-10 05:54:57,026 [INFO] Época 5/30, Batch 1000/3287, Loss: 0.6208
2025-10-10 05:54:57,281 [INFO] Época 5/30, Batch 1050/3287, Loss: 0.4213
2025-10-10 05:54:57,537 [INFO] Época 5/30, Batch 1100/3287, Loss: 0.4727
2025-10-10 05:54:57,800 [INFO] Época 5/30, Batch 1150/3287, Loss: 0.6503
2025-10-10 05:54:58,067 [INFO] Época 5/30, Batch 1200/3287, Loss: 0.5986
2025-10-10 05:54:58,334 [INFO] Época 5/30, Batch 1250/3287, Loss: 0.6043
2025-10-10 05:54:58,600 [INFO] Época 5/30, Batch 1300/3287, Loss: 0.6259
2025-10-10 05:54:58,867 [INFO] Época 5/30, Batch 1350/3287, Loss: 0.5132
2025-10-10 05:54:59,133 [INFO] Época 5/30, Batch 1400/3287, Loss: 0.5648
2025-10-10 05:54:59,401 [INFO] Época 5/30, Batch 1450/3287, Loss: 0.7120
2025-10-10 05:54:59,667 [INFO] Época 5/30, Batch 1500/3287, Loss: 0.5576
2025-10-10 05:54:59,932 [INFO] Época 5/30, Batch 1550/3287, Loss: 0.6556
2025-10-10 05:55:00,199 [INFO] Época 5/30, Batch 1600/3287, Loss: 0.6760
2025-10-10 05:55:00,466 [INFO] Época 5/30, Batch 1650/3287, Loss: 0.6655
2025-10-10 05:55:00,726 [INFO] Época 5/30, Batch 1700/3287, Loss: 0.6412
2025-10-10 05:55:00,984 [INFO] Época 5/30, Batch 1750/3287, Loss: 0.6111
2025-10-10 05:55:01,240 [INFO] Época 5/30, Batch 1800/3287, Loss: 0.5264
2025-10-10 05:55:01,498 [INFO] Época 5/30, Batch 1850/3287, Loss: 0.6856
2025-10-10 05:55:01,754 [INFO] Época 5/30, Batch 1900/3287, Loss: 0.6196
2025-10-10 05:55:02,013 [INFO] Época 5/30, Batch 1950/3287, Loss: 0.5651
2025-10-10 05:55:02,268 [INFO] Época 5/30, Batch 2000/3287, Loss: 0.6742
2025-10-10 05:55:02,524 [INFO] Época 5/30, Batch 2050/3287, Loss: 0.5655
2025-10-10 05:55:02,781 [INFO] Época 5/30, Batch 2100/3287, Loss: 0.3901
2025-10-10 05:55:03,039 [INFO] Época 5/30, Batch 2150/3287, Loss: 0.6006
2025-10-10 05:55:03,298 [INFO] Época 5/30, Batch 2200/3287, Loss: 0.5747
2025-10-10 05:55:03,565 [INFO] Época 5/30, Batch 2250/3287, Loss: 0.4969
2025-10-10 05:55:03,832 [INFO] Época 5/30, Batch 2300/3287, Loss: 0.5787
2025-10-10 05:55:04,107 [INFO] Época 5/30, Batch 2350/3287, Loss: 0.5784
2025-10-10 05:55:04,375 [INFO] Época 5/30, Batch 2400/3287, Loss: 0.6809
2025-10-10 05:55:04,643 [INFO] Época 5/30, Batch 2450/3287, Loss: 0.5184
2025-10-10 05:55:04,910 [INFO] Época 5/30, Batch 2500/3287, Loss: 0.5713
2025-10-10 05:55:05,176 [INFO] Época 5/30, Batch 2550/3287, Loss: 0.5430
2025-10-10 05:55:05,440 [INFO] Época 5/30, Batch 2600/3287, Loss: 0.5587
2025-10-10 05:55:05,706 [INFO] Época 5/30, Batch 2650/3287, Loss: 0.5542
2025-10-10 05:55:05,972 [INFO] Época 5/30, Batch 2700/3287, Loss: 0.5634
2025-10-10 05:55:06,238 [INFO] Época 5/30, Batch 2750/3287, Loss: 0.5390
2025-10-10 05:55:06,504 [INFO] Época 5/30, Batch 2800/3287, Loss: 0.5613
2025-10-10 05:55:06,768 [INFO] Época 5/30, Batch 2850/3287, Loss: 0.5642
2025-10-10 05:55:07,034 [INFO] Época 5/30, Batch 2900/3287, Loss: 0.5966
2025-10-10 05:55:07,299 [INFO] Época 5/30, Batch 2950/3287, Loss: 0.6011
2025-10-10 05:55:07,567 [INFO] Época 5/30, Batch 3000/3287, Loss: 0.6011
2025-10-10 05:55:07,833 [INFO] Época 5/30, Batch 3050/3287, Loss: 0.5610
2025-10-10 05:55:08,099 [INFO] Época 5/30, Batch 3100/3287, Loss: 0.6689
2025-10-10 05:55:08,364 [INFO] Época 5/30, Batch 3150/3287, Loss: 0.6292
2025-10-10 05:55:08,631 [INFO] Época 5/30, Batch 3200/3287, Loss: 0.5213
2025-10-10 05:55:08,892 [INFO] Época 5/30, Batch 3250/3287, Loss: 0.4593
2025-10-10 05:55:10,504 [INFO] [5/30] Train Loss: 0.5753 | Val Loss: 0.6887 | Tempo: 18.97s
2025-10-10 05:55:11,036 [INFO] Época 6/30, Batch 50/3287, Loss: 0.6161
2025-10-10 05:55:11,313 [INFO] Época 6/30, Batch 100/3287, Loss: 0.6085
2025-10-10 05:55:11,585 [INFO] Época 6/30, Batch 150/3287, Loss: 0.5436
2025-10-10 05:55:11,854 [INFO] Época 6/30, Batch 200/3287, Loss: 0.4643
2025-10-10 05:55:12,122 [INFO] Época 6/30, Batch 250/3287, Loss: 0.5003
2025-10-10 05:55:12,389 [INFO] Época 6/30, Batch 300/3287, Loss: 0.6030
2025-10-10 05:55:12,655 [INFO] Época 6/30, Batch 350/3287, Loss: 0.5682
2025-10-10 05:55:12,925 [INFO] Época 6/30, Batch 400/3287, Loss: 0.5309
2025-10-10 05:55:13,195 [INFO] Época 6/30, Batch 450/3287, Loss: 0.5798
2025-10-10 05:55:13,465 [INFO] Época 6/30, Batch 500/3287, Loss: 0.4345
2025-10-10 05:55:13,734 [INFO] Época 6/30, Batch 550/3287, Loss: 0.6213
2025-10-10 05:55:14,004 [INFO] Época 6/30, Batch 600/3287, Loss: 0.5971
2025-10-10 05:55:14,278 [INFO] Época 6/30, Batch 650/3287, Loss: 0.4635
2025-10-10 05:55:14,548 [INFO] Época 6/30, Batch 700/3287, Loss: 0.5387
2025-10-10 05:55:14,820 [INFO] Época 6/30, Batch 750/3287, Loss: 0.5388
2025-10-10 05:55:15,091 [INFO] Época 6/30, Batch 800/3287, Loss: 0.6487
2025-10-10 05:55:15,363 [INFO] Época 6/30, Batch 850/3287, Loss: 0.6645
2025-10-10 05:55:15,624 [INFO] Época 6/30, Batch 900/3287, Loss: 0.5372
2025-10-10 05:55:15,875 [INFO] Época 6/30, Batch 950/3287, Loss: 0.5718
2025-10-10 05:55:16,134 [INFO] Época 6/30, Batch 1000/3287, Loss: 0.5546
2025-10-10 05:55:16,395 [INFO] Época 6/30, Batch 1050/3287, Loss: 0.5640
2025-10-10 05:55:16,655 [INFO] Época 6/30, Batch 1100/3287, Loss: 0.6640
2025-10-10 05:55:16,911 [INFO] Época 6/30, Batch 1150/3287, Loss: 0.5090
2025-10-10 05:55:17,166 [INFO] Época 6/30, Batch 1200/3287, Loss: 0.5666
2025-10-10 05:55:17,417 [INFO] Época 6/30, Batch 1250/3287, Loss: 0.3921
2025-10-10 05:55:17,677 [INFO] Época 6/30, Batch 1300/3287, Loss: 0.4900
2025-10-10 05:55:17,940 [INFO] Época 6/30, Batch 1350/3287, Loss: 0.5677
2025-10-10 05:55:18,206 [INFO] Época 6/30, Batch 1400/3287, Loss: 0.5950
2025-10-10 05:55:18,467 [INFO] Época 6/30, Batch 1450/3287, Loss: 0.5041
2025-10-10 05:55:18,729 [INFO] Época 6/30, Batch 1500/3287, Loss: 0.4737
2025-10-10 05:55:18,991 [INFO] Época 6/30, Batch 1550/3287, Loss: 0.5540
2025-10-10 05:55:19,252 [INFO] Época 6/30, Batch 1600/3287, Loss: 0.5424
2025-10-10 05:55:19,523 [INFO] Época 6/30, Batch 1650/3287, Loss: 0.6024
2025-10-10 05:55:19,784 [INFO] Época 6/30, Batch 1700/3287, Loss: 0.5731
2025-10-10 05:55:20,056 [INFO] Época 6/30, Batch 1750/3287, Loss: 0.4946
2025-10-10 05:55:20,325 [INFO] Época 6/30, Batch 1800/3287, Loss: 0.5918
2025-10-10 05:55:20,596 [INFO] Época 6/30, Batch 1850/3287, Loss: 0.4266
2025-10-10 05:55:20,864 [INFO] Época 6/30, Batch 1900/3287, Loss: 0.6069
2025-10-10 05:55:21,134 [INFO] Época 6/30, Batch 1950/3287, Loss: 0.5437
2025-10-10 05:55:21,404 [INFO] Época 6/30, Batch 2000/3287, Loss: 0.6575
2025-10-10 05:55:21,676 [INFO] Época 6/30, Batch 2050/3287, Loss: 0.6716
2025-10-10 05:55:21,946 [INFO] Época 6/30, Batch 2100/3287, Loss: 0.6371
2025-10-10 05:55:22,216 [INFO] Época 6/30, Batch 2150/3287, Loss: 0.6983
2025-10-10 05:55:22,485 [INFO] Época 6/30, Batch 2200/3287, Loss: 0.7135
2025-10-10 05:55:22,754 [INFO] Época 6/30, Batch 2250/3287, Loss: 0.4559
2025-10-10 05:55:23,022 [INFO] Época 6/30, Batch 2300/3287, Loss: 0.6060
2025-10-10 05:55:23,292 [INFO] Época 6/30, Batch 2350/3287, Loss: 0.6508
2025-10-10 05:55:23,559 [INFO] Época 6/30, Batch 2400/3287, Loss: 0.5799
2025-10-10 05:55:23,820 [INFO] Época 6/30, Batch 2450/3287, Loss: 0.4877
2025-10-10 05:55:24,082 [INFO] Época 6/30, Batch 2500/3287, Loss: 0.6018
2025-10-10 05:55:24,342 [INFO] Época 6/30, Batch 2550/3287, Loss: 0.5459
2025-10-10 05:55:24,612 [INFO] Época 6/30, Batch 2600/3287, Loss: 0.5689
2025-10-10 05:55:24,872 [INFO] Época 6/30, Batch 2650/3287, Loss: 0.6815
2025-10-10 05:55:25,133 [INFO] Época 6/30, Batch 2700/3287, Loss: 0.5242
2025-10-10 05:55:25,393 [INFO] Época 6/30, Batch 2750/3287, Loss: 0.5124
2025-10-10 05:55:25,654 [INFO] Época 6/30, Batch 2800/3287, Loss: 0.5396
2025-10-10 05:55:25,912 [INFO] Época 6/30, Batch 2850/3287, Loss: 0.6024
2025-10-10 05:55:26,173 [INFO] Época 6/30, Batch 2900/3287, Loss: 0.5504
2025-10-10 05:55:26,434 [INFO] Época 6/30, Batch 2950/3287, Loss: 0.6639
2025-10-10 05:55:26,696 [INFO] Época 6/30, Batch 3000/3287, Loss: 0.6252
2025-10-10 05:55:26,957 [INFO] Época 6/30, Batch 3050/3287, Loss: 0.4772
2025-10-10 05:55:27,217 [INFO] Época 6/30, Batch 3100/3287, Loss: 0.4995
2025-10-10 05:55:27,479 [INFO] Época 6/30, Batch 3150/3287, Loss: 0.6349
2025-10-10 05:55:27,740 [INFO] Época 6/30, Batch 3200/3287, Loss: 0.5269
2025-10-10 05:55:28,000 [INFO] Época 6/30, Batch 3250/3287, Loss: 0.6343
2025-10-10 05:55:29,640 [INFO] [6/30] Train Loss: 0.5744 | Val Loss: 0.7031 | Tempo: 19.14s
2025-10-10 05:55:30,189 [INFO] Época 7/30, Batch 50/3287, Loss: 0.5660
2025-10-10 05:55:30,452 [INFO] Época 7/30, Batch 100/3287, Loss: 0.6343
2025-10-10 05:55:30,715 [INFO] Época 7/30, Batch 150/3287, Loss: 0.5102
2025-10-10 05:55:30,976 [INFO] Época 7/30, Batch 200/3287, Loss: 0.7407
2025-10-10 05:55:31,235 [INFO] Época 7/30, Batch 250/3287, Loss: 0.6247
2025-10-10 05:55:31,494 [INFO] Época 7/30, Batch 300/3287, Loss: 0.4940
2025-10-10 05:55:31,752 [INFO] Época 7/30, Batch 350/3287, Loss: 0.6119
2025-10-10 05:55:32,010 [INFO] Época 7/30, Batch 400/3287, Loss: 0.7583
2025-10-10 05:55:32,266 [INFO] Época 7/30, Batch 450/3287, Loss: 0.5650
2025-10-10 05:55:32,524 [INFO] Época 7/30, Batch 500/3287, Loss: 0.5215
2025-10-10 05:55:32,786 [INFO] Época 7/30, Batch 550/3287, Loss: 0.4245
2025-10-10 05:55:33,044 [INFO] Época 7/30, Batch 600/3287, Loss: 0.5950
2025-10-10 05:55:33,302 [INFO] Época 7/30, Batch 650/3287, Loss: 0.5882
2025-10-10 05:55:33,559 [INFO] Época 7/30, Batch 700/3287, Loss: 0.3856
2025-10-10 05:55:33,816 [INFO] Época 7/30, Batch 750/3287, Loss: 0.5790
2025-10-10 05:55:34,075 [INFO] Época 7/30, Batch 800/3287, Loss: 0.6923
2025-10-10 05:55:34,338 [INFO] Época 7/30, Batch 850/3287, Loss: 0.4924
2025-10-10 05:55:34,604 [INFO] Época 7/30, Batch 900/3287, Loss: 0.5231
2025-10-10 05:55:34,869 [INFO] Época 7/30, Batch 950/3287, Loss: 0.5734
2025-10-10 05:55:35,143 [INFO] Época 7/30, Batch 1000/3287, Loss: 0.5405
2025-10-10 05:55:35,410 [INFO] Época 7/30, Batch 1050/3287, Loss: 0.5352
2025-10-10 05:55:35,669 [INFO] Época 7/30, Batch 1100/3287, Loss: 0.6048
2025-10-10 05:55:35,928 [INFO] Época 7/30, Batch 1150/3287, Loss: 0.4936
2025-10-10 05:55:36,186 [INFO] Época 7/30, Batch 1200/3287, Loss: 0.5474
2025-10-10 05:55:36,444 [INFO] Época 7/30, Batch 1250/3287, Loss: 0.5562
2025-10-10 05:55:36,704 [INFO] Época 7/30, Batch 1300/3287, Loss: 0.7365
2025-10-10 05:55:36,963 [INFO] Época 7/30, Batch 1350/3287, Loss: 0.6142
2025-10-10 05:55:37,222 [INFO] Época 7/30, Batch 1400/3287, Loss: 0.6469
2025-10-10 05:55:37,480 [INFO] Época 7/30, Batch 1450/3287, Loss: 0.5572
2025-10-10 05:55:37,739 [INFO] Época 7/30, Batch 1500/3287, Loss: 0.5345
2025-10-10 05:55:37,998 [INFO] Época 7/30, Batch 1550/3287, Loss: 0.5830
2025-10-10 05:55:38,258 [INFO] Época 7/30, Batch 1600/3287, Loss: 0.5720
2025-10-10 05:55:38,517 [INFO] Época 7/30, Batch 1650/3287, Loss: 0.4672
2025-10-10 05:55:38,775 [INFO] Época 7/30, Batch 1700/3287, Loss: 0.6389
2025-10-10 05:55:39,034 [INFO] Época 7/30, Batch 1750/3287, Loss: 0.6748
2025-10-10 05:55:39,294 [INFO] Época 7/30, Batch 1800/3287, Loss: 0.6773
2025-10-10 05:55:39,552 [INFO] Época 7/30, Batch 1850/3287, Loss: 0.5279
2025-10-10 05:55:39,814 [INFO] Época 7/30, Batch 1900/3287, Loss: 0.6588
2025-10-10 05:55:40,080 [INFO] Época 7/30, Batch 1950/3287, Loss: 0.4470
2025-10-10 05:55:40,346 [INFO] Época 7/30, Batch 2000/3287, Loss: 0.5512
2025-10-10 05:55:40,612 [INFO] Época 7/30, Batch 2050/3287, Loss: 0.4493
2025-10-10 05:55:40,870 [INFO] Época 7/30, Batch 2100/3287, Loss: 0.6278
2025-10-10 05:55:41,129 [INFO] Época 7/30, Batch 2150/3287, Loss: 0.6152
2025-10-10 05:55:41,386 [INFO] Época 7/30, Batch 2200/3287, Loss: 0.5486
2025-10-10 05:55:41,641 [INFO] Época 7/30, Batch 2250/3287, Loss: 0.5481
2025-10-10 05:55:41,900 [INFO] Época 7/30, Batch 2300/3287, Loss: 0.4925
2025-10-10 05:55:42,156 [INFO] Época 7/30, Batch 2350/3287, Loss: 0.5130
2025-10-10 05:55:42,414 [INFO] Época 7/30, Batch 2400/3287, Loss: 0.5857
2025-10-10 05:55:42,672 [INFO] Época 7/30, Batch 2450/3287, Loss: 0.5920
2025-10-10 05:55:42,931 [INFO] Época 7/30, Batch 2500/3287, Loss: 0.5610
2025-10-10 05:55:43,187 [INFO] Época 7/30, Batch 2550/3287, Loss: 0.6612
2025-10-10 05:55:43,446 [INFO] Época 7/30, Batch 2600/3287, Loss: 0.7081
2025-10-10 05:55:43,705 [INFO] Época 7/30, Batch 2650/3287, Loss: 0.6363
2025-10-10 05:55:43,963 [INFO] Época 7/30, Batch 2700/3287, Loss: 0.5086
2025-10-10 05:55:44,222 [INFO] Época 7/30, Batch 2750/3287, Loss: 0.4685
2025-10-10 05:55:44,479 [INFO] Época 7/30, Batch 2800/3287, Loss: 0.6231
2025-10-10 05:55:44,737 [INFO] Época 7/30, Batch 2850/3287, Loss: 0.7198
2025-10-10 05:55:44,995 [INFO] Época 7/30, Batch 2900/3287, Loss: 0.5942
2025-10-10 05:55:45,257 [INFO] Época 7/30, Batch 2950/3287, Loss: 0.5556
2025-10-10 05:55:45,517 [INFO] Época 7/30, Batch 3000/3287, Loss: 0.6132
2025-10-10 05:55:45,779 [INFO] Época 7/30, Batch 3050/3287, Loss: 0.6094
2025-10-10 05:55:46,047 [INFO] Época 7/30, Batch 3100/3287, Loss: 0.5006
2025-10-10 05:55:46,313 [INFO] Época 7/30, Batch 3150/3287, Loss: 0.5800
2025-10-10 05:55:46,581 [INFO] Época 7/30, Batch 3200/3287, Loss: 0.4612
2025-10-10 05:55:46,848 [INFO] Época 7/30, Batch 3250/3287, Loss: 0.5271
2025-10-10 05:55:48,607 [INFO] [7/30] Train Loss: 0.5730 | Val Loss: 0.6623 | Tempo: 18.97s
2025-10-10 05:55:49,160 [INFO] Época 8/30, Batch 50/3287, Loss: 0.4555
2025-10-10 05:55:49,423 [INFO] Época 8/30, Batch 100/3287, Loss: 0.5993
2025-10-10 05:55:49,682 [INFO] Época 8/30, Batch 150/3287, Loss: 0.4540
2025-10-10 05:55:49,940 [INFO] Época 8/30, Batch 200/3287, Loss: 0.4949
2025-10-10 05:55:50,196 [INFO] Época 8/30, Batch 250/3287, Loss: 0.6649
2025-10-10 05:55:50,450 [INFO] Época 8/30, Batch 300/3287, Loss: 0.6857
2025-10-10 05:55:50,709 [INFO] Época 8/30, Batch 350/3287, Loss: 0.7793
2025-10-10 05:55:50,965 [INFO] Época 8/30, Batch 400/3287, Loss: 0.5945
2025-10-10 05:55:51,221 [INFO] Época 8/30, Batch 450/3287, Loss: 0.4805
2025-10-10 05:55:51,476 [INFO] Época 8/30, Batch 500/3287, Loss: 0.4903
2025-10-10 05:55:51,734 [INFO] Época 8/30, Batch 550/3287, Loss: 0.5153
2025-10-10 05:55:51,992 [INFO] Época 8/30, Batch 600/3287, Loss: 0.7782
2025-10-10 05:55:52,248 [INFO] Época 8/30, Batch 650/3287, Loss: 0.5720
2025-10-10 05:55:52,503 [INFO] Época 8/30, Batch 700/3287, Loss: 0.5633
2025-10-10 05:55:52,759 [INFO] Época 8/30, Batch 750/3287, Loss: 0.5941
2025-10-10 05:55:53,011 [INFO] Época 8/30, Batch 800/3287, Loss: 0.6321
2025-10-10 05:55:53,262 [INFO] Época 8/30, Batch 850/3287, Loss: 0.6014
2025-10-10 05:55:53,514 [INFO] Época 8/30, Batch 900/3287, Loss: 0.6756
2025-10-10 05:55:53,764 [INFO] Época 8/30, Batch 950/3287, Loss: 0.5845
2025-10-10 05:55:54,015 [INFO] Época 8/30, Batch 1000/3287, Loss: 0.5888
2025-10-10 05:55:54,266 [INFO] Época 8/30, Batch 1050/3287, Loss: 0.5413
2025-10-10 05:55:54,518 [INFO] Época 8/30, Batch 1100/3287, Loss: 0.4421
2025-10-10 05:55:54,776 [INFO] Época 8/30, Batch 1150/3287, Loss: 0.7017
2025-10-10 05:55:55,046 [INFO] Época 8/30, Batch 1200/3287, Loss: 0.5481
2025-10-10 05:55:55,314 [INFO] Época 8/30, Batch 1250/3287, Loss: 0.5243
2025-10-10 05:55:55,581 [INFO] Época 8/30, Batch 1300/3287, Loss: 0.5391
2025-10-10 05:55:55,854 [INFO] Época 8/30, Batch 1350/3287, Loss: 0.4971
2025-10-10 05:55:56,121 [INFO] Época 8/30, Batch 1400/3287, Loss: 0.5283
2025-10-10 05:55:56,389 [INFO] Época 8/30, Batch 1450/3287, Loss: 0.4879
2025-10-10 05:55:56,656 [INFO] Época 8/30, Batch 1500/3287, Loss: 0.6275
2025-10-10 05:55:56,923 [INFO] Época 8/30, Batch 1550/3287, Loss: 0.5137
2025-10-10 05:55:57,190 [INFO] Época 8/30, Batch 1600/3287, Loss: 0.6678
2025-10-10 05:55:57,457 [INFO] Época 8/30, Batch 1650/3287, Loss: 0.5507
2025-10-10 05:55:57,724 [INFO] Época 8/30, Batch 1700/3287, Loss: 0.5536
2025-10-10 05:55:57,991 [INFO] Época 8/30, Batch 1750/3287, Loss: 0.5912
2025-10-10 05:55:58,259 [INFO] Época 8/30, Batch 1800/3287, Loss: 0.4557
2025-10-10 05:55:58,526 [INFO] Época 8/30, Batch 1850/3287, Loss: 0.5885
2025-10-10 05:55:58,785 [INFO] Época 8/30, Batch 1900/3287, Loss: 0.5509
2025-10-10 05:55:59,036 [INFO] Época 8/30, Batch 1950/3287, Loss: 0.5760
2025-10-10 05:55:59,286 [INFO] Época 8/30, Batch 2000/3287, Loss: 0.5644
2025-10-10 05:55:59,536 [INFO] Época 8/30, Batch 2050/3287, Loss: 0.5919
2025-10-10 05:55:59,789 [INFO] Época 8/30, Batch 2100/3287, Loss: 0.6213
2025-10-10 05:56:00,040 [INFO] Época 8/30, Batch 2150/3287, Loss: 0.4574
2025-10-10 05:56:00,290 [INFO] Época 8/30, Batch 2200/3287, Loss: 0.5475
2025-10-10 05:56:00,541 [INFO] Época 8/30, Batch 2250/3287, Loss: 0.6709
2025-10-10 05:56:00,791 [INFO] Época 8/30, Batch 2300/3287, Loss: 0.4562
2025-10-10 05:56:01,043 [INFO] Época 8/30, Batch 2350/3287, Loss: 0.7370
2025-10-10 05:56:01,296 [INFO] Época 8/30, Batch 2400/3287, Loss: 0.6465
2025-10-10 05:56:01,545 [INFO] Época 8/30, Batch 2450/3287, Loss: 0.4527
2025-10-10 05:56:01,796 [INFO] Época 8/30, Batch 2500/3287, Loss: 0.6723
2025-10-10 05:56:02,048 [INFO] Época 8/30, Batch 2550/3287, Loss: 0.6009
2025-10-10 05:56:02,299 [INFO] Época 8/30, Batch 2600/3287, Loss: 0.5403
2025-10-10 05:56:02,555 [INFO] Época 8/30, Batch 2650/3287, Loss: 0.6600
2025-10-10 05:56:02,812 [INFO] Época 8/30, Batch 2700/3287, Loss: 0.5621
2025-10-10 05:56:03,068 [INFO] Época 8/30, Batch 2750/3287, Loss: 0.4581
2025-10-10 05:56:03,327 [INFO] Época 8/30, Batch 2800/3287, Loss: 0.6157
2025-10-10 05:56:03,584 [INFO] Época 8/30, Batch 2850/3287, Loss: 0.7047
2025-10-10 05:56:03,844 [INFO] Época 8/30, Batch 2900/3287, Loss: 0.7317
2025-10-10 05:56:04,103 [INFO] Época 8/30, Batch 2950/3287, Loss: 0.6005
2025-10-10 05:56:04,360 [INFO] Época 8/30, Batch 3000/3287, Loss: 0.3919
2025-10-10 05:56:04,618 [INFO] Época 8/30, Batch 3050/3287, Loss: 0.6079
2025-10-10 05:56:04,878 [INFO] Época 8/30, Batch 3100/3287, Loss: 0.5777
2025-10-10 05:56:05,140 [INFO] Época 8/30, Batch 3150/3287, Loss: 0.4707
2025-10-10 05:56:05,398 [INFO] Época 8/30, Batch 3200/3287, Loss: 0.5608
2025-10-10 05:56:05,655 [INFO] Época 8/30, Batch 3250/3287, Loss: 0.4741
2025-10-10 05:56:07,399 [INFO] [8/30] Train Loss: 0.5723 | Val Loss: 0.6484 | Tempo: 18.79s
2025-10-10 05:56:07,403 [INFO] Melhor modelo salvo em: /mnt/hdd/home/jdurao/ToolBox-ChemXAI/models/mlp_qm9_3D_att9_large.pth
2025-10-10 05:56:07,949 [INFO] Época 9/30, Batch 50/3287, Loss: 0.7429
2025-10-10 05:56:08,211 [INFO] Época 9/30, Batch 100/3287, Loss: 0.5590
2025-10-10 05:56:08,473 [INFO] Época 9/30, Batch 150/3287, Loss: 0.6236
2025-10-10 05:56:08,731 [INFO] Época 9/30, Batch 200/3287, Loss: 0.5329
2025-10-10 05:56:08,990 [INFO] Época 9/30, Batch 250/3287, Loss: 0.5526
2025-10-10 05:56:09,250 [INFO] Época 9/30, Batch 300/3287, Loss: 0.5511
2025-10-10 05:56:09,512 [INFO] Época 9/30, Batch 350/3287, Loss: 0.5389
2025-10-10 05:56:09,773 [INFO] Época 9/30, Batch 400/3287, Loss: 0.4677
2025-10-10 05:56:10,034 [INFO] Época 9/30, Batch 450/3287, Loss: 0.6251
2025-10-10 05:56:10,297 [INFO] Época 9/30, Batch 500/3287, Loss: 0.5151
2025-10-10 05:56:10,559 [INFO] Época 9/30, Batch 550/3287, Loss: 0.5282
2025-10-10 05:56:10,820 [INFO] Época 9/30, Batch 600/3287, Loss: 0.5810
2025-10-10 05:56:11,080 [INFO] Época 9/30, Batch 650/3287, Loss: 0.5762
2025-10-10 05:56:11,341 [INFO] Época 9/30, Batch 700/3287, Loss: 0.6686
2025-10-10 05:56:11,603 [INFO] Época 9/30, Batch 750/3287, Loss: 0.6254
2025-10-10 05:56:11,863 [INFO] Época 9/30, Batch 800/3287, Loss: 0.6311
2025-10-10 05:56:12,124 [INFO] Época 9/30, Batch 850/3287, Loss: 0.5763
2025-10-10 05:56:12,384 [INFO] Época 9/30, Batch 900/3287, Loss: 0.5467
2025-10-10 05:56:12,644 [INFO] Época 9/30, Batch 950/3287, Loss: 0.5003
2025-10-10 05:56:12,901 [INFO] Época 9/30, Batch 1000/3287, Loss: 0.5467
2025-10-10 05:56:13,157 [INFO] Época 9/30, Batch 1050/3287, Loss: 0.4466
2025-10-10 05:56:13,413 [INFO] Época 9/30, Batch 1100/3287, Loss: 0.6487
2025-10-10 05:56:13,672 [INFO] Época 9/30, Batch 1150/3287, Loss: 0.6389
2025-10-10 05:56:13,928 [INFO] Época 9/30, Batch 1200/3287, Loss: 0.6370
2025-10-10 05:56:14,185 [INFO] Época 9/30, Batch 1250/3287, Loss: 0.5681
2025-10-10 05:56:14,439 [INFO] Época 9/30, Batch 1300/3287, Loss: 0.5177
2025-10-10 05:56:14,696 [INFO] Época 9/30, Batch 1350/3287, Loss: 0.6263
2025-10-10 05:56:14,954 [INFO] Época 9/30, Batch 1400/3287, Loss: 0.6603
2025-10-10 05:56:15,214 [INFO] Época 9/30, Batch 1450/3287, Loss: 0.4253
2025-10-10 05:56:15,473 [INFO] Época 9/30, Batch 1500/3287, Loss: 0.4638
2025-10-10 05:56:15,731 [INFO] Época 9/30, Batch 1550/3287, Loss: 0.4773
2025-10-10 05:56:15,991 [INFO] Época 9/30, Batch 1600/3287, Loss: 0.6050
2025-10-10 05:56:16,252 [INFO] Época 9/30, Batch 1650/3287, Loss: 0.6190
2025-10-10 05:56:16,511 [INFO] Época 9/30, Batch 1700/3287, Loss: 0.5130
2025-10-10 05:56:16,771 [INFO] Época 9/30, Batch 1750/3287, Loss: 0.6202
2025-10-10 05:56:17,029 [INFO] Época 9/30, Batch 1800/3287, Loss: 0.4918
2025-10-10 05:56:17,289 [INFO] Época 9/30, Batch 1850/3287, Loss: 0.6719
2025-10-10 05:56:17,550 [INFO] Época 9/30, Batch 1900/3287, Loss: 0.5854
2025-10-10 05:56:17,811 [INFO] Época 9/30, Batch 1950/3287, Loss: 0.5974
2025-10-10 05:56:18,071 [INFO] Época 9/30, Batch 2000/3287, Loss: 0.6214
2025-10-10 05:56:18,331 [INFO] Época 9/30, Batch 2050/3287, Loss: 0.5070
2025-10-10 05:56:18,590 [INFO] Época 9/30, Batch 2100/3287, Loss: 0.4307
2025-10-10 05:56:18,853 [INFO] Época 9/30, Batch 2150/3287, Loss: 0.5320
2025-10-10 05:56:19,114 [INFO] Época 9/30, Batch 2200/3287, Loss: 0.6093
2025-10-10 05:56:19,376 [INFO] Época 9/30, Batch 2250/3287, Loss: 0.5636
2025-10-10 05:56:19,637 [INFO] Época 9/30, Batch 2300/3287, Loss: 0.5573
2025-10-10 05:56:19,896 [INFO] Época 9/30, Batch 2350/3287, Loss: 0.5944
2025-10-10 05:56:20,155 [INFO] Época 9/30, Batch 2400/3287, Loss: 0.4519
2025-10-10 05:56:20,414 [INFO] Época 9/30, Batch 2450/3287, Loss: 0.5685
2025-10-10 05:56:20,671 [INFO] Época 9/30, Batch 2500/3287, Loss: 0.5484
2025-10-10 05:56:20,927 [INFO] Época 9/30, Batch 2550/3287, Loss: 0.5668
2025-10-10 05:56:21,183 [INFO] Época 9/30, Batch 2600/3287, Loss: 0.4542
2025-10-10 05:56:21,440 [INFO] Época 9/30, Batch 2650/3287, Loss: 0.6662
2025-10-10 05:56:21,698 [INFO] Época 9/30, Batch 2700/3287, Loss: 0.5404
2025-10-10 05:56:21,955 [INFO] Época 9/30, Batch 2750/3287, Loss: 0.5121
2025-10-10 05:56:22,217 [INFO] Época 9/30, Batch 2800/3287, Loss: 0.5502
2025-10-10 05:56:22,478 [INFO] Época 9/30, Batch 2850/3287, Loss: 0.6122
2025-10-10 05:56:22,736 [INFO] Época 9/30, Batch 2900/3287, Loss: 0.5239
2025-10-10 05:56:22,993 [INFO] Época 9/30, Batch 2950/3287, Loss: 0.5131
2025-10-10 05:56:23,259 [INFO] Época 9/30, Batch 3000/3287, Loss: 0.4938
2025-10-10 05:56:23,519 [INFO] Época 9/30, Batch 3050/3287, Loss: 0.5754
2025-10-10 05:56:23,779 [INFO] Época 9/30, Batch 3100/3287, Loss: 0.5616
2025-10-10 05:56:24,039 [INFO] Época 9/30, Batch 3150/3287, Loss: 0.6575
2025-10-10 05:56:24,300 [INFO] Época 9/30, Batch 3200/3287, Loss: 0.5721
2025-10-10 05:56:24,560 [INFO] Época 9/30, Batch 3250/3287, Loss: 0.5314
2025-10-10 05:56:26,255 [INFO] [9/30] Train Loss: 0.5714 | Val Loss: 0.6799 | Tempo: 18.85s
2025-10-10 05:56:26,810 [INFO] Época 10/30, Batch 50/3287, Loss: 0.4369
2025-10-10 05:56:27,083 [INFO] Época 10/30, Batch 100/3287, Loss: 0.4100
2025-10-10 05:56:27,350 [INFO] Época 10/30, Batch 150/3287, Loss: 0.5151
2025-10-10 05:56:27,618 [INFO] Época 10/30, Batch 200/3287, Loss: 0.6079
2025-10-10 05:56:27,885 [INFO] Época 10/30, Batch 250/3287, Loss: 0.6337
2025-10-10 05:56:28,150 [INFO] Época 10/30, Batch 300/3287, Loss: 0.4839
2025-10-10 05:56:28,419 [INFO] Época 10/30, Batch 350/3287, Loss: 0.5851
2025-10-10 05:56:28,687 [INFO] Época 10/30, Batch 400/3287, Loss: 0.5860
2025-10-10 05:56:28,955 [INFO] Época 10/30, Batch 450/3287, Loss: 0.5115
2025-10-10 05:56:29,223 [INFO] Época 10/30, Batch 500/3287, Loss: 0.5054
2025-10-10 05:56:29,491 [INFO] Época 10/30, Batch 550/3287, Loss: 0.4954
2025-10-10 05:56:29,753 [INFO] Época 10/30, Batch 600/3287, Loss: 0.6129
2025-10-10 05:56:30,016 [INFO] Época 10/30, Batch 650/3287, Loss: 0.6346
2025-10-10 05:56:30,280 [INFO] Época 10/30, Batch 700/3287, Loss: 0.7878
2025-10-10 05:56:30,542 [INFO] Época 10/30, Batch 750/3287, Loss: 0.5667
2025-10-10 05:56:30,804 [INFO] Época 10/30, Batch 800/3287, Loss: 0.4973
2025-10-10 05:56:31,062 [INFO] Época 10/30, Batch 850/3287, Loss: 0.5036
2025-10-10 05:56:31,319 [INFO] Época 10/30, Batch 900/3287, Loss: 0.6885
2025-10-10 05:56:31,575 [INFO] Época 10/30, Batch 950/3287, Loss: 0.7156
2025-10-10 05:56:31,832 [INFO] Época 10/30, Batch 1000/3287, Loss: 0.4894
2025-10-10 05:56:32,088 [INFO] Época 10/30, Batch 1050/3287, Loss: 0.5915
2025-10-10 05:56:32,344 [INFO] Época 10/30, Batch 1100/3287, Loss: 0.4349
2025-10-10 05:56:32,600 [INFO] Época 10/30, Batch 1150/3287, Loss: 0.5284
2025-10-10 05:56:32,865 [INFO] Época 10/30, Batch 1200/3287, Loss: 0.5848
2025-10-10 05:56:33,125 [INFO] Época 10/30, Batch 1250/3287, Loss: 0.4789
2025-10-10 05:56:33,389 [INFO] Época 10/30, Batch 1300/3287, Loss: 0.7033
2025-10-10 05:56:33,657 [INFO] Época 10/30, Batch 1350/3287, Loss: 0.5725
2025-10-10 05:56:33,928 [INFO] Época 10/30, Batch 1400/3287, Loss: 0.5605
2025-10-10 05:56:34,196 [INFO] Época 10/30, Batch 1450/3287, Loss: 0.6156
2025-10-10 05:56:34,463 [INFO] Época 10/30, Batch 1500/3287, Loss: 0.5956
2025-10-10 05:56:34,730 [INFO] Época 10/30, Batch 1550/3287, Loss: 0.5000
2025-10-10 05:56:34,999 [INFO] Época 10/30, Batch 1600/3287, Loss: 0.6509
2025-10-10 05:56:35,266 [INFO] Época 10/30, Batch 1650/3287, Loss: 0.4787
2025-10-10 05:56:35,535 [INFO] Época 10/30, Batch 1700/3287, Loss: 0.5236
2025-10-10 05:56:35,803 [INFO] Época 10/30, Batch 1750/3287, Loss: 0.4640
2025-10-10 05:56:36,074 [INFO] Época 10/30, Batch 1800/3287, Loss: 0.5310
2025-10-10 05:56:36,339 [INFO] Época 10/30, Batch 1850/3287, Loss: 0.5244
2025-10-10 05:56:36,607 [INFO] Época 10/30, Batch 1900/3287, Loss: 0.6856
2025-10-10 05:56:36,873 [INFO] Época 10/30, Batch 1950/3287, Loss: 0.5151
2025-10-10 05:56:37,141 [INFO] Época 10/30, Batch 2000/3287, Loss: 0.4998
2025-10-10 05:56:37,408 [INFO] Época 10/30, Batch 2050/3287, Loss: 0.4663
2025-10-10 05:56:37,674 [INFO] Época 10/30, Batch 2100/3287, Loss: 0.5816
2025-10-10 05:56:37,940 [INFO] Época 10/30, Batch 2150/3287, Loss: 0.6044
2025-10-10 05:56:38,206 [INFO] Época 10/30, Batch 2200/3287, Loss: 0.5344
2025-10-10 05:56:38,473 [INFO] Época 10/30, Batch 2250/3287, Loss: 0.4837
2025-10-10 05:56:38,749 [INFO] Época 10/30, Batch 2300/3287, Loss: 0.4353
2025-10-10 05:56:39,007 [INFO] Época 10/30, Batch 2350/3287, Loss: 0.5984
2025-10-10 05:56:39,270 [INFO] Época 10/30, Batch 2400/3287, Loss: 0.6159
2025-10-10 05:56:39,535 [INFO] Época 10/30, Batch 2450/3287, Loss: 0.6035
2025-10-10 05:56:39,803 [INFO] Época 10/30, Batch 2500/3287, Loss: 0.6648
2025-10-10 05:56:40,069 [INFO] Época 10/30, Batch 2550/3287, Loss: 0.5636
2025-10-10 05:56:40,335 [INFO] Época 10/30, Batch 2600/3287, Loss: 0.5393
2025-10-10 05:56:40,599 [INFO] Época 10/30, Batch 2650/3287, Loss: 0.4586
2025-10-10 05:56:40,863 [INFO] Época 10/30, Batch 2700/3287, Loss: 0.5165
2025-10-10 05:56:41,122 [INFO] Época 10/30, Batch 2750/3287, Loss: 0.4995
2025-10-10 05:56:41,379 [INFO] Época 10/30, Batch 2800/3287, Loss: 0.6383
2025-10-10 05:56:41,636 [INFO] Época 10/30, Batch 2850/3287, Loss: 0.6826
2025-10-10 05:56:41,894 [INFO] Época 10/30, Batch 2900/3287, Loss: 0.5576
2025-10-10 05:56:42,151 [INFO] Época 10/30, Batch 2950/3287, Loss: 0.6432
2025-10-10 05:56:42,410 [INFO] Época 10/30, Batch 3000/3287, Loss: 0.4035
2025-10-10 05:56:42,669 [INFO] Época 10/30, Batch 3050/3287, Loss: 0.5682
2025-10-10 05:56:42,926 [INFO] Época 10/30, Batch 3100/3287, Loss: 0.4502
2025-10-10 05:56:43,184 [INFO] Época 10/30, Batch 3150/3287, Loss: 0.4465
2025-10-10 05:56:43,441 [INFO] Época 10/30, Batch 3200/3287, Loss: 0.4867
2025-10-10 05:56:43,699 [INFO] Época 10/30, Batch 3250/3287, Loss: 0.4563
2025-10-10 05:56:45,414 [INFO] [10/30] Train Loss: 0.5707 | Val Loss: 0.6634 | Tempo: 19.16s
2025-10-10 05:56:45,968 [INFO] Época 11/30, Batch 50/3287, Loss: 0.6229
2025-10-10 05:56:46,230 [INFO] Época 11/30, Batch 100/3287, Loss: 0.6138
2025-10-10 05:56:46,489 [INFO] Época 11/30, Batch 150/3287, Loss: 0.5745
2025-10-10 05:56:46,749 [INFO] Época 11/30, Batch 200/3287, Loss: 0.5195
2025-10-10 05:56:47,007 [INFO] Época 11/30, Batch 250/3287, Loss: 0.5357
2025-10-10 05:56:47,263 [INFO] Época 11/30, Batch 300/3287, Loss: 0.5666
2025-10-10 05:56:47,520 [INFO] Época 11/30, Batch 350/3287, Loss: 0.6453
2025-10-10 05:56:47,779 [INFO] Época 11/30, Batch 400/3287, Loss: 0.5332
2025-10-10 05:56:48,036 [INFO] Época 11/30, Batch 450/3287, Loss: 0.6369
2025-10-10 05:56:48,294 [INFO] Época 11/30, Batch 500/3287, Loss: 0.4949
2025-10-10 05:56:48,551 [INFO] Época 11/30, Batch 550/3287, Loss: 0.7780
2025-10-10 05:56:48,812 [INFO] Época 11/30, Batch 600/3287, Loss: 0.4644
2025-10-10 05:56:49,076 [INFO] Época 11/30, Batch 650/3287, Loss: 0.4854
2025-10-10 05:56:49,339 [INFO] Época 11/30, Batch 700/3287, Loss: 0.5073
2025-10-10 05:56:49,597 [INFO] Época 11/30, Batch 750/3287, Loss: 0.5398
2025-10-10 05:56:49,853 [INFO] Época 11/30, Batch 800/3287, Loss: 0.6323
2025-10-10 05:56:50,109 [INFO] Época 11/30, Batch 850/3287, Loss: 0.4753
2025-10-10 05:56:50,366 [INFO] Época 11/30, Batch 900/3287, Loss: 0.4766
2025-10-10 05:56:50,623 [INFO] Época 11/30, Batch 950/3287, Loss: 0.5974
2025-10-10 05:56:50,881 [INFO] Época 11/30, Batch 1000/3287, Loss: 0.6257
2025-10-10 05:56:51,136 [INFO] Época 11/30, Batch 1050/3287, Loss: 0.5522
2025-10-10 05:56:51,391 [INFO] Época 11/30, Batch 1100/3287, Loss: 0.4352
2025-10-10 05:56:51,648 [INFO] Época 11/30, Batch 1150/3287, Loss: 0.5836
2025-10-10 05:56:51,910 [INFO] Época 11/30, Batch 1200/3287, Loss: 0.7079
2025-10-10 05:56:52,172 [INFO] Época 11/30, Batch 1250/3287, Loss: 0.4086
2025-10-10 05:56:52,434 [INFO] Época 11/30, Batch 1300/3287, Loss: 0.5325
2025-10-10 05:56:52,697 [INFO] Época 11/30, Batch 1350/3287, Loss: 0.6108
2025-10-10 05:56:52,961 [INFO] Época 11/30, Batch 1400/3287, Loss: 0.5436
2025-10-10 05:56:53,221 [INFO] Época 11/30, Batch 1450/3287, Loss: 0.5157
2025-10-10 05:56:53,486 [INFO] Época 11/30, Batch 1500/3287, Loss: 0.4050
2025-10-10 05:56:53,747 [INFO] Época 11/30, Batch 1550/3287, Loss: 0.6476
2025-10-10 05:56:54,009 [INFO] Época 11/30, Batch 1600/3287, Loss: 0.6050
2025-10-10 05:56:54,279 [INFO] Época 11/30, Batch 1650/3287, Loss: 0.5729
2025-10-10 05:56:54,538 [INFO] Época 11/30, Batch 1700/3287, Loss: 0.6061
2025-10-10 05:56:54,797 [INFO] Época 11/30, Batch 1750/3287, Loss: 0.4817
2025-10-10 05:56:55,055 [INFO] Época 11/30, Batch 1800/3287, Loss: 0.5206
2025-10-10 05:56:55,310 [INFO] Época 11/30, Batch 1850/3287, Loss: 0.7393
2025-10-10 05:56:55,568 [INFO] Época 11/30, Batch 1900/3287, Loss: 0.5152
2025-10-10 05:56:55,824 [INFO] Época 11/30, Batch 1950/3287, Loss: 0.6686
2025-10-10 05:56:56,080 [INFO] Época 11/30, Batch 2000/3287, Loss: 0.5170
2025-10-10 05:56:56,338 [INFO] Época 11/30, Batch 2050/3287, Loss: 0.6399
2025-10-10 05:56:56,596 [INFO] Época 11/30, Batch 2100/3287, Loss: 0.5594
2025-10-10 05:56:56,853 [INFO] Época 11/30, Batch 2150/3287, Loss: 0.6205
2025-10-10 05:56:57,111 [INFO] Época 11/30, Batch 2200/3287, Loss: 0.6138
2025-10-10 05:56:57,368 [INFO] Época 11/30, Batch 2250/3287, Loss: 0.5687
2025-10-10 05:56:57,626 [INFO] Época 11/30, Batch 2300/3287, Loss: 0.3299
2025-10-10 05:56:57,882 [INFO] Época 11/30, Batch 2350/3287, Loss: 0.6199
2025-10-10 05:56:58,139 [INFO] Época 11/30, Batch 2400/3287, Loss: 0.5227
2025-10-10 05:56:58,396 [INFO] Época 11/30, Batch 2450/3287, Loss: 0.5221
2025-10-10 05:56:58,652 [INFO] Época 11/30, Batch 2500/3287, Loss: 0.5476
2025-10-10 05:56:58,911 [INFO] Época 11/30, Batch 2550/3287, Loss: 0.6016
2025-10-10 05:56:59,167 [INFO] Época 11/30, Batch 2600/3287, Loss: 0.6746
2025-10-10 05:56:59,425 [INFO] Época 11/30, Batch 2650/3287, Loss: 0.6481
2025-10-10 05:56:59,682 [INFO] Época 11/30, Batch 2700/3287, Loss: 0.4514
2025-10-10 05:56:59,938 [INFO] Época 11/30, Batch 2750/3287, Loss: 0.5053
2025-10-10 05:57:00,195 [INFO] Época 11/30, Batch 2800/3287, Loss: 0.4271
2025-10-10 05:57:00,452 [INFO] Época 11/30, Batch 2850/3287, Loss: 0.5649
2025-10-10 05:57:00,708 [INFO] Época 11/30, Batch 2900/3287, Loss: 0.5326
2025-10-10 05:57:00,966 [INFO] Época 11/30, Batch 2950/3287, Loss: 0.6476
2025-10-10 05:57:01,223 [INFO] Época 11/30, Batch 3000/3287, Loss: 0.5987
2025-10-10 05:57:01,481 [INFO] Época 11/30, Batch 3050/3287, Loss: 0.6222
2025-10-10 05:57:01,739 [INFO] Época 11/30, Batch 3100/3287, Loss: 0.6308
2025-10-10 05:57:01,996 [INFO] Época 11/30, Batch 3150/3287, Loss: 0.6256
2025-10-10 05:57:02,252 [INFO] Época 11/30, Batch 3200/3287, Loss: 0.6057
2025-10-10 05:57:02,508 [INFO] Época 11/30, Batch 3250/3287, Loss: 0.7634
2025-10-10 05:57:04,200 [INFO] [11/30] Train Loss: 0.5695 | Val Loss: 0.6746 | Tempo: 18.79s
2025-10-10 05:57:04,760 [INFO] Época 12/30, Batch 50/3287, Loss: 0.6302
2025-10-10 05:57:05,033 [INFO] Época 12/30, Batch 100/3287, Loss: 0.6523
2025-10-10 05:57:05,302 [INFO] Época 12/30, Batch 150/3287, Loss: 0.5086
2025-10-10 05:57:05,572 [INFO] Época 12/30, Batch 200/3287, Loss: 0.6510
2025-10-10 05:57:05,839 [INFO] Época 12/30, Batch 250/3287, Loss: 0.7042
2025-10-10 05:57:06,108 [INFO] Época 12/30, Batch 300/3287, Loss: 0.5241
2025-10-10 05:57:06,374 [INFO] Época 12/30, Batch 350/3287, Loss: 0.5177
2025-10-10 05:57:06,641 [INFO] Época 12/30, Batch 400/3287, Loss: 0.4723
2025-10-10 05:57:06,907 [INFO] Época 12/30, Batch 450/3287, Loss: 0.5780
2025-10-10 05:57:07,172 [INFO] Época 12/30, Batch 500/3287, Loss: 0.5503
2025-10-10 05:57:07,436 [INFO] Época 12/30, Batch 550/3287, Loss: 0.5928
2025-10-10 05:57:07,702 [INFO] Época 12/30, Batch 600/3287, Loss: 0.6219
2025-10-10 05:57:07,966 [INFO] Época 12/30, Batch 650/3287, Loss: 0.6177
2025-10-10 05:57:08,231 [INFO] Época 12/30, Batch 700/3287, Loss: 0.4342
2025-10-10 05:57:08,489 [INFO] Época 12/30, Batch 750/3287, Loss: 0.7231
2025-10-10 05:57:08,755 [INFO] Época 12/30, Batch 800/3287, Loss: 0.5896
2025-10-10 05:57:09,021 [INFO] Época 12/30, Batch 850/3287, Loss: 0.6401
2025-10-10 05:57:09,286 [INFO] Época 12/30, Batch 900/3287, Loss: 0.6833
2025-10-10 05:57:09,561 [INFO] Época 12/30, Batch 950/3287, Loss: 0.6410
2025-10-10 05:57:09,822 [INFO] Época 12/30, Batch 1000/3287, Loss: 0.5155
2025-10-10 05:57:10,083 [INFO] Época 12/30, Batch 1050/3287, Loss: 0.3930
2025-10-10 05:57:10,339 [INFO] Época 12/30, Batch 1100/3287, Loss: 0.5730
2025-10-10 05:57:10,596 [INFO] Época 12/30, Batch 1150/3287, Loss: 0.5751
2025-10-10 05:57:10,865 [INFO] Época 12/30, Batch 1200/3287, Loss: 0.6652
2025-10-10 05:57:11,133 [INFO] Época 12/30, Batch 1250/3287, Loss: 0.5314
2025-10-10 05:57:11,403 [INFO] Época 12/30, Batch 1300/3287, Loss: 0.6073
2025-10-10 05:57:11,670 [INFO] Época 12/30, Batch 1350/3287, Loss: 0.6384
2025-10-10 05:57:11,941 [INFO] Época 12/30, Batch 1400/3287, Loss: 0.4140
2025-10-10 05:57:12,208 [INFO] Época 12/30, Batch 1450/3287, Loss: 0.6114
2025-10-10 05:57:12,475 [INFO] Época 12/30, Batch 1500/3287, Loss: 0.7024
2025-10-10 05:57:12,744 [INFO] Época 12/30, Batch 1550/3287, Loss: 0.5794
2025-10-10 05:57:13,015 [INFO] Época 12/30, Batch 1600/3287, Loss: 0.6100
2025-10-10 05:57:13,283 [INFO] Época 12/30, Batch 1650/3287, Loss: 0.5391
2025-10-10 05:57:13,544 [INFO] Época 12/30, Batch 1700/3287, Loss: 0.6323
2025-10-10 05:57:13,809 [INFO] Época 12/30, Batch 1750/3287, Loss: 0.6670
2025-10-10 05:57:14,078 [INFO] Época 12/30, Batch 1800/3287, Loss: 0.6112
2025-10-10 05:57:14,347 [INFO] Época 12/30, Batch 1850/3287, Loss: 0.5870
2025-10-10 05:57:14,620 [INFO] Época 12/30, Batch 1900/3287, Loss: 0.5382
2025-10-10 05:57:14,887 [INFO] Época 12/30, Batch 1950/3287, Loss: 0.7319
2025-10-10 05:57:15,156 [INFO] Época 12/30, Batch 2000/3287, Loss: 0.5343
2025-10-10 05:57:15,424 [INFO] Época 12/30, Batch 2050/3287, Loss: 0.6123
2025-10-10 05:57:15,694 [INFO] Época 12/30, Batch 2100/3287, Loss: 0.5004
2025-10-10 05:57:15,964 [INFO] Época 12/30, Batch 2150/3287, Loss: 0.4564
2025-10-10 05:57:16,234 [INFO] Época 12/30, Batch 2200/3287, Loss: 0.5153
2025-10-10 05:57:16,503 [INFO] Época 12/30, Batch 2250/3287, Loss: 0.6874
2025-10-10 05:57:16,764 [INFO] Época 12/30, Batch 2300/3287, Loss: 0.5129
2025-10-10 05:57:17,024 [INFO] Época 12/30, Batch 2350/3287, Loss: 0.5720
2025-10-10 05:57:17,283 [INFO] Época 12/30, Batch 2400/3287, Loss: 0.5241
2025-10-10 05:57:17,543 [INFO] Época 12/30, Batch 2450/3287, Loss: 0.5893
2025-10-10 05:57:17,802 [INFO] Época 12/30, Batch 2500/3287, Loss: 0.6749
2025-10-10 05:57:18,059 [INFO] Época 12/30, Batch 2550/3287, Loss: 0.6187
2025-10-10 05:57:18,321 [INFO] Época 12/30, Batch 2600/3287, Loss: 0.7053
2025-10-10 05:57:18,579 [INFO] Época 12/30, Batch 2650/3287, Loss: 0.4694
2025-10-10 05:57:18,847 [INFO] Época 12/30, Batch 2700/3287, Loss: 0.6085
2025-10-10 05:57:19,114 [INFO] Época 12/30, Batch 2750/3287, Loss: 0.6302
2025-10-10 05:57:19,385 [INFO] Época 12/30, Batch 2800/3287, Loss: 0.5738
2025-10-10 05:57:19,656 [INFO] Época 12/30, Batch 2850/3287, Loss: 0.5606
2025-10-10 05:57:19,919 [INFO] Época 12/30, Batch 2900/3287, Loss: 0.5038
2025-10-10 05:57:20,178 [INFO] Época 12/30, Batch 2950/3287, Loss: 0.6666
2025-10-10 05:57:20,436 [INFO] Época 12/30, Batch 3000/3287, Loss: 0.4441
2025-10-10 05:57:20,696 [INFO] Época 12/30, Batch 3050/3287, Loss: 0.5586
2025-10-10 05:57:20,958 [INFO] Época 12/30, Batch 3100/3287, Loss: 0.5845
2025-10-10 05:57:21,218 [INFO] Época 12/30, Batch 3150/3287, Loss: 0.4285
2025-10-10 05:57:21,477 [INFO] Época 12/30, Batch 3200/3287, Loss: 0.4674
2025-10-10 05:57:21,734 [INFO] Época 12/30, Batch 3250/3287, Loss: 0.6615
2025-10-10 05:57:23,346 [INFO] [12/30] Train Loss: 0.5693 | Val Loss: 0.6659 | Tempo: 19.14s
2025-10-10 05:57:23,874 [INFO] Época 13/30, Batch 50/3287, Loss: 0.4444
2025-10-10 05:57:24,137 [INFO] Época 13/30, Batch 100/3287, Loss: 0.5920
2025-10-10 05:57:24,395 [INFO] Época 13/30, Batch 150/3287, Loss: 0.5431
2025-10-10 05:57:24,654 [INFO] Época 13/30, Batch 200/3287, Loss: 0.5348
2025-10-10 05:57:24,912 [INFO] Época 13/30, Batch 250/3287, Loss: 0.5279
2025-10-10 05:57:25,169 [INFO] Época 13/30, Batch 300/3287, Loss: 0.4717
2025-10-10 05:57:25,428 [INFO] Época 13/30, Batch 350/3287, Loss: 0.4968
2025-10-10 05:57:25,686 [INFO] Época 13/30, Batch 400/3287, Loss: 0.5753
2025-10-10 05:57:25,943 [INFO] Época 13/30, Batch 450/3287, Loss: 0.7032
2025-10-10 05:57:26,198 [INFO] Época 13/30, Batch 500/3287, Loss: 0.5499
2025-10-10 05:57:26,454 [INFO] Época 13/30, Batch 550/3287, Loss: 0.4894
2025-10-10 05:57:26,714 [INFO] Época 13/30, Batch 600/3287, Loss: 0.5260
2025-10-10 05:57:26,970 [INFO] Época 13/30, Batch 650/3287, Loss: 0.5861
2025-10-10 05:57:27,229 [INFO] Época 13/30, Batch 700/3287, Loss: 0.6125
2025-10-10 05:57:27,485 [INFO] Época 13/30, Batch 750/3287, Loss: 0.5136
2025-10-10 05:57:27,741 [INFO] Época 13/30, Batch 800/3287, Loss: 0.5030
2025-10-10 05:57:27,998 [INFO] Época 13/30, Batch 850/3287, Loss: 0.6138
2025-10-10 05:57:28,254 [INFO] Época 13/30, Batch 900/3287, Loss: 0.5804
2025-10-10 05:57:28,511 [INFO] Época 13/30, Batch 950/3287, Loss: 0.5186
2025-10-10 05:57:28,768 [INFO] Época 13/30, Batch 1000/3287, Loss: 0.3955
2025-10-10 05:57:29,028 [INFO] Época 13/30, Batch 1050/3287, Loss: 0.5937
2025-10-10 05:57:29,286 [INFO] Época 13/30, Batch 1100/3287, Loss: 0.5968
2025-10-10 05:57:29,545 [INFO] Época 13/30, Batch 1150/3287, Loss: 0.6091
2025-10-10 05:57:29,812 [INFO] Época 13/30, Batch 1200/3287, Loss: 0.5704
2025-10-10 05:57:30,066 [INFO] Época 13/30, Batch 1250/3287, Loss: 0.5232
2025-10-10 05:57:30,321 [INFO] Época 13/30, Batch 1300/3287, Loss: 0.5166
2025-10-10 05:57:30,577 [INFO] Época 13/30, Batch 1350/3287, Loss: 0.6111
2025-10-10 05:57:30,836 [INFO] Época 13/30, Batch 1400/3287, Loss: 0.4204
2025-10-10 05:57:31,095 [INFO] Época 13/30, Batch 1450/3287, Loss: 0.5926
2025-10-10 05:57:31,353 [INFO] Época 13/30, Batch 1500/3287, Loss: 0.6522
2025-10-10 05:57:31,610 [INFO] Época 13/30, Batch 1550/3287, Loss: 0.6378
2025-10-10 05:57:31,865 [INFO] Época 13/30, Batch 1600/3287, Loss: 0.4734
2025-10-10 05:57:32,122 [INFO] Época 13/30, Batch 1650/3287, Loss: 0.6612
2025-10-10 05:57:32,376 [INFO] Época 13/30, Batch 1700/3287, Loss: 0.4864
2025-10-10 05:57:32,633 [INFO] Época 13/30, Batch 1750/3287, Loss: 0.4618
2025-10-10 05:57:32,889 [INFO] Época 13/30, Batch 1800/3287, Loss: 0.4927
2025-10-10 05:57:33,146 [INFO] Época 13/30, Batch 1850/3287, Loss: 0.4786
2025-10-10 05:57:33,404 [INFO] Época 13/30, Batch 1900/3287, Loss: 0.4795
2025-10-10 05:57:33,662 [INFO] Época 13/30, Batch 1950/3287, Loss: 0.5253
2025-10-10 05:57:33,918 [INFO] Época 13/30, Batch 2000/3287, Loss: 0.5774
2025-10-10 05:57:34,174 [INFO] Época 13/30, Batch 2050/3287, Loss: 0.6038
2025-10-10 05:57:34,431 [INFO] Época 13/30, Batch 2100/3287, Loss: 0.4764
2025-10-10 05:57:34,690 [INFO] Época 13/30, Batch 2150/3287, Loss: 0.4180
2025-10-10 05:57:34,947 [INFO] Época 13/30, Batch 2200/3287, Loss: 0.5975
2025-10-10 05:57:35,208 [INFO] Época 13/30, Batch 2250/3287, Loss: 0.6385
2025-10-10 05:57:35,465 [INFO] Época 13/30, Batch 2300/3287, Loss: 0.7385
2025-10-10 05:57:35,724 [INFO] Época 13/30, Batch 2350/3287, Loss: 0.7786
2025-10-10 05:57:35,982 [INFO] Época 13/30, Batch 2400/3287, Loss: 0.5764
2025-10-10 05:57:36,239 [INFO] Época 13/30, Batch 2450/3287, Loss: 0.6257
2025-10-10 05:57:36,496 [INFO] Época 13/30, Batch 2500/3287, Loss: 0.6840
2025-10-10 05:57:36,752 [INFO] Época 13/30, Batch 2550/3287, Loss: 0.5421
2025-10-10 05:57:37,009 [INFO] Época 13/30, Batch 2600/3287, Loss: 0.5297
2025-10-10 05:57:37,267 [INFO] Época 13/30, Batch 2650/3287, Loss: 0.5796
2025-10-10 05:57:37,523 [INFO] Época 13/30, Batch 2700/3287, Loss: 0.7164
2025-10-10 05:57:37,781 [INFO] Época 13/30, Batch 2750/3287, Loss: 0.5480
2025-10-10 05:57:38,039 [INFO] Época 13/30, Batch 2800/3287, Loss: 0.6369
2025-10-10 05:57:38,297 [INFO] Época 13/30, Batch 2850/3287, Loss: 0.6409
2025-10-10 05:57:38,557 [INFO] Época 13/30, Batch 2900/3287, Loss: 0.4249
2025-10-10 05:57:38,814 [INFO] Época 13/30, Batch 2950/3287, Loss: 0.5954
2025-10-10 05:57:39,072 [INFO] Época 13/30, Batch 3000/3287, Loss: 0.7100
2025-10-10 05:57:39,331 [INFO] Época 13/30, Batch 3050/3287, Loss: 0.5362
2025-10-10 05:57:39,588 [INFO] Época 13/30, Batch 3100/3287, Loss: 0.5198
2025-10-10 05:57:39,847 [INFO] Época 13/30, Batch 3150/3287, Loss: 0.5380
2025-10-10 05:57:40,105 [INFO] Época 13/30, Batch 3200/3287, Loss: 0.5493
2025-10-10 05:57:40,363 [INFO] Época 13/30, Batch 3250/3287, Loss: 0.3816
2025-10-10 05:57:41,976 [INFO] [13/30] Train Loss: 0.5687 | Val Loss: 0.7059 | Tempo: 18.63s
2025-10-10 05:57:42,522 [INFO] Época 14/30, Batch 50/3287, Loss: 0.4539
2025-10-10 05:57:42,793 [INFO] Época 14/30, Batch 100/3287, Loss: 0.5728
2025-10-10 05:57:43,065 [INFO] Época 14/30, Batch 150/3287, Loss: 0.5860
2025-10-10 05:57:43,338 [INFO] Época 14/30, Batch 200/3287, Loss: 0.6933
2025-10-10 05:57:43,606 [INFO] Época 14/30, Batch 250/3287, Loss: 0.4477
2025-10-10 05:57:43,872 [INFO] Época 14/30, Batch 300/3287, Loss: 0.6617
2025-10-10 05:57:44,139 [INFO] Época 14/30, Batch 350/3287, Loss: 0.6438
2025-10-10 05:57:44,405 [INFO] Época 14/30, Batch 400/3287, Loss: 0.7215
2025-10-10 05:57:44,672 [INFO] Época 14/30, Batch 450/3287, Loss: 0.5129
2025-10-10 05:57:44,939 [INFO] Época 14/30, Batch 500/3287, Loss: 0.6286
2025-10-10 05:57:45,211 [INFO] Época 14/30, Batch 550/3287, Loss: 0.7424
2025-10-10 05:57:45,478 [INFO] Época 14/30, Batch 600/3287, Loss: 0.6496
2025-10-10 05:57:45,745 [INFO] Época 14/30, Batch 650/3287, Loss: 0.6422
2025-10-10 05:57:46,011 [INFO] Época 14/30, Batch 700/3287, Loss: 0.4068
2025-10-10 05:57:46,272 [INFO] Época 14/30, Batch 750/3287, Loss: 0.4955
2025-10-10 05:57:46,534 [INFO] Época 14/30, Batch 800/3287, Loss: 0.5713
2025-10-10 05:57:46,800 [INFO] Época 14/30, Batch 850/3287, Loss: 0.4255
2025-10-10 05:57:47,060 [INFO] Época 14/30, Batch 900/3287, Loss: 0.8166
2025-10-10 05:57:47,319 [INFO] Época 14/30, Batch 950/3287, Loss: 0.5833
2025-10-10 05:57:47,578 [INFO] Época 14/30, Batch 1000/3287, Loss: 0.5067
2025-10-10 05:57:47,837 [INFO] Época 14/30, Batch 1050/3287, Loss: 0.5444
2025-10-10 05:57:48,096 [INFO] Época 14/30, Batch 1100/3287, Loss: 0.5644
2025-10-10 05:57:48,355 [INFO] Época 14/30, Batch 1150/3287, Loss: 0.3846
2025-10-10 05:57:48,616 [INFO] Época 14/30, Batch 1200/3287, Loss: 0.4676
2025-10-10 05:57:48,880 [INFO] Época 14/30, Batch 1250/3287, Loss: 0.5675
2025-10-10 05:57:49,150 [INFO] Época 14/30, Batch 1300/3287, Loss: 0.6191
2025-10-10 05:57:49,420 [INFO] Época 14/30, Batch 1350/3287, Loss: 0.4909
2025-10-10 05:57:49,689 [INFO] Época 14/30, Batch 1400/3287, Loss: 0.5464
2025-10-10 05:57:49,951 [INFO] Época 14/30, Batch 1450/3287, Loss: 0.4870
2025-10-10 05:57:50,222 [INFO] Época 14/30, Batch 1500/3287, Loss: 0.6577
2025-10-10 05:57:50,482 [INFO] Época 14/30, Batch 1550/3287, Loss: 0.5962
2025-10-10 05:57:50,742 [INFO] Época 14/30, Batch 1600/3287, Loss: 0.7114
2025-10-10 05:57:51,003 [INFO] Época 14/30, Batch 1650/3287, Loss: 0.5763
2025-10-10 05:57:51,258 [INFO] Época 14/30, Batch 1700/3287, Loss: 0.6139
2025-10-10 05:57:51,512 [INFO] Época 14/30, Batch 1750/3287, Loss: 0.6595
2025-10-10 05:57:51,768 [INFO] Época 14/30, Batch 1800/3287, Loss: 0.5599
2025-10-10 05:57:52,022 [INFO] Época 14/30, Batch 1850/3287, Loss: 0.5906
2025-10-10 05:57:52,278 [INFO] Época 14/30, Batch 1900/3287, Loss: 0.5687
2025-10-10 05:57:52,533 [INFO] Época 14/30, Batch 1950/3287, Loss: 0.6340
2025-10-10 05:57:52,787 [INFO] Época 14/30, Batch 2000/3287, Loss: 0.4865
2025-10-10 05:57:53,044 [INFO] Época 14/30, Batch 2050/3287, Loss: 0.5539
2025-10-10 05:57:53,299 [INFO] Época 14/30, Batch 2100/3287, Loss: 0.6553
2025-10-10 05:57:53,553 [INFO] Época 14/30, Batch 2150/3287, Loss: 0.4274
2025-10-10 05:57:53,809 [INFO] Época 14/30, Batch 2200/3287, Loss: 0.4991
2025-10-10 05:57:54,063 [INFO] Época 14/30, Batch 2250/3287, Loss: 0.6616
2025-10-10 05:57:54,319 [INFO] Época 14/30, Batch 2300/3287, Loss: 0.5152
2025-10-10 05:57:54,570 [INFO] Época 14/30, Batch 2350/3287, Loss: 0.5295
2025-10-10 05:57:54,824 [INFO] Época 14/30, Batch 2400/3287, Loss: 0.5464
2025-10-10 05:57:55,080 [INFO] Época 14/30, Batch 2450/3287, Loss: 0.5714
2025-10-10 05:57:55,337 [INFO] Época 14/30, Batch 2500/3287, Loss: 0.6425
2025-10-10 05:57:55,593 [INFO] Época 14/30, Batch 2550/3287, Loss: 0.5719
2025-10-10 05:57:55,853 [INFO] Época 14/30, Batch 2600/3287, Loss: 0.5306
2025-10-10 05:57:56,112 [INFO] Época 14/30, Batch 2650/3287, Loss: 0.6683
2025-10-10 05:57:56,373 [INFO] Época 14/30, Batch 2700/3287, Loss: 0.6214
2025-10-10 05:57:56,630 [INFO] Época 14/30, Batch 2750/3287, Loss: 0.5008
2025-10-10 05:57:56,889 [INFO] Época 14/30, Batch 2800/3287, Loss: 0.5591
2025-10-10 05:57:57,147 [INFO] Época 14/30, Batch 2850/3287, Loss: 0.5793
2025-10-10 05:57:57,404 [INFO] Época 14/30, Batch 2900/3287, Loss: 0.5074
2025-10-10 05:57:57,662 [INFO] Época 14/30, Batch 2950/3287, Loss: 0.5941
2025-10-10 05:57:57,918 [INFO] Época 14/30, Batch 3000/3287, Loss: 0.6443
2025-10-10 05:57:58,172 [INFO] Época 14/30, Batch 3050/3287, Loss: 0.5706
2025-10-10 05:57:58,429 [INFO] Época 14/30, Batch 3100/3287, Loss: 0.6470
2025-10-10 05:57:58,683 [INFO] Época 14/30, Batch 3150/3287, Loss: 0.5415
2025-10-10 05:57:58,936 [INFO] Época 14/30, Batch 3200/3287, Loss: 0.5192
2025-10-10 05:57:59,188 [INFO] Época 14/30, Batch 3250/3287, Loss: 0.5200
2025-10-10 05:58:00,913 [INFO] [14/30] Train Loss: 0.5681 | Val Loss: 0.6627 | Tempo: 18.94s
2025-10-10 05:58:01,470 [INFO] Época 15/30, Batch 50/3287, Loss: 0.5673
2025-10-10 05:58:01,733 [INFO] Época 15/30, Batch 100/3287, Loss: 0.4001
2025-10-10 05:58:01,994 [INFO] Época 15/30, Batch 150/3287, Loss: 0.5778
2025-10-10 05:58:02,254 [INFO] Época 15/30, Batch 200/3287, Loss: 0.5965
2025-10-10 05:58:02,512 [INFO] Época 15/30, Batch 250/3287, Loss: 0.5314
2025-10-10 05:58:02,771 [INFO] Época 15/30, Batch 300/3287, Loss: 0.5960
2025-10-10 05:58:03,031 [INFO] Época 15/30, Batch 350/3287, Loss: 0.4833
2025-10-10 05:58:03,292 [INFO] Época 15/30, Batch 400/3287, Loss: 0.5139
2025-10-10 05:58:03,556 [INFO] Época 15/30, Batch 450/3287, Loss: 0.6564
2025-10-10 05:58:03,819 [INFO] Época 15/30, Batch 500/3287, Loss: 0.5157
2025-10-10 05:58:04,087 [INFO] Época 15/30, Batch 550/3287, Loss: 0.6939
2025-10-10 05:58:04,355 [INFO] Época 15/30, Batch 600/3287, Loss: 0.6365
2025-10-10 05:58:04,618 [INFO] Época 15/30, Batch 650/3287, Loss: 0.5958
2025-10-10 05:58:04,880 [INFO] Época 15/30, Batch 700/3287, Loss: 0.5107
2025-10-10 05:58:05,137 [INFO] Época 15/30, Batch 750/3287, Loss: 0.5284
2025-10-10 05:58:05,393 [INFO] Época 15/30, Batch 800/3287, Loss: 0.6755
2025-10-10 05:58:05,649 [INFO] Época 15/30, Batch 850/3287, Loss: 0.6846
2025-10-10 05:58:05,906 [INFO] Época 15/30, Batch 900/3287, Loss: 0.6140
2025-10-10 05:58:06,162 [INFO] Época 15/30, Batch 950/3287, Loss: 0.6684
2025-10-10 05:58:06,411 [INFO] Época 15/30, Batch 1000/3287, Loss: 0.6178
2025-10-10 05:58:06,659 [INFO] Época 15/30, Batch 1050/3287, Loss: 0.6139
2025-10-10 05:58:06,906 [INFO] Época 15/30, Batch 1100/3287, Loss: 0.6327
2025-10-10 05:58:07,154 [INFO] Época 15/30, Batch 1150/3287, Loss: 0.5371
2025-10-10 05:58:07,402 [INFO] Época 15/30, Batch 1200/3287, Loss: 0.5847
2025-10-10 05:58:07,650 [INFO] Época 15/30, Batch 1250/3287, Loss: 0.4982
2025-10-10 05:58:07,903 [INFO] Época 15/30, Batch 1300/3287, Loss: 0.6185
2025-10-10 05:58:08,161 [INFO] Época 15/30, Batch 1350/3287, Loss: 0.6034
2025-10-10 05:58:08,425 [INFO] Época 15/30, Batch 1400/3287, Loss: 0.5178
2025-10-10 05:58:08,683 [INFO] Época 15/30, Batch 1450/3287, Loss: 0.4819
2025-10-10 05:58:08,941 [INFO] Época 15/30, Batch 1500/3287, Loss: 0.4999
2025-10-10 05:58:09,198 [INFO] Época 15/30, Batch 1550/3287, Loss: 0.4714
2025-10-10 05:58:09,455 [INFO] Época 15/30, Batch 1600/3287, Loss: 0.6601
2025-10-10 05:58:09,712 [INFO] Época 15/30, Batch 1650/3287, Loss: 0.5771
2025-10-10 05:58:09,969 [INFO] Época 15/30, Batch 1700/3287, Loss: 0.5262
2025-10-10 05:58:10,227 [INFO] Época 15/30, Batch 1750/3287, Loss: 0.4771
2025-10-10 05:58:10,486 [INFO] Época 15/30, Batch 1800/3287, Loss: 0.6038
2025-10-10 05:58:10,745 [INFO] Época 15/30, Batch 1850/3287, Loss: 0.5513
2025-10-10 05:58:11,000 [INFO] Época 15/30, Batch 1900/3287, Loss: 0.5600
2025-10-10 05:58:11,252 [INFO] Época 15/30, Batch 1950/3287, Loss: 0.6122
2025-10-10 05:58:11,516 [INFO] Época 15/30, Batch 2000/3287, Loss: 0.6545
2025-10-10 05:58:11,769 [INFO] Época 15/30, Batch 2050/3287, Loss: 0.4885
2025-10-10 05:58:12,028 [INFO] Época 15/30, Batch 2100/3287, Loss: 0.5841
2025-10-10 05:58:12,286 [INFO] Época 15/30, Batch 2150/3287, Loss: 0.5531
2025-10-10 05:58:12,546 [INFO] Época 15/30, Batch 2200/3287, Loss: 0.6307
2025-10-10 05:58:12,807 [INFO] Época 15/30, Batch 2250/3287, Loss: 0.5534
2025-10-10 05:58:13,067 [INFO] Época 15/30, Batch 2300/3287, Loss: 0.6085
2025-10-10 05:58:13,325 [INFO] Época 15/30, Batch 2350/3287, Loss: 0.5250
2025-10-10 05:58:13,585 [INFO] Época 15/30, Batch 2400/3287, Loss: 0.7118
2025-10-10 05:58:13,846 [INFO] Época 15/30, Batch 2450/3287, Loss: 0.3836
2025-10-10 05:58:14,106 [INFO] Época 15/30, Batch 2500/3287, Loss: 0.4977
2025-10-10 05:58:14,364 [INFO] Época 15/30, Batch 2550/3287, Loss: 0.5880
2025-10-10 05:58:14,621 [INFO] Época 15/30, Batch 2600/3287, Loss: 0.4176
2025-10-10 05:58:14,879 [INFO] Época 15/30, Batch 2650/3287, Loss: 0.7523
2025-10-10 05:58:15,137 [INFO] Época 15/30, Batch 2700/3287, Loss: 0.5395
2025-10-10 05:58:15,398 [INFO] Época 15/30, Batch 2750/3287, Loss: 0.5395
2025-10-10 05:58:15,655 [INFO] Época 15/30, Batch 2800/3287, Loss: 0.5718
2025-10-10 05:58:15,913 [INFO] Época 15/30, Batch 2850/3287, Loss: 0.5447
2025-10-10 05:58:16,172 [INFO] Época 15/30, Batch 2900/3287, Loss: 0.5907
2025-10-10 05:58:16,430 [INFO] Época 15/30, Batch 2950/3287, Loss: 0.5023
2025-10-10 05:58:16,704 [INFO] Época 15/30, Batch 3000/3287, Loss: 0.5901
2025-10-10 05:58:16,967 [INFO] Época 15/30, Batch 3050/3287, Loss: 0.4869
2025-10-10 05:58:17,229 [INFO] Época 15/30, Batch 3100/3287, Loss: 0.4689
2025-10-10 05:58:17,493 [INFO] Época 15/30, Batch 3150/3287, Loss: 0.5216
2025-10-10 05:58:17,755 [INFO] Época 15/30, Batch 3200/3287, Loss: 0.7691
2025-10-10 05:58:18,018 [INFO] Época 15/30, Batch 3250/3287, Loss: 0.4671
2025-10-10 05:58:19,633 [INFO] [15/30] Train Loss: 0.5672 | Val Loss: 0.6910 | Tempo: 18.72s
2025-10-10 05:58:20,187 [INFO] Época 16/30, Batch 50/3287, Loss: 0.5070
2025-10-10 05:58:20,451 [INFO] Época 16/30, Batch 100/3287, Loss: 0.4554
2025-10-10 05:58:20,712 [INFO] Época 16/30, Batch 150/3287, Loss: 0.5041
2025-10-10 05:58:20,973 [INFO] Época 16/30, Batch 200/3287, Loss: 0.5243
2025-10-10 05:58:21,235 [INFO] Época 16/30, Batch 250/3287, Loss: 0.5945
2025-10-10 05:58:21,493 [INFO] Época 16/30, Batch 300/3287, Loss: 0.4785
2025-10-10 05:58:21,751 [INFO] Época 16/30, Batch 350/3287, Loss: 0.5689
2025-10-10 05:58:22,009 [INFO] Época 16/30, Batch 400/3287, Loss: 0.5994
2025-10-10 05:58:22,267 [INFO] Época 16/30, Batch 450/3287, Loss: 0.4957
2025-10-10 05:58:22,526 [INFO] Época 16/30, Batch 500/3287, Loss: 0.8248
2025-10-10 05:58:22,784 [INFO] Época 16/30, Batch 550/3287, Loss: 0.5057
2025-10-10 05:58:23,044 [INFO] Época 16/30, Batch 600/3287, Loss: 0.5493
2025-10-10 05:58:23,306 [INFO] Época 16/30, Batch 650/3287, Loss: 0.5580
2025-10-10 05:58:23,567 [INFO] Época 16/30, Batch 700/3287, Loss: 0.6543
2025-10-10 05:58:23,825 [INFO] Época 16/30, Batch 750/3287, Loss: 0.4753
2025-10-10 05:58:24,081 [INFO] Época 16/30, Batch 800/3287, Loss: 0.5240
2025-10-10 05:58:24,333 [INFO] Época 16/30, Batch 850/3287, Loss: 0.6189
2025-10-10 05:58:24,586 [INFO] Época 16/30, Batch 900/3287, Loss: 0.6063
2025-10-10 05:58:24,838 [INFO] Época 16/30, Batch 950/3287, Loss: 0.6310
2025-10-10 05:58:25,092 [INFO] Época 16/30, Batch 1000/3287, Loss: 0.5158
2025-10-10 05:58:25,344 [INFO] Época 16/30, Batch 1050/3287, Loss: 0.5129
2025-10-10 05:58:25,595 [INFO] Época 16/30, Batch 1100/3287, Loss: 0.5890
2025-10-10 05:58:25,846 [INFO] Época 16/30, Batch 1150/3287, Loss: 0.5406
2025-10-10 05:58:26,104 [INFO] Época 16/30, Batch 1200/3287, Loss: 0.6985
2025-10-10 05:58:26,365 [INFO] Época 16/30, Batch 1250/3287, Loss: 0.5871
2025-10-10 05:58:26,626 [INFO] Época 16/30, Batch 1300/3287, Loss: 0.3643
2025-10-10 05:58:26,888 [INFO] Época 16/30, Batch 1350/3287, Loss: 0.6470
2025-10-10 05:58:27,149 [INFO] Época 16/30, Batch 1400/3287, Loss: 0.6306
2025-10-10 05:58:27,408 [INFO] Época 16/30, Batch 1450/3287, Loss: 0.6345
2025-10-10 05:58:27,667 [INFO] Época 16/30, Batch 1500/3287, Loss: 0.5708
2025-10-10 05:58:27,926 [INFO] Época 16/30, Batch 1550/3287, Loss: 0.4398
2025-10-10 05:58:28,184 [INFO] Época 16/30, Batch 1600/3287, Loss: 0.7009
2025-10-10 05:58:28,443 [INFO] Época 16/30, Batch 1650/3287, Loss: 0.5399
2025-10-10 05:58:28,701 [INFO] Época 16/30, Batch 1700/3287, Loss: 0.5715
2025-10-10 05:58:28,958 [INFO] Época 16/30, Batch 1750/3287, Loss: 0.5926
2025-10-10 05:58:29,217 [INFO] Época 16/30, Batch 1800/3287, Loss: 0.6305
2025-10-10 05:58:29,474 [INFO] Época 16/30, Batch 1850/3287, Loss: 0.5396
2025-10-10 05:58:29,732 [INFO] Época 16/30, Batch 1900/3287, Loss: 0.7239
2025-10-10 05:58:29,990 [INFO] Época 16/30, Batch 1950/3287, Loss: 0.5467
2025-10-10 05:58:30,247 [INFO] Época 16/30, Batch 2000/3287, Loss: 0.5210
2025-10-10 05:58:30,505 [INFO] Época 16/30, Batch 2050/3287, Loss: 0.4894
2025-10-10 05:58:30,762 [INFO] Época 16/30, Batch 2100/3287, Loss: 0.5358
2025-10-10 05:58:31,019 [INFO] Época 16/30, Batch 2150/3287, Loss: 0.4784
2025-10-10 05:58:31,275 [INFO] Época 16/30, Batch 2200/3287, Loss: 0.6140
2025-10-10 05:58:31,531 [INFO] Época 16/30, Batch 2250/3287, Loss: 0.5414
2025-10-10 05:58:31,791 [INFO] Época 16/30, Batch 2300/3287, Loss: 0.6510
2025-10-10 05:58:32,060 [INFO] Época 16/30, Batch 2350/3287, Loss: 0.6510
2025-10-10 05:58:32,318 [INFO] Época 16/30, Batch 2400/3287, Loss: 0.5452
2025-10-10 05:58:32,577 [INFO] Época 16/30, Batch 2450/3287, Loss: 0.6856
2025-10-10 05:58:32,837 [INFO] Época 16/30, Batch 2500/3287, Loss: 0.4360
2025-10-10 05:58:33,097 [INFO] Época 16/30, Batch 2550/3287, Loss: 0.5139
2025-10-10 05:58:33,357 [INFO] Época 16/30, Batch 2600/3287, Loss: 0.6129
2025-10-10 05:58:33,617 [INFO] Época 16/30, Batch 2650/3287, Loss: 0.4794
2025-10-10 05:58:33,876 [INFO] Época 16/30, Batch 2700/3287, Loss: 0.5056
2025-10-10 05:58:34,137 [INFO] Época 16/30, Batch 2750/3287, Loss: 0.6350
2025-10-10 05:58:34,396 [INFO] Época 16/30, Batch 2800/3287, Loss: 0.6571
2025-10-10 05:58:34,659 [INFO] Época 16/30, Batch 2850/3287, Loss: 0.5796
2025-10-10 05:58:34,919 [INFO] Época 16/30, Batch 2900/3287, Loss: 0.5155
2025-10-10 05:58:35,178 [INFO] Época 16/30, Batch 2950/3287, Loss: 0.5260
2025-10-10 05:58:35,438 [INFO] Época 16/30, Batch 3000/3287, Loss: 0.6177
2025-10-10 05:58:35,698 [INFO] Época 16/30, Batch 3050/3287, Loss: 0.6400
2025-10-10 05:58:35,959 [INFO] Época 16/30, Batch 3100/3287, Loss: 0.6339
2025-10-10 05:58:36,218 [INFO] Época 16/30, Batch 3150/3287, Loss: 0.4525
2025-10-10 05:58:36,478 [INFO] Época 16/30, Batch 3200/3287, Loss: 0.5530
2025-10-10 05:58:36,737 [INFO] Época 16/30, Batch 3250/3287, Loss: 0.4593
2025-10-10 05:58:38,378 [INFO] [16/30] Train Loss: 0.5666 | Val Loss: 0.6550 | Tempo: 18.74s
2025-10-10 05:58:38,934 [INFO] Época 17/30, Batch 50/3287, Loss: 0.6162
2025-10-10 05:58:39,202 [INFO] Época 17/30, Batch 100/3287, Loss: 0.6529
2025-10-10 05:58:39,465 [INFO] Época 17/30, Batch 150/3287, Loss: 0.6247
2025-10-10 05:58:39,726 [INFO] Época 17/30, Batch 200/3287, Loss: 0.5536
2025-10-10 05:58:39,986 [INFO] Época 17/30, Batch 250/3287, Loss: 0.4200
2025-10-10 05:58:40,247 [INFO] Época 17/30, Batch 300/3287, Loss: 0.5104
2025-10-10 05:58:40,506 [INFO] Época 17/30, Batch 350/3287, Loss: 0.6137
2025-10-10 05:58:40,766 [INFO] Época 17/30, Batch 400/3287, Loss: 0.5715
2025-10-10 05:58:41,025 [INFO] Época 17/30, Batch 450/3287, Loss: 0.7411
2025-10-10 05:58:41,284 [INFO] Época 17/30, Batch 500/3287, Loss: 0.6119
2025-10-10 05:58:41,541 [INFO] Época 17/30, Batch 550/3287, Loss: 0.5850
2025-10-10 05:58:41,802 [INFO] Época 17/30, Batch 600/3287, Loss: 0.6566
2025-10-10 05:58:42,060 [INFO] Época 17/30, Batch 650/3287, Loss: 0.5497
2025-10-10 05:58:42,319 [INFO] Época 17/30, Batch 700/3287, Loss: 0.6229
2025-10-10 05:58:42,576 [INFO] Época 17/30, Batch 750/3287, Loss: 0.5963
2025-10-10 05:58:42,832 [INFO] Época 17/30, Batch 800/3287, Loss: 0.5389
2025-10-10 05:58:43,077 [INFO] Época 17/30, Batch 850/3287, Loss: 0.4899
2025-10-10 05:58:43,317 [INFO] Época 17/30, Batch 900/3287, Loss: 0.6260
2025-10-10 05:58:43,556 [INFO] Época 17/30, Batch 950/3287, Loss: 0.6352
2025-10-10 05:58:43,816 [INFO] Época 17/30, Batch 1000/3287, Loss: 0.5995
2025-10-10 05:58:44,089 [INFO] Época 17/30, Batch 1050/3287, Loss: 0.4450
2025-10-10 05:58:44,354 [INFO] Época 17/30, Batch 1100/3287, Loss: 0.4078
2025-10-10 05:58:44,608 [INFO] Época 17/30, Batch 1150/3287, Loss: 0.7432
2025-10-10 05:58:44,866 [INFO] Época 17/30, Batch 1200/3287, Loss: 0.5664
2025-10-10 05:58:45,123 [INFO] Época 17/30, Batch 1250/3287, Loss: 0.6150
2025-10-10 05:58:45,380 [INFO] Época 17/30, Batch 1300/3287, Loss: 0.6973
2025-10-10 05:58:45,640 [INFO] Época 17/30, Batch 1350/3287, Loss: 0.5516
2025-10-10 05:58:45,897 [INFO] Época 17/30, Batch 1400/3287, Loss: 0.5493
2025-10-10 05:58:46,155 [INFO] Época 17/30, Batch 1450/3287, Loss: 0.6337
2025-10-10 05:58:46,414 [INFO] Época 17/30, Batch 1500/3287, Loss: 0.4619
2025-10-10 05:58:46,673 [INFO] Época 17/30, Batch 1550/3287, Loss: 0.5420
2025-10-10 05:58:46,932 [INFO] Época 17/30, Batch 1600/3287, Loss: 0.6222
2025-10-10 05:58:47,191 [INFO] Época 17/30, Batch 1650/3287, Loss: 0.4556
2025-10-10 05:58:47,449 [INFO] Época 17/30, Batch 1700/3287, Loss: 0.7377
2025-10-10 05:58:47,709 [INFO] Época 17/30, Batch 1750/3287, Loss: 0.6557
2025-10-10 05:58:47,965 [INFO] Época 17/30, Batch 1800/3287, Loss: 0.6151
2025-10-10 05:58:48,222 [INFO] Época 17/30, Batch 1850/3287, Loss: 0.5208
2025-10-10 05:58:48,479 [INFO] Época 17/30, Batch 1900/3287, Loss: 0.7095
2025-10-10 05:58:48,737 [INFO] Época 17/30, Batch 1950/3287, Loss: 0.6309
2025-10-10 05:58:49,004 [INFO] Época 17/30, Batch 2000/3287, Loss: 0.6055
2025-10-10 05:58:49,262 [INFO] Época 17/30, Batch 2050/3287, Loss: 0.4775
2025-10-10 05:58:49,521 [INFO] Época 17/30, Batch 2100/3287, Loss: 0.4970
2025-10-10 05:58:49,779 [INFO] Época 17/30, Batch 2150/3287, Loss: 0.6489
2025-10-10 05:58:50,038 [INFO] Época 17/30, Batch 2200/3287, Loss: 0.4108
2025-10-10 05:58:50,296 [INFO] Época 17/30, Batch 2250/3287, Loss: 0.4857
2025-10-10 05:58:50,552 [INFO] Época 17/30, Batch 2300/3287, Loss: 0.5606
2025-10-10 05:58:50,815 [INFO] Época 17/30, Batch 2350/3287, Loss: 0.4873
2025-10-10 05:58:51,074 [INFO] Época 17/30, Batch 2400/3287, Loss: 0.4451
2025-10-10 05:58:51,337 [INFO] Época 17/30, Batch 2450/3287, Loss: 0.4966
2025-10-10 05:58:51,596 [INFO] Época 17/30, Batch 2500/3287, Loss: 0.6659
2025-10-10 05:58:51,855 [INFO] Época 17/30, Batch 2550/3287, Loss: 0.5739
2025-10-10 05:58:52,114 [INFO] Época 17/30, Batch 2600/3287, Loss: 0.6266
2025-10-10 05:58:52,375 [INFO] Época 17/30, Batch 2650/3287, Loss: 0.4520
2025-10-10 05:58:52,634 [INFO] Época 17/30, Batch 2700/3287, Loss: 0.5405
2025-10-10 05:58:52,895 [INFO] Época 17/30, Batch 2750/3287, Loss: 0.6632
2025-10-10 05:58:53,154 [INFO] Época 17/30, Batch 2800/3287, Loss: 0.6815
2025-10-10 05:58:53,413 [INFO] Época 17/30, Batch 2850/3287, Loss: 0.6204
2025-10-10 05:58:53,672 [INFO] Época 17/30, Batch 2900/3287, Loss: 0.4079
2025-10-10 05:58:53,927 [INFO] Época 17/30, Batch 2950/3287, Loss: 0.6488
2025-10-10 05:58:54,184 [INFO] Época 17/30, Batch 3000/3287, Loss: 0.5199
2025-10-10 05:58:54,439 [INFO] Época 17/30, Batch 3050/3287, Loss: 0.7031
2025-10-10 05:58:54,694 [INFO] Época 17/30, Batch 3100/3287, Loss: 0.4652
2025-10-10 05:58:54,951 [INFO] Época 17/30, Batch 3150/3287, Loss: 0.5167
2025-10-10 05:58:55,210 [INFO] Época 17/30, Batch 3200/3287, Loss: 0.6726
2025-10-10 05:58:55,470 [INFO] Época 17/30, Batch 3250/3287, Loss: 0.4788
2025-10-10 05:58:57,072 [INFO] [17/30] Train Loss: 0.5659 | Val Loss: 0.6743 | Tempo: 18.69s
2025-10-10 05:58:57,618 [INFO] Época 18/30, Batch 50/3287, Loss: 0.6085
2025-10-10 05:58:57,883 [INFO] Época 18/30, Batch 100/3287, Loss: 0.6128
2025-10-10 05:58:58,144 [INFO] Época 18/30, Batch 150/3287, Loss: 0.5771
2025-10-10 05:58:58,405 [INFO] Época 18/30, Batch 200/3287, Loss: 0.5836
2025-10-10 05:58:58,664 [INFO] Época 18/30, Batch 250/3287, Loss: 0.6225
2025-10-10 05:58:58,924 [INFO] Época 18/30, Batch 300/3287, Loss: 0.6437
2025-10-10 05:58:59,183 [INFO] Época 18/30, Batch 350/3287, Loss: 0.6565
2025-10-10 05:58:59,454 [INFO] Época 18/30, Batch 400/3287, Loss: 0.3942
2025-10-10 05:58:59,712 [INFO] Época 18/30, Batch 450/3287, Loss: 0.5482
2025-10-10 05:58:59,970 [INFO] Época 18/30, Batch 500/3287, Loss: 0.5222
2025-10-10 05:59:00,229 [INFO] Época 18/30, Batch 550/3287, Loss: 0.5156
2025-10-10 05:59:00,488 [INFO] Época 18/30, Batch 600/3287, Loss: 0.4690
2025-10-10 05:59:00,748 [INFO] Época 18/30, Batch 650/3287, Loss: 0.5681
2025-10-10 05:59:01,001 [INFO] Época 18/30, Batch 700/3287, Loss: 0.7143
2025-10-10 05:59:01,250 [INFO] Época 18/30, Batch 750/3287, Loss: 0.6856
2025-10-10 05:59:01,498 [INFO] Época 18/30, Batch 800/3287, Loss: 0.5819
2025-10-10 05:59:01,746 [INFO] Época 18/30, Batch 850/3287, Loss: 0.6634
2025-10-10 05:59:01,992 [INFO] Época 18/30, Batch 900/3287, Loss: 0.4908
2025-10-10 05:59:02,238 [INFO] Época 18/30, Batch 950/3287, Loss: 0.6096
2025-10-10 05:59:02,483 [INFO] Época 18/30, Batch 1000/3287, Loss: 0.6162
2025-10-10 05:59:02,729 [INFO] Época 18/30, Batch 1050/3287, Loss: 0.6657
2025-10-10 05:59:02,975 [INFO] Época 18/30, Batch 1100/3287, Loss: 0.5240
2025-10-10 05:59:03,223 [INFO] Época 18/30, Batch 1150/3287, Loss: 0.5410
2025-10-10 05:59:03,470 [INFO] Época 18/30, Batch 1200/3287, Loss: 0.6327
2025-10-10 05:59:03,718 [INFO] Época 18/30, Batch 1250/3287, Loss: 0.7005
2025-10-10 05:59:03,969 [INFO] Época 18/30, Batch 1300/3287, Loss: 0.7287
2025-10-10 05:59:04,226 [INFO] Época 18/30, Batch 1350/3287, Loss: 0.5424
2025-10-10 05:59:04,494 [INFO] Época 18/30, Batch 1400/3287, Loss: 0.6157
2025-10-10 05:59:04,752 [INFO] Época 18/30, Batch 1450/3287, Loss: 0.4682
2025-10-10 05:59:05,007 [INFO] Época 18/30, Batch 1500/3287, Loss: 0.5997
2025-10-10 05:59:05,262 [INFO] Época 18/30, Batch 1550/3287, Loss: 0.4280
2025-10-10 05:59:05,518 [INFO] Época 18/30, Batch 1600/3287, Loss: 0.5161
2025-10-10 05:59:05,775 [INFO] Época 18/30, Batch 1650/3287, Loss: 0.5314
2025-10-10 05:59:06,031 [INFO] Época 18/30, Batch 1700/3287, Loss: 0.6199
2025-10-10 05:59:06,287 [INFO] Época 18/30, Batch 1750/3287, Loss: 0.4700
2025-10-10 05:59:06,544 [INFO] Época 18/30, Batch 1800/3287, Loss: 0.5731
2025-10-10 05:59:06,802 [INFO] Época 18/30, Batch 1850/3287, Loss: 0.4939
2025-10-10 05:59:07,059 [INFO] Época 18/30, Batch 1900/3287, Loss: 0.6258
2025-10-10 05:59:07,316 [INFO] Época 18/30, Batch 1950/3287, Loss: 0.5500
2025-10-10 05:59:07,570 [INFO] Época 18/30, Batch 2000/3287, Loss: 0.7388
2025-10-10 05:59:07,826 [INFO] Época 18/30, Batch 2050/3287, Loss: 0.4595
2025-10-10 05:59:08,080 [INFO] Época 18/30, Batch 2100/3287, Loss: 0.6555
2025-10-10 05:59:08,339 [INFO] Época 18/30, Batch 2150/3287, Loss: 0.5367
2025-10-10 05:59:08,594 [INFO] Época 18/30, Batch 2200/3287, Loss: 0.5524
2025-10-10 05:59:08,848 [INFO] Época 18/30, Batch 2250/3287, Loss: 0.5781
2025-10-10 05:59:09,103 [INFO] Época 18/30, Batch 2300/3287, Loss: 0.5658
2025-10-10 05:59:09,359 [INFO] Época 18/30, Batch 2350/3287, Loss: 0.5923
2025-10-10 05:59:09,615 [INFO] Época 18/30, Batch 2400/3287, Loss: 0.5489
2025-10-10 05:59:09,873 [INFO] Época 18/30, Batch 2450/3287, Loss: 0.6352
2025-10-10 05:59:10,128 [INFO] Época 18/30, Batch 2500/3287, Loss: 0.5734
2025-10-10 05:59:10,383 [INFO] Época 18/30, Batch 2550/3287, Loss: 0.5223
2025-10-10 05:59:10,638 [INFO] Época 18/30, Batch 2600/3287, Loss: 0.5372
2025-10-10 05:59:10,894 [INFO] Época 18/30, Batch 2650/3287, Loss: 0.5690
2025-10-10 05:59:11,150 [INFO] Época 18/30, Batch 2700/3287, Loss: 0.5928
2025-10-10 05:59:11,406 [INFO] Época 18/30, Batch 2750/3287, Loss: 0.5603
2025-10-10 05:59:11,662 [INFO] Época 18/30, Batch 2800/3287, Loss: 0.5733
2025-10-10 05:59:11,919 [INFO] Época 18/30, Batch 2850/3287, Loss: 0.6330
2025-10-10 05:59:12,173 [INFO] Época 18/30, Batch 2900/3287, Loss: 0.5289
2025-10-10 05:59:12,429 [INFO] Época 18/30, Batch 2950/3287, Loss: 0.6281
2025-10-10 05:59:12,687 [INFO] Época 18/30, Batch 3000/3287, Loss: 0.4447
2025-10-10 05:59:12,942 [INFO] Época 18/30, Batch 3050/3287, Loss: 0.5488
2025-10-10 05:59:13,198 [INFO] Época 18/30, Batch 3100/3287, Loss: 0.4964
2025-10-10 05:59:13,454 [INFO] Época 18/30, Batch 3150/3287, Loss: 0.6684
2025-10-10 05:59:13,710 [INFO] Época 18/30, Batch 3200/3287, Loss: 0.5797
2025-10-10 05:59:13,966 [INFO] Época 18/30, Batch 3250/3287, Loss: 0.4951
2025-10-10 05:59:15,577 [INFO] [18/30] Train Loss: 0.5655 | Val Loss: 0.6799 | Tempo: 18.50s
2025-10-10 05:59:15,578 [INFO] Early stopping ativado após 10 épocas sem melhoria
2025-10-10 05:59:15,578 [INFO] Treinamento concluído em 339.24 segundos (5.65 minutos)
2025-10-10 05:59:15,578 [INFO] Iniciando avaliação no conjunto de teste...
2025-10-10 05:59:16,965 [INFO] Avaliação do teste concluída em 1.39 segundos
2025-10-10 05:59:16,966 [INFO] MSE no teste: 0.6980
2025-10-10 05:59:16,966 [INFO] RMSE no teste: 0.8355
2025-10-10 05:59:16,966 [INFO] MAE no teste: 0.6568
2025-10-10 05:59:16,967 [INFO] Métricas salvas em /mnt/hdd/home/jdurao/ToolBox-ChemXAI/logs/mlp_att9_3D_metrics.json
