2025-10-10 10:38:29,140 [INFO] Iniciando treinamento do modelo mlp_att12_Avalon
2025-10-10 10:38:29,141 [INFO] Configuração: att_index=12, epochs=30, layers=[128, 64, 32], lr=0.001, batch_size=32, descriptor_type=Avalon
2025-10-10 10:38:29,141 [INFO] Diretório para modelos: /mnt/hdd/home/jdurao/ToolBox-ChemXAI/models
2025-10-10 10:38:29,141 [INFO] Carregando dados...
2025-10-10 10:38:29,229 [INFO] Preparando dataloaders sem ruído...
2025-10-10 10:38:43,800 [INFO] Dados carregados em 14.66 segundos
2025-10-10 10:38:43,800 [INFO] Tamanhos dos conjuntos - Treino: 107108, Validação: 13388, Teste: 13389
2025-10-10 10:38:43,800 [INFO] Usando dispositivo: cuda
2025-10-10 10:38:44,165 [INFO] Dimensão de entrada: 512, Dimensão de saída: 1
2025-10-10 10:38:44,166 [INFO] Criando modelo MLP com camadas: [128, 64, 32]
2025-10-10 10:38:44,170 [INFO] Modelo criado com 76033 parâmetros
2025-10-10 10:38:44,173 [INFO] Iniciando treinamento com 30 épocas...
2025-10-10 10:38:44,764 [INFO] Época 1/30, Batch 50/3348, Loss: 0.4307
2025-10-10 10:38:45,041 [INFO] Época 1/30, Batch 100/3348, Loss: 0.3406
2025-10-10 10:38:45,318 [INFO] Época 1/30, Batch 150/3348, Loss: 0.4007
2025-10-10 10:38:45,592 [INFO] Época 1/30, Batch 200/3348, Loss: 0.3267
2025-10-10 10:38:45,867 [INFO] Época 1/30, Batch 250/3348, Loss: 0.3287
2025-10-10 10:38:46,139 [INFO] Época 1/30, Batch 300/3348, Loss: 0.5100
2025-10-10 10:38:46,412 [INFO] Época 1/30, Batch 350/3348, Loss: 0.5581
2025-10-10 10:38:46,685 [INFO] Época 1/30, Batch 400/3348, Loss: 0.3937
2025-10-10 10:38:46,957 [INFO] Época 1/30, Batch 450/3348, Loss: 0.3561
2025-10-10 10:38:47,232 [INFO] Época 1/30, Batch 500/3348, Loss: 0.4713
2025-10-10 10:38:47,506 [INFO] Época 1/30, Batch 550/3348, Loss: 0.4243
2025-10-10 10:38:47,780 [INFO] Época 1/30, Batch 600/3348, Loss: 0.4350
2025-10-10 10:38:48,047 [INFO] Época 1/30, Batch 650/3348, Loss: 0.3584
2025-10-10 10:38:48,311 [INFO] Época 1/30, Batch 700/3348, Loss: 0.3748
2025-10-10 10:38:48,576 [INFO] Época 1/30, Batch 750/3348, Loss: 0.3538
2025-10-10 10:38:48,841 [INFO] Época 1/30, Batch 800/3348, Loss: 0.2926
2025-10-10 10:38:49,107 [INFO] Época 1/30, Batch 850/3348, Loss: 0.3427
2025-10-10 10:38:49,369 [INFO] Época 1/30, Batch 900/3348, Loss: 0.4369
2025-10-10 10:38:49,644 [INFO] Época 1/30, Batch 950/3348, Loss: 0.3333
2025-10-10 10:38:49,903 [INFO] Época 1/30, Batch 1000/3348, Loss: 0.3565
2025-10-10 10:38:50,163 [INFO] Época 1/30, Batch 1050/3348, Loss: 0.5055
2025-10-10 10:38:50,421 [INFO] Época 1/30, Batch 1100/3348, Loss: 0.4131
2025-10-10 10:38:50,680 [INFO] Época 1/30, Batch 1150/3348, Loss: 0.3896
2025-10-10 10:38:50,938 [INFO] Época 1/30, Batch 1200/3348, Loss: 0.3653
2025-10-10 10:38:51,194 [INFO] Época 1/30, Batch 1250/3348, Loss: 0.3392
2025-10-10 10:38:51,449 [INFO] Época 1/30, Batch 1300/3348, Loss: 0.2906
2025-10-10 10:38:51,700 [INFO] Época 1/30, Batch 1350/3348, Loss: 0.3124
2025-10-10 10:38:51,950 [INFO] Época 1/30, Batch 1400/3348, Loss: 0.2551
2025-10-10 10:38:52,199 [INFO] Época 1/30, Batch 1450/3348, Loss: 0.3670
2025-10-10 10:38:52,450 [INFO] Época 1/30, Batch 1500/3348, Loss: 0.3675
2025-10-10 10:38:52,703 [INFO] Época 1/30, Batch 1550/3348, Loss: 0.2626
2025-10-10 10:38:52,955 [INFO] Época 1/30, Batch 1600/3348, Loss: 0.4836
2025-10-10 10:38:53,206 [INFO] Época 1/30, Batch 1650/3348, Loss: 0.4797
2025-10-10 10:38:53,457 [INFO] Época 1/30, Batch 1700/3348, Loss: 0.4431
2025-10-10 10:38:53,711 [INFO] Época 1/30, Batch 1750/3348, Loss: 0.3492
2025-10-10 10:38:53,965 [INFO] Época 1/30, Batch 1800/3348, Loss: 0.4209
2025-10-10 10:38:54,217 [INFO] Época 1/30, Batch 1850/3348, Loss: 0.2546
2025-10-10 10:38:54,468 [INFO] Época 1/30, Batch 1900/3348, Loss: 0.4245
2025-10-10 10:38:54,720 [INFO] Época 1/30, Batch 1950/3348, Loss: 0.4555
2025-10-10 10:38:54,974 [INFO] Época 1/30, Batch 2000/3348, Loss: 0.3146
2025-10-10 10:38:55,230 [INFO] Época 1/30, Batch 2050/3348, Loss: 0.2620
2025-10-10 10:38:55,486 [INFO] Época 1/30, Batch 2100/3348, Loss: 0.3174
2025-10-10 10:38:55,739 [INFO] Época 1/30, Batch 2150/3348, Loss: 0.3391
2025-10-10 10:38:55,991 [INFO] Época 1/30, Batch 2200/3348, Loss: 0.3763
2025-10-10 10:38:56,243 [INFO] Época 1/30, Batch 2250/3348, Loss: 0.3054
2025-10-10 10:38:56,497 [INFO] Época 1/30, Batch 2300/3348, Loss: 0.3402
2025-10-10 10:38:56,751 [INFO] Época 1/30, Batch 2350/3348, Loss: 0.4305
2025-10-10 10:38:57,003 [INFO] Época 1/30, Batch 2400/3348, Loss: 0.2944
2025-10-10 10:38:57,256 [INFO] Época 1/30, Batch 2450/3348, Loss: 0.2872
2025-10-10 10:38:57,508 [INFO] Época 1/30, Batch 2500/3348, Loss: 0.2832
2025-10-10 10:38:57,761 [INFO] Época 1/30, Batch 2550/3348, Loss: 0.3254
2025-10-10 10:38:58,013 [INFO] Época 1/30, Batch 2600/3348, Loss: 0.2789
2025-10-10 10:38:58,265 [INFO] Época 1/30, Batch 2650/3348, Loss: 0.2556
2025-10-10 10:38:58,518 [INFO] Época 1/30, Batch 2700/3348, Loss: 0.2756
2025-10-10 10:38:58,770 [INFO] Época 1/30, Batch 2750/3348, Loss: 0.2489
2025-10-10 10:38:59,025 [INFO] Época 1/30, Batch 2800/3348, Loss: 0.3440
2025-10-10 10:38:59,286 [INFO] Época 1/30, Batch 2850/3348, Loss: 0.4077
2025-10-10 10:38:59,547 [INFO] Época 1/30, Batch 2900/3348, Loss: 0.1931
2025-10-10 10:38:59,809 [INFO] Época 1/30, Batch 2950/3348, Loss: 0.3157
2025-10-10 10:39:00,072 [INFO] Época 1/30, Batch 3000/3348, Loss: 0.3816
2025-10-10 10:39:00,331 [INFO] Época 1/30, Batch 3050/3348, Loss: 0.3151
2025-10-10 10:39:00,595 [INFO] Época 1/30, Batch 3100/3348, Loss: 0.2510
2025-10-10 10:39:00,854 [INFO] Época 1/30, Batch 3150/3348, Loss: 0.3337
2025-10-10 10:39:01,114 [INFO] Época 1/30, Batch 3200/3348, Loss: 0.2021
2025-10-10 10:39:01,374 [INFO] Época 1/30, Batch 3250/3348, Loss: 0.3344
2025-10-10 10:39:01,635 [INFO] Época 1/30, Batch 3300/3348, Loss: 0.4746
2025-10-10 10:39:03,390 [INFO] [1/30] Train Loss: 0.3382 | Val Loss: 0.2009 | Tempo: 19.22s
2025-10-10 10:39:03,393 [INFO] Melhor modelo salvo em: /mnt/hdd/home/jdurao/ToolBox-ChemXAI/models/mlp_qm9_Avalon_att12_large.pth
2025-10-10 10:39:03,958 [INFO] Época 2/30, Batch 50/3348, Loss: 0.1517
2025-10-10 10:39:04,228 [INFO] Época 2/30, Batch 100/3348, Loss: 0.4696
2025-10-10 10:39:04,497 [INFO] Época 2/30, Batch 150/3348, Loss: 0.4020
2025-10-10 10:39:04,766 [INFO] Época 2/30, Batch 200/3348, Loss: 0.3209
2025-10-10 10:39:05,036 [INFO] Época 2/30, Batch 250/3348, Loss: 0.1702
2025-10-10 10:39:05,304 [INFO] Época 2/30, Batch 300/3348, Loss: 0.1846
2025-10-10 10:39:05,576 [INFO] Época 2/30, Batch 350/3348, Loss: 0.1951
2025-10-10 10:39:05,843 [INFO] Época 2/30, Batch 400/3348, Loss: 0.3838
2025-10-10 10:39:06,111 [INFO] Época 2/30, Batch 450/3348, Loss: 0.1956
2025-10-10 10:39:06,378 [INFO] Época 2/30, Batch 500/3348, Loss: 0.2926
2025-10-10 10:39:06,648 [INFO] Época 2/30, Batch 550/3348, Loss: 0.2005
2025-10-10 10:39:06,913 [INFO] Época 2/30, Batch 600/3348, Loss: 0.1813
2025-10-10 10:39:07,175 [INFO] Época 2/30, Batch 650/3348, Loss: 0.2924
2025-10-10 10:39:07,435 [INFO] Época 2/30, Batch 700/3348, Loss: 0.3674
2025-10-10 10:39:07,696 [INFO] Época 2/30, Batch 750/3348, Loss: 0.3309
2025-10-10 10:39:07,959 [INFO] Época 2/30, Batch 800/3348, Loss: 0.3395
2025-10-10 10:39:08,220 [INFO] Época 2/30, Batch 850/3348, Loss: 0.4008
2025-10-10 10:39:08,482 [INFO] Época 2/30, Batch 900/3348, Loss: 0.1640
2025-10-10 10:39:08,747 [INFO] Época 2/30, Batch 950/3348, Loss: 0.2609
2025-10-10 10:39:09,003 [INFO] Época 2/30, Batch 1000/3348, Loss: 0.2231
2025-10-10 10:39:09,265 [INFO] Época 2/30, Batch 1050/3348, Loss: 0.2238
2025-10-10 10:39:09,518 [INFO] Época 2/30, Batch 1100/3348, Loss: 0.1228
2025-10-10 10:39:09,774 [INFO] Época 2/30, Batch 1150/3348, Loss: 0.1908
2025-10-10 10:39:10,036 [INFO] Época 2/30, Batch 1200/3348, Loss: 0.2031
2025-10-10 10:39:10,297 [INFO] Época 2/30, Batch 1250/3348, Loss: 0.2548
2025-10-10 10:39:10,559 [INFO] Época 2/30, Batch 1300/3348, Loss: 0.2218
2025-10-10 10:39:10,822 [INFO] Época 2/30, Batch 1350/3348, Loss: 0.4039
2025-10-10 10:39:11,092 [INFO] Época 2/30, Batch 1400/3348, Loss: 0.2159
2025-10-10 10:39:11,364 [INFO] Época 2/30, Batch 1450/3348, Loss: 0.3624
2025-10-10 10:39:11,638 [INFO] Época 2/30, Batch 1500/3348, Loss: 0.2348
2025-10-10 10:39:11,911 [INFO] Época 2/30, Batch 1550/3348, Loss: 0.1448
2025-10-10 10:39:12,186 [INFO] Época 2/30, Batch 1600/3348, Loss: 0.2087
2025-10-10 10:39:12,457 [INFO] Época 2/30, Batch 1650/3348, Loss: 0.3644
2025-10-10 10:39:12,728 [INFO] Época 2/30, Batch 1700/3348, Loss: 0.3341
2025-10-10 10:39:12,999 [INFO] Época 2/30, Batch 1750/3348, Loss: 0.2319
2025-10-10 10:39:13,264 [INFO] Época 2/30, Batch 1800/3348, Loss: 0.0969
2025-10-10 10:39:13,525 [INFO] Época 2/30, Batch 1850/3348, Loss: 0.2688
2025-10-10 10:39:13,787 [INFO] Época 2/30, Batch 1900/3348, Loss: 0.3532
2025-10-10 10:39:14,049 [INFO] Época 2/30, Batch 1950/3348, Loss: 0.2059
2025-10-10 10:39:14,312 [INFO] Época 2/30, Batch 2000/3348, Loss: 0.1980
2025-10-10 10:39:14,577 [INFO] Época 2/30, Batch 2050/3348, Loss: 0.2468
2025-10-10 10:39:14,844 [INFO] Época 2/30, Batch 2100/3348, Loss: 0.2919
2025-10-10 10:39:15,107 [INFO] Época 2/30, Batch 2150/3348, Loss: 0.3360
2025-10-10 10:39:15,371 [INFO] Época 2/30, Batch 2200/3348, Loss: 0.2121
2025-10-10 10:39:15,631 [INFO] Época 2/30, Batch 2250/3348, Loss: 0.3286
2025-10-10 10:39:15,890 [INFO] Época 2/30, Batch 2300/3348, Loss: 0.2010
2025-10-10 10:39:16,152 [INFO] Época 2/30, Batch 2350/3348, Loss: 0.4226
2025-10-10 10:39:16,418 [INFO] Época 2/30, Batch 2400/3348, Loss: 0.3453
2025-10-10 10:39:16,682 [INFO] Época 2/30, Batch 2450/3348, Loss: 0.2293
2025-10-10 10:39:16,943 [INFO] Época 2/30, Batch 2500/3348, Loss: 0.2837
2025-10-10 10:39:17,208 [INFO] Época 2/30, Batch 2550/3348, Loss: 0.2640
2025-10-10 10:39:17,474 [INFO] Época 2/30, Batch 2600/3348, Loss: 0.3498
2025-10-10 10:39:17,739 [INFO] Época 2/30, Batch 2650/3348, Loss: 0.2282
2025-10-10 10:39:18,002 [INFO] Época 2/30, Batch 2700/3348, Loss: 0.1108
2025-10-10 10:39:18,263 [INFO] Época 2/30, Batch 2750/3348, Loss: 0.1591
2025-10-10 10:39:18,526 [INFO] Época 2/30, Batch 2800/3348, Loss: 0.2269
2025-10-10 10:39:18,789 [INFO] Época 2/30, Batch 2850/3348, Loss: 0.2501
2025-10-10 10:39:19,050 [INFO] Época 2/30, Batch 2900/3348, Loss: 0.1702
2025-10-10 10:39:19,311 [INFO] Época 2/30, Batch 2950/3348, Loss: 0.3207
2025-10-10 10:39:19,574 [INFO] Época 2/30, Batch 3000/3348, Loss: 0.2407
2025-10-10 10:39:19,837 [INFO] Época 2/30, Batch 3050/3348, Loss: 0.2770
2025-10-10 10:39:20,103 [INFO] Época 2/30, Batch 3100/3348, Loss: 0.2174
2025-10-10 10:39:20,367 [INFO] Época 2/30, Batch 3150/3348, Loss: 0.2486
2025-10-10 10:39:20,630 [INFO] Época 2/30, Batch 3200/3348, Loss: 0.1844
2025-10-10 10:39:20,892 [INFO] Época 2/30, Batch 3250/3348, Loss: 0.2865
2025-10-10 10:39:21,154 [INFO] Época 2/30, Batch 3300/3348, Loss: 0.2824
2025-10-10 10:39:23,068 [INFO] [2/30] Train Loss: 0.2620 | Val Loss: 0.2067 | Tempo: 19.67s
2025-10-10 10:39:23,655 [INFO] Época 3/30, Batch 50/3348, Loss: 0.1008
2025-10-10 10:39:23,926 [INFO] Época 3/30, Batch 100/3348, Loss: 0.2465
2025-10-10 10:39:24,194 [INFO] Época 3/30, Batch 150/3348, Loss: 0.2425
2025-10-10 10:39:24,462 [INFO] Época 3/30, Batch 200/3348, Loss: 0.3183
2025-10-10 10:39:24,730 [INFO] Época 3/30, Batch 250/3348, Loss: 0.2494
2025-10-10 10:39:24,998 [INFO] Época 3/30, Batch 300/3348, Loss: 0.2812
2025-10-10 10:39:25,265 [INFO] Época 3/30, Batch 350/3348, Loss: 0.2198
2025-10-10 10:39:25,533 [INFO] Época 3/30, Batch 400/3348, Loss: 0.2898
2025-10-10 10:39:25,793 [INFO] Época 3/30, Batch 450/3348, Loss: 0.2068
2025-10-10 10:39:26,050 [INFO] Época 3/30, Batch 500/3348, Loss: 0.1862
2025-10-10 10:39:26,306 [INFO] Época 3/30, Batch 550/3348, Loss: 0.3272
2025-10-10 10:39:26,563 [INFO] Época 3/30, Batch 600/3348, Loss: 0.3162
2025-10-10 10:39:26,818 [INFO] Época 3/30, Batch 650/3348, Loss: 0.3301
2025-10-10 10:39:27,070 [INFO] Época 3/30, Batch 700/3348, Loss: 0.1993
2025-10-10 10:39:27,321 [INFO] Época 3/30, Batch 750/3348, Loss: 0.2294
2025-10-10 10:39:27,570 [INFO] Época 3/30, Batch 800/3348, Loss: 0.2363
2025-10-10 10:39:27,820 [INFO] Época 3/30, Batch 850/3348, Loss: 0.3031
2025-10-10 10:39:28,078 [INFO] Época 3/30, Batch 900/3348, Loss: 0.3236
2025-10-10 10:39:28,337 [INFO] Época 3/30, Batch 950/3348, Loss: 0.2710
2025-10-10 10:39:28,598 [INFO] Época 3/30, Batch 1000/3348, Loss: 0.2773
2025-10-10 10:39:28,862 [INFO] Época 3/30, Batch 1050/3348, Loss: 0.2862
2025-10-10 10:39:29,133 [INFO] Época 3/30, Batch 1100/3348, Loss: 0.3093
2025-10-10 10:39:29,400 [INFO] Época 3/30, Batch 1150/3348, Loss: 0.2534
2025-10-10 10:39:29,669 [INFO] Época 3/30, Batch 1200/3348, Loss: 0.2618
2025-10-10 10:39:29,933 [INFO] Época 3/30, Batch 1250/3348, Loss: 0.1509
2025-10-10 10:39:30,201 [INFO] Época 3/30, Batch 1300/3348, Loss: 0.1699
2025-10-10 10:39:30,467 [INFO] Época 3/30, Batch 1350/3348, Loss: 0.2356
2025-10-10 10:39:30,736 [INFO] Época 3/30, Batch 1400/3348, Loss: 0.2981
2025-10-10 10:39:31,002 [INFO] Época 3/30, Batch 1450/3348, Loss: 0.2348
2025-10-10 10:39:31,270 [INFO] Época 3/30, Batch 1500/3348, Loss: 0.2224
2025-10-10 10:39:31,535 [INFO] Época 3/30, Batch 1550/3348, Loss: 0.2310
2025-10-10 10:39:31,803 [INFO] Época 3/30, Batch 1600/3348, Loss: 0.1946
2025-10-10 10:39:32,059 [INFO] Época 3/30, Batch 1650/3348, Loss: 0.2234
2025-10-10 10:39:32,315 [INFO] Época 3/30, Batch 1700/3348, Loss: 0.1406
2025-10-10 10:39:32,576 [INFO] Época 3/30, Batch 1750/3348, Loss: 0.1926
2025-10-10 10:39:32,834 [INFO] Época 3/30, Batch 1800/3348, Loss: 0.1740
2025-10-10 10:39:33,089 [INFO] Época 3/30, Batch 1850/3348, Loss: 0.0783
2025-10-10 10:39:33,347 [INFO] Época 3/30, Batch 1900/3348, Loss: 0.1867
2025-10-10 10:39:33,604 [INFO] Época 3/30, Batch 1950/3348, Loss: 0.1876
2025-10-10 10:39:33,861 [INFO] Época 3/30, Batch 2000/3348, Loss: 0.1001
2025-10-10 10:39:34,118 [INFO] Época 3/30, Batch 2050/3348, Loss: 0.1837
2025-10-10 10:39:34,375 [INFO] Época 3/30, Batch 2100/3348, Loss: 0.3024
2025-10-10 10:39:34,634 [INFO] Época 3/30, Batch 2150/3348, Loss: 0.3825
2025-10-10 10:39:34,891 [INFO] Época 3/30, Batch 2200/3348, Loss: 0.1954
2025-10-10 10:39:35,147 [INFO] Época 3/30, Batch 2250/3348, Loss: 0.2267
2025-10-10 10:39:35,403 [INFO] Época 3/30, Batch 2300/3348, Loss: 0.2487
2025-10-10 10:39:35,660 [INFO] Época 3/30, Batch 2350/3348, Loss: 0.2005
2025-10-10 10:39:35,918 [INFO] Época 3/30, Batch 2400/3348, Loss: 0.1847
2025-10-10 10:39:36,174 [INFO] Época 3/30, Batch 2450/3348, Loss: 0.2473
2025-10-10 10:39:36,432 [INFO] Época 3/30, Batch 2500/3348, Loss: 0.2729
2025-10-10 10:39:36,690 [INFO] Época 3/30, Batch 2550/3348, Loss: 0.2127
2025-10-10 10:39:36,959 [INFO] Época 3/30, Batch 2600/3348, Loss: 0.2438
2025-10-10 10:39:37,226 [INFO] Época 3/30, Batch 2650/3348, Loss: 0.2123
2025-10-10 10:39:37,493 [INFO] Época 3/30, Batch 2700/3348, Loss: 0.1402
2025-10-10 10:39:37,758 [INFO] Época 3/30, Batch 2750/3348, Loss: 0.4065
2025-10-10 10:39:38,023 [INFO] Época 3/30, Batch 2800/3348, Loss: 0.1243
2025-10-10 10:39:38,288 [INFO] Época 3/30, Batch 2850/3348, Loss: 0.1650
2025-10-10 10:39:38,555 [INFO] Época 3/30, Batch 2900/3348, Loss: 0.2749
2025-10-10 10:39:38,818 [INFO] Época 3/30, Batch 2950/3348, Loss: 0.2592
2025-10-10 10:39:39,082 [INFO] Época 3/30, Batch 3000/3348, Loss: 0.1688
2025-10-10 10:39:39,346 [INFO] Época 3/30, Batch 3050/3348, Loss: 0.1884
2025-10-10 10:39:39,611 [INFO] Época 3/30, Batch 3100/3348, Loss: 0.2455
2025-10-10 10:39:39,878 [INFO] Época 3/30, Batch 3150/3348, Loss: 0.2325
2025-10-10 10:39:40,142 [INFO] Época 3/30, Batch 3200/3348, Loss: 0.2538
2025-10-10 10:39:40,404 [INFO] Época 3/30, Batch 3250/3348, Loss: 0.2006
2025-10-10 10:39:40,668 [INFO] Época 3/30, Batch 3300/3348, Loss: 0.3012
2025-10-10 10:39:42,545 [INFO] [3/30] Train Loss: 0.2282 | Val Loss: 0.1527 | Tempo: 19.48s
2025-10-10 10:39:42,550 [INFO] Melhor modelo salvo em: /mnt/hdd/home/jdurao/ToolBox-ChemXAI/models/mlp_qm9_Avalon_att12_large.pth
2025-10-10 10:39:43,165 [INFO] Época 4/30, Batch 50/3348, Loss: 0.1738
2025-10-10 10:39:43,437 [INFO] Época 4/30, Batch 100/3348, Loss: 0.1608
2025-10-10 10:39:43,701 [INFO] Época 4/30, Batch 150/3348, Loss: 0.2762
2025-10-10 10:39:43,966 [INFO] Época 4/30, Batch 200/3348, Loss: 0.2279
2025-10-10 10:39:44,254 [INFO] Época 4/30, Batch 250/3348, Loss: 0.2032
2025-10-10 10:39:44,544 [INFO] Época 4/30, Batch 300/3348, Loss: 0.2721
2025-10-10 10:39:44,835 [INFO] Época 4/30, Batch 350/3348, Loss: 0.2555
2025-10-10 10:39:45,124 [INFO] Época 4/30, Batch 400/3348, Loss: 0.2012
2025-10-10 10:39:45,415 [INFO] Época 4/30, Batch 450/3348, Loss: 0.3540
2025-10-10 10:39:45,706 [INFO] Época 4/30, Batch 500/3348, Loss: 0.1681
2025-10-10 10:39:45,997 [INFO] Época 4/30, Batch 550/3348, Loss: 0.2460
2025-10-10 10:39:46,286 [INFO] Época 4/30, Batch 600/3348, Loss: 0.1787
2025-10-10 10:39:46,575 [INFO] Época 4/30, Batch 650/3348, Loss: 0.1726
2025-10-10 10:39:46,864 [INFO] Época 4/30, Batch 700/3348, Loss: 0.1802
2025-10-10 10:39:47,151 [INFO] Época 4/30, Batch 750/3348, Loss: 0.1706
2025-10-10 10:39:47,433 [INFO] Época 4/30, Batch 800/3348, Loss: 0.2018
2025-10-10 10:39:47,713 [INFO] Época 4/30, Batch 850/3348, Loss: 0.1599
2025-10-10 10:39:47,997 [INFO] Época 4/30, Batch 900/3348, Loss: 0.1366
2025-10-10 10:39:48,282 [INFO] Época 4/30, Batch 950/3348, Loss: 0.3086
2025-10-10 10:39:48,567 [INFO] Época 4/30, Batch 1000/3348, Loss: 0.1231
2025-10-10 10:39:48,852 [INFO] Época 4/30, Batch 1050/3348, Loss: 0.2780
2025-10-10 10:39:49,145 [INFO] Época 4/30, Batch 1100/3348, Loss: 0.2782
2025-10-10 10:39:49,420 [INFO] Época 4/30, Batch 1150/3348, Loss: 0.2392
2025-10-10 10:39:49,687 [INFO] Época 4/30, Batch 1200/3348, Loss: 0.1264
2025-10-10 10:39:49,955 [INFO] Época 4/30, Batch 1250/3348, Loss: 0.1124
2025-10-10 10:39:50,224 [INFO] Época 4/30, Batch 1300/3348, Loss: 0.2358
2025-10-10 10:39:50,491 [INFO] Época 4/30, Batch 1350/3348, Loss: 0.1855
2025-10-10 10:39:50,763 [INFO] Época 4/30, Batch 1400/3348, Loss: 0.2767
2025-10-10 10:39:51,031 [INFO] Época 4/30, Batch 1450/3348, Loss: 0.2645
2025-10-10 10:39:51,298 [INFO] Época 4/30, Batch 1500/3348, Loss: 0.3429
2025-10-10 10:39:51,565 [INFO] Época 4/30, Batch 1550/3348, Loss: 0.2933
2025-10-10 10:39:51,835 [INFO] Época 4/30, Batch 1600/3348, Loss: 0.2306
2025-10-10 10:39:52,105 [INFO] Época 4/30, Batch 1650/3348, Loss: 0.0801
2025-10-10 10:39:52,373 [INFO] Época 4/30, Batch 1700/3348, Loss: 0.2332
2025-10-10 10:39:52,642 [INFO] Época 4/30, Batch 1750/3348, Loss: 0.1836
2025-10-10 10:39:52,908 [INFO] Época 4/30, Batch 1800/3348, Loss: 0.1863
2025-10-10 10:39:53,174 [INFO] Época 4/30, Batch 1850/3348, Loss: 0.2039
2025-10-10 10:39:53,445 [INFO] Época 4/30, Batch 1900/3348, Loss: 0.1895
2025-10-10 10:39:53,719 [INFO] Época 4/30, Batch 1950/3348, Loss: 0.1434
2025-10-10 10:39:53,993 [INFO] Época 4/30, Batch 2000/3348, Loss: 0.2762
2025-10-10 10:39:54,270 [INFO] Época 4/30, Batch 2050/3348, Loss: 0.1755
2025-10-10 10:39:54,545 [INFO] Época 4/30, Batch 2100/3348, Loss: 0.2460
2025-10-10 10:39:54,822 [INFO] Época 4/30, Batch 2150/3348, Loss: 0.0870
2025-10-10 10:39:55,091 [INFO] Época 4/30, Batch 2200/3348, Loss: 0.1905
2025-10-10 10:39:55,356 [INFO] Época 4/30, Batch 2250/3348, Loss: 0.2331
2025-10-10 10:39:55,621 [INFO] Época 4/30, Batch 2300/3348, Loss: 0.1144
2025-10-10 10:39:55,885 [INFO] Época 4/30, Batch 2350/3348, Loss: 0.1943
2025-10-10 10:39:56,150 [INFO] Época 4/30, Batch 2400/3348, Loss: 0.1237
2025-10-10 10:39:56,412 [INFO] Época 4/30, Batch 2450/3348, Loss: 0.2773
2025-10-10 10:39:56,676 [INFO] Época 4/30, Batch 2500/3348, Loss: 0.2219
2025-10-10 10:39:56,938 [INFO] Época 4/30, Batch 2550/3348, Loss: 0.2036
2025-10-10 10:39:57,202 [INFO] Época 4/30, Batch 2600/3348, Loss: 0.2522
2025-10-10 10:39:57,467 [INFO] Época 4/30, Batch 2650/3348, Loss: 0.0788
2025-10-10 10:39:57,731 [INFO] Época 4/30, Batch 2700/3348, Loss: 0.1911
2025-10-10 10:39:58,002 [INFO] Época 4/30, Batch 2750/3348, Loss: 0.2037
2025-10-10 10:39:58,280 [INFO] Época 4/30, Batch 2800/3348, Loss: 0.1398
2025-10-10 10:39:58,558 [INFO] Época 4/30, Batch 2850/3348, Loss: 0.1877
2025-10-10 10:39:58,836 [INFO] Época 4/30, Batch 2900/3348, Loss: 0.1587
2025-10-10 10:39:59,116 [INFO] Época 4/30, Batch 2950/3348, Loss: 0.1754
2025-10-10 10:39:59,394 [INFO] Época 4/30, Batch 3000/3348, Loss: 0.1495
2025-10-10 10:39:59,659 [INFO] Época 4/30, Batch 3050/3348, Loss: 0.2911
2025-10-10 10:39:59,926 [INFO] Época 4/30, Batch 3100/3348, Loss: 0.1564
2025-10-10 10:40:00,193 [INFO] Época 4/30, Batch 3150/3348, Loss: 0.1750
2025-10-10 10:40:00,462 [INFO] Época 4/30, Batch 3200/3348, Loss: 0.1863
2025-10-10 10:40:00,732 [INFO] Época 4/30, Batch 3250/3348, Loss: 0.2658
2025-10-10 10:40:00,998 [INFO] Época 4/30, Batch 3300/3348, Loss: 0.1701
2025-10-10 10:40:02,842 [INFO] [4/30] Train Loss: 0.2044 | Val Loss: 0.2238 | Tempo: 20.29s
2025-10-10 10:40:03,451 [INFO] Época 5/30, Batch 50/3348, Loss: 0.1930
2025-10-10 10:40:03,718 [INFO] Época 5/30, Batch 100/3348, Loss: 0.2832
2025-10-10 10:40:03,983 [INFO] Época 5/30, Batch 150/3348, Loss: 0.2069
2025-10-10 10:40:04,245 [INFO] Época 5/30, Batch 200/3348, Loss: 0.1784
2025-10-10 10:40:04,508 [INFO] Época 5/30, Batch 250/3348, Loss: 0.1746
2025-10-10 10:40:04,771 [INFO] Época 5/30, Batch 300/3348, Loss: 0.2559
2025-10-10 10:40:05,031 [INFO] Época 5/30, Batch 350/3348, Loss: 0.2202
2025-10-10 10:40:05,294 [INFO] Época 5/30, Batch 400/3348, Loss: 0.2176
2025-10-10 10:40:05,555 [INFO] Época 5/30, Batch 450/3348, Loss: 0.3065
2025-10-10 10:40:05,815 [INFO] Época 5/30, Batch 500/3348, Loss: 0.2152
2025-10-10 10:40:06,075 [INFO] Época 5/30, Batch 550/3348, Loss: 0.1736
2025-10-10 10:40:06,335 [INFO] Época 5/30, Batch 600/3348, Loss: 0.2466
2025-10-10 10:40:06,600 [INFO] Época 5/30, Batch 650/3348, Loss: 0.1846
2025-10-10 10:40:06,862 [INFO] Época 5/30, Batch 700/3348, Loss: 0.1548
2025-10-10 10:40:07,123 [INFO] Época 5/30, Batch 750/3348, Loss: 0.1807
2025-10-10 10:40:07,386 [INFO] Época 5/30, Batch 800/3348, Loss: 0.1019
2025-10-10 10:40:07,646 [INFO] Época 5/30, Batch 850/3348, Loss: 0.2607
2025-10-10 10:40:07,909 [INFO] Época 5/30, Batch 900/3348, Loss: 0.0544
2025-10-10 10:40:08,169 [INFO] Época 5/30, Batch 950/3348, Loss: 0.1633
2025-10-10 10:40:08,429 [INFO] Época 5/30, Batch 1000/3348, Loss: 0.1471
2025-10-10 10:40:08,691 [INFO] Época 5/30, Batch 1050/3348, Loss: 0.1265
2025-10-10 10:40:08,952 [INFO] Época 5/30, Batch 1100/3348, Loss: 0.2081
2025-10-10 10:40:09,226 [INFO] Época 5/30, Batch 1150/3348, Loss: 0.2982
2025-10-10 10:40:09,511 [INFO] Época 5/30, Batch 1200/3348, Loss: 0.1766
2025-10-10 10:40:09,795 [INFO] Época 5/30, Batch 1250/3348, Loss: 0.1429
2025-10-10 10:40:10,079 [INFO] Época 5/30, Batch 1300/3348, Loss: 0.1447
2025-10-10 10:40:10,361 [INFO] Época 5/30, Batch 1350/3348, Loss: 0.1473
2025-10-10 10:40:10,644 [INFO] Época 5/30, Batch 1400/3348, Loss: 0.2749
2025-10-10 10:40:10,930 [INFO] Época 5/30, Batch 1450/3348, Loss: 0.2976
2025-10-10 10:40:11,214 [INFO] Época 5/30, Batch 1500/3348, Loss: 0.2447
2025-10-10 10:40:11,497 [INFO] Época 5/30, Batch 1550/3348, Loss: 0.2053
2025-10-10 10:40:11,783 [INFO] Época 5/30, Batch 1600/3348, Loss: 0.3322
2025-10-10 10:40:12,069 [INFO] Época 5/30, Batch 1650/3348, Loss: 0.2768
2025-10-10 10:40:12,354 [INFO] Época 5/30, Batch 1700/3348, Loss: 0.1967
2025-10-10 10:40:12,623 [INFO] Época 5/30, Batch 1750/3348, Loss: 0.2836
2025-10-10 10:40:12,886 [INFO] Época 5/30, Batch 1800/3348, Loss: 0.1533
2025-10-10 10:40:13,147 [INFO] Época 5/30, Batch 1850/3348, Loss: 0.2380
2025-10-10 10:40:13,410 [INFO] Época 5/30, Batch 1900/3348, Loss: 0.2856
2025-10-10 10:40:13,672 [INFO] Época 5/30, Batch 1950/3348, Loss: 0.2472
2025-10-10 10:40:13,932 [INFO] Época 5/30, Batch 2000/3348, Loss: 0.3257
2025-10-10 10:40:14,196 [INFO] Época 5/30, Batch 2050/3348, Loss: 0.1571
2025-10-10 10:40:14,463 [INFO] Época 5/30, Batch 2100/3348, Loss: 0.2935
2025-10-10 10:40:14,729 [INFO] Época 5/30, Batch 2150/3348, Loss: 0.2839
2025-10-10 10:40:14,996 [INFO] Época 5/30, Batch 2200/3348, Loss: 0.1651
2025-10-10 10:40:15,261 [INFO] Época 5/30, Batch 2250/3348, Loss: 0.1615
2025-10-10 10:40:15,528 [INFO] Época 5/30, Batch 2300/3348, Loss: 0.1704
2025-10-10 10:40:15,795 [INFO] Época 5/30, Batch 2350/3348, Loss: 0.1887
2025-10-10 10:40:16,057 [INFO] Época 5/30, Batch 2400/3348, Loss: 0.1304
2025-10-10 10:40:16,334 [INFO] Época 5/30, Batch 2450/3348, Loss: 0.1592
2025-10-10 10:40:16,608 [INFO] Época 5/30, Batch 2500/3348, Loss: 0.1851
2025-10-10 10:40:16,872 [INFO] Época 5/30, Batch 2550/3348, Loss: 0.1522
2025-10-10 10:40:17,139 [INFO] Época 5/30, Batch 2600/3348, Loss: 0.1328
2025-10-10 10:40:17,406 [INFO] Época 5/30, Batch 2650/3348, Loss: 0.1752
2025-10-10 10:40:17,676 [INFO] Época 5/30, Batch 2700/3348, Loss: 0.2367
2025-10-10 10:40:17,966 [INFO] Época 5/30, Batch 2750/3348, Loss: 0.1969
2025-10-10 10:40:18,258 [INFO] Época 5/30, Batch 2800/3348, Loss: 0.3321
2025-10-10 10:40:18,547 [INFO] Época 5/30, Batch 2850/3348, Loss: 0.1685
2025-10-10 10:40:18,837 [INFO] Época 5/30, Batch 2900/3348, Loss: 0.1818
2025-10-10 10:40:19,126 [INFO] Época 5/30, Batch 2950/3348, Loss: 0.1941
2025-10-10 10:40:19,414 [INFO] Época 5/30, Batch 3000/3348, Loss: 0.2295
2025-10-10 10:40:19,694 [INFO] Época 5/30, Batch 3050/3348, Loss: 0.1390
2025-10-10 10:40:19,948 [INFO] Época 5/30, Batch 3100/3348, Loss: 0.2143
2025-10-10 10:40:20,204 [INFO] Época 5/30, Batch 3150/3348, Loss: 0.1863
2025-10-10 10:40:20,463 [INFO] Época 5/30, Batch 3200/3348, Loss: 0.1491
2025-10-10 10:40:20,724 [INFO] Época 5/30, Batch 3250/3348, Loss: 0.1950
2025-10-10 10:40:20,982 [INFO] Época 5/30, Batch 3300/3348, Loss: 0.2089
2025-10-10 10:40:22,701 [INFO] [5/30] Train Loss: 0.1882 | Val Loss: 0.2679 | Tempo: 19.86s
2025-10-10 10:40:23,280 [INFO] Época 6/30, Batch 50/3348, Loss: 0.2294
2025-10-10 10:40:23,553 [INFO] Época 6/30, Batch 100/3348, Loss: 0.1599
2025-10-10 10:40:23,821 [INFO] Época 6/30, Batch 150/3348, Loss: 0.1631
2025-10-10 10:40:24,089 [INFO] Época 6/30, Batch 200/3348, Loss: 0.1869
2025-10-10 10:40:24,353 [INFO] Época 6/30, Batch 250/3348, Loss: 0.1101
2025-10-10 10:40:24,618 [INFO] Época 6/30, Batch 300/3348, Loss: 0.2007
2025-10-10 10:40:24,882 [INFO] Época 6/30, Batch 350/3348, Loss: 0.2247
2025-10-10 10:40:25,146 [INFO] Época 6/30, Batch 400/3348, Loss: 0.1371
2025-10-10 10:40:25,410 [INFO] Época 6/30, Batch 450/3348, Loss: 0.2068
2025-10-10 10:40:25,674 [INFO] Época 6/30, Batch 500/3348, Loss: 0.1570
2025-10-10 10:40:25,937 [INFO] Época 6/30, Batch 550/3348, Loss: 0.1063
2025-10-10 10:40:26,203 [INFO] Época 6/30, Batch 600/3348, Loss: 0.3315
2025-10-10 10:40:26,467 [INFO] Época 6/30, Batch 650/3348, Loss: 0.2419
2025-10-10 10:40:26,730 [INFO] Época 6/30, Batch 700/3348, Loss: 0.1771
2025-10-10 10:40:26,994 [INFO] Época 6/30, Batch 750/3348, Loss: 0.1521
2025-10-10 10:40:27,255 [INFO] Época 6/30, Batch 800/3348, Loss: 0.1665
2025-10-10 10:40:27,519 [INFO] Época 6/30, Batch 850/3348, Loss: 0.2711
2025-10-10 10:40:27,784 [INFO] Época 6/30, Batch 900/3348, Loss: 0.1645
2025-10-10 10:40:28,049 [INFO] Época 6/30, Batch 950/3348, Loss: 0.2145
2025-10-10 10:40:28,338 [INFO] Época 6/30, Batch 1000/3348, Loss: 0.2215
2025-10-10 10:40:28,625 [INFO] Época 6/30, Batch 1050/3348, Loss: 0.0751
2025-10-10 10:40:28,912 [INFO] Época 6/30, Batch 1100/3348, Loss: 0.2561
2025-10-10 10:40:29,185 [INFO] Época 6/30, Batch 1150/3348, Loss: 0.1614
2025-10-10 10:40:29,453 [INFO] Época 6/30, Batch 1200/3348, Loss: 0.1657
2025-10-10 10:40:29,716 [INFO] Época 6/30, Batch 1250/3348, Loss: 0.1544
2025-10-10 10:40:29,980 [INFO] Época 6/30, Batch 1300/3348, Loss: 0.1742
2025-10-10 10:40:30,243 [INFO] Época 6/30, Batch 1350/3348, Loss: 0.2141
2025-10-10 10:40:30,506 [INFO] Época 6/30, Batch 1400/3348, Loss: 0.1858
2025-10-10 10:40:30,769 [INFO] Época 6/30, Batch 1450/3348, Loss: 0.2131
2025-10-10 10:40:31,033 [INFO] Época 6/30, Batch 1500/3348, Loss: 0.1240
2025-10-10 10:40:31,296 [INFO] Época 6/30, Batch 1550/3348, Loss: 0.2525
2025-10-10 10:40:31,558 [INFO] Época 6/30, Batch 1600/3348, Loss: 0.1603
2025-10-10 10:40:31,820 [INFO] Época 6/30, Batch 1650/3348, Loss: 0.2930
2025-10-10 10:40:32,083 [INFO] Época 6/30, Batch 1700/3348, Loss: 0.1304
2025-10-10 10:40:32,348 [INFO] Época 6/30, Batch 1750/3348, Loss: 0.3345
2025-10-10 10:40:32,612 [INFO] Época 6/30, Batch 1800/3348, Loss: 0.2046
2025-10-10 10:40:32,878 [INFO] Época 6/30, Batch 1850/3348, Loss: 0.1242
2025-10-10 10:40:33,145 [INFO] Época 6/30, Batch 1900/3348, Loss: 0.2858
2025-10-10 10:40:33,416 [INFO] Época 6/30, Batch 1950/3348, Loss: 0.2481
2025-10-10 10:40:33,683 [INFO] Época 6/30, Batch 2000/3348, Loss: 0.1917
2025-10-10 10:40:33,944 [INFO] Época 6/30, Batch 2050/3348, Loss: 0.1014
2025-10-10 10:40:34,208 [INFO] Época 6/30, Batch 2100/3348, Loss: 0.1204
2025-10-10 10:40:34,471 [INFO] Época 6/30, Batch 2150/3348, Loss: 0.1401
2025-10-10 10:40:34,734 [INFO] Época 6/30, Batch 2200/3348, Loss: 0.2496
2025-10-10 10:40:34,997 [INFO] Época 6/30, Batch 2250/3348, Loss: 0.2424
2025-10-10 10:40:35,259 [INFO] Época 6/30, Batch 2300/3348, Loss: 0.1900
2025-10-10 10:40:35,522 [INFO] Época 6/30, Batch 2350/3348, Loss: 0.2864
2025-10-10 10:40:35,800 [INFO] Época 6/30, Batch 2400/3348, Loss: 0.1447
2025-10-10 10:40:36,064 [INFO] Época 6/30, Batch 2450/3348, Loss: 0.1350
2025-10-10 10:40:36,327 [INFO] Época 6/30, Batch 2500/3348, Loss: 0.2150
2025-10-10 10:40:36,589 [INFO] Época 6/30, Batch 2550/3348, Loss: 0.1846
2025-10-10 10:40:36,848 [INFO] Época 6/30, Batch 2600/3348, Loss: 0.2238
2025-10-10 10:40:37,110 [INFO] Época 6/30, Batch 2650/3348, Loss: 0.1376
2025-10-10 10:40:37,378 [INFO] Época 6/30, Batch 2700/3348, Loss: 0.1842
2025-10-10 10:40:37,649 [INFO] Época 6/30, Batch 2750/3348, Loss: 0.0937
2025-10-10 10:40:37,912 [INFO] Época 6/30, Batch 2800/3348, Loss: 0.1417
2025-10-10 10:40:38,174 [INFO] Época 6/30, Batch 2850/3348, Loss: 0.1060
2025-10-10 10:40:38,446 [INFO] Época 6/30, Batch 2900/3348, Loss: 0.1209
2025-10-10 10:40:38,721 [INFO] Época 6/30, Batch 2950/3348, Loss: 0.2806
2025-10-10 10:40:38,994 [INFO] Época 6/30, Batch 3000/3348, Loss: 0.1537
2025-10-10 10:40:39,265 [INFO] Época 6/30, Batch 3050/3348, Loss: 0.1289
2025-10-10 10:40:39,532 [INFO] Época 6/30, Batch 3100/3348, Loss: 0.1414
2025-10-10 10:40:39,805 [INFO] Época 6/30, Batch 3150/3348, Loss: 0.1759
2025-10-10 10:40:40,077 [INFO] Época 6/30, Batch 3200/3348, Loss: 0.0964
2025-10-10 10:40:40,350 [INFO] Época 6/30, Batch 3250/3348, Loss: 0.2545
2025-10-10 10:40:40,625 [INFO] Época 6/30, Batch 3300/3348, Loss: 0.1486
2025-10-10 10:40:42,432 [INFO] [6/30] Train Loss: 0.1754 | Val Loss: 0.2440 | Tempo: 19.73s
2025-10-10 10:40:42,993 [INFO] Época 7/30, Batch 50/3348, Loss: 0.2041
2025-10-10 10:40:43,264 [INFO] Época 7/30, Batch 100/3348, Loss: 0.1908
2025-10-10 10:40:43,531 [INFO] Época 7/30, Batch 150/3348, Loss: 0.0834
2025-10-10 10:40:43,800 [INFO] Época 7/30, Batch 200/3348, Loss: 0.1953
2025-10-10 10:40:44,069 [INFO] Época 7/30, Batch 250/3348, Loss: 0.1721
2025-10-10 10:40:44,336 [INFO] Época 7/30, Batch 300/3348, Loss: 0.2685
2025-10-10 10:40:44,602 [INFO] Época 7/30, Batch 350/3348, Loss: 0.1570
2025-10-10 10:40:44,869 [INFO] Época 7/30, Batch 400/3348, Loss: 0.1477
2025-10-10 10:40:45,135 [INFO] Época 7/30, Batch 450/3348, Loss: 0.1464
2025-10-10 10:40:45,401 [INFO] Época 7/30, Batch 500/3348, Loss: 0.1291
2025-10-10 10:40:45,669 [INFO] Época 7/30, Batch 550/3348, Loss: 0.1482
2025-10-10 10:40:45,933 [INFO] Época 7/30, Batch 600/3348, Loss: 0.0932
2025-10-10 10:40:46,196 [INFO] Época 7/30, Batch 650/3348, Loss: 0.1134
2025-10-10 10:40:46,457 [INFO] Época 7/30, Batch 700/3348, Loss: 0.2120
2025-10-10 10:40:46,719 [INFO] Época 7/30, Batch 750/3348, Loss: 0.1491
2025-10-10 10:40:46,982 [INFO] Época 7/30, Batch 800/3348, Loss: 0.0790
2025-10-10 10:40:47,246 [INFO] Época 7/30, Batch 850/3348, Loss: 0.2037
2025-10-10 10:40:47,516 [INFO] Época 7/30, Batch 900/3348, Loss: 0.2278
2025-10-10 10:40:47,782 [INFO] Época 7/30, Batch 950/3348, Loss: 0.0995
2025-10-10 10:40:48,049 [INFO] Época 7/30, Batch 1000/3348, Loss: 0.1744
2025-10-10 10:40:48,314 [INFO] Época 7/30, Batch 1050/3348, Loss: 0.1263
2025-10-10 10:40:48,580 [INFO] Época 7/30, Batch 1100/3348, Loss: 0.1319
2025-10-10 10:40:48,843 [INFO] Época 7/30, Batch 1150/3348, Loss: 0.1668
2025-10-10 10:40:49,110 [INFO] Época 7/30, Batch 1200/3348, Loss: 0.1618
2025-10-10 10:40:49,377 [INFO] Época 7/30, Batch 1250/3348, Loss: 0.1558
2025-10-10 10:40:49,642 [INFO] Época 7/30, Batch 1300/3348, Loss: 0.2075
2025-10-10 10:40:49,907 [INFO] Época 7/30, Batch 1350/3348, Loss: 0.0808
2025-10-10 10:40:50,172 [INFO] Época 7/30, Batch 1400/3348, Loss: 0.0950
2025-10-10 10:40:50,436 [INFO] Época 7/30, Batch 1450/3348, Loss: 0.3152
2025-10-10 10:40:50,703 [INFO] Época 7/30, Batch 1500/3348, Loss: 0.1846
2025-10-10 10:40:50,966 [INFO] Época 7/30, Batch 1550/3348, Loss: 0.1938
2025-10-10 10:40:51,231 [INFO] Época 7/30, Batch 1600/3348, Loss: 0.1367
2025-10-10 10:40:51,496 [INFO] Época 7/30, Batch 1650/3348, Loss: 0.1457
2025-10-10 10:40:51,759 [INFO] Época 7/30, Batch 1700/3348, Loss: 0.1606
2025-10-10 10:40:52,025 [INFO] Época 7/30, Batch 1750/3348, Loss: 0.0980
2025-10-10 10:40:52,290 [INFO] Época 7/30, Batch 1800/3348, Loss: 0.2862
2025-10-10 10:40:52,553 [INFO] Época 7/30, Batch 1850/3348, Loss: 0.1400
2025-10-10 10:40:52,818 [INFO] Época 7/30, Batch 1900/3348, Loss: 0.1476
2025-10-10 10:40:53,086 [INFO] Época 7/30, Batch 1950/3348, Loss: 0.1317
2025-10-10 10:40:53,355 [INFO] Época 7/30, Batch 2000/3348, Loss: 0.1333
2025-10-10 10:40:53,619 [INFO] Época 7/30, Batch 2050/3348, Loss: 0.1830
2025-10-10 10:40:53,883 [INFO] Época 7/30, Batch 2100/3348, Loss: 0.1412
2025-10-10 10:40:54,146 [INFO] Época 7/30, Batch 2150/3348, Loss: 0.2182
2025-10-10 10:40:54,410 [INFO] Época 7/30, Batch 2200/3348, Loss: 0.0835
2025-10-10 10:40:54,676 [INFO] Época 7/30, Batch 2250/3348, Loss: 0.1504
2025-10-10 10:40:54,943 [INFO] Época 7/30, Batch 2300/3348, Loss: 0.2635
2025-10-10 10:40:55,211 [INFO] Época 7/30, Batch 2350/3348, Loss: 0.0830
2025-10-10 10:40:55,477 [INFO] Época 7/30, Batch 2400/3348, Loss: 0.1444
2025-10-10 10:40:55,746 [INFO] Época 7/30, Batch 2450/3348, Loss: 0.2724
2025-10-10 10:40:56,013 [INFO] Época 7/30, Batch 2500/3348, Loss: 0.2989
2025-10-10 10:40:56,277 [INFO] Época 7/30, Batch 2550/3348, Loss: 0.1471
2025-10-10 10:40:56,539 [INFO] Época 7/30, Batch 2600/3348, Loss: 0.1285
2025-10-10 10:40:56,804 [INFO] Época 7/30, Batch 2650/3348, Loss: 0.1881
2025-10-10 10:40:57,069 [INFO] Época 7/30, Batch 2700/3348, Loss: 0.0856
2025-10-10 10:40:57,337 [INFO] Época 7/30, Batch 2750/3348, Loss: 0.2447
2025-10-10 10:40:57,604 [INFO] Época 7/30, Batch 2800/3348, Loss: 0.1021
2025-10-10 10:40:57,870 [INFO] Época 7/30, Batch 2850/3348, Loss: 0.1509
2025-10-10 10:40:58,136 [INFO] Época 7/30, Batch 2900/3348, Loss: 0.1302
2025-10-10 10:40:58,402 [INFO] Época 7/30, Batch 2950/3348, Loss: 0.1508
2025-10-10 10:40:58,667 [INFO] Época 7/30, Batch 3000/3348, Loss: 0.2348
2025-10-10 10:40:58,932 [INFO] Época 7/30, Batch 3050/3348, Loss: 0.1127
2025-10-10 10:40:59,197 [INFO] Época 7/30, Batch 3100/3348, Loss: 0.1534
2025-10-10 10:40:59,461 [INFO] Época 7/30, Batch 3150/3348, Loss: 0.1511
2025-10-10 10:40:59,725 [INFO] Época 7/30, Batch 3200/3348, Loss: 0.1411
2025-10-10 10:40:59,990 [INFO] Época 7/30, Batch 3250/3348, Loss: 0.1143
2025-10-10 10:41:00,255 [INFO] Época 7/30, Batch 3300/3348, Loss: 0.2152
2025-10-10 10:41:02,052 [INFO] [7/30] Train Loss: 0.1650 | Val Loss: 0.3433 | Tempo: 19.62s
2025-10-10 10:41:02,635 [INFO] Época 8/30, Batch 50/3348, Loss: 0.1705
2025-10-10 10:41:02,915 [INFO] Época 8/30, Batch 100/3348, Loss: 0.2402
2025-10-10 10:41:03,193 [INFO] Época 8/30, Batch 150/3348, Loss: 0.0993
2025-10-10 10:41:03,465 [INFO] Época 8/30, Batch 200/3348, Loss: 0.2110
2025-10-10 10:41:03,735 [INFO] Época 8/30, Batch 250/3348, Loss: 0.2389
2025-10-10 10:41:04,010 [INFO] Época 8/30, Batch 300/3348, Loss: 0.2165
2025-10-10 10:41:04,286 [INFO] Época 8/30, Batch 350/3348, Loss: 0.1250
2025-10-10 10:41:04,560 [INFO] Época 8/30, Batch 400/3348, Loss: 0.1453
2025-10-10 10:41:04,836 [INFO] Época 8/30, Batch 450/3348, Loss: 0.1605
2025-10-10 10:41:05,110 [INFO] Época 8/30, Batch 500/3348, Loss: 0.1489
2025-10-10 10:41:05,383 [INFO] Época 8/30, Batch 550/3348, Loss: 0.1523
2025-10-10 10:41:05,658 [INFO] Época 8/30, Batch 600/3348, Loss: 0.1352
2025-10-10 10:41:05,927 [INFO] Época 8/30, Batch 650/3348, Loss: 0.1016
2025-10-10 10:41:06,192 [INFO] Época 8/30, Batch 700/3348, Loss: 0.0981
2025-10-10 10:41:06,461 [INFO] Época 8/30, Batch 750/3348, Loss: 0.1886
2025-10-10 10:41:06,728 [INFO] Época 8/30, Batch 800/3348, Loss: 0.1000
2025-10-10 10:41:06,997 [INFO] Época 8/30, Batch 850/3348, Loss: 0.1795
2025-10-10 10:41:07,264 [INFO] Época 8/30, Batch 900/3348, Loss: 0.1923
2025-10-10 10:41:07,518 [INFO] Época 8/30, Batch 950/3348, Loss: 0.2142
2025-10-10 10:41:07,773 [INFO] Época 8/30, Batch 1000/3348, Loss: 0.2602
2025-10-10 10:41:08,026 [INFO] Época 8/30, Batch 1050/3348, Loss: 0.1184
2025-10-10 10:41:08,288 [INFO] Época 8/30, Batch 1100/3348, Loss: 0.2400
2025-10-10 10:41:08,552 [INFO] Época 8/30, Batch 1150/3348, Loss: 0.1352
2025-10-10 10:41:08,815 [INFO] Época 8/30, Batch 1200/3348, Loss: 0.1519
2025-10-10 10:41:09,078 [INFO] Época 8/30, Batch 1250/3348, Loss: 0.1216
2025-10-10 10:41:09,341 [INFO] Época 8/30, Batch 1300/3348, Loss: 0.0969
2025-10-10 10:41:09,605 [INFO] Época 8/30, Batch 1350/3348, Loss: 0.1705
2025-10-10 10:41:09,867 [INFO] Época 8/30, Batch 1400/3348, Loss: 0.1696
2025-10-10 10:41:10,140 [INFO] Época 8/30, Batch 1450/3348, Loss: 0.1169
2025-10-10 10:41:10,412 [INFO] Época 8/30, Batch 1500/3348, Loss: 0.1293
2025-10-10 10:41:10,686 [INFO] Época 8/30, Batch 1550/3348, Loss: 0.1475
2025-10-10 10:41:10,951 [INFO] Época 8/30, Batch 1600/3348, Loss: 0.1704
2025-10-10 10:41:11,213 [INFO] Época 8/30, Batch 1650/3348, Loss: 0.2019
2025-10-10 10:41:11,476 [INFO] Época 8/30, Batch 1700/3348, Loss: 0.1153
2025-10-10 10:41:11,739 [INFO] Época 8/30, Batch 1750/3348, Loss: 0.1193
2025-10-10 10:41:12,005 [INFO] Época 8/30, Batch 1800/3348, Loss: 0.1198
2025-10-10 10:41:12,272 [INFO] Época 8/30, Batch 1850/3348, Loss: 0.0886
2025-10-10 10:41:12,541 [INFO] Época 8/30, Batch 1900/3348, Loss: 0.1951
2025-10-10 10:41:12,815 [INFO] Época 8/30, Batch 1950/3348, Loss: 0.2562
2025-10-10 10:41:13,086 [INFO] Época 8/30, Batch 2000/3348, Loss: 0.1958
2025-10-10 10:41:13,362 [INFO] Época 8/30, Batch 2050/3348, Loss: 0.1688
2025-10-10 10:41:13,634 [INFO] Época 8/30, Batch 2100/3348, Loss: 0.1197
2025-10-10 10:41:13,902 [INFO] Época 8/30, Batch 2150/3348, Loss: 0.2787
2025-10-10 10:41:14,171 [INFO] Época 8/30, Batch 2200/3348, Loss: 0.1229
2025-10-10 10:41:14,437 [INFO] Época 8/30, Batch 2250/3348, Loss: 0.1282
2025-10-10 10:41:14,709 [INFO] Época 8/30, Batch 2300/3348, Loss: 0.1332
2025-10-10 10:41:14,973 [INFO] Época 8/30, Batch 2350/3348, Loss: 0.2093
2025-10-10 10:41:15,239 [INFO] Época 8/30, Batch 2400/3348, Loss: 0.1878
2025-10-10 10:41:15,503 [INFO] Época 8/30, Batch 2450/3348, Loss: 0.1378
2025-10-10 10:41:15,768 [INFO] Época 8/30, Batch 2500/3348, Loss: 0.2222
2025-10-10 10:41:16,035 [INFO] Época 8/30, Batch 2550/3348, Loss: 0.2786
2025-10-10 10:41:16,303 [INFO] Época 8/30, Batch 2600/3348, Loss: 0.1032
2025-10-10 10:41:16,569 [INFO] Época 8/30, Batch 2650/3348, Loss: 0.1504
2025-10-10 10:41:16,839 [INFO] Época 8/30, Batch 2700/3348, Loss: 0.1679
2025-10-10 10:41:17,107 [INFO] Época 8/30, Batch 2750/3348, Loss: 0.1816
2025-10-10 10:41:17,373 [INFO] Época 8/30, Batch 2800/3348, Loss: 0.2083
2025-10-10 10:41:17,639 [INFO] Época 8/30, Batch 2850/3348, Loss: 0.1378
2025-10-10 10:41:17,903 [INFO] Época 8/30, Batch 2900/3348, Loss: 0.0879
2025-10-10 10:41:18,169 [INFO] Época 8/30, Batch 2950/3348, Loss: 0.1447
2025-10-10 10:41:18,438 [INFO] Época 8/30, Batch 3000/3348, Loss: 0.1298
2025-10-10 10:41:18,709 [INFO] Época 8/30, Batch 3050/3348, Loss: 0.1523
2025-10-10 10:41:18,981 [INFO] Época 8/30, Batch 3100/3348, Loss: 0.1456
2025-10-10 10:41:19,251 [INFO] Época 8/30, Batch 3150/3348, Loss: 0.1350
2025-10-10 10:41:19,522 [INFO] Época 8/30, Batch 3200/3348, Loss: 0.2755
2025-10-10 10:41:19,791 [INFO] Época 8/30, Batch 3250/3348, Loss: 0.0464
2025-10-10 10:41:20,060 [INFO] Época 8/30, Batch 3300/3348, Loss: 0.1448
2025-10-10 10:41:22,002 [INFO] [8/30] Train Loss: 0.1565 | Val Loss: 0.2269 | Tempo: 19.95s
2025-10-10 10:41:22,579 [INFO] Época 9/30, Batch 50/3348, Loss: 0.1176
2025-10-10 10:41:22,846 [INFO] Época 9/30, Batch 100/3348, Loss: 0.1972
2025-10-10 10:41:23,111 [INFO] Época 9/30, Batch 150/3348, Loss: 0.1558
2025-10-10 10:41:23,376 [INFO] Época 9/30, Batch 200/3348, Loss: 0.1376
2025-10-10 10:41:23,638 [INFO] Época 9/30, Batch 250/3348, Loss: 0.1101
2025-10-10 10:41:23,902 [INFO] Época 9/30, Batch 300/3348, Loss: 0.2200
2025-10-10 10:41:24,166 [INFO] Época 9/30, Batch 350/3348, Loss: 0.1998
2025-10-10 10:41:24,427 [INFO] Época 9/30, Batch 400/3348, Loss: 0.0797
2025-10-10 10:41:24,687 [INFO] Época 9/30, Batch 450/3348, Loss: 0.1232
2025-10-10 10:41:24,948 [INFO] Época 9/30, Batch 500/3348, Loss: 0.1422
2025-10-10 10:41:25,210 [INFO] Época 9/30, Batch 550/3348, Loss: 0.1788
2025-10-10 10:41:25,473 [INFO] Época 9/30, Batch 600/3348, Loss: 0.0933
2025-10-10 10:41:25,735 [INFO] Época 9/30, Batch 650/3348, Loss: 0.1289
2025-10-10 10:41:25,998 [INFO] Época 9/30, Batch 700/3348, Loss: 0.0912
2025-10-10 10:41:26,261 [INFO] Época 9/30, Batch 750/3348, Loss: 0.0883
2025-10-10 10:41:26,523 [INFO] Época 9/30, Batch 800/3348, Loss: 0.1498
2025-10-10 10:41:26,784 [INFO] Época 9/30, Batch 850/3348, Loss: 0.1953
2025-10-10 10:41:27,045 [INFO] Época 9/30, Batch 900/3348, Loss: 0.1450
2025-10-10 10:41:27,306 [INFO] Época 9/30, Batch 950/3348, Loss: 0.1897
2025-10-10 10:41:27,568 [INFO] Época 9/30, Batch 1000/3348, Loss: 0.1677
2025-10-10 10:41:27,833 [INFO] Época 9/30, Batch 1050/3348, Loss: 0.1665
2025-10-10 10:41:28,093 [INFO] Época 9/30, Batch 1100/3348, Loss: 0.1263
2025-10-10 10:41:28,355 [INFO] Época 9/30, Batch 1150/3348, Loss: 0.2119
2025-10-10 10:41:28,619 [INFO] Época 9/30, Batch 1200/3348, Loss: 0.1051
2025-10-10 10:41:28,882 [INFO] Época 9/30, Batch 1250/3348, Loss: 0.0693
2025-10-10 10:41:29,146 [INFO] Época 9/30, Batch 1300/3348, Loss: 0.1097
2025-10-10 10:41:29,410 [INFO] Época 9/30, Batch 1350/3348, Loss: 0.1320
2025-10-10 10:41:29,674 [INFO] Época 9/30, Batch 1400/3348, Loss: 0.1693
2025-10-10 10:41:29,938 [INFO] Época 9/30, Batch 1450/3348, Loss: 0.0840
2025-10-10 10:41:30,201 [INFO] Época 9/30, Batch 1500/3348, Loss: 0.1136
2025-10-10 10:41:30,463 [INFO] Época 9/30, Batch 1550/3348, Loss: 0.1553
2025-10-10 10:41:30,728 [INFO] Época 9/30, Batch 1600/3348, Loss: 0.1504
2025-10-10 10:41:30,989 [INFO] Época 9/30, Batch 1650/3348, Loss: 0.1764
2025-10-10 10:41:31,252 [INFO] Época 9/30, Batch 1700/3348, Loss: 0.0977
2025-10-10 10:41:31,515 [INFO] Época 9/30, Batch 1750/3348, Loss: 0.1477
2025-10-10 10:41:31,777 [INFO] Época 9/30, Batch 1800/3348, Loss: 0.2067
2025-10-10 10:41:32,040 [INFO] Época 9/30, Batch 1850/3348, Loss: 0.0870
2025-10-10 10:41:32,302 [INFO] Época 9/30, Batch 1900/3348, Loss: 0.1839
2025-10-10 10:41:32,563 [INFO] Época 9/30, Batch 1950/3348, Loss: 0.1761
2025-10-10 10:41:32,824 [INFO] Época 9/30, Batch 2000/3348, Loss: 0.2298
2025-10-10 10:41:33,088 [INFO] Época 9/30, Batch 2050/3348, Loss: 0.1959
2025-10-10 10:41:33,349 [INFO] Época 9/30, Batch 2100/3348, Loss: 0.1842
2025-10-10 10:41:33,611 [INFO] Época 9/30, Batch 2150/3348, Loss: 0.1037
2025-10-10 10:41:33,874 [INFO] Época 9/30, Batch 2200/3348, Loss: 0.1601
2025-10-10 10:41:34,137 [INFO] Época 9/30, Batch 2250/3348, Loss: 0.1721
2025-10-10 10:41:34,398 [INFO] Época 9/30, Batch 2300/3348, Loss: 0.2532
2025-10-10 10:41:34,661 [INFO] Época 9/30, Batch 2350/3348, Loss: 0.1872
2025-10-10 10:41:34,921 [INFO] Época 9/30, Batch 2400/3348, Loss: 0.1767
2025-10-10 10:41:35,182 [INFO] Época 9/30, Batch 2450/3348, Loss: 0.0919
2025-10-10 10:41:35,444 [INFO] Época 9/30, Batch 2500/3348, Loss: 0.0755
2025-10-10 10:41:35,707 [INFO] Época 9/30, Batch 2550/3348, Loss: 0.1952
2025-10-10 10:41:35,971 [INFO] Época 9/30, Batch 2600/3348, Loss: 0.1898
2025-10-10 10:41:36,233 [INFO] Época 9/30, Batch 2650/3348, Loss: 0.2614
2025-10-10 10:41:36,494 [INFO] Época 9/30, Batch 2700/3348, Loss: 0.1349
2025-10-10 10:41:36,754 [INFO] Época 9/30, Batch 2750/3348, Loss: 0.1907
2025-10-10 10:41:37,015 [INFO] Época 9/30, Batch 2800/3348, Loss: 0.1962
2025-10-10 10:41:37,278 [INFO] Época 9/30, Batch 2850/3348, Loss: 0.2058
2025-10-10 10:41:37,539 [INFO] Época 9/30, Batch 2900/3348, Loss: 0.2027
2025-10-10 10:41:37,801 [INFO] Época 9/30, Batch 2950/3348, Loss: 0.0922
2025-10-10 10:41:38,063 [INFO] Época 9/30, Batch 3000/3348, Loss: 0.2531
2025-10-10 10:41:38,326 [INFO] Época 9/30, Batch 3050/3348, Loss: 0.1716
2025-10-10 10:41:38,588 [INFO] Época 9/30, Batch 3100/3348, Loss: 0.1050
2025-10-10 10:41:38,850 [INFO] Época 9/30, Batch 3150/3348, Loss: 0.0891
2025-10-10 10:41:39,117 [INFO] Época 9/30, Batch 3200/3348, Loss: 0.1373
2025-10-10 10:41:39,377 [INFO] Época 9/30, Batch 3250/3348, Loss: 0.2562
2025-10-10 10:41:39,639 [INFO] Época 9/30, Batch 3300/3348, Loss: 0.1497
2025-10-10 10:41:41,461 [INFO] [9/30] Train Loss: 0.1494 | Val Loss: 0.3420 | Tempo: 19.46s
2025-10-10 10:41:42,042 [INFO] Época 10/30, Batch 50/3348, Loss: 0.1222
2025-10-10 10:41:42,322 [INFO] Época 10/30, Batch 100/3348, Loss: 0.1530
2025-10-10 10:41:42,598 [INFO] Época 10/30, Batch 150/3348, Loss: 0.1034
2025-10-10 10:41:42,868 [INFO] Época 10/30, Batch 200/3348, Loss: 0.1659
2025-10-10 10:41:43,133 [INFO] Época 10/30, Batch 250/3348, Loss: 0.0909
2025-10-10 10:41:43,399 [INFO] Época 10/30, Batch 300/3348, Loss: 0.2092
2025-10-10 10:41:43,665 [INFO] Época 10/30, Batch 350/3348, Loss: 0.1273
2025-10-10 10:41:43,929 [INFO] Época 10/30, Batch 400/3348, Loss: 0.0688
2025-10-10 10:41:44,194 [INFO] Época 10/30, Batch 450/3348, Loss: 0.1665
2025-10-10 10:41:44,460 [INFO] Época 10/30, Batch 500/3348, Loss: 0.2359
2025-10-10 10:41:44,724 [INFO] Época 10/30, Batch 550/3348, Loss: 0.1148
2025-10-10 10:41:44,990 [INFO] Época 10/30, Batch 600/3348, Loss: 0.1310
2025-10-10 10:41:45,254 [INFO] Época 10/30, Batch 650/3348, Loss: 0.0910
2025-10-10 10:41:45,508 [INFO] Época 10/30, Batch 700/3348, Loss: 0.0810
2025-10-10 10:41:45,763 [INFO] Época 10/30, Batch 750/3348, Loss: 0.1801
2025-10-10 10:41:46,017 [INFO] Época 10/30, Batch 800/3348, Loss: 0.1956
2025-10-10 10:41:46,274 [INFO] Época 10/30, Batch 850/3348, Loss: 0.1177
2025-10-10 10:41:46,529 [INFO] Época 10/30, Batch 900/3348, Loss: 0.1670
2025-10-10 10:41:46,783 [INFO] Época 10/30, Batch 950/3348, Loss: 0.1249
2025-10-10 10:41:47,036 [INFO] Época 10/30, Batch 1000/3348, Loss: 0.1056
2025-10-10 10:41:47,288 [INFO] Época 10/30, Batch 1050/3348, Loss: 0.1200
2025-10-10 10:41:47,543 [INFO] Época 10/30, Batch 1100/3348, Loss: 0.1032
2025-10-10 10:41:47,801 [INFO] Época 10/30, Batch 1150/3348, Loss: 0.1548
2025-10-10 10:41:48,063 [INFO] Época 10/30, Batch 1200/3348, Loss: 0.1269
2025-10-10 10:41:48,329 [INFO] Época 10/30, Batch 1250/3348, Loss: 0.2316
2025-10-10 10:41:48,600 [INFO] Época 10/30, Batch 1300/3348, Loss: 0.2060
2025-10-10 10:41:48,874 [INFO] Época 10/30, Batch 1350/3348, Loss: 0.1619
2025-10-10 10:41:49,148 [INFO] Época 10/30, Batch 1400/3348, Loss: 0.2026
2025-10-10 10:41:49,420 [INFO] Época 10/30, Batch 1450/3348, Loss: 0.0760
2025-10-10 10:41:49,694 [INFO] Época 10/30, Batch 1500/3348, Loss: 0.2096
2025-10-10 10:41:49,964 [INFO] Época 10/30, Batch 1550/3348, Loss: 0.1248
2025-10-10 10:41:50,236 [INFO] Época 10/30, Batch 1600/3348, Loss: 0.0703
2025-10-10 10:41:50,505 [INFO] Época 10/30, Batch 1650/3348, Loss: 0.1136
2025-10-10 10:41:50,777 [INFO] Época 10/30, Batch 1700/3348, Loss: 0.0812
2025-10-10 10:41:51,049 [INFO] Época 10/30, Batch 1750/3348, Loss: 0.1334
2025-10-10 10:41:51,320 [INFO] Época 10/30, Batch 1800/3348, Loss: 0.1243
2025-10-10 10:41:51,592 [INFO] Época 10/30, Batch 1850/3348, Loss: 0.1465
2025-10-10 10:41:51,856 [INFO] Época 10/30, Batch 1900/3348, Loss: 0.0991
2025-10-10 10:41:52,119 [INFO] Época 10/30, Batch 1950/3348, Loss: 0.0627
2025-10-10 10:41:52,383 [INFO] Época 10/30, Batch 2000/3348, Loss: 0.1552
2025-10-10 10:41:52,645 [INFO] Época 10/30, Batch 2050/3348, Loss: 0.1592
2025-10-10 10:41:52,908 [INFO] Época 10/30, Batch 2100/3348, Loss: 0.2146
2025-10-10 10:41:53,168 [INFO] Época 10/30, Batch 2150/3348, Loss: 0.0872
2025-10-10 10:41:53,428 [INFO] Época 10/30, Batch 2200/3348, Loss: 0.1360
2025-10-10 10:41:53,690 [INFO] Época 10/30, Batch 2250/3348, Loss: 0.1429
2025-10-10 10:41:53,959 [INFO] Época 10/30, Batch 2300/3348, Loss: 0.1175
2025-10-10 10:41:54,227 [INFO] Época 10/30, Batch 2350/3348, Loss: 0.1091
2025-10-10 10:41:54,498 [INFO] Época 10/30, Batch 2400/3348, Loss: 0.2137
2025-10-10 10:41:54,764 [INFO] Época 10/30, Batch 2450/3348, Loss: 0.1927
2025-10-10 10:41:55,023 [INFO] Época 10/30, Batch 2500/3348, Loss: 0.1572
2025-10-10 10:41:55,282 [INFO] Época 10/30, Batch 2550/3348, Loss: 0.1160
2025-10-10 10:41:55,541 [INFO] Época 10/30, Batch 2600/3348, Loss: 0.1321
2025-10-10 10:41:55,803 [INFO] Época 10/30, Batch 2650/3348, Loss: 0.1612
2025-10-10 10:41:56,061 [INFO] Época 10/30, Batch 2700/3348, Loss: 0.1460
2025-10-10 10:41:56,329 [INFO] Época 10/30, Batch 2750/3348, Loss: 0.0979
2025-10-10 10:41:56,599 [INFO] Época 10/30, Batch 2800/3348, Loss: 0.0995
2025-10-10 10:41:56,874 [INFO] Época 10/30, Batch 2850/3348, Loss: 0.0961
2025-10-10 10:41:57,145 [INFO] Época 10/30, Batch 2900/3348, Loss: 0.1339
2025-10-10 10:41:57,412 [INFO] Época 10/30, Batch 2950/3348, Loss: 0.1872
2025-10-10 10:41:57,684 [INFO] Época 10/30, Batch 3000/3348, Loss: 0.0888
2025-10-10 10:41:57,954 [INFO] Época 10/30, Batch 3050/3348, Loss: 0.1507
2025-10-10 10:41:58,217 [INFO] Época 10/30, Batch 3100/3348, Loss: 0.1108
2025-10-10 10:41:58,477 [INFO] Época 10/30, Batch 3150/3348, Loss: 0.1363
2025-10-10 10:41:58,740 [INFO] Época 10/30, Batch 3200/3348, Loss: 0.1850
2025-10-10 10:41:59,009 [INFO] Época 10/30, Batch 3250/3348, Loss: 0.1576
2025-10-10 10:41:59,279 [INFO] Época 10/30, Batch 3300/3348, Loss: 0.2065
2025-10-10 10:42:01,076 [INFO] [10/30] Train Loss: 0.1432 | Val Loss: 0.3376 | Tempo: 19.62s
2025-10-10 10:42:01,650 [INFO] Época 11/30, Batch 50/3348, Loss: 0.1777
2025-10-10 10:42:01,920 [INFO] Época 11/30, Batch 100/3348, Loss: 0.1070
2025-10-10 10:42:02,185 [INFO] Época 11/30, Batch 150/3348, Loss: 0.2152
2025-10-10 10:42:02,449 [INFO] Época 11/30, Batch 200/3348, Loss: 0.1064
2025-10-10 10:42:02,715 [INFO] Época 11/30, Batch 250/3348, Loss: 0.1526
2025-10-10 10:42:02,978 [INFO] Época 11/30, Batch 300/3348, Loss: 0.1912
2025-10-10 10:42:03,240 [INFO] Época 11/30, Batch 350/3348, Loss: 0.0630
2025-10-10 10:42:03,501 [INFO] Época 11/30, Batch 400/3348, Loss: 0.1374
2025-10-10 10:42:03,763 [INFO] Época 11/30, Batch 450/3348, Loss: 0.1001
2025-10-10 10:42:04,035 [INFO] Época 11/30, Batch 500/3348, Loss: 0.1439
2025-10-10 10:42:04,303 [INFO] Época 11/30, Batch 550/3348, Loss: 0.2076
2025-10-10 10:42:04,565 [INFO] Época 11/30, Batch 600/3348, Loss: 0.1255
2025-10-10 10:42:04,831 [INFO] Época 11/30, Batch 650/3348, Loss: 0.1237
2025-10-10 10:42:05,094 [INFO] Época 11/30, Batch 700/3348, Loss: 0.0958
2025-10-10 10:42:05,357 [INFO] Época 11/30, Batch 750/3348, Loss: 0.0572
2025-10-10 10:42:05,619 [INFO] Época 11/30, Batch 800/3348, Loss: 0.1240
2025-10-10 10:42:05,882 [INFO] Época 11/30, Batch 850/3348, Loss: 0.0740
2025-10-10 10:42:06,142 [INFO] Época 11/30, Batch 900/3348, Loss: 0.1329
2025-10-10 10:42:06,405 [INFO] Época 11/30, Batch 950/3348, Loss: 0.0710
2025-10-10 10:42:06,667 [INFO] Época 11/30, Batch 1000/3348, Loss: 0.2722
2025-10-10 10:42:06,931 [INFO] Época 11/30, Batch 1050/3348, Loss: 0.2531
2025-10-10 10:42:07,188 [INFO] Época 11/30, Batch 1100/3348, Loss: 0.1495
2025-10-10 10:42:07,455 [INFO] Época 11/30, Batch 1150/3348, Loss: 0.1811
2025-10-10 10:42:07,720 [INFO] Época 11/30, Batch 1200/3348, Loss: 0.1399
2025-10-10 10:42:07,982 [INFO] Época 11/30, Batch 1250/3348, Loss: 0.0799
2025-10-10 10:42:08,248 [INFO] Época 11/30, Batch 1300/3348, Loss: 0.2517
2025-10-10 10:42:08,513 [INFO] Época 11/30, Batch 1350/3348, Loss: 0.1057
2025-10-10 10:42:08,779 [INFO] Época 11/30, Batch 1400/3348, Loss: 0.1405
2025-10-10 10:42:09,043 [INFO] Época 11/30, Batch 1450/3348, Loss: 0.1347
2025-10-10 10:42:09,307 [INFO] Época 11/30, Batch 1500/3348, Loss: 0.1419
2025-10-10 10:42:09,567 [INFO] Época 11/30, Batch 1550/3348, Loss: 0.1520
2025-10-10 10:42:09,828 [INFO] Época 11/30, Batch 1600/3348, Loss: 0.0800
2025-10-10 10:42:10,092 [INFO] Época 11/30, Batch 1650/3348, Loss: 0.1325
2025-10-10 10:42:10,352 [INFO] Época 11/30, Batch 1700/3348, Loss: 0.0888
2025-10-10 10:42:10,615 [INFO] Época 11/30, Batch 1750/3348, Loss: 0.1672
2025-10-10 10:42:10,878 [INFO] Época 11/30, Batch 1800/3348, Loss: 0.1448
2025-10-10 10:42:11,142 [INFO] Época 11/30, Batch 1850/3348, Loss: 0.0963
2025-10-10 10:42:11,406 [INFO] Época 11/30, Batch 1900/3348, Loss: 0.1082
2025-10-10 10:42:11,670 [INFO] Época 11/30, Batch 1950/3348, Loss: 0.1486
2025-10-10 10:42:11,935 [INFO] Época 11/30, Batch 2000/3348, Loss: 0.1337
2025-10-10 10:42:12,197 [INFO] Época 11/30, Batch 2050/3348, Loss: 0.2241
2025-10-10 10:42:12,461 [INFO] Época 11/30, Batch 2100/3348, Loss: 0.1546
2025-10-10 10:42:12,726 [INFO] Época 11/30, Batch 2150/3348, Loss: 0.1049
2025-10-10 10:42:12,993 [INFO] Época 11/30, Batch 2200/3348, Loss: 0.2004
2025-10-10 10:42:13,256 [INFO] Época 11/30, Batch 2250/3348, Loss: 0.0941
2025-10-10 10:42:13,518 [INFO] Época 11/30, Batch 2300/3348, Loss: 0.1220
2025-10-10 10:42:13,782 [INFO] Época 11/30, Batch 2350/3348, Loss: 0.1339
2025-10-10 10:42:14,047 [INFO] Época 11/30, Batch 2400/3348, Loss: 0.1610
2025-10-10 10:42:14,310 [INFO] Época 11/30, Batch 2450/3348, Loss: 0.1852
2025-10-10 10:42:14,571 [INFO] Época 11/30, Batch 2500/3348, Loss: 0.1956
2025-10-10 10:42:14,833 [INFO] Época 11/30, Batch 2550/3348, Loss: 0.1558
2025-10-10 10:42:15,095 [INFO] Época 11/30, Batch 2600/3348, Loss: 0.1834
2025-10-10 10:42:15,357 [INFO] Época 11/30, Batch 2650/3348, Loss: 0.1830
2025-10-10 10:42:15,619 [INFO] Época 11/30, Batch 2700/3348, Loss: 0.1476
2025-10-10 10:42:15,884 [INFO] Época 11/30, Batch 2750/3348, Loss: 0.1690
2025-10-10 10:42:16,145 [INFO] Época 11/30, Batch 2800/3348, Loss: 0.2724
2025-10-10 10:42:16,408 [INFO] Época 11/30, Batch 2850/3348, Loss: 0.1404
2025-10-10 10:42:16,669 [INFO] Época 11/30, Batch 2900/3348, Loss: 0.1051
2025-10-10 10:42:16,933 [INFO] Época 11/30, Batch 2950/3348, Loss: 0.1714
2025-10-10 10:42:17,198 [INFO] Época 11/30, Batch 3000/3348, Loss: 0.1824
2025-10-10 10:42:17,461 [INFO] Época 11/30, Batch 3050/3348, Loss: 0.1372
2025-10-10 10:42:17,725 [INFO] Época 11/30, Batch 3100/3348, Loss: 0.0835
2025-10-10 10:42:17,987 [INFO] Época 11/30, Batch 3150/3348, Loss: 0.0995
2025-10-10 10:42:18,252 [INFO] Época 11/30, Batch 3200/3348, Loss: 0.2383
2025-10-10 10:42:18,515 [INFO] Época 11/30, Batch 3250/3348, Loss: 0.0949
2025-10-10 10:42:18,779 [INFO] Época 11/30, Batch 3300/3348, Loss: 0.1685
2025-10-10 10:42:20,544 [INFO] [11/30] Train Loss: 0.1384 | Val Loss: 0.3212 | Tempo: 19.47s
2025-10-10 10:42:21,125 [INFO] Época 12/30, Batch 50/3348, Loss: 0.0790
2025-10-10 10:42:21,401 [INFO] Época 12/30, Batch 100/3348, Loss: 0.1044
2025-10-10 10:42:21,677 [INFO] Época 12/30, Batch 150/3348, Loss: 0.1166
2025-10-10 10:42:21,949 [INFO] Época 12/30, Batch 200/3348, Loss: 0.1065
2025-10-10 10:42:22,222 [INFO] Época 12/30, Batch 250/3348, Loss: 0.2338
2025-10-10 10:42:22,497 [INFO] Época 12/30, Batch 300/3348, Loss: 0.1309
2025-10-10 10:42:22,764 [INFO] Época 12/30, Batch 350/3348, Loss: 0.1084
2025-10-10 10:42:23,026 [INFO] Época 12/30, Batch 400/3348, Loss: 0.1349
2025-10-10 10:42:23,287 [INFO] Época 12/30, Batch 450/3348, Loss: 0.1536
2025-10-10 10:42:23,547 [INFO] Época 12/30, Batch 500/3348, Loss: 0.1918
2025-10-10 10:42:23,819 [INFO] Época 12/30, Batch 550/3348, Loss: 0.0972
2025-10-10 10:42:24,091 [INFO] Época 12/30, Batch 600/3348, Loss: 0.1254
2025-10-10 10:42:24,354 [INFO] Época 12/30, Batch 650/3348, Loss: 0.1261
2025-10-10 10:42:24,614 [INFO] Época 12/30, Batch 700/3348, Loss: 0.2229
2025-10-10 10:42:24,877 [INFO] Época 12/30, Batch 750/3348, Loss: 0.1797
2025-10-10 10:42:25,138 [INFO] Época 12/30, Batch 800/3348, Loss: 0.0773
2025-10-10 10:42:25,398 [INFO] Época 12/30, Batch 850/3348, Loss: 0.1767
2025-10-10 10:42:25,659 [INFO] Época 12/30, Batch 900/3348, Loss: 0.1299
2025-10-10 10:42:25,913 [INFO] Época 12/30, Batch 950/3348, Loss: 0.1178
2025-10-10 10:42:26,167 [INFO] Época 12/30, Batch 1000/3348, Loss: 0.1500
2025-10-10 10:42:26,422 [INFO] Época 12/30, Batch 1050/3348, Loss: 0.0922
2025-10-10 10:42:26,675 [INFO] Época 12/30, Batch 1100/3348, Loss: 0.0665
2025-10-10 10:42:26,929 [INFO] Época 12/30, Batch 1150/3348, Loss: 0.1365
2025-10-10 10:42:27,184 [INFO] Época 12/30, Batch 1200/3348, Loss: 0.0686
2025-10-10 10:42:27,447 [INFO] Época 12/30, Batch 1250/3348, Loss: 0.1645
2025-10-10 10:42:27,709 [INFO] Época 12/30, Batch 1300/3348, Loss: 0.1610
2025-10-10 10:42:27,973 [INFO] Época 12/30, Batch 1350/3348, Loss: 0.0915
2025-10-10 10:42:28,236 [INFO] Época 12/30, Batch 1400/3348, Loss: 0.0568
2025-10-10 10:42:28,500 [INFO] Época 12/30, Batch 1450/3348, Loss: 0.0681
2025-10-10 10:42:28,760 [INFO] Época 12/30, Batch 1500/3348, Loss: 0.1884
2025-10-10 10:42:29,022 [INFO] Época 12/30, Batch 1550/3348, Loss: 0.0522
2025-10-10 10:42:29,283 [INFO] Época 12/30, Batch 1600/3348, Loss: 0.2214
2025-10-10 10:42:29,543 [INFO] Época 12/30, Batch 1650/3348, Loss: 0.1088
2025-10-10 10:42:29,804 [INFO] Época 12/30, Batch 1700/3348, Loss: 0.1127
2025-10-10 10:42:30,064 [INFO] Época 12/30, Batch 1750/3348, Loss: 0.1999
2025-10-10 10:42:30,325 [INFO] Época 12/30, Batch 1800/3348, Loss: 0.2699
2025-10-10 10:42:30,584 [INFO] Época 12/30, Batch 1850/3348, Loss: 0.0554
2025-10-10 10:42:30,839 [INFO] Época 12/30, Batch 1900/3348, Loss: 0.0882
2025-10-10 10:42:31,096 [INFO] Época 12/30, Batch 1950/3348, Loss: 0.1350
2025-10-10 10:42:31,352 [INFO] Época 12/30, Batch 2000/3348, Loss: 0.1746
2025-10-10 10:42:31,612 [INFO] Época 12/30, Batch 2050/3348, Loss: 0.0799
2025-10-10 10:42:31,879 [INFO] Época 12/30, Batch 2100/3348, Loss: 0.1097
2025-10-10 10:42:32,149 [INFO] Época 12/30, Batch 2150/3348, Loss: 0.2369
2025-10-10 10:42:32,419 [INFO] Época 12/30, Batch 2200/3348, Loss: 0.0412
2025-10-10 10:42:32,690 [INFO] Época 12/30, Batch 2250/3348, Loss: 0.1447
2025-10-10 10:42:32,962 [INFO] Época 12/30, Batch 2300/3348, Loss: 0.1791
2025-10-10 10:42:33,231 [INFO] Época 12/30, Batch 2350/3348, Loss: 0.2267
2025-10-10 10:42:33,499 [INFO] Época 12/30, Batch 2400/3348, Loss: 0.1156
2025-10-10 10:42:33,764 [INFO] Época 12/30, Batch 2450/3348, Loss: 0.1533
2025-10-10 10:42:34,031 [INFO] Época 12/30, Batch 2500/3348, Loss: 0.3071
2025-10-10 10:42:34,301 [INFO] Época 12/30, Batch 2550/3348, Loss: 0.1340
2025-10-10 10:42:34,570 [INFO] Época 12/30, Batch 2600/3348, Loss: 0.0539
2025-10-10 10:42:34,835 [INFO] Época 12/30, Batch 2650/3348, Loss: 0.1285
2025-10-10 10:42:35,102 [INFO] Época 12/30, Batch 2700/3348, Loss: 0.1470
2025-10-10 10:42:35,366 [INFO] Época 12/30, Batch 2750/3348, Loss: 0.0836
2025-10-10 10:42:35,624 [INFO] Época 12/30, Batch 2800/3348, Loss: 0.0810
2025-10-10 10:42:35,891 [INFO] Época 12/30, Batch 2850/3348, Loss: 0.1106
2025-10-10 10:42:36,170 [INFO] Época 12/30, Batch 2900/3348, Loss: 0.0927
2025-10-10 10:42:36,440 [INFO] Época 12/30, Batch 2950/3348, Loss: 0.1442
2025-10-10 10:42:36,706 [INFO] Época 12/30, Batch 3000/3348, Loss: 0.1125
2025-10-10 10:42:36,976 [INFO] Época 12/30, Batch 3050/3348, Loss: 0.1488
2025-10-10 10:42:37,255 [INFO] Época 12/30, Batch 3100/3348, Loss: 0.1794
2025-10-10 10:42:37,526 [INFO] Época 12/30, Batch 3150/3348, Loss: 0.1940
2025-10-10 10:42:37,799 [INFO] Época 12/30, Batch 3200/3348, Loss: 0.1667
2025-10-10 10:42:38,070 [INFO] Época 12/30, Batch 3250/3348, Loss: 0.1307
2025-10-10 10:42:38,342 [INFO] Época 12/30, Batch 3300/3348, Loss: 0.0617
2025-10-10 10:42:40,176 [INFO] [12/30] Train Loss: 0.1340 | Val Loss: 0.2679 | Tempo: 19.63s
2025-10-10 10:42:40,751 [INFO] Época 13/30, Batch 50/3348, Loss: 0.1879
2025-10-10 10:42:41,019 [INFO] Época 13/30, Batch 100/3348, Loss: 0.1149
2025-10-10 10:42:41,293 [INFO] Época 13/30, Batch 150/3348, Loss: 0.1473
2025-10-10 10:42:41,557 [INFO] Época 13/30, Batch 200/3348, Loss: 0.2088
2025-10-10 10:42:41,821 [INFO] Época 13/30, Batch 250/3348, Loss: 0.1256
2025-10-10 10:42:42,084 [INFO] Época 13/30, Batch 300/3348, Loss: 0.0893
2025-10-10 10:42:42,346 [INFO] Época 13/30, Batch 350/3348, Loss: 0.2002
2025-10-10 10:42:42,607 [INFO] Época 13/30, Batch 400/3348, Loss: 0.1772
2025-10-10 10:42:42,871 [INFO] Época 13/30, Batch 450/3348, Loss: 0.1531
2025-10-10 10:42:43,136 [INFO] Época 13/30, Batch 500/3348, Loss: 0.1927
2025-10-10 10:42:43,399 [INFO] Época 13/30, Batch 550/3348, Loss: 0.1085
2025-10-10 10:42:43,660 [INFO] Época 13/30, Batch 600/3348, Loss: 0.0684
2025-10-10 10:42:43,923 [INFO] Época 13/30, Batch 650/3348, Loss: 0.1115
2025-10-10 10:42:44,188 [INFO] Época 13/30, Batch 700/3348, Loss: 0.3168
2025-10-10 10:42:44,450 [INFO] Época 13/30, Batch 750/3348, Loss: 0.1925
2025-10-10 10:42:44,713 [INFO] Época 13/30, Batch 800/3348, Loss: 0.1059
2025-10-10 10:42:44,977 [INFO] Época 13/30, Batch 850/3348, Loss: 0.1176
2025-10-10 10:42:45,241 [INFO] Época 13/30, Batch 900/3348, Loss: 0.0604
2025-10-10 10:42:45,506 [INFO] Época 13/30, Batch 950/3348, Loss: 0.1214
2025-10-10 10:42:45,771 [INFO] Época 13/30, Batch 1000/3348, Loss: 0.1613
2025-10-10 10:42:46,032 [INFO] Época 13/30, Batch 1050/3348, Loss: 0.1909
2025-10-10 10:42:46,306 [INFO] Época 13/30, Batch 1100/3348, Loss: 0.1159
2025-10-10 10:42:46,568 [INFO] Época 13/30, Batch 1150/3348, Loss: 0.2595
2025-10-10 10:42:46,835 [INFO] Época 13/30, Batch 1200/3348, Loss: 0.0639
2025-10-10 10:42:47,096 [INFO] Época 13/30, Batch 1250/3348, Loss: 0.0898
2025-10-10 10:42:47,357 [INFO] Época 13/30, Batch 1300/3348, Loss: 0.1196
2025-10-10 10:42:47,619 [INFO] Época 13/30, Batch 1350/3348, Loss: 0.1296
2025-10-10 10:42:47,882 [INFO] Época 13/30, Batch 1400/3348, Loss: 0.1118
2025-10-10 10:42:48,146 [INFO] Época 13/30, Batch 1450/3348, Loss: 0.1198
2025-10-10 10:42:48,409 [INFO] Época 13/30, Batch 1500/3348, Loss: 0.0917
2025-10-10 10:42:48,671 [INFO] Época 13/30, Batch 1550/3348, Loss: 0.1755
2025-10-10 10:42:48,936 [INFO] Época 13/30, Batch 1600/3348, Loss: 0.1762
2025-10-10 10:42:49,198 [INFO] Época 13/30, Batch 1650/3348, Loss: 0.0946
2025-10-10 10:42:49,462 [INFO] Época 13/30, Batch 1700/3348, Loss: 0.1122
2025-10-10 10:42:49,724 [INFO] Época 13/30, Batch 1750/3348, Loss: 0.1745
2025-10-10 10:42:49,986 [INFO] Época 13/30, Batch 1800/3348, Loss: 0.1272
2025-10-10 10:42:50,248 [INFO] Época 13/30, Batch 1850/3348, Loss: 0.1789
2025-10-10 10:42:50,509 [INFO] Época 13/30, Batch 1900/3348, Loss: 0.1357
2025-10-10 10:42:50,771 [INFO] Época 13/30, Batch 1950/3348, Loss: 0.1035
2025-10-10 10:42:51,034 [INFO] Época 13/30, Batch 2000/3348, Loss: 0.0879
2025-10-10 10:42:51,307 [INFO] Época 13/30, Batch 2050/3348, Loss: 0.1313
2025-10-10 10:42:51,567 [INFO] Época 13/30, Batch 2100/3348, Loss: 0.0950
2025-10-10 10:42:51,830 [INFO] Época 13/30, Batch 2150/3348, Loss: 0.2686
2025-10-10 10:42:52,091 [INFO] Época 13/30, Batch 2200/3348, Loss: 0.1691
2025-10-10 10:42:52,354 [INFO] Época 13/30, Batch 2250/3348, Loss: 0.0761
2025-10-10 10:42:52,614 [INFO] Época 13/30, Batch 2300/3348, Loss: 0.1470
2025-10-10 10:42:52,876 [INFO] Época 13/30, Batch 2350/3348, Loss: 0.1373
2025-10-10 10:42:53,137 [INFO] Época 13/30, Batch 2400/3348, Loss: 0.1309
2025-10-10 10:42:53,398 [INFO] Época 13/30, Batch 2450/3348, Loss: 0.1271
2025-10-10 10:42:53,662 [INFO] Época 13/30, Batch 2500/3348, Loss: 0.0638
2025-10-10 10:42:53,924 [INFO] Época 13/30, Batch 2550/3348, Loss: 0.1756
2025-10-10 10:42:54,188 [INFO] Época 13/30, Batch 2600/3348, Loss: 0.0658
2025-10-10 10:42:54,449 [INFO] Época 13/30, Batch 2650/3348, Loss: 0.1272
2025-10-10 10:42:54,712 [INFO] Época 13/30, Batch 2700/3348, Loss: 0.0856
2025-10-10 10:42:54,976 [INFO] Época 13/30, Batch 2750/3348, Loss: 0.0625
2025-10-10 10:42:55,238 [INFO] Época 13/30, Batch 2800/3348, Loss: 0.1834
2025-10-10 10:42:55,500 [INFO] Época 13/30, Batch 2850/3348, Loss: 0.1105
2025-10-10 10:42:55,763 [INFO] Época 13/30, Batch 2900/3348, Loss: 0.0810
2025-10-10 10:42:56,024 [INFO] Época 13/30, Batch 2950/3348, Loss: 0.1229
2025-10-10 10:42:56,289 [INFO] Época 13/30, Batch 3000/3348, Loss: 0.0843
2025-10-10 10:42:56,563 [INFO] Época 13/30, Batch 3050/3348, Loss: 0.1803
2025-10-10 10:42:56,824 [INFO] Época 13/30, Batch 3100/3348, Loss: 0.1213
2025-10-10 10:42:57,085 [INFO] Época 13/30, Batch 3150/3348, Loss: 0.1531
2025-10-10 10:42:57,345 [INFO] Época 13/30, Batch 3200/3348, Loss: 0.1092
2025-10-10 10:42:57,609 [INFO] Época 13/30, Batch 3250/3348, Loss: 0.1304
2025-10-10 10:42:57,872 [INFO] Época 13/30, Batch 3300/3348, Loss: 0.0698
2025-10-10 10:42:59,741 [INFO] [13/30] Train Loss: 0.1312 | Val Loss: 0.3763 | Tempo: 19.56s
2025-10-10 10:42:59,742 [INFO] Early stopping ativado após 10 épocas sem melhoria
2025-10-10 10:42:59,742 [INFO] Treinamento concluído em 255.57 segundos (4.26 minutos)
2025-10-10 10:42:59,742 [INFO] Iniciando avaliação no conjunto de teste...
2025-10-10 10:43:01,269 [INFO] Avaliação do teste concluída em 1.53 segundos
2025-10-10 10:43:01,270 [INFO] MSE no teste: 1.0735
2025-10-10 10:43:01,270 [INFO] RMSE no teste: 1.0361
2025-10-10 10:43:01,270 [INFO] MAE no teste: 0.8763
2025-10-10 10:43:01,271 [INFO] Métricas salvas em /mnt/hdd/home/jdurao/ToolBox-ChemXAI/logs/mlp_att12_Avalon_metrics.json
