2025-10-10 04:45:43,095 [INFO] Iniciando treinamento do modelo mlp_att8_EState
2025-10-10 04:45:43,095 [INFO] Configuração: att_index=8, epochs=30, layers=[128, 64, 32], lr=0.001, batch_size=32, descriptor_type=EState
2025-10-10 04:45:43,095 [INFO] Diretório para modelos: /mnt/hdd/home/jdurao/ToolBox-ChemXAI/models
2025-10-10 04:45:43,095 [INFO] Carregando dados...
2025-10-10 04:45:43,181 [INFO] Preparando dataloaders sem ruído...
2025-10-10 04:45:45,936 [INFO] Dados carregados em 2.84 segundos
2025-10-10 04:45:45,937 [INFO] Tamanhos dos conjuntos - Treino: 107108, Validação: 13388, Teste: 13389
2025-10-10 04:45:45,937 [INFO] Usando dispositivo: cuda
2025-10-10 04:45:46,290 [INFO] Dimensão de entrada: 79, Dimensão de saída: 1
2025-10-10 04:45:46,291 [INFO] Criando modelo MLP com camadas: [128, 64, 32]
2025-10-10 04:45:46,293 [INFO] Modelo criado com 20609 parâmetros
2025-10-10 04:45:46,295 [INFO] Iniciando treinamento com 30 épocas...
2025-10-10 04:45:46,849 [INFO] Época 1/30, Batch 50/3348, Loss: 0.5289
2025-10-10 04:45:47,113 [INFO] Época 1/30, Batch 100/3348, Loss: 0.6506
2025-10-10 04:45:47,374 [INFO] Época 1/30, Batch 150/3348, Loss: 0.7842
2025-10-10 04:45:47,637 [INFO] Época 1/30, Batch 200/3348, Loss: 0.5681
2025-10-10 04:45:47,900 [INFO] Época 1/30, Batch 250/3348, Loss: 0.4868
2025-10-10 04:45:48,163 [INFO] Época 1/30, Batch 300/3348, Loss: 0.6796
2025-10-10 04:45:48,425 [INFO] Época 1/30, Batch 350/3348, Loss: 0.5596
2025-10-10 04:45:48,686 [INFO] Época 1/30, Batch 400/3348, Loss: 0.7534
2025-10-10 04:45:48,948 [INFO] Época 1/30, Batch 450/3348, Loss: 0.5052
2025-10-10 04:45:49,208 [INFO] Época 1/30, Batch 500/3348, Loss: 0.5435
2025-10-10 04:45:49,469 [INFO] Época 1/30, Batch 550/3348, Loss: 0.8144
2025-10-10 04:45:49,730 [INFO] Época 1/30, Batch 600/3348, Loss: 0.4996
2025-10-10 04:45:49,989 [INFO] Época 1/30, Batch 650/3348, Loss: 0.4280
2025-10-10 04:45:50,252 [INFO] Época 1/30, Batch 700/3348, Loss: 0.4369
2025-10-10 04:45:50,512 [INFO] Época 1/30, Batch 750/3348, Loss: 0.4208
2025-10-10 04:45:50,772 [INFO] Época 1/30, Batch 800/3348, Loss: 0.5127
2025-10-10 04:45:51,031 [INFO] Época 1/30, Batch 850/3348, Loss: 0.5384
2025-10-10 04:45:51,289 [INFO] Época 1/30, Batch 900/3348, Loss: 0.4817
2025-10-10 04:45:51,550 [INFO] Época 1/30, Batch 950/3348, Loss: 0.5179
2025-10-10 04:45:51,811 [INFO] Época 1/30, Batch 1000/3348, Loss: 0.4713
2025-10-10 04:45:52,077 [INFO] Época 1/30, Batch 1050/3348, Loss: 0.6895
2025-10-10 04:45:52,340 [INFO] Época 1/30, Batch 1100/3348, Loss: 0.6801
2025-10-10 04:45:52,605 [INFO] Época 1/30, Batch 1150/3348, Loss: 0.4572
2025-10-10 04:45:52,869 [INFO] Época 1/30, Batch 1200/3348, Loss: 0.4831
2025-10-10 04:45:53,124 [INFO] Época 1/30, Batch 1250/3348, Loss: 0.4759
2025-10-10 04:45:53,395 [INFO] Época 1/30, Batch 1300/3348, Loss: 0.5090
2025-10-10 04:45:53,671 [INFO] Época 1/30, Batch 1350/3348, Loss: 0.4994
2025-10-10 04:45:53,939 [INFO] Época 1/30, Batch 1400/3348, Loss: 0.6717
2025-10-10 04:45:54,204 [INFO] Época 1/30, Batch 1450/3348, Loss: 0.4731
2025-10-10 04:45:54,466 [INFO] Época 1/30, Batch 1500/3348, Loss: 0.5211
2025-10-10 04:45:54,728 [INFO] Época 1/30, Batch 1550/3348, Loss: 0.4684
2025-10-10 04:45:54,991 [INFO] Época 1/30, Batch 1600/3348, Loss: 0.5549
2025-10-10 04:45:55,253 [INFO] Época 1/30, Batch 1650/3348, Loss: 0.5881
2025-10-10 04:45:55,515 [INFO] Época 1/30, Batch 1700/3348, Loss: 0.8268
2025-10-10 04:45:55,777 [INFO] Época 1/30, Batch 1750/3348, Loss: 0.5819
2025-10-10 04:45:56,039 [INFO] Época 1/30, Batch 1800/3348, Loss: 0.4266
2025-10-10 04:45:56,300 [INFO] Época 1/30, Batch 1850/3348, Loss: 0.4433
2025-10-10 04:45:56,562 [INFO] Época 1/30, Batch 1900/3348, Loss: 0.6194
2025-10-10 04:45:56,823 [INFO] Época 1/30, Batch 1950/3348, Loss: 0.4958
2025-10-10 04:45:57,099 [INFO] Época 1/30, Batch 2000/3348, Loss: 0.4787
2025-10-10 04:45:57,363 [INFO] Época 1/30, Batch 2050/3348, Loss: 0.5627
2025-10-10 04:45:57,624 [INFO] Época 1/30, Batch 2100/3348, Loss: 0.5325
2025-10-10 04:45:57,886 [INFO] Época 1/30, Batch 2150/3348, Loss: 0.5322
2025-10-10 04:45:58,147 [INFO] Época 1/30, Batch 2200/3348, Loss: 0.5441
2025-10-10 04:45:58,410 [INFO] Época 1/30, Batch 2250/3348, Loss: 0.4553
2025-10-10 04:45:58,672 [INFO] Época 1/30, Batch 2300/3348, Loss: 0.6491
2025-10-10 04:45:58,932 [INFO] Época 1/30, Batch 2350/3348, Loss: 0.3757
2025-10-10 04:45:59,193 [INFO] Época 1/30, Batch 2400/3348, Loss: 0.5076
2025-10-10 04:45:59,455 [INFO] Época 1/30, Batch 2450/3348, Loss: 0.4723
2025-10-10 04:45:59,716 [INFO] Época 1/30, Batch 2500/3348, Loss: 0.5772
2025-10-10 04:45:59,979 [INFO] Época 1/30, Batch 2550/3348, Loss: 0.4965
2025-10-10 04:46:00,241 [INFO] Época 1/30, Batch 2600/3348, Loss: 0.4837
2025-10-10 04:46:00,503 [INFO] Época 1/30, Batch 2650/3348, Loss: 0.5296
2025-10-10 04:46:00,763 [INFO] Época 1/30, Batch 2700/3348, Loss: 0.6513
2025-10-10 04:46:01,022 [INFO] Época 1/30, Batch 2750/3348, Loss: 0.5283
2025-10-10 04:46:01,282 [INFO] Época 1/30, Batch 2800/3348, Loss: 0.3531
2025-10-10 04:46:01,544 [INFO] Época 1/30, Batch 2850/3348, Loss: 0.5998
2025-10-10 04:46:01,805 [INFO] Época 1/30, Batch 2900/3348, Loss: 0.5010
2025-10-10 04:46:02,067 [INFO] Época 1/30, Batch 2950/3348, Loss: 0.7320
2025-10-10 04:46:02,330 [INFO] Época 1/30, Batch 3000/3348, Loss: 0.6618
2025-10-10 04:46:02,593 [INFO] Época 1/30, Batch 3050/3348, Loss: 0.4183
2025-10-10 04:46:02,855 [INFO] Época 1/30, Batch 3100/3348, Loss: 0.4159
2025-10-10 04:46:03,116 [INFO] Época 1/30, Batch 3150/3348, Loss: 0.6664
2025-10-10 04:46:03,377 [INFO] Época 1/30, Batch 3200/3348, Loss: 0.5470
2025-10-10 04:46:03,640 [INFO] Época 1/30, Batch 3250/3348, Loss: 0.6491
2025-10-10 04:46:03,903 [INFO] Época 1/30, Batch 3300/3348, Loss: 0.4567
2025-10-10 04:46:05,763 [INFO] [1/30] Train Loss: 0.5309 | Val Loss: 0.7261 | Tempo: 19.47s
2025-10-10 04:46:05,769 [INFO] Melhor modelo salvo em: /mnt/hdd/home/jdurao/ToolBox-ChemXAI/models/mlp_qm9_EState_att8_large.pth
2025-10-10 04:46:06,335 [INFO] Época 2/30, Batch 50/3348, Loss: 0.6676
2025-10-10 04:46:06,601 [INFO] Época 2/30, Batch 100/3348, Loss: 0.5094
2025-10-10 04:46:06,865 [INFO] Época 2/30, Batch 150/3348, Loss: 0.4403
2025-10-10 04:46:07,129 [INFO] Época 2/30, Batch 200/3348, Loss: 0.4830
2025-10-10 04:46:07,393 [INFO] Época 2/30, Batch 250/3348, Loss: 0.6619
2025-10-10 04:46:07,653 [INFO] Época 2/30, Batch 300/3348, Loss: 0.7369
2025-10-10 04:46:07,913 [INFO] Época 2/30, Batch 350/3348, Loss: 0.6936
2025-10-10 04:46:08,176 [INFO] Época 2/30, Batch 400/3348, Loss: 0.5906
2025-10-10 04:46:08,437 [INFO] Época 2/30, Batch 450/3348, Loss: 0.3877
2025-10-10 04:46:08,698 [INFO] Época 2/30, Batch 500/3348, Loss: 0.5366
2025-10-10 04:46:08,958 [INFO] Época 2/30, Batch 550/3348, Loss: 0.4240
2025-10-10 04:46:09,217 [INFO] Época 2/30, Batch 600/3348, Loss: 0.4480
2025-10-10 04:46:09,476 [INFO] Época 2/30, Batch 650/3348, Loss: 0.4629
2025-10-10 04:46:09,734 [INFO] Época 2/30, Batch 700/3348, Loss: 0.5396
2025-10-10 04:46:09,987 [INFO] Época 2/30, Batch 750/3348, Loss: 0.6493
2025-10-10 04:46:10,238 [INFO] Época 2/30, Batch 800/3348, Loss: 0.5322
2025-10-10 04:46:10,488 [INFO] Época 2/30, Batch 850/3348, Loss: 0.3696
2025-10-10 04:46:10,741 [INFO] Época 2/30, Batch 900/3348, Loss: 0.5769
2025-10-10 04:46:10,990 [INFO] Época 2/30, Batch 950/3348, Loss: 0.6012
2025-10-10 04:46:11,252 [INFO] Época 2/30, Batch 1000/3348, Loss: 0.3796
2025-10-10 04:46:11,502 [INFO] Época 2/30, Batch 1050/3348, Loss: 0.7921
2025-10-10 04:46:11,753 [INFO] Época 2/30, Batch 1100/3348, Loss: 0.5568
2025-10-10 04:46:12,004 [INFO] Época 2/30, Batch 1150/3348, Loss: 0.6442
2025-10-10 04:46:12,254 [INFO] Época 2/30, Batch 1200/3348, Loss: 0.7478
2025-10-10 04:46:12,505 [INFO] Época 2/30, Batch 1250/3348, Loss: 0.4180
2025-10-10 04:46:12,762 [INFO] Época 2/30, Batch 1300/3348, Loss: 0.4793
2025-10-10 04:46:13,022 [INFO] Época 2/30, Batch 1350/3348, Loss: 0.4698
2025-10-10 04:46:13,282 [INFO] Época 2/30, Batch 1400/3348, Loss: 0.5236
2025-10-10 04:46:13,540 [INFO] Época 2/30, Batch 1450/3348, Loss: 0.4012
2025-10-10 04:46:13,801 [INFO] Época 2/30, Batch 1500/3348, Loss: 0.4960
2025-10-10 04:46:14,064 [INFO] Época 2/30, Batch 1550/3348, Loss: 0.3927
2025-10-10 04:46:14,326 [INFO] Época 2/30, Batch 1600/3348, Loss: 0.3839
2025-10-10 04:46:14,589 [INFO] Época 2/30, Batch 1650/3348, Loss: 0.4437
2025-10-10 04:46:14,850 [INFO] Época 2/30, Batch 1700/3348, Loss: 0.3679
2025-10-10 04:46:15,109 [INFO] Época 2/30, Batch 1750/3348, Loss: 0.4981
2025-10-10 04:46:15,367 [INFO] Época 2/30, Batch 1800/3348, Loss: 0.5666
2025-10-10 04:46:15,626 [INFO] Época 2/30, Batch 1850/3348, Loss: 0.5249
2025-10-10 04:46:15,885 [INFO] Época 2/30, Batch 1900/3348, Loss: 0.5425
2025-10-10 04:46:16,143 [INFO] Época 2/30, Batch 1950/3348, Loss: 0.6657
2025-10-10 04:46:16,415 [INFO] Época 2/30, Batch 2000/3348, Loss: 0.5749
2025-10-10 04:46:16,675 [INFO] Época 2/30, Batch 2050/3348, Loss: 0.6724
2025-10-10 04:46:16,938 [INFO] Época 2/30, Batch 2100/3348, Loss: 0.5203
2025-10-10 04:46:17,200 [INFO] Época 2/30, Batch 2150/3348, Loss: 0.5032
2025-10-10 04:46:17,462 [INFO] Época 2/30, Batch 2200/3348, Loss: 0.4764
2025-10-10 04:46:17,725 [INFO] Época 2/30, Batch 2250/3348, Loss: 0.3726
2025-10-10 04:46:17,985 [INFO] Época 2/30, Batch 2300/3348, Loss: 0.5614
2025-10-10 04:46:18,248 [INFO] Época 2/30, Batch 2350/3348, Loss: 0.3958
2025-10-10 04:46:18,508 [INFO] Época 2/30, Batch 2400/3348, Loss: 0.5629
2025-10-10 04:46:18,770 [INFO] Época 2/30, Batch 2450/3348, Loss: 0.4552
2025-10-10 04:46:19,032 [INFO] Época 2/30, Batch 2500/3348, Loss: 0.4741
2025-10-10 04:46:19,295 [INFO] Época 2/30, Batch 2550/3348, Loss: 0.7104
2025-10-10 04:46:19,556 [INFO] Época 2/30, Batch 2600/3348, Loss: 0.5817
2025-10-10 04:46:19,816 [INFO] Época 2/30, Batch 2650/3348, Loss: 0.4202
2025-10-10 04:46:20,074 [INFO] Época 2/30, Batch 2700/3348, Loss: 0.4623
2025-10-10 04:46:20,333 [INFO] Época 2/30, Batch 2750/3348, Loss: 0.4815
2025-10-10 04:46:20,594 [INFO] Época 2/30, Batch 2800/3348, Loss: 0.4370
2025-10-10 04:46:20,852 [INFO] Época 2/30, Batch 2850/3348, Loss: 0.5068
2025-10-10 04:46:21,110 [INFO] Época 2/30, Batch 2900/3348, Loss: 0.7534
2025-10-10 04:46:21,369 [INFO] Época 2/30, Batch 2950/3348, Loss: 0.4553
2025-10-10 04:46:21,627 [INFO] Época 2/30, Batch 3000/3348, Loss: 0.3975
2025-10-10 04:46:21,888 [INFO] Época 2/30, Batch 3050/3348, Loss: 0.3743
2025-10-10 04:46:22,146 [INFO] Época 2/30, Batch 3100/3348, Loss: 0.4347
2025-10-10 04:46:22,406 [INFO] Época 2/30, Batch 3150/3348, Loss: 0.4290
2025-10-10 04:46:22,666 [INFO] Época 2/30, Batch 3200/3348, Loss: 0.3657
2025-10-10 04:46:22,926 [INFO] Época 2/30, Batch 3250/3348, Loss: 0.4783
2025-10-10 04:46:23,186 [INFO] Época 2/30, Batch 3300/3348, Loss: 0.3789
2025-10-10 04:46:24,866 [INFO] [2/30] Train Loss: 0.5152 | Val Loss: 0.7386 | Tempo: 19.10s
2025-10-10 04:46:25,411 [INFO] Época 3/30, Batch 50/3348, Loss: 0.5571
2025-10-10 04:46:25,675 [INFO] Época 3/30, Batch 100/3348, Loss: 0.5202
2025-10-10 04:46:25,941 [INFO] Época 3/30, Batch 150/3348, Loss: 0.4004
2025-10-10 04:46:26,200 [INFO] Época 3/30, Batch 200/3348, Loss: 0.5008
2025-10-10 04:46:26,462 [INFO] Época 3/30, Batch 250/3348, Loss: 0.5544
2025-10-10 04:46:26,721 [INFO] Época 3/30, Batch 300/3348, Loss: 0.5809
2025-10-10 04:46:26,980 [INFO] Época 3/30, Batch 350/3348, Loss: 0.5378
2025-10-10 04:46:27,239 [INFO] Época 3/30, Batch 400/3348, Loss: 0.4233
2025-10-10 04:46:27,494 [INFO] Época 3/30, Batch 450/3348, Loss: 0.6300
2025-10-10 04:46:27,751 [INFO] Época 3/30, Batch 500/3348, Loss: 0.4586
2025-10-10 04:46:28,010 [INFO] Época 3/30, Batch 550/3348, Loss: 0.6325
2025-10-10 04:46:28,268 [INFO] Época 3/30, Batch 600/3348, Loss: 0.5821
2025-10-10 04:46:28,524 [INFO] Época 3/30, Batch 650/3348, Loss: 0.5306
2025-10-10 04:46:28,780 [INFO] Época 3/30, Batch 700/3348, Loss: 0.4324
2025-10-10 04:46:29,037 [INFO] Época 3/30, Batch 750/3348, Loss: 0.6423
2025-10-10 04:46:29,294 [INFO] Época 3/30, Batch 800/3348, Loss: 0.5994
2025-10-10 04:46:29,551 [INFO] Época 3/30, Batch 850/3348, Loss: 0.4713
2025-10-10 04:46:29,808 [INFO] Época 3/30, Batch 900/3348, Loss: 0.4957
2025-10-10 04:46:30,064 [INFO] Época 3/30, Batch 950/3348, Loss: 0.5844
2025-10-10 04:46:30,319 [INFO] Época 3/30, Batch 1000/3348, Loss: 0.4842
2025-10-10 04:46:30,577 [INFO] Época 3/30, Batch 1050/3348, Loss: 0.4202
2025-10-10 04:46:30,833 [INFO] Época 3/30, Batch 1100/3348, Loss: 0.6368
2025-10-10 04:46:31,089 [INFO] Época 3/30, Batch 1150/3348, Loss: 0.5463
2025-10-10 04:46:31,347 [INFO] Época 3/30, Batch 1200/3348, Loss: 0.3988
2025-10-10 04:46:31,605 [INFO] Época 3/30, Batch 1250/3348, Loss: 0.5730
2025-10-10 04:46:31,878 [INFO] Época 3/30, Batch 1300/3348, Loss: 0.5866
2025-10-10 04:46:32,136 [INFO] Época 3/30, Batch 1350/3348, Loss: 0.5330
2025-10-10 04:46:32,396 [INFO] Época 3/30, Batch 1400/3348, Loss: 0.5561
2025-10-10 04:46:32,654 [INFO] Época 3/30, Batch 1450/3348, Loss: 0.4130
2025-10-10 04:46:32,911 [INFO] Época 3/30, Batch 1500/3348, Loss: 0.6620
2025-10-10 04:46:33,176 [INFO] Época 3/30, Batch 1550/3348, Loss: 0.5626
2025-10-10 04:46:33,434 [INFO] Época 3/30, Batch 1600/3348, Loss: 0.3760
2025-10-10 04:46:33,690 [INFO] Época 3/30, Batch 1650/3348, Loss: 0.6125
2025-10-10 04:46:33,948 [INFO] Época 3/30, Batch 1700/3348, Loss: 0.5063
2025-10-10 04:46:34,206 [INFO] Época 3/30, Batch 1750/3348, Loss: 0.7141
2025-10-10 04:46:34,467 [INFO] Época 3/30, Batch 1800/3348, Loss: 0.4623
2025-10-10 04:46:34,728 [INFO] Época 3/30, Batch 1850/3348, Loss: 0.4741
2025-10-10 04:46:34,987 [INFO] Época 3/30, Batch 1900/3348, Loss: 0.4463
2025-10-10 04:46:35,247 [INFO] Época 3/30, Batch 1950/3348, Loss: 0.6171
2025-10-10 04:46:35,506 [INFO] Época 3/30, Batch 2000/3348, Loss: 0.5089
2025-10-10 04:46:35,768 [INFO] Época 3/30, Batch 2050/3348, Loss: 0.5493
2025-10-10 04:46:36,030 [INFO] Época 3/30, Batch 2100/3348, Loss: 0.4968
2025-10-10 04:46:36,291 [INFO] Época 3/30, Batch 2150/3348, Loss: 0.4887
2025-10-10 04:46:36,552 [INFO] Época 3/30, Batch 2200/3348, Loss: 0.4863
2025-10-10 04:46:36,813 [INFO] Época 3/30, Batch 2250/3348, Loss: 0.5482
2025-10-10 04:46:37,074 [INFO] Época 3/30, Batch 2300/3348, Loss: 0.5501
2025-10-10 04:46:37,334 [INFO] Época 3/30, Batch 2350/3348, Loss: 0.7029
2025-10-10 04:46:37,596 [INFO] Época 3/30, Batch 2400/3348, Loss: 0.4383
2025-10-10 04:46:37,858 [INFO] Época 3/30, Batch 2450/3348, Loss: 0.4807
2025-10-10 04:46:38,121 [INFO] Época 3/30, Batch 2500/3348, Loss: 0.6029
2025-10-10 04:46:38,383 [INFO] Época 3/30, Batch 2550/3348, Loss: 0.6351
2025-10-10 04:46:38,640 [INFO] Época 3/30, Batch 2600/3348, Loss: 0.4806
2025-10-10 04:46:38,896 [INFO] Época 3/30, Batch 2650/3348, Loss: 0.4752
2025-10-10 04:46:39,153 [INFO] Época 3/30, Batch 2700/3348, Loss: 0.4452
2025-10-10 04:46:39,412 [INFO] Época 3/30, Batch 2750/3348, Loss: 0.3970
2025-10-10 04:46:39,670 [INFO] Época 3/30, Batch 2800/3348, Loss: 0.3335
2025-10-10 04:46:39,927 [INFO] Época 3/30, Batch 2850/3348, Loss: 0.7244
2025-10-10 04:46:40,184 [INFO] Época 3/30, Batch 2900/3348, Loss: 0.6244
2025-10-10 04:46:40,440 [INFO] Época 3/30, Batch 2950/3348, Loss: 0.5052
2025-10-10 04:46:40,698 [INFO] Época 3/30, Batch 3000/3348, Loss: 0.5778
2025-10-10 04:46:40,955 [INFO] Época 3/30, Batch 3050/3348, Loss: 0.6120
2025-10-10 04:46:41,213 [INFO] Época 3/30, Batch 3100/3348, Loss: 0.6029
2025-10-10 04:46:41,472 [INFO] Época 3/30, Batch 3150/3348, Loss: 0.4420
2025-10-10 04:46:41,730 [INFO] Época 3/30, Batch 3200/3348, Loss: 0.4126
2025-10-10 04:46:41,986 [INFO] Época 3/30, Batch 3250/3348, Loss: 0.5032
2025-10-10 04:46:42,251 [INFO] Época 3/30, Batch 3300/3348, Loss: 0.4384
2025-10-10 04:46:43,944 [INFO] [3/30] Train Loss: 0.5096 | Val Loss: 0.7903 | Tempo: 19.08s
2025-10-10 04:46:44,512 [INFO] Época 4/30, Batch 50/3348, Loss: 0.5837
2025-10-10 04:46:44,789 [INFO] Época 4/30, Batch 100/3348, Loss: 0.6618
2025-10-10 04:46:45,055 [INFO] Época 4/30, Batch 150/3348, Loss: 0.6037
2025-10-10 04:46:45,314 [INFO] Época 4/30, Batch 200/3348, Loss: 0.5653
2025-10-10 04:46:45,572 [INFO] Época 4/30, Batch 250/3348, Loss: 0.4295
2025-10-10 04:46:45,845 [INFO] Época 4/30, Batch 300/3348, Loss: 0.4856
2025-10-10 04:46:46,120 [INFO] Época 4/30, Batch 350/3348, Loss: 0.6297
2025-10-10 04:46:46,392 [INFO] Época 4/30, Batch 400/3348, Loss: 0.3686
2025-10-10 04:46:46,663 [INFO] Época 4/30, Batch 450/3348, Loss: 0.6102
2025-10-10 04:46:46,933 [INFO] Época 4/30, Batch 500/3348, Loss: 0.5649
2025-10-10 04:46:47,206 [INFO] Época 4/30, Batch 550/3348, Loss: 0.3846
2025-10-10 04:46:47,488 [INFO] Época 4/30, Batch 600/3348, Loss: 0.5997
2025-10-10 04:46:47,760 [INFO] Época 4/30, Batch 650/3348, Loss: 0.4958
2025-10-10 04:46:48,029 [INFO] Época 4/30, Batch 700/3348, Loss: 0.5379
2025-10-10 04:46:48,296 [INFO] Época 4/30, Batch 750/3348, Loss: 0.6094
2025-10-10 04:46:48,564 [INFO] Época 4/30, Batch 800/3348, Loss: 0.4851
2025-10-10 04:46:48,824 [INFO] Época 4/30, Batch 850/3348, Loss: 0.5321
2025-10-10 04:46:49,090 [INFO] Época 4/30, Batch 900/3348, Loss: 0.4541
2025-10-10 04:46:49,356 [INFO] Época 4/30, Batch 950/3348, Loss: 0.5610
2025-10-10 04:46:49,623 [INFO] Época 4/30, Batch 1000/3348, Loss: 0.5200
2025-10-10 04:46:49,893 [INFO] Época 4/30, Batch 1050/3348, Loss: 0.6741
2025-10-10 04:46:50,160 [INFO] Época 4/30, Batch 1100/3348, Loss: 0.3734
2025-10-10 04:46:50,428 [INFO] Época 4/30, Batch 1150/3348, Loss: 0.4520
2025-10-10 04:46:50,694 [INFO] Época 4/30, Batch 1200/3348, Loss: 0.5152
2025-10-10 04:46:50,962 [INFO] Época 4/30, Batch 1250/3348, Loss: 0.4398
2025-10-10 04:46:51,230 [INFO] Época 4/30, Batch 1300/3348, Loss: 0.4326
2025-10-10 04:46:51,497 [INFO] Época 4/30, Batch 1350/3348, Loss: 0.4512
2025-10-10 04:46:51,762 [INFO] Época 4/30, Batch 1400/3348, Loss: 0.4257
2025-10-10 04:46:52,034 [INFO] Época 4/30, Batch 1450/3348, Loss: 0.5674
2025-10-10 04:46:52,309 [INFO] Época 4/30, Batch 1500/3348, Loss: 0.4045
2025-10-10 04:46:52,593 [INFO] Época 4/30, Batch 1550/3348, Loss: 0.5624
2025-10-10 04:46:52,861 [INFO] Época 4/30, Batch 1600/3348, Loss: 0.6462
2025-10-10 04:46:53,128 [INFO] Época 4/30, Batch 1650/3348, Loss: 0.5165
2025-10-10 04:46:53,395 [INFO] Época 4/30, Batch 1700/3348, Loss: 0.7321
2025-10-10 04:46:53,659 [INFO] Época 4/30, Batch 1750/3348, Loss: 0.4320
2025-10-10 04:46:53,918 [INFO] Época 4/30, Batch 1800/3348, Loss: 0.5045
2025-10-10 04:46:54,177 [INFO] Época 4/30, Batch 1850/3348, Loss: 0.5689
2025-10-10 04:46:54,435 [INFO] Época 4/30, Batch 1900/3348, Loss: 0.5336
2025-10-10 04:46:54,694 [INFO] Época 4/30, Batch 1950/3348, Loss: 0.5525
2025-10-10 04:46:54,960 [INFO] Época 4/30, Batch 2000/3348, Loss: 0.6029
2025-10-10 04:46:55,228 [INFO] Época 4/30, Batch 2050/3348, Loss: 0.5672
2025-10-10 04:46:55,497 [INFO] Época 4/30, Batch 2100/3348, Loss: 0.4286
2025-10-10 04:46:55,766 [INFO] Época 4/30, Batch 2150/3348, Loss: 0.5623
2025-10-10 04:46:56,033 [INFO] Época 4/30, Batch 2200/3348, Loss: 0.4878
2025-10-10 04:46:56,303 [INFO] Época 4/30, Batch 2250/3348, Loss: 0.5131
2025-10-10 04:46:56,573 [INFO] Época 4/30, Batch 2300/3348, Loss: 0.6220
2025-10-10 04:46:56,844 [INFO] Época 4/30, Batch 2350/3348, Loss: 0.4808
2025-10-10 04:46:57,111 [INFO] Época 4/30, Batch 2400/3348, Loss: 0.4174
2025-10-10 04:46:57,379 [INFO] Época 4/30, Batch 2450/3348, Loss: 0.5568
2025-10-10 04:46:57,648 [INFO] Época 4/30, Batch 2500/3348, Loss: 0.3317
2025-10-10 04:46:57,915 [INFO] Época 4/30, Batch 2550/3348, Loss: 0.5079
2025-10-10 04:46:58,185 [INFO] Época 4/30, Batch 2600/3348, Loss: 0.5409
2025-10-10 04:46:58,455 [INFO] Época 4/30, Batch 2650/3348, Loss: 0.6690
2025-10-10 04:46:58,724 [INFO] Época 4/30, Batch 2700/3348, Loss: 0.7376
2025-10-10 04:46:58,995 [INFO] Época 4/30, Batch 2750/3348, Loss: 0.5808
2025-10-10 04:46:59,262 [INFO] Época 4/30, Batch 2800/3348, Loss: 0.5765
2025-10-10 04:46:59,531 [INFO] Época 4/30, Batch 2850/3348, Loss: 0.5151
2025-10-10 04:46:59,798 [INFO] Época 4/30, Batch 2900/3348, Loss: 0.5100
2025-10-10 04:47:00,061 [INFO] Época 4/30, Batch 2950/3348, Loss: 0.4330
2025-10-10 04:47:00,319 [INFO] Época 4/30, Batch 3000/3348, Loss: 0.6231
2025-10-10 04:47:00,578 [INFO] Época 4/30, Batch 3050/3348, Loss: 0.4984
2025-10-10 04:47:00,838 [INFO] Época 4/30, Batch 3100/3348, Loss: 0.5162
2025-10-10 04:47:01,097 [INFO] Época 4/30, Batch 3150/3348, Loss: 0.6489
2025-10-10 04:47:01,356 [INFO] Época 4/30, Batch 3200/3348, Loss: 0.3420
2025-10-10 04:47:01,616 [INFO] Época 4/30, Batch 3250/3348, Loss: 0.4048
2025-10-10 04:47:01,878 [INFO] Época 4/30, Batch 3300/3348, Loss: 0.5360
2025-10-10 04:47:03,633 [INFO] [4/30] Train Loss: 0.5059 | Val Loss: 0.7467 | Tempo: 19.69s
2025-10-10 04:47:04,170 [INFO] Época 5/30, Batch 50/3348, Loss: 0.4509
2025-10-10 04:47:04,433 [INFO] Época 5/30, Batch 100/3348, Loss: 0.3920
2025-10-10 04:47:04,693 [INFO] Época 5/30, Batch 150/3348, Loss: 0.4885
2025-10-10 04:47:04,952 [INFO] Época 5/30, Batch 200/3348, Loss: 0.4992
2025-10-10 04:47:05,210 [INFO] Época 5/30, Batch 250/3348, Loss: 0.6478
2025-10-10 04:47:05,468 [INFO] Época 5/30, Batch 300/3348, Loss: 0.4996
2025-10-10 04:47:05,729 [INFO] Época 5/30, Batch 350/3348, Loss: 0.5123
2025-10-10 04:47:05,990 [INFO] Época 5/30, Batch 400/3348, Loss: 0.6314
2025-10-10 04:47:06,249 [INFO] Época 5/30, Batch 450/3348, Loss: 0.4988
2025-10-10 04:47:06,511 [INFO] Época 5/30, Batch 500/3348, Loss: 0.4021
2025-10-10 04:47:06,771 [INFO] Época 5/30, Batch 550/3348, Loss: 0.5630
2025-10-10 04:47:07,032 [INFO] Época 5/30, Batch 600/3348, Loss: 0.4779
2025-10-10 04:47:07,290 [INFO] Época 5/30, Batch 650/3348, Loss: 0.4412
2025-10-10 04:47:07,549 [INFO] Época 5/30, Batch 700/3348, Loss: 0.4803
2025-10-10 04:47:07,809 [INFO] Época 5/30, Batch 750/3348, Loss: 0.4528
2025-10-10 04:47:08,071 [INFO] Época 5/30, Batch 800/3348, Loss: 0.3717
2025-10-10 04:47:08,335 [INFO] Época 5/30, Batch 850/3348, Loss: 0.5040
2025-10-10 04:47:08,598 [INFO] Época 5/30, Batch 900/3348, Loss: 0.4288
2025-10-10 04:47:08,858 [INFO] Época 5/30, Batch 950/3348, Loss: 0.5950
2025-10-10 04:47:09,109 [INFO] Época 5/30, Batch 1000/3348, Loss: 0.3790
2025-10-10 04:47:09,359 [INFO] Época 5/30, Batch 1050/3348, Loss: 0.5557
2025-10-10 04:47:09,610 [INFO] Época 5/30, Batch 1100/3348, Loss: 0.5683
2025-10-10 04:47:09,866 [INFO] Época 5/30, Batch 1150/3348, Loss: 0.6646
2025-10-10 04:47:10,126 [INFO] Época 5/30, Batch 1200/3348, Loss: 0.4295
2025-10-10 04:47:10,386 [INFO] Época 5/30, Batch 1250/3348, Loss: 0.4974
2025-10-10 04:47:10,646 [INFO] Época 5/30, Batch 1300/3348, Loss: 0.6387
2025-10-10 04:47:10,908 [INFO] Época 5/30, Batch 1350/3348, Loss: 0.4107
2025-10-10 04:47:11,168 [INFO] Época 5/30, Batch 1400/3348, Loss: 0.4022
2025-10-10 04:47:11,427 [INFO] Época 5/30, Batch 1450/3348, Loss: 0.4654
2025-10-10 04:47:11,689 [INFO] Época 5/30, Batch 1500/3348, Loss: 0.3945
2025-10-10 04:47:11,948 [INFO] Época 5/30, Batch 1550/3348, Loss: 0.5261
2025-10-10 04:47:12,209 [INFO] Época 5/30, Batch 1600/3348, Loss: 0.4124
2025-10-10 04:47:12,469 [INFO] Época 5/30, Batch 1650/3348, Loss: 0.5012
2025-10-10 04:47:12,729 [INFO] Época 5/30, Batch 1700/3348, Loss: 0.5611
2025-10-10 04:47:12,990 [INFO] Época 5/30, Batch 1750/3348, Loss: 0.4732
2025-10-10 04:47:13,248 [INFO] Época 5/30, Batch 1800/3348, Loss: 0.4385
2025-10-10 04:47:13,508 [INFO] Época 5/30, Batch 1850/3348, Loss: 0.4944
2025-10-10 04:47:13,769 [INFO] Época 5/30, Batch 1900/3348, Loss: 0.5249
2025-10-10 04:47:14,030 [INFO] Época 5/30, Batch 1950/3348, Loss: 0.4660
2025-10-10 04:47:14,292 [INFO] Época 5/30, Batch 2000/3348, Loss: 0.4541
2025-10-10 04:47:14,553 [INFO] Época 5/30, Batch 2050/3348, Loss: 0.5588
2025-10-10 04:47:14,819 [INFO] Época 5/30, Batch 2100/3348, Loss: 0.3950
2025-10-10 04:47:15,078 [INFO] Época 5/30, Batch 2150/3348, Loss: 0.4434
2025-10-10 04:47:15,340 [INFO] Época 5/30, Batch 2200/3348, Loss: 0.4587
2025-10-10 04:47:15,604 [INFO] Época 5/30, Batch 2250/3348, Loss: 0.5499
2025-10-10 04:47:15,867 [INFO] Época 5/30, Batch 2300/3348, Loss: 0.4270
2025-10-10 04:47:16,130 [INFO] Época 5/30, Batch 2350/3348, Loss: 0.4484
2025-10-10 04:47:16,394 [INFO] Época 5/30, Batch 2400/3348, Loss: 0.6000
2025-10-10 04:47:16,657 [INFO] Época 5/30, Batch 2450/3348, Loss: 0.5356
2025-10-10 04:47:16,919 [INFO] Época 5/30, Batch 2500/3348, Loss: 0.4498
2025-10-10 04:47:17,178 [INFO] Época 5/30, Batch 2550/3348, Loss: 0.6822
2025-10-10 04:47:17,438 [INFO] Época 5/30, Batch 2600/3348, Loss: 0.5960
2025-10-10 04:47:17,700 [INFO] Época 5/30, Batch 2650/3348, Loss: 0.3342
2025-10-10 04:47:17,963 [INFO] Época 5/30, Batch 2700/3348, Loss: 0.5011
2025-10-10 04:47:18,225 [INFO] Época 5/30, Batch 2750/3348, Loss: 0.4722
2025-10-10 04:47:18,486 [INFO] Época 5/30, Batch 2800/3348, Loss: 0.4471
2025-10-10 04:47:18,746 [INFO] Época 5/30, Batch 2850/3348, Loss: 0.3907
2025-10-10 04:47:19,005 [INFO] Época 5/30, Batch 2900/3348, Loss: 0.4925
2025-10-10 04:47:19,262 [INFO] Época 5/30, Batch 2950/3348, Loss: 0.5718
2025-10-10 04:47:19,530 [INFO] Época 5/30, Batch 3000/3348, Loss: 0.5213
2025-10-10 04:47:19,789 [INFO] Época 5/30, Batch 3050/3348, Loss: 0.6815
2025-10-10 04:47:20,047 [INFO] Época 5/30, Batch 3100/3348, Loss: 0.5247
2025-10-10 04:47:20,307 [INFO] Época 5/30, Batch 3150/3348, Loss: 0.3800
2025-10-10 04:47:20,563 [INFO] Época 5/30, Batch 3200/3348, Loss: 0.5147
2025-10-10 04:47:20,821 [INFO] Época 5/30, Batch 3250/3348, Loss: 0.4481
2025-10-10 04:47:21,081 [INFO] Época 5/30, Batch 3300/3348, Loss: 0.5619
2025-10-10 04:47:22,850 [INFO] [5/30] Train Loss: 0.5039 | Val Loss: 0.7636 | Tempo: 19.22s
2025-10-10 04:47:23,402 [INFO] Época 6/30, Batch 50/3348, Loss: 0.5410
2025-10-10 04:47:23,664 [INFO] Época 6/30, Batch 100/3348, Loss: 0.3936
2025-10-10 04:47:23,922 [INFO] Época 6/30, Batch 150/3348, Loss: 0.5449
2025-10-10 04:47:24,179 [INFO] Época 6/30, Batch 200/3348, Loss: 0.4268
2025-10-10 04:47:24,436 [INFO] Época 6/30, Batch 250/3348, Loss: 0.4326
2025-10-10 04:47:24,693 [INFO] Época 6/30, Batch 300/3348, Loss: 0.5963
2025-10-10 04:47:24,951 [INFO] Época 6/30, Batch 350/3348, Loss: 0.4873
2025-10-10 04:47:25,208 [INFO] Época 6/30, Batch 400/3348, Loss: 0.4607
2025-10-10 04:47:25,464 [INFO] Época 6/30, Batch 450/3348, Loss: 0.5465
2025-10-10 04:47:25,718 [INFO] Época 6/30, Batch 500/3348, Loss: 0.5494
2025-10-10 04:47:25,976 [INFO] Época 6/30, Batch 550/3348, Loss: 0.6017
2025-10-10 04:47:26,234 [INFO] Época 6/30, Batch 600/3348, Loss: 0.4211
2025-10-10 04:47:26,491 [INFO] Época 6/30, Batch 650/3348, Loss: 0.3833
2025-10-10 04:47:26,746 [INFO] Época 6/30, Batch 700/3348, Loss: 0.4020
2025-10-10 04:47:27,002 [INFO] Época 6/30, Batch 750/3348, Loss: 0.3502
2025-10-10 04:47:27,258 [INFO] Época 6/30, Batch 800/3348, Loss: 0.3604
2025-10-10 04:47:27,513 [INFO] Época 6/30, Batch 850/3348, Loss: 0.4729
2025-10-10 04:47:27,773 [INFO] Época 6/30, Batch 900/3348, Loss: 0.4957
2025-10-10 04:47:28,031 [INFO] Época 6/30, Batch 950/3348, Loss: 0.5882
2025-10-10 04:47:28,292 [INFO] Época 6/30, Batch 1000/3348, Loss: 0.4056
2025-10-10 04:47:28,550 [INFO] Época 6/30, Batch 1050/3348, Loss: 0.5604
2025-10-10 04:47:28,806 [INFO] Época 6/30, Batch 1100/3348, Loss: 0.5548
2025-10-10 04:47:29,067 [INFO] Época 6/30, Batch 1150/3348, Loss: 0.7417
2025-10-10 04:47:29,323 [INFO] Época 6/30, Batch 1200/3348, Loss: 0.5685
2025-10-10 04:47:29,581 [INFO] Época 6/30, Batch 1250/3348, Loss: 0.6807
2025-10-10 04:47:29,838 [INFO] Época 6/30, Batch 1300/3348, Loss: 0.6631
2025-10-10 04:47:30,092 [INFO] Época 6/30, Batch 1350/3348, Loss: 0.5354
2025-10-10 04:47:30,353 [INFO] Época 6/30, Batch 1400/3348, Loss: 0.4056
2025-10-10 04:47:30,611 [INFO] Época 6/30, Batch 1450/3348, Loss: 0.4451
2025-10-10 04:47:30,868 [INFO] Época 6/30, Batch 1500/3348, Loss: 0.5715
2025-10-10 04:47:31,123 [INFO] Época 6/30, Batch 1550/3348, Loss: 0.5664
2025-10-10 04:47:31,379 [INFO] Época 6/30, Batch 1600/3348, Loss: 0.5520
2025-10-10 04:47:31,640 [INFO] Época 6/30, Batch 1650/3348, Loss: 0.4790
2025-10-10 04:47:31,897 [INFO] Época 6/30, Batch 1700/3348, Loss: 0.5554
2025-10-10 04:47:32,155 [INFO] Época 6/30, Batch 1750/3348, Loss: 0.2861
2025-10-10 04:47:32,412 [INFO] Época 6/30, Batch 1800/3348, Loss: 0.4492
2025-10-10 04:47:32,670 [INFO] Época 6/30, Batch 1850/3348, Loss: 0.4960
2025-10-10 04:47:32,938 [INFO] Época 6/30, Batch 1900/3348, Loss: 0.4881
2025-10-10 04:47:33,203 [INFO] Época 6/30, Batch 1950/3348, Loss: 0.4871
2025-10-10 04:47:33,467 [INFO] Época 6/30, Batch 2000/3348, Loss: 0.5411
2025-10-10 04:47:33,724 [INFO] Época 6/30, Batch 2050/3348, Loss: 0.4604
2025-10-10 04:47:33,982 [INFO] Época 6/30, Batch 2100/3348, Loss: 0.4791
2025-10-10 04:47:34,241 [INFO] Época 6/30, Batch 2150/3348, Loss: 0.4524
2025-10-10 04:47:34,499 [INFO] Época 6/30, Batch 2200/3348, Loss: 0.4739
2025-10-10 04:47:34,755 [INFO] Época 6/30, Batch 2250/3348, Loss: 0.5048
2025-10-10 04:47:35,022 [INFO] Época 6/30, Batch 2300/3348, Loss: 0.5008
2025-10-10 04:47:35,279 [INFO] Época 6/30, Batch 2350/3348, Loss: 0.3360
2025-10-10 04:47:35,538 [INFO] Época 6/30, Batch 2400/3348, Loss: 0.3499
2025-10-10 04:47:35,793 [INFO] Época 6/30, Batch 2450/3348, Loss: 0.4186
2025-10-10 04:47:36,055 [INFO] Época 6/30, Batch 2500/3348, Loss: 0.4631
2025-10-10 04:47:36,316 [INFO] Época 6/30, Batch 2550/3348, Loss: 0.4947
2025-10-10 04:47:36,578 [INFO] Época 6/30, Batch 2600/3348, Loss: 0.3985
2025-10-10 04:47:36,842 [INFO] Época 6/30, Batch 2650/3348, Loss: 0.5180
2025-10-10 04:47:37,102 [INFO] Época 6/30, Batch 2700/3348, Loss: 0.4594
2025-10-10 04:47:37,363 [INFO] Época 6/30, Batch 2750/3348, Loss: 0.5279
2025-10-10 04:47:37,624 [INFO] Época 6/30, Batch 2800/3348, Loss: 0.6007
2025-10-10 04:47:37,885 [INFO] Época 6/30, Batch 2850/3348, Loss: 0.4809
2025-10-10 04:47:38,147 [INFO] Época 6/30, Batch 2900/3348, Loss: 0.6055
2025-10-10 04:47:38,410 [INFO] Época 6/30, Batch 2950/3348, Loss: 0.4121
2025-10-10 04:47:38,671 [INFO] Época 6/30, Batch 3000/3348, Loss: 0.4557
2025-10-10 04:47:38,934 [INFO] Época 6/30, Batch 3050/3348, Loss: 0.4947
2025-10-10 04:47:39,195 [INFO] Época 6/30, Batch 3100/3348, Loss: 0.5528
2025-10-10 04:47:39,449 [INFO] Época 6/30, Batch 3150/3348, Loss: 0.3837
2025-10-10 04:47:39,703 [INFO] Época 6/30, Batch 3200/3348, Loss: 0.3925
2025-10-10 04:47:39,958 [INFO] Época 6/30, Batch 3250/3348, Loss: 0.5059
2025-10-10 04:47:40,221 [INFO] Época 6/30, Batch 3300/3348, Loss: 0.5529
2025-10-10 04:47:41,918 [INFO] [6/30] Train Loss: 0.5020 | Val Loss: 0.7907 | Tempo: 19.07s
2025-10-10 04:47:42,476 [INFO] Época 7/30, Batch 50/3348, Loss: 0.4606
2025-10-10 04:47:42,746 [INFO] Época 7/30, Batch 100/3348, Loss: 0.3689
2025-10-10 04:47:43,014 [INFO] Época 7/30, Batch 150/3348, Loss: 0.4518
2025-10-10 04:47:43,281 [INFO] Época 7/30, Batch 200/3348, Loss: 0.3941
2025-10-10 04:47:43,549 [INFO] Época 7/30, Batch 250/3348, Loss: 0.5024
2025-10-10 04:47:43,815 [INFO] Época 7/30, Batch 300/3348, Loss: 0.4627
2025-10-10 04:47:44,083 [INFO] Época 7/30, Batch 350/3348, Loss: 0.4035
2025-10-10 04:47:44,348 [INFO] Época 7/30, Batch 400/3348, Loss: 0.4647
2025-10-10 04:47:44,613 [INFO] Época 7/30, Batch 450/3348, Loss: 0.5022
2025-10-10 04:47:44,878 [INFO] Época 7/30, Batch 500/3348, Loss: 0.4994
2025-10-10 04:47:45,144 [INFO] Época 7/30, Batch 550/3348, Loss: 0.5186
2025-10-10 04:47:45,409 [INFO] Época 7/30, Batch 600/3348, Loss: 0.4655
2025-10-10 04:47:45,676 [INFO] Época 7/30, Batch 650/3348, Loss: 0.3728
2025-10-10 04:47:45,934 [INFO] Época 7/30, Batch 700/3348, Loss: 0.4495
2025-10-10 04:47:46,192 [INFO] Época 7/30, Batch 750/3348, Loss: 0.4443
2025-10-10 04:47:46,449 [INFO] Época 7/30, Batch 800/3348, Loss: 0.3953
2025-10-10 04:47:46,707 [INFO] Época 7/30, Batch 850/3348, Loss: 0.5279
2025-10-10 04:47:46,965 [INFO] Época 7/30, Batch 900/3348, Loss: 0.6515
2025-10-10 04:47:47,221 [INFO] Época 7/30, Batch 950/3348, Loss: 0.4039
2025-10-10 04:47:47,479 [INFO] Época 7/30, Batch 1000/3348, Loss: 0.5093
2025-10-10 04:47:47,735 [INFO] Época 7/30, Batch 1050/3348, Loss: 0.5947
2025-10-10 04:47:47,990 [INFO] Época 7/30, Batch 1100/3348, Loss: 0.6546
2025-10-10 04:47:48,249 [INFO] Época 7/30, Batch 1150/3348, Loss: 0.4119
2025-10-10 04:47:48,506 [INFO] Época 7/30, Batch 1200/3348, Loss: 0.4720
2025-10-10 04:47:48,762 [INFO] Época 7/30, Batch 1250/3348, Loss: 0.4862
2025-10-10 04:47:49,017 [INFO] Época 7/30, Batch 1300/3348, Loss: 0.5606
2025-10-10 04:47:49,274 [INFO] Época 7/30, Batch 1350/3348, Loss: 0.2859
2025-10-10 04:47:49,530 [INFO] Época 7/30, Batch 1400/3348, Loss: 0.5751
2025-10-10 04:47:49,794 [INFO] Época 7/30, Batch 1450/3348, Loss: 0.5498
2025-10-10 04:47:50,058 [INFO] Época 7/30, Batch 1500/3348, Loss: 0.5858
2025-10-10 04:47:50,323 [INFO] Época 7/30, Batch 1550/3348, Loss: 0.5486
2025-10-10 04:47:50,588 [INFO] Época 7/30, Batch 1600/3348, Loss: 0.4664
2025-10-10 04:47:50,844 [INFO] Época 7/30, Batch 1650/3348, Loss: 0.3882
2025-10-10 04:47:51,103 [INFO] Época 7/30, Batch 1700/3348, Loss: 0.5290
2025-10-10 04:47:51,366 [INFO] Época 7/30, Batch 1750/3348, Loss: 0.4747
2025-10-10 04:47:51,629 [INFO] Época 7/30, Batch 1800/3348, Loss: 0.5082
2025-10-10 04:47:51,886 [INFO] Época 7/30, Batch 1850/3348, Loss: 0.4788
2025-10-10 04:47:52,141 [INFO] Época 7/30, Batch 1900/3348, Loss: 0.6009
2025-10-10 04:47:52,400 [INFO] Época 7/30, Batch 1950/3348, Loss: 0.6209
2025-10-10 04:47:52,656 [INFO] Época 7/30, Batch 2000/3348, Loss: 0.4942
2025-10-10 04:47:52,913 [INFO] Época 7/30, Batch 2050/3348, Loss: 0.3957
2025-10-10 04:47:53,170 [INFO] Época 7/30, Batch 2100/3348, Loss: 0.5878
2025-10-10 04:47:53,427 [INFO] Época 7/30, Batch 2150/3348, Loss: 0.3357
2025-10-10 04:47:53,684 [INFO] Época 7/30, Batch 2200/3348, Loss: 0.5622
2025-10-10 04:47:53,940 [INFO] Época 7/30, Batch 2250/3348, Loss: 0.4570
2025-10-10 04:47:54,197 [INFO] Época 7/30, Batch 2300/3348, Loss: 0.4320
2025-10-10 04:47:54,460 [INFO] Época 7/30, Batch 2350/3348, Loss: 0.4860
2025-10-10 04:47:54,725 [INFO] Época 7/30, Batch 2400/3348, Loss: 0.4273
2025-10-10 04:47:54,989 [INFO] Época 7/30, Batch 2450/3348, Loss: 0.7922
2025-10-10 04:47:55,253 [INFO] Época 7/30, Batch 2500/3348, Loss: 0.5881
2025-10-10 04:47:55,518 [INFO] Época 7/30, Batch 2550/3348, Loss: 0.6436
2025-10-10 04:47:55,786 [INFO] Época 7/30, Batch 2600/3348, Loss: 0.4438
2025-10-10 04:47:56,052 [INFO] Época 7/30, Batch 2650/3348, Loss: 0.3522
2025-10-10 04:47:56,318 [INFO] Época 7/30, Batch 2700/3348, Loss: 0.6097
2025-10-10 04:47:56,586 [INFO] Época 7/30, Batch 2750/3348, Loss: 0.5751
2025-10-10 04:47:56,851 [INFO] Época 7/30, Batch 2800/3348, Loss: 0.5260
2025-10-10 04:47:57,115 [INFO] Época 7/30, Batch 2850/3348, Loss: 0.4286
2025-10-10 04:47:57,380 [INFO] Época 7/30, Batch 2900/3348, Loss: 0.6632
2025-10-10 04:47:57,641 [INFO] Época 7/30, Batch 2950/3348, Loss: 0.5280
2025-10-10 04:47:57,890 [INFO] Época 7/30, Batch 3000/3348, Loss: 0.5088
2025-10-10 04:47:58,140 [INFO] Época 7/30, Batch 3050/3348, Loss: 0.4501
2025-10-10 04:47:58,389 [INFO] Época 7/30, Batch 3100/3348, Loss: 0.5589
2025-10-10 04:47:58,642 [INFO] Época 7/30, Batch 3150/3348, Loss: 0.3867
2025-10-10 04:47:58,893 [INFO] Época 7/30, Batch 3200/3348, Loss: 0.5236
2025-10-10 04:47:59,142 [INFO] Época 7/30, Batch 3250/3348, Loss: 0.5114
2025-10-10 04:47:59,393 [INFO] Época 7/30, Batch 3300/3348, Loss: 0.6474
2025-10-10 04:48:01,116 [INFO] [7/30] Train Loss: 0.5006 | Val Loss: 0.7854 | Tempo: 19.20s
2025-10-10 04:48:01,672 [INFO] Época 8/30, Batch 50/3348, Loss: 0.4792
2025-10-10 04:48:01,937 [INFO] Época 8/30, Batch 100/3348, Loss: 0.5061
2025-10-10 04:48:02,197 [INFO] Época 8/30, Batch 150/3348, Loss: 0.4680
2025-10-10 04:48:02,456 [INFO] Época 8/30, Batch 200/3348, Loss: 0.4590
2025-10-10 04:48:02,713 [INFO] Época 8/30, Batch 250/3348, Loss: 0.4530
2025-10-10 04:48:02,969 [INFO] Época 8/30, Batch 300/3348, Loss: 0.6194
2025-10-10 04:48:03,224 [INFO] Época 8/30, Batch 350/3348, Loss: 0.3817
2025-10-10 04:48:03,481 [INFO] Época 8/30, Batch 400/3348, Loss: 0.4297
2025-10-10 04:48:03,739 [INFO] Época 8/30, Batch 450/3348, Loss: 0.4482
2025-10-10 04:48:03,994 [INFO] Época 8/30, Batch 500/3348, Loss: 0.4581
2025-10-10 04:48:04,250 [INFO] Época 8/30, Batch 550/3348, Loss: 0.3852
2025-10-10 04:48:04,508 [INFO] Época 8/30, Batch 600/3348, Loss: 0.4093
2025-10-10 04:48:04,764 [INFO] Época 8/30, Batch 650/3348, Loss: 0.5292
2025-10-10 04:48:05,024 [INFO] Época 8/30, Batch 700/3348, Loss: 0.3700
2025-10-10 04:48:05,281 [INFO] Época 8/30, Batch 750/3348, Loss: 0.4948
2025-10-10 04:48:05,538 [INFO] Época 8/30, Batch 800/3348, Loss: 0.5143
2025-10-10 04:48:05,797 [INFO] Época 8/30, Batch 850/3348, Loss: 0.7027
2025-10-10 04:48:06,053 [INFO] Época 8/30, Batch 900/3348, Loss: 0.5707
2025-10-10 04:48:06,312 [INFO] Época 8/30, Batch 950/3348, Loss: 0.3497
2025-10-10 04:48:06,597 [INFO] Época 8/30, Batch 1000/3348, Loss: 0.3998
2025-10-10 04:48:06,854 [INFO] Época 8/30, Batch 1050/3348, Loss: 0.5033
2025-10-10 04:48:07,111 [INFO] Época 8/30, Batch 1100/3348, Loss: 0.5187
2025-10-10 04:48:07,369 [INFO] Época 8/30, Batch 1150/3348, Loss: 0.3906
2025-10-10 04:48:07,629 [INFO] Época 8/30, Batch 1200/3348, Loss: 0.3606
2025-10-10 04:48:07,886 [INFO] Época 8/30, Batch 1250/3348, Loss: 0.5174
2025-10-10 04:48:08,142 [INFO] Época 8/30, Batch 1300/3348, Loss: 0.4759
2025-10-10 04:48:08,399 [INFO] Época 8/30, Batch 1350/3348, Loss: 0.4680
2025-10-10 04:48:08,655 [INFO] Época 8/30, Batch 1400/3348, Loss: 0.5741
2025-10-10 04:48:08,915 [INFO] Época 8/30, Batch 1450/3348, Loss: 0.4844
2025-10-10 04:48:09,171 [INFO] Época 8/30, Batch 1500/3348, Loss: 0.4132
2025-10-10 04:48:09,429 [INFO] Época 8/30, Batch 1550/3348, Loss: 0.4774
2025-10-10 04:48:09,686 [INFO] Época 8/30, Batch 1600/3348, Loss: 0.4174
2025-10-10 04:48:09,945 [INFO] Época 8/30, Batch 1650/3348, Loss: 0.3660
2025-10-10 04:48:10,202 [INFO] Época 8/30, Batch 1700/3348, Loss: 0.5489
2025-10-10 04:48:10,459 [INFO] Época 8/30, Batch 1750/3348, Loss: 0.3992
2025-10-10 04:48:10,717 [INFO] Época 8/30, Batch 1800/3348, Loss: 0.3653
2025-10-10 04:48:10,977 [INFO] Época 8/30, Batch 1850/3348, Loss: 0.4819
2025-10-10 04:48:11,236 [INFO] Época 8/30, Batch 1900/3348, Loss: 0.4719
2025-10-10 04:48:11,495 [INFO] Época 8/30, Batch 1950/3348, Loss: 0.4279
2025-10-10 04:48:11,755 [INFO] Época 8/30, Batch 2000/3348, Loss: 0.6704
2025-10-10 04:48:12,012 [INFO] Época 8/30, Batch 2050/3348, Loss: 0.6076
2025-10-10 04:48:12,270 [INFO] Época 8/30, Batch 2100/3348, Loss: 0.7541
2025-10-10 04:48:12,527 [INFO] Época 8/30, Batch 2150/3348, Loss: 0.5345
2025-10-10 04:48:12,785 [INFO] Época 8/30, Batch 2200/3348, Loss: 0.6117
2025-10-10 04:48:13,044 [INFO] Época 8/30, Batch 2250/3348, Loss: 0.2947
2025-10-10 04:48:13,302 [INFO] Época 8/30, Batch 2300/3348, Loss: 0.6608
2025-10-10 04:48:13,557 [INFO] Época 8/30, Batch 2350/3348, Loss: 0.5857
2025-10-10 04:48:13,813 [INFO] Época 8/30, Batch 2400/3348, Loss: 0.5163
2025-10-10 04:48:14,069 [INFO] Época 8/30, Batch 2450/3348, Loss: 0.6022
2025-10-10 04:48:14,327 [INFO] Época 8/30, Batch 2500/3348, Loss: 0.5700
2025-10-10 04:48:14,583 [INFO] Época 8/30, Batch 2550/3348, Loss: 0.5440
2025-10-10 04:48:14,840 [INFO] Época 8/30, Batch 2600/3348, Loss: 0.3312
2025-10-10 04:48:15,096 [INFO] Época 8/30, Batch 2650/3348, Loss: 0.6483
2025-10-10 04:48:15,354 [INFO] Época 8/30, Batch 2700/3348, Loss: 0.4961
2025-10-10 04:48:15,612 [INFO] Época 8/30, Batch 2750/3348, Loss: 0.6148
2025-10-10 04:48:15,868 [INFO] Época 8/30, Batch 2800/3348, Loss: 0.4554
2025-10-10 04:48:16,124 [INFO] Época 8/30, Batch 2850/3348, Loss: 0.5522
2025-10-10 04:48:16,381 [INFO] Época 8/30, Batch 2900/3348, Loss: 0.4206
2025-10-10 04:48:16,638 [INFO] Época 8/30, Batch 2950/3348, Loss: 0.5438
2025-10-10 04:48:16,896 [INFO] Época 8/30, Batch 3000/3348, Loss: 0.3533
2025-10-10 04:48:17,151 [INFO] Época 8/30, Batch 3050/3348, Loss: 0.3614
2025-10-10 04:48:17,407 [INFO] Época 8/30, Batch 3100/3348, Loss: 0.4901
2025-10-10 04:48:17,671 [INFO] Época 8/30, Batch 3150/3348, Loss: 0.6438
2025-10-10 04:48:17,940 [INFO] Época 8/30, Batch 3200/3348, Loss: 0.5223
2025-10-10 04:48:18,209 [INFO] Época 8/30, Batch 3250/3348, Loss: 0.4581
2025-10-10 04:48:18,476 [INFO] Época 8/30, Batch 3300/3348, Loss: 0.4221
2025-10-10 04:48:20,174 [INFO] [8/30] Train Loss: 0.4992 | Val Loss: 0.7561 | Tempo: 19.06s
2025-10-10 04:48:20,725 [INFO] Época 9/30, Batch 50/3348, Loss: 0.4392
2025-10-10 04:48:20,985 [INFO] Época 9/30, Batch 100/3348, Loss: 0.4815
2025-10-10 04:48:21,242 [INFO] Época 9/30, Batch 150/3348, Loss: 0.5640
2025-10-10 04:48:21,505 [INFO] Época 9/30, Batch 200/3348, Loss: 0.3494
2025-10-10 04:48:21,761 [INFO] Época 9/30, Batch 250/3348, Loss: 0.4845
2025-10-10 04:48:22,028 [INFO] Época 9/30, Batch 300/3348, Loss: 0.3943
2025-10-10 04:48:22,285 [INFO] Época 9/30, Batch 350/3348, Loss: 0.5145
2025-10-10 04:48:22,541 [INFO] Época 9/30, Batch 400/3348, Loss: 0.4938
2025-10-10 04:48:22,798 [INFO] Época 9/30, Batch 450/3348, Loss: 0.4345
2025-10-10 04:48:23,055 [INFO] Época 9/30, Batch 500/3348, Loss: 0.4197
2025-10-10 04:48:23,311 [INFO] Época 9/30, Batch 550/3348, Loss: 0.3999
2025-10-10 04:48:23,569 [INFO] Época 9/30, Batch 600/3348, Loss: 0.4396
2025-10-10 04:48:23,826 [INFO] Época 9/30, Batch 650/3348, Loss: 0.3747
2025-10-10 04:48:24,079 [INFO] Época 9/30, Batch 700/3348, Loss: 0.6027
2025-10-10 04:48:24,336 [INFO] Época 9/30, Batch 750/3348, Loss: 0.5014
2025-10-10 04:48:24,590 [INFO] Época 9/30, Batch 800/3348, Loss: 0.3812
2025-10-10 04:48:24,848 [INFO] Época 9/30, Batch 850/3348, Loss: 0.3721
2025-10-10 04:48:25,104 [INFO] Época 9/30, Batch 900/3348, Loss: 0.5710
2025-10-10 04:48:25,358 [INFO] Época 9/30, Batch 950/3348, Loss: 0.5437
2025-10-10 04:48:25,616 [INFO] Época 9/30, Batch 1000/3348, Loss: 0.4182
2025-10-10 04:48:25,871 [INFO] Época 9/30, Batch 1050/3348, Loss: 0.5332
2025-10-10 04:48:26,126 [INFO] Época 9/30, Batch 1100/3348, Loss: 0.4179
2025-10-10 04:48:26,382 [INFO] Época 9/30, Batch 1150/3348, Loss: 0.4333
2025-10-10 04:48:26,639 [INFO] Época 9/30, Batch 1200/3348, Loss: 0.4660
2025-10-10 04:48:26,898 [INFO] Época 9/30, Batch 1250/3348, Loss: 0.4732
2025-10-10 04:48:27,158 [INFO] Época 9/30, Batch 1300/3348, Loss: 0.3816
2025-10-10 04:48:27,413 [INFO] Época 9/30, Batch 1350/3348, Loss: 0.4328
2025-10-10 04:48:27,670 [INFO] Época 9/30, Batch 1400/3348, Loss: 0.3905
2025-10-10 04:48:27,923 [INFO] Época 9/30, Batch 1450/3348, Loss: 0.6566
2025-10-10 04:48:28,180 [INFO] Época 9/30, Batch 1500/3348, Loss: 0.4529
2025-10-10 04:48:28,438 [INFO] Época 9/30, Batch 1550/3348, Loss: 0.5920
2025-10-10 04:48:28,694 [INFO] Época 9/30, Batch 1600/3348, Loss: 0.4055
2025-10-10 04:48:28,949 [INFO] Época 9/30, Batch 1650/3348, Loss: 0.5172
2025-10-10 04:48:29,205 [INFO] Época 9/30, Batch 1700/3348, Loss: 0.4573
2025-10-10 04:48:29,466 [INFO] Época 9/30, Batch 1750/3348, Loss: 0.4287
2025-10-10 04:48:29,725 [INFO] Época 9/30, Batch 1800/3348, Loss: 0.6046
2025-10-10 04:48:29,989 [INFO] Época 9/30, Batch 1850/3348, Loss: 0.4366
2025-10-10 04:48:30,249 [INFO] Época 9/30, Batch 1900/3348, Loss: 0.3740
2025-10-10 04:48:30,509 [INFO] Época 9/30, Batch 1950/3348, Loss: 0.4444
2025-10-10 04:48:30,768 [INFO] Época 9/30, Batch 2000/3348, Loss: 0.4724
2025-10-10 04:48:31,025 [INFO] Época 9/30, Batch 2050/3348, Loss: 0.3807
2025-10-10 04:48:31,281 [INFO] Época 9/30, Batch 2100/3348, Loss: 0.4100
2025-10-10 04:48:31,536 [INFO] Época 9/30, Batch 2150/3348, Loss: 0.4226
2025-10-10 04:48:31,792 [INFO] Época 9/30, Batch 2200/3348, Loss: 0.5725
2025-10-10 04:48:32,048 [INFO] Época 9/30, Batch 2250/3348, Loss: 0.3423
2025-10-10 04:48:32,304 [INFO] Época 9/30, Batch 2300/3348, Loss: 0.6586
2025-10-10 04:48:32,559 [INFO] Época 9/30, Batch 2350/3348, Loss: 0.5844
2025-10-10 04:48:32,813 [INFO] Época 9/30, Batch 2400/3348, Loss: 0.4068
2025-10-10 04:48:33,068 [INFO] Época 9/30, Batch 2450/3348, Loss: 0.4053
2025-10-10 04:48:33,326 [INFO] Época 9/30, Batch 2500/3348, Loss: 0.4496
2025-10-10 04:48:33,583 [INFO] Época 9/30, Batch 2550/3348, Loss: 0.5338
2025-10-10 04:48:33,844 [INFO] Época 9/30, Batch 2600/3348, Loss: 0.5641
2025-10-10 04:48:34,104 [INFO] Época 9/30, Batch 2650/3348, Loss: 0.4298
2025-10-10 04:48:34,363 [INFO] Época 9/30, Batch 2700/3348, Loss: 0.4642
2025-10-10 04:48:34,623 [INFO] Época 9/30, Batch 2750/3348, Loss: 0.4945
2025-10-10 04:48:34,881 [INFO] Época 9/30, Batch 2800/3348, Loss: 0.5238
2025-10-10 04:48:35,138 [INFO] Época 9/30, Batch 2850/3348, Loss: 0.5252
2025-10-10 04:48:35,395 [INFO] Época 9/30, Batch 2900/3348, Loss: 0.4713
2025-10-10 04:48:35,652 [INFO] Época 9/30, Batch 2950/3348, Loss: 0.4632
2025-10-10 04:48:35,914 [INFO] Época 9/30, Batch 3000/3348, Loss: 0.4696
2025-10-10 04:48:36,176 [INFO] Época 9/30, Batch 3050/3348, Loss: 0.6108
2025-10-10 04:48:36,441 [INFO] Época 9/30, Batch 3100/3348, Loss: 0.5261
2025-10-10 04:48:36,702 [INFO] Época 9/30, Batch 3150/3348, Loss: 0.3470
2025-10-10 04:48:36,962 [INFO] Época 9/30, Batch 3200/3348, Loss: 0.3997
2025-10-10 04:48:37,221 [INFO] Época 9/30, Batch 3250/3348, Loss: 0.6319
2025-10-10 04:48:37,482 [INFO] Época 9/30, Batch 3300/3348, Loss: 0.6181
2025-10-10 04:48:39,184 [INFO] [9/30] Train Loss: 0.4981 | Val Loss: 0.7555 | Tempo: 19.01s
2025-10-10 04:48:39,734 [INFO] Época 10/30, Batch 50/3348, Loss: 0.5644
2025-10-10 04:48:40,001 [INFO] Época 10/30, Batch 100/3348, Loss: 0.3671
2025-10-10 04:48:40,266 [INFO] Época 10/30, Batch 150/3348, Loss: 0.3728
2025-10-10 04:48:40,530 [INFO] Época 10/30, Batch 200/3348, Loss: 0.6506
2025-10-10 04:48:40,795 [INFO] Época 10/30, Batch 250/3348, Loss: 0.4978
2025-10-10 04:48:41,057 [INFO] Época 10/30, Batch 300/3348, Loss: 0.4105
2025-10-10 04:48:41,316 [INFO] Época 10/30, Batch 350/3348, Loss: 0.5612
2025-10-10 04:48:41,576 [INFO] Época 10/30, Batch 400/3348, Loss: 0.4887
2025-10-10 04:48:41,840 [INFO] Época 10/30, Batch 450/3348, Loss: 0.5258
2025-10-10 04:48:42,101 [INFO] Época 10/30, Batch 500/3348, Loss: 0.4098
2025-10-10 04:48:42,362 [INFO] Época 10/30, Batch 550/3348, Loss: 0.3513
2025-10-10 04:48:42,628 [INFO] Época 10/30, Batch 600/3348, Loss: 0.4574
2025-10-10 04:48:42,888 [INFO] Época 10/30, Batch 650/3348, Loss: 0.6339
2025-10-10 04:48:43,144 [INFO] Época 10/30, Batch 700/3348, Loss: 0.3904
2025-10-10 04:48:43,393 [INFO] Época 10/30, Batch 750/3348, Loss: 0.4823
2025-10-10 04:48:43,642 [INFO] Época 10/30, Batch 800/3348, Loss: 0.5044
2025-10-10 04:48:43,891 [INFO] Época 10/30, Batch 850/3348, Loss: 0.5029
2025-10-10 04:48:44,146 [INFO] Época 10/30, Batch 900/3348, Loss: 0.4967
2025-10-10 04:48:44,405 [INFO] Época 10/30, Batch 950/3348, Loss: 0.7992
2025-10-10 04:48:44,665 [INFO] Época 10/30, Batch 1000/3348, Loss: 0.4480
2025-10-10 04:48:44,935 [INFO] Época 10/30, Batch 1050/3348, Loss: 0.5388
2025-10-10 04:48:45,206 [INFO] Época 10/30, Batch 1100/3348, Loss: 0.4863
2025-10-10 04:48:45,475 [INFO] Época 10/30, Batch 1150/3348, Loss: 0.6757
2025-10-10 04:48:45,745 [INFO] Época 10/30, Batch 1200/3348, Loss: 0.4195
2025-10-10 04:48:46,014 [INFO] Época 10/30, Batch 1250/3348, Loss: 0.5833
2025-10-10 04:48:46,277 [INFO] Época 10/30, Batch 1300/3348, Loss: 0.5457
2025-10-10 04:48:46,540 [INFO] Época 10/30, Batch 1350/3348, Loss: 0.4269
2025-10-10 04:48:46,800 [INFO] Época 10/30, Batch 1400/3348, Loss: 0.5932
2025-10-10 04:48:47,060 [INFO] Época 10/30, Batch 1450/3348, Loss: 0.4828
2025-10-10 04:48:47,321 [INFO] Época 10/30, Batch 1500/3348, Loss: 0.2820
2025-10-10 04:48:47,581 [INFO] Época 10/30, Batch 1550/3348, Loss: 0.6171
2025-10-10 04:48:47,843 [INFO] Época 10/30, Batch 1600/3348, Loss: 0.4461
2025-10-10 04:48:48,102 [INFO] Época 10/30, Batch 1650/3348, Loss: 0.4180
2025-10-10 04:48:48,363 [INFO] Época 10/30, Batch 1700/3348, Loss: 0.5017
2025-10-10 04:48:48,625 [INFO] Época 10/30, Batch 1750/3348, Loss: 0.5978
2025-10-10 04:48:48,889 [INFO] Época 10/30, Batch 1800/3348, Loss: 0.5246
2025-10-10 04:48:49,153 [INFO] Época 10/30, Batch 1850/3348, Loss: 0.3756
2025-10-10 04:48:49,415 [INFO] Época 10/30, Batch 1900/3348, Loss: 0.5838
2025-10-10 04:48:49,678 [INFO] Época 10/30, Batch 1950/3348, Loss: 0.5155
2025-10-10 04:48:49,940 [INFO] Época 10/30, Batch 2000/3348, Loss: 0.5096
2025-10-10 04:48:50,202 [INFO] Época 10/30, Batch 2050/3348, Loss: 0.5374
2025-10-10 04:48:50,464 [INFO] Época 10/30, Batch 2100/3348, Loss: 0.4282
2025-10-10 04:48:50,724 [INFO] Época 10/30, Batch 2150/3348, Loss: 0.4173
2025-10-10 04:48:50,984 [INFO] Época 10/30, Batch 2200/3348, Loss: 0.3807
2025-10-10 04:48:51,250 [INFO] Época 10/30, Batch 2250/3348, Loss: 0.4870
2025-10-10 04:48:51,514 [INFO] Época 10/30, Batch 2300/3348, Loss: 0.7177
2025-10-10 04:48:51,777 [INFO] Época 10/30, Batch 2350/3348, Loss: 0.4305
2025-10-10 04:48:52,038 [INFO] Época 10/30, Batch 2400/3348, Loss: 0.5485
2025-10-10 04:48:52,298 [INFO] Época 10/30, Batch 2450/3348, Loss: 0.4424
2025-10-10 04:48:52,558 [INFO] Época 10/30, Batch 2500/3348, Loss: 0.8083
2025-10-10 04:48:52,822 [INFO] Época 10/30, Batch 2550/3348, Loss: 0.3738
2025-10-10 04:48:53,083 [INFO] Época 10/30, Batch 2600/3348, Loss: 0.4142
2025-10-10 04:48:53,343 [INFO] Época 10/30, Batch 2650/3348, Loss: 0.4902
2025-10-10 04:48:53,603 [INFO] Época 10/30, Batch 2700/3348, Loss: 0.6041
2025-10-10 04:48:53,867 [INFO] Época 10/30, Batch 2750/3348, Loss: 0.4246
2025-10-10 04:48:54,130 [INFO] Época 10/30, Batch 2800/3348, Loss: 0.5166
2025-10-10 04:48:54,392 [INFO] Época 10/30, Batch 2850/3348, Loss: 0.5018
2025-10-10 04:48:54,654 [INFO] Época 10/30, Batch 2900/3348, Loss: 0.4996
2025-10-10 04:48:54,917 [INFO] Época 10/30, Batch 2950/3348, Loss: 0.4710
2025-10-10 04:48:55,177 [INFO] Época 10/30, Batch 3000/3348, Loss: 0.4634
2025-10-10 04:48:55,436 [INFO] Época 10/30, Batch 3050/3348, Loss: 0.4524
2025-10-10 04:48:55,694 [INFO] Época 10/30, Batch 3100/3348, Loss: 0.4749
2025-10-10 04:48:55,954 [INFO] Época 10/30, Batch 3150/3348, Loss: 0.5338
2025-10-10 04:48:56,213 [INFO] Época 10/30, Batch 3200/3348, Loss: 0.4987
2025-10-10 04:48:56,473 [INFO] Época 10/30, Batch 3250/3348, Loss: 0.5939
2025-10-10 04:48:56,733 [INFO] Época 10/30, Batch 3300/3348, Loss: 0.5575
2025-10-10 04:48:58,450 [INFO] [10/30] Train Loss: 0.4976 | Val Loss: 0.7875 | Tempo: 19.27s
2025-10-10 04:48:59,017 [INFO] Época 11/30, Batch 50/3348, Loss: 0.4390
2025-10-10 04:48:59,284 [INFO] Época 11/30, Batch 100/3348, Loss: 0.6235
2025-10-10 04:48:59,546 [INFO] Época 11/30, Batch 150/3348, Loss: 0.4506
2025-10-10 04:48:59,808 [INFO] Época 11/30, Batch 200/3348, Loss: 0.5710
2025-10-10 04:49:00,067 [INFO] Época 11/30, Batch 250/3348, Loss: 0.5646
2025-10-10 04:49:00,330 [INFO] Época 11/30, Batch 300/3348, Loss: 0.5630
2025-10-10 04:49:00,591 [INFO] Época 11/30, Batch 350/3348, Loss: 0.4439
2025-10-10 04:49:00,849 [INFO] Época 11/30, Batch 400/3348, Loss: 0.4383
2025-10-10 04:49:01,105 [INFO] Época 11/30, Batch 450/3348, Loss: 0.4848
2025-10-10 04:49:01,360 [INFO] Época 11/30, Batch 500/3348, Loss: 0.4227
2025-10-10 04:49:01,619 [INFO] Época 11/30, Batch 550/3348, Loss: 0.3982
2025-10-10 04:49:01,878 [INFO] Época 11/30, Batch 600/3348, Loss: 0.4528
2025-10-10 04:49:02,135 [INFO] Época 11/30, Batch 650/3348, Loss: 0.4881
2025-10-10 04:49:02,387 [INFO] Época 11/30, Batch 700/3348, Loss: 0.5479
2025-10-10 04:49:02,637 [INFO] Época 11/30, Batch 750/3348, Loss: 0.5127
2025-10-10 04:49:02,887 [INFO] Época 11/30, Batch 800/3348, Loss: 0.5470
2025-10-10 04:49:03,138 [INFO] Época 11/30, Batch 850/3348, Loss: 0.6956
2025-10-10 04:49:03,389 [INFO] Época 11/30, Batch 900/3348, Loss: 0.4379
2025-10-10 04:49:03,637 [INFO] Época 11/30, Batch 950/3348, Loss: 0.4815
2025-10-10 04:49:03,903 [INFO] Época 11/30, Batch 1000/3348, Loss: 0.5667
2025-10-10 04:49:04,161 [INFO] Época 11/30, Batch 1050/3348, Loss: 0.5248
2025-10-10 04:49:04,409 [INFO] Época 11/30, Batch 1100/3348, Loss: 0.3801
2025-10-10 04:49:04,658 [INFO] Época 11/30, Batch 1150/3348, Loss: 0.4551
2025-10-10 04:49:04,906 [INFO] Época 11/30, Batch 1200/3348, Loss: 0.4872
2025-10-10 04:49:05,165 [INFO] Época 11/30, Batch 1250/3348, Loss: 0.4817
2025-10-10 04:49:05,433 [INFO] Época 11/30, Batch 1300/3348, Loss: 0.3998
2025-10-10 04:49:05,695 [INFO] Época 11/30, Batch 1350/3348, Loss: 0.5380
2025-10-10 04:49:05,962 [INFO] Época 11/30, Batch 1400/3348, Loss: 0.6278
2025-10-10 04:49:06,228 [INFO] Época 11/30, Batch 1450/3348, Loss: 0.4699
2025-10-10 04:49:06,496 [INFO] Época 11/30, Batch 1500/3348, Loss: 0.4197
2025-10-10 04:49:06,764 [INFO] Época 11/30, Batch 1550/3348, Loss: 0.6588
2025-10-10 04:49:07,023 [INFO] Época 11/30, Batch 1600/3348, Loss: 0.4110
2025-10-10 04:49:07,282 [INFO] Época 11/30, Batch 1650/3348, Loss: 0.5227
2025-10-10 04:49:07,541 [INFO] Época 11/30, Batch 1700/3348, Loss: 0.5630
2025-10-10 04:49:07,799 [INFO] Época 11/30, Batch 1750/3348, Loss: 0.3836
2025-10-10 04:49:08,058 [INFO] Época 11/30, Batch 1800/3348, Loss: 0.5035
2025-10-10 04:49:08,316 [INFO] Época 11/30, Batch 1850/3348, Loss: 0.3465
2025-10-10 04:49:08,575 [INFO] Época 11/30, Batch 1900/3348, Loss: 0.4122
2025-10-10 04:49:08,838 [INFO] Época 11/30, Batch 1950/3348, Loss: 0.4801
2025-10-10 04:49:09,111 [INFO] Época 11/30, Batch 2000/3348, Loss: 0.5005
2025-10-10 04:49:09,377 [INFO] Época 11/30, Batch 2050/3348, Loss: 0.5825
2025-10-10 04:49:09,645 [INFO] Época 11/30, Batch 2100/3348, Loss: 0.4674
2025-10-10 04:49:09,910 [INFO] Época 11/30, Batch 2150/3348, Loss: 0.5818
2025-10-10 04:49:10,176 [INFO] Época 11/30, Batch 2200/3348, Loss: 0.4251
2025-10-10 04:49:10,439 [INFO] Época 11/30, Batch 2250/3348, Loss: 0.5703
2025-10-10 04:49:10,704 [INFO] Época 11/30, Batch 2300/3348, Loss: 0.5071
2025-10-10 04:49:10,978 [INFO] Época 11/30, Batch 2350/3348, Loss: 0.5904
2025-10-10 04:49:11,251 [INFO] Época 11/30, Batch 2400/3348, Loss: 0.5117
2025-10-10 04:49:11,511 [INFO] Época 11/30, Batch 2450/3348, Loss: 0.4859
2025-10-10 04:49:11,773 [INFO] Época 11/30, Batch 2500/3348, Loss: 0.5211
2025-10-10 04:49:12,032 [INFO] Época 11/30, Batch 2550/3348, Loss: 0.5384
2025-10-10 04:49:12,294 [INFO] Época 11/30, Batch 2600/3348, Loss: 0.4894
2025-10-10 04:49:12,553 [INFO] Época 11/30, Batch 2650/3348, Loss: 0.4285
2025-10-10 04:49:12,813 [INFO] Época 11/30, Batch 2700/3348, Loss: 0.6470
2025-10-10 04:49:13,079 [INFO] Época 11/30, Batch 2750/3348, Loss: 0.4896
2025-10-10 04:49:13,343 [INFO] Época 11/30, Batch 2800/3348, Loss: 0.5248
2025-10-10 04:49:13,609 [INFO] Época 11/30, Batch 2850/3348, Loss: 0.5751
2025-10-10 04:49:13,874 [INFO] Época 11/30, Batch 2900/3348, Loss: 0.4962
2025-10-10 04:49:14,150 [INFO] Época 11/30, Batch 2950/3348, Loss: 0.5424
2025-10-10 04:49:14,415 [INFO] Época 11/30, Batch 3000/3348, Loss: 0.4821
2025-10-10 04:49:14,681 [INFO] Época 11/30, Batch 3050/3348, Loss: 0.5116
2025-10-10 04:49:14,947 [INFO] Época 11/30, Batch 3100/3348, Loss: 0.6422
2025-10-10 04:49:15,211 [INFO] Época 11/30, Batch 3150/3348, Loss: 0.4778
2025-10-10 04:49:15,476 [INFO] Época 11/30, Batch 3200/3348, Loss: 0.5754
2025-10-10 04:49:15,737 [INFO] Época 11/30, Batch 3250/3348, Loss: 0.5639
2025-10-10 04:49:15,996 [INFO] Época 11/30, Batch 3300/3348, Loss: 0.4517
2025-10-10 04:49:17,842 [INFO] [11/30] Train Loss: 0.4968 | Val Loss: 0.7506 | Tempo: 19.38s
2025-10-10 04:49:17,842 [INFO] Early stopping ativado após 10 épocas sem melhoria
2025-10-10 04:49:17,843 [INFO] Treinamento concluído em 211.55 segundos (3.53 minutos)
2025-10-10 04:49:17,843 [INFO] Iniciando avaliação no conjunto de teste...
2025-10-10 04:49:19,302 [INFO] Avaliação do teste concluída em 1.46 segundos
2025-10-10 04:49:19,313 [INFO] MSE no teste: 1.6901
2025-10-10 04:49:19,313 [INFO] RMSE no teste: 1.3000
2025-10-10 04:49:19,313 [INFO] MAE no teste: 0.8913
2025-10-10 04:49:19,314 [INFO] Métricas salvas em /mnt/hdd/home/jdurao/ToolBox-ChemXAI/logs/mlp_att8_EState_metrics.json
