2025-10-10 07:59:55,299 [INFO] Iniciando treinamento do modelo mlp_att11_Morgan
2025-10-10 07:59:55,299 [INFO] Configuração: att_index=11, epochs=30, layers=[128, 64, 32], lr=0.001, batch_size=32, descriptor_type=Morgan
2025-10-10 07:59:55,299 [INFO] Diretório para modelos: /mnt/hdd/home/jdurao/ToolBox-ChemXAI/models
2025-10-10 07:59:55,299 [INFO] Carregando dados...
2025-10-10 07:59:55,377 [INFO] Preparando dataloaders sem ruído...
2025-10-10 08:00:03,322 [INFO] Dados carregados em 8.02 segundos
2025-10-10 08:00:03,323 [INFO] Tamanhos dos conjuntos - Treino: 107108, Validação: 13388, Teste: 13389
2025-10-10 08:00:03,323 [INFO] Usando dispositivo: cuda
2025-10-10 08:00:03,708 [INFO] Dimensão de entrada: 512, Dimensão de saída: 1
2025-10-10 08:00:03,708 [INFO] Criando modelo MLP com camadas: [128, 64, 32]
2025-10-10 08:00:03,712 [INFO] Modelo criado com 76033 parâmetros
2025-10-10 08:00:03,714 [INFO] Iniciando treinamento com 30 épocas...
2025-10-10 08:00:04,305 [INFO] Época 1/30, Batch 50/3348, Loss: 0.4811
2025-10-10 08:00:04,582 [INFO] Época 1/30, Batch 100/3348, Loss: 0.4784
2025-10-10 08:00:04,852 [INFO] Época 1/30, Batch 150/3348, Loss: 0.4875
2025-10-10 08:00:05,116 [INFO] Época 1/30, Batch 200/3348, Loss: 0.3593
2025-10-10 08:00:05,376 [INFO] Época 1/30, Batch 250/3348, Loss: 0.4322
2025-10-10 08:00:05,638 [INFO] Época 1/30, Batch 300/3348, Loss: 0.5892
2025-10-10 08:00:05,898 [INFO] Época 1/30, Batch 350/3348, Loss: 0.4675
2025-10-10 08:00:06,158 [INFO] Época 1/30, Batch 400/3348, Loss: 0.5077
2025-10-10 08:00:06,422 [INFO] Época 1/30, Batch 450/3348, Loss: 0.4324
2025-10-10 08:00:06,685 [INFO] Época 1/30, Batch 500/3348, Loss: 0.5573
2025-10-10 08:00:06,948 [INFO] Época 1/30, Batch 550/3348, Loss: 0.3885
2025-10-10 08:00:07,208 [INFO] Época 1/30, Batch 600/3348, Loss: 0.4808
2025-10-10 08:00:07,468 [INFO] Época 1/30, Batch 650/3348, Loss: 0.4669
2025-10-10 08:00:07,731 [INFO] Época 1/30, Batch 700/3348, Loss: 0.4435
2025-10-10 08:00:07,991 [INFO] Época 1/30, Batch 750/3348, Loss: 0.5211
2025-10-10 08:00:08,250 [INFO] Época 1/30, Batch 800/3348, Loss: 0.3794
2025-10-10 08:00:08,509 [INFO] Época 1/30, Batch 850/3348, Loss: 0.5068
2025-10-10 08:00:08,770 [INFO] Época 1/30, Batch 900/3348, Loss: 0.4593
2025-10-10 08:00:09,032 [INFO] Época 1/30, Batch 950/3348, Loss: 0.4302
2025-10-10 08:00:09,291 [INFO] Época 1/30, Batch 1000/3348, Loss: 0.4954
2025-10-10 08:00:09,551 [INFO] Época 1/30, Batch 1050/3348, Loss: 0.5308
2025-10-10 08:00:09,812 [INFO] Época 1/30, Batch 1100/3348, Loss: 0.5139
2025-10-10 08:00:10,075 [INFO] Época 1/30, Batch 1150/3348, Loss: 0.4782
2025-10-10 08:00:10,338 [INFO] Época 1/30, Batch 1200/3348, Loss: 0.4675
2025-10-10 08:00:10,599 [INFO] Época 1/30, Batch 1250/3348, Loss: 0.4508
2025-10-10 08:00:10,867 [INFO] Época 1/30, Batch 1300/3348, Loss: 0.3419
2025-10-10 08:00:11,135 [INFO] Época 1/30, Batch 1350/3348, Loss: 0.3992
2025-10-10 08:00:11,401 [INFO] Época 1/30, Batch 1400/3348, Loss: 0.3443
2025-10-10 08:00:11,671 [INFO] Época 1/30, Batch 1450/3348, Loss: 0.3825
2025-10-10 08:00:11,939 [INFO] Época 1/30, Batch 1500/3348, Loss: 0.4273
2025-10-10 08:00:12,208 [INFO] Época 1/30, Batch 1550/3348, Loss: 0.3602
2025-10-10 08:00:12,476 [INFO] Época 1/30, Batch 1600/3348, Loss: 0.5179
2025-10-10 08:00:12,742 [INFO] Época 1/30, Batch 1650/3348, Loss: 0.6116
2025-10-10 08:00:13,001 [INFO] Época 1/30, Batch 1700/3348, Loss: 0.5382
2025-10-10 08:00:13,261 [INFO] Época 1/30, Batch 1750/3348, Loss: 0.3549
2025-10-10 08:00:13,519 [INFO] Época 1/30, Batch 1800/3348, Loss: 0.4442
2025-10-10 08:00:13,777 [INFO] Época 1/30, Batch 1850/3348, Loss: 0.3633
2025-10-10 08:00:14,035 [INFO] Época 1/30, Batch 1900/3348, Loss: 0.4762
2025-10-10 08:00:14,294 [INFO] Época 1/30, Batch 1950/3348, Loss: 0.4570
2025-10-10 08:00:14,553 [INFO] Época 1/30, Batch 2000/3348, Loss: 0.3475
2025-10-10 08:00:14,813 [INFO] Época 1/30, Batch 2050/3348, Loss: 0.2922
2025-10-10 08:00:15,082 [INFO] Época 1/30, Batch 2100/3348, Loss: 0.4032
2025-10-10 08:00:15,341 [INFO] Época 1/30, Batch 2150/3348, Loss: 0.3456
2025-10-10 08:00:15,605 [INFO] Época 1/30, Batch 2200/3348, Loss: 0.4538
2025-10-10 08:00:15,872 [INFO] Época 1/30, Batch 2250/3348, Loss: 0.3868
2025-10-10 08:00:16,140 [INFO] Época 1/30, Batch 2300/3348, Loss: 0.4495
2025-10-10 08:00:16,410 [INFO] Época 1/30, Batch 2350/3348, Loss: 0.4535
2025-10-10 08:00:16,678 [INFO] Época 1/30, Batch 2400/3348, Loss: 0.3520
2025-10-10 08:00:16,942 [INFO] Época 1/30, Batch 2450/3348, Loss: 0.3375
2025-10-10 08:00:17,213 [INFO] Época 1/30, Batch 2500/3348, Loss: 0.4154
2025-10-10 08:00:17,482 [INFO] Época 1/30, Batch 2550/3348, Loss: 0.4772
2025-10-10 08:00:17,752 [INFO] Época 1/30, Batch 2600/3348, Loss: 0.3168
2025-10-10 08:00:18,021 [INFO] Época 1/30, Batch 2650/3348, Loss: 0.3512
2025-10-10 08:00:18,293 [INFO] Época 1/30, Batch 2700/3348, Loss: 0.3614
2025-10-10 08:00:18,564 [INFO] Época 1/30, Batch 2750/3348, Loss: 0.4098
2025-10-10 08:00:18,831 [INFO] Época 1/30, Batch 2800/3348, Loss: 0.3505
2025-10-10 08:00:19,099 [INFO] Época 1/30, Batch 2850/3348, Loss: 0.4361
2025-10-10 08:00:19,367 [INFO] Época 1/30, Batch 2900/3348, Loss: 0.2898
2025-10-10 08:00:19,629 [INFO] Época 1/30, Batch 2950/3348, Loss: 0.3820
2025-10-10 08:00:19,889 [INFO] Época 1/30, Batch 3000/3348, Loss: 0.4632
2025-10-10 08:00:20,160 [INFO] Época 1/30, Batch 3050/3348, Loss: 0.4559
2025-10-10 08:00:20,418 [INFO] Época 1/30, Batch 3100/3348, Loss: 0.3270
2025-10-10 08:00:20,678 [INFO] Época 1/30, Batch 3150/3348, Loss: 0.4665
2025-10-10 08:00:20,937 [INFO] Época 1/30, Batch 3200/3348, Loss: 0.2913
2025-10-10 08:00:21,198 [INFO] Época 1/30, Batch 3250/3348, Loss: 0.4103
2025-10-10 08:00:21,456 [INFO] Época 1/30, Batch 3300/3348, Loss: 0.5804
2025-10-10 08:00:23,231 [INFO] [1/30] Train Loss: 0.4208 | Val Loss: 0.3903 | Tempo: 19.52s
2025-10-10 08:00:23,236 [INFO] Melhor modelo salvo em: /mnt/hdd/home/jdurao/ToolBox-ChemXAI/models/mlp_qm9_Morgan_att11_large.pth
2025-10-10 08:00:23,826 [INFO] Época 2/30, Batch 50/3348, Loss: 0.2592
2025-10-10 08:00:24,097 [INFO] Época 2/30, Batch 100/3348, Loss: 0.3777
2025-10-10 08:00:24,366 [INFO] Época 2/30, Batch 150/3348, Loss: 0.4806
2025-10-10 08:00:24,636 [INFO] Época 2/30, Batch 200/3348, Loss: 0.3954
2025-10-10 08:00:24,904 [INFO] Época 2/30, Batch 250/3348, Loss: 0.2557
2025-10-10 08:00:25,183 [INFO] Época 2/30, Batch 300/3348, Loss: 0.3166
2025-10-10 08:00:25,448 [INFO] Época 2/30, Batch 350/3348, Loss: 0.2783
2025-10-10 08:00:25,711 [INFO] Época 2/30, Batch 400/3348, Loss: 0.4274
2025-10-10 08:00:25,976 [INFO] Época 2/30, Batch 450/3348, Loss: 0.2246
2025-10-10 08:00:26,241 [INFO] Época 2/30, Batch 500/3348, Loss: 0.3407
2025-10-10 08:00:26,506 [INFO] Época 2/30, Batch 550/3348, Loss: 0.2968
2025-10-10 08:00:26,771 [INFO] Época 2/30, Batch 600/3348, Loss: 0.2906
2025-10-10 08:00:27,033 [INFO] Época 2/30, Batch 650/3348, Loss: 0.3279
2025-10-10 08:00:27,298 [INFO] Época 2/30, Batch 700/3348, Loss: 0.4037
2025-10-10 08:00:27,564 [INFO] Época 2/30, Batch 750/3348, Loss: 0.4627
2025-10-10 08:00:27,830 [INFO] Época 2/30, Batch 800/3348, Loss: 0.4029
2025-10-10 08:00:28,093 [INFO] Época 2/30, Batch 850/3348, Loss: 0.3487
2025-10-10 08:00:28,354 [INFO] Época 2/30, Batch 900/3348, Loss: 0.3643
2025-10-10 08:00:28,615 [INFO] Época 2/30, Batch 950/3348, Loss: 0.4089
2025-10-10 08:00:28,878 [INFO] Época 2/30, Batch 1000/3348, Loss: 0.3781
2025-10-10 08:00:29,144 [INFO] Época 2/30, Batch 1050/3348, Loss: 0.3306
2025-10-10 08:00:29,410 [INFO] Época 2/30, Batch 1100/3348, Loss: 0.2329
2025-10-10 08:00:29,677 [INFO] Época 2/30, Batch 1150/3348, Loss: 0.3471
2025-10-10 08:00:29,937 [INFO] Época 2/30, Batch 1200/3348, Loss: 0.3092
2025-10-10 08:00:30,211 [INFO] Época 2/30, Batch 1250/3348, Loss: 0.3162
2025-10-10 08:00:30,473 [INFO] Época 2/30, Batch 1300/3348, Loss: 0.3063
2025-10-10 08:00:30,737 [INFO] Época 2/30, Batch 1350/3348, Loss: 0.5003
2025-10-10 08:00:31,002 [INFO] Época 2/30, Batch 1400/3348, Loss: 0.4040
2025-10-10 08:00:31,268 [INFO] Época 2/30, Batch 1450/3348, Loss: 0.3800
2025-10-10 08:00:31,532 [INFO] Época 2/30, Batch 1500/3348, Loss: 0.4015
2025-10-10 08:00:31,797 [INFO] Época 2/30, Batch 1550/3348, Loss: 0.2719
2025-10-10 08:00:32,063 [INFO] Época 2/30, Batch 1600/3348, Loss: 0.2955
2025-10-10 08:00:32,328 [INFO] Época 2/30, Batch 1650/3348, Loss: 0.3917
2025-10-10 08:00:32,593 [INFO] Época 2/30, Batch 1700/3348, Loss: 0.3594
2025-10-10 08:00:32,858 [INFO] Época 2/30, Batch 1750/3348, Loss: 0.3085
2025-10-10 08:00:33,124 [INFO] Época 2/30, Batch 1800/3348, Loss: 0.1817
2025-10-10 08:00:33,390 [INFO] Época 2/30, Batch 1850/3348, Loss: 0.2845
2025-10-10 08:00:33,652 [INFO] Época 2/30, Batch 1900/3348, Loss: 0.5280
2025-10-10 08:00:33,914 [INFO] Época 2/30, Batch 1950/3348, Loss: 0.3422
2025-10-10 08:00:34,178 [INFO] Época 2/30, Batch 2000/3348, Loss: 0.3629
2025-10-10 08:00:34,441 [INFO] Época 2/30, Batch 2050/3348, Loss: 0.3858
2025-10-10 08:00:34,706 [INFO] Época 2/30, Batch 2100/3348, Loss: 0.3991
2025-10-10 08:00:34,969 [INFO] Época 2/30, Batch 2150/3348, Loss: 0.4093
2025-10-10 08:00:35,241 [INFO] Época 2/30, Batch 2200/3348, Loss: 0.2667
2025-10-10 08:00:35,504 [INFO] Época 2/30, Batch 2250/3348, Loss: 0.4139
2025-10-10 08:00:35,766 [INFO] Época 2/30, Batch 2300/3348, Loss: 0.2731
2025-10-10 08:00:36,029 [INFO] Época 2/30, Batch 2350/3348, Loss: 0.5605
2025-10-10 08:00:36,290 [INFO] Época 2/30, Batch 2400/3348, Loss: 0.3403
2025-10-10 08:00:36,552 [INFO] Época 2/30, Batch 2450/3348, Loss: 0.2975
2025-10-10 08:00:36,812 [INFO] Época 2/30, Batch 2500/3348, Loss: 0.4394
2025-10-10 08:00:37,075 [INFO] Época 2/30, Batch 2550/3348, Loss: 0.3355
2025-10-10 08:00:37,336 [INFO] Época 2/30, Batch 2600/3348, Loss: 0.4139
2025-10-10 08:00:37,599 [INFO] Época 2/30, Batch 2650/3348, Loss: 0.4174
2025-10-10 08:00:37,863 [INFO] Época 2/30, Batch 2700/3348, Loss: 0.1900
2025-10-10 08:00:38,127 [INFO] Época 2/30, Batch 2750/3348, Loss: 0.2446
2025-10-10 08:00:38,391 [INFO] Época 2/30, Batch 2800/3348, Loss: 0.2728
2025-10-10 08:00:38,657 [INFO] Época 2/30, Batch 2850/3348, Loss: 0.3286
2025-10-10 08:00:38,922 [INFO] Época 2/30, Batch 2900/3348, Loss: 0.2484
2025-10-10 08:00:39,186 [INFO] Época 2/30, Batch 2950/3348, Loss: 0.4085
2025-10-10 08:00:39,450 [INFO] Época 2/30, Batch 3000/3348, Loss: 0.4161
2025-10-10 08:00:39,716 [INFO] Época 2/30, Batch 3050/3348, Loss: 0.3653
2025-10-10 08:00:39,980 [INFO] Época 2/30, Batch 3100/3348, Loss: 0.3111
2025-10-10 08:00:40,242 [INFO] Época 2/30, Batch 3150/3348, Loss: 0.4040
2025-10-10 08:00:40,502 [INFO] Época 2/30, Batch 3200/3348, Loss: 0.2569
2025-10-10 08:00:40,764 [INFO] Época 2/30, Batch 3250/3348, Loss: 0.4744
2025-10-10 08:00:41,027 [INFO] Época 2/30, Batch 3300/3348, Loss: 0.5331
2025-10-10 08:00:42,927 [INFO] [2/30] Train Loss: 0.3531 | Val Loss: 0.4743 | Tempo: 19.69s
2025-10-10 08:00:43,508 [INFO] Época 3/30, Batch 50/3348, Loss: 0.2360
2025-10-10 08:00:43,780 [INFO] Época 3/30, Batch 100/3348, Loss: 0.3692
2025-10-10 08:00:44,048 [INFO] Época 3/30, Batch 150/3348, Loss: 0.2503
2025-10-10 08:00:44,313 [INFO] Época 3/30, Batch 200/3348, Loss: 0.4373
2025-10-10 08:00:44,580 [INFO] Época 3/30, Batch 250/3348, Loss: 0.2651
2025-10-10 08:00:44,845 [INFO] Época 3/30, Batch 300/3348, Loss: 0.4148
2025-10-10 08:00:45,111 [INFO] Época 3/30, Batch 350/3348, Loss: 0.3529
2025-10-10 08:00:45,379 [INFO] Época 3/30, Batch 400/3348, Loss: 0.3840
2025-10-10 08:00:45,643 [INFO] Época 3/30, Batch 450/3348, Loss: 0.3001
2025-10-10 08:00:45,910 [INFO] Época 3/30, Batch 500/3348, Loss: 0.3778
2025-10-10 08:00:46,175 [INFO] Época 3/30, Batch 550/3348, Loss: 0.3842
2025-10-10 08:00:46,441 [INFO] Época 3/30, Batch 600/3348, Loss: 0.3444
2025-10-10 08:00:46,706 [INFO] Época 3/30, Batch 650/3348, Loss: 0.3793
2025-10-10 08:00:46,968 [INFO] Época 3/30, Batch 700/3348, Loss: 0.3641
2025-10-10 08:00:47,230 [INFO] Época 3/30, Batch 750/3348, Loss: 0.2051
2025-10-10 08:00:47,492 [INFO] Época 3/30, Batch 800/3348, Loss: 0.2943
2025-10-10 08:00:47,746 [INFO] Época 3/30, Batch 850/3348, Loss: 0.3518
2025-10-10 08:00:48,003 [INFO] Época 3/30, Batch 900/3348, Loss: 0.2639
2025-10-10 08:00:48,259 [INFO] Época 3/30, Batch 950/3348, Loss: 0.2892
2025-10-10 08:00:48,515 [INFO] Época 3/30, Batch 1000/3348, Loss: 0.3296
2025-10-10 08:00:48,773 [INFO] Época 3/30, Batch 1050/3348, Loss: 0.4043
2025-10-10 08:00:49,026 [INFO] Época 3/30, Batch 1100/3348, Loss: 0.4051
2025-10-10 08:00:49,282 [INFO] Época 3/30, Batch 1150/3348, Loss: 0.3192
2025-10-10 08:00:49,540 [INFO] Época 3/30, Batch 1200/3348, Loss: 0.3077
2025-10-10 08:00:49,802 [INFO] Época 3/30, Batch 1250/3348, Loss: 0.2940
2025-10-10 08:00:50,069 [INFO] Época 3/30, Batch 1300/3348, Loss: 0.3398
2025-10-10 08:00:50,336 [INFO] Época 3/30, Batch 1350/3348, Loss: 0.2890
2025-10-10 08:00:50,618 [INFO] Época 3/30, Batch 1400/3348, Loss: 0.2932
2025-10-10 08:00:50,886 [INFO] Época 3/30, Batch 1450/3348, Loss: 0.3086
2025-10-10 08:00:51,155 [INFO] Época 3/30, Batch 1500/3348, Loss: 0.4047
2025-10-10 08:00:51,425 [INFO] Época 3/30, Batch 1550/3348, Loss: 0.2462
2025-10-10 08:00:51,694 [INFO] Época 3/30, Batch 1600/3348, Loss: 0.3928
2025-10-10 08:00:51,958 [INFO] Época 3/30, Batch 1650/3348, Loss: 0.2615
2025-10-10 08:00:52,220 [INFO] Época 3/30, Batch 1700/3348, Loss: 0.2424
2025-10-10 08:00:52,484 [INFO] Época 3/30, Batch 1750/3348, Loss: 0.3118
2025-10-10 08:00:52,749 [INFO] Época 3/30, Batch 1800/3348, Loss: 0.2019
2025-10-10 08:00:53,011 [INFO] Época 3/30, Batch 1850/3348, Loss: 0.2179
2025-10-10 08:00:53,273 [INFO] Época 3/30, Batch 1900/3348, Loss: 0.2264
2025-10-10 08:00:53,537 [INFO] Época 3/30, Batch 1950/3348, Loss: 0.2870
2025-10-10 08:00:53,800 [INFO] Época 3/30, Batch 2000/3348, Loss: 0.2993
2025-10-10 08:00:54,062 [INFO] Época 3/30, Batch 2050/3348, Loss: 0.2756
2025-10-10 08:00:54,325 [INFO] Época 3/30, Batch 2100/3348, Loss: 0.3740
2025-10-10 08:00:54,587 [INFO] Época 3/30, Batch 2150/3348, Loss: 0.5371
2025-10-10 08:00:54,850 [INFO] Época 3/30, Batch 2200/3348, Loss: 0.4503
2025-10-10 08:00:55,115 [INFO] Época 3/30, Batch 2250/3348, Loss: 0.3417
2025-10-10 08:00:55,379 [INFO] Época 3/30, Batch 2300/3348, Loss: 0.2960
2025-10-10 08:00:55,643 [INFO] Época 3/30, Batch 2350/3348, Loss: 0.2656
2025-10-10 08:00:55,907 [INFO] Época 3/30, Batch 2400/3348, Loss: 0.2632
2025-10-10 08:00:56,170 [INFO] Época 3/30, Batch 2450/3348, Loss: 0.2238
2025-10-10 08:00:56,434 [INFO] Época 3/30, Batch 2500/3348, Loss: 0.3165
2025-10-10 08:00:56,699 [INFO] Época 3/30, Batch 2550/3348, Loss: 0.1749
2025-10-10 08:00:56,963 [INFO] Época 3/30, Batch 2600/3348, Loss: 0.2071
2025-10-10 08:00:57,226 [INFO] Época 3/30, Batch 2650/3348, Loss: 0.3187
2025-10-10 08:00:57,493 [INFO] Época 3/30, Batch 2700/3348, Loss: 0.3069
2025-10-10 08:00:57,758 [INFO] Época 3/30, Batch 2750/3348, Loss: 0.3438
2025-10-10 08:00:58,021 [INFO] Época 3/30, Batch 2800/3348, Loss: 0.3739
2025-10-10 08:00:58,285 [INFO] Época 3/30, Batch 2850/3348, Loss: 0.2130
2025-10-10 08:00:58,548 [INFO] Época 3/30, Batch 2900/3348, Loss: 0.2901
2025-10-10 08:00:58,811 [INFO] Época 3/30, Batch 2950/3348, Loss: 0.3224
2025-10-10 08:00:59,074 [INFO] Época 3/30, Batch 3000/3348, Loss: 0.2802
2025-10-10 08:00:59,336 [INFO] Época 3/30, Batch 3050/3348, Loss: 0.2951
2025-10-10 08:00:59,599 [INFO] Época 3/30, Batch 3100/3348, Loss: 0.2986
2025-10-10 08:00:59,865 [INFO] Época 3/30, Batch 3150/3348, Loss: 0.3349
2025-10-10 08:01:00,133 [INFO] Época 3/30, Batch 3200/3348, Loss: 0.3963
2025-10-10 08:01:00,396 [INFO] Época 3/30, Batch 3250/3348, Loss: 0.3855
2025-10-10 08:01:00,673 [INFO] Época 3/30, Batch 3300/3348, Loss: 0.3346
2025-10-10 08:01:02,541 [INFO] [3/30] Train Loss: 0.3223 | Val Loss: 0.4389 | Tempo: 19.61s
2025-10-10 08:01:03,124 [INFO] Época 4/30, Batch 50/3348, Loss: 0.2788
2025-10-10 08:01:03,395 [INFO] Época 4/30, Batch 100/3348, Loss: 0.2656
2025-10-10 08:01:03,664 [INFO] Época 4/30, Batch 150/3348, Loss: 0.2549
2025-10-10 08:01:03,930 [INFO] Época 4/30, Batch 200/3348, Loss: 0.3478
2025-10-10 08:01:04,195 [INFO] Época 4/30, Batch 250/3348, Loss: 0.2877
2025-10-10 08:01:04,460 [INFO] Época 4/30, Batch 300/3348, Loss: 0.2887
2025-10-10 08:01:04,722 [INFO] Época 4/30, Batch 350/3348, Loss: 0.2223
2025-10-10 08:01:04,986 [INFO] Época 4/30, Batch 400/3348, Loss: 0.1970
2025-10-10 08:01:05,249 [INFO] Época 4/30, Batch 450/3348, Loss: 0.4135
2025-10-10 08:01:05,512 [INFO] Época 4/30, Batch 500/3348, Loss: 0.2207
2025-10-10 08:01:05,778 [INFO] Época 4/30, Batch 550/3348, Loss: 0.3601
2025-10-10 08:01:06,043 [INFO] Época 4/30, Batch 600/3348, Loss: 0.3178
2025-10-10 08:01:06,306 [INFO] Época 4/30, Batch 650/3348, Loss: 0.3198
2025-10-10 08:01:06,569 [INFO] Época 4/30, Batch 700/3348, Loss: 0.3677
2025-10-10 08:01:06,830 [INFO] Época 4/30, Batch 750/3348, Loss: 0.2905
2025-10-10 08:01:07,092 [INFO] Época 4/30, Batch 800/3348, Loss: 0.2793
2025-10-10 08:01:07,353 [INFO] Época 4/30, Batch 850/3348, Loss: 0.1952
2025-10-10 08:01:07,616 [INFO] Época 4/30, Batch 900/3348, Loss: 0.2200
2025-10-10 08:01:07,877 [INFO] Época 4/30, Batch 950/3348, Loss: 0.3888
2025-10-10 08:01:08,139 [INFO] Época 4/30, Batch 1000/3348, Loss: 0.3885
2025-10-10 08:01:08,405 [INFO] Época 4/30, Batch 1050/3348, Loss: 0.2934
2025-10-10 08:01:08,666 [INFO] Época 4/30, Batch 1100/3348, Loss: 0.3367
2025-10-10 08:01:08,928 [INFO] Época 4/30, Batch 1150/3348, Loss: 0.3763
2025-10-10 08:01:09,189 [INFO] Época 4/30, Batch 1200/3348, Loss: 0.3051
2025-10-10 08:01:09,451 [INFO] Época 4/30, Batch 1250/3348, Loss: 0.2038
2025-10-10 08:01:09,714 [INFO] Época 4/30, Batch 1300/3348, Loss: 0.3228
2025-10-10 08:01:09,979 [INFO] Época 4/30, Batch 1350/3348, Loss: 0.3678
2025-10-10 08:01:10,243 [INFO] Época 4/30, Batch 1400/3348, Loss: 0.4508
2025-10-10 08:01:10,507 [INFO] Época 4/30, Batch 1450/3348, Loss: 0.4782
2025-10-10 08:01:10,772 [INFO] Época 4/30, Batch 1500/3348, Loss: 0.3560
2025-10-10 08:01:11,039 [INFO] Época 4/30, Batch 1550/3348, Loss: 0.3246
2025-10-10 08:01:11,304 [INFO] Época 4/30, Batch 1600/3348, Loss: 0.2158
2025-10-10 08:01:11,567 [INFO] Época 4/30, Batch 1650/3348, Loss: 0.2342
2025-10-10 08:01:11,830 [INFO] Época 4/30, Batch 1700/3348, Loss: 0.2401
2025-10-10 08:01:12,094 [INFO] Época 4/30, Batch 1750/3348, Loss: 0.4203
2025-10-10 08:01:12,357 [INFO] Época 4/30, Batch 1800/3348, Loss: 0.3328
2025-10-10 08:01:12,623 [INFO] Época 4/30, Batch 1850/3348, Loss: 0.2492
2025-10-10 08:01:12,889 [INFO] Época 4/30, Batch 1900/3348, Loss: 0.3994
2025-10-10 08:01:13,154 [INFO] Época 4/30, Batch 1950/3348, Loss: 0.3173
2025-10-10 08:01:13,420 [INFO] Época 4/30, Batch 2000/3348, Loss: 0.4308
2025-10-10 08:01:13,684 [INFO] Época 4/30, Batch 2050/3348, Loss: 0.2344
2025-10-10 08:01:13,946 [INFO] Época 4/30, Batch 2100/3348, Loss: 0.2951
2025-10-10 08:01:14,210 [INFO] Época 4/30, Batch 2150/3348, Loss: 0.1558
2025-10-10 08:01:14,472 [INFO] Época 4/30, Batch 2200/3348, Loss: 0.3181
2025-10-10 08:01:14,735 [INFO] Época 4/30, Batch 2250/3348, Loss: 0.4152
2025-10-10 08:01:14,997 [INFO] Época 4/30, Batch 2300/3348, Loss: 0.2325
2025-10-10 08:01:15,261 [INFO] Época 4/30, Batch 2350/3348, Loss: 0.3894
2025-10-10 08:01:15,525 [INFO] Época 4/30, Batch 2400/3348, Loss: 0.2912
2025-10-10 08:01:15,789 [INFO] Época 4/30, Batch 2450/3348, Loss: 0.3193
2025-10-10 08:01:16,063 [INFO] Época 4/30, Batch 2500/3348, Loss: 0.3456
2025-10-10 08:01:16,329 [INFO] Época 4/30, Batch 2550/3348, Loss: 0.2932
2025-10-10 08:01:16,593 [INFO] Época 4/30, Batch 2600/3348, Loss: 0.4679
2025-10-10 08:01:16,860 [INFO] Época 4/30, Batch 2650/3348, Loss: 0.3345
2025-10-10 08:01:17,123 [INFO] Época 4/30, Batch 2700/3348, Loss: 0.2675
2025-10-10 08:01:17,389 [INFO] Época 4/30, Batch 2750/3348, Loss: 0.2202
2025-10-10 08:01:17,652 [INFO] Época 4/30, Batch 2800/3348, Loss: 0.2125
2025-10-10 08:01:17,918 [INFO] Época 4/30, Batch 2850/3348, Loss: 0.2505
2025-10-10 08:01:18,183 [INFO] Época 4/30, Batch 2900/3348, Loss: 0.2330
2025-10-10 08:01:18,445 [INFO] Época 4/30, Batch 2950/3348, Loss: 0.3391
2025-10-10 08:01:18,711 [INFO] Época 4/30, Batch 3000/3348, Loss: 0.2739
2025-10-10 08:01:18,975 [INFO] Época 4/30, Batch 3050/3348, Loss: 0.3531
2025-10-10 08:01:19,240 [INFO] Época 4/30, Batch 3100/3348, Loss: 0.2510
2025-10-10 08:01:19,505 [INFO] Época 4/30, Batch 3150/3348, Loss: 0.3357
2025-10-10 08:01:19,769 [INFO] Época 4/30, Batch 3200/3348, Loss: 0.3029
2025-10-10 08:01:20,035 [INFO] Época 4/30, Batch 3250/3348, Loss: 0.3953
2025-10-10 08:01:20,298 [INFO] Época 4/30, Batch 3300/3348, Loss: 0.4055
2025-10-10 08:01:22,162 [INFO] [4/30] Train Loss: 0.3015 | Val Loss: 0.4520 | Tempo: 19.62s
2025-10-10 08:01:22,748 [INFO] Época 5/30, Batch 50/3348, Loss: 0.3484
2025-10-10 08:01:23,021 [INFO] Época 5/30, Batch 100/3348, Loss: 0.2589
2025-10-10 08:01:23,291 [INFO] Época 5/30, Batch 150/3348, Loss: 0.2788
2025-10-10 08:01:23,563 [INFO] Época 5/30, Batch 200/3348, Loss: 0.3359
2025-10-10 08:01:23,832 [INFO] Época 5/30, Batch 250/3348, Loss: 0.2902
2025-10-10 08:01:24,100 [INFO] Época 5/30, Batch 300/3348, Loss: 0.3650
2025-10-10 08:01:24,365 [INFO] Época 5/30, Batch 350/3348, Loss: 0.3604
2025-10-10 08:01:24,627 [INFO] Época 5/30, Batch 400/3348, Loss: 0.3963
2025-10-10 08:01:24,889 [INFO] Época 5/30, Batch 450/3348, Loss: 0.2871
2025-10-10 08:01:25,152 [INFO] Época 5/30, Batch 500/3348, Loss: 0.3554
2025-10-10 08:01:25,414 [INFO] Época 5/30, Batch 550/3348, Loss: 0.2089
2025-10-10 08:01:25,676 [INFO] Época 5/30, Batch 600/3348, Loss: 0.2963
2025-10-10 08:01:25,938 [INFO] Época 5/30, Batch 650/3348, Loss: 0.3211
2025-10-10 08:01:26,200 [INFO] Época 5/30, Batch 700/3348, Loss: 0.3389
2025-10-10 08:01:26,460 [INFO] Época 5/30, Batch 750/3348, Loss: 0.2726
2025-10-10 08:01:26,722 [INFO] Época 5/30, Batch 800/3348, Loss: 0.2787
2025-10-10 08:01:26,984 [INFO] Época 5/30, Batch 850/3348, Loss: 0.2337
2025-10-10 08:01:27,246 [INFO] Época 5/30, Batch 900/3348, Loss: 0.1990
2025-10-10 08:01:27,513 [INFO] Época 5/30, Batch 950/3348, Loss: 0.2557
2025-10-10 08:01:27,779 [INFO] Época 5/30, Batch 1000/3348, Loss: 0.2732
2025-10-10 08:01:28,043 [INFO] Época 5/30, Batch 1050/3348, Loss: 0.2868
2025-10-10 08:01:28,310 [INFO] Época 5/30, Batch 1100/3348, Loss: 0.3601
2025-10-10 08:01:28,575 [INFO] Época 5/30, Batch 1150/3348, Loss: 0.4629
2025-10-10 08:01:28,841 [INFO] Época 5/30, Batch 1200/3348, Loss: 0.3191
2025-10-10 08:01:29,103 [INFO] Época 5/30, Batch 1250/3348, Loss: 0.3314
2025-10-10 08:01:29,367 [INFO] Época 5/30, Batch 1300/3348, Loss: 0.2995
2025-10-10 08:01:29,631 [INFO] Época 5/30, Batch 1350/3348, Loss: 0.2508
2025-10-10 08:01:29,896 [INFO] Época 5/30, Batch 1400/3348, Loss: 0.3492
2025-10-10 08:01:30,161 [INFO] Época 5/30, Batch 1450/3348, Loss: 0.4668
2025-10-10 08:01:30,424 [INFO] Época 5/30, Batch 1500/3348, Loss: 0.2804
2025-10-10 08:01:30,691 [INFO] Época 5/30, Batch 1550/3348, Loss: 0.2476
2025-10-10 08:01:30,956 [INFO] Época 5/30, Batch 1600/3348, Loss: 0.3955
2025-10-10 08:01:31,223 [INFO] Época 5/30, Batch 1650/3348, Loss: 0.3334
2025-10-10 08:01:31,490 [INFO] Época 5/30, Batch 1700/3348, Loss: 0.4165
2025-10-10 08:01:31,757 [INFO] Época 5/30, Batch 1750/3348, Loss: 0.4363
2025-10-10 08:01:32,022 [INFO] Época 5/30, Batch 1800/3348, Loss: 0.1820
2025-10-10 08:01:32,289 [INFO] Época 5/30, Batch 1850/3348, Loss: 0.3441
2025-10-10 08:01:32,566 [INFO] Época 5/30, Batch 1900/3348, Loss: 0.3343
2025-10-10 08:01:32,831 [INFO] Época 5/30, Batch 1950/3348, Loss: 0.3110
2025-10-10 08:01:33,097 [INFO] Época 5/30, Batch 2000/3348, Loss: 0.4297
2025-10-10 08:01:33,366 [INFO] Época 5/30, Batch 2050/3348, Loss: 0.2119
2025-10-10 08:01:33,633 [INFO] Época 5/30, Batch 2100/3348, Loss: 0.3045
2025-10-10 08:01:33,899 [INFO] Época 5/30, Batch 2150/3348, Loss: 0.4830
2025-10-10 08:01:34,165 [INFO] Época 5/30, Batch 2200/3348, Loss: 0.1857
2025-10-10 08:01:34,431 [INFO] Época 5/30, Batch 2250/3348, Loss: 0.2340
2025-10-10 08:01:34,697 [INFO] Época 5/30, Batch 2300/3348, Loss: 0.3490
2025-10-10 08:01:34,971 [INFO] Época 5/30, Batch 2350/3348, Loss: 0.2260
2025-10-10 08:01:35,242 [INFO] Época 5/30, Batch 2400/3348, Loss: 0.4023
2025-10-10 08:01:35,506 [INFO] Época 5/30, Batch 2450/3348, Loss: 0.2741
2025-10-10 08:01:35,769 [INFO] Época 5/30, Batch 2500/3348, Loss: 0.1918
2025-10-10 08:01:36,030 [INFO] Época 5/30, Batch 2550/3348, Loss: 0.2776
2025-10-10 08:01:36,291 [INFO] Época 5/30, Batch 2600/3348, Loss: 0.3011
2025-10-10 08:01:36,553 [INFO] Época 5/30, Batch 2650/3348, Loss: 0.1822
2025-10-10 08:01:36,814 [INFO] Época 5/30, Batch 2700/3348, Loss: 0.4473
2025-10-10 08:01:37,073 [INFO] Época 5/30, Batch 2750/3348, Loss: 0.2287
2025-10-10 08:01:37,334 [INFO] Época 5/30, Batch 2800/3348, Loss: 0.4145
2025-10-10 08:01:37,606 [INFO] Época 5/30, Batch 2850/3348, Loss: 0.2752
2025-10-10 08:01:37,866 [INFO] Época 5/30, Batch 2900/3348, Loss: 0.3193
2025-10-10 08:01:38,125 [INFO] Época 5/30, Batch 2950/3348, Loss: 0.3585
2025-10-10 08:01:38,387 [INFO] Época 5/30, Batch 3000/3348, Loss: 0.2583
2025-10-10 08:01:38,650 [INFO] Época 5/30, Batch 3050/3348, Loss: 0.1700
2025-10-10 08:01:38,913 [INFO] Época 5/30, Batch 3100/3348, Loss: 0.3117
2025-10-10 08:01:39,177 [INFO] Época 5/30, Batch 3150/3348, Loss: 0.3400
2025-10-10 08:01:39,437 [INFO] Época 5/30, Batch 3200/3348, Loss: 0.2342
2025-10-10 08:01:39,700 [INFO] Época 5/30, Batch 3250/3348, Loss: 0.4371
2025-10-10 08:01:39,960 [INFO] Época 5/30, Batch 3300/3348, Loss: 0.2506
2025-10-10 08:01:41,892 [INFO] [5/30] Train Loss: 0.2849 | Val Loss: 0.4931 | Tempo: 19.73s
2025-10-10 08:01:42,480 [INFO] Época 6/30, Batch 50/3348, Loss: 0.3940
2025-10-10 08:01:42,747 [INFO] Época 6/30, Batch 100/3348, Loss: 0.3274
2025-10-10 08:01:43,010 [INFO] Época 6/30, Batch 150/3348, Loss: 0.2927
2025-10-10 08:01:43,272 [INFO] Época 6/30, Batch 200/3348, Loss: 0.1873
2025-10-10 08:01:43,536 [INFO] Época 6/30, Batch 250/3348, Loss: 0.2399
2025-10-10 08:01:43,798 [INFO] Época 6/30, Batch 300/3348, Loss: 0.2730
2025-10-10 08:01:44,061 [INFO] Época 6/30, Batch 350/3348, Loss: 0.3110
2025-10-10 08:01:44,323 [INFO] Época 6/30, Batch 400/3348, Loss: 0.2673
2025-10-10 08:01:44,585 [INFO] Época 6/30, Batch 450/3348, Loss: 0.2869
2025-10-10 08:01:44,847 [INFO] Época 6/30, Batch 500/3348, Loss: 0.2576
2025-10-10 08:01:45,107 [INFO] Época 6/30, Batch 550/3348, Loss: 0.1981
2025-10-10 08:01:45,369 [INFO] Época 6/30, Batch 600/3348, Loss: 0.3477
2025-10-10 08:01:45,631 [INFO] Época 6/30, Batch 650/3348, Loss: 0.2949
2025-10-10 08:01:45,889 [INFO] Época 6/30, Batch 700/3348, Loss: 0.2362
2025-10-10 08:01:46,139 [INFO] Época 6/30, Batch 750/3348, Loss: 0.3045
2025-10-10 08:01:46,388 [INFO] Época 6/30, Batch 800/3348, Loss: 0.2275
2025-10-10 08:01:46,639 [INFO] Época 6/30, Batch 850/3348, Loss: 0.3115
2025-10-10 08:01:46,890 [INFO] Época 6/30, Batch 900/3348, Loss: 0.3104
2025-10-10 08:01:47,139 [INFO] Época 6/30, Batch 950/3348, Loss: 0.3099
2025-10-10 08:01:47,386 [INFO] Época 6/30, Batch 1000/3348, Loss: 0.2900
2025-10-10 08:01:47,634 [INFO] Época 6/30, Batch 1050/3348, Loss: 0.1955
2025-10-10 08:01:47,883 [INFO] Época 6/30, Batch 1100/3348, Loss: 0.2882
2025-10-10 08:01:48,134 [INFO] Época 6/30, Batch 1150/3348, Loss: 0.2039
2025-10-10 08:01:48,383 [INFO] Época 6/30, Batch 1200/3348, Loss: 0.3174
2025-10-10 08:01:48,633 [INFO] Época 6/30, Batch 1250/3348, Loss: 0.1812
2025-10-10 08:01:48,889 [INFO] Época 6/30, Batch 1300/3348, Loss: 0.2814
2025-10-10 08:01:49,144 [INFO] Época 6/30, Batch 1350/3348, Loss: 0.2699
2025-10-10 08:01:49,402 [INFO] Época 6/30, Batch 1400/3348, Loss: 0.4334
2025-10-10 08:01:49,658 [INFO] Época 6/30, Batch 1450/3348, Loss: 0.2630
2025-10-10 08:01:49,914 [INFO] Época 6/30, Batch 1500/3348, Loss: 0.2065
2025-10-10 08:01:50,171 [INFO] Época 6/30, Batch 1550/3348, Loss: 0.2823
2025-10-10 08:01:50,425 [INFO] Época 6/30, Batch 1600/3348, Loss: 0.2568
2025-10-10 08:01:50,681 [INFO] Época 6/30, Batch 1650/3348, Loss: 0.4195
2025-10-10 08:01:50,937 [INFO] Época 6/30, Batch 1700/3348, Loss: 0.3108
2025-10-10 08:01:51,191 [INFO] Época 6/30, Batch 1750/3348, Loss: 0.3163
2025-10-10 08:01:51,446 [INFO] Época 6/30, Batch 1800/3348, Loss: 0.3479
2025-10-10 08:01:51,702 [INFO] Época 6/30, Batch 1850/3348, Loss: 0.2244
2025-10-10 08:01:51,961 [INFO] Época 6/30, Batch 1900/3348, Loss: 0.4075
2025-10-10 08:01:52,219 [INFO] Época 6/30, Batch 1950/3348, Loss: 0.2716
2025-10-10 08:01:52,476 [INFO] Época 6/30, Batch 2000/3348, Loss: 0.1775
2025-10-10 08:01:52,733 [INFO] Época 6/30, Batch 2050/3348, Loss: 0.2037
2025-10-10 08:01:53,003 [INFO] Época 6/30, Batch 2100/3348, Loss: 0.2453
2025-10-10 08:01:53,264 [INFO] Época 6/30, Batch 2150/3348, Loss: 0.2845
2025-10-10 08:01:53,524 [INFO] Época 6/30, Batch 2200/3348, Loss: 0.3503
2025-10-10 08:01:53,785 [INFO] Época 6/30, Batch 2250/3348, Loss: 0.2979
2025-10-10 08:01:54,044 [INFO] Época 6/30, Batch 2300/3348, Loss: 0.2742
2025-10-10 08:01:54,306 [INFO] Época 6/30, Batch 2350/3348, Loss: 0.2939
2025-10-10 08:01:54,568 [INFO] Época 6/30, Batch 2400/3348, Loss: 0.4064
2025-10-10 08:01:54,831 [INFO] Época 6/30, Batch 2450/3348, Loss: 0.2752
2025-10-10 08:01:55,090 [INFO] Época 6/30, Batch 2500/3348, Loss: 0.4477
2025-10-10 08:01:55,348 [INFO] Época 6/30, Batch 2550/3348, Loss: 0.2967
2025-10-10 08:01:55,606 [INFO] Época 6/30, Batch 2600/3348, Loss: 0.3023
2025-10-10 08:01:55,867 [INFO] Época 6/30, Batch 2650/3348, Loss: 0.1964
2025-10-10 08:01:56,127 [INFO] Época 6/30, Batch 2700/3348, Loss: 0.2713
2025-10-10 08:01:56,387 [INFO] Época 6/30, Batch 2750/3348, Loss: 0.2400
2025-10-10 08:01:56,657 [INFO] Época 6/30, Batch 2800/3348, Loss: 0.2574
2025-10-10 08:01:56,917 [INFO] Época 6/30, Batch 2850/3348, Loss: 0.2928
2025-10-10 08:01:57,180 [INFO] Época 6/30, Batch 2900/3348, Loss: 0.2519
2025-10-10 08:01:57,443 [INFO] Época 6/30, Batch 2950/3348, Loss: 0.4499
2025-10-10 08:01:57,704 [INFO] Época 6/30, Batch 3000/3348, Loss: 0.2358
2025-10-10 08:01:57,965 [INFO] Época 6/30, Batch 3050/3348, Loss: 0.3198
2025-10-10 08:01:58,237 [INFO] Época 6/30, Batch 3100/3348, Loss: 0.1399
2025-10-10 08:01:58,499 [INFO] Época 6/30, Batch 3150/3348, Loss: 0.2426
2025-10-10 08:01:58,762 [INFO] Época 6/30, Batch 3200/3348, Loss: 0.2865
2025-10-10 08:01:59,021 [INFO] Época 6/30, Batch 3250/3348, Loss: 0.3075
2025-10-10 08:01:59,282 [INFO] Época 6/30, Batch 3300/3348, Loss: 0.2812
2025-10-10 08:02:01,094 [INFO] [6/30] Train Loss: 0.2720 | Val Loss: 0.4376 | Tempo: 19.20s
2025-10-10 08:02:01,689 [INFO] Época 7/30, Batch 50/3348, Loss: 0.2734
2025-10-10 08:02:01,966 [INFO] Época 7/30, Batch 100/3348, Loss: 0.3768
2025-10-10 08:02:02,244 [INFO] Época 7/30, Batch 150/3348, Loss: 0.2683
2025-10-10 08:02:02,521 [INFO] Época 7/30, Batch 200/3348, Loss: 0.3248
2025-10-10 08:02:02,788 [INFO] Época 7/30, Batch 250/3348, Loss: 0.3003
2025-10-10 08:02:03,054 [INFO] Época 7/30, Batch 300/3348, Loss: 0.2593
2025-10-10 08:02:03,319 [INFO] Época 7/30, Batch 350/3348, Loss: 0.3182
2025-10-10 08:02:03,584 [INFO] Época 7/30, Batch 400/3348, Loss: 0.2174
2025-10-10 08:02:03,846 [INFO] Época 7/30, Batch 450/3348, Loss: 0.1626
2025-10-10 08:02:04,107 [INFO] Época 7/30, Batch 500/3348, Loss: 0.2682
2025-10-10 08:02:04,370 [INFO] Época 7/30, Batch 550/3348, Loss: 0.2798
2025-10-10 08:02:04,630 [INFO] Época 7/30, Batch 600/3348, Loss: 0.2102
2025-10-10 08:02:04,894 [INFO] Época 7/30, Batch 650/3348, Loss: 0.2430
2025-10-10 08:02:05,150 [INFO] Época 7/30, Batch 700/3348, Loss: 0.2711
2025-10-10 08:02:05,404 [INFO] Época 7/30, Batch 750/3348, Loss: 0.3305
2025-10-10 08:02:05,657 [INFO] Época 7/30, Batch 800/3348, Loss: 0.3115
2025-10-10 08:02:05,917 [INFO] Época 7/30, Batch 850/3348, Loss: 0.3154
2025-10-10 08:02:06,177 [INFO] Época 7/30, Batch 900/3348, Loss: 0.1842
2025-10-10 08:02:06,437 [INFO] Época 7/30, Batch 950/3348, Loss: 0.2228
2025-10-10 08:02:06,697 [INFO] Época 7/30, Batch 1000/3348, Loss: 0.3779
2025-10-10 08:02:06,956 [INFO] Época 7/30, Batch 1050/3348, Loss: 0.2987
2025-10-10 08:02:07,215 [INFO] Época 7/30, Batch 1100/3348, Loss: 0.1592
2025-10-10 08:02:07,475 [INFO] Época 7/30, Batch 1150/3348, Loss: 0.2973
2025-10-10 08:02:07,735 [INFO] Época 7/30, Batch 1200/3348, Loss: 0.2938
2025-10-10 08:02:07,995 [INFO] Época 7/30, Batch 1250/3348, Loss: 0.2618
2025-10-10 08:02:08,255 [INFO] Época 7/30, Batch 1300/3348, Loss: 0.3075
2025-10-10 08:02:08,527 [INFO] Época 7/30, Batch 1350/3348, Loss: 0.1817
2025-10-10 08:02:08,793 [INFO] Época 7/30, Batch 1400/3348, Loss: 0.2384
2025-10-10 08:02:09,059 [INFO] Época 7/30, Batch 1450/3348, Loss: 0.2984
2025-10-10 08:02:09,322 [INFO] Época 7/30, Batch 1500/3348, Loss: 0.1746
2025-10-10 08:02:09,588 [INFO] Época 7/30, Batch 1550/3348, Loss: 0.2669
2025-10-10 08:02:09,854 [INFO] Época 7/30, Batch 1600/3348, Loss: 0.3086
2025-10-10 08:02:10,119 [INFO] Época 7/30, Batch 1650/3348, Loss: 0.2791
2025-10-10 08:02:10,384 [INFO] Época 7/30, Batch 1700/3348, Loss: 0.1899
2025-10-10 08:02:10,646 [INFO] Época 7/30, Batch 1750/3348, Loss: 0.1340
2025-10-10 08:02:10,910 [INFO] Época 7/30, Batch 1800/3348, Loss: 0.3342
2025-10-10 08:02:11,174 [INFO] Época 7/30, Batch 1850/3348, Loss: 0.3627
2025-10-10 08:02:11,438 [INFO] Época 7/30, Batch 1900/3348, Loss: 0.2066
2025-10-10 08:02:11,704 [INFO] Época 7/30, Batch 1950/3348, Loss: 0.2182
2025-10-10 08:02:11,969 [INFO] Época 7/30, Batch 2000/3348, Loss: 0.2233
2025-10-10 08:02:12,233 [INFO] Época 7/30, Batch 2050/3348, Loss: 0.2236
2025-10-10 08:02:12,496 [INFO] Época 7/30, Batch 2100/3348, Loss: 0.2280
2025-10-10 08:02:12,761 [INFO] Época 7/30, Batch 2150/3348, Loss: 0.2265
2025-10-10 08:02:13,027 [INFO] Época 7/30, Batch 2200/3348, Loss: 0.1930
2025-10-10 08:02:13,289 [INFO] Época 7/30, Batch 2250/3348, Loss: 0.3167
2025-10-10 08:02:13,561 [INFO] Época 7/30, Batch 2300/3348, Loss: 0.2157
2025-10-10 08:02:13,831 [INFO] Época 7/30, Batch 2350/3348, Loss: 0.2272
2025-10-10 08:02:14,095 [INFO] Época 7/30, Batch 2400/3348, Loss: 0.1301
2025-10-10 08:02:14,360 [INFO] Época 7/30, Batch 2450/3348, Loss: 0.3307
2025-10-10 08:02:14,624 [INFO] Época 7/30, Batch 2500/3348, Loss: 0.4538
2025-10-10 08:02:14,886 [INFO] Época 7/30, Batch 2550/3348, Loss: 0.3305
2025-10-10 08:02:15,150 [INFO] Época 7/30, Batch 2600/3348, Loss: 0.2940
2025-10-10 08:02:15,414 [INFO] Época 7/30, Batch 2650/3348, Loss: 0.3379
2025-10-10 08:02:15,678 [INFO] Época 7/30, Batch 2700/3348, Loss: 0.2405
2025-10-10 08:02:15,942 [INFO] Época 7/30, Batch 2750/3348, Loss: 0.1988
2025-10-10 08:02:16,205 [INFO] Época 7/30, Batch 2800/3348, Loss: 0.2332
2025-10-10 08:02:16,469 [INFO] Época 7/30, Batch 2850/3348, Loss: 0.1775
2025-10-10 08:02:16,731 [INFO] Época 7/30, Batch 2900/3348, Loss: 0.1975
2025-10-10 08:02:16,996 [INFO] Época 7/30, Batch 2950/3348, Loss: 0.2518
2025-10-10 08:02:17,259 [INFO] Época 7/30, Batch 3000/3348, Loss: 0.2330
2025-10-10 08:02:17,521 [INFO] Época 7/30, Batch 3050/3348, Loss: 0.3476
2025-10-10 08:02:17,783 [INFO] Época 7/30, Batch 3100/3348, Loss: 0.2469
2025-10-10 08:02:18,043 [INFO] Época 7/30, Batch 3150/3348, Loss: 0.2638
2025-10-10 08:02:18,308 [INFO] Época 7/30, Batch 3200/3348, Loss: 0.2401
2025-10-10 08:02:18,570 [INFO] Época 7/30, Batch 3250/3348, Loss: 0.2187
2025-10-10 08:02:18,833 [INFO] Época 7/30, Batch 3300/3348, Loss: 0.3161
2025-10-10 08:02:20,757 [INFO] [7/30] Train Loss: 0.2613 | Val Loss: 0.4344 | Tempo: 19.66s
2025-10-10 08:02:21,350 [INFO] Época 8/30, Batch 50/3348, Loss: 0.2794
2025-10-10 08:02:21,619 [INFO] Época 8/30, Batch 100/3348, Loss: 0.3465
2025-10-10 08:02:21,882 [INFO] Época 8/30, Batch 150/3348, Loss: 0.0971
2025-10-10 08:02:22,147 [INFO] Época 8/30, Batch 200/3348, Loss: 0.2261
2025-10-10 08:02:22,408 [INFO] Época 8/30, Batch 250/3348, Loss: 0.2785
2025-10-10 08:02:22,670 [INFO] Época 8/30, Batch 300/3348, Loss: 0.3711
2025-10-10 08:02:22,930 [INFO] Época 8/30, Batch 350/3348, Loss: 0.2583
2025-10-10 08:02:23,192 [INFO] Época 8/30, Batch 400/3348, Loss: 0.2336
2025-10-10 08:02:23,456 [INFO] Época 8/30, Batch 450/3348, Loss: 0.2136
2025-10-10 08:02:23,719 [INFO] Época 8/30, Batch 500/3348, Loss: 0.2588
2025-10-10 08:02:23,981 [INFO] Época 8/30, Batch 550/3348, Loss: 0.2751
2025-10-10 08:02:24,242 [INFO] Época 8/30, Batch 600/3348, Loss: 0.1788
2025-10-10 08:02:24,504 [INFO] Época 8/30, Batch 650/3348, Loss: 0.2131
2025-10-10 08:02:24,769 [INFO] Época 8/30, Batch 700/3348, Loss: 0.2012
2025-10-10 08:02:25,030 [INFO] Época 8/30, Batch 750/3348, Loss: 0.1728
2025-10-10 08:02:25,291 [INFO] Época 8/30, Batch 800/3348, Loss: 0.1968
2025-10-10 08:02:25,552 [INFO] Época 8/30, Batch 850/3348, Loss: 0.2050
2025-10-10 08:02:25,812 [INFO] Época 8/30, Batch 900/3348, Loss: 0.2805
2025-10-10 08:02:26,075 [INFO] Época 8/30, Batch 950/3348, Loss: 0.2695
2025-10-10 08:02:26,335 [INFO] Época 8/30, Batch 1000/3348, Loss: 0.4042
2025-10-10 08:02:26,595 [INFO] Época 8/30, Batch 1050/3348, Loss: 0.1541
2025-10-10 08:02:26,858 [INFO] Época 8/30, Batch 1100/3348, Loss: 0.2928
2025-10-10 08:02:27,118 [INFO] Época 8/30, Batch 1150/3348, Loss: 0.2943
2025-10-10 08:02:27,379 [INFO] Época 8/30, Batch 1200/3348, Loss: 0.2893
2025-10-10 08:02:27,640 [INFO] Época 8/30, Batch 1250/3348, Loss: 0.1474
2025-10-10 08:02:27,900 [INFO] Época 8/30, Batch 1300/3348, Loss: 0.1153
2025-10-10 08:02:28,160 [INFO] Época 8/30, Batch 1350/3348, Loss: 0.2661
2025-10-10 08:02:28,420 [INFO] Época 8/30, Batch 1400/3348, Loss: 0.0994
2025-10-10 08:02:28,682 [INFO] Época 8/30, Batch 1450/3348, Loss: 0.2824
2025-10-10 08:02:28,942 [INFO] Época 8/30, Batch 1500/3348, Loss: 0.2634
2025-10-10 08:02:29,203 [INFO] Época 8/30, Batch 1550/3348, Loss: 0.2772
2025-10-10 08:02:29,463 [INFO] Época 8/30, Batch 1600/3348, Loss: 0.1369
2025-10-10 08:02:29,724 [INFO] Época 8/30, Batch 1650/3348, Loss: 0.3327
2025-10-10 08:02:29,986 [INFO] Época 8/30, Batch 1700/3348, Loss: 0.2917
2025-10-10 08:02:30,247 [INFO] Época 8/30, Batch 1750/3348, Loss: 0.3398
2025-10-10 08:02:30,509 [INFO] Época 8/30, Batch 1800/3348, Loss: 0.0688
2025-10-10 08:02:30,770 [INFO] Época 8/30, Batch 1850/3348, Loss: 0.2297
2025-10-10 08:02:31,030 [INFO] Época 8/30, Batch 1900/3348, Loss: 0.2551
2025-10-10 08:02:31,291 [INFO] Época 8/30, Batch 1950/3348, Loss: 0.3087
2025-10-10 08:02:31,553 [INFO] Época 8/30, Batch 2000/3348, Loss: 0.3301
2025-10-10 08:02:31,816 [INFO] Época 8/30, Batch 2050/3348, Loss: 0.3545
2025-10-10 08:02:32,077 [INFO] Época 8/30, Batch 2100/3348, Loss: 0.1407
2025-10-10 08:02:32,339 [INFO] Época 8/30, Batch 2150/3348, Loss: 0.2332
2025-10-10 08:02:32,598 [INFO] Época 8/30, Batch 2200/3348, Loss: 0.1792
2025-10-10 08:02:32,862 [INFO] Época 8/30, Batch 2250/3348, Loss: 0.1538
2025-10-10 08:02:33,123 [INFO] Época 8/30, Batch 2300/3348, Loss: 0.2429
2025-10-10 08:02:33,384 [INFO] Época 8/30, Batch 2350/3348, Loss: 0.2615
2025-10-10 08:02:33,644 [INFO] Época 8/30, Batch 2400/3348, Loss: 0.3404
2025-10-10 08:02:33,906 [INFO] Época 8/30, Batch 2450/3348, Loss: 0.2866
2025-10-10 08:02:34,169 [INFO] Época 8/30, Batch 2500/3348, Loss: 0.2815
2025-10-10 08:02:34,430 [INFO] Época 8/30, Batch 2550/3348, Loss: 0.2276
2025-10-10 08:02:34,691 [INFO] Época 8/30, Batch 2600/3348, Loss: 0.2318
2025-10-10 08:02:34,951 [INFO] Época 8/30, Batch 2650/3348, Loss: 0.2854
2025-10-10 08:02:35,212 [INFO] Época 8/30, Batch 2700/3348, Loss: 0.2252
2025-10-10 08:02:35,473 [INFO] Época 8/30, Batch 2750/3348, Loss: 0.1224
2025-10-10 08:02:35,734 [INFO] Época 8/30, Batch 2800/3348, Loss: 0.2870
2025-10-10 08:02:35,995 [INFO] Época 8/30, Batch 2850/3348, Loss: 0.2021
2025-10-10 08:02:36,257 [INFO] Época 8/30, Batch 2900/3348, Loss: 0.1809
2025-10-10 08:02:36,519 [INFO] Época 8/30, Batch 2950/3348, Loss: 0.1519
2025-10-10 08:02:36,780 [INFO] Época 8/30, Batch 3000/3348, Loss: 0.2630
2025-10-10 08:02:37,040 [INFO] Época 8/30, Batch 3050/3348, Loss: 0.1954
2025-10-10 08:02:37,301 [INFO] Época 8/30, Batch 3100/3348, Loss: 0.2120
2025-10-10 08:02:37,562 [INFO] Época 8/30, Batch 3150/3348, Loss: 0.2408
2025-10-10 08:02:37,823 [INFO] Época 8/30, Batch 3200/3348, Loss: 0.2946
2025-10-10 08:02:38,086 [INFO] Época 8/30, Batch 3250/3348, Loss: 0.1815
2025-10-10 08:02:38,347 [INFO] Época 8/30, Batch 3300/3348, Loss: 0.2658
2025-10-10 08:02:40,107 [INFO] [8/30] Train Loss: 0.2527 | Val Loss: 0.5553 | Tempo: 19.35s
2025-10-10 08:02:40,700 [INFO] Época 9/30, Batch 50/3348, Loss: 0.1914
2025-10-10 08:02:40,973 [INFO] Época 9/30, Batch 100/3348, Loss: 0.3141
2025-10-10 08:02:41,240 [INFO] Época 9/30, Batch 150/3348, Loss: 0.2688
2025-10-10 08:02:41,506 [INFO] Época 9/30, Batch 200/3348, Loss: 0.2564
2025-10-10 08:02:41,770 [INFO] Época 9/30, Batch 250/3348, Loss: 0.2228
2025-10-10 08:02:42,034 [INFO] Época 9/30, Batch 300/3348, Loss: 0.2758
2025-10-10 08:02:42,297 [INFO] Época 9/30, Batch 350/3348, Loss: 0.2910
2025-10-10 08:02:42,561 [INFO] Época 9/30, Batch 400/3348, Loss: 0.1525
2025-10-10 08:02:42,825 [INFO] Época 9/30, Batch 450/3348, Loss: 0.1495
2025-10-10 08:02:43,093 [INFO] Época 9/30, Batch 500/3348, Loss: 0.2670
2025-10-10 08:02:43,360 [INFO] Época 9/30, Batch 550/3348, Loss: 0.2326
2025-10-10 08:02:43,628 [INFO] Época 9/30, Batch 600/3348, Loss: 0.1800
2025-10-10 08:02:43,893 [INFO] Época 9/30, Batch 650/3348, Loss: 0.3088
2025-10-10 08:02:44,159 [INFO] Época 9/30, Batch 700/3348, Loss: 0.2471
2025-10-10 08:02:44,427 [INFO] Época 9/30, Batch 750/3348, Loss: 0.2293
2025-10-10 08:02:44,696 [INFO] Época 9/30, Batch 800/3348, Loss: 0.1633
2025-10-10 08:02:44,967 [INFO] Época 9/30, Batch 850/3348, Loss: 0.3213
2025-10-10 08:02:45,235 [INFO] Época 9/30, Batch 900/3348, Loss: 0.2413
2025-10-10 08:02:45,513 [INFO] Época 9/30, Batch 950/3348, Loss: 0.4219
2025-10-10 08:02:45,783 [INFO] Época 9/30, Batch 1000/3348, Loss: 0.3511
2025-10-10 08:02:46,050 [INFO] Época 9/30, Batch 1050/3348, Loss: 0.2496
2025-10-10 08:02:46,316 [INFO] Época 9/30, Batch 1100/3348, Loss: 0.1839
2025-10-10 08:02:46,584 [INFO] Época 9/30, Batch 1150/3348, Loss: 0.2596
2025-10-10 08:02:46,853 [INFO] Época 9/30, Batch 1200/3348, Loss: 0.2359
2025-10-10 08:02:47,119 [INFO] Época 9/30, Batch 1250/3348, Loss: 0.2777
2025-10-10 08:02:47,384 [INFO] Época 9/30, Batch 1300/3348, Loss: 0.2651
2025-10-10 08:02:47,650 [INFO] Época 9/30, Batch 1350/3348, Loss: 0.1878
2025-10-10 08:02:47,918 [INFO] Época 9/30, Batch 1400/3348, Loss: 0.1999
2025-10-10 08:02:48,186 [INFO] Época 9/30, Batch 1450/3348, Loss: 0.2351
2025-10-10 08:02:48,457 [INFO] Época 9/30, Batch 1500/3348, Loss: 0.2449
2025-10-10 08:02:48,726 [INFO] Época 9/30, Batch 1550/3348, Loss: 0.2438
2025-10-10 08:02:48,993 [INFO] Época 9/30, Batch 1600/3348, Loss: 0.1745
2025-10-10 08:02:49,262 [INFO] Época 9/30, Batch 1650/3348, Loss: 0.2561
2025-10-10 08:02:49,529 [INFO] Época 9/30, Batch 1700/3348, Loss: 0.1561
2025-10-10 08:02:49,801 [INFO] Época 9/30, Batch 1750/3348, Loss: 0.2703
2025-10-10 08:02:50,066 [INFO] Época 9/30, Batch 1800/3348, Loss: 0.2676
2025-10-10 08:02:50,332 [INFO] Época 9/30, Batch 1850/3348, Loss: 0.2595
2025-10-10 08:02:50,602 [INFO] Época 9/30, Batch 1900/3348, Loss: 0.3303
2025-10-10 08:02:50,866 [INFO] Época 9/30, Batch 1950/3348, Loss: 0.3753
2025-10-10 08:02:51,133 [INFO] Época 9/30, Batch 2000/3348, Loss: 0.3236
2025-10-10 08:02:51,397 [INFO] Época 9/30, Batch 2050/3348, Loss: 0.2739
2025-10-10 08:02:51,662 [INFO] Época 9/30, Batch 2100/3348, Loss: 0.2884
2025-10-10 08:02:51,926 [INFO] Época 9/30, Batch 2150/3348, Loss: 0.2157
2025-10-10 08:02:52,193 [INFO] Época 9/30, Batch 2200/3348, Loss: 0.2644
2025-10-10 08:02:52,458 [INFO] Época 9/30, Batch 2250/3348, Loss: 0.2110
2025-10-10 08:02:52,720 [INFO] Época 9/30, Batch 2300/3348, Loss: 0.3321
2025-10-10 08:02:52,985 [INFO] Época 9/30, Batch 2350/3348, Loss: 0.2321
2025-10-10 08:02:53,248 [INFO] Época 9/30, Batch 2400/3348, Loss: 0.1955
2025-10-10 08:02:53,511 [INFO] Época 9/30, Batch 2450/3348, Loss: 0.1398
2025-10-10 08:02:53,772 [INFO] Época 9/30, Batch 2500/3348, Loss: 0.2756
2025-10-10 08:02:54,033 [INFO] Época 9/30, Batch 2550/3348, Loss: 0.2728
2025-10-10 08:02:54,293 [INFO] Época 9/30, Batch 2600/3348, Loss: 0.3062
2025-10-10 08:02:54,555 [INFO] Época 9/30, Batch 2650/3348, Loss: 0.1733
2025-10-10 08:02:54,816 [INFO] Época 9/30, Batch 2700/3348, Loss: 0.2134
2025-10-10 08:02:55,076 [INFO] Época 9/30, Batch 2750/3348, Loss: 0.2160
2025-10-10 08:02:55,336 [INFO] Época 9/30, Batch 2800/3348, Loss: 0.2065
2025-10-10 08:02:55,608 [INFO] Época 9/30, Batch 2850/3348, Loss: 0.3137
2025-10-10 08:02:55,875 [INFO] Época 9/30, Batch 2900/3348, Loss: 0.2945
2025-10-10 08:02:56,139 [INFO] Época 9/30, Batch 2950/3348, Loss: 0.3068
2025-10-10 08:02:56,404 [INFO] Época 9/30, Batch 3000/3348, Loss: 0.2841
2025-10-10 08:02:56,669 [INFO] Época 9/30, Batch 3050/3348, Loss: 0.1465
2025-10-10 08:02:56,936 [INFO] Época 9/30, Batch 3100/3348, Loss: 0.2331
2025-10-10 08:02:57,205 [INFO] Época 9/30, Batch 3150/3348, Loss: 0.1691
2025-10-10 08:02:57,469 [INFO] Época 9/30, Batch 3200/3348, Loss: 0.1716
2025-10-10 08:02:57,735 [INFO] Época 9/30, Batch 3250/3348, Loss: 0.3040
2025-10-10 08:02:58,000 [INFO] Época 9/30, Batch 3300/3348, Loss: 0.2616
2025-10-10 08:02:59,776 [INFO] [9/30] Train Loss: 0.2447 | Val Loss: 0.4748 | Tempo: 19.67s
2025-10-10 08:03:00,359 [INFO] Época 10/30, Batch 50/3348, Loss: 0.2268
2025-10-10 08:03:00,640 [INFO] Época 10/30, Batch 100/3348, Loss: 0.2134
2025-10-10 08:03:00,905 [INFO] Época 10/30, Batch 150/3348, Loss: 0.2519
2025-10-10 08:03:01,169 [INFO] Época 10/30, Batch 200/3348, Loss: 0.2091
2025-10-10 08:03:01,434 [INFO] Época 10/30, Batch 250/3348, Loss: 0.2697
2025-10-10 08:03:01,696 [INFO] Época 10/30, Batch 300/3348, Loss: 0.2099
2025-10-10 08:03:01,959 [INFO] Época 10/30, Batch 350/3348, Loss: 0.2167
2025-10-10 08:03:02,224 [INFO] Época 10/30, Batch 400/3348, Loss: 0.1719
2025-10-10 08:03:02,484 [INFO] Época 10/30, Batch 450/3348, Loss: 0.2977
2025-10-10 08:03:02,746 [INFO] Época 10/30, Batch 500/3348, Loss: 0.2498
2025-10-10 08:03:03,010 [INFO] Época 10/30, Batch 550/3348, Loss: 0.2825
2025-10-10 08:03:03,272 [INFO] Época 10/30, Batch 600/3348, Loss: 0.2323
2025-10-10 08:03:03,532 [INFO] Época 10/30, Batch 650/3348, Loss: 0.1690
2025-10-10 08:03:03,793 [INFO] Época 10/30, Batch 700/3348, Loss: 0.2711
2025-10-10 08:03:04,053 [INFO] Época 10/30, Batch 750/3348, Loss: 0.3592
2025-10-10 08:03:04,313 [INFO] Época 10/30, Batch 800/3348, Loss: 0.2614
2025-10-10 08:03:04,574 [INFO] Época 10/30, Batch 850/3348, Loss: 0.1783
2025-10-10 08:03:04,835 [INFO] Época 10/30, Batch 900/3348, Loss: 0.2953
2025-10-10 08:03:05,102 [INFO] Época 10/30, Batch 950/3348, Loss: 0.1208
2025-10-10 08:03:05,364 [INFO] Época 10/30, Batch 1000/3348, Loss: 0.1895
2025-10-10 08:03:05,626 [INFO] Época 10/30, Batch 1050/3348, Loss: 0.1934
2025-10-10 08:03:05,887 [INFO] Época 10/30, Batch 1100/3348, Loss: 0.1855
2025-10-10 08:03:06,149 [INFO] Época 10/30, Batch 1150/3348, Loss: 0.1828
2025-10-10 08:03:06,408 [INFO] Época 10/30, Batch 1200/3348, Loss: 0.1102
2025-10-10 08:03:06,668 [INFO] Época 10/30, Batch 1250/3348, Loss: 0.2340
2025-10-10 08:03:06,929 [INFO] Época 10/30, Batch 1300/3348, Loss: 0.2696
2025-10-10 08:03:07,190 [INFO] Época 10/30, Batch 1350/3348, Loss: 0.3028
2025-10-10 08:03:07,452 [INFO] Época 10/30, Batch 1400/3348, Loss: 0.1149
2025-10-10 08:03:07,712 [INFO] Época 10/30, Batch 1450/3348, Loss: 0.3326
2025-10-10 08:03:07,976 [INFO] Época 10/30, Batch 1500/3348, Loss: 0.1820
2025-10-10 08:03:08,242 [INFO] Época 10/30, Batch 1550/3348, Loss: 0.2174
2025-10-10 08:03:08,506 [INFO] Época 10/30, Batch 1600/3348, Loss: 0.2093
2025-10-10 08:03:08,769 [INFO] Época 10/30, Batch 1650/3348, Loss: 0.2108
2025-10-10 08:03:09,033 [INFO] Época 10/30, Batch 1700/3348, Loss: 0.2068
2025-10-10 08:03:09,295 [INFO] Época 10/30, Batch 1750/3348, Loss: 0.2327
2025-10-10 08:03:09,557 [INFO] Época 10/30, Batch 1800/3348, Loss: 0.2199
2025-10-10 08:03:09,819 [INFO] Época 10/30, Batch 1850/3348, Loss: 0.2709
2025-10-10 08:03:10,083 [INFO] Época 10/30, Batch 1900/3348, Loss: 0.1798
2025-10-10 08:03:10,344 [INFO] Época 10/30, Batch 1950/3348, Loss: 0.2017
2025-10-10 08:03:10,604 [INFO] Época 10/30, Batch 2000/3348, Loss: 0.2298
2025-10-10 08:03:10,877 [INFO] Época 10/30, Batch 2050/3348, Loss: 0.2584
2025-10-10 08:03:11,137 [INFO] Época 10/30, Batch 2100/3348, Loss: 0.2871
2025-10-10 08:03:11,398 [INFO] Época 10/30, Batch 2150/3348, Loss: 0.2881
2025-10-10 08:03:11,659 [INFO] Época 10/30, Batch 2200/3348, Loss: 0.2478
2025-10-10 08:03:11,918 [INFO] Época 10/30, Batch 2250/3348, Loss: 0.3405
2025-10-10 08:03:12,180 [INFO] Época 10/30, Batch 2300/3348, Loss: 0.3139
2025-10-10 08:03:12,441 [INFO] Época 10/30, Batch 2350/3348, Loss: 0.1771
2025-10-10 08:03:12,702 [INFO] Época 10/30, Batch 2400/3348, Loss: 0.2378
2025-10-10 08:03:12,966 [INFO] Época 10/30, Batch 2450/3348, Loss: 0.2201
2025-10-10 08:03:13,229 [INFO] Época 10/30, Batch 2500/3348, Loss: 0.3155
2025-10-10 08:03:13,496 [INFO] Época 10/30, Batch 2550/3348, Loss: 0.1859
2025-10-10 08:03:13,760 [INFO] Época 10/30, Batch 2600/3348, Loss: 0.3283
2025-10-10 08:03:14,023 [INFO] Época 10/30, Batch 2650/3348, Loss: 0.2325
2025-10-10 08:03:14,288 [INFO] Época 10/30, Batch 2700/3348, Loss: 0.2030
2025-10-10 08:03:14,555 [INFO] Época 10/30, Batch 2750/3348, Loss: 0.2162
2025-10-10 08:03:14,820 [INFO] Época 10/30, Batch 2800/3348, Loss: 0.3675
2025-10-10 08:03:15,083 [INFO] Época 10/30, Batch 2850/3348, Loss: 0.2487
2025-10-10 08:03:15,346 [INFO] Época 10/30, Batch 2900/3348, Loss: 0.2175
2025-10-10 08:03:15,611 [INFO] Época 10/30, Batch 2950/3348, Loss: 0.2987
2025-10-10 08:03:15,886 [INFO] Época 10/30, Batch 3000/3348, Loss: 0.2233
2025-10-10 08:03:16,151 [INFO] Época 10/30, Batch 3050/3348, Loss: 0.2517
2025-10-10 08:03:16,415 [INFO] Época 10/30, Batch 3100/3348, Loss: 0.1956
2025-10-10 08:03:16,679 [INFO] Época 10/30, Batch 3150/3348, Loss: 0.2546
2025-10-10 08:03:16,943 [INFO] Época 10/30, Batch 3200/3348, Loss: 0.1898
2025-10-10 08:03:17,206 [INFO] Época 10/30, Batch 3250/3348, Loss: 0.3150
2025-10-10 08:03:17,471 [INFO] Época 10/30, Batch 3300/3348, Loss: 0.2588
2025-10-10 08:03:19,252 [INFO] [10/30] Train Loss: 0.2372 | Val Loss: 0.4829 | Tempo: 19.48s
2025-10-10 08:03:19,850 [INFO] Época 11/30, Batch 50/3348, Loss: 0.1528
2025-10-10 08:03:20,130 [INFO] Época 11/30, Batch 100/3348, Loss: 0.3088
2025-10-10 08:03:20,408 [INFO] Época 11/30, Batch 150/3348, Loss: 0.2365
2025-10-10 08:03:20,684 [INFO] Época 11/30, Batch 200/3348, Loss: 0.1508
2025-10-10 08:03:20,962 [INFO] Época 11/30, Batch 250/3348, Loss: 0.2684
2025-10-10 08:03:21,237 [INFO] Época 11/30, Batch 300/3348, Loss: 0.2058
2025-10-10 08:03:21,511 [INFO] Época 11/30, Batch 350/3348, Loss: 0.1486
2025-10-10 08:03:21,787 [INFO] Época 11/30, Batch 400/3348, Loss: 0.2051
2025-10-10 08:03:22,064 [INFO] Época 11/30, Batch 450/3348, Loss: 0.2276
2025-10-10 08:03:22,339 [INFO] Época 11/30, Batch 500/3348, Loss: 0.2641
2025-10-10 08:03:22,622 [INFO] Época 11/30, Batch 550/3348, Loss: 0.2982
2025-10-10 08:03:22,898 [INFO] Época 11/30, Batch 600/3348, Loss: 0.2183
2025-10-10 08:03:23,166 [INFO] Época 11/30, Batch 650/3348, Loss: 0.2349
2025-10-10 08:03:23,427 [INFO] Época 11/30, Batch 700/3348, Loss: 0.1425
2025-10-10 08:03:23,688 [INFO] Época 11/30, Batch 750/3348, Loss: 0.1398
2025-10-10 08:03:23,958 [INFO] Época 11/30, Batch 800/3348, Loss: 0.2150
2025-10-10 08:03:24,233 [INFO] Época 11/30, Batch 850/3348, Loss: 0.2059
2025-10-10 08:03:24,509 [INFO] Época 11/30, Batch 900/3348, Loss: 0.2056
2025-10-10 08:03:24,782 [INFO] Época 11/30, Batch 950/3348, Loss: 0.1200
2025-10-10 08:03:25,057 [INFO] Época 11/30, Batch 1000/3348, Loss: 0.3931
2025-10-10 08:03:25,334 [INFO] Época 11/30, Batch 1050/3348, Loss: 0.4311
2025-10-10 08:03:25,610 [INFO] Época 11/30, Batch 1100/3348, Loss: 0.3486
2025-10-10 08:03:25,878 [INFO] Época 11/30, Batch 1150/3348, Loss: 0.2062
2025-10-10 08:03:26,162 [INFO] Época 11/30, Batch 1200/3348, Loss: 0.2883
2025-10-10 08:03:26,437 [INFO] Época 11/30, Batch 1250/3348, Loss: 0.2126
2025-10-10 08:03:26,713 [INFO] Época 11/30, Batch 1300/3348, Loss: 0.3165
2025-10-10 08:03:26,990 [INFO] Época 11/30, Batch 1350/3348, Loss: 0.1701
2025-10-10 08:03:27,264 [INFO] Época 11/30, Batch 1400/3348, Loss: 0.2385
2025-10-10 08:03:27,539 [INFO] Época 11/30, Batch 1450/3348, Loss: 0.2065
2025-10-10 08:03:27,816 [INFO] Época 11/30, Batch 1500/3348, Loss: 0.1676
2025-10-10 08:03:28,090 [INFO] Época 11/30, Batch 1550/3348, Loss: 0.3297
2025-10-10 08:03:28,364 [INFO] Época 11/30, Batch 1600/3348, Loss: 0.2265
2025-10-10 08:03:28,639 [INFO] Época 11/30, Batch 1650/3348, Loss: 0.2056
2025-10-10 08:03:28,915 [INFO] Época 11/30, Batch 1700/3348, Loss: 0.2481
2025-10-10 08:03:29,188 [INFO] Época 11/30, Batch 1750/3348, Loss: 0.2920
2025-10-10 08:03:29,457 [INFO] Época 11/30, Batch 1800/3348, Loss: 0.2699
2025-10-10 08:03:29,727 [INFO] Época 11/30, Batch 1850/3348, Loss: 0.1477
2025-10-10 08:03:29,997 [INFO] Época 11/30, Batch 1900/3348, Loss: 0.1699
2025-10-10 08:03:30,269 [INFO] Época 11/30, Batch 1950/3348, Loss: 0.2201
2025-10-10 08:03:30,540 [INFO] Época 11/30, Batch 2000/3348, Loss: 0.2475
2025-10-10 08:03:30,810 [INFO] Época 11/30, Batch 2050/3348, Loss: 0.1737
2025-10-10 08:03:31,081 [INFO] Época 11/30, Batch 2100/3348, Loss: 0.1752
2025-10-10 08:03:31,360 [INFO] Época 11/30, Batch 2150/3348, Loss: 0.1642
2025-10-10 08:03:31,629 [INFO] Época 11/30, Batch 2200/3348, Loss: 0.2409
2025-10-10 08:03:31,907 [INFO] Época 11/30, Batch 2250/3348, Loss: 0.1667
2025-10-10 08:03:32,186 [INFO] Época 11/30, Batch 2300/3348, Loss: 0.2226
2025-10-10 08:03:32,467 [INFO] Época 11/30, Batch 2350/3348, Loss: 0.3223
2025-10-10 08:03:32,749 [INFO] Época 11/30, Batch 2400/3348, Loss: 0.2425
2025-10-10 08:03:33,029 [INFO] Época 11/30, Batch 2450/3348, Loss: 0.2049
2025-10-10 08:03:33,310 [INFO] Época 11/30, Batch 2500/3348, Loss: 0.2977
2025-10-10 08:03:33,591 [INFO] Época 11/30, Batch 2550/3348, Loss: 0.2783
2025-10-10 08:03:33,873 [INFO] Época 11/30, Batch 2600/3348, Loss: 0.1807
2025-10-10 08:03:34,154 [INFO] Época 11/30, Batch 2650/3348, Loss: 0.1779
2025-10-10 08:03:34,433 [INFO] Época 11/30, Batch 2700/3348, Loss: 0.3139
2025-10-10 08:03:34,712 [INFO] Época 11/30, Batch 2750/3348, Loss: 0.2996
2025-10-10 08:03:34,990 [INFO] Época 11/30, Batch 2800/3348, Loss: 0.2085
2025-10-10 08:03:35,268 [INFO] Época 11/30, Batch 2850/3348, Loss: 0.2238
2025-10-10 08:03:35,545 [INFO] Época 11/30, Batch 2900/3348, Loss: 0.1766
2025-10-10 08:03:35,816 [INFO] Época 11/30, Batch 2950/3348, Loss: 0.1122
2025-10-10 08:03:36,088 [INFO] Época 11/30, Batch 3000/3348, Loss: 0.2087
2025-10-10 08:03:36,357 [INFO] Época 11/30, Batch 3050/3348, Loss: 0.3535
2025-10-10 08:03:36,627 [INFO] Época 11/30, Batch 3100/3348, Loss: 0.2684
2025-10-10 08:03:36,896 [INFO] Época 11/30, Batch 3150/3348, Loss: 0.1712
2025-10-10 08:03:37,165 [INFO] Época 11/30, Batch 3200/3348, Loss: 0.2317
2025-10-10 08:03:37,434 [INFO] Época 11/30, Batch 3250/3348, Loss: 0.1849
2025-10-10 08:03:37,707 [INFO] Época 11/30, Batch 3300/3348, Loss: 0.3017
2025-10-10 08:03:39,618 [INFO] [11/30] Train Loss: 0.2314 | Val Loss: 0.4558 | Tempo: 20.37s
2025-10-10 08:03:39,619 [INFO] Early stopping ativado após 10 épocas sem melhoria
2025-10-10 08:03:39,619 [INFO] Treinamento concluído em 215.91 segundos (3.60 minutos)
2025-10-10 08:03:39,619 [INFO] Iniciando avaliação no conjunto de teste...
2025-10-10 08:03:41,161 [INFO] Avaliação do teste concluída em 1.54 segundos
2025-10-10 08:03:41,172 [INFO] MSE no teste: 1.2506
2025-10-10 08:03:41,172 [INFO] RMSE no teste: 1.1183
2025-10-10 08:03:41,172 [INFO] MAE no teste: 0.8438
2025-10-10 08:03:41,173 [INFO] Métricas salvas em /mnt/hdd/home/jdurao/ToolBox-ChemXAI/logs/mlp_att11_Morgan_metrics.json
