2025-10-10 09:06:59,832 [INFO] Iniciando treinamento do modelo mlp_att11_Pattern
2025-10-10 09:06:59,832 [INFO] Configuração: att_index=11, epochs=30, layers=[128, 64, 32], lr=0.001, batch_size=32, descriptor_type=Pattern
2025-10-10 09:06:59,832 [INFO] Diretório para modelos: /mnt/hdd/home/jdurao/ToolBox-ChemXAI/models
2025-10-10 09:06:59,832 [INFO] Carregando dados...
2025-10-10 09:06:59,916 [INFO] Preparando dataloaders sem ruído...
2025-10-10 09:07:15,530 [INFO] Dados carregados em 15.70 segundos
2025-10-10 09:07:15,530 [INFO] Tamanhos dos conjuntos - Treino: 107108, Validação: 13388, Teste: 13389
2025-10-10 09:07:15,530 [INFO] Usando dispositivo: cuda
2025-10-10 09:07:15,912 [INFO] Dimensão de entrada: 512, Dimensão de saída: 1
2025-10-10 09:07:15,913 [INFO] Criando modelo MLP com camadas: [128, 64, 32]
2025-10-10 09:07:15,916 [INFO] Modelo criado com 76033 parâmetros
2025-10-10 09:07:15,919 [INFO] Iniciando treinamento com 30 épocas...
2025-10-10 09:07:16,498 [INFO] Época 1/30, Batch 50/3348, Loss: 0.4556
2025-10-10 09:07:16,766 [INFO] Época 1/30, Batch 100/3348, Loss: 0.3137
2025-10-10 09:07:17,033 [INFO] Época 1/30, Batch 150/3348, Loss: 0.3112
2025-10-10 09:07:17,298 [INFO] Época 1/30, Batch 200/3348, Loss: 0.3066
2025-10-10 09:07:17,561 [INFO] Época 1/30, Batch 250/3348, Loss: 0.3080
2025-10-10 09:07:17,825 [INFO] Época 1/30, Batch 300/3348, Loss: 0.3267
2025-10-10 09:07:18,086 [INFO] Época 1/30, Batch 350/3348, Loss: 0.2603
2025-10-10 09:07:18,349 [INFO] Época 1/30, Batch 400/3348, Loss: 0.3012
2025-10-10 09:07:18,613 [INFO] Época 1/30, Batch 450/3348, Loss: 0.2879
2025-10-10 09:07:18,875 [INFO] Época 1/30, Batch 500/3348, Loss: 0.3843
2025-10-10 09:07:19,138 [INFO] Época 1/30, Batch 550/3348, Loss: 0.3022
2025-10-10 09:07:19,402 [INFO] Época 1/30, Batch 600/3348, Loss: 0.2513
2025-10-10 09:07:19,668 [INFO] Época 1/30, Batch 650/3348, Loss: 0.3206
2025-10-10 09:07:19,929 [INFO] Época 1/30, Batch 700/3348, Loss: 0.2581
2025-10-10 09:07:20,192 [INFO] Época 1/30, Batch 750/3348, Loss: 0.2794
2025-10-10 09:07:20,455 [INFO] Época 1/30, Batch 800/3348, Loss: 0.2977
2025-10-10 09:07:20,717 [INFO] Época 1/30, Batch 850/3348, Loss: 0.2419
2025-10-10 09:07:20,991 [INFO] Época 1/30, Batch 900/3348, Loss: 0.3179
2025-10-10 09:07:21,255 [INFO] Época 1/30, Batch 950/3348, Loss: 0.2269
2025-10-10 09:07:21,518 [INFO] Época 1/30, Batch 1000/3348, Loss: 0.2680
2025-10-10 09:07:21,781 [INFO] Época 1/30, Batch 1050/3348, Loss: 0.3199
2025-10-10 09:07:22,044 [INFO] Época 1/30, Batch 1100/3348, Loss: 0.2061
2025-10-10 09:07:22,310 [INFO] Época 1/30, Batch 1150/3348, Loss: 0.2478
2025-10-10 09:07:22,577 [INFO] Época 1/30, Batch 1200/3348, Loss: 0.2519
2025-10-10 09:07:22,840 [INFO] Época 1/30, Batch 1250/3348, Loss: 0.2596
2025-10-10 09:07:23,102 [INFO] Época 1/30, Batch 1300/3348, Loss: 0.2883
2025-10-10 09:07:23,364 [INFO] Época 1/30, Batch 1350/3348, Loss: 0.2818
2025-10-10 09:07:23,626 [INFO] Época 1/30, Batch 1400/3348, Loss: 0.2664
2025-10-10 09:07:23,887 [INFO] Época 1/30, Batch 1450/3348, Loss: 0.1790
2025-10-10 09:07:24,149 [INFO] Época 1/30, Batch 1500/3348, Loss: 0.2737
2025-10-10 09:07:24,411 [INFO] Época 1/30, Batch 1550/3348, Loss: 0.2346
2025-10-10 09:07:24,674 [INFO] Época 1/30, Batch 1600/3348, Loss: 0.2875
2025-10-10 09:07:24,938 [INFO] Época 1/30, Batch 1650/3348, Loss: 0.2180
2025-10-10 09:07:25,199 [INFO] Época 1/30, Batch 1700/3348, Loss: 0.2486
2025-10-10 09:07:25,461 [INFO] Época 1/30, Batch 1750/3348, Loss: 0.1639
2025-10-10 09:07:25,725 [INFO] Época 1/30, Batch 1800/3348, Loss: 0.2564
2025-10-10 09:07:25,997 [INFO] Época 1/30, Batch 1850/3348, Loss: 0.2015
2025-10-10 09:07:26,263 [INFO] Época 1/30, Batch 1900/3348, Loss: 0.2436
2025-10-10 09:07:26,527 [INFO] Época 1/30, Batch 1950/3348, Loss: 0.2179
2025-10-10 09:07:26,789 [INFO] Época 1/30, Batch 2000/3348, Loss: 0.2629
2025-10-10 09:07:27,051 [INFO] Época 1/30, Batch 2050/3348, Loss: 0.1582
2025-10-10 09:07:27,313 [INFO] Época 1/30, Batch 2100/3348, Loss: 0.2324
2025-10-10 09:07:27,577 [INFO] Época 1/30, Batch 2150/3348, Loss: 0.2359
2025-10-10 09:07:27,843 [INFO] Época 1/30, Batch 2200/3348, Loss: 0.2860
2025-10-10 09:07:28,106 [INFO] Época 1/30, Batch 2250/3348, Loss: 0.2414
2025-10-10 09:07:28,371 [INFO] Época 1/30, Batch 2300/3348, Loss: 0.2059
2025-10-10 09:07:28,635 [INFO] Época 1/30, Batch 2350/3348, Loss: 0.2201
2025-10-10 09:07:28,901 [INFO] Época 1/30, Batch 2400/3348, Loss: 0.1508
2025-10-10 09:07:29,166 [INFO] Época 1/30, Batch 2450/3348, Loss: 0.1909
2025-10-10 09:07:29,432 [INFO] Época 1/30, Batch 2500/3348, Loss: 0.2455
2025-10-10 09:07:29,698 [INFO] Época 1/30, Batch 2550/3348, Loss: 0.2526
2025-10-10 09:07:29,960 [INFO] Época 1/30, Batch 2600/3348, Loss: 0.2195
2025-10-10 09:07:30,222 [INFO] Época 1/30, Batch 2650/3348, Loss: 0.2308
2025-10-10 09:07:30,484 [INFO] Época 1/30, Batch 2700/3348, Loss: 0.1544
2025-10-10 09:07:30,747 [INFO] Época 1/30, Batch 2750/3348, Loss: 0.2435
2025-10-10 09:07:31,019 [INFO] Época 1/30, Batch 2800/3348, Loss: 0.2023
2025-10-10 09:07:31,281 [INFO] Época 1/30, Batch 2850/3348, Loss: 0.2488
2025-10-10 09:07:31,543 [INFO] Época 1/30, Batch 2900/3348, Loss: 0.1580
2025-10-10 09:07:31,806 [INFO] Época 1/30, Batch 2950/3348, Loss: 0.1808
2025-10-10 09:07:32,068 [INFO] Época 1/30, Batch 3000/3348, Loss: 0.2047
2025-10-10 09:07:32,331 [INFO] Época 1/30, Batch 3050/3348, Loss: 0.2708
2025-10-10 09:07:32,593 [INFO] Época 1/30, Batch 3100/3348, Loss: 0.2310
2025-10-10 09:07:32,858 [INFO] Época 1/30, Batch 3150/3348, Loss: 0.2929
2025-10-10 09:07:33,121 [INFO] Época 1/30, Batch 3200/3348, Loss: 0.2566
2025-10-10 09:07:33,383 [INFO] Época 1/30, Batch 3250/3348, Loss: 0.1749
2025-10-10 09:07:33,645 [INFO] Época 1/30, Batch 3300/3348, Loss: 0.2345
2025-10-10 09:07:35,545 [INFO] [1/30] Train Loss: 0.2569 | Val Loss: 0.3207 | Tempo: 19.63s
2025-10-10 09:07:35,550 [INFO] Melhor modelo salvo em: /mnt/hdd/home/jdurao/ToolBox-ChemXAI/models/mlp_qm9_Pattern_att11_large.pth
2025-10-10 09:07:36,141 [INFO] Época 2/30, Batch 50/3348, Loss: 0.1511
2025-10-10 09:07:36,418 [INFO] Época 2/30, Batch 100/3348, Loss: 0.2765
2025-10-10 09:07:36,687 [INFO] Época 2/30, Batch 150/3348, Loss: 0.2464
2025-10-10 09:07:36,954 [INFO] Época 2/30, Batch 200/3348, Loss: 0.1528
2025-10-10 09:07:37,221 [INFO] Época 2/30, Batch 250/3348, Loss: 0.1393
2025-10-10 09:07:37,491 [INFO] Época 2/30, Batch 300/3348, Loss: 0.1842
2025-10-10 09:07:37,758 [INFO] Época 2/30, Batch 350/3348, Loss: 0.2258
2025-10-10 09:07:38,027 [INFO] Época 2/30, Batch 400/3348, Loss: 0.1444
2025-10-10 09:07:38,295 [INFO] Época 2/30, Batch 450/3348, Loss: 0.1862
2025-10-10 09:07:38,562 [INFO] Época 2/30, Batch 500/3348, Loss: 0.2026
2025-10-10 09:07:38,827 [INFO] Época 2/30, Batch 550/3348, Loss: 0.1982
2025-10-10 09:07:39,090 [INFO] Época 2/30, Batch 600/3348, Loss: 0.1869
2025-10-10 09:07:39,350 [INFO] Época 2/30, Batch 650/3348, Loss: 0.1820
2025-10-10 09:07:39,607 [INFO] Época 2/30, Batch 700/3348, Loss: 0.1778
2025-10-10 09:07:39,855 [INFO] Época 2/30, Batch 750/3348, Loss: 0.2145
2025-10-10 09:07:40,105 [INFO] Época 2/30, Batch 800/3348, Loss: 0.2158
2025-10-10 09:07:40,358 [INFO] Época 2/30, Batch 850/3348, Loss: 0.1154
2025-10-10 09:07:40,609 [INFO] Época 2/30, Batch 900/3348, Loss: 0.1020
2025-10-10 09:07:40,865 [INFO] Época 2/30, Batch 950/3348, Loss: 0.2326
2025-10-10 09:07:41,118 [INFO] Época 2/30, Batch 1000/3348, Loss: 0.1269
2025-10-10 09:07:41,370 [INFO] Época 2/30, Batch 1050/3348, Loss: 0.1698
2025-10-10 09:07:41,635 [INFO] Época 2/30, Batch 1100/3348, Loss: 0.1695
2025-10-10 09:07:41,903 [INFO] Época 2/30, Batch 1150/3348, Loss: 0.1787
2025-10-10 09:07:42,177 [INFO] Época 2/30, Batch 1200/3348, Loss: 0.1437
2025-10-10 09:07:42,446 [INFO] Época 2/30, Batch 1250/3348, Loss: 0.1772
2025-10-10 09:07:42,710 [INFO] Época 2/30, Batch 1300/3348, Loss: 0.1401
2025-10-10 09:07:42,978 [INFO] Época 2/30, Batch 1350/3348, Loss: 0.2708
2025-10-10 09:07:43,244 [INFO] Época 2/30, Batch 1400/3348, Loss: 0.1456
2025-10-10 09:07:43,509 [INFO] Época 2/30, Batch 1450/3348, Loss: 0.1362
2025-10-10 09:07:43,772 [INFO] Época 2/30, Batch 1500/3348, Loss: 0.1800
2025-10-10 09:07:44,035 [INFO] Época 2/30, Batch 1550/3348, Loss: 0.1432
2025-10-10 09:07:44,298 [INFO] Época 2/30, Batch 1600/3348, Loss: 0.1388
2025-10-10 09:07:44,563 [INFO] Época 2/30, Batch 1650/3348, Loss: 0.1982
2025-10-10 09:07:44,830 [INFO] Época 2/30, Batch 1700/3348, Loss: 0.1821
2025-10-10 09:07:45,093 [INFO] Época 2/30, Batch 1750/3348, Loss: 0.1798
2025-10-10 09:07:45,360 [INFO] Época 2/30, Batch 1800/3348, Loss: 0.1960
2025-10-10 09:07:45,627 [INFO] Época 2/30, Batch 1850/3348, Loss: 0.1925
2025-10-10 09:07:45,893 [INFO] Época 2/30, Batch 1900/3348, Loss: 0.1760
2025-10-10 09:07:46,160 [INFO] Época 2/30, Batch 1950/3348, Loss: 0.1369
2025-10-10 09:07:46,428 [INFO] Época 2/30, Batch 2000/3348, Loss: 0.1776
2025-10-10 09:07:46,706 [INFO] Época 2/30, Batch 2050/3348, Loss: 0.1002
2025-10-10 09:07:46,973 [INFO] Época 2/30, Batch 2100/3348, Loss: 0.1353
2025-10-10 09:07:47,242 [INFO] Época 2/30, Batch 2150/3348, Loss: 0.2652
2025-10-10 09:07:47,508 [INFO] Época 2/30, Batch 2200/3348, Loss: 0.2069
2025-10-10 09:07:47,774 [INFO] Época 2/30, Batch 2250/3348, Loss: 0.1456
2025-10-10 09:07:48,039 [INFO] Época 2/30, Batch 2300/3348, Loss: 0.1828
2025-10-10 09:07:48,303 [INFO] Época 2/30, Batch 2350/3348, Loss: 0.2404
2025-10-10 09:07:48,569 [INFO] Época 2/30, Batch 2400/3348, Loss: 0.1824
2025-10-10 09:07:48,834 [INFO] Época 2/30, Batch 2450/3348, Loss: 0.1578
2025-10-10 09:07:49,100 [INFO] Época 2/30, Batch 2500/3348, Loss: 0.1464
2025-10-10 09:07:49,364 [INFO] Época 2/30, Batch 2550/3348, Loss: 0.2096
2025-10-10 09:07:49,630 [INFO] Época 2/30, Batch 2600/3348, Loss: 0.1313
2025-10-10 09:07:49,895 [INFO] Época 2/30, Batch 2650/3348, Loss: 0.1644
2025-10-10 09:07:50,160 [INFO] Época 2/30, Batch 2700/3348, Loss: 0.1787
2025-10-10 09:07:50,425 [INFO] Época 2/30, Batch 2750/3348, Loss: 0.1591
2025-10-10 09:07:50,692 [INFO] Época 2/30, Batch 2800/3348, Loss: 0.1584
2025-10-10 09:07:50,956 [INFO] Época 2/30, Batch 2850/3348, Loss: 0.1276
2025-10-10 09:07:51,222 [INFO] Época 2/30, Batch 2900/3348, Loss: 0.2214
2025-10-10 09:07:51,485 [INFO] Época 2/30, Batch 2950/3348, Loss: 0.0960
2025-10-10 09:07:51,752 [INFO] Época 2/30, Batch 3000/3348, Loss: 0.1870
2025-10-10 09:07:52,019 [INFO] Época 2/30, Batch 3050/3348, Loss: 0.1158
2025-10-10 09:07:52,283 [INFO] Época 2/30, Batch 3100/3348, Loss: 0.1902
2025-10-10 09:07:52,547 [INFO] Época 2/30, Batch 3150/3348, Loss: 0.1169
2025-10-10 09:07:52,814 [INFO] Época 2/30, Batch 3200/3348, Loss: 0.1823
2025-10-10 09:07:53,080 [INFO] Época 2/30, Batch 3250/3348, Loss: 0.2081
2025-10-10 09:07:53,345 [INFO] Época 2/30, Batch 3300/3348, Loss: 0.1910
2025-10-10 09:07:55,153 [INFO] [2/30] Train Loss: 0.1843 | Val Loss: 0.2768 | Tempo: 19.60s
2025-10-10 09:07:55,158 [INFO] Melhor modelo salvo em: /mnt/hdd/home/jdurao/ToolBox-ChemXAI/models/mlp_qm9_Pattern_att11_large.pth
2025-10-10 09:07:55,757 [INFO] Época 3/30, Batch 50/3348, Loss: 0.1446
2025-10-10 09:07:56,038 [INFO] Época 3/30, Batch 100/3348, Loss: 0.1447
2025-10-10 09:07:56,319 [INFO] Época 3/30, Batch 150/3348, Loss: 0.1989
2025-10-10 09:07:56,598 [INFO] Época 3/30, Batch 200/3348, Loss: 0.1276
2025-10-10 09:07:56,888 [INFO] Época 3/30, Batch 250/3348, Loss: 0.1626
2025-10-10 09:07:57,163 [INFO] Época 3/30, Batch 300/3348, Loss: 0.1725
2025-10-10 09:07:57,437 [INFO] Época 3/30, Batch 350/3348, Loss: 0.1494
2025-10-10 09:07:57,712 [INFO] Época 3/30, Batch 400/3348, Loss: 0.1519
2025-10-10 09:07:57,987 [INFO] Época 3/30, Batch 450/3348, Loss: 0.1427
2025-10-10 09:07:58,261 [INFO] Época 3/30, Batch 500/3348, Loss: 0.1584
2025-10-10 09:07:58,536 [INFO] Época 3/30, Batch 550/3348, Loss: 0.1024
2025-10-10 09:07:58,812 [INFO] Época 3/30, Batch 600/3348, Loss: 0.2239
2025-10-10 09:07:59,086 [INFO] Época 3/30, Batch 650/3348, Loss: 0.1506
2025-10-10 09:07:59,359 [INFO] Época 3/30, Batch 700/3348, Loss: 0.1829
2025-10-10 09:07:59,630 [INFO] Época 3/30, Batch 750/3348, Loss: 0.1160
2025-10-10 09:07:59,912 [INFO] Época 3/30, Batch 800/3348, Loss: 0.1458
2025-10-10 09:08:00,185 [INFO] Época 3/30, Batch 850/3348, Loss: 0.1238
2025-10-10 09:08:00,469 [INFO] Época 3/30, Batch 900/3348, Loss: 0.0969
2025-10-10 09:08:00,743 [INFO] Época 3/30, Batch 950/3348, Loss: 0.2138
2025-10-10 09:08:01,021 [INFO] Época 3/30, Batch 1000/3348, Loss: 0.1845
2025-10-10 09:08:01,284 [INFO] Época 3/30, Batch 1050/3348, Loss: 0.1820
2025-10-10 09:08:01,547 [INFO] Época 3/30, Batch 1100/3348, Loss: 0.1385
2025-10-10 09:08:01,819 [INFO] Época 3/30, Batch 1150/3348, Loss: 0.1891
2025-10-10 09:08:02,102 [INFO] Época 3/30, Batch 1200/3348, Loss: 0.1699
2025-10-10 09:08:02,376 [INFO] Época 3/30, Batch 1250/3348, Loss: 0.1373
2025-10-10 09:08:02,649 [INFO] Época 3/30, Batch 1300/3348, Loss: 0.1254
2025-10-10 09:08:02,925 [INFO] Época 3/30, Batch 1350/3348, Loss: 0.1909
2025-10-10 09:08:03,200 [INFO] Época 3/30, Batch 1400/3348, Loss: 0.0974
2025-10-10 09:08:03,474 [INFO] Época 3/30, Batch 1450/3348, Loss: 0.1466
2025-10-10 09:08:03,751 [INFO] Época 3/30, Batch 1500/3348, Loss: 0.1436
2025-10-10 09:08:04,025 [INFO] Época 3/30, Batch 1550/3348, Loss: 0.1649
2025-10-10 09:08:04,299 [INFO] Época 3/30, Batch 1600/3348, Loss: 0.1589
2025-10-10 09:08:04,573 [INFO] Época 3/30, Batch 1650/3348, Loss: 0.1861
2025-10-10 09:08:04,846 [INFO] Época 3/30, Batch 1700/3348, Loss: 0.1205
2025-10-10 09:08:05,117 [INFO] Época 3/30, Batch 1750/3348, Loss: 0.1261
2025-10-10 09:08:05,393 [INFO] Época 3/30, Batch 1800/3348, Loss: 0.2489
2025-10-10 09:08:05,669 [INFO] Época 3/30, Batch 1850/3348, Loss: 0.1993
2025-10-10 09:08:05,944 [INFO] Época 3/30, Batch 1900/3348, Loss: 0.1980
2025-10-10 09:08:06,220 [INFO] Época 3/30, Batch 1950/3348, Loss: 0.1345
2025-10-10 09:08:06,498 [INFO] Época 3/30, Batch 2000/3348, Loss: 0.1614
2025-10-10 09:08:06,773 [INFO] Época 3/30, Batch 2050/3348, Loss: 0.1356
2025-10-10 09:08:07,050 [INFO] Época 3/30, Batch 2100/3348, Loss: 0.1908
2025-10-10 09:08:07,327 [INFO] Época 3/30, Batch 2150/3348, Loss: 0.1953
2025-10-10 09:08:07,603 [INFO] Época 3/30, Batch 2200/3348, Loss: 0.1431
2025-10-10 09:08:07,881 [INFO] Época 3/30, Batch 2250/3348, Loss: 0.1341
2025-10-10 09:08:08,159 [INFO] Época 3/30, Batch 2300/3348, Loss: 0.1376
2025-10-10 09:08:08,434 [INFO] Época 3/30, Batch 2350/3348, Loss: 0.1654
2025-10-10 09:08:08,710 [INFO] Época 3/30, Batch 2400/3348, Loss: 0.1922
2025-10-10 09:08:08,986 [INFO] Época 3/30, Batch 2450/3348, Loss: 0.0940
2025-10-10 09:08:09,261 [INFO] Época 3/30, Batch 2500/3348, Loss: 0.1123
2025-10-10 09:08:09,534 [INFO] Época 3/30, Batch 2550/3348, Loss: 0.1507
2025-10-10 09:08:09,807 [INFO] Época 3/30, Batch 2600/3348, Loss: 0.1089
2025-10-10 09:08:10,080 [INFO] Época 3/30, Batch 2650/3348, Loss: 0.2133
2025-10-10 09:08:10,355 [INFO] Época 3/30, Batch 2700/3348, Loss: 0.2135
2025-10-10 09:08:10,632 [INFO] Época 3/30, Batch 2750/3348, Loss: 0.1877
2025-10-10 09:08:10,903 [INFO] Época 3/30, Batch 2800/3348, Loss: 0.2233
2025-10-10 09:08:11,176 [INFO] Época 3/30, Batch 2850/3348, Loss: 0.0759
2025-10-10 09:08:11,442 [INFO] Época 3/30, Batch 2900/3348, Loss: 0.1661
2025-10-10 09:08:11,705 [INFO] Época 3/30, Batch 2950/3348, Loss: 0.2507
2025-10-10 09:08:11,971 [INFO] Época 3/30, Batch 3000/3348, Loss: 0.1549
2025-10-10 09:08:12,235 [INFO] Época 3/30, Batch 3050/3348, Loss: 0.1780
2025-10-10 09:08:12,509 [INFO] Época 3/30, Batch 3100/3348, Loss: 0.1382
2025-10-10 09:08:12,780 [INFO] Época 3/30, Batch 3150/3348, Loss: 0.1902
2025-10-10 09:08:13,058 [INFO] Época 3/30, Batch 3200/3348, Loss: 0.1680
2025-10-10 09:08:13,332 [INFO] Época 3/30, Batch 3250/3348, Loss: 0.1475
2025-10-10 09:08:13,608 [INFO] Época 3/30, Batch 3300/3348, Loss: 0.2023
2025-10-10 09:08:15,402 [INFO] [3/30] Train Loss: 0.1605 | Val Loss: 0.2960 | Tempo: 20.24s
2025-10-10 09:08:15,977 [INFO] Época 4/30, Batch 50/3348, Loss: 0.2168
2025-10-10 09:08:16,244 [INFO] Época 4/30, Batch 100/3348, Loss: 0.1455
2025-10-10 09:08:16,510 [INFO] Época 4/30, Batch 150/3348, Loss: 0.0777
2025-10-10 09:08:16,776 [INFO] Época 4/30, Batch 200/3348, Loss: 0.1282
2025-10-10 09:08:17,040 [INFO] Época 4/30, Batch 250/3348, Loss: 0.2105
2025-10-10 09:08:17,305 [INFO] Época 4/30, Batch 300/3348, Loss: 0.1346
2025-10-10 09:08:17,570 [INFO] Época 4/30, Batch 350/3348, Loss: 0.1540
2025-10-10 09:08:17,834 [INFO] Época 4/30, Batch 400/3348, Loss: 0.0869
2025-10-10 09:08:18,098 [INFO] Época 4/30, Batch 450/3348, Loss: 0.1727
2025-10-10 09:08:18,363 [INFO] Época 4/30, Batch 500/3348, Loss: 0.2041
2025-10-10 09:08:18,626 [INFO] Época 4/30, Batch 550/3348, Loss: 0.1354
2025-10-10 09:08:18,888 [INFO] Época 4/30, Batch 600/3348, Loss: 0.1530
2025-10-10 09:08:19,152 [INFO] Época 4/30, Batch 650/3348, Loss: 0.2145
2025-10-10 09:08:19,416 [INFO] Época 4/30, Batch 700/3348, Loss: 0.1833
2025-10-10 09:08:19,679 [INFO] Época 4/30, Batch 750/3348, Loss: 0.1206
2025-10-10 09:08:19,939 [INFO] Época 4/30, Batch 800/3348, Loss: 0.1731
2025-10-10 09:08:20,201 [INFO] Época 4/30, Batch 850/3348, Loss: 0.1238
2025-10-10 09:08:20,462 [INFO] Época 4/30, Batch 900/3348, Loss: 0.1347
2025-10-10 09:08:20,722 [INFO] Época 4/30, Batch 950/3348, Loss: 0.2105
2025-10-10 09:08:20,984 [INFO] Época 4/30, Batch 1000/3348, Loss: 0.1367
2025-10-10 09:08:21,246 [INFO] Época 4/30, Batch 1050/3348, Loss: 0.1583
2025-10-10 09:08:21,507 [INFO] Época 4/30, Batch 1100/3348, Loss: 0.1591
2025-10-10 09:08:21,771 [INFO] Época 4/30, Batch 1150/3348, Loss: 0.1552
2025-10-10 09:08:22,036 [INFO] Época 4/30, Batch 1200/3348, Loss: 0.1091
2025-10-10 09:08:22,303 [INFO] Época 4/30, Batch 1250/3348, Loss: 0.1190
2025-10-10 09:08:22,567 [INFO] Época 4/30, Batch 1300/3348, Loss: 0.1553
2025-10-10 09:08:22,842 [INFO] Época 4/30, Batch 1350/3348, Loss: 0.1244
2025-10-10 09:08:23,108 [INFO] Época 4/30, Batch 1400/3348, Loss: 0.2468
2025-10-10 09:08:23,373 [INFO] Época 4/30, Batch 1450/3348, Loss: 0.1633
2025-10-10 09:08:23,639 [INFO] Época 4/30, Batch 1500/3348, Loss: 0.1376
2025-10-10 09:08:23,903 [INFO] Época 4/30, Batch 1550/3348, Loss: 0.1090
2025-10-10 09:08:24,169 [INFO] Época 4/30, Batch 1600/3348, Loss: 0.0863
2025-10-10 09:08:24,432 [INFO] Época 4/30, Batch 1650/3348, Loss: 0.0672
2025-10-10 09:08:24,697 [INFO] Época 4/30, Batch 1700/3348, Loss: 0.1233
2025-10-10 09:08:24,962 [INFO] Época 4/30, Batch 1750/3348, Loss: 0.1297
2025-10-10 09:08:25,226 [INFO] Época 4/30, Batch 1800/3348, Loss: 0.1012
2025-10-10 09:08:25,490 [INFO] Época 4/30, Batch 1850/3348, Loss: 0.1651
2025-10-10 09:08:25,753 [INFO] Época 4/30, Batch 1900/3348, Loss: 0.1688
2025-10-10 09:08:26,016 [INFO] Época 4/30, Batch 1950/3348, Loss: 0.1371
2025-10-10 09:08:26,279 [INFO] Época 4/30, Batch 2000/3348, Loss: 0.1205
2025-10-10 09:08:26,545 [INFO] Época 4/30, Batch 2050/3348, Loss: 0.1669
2025-10-10 09:08:26,809 [INFO] Época 4/30, Batch 2100/3348, Loss: 0.2005
2025-10-10 09:08:27,073 [INFO] Época 4/30, Batch 2150/3348, Loss: 0.1454
2025-10-10 09:08:27,335 [INFO] Época 4/30, Batch 2200/3348, Loss: 0.1073
2025-10-10 09:08:27,598 [INFO] Época 4/30, Batch 2250/3348, Loss: 0.1465
2025-10-10 09:08:27,871 [INFO] Época 4/30, Batch 2300/3348, Loss: 0.1538
2025-10-10 09:08:28,133 [INFO] Época 4/30, Batch 2350/3348, Loss: 0.1344
2025-10-10 09:08:28,395 [INFO] Época 4/30, Batch 2400/3348, Loss: 0.1263
2025-10-10 09:08:28,657 [INFO] Época 4/30, Batch 2450/3348, Loss: 0.1384
2025-10-10 09:08:28,919 [INFO] Época 4/30, Batch 2500/3348, Loss: 0.1775
2025-10-10 09:08:29,182 [INFO] Época 4/30, Batch 2550/3348, Loss: 0.1490
2025-10-10 09:08:29,442 [INFO] Época 4/30, Batch 2600/3348, Loss: 0.2417
2025-10-10 09:08:29,704 [INFO] Época 4/30, Batch 2650/3348, Loss: 0.1147
2025-10-10 09:08:29,970 [INFO] Época 4/30, Batch 2700/3348, Loss: 0.1525
2025-10-10 09:08:30,233 [INFO] Época 4/30, Batch 2750/3348, Loss: 0.1245
2025-10-10 09:08:30,498 [INFO] Época 4/30, Batch 2800/3348, Loss: 0.1457
2025-10-10 09:08:30,763 [INFO] Época 4/30, Batch 2850/3348, Loss: 0.1212
2025-10-10 09:08:31,027 [INFO] Época 4/30, Batch 2900/3348, Loss: 0.0617
2025-10-10 09:08:31,291 [INFO] Época 4/30, Batch 2950/3348, Loss: 0.1945
2025-10-10 09:08:31,554 [INFO] Época 4/30, Batch 3000/3348, Loss: 0.2027
2025-10-10 09:08:31,820 [INFO] Época 4/30, Batch 3050/3348, Loss: 0.1642
2025-10-10 09:08:32,084 [INFO] Época 4/30, Batch 3100/3348, Loss: 0.1381
2025-10-10 09:08:32,350 [INFO] Época 4/30, Batch 3150/3348, Loss: 0.1185
2025-10-10 09:08:32,614 [INFO] Época 4/30, Batch 3200/3348, Loss: 0.1423
2025-10-10 09:08:32,877 [INFO] Época 4/30, Batch 3250/3348, Loss: 0.1857
2025-10-10 09:08:33,141 [INFO] Época 4/30, Batch 3300/3348, Loss: 0.0984
2025-10-10 09:08:35,056 [INFO] [4/30] Train Loss: 0.1497 | Val Loss: 0.2792 | Tempo: 19.65s
2025-10-10 09:08:35,654 [INFO] Época 5/30, Batch 50/3348, Loss: 0.1891
2025-10-10 09:08:35,924 [INFO] Época 5/30, Batch 100/3348, Loss: 0.0916
2025-10-10 09:08:36,191 [INFO] Época 5/30, Batch 150/3348, Loss: 0.0566
2025-10-10 09:08:36,457 [INFO] Época 5/30, Batch 200/3348, Loss: 0.1122
2025-10-10 09:08:36,725 [INFO] Época 5/30, Batch 250/3348, Loss: 0.1660
2025-10-10 09:08:36,991 [INFO] Época 5/30, Batch 300/3348, Loss: 0.1347
2025-10-10 09:08:37,256 [INFO] Época 5/30, Batch 350/3348, Loss: 0.1674
2025-10-10 09:08:37,521 [INFO] Época 5/30, Batch 400/3348, Loss: 0.1528
2025-10-10 09:08:37,786 [INFO] Época 5/30, Batch 450/3348, Loss: 0.1248
2025-10-10 09:08:38,061 [INFO] Época 5/30, Batch 500/3348, Loss: 0.1609
2025-10-10 09:08:38,327 [INFO] Época 5/30, Batch 550/3348, Loss: 0.1404
2025-10-10 09:08:38,593 [INFO] Época 5/30, Batch 600/3348, Loss: 0.1788
2025-10-10 09:08:38,861 [INFO] Época 5/30, Batch 650/3348, Loss: 0.1238
2025-10-10 09:08:39,123 [INFO] Época 5/30, Batch 700/3348, Loss: 0.0909
2025-10-10 09:08:39,378 [INFO] Época 5/30, Batch 750/3348, Loss: 0.1247
2025-10-10 09:08:39,635 [INFO] Época 5/30, Batch 800/3348, Loss: 0.1280
2025-10-10 09:08:39,899 [INFO] Época 5/30, Batch 850/3348, Loss: 0.1196
2025-10-10 09:08:40,164 [INFO] Época 5/30, Batch 900/3348, Loss: 0.0955
2025-10-10 09:08:40,426 [INFO] Época 5/30, Batch 950/3348, Loss: 0.1576
2025-10-10 09:08:40,692 [INFO] Época 5/30, Batch 1000/3348, Loss: 0.1792
2025-10-10 09:08:40,958 [INFO] Época 5/30, Batch 1050/3348, Loss: 0.1499
2025-10-10 09:08:41,222 [INFO] Época 5/30, Batch 1100/3348, Loss: 0.1328
2025-10-10 09:08:41,486 [INFO] Época 5/30, Batch 1150/3348, Loss: 0.1714
2025-10-10 09:08:41,751 [INFO] Época 5/30, Batch 1200/3348, Loss: 0.1612
2025-10-10 09:08:42,018 [INFO] Época 5/30, Batch 1250/3348, Loss: 0.2330
2025-10-10 09:08:42,284 [INFO] Época 5/30, Batch 1300/3348, Loss: 0.1206
2025-10-10 09:08:42,550 [INFO] Época 5/30, Batch 1350/3348, Loss: 0.1180
2025-10-10 09:08:42,813 [INFO] Época 5/30, Batch 1400/3348, Loss: 0.2250
2025-10-10 09:08:43,090 [INFO] Época 5/30, Batch 1450/3348, Loss: 0.1339
2025-10-10 09:08:43,357 [INFO] Época 5/30, Batch 1500/3348, Loss: 0.0684
2025-10-10 09:08:43,623 [INFO] Época 5/30, Batch 1550/3348, Loss: 0.1664
2025-10-10 09:08:43,889 [INFO] Época 5/30, Batch 1600/3348, Loss: 0.1784
2025-10-10 09:08:44,153 [INFO] Época 5/30, Batch 1650/3348, Loss: 0.1950
2025-10-10 09:08:44,418 [INFO] Época 5/30, Batch 1700/3348, Loss: 0.1440
2025-10-10 09:08:44,681 [INFO] Época 5/30, Batch 1750/3348, Loss: 0.2001
2025-10-10 09:08:44,947 [INFO] Época 5/30, Batch 1800/3348, Loss: 0.0723
2025-10-10 09:08:45,213 [INFO] Época 5/30, Batch 1850/3348, Loss: 0.1316
2025-10-10 09:08:45,476 [INFO] Época 5/30, Batch 1900/3348, Loss: 0.1961
2025-10-10 09:08:45,740 [INFO] Época 5/30, Batch 1950/3348, Loss: 0.0544
2025-10-10 09:08:46,004 [INFO] Época 5/30, Batch 2000/3348, Loss: 0.2583
2025-10-10 09:08:46,271 [INFO] Época 5/30, Batch 2050/3348, Loss: 0.1282
2025-10-10 09:08:46,535 [INFO] Época 5/30, Batch 2100/3348, Loss: 0.0959
2025-10-10 09:08:46,799 [INFO] Época 5/30, Batch 2150/3348, Loss: 0.1275
2025-10-10 09:08:47,062 [INFO] Época 5/30, Batch 2200/3348, Loss: 0.1515
2025-10-10 09:08:47,325 [INFO] Época 5/30, Batch 2250/3348, Loss: 0.1866
2025-10-10 09:08:47,591 [INFO] Época 5/30, Batch 2300/3348, Loss: 0.1692
2025-10-10 09:08:47,856 [INFO] Época 5/30, Batch 2350/3348, Loss: 0.1262
2025-10-10 09:08:48,121 [INFO] Época 5/30, Batch 2400/3348, Loss: 0.1654
2025-10-10 09:08:48,385 [INFO] Época 5/30, Batch 2450/3348, Loss: 0.1858
2025-10-10 09:08:48,650 [INFO] Época 5/30, Batch 2500/3348, Loss: 0.0665
2025-10-10 09:08:48,914 [INFO] Época 5/30, Batch 2550/3348, Loss: 0.1192
2025-10-10 09:08:49,183 [INFO] Época 5/30, Batch 2600/3348, Loss: 0.2065
2025-10-10 09:08:49,448 [INFO] Época 5/30, Batch 2650/3348, Loss: 0.1445
2025-10-10 09:08:49,713 [INFO] Época 5/30, Batch 2700/3348, Loss: 0.0969
2025-10-10 09:08:49,978 [INFO] Época 5/30, Batch 2750/3348, Loss: 0.0949
2025-10-10 09:08:50,242 [INFO] Época 5/30, Batch 2800/3348, Loss: 0.1774
2025-10-10 09:08:50,508 [INFO] Época 5/30, Batch 2850/3348, Loss: 0.2162
2025-10-10 09:08:50,773 [INFO] Época 5/30, Batch 2900/3348, Loss: 0.1804
2025-10-10 09:08:51,036 [INFO] Época 5/30, Batch 2950/3348, Loss: 0.1084
2025-10-10 09:08:51,302 [INFO] Época 5/30, Batch 3000/3348, Loss: 0.1270
2025-10-10 09:08:51,566 [INFO] Época 5/30, Batch 3050/3348, Loss: 0.0790
2025-10-10 09:08:51,832 [INFO] Época 5/30, Batch 3100/3348, Loss: 0.2021
2025-10-10 09:08:52,096 [INFO] Época 5/30, Batch 3150/3348, Loss: 0.1552
2025-10-10 09:08:52,360 [INFO] Época 5/30, Batch 3200/3348, Loss: 0.2152
2025-10-10 09:08:52,623 [INFO] Época 5/30, Batch 3250/3348, Loss: 0.0961
2025-10-10 09:08:52,887 [INFO] Época 5/30, Batch 3300/3348, Loss: 0.1738
2025-10-10 09:08:54,730 [INFO] [5/30] Train Loss: 0.1412 | Val Loss: 0.2764 | Tempo: 19.67s
2025-10-10 09:08:54,735 [INFO] Melhor modelo salvo em: /mnt/hdd/home/jdurao/ToolBox-ChemXAI/models/mlp_qm9_Pattern_att11_large.pth
2025-10-10 09:08:55,318 [INFO] Época 6/30, Batch 50/3348, Loss: 0.1095
2025-10-10 09:08:55,586 [INFO] Época 6/30, Batch 100/3348, Loss: 0.1780
2025-10-10 09:08:55,852 [INFO] Época 6/30, Batch 150/3348, Loss: 0.1694
2025-10-10 09:08:56,116 [INFO] Época 6/30, Batch 200/3348, Loss: 0.0885
2025-10-10 09:08:56,378 [INFO] Época 6/30, Batch 250/3348, Loss: 0.1925
2025-10-10 09:08:56,641 [INFO] Época 6/30, Batch 300/3348, Loss: 0.1047
2025-10-10 09:08:56,902 [INFO] Época 6/30, Batch 350/3348, Loss: 0.1363
2025-10-10 09:08:57,161 [INFO] Época 6/30, Batch 400/3348, Loss: 0.0657
2025-10-10 09:08:57,422 [INFO] Época 6/30, Batch 450/3348, Loss: 0.1128
2025-10-10 09:08:57,683 [INFO] Época 6/30, Batch 500/3348, Loss: 0.0882
2025-10-10 09:08:57,945 [INFO] Época 6/30, Batch 550/3348, Loss: 0.0825
2025-10-10 09:08:58,214 [INFO] Época 6/30, Batch 600/3348, Loss: 0.1508
2025-10-10 09:08:58,472 [INFO] Época 6/30, Batch 650/3348, Loss: 0.1423
2025-10-10 09:08:58,728 [INFO] Época 6/30, Batch 700/3348, Loss: 0.1644
2025-10-10 09:08:58,990 [INFO] Época 6/30, Batch 750/3348, Loss: 0.1500
2025-10-10 09:08:59,254 [INFO] Época 6/30, Batch 800/3348, Loss: 0.1288
2025-10-10 09:08:59,518 [INFO] Época 6/30, Batch 850/3348, Loss: 0.1839
2025-10-10 09:08:59,780 [INFO] Época 6/30, Batch 900/3348, Loss: 0.1224
2025-10-10 09:09:00,044 [INFO] Época 6/30, Batch 950/3348, Loss: 0.1952
2025-10-10 09:09:00,307 [INFO] Época 6/30, Batch 1000/3348, Loss: 0.1779
2025-10-10 09:09:00,569 [INFO] Época 6/30, Batch 1050/3348, Loss: 0.1355
2025-10-10 09:09:00,830 [INFO] Época 6/30, Batch 1100/3348, Loss: 0.1361
2025-10-10 09:09:01,080 [INFO] Época 6/30, Batch 1150/3348, Loss: 0.1229
2025-10-10 09:09:01,331 [INFO] Época 6/30, Batch 1200/3348, Loss: 0.2020
2025-10-10 09:09:01,582 [INFO] Época 6/30, Batch 1250/3348, Loss: 0.0759
2025-10-10 09:09:01,835 [INFO] Época 6/30, Batch 1300/3348, Loss: 0.0947
2025-10-10 09:09:02,093 [INFO] Época 6/30, Batch 1350/3348, Loss: 0.1711
2025-10-10 09:09:02,350 [INFO] Época 6/30, Batch 1400/3348, Loss: 0.1686
2025-10-10 09:09:02,606 [INFO] Época 6/30, Batch 1450/3348, Loss: 0.2270
2025-10-10 09:09:02,865 [INFO] Época 6/30, Batch 1500/3348, Loss: 0.1817
2025-10-10 09:09:03,123 [INFO] Época 6/30, Batch 1550/3348, Loss: 0.1257
2025-10-10 09:09:03,380 [INFO] Época 6/30, Batch 1600/3348, Loss: 0.0789
2025-10-10 09:09:03,638 [INFO] Época 6/30, Batch 1650/3348, Loss: 0.1951
2025-10-10 09:09:03,895 [INFO] Época 6/30, Batch 1700/3348, Loss: 0.0719
2025-10-10 09:09:04,152 [INFO] Época 6/30, Batch 1750/3348, Loss: 0.1931
2025-10-10 09:09:04,411 [INFO] Época 6/30, Batch 1800/3348, Loss: 0.1605
2025-10-10 09:09:04,675 [INFO] Época 6/30, Batch 1850/3348, Loss: 0.1892
2025-10-10 09:09:04,942 [INFO] Época 6/30, Batch 1900/3348, Loss: 0.1976
2025-10-10 09:09:05,212 [INFO] Época 6/30, Batch 1950/3348, Loss: 0.1813
2025-10-10 09:09:05,481 [INFO] Época 6/30, Batch 2000/3348, Loss: 0.0814
2025-10-10 09:09:05,752 [INFO] Época 6/30, Batch 2050/3348, Loss: 0.1495
2025-10-10 09:09:06,022 [INFO] Época 6/30, Batch 2100/3348, Loss: 0.1146
2025-10-10 09:09:06,287 [INFO] Época 6/30, Batch 2150/3348, Loss: 0.1129
2025-10-10 09:09:06,549 [INFO] Época 6/30, Batch 2200/3348, Loss: 0.1476
2025-10-10 09:09:06,809 [INFO] Época 6/30, Batch 2250/3348, Loss: 0.1747
2025-10-10 09:09:07,076 [INFO] Época 6/30, Batch 2300/3348, Loss: 0.0941
2025-10-10 09:09:07,346 [INFO] Época 6/30, Batch 2350/3348, Loss: 0.1288
2025-10-10 09:09:07,614 [INFO] Época 6/30, Batch 2400/3348, Loss: 0.1158
2025-10-10 09:09:07,876 [INFO] Época 6/30, Batch 2450/3348, Loss: 0.1434
2025-10-10 09:09:08,137 [INFO] Época 6/30, Batch 2500/3348, Loss: 0.2076
2025-10-10 09:09:08,422 [INFO] Época 6/30, Batch 2550/3348, Loss: 0.1692
2025-10-10 09:09:08,688 [INFO] Época 6/30, Batch 2600/3348, Loss: 0.1828
2025-10-10 09:09:08,949 [INFO] Época 6/30, Batch 2650/3348, Loss: 0.1250
2025-10-10 09:09:09,209 [INFO] Época 6/30, Batch 2700/3348, Loss: 0.0492
2025-10-10 09:09:09,469 [INFO] Época 6/30, Batch 2750/3348, Loss: 0.1288
2025-10-10 09:09:09,731 [INFO] Época 6/30, Batch 2800/3348, Loss: 0.1138
2025-10-10 09:09:09,994 [INFO] Época 6/30, Batch 2850/3348, Loss: 0.1105
2025-10-10 09:09:10,255 [INFO] Época 6/30, Batch 2900/3348, Loss: 0.1271
2025-10-10 09:09:10,517 [INFO] Época 6/30, Batch 2950/3348, Loss: 0.1678
2025-10-10 09:09:10,783 [INFO] Época 6/30, Batch 3000/3348, Loss: 0.1723
2025-10-10 09:09:11,048 [INFO] Época 6/30, Batch 3050/3348, Loss: 0.1310
2025-10-10 09:09:11,312 [INFO] Época 6/30, Batch 3100/3348, Loss: 0.1393
2025-10-10 09:09:11,576 [INFO] Época 6/30, Batch 3150/3348, Loss: 0.1048
2025-10-10 09:09:11,839 [INFO] Época 6/30, Batch 3200/3348, Loss: 0.1746
2025-10-10 09:09:12,103 [INFO] Época 6/30, Batch 3250/3348, Loss: 0.2425
2025-10-10 09:09:12,366 [INFO] Época 6/30, Batch 3300/3348, Loss: 0.0914
2025-10-10 09:09:14,287 [INFO] [6/30] Train Loss: 0.1357 | Val Loss: 0.2527 | Tempo: 19.55s
2025-10-10 09:09:14,292 [INFO] Melhor modelo salvo em: /mnt/hdd/home/jdurao/ToolBox-ChemXAI/models/mlp_qm9_Pattern_att11_large.pth
2025-10-10 09:09:14,880 [INFO] Época 7/30, Batch 50/3348, Loss: 0.1530
2025-10-10 09:09:15,144 [INFO] Época 7/30, Batch 100/3348, Loss: 0.1473
2025-10-10 09:09:15,403 [INFO] Época 7/30, Batch 150/3348, Loss: 0.1009
2025-10-10 09:09:15,670 [INFO] Época 7/30, Batch 200/3348, Loss: 0.1013
2025-10-10 09:09:15,928 [INFO] Época 7/30, Batch 250/3348, Loss: 0.1872
2025-10-10 09:09:16,189 [INFO] Época 7/30, Batch 300/3348, Loss: 0.0871
2025-10-10 09:09:16,446 [INFO] Época 7/30, Batch 350/3348, Loss: 0.1070
2025-10-10 09:09:16,704 [INFO] Época 7/30, Batch 400/3348, Loss: 0.0940
2025-10-10 09:09:16,958 [INFO] Época 7/30, Batch 450/3348, Loss: 0.1179
2025-10-10 09:09:17,213 [INFO] Época 7/30, Batch 500/3348, Loss: 0.1802
2025-10-10 09:09:17,470 [INFO] Época 7/30, Batch 550/3348, Loss: 0.2022
2025-10-10 09:09:17,727 [INFO] Época 7/30, Batch 600/3348, Loss: 0.1588
2025-10-10 09:09:17,982 [INFO] Época 7/30, Batch 650/3348, Loss: 0.1530
2025-10-10 09:09:18,235 [INFO] Época 7/30, Batch 700/3348, Loss: 0.0931
2025-10-10 09:09:18,496 [INFO] Época 7/30, Batch 750/3348, Loss: 0.2205
2025-10-10 09:09:18,764 [INFO] Época 7/30, Batch 800/3348, Loss: 0.1345
2025-10-10 09:09:19,036 [INFO] Época 7/30, Batch 850/3348, Loss: 0.0985
2025-10-10 09:09:19,304 [INFO] Época 7/30, Batch 900/3348, Loss: 0.1199
2025-10-10 09:09:19,584 [INFO] Época 7/30, Batch 950/3348, Loss: 0.1750
2025-10-10 09:09:19,853 [INFO] Época 7/30, Batch 1000/3348, Loss: 0.1492
2025-10-10 09:09:20,123 [INFO] Época 7/30, Batch 1050/3348, Loss: 0.0800
2025-10-10 09:09:20,393 [INFO] Época 7/30, Batch 1100/3348, Loss: 0.1516
2025-10-10 09:09:20,662 [INFO] Época 7/30, Batch 1150/3348, Loss: 0.1612
2025-10-10 09:09:20,933 [INFO] Época 7/30, Batch 1200/3348, Loss: 0.1014
2025-10-10 09:09:21,203 [INFO] Época 7/30, Batch 1250/3348, Loss: 0.1989
2025-10-10 09:09:21,473 [INFO] Época 7/30, Batch 1300/3348, Loss: 0.1317
2025-10-10 09:09:21,743 [INFO] Época 7/30, Batch 1350/3348, Loss: 0.0661
2025-10-10 09:09:22,012 [INFO] Época 7/30, Batch 1400/3348, Loss: 0.0965
2025-10-10 09:09:22,284 [INFO] Época 7/30, Batch 1450/3348, Loss: 0.1120
2025-10-10 09:09:22,556 [INFO] Época 7/30, Batch 1500/3348, Loss: 0.2679
2025-10-10 09:09:22,827 [INFO] Época 7/30, Batch 1550/3348, Loss: 0.0482
2025-10-10 09:09:23,094 [INFO] Época 7/30, Batch 1600/3348, Loss: 0.1194
2025-10-10 09:09:23,358 [INFO] Época 7/30, Batch 1650/3348, Loss: 0.1156
2025-10-10 09:09:23,621 [INFO] Época 7/30, Batch 1700/3348, Loss: 0.1084
2025-10-10 09:09:23,884 [INFO] Época 7/30, Batch 1750/3348, Loss: 0.0900
2025-10-10 09:09:24,146 [INFO] Época 7/30, Batch 1800/3348, Loss: 0.1152
2025-10-10 09:09:24,416 [INFO] Época 7/30, Batch 1850/3348, Loss: 0.2637
2025-10-10 09:09:24,690 [INFO] Época 7/30, Batch 1900/3348, Loss: 0.2040
2025-10-10 09:09:24,952 [INFO] Época 7/30, Batch 1950/3348, Loss: 0.0467
2025-10-10 09:09:25,215 [INFO] Época 7/30, Batch 2000/3348, Loss: 0.1463
2025-10-10 09:09:25,477 [INFO] Época 7/30, Batch 2050/3348, Loss: 0.0784
2025-10-10 09:09:25,742 [INFO] Época 7/30, Batch 2100/3348, Loss: 0.0765
2025-10-10 09:09:26,015 [INFO] Época 7/30, Batch 2150/3348, Loss: 0.1798
2025-10-10 09:09:26,285 [INFO] Época 7/30, Batch 2200/3348, Loss: 0.1300
2025-10-10 09:09:26,555 [INFO] Época 7/30, Batch 2250/3348, Loss: 0.0997
2025-10-10 09:09:26,816 [INFO] Época 7/30, Batch 2300/3348, Loss: 0.0656
2025-10-10 09:09:27,072 [INFO] Época 7/30, Batch 2350/3348, Loss: 0.1557
2025-10-10 09:09:27,328 [INFO] Época 7/30, Batch 2400/3348, Loss: 0.1281
2025-10-10 09:09:27,582 [INFO] Época 7/30, Batch 2450/3348, Loss: 0.0713
2025-10-10 09:09:27,853 [INFO] Época 7/30, Batch 2500/3348, Loss: 0.1014
2025-10-10 09:09:28,125 [INFO] Época 7/30, Batch 2550/3348, Loss: 0.1959
2025-10-10 09:09:28,397 [INFO] Época 7/30, Batch 2600/3348, Loss: 0.0984
2025-10-10 09:09:28,670 [INFO] Época 7/30, Batch 2650/3348, Loss: 0.1209
2025-10-10 09:09:28,941 [INFO] Época 7/30, Batch 2700/3348, Loss: 0.0964
2025-10-10 09:09:29,213 [INFO] Época 7/30, Batch 2750/3348, Loss: 0.1198
2025-10-10 09:09:29,485 [INFO] Época 7/30, Batch 2800/3348, Loss: 0.0756
2025-10-10 09:09:29,768 [INFO] Época 7/30, Batch 2850/3348, Loss: 0.0598
2025-10-10 09:09:30,041 [INFO] Época 7/30, Batch 2900/3348, Loss: 0.1425
2025-10-10 09:09:30,311 [INFO] Época 7/30, Batch 2950/3348, Loss: 0.0785
2025-10-10 09:09:30,581 [INFO] Época 7/30, Batch 3000/3348, Loss: 0.1496
2025-10-10 09:09:30,853 [INFO] Época 7/30, Batch 3050/3348, Loss: 0.1228
2025-10-10 09:09:31,124 [INFO] Época 7/30, Batch 3100/3348, Loss: 0.1616
2025-10-10 09:09:31,398 [INFO] Época 7/30, Batch 3150/3348, Loss: 0.1976
2025-10-10 09:09:31,665 [INFO] Época 7/30, Batch 3200/3348, Loss: 0.1279
2025-10-10 09:09:31,928 [INFO] Época 7/30, Batch 3250/3348, Loss: 0.0907
2025-10-10 09:09:32,189 [INFO] Época 7/30, Batch 3300/3348, Loss: 0.1160
2025-10-10 09:09:33,964 [INFO] [7/30] Train Loss: 0.1298 | Val Loss: 0.2571 | Tempo: 19.67s
2025-10-10 09:09:34,554 [INFO] Época 8/30, Batch 50/3348, Loss: 0.1496
2025-10-10 09:09:34,831 [INFO] Época 8/30, Batch 100/3348, Loss: 0.1302
2025-10-10 09:09:35,107 [INFO] Época 8/30, Batch 150/3348, Loss: 0.1307
2025-10-10 09:09:35,378 [INFO] Época 8/30, Batch 200/3348, Loss: 0.1206
2025-10-10 09:09:35,650 [INFO] Época 8/30, Batch 250/3348, Loss: 0.1578
2025-10-10 09:09:35,922 [INFO] Época 8/30, Batch 300/3348, Loss: 0.1711
2025-10-10 09:09:36,194 [INFO] Época 8/30, Batch 350/3348, Loss: 0.1021
2025-10-10 09:09:36,465 [INFO] Época 8/30, Batch 400/3348, Loss: 0.1008
2025-10-10 09:09:36,736 [INFO] Época 8/30, Batch 450/3348, Loss: 0.1380
2025-10-10 09:09:37,007 [INFO] Época 8/30, Batch 500/3348, Loss: 0.1725
2025-10-10 09:09:37,280 [INFO] Época 8/30, Batch 550/3348, Loss: 0.0818
2025-10-10 09:09:37,551 [INFO] Época 8/30, Batch 600/3348, Loss: 0.1775
2025-10-10 09:09:37,827 [INFO] Época 8/30, Batch 650/3348, Loss: 0.1805
2025-10-10 09:09:38,086 [INFO] Época 8/30, Batch 700/3348, Loss: 0.1104
2025-10-10 09:09:38,345 [INFO] Época 8/30, Batch 750/3348, Loss: 0.1014
2025-10-10 09:09:38,610 [INFO] Época 8/30, Batch 800/3348, Loss: 0.0549
2025-10-10 09:09:38,879 [INFO] Época 8/30, Batch 850/3348, Loss: 0.1870
2025-10-10 09:09:39,155 [INFO] Época 8/30, Batch 900/3348, Loss: 0.1033
2025-10-10 09:09:39,429 [INFO] Época 8/30, Batch 950/3348, Loss: 0.2025
2025-10-10 09:09:39,702 [INFO] Época 8/30, Batch 1000/3348, Loss: 0.1505
2025-10-10 09:09:39,977 [INFO] Época 8/30, Batch 1050/3348, Loss: 0.1448
2025-10-10 09:09:40,249 [INFO] Época 8/30, Batch 1100/3348, Loss: 0.1970
2025-10-10 09:09:40,523 [INFO] Época 8/30, Batch 1150/3348, Loss: 0.1687
2025-10-10 09:09:40,792 [INFO] Época 8/30, Batch 1200/3348, Loss: 0.0682
2025-10-10 09:09:41,063 [INFO] Época 8/30, Batch 1250/3348, Loss: 0.1092
2025-10-10 09:09:41,332 [INFO] Época 8/30, Batch 1300/3348, Loss: 0.1202
2025-10-10 09:09:41,602 [INFO] Época 8/30, Batch 1350/3348, Loss: 0.0819
2025-10-10 09:09:41,872 [INFO] Época 8/30, Batch 1400/3348, Loss: 0.1056
2025-10-10 09:09:42,141 [INFO] Época 8/30, Batch 1450/3348, Loss: 0.1419
2025-10-10 09:09:42,410 [INFO] Época 8/30, Batch 1500/3348, Loss: 0.1510
2025-10-10 09:09:42,680 [INFO] Época 8/30, Batch 1550/3348, Loss: 0.1203
2025-10-10 09:09:42,949 [INFO] Época 8/30, Batch 1600/3348, Loss: 0.1282
2025-10-10 09:09:43,220 [INFO] Época 8/30, Batch 1650/3348, Loss: 0.1634
2025-10-10 09:09:43,489 [INFO] Época 8/30, Batch 1700/3348, Loss: 0.1078
2025-10-10 09:09:43,755 [INFO] Época 8/30, Batch 1750/3348, Loss: 0.1522
2025-10-10 09:09:44,016 [INFO] Época 8/30, Batch 1800/3348, Loss: 0.0946
2025-10-10 09:09:44,276 [INFO] Época 8/30, Batch 1850/3348, Loss: 0.1130
2025-10-10 09:09:44,537 [INFO] Época 8/30, Batch 1900/3348, Loss: 0.0656
2025-10-10 09:09:44,800 [INFO] Época 8/30, Batch 1950/3348, Loss: 0.1257
2025-10-10 09:09:45,072 [INFO] Época 8/30, Batch 2000/3348, Loss: 0.0998
2025-10-10 09:09:45,334 [INFO] Época 8/30, Batch 2050/3348, Loss: 0.1433
2025-10-10 09:09:45,596 [INFO] Época 8/30, Batch 2100/3348, Loss: 0.1136
2025-10-10 09:09:45,857 [INFO] Época 8/30, Batch 2150/3348, Loss: 0.1737
2025-10-10 09:09:46,120 [INFO] Época 8/30, Batch 2200/3348, Loss: 0.1411
2025-10-10 09:09:46,382 [INFO] Época 8/30, Batch 2250/3348, Loss: 0.1127
2025-10-10 09:09:46,645 [INFO] Época 8/30, Batch 2300/3348, Loss: 0.1115
2025-10-10 09:09:46,907 [INFO] Época 8/30, Batch 2350/3348, Loss: 0.1237
2025-10-10 09:09:47,170 [INFO] Época 8/30, Batch 2400/3348, Loss: 0.1391
2025-10-10 09:09:47,434 [INFO] Época 8/30, Batch 2450/3348, Loss: 0.0513
2025-10-10 09:09:47,695 [INFO] Época 8/30, Batch 2500/3348, Loss: 0.0715
2025-10-10 09:09:47,958 [INFO] Época 8/30, Batch 2550/3348, Loss: 0.1277
2025-10-10 09:09:48,221 [INFO] Época 8/30, Batch 2600/3348, Loss: 0.0527
2025-10-10 09:09:48,483 [INFO] Época 8/30, Batch 2650/3348, Loss: 0.0999
2025-10-10 09:09:48,745 [INFO] Época 8/30, Batch 2700/3348, Loss: 0.1103
2025-10-10 09:09:49,006 [INFO] Época 8/30, Batch 2750/3348, Loss: 0.2249
2025-10-10 09:09:49,266 [INFO] Época 8/30, Batch 2800/3348, Loss: 0.1261
2025-10-10 09:09:49,526 [INFO] Época 8/30, Batch 2850/3348, Loss: 0.0956
2025-10-10 09:09:49,786 [INFO] Época 8/30, Batch 2900/3348, Loss: 0.1603
2025-10-10 09:09:50,049 [INFO] Época 8/30, Batch 2950/3348, Loss: 0.0938
2025-10-10 09:09:50,310 [INFO] Época 8/30, Batch 3000/3348, Loss: 0.1609
2025-10-10 09:09:50,571 [INFO] Época 8/30, Batch 3050/3348, Loss: 0.1083
2025-10-10 09:09:50,831 [INFO] Época 8/30, Batch 3100/3348, Loss: 0.1573
2025-10-10 09:09:51,095 [INFO] Época 8/30, Batch 3150/3348, Loss: 0.0748
2025-10-10 09:09:51,360 [INFO] Época 8/30, Batch 3200/3348, Loss: 0.1066
2025-10-10 09:09:51,621 [INFO] Época 8/30, Batch 3250/3348, Loss: 0.1298
2025-10-10 09:09:51,883 [INFO] Época 8/30, Batch 3300/3348, Loss: 0.1534
2025-10-10 09:09:53,792 [INFO] [8/30] Train Loss: 0.1269 | Val Loss: 0.2556 | Tempo: 19.83s
2025-10-10 09:09:54,394 [INFO] Época 9/30, Batch 50/3348, Loss: 0.0753
2025-10-10 09:09:54,672 [INFO] Época 9/30, Batch 100/3348, Loss: 0.1275
2025-10-10 09:09:54,950 [INFO] Época 9/30, Batch 150/3348, Loss: 0.0901
2025-10-10 09:09:55,223 [INFO] Época 9/30, Batch 200/3348, Loss: 0.0575
2025-10-10 09:09:55,495 [INFO] Época 9/30, Batch 250/3348, Loss: 0.1243
2025-10-10 09:09:55,757 [INFO] Época 9/30, Batch 300/3348, Loss: 0.1503
2025-10-10 09:09:56,018 [INFO] Época 9/30, Batch 350/3348, Loss: 0.0784
2025-10-10 09:09:56,275 [INFO] Época 9/30, Batch 400/3348, Loss: 0.1262
2025-10-10 09:09:56,543 [INFO] Época 9/30, Batch 450/3348, Loss: 0.0741
2025-10-10 09:09:56,817 [INFO] Época 9/30, Batch 500/3348, Loss: 0.2018
2025-10-10 09:09:57,089 [INFO] Época 9/30, Batch 550/3348, Loss: 0.0976
2025-10-10 09:09:57,365 [INFO] Época 9/30, Batch 600/3348, Loss: 0.1051
2025-10-10 09:09:57,643 [INFO] Época 9/30, Batch 650/3348, Loss: 0.1081
2025-10-10 09:09:57,910 [INFO] Época 9/30, Batch 700/3348, Loss: 0.1082
2025-10-10 09:09:58,173 [INFO] Época 9/30, Batch 750/3348, Loss: 0.1245
2025-10-10 09:09:58,444 [INFO] Época 9/30, Batch 800/3348, Loss: 0.1006
2025-10-10 09:09:58,714 [INFO] Época 9/30, Batch 850/3348, Loss: 0.0961
2025-10-10 09:09:58,981 [INFO] Época 9/30, Batch 900/3348, Loss: 0.1036
2025-10-10 09:09:59,243 [INFO] Época 9/30, Batch 950/3348, Loss: 0.1064
2025-10-10 09:09:59,506 [INFO] Época 9/30, Batch 1000/3348, Loss: 0.2185
2025-10-10 09:09:59,769 [INFO] Época 9/30, Batch 1050/3348, Loss: 0.1465
2025-10-10 09:10:00,034 [INFO] Época 9/30, Batch 1100/3348, Loss: 0.1421
2025-10-10 09:10:00,299 [INFO] Época 9/30, Batch 1150/3348, Loss: 0.0726
2025-10-10 09:10:00,575 [INFO] Época 9/30, Batch 1200/3348, Loss: 0.0978
2025-10-10 09:10:00,834 [INFO] Época 9/30, Batch 1250/3348, Loss: 0.1236
2025-10-10 09:10:01,096 [INFO] Época 9/30, Batch 1300/3348, Loss: 0.1354
2025-10-10 09:10:01,357 [INFO] Época 9/30, Batch 1350/3348, Loss: 0.0755
2025-10-10 09:10:01,620 [INFO] Época 9/30, Batch 1400/3348, Loss: 0.1481
2025-10-10 09:10:01,884 [INFO] Época 9/30, Batch 1450/3348, Loss: 0.0764
2025-10-10 09:10:02,147 [INFO] Época 9/30, Batch 1500/3348, Loss: 0.1235
2025-10-10 09:10:02,418 [INFO] Época 9/30, Batch 1550/3348, Loss: 0.0803
2025-10-10 09:10:02,691 [INFO] Época 9/30, Batch 1600/3348, Loss: 0.1917
2025-10-10 09:10:02,961 [INFO] Época 9/30, Batch 1650/3348, Loss: 0.1410
2025-10-10 09:10:03,229 [INFO] Época 9/30, Batch 1700/3348, Loss: 0.1735
2025-10-10 09:10:03,493 [INFO] Época 9/30, Batch 1750/3348, Loss: 0.1614
2025-10-10 09:10:03,759 [INFO] Época 9/30, Batch 1800/3348, Loss: 0.1401
2025-10-10 09:10:04,025 [INFO] Época 9/30, Batch 1850/3348, Loss: 0.1397
2025-10-10 09:10:04,291 [INFO] Época 9/30, Batch 1900/3348, Loss: 0.1350
2025-10-10 09:10:04,556 [INFO] Época 9/30, Batch 1950/3348, Loss: 0.1175
2025-10-10 09:10:04,819 [INFO] Época 9/30, Batch 2000/3348, Loss: 0.1211
2025-10-10 09:10:05,083 [INFO] Época 9/30, Batch 2050/3348, Loss: 0.1256
2025-10-10 09:10:05,347 [INFO] Época 9/30, Batch 2100/3348, Loss: 0.1482
2025-10-10 09:10:05,620 [INFO] Época 9/30, Batch 2150/3348, Loss: 0.1082
2025-10-10 09:10:05,884 [INFO] Época 9/30, Batch 2200/3348, Loss: 0.1601
2025-10-10 09:10:06,147 [INFO] Época 9/30, Batch 2250/3348, Loss: 0.0719
2025-10-10 09:10:06,411 [INFO] Época 9/30, Batch 2300/3348, Loss: 0.0993
2025-10-10 09:10:06,676 [INFO] Época 9/30, Batch 2350/3348, Loss: 0.1477
2025-10-10 09:10:06,939 [INFO] Época 9/30, Batch 2400/3348, Loss: 0.1471
2025-10-10 09:10:07,202 [INFO] Época 9/30, Batch 2450/3348, Loss: 0.0845
2025-10-10 09:10:07,465 [INFO] Época 9/30, Batch 2500/3348, Loss: 0.0857
2025-10-10 09:10:07,730 [INFO] Época 9/30, Batch 2550/3348, Loss: 0.1883
2025-10-10 09:10:07,994 [INFO] Época 9/30, Batch 2600/3348, Loss: 0.1155
2025-10-10 09:10:08,259 [INFO] Época 9/30, Batch 2650/3348, Loss: 0.1427
2025-10-10 09:10:08,522 [INFO] Época 9/30, Batch 2700/3348, Loss: 0.1066
2025-10-10 09:10:08,788 [INFO] Época 9/30, Batch 2750/3348, Loss: 0.0778
2025-10-10 09:10:09,052 [INFO] Época 9/30, Batch 2800/3348, Loss: 0.1256
2025-10-10 09:10:09,315 [INFO] Época 9/30, Batch 2850/3348, Loss: 0.1710
2025-10-10 09:10:09,580 [INFO] Época 9/30, Batch 2900/3348, Loss: 0.1441
2025-10-10 09:10:09,845 [INFO] Época 9/30, Batch 2950/3348, Loss: 0.1431
2025-10-10 09:10:10,112 [INFO] Época 9/30, Batch 3000/3348, Loss: 0.0979
2025-10-10 09:10:10,376 [INFO] Época 9/30, Batch 3050/3348, Loss: 0.0558
2025-10-10 09:10:10,651 [INFO] Época 9/30, Batch 3100/3348, Loss: 0.0925
2025-10-10 09:10:10,917 [INFO] Época 9/30, Batch 3150/3348, Loss: 0.1377
2025-10-10 09:10:11,183 [INFO] Época 9/30, Batch 3200/3348, Loss: 0.1339
2025-10-10 09:10:11,449 [INFO] Época 9/30, Batch 3250/3348, Loss: 0.1635
2025-10-10 09:10:11,713 [INFO] Época 9/30, Batch 3300/3348, Loss: 0.1065
2025-10-10 09:10:13,506 [INFO] [9/30] Train Loss: 0.1240 | Val Loss: 0.2648 | Tempo: 19.71s
2025-10-10 09:10:14,100 [INFO] Época 10/30, Batch 50/3348, Loss: 0.1295
2025-10-10 09:10:14,378 [INFO] Época 10/30, Batch 100/3348, Loss: 0.1043
2025-10-10 09:10:14,653 [INFO] Época 10/30, Batch 150/3348, Loss: 0.1337
2025-10-10 09:10:14,926 [INFO] Época 10/30, Batch 200/3348, Loss: 0.1448
2025-10-10 09:10:15,198 [INFO] Época 10/30, Batch 250/3348, Loss: 0.2056
2025-10-10 09:10:15,471 [INFO] Época 10/30, Batch 300/3348, Loss: 0.1409
2025-10-10 09:10:15,753 [INFO] Época 10/30, Batch 350/3348, Loss: 0.1543
2025-10-10 09:10:16,025 [INFO] Época 10/30, Batch 400/3348, Loss: 0.2238
2025-10-10 09:10:16,288 [INFO] Época 10/30, Batch 450/3348, Loss: 0.1106
2025-10-10 09:10:16,551 [INFO] Época 10/30, Batch 500/3348, Loss: 0.1424
2025-10-10 09:10:16,812 [INFO] Época 10/30, Batch 550/3348, Loss: 0.1215
2025-10-10 09:10:17,069 [INFO] Época 10/30, Batch 600/3348, Loss: 0.0503
2025-10-10 09:10:17,327 [INFO] Época 10/30, Batch 650/3348, Loss: 0.1773
2025-10-10 09:10:17,584 [INFO] Época 10/30, Batch 700/3348, Loss: 0.1338
2025-10-10 09:10:17,840 [INFO] Época 10/30, Batch 750/3348, Loss: 0.1951
2025-10-10 09:10:18,096 [INFO] Época 10/30, Batch 800/3348, Loss: 0.1725
2025-10-10 09:10:18,351 [INFO] Época 10/30, Batch 850/3348, Loss: 0.1408
2025-10-10 09:10:18,610 [INFO] Época 10/30, Batch 900/3348, Loss: 0.1474
2025-10-10 09:10:18,873 [INFO] Época 10/30, Batch 950/3348, Loss: 0.1482
2025-10-10 09:10:19,135 [INFO] Época 10/30, Batch 1000/3348, Loss: 0.1073
2025-10-10 09:10:19,396 [INFO] Época 10/30, Batch 1050/3348, Loss: 0.1181
2025-10-10 09:10:19,659 [INFO] Época 10/30, Batch 1100/3348, Loss: 0.0951
2025-10-10 09:10:19,920 [INFO] Época 10/30, Batch 1150/3348, Loss: 0.1352
2025-10-10 09:10:20,182 [INFO] Época 10/30, Batch 1200/3348, Loss: 0.1491
2025-10-10 09:10:20,443 [INFO] Época 10/30, Batch 1250/3348, Loss: 0.1159
2025-10-10 09:10:20,707 [INFO] Época 10/30, Batch 1300/3348, Loss: 0.0966
2025-10-10 09:10:20,969 [INFO] Época 10/30, Batch 1350/3348, Loss: 0.1166
2025-10-10 09:10:21,230 [INFO] Época 10/30, Batch 1400/3348, Loss: 0.1307
2025-10-10 09:10:21,491 [INFO] Época 10/30, Batch 1450/3348, Loss: 0.1634
2025-10-10 09:10:21,755 [INFO] Época 10/30, Batch 1500/3348, Loss: 0.1452
2025-10-10 09:10:22,014 [INFO] Época 10/30, Batch 1550/3348, Loss: 0.1505
2025-10-10 09:10:22,275 [INFO] Época 10/30, Batch 1600/3348, Loss: 0.1058
2025-10-10 09:10:22,536 [INFO] Época 10/30, Batch 1650/3348, Loss: 0.1979
2025-10-10 09:10:22,795 [INFO] Época 10/30, Batch 1700/3348, Loss: 0.1154
2025-10-10 09:10:23,057 [INFO] Época 10/30, Batch 1750/3348, Loss: 0.1208
2025-10-10 09:10:23,318 [INFO] Época 10/30, Batch 1800/3348, Loss: 0.0823
2025-10-10 09:10:23,579 [INFO] Época 10/30, Batch 1850/3348, Loss: 0.1198
2025-10-10 09:10:23,841 [INFO] Época 10/30, Batch 1900/3348, Loss: 0.1138
2025-10-10 09:10:24,101 [INFO] Época 10/30, Batch 1950/3348, Loss: 0.0846
2025-10-10 09:10:24,363 [INFO] Época 10/30, Batch 2000/3348, Loss: 0.1551
2025-10-10 09:10:24,624 [INFO] Época 10/30, Batch 2050/3348, Loss: 0.0889
2025-10-10 09:10:24,885 [INFO] Época 10/30, Batch 2100/3348, Loss: 0.1288
2025-10-10 09:10:25,146 [INFO] Época 10/30, Batch 2150/3348, Loss: 0.1745
2025-10-10 09:10:25,406 [INFO] Época 10/30, Batch 2200/3348, Loss: 0.1086
2025-10-10 09:10:25,668 [INFO] Época 10/30, Batch 2250/3348, Loss: 0.1342
2025-10-10 09:10:25,928 [INFO] Época 10/30, Batch 2300/3348, Loss: 0.0602
2025-10-10 09:10:26,189 [INFO] Época 10/30, Batch 2350/3348, Loss: 0.1062
2025-10-10 09:10:26,448 [INFO] Época 10/30, Batch 2400/3348, Loss: 0.1304
2025-10-10 09:10:26,707 [INFO] Época 10/30, Batch 2450/3348, Loss: 0.1346
2025-10-10 09:10:26,968 [INFO] Época 10/30, Batch 2500/3348, Loss: 0.1405
2025-10-10 09:10:27,227 [INFO] Época 10/30, Batch 2550/3348, Loss: 0.1213
2025-10-10 09:10:27,489 [INFO] Época 10/30, Batch 2600/3348, Loss: 0.1057
2025-10-10 09:10:27,749 [INFO] Época 10/30, Batch 2650/3348, Loss: 0.0918
2025-10-10 09:10:28,009 [INFO] Época 10/30, Batch 2700/3348, Loss: 0.1254
2025-10-10 09:10:28,271 [INFO] Época 10/30, Batch 2750/3348, Loss: 0.1438
2025-10-10 09:10:28,533 [INFO] Época 10/30, Batch 2800/3348, Loss: 0.2405
2025-10-10 09:10:28,791 [INFO] Época 10/30, Batch 2850/3348, Loss: 0.0639
2025-10-10 09:10:29,053 [INFO] Época 10/30, Batch 2900/3348, Loss: 0.1538
2025-10-10 09:10:29,313 [INFO] Época 10/30, Batch 2950/3348, Loss: 0.1460
2025-10-10 09:10:29,574 [INFO] Época 10/30, Batch 3000/3348, Loss: 0.1296
2025-10-10 09:10:29,833 [INFO] Época 10/30, Batch 3050/3348, Loss: 0.1041
2025-10-10 09:10:30,093 [INFO] Época 10/30, Batch 3100/3348, Loss: 0.1299
2025-10-10 09:10:30,353 [INFO] Época 10/30, Batch 3150/3348, Loss: 0.0649
2025-10-10 09:10:30,615 [INFO] Época 10/30, Batch 3200/3348, Loss: 0.0825
2025-10-10 09:10:30,877 [INFO] Época 10/30, Batch 3250/3348, Loss: 0.1051
2025-10-10 09:10:31,137 [INFO] Época 10/30, Batch 3300/3348, Loss: 0.1753
2025-10-10 09:10:33,075 [INFO] [10/30] Train Loss: 0.1220 | Val Loss: 0.2562 | Tempo: 19.57s
2025-10-10 09:10:33,678 [INFO] Época 11/30, Batch 50/3348, Loss: 0.1351
2025-10-10 09:10:33,955 [INFO] Época 11/30, Batch 100/3348, Loss: 0.0597
2025-10-10 09:10:34,231 [INFO] Época 11/30, Batch 150/3348, Loss: 0.1293
2025-10-10 09:10:34,507 [INFO] Época 11/30, Batch 200/3348, Loss: 0.0953
2025-10-10 09:10:34,783 [INFO] Época 11/30, Batch 250/3348, Loss: 0.1294
2025-10-10 09:10:35,055 [INFO] Época 11/30, Batch 300/3348, Loss: 0.1372
2025-10-10 09:10:35,328 [INFO] Época 11/30, Batch 350/3348, Loss: 0.0602
2025-10-10 09:10:35,602 [INFO] Época 11/30, Batch 400/3348, Loss: 0.0540
2025-10-10 09:10:35,875 [INFO] Época 11/30, Batch 450/3348, Loss: 0.1036
2025-10-10 09:10:36,149 [INFO] Época 11/30, Batch 500/3348, Loss: 0.1274
2025-10-10 09:10:36,433 [INFO] Época 11/30, Batch 550/3348, Loss: 0.1244
2025-10-10 09:10:36,706 [INFO] Época 11/30, Batch 600/3348, Loss: 0.0669
2025-10-10 09:10:36,978 [INFO] Época 11/30, Batch 650/3348, Loss: 0.1083
2025-10-10 09:10:37,241 [INFO] Época 11/30, Batch 700/3348, Loss: 0.1152
2025-10-10 09:10:37,507 [INFO] Época 11/30, Batch 750/3348, Loss: 0.1623
2025-10-10 09:10:37,779 [INFO] Época 11/30, Batch 800/3348, Loss: 0.0900
2025-10-10 09:10:38,048 [INFO] Época 11/30, Batch 850/3348, Loss: 0.1153
2025-10-10 09:10:38,313 [INFO] Época 11/30, Batch 900/3348, Loss: 0.0791
2025-10-10 09:10:38,571 [INFO] Época 11/30, Batch 950/3348, Loss: 0.1133
2025-10-10 09:10:38,836 [INFO] Época 11/30, Batch 1000/3348, Loss: 0.1562
2025-10-10 09:10:39,098 [INFO] Época 11/30, Batch 1050/3348, Loss: 0.1245
2025-10-10 09:10:39,362 [INFO] Época 11/30, Batch 1100/3348, Loss: 0.1203
2025-10-10 09:10:39,625 [INFO] Época 11/30, Batch 1150/3348, Loss: 0.0919
2025-10-10 09:10:39,885 [INFO] Época 11/30, Batch 1200/3348, Loss: 0.1161
2025-10-10 09:10:40,145 [INFO] Época 11/30, Batch 1250/3348, Loss: 0.0943
2025-10-10 09:10:40,405 [INFO] Época 11/30, Batch 1300/3348, Loss: 0.1541
2025-10-10 09:10:40,666 [INFO] Época 11/30, Batch 1350/3348, Loss: 0.0662
2025-10-10 09:10:40,927 [INFO] Época 11/30, Batch 1400/3348, Loss: 0.0949
2025-10-10 09:10:41,188 [INFO] Época 11/30, Batch 1450/3348, Loss: 0.0640
2025-10-10 09:10:41,452 [INFO] Época 11/30, Batch 1500/3348, Loss: 0.1420
2025-10-10 09:10:41,717 [INFO] Época 11/30, Batch 1550/3348, Loss: 0.1756
2025-10-10 09:10:41,979 [INFO] Época 11/30, Batch 1600/3348, Loss: 0.0886
2025-10-10 09:10:42,239 [INFO] Época 11/30, Batch 1650/3348, Loss: 0.0884
2025-10-10 09:10:42,498 [INFO] Época 11/30, Batch 1700/3348, Loss: 0.0656
2025-10-10 09:10:42,757 [INFO] Época 11/30, Batch 1750/3348, Loss: 0.1209
2025-10-10 09:10:43,018 [INFO] Época 11/30, Batch 1800/3348, Loss: 0.0751
2025-10-10 09:10:43,277 [INFO] Época 11/30, Batch 1850/3348, Loss: 0.0664
2025-10-10 09:10:43,536 [INFO] Época 11/30, Batch 1900/3348, Loss: 0.0957
2025-10-10 09:10:43,796 [INFO] Época 11/30, Batch 1950/3348, Loss: 0.1510
2025-10-10 09:10:44,056 [INFO] Época 11/30, Batch 2000/3348, Loss: 0.1435
2025-10-10 09:10:44,318 [INFO] Época 11/30, Batch 2050/3348, Loss: 0.1637
2025-10-10 09:10:44,577 [INFO] Época 11/30, Batch 2100/3348, Loss: 0.0703
2025-10-10 09:10:44,837 [INFO] Época 11/30, Batch 2150/3348, Loss: 0.0446
2025-10-10 09:10:45,097 [INFO] Época 11/30, Batch 2200/3348, Loss: 0.2176
2025-10-10 09:10:45,358 [INFO] Época 11/30, Batch 2250/3348, Loss: 0.1074
2025-10-10 09:10:45,620 [INFO] Época 11/30, Batch 2300/3348, Loss: 0.1112
2025-10-10 09:10:45,882 [INFO] Época 11/30, Batch 2350/3348, Loss: 0.2355
2025-10-10 09:10:46,141 [INFO] Época 11/30, Batch 2400/3348, Loss: 0.1203
2025-10-10 09:10:46,403 [INFO] Época 11/30, Batch 2450/3348, Loss: 0.1224
2025-10-10 09:10:46,672 [INFO] Época 11/30, Batch 2500/3348, Loss: 0.1248
2025-10-10 09:10:46,932 [INFO] Época 11/30, Batch 2550/3348, Loss: 0.1214
2025-10-10 09:10:47,195 [INFO] Época 11/30, Batch 2600/3348, Loss: 0.1739
2025-10-10 09:10:47,459 [INFO] Época 11/30, Batch 2650/3348, Loss: 0.1966
2025-10-10 09:10:47,727 [INFO] Época 11/30, Batch 2700/3348, Loss: 0.0724
2025-10-10 09:10:47,993 [INFO] Época 11/30, Batch 2750/3348, Loss: 0.1760
2025-10-10 09:10:48,258 [INFO] Época 11/30, Batch 2800/3348, Loss: 0.1468
2025-10-10 09:10:48,522 [INFO] Época 11/30, Batch 2850/3348, Loss: 0.1479
2025-10-10 09:10:48,788 [INFO] Época 11/30, Batch 2900/3348, Loss: 0.1413
2025-10-10 09:10:49,057 [INFO] Época 11/30, Batch 2950/3348, Loss: 0.0991
2025-10-10 09:10:49,325 [INFO] Época 11/30, Batch 3000/3348, Loss: 0.1598
2025-10-10 09:10:49,594 [INFO] Época 11/30, Batch 3050/3348, Loss: 0.1404
2025-10-10 09:10:49,861 [INFO] Época 11/30, Batch 3100/3348, Loss: 0.0487
2025-10-10 09:10:50,129 [INFO] Época 11/30, Batch 3150/3348, Loss: 0.1232
2025-10-10 09:10:50,396 [INFO] Época 11/30, Batch 3200/3348, Loss: 0.1237
2025-10-10 09:10:50,663 [INFO] Época 11/30, Batch 3250/3348, Loss: 0.0770
2025-10-10 09:10:50,930 [INFO] Época 11/30, Batch 3300/3348, Loss: 0.1495
2025-10-10 09:10:52,812 [INFO] [11/30] Train Loss: 0.1215 | Val Loss: 0.2611 | Tempo: 19.74s
2025-10-10 09:10:53,418 [INFO] Época 12/30, Batch 50/3348, Loss: 0.0907
2025-10-10 09:10:53,698 [INFO] Época 12/30, Batch 100/3348, Loss: 0.1886
2025-10-10 09:10:53,976 [INFO] Época 12/30, Batch 150/3348, Loss: 0.0447
2025-10-10 09:10:54,255 [INFO] Época 12/30, Batch 200/3348, Loss: 0.0827
2025-10-10 09:10:54,530 [INFO] Época 12/30, Batch 250/3348, Loss: 0.1013
2025-10-10 09:10:54,804 [INFO] Época 12/30, Batch 300/3348, Loss: 0.0983
2025-10-10 09:10:55,077 [INFO] Época 12/30, Batch 350/3348, Loss: 0.1612
2025-10-10 09:10:55,351 [INFO] Época 12/30, Batch 400/3348, Loss: 0.1856
2025-10-10 09:10:55,624 [INFO] Época 12/30, Batch 450/3348, Loss: 0.1754
2025-10-10 09:10:55,896 [INFO] Época 12/30, Batch 500/3348, Loss: 0.1687
2025-10-10 09:10:56,172 [INFO] Época 12/30, Batch 550/3348, Loss: 0.0736
2025-10-10 09:10:56,444 [INFO] Época 12/30, Batch 600/3348, Loss: 0.1255
2025-10-10 09:10:56,717 [INFO] Época 12/30, Batch 650/3348, Loss: 0.1110
2025-10-10 09:10:56,991 [INFO] Época 12/30, Batch 700/3348, Loss: 0.1203
2025-10-10 09:10:57,263 [INFO] Época 12/30, Batch 750/3348, Loss: 0.1820
2025-10-10 09:10:57,533 [INFO] Época 12/30, Batch 800/3348, Loss: 0.1130
2025-10-10 09:10:57,802 [INFO] Época 12/30, Batch 850/3348, Loss: 0.1722
2025-10-10 09:10:58,072 [INFO] Época 12/30, Batch 900/3348, Loss: 0.1288
2025-10-10 09:10:58,340 [INFO] Época 12/30, Batch 950/3348, Loss: 0.0879
2025-10-10 09:10:58,610 [INFO] Época 12/30, Batch 1000/3348, Loss: 0.0778
2025-10-10 09:10:58,883 [INFO] Época 12/30, Batch 1050/3348, Loss: 0.0814
2025-10-10 09:10:59,155 [INFO] Época 12/30, Batch 1100/3348, Loss: 0.1608
2025-10-10 09:10:59,426 [INFO] Época 12/30, Batch 1150/3348, Loss: 0.1162
2025-10-10 09:10:59,689 [INFO] Época 12/30, Batch 1200/3348, Loss: 0.1412
2025-10-10 09:10:59,953 [INFO] Época 12/30, Batch 1250/3348, Loss: 0.1457
2025-10-10 09:11:00,218 [INFO] Época 12/30, Batch 1300/3348, Loss: 0.0939
2025-10-10 09:11:00,485 [INFO] Época 12/30, Batch 1350/3348, Loss: 0.1376
2025-10-10 09:11:00,760 [INFO] Época 12/30, Batch 1400/3348, Loss: 0.0842
2025-10-10 09:11:01,030 [INFO] Época 12/30, Batch 1450/3348, Loss: 0.1181
2025-10-10 09:11:01,305 [INFO] Época 12/30, Batch 1500/3348, Loss: 0.1247
2025-10-10 09:11:01,572 [INFO] Época 12/30, Batch 1550/3348, Loss: 0.1542
2025-10-10 09:11:01,835 [INFO] Época 12/30, Batch 1600/3348, Loss: 0.1795
2025-10-10 09:11:02,100 [INFO] Época 12/30, Batch 1650/3348, Loss: 0.1431
2025-10-10 09:11:02,371 [INFO] Época 12/30, Batch 1700/3348, Loss: 0.1640
2025-10-10 09:11:02,645 [INFO] Época 12/30, Batch 1750/3348, Loss: 0.1794
2025-10-10 09:11:02,919 [INFO] Época 12/30, Batch 1800/3348, Loss: 0.1816
2025-10-10 09:11:03,192 [INFO] Época 12/30, Batch 1850/3348, Loss: 0.1622
2025-10-10 09:11:03,464 [INFO] Época 12/30, Batch 1900/3348, Loss: 0.1508
2025-10-10 09:11:03,728 [INFO] Época 12/30, Batch 1950/3348, Loss: 0.0916
2025-10-10 09:11:03,993 [INFO] Época 12/30, Batch 2000/3348, Loss: 0.0996
2025-10-10 09:11:04,256 [INFO] Época 12/30, Batch 2050/3348, Loss: 0.0817
2025-10-10 09:11:04,519 [INFO] Época 12/30, Batch 2100/3348, Loss: 0.0224
2025-10-10 09:11:04,783 [INFO] Época 12/30, Batch 2150/3348, Loss: 0.1277
2025-10-10 09:11:05,045 [INFO] Época 12/30, Batch 2200/3348, Loss: 0.1940
2025-10-10 09:11:05,308 [INFO] Época 12/30, Batch 2250/3348, Loss: 0.2495
2025-10-10 09:11:05,573 [INFO] Época 12/30, Batch 2300/3348, Loss: 0.1224
2025-10-10 09:11:05,836 [INFO] Época 12/30, Batch 2350/3348, Loss: 0.1833
2025-10-10 09:11:06,100 [INFO] Época 12/30, Batch 2400/3348, Loss: 0.1066
2025-10-10 09:11:06,363 [INFO] Época 12/30, Batch 2450/3348, Loss: 0.2005
2025-10-10 09:11:06,627 [INFO] Época 12/30, Batch 2500/3348, Loss: 0.1265
2025-10-10 09:11:06,889 [INFO] Época 12/30, Batch 2550/3348, Loss: 0.1491
2025-10-10 09:11:07,154 [INFO] Época 12/30, Batch 2600/3348, Loss: 0.1466
2025-10-10 09:11:07,417 [INFO] Época 12/30, Batch 2650/3348, Loss: 0.0742
2025-10-10 09:11:07,680 [INFO] Época 12/30, Batch 2700/3348, Loss: 0.0591
2025-10-10 09:11:07,943 [INFO] Época 12/30, Batch 2750/3348, Loss: 0.1398
2025-10-10 09:11:08,207 [INFO] Época 12/30, Batch 2800/3348, Loss: 0.0931
2025-10-10 09:11:08,482 [INFO] Época 12/30, Batch 2850/3348, Loss: 0.0764
2025-10-10 09:11:08,746 [INFO] Época 12/30, Batch 2900/3348, Loss: 0.2396
2025-10-10 09:11:09,009 [INFO] Época 12/30, Batch 2950/3348, Loss: 0.0487
2025-10-10 09:11:09,272 [INFO] Época 12/30, Batch 3000/3348, Loss: 0.2029
2025-10-10 09:11:09,535 [INFO] Época 12/30, Batch 3050/3348, Loss: 0.1245
2025-10-10 09:11:09,800 [INFO] Época 12/30, Batch 3100/3348, Loss: 0.1715
2025-10-10 09:11:10,065 [INFO] Época 12/30, Batch 3150/3348, Loss: 0.1357
2025-10-10 09:11:10,328 [INFO] Época 12/30, Batch 3200/3348, Loss: 0.1966
2025-10-10 09:11:10,591 [INFO] Época 12/30, Batch 3250/3348, Loss: 0.1558
2025-10-10 09:11:10,856 [INFO] Época 12/30, Batch 3300/3348, Loss: 0.1362
2025-10-10 09:11:12,767 [INFO] [12/30] Train Loss: 0.1201 | Val Loss: 0.2603 | Tempo: 19.95s
2025-10-10 09:11:13,363 [INFO] Época 13/30, Batch 50/3348, Loss: 0.1435
2025-10-10 09:11:13,633 [INFO] Época 13/30, Batch 100/3348, Loss: 0.1336
2025-10-10 09:11:13,902 [INFO] Época 13/30, Batch 150/3348, Loss: 0.0519
2025-10-10 09:11:14,170 [INFO] Época 13/30, Batch 200/3348, Loss: 0.1313
2025-10-10 09:11:14,436 [INFO] Época 13/30, Batch 250/3348, Loss: 0.1103
2025-10-10 09:11:14,703 [INFO] Época 13/30, Batch 300/3348, Loss: 0.1188
2025-10-10 09:11:14,967 [INFO] Época 13/30, Batch 350/3348, Loss: 0.1275
2025-10-10 09:11:15,229 [INFO] Época 13/30, Batch 400/3348, Loss: 0.1731
2025-10-10 09:11:15,491 [INFO] Época 13/30, Batch 450/3348, Loss: 0.1069
2025-10-10 09:11:15,754 [INFO] Época 13/30, Batch 500/3348, Loss: 0.0995
2025-10-10 09:11:16,018 [INFO] Época 13/30, Batch 550/3348, Loss: 0.1980
2025-10-10 09:11:16,280 [INFO] Época 13/30, Batch 600/3348, Loss: 0.1761
2025-10-10 09:11:16,543 [INFO] Época 13/30, Batch 650/3348, Loss: 0.1237
2025-10-10 09:11:16,805 [INFO] Época 13/30, Batch 700/3348, Loss: 0.1731
2025-10-10 09:11:17,068 [INFO] Época 13/30, Batch 750/3348, Loss: 0.1079
2025-10-10 09:11:17,324 [INFO] Época 13/30, Batch 800/3348, Loss: 0.0860
2025-10-10 09:11:17,576 [INFO] Época 13/30, Batch 850/3348, Loss: 0.1197
2025-10-10 09:11:17,830 [INFO] Época 13/30, Batch 900/3348, Loss: 0.1010
2025-10-10 09:11:18,083 [INFO] Época 13/30, Batch 950/3348, Loss: 0.1290
2025-10-10 09:11:18,334 [INFO] Época 13/30, Batch 1000/3348, Loss: 0.1030
2025-10-10 09:11:18,587 [INFO] Época 13/30, Batch 1050/3348, Loss: 0.1408
2025-10-10 09:11:18,851 [INFO] Época 13/30, Batch 1100/3348, Loss: 0.1056
2025-10-10 09:11:19,105 [INFO] Época 13/30, Batch 1150/3348, Loss: 0.1074
2025-10-10 09:11:19,368 [INFO] Época 13/30, Batch 1200/3348, Loss: 0.1473
2025-10-10 09:11:19,633 [INFO] Época 13/30, Batch 1250/3348, Loss: 0.0608
2025-10-10 09:11:19,898 [INFO] Época 13/30, Batch 1300/3348, Loss: 0.1912
2025-10-10 09:11:20,165 [INFO] Época 13/30, Batch 1350/3348, Loss: 0.1338
2025-10-10 09:11:20,430 [INFO] Época 13/30, Batch 1400/3348, Loss: 0.1514
2025-10-10 09:11:20,696 [INFO] Época 13/30, Batch 1450/3348, Loss: 0.0666
2025-10-10 09:11:20,960 [INFO] Época 13/30, Batch 1500/3348, Loss: 0.1149
2025-10-10 09:11:21,222 [INFO] Época 13/30, Batch 1550/3348, Loss: 0.0950
2025-10-10 09:11:21,487 [INFO] Época 13/30, Batch 1600/3348, Loss: 0.0877
2025-10-10 09:11:21,750 [INFO] Época 13/30, Batch 1650/3348, Loss: 0.1141
2025-10-10 09:11:22,015 [INFO] Época 13/30, Batch 1700/3348, Loss: 0.0886
2025-10-10 09:11:22,277 [INFO] Época 13/30, Batch 1750/3348, Loss: 0.0720
2025-10-10 09:11:22,541 [INFO] Época 13/30, Batch 1800/3348, Loss: 0.1329
2025-10-10 09:11:22,806 [INFO] Época 13/30, Batch 1850/3348, Loss: 0.1038
2025-10-10 09:11:23,067 [INFO] Época 13/30, Batch 1900/3348, Loss: 0.1634
2025-10-10 09:11:23,327 [INFO] Época 13/30, Batch 1950/3348, Loss: 0.0971
2025-10-10 09:11:23,588 [INFO] Época 13/30, Batch 2000/3348, Loss: 0.1530
2025-10-10 09:11:23,861 [INFO] Época 13/30, Batch 2050/3348, Loss: 0.1534
2025-10-10 09:11:24,126 [INFO] Época 13/30, Batch 2100/3348, Loss: 0.1649
2025-10-10 09:11:24,392 [INFO] Época 13/30, Batch 2150/3348, Loss: 0.1350
2025-10-10 09:11:24,655 [INFO] Época 13/30, Batch 2200/3348, Loss: 0.1750
2025-10-10 09:11:24,919 [INFO] Época 13/30, Batch 2250/3348, Loss: 0.1249
2025-10-10 09:11:25,185 [INFO] Época 13/30, Batch 2300/3348, Loss: 0.1806
2025-10-10 09:11:25,452 [INFO] Época 13/30, Batch 2350/3348, Loss: 0.1462
2025-10-10 09:11:25,718 [INFO] Época 13/30, Batch 2400/3348, Loss: 0.0907
2025-10-10 09:11:25,984 [INFO] Época 13/30, Batch 2450/3348, Loss: 0.0885
2025-10-10 09:11:26,248 [INFO] Época 13/30, Batch 2500/3348, Loss: 0.0715
2025-10-10 09:11:26,513 [INFO] Época 13/30, Batch 2550/3348, Loss: 0.1200
2025-10-10 09:11:26,780 [INFO] Época 13/30, Batch 2600/3348, Loss: 0.0965
2025-10-10 09:11:27,044 [INFO] Época 13/30, Batch 2650/3348, Loss: 0.1654
2025-10-10 09:11:27,310 [INFO] Época 13/30, Batch 2700/3348, Loss: 0.1508
2025-10-10 09:11:27,574 [INFO] Época 13/30, Batch 2750/3348, Loss: 0.0921
2025-10-10 09:11:27,839 [INFO] Época 13/30, Batch 2800/3348, Loss: 0.1968
2025-10-10 09:11:28,104 [INFO] Época 13/30, Batch 2850/3348, Loss: 0.0680
2025-10-10 09:11:28,367 [INFO] Época 13/30, Batch 2900/3348, Loss: 0.1498
2025-10-10 09:11:28,631 [INFO] Época 13/30, Batch 2950/3348, Loss: 0.0769
2025-10-10 09:11:28,896 [INFO] Época 13/30, Batch 3000/3348, Loss: 0.1714
2025-10-10 09:11:29,161 [INFO] Época 13/30, Batch 3050/3348, Loss: 0.0415
2025-10-10 09:11:29,425 [INFO] Época 13/30, Batch 3100/3348, Loss: 0.1534
2025-10-10 09:11:29,689 [INFO] Época 13/30, Batch 3150/3348, Loss: 0.1302
2025-10-10 09:11:29,950 [INFO] Época 13/30, Batch 3200/3348, Loss: 0.1124
2025-10-10 09:11:30,213 [INFO] Época 13/30, Batch 3250/3348, Loss: 0.0895
2025-10-10 09:11:30,476 [INFO] Época 13/30, Batch 3300/3348, Loss: 0.0492
2025-10-10 09:11:32,406 [INFO] [13/30] Train Loss: 0.1177 | Val Loss: 0.2793 | Tempo: 19.64s
2025-10-10 09:11:33,001 [INFO] Época 14/30, Batch 50/3348, Loss: 0.1848
2025-10-10 09:11:33,269 [INFO] Época 14/30, Batch 100/3348, Loss: 0.0632
2025-10-10 09:11:33,533 [INFO] Época 14/30, Batch 150/3348, Loss: 0.1947
2025-10-10 09:11:33,795 [INFO] Época 14/30, Batch 200/3348, Loss: 0.1901
2025-10-10 09:11:34,058 [INFO] Época 14/30, Batch 250/3348, Loss: 0.0786
2025-10-10 09:11:34,319 [INFO] Época 14/30, Batch 300/3348, Loss: 0.0779
2025-10-10 09:11:34,581 [INFO] Época 14/30, Batch 350/3348, Loss: 0.0552
2025-10-10 09:11:34,843 [INFO] Época 14/30, Batch 400/3348, Loss: 0.0478
2025-10-10 09:11:35,105 [INFO] Época 14/30, Batch 450/3348, Loss: 0.0854
2025-10-10 09:11:35,365 [INFO] Época 14/30, Batch 500/3348, Loss: 0.0817
2025-10-10 09:11:35,627 [INFO] Época 14/30, Batch 550/3348, Loss: 0.1093
2025-10-10 09:11:35,892 [INFO] Época 14/30, Batch 600/3348, Loss: 0.1440
2025-10-10 09:11:36,153 [INFO] Época 14/30, Batch 650/3348, Loss: 0.1791
2025-10-10 09:11:36,414 [INFO] Época 14/30, Batch 700/3348, Loss: 0.0635
2025-10-10 09:11:36,676 [INFO] Época 14/30, Batch 750/3348, Loss: 0.1652
2025-10-10 09:11:36,937 [INFO] Época 14/30, Batch 800/3348, Loss: 0.1771
2025-10-10 09:11:37,198 [INFO] Época 14/30, Batch 850/3348, Loss: 0.0973
2025-10-10 09:11:37,457 [INFO] Época 14/30, Batch 900/3348, Loss: 0.0614
2025-10-10 09:11:37,720 [INFO] Época 14/30, Batch 950/3348, Loss: 0.1019
2025-10-10 09:11:37,981 [INFO] Época 14/30, Batch 1000/3348, Loss: 0.0970
2025-10-10 09:11:38,242 [INFO] Época 14/30, Batch 1050/3348, Loss: 0.0724
2025-10-10 09:11:38,505 [INFO] Época 14/30, Batch 1100/3348, Loss: 0.1243
2025-10-10 09:11:38,767 [INFO] Época 14/30, Batch 1150/3348, Loss: 0.1187
2025-10-10 09:11:39,028 [INFO] Época 14/30, Batch 1200/3348, Loss: 0.1515
2025-10-10 09:11:39,291 [INFO] Época 14/30, Batch 1250/3348, Loss: 0.1094
2025-10-10 09:11:39,551 [INFO] Época 14/30, Batch 1300/3348, Loss: 0.1965
2025-10-10 09:11:39,812 [INFO] Época 14/30, Batch 1350/3348, Loss: 0.1689
2025-10-10 09:11:40,072 [INFO] Época 14/30, Batch 1400/3348, Loss: 0.0880
2025-10-10 09:11:40,336 [INFO] Época 14/30, Batch 1450/3348, Loss: 0.1249
2025-10-10 09:11:40,601 [INFO] Época 14/30, Batch 1500/3348, Loss: 0.1286
2025-10-10 09:11:40,863 [INFO] Época 14/30, Batch 1550/3348, Loss: 0.1365
2025-10-10 09:11:41,124 [INFO] Época 14/30, Batch 1600/3348, Loss: 0.0970
2025-10-10 09:11:41,382 [INFO] Época 14/30, Batch 1650/3348, Loss: 0.1188
2025-10-10 09:11:41,639 [INFO] Época 14/30, Batch 1700/3348, Loss: 0.0245
2025-10-10 09:11:41,897 [INFO] Época 14/30, Batch 1750/3348, Loss: 0.0567
2025-10-10 09:11:42,155 [INFO] Época 14/30, Batch 1800/3348, Loss: 0.0743
2025-10-10 09:11:42,413 [INFO] Época 14/30, Batch 1850/3348, Loss: 0.0919
2025-10-10 09:11:42,676 [INFO] Época 14/30, Batch 1900/3348, Loss: 0.1030
2025-10-10 09:11:42,937 [INFO] Época 14/30, Batch 1950/3348, Loss: 0.1237
2025-10-10 09:11:43,198 [INFO] Época 14/30, Batch 2000/3348, Loss: 0.2197
2025-10-10 09:11:43,459 [INFO] Época 14/30, Batch 2050/3348, Loss: 0.0940
2025-10-10 09:11:43,722 [INFO] Época 14/30, Batch 2100/3348, Loss: 0.1405
2025-10-10 09:11:43,983 [INFO] Época 14/30, Batch 2150/3348, Loss: 0.1466
2025-10-10 09:11:44,247 [INFO] Época 14/30, Batch 2200/3348, Loss: 0.0821
2025-10-10 09:11:44,508 [INFO] Época 14/30, Batch 2250/3348, Loss: 0.0521
2025-10-10 09:11:44,768 [INFO] Época 14/30, Batch 2300/3348, Loss: 0.0818
2025-10-10 09:11:45,033 [INFO] Época 14/30, Batch 2350/3348, Loss: 0.1003
2025-10-10 09:11:45,297 [INFO] Época 14/30, Batch 2400/3348, Loss: 0.1604
2025-10-10 09:11:45,560 [INFO] Época 14/30, Batch 2450/3348, Loss: 0.1129
2025-10-10 09:11:45,820 [INFO] Época 14/30, Batch 2500/3348, Loss: 0.0646
2025-10-10 09:11:46,086 [INFO] Época 14/30, Batch 2550/3348, Loss: 0.2920
2025-10-10 09:11:46,348 [INFO] Época 14/30, Batch 2600/3348, Loss: 0.1907
2025-10-10 09:11:46,612 [INFO] Época 14/30, Batch 2650/3348, Loss: 0.1336
2025-10-10 09:11:46,876 [INFO] Época 14/30, Batch 2700/3348, Loss: 0.0617
2025-10-10 09:11:47,138 [INFO] Época 14/30, Batch 2750/3348, Loss: 0.1799
2025-10-10 09:11:47,401 [INFO] Época 14/30, Batch 2800/3348, Loss: 0.1297
2025-10-10 09:11:47,664 [INFO] Época 14/30, Batch 2850/3348, Loss: 0.0852
2025-10-10 09:11:47,927 [INFO] Época 14/30, Batch 2900/3348, Loss: 0.0902
2025-10-10 09:11:48,189 [INFO] Época 14/30, Batch 2950/3348, Loss: 0.1107
2025-10-10 09:11:48,452 [INFO] Época 14/30, Batch 3000/3348, Loss: 0.0646
2025-10-10 09:11:48,715 [INFO] Época 14/30, Batch 3050/3348, Loss: 0.1080
2025-10-10 09:11:48,978 [INFO] Época 14/30, Batch 3100/3348, Loss: 0.2002
2025-10-10 09:11:49,243 [INFO] Época 14/30, Batch 3150/3348, Loss: 0.1070
2025-10-10 09:11:49,506 [INFO] Época 14/30, Batch 3200/3348, Loss: 0.1215
2025-10-10 09:11:49,767 [INFO] Época 14/30, Batch 3250/3348, Loss: 0.1805
2025-10-10 09:11:50,025 [INFO] Época 14/30, Batch 3300/3348, Loss: 0.2078
2025-10-10 09:11:51,806 [INFO] [14/30] Train Loss: 0.1166 | Val Loss: 0.2727 | Tempo: 19.40s
2025-10-10 09:11:52,388 [INFO] Época 15/30, Batch 50/3348, Loss: 0.1522
2025-10-10 09:11:52,653 [INFO] Época 15/30, Batch 100/3348, Loss: 0.1092
2025-10-10 09:11:52,915 [INFO] Época 15/30, Batch 150/3348, Loss: 0.1361
2025-10-10 09:11:53,175 [INFO] Época 15/30, Batch 200/3348, Loss: 0.1100
2025-10-10 09:11:53,434 [INFO] Época 15/30, Batch 250/3348, Loss: 0.0815
2025-10-10 09:11:53,694 [INFO] Época 15/30, Batch 300/3348, Loss: 0.1056
2025-10-10 09:11:53,955 [INFO] Época 15/30, Batch 350/3348, Loss: 0.0500
2025-10-10 09:11:54,218 [INFO] Época 15/30, Batch 400/3348, Loss: 0.0999
2025-10-10 09:11:54,481 [INFO] Época 15/30, Batch 450/3348, Loss: 0.1335
2025-10-10 09:11:54,745 [INFO] Época 15/30, Batch 500/3348, Loss: 0.0581
2025-10-10 09:11:55,021 [INFO] Época 15/30, Batch 550/3348, Loss: 0.1203
2025-10-10 09:11:55,287 [INFO] Época 15/30, Batch 600/3348, Loss: 0.1922
2025-10-10 09:11:55,552 [INFO] Época 15/30, Batch 650/3348, Loss: 0.0645
2025-10-10 09:11:55,818 [INFO] Época 15/30, Batch 700/3348, Loss: 0.1655
2025-10-10 09:11:56,083 [INFO] Época 15/30, Batch 750/3348, Loss: 0.1013
2025-10-10 09:11:56,349 [INFO] Época 15/30, Batch 800/3348, Loss: 0.0375
2025-10-10 09:11:56,614 [INFO] Época 15/30, Batch 850/3348, Loss: 0.0946
2025-10-10 09:11:56,881 [INFO] Época 15/30, Batch 900/3348, Loss: 0.1958
2025-10-10 09:11:57,147 [INFO] Época 15/30, Batch 950/3348, Loss: 0.1180
2025-10-10 09:11:57,412 [INFO] Época 15/30, Batch 1000/3348, Loss: 0.1593
2025-10-10 09:11:57,677 [INFO] Época 15/30, Batch 1050/3348, Loss: 0.1308
2025-10-10 09:11:57,942 [INFO] Época 15/30, Batch 1100/3348, Loss: 0.1046
2025-10-10 09:11:58,208 [INFO] Época 15/30, Batch 1150/3348, Loss: 0.0877
2025-10-10 09:11:58,472 [INFO] Época 15/30, Batch 1200/3348, Loss: 0.1513
2025-10-10 09:11:58,736 [INFO] Época 15/30, Batch 1250/3348, Loss: 0.0887
2025-10-10 09:11:59,002 [INFO] Época 15/30, Batch 1300/3348, Loss: 0.1511
2025-10-10 09:11:59,267 [INFO] Época 15/30, Batch 1350/3348, Loss: 0.1044
2025-10-10 09:11:59,532 [INFO] Época 15/30, Batch 1400/3348, Loss: 0.2426
2025-10-10 09:11:59,798 [INFO] Época 15/30, Batch 1450/3348, Loss: 0.1166
2025-10-10 09:12:00,063 [INFO] Época 15/30, Batch 1500/3348, Loss: 0.1343
2025-10-10 09:12:00,327 [INFO] Época 15/30, Batch 1550/3348, Loss: 0.1017
2025-10-10 09:12:00,592 [INFO] Época 15/30, Batch 1600/3348, Loss: 0.1601
2025-10-10 09:12:00,861 [INFO] Época 15/30, Batch 1650/3348, Loss: 0.1495
2025-10-10 09:12:01,124 [INFO] Época 15/30, Batch 1700/3348, Loss: 0.0746
2025-10-10 09:12:01,388 [INFO] Época 15/30, Batch 1750/3348, Loss: 0.0683
2025-10-10 09:12:01,653 [INFO] Época 15/30, Batch 1800/3348, Loss: 0.0903
2025-10-10 09:12:01,919 [INFO] Época 15/30, Batch 1850/3348, Loss: 0.1424
2025-10-10 09:12:02,185 [INFO] Época 15/30, Batch 1900/3348, Loss: 0.1429
2025-10-10 09:12:02,451 [INFO] Época 15/30, Batch 1950/3348, Loss: 0.1289
2025-10-10 09:12:02,717 [INFO] Época 15/30, Batch 2000/3348, Loss: 0.1361
2025-10-10 09:12:02,981 [INFO] Época 15/30, Batch 2050/3348, Loss: 0.1103
2025-10-10 09:12:03,244 [INFO] Época 15/30, Batch 2100/3348, Loss: 0.1434
2025-10-10 09:12:03,510 [INFO] Época 15/30, Batch 2150/3348, Loss: 0.0854
2025-10-10 09:12:03,776 [INFO] Época 15/30, Batch 2200/3348, Loss: 0.1312
2025-10-10 09:12:04,040 [INFO] Época 15/30, Batch 2250/3348, Loss: 0.2121
2025-10-10 09:12:04,304 [INFO] Época 15/30, Batch 2300/3348, Loss: 0.0852
2025-10-10 09:12:04,569 [INFO] Época 15/30, Batch 2350/3348, Loss: 0.1173
2025-10-10 09:12:04,834 [INFO] Época 15/30, Batch 2400/3348, Loss: 0.1115
2025-10-10 09:12:05,111 [INFO] Época 15/30, Batch 2450/3348, Loss: 0.1413
2025-10-10 09:12:05,376 [INFO] Época 15/30, Batch 2500/3348, Loss: 0.0997
2025-10-10 09:12:05,641 [INFO] Época 15/30, Batch 2550/3348, Loss: 0.0710
2025-10-10 09:12:05,907 [INFO] Época 15/30, Batch 2600/3348, Loss: 0.0874
2025-10-10 09:12:06,171 [INFO] Época 15/30, Batch 2650/3348, Loss: 0.0895
2025-10-10 09:12:06,437 [INFO] Época 15/30, Batch 2700/3348, Loss: 0.1049
2025-10-10 09:12:06,702 [INFO] Época 15/30, Batch 2750/3348, Loss: 0.2058
2025-10-10 09:12:06,967 [INFO] Época 15/30, Batch 2800/3348, Loss: 0.1142
2025-10-10 09:12:07,231 [INFO] Época 15/30, Batch 2850/3348, Loss: 0.0922
2025-10-10 09:12:07,496 [INFO] Época 15/30, Batch 2900/3348, Loss: 0.1080
2025-10-10 09:12:07,762 [INFO] Época 15/30, Batch 2950/3348, Loss: 0.0939
2025-10-10 09:12:08,025 [INFO] Época 15/30, Batch 3000/3348, Loss: 0.0645
2025-10-10 09:12:08,290 [INFO] Época 15/30, Batch 3050/3348, Loss: 0.0568
2025-10-10 09:12:08,554 [INFO] Época 15/30, Batch 3100/3348, Loss: 0.1416
2025-10-10 09:12:08,818 [INFO] Época 15/30, Batch 3150/3348, Loss: 0.1589
2025-10-10 09:12:09,082 [INFO] Época 15/30, Batch 3200/3348, Loss: 0.1833
2025-10-10 09:12:09,347 [INFO] Época 15/30, Batch 3250/3348, Loss: 0.1389
2025-10-10 09:12:09,609 [INFO] Época 15/30, Batch 3300/3348, Loss: 0.1267
2025-10-10 09:12:11,513 [INFO] [15/30] Train Loss: 0.1155 | Val Loss: 0.2659 | Tempo: 19.71s
2025-10-10 09:12:12,105 [INFO] Época 16/30, Batch 50/3348, Loss: 0.1385
2025-10-10 09:12:12,373 [INFO] Época 16/30, Batch 100/3348, Loss: 0.1177
2025-10-10 09:12:12,639 [INFO] Época 16/30, Batch 150/3348, Loss: 0.0413
2025-10-10 09:12:12,904 [INFO] Época 16/30, Batch 200/3348, Loss: 0.1377
2025-10-10 09:12:13,169 [INFO] Época 16/30, Batch 250/3348, Loss: 0.0795
2025-10-10 09:12:13,435 [INFO] Época 16/30, Batch 300/3348, Loss: 0.1191
2025-10-10 09:12:13,700 [INFO] Época 16/30, Batch 350/3348, Loss: 0.0578
2025-10-10 09:12:13,965 [INFO] Época 16/30, Batch 400/3348, Loss: 0.1116
2025-10-10 09:12:14,230 [INFO] Época 16/30, Batch 450/3348, Loss: 0.1583
2025-10-10 09:12:14,494 [INFO] Época 16/30, Batch 500/3348, Loss: 0.1126
2025-10-10 09:12:14,756 [INFO] Época 16/30, Batch 550/3348, Loss: 0.0890
2025-10-10 09:12:15,018 [INFO] Época 16/30, Batch 600/3348, Loss: 0.1144
2025-10-10 09:12:15,280 [INFO] Época 16/30, Batch 650/3348, Loss: 0.1681
2025-10-10 09:12:15,540 [INFO] Época 16/30, Batch 700/3348, Loss: 0.1139
2025-10-10 09:12:15,800 [INFO] Época 16/30, Batch 750/3348, Loss: 0.1150
2025-10-10 09:12:16,061 [INFO] Época 16/30, Batch 800/3348, Loss: 0.1125
2025-10-10 09:12:16,320 [INFO] Época 16/30, Batch 850/3348, Loss: 0.1517
2025-10-10 09:12:16,580 [INFO] Época 16/30, Batch 900/3348, Loss: 0.0919
2025-10-10 09:12:16,843 [INFO] Época 16/30, Batch 950/3348, Loss: 0.0815
2025-10-10 09:12:17,104 [INFO] Época 16/30, Batch 1000/3348, Loss: 0.1021
2025-10-10 09:12:17,363 [INFO] Época 16/30, Batch 1050/3348, Loss: 0.1740
2025-10-10 09:12:17,624 [INFO] Época 16/30, Batch 1100/3348, Loss: 0.1879
2025-10-10 09:12:17,883 [INFO] Época 16/30, Batch 1150/3348, Loss: 0.1932
2025-10-10 09:12:18,141 [INFO] Época 16/30, Batch 1200/3348, Loss: 0.1132
2025-10-10 09:12:18,400 [INFO] Época 16/30, Batch 1250/3348, Loss: 0.0945
2025-10-10 09:12:18,660 [INFO] Época 16/30, Batch 1300/3348, Loss: 0.1325
2025-10-10 09:12:18,920 [INFO] Época 16/30, Batch 1350/3348, Loss: 0.1161
2025-10-10 09:12:19,177 [INFO] Época 16/30, Batch 1400/3348, Loss: 0.1497
2025-10-10 09:12:19,437 [INFO] Época 16/30, Batch 1450/3348, Loss: 0.1575
2025-10-10 09:12:19,696 [INFO] Época 16/30, Batch 1500/3348, Loss: 0.0902
2025-10-10 09:12:19,956 [INFO] Época 16/30, Batch 1550/3348, Loss: 0.1185
2025-10-10 09:12:20,216 [INFO] Época 16/30, Batch 1600/3348, Loss: 0.0829
2025-10-10 09:12:20,475 [INFO] Época 16/30, Batch 1650/3348, Loss: 0.1541
2025-10-10 09:12:20,735 [INFO] Época 16/30, Batch 1700/3348, Loss: 0.0775
2025-10-10 09:12:20,995 [INFO] Época 16/30, Batch 1750/3348, Loss: 0.1322
2025-10-10 09:12:21,254 [INFO] Época 16/30, Batch 1800/3348, Loss: 0.0476
2025-10-10 09:12:21,512 [INFO] Época 16/30, Batch 1850/3348, Loss: 0.1008
2025-10-10 09:12:21,772 [INFO] Época 16/30, Batch 1900/3348, Loss: 0.1678
2025-10-10 09:12:22,043 [INFO] Época 16/30, Batch 1950/3348, Loss: 0.1400
2025-10-10 09:12:22,302 [INFO] Época 16/30, Batch 2000/3348, Loss: 0.1257
2025-10-10 09:12:22,561 [INFO] Época 16/30, Batch 2050/3348, Loss: 0.0537
2025-10-10 09:12:22,821 [INFO] Época 16/30, Batch 2100/3348, Loss: 0.1024
2025-10-10 09:12:23,082 [INFO] Época 16/30, Batch 2150/3348, Loss: 0.0776
2025-10-10 09:12:23,344 [INFO] Época 16/30, Batch 2200/3348, Loss: 0.1557
2025-10-10 09:12:23,604 [INFO] Época 16/30, Batch 2250/3348, Loss: 0.1476
2025-10-10 09:12:23,865 [INFO] Época 16/30, Batch 2300/3348, Loss: 0.0702
2025-10-10 09:12:24,124 [INFO] Época 16/30, Batch 2350/3348, Loss: 0.0990
2025-10-10 09:12:24,385 [INFO] Época 16/30, Batch 2400/3348, Loss: 0.0988
2025-10-10 09:12:24,645 [INFO] Época 16/30, Batch 2450/3348, Loss: 0.0762
2025-10-10 09:12:24,904 [INFO] Época 16/30, Batch 2500/3348, Loss: 0.1057
2025-10-10 09:12:25,163 [INFO] Época 16/30, Batch 2550/3348, Loss: 0.0784
2025-10-10 09:12:25,423 [INFO] Época 16/30, Batch 2600/3348, Loss: 0.1087
2025-10-10 09:12:25,684 [INFO] Época 16/30, Batch 2650/3348, Loss: 0.0967
2025-10-10 09:12:25,948 [INFO] Época 16/30, Batch 2700/3348, Loss: 0.0976
2025-10-10 09:12:26,208 [INFO] Época 16/30, Batch 2750/3348, Loss: 0.1419
2025-10-10 09:12:26,468 [INFO] Época 16/30, Batch 2800/3348, Loss: 0.1814
2025-10-10 09:12:26,727 [INFO] Época 16/30, Batch 2850/3348, Loss: 0.1443
2025-10-10 09:12:26,986 [INFO] Época 16/30, Batch 2900/3348, Loss: 0.0942
2025-10-10 09:12:27,246 [INFO] Época 16/30, Batch 2950/3348, Loss: 0.1418
2025-10-10 09:12:27,508 [INFO] Época 16/30, Batch 3000/3348, Loss: 0.0879
2025-10-10 09:12:27,768 [INFO] Época 16/30, Batch 3050/3348, Loss: 0.1027
2025-10-10 09:12:28,027 [INFO] Época 16/30, Batch 3100/3348, Loss: 0.0899
2025-10-10 09:12:28,288 [INFO] Época 16/30, Batch 3150/3348, Loss: 0.0843
2025-10-10 09:12:28,549 [INFO] Época 16/30, Batch 3200/3348, Loss: 0.1323
2025-10-10 09:12:28,811 [INFO] Época 16/30, Batch 3250/3348, Loss: 0.0884
2025-10-10 09:12:29,074 [INFO] Época 16/30, Batch 3300/3348, Loss: 0.0884
2025-10-10 09:12:31,006 [INFO] [16/30] Train Loss: 0.1140 | Val Loss: 0.2619 | Tempo: 19.49s
2025-10-10 09:12:31,007 [INFO] Early stopping ativado após 10 épocas sem melhoria
2025-10-10 09:12:31,007 [INFO] Treinamento concluído em 315.09 segundos (5.25 minutos)
2025-10-10 09:12:31,007 [INFO] Iniciando avaliação no conjunto de teste...
2025-10-10 09:12:32,521 [INFO] Avaliação do teste concluída em 1.51 segundos
2025-10-10 09:12:32,524 [INFO] MSE no teste: 0.4830
2025-10-10 09:12:32,524 [INFO] RMSE no teste: 0.6950
2025-10-10 09:12:32,524 [INFO] MAE no teste: 0.5305
2025-10-10 09:12:32,525 [INFO] Métricas salvas em /mnt/hdd/home/jdurao/ToolBox-ChemXAI/logs/mlp_att11_Pattern_metrics.json
