2025-10-10 06:22:56,358 [INFO] Iniciando treinamento do modelo mlp_att9_Pattern
2025-10-10 06:22:56,358 [INFO] Configuração: att_index=9, epochs=30, layers=[128, 64, 32], lr=0.001, batch_size=32, descriptor_type=Pattern
2025-10-10 06:22:56,359 [INFO] Diretório para modelos: /mnt/hdd/home/jdurao/ToolBox-ChemXAI/models
2025-10-10 06:22:56,359 [INFO] Carregando dados...
2025-10-10 06:22:56,454 [INFO] Preparando dataloaders sem ruído...
2025-10-10 06:23:12,097 [INFO] Dados carregados em 15.74 segundos
2025-10-10 06:23:12,097 [INFO] Tamanhos dos conjuntos - Treino: 107108, Validação: 13388, Teste: 13389
2025-10-10 06:23:12,098 [INFO] Usando dispositivo: cuda
2025-10-10 06:23:12,485 [INFO] Dimensão de entrada: 512, Dimensão de saída: 1
2025-10-10 06:23:12,486 [INFO] Criando modelo MLP com camadas: [128, 64, 32]
2025-10-10 06:23:12,489 [INFO] Modelo criado com 76033 parâmetros
2025-10-10 06:23:12,493 [INFO] Iniciando treinamento com 30 épocas...
2025-10-10 06:23:13,074 [INFO] Época 1/30, Batch 50/3348, Loss: 0.4555
2025-10-10 06:23:13,347 [INFO] Época 1/30, Batch 100/3348, Loss: 0.3688
2025-10-10 06:23:13,613 [INFO] Época 1/30, Batch 150/3348, Loss: 0.5247
2025-10-10 06:23:13,881 [INFO] Época 1/30, Batch 200/3348, Loss: 0.3919
2025-10-10 06:23:14,147 [INFO] Época 1/30, Batch 250/3348, Loss: 0.3422
2025-10-10 06:23:14,419 [INFO] Época 1/30, Batch 300/3348, Loss: 0.3103
2025-10-10 06:23:14,681 [INFO] Época 1/30, Batch 350/3348, Loss: 0.3378
2025-10-10 06:23:14,943 [INFO] Época 1/30, Batch 400/3348, Loss: 0.3060
2025-10-10 06:23:15,207 [INFO] Época 1/30, Batch 450/3348, Loss: 0.3014
2025-10-10 06:23:15,475 [INFO] Época 1/30, Batch 500/3348, Loss: 0.3429
2025-10-10 06:23:15,743 [INFO] Época 1/30, Batch 550/3348, Loss: 0.3445
2025-10-10 06:23:16,007 [INFO] Época 1/30, Batch 600/3348, Loss: 0.2735
2025-10-10 06:23:16,273 [INFO] Época 1/30, Batch 650/3348, Loss: 0.4206
2025-10-10 06:23:16,538 [INFO] Época 1/30, Batch 700/3348, Loss: 0.2456
2025-10-10 06:23:16,803 [INFO] Época 1/30, Batch 750/3348, Loss: 0.2384
2025-10-10 06:23:17,066 [INFO] Época 1/30, Batch 800/3348, Loss: 0.2638
2025-10-10 06:23:17,331 [INFO] Época 1/30, Batch 850/3348, Loss: 0.3008
2025-10-10 06:23:17,596 [INFO] Época 1/30, Batch 900/3348, Loss: 0.3541
2025-10-10 06:23:17,863 [INFO] Época 1/30, Batch 950/3348, Loss: 0.2712
2025-10-10 06:23:18,128 [INFO] Época 1/30, Batch 1000/3348, Loss: 0.2537
2025-10-10 06:23:18,392 [INFO] Época 1/30, Batch 1050/3348, Loss: 0.4391
2025-10-10 06:23:18,655 [INFO] Época 1/30, Batch 1100/3348, Loss: 0.3373
2025-10-10 06:23:18,917 [INFO] Época 1/30, Batch 1150/3348, Loss: 0.2632
2025-10-10 06:23:19,178 [INFO] Época 1/30, Batch 1200/3348, Loss: 0.3051
2025-10-10 06:23:19,450 [INFO] Época 1/30, Batch 1250/3348, Loss: 0.3831
2025-10-10 06:23:19,713 [INFO] Época 1/30, Batch 1300/3348, Loss: 0.2820
2025-10-10 06:23:19,974 [INFO] Época 1/30, Batch 1350/3348, Loss: 0.2881
2025-10-10 06:23:20,235 [INFO] Época 1/30, Batch 1400/3348, Loss: 0.3942
2025-10-10 06:23:20,499 [INFO] Época 1/30, Batch 1450/3348, Loss: 0.2038
2025-10-10 06:23:20,765 [INFO] Época 1/30, Batch 1500/3348, Loss: 0.3217
2025-10-10 06:23:21,029 [INFO] Época 1/30, Batch 1550/3348, Loss: 0.2290
2025-10-10 06:23:21,299 [INFO] Época 1/30, Batch 1600/3348, Loss: 0.2893
2025-10-10 06:23:21,565 [INFO] Época 1/30, Batch 1650/3348, Loss: 0.2894
2025-10-10 06:23:21,831 [INFO] Época 1/30, Batch 1700/3348, Loss: 0.1857
2025-10-10 06:23:22,095 [INFO] Época 1/30, Batch 1750/3348, Loss: 0.2206
2025-10-10 06:23:22,354 [INFO] Época 1/30, Batch 1800/3348, Loss: 0.2665
2025-10-10 06:23:22,617 [INFO] Época 1/30, Batch 1850/3348, Loss: 0.2522
2025-10-10 06:23:22,881 [INFO] Época 1/30, Batch 1900/3348, Loss: 0.3016
2025-10-10 06:23:23,139 [INFO] Época 1/30, Batch 1950/3348, Loss: 0.2565
2025-10-10 06:23:23,399 [INFO] Época 1/30, Batch 2000/3348, Loss: 0.2970
2025-10-10 06:23:23,675 [INFO] Época 1/30, Batch 2050/3348, Loss: 0.2588
2025-10-10 06:23:23,941 [INFO] Época 1/30, Batch 2100/3348, Loss: 0.2533
2025-10-10 06:23:24,207 [INFO] Época 1/30, Batch 2150/3348, Loss: 0.2419
2025-10-10 06:23:24,472 [INFO] Época 1/30, Batch 2200/3348, Loss: 0.3256
2025-10-10 06:23:24,733 [INFO] Época 1/30, Batch 2250/3348, Loss: 0.2650
2025-10-10 06:23:24,992 [INFO] Época 1/30, Batch 2300/3348, Loss: 0.2061
2025-10-10 06:23:25,250 [INFO] Época 1/30, Batch 2350/3348, Loss: 0.2397
2025-10-10 06:23:25,510 [INFO] Época 1/30, Batch 2400/3348, Loss: 0.2798
2025-10-10 06:23:25,774 [INFO] Época 1/30, Batch 2450/3348, Loss: 0.2392
2025-10-10 06:23:26,040 [INFO] Época 1/30, Batch 2500/3348, Loss: 0.2689
2025-10-10 06:23:26,302 [INFO] Época 1/30, Batch 2550/3348, Loss: 0.2452
2025-10-10 06:23:26,563 [INFO] Época 1/30, Batch 2600/3348, Loss: 0.2880
2025-10-10 06:23:26,823 [INFO] Época 1/30, Batch 2650/3348, Loss: 0.3116
2025-10-10 06:23:27,083 [INFO] Época 1/30, Batch 2700/3348, Loss: 0.2542
2025-10-10 06:23:27,342 [INFO] Época 1/30, Batch 2750/3348, Loss: 0.2537
2025-10-10 06:23:27,601 [INFO] Época 1/30, Batch 2800/3348, Loss: 0.2540
2025-10-10 06:23:27,864 [INFO] Época 1/30, Batch 2850/3348, Loss: 0.3893
2025-10-10 06:23:28,127 [INFO] Época 1/30, Batch 2900/3348, Loss: 0.2633
2025-10-10 06:23:28,392 [INFO] Época 1/30, Batch 2950/3348, Loss: 0.2197
2025-10-10 06:23:28,656 [INFO] Época 1/30, Batch 3000/3348, Loss: 0.2459
2025-10-10 06:23:28,919 [INFO] Época 1/30, Batch 3050/3348, Loss: 0.2924
2025-10-10 06:23:29,182 [INFO] Época 1/30, Batch 3100/3348, Loss: 0.3235
2025-10-10 06:23:29,446 [INFO] Época 1/30, Batch 3150/3348, Loss: 0.2469
2025-10-10 06:23:29,722 [INFO] Época 1/30, Batch 3200/3348, Loss: 0.3479
2025-10-10 06:23:29,986 [INFO] Época 1/30, Batch 3250/3348, Loss: 0.3371
2025-10-10 06:23:30,251 [INFO] Época 1/30, Batch 3300/3348, Loss: 0.2229
2025-10-10 06:23:31,999 [INFO] [1/30] Train Loss: 0.3068 | Val Loss: 0.3210 | Tempo: 19.51s
2025-10-10 06:23:32,004 [INFO] Melhor modelo salvo em: /mnt/hdd/home/jdurao/ToolBox-ChemXAI/models/mlp_qm9_Pattern_att9_large.pth
2025-10-10 06:23:32,577 [INFO] Época 2/30, Batch 50/3348, Loss: 0.1982
2025-10-10 06:23:32,846 [INFO] Época 2/30, Batch 100/3348, Loss: 0.2975
2025-10-10 06:23:33,112 [INFO] Época 2/30, Batch 150/3348, Loss: 0.2174
2025-10-10 06:23:33,377 [INFO] Época 2/30, Batch 200/3348, Loss: 0.2442
2025-10-10 06:23:33,640 [INFO] Época 2/30, Batch 250/3348, Loss: 0.2334
2025-10-10 06:23:33,902 [INFO] Época 2/30, Batch 300/3348, Loss: 0.1602
2025-10-10 06:23:34,165 [INFO] Época 2/30, Batch 350/3348, Loss: 0.2146
2025-10-10 06:23:34,431 [INFO] Época 2/30, Batch 400/3348, Loss: 0.2114
2025-10-10 06:23:34,695 [INFO] Época 2/30, Batch 450/3348, Loss: 0.2308
2025-10-10 06:23:34,969 [INFO] Época 2/30, Batch 500/3348, Loss: 0.2695
2025-10-10 06:23:35,230 [INFO] Época 2/30, Batch 550/3348, Loss: 0.2640
2025-10-10 06:23:35,490 [INFO] Época 2/30, Batch 600/3348, Loss: 0.3314
2025-10-10 06:23:35,751 [INFO] Época 2/30, Batch 650/3348, Loss: 0.2268
2025-10-10 06:23:36,013 [INFO] Época 2/30, Batch 700/3348, Loss: 0.3078
2025-10-10 06:23:36,275 [INFO] Época 2/30, Batch 750/3348, Loss: 0.2371
2025-10-10 06:23:36,537 [INFO] Época 2/30, Batch 800/3348, Loss: 0.2644
2025-10-10 06:23:36,794 [INFO] Época 2/30, Batch 850/3348, Loss: 0.1973
2025-10-10 06:23:37,052 [INFO] Época 2/30, Batch 900/3348, Loss: 0.2230
2025-10-10 06:23:37,310 [INFO] Época 2/30, Batch 950/3348, Loss: 0.2270
2025-10-10 06:23:37,568 [INFO] Época 2/30, Batch 1000/3348, Loss: 0.1604
2025-10-10 06:23:37,825 [INFO] Época 2/30, Batch 1050/3348, Loss: 0.2069
2025-10-10 06:23:38,087 [INFO] Época 2/30, Batch 1100/3348, Loss: 0.1868
2025-10-10 06:23:38,349 [INFO] Época 2/30, Batch 1150/3348, Loss: 0.2239
2025-10-10 06:23:38,606 [INFO] Época 2/30, Batch 1200/3348, Loss: 0.1919
2025-10-10 06:23:38,867 [INFO] Época 2/30, Batch 1250/3348, Loss: 0.2448
2025-10-10 06:23:39,127 [INFO] Época 2/30, Batch 1300/3348, Loss: 0.2331
2025-10-10 06:23:39,386 [INFO] Época 2/30, Batch 1350/3348, Loss: 0.2680
2025-10-10 06:23:39,646 [INFO] Época 2/30, Batch 1400/3348, Loss: 0.1961
2025-10-10 06:23:39,909 [INFO] Época 2/30, Batch 1450/3348, Loss: 0.1878
2025-10-10 06:23:40,172 [INFO] Época 2/30, Batch 1500/3348, Loss: 0.3215
2025-10-10 06:23:40,434 [INFO] Época 2/30, Batch 1550/3348, Loss: 0.2810
2025-10-10 06:23:40,696 [INFO] Época 2/30, Batch 1600/3348, Loss: 0.2531
2025-10-10 06:23:40,958 [INFO] Época 2/30, Batch 1650/3348, Loss: 0.2381
2025-10-10 06:23:41,220 [INFO] Época 2/30, Batch 1700/3348, Loss: 0.2189
2025-10-10 06:23:41,481 [INFO] Época 2/30, Batch 1750/3348, Loss: 0.2607
2025-10-10 06:23:41,743 [INFO] Época 2/30, Batch 1800/3348, Loss: 0.1898
2025-10-10 06:23:42,005 [INFO] Época 2/30, Batch 1850/3348, Loss: 0.1608
2025-10-10 06:23:42,266 [INFO] Época 2/30, Batch 1900/3348, Loss: 0.2672
2025-10-10 06:23:42,526 [INFO] Época 2/30, Batch 1950/3348, Loss: 0.1481
2025-10-10 06:23:42,787 [INFO] Época 2/30, Batch 2000/3348, Loss: 0.1839
2025-10-10 06:23:43,045 [INFO] Época 2/30, Batch 2050/3348, Loss: 0.1762
2025-10-10 06:23:43,296 [INFO] Época 2/30, Batch 2100/3348, Loss: 0.3087
2025-10-10 06:23:43,556 [INFO] Época 2/30, Batch 2150/3348, Loss: 0.2715
2025-10-10 06:23:43,817 [INFO] Época 2/30, Batch 2200/3348, Loss: 0.2103
2025-10-10 06:23:44,072 [INFO] Época 2/30, Batch 2250/3348, Loss: 0.2076
2025-10-10 06:23:44,332 [INFO] Época 2/30, Batch 2300/3348, Loss: 0.2443
2025-10-10 06:23:44,594 [INFO] Época 2/30, Batch 2350/3348, Loss: 0.3853
2025-10-10 06:23:44,855 [INFO] Época 2/30, Batch 2400/3348, Loss: 0.2722
2025-10-10 06:23:45,120 [INFO] Época 2/30, Batch 2450/3348, Loss: 0.2217
2025-10-10 06:23:45,383 [INFO] Época 2/30, Batch 2500/3348, Loss: 0.2599
2025-10-10 06:23:45,645 [INFO] Época 2/30, Batch 2550/3348, Loss: 0.2898
2025-10-10 06:23:45,906 [INFO] Época 2/30, Batch 2600/3348, Loss: 0.1177
2025-10-10 06:23:46,166 [INFO] Época 2/30, Batch 2650/3348, Loss: 0.2177
2025-10-10 06:23:46,429 [INFO] Época 2/30, Batch 2700/3348, Loss: 0.2286
2025-10-10 06:23:46,690 [INFO] Época 2/30, Batch 2750/3348, Loss: 0.2299
2025-10-10 06:23:46,947 [INFO] Época 2/30, Batch 2800/3348, Loss: 0.2079
2025-10-10 06:23:47,206 [INFO] Época 2/30, Batch 2850/3348, Loss: 0.2043
2025-10-10 06:23:47,467 [INFO] Época 2/30, Batch 2900/3348, Loss: 0.2015
2025-10-10 06:23:47,731 [INFO] Época 2/30, Batch 2950/3348, Loss: 0.1512
2025-10-10 06:23:48,002 [INFO] Época 2/30, Batch 3000/3348, Loss: 0.2434
2025-10-10 06:23:48,271 [INFO] Época 2/30, Batch 3050/3348, Loss: 0.1746
2025-10-10 06:23:48,542 [INFO] Época 2/30, Batch 3100/3348, Loss: 0.2922
2025-10-10 06:23:48,803 [INFO] Época 2/30, Batch 3150/3348, Loss: 0.1273
2025-10-10 06:23:49,064 [INFO] Época 2/30, Batch 3200/3348, Loss: 0.1505
2025-10-10 06:23:49,328 [INFO] Época 2/30, Batch 3250/3348, Loss: 0.2226
2025-10-10 06:23:49,600 [INFO] Época 2/30, Batch 3300/3348, Loss: 0.2762
2025-10-10 06:23:51,482 [INFO] [2/30] Train Loss: 0.2413 | Val Loss: 0.3087 | Tempo: 19.48s
2025-10-10 06:23:51,487 [INFO] Melhor modelo salvo em: /mnt/hdd/home/jdurao/ToolBox-ChemXAI/models/mlp_qm9_Pattern_att9_large.pth
2025-10-10 06:23:52,064 [INFO] Época 3/30, Batch 50/3348, Loss: 0.1992
2025-10-10 06:23:52,333 [INFO] Época 3/30, Batch 100/3348, Loss: 0.1807
2025-10-10 06:23:52,602 [INFO] Época 3/30, Batch 150/3348, Loss: 0.2770
2025-10-10 06:23:52,871 [INFO] Época 3/30, Batch 200/3348, Loss: 0.1416
2025-10-10 06:23:53,138 [INFO] Época 3/30, Batch 250/3348, Loss: 0.2582
2025-10-10 06:23:53,404 [INFO] Época 3/30, Batch 300/3348, Loss: 0.1725
2025-10-10 06:23:53,666 [INFO] Época 3/30, Batch 350/3348, Loss: 0.1494
2025-10-10 06:23:53,928 [INFO] Época 3/30, Batch 400/3348, Loss: 0.1925
2025-10-10 06:23:54,191 [INFO] Época 3/30, Batch 450/3348, Loss: 0.1521
2025-10-10 06:23:54,453 [INFO] Época 3/30, Batch 500/3348, Loss: 0.2243
2025-10-10 06:23:54,718 [INFO] Época 3/30, Batch 550/3348, Loss: 0.2571
2025-10-10 06:23:54,983 [INFO] Época 3/30, Batch 600/3348, Loss: 0.2540
2025-10-10 06:23:55,249 [INFO] Época 3/30, Batch 650/3348, Loss: 0.2710
2025-10-10 06:23:55,513 [INFO] Época 3/30, Batch 700/3348, Loss: 0.1711
2025-10-10 06:23:55,777 [INFO] Época 3/30, Batch 750/3348, Loss: 0.1928
2025-10-10 06:23:56,040 [INFO] Época 3/30, Batch 800/3348, Loss: 0.1849
2025-10-10 06:23:56,303 [INFO] Época 3/30, Batch 850/3348, Loss: 0.1648
2025-10-10 06:23:56,566 [INFO] Época 3/30, Batch 900/3348, Loss: 0.1353
2025-10-10 06:23:56,841 [INFO] Época 3/30, Batch 950/3348, Loss: 0.2600
2025-10-10 06:23:57,105 [INFO] Época 3/30, Batch 1000/3348, Loss: 0.2216
2025-10-10 06:23:57,367 [INFO] Época 3/30, Batch 1050/3348, Loss: 0.2319
2025-10-10 06:23:57,638 [INFO] Época 3/30, Batch 1100/3348, Loss: 0.2646
2025-10-10 06:23:57,895 [INFO] Época 3/30, Batch 1150/3348, Loss: 0.2585
2025-10-10 06:23:58,152 [INFO] Época 3/30, Batch 1200/3348, Loss: 0.1529
2025-10-10 06:23:58,412 [INFO] Época 3/30, Batch 1250/3348, Loss: 0.2044
2025-10-10 06:23:58,674 [INFO] Época 3/30, Batch 1300/3348, Loss: 0.2000
2025-10-10 06:23:58,933 [INFO] Época 3/30, Batch 1350/3348, Loss: 0.2133
2025-10-10 06:23:59,194 [INFO] Época 3/30, Batch 1400/3348, Loss: 0.2293
2025-10-10 06:23:59,459 [INFO] Época 3/30, Batch 1450/3348, Loss: 0.2203
2025-10-10 06:23:59,723 [INFO] Época 3/30, Batch 1500/3348, Loss: 0.2862
2025-10-10 06:23:59,987 [INFO] Época 3/30, Batch 1550/3348, Loss: 0.2240
2025-10-10 06:24:00,253 [INFO] Época 3/30, Batch 1600/3348, Loss: 0.1728
2025-10-10 06:24:00,518 [INFO] Época 3/30, Batch 1650/3348, Loss: 0.2070
2025-10-10 06:24:00,783 [INFO] Época 3/30, Batch 1700/3348, Loss: 0.2237
2025-10-10 06:24:01,048 [INFO] Época 3/30, Batch 1750/3348, Loss: 0.1571
2025-10-10 06:24:01,313 [INFO] Época 3/30, Batch 1800/3348, Loss: 0.2613
2025-10-10 06:24:01,577 [INFO] Época 3/30, Batch 1850/3348, Loss: 0.1405
2025-10-10 06:24:01,856 [INFO] Época 3/30, Batch 1900/3348, Loss: 0.2028
2025-10-10 06:24:02,123 [INFO] Época 3/30, Batch 1950/3348, Loss: 0.1429
2025-10-10 06:24:02,391 [INFO] Época 3/30, Batch 2000/3348, Loss: 0.2593
2025-10-10 06:24:02,656 [INFO] Época 3/30, Batch 2050/3348, Loss: 0.1983
2025-10-10 06:24:02,921 [INFO] Época 3/30, Batch 2100/3348, Loss: 0.2328
2025-10-10 06:24:03,186 [INFO] Época 3/30, Batch 2150/3348, Loss: 0.2933
2025-10-10 06:24:03,447 [INFO] Época 3/30, Batch 2200/3348, Loss: 0.3281
2025-10-10 06:24:03,710 [INFO] Época 3/30, Batch 2250/3348, Loss: 0.1526
2025-10-10 06:24:03,972 [INFO] Época 3/30, Batch 2300/3348, Loss: 0.1852
2025-10-10 06:24:04,235 [INFO] Época 3/30, Batch 2350/3348, Loss: 0.2169
2025-10-10 06:24:04,497 [INFO] Época 3/30, Batch 2400/3348, Loss: 0.2741
2025-10-10 06:24:04,757 [INFO] Época 3/30, Batch 2450/3348, Loss: 0.1781
2025-10-10 06:24:05,020 [INFO] Época 3/30, Batch 2500/3348, Loss: 0.1743
2025-10-10 06:24:05,282 [INFO] Época 3/30, Batch 2550/3348, Loss: 0.2339
2025-10-10 06:24:05,544 [INFO] Época 3/30, Batch 2600/3348, Loss: 0.2210
2025-10-10 06:24:05,805 [INFO] Época 3/30, Batch 2650/3348, Loss: 0.2564
2025-10-10 06:24:06,065 [INFO] Época 3/30, Batch 2700/3348, Loss: 0.2760
2025-10-10 06:24:06,329 [INFO] Época 3/30, Batch 2750/3348, Loss: 0.1540
2025-10-10 06:24:06,591 [INFO] Época 3/30, Batch 2800/3348, Loss: 0.2033
2025-10-10 06:24:06,866 [INFO] Época 3/30, Batch 2850/3348, Loss: 0.1025
2025-10-10 06:24:07,131 [INFO] Época 3/30, Batch 2900/3348, Loss: 0.2452
2025-10-10 06:24:07,395 [INFO] Época 3/30, Batch 2950/3348, Loss: 0.1673
2025-10-10 06:24:07,662 [INFO] Época 3/30, Batch 3000/3348, Loss: 0.2539
2025-10-10 06:24:07,930 [INFO] Época 3/30, Batch 3050/3348, Loss: 0.2401
2025-10-10 06:24:08,194 [INFO] Época 3/30, Batch 3100/3348, Loss: 0.2929
2025-10-10 06:24:08,459 [INFO] Época 3/30, Batch 3150/3348, Loss: 0.1875
2025-10-10 06:24:08,723 [INFO] Época 3/30, Batch 3200/3348, Loss: 0.1951
2025-10-10 06:24:08,985 [INFO] Época 3/30, Batch 3250/3348, Loss: 0.1325
2025-10-10 06:24:09,245 [INFO] Época 3/30, Batch 3300/3348, Loss: 0.2573
2025-10-10 06:24:11,153 [INFO] [3/30] Train Loss: 0.2177 | Val Loss: 0.3669 | Tempo: 19.67s
2025-10-10 06:24:11,743 [INFO] Época 4/30, Batch 50/3348, Loss: 0.1858
2025-10-10 06:24:12,014 [INFO] Época 4/30, Batch 100/3348, Loss: 0.1707
2025-10-10 06:24:12,280 [INFO] Época 4/30, Batch 150/3348, Loss: 0.1971
2025-10-10 06:24:12,543 [INFO] Época 4/30, Batch 200/3348, Loss: 0.1142
2025-10-10 06:24:12,807 [INFO] Época 4/30, Batch 250/3348, Loss: 0.3120
2025-10-10 06:24:13,070 [INFO] Época 4/30, Batch 300/3348, Loss: 0.1620
2025-10-10 06:24:13,332 [INFO] Época 4/30, Batch 350/3348, Loss: 0.2233
2025-10-10 06:24:13,596 [INFO] Época 4/30, Batch 400/3348, Loss: 0.2215
2025-10-10 06:24:13,859 [INFO] Época 4/30, Batch 450/3348, Loss: 0.1401
2025-10-10 06:24:14,122 [INFO] Época 4/30, Batch 500/3348, Loss: 0.2600
2025-10-10 06:24:14,385 [INFO] Época 4/30, Batch 550/3348, Loss: 0.2285
2025-10-10 06:24:14,649 [INFO] Época 4/30, Batch 600/3348, Loss: 0.2106
2025-10-10 06:24:14,911 [INFO] Época 4/30, Batch 650/3348, Loss: 0.3089
2025-10-10 06:24:15,175 [INFO] Época 4/30, Batch 700/3348, Loss: 0.1969
2025-10-10 06:24:15,428 [INFO] Época 4/30, Batch 750/3348, Loss: 0.1309
2025-10-10 06:24:15,679 [INFO] Época 4/30, Batch 800/3348, Loss: 0.2397
2025-10-10 06:24:15,930 [INFO] Época 4/30, Batch 850/3348, Loss: 0.1899
2025-10-10 06:24:16,183 [INFO] Época 4/30, Batch 900/3348, Loss: 0.2191
2025-10-10 06:24:16,434 [INFO] Época 4/30, Batch 950/3348, Loss: 0.3242
2025-10-10 06:24:16,686 [INFO] Época 4/30, Batch 1000/3348, Loss: 0.2037
2025-10-10 06:24:16,937 [INFO] Época 4/30, Batch 1050/3348, Loss: 0.2616
2025-10-10 06:24:17,197 [INFO] Época 4/30, Batch 1100/3348, Loss: 0.2469
2025-10-10 06:24:17,457 [INFO] Época 4/30, Batch 1150/3348, Loss: 0.1666
2025-10-10 06:24:17,720 [INFO] Época 4/30, Batch 1200/3348, Loss: 0.1671
2025-10-10 06:24:17,982 [INFO] Época 4/30, Batch 1250/3348, Loss: 0.2227
2025-10-10 06:24:18,243 [INFO] Época 4/30, Batch 1300/3348, Loss: 0.2989
2025-10-10 06:24:18,505 [INFO] Época 4/30, Batch 1350/3348, Loss: 0.2265
2025-10-10 06:24:18,767 [INFO] Época 4/30, Batch 1400/3348, Loss: 0.2241
2025-10-10 06:24:19,029 [INFO] Época 4/30, Batch 1450/3348, Loss: 0.2659
2025-10-10 06:24:19,293 [INFO] Época 4/30, Batch 1500/3348, Loss: 0.1407
2025-10-10 06:24:19,556 [INFO] Época 4/30, Batch 1550/3348, Loss: 0.1597
2025-10-10 06:24:19,819 [INFO] Época 4/30, Batch 1600/3348, Loss: 0.1192
2025-10-10 06:24:20,082 [INFO] Época 4/30, Batch 1650/3348, Loss: 0.1891
2025-10-10 06:24:20,342 [INFO] Época 4/30, Batch 1700/3348, Loss: 0.1309
2025-10-10 06:24:20,604 [INFO] Época 4/30, Batch 1750/3348, Loss: 0.1430
2025-10-10 06:24:20,866 [INFO] Época 4/30, Batch 1800/3348, Loss: 0.0943
2025-10-10 06:24:21,129 [INFO] Época 4/30, Batch 1850/3348, Loss: 0.1652
2025-10-10 06:24:21,388 [INFO] Época 4/30, Batch 1900/3348, Loss: 0.1894
2025-10-10 06:24:21,650 [INFO] Época 4/30, Batch 1950/3348, Loss: 0.1953
2025-10-10 06:24:21,914 [INFO] Época 4/30, Batch 2000/3348, Loss: 0.1832
2025-10-10 06:24:22,176 [INFO] Época 4/30, Batch 2050/3348, Loss: 0.1665
2025-10-10 06:24:22,448 [INFO] Época 4/30, Batch 2100/3348, Loss: 0.3145
2025-10-10 06:24:22,709 [INFO] Época 4/30, Batch 2150/3348, Loss: 0.2939
2025-10-10 06:24:22,972 [INFO] Época 4/30, Batch 2200/3348, Loss: 0.2203
2025-10-10 06:24:23,233 [INFO] Época 4/30, Batch 2250/3348, Loss: 0.2205
2025-10-10 06:24:23,497 [INFO] Época 4/30, Batch 2300/3348, Loss: 0.1776
2025-10-10 06:24:23,760 [INFO] Época 4/30, Batch 2350/3348, Loss: 0.1648
2025-10-10 06:24:24,020 [INFO] Época 4/30, Batch 2400/3348, Loss: 0.2683
2025-10-10 06:24:24,282 [INFO] Época 4/30, Batch 2450/3348, Loss: 0.1838
2025-10-10 06:24:24,547 [INFO] Época 4/30, Batch 2500/3348, Loss: 0.1684
2025-10-10 06:24:24,809 [INFO] Época 4/30, Batch 2550/3348, Loss: 0.2167
2025-10-10 06:24:25,069 [INFO] Época 4/30, Batch 2600/3348, Loss: 0.1955
2025-10-10 06:24:25,329 [INFO] Época 4/30, Batch 2650/3348, Loss: 0.2137
2025-10-10 06:24:25,591 [INFO] Época 4/30, Batch 2700/3348, Loss: 0.2025
2025-10-10 06:24:25,852 [INFO] Época 4/30, Batch 2750/3348, Loss: 0.1576
2025-10-10 06:24:26,113 [INFO] Época 4/30, Batch 2800/3348, Loss: 0.2091
2025-10-10 06:24:26,373 [INFO] Época 4/30, Batch 2850/3348, Loss: 0.1530
2025-10-10 06:24:26,635 [INFO] Época 4/30, Batch 2900/3348, Loss: 0.1813
2025-10-10 06:24:26,895 [INFO] Época 4/30, Batch 2950/3348, Loss: 0.3120
2025-10-10 06:24:27,158 [INFO] Época 4/30, Batch 3000/3348, Loss: 0.3390
2025-10-10 06:24:27,422 [INFO] Época 4/30, Batch 3050/3348, Loss: 0.1767
2025-10-10 06:24:27,687 [INFO] Época 4/30, Batch 3100/3348, Loss: 0.1785
2025-10-10 06:24:27,949 [INFO] Época 4/30, Batch 3150/3348, Loss: 0.2321
2025-10-10 06:24:28,211 [INFO] Época 4/30, Batch 3200/3348, Loss: 0.2470
2025-10-10 06:24:28,472 [INFO] Época 4/30, Batch 3250/3348, Loss: 0.1975
2025-10-10 06:24:28,734 [INFO] Época 4/30, Batch 3300/3348, Loss: 0.1535
2025-10-10 06:24:30,620 [INFO] [4/30] Train Loss: 0.2018 | Val Loss: 0.3101 | Tempo: 19.47s
2025-10-10 06:24:31,195 [INFO] Época 5/30, Batch 50/3348, Loss: 0.2724
2025-10-10 06:24:31,461 [INFO] Época 5/30, Batch 100/3348, Loss: 0.2804
2025-10-10 06:24:31,726 [INFO] Época 5/30, Batch 150/3348, Loss: 0.1259
2025-10-10 06:24:31,989 [INFO] Época 5/30, Batch 200/3348, Loss: 0.2430
2025-10-10 06:24:32,253 [INFO] Época 5/30, Batch 250/3348, Loss: 0.3169
2025-10-10 06:24:32,514 [INFO] Época 5/30, Batch 300/3348, Loss: 0.1438
2025-10-10 06:24:32,789 [INFO] Época 5/30, Batch 350/3348, Loss: 0.1749
2025-10-10 06:24:33,050 [INFO] Época 5/30, Batch 400/3348, Loss: 0.1858
2025-10-10 06:24:33,311 [INFO] Época 5/30, Batch 450/3348, Loss: 0.1630
2025-10-10 06:24:33,575 [INFO] Época 5/30, Batch 500/3348, Loss: 0.2284
2025-10-10 06:24:33,836 [INFO] Época 5/30, Batch 550/3348, Loss: 0.1026
2025-10-10 06:24:34,099 [INFO] Época 5/30, Batch 600/3348, Loss: 0.2028
2025-10-10 06:24:34,360 [INFO] Época 5/30, Batch 650/3348, Loss: 0.1472
2025-10-10 06:24:34,622 [INFO] Época 5/30, Batch 700/3348, Loss: 0.1636
2025-10-10 06:24:34,883 [INFO] Época 5/30, Batch 750/3348, Loss: 0.2203
2025-10-10 06:24:35,143 [INFO] Época 5/30, Batch 800/3348, Loss: 0.2186
2025-10-10 06:24:35,403 [INFO] Época 5/30, Batch 850/3348, Loss: 0.1457
2025-10-10 06:24:35,662 [INFO] Época 5/30, Batch 900/3348, Loss: 0.1372
2025-10-10 06:24:35,921 [INFO] Época 5/30, Batch 950/3348, Loss: 0.1833
2025-10-10 06:24:36,181 [INFO] Época 5/30, Batch 1000/3348, Loss: 0.1579
2025-10-10 06:24:36,443 [INFO] Época 5/30, Batch 1050/3348, Loss: 0.1333
2025-10-10 06:24:36,703 [INFO] Época 5/30, Batch 1100/3348, Loss: 0.1395
2025-10-10 06:24:36,963 [INFO] Época 5/30, Batch 1150/3348, Loss: 0.3024
2025-10-10 06:24:37,221 [INFO] Época 5/30, Batch 1200/3348, Loss: 0.1973
2025-10-10 06:24:37,481 [INFO] Época 5/30, Batch 1250/3348, Loss: 0.2841
2025-10-10 06:24:37,743 [INFO] Época 5/30, Batch 1300/3348, Loss: 0.2058
2025-10-10 06:24:38,002 [INFO] Época 5/30, Batch 1350/3348, Loss: 0.1656
2025-10-10 06:24:38,263 [INFO] Época 5/30, Batch 1400/3348, Loss: 0.2060
2025-10-10 06:24:38,523 [INFO] Época 5/30, Batch 1450/3348, Loss: 0.1991
2025-10-10 06:24:38,784 [INFO] Época 5/30, Batch 1500/3348, Loss: 0.0964
2025-10-10 06:24:39,046 [INFO] Época 5/30, Batch 1550/3348, Loss: 0.1961
2025-10-10 06:24:39,306 [INFO] Época 5/30, Batch 1600/3348, Loss: 0.2708
2025-10-10 06:24:39,566 [INFO] Época 5/30, Batch 1650/3348, Loss: 0.2044
2025-10-10 06:24:39,827 [INFO] Época 5/30, Batch 1700/3348, Loss: 0.1700
2025-10-10 06:24:40,087 [INFO] Época 5/30, Batch 1750/3348, Loss: 0.1771
2025-10-10 06:24:40,349 [INFO] Época 5/30, Batch 1800/3348, Loss: 0.1437
2025-10-10 06:24:40,609 [INFO] Época 5/30, Batch 1850/3348, Loss: 0.2537
2025-10-10 06:24:40,869 [INFO] Época 5/30, Batch 1900/3348, Loss: 0.2447
2025-10-10 06:24:41,131 [INFO] Época 5/30, Batch 1950/3348, Loss: 0.0766
2025-10-10 06:24:41,391 [INFO] Época 5/30, Batch 2000/3348, Loss: 0.1812
2025-10-10 06:24:41,654 [INFO] Época 5/30, Batch 2050/3348, Loss: 0.1251
2025-10-10 06:24:41,914 [INFO] Época 5/30, Batch 2100/3348, Loss: 0.2639
2025-10-10 06:24:42,175 [INFO] Época 5/30, Batch 2150/3348, Loss: 0.2435
2025-10-10 06:24:42,435 [INFO] Época 5/30, Batch 2200/3348, Loss: 0.2975
2025-10-10 06:24:42,695 [INFO] Época 5/30, Batch 2250/3348, Loss: 0.1412
2025-10-10 06:24:42,956 [INFO] Época 5/30, Batch 2300/3348, Loss: 0.2455
2025-10-10 06:24:43,217 [INFO] Época 5/30, Batch 2350/3348, Loss: 0.2003
2025-10-10 06:24:43,478 [INFO] Época 5/30, Batch 2400/3348, Loss: 0.1449
2025-10-10 06:24:43,740 [INFO] Época 5/30, Batch 2450/3348, Loss: 0.1748
2025-10-10 06:24:44,001 [INFO] Época 5/30, Batch 2500/3348, Loss: 0.1730
2025-10-10 06:24:44,263 [INFO] Época 5/30, Batch 2550/3348, Loss: 0.2218
2025-10-10 06:24:44,524 [INFO] Época 5/30, Batch 2600/3348, Loss: 0.2245
2025-10-10 06:24:44,784 [INFO] Época 5/30, Batch 2650/3348, Loss: 0.1734
2025-10-10 06:24:45,043 [INFO] Época 5/30, Batch 2700/3348, Loss: 0.2108
2025-10-10 06:24:45,305 [INFO] Época 5/30, Batch 2750/3348, Loss: 0.2117
2025-10-10 06:24:45,566 [INFO] Época 5/30, Batch 2800/3348, Loss: 0.1670
2025-10-10 06:24:45,826 [INFO] Época 5/30, Batch 2850/3348, Loss: 0.2214
2025-10-10 06:24:46,085 [INFO] Época 5/30, Batch 2900/3348, Loss: 0.2808
2025-10-10 06:24:46,347 [INFO] Época 5/30, Batch 2950/3348, Loss: 0.2200
2025-10-10 06:24:46,607 [INFO] Época 5/30, Batch 3000/3348, Loss: 0.1689
2025-10-10 06:24:46,868 [INFO] Época 5/30, Batch 3050/3348, Loss: 0.1100
2025-10-10 06:24:47,129 [INFO] Época 5/30, Batch 3100/3348, Loss: 0.1634
2025-10-10 06:24:47,391 [INFO] Época 5/30, Batch 3150/3348, Loss: 0.1577
2025-10-10 06:24:47,651 [INFO] Época 5/30, Batch 3200/3348, Loss: 0.1363
2025-10-10 06:24:47,911 [INFO] Época 5/30, Batch 3250/3348, Loss: 0.2642
2025-10-10 06:24:48,171 [INFO] Época 5/30, Batch 3300/3348, Loss: 0.2675
2025-10-10 06:24:50,091 [INFO] [5/30] Train Loss: 0.1935 | Val Loss: 0.3034 | Tempo: 19.47s
2025-10-10 06:24:50,097 [INFO] Melhor modelo salvo em: /mnt/hdd/home/jdurao/ToolBox-ChemXAI/models/mlp_qm9_Pattern_att9_large.pth
2025-10-10 06:24:50,675 [INFO] Época 6/30, Batch 50/3348, Loss: 0.1631
2025-10-10 06:24:50,944 [INFO] Época 6/30, Batch 100/3348, Loss: 0.2129
2025-10-10 06:24:51,211 [INFO] Época 6/30, Batch 150/3348, Loss: 0.2489
2025-10-10 06:24:51,478 [INFO] Época 6/30, Batch 200/3348, Loss: 0.1649
2025-10-10 06:24:51,744 [INFO] Época 6/30, Batch 250/3348, Loss: 0.2413
2025-10-10 06:24:52,010 [INFO] Época 6/30, Batch 300/3348, Loss: 0.1382
2025-10-10 06:24:52,280 [INFO] Época 6/30, Batch 350/3348, Loss: 0.2080
2025-10-10 06:24:52,542 [INFO] Época 6/30, Batch 400/3348, Loss: 0.1616
2025-10-10 06:24:52,806 [INFO] Época 6/30, Batch 450/3348, Loss: 0.1713
2025-10-10 06:24:53,072 [INFO] Época 6/30, Batch 500/3348, Loss: 0.1610
2025-10-10 06:24:53,340 [INFO] Época 6/30, Batch 550/3348, Loss: 0.1565
2025-10-10 06:24:53,614 [INFO] Época 6/30, Batch 600/3348, Loss: 0.2440
2025-10-10 06:24:53,878 [INFO] Época 6/30, Batch 650/3348, Loss: 0.1814
2025-10-10 06:24:54,140 [INFO] Época 6/30, Batch 700/3348, Loss: 0.2404
2025-10-10 06:24:54,404 [INFO] Época 6/30, Batch 750/3348, Loss: 0.2542
2025-10-10 06:24:54,668 [INFO] Época 6/30, Batch 800/3348, Loss: 0.1785
2025-10-10 06:24:54,929 [INFO] Época 6/30, Batch 850/3348, Loss: 0.2465
2025-10-10 06:24:55,190 [INFO] Época 6/30, Batch 900/3348, Loss: 0.1365
2025-10-10 06:24:55,450 [INFO] Época 6/30, Batch 950/3348, Loss: 0.2585
2025-10-10 06:24:55,710 [INFO] Época 6/30, Batch 1000/3348, Loss: 0.2565
2025-10-10 06:24:55,970 [INFO] Época 6/30, Batch 1050/3348, Loss: 0.1577
2025-10-10 06:24:56,228 [INFO] Época 6/30, Batch 1100/3348, Loss: 0.2570
2025-10-10 06:24:56,485 [INFO] Época 6/30, Batch 1150/3348, Loss: 0.1646
2025-10-10 06:24:56,746 [INFO] Época 6/30, Batch 1200/3348, Loss: 0.2435
2025-10-10 06:24:57,005 [INFO] Época 6/30, Batch 1250/3348, Loss: 0.2113
2025-10-10 06:24:57,265 [INFO] Época 6/30, Batch 1300/3348, Loss: 0.1989
2025-10-10 06:24:57,526 [INFO] Época 6/30, Batch 1350/3348, Loss: 0.2311
2025-10-10 06:24:57,789 [INFO] Época 6/30, Batch 1400/3348, Loss: 0.2567
2025-10-10 06:24:58,050 [INFO] Época 6/30, Batch 1450/3348, Loss: 0.3004
2025-10-10 06:24:58,313 [INFO] Época 6/30, Batch 1500/3348, Loss: 0.1598
2025-10-10 06:24:58,575 [INFO] Época 6/30, Batch 1550/3348, Loss: 0.0914
2025-10-10 06:24:58,840 [INFO] Época 6/30, Batch 1600/3348, Loss: 0.1641
2025-10-10 06:24:59,100 [INFO] Época 6/30, Batch 1650/3348, Loss: 0.1383
2025-10-10 06:24:59,361 [INFO] Época 6/30, Batch 1700/3348, Loss: 0.1414
2025-10-10 06:24:59,623 [INFO] Época 6/30, Batch 1750/3348, Loss: 0.1690
2025-10-10 06:24:59,887 [INFO] Época 6/30, Batch 1800/3348, Loss: 0.2126
2025-10-10 06:25:00,155 [INFO] Época 6/30, Batch 1850/3348, Loss: 0.2174
2025-10-10 06:25:00,422 [INFO] Época 6/30, Batch 1900/3348, Loss: 0.1091
2025-10-10 06:25:00,688 [INFO] Época 6/30, Batch 1950/3348, Loss: 0.2127
2025-10-10 06:25:00,954 [INFO] Época 6/30, Batch 2000/3348, Loss: 0.1528
2025-10-10 06:25:01,221 [INFO] Época 6/30, Batch 2050/3348, Loss: 0.2128
2025-10-10 06:25:01,490 [INFO] Época 6/30, Batch 2100/3348, Loss: 0.1551
2025-10-10 06:25:01,757 [INFO] Época 6/30, Batch 2150/3348, Loss: 0.1674
2025-10-10 06:25:02,024 [INFO] Época 6/30, Batch 2200/3348, Loss: 0.1313
2025-10-10 06:25:02,291 [INFO] Época 6/30, Batch 2250/3348, Loss: 0.1898
2025-10-10 06:25:02,551 [INFO] Época 6/30, Batch 2300/3348, Loss: 0.1519
2025-10-10 06:25:02,812 [INFO] Época 6/30, Batch 2350/3348, Loss: 0.2149
2025-10-10 06:25:03,076 [INFO] Época 6/30, Batch 2400/3348, Loss: 0.1843
2025-10-10 06:25:03,344 [INFO] Época 6/30, Batch 2450/3348, Loss: 0.1455
2025-10-10 06:25:03,611 [INFO] Época 6/30, Batch 2500/3348, Loss: 0.1081
2025-10-10 06:25:03,884 [INFO] Época 6/30, Batch 2550/3348, Loss: 0.1640
2025-10-10 06:25:04,144 [INFO] Época 6/30, Batch 2600/3348, Loss: 0.2394
2025-10-10 06:25:04,404 [INFO] Época 6/30, Batch 2650/3348, Loss: 0.2330
2025-10-10 06:25:04,662 [INFO] Época 6/30, Batch 2700/3348, Loss: 0.1232
2025-10-10 06:25:04,922 [INFO] Época 6/30, Batch 2750/3348, Loss: 0.1837
2025-10-10 06:25:05,182 [INFO] Época 6/30, Batch 2800/3348, Loss: 0.1446
2025-10-10 06:25:05,444 [INFO] Época 6/30, Batch 2850/3348, Loss: 0.1079
2025-10-10 06:25:05,711 [INFO] Época 6/30, Batch 2900/3348, Loss: 0.1583
2025-10-10 06:25:05,979 [INFO] Época 6/30, Batch 2950/3348, Loss: 0.2153
2025-10-10 06:25:06,248 [INFO] Época 6/30, Batch 3000/3348, Loss: 0.2303
2025-10-10 06:25:06,517 [INFO] Época 6/30, Batch 3050/3348, Loss: 0.1308
2025-10-10 06:25:06,785 [INFO] Época 6/30, Batch 3100/3348, Loss: 0.2447
2025-10-10 06:25:07,048 [INFO] Época 6/30, Batch 3150/3348, Loss: 0.2541
2025-10-10 06:25:07,310 [INFO] Época 6/30, Batch 3200/3348, Loss: 0.2343
2025-10-10 06:25:07,572 [INFO] Época 6/30, Batch 3250/3348, Loss: 0.3338
2025-10-10 06:25:07,839 [INFO] Época 6/30, Batch 3300/3348, Loss: 0.1488
2025-10-10 06:25:09,641 [INFO] [6/30] Train Loss: 0.1860 | Val Loss: 0.2965 | Tempo: 19.54s
2025-10-10 06:25:09,656 [INFO] Melhor modelo salvo em: /mnt/hdd/home/jdurao/ToolBox-ChemXAI/models/mlp_qm9_Pattern_att9_large.pth
2025-10-10 06:25:10,240 [INFO] Época 7/30, Batch 50/3348, Loss: 0.1675
2025-10-10 06:25:10,515 [INFO] Época 7/30, Batch 100/3348, Loss: 0.1833
2025-10-10 06:25:10,792 [INFO] Época 7/30, Batch 150/3348, Loss: 0.1657
2025-10-10 06:25:11,066 [INFO] Época 7/30, Batch 200/3348, Loss: 0.1413
2025-10-10 06:25:11,337 [INFO] Época 7/30, Batch 250/3348, Loss: 0.1802
2025-10-10 06:25:11,609 [INFO] Época 7/30, Batch 300/3348, Loss: 0.1344
2025-10-10 06:25:11,877 [INFO] Época 7/30, Batch 350/3348, Loss: 0.1440
2025-10-10 06:25:12,143 [INFO] Época 7/30, Batch 400/3348, Loss: 0.1251
2025-10-10 06:25:12,407 [INFO] Época 7/30, Batch 450/3348, Loss: 0.1993
2025-10-10 06:25:12,674 [INFO] Época 7/30, Batch 500/3348, Loss: 0.2982
2025-10-10 06:25:12,940 [INFO] Época 7/30, Batch 550/3348, Loss: 0.2091
2025-10-10 06:25:13,206 [INFO] Época 7/30, Batch 600/3348, Loss: 0.2549
2025-10-10 06:25:13,471 [INFO] Época 7/30, Batch 650/3348, Loss: 0.1464
2025-10-10 06:25:13,734 [INFO] Época 7/30, Batch 700/3348, Loss: 0.1140
2025-10-10 06:25:13,995 [INFO] Época 7/30, Batch 750/3348, Loss: 0.1933
2025-10-10 06:25:14,257 [INFO] Época 7/30, Batch 800/3348, Loss: 0.1460
2025-10-10 06:25:14,523 [INFO] Época 7/30, Batch 850/3348, Loss: 0.1169
2025-10-10 06:25:14,785 [INFO] Época 7/30, Batch 900/3348, Loss: 0.1297
2025-10-10 06:25:15,058 [INFO] Época 7/30, Batch 950/3348, Loss: 0.1521
2025-10-10 06:25:15,320 [INFO] Época 7/30, Batch 1000/3348, Loss: 0.1728
2025-10-10 06:25:15,583 [INFO] Época 7/30, Batch 1050/3348, Loss: 0.1686
2025-10-10 06:25:15,848 [INFO] Época 7/30, Batch 1100/3348, Loss: 0.1979
2025-10-10 06:25:16,109 [INFO] Época 7/30, Batch 1150/3348, Loss: 0.2030
2025-10-10 06:25:16,369 [INFO] Época 7/30, Batch 1200/3348, Loss: 0.1586
2025-10-10 06:25:16,629 [INFO] Época 7/30, Batch 1250/3348, Loss: 0.2256
2025-10-10 06:25:16,892 [INFO] Época 7/30, Batch 1300/3348, Loss: 0.2473
2025-10-10 06:25:17,162 [INFO] Época 7/30, Batch 1350/3348, Loss: 0.1181
2025-10-10 06:25:17,431 [INFO] Época 7/30, Batch 1400/3348, Loss: 0.1190
2025-10-10 06:25:17,697 [INFO] Época 7/30, Batch 1450/3348, Loss: 0.2678
2025-10-10 06:25:17,962 [INFO] Época 7/30, Batch 1500/3348, Loss: 0.3074
2025-10-10 06:25:18,227 [INFO] Época 7/30, Batch 1550/3348, Loss: 0.1582
2025-10-10 06:25:18,491 [INFO] Época 7/30, Batch 1600/3348, Loss: 0.1705
2025-10-10 06:25:18,756 [INFO] Época 7/30, Batch 1650/3348, Loss: 0.1820
2025-10-10 06:25:19,020 [INFO] Época 7/30, Batch 1700/3348, Loss: 0.1740
2025-10-10 06:25:19,283 [INFO] Época 7/30, Batch 1750/3348, Loss: 0.1682
2025-10-10 06:25:19,548 [INFO] Época 7/30, Batch 1800/3348, Loss: 0.1801
2025-10-10 06:25:19,816 [INFO] Época 7/30, Batch 1850/3348, Loss: 0.2176
2025-10-10 06:25:20,087 [INFO] Época 7/30, Batch 1900/3348, Loss: 0.2478
2025-10-10 06:25:20,348 [INFO] Época 7/30, Batch 1950/3348, Loss: 0.1110
2025-10-10 06:25:20,609 [INFO] Época 7/30, Batch 2000/3348, Loss: 0.2309
2025-10-10 06:25:20,871 [INFO] Época 7/30, Batch 2050/3348, Loss: 0.1281
2025-10-10 06:25:21,133 [INFO] Época 7/30, Batch 2100/3348, Loss: 0.1899
2025-10-10 06:25:21,398 [INFO] Época 7/30, Batch 2150/3348, Loss: 0.2349
2025-10-10 06:25:21,663 [INFO] Época 7/30, Batch 2200/3348, Loss: 0.1827
2025-10-10 06:25:21,927 [INFO] Época 7/30, Batch 2250/3348, Loss: 0.1966
2025-10-10 06:25:22,190 [INFO] Época 7/30, Batch 2300/3348, Loss: 0.1984
2025-10-10 06:25:22,455 [INFO] Época 7/30, Batch 2350/3348, Loss: 0.1638
2025-10-10 06:25:22,722 [INFO] Época 7/30, Batch 2400/3348, Loss: 0.2297
2025-10-10 06:25:22,987 [INFO] Época 7/30, Batch 2450/3348, Loss: 0.1244
2025-10-10 06:25:23,250 [INFO] Época 7/30, Batch 2500/3348, Loss: 0.1322
2025-10-10 06:25:23,514 [INFO] Época 7/30, Batch 2550/3348, Loss: 0.1799
2025-10-10 06:25:23,781 [INFO] Época 7/30, Batch 2600/3348, Loss: 0.1611
2025-10-10 06:25:24,048 [INFO] Época 7/30, Batch 2650/3348, Loss: 0.1362
2025-10-10 06:25:24,312 [INFO] Época 7/30, Batch 2700/3348, Loss: 0.1108
2025-10-10 06:25:24,578 [INFO] Época 7/30, Batch 2750/3348, Loss: 0.2176
2025-10-10 06:25:24,846 [INFO] Época 7/30, Batch 2800/3348, Loss: 0.2087
2025-10-10 06:25:25,121 [INFO] Época 7/30, Batch 2850/3348, Loss: 0.1844
2025-10-10 06:25:25,386 [INFO] Época 7/30, Batch 2900/3348, Loss: 0.1395
2025-10-10 06:25:25,650 [INFO] Época 7/30, Batch 2950/3348, Loss: 0.1155
2025-10-10 06:25:25,917 [INFO] Época 7/30, Batch 3000/3348, Loss: 0.1779
2025-10-10 06:25:26,182 [INFO] Época 7/30, Batch 3050/3348, Loss: 0.2123
2025-10-10 06:25:26,448 [INFO] Época 7/30, Batch 3100/3348, Loss: 0.0777
2025-10-10 06:25:26,713 [INFO] Época 7/30, Batch 3150/3348, Loss: 0.1777
2025-10-10 06:25:26,975 [INFO] Época 7/30, Batch 3200/3348, Loss: 0.1556
2025-10-10 06:25:27,238 [INFO] Época 7/30, Batch 3250/3348, Loss: 0.1683
2025-10-10 06:25:27,503 [INFO] Época 7/30, Batch 3300/3348, Loss: 0.2284
2025-10-10 06:25:29,381 [INFO] [7/30] Train Loss: 0.1814 | Val Loss: 0.3193 | Tempo: 19.72s
2025-10-10 06:25:29,969 [INFO] Época 8/30, Batch 50/3348, Loss: 0.1790
2025-10-10 06:25:30,239 [INFO] Época 8/30, Batch 100/3348, Loss: 0.2008
2025-10-10 06:25:30,504 [INFO] Época 8/30, Batch 150/3348, Loss: 0.1216
2025-10-10 06:25:30,768 [INFO] Época 8/30, Batch 200/3348, Loss: 0.1766
2025-10-10 06:25:31,033 [INFO] Época 8/30, Batch 250/3348, Loss: 0.2109
2025-10-10 06:25:31,300 [INFO] Época 8/30, Batch 300/3348, Loss: 0.2013
2025-10-10 06:25:31,564 [INFO] Época 8/30, Batch 350/3348, Loss: 0.1594
2025-10-10 06:25:31,828 [INFO] Época 8/30, Batch 400/3348, Loss: 0.2035
2025-10-10 06:25:32,094 [INFO] Época 8/30, Batch 450/3348, Loss: 0.0686
2025-10-10 06:25:32,362 [INFO] Época 8/30, Batch 500/3348, Loss: 0.2617
2025-10-10 06:25:32,628 [INFO] Época 8/30, Batch 550/3348, Loss: 0.0757
2025-10-10 06:25:32,897 [INFO] Época 8/30, Batch 600/3348, Loss: 0.2170
2025-10-10 06:25:33,163 [INFO] Época 8/30, Batch 650/3348, Loss: 0.1604
2025-10-10 06:25:33,423 [INFO] Época 8/30, Batch 700/3348, Loss: 0.2126
2025-10-10 06:25:33,677 [INFO] Época 8/30, Batch 750/3348, Loss: 0.1418
2025-10-10 06:25:33,950 [INFO] Época 8/30, Batch 800/3348, Loss: 0.1664
2025-10-10 06:25:34,221 [INFO] Época 8/30, Batch 850/3348, Loss: 0.1707
2025-10-10 06:25:34,478 [INFO] Época 8/30, Batch 900/3348, Loss: 0.3291
2025-10-10 06:25:34,751 [INFO] Época 8/30, Batch 950/3348, Loss: 0.2434
2025-10-10 06:25:35,006 [INFO] Época 8/30, Batch 1000/3348, Loss: 0.1702
2025-10-10 06:25:35,290 [INFO] Época 8/30, Batch 1050/3348, Loss: 0.1874
2025-10-10 06:25:35,565 [INFO] Época 8/30, Batch 1100/3348, Loss: 0.1782
2025-10-10 06:25:35,838 [INFO] Época 8/30, Batch 1150/3348, Loss: 0.2123
2025-10-10 06:25:36,089 [INFO] Época 8/30, Batch 1200/3348, Loss: 0.1401
2025-10-10 06:25:36,347 [INFO] Época 8/30, Batch 1250/3348, Loss: 0.1762
2025-10-10 06:25:36,615 [INFO] Época 8/30, Batch 1300/3348, Loss: 0.2111
2025-10-10 06:25:36,876 [INFO] Época 8/30, Batch 1350/3348, Loss: 0.1593
2025-10-10 06:25:37,139 [INFO] Época 8/30, Batch 1400/3348, Loss: 0.1255
2025-10-10 06:25:37,399 [INFO] Época 8/30, Batch 1450/3348, Loss: 0.1206
2025-10-10 06:25:37,660 [INFO] Época 8/30, Batch 1500/3348, Loss: 0.1660
2025-10-10 06:25:37,921 [INFO] Época 8/30, Batch 1550/3348, Loss: 0.2148
2025-10-10 06:25:38,182 [INFO] Época 8/30, Batch 1600/3348, Loss: 0.1150
2025-10-10 06:25:38,446 [INFO] Época 8/30, Batch 1650/3348, Loss: 0.2517
2025-10-10 06:25:38,707 [INFO] Época 8/30, Batch 1700/3348, Loss: 0.2009
2025-10-10 06:25:38,969 [INFO] Época 8/30, Batch 1750/3348, Loss: 0.1794
2025-10-10 06:25:39,230 [INFO] Época 8/30, Batch 1800/3348, Loss: 0.1535
2025-10-10 06:25:39,493 [INFO] Época 8/30, Batch 1850/3348, Loss: 0.0587
2025-10-10 06:25:39,755 [INFO] Época 8/30, Batch 1900/3348, Loss: 0.1585
2025-10-10 06:25:40,015 [INFO] Época 8/30, Batch 1950/3348, Loss: 0.2032
2025-10-10 06:25:40,286 [INFO] Época 8/30, Batch 2000/3348, Loss: 0.1600
2025-10-10 06:25:40,546 [INFO] Época 8/30, Batch 2050/3348, Loss: 0.1809
2025-10-10 06:25:40,811 [INFO] Época 8/30, Batch 2100/3348, Loss: 0.1710
2025-10-10 06:25:41,085 [INFO] Época 8/30, Batch 2150/3348, Loss: 0.2334
2025-10-10 06:25:41,358 [INFO] Época 8/30, Batch 2200/3348, Loss: 0.1850
2025-10-10 06:25:41,628 [INFO] Época 8/30, Batch 2250/3348, Loss: 0.1677
2025-10-10 06:25:41,888 [INFO] Época 8/30, Batch 2300/3348, Loss: 0.1847
2025-10-10 06:25:42,147 [INFO] Época 8/30, Batch 2350/3348, Loss: 0.2825
2025-10-10 06:25:42,421 [INFO] Época 8/30, Batch 2400/3348, Loss: 0.0948
2025-10-10 06:25:42,688 [INFO] Época 8/30, Batch 2450/3348, Loss: 0.1560
2025-10-10 06:25:42,948 [INFO] Época 8/30, Batch 2500/3348, Loss: 0.1976
2025-10-10 06:25:43,210 [INFO] Época 8/30, Batch 2550/3348, Loss: 0.1277
2025-10-10 06:25:43,469 [INFO] Época 8/30, Batch 2600/3348, Loss: 0.1511
2025-10-10 06:25:43,730 [INFO] Época 8/30, Batch 2650/3348, Loss: 0.1688
2025-10-10 06:25:43,988 [INFO] Época 8/30, Batch 2700/3348, Loss: 0.1684
2025-10-10 06:25:44,247 [INFO] Época 8/30, Batch 2750/3348, Loss: 0.3083
2025-10-10 06:25:44,506 [INFO] Época 8/30, Batch 2800/3348, Loss: 0.1744
2025-10-10 06:25:44,766 [INFO] Época 8/30, Batch 2850/3348, Loss: 0.1467
2025-10-10 06:25:45,027 [INFO] Época 8/30, Batch 2900/3348, Loss: 0.1755
2025-10-10 06:25:45,287 [INFO] Época 8/30, Batch 2950/3348, Loss: 0.1134
2025-10-10 06:25:45,553 [INFO] Época 8/30, Batch 3000/3348, Loss: 0.1899
2025-10-10 06:25:45,825 [INFO] Época 8/30, Batch 3050/3348, Loss: 0.2092
2025-10-10 06:25:46,088 [INFO] Época 8/30, Batch 3100/3348, Loss: 0.1766
2025-10-10 06:25:46,347 [INFO] Época 8/30, Batch 3150/3348, Loss: 0.1026
2025-10-10 06:25:46,607 [INFO] Época 8/30, Batch 3200/3348, Loss: 0.1605
2025-10-10 06:25:46,866 [INFO] Época 8/30, Batch 3250/3348, Loss: 0.1944
2025-10-10 06:25:47,125 [INFO] Época 8/30, Batch 3300/3348, Loss: 0.1673
2025-10-10 06:25:48,922 [INFO] [8/30] Train Loss: 0.1764 | Val Loss: 0.2892 | Tempo: 19.54s
2025-10-10 06:25:48,927 [INFO] Melhor modelo salvo em: /mnt/hdd/home/jdurao/ToolBox-ChemXAI/models/mlp_qm9_Pattern_att9_large.pth
2025-10-10 06:25:49,505 [INFO] Época 9/30, Batch 50/3348, Loss: 0.1268
2025-10-10 06:25:49,776 [INFO] Época 9/30, Batch 100/3348, Loss: 0.1496
2025-10-10 06:25:50,044 [INFO] Época 9/30, Batch 150/3348, Loss: 0.1598
2025-10-10 06:25:50,319 [INFO] Época 9/30, Batch 200/3348, Loss: 0.1251
2025-10-10 06:25:50,584 [INFO] Época 9/30, Batch 250/3348, Loss: 0.2314
2025-10-10 06:25:50,850 [INFO] Época 9/30, Batch 300/3348, Loss: 0.1762
2025-10-10 06:25:51,115 [INFO] Época 9/30, Batch 350/3348, Loss: 0.1372
2025-10-10 06:25:51,380 [INFO] Época 9/30, Batch 400/3348, Loss: 0.2313
2025-10-10 06:25:51,644 [INFO] Época 9/30, Batch 450/3348, Loss: 0.1028
2025-10-10 06:25:51,908 [INFO] Época 9/30, Batch 500/3348, Loss: 0.1541
2025-10-10 06:25:52,173 [INFO] Época 9/30, Batch 550/3348, Loss: 0.1589
2025-10-10 06:25:52,435 [INFO] Época 9/30, Batch 600/3348, Loss: 0.1106
2025-10-10 06:25:52,701 [INFO] Época 9/30, Batch 650/3348, Loss: 0.1398
2025-10-10 06:25:52,961 [INFO] Época 9/30, Batch 700/3348, Loss: 0.2075
2025-10-10 06:25:53,222 [INFO] Época 9/30, Batch 750/3348, Loss: 0.1295
2025-10-10 06:25:53,482 [INFO] Época 9/30, Batch 800/3348, Loss: 0.1367
2025-10-10 06:25:53,741 [INFO] Época 9/30, Batch 850/3348, Loss: 0.1644
2025-10-10 06:25:54,004 [INFO] Época 9/30, Batch 900/3348, Loss: 0.1797
2025-10-10 06:25:54,264 [INFO] Época 9/30, Batch 950/3348, Loss: 0.2363
2025-10-10 06:25:54,524 [INFO] Época 9/30, Batch 1000/3348, Loss: 0.1364
2025-10-10 06:25:54,785 [INFO] Época 9/30, Batch 1050/3348, Loss: 0.1278
2025-10-10 06:25:55,045 [INFO] Época 9/30, Batch 1100/3348, Loss: 0.2094
2025-10-10 06:25:55,315 [INFO] Época 9/30, Batch 1150/3348, Loss: 0.1330
2025-10-10 06:25:55,576 [INFO] Época 9/30, Batch 1200/3348, Loss: 0.1596
2025-10-10 06:25:55,839 [INFO] Época 9/30, Batch 1250/3348, Loss: 0.1766
2025-10-10 06:25:56,102 [INFO] Época 9/30, Batch 1300/3348, Loss: 0.1897
2025-10-10 06:25:56,365 [INFO] Época 9/30, Batch 1350/3348, Loss: 0.1038
2025-10-10 06:25:56,627 [INFO] Época 9/30, Batch 1400/3348, Loss: 0.1350
2025-10-10 06:25:56,891 [INFO] Época 9/30, Batch 1450/3348, Loss: 0.0782
2025-10-10 06:25:57,153 [INFO] Época 9/30, Batch 1500/3348, Loss: 0.2103
2025-10-10 06:25:57,414 [INFO] Época 9/30, Batch 1550/3348, Loss: 0.1340
2025-10-10 06:25:57,676 [INFO] Época 9/30, Batch 1600/3348, Loss: 0.2228
2025-10-10 06:25:57,939 [INFO] Época 9/30, Batch 1650/3348, Loss: 0.2215
2025-10-10 06:25:58,202 [INFO] Época 9/30, Batch 1700/3348, Loss: 0.1869
2025-10-10 06:25:58,465 [INFO] Época 9/30, Batch 1750/3348, Loss: 0.2216
2025-10-10 06:25:58,727 [INFO] Época 9/30, Batch 1800/3348, Loss: 0.2169
2025-10-10 06:25:58,992 [INFO] Época 9/30, Batch 1850/3348, Loss: 0.1621
2025-10-10 06:25:59,258 [INFO] Época 9/30, Batch 1900/3348, Loss: 0.2355
2025-10-10 06:25:59,523 [INFO] Época 9/30, Batch 1950/3348, Loss: 0.1512
2025-10-10 06:25:59,787 [INFO] Época 9/30, Batch 2000/3348, Loss: 0.1603
2025-10-10 06:26:00,051 [INFO] Época 9/30, Batch 2050/3348, Loss: 0.2298
2025-10-10 06:26:00,315 [INFO] Época 9/30, Batch 2100/3348, Loss: 0.1278
2025-10-10 06:26:00,577 [INFO] Época 9/30, Batch 2150/3348, Loss: 0.0836
2025-10-10 06:26:00,840 [INFO] Época 9/30, Batch 2200/3348, Loss: 0.1694
2025-10-10 06:26:01,102 [INFO] Época 9/30, Batch 2250/3348, Loss: 0.1238
2025-10-10 06:26:01,365 [INFO] Época 9/30, Batch 2300/3348, Loss: 0.1484
2025-10-10 06:26:01,628 [INFO] Época 9/30, Batch 2350/3348, Loss: 0.1594
2025-10-10 06:26:01,891 [INFO] Época 9/30, Batch 2400/3348, Loss: 0.1830
2025-10-10 06:26:02,157 [INFO] Época 9/30, Batch 2450/3348, Loss: 0.1875
2025-10-10 06:26:02,424 [INFO] Época 9/30, Batch 2500/3348, Loss: 0.1879
2025-10-10 06:26:02,691 [INFO] Época 9/30, Batch 2550/3348, Loss: 0.2874
2025-10-10 06:26:02,957 [INFO] Época 9/30, Batch 2600/3348, Loss: 0.1756
2025-10-10 06:26:03,223 [INFO] Época 9/30, Batch 2650/3348, Loss: 0.1722
2025-10-10 06:26:03,488 [INFO] Época 9/30, Batch 2700/3348, Loss: 0.2183
2025-10-10 06:26:03,756 [INFO] Época 9/30, Batch 2750/3348, Loss: 0.1894
2025-10-10 06:26:04,021 [INFO] Época 9/30, Batch 2800/3348, Loss: 0.1676
2025-10-10 06:26:04,285 [INFO] Época 9/30, Batch 2850/3348, Loss: 0.1761
2025-10-10 06:26:04,552 [INFO] Época 9/30, Batch 2900/3348, Loss: 0.2052
2025-10-10 06:26:04,820 [INFO] Época 9/30, Batch 2950/3348, Loss: 0.1658
2025-10-10 06:26:05,084 [INFO] Época 9/30, Batch 3000/3348, Loss: 0.2731
2025-10-10 06:26:05,357 [INFO] Época 9/30, Batch 3050/3348, Loss: 0.2871
2025-10-10 06:26:05,618 [INFO] Época 9/30, Batch 3100/3348, Loss: 0.2463
2025-10-10 06:26:05,880 [INFO] Época 9/30, Batch 3150/3348, Loss: 0.2373
2025-10-10 06:26:06,142 [INFO] Época 9/30, Batch 3200/3348, Loss: 0.1390
2025-10-10 06:26:06,403 [INFO] Época 9/30, Batch 3250/3348, Loss: 0.1840
2025-10-10 06:26:06,664 [INFO] Época 9/30, Batch 3300/3348, Loss: 0.1262
2025-10-10 06:26:08,542 [INFO] [9/30] Train Loss: 0.1725 | Val Loss: 0.3249 | Tempo: 19.61s
2025-10-10 06:26:09,119 [INFO] Época 10/30, Batch 50/3348, Loss: 0.1571
2025-10-10 06:26:09,380 [INFO] Época 10/30, Batch 100/3348, Loss: 0.1993
2025-10-10 06:26:09,641 [INFO] Época 10/30, Batch 150/3348, Loss: 0.1687
2025-10-10 06:26:09,906 [INFO] Época 10/30, Batch 200/3348, Loss: 0.2026
2025-10-10 06:26:10,182 [INFO] Época 10/30, Batch 250/3348, Loss: 0.2046
2025-10-10 06:26:10,456 [INFO] Época 10/30, Batch 300/3348, Loss: 0.2789
2025-10-10 06:26:10,731 [INFO] Época 10/30, Batch 350/3348, Loss: 0.0966
2025-10-10 06:26:11,004 [INFO] Época 10/30, Batch 400/3348, Loss: 0.2806
2025-10-10 06:26:11,278 [INFO] Época 10/30, Batch 450/3348, Loss: 0.1530
2025-10-10 06:26:11,549 [INFO] Época 10/30, Batch 500/3348, Loss: 0.2145
2025-10-10 06:26:11,807 [INFO] Época 10/30, Batch 550/3348, Loss: 0.1727
2025-10-10 06:26:12,063 [INFO] Época 10/30, Batch 600/3348, Loss: 0.1223
2025-10-10 06:26:12,321 [INFO] Época 10/30, Batch 650/3348, Loss: 0.1619
2025-10-10 06:26:12,572 [INFO] Época 10/30, Batch 700/3348, Loss: 0.1270
2025-10-10 06:26:12,822 [INFO] Época 10/30, Batch 750/3348, Loss: 0.2509
2025-10-10 06:26:13,070 [INFO] Época 10/30, Batch 800/3348, Loss: 0.2649
2025-10-10 06:26:13,318 [INFO] Época 10/30, Batch 850/3348, Loss: 0.1768
2025-10-10 06:26:13,566 [INFO] Época 10/30, Batch 900/3348, Loss: 0.2037
2025-10-10 06:26:13,817 [INFO] Época 10/30, Batch 950/3348, Loss: 0.1491
2025-10-10 06:26:14,065 [INFO] Época 10/30, Batch 1000/3348, Loss: 0.1274
2025-10-10 06:26:14,313 [INFO] Época 10/30, Batch 1050/3348, Loss: 0.1924
2025-10-10 06:26:14,561 [INFO] Época 10/30, Batch 1100/3348, Loss: 0.1592
2025-10-10 06:26:14,810 [INFO] Época 10/30, Batch 1150/3348, Loss: 0.1687
2025-10-10 06:26:15,060 [INFO] Época 10/30, Batch 1200/3348, Loss: 0.1187
2025-10-10 06:26:15,309 [INFO] Época 10/30, Batch 1250/3348, Loss: 0.1785
2025-10-10 06:26:15,559 [INFO] Época 10/30, Batch 1300/3348, Loss: 0.1597
2025-10-10 06:26:15,812 [INFO] Época 10/30, Batch 1350/3348, Loss: 0.1391
2025-10-10 06:26:16,069 [INFO] Época 10/30, Batch 1400/3348, Loss: 0.1920
2025-10-10 06:26:16,326 [INFO] Época 10/30, Batch 1450/3348, Loss: 0.1610
2025-10-10 06:26:16,582 [INFO] Época 10/30, Batch 1500/3348, Loss: 0.2182
2025-10-10 06:26:16,840 [INFO] Época 10/30, Batch 1550/3348, Loss: 0.1840
2025-10-10 06:26:17,097 [INFO] Época 10/30, Batch 1600/3348, Loss: 0.1359
2025-10-10 06:26:17,355 [INFO] Época 10/30, Batch 1650/3348, Loss: 0.2459
2025-10-10 06:26:17,614 [INFO] Época 10/30, Batch 1700/3348, Loss: 0.1763
2025-10-10 06:26:17,874 [INFO] Época 10/30, Batch 1750/3348, Loss: 0.1784
2025-10-10 06:26:18,135 [INFO] Época 10/30, Batch 1800/3348, Loss: 0.1370
2025-10-10 06:26:18,395 [INFO] Época 10/30, Batch 1850/3348, Loss: 0.0929
2025-10-10 06:26:18,655 [INFO] Época 10/30, Batch 1900/3348, Loss: 0.1839
2025-10-10 06:26:18,916 [INFO] Época 10/30, Batch 1950/3348, Loss: 0.1475
2025-10-10 06:26:19,177 [INFO] Época 10/30, Batch 2000/3348, Loss: 0.2584
2025-10-10 06:26:19,438 [INFO] Época 10/30, Batch 2050/3348, Loss: 0.1314
2025-10-10 06:26:19,698 [INFO] Época 10/30, Batch 2100/3348, Loss: 0.1832
2025-10-10 06:26:19,959 [INFO] Época 10/30, Batch 2150/3348, Loss: 0.1939
2025-10-10 06:26:20,220 [INFO] Época 10/30, Batch 2200/3348, Loss: 0.1242
2025-10-10 06:26:20,482 [INFO] Época 10/30, Batch 2250/3348, Loss: 0.3281
2025-10-10 06:26:20,744 [INFO] Época 10/30, Batch 2300/3348, Loss: 0.0723
2025-10-10 06:26:21,005 [INFO] Época 10/30, Batch 2350/3348, Loss: 0.1529
2025-10-10 06:26:21,268 [INFO] Época 10/30, Batch 2400/3348, Loss: 0.1581
2025-10-10 06:26:21,532 [INFO] Época 10/30, Batch 2450/3348, Loss: 0.1586
2025-10-10 06:26:21,796 [INFO] Época 10/30, Batch 2500/3348, Loss: 0.1676
2025-10-10 06:26:22,059 [INFO] Época 10/30, Batch 2550/3348, Loss: 0.2221
2025-10-10 06:26:22,323 [INFO] Época 10/30, Batch 2600/3348, Loss: 0.1376
2025-10-10 06:26:22,587 [INFO] Época 10/30, Batch 2650/3348, Loss: 0.1711
2025-10-10 06:26:22,848 [INFO] Época 10/30, Batch 2700/3348, Loss: 0.2486
2025-10-10 06:26:23,105 [INFO] Época 10/30, Batch 2750/3348, Loss: 0.1484
2025-10-10 06:26:23,361 [INFO] Época 10/30, Batch 2800/3348, Loss: 0.2470
2025-10-10 06:26:23,618 [INFO] Época 10/30, Batch 2850/3348, Loss: 0.0842
2025-10-10 06:26:23,878 [INFO] Época 10/30, Batch 2900/3348, Loss: 0.2810
2025-10-10 06:26:24,135 [INFO] Época 10/30, Batch 2950/3348, Loss: 0.1774
2025-10-10 06:26:24,392 [INFO] Época 10/30, Batch 3000/3348, Loss: 0.2389
2025-10-10 06:26:24,651 [INFO] Época 10/30, Batch 3050/3348, Loss: 0.1924
2025-10-10 06:26:24,910 [INFO] Época 10/30, Batch 3100/3348, Loss: 0.0885
2025-10-10 06:26:25,168 [INFO] Época 10/30, Batch 3150/3348, Loss: 0.1517
2025-10-10 06:26:25,425 [INFO] Época 10/30, Batch 3200/3348, Loss: 0.2224
2025-10-10 06:26:25,682 [INFO] Época 10/30, Batch 3250/3348, Loss: 0.1168
2025-10-10 06:26:25,941 [INFO] Época 10/30, Batch 3300/3348, Loss: 0.1637
2025-10-10 06:26:27,823 [INFO] [10/30] Train Loss: 0.1694 | Val Loss: 0.2975 | Tempo: 19.28s
2025-10-10 06:26:28,414 [INFO] Época 11/30, Batch 50/3348, Loss: 0.2292
2025-10-10 06:26:28,684 [INFO] Época 11/30, Batch 100/3348, Loss: 0.0967
2025-10-10 06:26:28,954 [INFO] Época 11/30, Batch 150/3348, Loss: 0.1881
2025-10-10 06:26:29,223 [INFO] Época 11/30, Batch 200/3348, Loss: 0.2464
2025-10-10 06:26:29,490 [INFO] Época 11/30, Batch 250/3348, Loss: 0.1734
2025-10-10 06:26:29,754 [INFO] Época 11/30, Batch 300/3348, Loss: 0.1213
2025-10-10 06:26:30,019 [INFO] Época 11/30, Batch 350/3348, Loss: 0.0945
2025-10-10 06:26:30,283 [INFO] Época 11/30, Batch 400/3348, Loss: 0.1631
2025-10-10 06:26:30,546 [INFO] Época 11/30, Batch 450/3348, Loss: 0.1064
2025-10-10 06:26:30,810 [INFO] Época 11/30, Batch 500/3348, Loss: 0.1324
2025-10-10 06:26:31,073 [INFO] Época 11/30, Batch 550/3348, Loss: 0.1004
2025-10-10 06:26:31,336 [INFO] Época 11/30, Batch 600/3348, Loss: 0.1035
2025-10-10 06:26:31,598 [INFO] Época 11/30, Batch 650/3348, Loss: 0.1653
2025-10-10 06:26:31,858 [INFO] Época 11/30, Batch 700/3348, Loss: 0.1373
2025-10-10 06:26:32,113 [INFO] Época 11/30, Batch 750/3348, Loss: 0.1257
2025-10-10 06:26:32,367 [INFO] Época 11/30, Batch 800/3348, Loss: 0.1236
2025-10-10 06:26:32,621 [INFO] Época 11/30, Batch 850/3348, Loss: 0.1409
2025-10-10 06:26:32,884 [INFO] Época 11/30, Batch 900/3348, Loss: 0.1279
2025-10-10 06:26:33,145 [INFO] Época 11/30, Batch 950/3348, Loss: 0.1896
2025-10-10 06:26:33,407 [INFO] Época 11/30, Batch 1000/3348, Loss: 0.2689
2025-10-10 06:26:33,670 [INFO] Época 11/30, Batch 1050/3348, Loss: 0.2163
2025-10-10 06:26:33,932 [INFO] Época 11/30, Batch 1100/3348, Loss: 0.2055
2025-10-10 06:26:34,194 [INFO] Época 11/30, Batch 1150/3348, Loss: 0.1347
2025-10-10 06:26:34,454 [INFO] Época 11/30, Batch 1200/3348, Loss: 0.1120
2025-10-10 06:26:34,715 [INFO] Época 11/30, Batch 1250/3348, Loss: 0.1253
2025-10-10 06:26:34,979 [INFO] Época 11/30, Batch 1300/3348, Loss: 0.2573
2025-10-10 06:26:35,241 [INFO] Época 11/30, Batch 1350/3348, Loss: 0.0835
2025-10-10 06:26:35,505 [INFO] Época 11/30, Batch 1400/3348, Loss: 0.1693
2025-10-10 06:26:35,771 [INFO] Época 11/30, Batch 1450/3348, Loss: 0.1266
2025-10-10 06:26:36,043 [INFO] Época 11/30, Batch 1500/3348, Loss: 0.1215
2025-10-10 06:26:36,315 [INFO] Época 11/30, Batch 1550/3348, Loss: 0.1502
2025-10-10 06:26:36,588 [INFO] Época 11/30, Batch 1600/3348, Loss: 0.1650
2025-10-10 06:26:36,861 [INFO] Época 11/30, Batch 1650/3348, Loss: 0.0781
2025-10-10 06:26:37,131 [INFO] Época 11/30, Batch 1700/3348, Loss: 0.1563
2025-10-10 06:26:37,404 [INFO] Época 11/30, Batch 1750/3348, Loss: 0.2037
2025-10-10 06:26:37,675 [INFO] Época 11/30, Batch 1800/3348, Loss: 0.0925
2025-10-10 06:26:37,948 [INFO] Época 11/30, Batch 1850/3348, Loss: 0.1104
2025-10-10 06:26:38,213 [INFO] Época 11/30, Batch 1900/3348, Loss: 0.0725
2025-10-10 06:26:38,475 [INFO] Época 11/30, Batch 1950/3348, Loss: 0.2627
2025-10-10 06:26:38,738 [INFO] Época 11/30, Batch 2000/3348, Loss: 0.2227
2025-10-10 06:26:39,001 [INFO] Época 11/30, Batch 2050/3348, Loss: 0.1302
2025-10-10 06:26:39,262 [INFO] Época 11/30, Batch 2100/3348, Loss: 0.1354
2025-10-10 06:26:39,525 [INFO] Época 11/30, Batch 2150/3348, Loss: 0.1362
2025-10-10 06:26:39,789 [INFO] Época 11/30, Batch 2200/3348, Loss: 0.2922
2025-10-10 06:26:40,052 [INFO] Época 11/30, Batch 2250/3348, Loss: 0.1621
2025-10-10 06:26:40,315 [INFO] Época 11/30, Batch 2300/3348, Loss: 0.1442
2025-10-10 06:26:40,578 [INFO] Época 11/30, Batch 2350/3348, Loss: 0.2541
2025-10-10 06:26:40,849 [INFO] Época 11/30, Batch 2400/3348, Loss: 0.2195
2025-10-10 06:26:41,120 [INFO] Época 11/30, Batch 2450/3348, Loss: 0.2814
2025-10-10 06:26:41,402 [INFO] Época 11/30, Batch 2500/3348, Loss: 0.1801
2025-10-10 06:26:41,676 [INFO] Época 11/30, Batch 2550/3348, Loss: 0.1243
2025-10-10 06:26:41,945 [INFO] Época 11/30, Batch 2600/3348, Loss: 0.2194
2025-10-10 06:26:42,217 [INFO] Época 11/30, Batch 2650/3348, Loss: 0.2689
2025-10-10 06:26:42,486 [INFO] Época 11/30, Batch 2700/3348, Loss: 0.1311
2025-10-10 06:26:42,757 [INFO] Época 11/30, Batch 2750/3348, Loss: 0.3406
2025-10-10 06:26:43,030 [INFO] Época 11/30, Batch 2800/3348, Loss: 0.2616
2025-10-10 06:26:43,301 [INFO] Época 11/30, Batch 2850/3348, Loss: 0.1539
2025-10-10 06:26:43,575 [INFO] Época 11/30, Batch 2900/3348, Loss: 0.2771
2025-10-10 06:26:43,843 [INFO] Época 11/30, Batch 2950/3348, Loss: 0.1815
2025-10-10 06:26:44,109 [INFO] Época 11/30, Batch 3000/3348, Loss: 0.2060
2025-10-10 06:26:44,374 [INFO] Época 11/30, Batch 3050/3348, Loss: 0.2321
2025-10-10 06:26:44,637 [INFO] Época 11/30, Batch 3100/3348, Loss: 0.1581
2025-10-10 06:26:44,898 [INFO] Época 11/30, Batch 3150/3348, Loss: 0.1871
2025-10-10 06:26:45,161 [INFO] Época 11/30, Batch 3200/3348, Loss: 0.1308
2025-10-10 06:26:45,424 [INFO] Época 11/30, Batch 3250/3348, Loss: 0.1099
2025-10-10 06:26:45,690 [INFO] Época 11/30, Batch 3300/3348, Loss: 0.1265
2025-10-10 06:26:47,448 [INFO] [11/30] Train Loss: 0.1676 | Val Loss: 0.3311 | Tempo: 19.63s
2025-10-10 06:26:48,026 [INFO] Época 12/30, Batch 50/3348, Loss: 0.1396
2025-10-10 06:26:48,301 [INFO] Época 12/30, Batch 100/3348, Loss: 0.2196
2025-10-10 06:26:48,580 [INFO] Época 12/30, Batch 150/3348, Loss: 0.1410
2025-10-10 06:26:48,857 [INFO] Época 12/30, Batch 200/3348, Loss: 0.1133
2025-10-10 06:26:49,133 [INFO] Época 12/30, Batch 250/3348, Loss: 0.1438
2025-10-10 06:26:49,406 [INFO] Época 12/30, Batch 300/3348, Loss: 0.1121
2025-10-10 06:26:49,682 [INFO] Época 12/30, Batch 350/3348, Loss: 0.1221
2025-10-10 06:26:49,954 [INFO] Época 12/30, Batch 400/3348, Loss: 0.2391
2025-10-10 06:26:50,230 [INFO] Época 12/30, Batch 450/3348, Loss: 0.1365
2025-10-10 06:26:50,506 [INFO] Época 12/30, Batch 500/3348, Loss: 0.2090
2025-10-10 06:26:50,775 [INFO] Época 12/30, Batch 550/3348, Loss: 0.0651
2025-10-10 06:26:51,047 [INFO] Época 12/30, Batch 600/3348, Loss: 0.2314
2025-10-10 06:26:51,320 [INFO] Época 12/30, Batch 650/3348, Loss: 0.1299
2025-10-10 06:26:51,583 [INFO] Época 12/30, Batch 700/3348, Loss: 0.1536
2025-10-10 06:26:51,842 [INFO] Época 12/30, Batch 750/3348, Loss: 0.2077
2025-10-10 06:26:52,089 [INFO] Época 12/30, Batch 800/3348, Loss: 0.2063
2025-10-10 06:26:52,336 [INFO] Época 12/30, Batch 850/3348, Loss: 0.1127
2025-10-10 06:26:52,582 [INFO] Época 12/30, Batch 900/3348, Loss: 0.1407
2025-10-10 06:26:52,829 [INFO] Época 12/30, Batch 950/3348, Loss: 0.1399
2025-10-10 06:26:53,084 [INFO] Época 12/30, Batch 1000/3348, Loss: 0.0929
2025-10-10 06:26:53,341 [INFO] Época 12/30, Batch 1050/3348, Loss: 0.1163
2025-10-10 06:26:53,597 [INFO] Época 12/30, Batch 1100/3348, Loss: 0.1622
2025-10-10 06:26:53,863 [INFO] Época 12/30, Batch 1150/3348, Loss: 0.1794
2025-10-10 06:26:54,135 [INFO] Época 12/30, Batch 1200/3348, Loss: 0.2029
2025-10-10 06:26:54,409 [INFO] Época 12/30, Batch 1250/3348, Loss: 0.2041
2025-10-10 06:26:54,686 [INFO] Época 12/30, Batch 1300/3348, Loss: 0.1715
2025-10-10 06:26:54,958 [INFO] Época 12/30, Batch 1350/3348, Loss: 0.2539
2025-10-10 06:26:55,228 [INFO] Época 12/30, Batch 1400/3348, Loss: 0.1426
2025-10-10 06:26:55,498 [INFO] Época 12/30, Batch 1450/3348, Loss: 0.2526
2025-10-10 06:26:55,764 [INFO] Época 12/30, Batch 1500/3348, Loss: 0.2762
2025-10-10 06:26:56,027 [INFO] Época 12/30, Batch 1550/3348, Loss: 0.1335
2025-10-10 06:26:56,291 [INFO] Época 12/30, Batch 1600/3348, Loss: 0.1342
2025-10-10 06:26:56,561 [INFO] Época 12/30, Batch 1650/3348, Loss: 0.1538
2025-10-10 06:26:56,830 [INFO] Época 12/30, Batch 1700/3348, Loss: 0.1576
2025-10-10 06:26:57,100 [INFO] Época 12/30, Batch 1750/3348, Loss: 0.2174
2025-10-10 06:26:57,372 [INFO] Época 12/30, Batch 1800/3348, Loss: 0.1382
2025-10-10 06:26:57,643 [INFO] Época 12/30, Batch 1850/3348, Loss: 0.2196
2025-10-10 06:26:57,924 [INFO] Época 12/30, Batch 1900/3348, Loss: 0.1249
2025-10-10 06:26:58,196 [INFO] Época 12/30, Batch 1950/3348, Loss: 0.1362
2025-10-10 06:26:58,468 [INFO] Época 12/30, Batch 2000/3348, Loss: 0.0857
2025-10-10 06:26:58,740 [INFO] Época 12/30, Batch 2050/3348, Loss: 0.2708
2025-10-10 06:26:59,009 [INFO] Época 12/30, Batch 2100/3348, Loss: 0.1004
2025-10-10 06:26:59,280 [INFO] Época 12/30, Batch 2150/3348, Loss: 0.1826
2025-10-10 06:26:59,550 [INFO] Época 12/30, Batch 2200/3348, Loss: 0.1973
2025-10-10 06:26:59,822 [INFO] Época 12/30, Batch 2250/3348, Loss: 0.2715
2025-10-10 06:27:00,092 [INFO] Época 12/30, Batch 2300/3348, Loss: 0.1165
2025-10-10 06:27:00,362 [INFO] Época 12/30, Batch 2350/3348, Loss: 0.1716
2025-10-10 06:27:00,632 [INFO] Época 12/30, Batch 2400/3348, Loss: 0.1644
2025-10-10 06:27:00,905 [INFO] Época 12/30, Batch 2450/3348, Loss: 0.2729
2025-10-10 06:27:01,175 [INFO] Época 12/30, Batch 2500/3348, Loss: 0.1345
2025-10-10 06:27:01,448 [INFO] Época 12/30, Batch 2550/3348, Loss: 0.2238
2025-10-10 06:27:01,718 [INFO] Época 12/30, Batch 2600/3348, Loss: 0.1536
2025-10-10 06:27:01,989 [INFO] Época 12/30, Batch 2650/3348, Loss: 0.1044
2025-10-10 06:27:02,261 [INFO] Época 12/30, Batch 2700/3348, Loss: 0.1191
2025-10-10 06:27:02,534 [INFO] Época 12/30, Batch 2750/3348, Loss: 0.0816
2025-10-10 06:27:02,800 [INFO] Época 12/30, Batch 2800/3348, Loss: 0.1166
2025-10-10 06:27:03,075 [INFO] Época 12/30, Batch 2850/3348, Loss: 0.0910
2025-10-10 06:27:03,340 [INFO] Época 12/30, Batch 2900/3348, Loss: 0.1594
2025-10-10 06:27:03,604 [INFO] Época 12/30, Batch 2950/3348, Loss: 0.0845
2025-10-10 06:27:03,868 [INFO] Época 12/30, Batch 3000/3348, Loss: 0.2589
2025-10-10 06:27:04,142 [INFO] Época 12/30, Batch 3050/3348, Loss: 0.2070
2025-10-10 06:27:04,418 [INFO] Época 12/30, Batch 3100/3348, Loss: 0.1286
2025-10-10 06:27:04,694 [INFO] Época 12/30, Batch 3150/3348, Loss: 0.2163
2025-10-10 06:27:04,969 [INFO] Época 12/30, Batch 3200/3348, Loss: 0.2830
2025-10-10 06:27:05,245 [INFO] Época 12/30, Batch 3250/3348, Loss: 0.1586
2025-10-10 06:27:05,520 [INFO] Época 12/30, Batch 3300/3348, Loss: 0.2117
2025-10-10 06:27:07,285 [INFO] [12/30] Train Loss: 0.1660 | Val Loss: 0.3216 | Tempo: 19.84s
2025-10-10 06:27:07,868 [INFO] Época 13/30, Batch 50/3348, Loss: 0.1560
2025-10-10 06:27:08,148 [INFO] Época 13/30, Batch 100/3348, Loss: 0.2509
2025-10-10 06:27:08,427 [INFO] Época 13/30, Batch 150/3348, Loss: 0.1042
2025-10-10 06:27:08,701 [INFO] Época 13/30, Batch 200/3348, Loss: 0.1090
2025-10-10 06:27:08,966 [INFO] Época 13/30, Batch 250/3348, Loss: 0.1081
2025-10-10 06:27:09,235 [INFO] Época 13/30, Batch 300/3348, Loss: 0.1838
2025-10-10 06:27:09,503 [INFO] Época 13/30, Batch 350/3348, Loss: 0.0895
2025-10-10 06:27:09,768 [INFO] Época 13/30, Batch 400/3348, Loss: 0.2130
2025-10-10 06:27:10,033 [INFO] Época 13/30, Batch 450/3348, Loss: 0.1668
2025-10-10 06:27:10,297 [INFO] Época 13/30, Batch 500/3348, Loss: 0.1208
2025-10-10 06:27:10,563 [INFO] Época 13/30, Batch 550/3348, Loss: 0.1773
2025-10-10 06:27:10,827 [INFO] Época 13/30, Batch 600/3348, Loss: 0.1963
2025-10-10 06:27:11,090 [INFO] Época 13/30, Batch 650/3348, Loss: 0.2489
2025-10-10 06:27:11,357 [INFO] Época 13/30, Batch 700/3348, Loss: 0.1843
2025-10-10 06:27:11,625 [INFO] Época 13/30, Batch 750/3348, Loss: 0.1472
2025-10-10 06:27:11,896 [INFO] Época 13/30, Batch 800/3348, Loss: 0.1402
2025-10-10 06:27:12,167 [INFO] Época 13/30, Batch 850/3348, Loss: 0.1736
2025-10-10 06:27:12,438 [INFO] Época 13/30, Batch 900/3348, Loss: 0.1103
2025-10-10 06:27:12,704 [INFO] Época 13/30, Batch 950/3348, Loss: 0.1153
2025-10-10 06:27:12,969 [INFO] Época 13/30, Batch 1000/3348, Loss: 0.1939
2025-10-10 06:27:13,233 [INFO] Época 13/30, Batch 1050/3348, Loss: 0.1769
2025-10-10 06:27:13,496 [INFO] Época 13/30, Batch 1100/3348, Loss: 0.1751
2025-10-10 06:27:13,761 [INFO] Época 13/30, Batch 1150/3348, Loss: 0.1937
2025-10-10 06:27:14,025 [INFO] Época 13/30, Batch 1200/3348, Loss: 0.1533
2025-10-10 06:27:14,290 [INFO] Época 13/30, Batch 1250/3348, Loss: 0.1570
2025-10-10 06:27:14,556 [INFO] Época 13/30, Batch 1300/3348, Loss: 0.3273
2025-10-10 06:27:14,821 [INFO] Época 13/30, Batch 1350/3348, Loss: 0.1327
2025-10-10 06:27:15,085 [INFO] Época 13/30, Batch 1400/3348, Loss: 0.2334
2025-10-10 06:27:15,349 [INFO] Época 13/30, Batch 1450/3348, Loss: 0.1858
2025-10-10 06:27:15,614 [INFO] Época 13/30, Batch 1500/3348, Loss: 0.1136
2025-10-10 06:27:15,886 [INFO] Época 13/30, Batch 1550/3348, Loss: 0.1800
2025-10-10 06:27:16,159 [INFO] Época 13/30, Batch 1600/3348, Loss: 0.1508
2025-10-10 06:27:16,433 [INFO] Época 13/30, Batch 1650/3348, Loss: 0.1645
2025-10-10 06:27:16,708 [INFO] Época 13/30, Batch 1700/3348, Loss: 0.1389
2025-10-10 06:27:16,980 [INFO] Época 13/30, Batch 1750/3348, Loss: 0.1259
2025-10-10 06:27:17,252 [INFO] Época 13/30, Batch 1800/3348, Loss: 0.1713
2025-10-10 06:27:17,524 [INFO] Época 13/30, Batch 1850/3348, Loss: 0.2061
2025-10-10 06:27:17,799 [INFO] Época 13/30, Batch 1900/3348, Loss: 0.2353
2025-10-10 06:27:18,075 [INFO] Época 13/30, Batch 1950/3348, Loss: 0.2355
2025-10-10 06:27:18,353 [INFO] Época 13/30, Batch 2000/3348, Loss: 0.1968
2025-10-10 06:27:18,628 [INFO] Época 13/30, Batch 2050/3348, Loss: 0.0601
2025-10-10 06:27:18,904 [INFO] Época 13/30, Batch 2100/3348, Loss: 0.2027
2025-10-10 06:27:19,177 [INFO] Época 13/30, Batch 2150/3348, Loss: 0.2415
2025-10-10 06:27:19,448 [INFO] Época 13/30, Batch 2200/3348, Loss: 0.1845
2025-10-10 06:27:19,722 [INFO] Época 13/30, Batch 2250/3348, Loss: 0.2698
2025-10-10 06:27:19,995 [INFO] Época 13/30, Batch 2300/3348, Loss: 0.1616
2025-10-10 06:27:20,262 [INFO] Época 13/30, Batch 2350/3348, Loss: 0.1991
2025-10-10 06:27:20,525 [INFO] Época 13/30, Batch 2400/3348, Loss: 0.1275
2025-10-10 06:27:20,790 [INFO] Época 13/30, Batch 2450/3348, Loss: 0.1338
2025-10-10 06:27:21,052 [INFO] Época 13/30, Batch 2500/3348, Loss: 0.1115
2025-10-10 06:27:21,314 [INFO] Época 13/30, Batch 2550/3348, Loss: 0.1523
2025-10-10 06:27:21,579 [INFO] Época 13/30, Batch 2600/3348, Loss: 0.1832
2025-10-10 06:27:21,844 [INFO] Época 13/30, Batch 2650/3348, Loss: 0.1964
2025-10-10 06:27:22,109 [INFO] Época 13/30, Batch 2700/3348, Loss: 0.1387
2025-10-10 06:27:22,372 [INFO] Época 13/30, Batch 2750/3348, Loss: 0.1171
2025-10-10 06:27:22,636 [INFO] Época 13/30, Batch 2800/3348, Loss: 0.2350
2025-10-10 06:27:22,900 [INFO] Época 13/30, Batch 2850/3348, Loss: 0.1174
2025-10-10 06:27:23,171 [INFO] Época 13/30, Batch 2900/3348, Loss: 0.2619
2025-10-10 06:27:23,443 [INFO] Época 13/30, Batch 2950/3348, Loss: 0.1710
2025-10-10 06:27:23,716 [INFO] Época 13/30, Batch 3000/3348, Loss: 0.1785
2025-10-10 06:27:23,988 [INFO] Época 13/30, Batch 3050/3348, Loss: 0.0885
2025-10-10 06:27:24,262 [INFO] Época 13/30, Batch 3100/3348, Loss: 0.2059
2025-10-10 06:27:24,528 [INFO] Época 13/30, Batch 3150/3348, Loss: 0.1427
2025-10-10 06:27:24,792 [INFO] Época 13/30, Batch 3200/3348, Loss: 0.1484
2025-10-10 06:27:25,057 [INFO] Época 13/30, Batch 3250/3348, Loss: 0.0989
2025-10-10 06:27:25,320 [INFO] Época 13/30, Batch 3300/3348, Loss: 0.0863
2025-10-10 06:27:27,094 [INFO] [13/30] Train Loss: 0.1636 | Val Loss: 0.3007 | Tempo: 19.81s
2025-10-10 06:27:27,665 [INFO] Época 14/30, Batch 50/3348, Loss: 0.1697
2025-10-10 06:27:27,933 [INFO] Época 14/30, Batch 100/3348, Loss: 0.1444
2025-10-10 06:27:28,196 [INFO] Época 14/30, Batch 150/3348, Loss: 0.1955
2025-10-10 06:27:28,469 [INFO] Época 14/30, Batch 200/3348, Loss: 0.1917
2025-10-10 06:27:28,730 [INFO] Época 14/30, Batch 250/3348, Loss: 0.1358
2025-10-10 06:27:28,989 [INFO] Época 14/30, Batch 300/3348, Loss: 0.0759
2025-10-10 06:27:29,251 [INFO] Época 14/30, Batch 350/3348, Loss: 0.1038
2025-10-10 06:27:29,511 [INFO] Época 14/30, Batch 400/3348, Loss: 0.1073
2025-10-10 06:27:29,771 [INFO] Época 14/30, Batch 450/3348, Loss: 0.1850
2025-10-10 06:27:30,032 [INFO] Época 14/30, Batch 500/3348, Loss: 0.1233
2025-10-10 06:27:30,294 [INFO] Época 14/30, Batch 550/3348, Loss: 0.1749
2025-10-10 06:27:30,557 [INFO] Época 14/30, Batch 600/3348, Loss: 0.1412
2025-10-10 06:27:30,819 [INFO] Época 14/30, Batch 650/3348, Loss: 0.1544
2025-10-10 06:27:31,080 [INFO] Época 14/30, Batch 700/3348, Loss: 0.0996
2025-10-10 06:27:31,341 [INFO] Época 14/30, Batch 750/3348, Loss: 0.2081
2025-10-10 06:27:31,602 [INFO] Época 14/30, Batch 800/3348, Loss: 0.2052
2025-10-10 06:27:31,860 [INFO] Época 14/30, Batch 850/3348, Loss: 0.2184
2025-10-10 06:27:32,110 [INFO] Época 14/30, Batch 900/3348, Loss: 0.1440
2025-10-10 06:27:32,361 [INFO] Época 14/30, Batch 950/3348, Loss: 0.1614
2025-10-10 06:27:32,612 [INFO] Época 14/30, Batch 1000/3348, Loss: 0.1930
2025-10-10 06:27:32,863 [INFO] Época 14/30, Batch 1050/3348, Loss: 0.1025
2025-10-10 06:27:33,114 [INFO] Época 14/30, Batch 1100/3348, Loss: 0.2191
2025-10-10 06:27:33,365 [INFO] Época 14/30, Batch 1150/3348, Loss: 0.2200
2025-10-10 06:27:33,625 [INFO] Época 14/30, Batch 1200/3348, Loss: 0.2319
2025-10-10 06:27:33,881 [INFO] Época 14/30, Batch 1250/3348, Loss: 0.2311
2025-10-10 06:27:34,137 [INFO] Época 14/30, Batch 1300/3348, Loss: 0.1798
2025-10-10 06:27:34,396 [INFO] Época 14/30, Batch 1350/3348, Loss: 0.1895
2025-10-10 06:27:34,654 [INFO] Época 14/30, Batch 1400/3348, Loss: 0.1090
2025-10-10 06:27:34,913 [INFO] Época 14/30, Batch 1450/3348, Loss: 0.1801
2025-10-10 06:27:35,171 [INFO] Época 14/30, Batch 1500/3348, Loss: 0.2252
2025-10-10 06:27:35,431 [INFO] Época 14/30, Batch 1550/3348, Loss: 0.2248
2025-10-10 06:27:35,691 [INFO] Época 14/30, Batch 1600/3348, Loss: 0.1486
2025-10-10 06:27:35,950 [INFO] Época 14/30, Batch 1650/3348, Loss: 0.1833
2025-10-10 06:27:36,210 [INFO] Época 14/30, Batch 1700/3348, Loss: 0.0935
2025-10-10 06:27:36,467 [INFO] Época 14/30, Batch 1750/3348, Loss: 0.1715
2025-10-10 06:27:36,727 [INFO] Época 14/30, Batch 1800/3348, Loss: 0.1981
2025-10-10 06:27:36,988 [INFO] Época 14/30, Batch 1850/3348, Loss: 0.2040
2025-10-10 06:27:37,247 [INFO] Época 14/30, Batch 1900/3348, Loss: 0.2133
2025-10-10 06:27:37,506 [INFO] Época 14/30, Batch 1950/3348, Loss: 0.2487
2025-10-10 06:27:37,766 [INFO] Época 14/30, Batch 2000/3348, Loss: 0.2989
2025-10-10 06:27:38,026 [INFO] Época 14/30, Batch 2050/3348, Loss: 0.2090
2025-10-10 06:27:38,287 [INFO] Época 14/30, Batch 2100/3348, Loss: 0.2060
2025-10-10 06:27:38,549 [INFO] Época 14/30, Batch 2150/3348, Loss: 0.2945
2025-10-10 06:27:38,810 [INFO] Época 14/30, Batch 2200/3348, Loss: 0.1717
2025-10-10 06:27:39,071 [INFO] Época 14/30, Batch 2250/3348, Loss: 0.1741
2025-10-10 06:27:39,330 [INFO] Época 14/30, Batch 2300/3348, Loss: 0.1654
2025-10-10 06:27:39,590 [INFO] Época 14/30, Batch 2350/3348, Loss: 0.1957
2025-10-10 06:27:39,850 [INFO] Época 14/30, Batch 2400/3348, Loss: 0.2060
2025-10-10 06:27:40,109 [INFO] Época 14/30, Batch 2450/3348, Loss: 0.2153
2025-10-10 06:27:40,370 [INFO] Época 14/30, Batch 2500/3348, Loss: 0.1745
2025-10-10 06:27:40,629 [INFO] Época 14/30, Batch 2550/3348, Loss: 0.1562
2025-10-10 06:27:40,891 [INFO] Época 14/30, Batch 2600/3348, Loss: 0.1434
2025-10-10 06:27:41,151 [INFO] Época 14/30, Batch 2650/3348, Loss: 0.2748
2025-10-10 06:27:41,411 [INFO] Época 14/30, Batch 2700/3348, Loss: 0.1271
2025-10-10 06:27:41,669 [INFO] Época 14/30, Batch 2750/3348, Loss: 0.2438
2025-10-10 06:27:41,928 [INFO] Época 14/30, Batch 2800/3348, Loss: 0.1279
2025-10-10 06:27:42,188 [INFO] Época 14/30, Batch 2850/3348, Loss: 0.1485
2025-10-10 06:27:42,449 [INFO] Época 14/30, Batch 2900/3348, Loss: 0.1101
2025-10-10 06:27:42,708 [INFO] Época 14/30, Batch 2950/3348, Loss: 0.1627
2025-10-10 06:27:42,967 [INFO] Época 14/30, Batch 3000/3348, Loss: 0.1308
2025-10-10 06:27:43,226 [INFO] Época 14/30, Batch 3050/3348, Loss: 0.2141
2025-10-10 06:27:43,487 [INFO] Época 14/30, Batch 3100/3348, Loss: 0.1954
2025-10-10 06:27:43,748 [INFO] Época 14/30, Batch 3150/3348, Loss: 0.1168
2025-10-10 06:27:44,016 [INFO] Época 14/30, Batch 3200/3348, Loss: 0.1776
2025-10-10 06:27:44,275 [INFO] Época 14/30, Batch 3250/3348, Loss: 0.1796
2025-10-10 06:27:44,539 [INFO] Época 14/30, Batch 3300/3348, Loss: 0.2624
2025-10-10 06:27:46,488 [INFO] [14/30] Train Loss: 0.1617 | Val Loss: 0.3182 | Tempo: 19.39s
2025-10-10 06:27:47,079 [INFO] Época 15/30, Batch 50/3348, Loss: 0.2402
2025-10-10 06:27:47,349 [INFO] Época 15/30, Batch 100/3348, Loss: 0.1507
2025-10-10 06:27:47,615 [INFO] Época 15/30, Batch 150/3348, Loss: 0.2081
2025-10-10 06:27:47,879 [INFO] Época 15/30, Batch 200/3348, Loss: 0.1026
2025-10-10 06:27:48,143 [INFO] Época 15/30, Batch 250/3348, Loss: 0.1205
2025-10-10 06:27:48,408 [INFO] Época 15/30, Batch 300/3348, Loss: 0.2011
2025-10-10 06:27:48,675 [INFO] Época 15/30, Batch 350/3348, Loss: 0.1874
2025-10-10 06:27:48,939 [INFO] Época 15/30, Batch 400/3348, Loss: 0.1234
2025-10-10 06:27:49,200 [INFO] Época 15/30, Batch 450/3348, Loss: 0.0894
2025-10-10 06:27:49,463 [INFO] Época 15/30, Batch 500/3348, Loss: 0.1393
2025-10-10 06:27:49,728 [INFO] Época 15/30, Batch 550/3348, Loss: 0.1300
2025-10-10 06:27:49,993 [INFO] Época 15/30, Batch 600/3348, Loss: 0.1954
2025-10-10 06:27:50,256 [INFO] Época 15/30, Batch 650/3348, Loss: 0.1555
2025-10-10 06:27:50,514 [INFO] Época 15/30, Batch 700/3348, Loss: 0.2933
2025-10-10 06:27:50,767 [INFO] Época 15/30, Batch 750/3348, Loss: 0.1262
2025-10-10 06:27:51,028 [INFO] Época 15/30, Batch 800/3348, Loss: 0.1235
2025-10-10 06:27:51,290 [INFO] Época 15/30, Batch 850/3348, Loss: 0.1742
2025-10-10 06:27:51,547 [INFO] Época 15/30, Batch 900/3348, Loss: 0.2571
2025-10-10 06:27:51,800 [INFO] Época 15/30, Batch 950/3348, Loss: 0.1404
2025-10-10 06:27:52,053 [INFO] Época 15/30, Batch 1000/3348, Loss: 0.2229
2025-10-10 06:27:52,304 [INFO] Época 15/30, Batch 1050/3348, Loss: 0.1639
2025-10-10 06:27:52,556 [INFO] Época 15/30, Batch 1100/3348, Loss: 0.0725
2025-10-10 06:27:52,811 [INFO] Época 15/30, Batch 1150/3348, Loss: 0.1578
2025-10-10 06:27:53,076 [INFO] Época 15/30, Batch 1200/3348, Loss: 0.1195
2025-10-10 06:27:53,340 [INFO] Época 15/30, Batch 1250/3348, Loss: 0.1400
2025-10-10 06:27:53,604 [INFO] Época 15/30, Batch 1300/3348, Loss: 0.2165
2025-10-10 06:27:53,867 [INFO] Época 15/30, Batch 1350/3348, Loss: 0.1508
2025-10-10 06:27:54,133 [INFO] Época 15/30, Batch 1400/3348, Loss: 0.2148
2025-10-10 06:27:54,397 [INFO] Época 15/30, Batch 1450/3348, Loss: 0.1118
2025-10-10 06:27:54,661 [INFO] Época 15/30, Batch 1500/3348, Loss: 0.1234
2025-10-10 06:27:54,918 [INFO] Época 15/30, Batch 1550/3348, Loss: 0.1700
2025-10-10 06:27:55,178 [INFO] Época 15/30, Batch 1600/3348, Loss: 0.2171
2025-10-10 06:27:55,438 [INFO] Época 15/30, Batch 1650/3348, Loss: 0.1339
2025-10-10 06:27:55,699 [INFO] Época 15/30, Batch 1700/3348, Loss: 0.2117
2025-10-10 06:27:55,957 [INFO] Época 15/30, Batch 1750/3348, Loss: 0.1279
2025-10-10 06:27:56,216 [INFO] Época 15/30, Batch 1800/3348, Loss: 0.1583
2025-10-10 06:27:56,472 [INFO] Época 15/30, Batch 1850/3348, Loss: 0.1870
2025-10-10 06:27:56,734 [INFO] Época 15/30, Batch 1900/3348, Loss: 0.1976
2025-10-10 06:27:56,992 [INFO] Época 15/30, Batch 1950/3348, Loss: 0.1207
2025-10-10 06:27:57,254 [INFO] Época 15/30, Batch 2000/3348, Loss: 0.1311
2025-10-10 06:27:57,515 [INFO] Época 15/30, Batch 2050/3348, Loss: 0.1843
2025-10-10 06:27:57,779 [INFO] Época 15/30, Batch 2100/3348, Loss: 0.1528
2025-10-10 06:27:58,044 [INFO] Época 15/30, Batch 2150/3348, Loss: 0.0708
2025-10-10 06:27:58,308 [INFO] Época 15/30, Batch 2200/3348, Loss: 0.2214
2025-10-10 06:27:58,570 [INFO] Época 15/30, Batch 2250/3348, Loss: 0.1457
2025-10-10 06:27:58,835 [INFO] Época 15/30, Batch 2300/3348, Loss: 0.1661
2025-10-10 06:27:59,099 [INFO] Época 15/30, Batch 2350/3348, Loss: 0.1863
2025-10-10 06:27:59,365 [INFO] Época 15/30, Batch 2400/3348, Loss: 0.2005
2025-10-10 06:27:59,640 [INFO] Época 15/30, Batch 2450/3348, Loss: 0.1984
2025-10-10 06:27:59,906 [INFO] Época 15/30, Batch 2500/3348, Loss: 0.0677
2025-10-10 06:28:00,171 [INFO] Época 15/30, Batch 2550/3348, Loss: 0.1750
2025-10-10 06:28:00,436 [INFO] Época 15/30, Batch 2600/3348, Loss: 0.1056
2025-10-10 06:28:00,703 [INFO] Época 15/30, Batch 2650/3348, Loss: 0.0923
2025-10-10 06:28:00,986 [INFO] Época 15/30, Batch 2700/3348, Loss: 0.1694
2025-10-10 06:28:01,271 [INFO] Época 15/30, Batch 2750/3348, Loss: 0.1692
2025-10-10 06:28:01,554 [INFO] Época 15/30, Batch 2800/3348, Loss: 0.1789
2025-10-10 06:28:01,839 [INFO] Época 15/30, Batch 2850/3348, Loss: 0.1510
2025-10-10 06:28:02,111 [INFO] Época 15/30, Batch 2900/3348, Loss: 0.1260
2025-10-10 06:28:02,375 [INFO] Época 15/30, Batch 2950/3348, Loss: 0.2484
2025-10-10 06:28:02,639 [INFO] Época 15/30, Batch 3000/3348, Loss: 0.1212
2025-10-10 06:28:02,902 [INFO] Época 15/30, Batch 3050/3348, Loss: 0.1209
2025-10-10 06:28:03,164 [INFO] Época 15/30, Batch 3100/3348, Loss: 0.1767
2025-10-10 06:28:03,428 [INFO] Época 15/30, Batch 3150/3348, Loss: 0.1487
2025-10-10 06:28:03,692 [INFO] Época 15/30, Batch 3200/3348, Loss: 0.2223
2025-10-10 06:28:03,957 [INFO] Época 15/30, Batch 3250/3348, Loss: 0.1205
2025-10-10 06:28:04,220 [INFO] Época 15/30, Batch 3300/3348, Loss: 0.2249
2025-10-10 06:28:06,119 [INFO] [15/30] Train Loss: 0.1584 | Val Loss: 0.3204 | Tempo: 19.63s
2025-10-10 06:28:06,708 [INFO] Época 16/30, Batch 50/3348, Loss: 0.1360
2025-10-10 06:28:06,975 [INFO] Época 16/30, Batch 100/3348, Loss: 0.1398
2025-10-10 06:28:07,241 [INFO] Época 16/30, Batch 150/3348, Loss: 0.1496
2025-10-10 06:28:07,504 [INFO] Época 16/30, Batch 200/3348, Loss: 0.2115
2025-10-10 06:28:07,768 [INFO] Época 16/30, Batch 250/3348, Loss: 0.1316
2025-10-10 06:28:08,034 [INFO] Época 16/30, Batch 300/3348, Loss: 0.1766
2025-10-10 06:28:08,299 [INFO] Época 16/30, Batch 350/3348, Loss: 0.1038
2025-10-10 06:28:08,564 [INFO] Época 16/30, Batch 400/3348, Loss: 0.2154
2025-10-10 06:28:08,830 [INFO] Época 16/30, Batch 450/3348, Loss: 0.1578
2025-10-10 06:28:09,095 [INFO] Época 16/30, Batch 500/3348, Loss: 0.1444
2025-10-10 06:28:09,360 [INFO] Época 16/30, Batch 550/3348, Loss: 0.1468
2025-10-10 06:28:09,628 [INFO] Época 16/30, Batch 600/3348, Loss: 0.0991
2025-10-10 06:28:09,896 [INFO] Época 16/30, Batch 650/3348, Loss: 0.2288
2025-10-10 06:28:10,158 [INFO] Época 16/30, Batch 700/3348, Loss: 0.0938
2025-10-10 06:28:10,417 [INFO] Época 16/30, Batch 750/3348, Loss: 0.2167
2025-10-10 06:28:10,677 [INFO] Época 16/30, Batch 800/3348, Loss: 0.1821
2025-10-10 06:28:10,937 [INFO] Época 16/30, Batch 850/3348, Loss: 0.2785
2025-10-10 06:28:11,205 [INFO] Época 16/30, Batch 900/3348, Loss: 0.0728
2025-10-10 06:28:11,471 [INFO] Época 16/30, Batch 950/3348, Loss: 0.0920
2025-10-10 06:28:11,738 [INFO] Época 16/30, Batch 1000/3348, Loss: 0.2414
2025-10-10 06:28:12,002 [INFO] Época 16/30, Batch 1050/3348, Loss: 0.1454
2025-10-10 06:28:12,266 [INFO] Época 16/30, Batch 1100/3348, Loss: 0.3064
2025-10-10 06:28:12,532 [INFO] Época 16/30, Batch 1150/3348, Loss: 0.2525
2025-10-10 06:28:12,796 [INFO] Época 16/30, Batch 1200/3348, Loss: 0.1640
2025-10-10 06:28:13,058 [INFO] Época 16/30, Batch 1250/3348, Loss: 0.0912
2025-10-10 06:28:13,320 [INFO] Época 16/30, Batch 1300/3348, Loss: 0.2246
2025-10-10 06:28:13,581 [INFO] Época 16/30, Batch 1350/3348, Loss: 0.2091
2025-10-10 06:28:13,843 [INFO] Época 16/30, Batch 1400/3348, Loss: 0.1669
2025-10-10 06:28:14,106 [INFO] Época 16/30, Batch 1450/3348, Loss: 0.1907
2025-10-10 06:28:14,368 [INFO] Época 16/30, Batch 1500/3348, Loss: 0.1504
2025-10-10 06:28:14,629 [INFO] Época 16/30, Batch 1550/3348, Loss: 0.1783
2025-10-10 06:28:14,892 [INFO] Época 16/30, Batch 1600/3348, Loss: 0.1176
2025-10-10 06:28:15,154 [INFO] Época 16/30, Batch 1650/3348, Loss: 0.1180
2025-10-10 06:28:15,418 [INFO] Época 16/30, Batch 1700/3348, Loss: 0.2218
2025-10-10 06:28:15,681 [INFO] Época 16/30, Batch 1750/3348, Loss: 0.1736
2025-10-10 06:28:15,942 [INFO] Época 16/30, Batch 1800/3348, Loss: 0.1283
2025-10-10 06:28:16,203 [INFO] Época 16/30, Batch 1850/3348, Loss: 0.1680
2025-10-10 06:28:16,464 [INFO] Época 16/30, Batch 1900/3348, Loss: 0.0906
2025-10-10 06:28:16,736 [INFO] Época 16/30, Batch 1950/3348, Loss: 0.1639
2025-10-10 06:28:16,997 [INFO] Época 16/30, Batch 2000/3348, Loss: 0.1723
2025-10-10 06:28:17,258 [INFO] Época 16/30, Batch 2050/3348, Loss: 0.1435
2025-10-10 06:28:17,519 [INFO] Época 16/30, Batch 2100/3348, Loss: 0.1710
2025-10-10 06:28:17,780 [INFO] Época 16/30, Batch 2150/3348, Loss: 0.0784
2025-10-10 06:28:18,044 [INFO] Época 16/30, Batch 2200/3348, Loss: 0.1680
2025-10-10 06:28:18,305 [INFO] Época 16/30, Batch 2250/3348, Loss: 0.2323
2025-10-10 06:28:18,565 [INFO] Época 16/30, Batch 2300/3348, Loss: 0.1606
2025-10-10 06:28:18,828 [INFO] Época 16/30, Batch 2350/3348, Loss: 0.1459
2025-10-10 06:28:19,092 [INFO] Época 16/30, Batch 2400/3348, Loss: 0.2150
2025-10-10 06:28:19,354 [INFO] Época 16/30, Batch 2450/3348, Loss: 0.1453
2025-10-10 06:28:19,615 [INFO] Época 16/30, Batch 2500/3348, Loss: 0.1714
2025-10-10 06:28:19,876 [INFO] Época 16/30, Batch 2550/3348, Loss: 0.1071
2025-10-10 06:28:20,135 [INFO] Época 16/30, Batch 2600/3348, Loss: 0.2061
2025-10-10 06:28:20,396 [INFO] Época 16/30, Batch 2650/3348, Loss: 0.1705
2025-10-10 06:28:20,657 [INFO] Época 16/30, Batch 2700/3348, Loss: 0.2178
2025-10-10 06:28:20,918 [INFO] Época 16/30, Batch 2750/3348, Loss: 0.1676
2025-10-10 06:28:21,180 [INFO] Época 16/30, Batch 2800/3348, Loss: 0.1616
2025-10-10 06:28:21,440 [INFO] Época 16/30, Batch 2850/3348, Loss: 0.1278
2025-10-10 06:28:21,699 [INFO] Época 16/30, Batch 2900/3348, Loss: 0.1745
2025-10-10 06:28:21,971 [INFO] Época 16/30, Batch 2950/3348, Loss: 0.2738
2025-10-10 06:28:22,232 [INFO] Época 16/30, Batch 3000/3348, Loss: 0.1313
2025-10-10 06:28:22,493 [INFO] Época 16/30, Batch 3050/3348, Loss: 0.0841
2025-10-10 06:28:22,753 [INFO] Época 16/30, Batch 3100/3348, Loss: 0.2090
2025-10-10 06:28:23,012 [INFO] Época 16/30, Batch 3150/3348, Loss: 0.1830
2025-10-10 06:28:23,271 [INFO] Época 16/30, Batch 3200/3348, Loss: 0.1566
2025-10-10 06:28:23,531 [INFO] Época 16/30, Batch 3250/3348, Loss: 0.0927
2025-10-10 06:28:23,793 [INFO] Época 16/30, Batch 3300/3348, Loss: 0.2440
2025-10-10 06:28:25,715 [INFO] [16/30] Train Loss: 0.1577 | Val Loss: 0.3081 | Tempo: 19.60s
2025-10-10 06:28:26,306 [INFO] Época 17/30, Batch 50/3348, Loss: 0.1999
2025-10-10 06:28:26,582 [INFO] Época 17/30, Batch 100/3348, Loss: 0.1646
2025-10-10 06:28:26,854 [INFO] Época 17/30, Batch 150/3348, Loss: 0.2501
2025-10-10 06:28:27,129 [INFO] Época 17/30, Batch 200/3348, Loss: 0.0542
2025-10-10 06:28:27,400 [INFO] Época 17/30, Batch 250/3348, Loss: 0.0639
2025-10-10 06:28:27,672 [INFO] Época 17/30, Batch 300/3348, Loss: 0.1673
2025-10-10 06:28:27,942 [INFO] Época 17/30, Batch 350/3348, Loss: 0.1864
2025-10-10 06:28:28,213 [INFO] Época 17/30, Batch 400/3348, Loss: 0.1109
2025-10-10 06:28:28,483 [INFO] Época 17/30, Batch 450/3348, Loss: 0.1703
2025-10-10 06:28:28,754 [INFO] Época 17/30, Batch 500/3348, Loss: 0.2195
2025-10-10 06:28:29,028 [INFO] Época 17/30, Batch 550/3348, Loss: 0.1674
2025-10-10 06:28:29,298 [INFO] Época 17/30, Batch 600/3348, Loss: 0.2025
2025-10-10 06:28:29,569 [INFO] Época 17/30, Batch 650/3348, Loss: 0.1561
2025-10-10 06:28:29,841 [INFO] Época 17/30, Batch 700/3348, Loss: 0.1551
2025-10-10 06:28:30,110 [INFO] Época 17/30, Batch 750/3348, Loss: 0.1296
2025-10-10 06:28:30,380 [INFO] Época 17/30, Batch 800/3348, Loss: 0.0879
2025-10-10 06:28:30,646 [INFO] Época 17/30, Batch 850/3348, Loss: 0.1132
2025-10-10 06:28:30,905 [INFO] Época 17/30, Batch 900/3348, Loss: 0.1673
2025-10-10 06:28:31,166 [INFO] Época 17/30, Batch 950/3348, Loss: 0.1247
2025-10-10 06:28:31,427 [INFO] Época 17/30, Batch 1000/3348, Loss: 0.1284
2025-10-10 06:28:31,686 [INFO] Época 17/30, Batch 1050/3348, Loss: 0.1640
2025-10-10 06:28:31,947 [INFO] Época 17/30, Batch 1100/3348, Loss: 0.1105
2025-10-10 06:28:32,221 [INFO] Época 17/30, Batch 1150/3348, Loss: 0.1018
2025-10-10 06:28:32,492 [INFO] Época 17/30, Batch 1200/3348, Loss: 0.1780
2025-10-10 06:28:32,761 [INFO] Época 17/30, Batch 1250/3348, Loss: 0.1834
2025-10-10 06:28:33,027 [INFO] Época 17/30, Batch 1300/3348, Loss: 0.1690
2025-10-10 06:28:33,288 [INFO] Época 17/30, Batch 1350/3348, Loss: 0.2082
2025-10-10 06:28:33,554 [INFO] Época 17/30, Batch 1400/3348, Loss: 0.0742
2025-10-10 06:28:33,820 [INFO] Época 17/30, Batch 1450/3348, Loss: 0.2099
2025-10-10 06:28:34,085 [INFO] Época 17/30, Batch 1500/3348, Loss: 0.1067
2025-10-10 06:28:34,350 [INFO] Época 17/30, Batch 1550/3348, Loss: 0.1690
2025-10-10 06:28:34,614 [INFO] Época 17/30, Batch 1600/3348, Loss: 0.1414
2025-10-10 06:28:34,878 [INFO] Época 17/30, Batch 1650/3348, Loss: 0.1022
2025-10-10 06:28:35,141 [INFO] Época 17/30, Batch 1700/3348, Loss: 0.1473
2025-10-10 06:28:35,400 [INFO] Época 17/30, Batch 1750/3348, Loss: 0.1422
2025-10-10 06:28:35,659 [INFO] Época 17/30, Batch 1800/3348, Loss: 0.0969
2025-10-10 06:28:35,920 [INFO] Época 17/30, Batch 1850/3348, Loss: 0.1125
2025-10-10 06:28:36,182 [INFO] Época 17/30, Batch 1900/3348, Loss: 0.0775
2025-10-10 06:28:36,446 [INFO] Época 17/30, Batch 1950/3348, Loss: 0.1966
2025-10-10 06:28:36,713 [INFO] Época 17/30, Batch 2000/3348, Loss: 0.1169
2025-10-10 06:28:36,977 [INFO] Época 17/30, Batch 2050/3348, Loss: 0.1202
2025-10-10 06:28:37,254 [INFO] Época 17/30, Batch 2100/3348, Loss: 0.1624
2025-10-10 06:28:37,521 [INFO] Época 17/30, Batch 2150/3348, Loss: 0.1349
2025-10-10 06:28:37,783 [INFO] Época 17/30, Batch 2200/3348, Loss: 0.1716
2025-10-10 06:28:38,049 [INFO] Época 17/30, Batch 2250/3348, Loss: 0.1869
2025-10-10 06:28:38,316 [INFO] Época 17/30, Batch 2300/3348, Loss: 0.1353
2025-10-10 06:28:38,581 [INFO] Época 17/30, Batch 2350/3348, Loss: 0.1958
2025-10-10 06:28:38,847 [INFO] Época 17/30, Batch 2400/3348, Loss: 0.1049
2025-10-10 06:28:39,114 [INFO] Época 17/30, Batch 2450/3348, Loss: 0.1383
2025-10-10 06:28:39,382 [INFO] Época 17/30, Batch 2500/3348, Loss: 0.1482
2025-10-10 06:28:39,648 [INFO] Época 17/30, Batch 2550/3348, Loss: 0.2151
2025-10-10 06:28:39,917 [INFO] Época 17/30, Batch 2600/3348, Loss: 0.1544
2025-10-10 06:28:40,176 [INFO] Época 17/30, Batch 2650/3348, Loss: 0.1458
2025-10-10 06:28:40,435 [INFO] Época 17/30, Batch 2700/3348, Loss: 0.1515
2025-10-10 06:28:40,699 [INFO] Época 17/30, Batch 2750/3348, Loss: 0.1644
2025-10-10 06:28:40,958 [INFO] Época 17/30, Batch 2800/3348, Loss: 0.1965
2025-10-10 06:28:41,217 [INFO] Época 17/30, Batch 2850/3348, Loss: 0.1596
2025-10-10 06:28:41,476 [INFO] Época 17/30, Batch 2900/3348, Loss: 0.1387
2025-10-10 06:28:41,735 [INFO] Época 17/30, Batch 2950/3348, Loss: 0.1129
2025-10-10 06:28:41,998 [INFO] Época 17/30, Batch 3000/3348, Loss: 0.1115
2025-10-10 06:28:42,260 [INFO] Época 17/30, Batch 3050/3348, Loss: 0.1562
2025-10-10 06:28:42,519 [INFO] Época 17/30, Batch 3100/3348, Loss: 0.1085
2025-10-10 06:28:42,789 [INFO] Época 17/30, Batch 3150/3348, Loss: 0.1518
2025-10-10 06:28:43,063 [INFO] Época 17/30, Batch 3200/3348, Loss: 0.1503
2025-10-10 06:28:43,334 [INFO] Época 17/30, Batch 3250/3348, Loss: 0.1470
2025-10-10 06:28:43,604 [INFO] Época 17/30, Batch 3300/3348, Loss: 0.1878
2025-10-10 06:28:45,484 [INFO] [17/30] Train Loss: 0.1552 | Val Loss: 0.3048 | Tempo: 19.77s
2025-10-10 06:28:46,083 [INFO] Época 18/30, Batch 50/3348, Loss: 0.1752
2025-10-10 06:28:46,361 [INFO] Época 18/30, Batch 100/3348, Loss: 0.1503
2025-10-10 06:28:46,636 [INFO] Época 18/30, Batch 150/3348, Loss: 0.1955
2025-10-10 06:28:46,913 [INFO] Época 18/30, Batch 200/3348, Loss: 0.1327
2025-10-10 06:28:47,185 [INFO] Época 18/30, Batch 250/3348, Loss: 0.2898
2025-10-10 06:28:47,459 [INFO] Época 18/30, Batch 300/3348, Loss: 0.1609
2025-10-10 06:28:47,730 [INFO] Época 18/30, Batch 350/3348, Loss: 0.2160
2025-10-10 06:28:48,002 [INFO] Época 18/30, Batch 400/3348, Loss: 0.1579
2025-10-10 06:28:48,275 [INFO] Época 18/30, Batch 450/3348, Loss: 0.1047
2025-10-10 06:28:48,550 [INFO] Época 18/30, Batch 500/3348, Loss: 0.1166
2025-10-10 06:28:48,824 [INFO] Época 18/30, Batch 550/3348, Loss: 0.2366
2025-10-10 06:28:49,088 [INFO] Época 18/30, Batch 600/3348, Loss: 0.1233
2025-10-10 06:28:49,353 [INFO] Época 18/30, Batch 650/3348, Loss: 0.1900
2025-10-10 06:28:49,620 [INFO] Época 18/30, Batch 700/3348, Loss: 0.1621
2025-10-10 06:28:49,882 [INFO] Época 18/30, Batch 750/3348, Loss: 0.2014
2025-10-10 06:28:50,146 [INFO] Época 18/30, Batch 800/3348, Loss: 0.1897
2025-10-10 06:28:50,412 [INFO] Época 18/30, Batch 850/3348, Loss: 0.1030
2025-10-10 06:28:50,685 [INFO] Época 18/30, Batch 900/3348, Loss: 0.1673
2025-10-10 06:28:50,959 [INFO] Época 18/30, Batch 950/3348, Loss: 0.1202
2025-10-10 06:28:51,233 [INFO] Época 18/30, Batch 1000/3348, Loss: 0.1558
2025-10-10 06:28:51,506 [INFO] Época 18/30, Batch 1050/3348, Loss: 0.2630
2025-10-10 06:28:51,778 [INFO] Época 18/30, Batch 1100/3348, Loss: 0.1557
2025-10-10 06:28:52,049 [INFO] Época 18/30, Batch 1150/3348, Loss: 0.1533
2025-10-10 06:28:52,320 [INFO] Época 18/30, Batch 1200/3348, Loss: 0.1385
2025-10-10 06:28:52,600 [INFO] Época 18/30, Batch 1250/3348, Loss: 0.1608
2025-10-10 06:28:52,872 [INFO] Época 18/30, Batch 1300/3348, Loss: 0.1621
2025-10-10 06:28:53,143 [INFO] Época 18/30, Batch 1350/3348, Loss: 0.1324
2025-10-10 06:28:53,417 [INFO] Época 18/30, Batch 1400/3348, Loss: 0.1598
2025-10-10 06:28:53,688 [INFO] Época 18/30, Batch 1450/3348, Loss: 0.1583
2025-10-10 06:28:53,952 [INFO] Época 18/30, Batch 1500/3348, Loss: 0.1477
2025-10-10 06:28:54,214 [INFO] Época 18/30, Batch 1550/3348, Loss: 0.1647
2025-10-10 06:28:54,475 [INFO] Época 18/30, Batch 1600/3348, Loss: 0.2701
2025-10-10 06:28:54,744 [INFO] Época 18/30, Batch 1650/3348, Loss: 0.2170
2025-10-10 06:28:55,016 [INFO] Época 18/30, Batch 1700/3348, Loss: 0.2022
2025-10-10 06:28:55,288 [INFO] Época 18/30, Batch 1750/3348, Loss: 0.1548
2025-10-10 06:28:55,561 [INFO] Época 18/30, Batch 1800/3348, Loss: 0.2089
2025-10-10 06:28:55,834 [INFO] Época 18/30, Batch 1850/3348, Loss: 0.1132
2025-10-10 06:28:56,107 [INFO] Época 18/30, Batch 1900/3348, Loss: 0.2054
2025-10-10 06:28:56,378 [INFO] Época 18/30, Batch 1950/3348, Loss: 0.2258
2025-10-10 06:28:56,651 [INFO] Época 18/30, Batch 2000/3348, Loss: 0.1330
2025-10-10 06:28:56,922 [INFO] Época 18/30, Batch 2050/3348, Loss: 0.1413
2025-10-10 06:28:57,193 [INFO] Época 18/30, Batch 2100/3348, Loss: 0.1455
2025-10-10 06:28:57,464 [INFO] Época 18/30, Batch 2150/3348, Loss: 0.1367
2025-10-10 06:28:57,737 [INFO] Época 18/30, Batch 2200/3348, Loss: 0.1165
2025-10-10 06:28:58,010 [INFO] Época 18/30, Batch 2250/3348, Loss: 0.1723
2025-10-10 06:28:58,283 [INFO] Época 18/30, Batch 2300/3348, Loss: 0.2557
2025-10-10 06:28:58,554 [INFO] Época 18/30, Batch 2350/3348, Loss: 0.2224
2025-10-10 06:28:58,825 [INFO] Época 18/30, Batch 2400/3348, Loss: 0.1805
2025-10-10 06:28:59,097 [INFO] Época 18/30, Batch 2450/3348, Loss: 0.1209
2025-10-10 06:28:59,371 [INFO] Época 18/30, Batch 2500/3348, Loss: 0.1953
2025-10-10 06:28:59,642 [INFO] Época 18/30, Batch 2550/3348, Loss: 0.2488
2025-10-10 06:28:59,902 [INFO] Época 18/30, Batch 2600/3348, Loss: 0.1197
2025-10-10 06:29:00,165 [INFO] Época 18/30, Batch 2650/3348, Loss: 0.1520
2025-10-10 06:29:00,426 [INFO] Época 18/30, Batch 2700/3348, Loss: 0.1657
2025-10-10 06:29:00,688 [INFO] Época 18/30, Batch 2750/3348, Loss: 0.1648
2025-10-10 06:29:00,952 [INFO] Época 18/30, Batch 2800/3348, Loss: 0.1862
2025-10-10 06:29:01,211 [INFO] Época 18/30, Batch 2850/3348, Loss: 0.1202
2025-10-10 06:29:01,471 [INFO] Época 18/30, Batch 2900/3348, Loss: 0.1468
2025-10-10 06:29:01,733 [INFO] Época 18/30, Batch 2950/3348, Loss: 0.2092
2025-10-10 06:29:01,994 [INFO] Época 18/30, Batch 3000/3348, Loss: 0.1108
2025-10-10 06:29:02,256 [INFO] Época 18/30, Batch 3050/3348, Loss: 0.0806
2025-10-10 06:29:02,516 [INFO] Época 18/30, Batch 3100/3348, Loss: 0.1189
2025-10-10 06:29:02,789 [INFO] Época 18/30, Batch 3150/3348, Loss: 0.1328
2025-10-10 06:29:03,051 [INFO] Época 18/30, Batch 3200/3348, Loss: 0.0580
2025-10-10 06:29:03,313 [INFO] Época 18/30, Batch 3250/3348, Loss: 0.0960
2025-10-10 06:29:03,577 [INFO] Época 18/30, Batch 3300/3348, Loss: 0.1733
2025-10-10 06:29:05,339 [INFO] [18/30] Train Loss: 0.1542 | Val Loss: 0.2987 | Tempo: 19.85s
2025-10-10 06:29:05,340 [INFO] Early stopping ativado após 10 épocas sem melhoria
2025-10-10 06:29:05,340 [INFO] Treinamento concluído em 352.85 segundos (5.88 minutos)
2025-10-10 06:29:05,340 [INFO] Iniciando avaliação no conjunto de teste...
2025-10-10 06:29:06,800 [INFO] Avaliação do teste concluída em 1.46 segundos
2025-10-10 06:29:06,801 [INFO] MSE no teste: 0.1700
2025-10-10 06:29:06,801 [INFO] RMSE no teste: 0.4124
2025-10-10 06:29:06,801 [INFO] MAE no teste: 0.2975
2025-10-10 06:29:06,802 [INFO] Métricas salvas em /mnt/hdd/home/jdurao/ToolBox-ChemXAI/logs/mlp_att9_Pattern_metrics.json
