2025-10-10 09:27:06,505 [INFO] Iniciando treinamento do modelo mlp_att12_Morgan
2025-10-10 09:27:06,505 [INFO] Configuração: att_index=12, epochs=30, layers=[128, 64, 32], lr=0.001, batch_size=32, descriptor_type=Morgan
2025-10-10 09:27:06,505 [INFO] Diretório para modelos: /mnt/hdd/home/jdurao/ToolBox-ChemXAI/models
2025-10-10 09:27:06,505 [INFO] Carregando dados...
2025-10-10 09:27:06,582 [INFO] Preparando dataloaders sem ruído...
2025-10-10 09:27:14,409 [INFO] Dados carregados em 7.90 segundos
2025-10-10 09:27:14,410 [INFO] Tamanhos dos conjuntos - Treino: 107108, Validação: 13388, Teste: 13389
2025-10-10 09:27:14,410 [INFO] Usando dispositivo: cuda
2025-10-10 09:27:14,807 [INFO] Dimensão de entrada: 512, Dimensão de saída: 1
2025-10-10 09:27:14,808 [INFO] Criando modelo MLP com camadas: [128, 64, 32]
2025-10-10 09:27:14,811 [INFO] Modelo criado com 76033 parâmetros
2025-10-10 09:27:14,813 [INFO] Iniciando treinamento com 30 épocas...
2025-10-10 09:27:15,396 [INFO] Época 1/30, Batch 50/3348, Loss: 0.4811
2025-10-10 09:27:15,661 [INFO] Época 1/30, Batch 100/3348, Loss: 0.4784
2025-10-10 09:27:15,936 [INFO] Época 1/30, Batch 150/3348, Loss: 0.4875
2025-10-10 09:27:16,198 [INFO] Época 1/30, Batch 200/3348, Loss: 0.3593
2025-10-10 09:27:16,459 [INFO] Época 1/30, Batch 250/3348, Loss: 0.4322
2025-10-10 09:27:16,719 [INFO] Época 1/30, Batch 300/3348, Loss: 0.5892
2025-10-10 09:27:16,979 [INFO] Época 1/30, Batch 350/3348, Loss: 0.4675
2025-10-10 09:27:17,240 [INFO] Época 1/30, Batch 400/3348, Loss: 0.5077
2025-10-10 09:27:17,500 [INFO] Época 1/30, Batch 450/3348, Loss: 0.4324
2025-10-10 09:27:17,760 [INFO] Época 1/30, Batch 500/3348, Loss: 0.5573
2025-10-10 09:27:18,022 [INFO] Época 1/30, Batch 550/3348, Loss: 0.3885
2025-10-10 09:27:18,283 [INFO] Época 1/30, Batch 600/3348, Loss: 0.4808
2025-10-10 09:27:18,544 [INFO] Época 1/30, Batch 650/3348, Loss: 0.4669
2025-10-10 09:27:18,804 [INFO] Época 1/30, Batch 700/3348, Loss: 0.4435
2025-10-10 09:27:19,062 [INFO] Época 1/30, Batch 750/3348, Loss: 0.5211
2025-10-10 09:27:19,322 [INFO] Época 1/30, Batch 800/3348, Loss: 0.3794
2025-10-10 09:27:19,581 [INFO] Época 1/30, Batch 850/3348, Loss: 0.5068
2025-10-10 09:27:19,840 [INFO] Época 1/30, Batch 900/3348, Loss: 0.4593
2025-10-10 09:27:20,097 [INFO] Época 1/30, Batch 950/3348, Loss: 0.4302
2025-10-10 09:27:20,356 [INFO] Época 1/30, Batch 1000/3348, Loss: 0.4954
2025-10-10 09:27:20,616 [INFO] Época 1/30, Batch 1050/3348, Loss: 0.5308
2025-10-10 09:27:20,878 [INFO] Época 1/30, Batch 1100/3348, Loss: 0.5139
2025-10-10 09:27:21,148 [INFO] Época 1/30, Batch 1150/3348, Loss: 0.4782
2025-10-10 09:27:21,409 [INFO] Época 1/30, Batch 1200/3348, Loss: 0.4675
2025-10-10 09:27:21,668 [INFO] Época 1/30, Batch 1250/3348, Loss: 0.4508
2025-10-10 09:27:21,933 [INFO] Época 1/30, Batch 1300/3348, Loss: 0.3419
2025-10-10 09:27:22,196 [INFO] Época 1/30, Batch 1350/3348, Loss: 0.3992
2025-10-10 09:27:22,458 [INFO] Época 1/30, Batch 1400/3348, Loss: 0.3443
2025-10-10 09:27:22,720 [INFO] Época 1/30, Batch 1450/3348, Loss: 0.3825
2025-10-10 09:27:22,981 [INFO] Época 1/30, Batch 1500/3348, Loss: 0.4273
2025-10-10 09:27:23,248 [INFO] Época 1/30, Batch 1550/3348, Loss: 0.3602
2025-10-10 09:27:23,508 [INFO] Época 1/30, Batch 1600/3348, Loss: 0.5179
2025-10-10 09:27:23,767 [INFO] Época 1/30, Batch 1650/3348, Loss: 0.6116
2025-10-10 09:27:24,027 [INFO] Época 1/30, Batch 1700/3348, Loss: 0.5382
2025-10-10 09:27:24,289 [INFO] Época 1/30, Batch 1750/3348, Loss: 0.3549
2025-10-10 09:27:24,548 [INFO] Época 1/30, Batch 1800/3348, Loss: 0.4442
2025-10-10 09:27:24,809 [INFO] Época 1/30, Batch 1850/3348, Loss: 0.3633
2025-10-10 09:27:25,071 [INFO] Época 1/30, Batch 1900/3348, Loss: 0.4762
2025-10-10 09:27:25,332 [INFO] Época 1/30, Batch 1950/3348, Loss: 0.4570
2025-10-10 09:27:25,595 [INFO] Época 1/30, Batch 2000/3348, Loss: 0.3475
2025-10-10 09:27:25,858 [INFO] Época 1/30, Batch 2050/3348, Loss: 0.2922
2025-10-10 09:27:26,120 [INFO] Época 1/30, Batch 2100/3348, Loss: 0.4032
2025-10-10 09:27:26,387 [INFO] Época 1/30, Batch 2150/3348, Loss: 0.3456
2025-10-10 09:27:26,649 [INFO] Época 1/30, Batch 2200/3348, Loss: 0.4538
2025-10-10 09:27:26,907 [INFO] Época 1/30, Batch 2250/3348, Loss: 0.3868
2025-10-10 09:27:27,169 [INFO] Época 1/30, Batch 2300/3348, Loss: 0.4495
2025-10-10 09:27:27,426 [INFO] Época 1/30, Batch 2350/3348, Loss: 0.4535
2025-10-10 09:27:27,686 [INFO] Época 1/30, Batch 2400/3348, Loss: 0.3520
2025-10-10 09:27:27,946 [INFO] Época 1/30, Batch 2450/3348, Loss: 0.3375
2025-10-10 09:27:28,205 [INFO] Época 1/30, Batch 2500/3348, Loss: 0.4154
2025-10-10 09:27:28,464 [INFO] Época 1/30, Batch 2550/3348, Loss: 0.4772
2025-10-10 09:27:28,725 [INFO] Época 1/30, Batch 2600/3348, Loss: 0.3168
2025-10-10 09:27:28,983 [INFO] Época 1/30, Batch 2650/3348, Loss: 0.3512
2025-10-10 09:27:29,242 [INFO] Época 1/30, Batch 2700/3348, Loss: 0.3614
2025-10-10 09:27:29,502 [INFO] Época 1/30, Batch 2750/3348, Loss: 0.4098
2025-10-10 09:27:29,761 [INFO] Época 1/30, Batch 2800/3348, Loss: 0.3505
2025-10-10 09:27:30,022 [INFO] Época 1/30, Batch 2850/3348, Loss: 0.4361
2025-10-10 09:27:30,281 [INFO] Época 1/30, Batch 2900/3348, Loss: 0.2898
2025-10-10 09:27:30,540 [INFO] Época 1/30, Batch 2950/3348, Loss: 0.3820
2025-10-10 09:27:30,800 [INFO] Época 1/30, Batch 3000/3348, Loss: 0.4632
2025-10-10 09:27:31,059 [INFO] Época 1/30, Batch 3050/3348, Loss: 0.4559
2025-10-10 09:27:31,320 [INFO] Época 1/30, Batch 3100/3348, Loss: 0.3270
2025-10-10 09:27:31,589 [INFO] Época 1/30, Batch 3150/3348, Loss: 0.4665
2025-10-10 09:27:31,848 [INFO] Época 1/30, Batch 3200/3348, Loss: 0.2913
2025-10-10 09:27:32,105 [INFO] Época 1/30, Batch 3250/3348, Loss: 0.4103
2025-10-10 09:27:32,365 [INFO] Época 1/30, Batch 3300/3348, Loss: 0.5804
2025-10-10 09:27:34,219 [INFO] [1/30] Train Loss: 0.4208 | Val Loss: 0.3903 | Tempo: 19.41s
2025-10-10 09:27:34,224 [INFO] Melhor modelo salvo em: /mnt/hdd/home/jdurao/ToolBox-ChemXAI/models/mlp_qm9_Morgan_att12_large.pth
2025-10-10 09:27:34,803 [INFO] Época 2/30, Batch 50/3348, Loss: 0.2592
2025-10-10 09:27:35,064 [INFO] Época 2/30, Batch 100/3348, Loss: 0.3777
2025-10-10 09:27:35,327 [INFO] Época 2/30, Batch 150/3348, Loss: 0.4806
2025-10-10 09:27:35,603 [INFO] Época 2/30, Batch 200/3348, Loss: 0.3954
2025-10-10 09:27:35,876 [INFO] Época 2/30, Batch 250/3348, Loss: 0.2557
2025-10-10 09:27:36,137 [INFO] Época 2/30, Batch 300/3348, Loss: 0.3166
2025-10-10 09:27:36,396 [INFO] Época 2/30, Batch 350/3348, Loss: 0.2783
2025-10-10 09:27:36,667 [INFO] Época 2/30, Batch 400/3348, Loss: 0.4274
2025-10-10 09:27:36,926 [INFO] Época 2/30, Batch 450/3348, Loss: 0.2246
2025-10-10 09:27:37,186 [INFO] Época 2/30, Batch 500/3348, Loss: 0.3407
2025-10-10 09:27:37,446 [INFO] Época 2/30, Batch 550/3348, Loss: 0.2968
2025-10-10 09:27:37,706 [INFO] Época 2/30, Batch 600/3348, Loss: 0.2906
2025-10-10 09:27:37,965 [INFO] Época 2/30, Batch 650/3348, Loss: 0.3279
2025-10-10 09:27:38,215 [INFO] Época 2/30, Batch 700/3348, Loss: 0.4037
2025-10-10 09:27:38,469 [INFO] Época 2/30, Batch 750/3348, Loss: 0.4627
2025-10-10 09:27:38,730 [INFO] Época 2/30, Batch 800/3348, Loss: 0.4029
2025-10-10 09:27:38,990 [INFO] Época 2/30, Batch 850/3348, Loss: 0.3487
2025-10-10 09:27:39,251 [INFO] Época 2/30, Batch 900/3348, Loss: 0.3643
2025-10-10 09:27:39,511 [INFO] Época 2/30, Batch 950/3348, Loss: 0.4089
2025-10-10 09:27:39,771 [INFO] Época 2/30, Batch 1000/3348, Loss: 0.3781
2025-10-10 09:27:40,031 [INFO] Época 2/30, Batch 1050/3348, Loss: 0.3306
2025-10-10 09:27:40,292 [INFO] Época 2/30, Batch 1100/3348, Loss: 0.2329
2025-10-10 09:27:40,550 [INFO] Época 2/30, Batch 1150/3348, Loss: 0.3471
2025-10-10 09:27:40,811 [INFO] Época 2/30, Batch 1200/3348, Loss: 0.3092
2025-10-10 09:27:41,073 [INFO] Época 2/30, Batch 1250/3348, Loss: 0.3162
2025-10-10 09:27:41,333 [INFO] Época 2/30, Batch 1300/3348, Loss: 0.3063
2025-10-10 09:27:41,596 [INFO] Época 2/30, Batch 1350/3348, Loss: 0.5003
2025-10-10 09:27:41,859 [INFO] Época 2/30, Batch 1400/3348, Loss: 0.4040
2025-10-10 09:27:42,121 [INFO] Época 2/30, Batch 1450/3348, Loss: 0.3800
2025-10-10 09:27:42,382 [INFO] Época 2/30, Batch 1500/3348, Loss: 0.4015
2025-10-10 09:27:42,644 [INFO] Época 2/30, Batch 1550/3348, Loss: 0.2719
2025-10-10 09:27:42,908 [INFO] Época 2/30, Batch 1600/3348, Loss: 0.2955
2025-10-10 09:27:43,173 [INFO] Época 2/30, Batch 1650/3348, Loss: 0.3917
2025-10-10 09:27:43,438 [INFO] Época 2/30, Batch 1700/3348, Loss: 0.3594
2025-10-10 09:27:43,702 [INFO] Época 2/30, Batch 1750/3348, Loss: 0.3085
2025-10-10 09:27:43,966 [INFO] Época 2/30, Batch 1800/3348, Loss: 0.1817
2025-10-10 09:27:44,230 [INFO] Época 2/30, Batch 1850/3348, Loss: 0.2845
2025-10-10 09:27:44,513 [INFO] Época 2/30, Batch 1900/3348, Loss: 0.5280
2025-10-10 09:27:44,782 [INFO] Época 2/30, Batch 1950/3348, Loss: 0.3422
2025-10-10 09:27:45,050 [INFO] Época 2/30, Batch 2000/3348, Loss: 0.3629
2025-10-10 09:27:45,316 [INFO] Época 2/30, Batch 2050/3348, Loss: 0.3858
2025-10-10 09:27:45,585 [INFO] Época 2/30, Batch 2100/3348, Loss: 0.3991
2025-10-10 09:27:45,851 [INFO] Época 2/30, Batch 2150/3348, Loss: 0.4093
2025-10-10 09:27:46,115 [INFO] Época 2/30, Batch 2200/3348, Loss: 0.2667
2025-10-10 09:27:46,378 [INFO] Época 2/30, Batch 2250/3348, Loss: 0.4139
2025-10-10 09:27:46,644 [INFO] Época 2/30, Batch 2300/3348, Loss: 0.2731
2025-10-10 09:27:46,920 [INFO] Época 2/30, Batch 2350/3348, Loss: 0.5605
2025-10-10 09:27:47,185 [INFO] Época 2/30, Batch 2400/3348, Loss: 0.3403
2025-10-10 09:27:47,449 [INFO] Época 2/30, Batch 2450/3348, Loss: 0.2975
2025-10-10 09:27:47,715 [INFO] Época 2/30, Batch 2500/3348, Loss: 0.4394
2025-10-10 09:27:47,980 [INFO] Época 2/30, Batch 2550/3348, Loss: 0.3355
2025-10-10 09:27:48,245 [INFO] Época 2/30, Batch 2600/3348, Loss: 0.4139
2025-10-10 09:27:48,509 [INFO] Época 2/30, Batch 2650/3348, Loss: 0.4174
2025-10-10 09:27:48,773 [INFO] Época 2/30, Batch 2700/3348, Loss: 0.1900
2025-10-10 09:27:49,043 [INFO] Época 2/30, Batch 2750/3348, Loss: 0.2446
2025-10-10 09:27:49,308 [INFO] Época 2/30, Batch 2800/3348, Loss: 0.2728
2025-10-10 09:27:49,574 [INFO] Época 2/30, Batch 2850/3348, Loss: 0.3286
2025-10-10 09:27:49,840 [INFO] Época 2/30, Batch 2900/3348, Loss: 0.2484
2025-10-10 09:27:50,104 [INFO] Época 2/30, Batch 2950/3348, Loss: 0.4085
2025-10-10 09:27:50,369 [INFO] Época 2/30, Batch 3000/3348, Loss: 0.4161
2025-10-10 09:27:50,635 [INFO] Época 2/30, Batch 3050/3348, Loss: 0.3653
2025-10-10 09:27:50,902 [INFO] Época 2/30, Batch 3100/3348, Loss: 0.3111
2025-10-10 09:27:51,168 [INFO] Época 2/30, Batch 3150/3348, Loss: 0.4040
2025-10-10 09:27:51,435 [INFO] Época 2/30, Batch 3200/3348, Loss: 0.2569
2025-10-10 09:27:51,698 [INFO] Época 2/30, Batch 3250/3348, Loss: 0.4744
2025-10-10 09:27:51,973 [INFO] Época 2/30, Batch 3300/3348, Loss: 0.5331
2025-10-10 09:27:53,833 [INFO] [2/30] Train Loss: 0.3531 | Val Loss: 0.4743 | Tempo: 19.61s
2025-10-10 09:27:54,435 [INFO] Época 3/30, Batch 50/3348, Loss: 0.2360
2025-10-10 09:27:54,714 [INFO] Época 3/30, Batch 100/3348, Loss: 0.3692
2025-10-10 09:27:54,989 [INFO] Época 3/30, Batch 150/3348, Loss: 0.2503
2025-10-10 09:27:55,262 [INFO] Época 3/30, Batch 200/3348, Loss: 0.4373
2025-10-10 09:27:55,534 [INFO] Época 3/30, Batch 250/3348, Loss: 0.2651
2025-10-10 09:27:55,805 [INFO] Época 3/30, Batch 300/3348, Loss: 0.4148
2025-10-10 09:27:56,077 [INFO] Época 3/30, Batch 350/3348, Loss: 0.3529
2025-10-10 09:27:56,345 [INFO] Época 3/30, Batch 400/3348, Loss: 0.3840
2025-10-10 09:27:56,607 [INFO] Época 3/30, Batch 450/3348, Loss: 0.3001
2025-10-10 09:27:56,871 [INFO] Época 3/30, Batch 500/3348, Loss: 0.3778
2025-10-10 09:27:57,135 [INFO] Época 3/30, Batch 550/3348, Loss: 0.3842
2025-10-10 09:27:57,401 [INFO] Época 3/30, Batch 600/3348, Loss: 0.3444
2025-10-10 09:27:57,663 [INFO] Época 3/30, Batch 650/3348, Loss: 0.3793
2025-10-10 09:27:57,925 [INFO] Época 3/30, Batch 700/3348, Loss: 0.3641
2025-10-10 09:27:58,189 [INFO] Época 3/30, Batch 750/3348, Loss: 0.2051
2025-10-10 09:27:58,460 [INFO] Época 3/30, Batch 800/3348, Loss: 0.2943
2025-10-10 09:27:58,733 [INFO] Época 3/30, Batch 850/3348, Loss: 0.3518
2025-10-10 09:27:59,003 [INFO] Época 3/30, Batch 900/3348, Loss: 0.2639
2025-10-10 09:27:59,270 [INFO] Época 3/30, Batch 950/3348, Loss: 0.2892
2025-10-10 09:27:59,532 [INFO] Época 3/30, Batch 1000/3348, Loss: 0.3296
2025-10-10 09:27:59,797 [INFO] Época 3/30, Batch 1050/3348, Loss: 0.4043
2025-10-10 09:28:00,061 [INFO] Época 3/30, Batch 1100/3348, Loss: 0.4051
2025-10-10 09:28:00,325 [INFO] Época 3/30, Batch 1150/3348, Loss: 0.3192
2025-10-10 09:28:00,592 [INFO] Época 3/30, Batch 1200/3348, Loss: 0.3077
2025-10-10 09:28:00,861 [INFO] Época 3/30, Batch 1250/3348, Loss: 0.2940
2025-10-10 09:28:01,122 [INFO] Época 3/30, Batch 1300/3348, Loss: 0.3398
2025-10-10 09:28:01,383 [INFO] Época 3/30, Batch 1350/3348, Loss: 0.2890
2025-10-10 09:28:01,656 [INFO] Época 3/30, Batch 1400/3348, Loss: 0.2932
2025-10-10 09:28:01,928 [INFO] Época 3/30, Batch 1450/3348, Loss: 0.3086
2025-10-10 09:28:02,199 [INFO] Época 3/30, Batch 1500/3348, Loss: 0.4047
2025-10-10 09:28:02,472 [INFO] Época 3/30, Batch 1550/3348, Loss: 0.2462
2025-10-10 09:28:02,747 [INFO] Época 3/30, Batch 1600/3348, Loss: 0.3928
2025-10-10 09:28:03,021 [INFO] Época 3/30, Batch 1650/3348, Loss: 0.2615
2025-10-10 09:28:03,294 [INFO] Época 3/30, Batch 1700/3348, Loss: 0.2424
2025-10-10 09:28:03,568 [INFO] Época 3/30, Batch 1750/3348, Loss: 0.3118
2025-10-10 09:28:03,839 [INFO] Época 3/30, Batch 1800/3348, Loss: 0.2019
2025-10-10 09:28:04,108 [INFO] Época 3/30, Batch 1850/3348, Loss: 0.2179
2025-10-10 09:28:04,378 [INFO] Época 3/30, Batch 1900/3348, Loss: 0.2264
2025-10-10 09:28:04,648 [INFO] Época 3/30, Batch 1950/3348, Loss: 0.2870
2025-10-10 09:28:04,912 [INFO] Época 3/30, Batch 2000/3348, Loss: 0.2993
2025-10-10 09:28:05,172 [INFO] Época 3/30, Batch 2050/3348, Loss: 0.2756
2025-10-10 09:28:05,431 [INFO] Época 3/30, Batch 2100/3348, Loss: 0.3740
2025-10-10 09:28:05,692 [INFO] Época 3/30, Batch 2150/3348, Loss: 0.5371
2025-10-10 09:28:05,953 [INFO] Época 3/30, Batch 2200/3348, Loss: 0.4503
2025-10-10 09:28:06,213 [INFO] Época 3/30, Batch 2250/3348, Loss: 0.3417
2025-10-10 09:28:06,469 [INFO] Época 3/30, Batch 2300/3348, Loss: 0.2960
2025-10-10 09:28:06,731 [INFO] Época 3/30, Batch 2350/3348, Loss: 0.2656
2025-10-10 09:28:06,992 [INFO] Época 3/30, Batch 2400/3348, Loss: 0.2632
2025-10-10 09:28:07,265 [INFO] Época 3/30, Batch 2450/3348, Loss: 0.2238
2025-10-10 09:28:07,529 [INFO] Época 3/30, Batch 2500/3348, Loss: 0.3165
2025-10-10 09:28:07,801 [INFO] Época 3/30, Batch 2550/3348, Loss: 0.1749
2025-10-10 09:28:08,073 [INFO] Época 3/30, Batch 2600/3348, Loss: 0.2071
2025-10-10 09:28:08,345 [INFO] Época 3/30, Batch 2650/3348, Loss: 0.3187
2025-10-10 09:28:08,615 [INFO] Época 3/30, Batch 2700/3348, Loss: 0.3069
2025-10-10 09:28:08,885 [INFO] Época 3/30, Batch 2750/3348, Loss: 0.3438
2025-10-10 09:28:09,156 [INFO] Época 3/30, Batch 2800/3348, Loss: 0.3739
2025-10-10 09:28:09,426 [INFO] Época 3/30, Batch 2850/3348, Loss: 0.2130
2025-10-10 09:28:09,697 [INFO] Época 3/30, Batch 2900/3348, Loss: 0.2901
2025-10-10 09:28:09,967 [INFO] Época 3/30, Batch 2950/3348, Loss: 0.3224
2025-10-10 09:28:10,236 [INFO] Época 3/30, Batch 3000/3348, Loss: 0.2802
2025-10-10 09:28:10,498 [INFO] Época 3/30, Batch 3050/3348, Loss: 0.2951
2025-10-10 09:28:10,763 [INFO] Época 3/30, Batch 3100/3348, Loss: 0.2986
2025-10-10 09:28:11,034 [INFO] Época 3/30, Batch 3150/3348, Loss: 0.3349
2025-10-10 09:28:11,302 [INFO] Época 3/30, Batch 3200/3348, Loss: 0.3963
2025-10-10 09:28:11,572 [INFO] Época 3/30, Batch 3250/3348, Loss: 0.3855
2025-10-10 09:28:11,839 [INFO] Época 3/30, Batch 3300/3348, Loss: 0.3346
2025-10-10 09:28:13,669 [INFO] [3/30] Train Loss: 0.3223 | Val Loss: 0.4389 | Tempo: 19.84s
2025-10-10 09:28:14,252 [INFO] Época 4/30, Batch 50/3348, Loss: 0.2788
2025-10-10 09:28:14,521 [INFO] Época 4/30, Batch 100/3348, Loss: 0.2656
2025-10-10 09:28:14,790 [INFO] Época 4/30, Batch 150/3348, Loss: 0.2549
2025-10-10 09:28:15,057 [INFO] Época 4/30, Batch 200/3348, Loss: 0.3478
2025-10-10 09:28:15,324 [INFO] Época 4/30, Batch 250/3348, Loss: 0.2877
2025-10-10 09:28:15,591 [INFO] Época 4/30, Batch 300/3348, Loss: 0.2887
2025-10-10 09:28:15,855 [INFO] Época 4/30, Batch 350/3348, Loss: 0.2223
2025-10-10 09:28:16,117 [INFO] Época 4/30, Batch 400/3348, Loss: 0.1970
2025-10-10 09:28:16,383 [INFO] Época 4/30, Batch 450/3348, Loss: 0.4135
2025-10-10 09:28:16,648 [INFO] Época 4/30, Batch 500/3348, Loss: 0.2207
2025-10-10 09:28:16,905 [INFO] Época 4/30, Batch 550/3348, Loss: 0.3601
2025-10-10 09:28:17,180 [INFO] Época 4/30, Batch 600/3348, Loss: 0.3178
2025-10-10 09:28:17,459 [INFO] Época 4/30, Batch 650/3348, Loss: 0.3198
2025-10-10 09:28:17,725 [INFO] Época 4/30, Batch 700/3348, Loss: 0.3677
2025-10-10 09:28:17,988 [INFO] Época 4/30, Batch 750/3348, Loss: 0.2905
2025-10-10 09:28:18,252 [INFO] Época 4/30, Batch 800/3348, Loss: 0.2793
2025-10-10 09:28:18,512 [INFO] Época 4/30, Batch 850/3348, Loss: 0.1952
2025-10-10 09:28:18,777 [INFO] Época 4/30, Batch 900/3348, Loss: 0.2200
2025-10-10 09:28:19,042 [INFO] Época 4/30, Batch 950/3348, Loss: 0.3888
2025-10-10 09:28:19,306 [INFO] Época 4/30, Batch 1000/3348, Loss: 0.3885
2025-10-10 09:28:19,568 [INFO] Época 4/30, Batch 1050/3348, Loss: 0.2934
2025-10-10 09:28:19,833 [INFO] Época 4/30, Batch 1100/3348, Loss: 0.3367
2025-10-10 09:28:20,100 [INFO] Época 4/30, Batch 1150/3348, Loss: 0.3763
2025-10-10 09:28:20,366 [INFO] Época 4/30, Batch 1200/3348, Loss: 0.3051
2025-10-10 09:28:20,631 [INFO] Época 4/30, Batch 1250/3348, Loss: 0.2038
2025-10-10 09:28:20,891 [INFO] Época 4/30, Batch 1300/3348, Loss: 0.3228
2025-10-10 09:28:21,150 [INFO] Época 4/30, Batch 1350/3348, Loss: 0.3678
2025-10-10 09:28:21,411 [INFO] Época 4/30, Batch 1400/3348, Loss: 0.4508
2025-10-10 09:28:21,674 [INFO] Época 4/30, Batch 1450/3348, Loss: 0.4782
2025-10-10 09:28:21,936 [INFO] Época 4/30, Batch 1500/3348, Loss: 0.3560
2025-10-10 09:28:22,198 [INFO] Época 4/30, Batch 1550/3348, Loss: 0.3246
2025-10-10 09:28:22,460 [INFO] Época 4/30, Batch 1600/3348, Loss: 0.2158
2025-10-10 09:28:22,723 [INFO] Época 4/30, Batch 1650/3348, Loss: 0.2342
2025-10-10 09:28:22,983 [INFO] Época 4/30, Batch 1700/3348, Loss: 0.2401
2025-10-10 09:28:23,245 [INFO] Época 4/30, Batch 1750/3348, Loss: 0.4203
2025-10-10 09:28:23,506 [INFO] Época 4/30, Batch 1800/3348, Loss: 0.3328
2025-10-10 09:28:23,766 [INFO] Época 4/30, Batch 1850/3348, Loss: 0.2492
2025-10-10 09:28:24,029 [INFO] Época 4/30, Batch 1900/3348, Loss: 0.3994
2025-10-10 09:28:24,299 [INFO] Época 4/30, Batch 1950/3348, Loss: 0.3173
2025-10-10 09:28:24,559 [INFO] Época 4/30, Batch 2000/3348, Loss: 0.4308
2025-10-10 09:28:24,824 [INFO] Época 4/30, Batch 2050/3348, Loss: 0.2344
2025-10-10 09:28:25,085 [INFO] Época 4/30, Batch 2100/3348, Loss: 0.2951
2025-10-10 09:28:25,347 [INFO] Época 4/30, Batch 2150/3348, Loss: 0.1558
2025-10-10 09:28:25,609 [INFO] Época 4/30, Batch 2200/3348, Loss: 0.3181
2025-10-10 09:28:25,870 [INFO] Época 4/30, Batch 2250/3348, Loss: 0.4152
2025-10-10 09:28:26,133 [INFO] Época 4/30, Batch 2300/3348, Loss: 0.2325
2025-10-10 09:28:26,399 [INFO] Época 4/30, Batch 2350/3348, Loss: 0.3894
2025-10-10 09:28:26,662 [INFO] Época 4/30, Batch 2400/3348, Loss: 0.2912
2025-10-10 09:28:26,926 [INFO] Época 4/30, Batch 2450/3348, Loss: 0.3193
2025-10-10 09:28:27,187 [INFO] Época 4/30, Batch 2500/3348, Loss: 0.3456
2025-10-10 09:28:27,450 [INFO] Época 4/30, Batch 2550/3348, Loss: 0.2932
2025-10-10 09:28:27,711 [INFO] Época 4/30, Batch 2600/3348, Loss: 0.4679
2025-10-10 09:28:27,973 [INFO] Época 4/30, Batch 2650/3348, Loss: 0.3345
2025-10-10 09:28:28,233 [INFO] Época 4/30, Batch 2700/3348, Loss: 0.2675
2025-10-10 09:28:28,493 [INFO] Época 4/30, Batch 2750/3348, Loss: 0.2202
2025-10-10 09:28:28,752 [INFO] Época 4/30, Batch 2800/3348, Loss: 0.2125
2025-10-10 09:28:29,010 [INFO] Época 4/30, Batch 2850/3348, Loss: 0.2505
2025-10-10 09:28:29,267 [INFO] Época 4/30, Batch 2900/3348, Loss: 0.2330
2025-10-10 09:28:29,526 [INFO] Época 4/30, Batch 2950/3348, Loss: 0.3391
2025-10-10 09:28:29,784 [INFO] Época 4/30, Batch 3000/3348, Loss: 0.2739
2025-10-10 09:28:30,041 [INFO] Época 4/30, Batch 3050/3348, Loss: 0.3531
2025-10-10 09:28:30,298 [INFO] Época 4/30, Batch 3100/3348, Loss: 0.2510
2025-10-10 09:28:30,555 [INFO] Época 4/30, Batch 3150/3348, Loss: 0.3357
2025-10-10 09:28:30,815 [INFO] Época 4/30, Batch 3200/3348, Loss: 0.3029
2025-10-10 09:28:31,072 [INFO] Época 4/30, Batch 3250/3348, Loss: 0.3953
2025-10-10 09:28:31,329 [INFO] Época 4/30, Batch 3300/3348, Loss: 0.4055
2025-10-10 09:28:33,108 [INFO] [4/30] Train Loss: 0.3015 | Val Loss: 0.4520 | Tempo: 19.44s
2025-10-10 09:28:33,689 [INFO] Época 5/30, Batch 50/3348, Loss: 0.3484
2025-10-10 09:28:33,958 [INFO] Época 5/30, Batch 100/3348, Loss: 0.2589
2025-10-10 09:28:34,226 [INFO] Época 5/30, Batch 150/3348, Loss: 0.2788
2025-10-10 09:28:34,495 [INFO] Época 5/30, Batch 200/3348, Loss: 0.3359
2025-10-10 09:28:34,773 [INFO] Época 5/30, Batch 250/3348, Loss: 0.2902
2025-10-10 09:28:35,042 [INFO] Época 5/30, Batch 300/3348, Loss: 0.3650
2025-10-10 09:28:35,310 [INFO] Época 5/30, Batch 350/3348, Loss: 0.3604
2025-10-10 09:28:35,578 [INFO] Época 5/30, Batch 400/3348, Loss: 0.3963
2025-10-10 09:28:35,844 [INFO] Época 5/30, Batch 450/3348, Loss: 0.2871
2025-10-10 09:28:36,106 [INFO] Época 5/30, Batch 500/3348, Loss: 0.3554
2025-10-10 09:28:36,369 [INFO] Época 5/30, Batch 550/3348, Loss: 0.2089
2025-10-10 09:28:36,627 [INFO] Época 5/30, Batch 600/3348, Loss: 0.2963
2025-10-10 09:28:36,889 [INFO] Época 5/30, Batch 650/3348, Loss: 0.3211
2025-10-10 09:28:37,148 [INFO] Época 5/30, Batch 700/3348, Loss: 0.3389
2025-10-10 09:28:37,407 [INFO] Época 5/30, Batch 750/3348, Loss: 0.2726
2025-10-10 09:28:37,666 [INFO] Época 5/30, Batch 800/3348, Loss: 0.2787
2025-10-10 09:28:37,926 [INFO] Época 5/30, Batch 850/3348, Loss: 0.2337
2025-10-10 09:28:38,190 [INFO] Época 5/30, Batch 900/3348, Loss: 0.1990
2025-10-10 09:28:38,447 [INFO] Época 5/30, Batch 950/3348, Loss: 0.2557
2025-10-10 09:28:38,702 [INFO] Época 5/30, Batch 1000/3348, Loss: 0.2732
2025-10-10 09:28:38,955 [INFO] Época 5/30, Batch 1050/3348, Loss: 0.2868
2025-10-10 09:28:39,209 [INFO] Época 5/30, Batch 1100/3348, Loss: 0.3601
2025-10-10 09:28:39,461 [INFO] Época 5/30, Batch 1150/3348, Loss: 0.4629
2025-10-10 09:28:39,720 [INFO] Época 5/30, Batch 1200/3348, Loss: 0.3191
2025-10-10 09:28:39,984 [INFO] Época 5/30, Batch 1250/3348, Loss: 0.3314
2025-10-10 09:28:40,245 [INFO] Época 5/30, Batch 1300/3348, Loss: 0.2995
2025-10-10 09:28:40,506 [INFO] Época 5/30, Batch 1350/3348, Loss: 0.2508
2025-10-10 09:28:40,769 [INFO] Época 5/30, Batch 1400/3348, Loss: 0.3492
2025-10-10 09:28:41,033 [INFO] Época 5/30, Batch 1450/3348, Loss: 0.4668
2025-10-10 09:28:41,296 [INFO] Época 5/30, Batch 1500/3348, Loss: 0.2804
2025-10-10 09:28:41,561 [INFO] Época 5/30, Batch 1550/3348, Loss: 0.2476
2025-10-10 09:28:41,824 [INFO] Época 5/30, Batch 1600/3348, Loss: 0.3955
2025-10-10 09:28:42,087 [INFO] Época 5/30, Batch 1650/3348, Loss: 0.3334
2025-10-10 09:28:42,349 [INFO] Época 5/30, Batch 1700/3348, Loss: 0.4165
2025-10-10 09:28:42,612 [INFO] Época 5/30, Batch 1750/3348, Loss: 0.4363
2025-10-10 09:28:42,877 [INFO] Época 5/30, Batch 1800/3348, Loss: 0.1820
2025-10-10 09:28:43,143 [INFO] Época 5/30, Batch 1850/3348, Loss: 0.3441
2025-10-10 09:28:43,408 [INFO] Época 5/30, Batch 1900/3348, Loss: 0.3343
2025-10-10 09:28:43,669 [INFO] Época 5/30, Batch 1950/3348, Loss: 0.3110
2025-10-10 09:28:43,932 [INFO] Época 5/30, Batch 2000/3348, Loss: 0.4297
2025-10-10 09:28:44,195 [INFO] Época 5/30, Batch 2050/3348, Loss: 0.2119
2025-10-10 09:28:44,459 [INFO] Época 5/30, Batch 2100/3348, Loss: 0.3045
2025-10-10 09:28:44,721 [INFO] Época 5/30, Batch 2150/3348, Loss: 0.4830
2025-10-10 09:28:44,985 [INFO] Época 5/30, Batch 2200/3348, Loss: 0.1857
2025-10-10 09:28:45,257 [INFO] Época 5/30, Batch 2250/3348, Loss: 0.2340
2025-10-10 09:28:45,527 [INFO] Época 5/30, Batch 2300/3348, Loss: 0.3490
2025-10-10 09:28:45,799 [INFO] Época 5/30, Batch 2350/3348, Loss: 0.2260
2025-10-10 09:28:46,069 [INFO] Época 5/30, Batch 2400/3348, Loss: 0.4023
2025-10-10 09:28:46,342 [INFO] Época 5/30, Batch 2450/3348, Loss: 0.2741
2025-10-10 09:28:46,614 [INFO] Época 5/30, Batch 2500/3348, Loss: 0.1918
2025-10-10 09:28:46,887 [INFO] Época 5/30, Batch 2550/3348, Loss: 0.2776
2025-10-10 09:28:47,152 [INFO] Época 5/30, Batch 2600/3348, Loss: 0.3011
2025-10-10 09:28:47,416 [INFO] Época 5/30, Batch 2650/3348, Loss: 0.1822
2025-10-10 09:28:47,682 [INFO] Época 5/30, Batch 2700/3348, Loss: 0.4473
2025-10-10 09:28:47,945 [INFO] Época 5/30, Batch 2750/3348, Loss: 0.2287
2025-10-10 09:28:48,210 [INFO] Época 5/30, Batch 2800/3348, Loss: 0.4145
2025-10-10 09:28:48,479 [INFO] Época 5/30, Batch 2850/3348, Loss: 0.2752
2025-10-10 09:28:48,745 [INFO] Época 5/30, Batch 2900/3348, Loss: 0.3193
2025-10-10 09:28:49,010 [INFO] Época 5/30, Batch 2950/3348, Loss: 0.3585
2025-10-10 09:28:49,276 [INFO] Época 5/30, Batch 3000/3348, Loss: 0.2583
2025-10-10 09:28:49,540 [INFO] Época 5/30, Batch 3050/3348, Loss: 0.1700
2025-10-10 09:28:49,807 [INFO] Época 5/30, Batch 3100/3348, Loss: 0.3117
2025-10-10 09:28:50,079 [INFO] Época 5/30, Batch 3150/3348, Loss: 0.3400
2025-10-10 09:28:50,342 [INFO] Época 5/30, Batch 3200/3348, Loss: 0.2342
2025-10-10 09:28:50,606 [INFO] Época 5/30, Batch 3250/3348, Loss: 0.4371
2025-10-10 09:28:50,869 [INFO] Época 5/30, Batch 3300/3348, Loss: 0.2506
2025-10-10 09:28:52,802 [INFO] [5/30] Train Loss: 0.2849 | Val Loss: 0.4931 | Tempo: 19.69s
2025-10-10 09:28:53,397 [INFO] Época 6/30, Batch 50/3348, Loss: 0.3940
2025-10-10 09:28:53,665 [INFO] Época 6/30, Batch 100/3348, Loss: 0.3274
2025-10-10 09:28:53,929 [INFO] Época 6/30, Batch 150/3348, Loss: 0.2927
2025-10-10 09:28:54,194 [INFO] Época 6/30, Batch 200/3348, Loss: 0.1873
2025-10-10 09:28:54,456 [INFO] Época 6/30, Batch 250/3348, Loss: 0.2399
2025-10-10 09:28:54,721 [INFO] Época 6/30, Batch 300/3348, Loss: 0.2730
2025-10-10 09:28:54,984 [INFO] Época 6/30, Batch 350/3348, Loss: 0.3110
2025-10-10 09:28:55,247 [INFO] Época 6/30, Batch 400/3348, Loss: 0.2673
2025-10-10 09:28:55,514 [INFO] Época 6/30, Batch 450/3348, Loss: 0.2869
2025-10-10 09:28:55,780 [INFO] Época 6/30, Batch 500/3348, Loss: 0.2576
2025-10-10 09:28:56,042 [INFO] Época 6/30, Batch 550/3348, Loss: 0.1981
2025-10-10 09:28:56,303 [INFO] Época 6/30, Batch 600/3348, Loss: 0.3477
2025-10-10 09:28:56,567 [INFO] Época 6/30, Batch 650/3348, Loss: 0.2949
2025-10-10 09:28:56,831 [INFO] Época 6/30, Batch 700/3348, Loss: 0.2362
2025-10-10 09:28:57,093 [INFO] Época 6/30, Batch 750/3348, Loss: 0.3045
2025-10-10 09:28:57,355 [INFO] Época 6/30, Batch 800/3348, Loss: 0.2275
2025-10-10 09:28:57,619 [INFO] Época 6/30, Batch 850/3348, Loss: 0.3115
2025-10-10 09:28:57,882 [INFO] Época 6/30, Batch 900/3348, Loss: 0.3104
2025-10-10 09:28:58,148 [INFO] Época 6/30, Batch 950/3348, Loss: 0.3099
2025-10-10 09:28:58,409 [INFO] Época 6/30, Batch 1000/3348, Loss: 0.2900
2025-10-10 09:28:58,670 [INFO] Época 6/30, Batch 1050/3348, Loss: 0.1955
2025-10-10 09:28:58,934 [INFO] Época 6/30, Batch 1100/3348, Loss: 0.2882
2025-10-10 09:28:59,212 [INFO] Época 6/30, Batch 1150/3348, Loss: 0.2039
2025-10-10 09:28:59,486 [INFO] Época 6/30, Batch 1200/3348, Loss: 0.3174
2025-10-10 09:28:59,756 [INFO] Época 6/30, Batch 1250/3348, Loss: 0.1812
2025-10-10 09:29:00,019 [INFO] Época 6/30, Batch 1300/3348, Loss: 0.2814
2025-10-10 09:29:00,292 [INFO] Época 6/30, Batch 1350/3348, Loss: 0.2699
2025-10-10 09:29:00,555 [INFO] Época 6/30, Batch 1400/3348, Loss: 0.4334
2025-10-10 09:29:00,817 [INFO] Época 6/30, Batch 1450/3348, Loss: 0.2630
2025-10-10 09:29:01,079 [INFO] Época 6/30, Batch 1500/3348, Loss: 0.2065
2025-10-10 09:29:01,343 [INFO] Época 6/30, Batch 1550/3348, Loss: 0.2823
2025-10-10 09:29:01,607 [INFO] Época 6/30, Batch 1600/3348, Loss: 0.2568
2025-10-10 09:29:01,870 [INFO] Época 6/30, Batch 1650/3348, Loss: 0.4195
2025-10-10 09:29:02,131 [INFO] Época 6/30, Batch 1700/3348, Loss: 0.3108
2025-10-10 09:29:02,394 [INFO] Época 6/30, Batch 1750/3348, Loss: 0.3163
2025-10-10 09:29:02,661 [INFO] Época 6/30, Batch 1800/3348, Loss: 0.3479
2025-10-10 09:29:02,924 [INFO] Época 6/30, Batch 1850/3348, Loss: 0.2244
2025-10-10 09:29:03,189 [INFO] Época 6/30, Batch 1900/3348, Loss: 0.4075
2025-10-10 09:29:03,453 [INFO] Época 6/30, Batch 1950/3348, Loss: 0.2716
2025-10-10 09:29:03,716 [INFO] Época 6/30, Batch 2000/3348, Loss: 0.1775
2025-10-10 09:29:03,978 [INFO] Época 6/30, Batch 2050/3348, Loss: 0.2037
2025-10-10 09:29:04,242 [INFO] Época 6/30, Batch 2100/3348, Loss: 0.2453
2025-10-10 09:29:04,504 [INFO] Época 6/30, Batch 2150/3348, Loss: 0.2845
2025-10-10 09:29:04,768 [INFO] Época 6/30, Batch 2200/3348, Loss: 0.3503
2025-10-10 09:29:05,032 [INFO] Época 6/30, Batch 2250/3348, Loss: 0.2979
2025-10-10 09:29:05,305 [INFO] Época 6/30, Batch 2300/3348, Loss: 0.2742
2025-10-10 09:29:05,570 [INFO] Época 6/30, Batch 2350/3348, Loss: 0.2939
2025-10-10 09:29:05,834 [INFO] Época 6/30, Batch 2400/3348, Loss: 0.4064
2025-10-10 09:29:06,100 [INFO] Época 6/30, Batch 2450/3348, Loss: 0.2752
2025-10-10 09:29:06,365 [INFO] Época 6/30, Batch 2500/3348, Loss: 0.4477
2025-10-10 09:29:06,630 [INFO] Época 6/30, Batch 2550/3348, Loss: 0.2967
2025-10-10 09:29:06,895 [INFO] Época 6/30, Batch 2600/3348, Loss: 0.3023
2025-10-10 09:29:07,157 [INFO] Época 6/30, Batch 2650/3348, Loss: 0.1964
2025-10-10 09:29:07,420 [INFO] Época 6/30, Batch 2700/3348, Loss: 0.2713
2025-10-10 09:29:07,685 [INFO] Época 6/30, Batch 2750/3348, Loss: 0.2400
2025-10-10 09:29:07,951 [INFO] Época 6/30, Batch 2800/3348, Loss: 0.2574
2025-10-10 09:29:08,214 [INFO] Época 6/30, Batch 2850/3348, Loss: 0.2928
2025-10-10 09:29:08,480 [INFO] Época 6/30, Batch 2900/3348, Loss: 0.2519
2025-10-10 09:29:08,744 [INFO] Época 6/30, Batch 2950/3348, Loss: 0.4499
2025-10-10 09:29:09,007 [INFO] Época 6/30, Batch 3000/3348, Loss: 0.2358
2025-10-10 09:29:09,268 [INFO] Época 6/30, Batch 3050/3348, Loss: 0.3198
2025-10-10 09:29:09,528 [INFO] Época 6/30, Batch 3100/3348, Loss: 0.1399
2025-10-10 09:29:09,790 [INFO] Época 6/30, Batch 3150/3348, Loss: 0.2426
2025-10-10 09:29:10,054 [INFO] Época 6/30, Batch 3200/3348, Loss: 0.2865
2025-10-10 09:29:10,318 [INFO] Época 6/30, Batch 3250/3348, Loss: 0.3075
2025-10-10 09:29:10,580 [INFO] Época 6/30, Batch 3300/3348, Loss: 0.2812
2025-10-10 09:29:12,546 [INFO] [6/30] Train Loss: 0.2720 | Val Loss: 0.4376 | Tempo: 19.74s
2025-10-10 09:29:13,147 [INFO] Época 7/30, Batch 50/3348, Loss: 0.2734
2025-10-10 09:29:13,417 [INFO] Época 7/30, Batch 100/3348, Loss: 0.3768
2025-10-10 09:29:13,684 [INFO] Época 7/30, Batch 150/3348, Loss: 0.2683
2025-10-10 09:29:13,951 [INFO] Época 7/30, Batch 200/3348, Loss: 0.3248
2025-10-10 09:29:14,217 [INFO] Época 7/30, Batch 250/3348, Loss: 0.3003
2025-10-10 09:29:14,482 [INFO] Época 7/30, Batch 300/3348, Loss: 0.2593
2025-10-10 09:29:14,746 [INFO] Época 7/30, Batch 350/3348, Loss: 0.3182
2025-10-10 09:29:15,013 [INFO] Época 7/30, Batch 400/3348, Loss: 0.2174
2025-10-10 09:29:15,276 [INFO] Época 7/30, Batch 450/3348, Loss: 0.1626
2025-10-10 09:29:15,542 [INFO] Época 7/30, Batch 500/3348, Loss: 0.2682
2025-10-10 09:29:15,805 [INFO] Época 7/30, Batch 550/3348, Loss: 0.2798
2025-10-10 09:29:16,067 [INFO] Época 7/30, Batch 600/3348, Loss: 0.2102
2025-10-10 09:29:16,329 [INFO] Época 7/30, Batch 650/3348, Loss: 0.2430
2025-10-10 09:29:16,591 [INFO] Época 7/30, Batch 700/3348, Loss: 0.2711
2025-10-10 09:29:16,853 [INFO] Época 7/30, Batch 750/3348, Loss: 0.3305
2025-10-10 09:29:17,114 [INFO] Época 7/30, Batch 800/3348, Loss: 0.3115
2025-10-10 09:29:17,376 [INFO] Época 7/30, Batch 850/3348, Loss: 0.3154
2025-10-10 09:29:17,639 [INFO] Época 7/30, Batch 900/3348, Loss: 0.1842
2025-10-10 09:29:17,894 [INFO] Época 7/30, Batch 950/3348, Loss: 0.2228
2025-10-10 09:29:18,149 [INFO] Época 7/30, Batch 1000/3348, Loss: 0.3779
2025-10-10 09:29:18,404 [INFO] Época 7/30, Batch 1050/3348, Loss: 0.2987
2025-10-10 09:29:18,659 [INFO] Época 7/30, Batch 1100/3348, Loss: 0.1592
2025-10-10 09:29:18,923 [INFO] Época 7/30, Batch 1150/3348, Loss: 0.2973
2025-10-10 09:29:19,186 [INFO] Época 7/30, Batch 1200/3348, Loss: 0.2938
2025-10-10 09:29:19,446 [INFO] Época 7/30, Batch 1250/3348, Loss: 0.2618
2025-10-10 09:29:19,709 [INFO] Época 7/30, Batch 1300/3348, Loss: 0.3075
2025-10-10 09:29:19,971 [INFO] Época 7/30, Batch 1350/3348, Loss: 0.1817
2025-10-10 09:29:20,235 [INFO] Época 7/30, Batch 1400/3348, Loss: 0.2384
2025-10-10 09:29:20,496 [INFO] Época 7/30, Batch 1450/3348, Loss: 0.2984
2025-10-10 09:29:20,770 [INFO] Época 7/30, Batch 1500/3348, Loss: 0.1746
2025-10-10 09:29:21,032 [INFO] Época 7/30, Batch 1550/3348, Loss: 0.2669
2025-10-10 09:29:21,294 [INFO] Época 7/30, Batch 1600/3348, Loss: 0.3086
2025-10-10 09:29:21,558 [INFO] Época 7/30, Batch 1650/3348, Loss: 0.2791
2025-10-10 09:29:21,820 [INFO] Época 7/30, Batch 1700/3348, Loss: 0.1899
2025-10-10 09:29:22,082 [INFO] Época 7/30, Batch 1750/3348, Loss: 0.1340
2025-10-10 09:29:22,344 [INFO] Época 7/30, Batch 1800/3348, Loss: 0.3342
2025-10-10 09:29:22,607 [INFO] Época 7/30, Batch 1850/3348, Loss: 0.3627
2025-10-10 09:29:22,869 [INFO] Época 7/30, Batch 1900/3348, Loss: 0.2066
2025-10-10 09:29:23,132 [INFO] Época 7/30, Batch 1950/3348, Loss: 0.2182
2025-10-10 09:29:23,395 [INFO] Época 7/30, Batch 2000/3348, Loss: 0.2233
2025-10-10 09:29:23,657 [INFO] Época 7/30, Batch 2050/3348, Loss: 0.2236
2025-10-10 09:29:23,922 [INFO] Época 7/30, Batch 2100/3348, Loss: 0.2280
2025-10-10 09:29:24,186 [INFO] Época 7/30, Batch 2150/3348, Loss: 0.2265
2025-10-10 09:29:24,453 [INFO] Época 7/30, Batch 2200/3348, Loss: 0.1930
2025-10-10 09:29:24,720 [INFO] Época 7/30, Batch 2250/3348, Loss: 0.3167
2025-10-10 09:29:24,986 [INFO] Época 7/30, Batch 2300/3348, Loss: 0.2157
2025-10-10 09:29:25,252 [INFO] Época 7/30, Batch 2350/3348, Loss: 0.2272
2025-10-10 09:29:25,519 [INFO] Época 7/30, Batch 2400/3348, Loss: 0.1301
2025-10-10 09:29:25,796 [INFO] Época 7/30, Batch 2450/3348, Loss: 0.3307
2025-10-10 09:29:26,061 [INFO] Época 7/30, Batch 2500/3348, Loss: 0.4538
2025-10-10 09:29:26,327 [INFO] Época 7/30, Batch 2550/3348, Loss: 0.3305
2025-10-10 09:29:26,594 [INFO] Época 7/30, Batch 2600/3348, Loss: 0.2940
2025-10-10 09:29:26,858 [INFO] Época 7/30, Batch 2650/3348, Loss: 0.3379
2025-10-10 09:29:27,124 [INFO] Época 7/30, Batch 2700/3348, Loss: 0.2405
2025-10-10 09:29:27,389 [INFO] Época 7/30, Batch 2750/3348, Loss: 0.1988
2025-10-10 09:29:27,653 [INFO] Época 7/30, Batch 2800/3348, Loss: 0.2332
2025-10-10 09:29:27,918 [INFO] Época 7/30, Batch 2850/3348, Loss: 0.1775
2025-10-10 09:29:28,183 [INFO] Época 7/30, Batch 2900/3348, Loss: 0.1975
2025-10-10 09:29:28,451 [INFO] Época 7/30, Batch 2950/3348, Loss: 0.2518
2025-10-10 09:29:28,717 [INFO] Época 7/30, Batch 3000/3348, Loss: 0.2330
2025-10-10 09:29:28,983 [INFO] Época 7/30, Batch 3050/3348, Loss: 0.3476
2025-10-10 09:29:29,248 [INFO] Época 7/30, Batch 3100/3348, Loss: 0.2469
2025-10-10 09:29:29,513 [INFO] Época 7/30, Batch 3150/3348, Loss: 0.2638
2025-10-10 09:29:29,776 [INFO] Época 7/30, Batch 3200/3348, Loss: 0.2401
2025-10-10 09:29:30,042 [INFO] Época 7/30, Batch 3250/3348, Loss: 0.2187
2025-10-10 09:29:30,305 [INFO] Época 7/30, Batch 3300/3348, Loss: 0.3161
2025-10-10 09:29:32,237 [INFO] [7/30] Train Loss: 0.2613 | Val Loss: 0.4344 | Tempo: 19.69s
2025-10-10 09:29:32,830 [INFO] Época 8/30, Batch 50/3348, Loss: 0.2794
2025-10-10 09:29:33,100 [INFO] Época 8/30, Batch 100/3348, Loss: 0.3465
2025-10-10 09:29:33,365 [INFO] Época 8/30, Batch 150/3348, Loss: 0.0971
2025-10-10 09:29:33,631 [INFO] Época 8/30, Batch 200/3348, Loss: 0.2261
2025-10-10 09:29:33,896 [INFO] Época 8/30, Batch 250/3348, Loss: 0.2785
2025-10-10 09:29:34,159 [INFO] Época 8/30, Batch 300/3348, Loss: 0.3711
2025-10-10 09:29:34,423 [INFO] Época 8/30, Batch 350/3348, Loss: 0.2583
2025-10-10 09:29:34,685 [INFO] Época 8/30, Batch 400/3348, Loss: 0.2336
2025-10-10 09:29:34,946 [INFO] Época 8/30, Batch 450/3348, Loss: 0.2136
2025-10-10 09:29:35,209 [INFO] Época 8/30, Batch 500/3348, Loss: 0.2588
2025-10-10 09:29:35,472 [INFO] Época 8/30, Batch 550/3348, Loss: 0.2751
2025-10-10 09:29:35,735 [INFO] Época 8/30, Batch 600/3348, Loss: 0.1788
2025-10-10 09:29:35,997 [INFO] Época 8/30, Batch 650/3348, Loss: 0.2131
2025-10-10 09:29:36,260 [INFO] Época 8/30, Batch 700/3348, Loss: 0.2012
2025-10-10 09:29:36,521 [INFO] Época 8/30, Batch 750/3348, Loss: 0.1728
2025-10-10 09:29:36,785 [INFO] Época 8/30, Batch 800/3348, Loss: 0.1968
2025-10-10 09:29:37,047 [INFO] Época 8/30, Batch 850/3348, Loss: 0.2050
2025-10-10 09:29:37,310 [INFO] Época 8/30, Batch 900/3348, Loss: 0.2805
2025-10-10 09:29:37,586 [INFO] Época 8/30, Batch 950/3348, Loss: 0.2695
2025-10-10 09:29:37,862 [INFO] Época 8/30, Batch 1000/3348, Loss: 0.4042
2025-10-10 09:29:38,123 [INFO] Época 8/30, Batch 1050/3348, Loss: 0.1541
2025-10-10 09:29:38,392 [INFO] Época 8/30, Batch 1100/3348, Loss: 0.2928
2025-10-10 09:29:38,664 [INFO] Época 8/30, Batch 1150/3348, Loss: 0.2943
2025-10-10 09:29:38,932 [INFO] Época 8/30, Batch 1200/3348, Loss: 0.2893
2025-10-10 09:29:39,198 [INFO] Época 8/30, Batch 1250/3348, Loss: 0.1474
2025-10-10 09:29:39,461 [INFO] Época 8/30, Batch 1300/3348, Loss: 0.1153
2025-10-10 09:29:39,725 [INFO] Época 8/30, Batch 1350/3348, Loss: 0.2661
2025-10-10 09:29:39,990 [INFO] Época 8/30, Batch 1400/3348, Loss: 0.0994
2025-10-10 09:29:40,252 [INFO] Época 8/30, Batch 1450/3348, Loss: 0.2824
2025-10-10 09:29:40,516 [INFO] Época 8/30, Batch 1500/3348, Loss: 0.2634
2025-10-10 09:29:40,779 [INFO] Época 8/30, Batch 1550/3348, Loss: 0.2772
2025-10-10 09:29:41,040 [INFO] Época 8/30, Batch 1600/3348, Loss: 0.1369
2025-10-10 09:29:41,301 [INFO] Época 8/30, Batch 1650/3348, Loss: 0.3327
2025-10-10 09:29:41,562 [INFO] Época 8/30, Batch 1700/3348, Loss: 0.2917
2025-10-10 09:29:41,824 [INFO] Época 8/30, Batch 1750/3348, Loss: 0.3398
2025-10-10 09:29:42,088 [INFO] Época 8/30, Batch 1800/3348, Loss: 0.0688
2025-10-10 09:29:42,352 [INFO] Época 8/30, Batch 1850/3348, Loss: 0.2297
2025-10-10 09:29:42,613 [INFO] Época 8/30, Batch 1900/3348, Loss: 0.2551
2025-10-10 09:29:42,876 [INFO] Época 8/30, Batch 1950/3348, Loss: 0.3087
2025-10-10 09:29:43,139 [INFO] Época 8/30, Batch 2000/3348, Loss: 0.3301
2025-10-10 09:29:43,402 [INFO] Época 8/30, Batch 2050/3348, Loss: 0.3545
2025-10-10 09:29:43,664 [INFO] Época 8/30, Batch 2100/3348, Loss: 0.1407
2025-10-10 09:29:43,929 [INFO] Época 8/30, Batch 2150/3348, Loss: 0.2332
2025-10-10 09:29:44,192 [INFO] Época 8/30, Batch 2200/3348, Loss: 0.1792
2025-10-10 09:29:44,455 [INFO] Época 8/30, Batch 2250/3348, Loss: 0.1538
2025-10-10 09:29:44,719 [INFO] Época 8/30, Batch 2300/3348, Loss: 0.2429
2025-10-10 09:29:44,982 [INFO] Época 8/30, Batch 2350/3348, Loss: 0.2615
2025-10-10 09:29:45,243 [INFO] Época 8/30, Batch 2400/3348, Loss: 0.3404
2025-10-10 09:29:45,505 [INFO] Época 8/30, Batch 2450/3348, Loss: 0.2866
2025-10-10 09:29:45,767 [INFO] Época 8/30, Batch 2500/3348, Loss: 0.2815
2025-10-10 09:29:46,030 [INFO] Época 8/30, Batch 2550/3348, Loss: 0.2276
2025-10-10 09:29:46,293 [INFO] Época 8/30, Batch 2600/3348, Loss: 0.2318
2025-10-10 09:29:46,556 [INFO] Época 8/30, Batch 2650/3348, Loss: 0.2854
2025-10-10 09:29:46,818 [INFO] Época 8/30, Batch 2700/3348, Loss: 0.2252
2025-10-10 09:29:47,080 [INFO] Época 8/30, Batch 2750/3348, Loss: 0.1224
2025-10-10 09:29:47,342 [INFO] Época 8/30, Batch 2800/3348, Loss: 0.2870
2025-10-10 09:29:47,606 [INFO] Época 8/30, Batch 2850/3348, Loss: 0.2021
2025-10-10 09:29:47,868 [INFO] Época 8/30, Batch 2900/3348, Loss: 0.1809
2025-10-10 09:29:48,132 [INFO] Época 8/30, Batch 2950/3348, Loss: 0.1519
2025-10-10 09:29:48,395 [INFO] Época 8/30, Batch 3000/3348, Loss: 0.2630
2025-10-10 09:29:48,657 [INFO] Época 8/30, Batch 3050/3348, Loss: 0.1954
2025-10-10 09:29:48,920 [INFO] Época 8/30, Batch 3100/3348, Loss: 0.2120
2025-10-10 09:29:49,183 [INFO] Época 8/30, Batch 3150/3348, Loss: 0.2408
2025-10-10 09:29:49,446 [INFO] Época 8/30, Batch 3200/3348, Loss: 0.2946
2025-10-10 09:29:49,710 [INFO] Época 8/30, Batch 3250/3348, Loss: 0.1815
2025-10-10 09:29:49,972 [INFO] Época 8/30, Batch 3300/3348, Loss: 0.2658
2025-10-10 09:29:51,906 [INFO] [8/30] Train Loss: 0.2527 | Val Loss: 0.5553 | Tempo: 19.67s
2025-10-10 09:29:52,495 [INFO] Época 9/30, Batch 50/3348, Loss: 0.1914
2025-10-10 09:29:52,767 [INFO] Época 9/30, Batch 100/3348, Loss: 0.3141
2025-10-10 09:29:53,037 [INFO] Época 9/30, Batch 150/3348, Loss: 0.2688
2025-10-10 09:29:53,314 [INFO] Época 9/30, Batch 200/3348, Loss: 0.2564
2025-10-10 09:29:53,579 [INFO] Época 9/30, Batch 250/3348, Loss: 0.2228
2025-10-10 09:29:53,845 [INFO] Época 9/30, Batch 300/3348, Loss: 0.2758
2025-10-10 09:29:54,110 [INFO] Época 9/30, Batch 350/3348, Loss: 0.2910
2025-10-10 09:29:54,374 [INFO] Época 9/30, Batch 400/3348, Loss: 0.1525
2025-10-10 09:29:54,639 [INFO] Época 9/30, Batch 450/3348, Loss: 0.1495
2025-10-10 09:29:54,902 [INFO] Época 9/30, Batch 500/3348, Loss: 0.2670
2025-10-10 09:29:55,165 [INFO] Época 9/30, Batch 550/3348, Loss: 0.2326
2025-10-10 09:29:55,429 [INFO] Época 9/30, Batch 600/3348, Loss: 0.1800
2025-10-10 09:29:55,692 [INFO] Época 9/30, Batch 650/3348, Loss: 0.3088
2025-10-10 09:29:55,950 [INFO] Época 9/30, Batch 700/3348, Loss: 0.2471
2025-10-10 09:29:56,204 [INFO] Época 9/30, Batch 750/3348, Loss: 0.2293
2025-10-10 09:29:56,457 [INFO] Época 9/30, Batch 800/3348, Loss: 0.1633
2025-10-10 09:29:56,709 [INFO] Época 9/30, Batch 850/3348, Loss: 0.3213
2025-10-10 09:29:56,961 [INFO] Época 9/30, Batch 900/3348, Loss: 0.2413
2025-10-10 09:29:57,212 [INFO] Época 9/30, Batch 950/3348, Loss: 0.4219
2025-10-10 09:29:57,465 [INFO] Época 9/30, Batch 1000/3348, Loss: 0.3511
2025-10-10 09:29:57,718 [INFO] Época 9/30, Batch 1050/3348, Loss: 0.2496
2025-10-10 09:29:57,972 [INFO] Época 9/30, Batch 1100/3348, Loss: 0.1839
2025-10-10 09:29:58,233 [INFO] Época 9/30, Batch 1150/3348, Loss: 0.2596
2025-10-10 09:29:58,497 [INFO] Época 9/30, Batch 1200/3348, Loss: 0.2359
2025-10-10 09:29:58,758 [INFO] Época 9/30, Batch 1250/3348, Loss: 0.2777
2025-10-10 09:29:59,017 [INFO] Época 9/30, Batch 1300/3348, Loss: 0.2651
2025-10-10 09:29:59,279 [INFO] Época 9/30, Batch 1350/3348, Loss: 0.1878
2025-10-10 09:29:59,543 [INFO] Época 9/30, Batch 1400/3348, Loss: 0.1999
2025-10-10 09:29:59,808 [INFO] Época 9/30, Batch 1450/3348, Loss: 0.2351
2025-10-10 09:30:00,071 [INFO] Época 9/30, Batch 1500/3348, Loss: 0.2449
2025-10-10 09:30:00,337 [INFO] Época 9/30, Batch 1550/3348, Loss: 0.2438
2025-10-10 09:30:00,603 [INFO] Época 9/30, Batch 1600/3348, Loss: 0.1745
2025-10-10 09:30:00,867 [INFO] Época 9/30, Batch 1650/3348, Loss: 0.2561
2025-10-10 09:30:01,132 [INFO] Época 9/30, Batch 1700/3348, Loss: 0.1561
2025-10-10 09:30:01,396 [INFO] Época 9/30, Batch 1750/3348, Loss: 0.2703
2025-10-10 09:30:01,658 [INFO] Época 9/30, Batch 1800/3348, Loss: 0.2676
2025-10-10 09:30:01,921 [INFO] Época 9/30, Batch 1850/3348, Loss: 0.2595
2025-10-10 09:30:02,181 [INFO] Época 9/30, Batch 1900/3348, Loss: 0.3303
2025-10-10 09:30:02,442 [INFO] Época 9/30, Batch 1950/3348, Loss: 0.3753
2025-10-10 09:30:02,703 [INFO] Época 9/30, Batch 2000/3348, Loss: 0.3236
2025-10-10 09:30:02,961 [INFO] Época 9/30, Batch 2050/3348, Loss: 0.2739
2025-10-10 09:30:03,218 [INFO] Época 9/30, Batch 2100/3348, Loss: 0.2884
2025-10-10 09:30:03,477 [INFO] Época 9/30, Batch 2150/3348, Loss: 0.2157
2025-10-10 09:30:03,735 [INFO] Época 9/30, Batch 2200/3348, Loss: 0.2644
2025-10-10 09:30:03,993 [INFO] Época 9/30, Batch 2250/3348, Loss: 0.2110
2025-10-10 09:30:04,250 [INFO] Época 9/30, Batch 2300/3348, Loss: 0.3321
2025-10-10 09:30:04,510 [INFO] Época 9/30, Batch 2350/3348, Loss: 0.2321
2025-10-10 09:30:04,768 [INFO] Época 9/30, Batch 2400/3348, Loss: 0.1955
2025-10-10 09:30:05,030 [INFO] Época 9/30, Batch 2450/3348, Loss: 0.1398
2025-10-10 09:30:05,289 [INFO] Época 9/30, Batch 2500/3348, Loss: 0.2756
2025-10-10 09:30:05,549 [INFO] Época 9/30, Batch 2550/3348, Loss: 0.2728
2025-10-10 09:30:05,809 [INFO] Época 9/30, Batch 2600/3348, Loss: 0.3062
2025-10-10 09:30:06,069 [INFO] Época 9/30, Batch 2650/3348, Loss: 0.1733
2025-10-10 09:30:06,330 [INFO] Época 9/30, Batch 2700/3348, Loss: 0.2134
2025-10-10 09:30:06,589 [INFO] Época 9/30, Batch 2750/3348, Loss: 0.2160
2025-10-10 09:30:06,849 [INFO] Época 9/30, Batch 2800/3348, Loss: 0.2065
2025-10-10 09:30:07,112 [INFO] Época 9/30, Batch 2850/3348, Loss: 0.3137
2025-10-10 09:30:07,373 [INFO] Época 9/30, Batch 2900/3348, Loss: 0.2945
2025-10-10 09:30:07,633 [INFO] Época 9/30, Batch 2950/3348, Loss: 0.3068
2025-10-10 09:30:07,893 [INFO] Época 9/30, Batch 3000/3348, Loss: 0.2841
2025-10-10 09:30:08,153 [INFO] Época 9/30, Batch 3050/3348, Loss: 0.1465
2025-10-10 09:30:08,414 [INFO] Época 9/30, Batch 3100/3348, Loss: 0.2331
2025-10-10 09:30:08,674 [INFO] Época 9/30, Batch 3150/3348, Loss: 0.1691
2025-10-10 09:30:08,945 [INFO] Época 9/30, Batch 3200/3348, Loss: 0.1716
2025-10-10 09:30:09,204 [INFO] Época 9/30, Batch 3250/3348, Loss: 0.3040
2025-10-10 09:30:09,465 [INFO] Época 9/30, Batch 3300/3348, Loss: 0.2616
2025-10-10 09:30:11,326 [INFO] [9/30] Train Loss: 0.2447 | Val Loss: 0.4748 | Tempo: 19.42s
2025-10-10 09:30:11,910 [INFO] Época 10/30, Batch 50/3348, Loss: 0.2268
2025-10-10 09:30:12,179 [INFO] Época 10/30, Batch 100/3348, Loss: 0.2134
2025-10-10 09:30:12,445 [INFO] Época 10/30, Batch 150/3348, Loss: 0.2519
2025-10-10 09:30:12,711 [INFO] Época 10/30, Batch 200/3348, Loss: 0.2091
2025-10-10 09:30:12,975 [INFO] Época 10/30, Batch 250/3348, Loss: 0.2697
2025-10-10 09:30:13,241 [INFO] Época 10/30, Batch 300/3348, Loss: 0.2099
2025-10-10 09:30:13,507 [INFO] Época 10/30, Batch 350/3348, Loss: 0.2167
2025-10-10 09:30:13,771 [INFO] Época 10/30, Batch 400/3348, Loss: 0.1719
2025-10-10 09:30:14,045 [INFO] Época 10/30, Batch 450/3348, Loss: 0.2977
2025-10-10 09:30:14,309 [INFO] Época 10/30, Batch 500/3348, Loss: 0.2498
2025-10-10 09:30:14,572 [INFO] Época 10/30, Batch 550/3348, Loss: 0.2825
2025-10-10 09:30:14,836 [INFO] Época 10/30, Batch 600/3348, Loss: 0.2323
2025-10-10 09:30:15,099 [INFO] Época 10/30, Batch 650/3348, Loss: 0.1690
2025-10-10 09:30:15,364 [INFO] Época 10/30, Batch 700/3348, Loss: 0.2711
2025-10-10 09:30:15,631 [INFO] Época 10/30, Batch 750/3348, Loss: 0.3592
2025-10-10 09:30:15,897 [INFO] Época 10/30, Batch 800/3348, Loss: 0.2614
2025-10-10 09:30:16,159 [INFO] Época 10/30, Batch 850/3348, Loss: 0.1783
2025-10-10 09:30:16,427 [INFO] Época 10/30, Batch 900/3348, Loss: 0.2953
2025-10-10 09:30:16,693 [INFO] Época 10/30, Batch 950/3348, Loss: 0.1208
2025-10-10 09:30:16,959 [INFO] Época 10/30, Batch 1000/3348, Loss: 0.1895
2025-10-10 09:30:17,221 [INFO] Época 10/30, Batch 1050/3348, Loss: 0.1934
2025-10-10 09:30:17,486 [INFO] Época 10/30, Batch 1100/3348, Loss: 0.1855
2025-10-10 09:30:17,752 [INFO] Época 10/30, Batch 1150/3348, Loss: 0.1828
2025-10-10 09:30:18,013 [INFO] Época 10/30, Batch 1200/3348, Loss: 0.1102
2025-10-10 09:30:18,275 [INFO] Época 10/30, Batch 1250/3348, Loss: 0.2340
2025-10-10 09:30:18,536 [INFO] Época 10/30, Batch 1300/3348, Loss: 0.2696
2025-10-10 09:30:18,797 [INFO] Época 10/30, Batch 1350/3348, Loss: 0.3028
2025-10-10 09:30:19,067 [INFO] Época 10/30, Batch 1400/3348, Loss: 0.1149
2025-10-10 09:30:19,327 [INFO] Época 10/30, Batch 1450/3348, Loss: 0.3326
2025-10-10 09:30:19,589 [INFO] Época 10/30, Batch 1500/3348, Loss: 0.1820
2025-10-10 09:30:19,850 [INFO] Época 10/30, Batch 1550/3348, Loss: 0.2174
2025-10-10 09:30:20,112 [INFO] Época 10/30, Batch 1600/3348, Loss: 0.2093
2025-10-10 09:30:20,373 [INFO] Época 10/30, Batch 1650/3348, Loss: 0.2108
2025-10-10 09:30:20,634 [INFO] Época 10/30, Batch 1700/3348, Loss: 0.2068
2025-10-10 09:30:20,895 [INFO] Época 10/30, Batch 1750/3348, Loss: 0.2327
2025-10-10 09:30:21,153 [INFO] Época 10/30, Batch 1800/3348, Loss: 0.2199
2025-10-10 09:30:21,411 [INFO] Época 10/30, Batch 1850/3348, Loss: 0.2709
2025-10-10 09:30:21,675 [INFO] Época 10/30, Batch 1900/3348, Loss: 0.1798
2025-10-10 09:30:21,941 [INFO] Época 10/30, Batch 1950/3348, Loss: 0.2017
2025-10-10 09:30:22,210 [INFO] Época 10/30, Batch 2000/3348, Loss: 0.2298
2025-10-10 09:30:22,478 [INFO] Época 10/30, Batch 2050/3348, Loss: 0.2584
2025-10-10 09:30:22,744 [INFO] Época 10/30, Batch 2100/3348, Loss: 0.2871
2025-10-10 09:30:23,013 [INFO] Época 10/30, Batch 2150/3348, Loss: 0.2881
2025-10-10 09:30:23,281 [INFO] Época 10/30, Batch 2200/3348, Loss: 0.2478
2025-10-10 09:30:23,551 [INFO] Época 10/30, Batch 2250/3348, Loss: 0.3405
2025-10-10 09:30:23,813 [INFO] Época 10/30, Batch 2300/3348, Loss: 0.3139
2025-10-10 09:30:24,084 [INFO] Época 10/30, Batch 2350/3348, Loss: 0.1771
2025-10-10 09:30:24,347 [INFO] Época 10/30, Batch 2400/3348, Loss: 0.2378
2025-10-10 09:30:24,613 [INFO] Época 10/30, Batch 2450/3348, Loss: 0.2201
2025-10-10 09:30:24,881 [INFO] Época 10/30, Batch 2500/3348, Loss: 0.3155
2025-10-10 09:30:25,151 [INFO] Época 10/30, Batch 2550/3348, Loss: 0.1859
2025-10-10 09:30:25,420 [INFO] Época 10/30, Batch 2600/3348, Loss: 0.3283
2025-10-10 09:30:25,687 [INFO] Época 10/30, Batch 2650/3348, Loss: 0.2325
2025-10-10 09:30:25,949 [INFO] Época 10/30, Batch 2700/3348, Loss: 0.2030
2025-10-10 09:30:26,209 [INFO] Época 10/30, Batch 2750/3348, Loss: 0.2162
2025-10-10 09:30:26,470 [INFO] Época 10/30, Batch 2800/3348, Loss: 0.3675
2025-10-10 09:30:26,730 [INFO] Época 10/30, Batch 2850/3348, Loss: 0.2487
2025-10-10 09:30:26,990 [INFO] Época 10/30, Batch 2900/3348, Loss: 0.2175
2025-10-10 09:30:27,247 [INFO] Época 10/30, Batch 2950/3348, Loss: 0.2987
2025-10-10 09:30:27,504 [INFO] Época 10/30, Batch 3000/3348, Loss: 0.2233
2025-10-10 09:30:27,763 [INFO] Época 10/30, Batch 3050/3348, Loss: 0.2517
2025-10-10 09:30:28,023 [INFO] Época 10/30, Batch 3100/3348, Loss: 0.1956
2025-10-10 09:30:28,284 [INFO] Época 10/30, Batch 3150/3348, Loss: 0.2546
2025-10-10 09:30:28,545 [INFO] Época 10/30, Batch 3200/3348, Loss: 0.1898
2025-10-10 09:30:28,806 [INFO] Época 10/30, Batch 3250/3348, Loss: 0.3150
2025-10-10 09:30:29,068 [INFO] Época 10/30, Batch 3300/3348, Loss: 0.2588
2025-10-10 09:30:31,049 [INFO] [10/30] Train Loss: 0.2372 | Val Loss: 0.4829 | Tempo: 19.72s
2025-10-10 09:30:31,647 [INFO] Época 11/30, Batch 50/3348, Loss: 0.1528
2025-10-10 09:30:31,918 [INFO] Época 11/30, Batch 100/3348, Loss: 0.3088
2025-10-10 09:30:32,184 [INFO] Época 11/30, Batch 150/3348, Loss: 0.2365
2025-10-10 09:30:32,451 [INFO] Época 11/30, Batch 200/3348, Loss: 0.1508
2025-10-10 09:30:32,715 [INFO] Época 11/30, Batch 250/3348, Loss: 0.2684
2025-10-10 09:30:32,980 [INFO] Época 11/30, Batch 300/3348, Loss: 0.2058
2025-10-10 09:30:33,244 [INFO] Época 11/30, Batch 350/3348, Loss: 0.1486
2025-10-10 09:30:33,507 [INFO] Época 11/30, Batch 400/3348, Loss: 0.2051
2025-10-10 09:30:33,773 [INFO] Época 11/30, Batch 450/3348, Loss: 0.2276
2025-10-10 09:30:34,037 [INFO] Época 11/30, Batch 500/3348, Loss: 0.2641
2025-10-10 09:30:34,302 [INFO] Época 11/30, Batch 550/3348, Loss: 0.2982
2025-10-10 09:30:34,577 [INFO] Época 11/30, Batch 600/3348, Loss: 0.2183
2025-10-10 09:30:34,842 [INFO] Época 11/30, Batch 650/3348, Loss: 0.2349
2025-10-10 09:30:35,104 [INFO] Época 11/30, Batch 700/3348, Loss: 0.1425
2025-10-10 09:30:35,367 [INFO] Época 11/30, Batch 750/3348, Loss: 0.1398
2025-10-10 09:30:35,631 [INFO] Época 11/30, Batch 800/3348, Loss: 0.2150
2025-10-10 09:30:35,894 [INFO] Época 11/30, Batch 850/3348, Loss: 0.2059
2025-10-10 09:30:36,157 [INFO] Época 11/30, Batch 900/3348, Loss: 0.2056
2025-10-10 09:30:36,420 [INFO] Época 11/30, Batch 950/3348, Loss: 0.1200
2025-10-10 09:30:36,683 [INFO] Época 11/30, Batch 1000/3348, Loss: 0.3931
2025-10-10 09:30:36,946 [INFO] Época 11/30, Batch 1050/3348, Loss: 0.4311
2025-10-10 09:30:37,219 [INFO] Época 11/30, Batch 1100/3348, Loss: 0.3486
2025-10-10 09:30:37,485 [INFO] Época 11/30, Batch 1150/3348, Loss: 0.2062
2025-10-10 09:30:37,748 [INFO] Época 11/30, Batch 1200/3348, Loss: 0.2883
2025-10-10 09:30:38,011 [INFO] Época 11/30, Batch 1250/3348, Loss: 0.2126
2025-10-10 09:30:38,277 [INFO] Época 11/30, Batch 1300/3348, Loss: 0.3165
2025-10-10 09:30:38,540 [INFO] Época 11/30, Batch 1350/3348, Loss: 0.1701
2025-10-10 09:30:38,806 [INFO] Época 11/30, Batch 1400/3348, Loss: 0.2385
2025-10-10 09:30:39,069 [INFO] Época 11/30, Batch 1450/3348, Loss: 0.2065
2025-10-10 09:30:39,333 [INFO] Época 11/30, Batch 1500/3348, Loss: 0.1676
2025-10-10 09:30:39,609 [INFO] Época 11/30, Batch 1550/3348, Loss: 0.3297
2025-10-10 09:30:39,878 [INFO] Época 11/30, Batch 1600/3348, Loss: 0.2265
2025-10-10 09:30:40,143 [INFO] Época 11/30, Batch 1650/3348, Loss: 0.2056
2025-10-10 09:30:40,408 [INFO] Época 11/30, Batch 1700/3348, Loss: 0.2481
2025-10-10 09:30:40,673 [INFO] Época 11/30, Batch 1750/3348, Loss: 0.2920
2025-10-10 09:30:40,938 [INFO] Época 11/30, Batch 1800/3348, Loss: 0.2699
2025-10-10 09:30:41,203 [INFO] Época 11/30, Batch 1850/3348, Loss: 0.1477
2025-10-10 09:30:41,471 [INFO] Época 11/30, Batch 1900/3348, Loss: 0.1699
2025-10-10 09:30:41,735 [INFO] Época 11/30, Batch 1950/3348, Loss: 0.2201
2025-10-10 09:30:41,996 [INFO] Época 11/30, Batch 2000/3348, Loss: 0.2475
2025-10-10 09:30:42,260 [INFO] Época 11/30, Batch 2050/3348, Loss: 0.1737
2025-10-10 09:30:42,524 [INFO] Época 11/30, Batch 2100/3348, Loss: 0.1752
2025-10-10 09:30:42,788 [INFO] Época 11/30, Batch 2150/3348, Loss: 0.1642
2025-10-10 09:30:43,051 [INFO] Época 11/30, Batch 2200/3348, Loss: 0.2409
2025-10-10 09:30:43,314 [INFO] Época 11/30, Batch 2250/3348, Loss: 0.1667
2025-10-10 09:30:43,576 [INFO] Época 11/30, Batch 2300/3348, Loss: 0.2226
2025-10-10 09:30:43,838 [INFO] Época 11/30, Batch 2350/3348, Loss: 0.3223
2025-10-10 09:30:44,102 [INFO] Época 11/30, Batch 2400/3348, Loss: 0.2425
2025-10-10 09:30:44,365 [INFO] Época 11/30, Batch 2450/3348, Loss: 0.2049
2025-10-10 09:30:44,642 [INFO] Época 11/30, Batch 2500/3348, Loss: 0.2977
2025-10-10 09:30:44,905 [INFO] Época 11/30, Batch 2550/3348, Loss: 0.2783
2025-10-10 09:30:45,167 [INFO] Época 11/30, Batch 2600/3348, Loss: 0.1807
2025-10-10 09:30:45,430 [INFO] Época 11/30, Batch 2650/3348, Loss: 0.1779
2025-10-10 09:30:45,692 [INFO] Época 11/30, Batch 2700/3348, Loss: 0.3139
2025-10-10 09:30:45,954 [INFO] Época 11/30, Batch 2750/3348, Loss: 0.2996
2025-10-10 09:30:46,215 [INFO] Época 11/30, Batch 2800/3348, Loss: 0.2085
2025-10-10 09:30:46,478 [INFO] Época 11/30, Batch 2850/3348, Loss: 0.2238
2025-10-10 09:30:46,743 [INFO] Época 11/30, Batch 2900/3348, Loss: 0.1766
2025-10-10 09:30:47,006 [INFO] Época 11/30, Batch 2950/3348, Loss: 0.1122
2025-10-10 09:30:47,268 [INFO] Época 11/30, Batch 3000/3348, Loss: 0.2087
2025-10-10 09:30:47,532 [INFO] Época 11/30, Batch 3050/3348, Loss: 0.3535
2025-10-10 09:30:47,797 [INFO] Época 11/30, Batch 3100/3348, Loss: 0.2684
2025-10-10 09:30:48,062 [INFO] Época 11/30, Batch 3150/3348, Loss: 0.1712
2025-10-10 09:30:48,330 [INFO] Época 11/30, Batch 3200/3348, Loss: 0.2317
2025-10-10 09:30:48,597 [INFO] Época 11/30, Batch 3250/3348, Loss: 0.1849
2025-10-10 09:30:48,861 [INFO] Época 11/30, Batch 3300/3348, Loss: 0.3017
2025-10-10 09:30:50,728 [INFO] [11/30] Train Loss: 0.2314 | Val Loss: 0.4558 | Tempo: 19.68s
2025-10-10 09:30:50,729 [INFO] Early stopping ativado após 10 épocas sem melhoria
2025-10-10 09:30:50,729 [INFO] Treinamento concluído em 215.92 segundos (3.60 minutos)
2025-10-10 09:30:50,729 [INFO] Iniciando avaliação no conjunto de teste...
2025-10-10 09:30:52,329 [INFO] Avaliação do teste concluída em 1.60 segundos
2025-10-10 09:30:52,329 [INFO] MSE no teste: 1.2506
2025-10-10 09:30:52,329 [INFO] RMSE no teste: 1.1183
2025-10-10 09:30:52,329 [INFO] MAE no teste: 0.8438
2025-10-10 09:30:52,330 [INFO] Métricas salvas em /mnt/hdd/home/jdurao/ToolBox-ChemXAI/logs/mlp_att12_Morgan_metrics.json
