2025-10-10 00:56:48,703 [INFO] Iniciando treinamento do modelo mlp_att6_3D
2025-10-10 00:56:48,703 [INFO] Configuração: att_index=6, epochs=30, layers=[128, 64, 32], lr=0.001, batch_size=32, descriptor_type=3D
2025-10-10 00:56:48,703 [INFO] Diretório para modelos: /mnt/hdd/home/jdurao/ToolBox-ChemXAI/models
2025-10-10 00:56:48,703 [INFO] Carregando dados...
2025-10-10 00:56:48,802 [INFO] Preparando dataloaders sem ruído...
2025-10-10 01:02:49,006 [INFO] Dados carregados em 360.30 segundos
2025-10-10 01:02:49,006 [INFO] Tamanhos dos conjuntos - Treino: 105179, Validação: 13147, Teste: 13148
2025-10-10 01:02:49,006 [INFO] Usando dispositivo: cuda
2025-10-10 01:02:49,362 [INFO] Dimensão de entrada: 5, Dimensão de saída: 1
2025-10-10 01:02:49,363 [INFO] Criando modelo MLP com camadas: [128, 64, 32]
2025-10-10 01:02:49,366 [INFO] Modelo criado com 11137 parâmetros
2025-10-10 01:02:49,385 [INFO] Iniciando treinamento com 30 épocas...
2025-10-10 01:02:49,933 [INFO] Época 1/30, Batch 50/3287, Loss: 0.8370
2025-10-10 01:02:50,194 [INFO] Época 1/30, Batch 100/3287, Loss: 0.8086
2025-10-10 01:02:50,456 [INFO] Época 1/30, Batch 150/3287, Loss: 0.8012
2025-10-10 01:02:50,716 [INFO] Época 1/30, Batch 200/3287, Loss: 0.7492
2025-10-10 01:02:50,975 [INFO] Época 1/30, Batch 250/3287, Loss: 0.8926
2025-10-10 01:02:51,235 [INFO] Época 1/30, Batch 300/3287, Loss: 0.7118
2025-10-10 01:02:51,495 [INFO] Época 1/30, Batch 350/3287, Loss: 0.7022
2025-10-10 01:02:51,755 [INFO] Época 1/30, Batch 400/3287, Loss: 0.7161
2025-10-10 01:02:52,017 [INFO] Época 1/30, Batch 450/3287, Loss: 0.7461
2025-10-10 01:02:52,274 [INFO] Época 1/30, Batch 500/3287, Loss: 0.8028
2025-10-10 01:02:52,531 [INFO] Época 1/30, Batch 550/3287, Loss: 0.6377
2025-10-10 01:02:52,790 [INFO] Época 1/30, Batch 600/3287, Loss: 0.5172
2025-10-10 01:02:53,050 [INFO] Época 1/30, Batch 650/3287, Loss: 0.7096
2025-10-10 01:02:53,308 [INFO] Época 1/30, Batch 700/3287, Loss: 0.6702
2025-10-10 01:02:53,568 [INFO] Época 1/30, Batch 750/3287, Loss: 0.7432
2025-10-10 01:02:53,826 [INFO] Época 1/30, Batch 800/3287, Loss: 0.7687
2025-10-10 01:02:54,085 [INFO] Época 1/30, Batch 850/3287, Loss: 0.6893
2025-10-10 01:02:54,345 [INFO] Época 1/30, Batch 900/3287, Loss: 0.8123
2025-10-10 01:02:54,605 [INFO] Época 1/30, Batch 950/3287, Loss: 0.8067
2025-10-10 01:02:54,864 [INFO] Época 1/30, Batch 1000/3287, Loss: 0.5963
2025-10-10 01:02:55,123 [INFO] Época 1/30, Batch 1050/3287, Loss: 0.7006
2025-10-10 01:02:55,382 [INFO] Época 1/30, Batch 1100/3287, Loss: 0.7240
2025-10-10 01:02:55,641 [INFO] Época 1/30, Batch 1150/3287, Loss: 0.7209
2025-10-10 01:02:55,904 [INFO] Época 1/30, Batch 1200/3287, Loss: 0.8081
2025-10-10 01:02:56,163 [INFO] Época 1/30, Batch 1250/3287, Loss: 0.6598
2025-10-10 01:02:56,422 [INFO] Época 1/30, Batch 1300/3287, Loss: 0.8217
2025-10-10 01:02:56,685 [INFO] Época 1/30, Batch 1350/3287, Loss: 0.7567
2025-10-10 01:02:56,944 [INFO] Época 1/30, Batch 1400/3287, Loss: 0.7499
2025-10-10 01:02:57,205 [INFO] Época 1/30, Batch 1450/3287, Loss: 0.8561
2025-10-10 01:02:57,463 [INFO] Época 1/30, Batch 1500/3287, Loss: 0.7887
2025-10-10 01:02:57,723 [INFO] Época 1/30, Batch 1550/3287, Loss: 0.6874
2025-10-10 01:02:57,980 [INFO] Época 1/30, Batch 1600/3287, Loss: 0.6703
2025-10-10 01:02:58,239 [INFO] Época 1/30, Batch 1650/3287, Loss: 0.6768
2025-10-10 01:02:58,500 [INFO] Época 1/30, Batch 1700/3287, Loss: 0.6661
2025-10-10 01:02:58,759 [INFO] Época 1/30, Batch 1750/3287, Loss: 0.7021
2025-10-10 01:02:59,020 [INFO] Época 1/30, Batch 1800/3287, Loss: 0.7391
2025-10-10 01:02:59,280 [INFO] Época 1/30, Batch 1850/3287, Loss: 0.6548
2025-10-10 01:02:59,540 [INFO] Época 1/30, Batch 1900/3287, Loss: 0.7764
2025-10-10 01:02:59,803 [INFO] Época 1/30, Batch 1950/3287, Loss: 0.6986
2025-10-10 01:03:00,062 [INFO] Época 1/30, Batch 2000/3287, Loss: 0.7732
2025-10-10 01:03:00,323 [INFO] Época 1/30, Batch 2050/3287, Loss: 0.8299
2025-10-10 01:03:00,582 [INFO] Época 1/30, Batch 2100/3287, Loss: 0.6337
2025-10-10 01:03:00,841 [INFO] Época 1/30, Batch 2150/3287, Loss: 0.6679
2025-10-10 01:03:01,100 [INFO] Época 1/30, Batch 2200/3287, Loss: 0.7440
2025-10-10 01:03:01,361 [INFO] Época 1/30, Batch 2250/3287, Loss: 0.7331
2025-10-10 01:03:01,619 [INFO] Época 1/30, Batch 2300/3287, Loss: 0.7206
2025-10-10 01:03:01,877 [INFO] Época 1/30, Batch 2350/3287, Loss: 0.6843
2025-10-10 01:03:02,135 [INFO] Época 1/30, Batch 2400/3287, Loss: 0.7893
2025-10-10 01:03:02,393 [INFO] Época 1/30, Batch 2450/3287, Loss: 0.7758
2025-10-10 01:03:02,652 [INFO] Época 1/30, Batch 2500/3287, Loss: 0.6936
2025-10-10 01:03:02,910 [INFO] Época 1/30, Batch 2550/3287, Loss: 0.6832
2025-10-10 01:03:03,171 [INFO] Época 1/30, Batch 2600/3287, Loss: 0.7855
2025-10-10 01:03:03,432 [INFO] Época 1/30, Batch 2650/3287, Loss: 0.6248
2025-10-10 01:03:03,690 [INFO] Época 1/30, Batch 2700/3287, Loss: 0.7158
2025-10-10 01:03:03,951 [INFO] Época 1/30, Batch 2750/3287, Loss: 0.6362
2025-10-10 01:03:04,210 [INFO] Época 1/30, Batch 2800/3287, Loss: 0.7205
2025-10-10 01:03:04,469 [INFO] Época 1/30, Batch 2850/3287, Loss: 0.7772
2025-10-10 01:03:04,729 [INFO] Época 1/30, Batch 2900/3287, Loss: 0.6734
2025-10-10 01:03:04,995 [INFO] Época 1/30, Batch 2950/3287, Loss: 0.6544
2025-10-10 01:03:05,257 [INFO] Época 1/30, Batch 3000/3287, Loss: 0.7567
2025-10-10 01:03:05,516 [INFO] Época 1/30, Batch 3050/3287, Loss: 0.7340
2025-10-10 01:03:05,776 [INFO] Época 1/30, Batch 3100/3287, Loss: 0.6793
2025-10-10 01:03:06,034 [INFO] Época 1/30, Batch 3150/3287, Loss: 0.6982
2025-10-10 01:03:06,293 [INFO] Época 1/30, Batch 3200/3287, Loss: 0.7129
2025-10-10 01:03:06,553 [INFO] Época 1/30, Batch 3250/3287, Loss: 0.6652
2025-10-10 01:03:08,222 [INFO] [1/30] Train Loss: 0.7260 | Val Loss: 0.7898 | Tempo: 18.84s
2025-10-10 01:03:08,226 [INFO] Melhor modelo salvo em: /mnt/hdd/home/jdurao/ToolBox-ChemXAI/models/mlp_qm9_3D_att6_large.pth
2025-10-10 01:03:08,793 [INFO] Época 2/30, Batch 50/3287, Loss: 0.5716
2025-10-10 01:03:09,073 [INFO] Época 2/30, Batch 100/3287, Loss: 0.6631
2025-10-10 01:03:09,352 [INFO] Época 2/30, Batch 150/3287, Loss: 0.6309
2025-10-10 01:03:09,625 [INFO] Época 2/30, Batch 200/3287, Loss: 0.8029
2025-10-10 01:03:09,900 [INFO] Época 2/30, Batch 250/3287, Loss: 0.7165
2025-10-10 01:03:10,173 [INFO] Época 2/30, Batch 300/3287, Loss: 0.8605
2025-10-10 01:03:10,446 [INFO] Época 2/30, Batch 350/3287, Loss: 0.7351
2025-10-10 01:03:10,715 [INFO] Época 2/30, Batch 400/3287, Loss: 0.7967
2025-10-10 01:03:10,971 [INFO] Época 2/30, Batch 450/3287, Loss: 0.7332
2025-10-10 01:03:11,229 [INFO] Época 2/30, Batch 500/3287, Loss: 0.7918
2025-10-10 01:03:11,485 [INFO] Época 2/30, Batch 550/3287, Loss: 0.7955
2025-10-10 01:03:11,741 [INFO] Época 2/30, Batch 600/3287, Loss: 0.7319
2025-10-10 01:03:11,997 [INFO] Época 2/30, Batch 650/3287, Loss: 0.6572
2025-10-10 01:03:12,254 [INFO] Época 2/30, Batch 700/3287, Loss: 0.7081
2025-10-10 01:03:12,511 [INFO] Época 2/30, Batch 750/3287, Loss: 0.6424
2025-10-10 01:03:12,780 [INFO] Época 2/30, Batch 800/3287, Loss: 0.7499
2025-10-10 01:03:13,046 [INFO] Época 2/30, Batch 850/3287, Loss: 0.7419
2025-10-10 01:03:13,324 [INFO] Época 2/30, Batch 900/3287, Loss: 0.6484
2025-10-10 01:03:13,590 [INFO] Época 2/30, Batch 950/3287, Loss: 0.7810
2025-10-10 01:03:13,856 [INFO] Época 2/30, Batch 1000/3287, Loss: 0.7603
2025-10-10 01:03:14,110 [INFO] Época 2/30, Batch 1050/3287, Loss: 0.6748
2025-10-10 01:03:14,368 [INFO] Época 2/30, Batch 1100/3287, Loss: 0.7585
2025-10-10 01:03:14,625 [INFO] Época 2/30, Batch 1150/3287, Loss: 0.5801
2025-10-10 01:03:14,881 [INFO] Época 2/30, Batch 1200/3287, Loss: 0.7882
2025-10-10 01:03:15,140 [INFO] Época 2/30, Batch 1250/3287, Loss: 0.7535
2025-10-10 01:03:15,412 [INFO] Época 2/30, Batch 1300/3287, Loss: 0.6450
2025-10-10 01:03:15,686 [INFO] Época 2/30, Batch 1350/3287, Loss: 0.8315
2025-10-10 01:03:15,961 [INFO] Época 2/30, Batch 1400/3287, Loss: 0.6723
2025-10-10 01:03:16,233 [INFO] Época 2/30, Batch 1450/3287, Loss: 0.7584
2025-10-10 01:03:16,508 [INFO] Época 2/30, Batch 1500/3287, Loss: 0.6492
2025-10-10 01:03:16,782 [INFO] Época 2/30, Batch 1550/3287, Loss: 0.6708
2025-10-10 01:03:17,056 [INFO] Época 2/30, Batch 1600/3287, Loss: 0.7943
2025-10-10 01:03:17,328 [INFO] Época 2/30, Batch 1650/3287, Loss: 0.7564
2025-10-10 01:03:17,602 [INFO] Época 2/30, Batch 1700/3287, Loss: 0.7997
2025-10-10 01:03:17,878 [INFO] Época 2/30, Batch 1750/3287, Loss: 0.7743
2025-10-10 01:03:18,152 [INFO] Época 2/30, Batch 1800/3287, Loss: 0.8115
2025-10-10 01:03:18,426 [INFO] Época 2/30, Batch 1850/3287, Loss: 0.7519
2025-10-10 01:03:18,700 [INFO] Época 2/30, Batch 1900/3287, Loss: 0.7306
2025-10-10 01:03:18,974 [INFO] Época 2/30, Batch 1950/3287, Loss: 0.8244
2025-10-10 01:03:19,249 [INFO] Época 2/30, Batch 2000/3287, Loss: 0.8495
2025-10-10 01:03:19,525 [INFO] Época 2/30, Batch 2050/3287, Loss: 0.6013
2025-10-10 01:03:19,799 [INFO] Época 2/30, Batch 2100/3287, Loss: 0.7336
2025-10-10 01:03:20,058 [INFO] Época 2/30, Batch 2150/3287, Loss: 0.7861
2025-10-10 01:03:20,315 [INFO] Época 2/30, Batch 2200/3287, Loss: 0.5604
2025-10-10 01:03:20,574 [INFO] Época 2/30, Batch 2250/3287, Loss: 0.9096
2025-10-10 01:03:20,832 [INFO] Época 2/30, Batch 2300/3287, Loss: 0.6258
2025-10-10 01:03:21,090 [INFO] Época 2/30, Batch 2350/3287, Loss: 0.8843
2025-10-10 01:03:21,357 [INFO] Época 2/30, Batch 2400/3287, Loss: 0.6950
2025-10-10 01:03:21,633 [INFO] Época 2/30, Batch 2450/3287, Loss: 0.7359
2025-10-10 01:03:21,905 [INFO] Época 2/30, Batch 2500/3287, Loss: 0.6981
2025-10-10 01:03:22,164 [INFO] Época 2/30, Batch 2550/3287, Loss: 0.6881
2025-10-10 01:03:22,421 [INFO] Época 2/30, Batch 2600/3287, Loss: 0.7175
2025-10-10 01:03:22,679 [INFO] Época 2/30, Batch 2650/3287, Loss: 0.6552
2025-10-10 01:03:22,936 [INFO] Época 2/30, Batch 2700/3287, Loss: 0.7727
2025-10-10 01:03:23,194 [INFO] Época 2/30, Batch 2750/3287, Loss: 0.7741
2025-10-10 01:03:23,462 [INFO] Época 2/30, Batch 2800/3287, Loss: 0.8319
2025-10-10 01:03:23,736 [INFO] Época 2/30, Batch 2850/3287, Loss: 0.7289
2025-10-10 01:03:24,008 [INFO] Época 2/30, Batch 2900/3287, Loss: 0.7325
2025-10-10 01:03:24,281 [INFO] Época 2/30, Batch 2950/3287, Loss: 0.6696
2025-10-10 01:03:24,549 [INFO] Época 2/30, Batch 3000/3287, Loss: 0.7416
2025-10-10 01:03:24,817 [INFO] Época 2/30, Batch 3050/3287, Loss: 0.8653
2025-10-10 01:03:25,091 [INFO] Época 2/30, Batch 3100/3287, Loss: 0.7744
2025-10-10 01:03:25,365 [INFO] Época 2/30, Batch 3150/3287, Loss: 0.7361
2025-10-10 01:03:25,638 [INFO] Época 2/30, Batch 3200/3287, Loss: 0.7372
2025-10-10 01:03:25,899 [INFO] Época 2/30, Batch 3250/3287, Loss: 0.7382
2025-10-10 01:03:27,575 [INFO] [2/30] Train Loss: 0.7158 | Val Loss: 0.7583 | Tempo: 19.35s
2025-10-10 01:03:27,579 [INFO] Melhor modelo salvo em: /mnt/hdd/home/jdurao/ToolBox-ChemXAI/models/mlp_qm9_3D_att6_large.pth
2025-10-10 01:03:28,133 [INFO] Época 3/30, Batch 50/3287, Loss: 0.6830
2025-10-10 01:03:28,396 [INFO] Época 3/30, Batch 100/3287, Loss: 0.7198
2025-10-10 01:03:28,655 [INFO] Época 3/30, Batch 150/3287, Loss: 0.7712
2025-10-10 01:03:28,915 [INFO] Época 3/30, Batch 200/3287, Loss: 0.6331
2025-10-10 01:03:29,172 [INFO] Época 3/30, Batch 250/3287, Loss: 0.6411
2025-10-10 01:03:29,429 [INFO] Época 3/30, Batch 300/3287, Loss: 0.8467
2025-10-10 01:03:29,687 [INFO] Época 3/30, Batch 350/3287, Loss: 0.7611
2025-10-10 01:03:29,947 [INFO] Época 3/30, Batch 400/3287, Loss: 0.9005
2025-10-10 01:03:30,205 [INFO] Época 3/30, Batch 450/3287, Loss: 0.5792
2025-10-10 01:03:30,462 [INFO] Época 3/30, Batch 500/3287, Loss: 0.8168
2025-10-10 01:03:30,720 [INFO] Época 3/30, Batch 550/3287, Loss: 0.6332
2025-10-10 01:03:30,976 [INFO] Época 3/30, Batch 600/3287, Loss: 0.7421
2025-10-10 01:03:31,233 [INFO] Época 3/30, Batch 650/3287, Loss: 0.8405
2025-10-10 01:03:31,491 [INFO] Época 3/30, Batch 700/3287, Loss: 0.7331
2025-10-10 01:03:31,749 [INFO] Época 3/30, Batch 750/3287, Loss: 0.6691
2025-10-10 01:03:32,008 [INFO] Época 3/30, Batch 800/3287, Loss: 0.7692
2025-10-10 01:03:32,265 [INFO] Época 3/30, Batch 850/3287, Loss: 0.7951
2025-10-10 01:03:32,524 [INFO] Época 3/30, Batch 900/3287, Loss: 0.7165
2025-10-10 01:03:32,782 [INFO] Época 3/30, Batch 950/3287, Loss: 0.7360
2025-10-10 01:03:33,038 [INFO] Época 3/30, Batch 1000/3287, Loss: 0.8349
2025-10-10 01:03:33,295 [INFO] Época 3/30, Batch 1050/3287, Loss: 0.7200
2025-10-10 01:03:33,552 [INFO] Época 3/30, Batch 1100/3287, Loss: 0.7378
2025-10-10 01:03:33,809 [INFO] Época 3/30, Batch 1150/3287, Loss: 0.7395
2025-10-10 01:03:34,067 [INFO] Época 3/30, Batch 1200/3287, Loss: 0.6113
2025-10-10 01:03:34,324 [INFO] Época 3/30, Batch 1250/3287, Loss: 0.8869
2025-10-10 01:03:34,583 [INFO] Época 3/30, Batch 1300/3287, Loss: 0.8480
2025-10-10 01:03:34,840 [INFO] Época 3/30, Batch 1350/3287, Loss: 0.9004
2025-10-10 01:03:35,097 [INFO] Época 3/30, Batch 1400/3287, Loss: 0.6302
2025-10-10 01:03:35,353 [INFO] Época 3/30, Batch 1450/3287, Loss: 0.8178
2025-10-10 01:03:35,609 [INFO] Época 3/30, Batch 1500/3287, Loss: 0.7521
2025-10-10 01:03:35,868 [INFO] Época 3/30, Batch 1550/3287, Loss: 0.7397
2025-10-10 01:03:36,123 [INFO] Época 3/30, Batch 1600/3287, Loss: 0.6570
2025-10-10 01:03:36,377 [INFO] Época 3/30, Batch 1650/3287, Loss: 0.7513
2025-10-10 01:03:36,631 [INFO] Época 3/30, Batch 1700/3287, Loss: 0.5643
2025-10-10 01:03:36,883 [INFO] Época 3/30, Batch 1750/3287, Loss: 0.7714
2025-10-10 01:03:37,137 [INFO] Época 3/30, Batch 1800/3287, Loss: 0.7320
2025-10-10 01:03:37,390 [INFO] Época 3/30, Batch 1850/3287, Loss: 0.6341
2025-10-10 01:03:37,642 [INFO] Época 3/30, Batch 1900/3287, Loss: 0.5267
2025-10-10 01:03:37,897 [INFO] Época 3/30, Batch 1950/3287, Loss: 0.7114
2025-10-10 01:03:38,152 [INFO] Época 3/30, Batch 2000/3287, Loss: 0.6796
2025-10-10 01:03:38,406 [INFO] Época 3/30, Batch 2050/3287, Loss: 0.7668
2025-10-10 01:03:38,660 [INFO] Época 3/30, Batch 2100/3287, Loss: 0.7111
2025-10-10 01:03:38,914 [INFO] Época 3/30, Batch 2150/3287, Loss: 0.7670
2025-10-10 01:03:39,169 [INFO] Época 3/30, Batch 2200/3287, Loss: 0.7097
2025-10-10 01:03:39,424 [INFO] Época 3/30, Batch 2250/3287, Loss: 0.6671
2025-10-10 01:03:39,678 [INFO] Época 3/30, Batch 2300/3287, Loss: 0.6937
2025-10-10 01:03:39,934 [INFO] Época 3/30, Batch 2350/3287, Loss: 0.6620
2025-10-10 01:03:40,190 [INFO] Época 3/30, Batch 2400/3287, Loss: 0.6244
2025-10-10 01:03:40,447 [INFO] Época 3/30, Batch 2450/3287, Loss: 0.5499
2025-10-10 01:03:40,704 [INFO] Época 3/30, Batch 2500/3287, Loss: 0.6983
2025-10-10 01:03:40,960 [INFO] Época 3/30, Batch 2550/3287, Loss: 0.7400
2025-10-10 01:03:41,219 [INFO] Época 3/30, Batch 2600/3287, Loss: 0.5840
2025-10-10 01:03:41,476 [INFO] Época 3/30, Batch 2650/3287, Loss: 0.5950
2025-10-10 01:03:41,734 [INFO] Época 3/30, Batch 2700/3287, Loss: 0.7501
2025-10-10 01:03:41,990 [INFO] Época 3/30, Batch 2750/3287, Loss: 0.5912
2025-10-10 01:03:42,246 [INFO] Época 3/30, Batch 2800/3287, Loss: 0.7445
2025-10-10 01:03:42,503 [INFO] Época 3/30, Batch 2850/3287, Loss: 0.6702
2025-10-10 01:03:42,759 [INFO] Época 3/30, Batch 2900/3287, Loss: 0.6611
2025-10-10 01:03:43,014 [INFO] Época 3/30, Batch 2950/3287, Loss: 0.6276
2025-10-10 01:03:43,269 [INFO] Época 3/30, Batch 3000/3287, Loss: 0.6841
2025-10-10 01:03:43,525 [INFO] Época 3/30, Batch 3050/3287, Loss: 0.6344
2025-10-10 01:03:43,784 [INFO] Época 3/30, Batch 3100/3287, Loss: 0.6619
2025-10-10 01:03:44,038 [INFO] Época 3/30, Batch 3150/3287, Loss: 0.6819
2025-10-10 01:03:44,294 [INFO] Época 3/30, Batch 3200/3287, Loss: 0.8080
2025-10-10 01:03:44,549 [INFO] Época 3/30, Batch 3250/3287, Loss: 0.6553
2025-10-10 01:03:46,205 [INFO] [3/30] Train Loss: 0.7125 | Val Loss: 0.7684 | Tempo: 18.63s
2025-10-10 01:03:46,769 [INFO] Época 4/30, Batch 50/3287, Loss: 0.7653
2025-10-10 01:03:47,040 [INFO] Época 4/30, Batch 100/3287, Loss: 0.6551
2025-10-10 01:03:47,309 [INFO] Época 4/30, Batch 150/3287, Loss: 0.7968
2025-10-10 01:03:47,577 [INFO] Época 4/30, Batch 200/3287, Loss: 0.6121
2025-10-10 01:03:47,844 [INFO] Época 4/30, Batch 250/3287, Loss: 0.5884
2025-10-10 01:03:48,110 [INFO] Época 4/30, Batch 300/3287, Loss: 0.7673
2025-10-10 01:03:48,376 [INFO] Época 4/30, Batch 350/3287, Loss: 0.7318
2025-10-10 01:03:48,642 [INFO] Época 4/30, Batch 400/3287, Loss: 0.7978
2025-10-10 01:03:48,907 [INFO] Época 4/30, Batch 450/3287, Loss: 0.5954
2025-10-10 01:03:49,171 [INFO] Época 4/30, Batch 500/3287, Loss: 0.7868
2025-10-10 01:03:49,437 [INFO] Época 4/30, Batch 550/3287, Loss: 0.8097
2025-10-10 01:03:49,702 [INFO] Época 4/30, Batch 600/3287, Loss: 0.6616
2025-10-10 01:03:49,965 [INFO] Época 4/30, Batch 650/3287, Loss: 0.6000
2025-10-10 01:03:50,221 [INFO] Época 4/30, Batch 700/3287, Loss: 0.7215
2025-10-10 01:03:50,478 [INFO] Época 4/30, Batch 750/3287, Loss: 0.7646
2025-10-10 01:03:50,737 [INFO] Época 4/30, Batch 800/3287, Loss: 0.6924
2025-10-10 01:03:50,997 [INFO] Época 4/30, Batch 850/3287, Loss: 0.7231
2025-10-10 01:03:51,253 [INFO] Época 4/30, Batch 900/3287, Loss: 0.8173
2025-10-10 01:03:51,508 [INFO] Época 4/30, Batch 950/3287, Loss: 0.7382
2025-10-10 01:03:51,765 [INFO] Época 4/30, Batch 1000/3287, Loss: 0.5277
2025-10-10 01:03:52,022 [INFO] Época 4/30, Batch 1050/3287, Loss: 0.6813
2025-10-10 01:03:52,281 [INFO] Época 4/30, Batch 1100/3287, Loss: 0.5849
2025-10-10 01:03:52,536 [INFO] Época 4/30, Batch 1150/3287, Loss: 0.7368
2025-10-10 01:03:52,798 [INFO] Época 4/30, Batch 1200/3287, Loss: 0.7073
2025-10-10 01:03:53,054 [INFO] Época 4/30, Batch 1250/3287, Loss: 0.6854
2025-10-10 01:03:53,310 [INFO] Época 4/30, Batch 1300/3287, Loss: 0.6958
2025-10-10 01:03:53,565 [INFO] Época 4/30, Batch 1350/3287, Loss: 0.8226
2025-10-10 01:03:53,830 [INFO] Época 4/30, Batch 1400/3287, Loss: 0.7774
2025-10-10 01:03:54,093 [INFO] Época 4/30, Batch 1450/3287, Loss: 0.7506
2025-10-10 01:03:54,359 [INFO] Época 4/30, Batch 1500/3287, Loss: 0.7034
2025-10-10 01:03:54,625 [INFO] Época 4/30, Batch 1550/3287, Loss: 0.6212
2025-10-10 01:03:54,894 [INFO] Época 4/30, Batch 1600/3287, Loss: 0.6607
2025-10-10 01:03:55,158 [INFO] Época 4/30, Batch 1650/3287, Loss: 0.6400
2025-10-10 01:03:55,422 [INFO] Época 4/30, Batch 1700/3287, Loss: 0.8270
2025-10-10 01:03:55,686 [INFO] Época 4/30, Batch 1750/3287, Loss: 0.6085
2025-10-10 01:03:55,950 [INFO] Época 4/30, Batch 1800/3287, Loss: 0.7140
2025-10-10 01:03:56,215 [INFO] Época 4/30, Batch 1850/3287, Loss: 0.7970
2025-10-10 01:03:56,480 [INFO] Época 4/30, Batch 1900/3287, Loss: 0.5778
2025-10-10 01:03:56,745 [INFO] Época 4/30, Batch 1950/3287, Loss: 0.8099
2025-10-10 01:03:57,009 [INFO] Época 4/30, Batch 2000/3287, Loss: 0.7589
2025-10-10 01:03:57,274 [INFO] Época 4/30, Batch 2050/3287, Loss: 0.7183
2025-10-10 01:03:57,539 [INFO] Época 4/30, Batch 2100/3287, Loss: 0.7683
2025-10-10 01:03:57,806 [INFO] Época 4/30, Batch 2150/3287, Loss: 0.6155
2025-10-10 01:03:58,069 [INFO] Época 4/30, Batch 2200/3287, Loss: 0.6457
2025-10-10 01:03:58,344 [INFO] Época 4/30, Batch 2250/3287, Loss: 0.6999
2025-10-10 01:03:58,617 [INFO] Época 4/30, Batch 2300/3287, Loss: 0.7848
2025-10-10 01:03:58,884 [INFO] Época 4/30, Batch 2350/3287, Loss: 0.6337
2025-10-10 01:03:59,151 [INFO] Época 4/30, Batch 2400/3287, Loss: 0.5870
2025-10-10 01:03:59,416 [INFO] Época 4/30, Batch 2450/3287, Loss: 0.7737
2025-10-10 01:03:59,679 [INFO] Época 4/30, Batch 2500/3287, Loss: 0.6947
2025-10-10 01:03:59,936 [INFO] Época 4/30, Batch 2550/3287, Loss: 0.7532
2025-10-10 01:04:00,191 [INFO] Época 4/30, Batch 2600/3287, Loss: 0.8330
2025-10-10 01:04:00,446 [INFO] Época 4/30, Batch 2650/3287, Loss: 0.7716
2025-10-10 01:04:00,701 [INFO] Época 4/30, Batch 2700/3287, Loss: 0.6620
2025-10-10 01:04:00,956 [INFO] Época 4/30, Batch 2750/3287, Loss: 0.6253
2025-10-10 01:04:01,213 [INFO] Época 4/30, Batch 2800/3287, Loss: 0.6112
2025-10-10 01:04:01,467 [INFO] Época 4/30, Batch 2850/3287, Loss: 0.8025
2025-10-10 01:04:01,724 [INFO] Época 4/30, Batch 2900/3287, Loss: 0.7779
2025-10-10 01:04:01,979 [INFO] Época 4/30, Batch 2950/3287, Loss: 0.7499
2025-10-10 01:04:02,233 [INFO] Época 4/30, Batch 3000/3287, Loss: 0.6866
2025-10-10 01:04:02,489 [INFO] Época 4/30, Batch 3050/3287, Loss: 0.6143
2025-10-10 01:04:02,745 [INFO] Época 4/30, Batch 3100/3287, Loss: 0.7176
2025-10-10 01:04:03,001 [INFO] Época 4/30, Batch 3150/3287, Loss: 0.8500
2025-10-10 01:04:03,258 [INFO] Época 4/30, Batch 3200/3287, Loss: 0.6227
2025-10-10 01:04:03,514 [INFO] Época 4/30, Batch 3250/3287, Loss: 0.7462
2025-10-10 01:04:05,274 [INFO] [4/30] Train Loss: 0.7098 | Val Loss: 0.7561 | Tempo: 19.07s
2025-10-10 01:04:05,278 [INFO] Melhor modelo salvo em: /mnt/hdd/home/jdurao/ToolBox-ChemXAI/models/mlp_qm9_3D_att6_large.pth
2025-10-10 01:04:05,836 [INFO] Época 5/30, Batch 50/3287, Loss: 0.6304
2025-10-10 01:04:06,100 [INFO] Época 5/30, Batch 100/3287, Loss: 0.7248
2025-10-10 01:04:06,364 [INFO] Época 5/30, Batch 150/3287, Loss: 0.6982
2025-10-10 01:04:06,624 [INFO] Época 5/30, Batch 200/3287, Loss: 0.7083
2025-10-10 01:04:06,884 [INFO] Época 5/30, Batch 250/3287, Loss: 0.5912
2025-10-10 01:04:07,144 [INFO] Época 5/30, Batch 300/3287, Loss: 0.5932
2025-10-10 01:04:07,404 [INFO] Época 5/30, Batch 350/3287, Loss: 0.7473
2025-10-10 01:04:07,665 [INFO] Época 5/30, Batch 400/3287, Loss: 0.7112
2025-10-10 01:04:07,925 [INFO] Época 5/30, Batch 450/3287, Loss: 0.7761
2025-10-10 01:04:08,184 [INFO] Época 5/30, Batch 500/3287, Loss: 0.6189
2025-10-10 01:04:08,443 [INFO] Época 5/30, Batch 550/3287, Loss: 0.5516
2025-10-10 01:04:08,703 [INFO] Época 5/30, Batch 600/3287, Loss: 0.6466
2025-10-10 01:04:08,960 [INFO] Época 5/30, Batch 650/3287, Loss: 0.5492
2025-10-10 01:04:09,218 [INFO] Época 5/30, Batch 700/3287, Loss: 0.6101
2025-10-10 01:04:09,472 [INFO] Época 5/30, Batch 750/3287, Loss: 0.8938
2025-10-10 01:04:09,722 [INFO] Época 5/30, Batch 800/3287, Loss: 0.6736
2025-10-10 01:04:09,972 [INFO] Época 5/30, Batch 850/3287, Loss: 0.6054
2025-10-10 01:04:10,223 [INFO] Época 5/30, Batch 900/3287, Loss: 0.8399
2025-10-10 01:04:10,472 [INFO] Época 5/30, Batch 950/3287, Loss: 0.7883
2025-10-10 01:04:10,722 [INFO] Época 5/30, Batch 1000/3287, Loss: 0.7435
2025-10-10 01:04:10,971 [INFO] Época 5/30, Batch 1050/3287, Loss: 0.6391
2025-10-10 01:04:11,220 [INFO] Época 5/30, Batch 1100/3287, Loss: 0.7151
2025-10-10 01:04:11,476 [INFO] Época 5/30, Batch 1150/3287, Loss: 0.7273
2025-10-10 01:04:11,737 [INFO] Época 5/30, Batch 1200/3287, Loss: 0.8322
2025-10-10 01:04:11,994 [INFO] Época 5/30, Batch 1250/3287, Loss: 0.7604
2025-10-10 01:04:12,250 [INFO] Época 5/30, Batch 1300/3287, Loss: 0.7492
2025-10-10 01:04:12,507 [INFO] Época 5/30, Batch 1350/3287, Loss: 0.7403
2025-10-10 01:04:12,766 [INFO] Época 5/30, Batch 1400/3287, Loss: 0.6465
2025-10-10 01:04:13,026 [INFO] Época 5/30, Batch 1450/3287, Loss: 0.7661
2025-10-10 01:04:13,284 [INFO] Época 5/30, Batch 1500/3287, Loss: 0.7016
2025-10-10 01:04:13,540 [INFO] Época 5/30, Batch 1550/3287, Loss: 0.7638
2025-10-10 01:04:13,798 [INFO] Época 5/30, Batch 1600/3287, Loss: 0.6465
2025-10-10 01:04:14,059 [INFO] Época 5/30, Batch 1650/3287, Loss: 0.8876
2025-10-10 01:04:14,317 [INFO] Época 5/30, Batch 1700/3287, Loss: 0.6380
2025-10-10 01:04:14,576 [INFO] Época 5/30, Batch 1750/3287, Loss: 0.6085
2025-10-10 01:04:14,832 [INFO] Época 5/30, Batch 1800/3287, Loss: 0.7309
2025-10-10 01:04:15,089 [INFO] Época 5/30, Batch 1850/3287, Loss: 0.7058
2025-10-10 01:04:15,346 [INFO] Época 5/30, Batch 1900/3287, Loss: 0.7737
2025-10-10 01:04:15,605 [INFO] Época 5/30, Batch 1950/3287, Loss: 0.8165
2025-10-10 01:04:15,862 [INFO] Época 5/30, Batch 2000/3287, Loss: 0.7786
2025-10-10 01:04:16,119 [INFO] Época 5/30, Batch 2050/3287, Loss: 0.8127
2025-10-10 01:04:16,377 [INFO] Época 5/30, Batch 2100/3287, Loss: 0.5738
2025-10-10 01:04:16,635 [INFO] Época 5/30, Batch 2150/3287, Loss: 0.7349
2025-10-10 01:04:16,895 [INFO] Época 5/30, Batch 2200/3287, Loss: 0.7200
2025-10-10 01:04:17,154 [INFO] Época 5/30, Batch 2250/3287, Loss: 0.8221
2025-10-10 01:04:17,411 [INFO] Época 5/30, Batch 2300/3287, Loss: 0.7719
2025-10-10 01:04:17,669 [INFO] Época 5/30, Batch 2350/3287, Loss: 0.6223
2025-10-10 01:04:17,930 [INFO] Época 5/30, Batch 2400/3287, Loss: 0.7700
2025-10-10 01:04:18,189 [INFO] Época 5/30, Batch 2450/3287, Loss: 0.7668
2025-10-10 01:04:18,446 [INFO] Época 5/30, Batch 2500/3287, Loss: 0.7124
2025-10-10 01:04:18,704 [INFO] Época 5/30, Batch 2550/3287, Loss: 0.7256
2025-10-10 01:04:18,962 [INFO] Época 5/30, Batch 2600/3287, Loss: 0.7501
2025-10-10 01:04:19,220 [INFO] Época 5/30, Batch 2650/3287, Loss: 0.6336
2025-10-10 01:04:19,481 [INFO] Época 5/30, Batch 2700/3287, Loss: 0.8332
2025-10-10 01:04:19,736 [INFO] Época 5/30, Batch 2750/3287, Loss: 0.5917
2025-10-10 01:04:19,995 [INFO] Época 5/30, Batch 2800/3287, Loss: 0.7541
2025-10-10 01:04:20,248 [INFO] Época 5/30, Batch 2850/3287, Loss: 0.6346
2025-10-10 01:04:20,504 [INFO] Época 5/30, Batch 2900/3287, Loss: 0.7884
2025-10-10 01:04:20,760 [INFO] Época 5/30, Batch 2950/3287, Loss: 0.6741
2025-10-10 01:04:21,020 [INFO] Época 5/30, Batch 3000/3287, Loss: 0.6477
2025-10-10 01:04:21,276 [INFO] Época 5/30, Batch 3050/3287, Loss: 0.7022
2025-10-10 01:04:21,534 [INFO] Época 5/30, Batch 3100/3287, Loss: 0.5972
2025-10-10 01:04:21,789 [INFO] Época 5/30, Batch 3150/3287, Loss: 0.8258
2025-10-10 01:04:22,049 [INFO] Época 5/30, Batch 3200/3287, Loss: 0.7308
2025-10-10 01:04:22,304 [INFO] Época 5/30, Batch 3250/3287, Loss: 0.7295
2025-10-10 01:04:24,093 [INFO] [5/30] Train Loss: 0.7078 | Val Loss: 0.7669 | Tempo: 18.81s
2025-10-10 01:04:24,664 [INFO] Época 6/30, Batch 50/3287, Loss: 0.7688
2025-10-10 01:04:24,935 [INFO] Época 6/30, Batch 100/3287, Loss: 0.7671
2025-10-10 01:04:25,206 [INFO] Época 6/30, Batch 150/3287, Loss: 0.6372
2025-10-10 01:04:25,478 [INFO] Época 6/30, Batch 200/3287, Loss: 0.6819
2025-10-10 01:04:25,748 [INFO] Época 6/30, Batch 250/3287, Loss: 0.8133
2025-10-10 01:04:26,020 [INFO] Época 6/30, Batch 300/3287, Loss: 0.6146
2025-10-10 01:04:26,289 [INFO] Época 6/30, Batch 350/3287, Loss: 0.6263
2025-10-10 01:04:26,556 [INFO] Época 6/30, Batch 400/3287, Loss: 0.6701
2025-10-10 01:04:26,817 [INFO] Época 6/30, Batch 450/3287, Loss: 0.7126
2025-10-10 01:04:27,075 [INFO] Época 6/30, Batch 500/3287, Loss: 0.5421
2025-10-10 01:04:27,336 [INFO] Época 6/30, Batch 550/3287, Loss: 0.6623
2025-10-10 01:04:27,594 [INFO] Época 6/30, Batch 600/3287, Loss: 0.7924
2025-10-10 01:04:27,853 [INFO] Época 6/30, Batch 650/3287, Loss: 0.5166
2025-10-10 01:04:28,114 [INFO] Época 6/30, Batch 700/3287, Loss: 0.8140
2025-10-10 01:04:28,375 [INFO] Época 6/30, Batch 750/3287, Loss: 0.6761
2025-10-10 01:04:28,626 [INFO] Época 6/30, Batch 800/3287, Loss: 0.6810
2025-10-10 01:04:28,874 [INFO] Época 6/30, Batch 850/3287, Loss: 0.5671
2025-10-10 01:04:29,122 [INFO] Época 6/30, Batch 900/3287, Loss: 0.7135
2025-10-10 01:04:29,372 [INFO] Época 6/30, Batch 950/3287, Loss: 0.7641
2025-10-10 01:04:29,620 [INFO] Época 6/30, Batch 1000/3287, Loss: 0.6933
2025-10-10 01:04:29,869 [INFO] Época 6/30, Batch 1050/3287, Loss: 0.6024
2025-10-10 01:04:30,118 [INFO] Época 6/30, Batch 1100/3287, Loss: 0.5985
2025-10-10 01:04:30,366 [INFO] Época 6/30, Batch 1150/3287, Loss: 0.7444
2025-10-10 01:04:30,624 [INFO] Época 6/30, Batch 1200/3287, Loss: 0.7521
2025-10-10 01:04:30,880 [INFO] Época 6/30, Batch 1250/3287, Loss: 0.5307
2025-10-10 01:04:31,140 [INFO] Época 6/30, Batch 1300/3287, Loss: 0.5819
2025-10-10 01:04:31,401 [INFO] Época 6/30, Batch 1350/3287, Loss: 0.6158
2025-10-10 01:04:31,664 [INFO] Época 6/30, Batch 1400/3287, Loss: 0.6634
2025-10-10 01:04:31,924 [INFO] Época 6/30, Batch 1450/3287, Loss: 0.7990
2025-10-10 01:04:32,183 [INFO] Época 6/30, Batch 1500/3287, Loss: 0.6040
2025-10-10 01:04:32,442 [INFO] Época 6/30, Batch 1550/3287, Loss: 0.6793
2025-10-10 01:04:32,702 [INFO] Época 6/30, Batch 1600/3287, Loss: 0.6729
2025-10-10 01:04:32,961 [INFO] Época 6/30, Batch 1650/3287, Loss: 0.7531
2025-10-10 01:04:33,222 [INFO] Época 6/30, Batch 1700/3287, Loss: 0.6710
2025-10-10 01:04:33,482 [INFO] Época 6/30, Batch 1750/3287, Loss: 0.6879
2025-10-10 01:04:33,741 [INFO] Época 6/30, Batch 1800/3287, Loss: 0.6071
2025-10-10 01:04:34,001 [INFO] Época 6/30, Batch 1850/3287, Loss: 0.5187
2025-10-10 01:04:34,259 [INFO] Época 6/30, Batch 1900/3287, Loss: 0.7859
2025-10-10 01:04:34,517 [INFO] Época 6/30, Batch 1950/3287, Loss: 0.6923
2025-10-10 01:04:34,776 [INFO] Época 6/30, Batch 2000/3287, Loss: 0.6588
2025-10-10 01:04:35,035 [INFO] Época 6/30, Batch 2050/3287, Loss: 0.8030
2025-10-10 01:04:35,294 [INFO] Época 6/30, Batch 2100/3287, Loss: 0.7161
2025-10-10 01:04:35,551 [INFO] Época 6/30, Batch 2150/3287, Loss: 0.8509
2025-10-10 01:04:35,809 [INFO] Época 6/30, Batch 2200/3287, Loss: 0.8910
2025-10-10 01:04:36,069 [INFO] Época 6/30, Batch 2250/3287, Loss: 0.5910
2025-10-10 01:04:36,326 [INFO] Época 6/30, Batch 2300/3287, Loss: 0.6935
2025-10-10 01:04:36,591 [INFO] Época 6/30, Batch 2350/3287, Loss: 0.7089
2025-10-10 01:04:36,852 [INFO] Época 6/30, Batch 2400/3287, Loss: 0.6503
2025-10-10 01:04:37,113 [INFO] Época 6/30, Batch 2450/3287, Loss: 0.7892
2025-10-10 01:04:37,373 [INFO] Época 6/30, Batch 2500/3287, Loss: 0.6952
2025-10-10 01:04:37,632 [INFO] Época 6/30, Batch 2550/3287, Loss: 0.6106
2025-10-10 01:04:37,889 [INFO] Época 6/30, Batch 2600/3287, Loss: 0.7017
2025-10-10 01:04:38,148 [INFO] Época 6/30, Batch 2650/3287, Loss: 0.6154
2025-10-10 01:04:38,407 [INFO] Época 6/30, Batch 2700/3287, Loss: 0.5864
2025-10-10 01:04:38,667 [INFO] Época 6/30, Batch 2750/3287, Loss: 0.7883
2025-10-10 01:04:38,925 [INFO] Época 6/30, Batch 2800/3287, Loss: 0.5383
2025-10-10 01:04:39,181 [INFO] Época 6/30, Batch 2850/3287, Loss: 0.6141
2025-10-10 01:04:39,439 [INFO] Época 6/30, Batch 2900/3287, Loss: 0.7569
2025-10-10 01:04:39,698 [INFO] Época 6/30, Batch 2950/3287, Loss: 0.7119
2025-10-10 01:04:39,955 [INFO] Época 6/30, Batch 3000/3287, Loss: 0.6353
2025-10-10 01:04:40,211 [INFO] Época 6/30, Batch 3050/3287, Loss: 0.6790
2025-10-10 01:04:40,468 [INFO] Época 6/30, Batch 3100/3287, Loss: 0.6740
2025-10-10 01:04:40,726 [INFO] Época 6/30, Batch 3150/3287, Loss: 0.7620
2025-10-10 01:04:40,986 [INFO] Época 6/30, Batch 3200/3287, Loss: 0.6979
2025-10-10 01:04:41,245 [INFO] Época 6/30, Batch 3250/3287, Loss: 0.7399
2025-10-10 01:04:42,873 [INFO] [6/30] Train Loss: 0.7055 | Val Loss: 0.7711 | Tempo: 18.78s
2025-10-10 01:04:43,418 [INFO] Época 7/30, Batch 50/3287, Loss: 0.6500
2025-10-10 01:04:43,678 [INFO] Época 7/30, Batch 100/3287, Loss: 0.7013
2025-10-10 01:04:43,934 [INFO] Época 7/30, Batch 150/3287, Loss: 0.7218
2025-10-10 01:04:44,190 [INFO] Época 7/30, Batch 200/3287, Loss: 0.7349
2025-10-10 01:04:44,447 [INFO] Época 7/30, Batch 250/3287, Loss: 0.7342
2025-10-10 01:04:44,703 [INFO] Época 7/30, Batch 300/3287, Loss: 0.5892
2025-10-10 01:04:44,961 [INFO] Época 7/30, Batch 350/3287, Loss: 0.7559
2025-10-10 01:04:45,214 [INFO] Época 7/30, Batch 400/3287, Loss: 0.8261
2025-10-10 01:04:45,469 [INFO] Época 7/30, Batch 450/3287, Loss: 0.6193
2025-10-10 01:04:45,725 [INFO] Época 7/30, Batch 500/3287, Loss: 0.7843
2025-10-10 01:04:45,977 [INFO] Época 7/30, Batch 550/3287, Loss: 0.7802
2025-10-10 01:04:46,231 [INFO] Época 7/30, Batch 600/3287, Loss: 0.5683
2025-10-10 01:04:46,486 [INFO] Época 7/30, Batch 650/3287, Loss: 0.7471
2025-10-10 01:04:46,749 [INFO] Época 7/30, Batch 700/3287, Loss: 0.6433
2025-10-10 01:04:47,014 [INFO] Época 7/30, Batch 750/3287, Loss: 0.7233
2025-10-10 01:04:47,282 [INFO] Época 7/30, Batch 800/3287, Loss: 0.6552
2025-10-10 01:04:47,549 [INFO] Época 7/30, Batch 850/3287, Loss: 0.7783
2025-10-10 01:04:47,802 [INFO] Época 7/30, Batch 900/3287, Loss: 0.7563
2025-10-10 01:04:48,054 [INFO] Época 7/30, Batch 950/3287, Loss: 0.8178
2025-10-10 01:04:48,309 [INFO] Época 7/30, Batch 1000/3287, Loss: 0.6740
2025-10-10 01:04:48,589 [INFO] Época 7/30, Batch 1050/3287, Loss: 0.7781
2025-10-10 01:04:48,856 [INFO] Época 7/30, Batch 1100/3287, Loss: 0.7078
2025-10-10 01:04:49,109 [INFO] Época 7/30, Batch 1150/3287, Loss: 0.6017
2025-10-10 01:04:49,362 [INFO] Época 7/30, Batch 1200/3287, Loss: 0.7767
2025-10-10 01:04:49,621 [INFO] Época 7/30, Batch 1250/3287, Loss: 0.5402
2025-10-10 01:04:49,881 [INFO] Época 7/30, Batch 1300/3287, Loss: 0.8221
2025-10-10 01:04:50,140 [INFO] Época 7/30, Batch 1350/3287, Loss: 0.7637
2025-10-10 01:04:50,401 [INFO] Época 7/30, Batch 1400/3287, Loss: 0.7943
2025-10-10 01:04:50,660 [INFO] Época 7/30, Batch 1450/3287, Loss: 0.7550
2025-10-10 01:04:50,922 [INFO] Época 7/30, Batch 1500/3287, Loss: 0.6164
2025-10-10 01:04:51,182 [INFO] Época 7/30, Batch 1550/3287, Loss: 0.6027
2025-10-10 01:04:51,445 [INFO] Época 7/30, Batch 1600/3287, Loss: 0.5737
2025-10-10 01:04:51,711 [INFO] Época 7/30, Batch 1650/3287, Loss: 0.7146
2025-10-10 01:04:51,982 [INFO] Época 7/30, Batch 1700/3287, Loss: 0.8509
2025-10-10 01:04:52,242 [INFO] Época 7/30, Batch 1750/3287, Loss: 0.8106
2025-10-10 01:04:52,506 [INFO] Época 7/30, Batch 1800/3287, Loss: 0.8103
2025-10-10 01:04:52,767 [INFO] Época 7/30, Batch 1850/3287, Loss: 0.6765
2025-10-10 01:04:53,025 [INFO] Época 7/30, Batch 1900/3287, Loss: 0.8045
2025-10-10 01:04:53,287 [INFO] Época 7/30, Batch 1950/3287, Loss: 0.6838
2025-10-10 01:04:53,548 [INFO] Época 7/30, Batch 2000/3287, Loss: 0.5351
2025-10-10 01:04:53,817 [INFO] Época 7/30, Batch 2050/3287, Loss: 0.7062
2025-10-10 01:04:54,087 [INFO] Época 7/30, Batch 2100/3287, Loss: 0.7082
2025-10-10 01:04:54,354 [INFO] Época 7/30, Batch 2150/3287, Loss: 0.7776
2025-10-10 01:04:54,605 [INFO] Época 7/30, Batch 2200/3287, Loss: 0.6011
2025-10-10 01:04:54,857 [INFO] Época 7/30, Batch 2250/3287, Loss: 0.5432
2025-10-10 01:04:55,111 [INFO] Época 7/30, Batch 2300/3287, Loss: 0.7254
2025-10-10 01:04:55,362 [INFO] Época 7/30, Batch 2350/3287, Loss: 0.6446
2025-10-10 01:04:55,613 [INFO] Época 7/30, Batch 2400/3287, Loss: 0.7027
2025-10-10 01:04:55,875 [INFO] Época 7/30, Batch 2450/3287, Loss: 0.8251
2025-10-10 01:04:56,136 [INFO] Época 7/30, Batch 2500/3287, Loss: 0.7555
2025-10-10 01:04:56,397 [INFO] Época 7/30, Batch 2550/3287, Loss: 0.7015
2025-10-10 01:04:56,653 [INFO] Época 7/30, Batch 2600/3287, Loss: 0.8760
2025-10-10 01:04:56,905 [INFO] Época 7/30, Batch 2650/3287, Loss: 0.8145
2025-10-10 01:04:57,155 [INFO] Época 7/30, Batch 2700/3287, Loss: 0.7073
2025-10-10 01:04:57,405 [INFO] Época 7/30, Batch 2750/3287, Loss: 0.7264
2025-10-10 01:04:57,657 [INFO] Época 7/30, Batch 2800/3287, Loss: 0.6447
2025-10-10 01:04:57,910 [INFO] Época 7/30, Batch 2850/3287, Loss: 0.7040
2025-10-10 01:04:58,161 [INFO] Época 7/30, Batch 2900/3287, Loss: 0.7220
2025-10-10 01:04:58,414 [INFO] Época 7/30, Batch 2950/3287, Loss: 0.5529
2025-10-10 01:04:58,666 [INFO] Época 7/30, Batch 3000/3287, Loss: 0.7295
2025-10-10 01:04:58,922 [INFO] Época 7/30, Batch 3050/3287, Loss: 0.6311
2025-10-10 01:04:59,174 [INFO] Época 7/30, Batch 3100/3287, Loss: 0.7036
2025-10-10 01:04:59,427 [INFO] Época 7/30, Batch 3150/3287, Loss: 0.7889
2025-10-10 01:04:59,682 [INFO] Época 7/30, Batch 3200/3287, Loss: 0.7485
2025-10-10 01:04:59,943 [INFO] Época 7/30, Batch 3250/3287, Loss: 0.6744
2025-10-10 01:05:01,542 [INFO] [7/30] Train Loss: 0.7039 | Val Loss: 0.7612 | Tempo: 18.67s
2025-10-10 01:05:02,100 [INFO] Época 8/30, Batch 50/3287, Loss: 0.7990
2025-10-10 01:05:02,364 [INFO] Época 8/30, Batch 100/3287, Loss: 0.8105
2025-10-10 01:05:02,625 [INFO] Época 8/30, Batch 150/3287, Loss: 0.6333
2025-10-10 01:05:02,885 [INFO] Época 8/30, Batch 200/3287, Loss: 0.6659
2025-10-10 01:05:03,143 [INFO] Época 8/30, Batch 250/3287, Loss: 0.6744
2025-10-10 01:05:03,403 [INFO] Época 8/30, Batch 300/3287, Loss: 0.7053
2025-10-10 01:05:03,662 [INFO] Época 8/30, Batch 350/3287, Loss: 0.8130
2025-10-10 01:05:03,918 [INFO] Época 8/30, Batch 400/3287, Loss: 0.6901
2025-10-10 01:05:04,174 [INFO] Época 8/30, Batch 450/3287, Loss: 0.6841
2025-10-10 01:05:04,428 [INFO] Época 8/30, Batch 500/3287, Loss: 0.6982
2025-10-10 01:05:04,686 [INFO] Época 8/30, Batch 550/3287, Loss: 0.6717
2025-10-10 01:05:04,947 [INFO] Época 8/30, Batch 600/3287, Loss: 0.5635
2025-10-10 01:05:05,208 [INFO] Época 8/30, Batch 650/3287, Loss: 0.5847
2025-10-10 01:05:05,470 [INFO] Época 8/30, Batch 700/3287, Loss: 0.7380
2025-10-10 01:05:05,729 [INFO] Época 8/30, Batch 750/3287, Loss: 0.7544
2025-10-10 01:05:05,989 [INFO] Época 8/30, Batch 800/3287, Loss: 0.8302
2025-10-10 01:05:06,253 [INFO] Época 8/30, Batch 850/3287, Loss: 0.7745
2025-10-10 01:05:06,516 [INFO] Época 8/30, Batch 900/3287, Loss: 0.8918
2025-10-10 01:05:06,780 [INFO] Época 8/30, Batch 950/3287, Loss: 0.7406
2025-10-10 01:05:07,042 [INFO] Época 8/30, Batch 1000/3287, Loss: 0.7478
2025-10-10 01:05:07,305 [INFO] Época 8/30, Batch 1050/3287, Loss: 0.5245
2025-10-10 01:05:07,566 [INFO] Época 8/30, Batch 1100/3287, Loss: 0.6631
2025-10-10 01:05:07,825 [INFO] Época 8/30, Batch 1150/3287, Loss: 0.8863
2025-10-10 01:05:08,084 [INFO] Época 8/30, Batch 1200/3287, Loss: 0.5537
2025-10-10 01:05:08,344 [INFO] Época 8/30, Batch 1250/3287, Loss: 0.5918
2025-10-10 01:05:08,607 [INFO] Época 8/30, Batch 1300/3287, Loss: 0.5607
2025-10-10 01:05:08,873 [INFO] Época 8/30, Batch 1350/3287, Loss: 0.5604
2025-10-10 01:05:09,140 [INFO] Época 8/30, Batch 1400/3287, Loss: 0.6776
2025-10-10 01:05:09,410 [INFO] Época 8/30, Batch 1450/3287, Loss: 0.5635
2025-10-10 01:05:09,677 [INFO] Época 8/30, Batch 1500/3287, Loss: 0.8872
2025-10-10 01:05:09,946 [INFO] Época 8/30, Batch 1550/3287, Loss: 0.5410
2025-10-10 01:05:10,208 [INFO] Época 8/30, Batch 1600/3287, Loss: 0.8621
2025-10-10 01:05:10,467 [INFO] Época 8/30, Batch 1650/3287, Loss: 0.6728
2025-10-10 01:05:10,729 [INFO] Época 8/30, Batch 1700/3287, Loss: 0.5924
2025-10-10 01:05:10,989 [INFO] Época 8/30, Batch 1750/3287, Loss: 0.7720
2025-10-10 01:05:11,249 [INFO] Época 8/30, Batch 1800/3287, Loss: 0.6559
2025-10-10 01:05:11,510 [INFO] Época 8/30, Batch 1850/3287, Loss: 0.7864
2025-10-10 01:05:11,769 [INFO] Época 8/30, Batch 1900/3287, Loss: 0.5408
2025-10-10 01:05:12,028 [INFO] Época 8/30, Batch 1950/3287, Loss: 0.6365
2025-10-10 01:05:12,287 [INFO] Época 8/30, Batch 2000/3287, Loss: 0.7271
2025-10-10 01:05:12,546 [INFO] Época 8/30, Batch 2050/3287, Loss: 0.8353
2025-10-10 01:05:12,804 [INFO] Época 8/30, Batch 2100/3287, Loss: 0.8197
2025-10-10 01:05:13,055 [INFO] Época 8/30, Batch 2150/3287, Loss: 0.6962
2025-10-10 01:05:13,307 [INFO] Época 8/30, Batch 2200/3287, Loss: 0.8875
2025-10-10 01:05:13,560 [INFO] Época 8/30, Batch 2250/3287, Loss: 0.9158
2025-10-10 01:05:13,818 [INFO] Época 8/30, Batch 2300/3287, Loss: 0.6435
2025-10-10 01:05:14,077 [INFO] Época 8/30, Batch 2350/3287, Loss: 0.8340
2025-10-10 01:05:14,335 [INFO] Época 8/30, Batch 2400/3287, Loss: 0.9167
2025-10-10 01:05:14,593 [INFO] Época 8/30, Batch 2450/3287, Loss: 0.7152
2025-10-10 01:05:14,854 [INFO] Época 8/30, Batch 2500/3287, Loss: 0.6531
2025-10-10 01:05:15,114 [INFO] Época 8/30, Batch 2550/3287, Loss: 0.6140
2025-10-10 01:05:15,377 [INFO] Época 8/30, Batch 2600/3287, Loss: 0.6673
2025-10-10 01:05:15,637 [INFO] Época 8/30, Batch 2650/3287, Loss: 0.7956
2025-10-10 01:05:15,897 [INFO] Época 8/30, Batch 2700/3287, Loss: 0.5362
2025-10-10 01:05:16,155 [INFO] Época 8/30, Batch 2750/3287, Loss: 0.5544
2025-10-10 01:05:16,412 [INFO] Época 8/30, Batch 2800/3287, Loss: 0.6805
2025-10-10 01:05:16,672 [INFO] Época 8/30, Batch 2850/3287, Loss: 0.9619
2025-10-10 01:05:16,928 [INFO] Época 8/30, Batch 2900/3287, Loss: 0.6487
2025-10-10 01:05:17,185 [INFO] Época 8/30, Batch 2950/3287, Loss: 0.8267
2025-10-10 01:05:17,442 [INFO] Época 8/30, Batch 3000/3287, Loss: 0.7193
2025-10-10 01:05:17,698 [INFO] Época 8/30, Batch 3050/3287, Loss: 0.6167
2025-10-10 01:05:17,958 [INFO] Época 8/30, Batch 3100/3287, Loss: 0.7587
2025-10-10 01:05:18,219 [INFO] Época 8/30, Batch 3150/3287, Loss: 0.6429
2025-10-10 01:05:18,480 [INFO] Época 8/30, Batch 3200/3287, Loss: 0.6294
2025-10-10 01:05:18,739 [INFO] Época 8/30, Batch 3250/3287, Loss: 0.7527
2025-10-10 01:05:20,361 [INFO] [8/30] Train Loss: 0.7025 | Val Loss: 0.7472 | Tempo: 18.82s
2025-10-10 01:05:20,365 [INFO] Melhor modelo salvo em: /mnt/hdd/home/jdurao/ToolBox-ChemXAI/models/mlp_qm9_3D_att6_large.pth
2025-10-10 01:05:20,926 [INFO] Época 9/30, Batch 50/3287, Loss: 0.7988
2025-10-10 01:05:21,192 [INFO] Época 9/30, Batch 100/3287, Loss: 0.8029
2025-10-10 01:05:21,454 [INFO] Época 9/30, Batch 150/3287, Loss: 0.9353
2025-10-10 01:05:21,715 [INFO] Época 9/30, Batch 200/3287, Loss: 0.6488
2025-10-10 01:05:21,976 [INFO] Época 9/30, Batch 250/3287, Loss: 0.7686
2025-10-10 01:05:22,235 [INFO] Época 9/30, Batch 300/3287, Loss: 0.9336
2025-10-10 01:05:22,494 [INFO] Época 9/30, Batch 350/3287, Loss: 0.7387
2025-10-10 01:05:22,754 [INFO] Época 9/30, Batch 400/3287, Loss: 0.6867
2025-10-10 01:05:23,011 [INFO] Época 9/30, Batch 450/3287, Loss: 0.6743
2025-10-10 01:05:23,271 [INFO] Época 9/30, Batch 500/3287, Loss: 0.8895
2025-10-10 01:05:23,532 [INFO] Época 9/30, Batch 550/3287, Loss: 0.6503
2025-10-10 01:05:23,791 [INFO] Época 9/30, Batch 600/3287, Loss: 0.6637
2025-10-10 01:05:24,048 [INFO] Época 9/30, Batch 650/3287, Loss: 0.8692
2025-10-10 01:05:24,306 [INFO] Época 9/30, Batch 700/3287, Loss: 0.6984
2025-10-10 01:05:24,565 [INFO] Época 9/30, Batch 750/3287, Loss: 0.7420
2025-10-10 01:05:24,819 [INFO] Época 9/30, Batch 800/3287, Loss: 0.6351
2025-10-10 01:05:25,074 [INFO] Época 9/30, Batch 850/3287, Loss: 0.8620
2025-10-10 01:05:25,325 [INFO] Época 9/30, Batch 900/3287, Loss: 0.6575
2025-10-10 01:05:25,579 [INFO] Época 9/30, Batch 950/3287, Loss: 0.7466
2025-10-10 01:05:25,834 [INFO] Época 9/30, Batch 1000/3287, Loss: 0.5934
2025-10-10 01:05:26,087 [INFO] Época 9/30, Batch 1050/3287, Loss: 0.7172
2025-10-10 01:05:26,342 [INFO] Época 9/30, Batch 1100/3287, Loss: 0.7355
2025-10-10 01:05:26,601 [INFO] Época 9/30, Batch 1150/3287, Loss: 0.8576
2025-10-10 01:05:26,874 [INFO] Época 9/30, Batch 1200/3287, Loss: 0.6602
2025-10-10 01:05:27,149 [INFO] Época 9/30, Batch 1250/3287, Loss: 0.8221
2025-10-10 01:05:27,423 [INFO] Época 9/30, Batch 1300/3287, Loss: 0.8148
2025-10-10 01:05:27,698 [INFO] Época 9/30, Batch 1350/3287, Loss: 0.7167
2025-10-10 01:05:27,974 [INFO] Época 9/30, Batch 1400/3287, Loss: 0.7139
2025-10-10 01:05:28,251 [INFO] Época 9/30, Batch 1450/3287, Loss: 0.6858
2025-10-10 01:05:28,519 [INFO] Época 9/30, Batch 1500/3287, Loss: 0.6843
2025-10-10 01:05:28,780 [INFO] Época 9/30, Batch 1550/3287, Loss: 0.5901
2025-10-10 01:05:29,042 [INFO] Época 9/30, Batch 1600/3287, Loss: 0.8196
2025-10-10 01:05:29,304 [INFO] Época 9/30, Batch 1650/3287, Loss: 0.6643
2025-10-10 01:05:29,565 [INFO] Época 9/30, Batch 1700/3287, Loss: 0.7993
2025-10-10 01:05:29,826 [INFO] Época 9/30, Batch 1750/3287, Loss: 0.6660
2025-10-10 01:05:30,086 [INFO] Época 9/30, Batch 1800/3287, Loss: 0.5736
2025-10-10 01:05:30,347 [INFO] Época 9/30, Batch 1850/3287, Loss: 0.6718
2025-10-10 01:05:30,610 [INFO] Época 9/30, Batch 1900/3287, Loss: 0.6462
2025-10-10 01:05:30,872 [INFO] Época 9/30, Batch 1950/3287, Loss: 0.5750
2025-10-10 01:05:31,130 [INFO] Época 9/30, Batch 2000/3287, Loss: 0.7668
2025-10-10 01:05:31,388 [INFO] Época 9/30, Batch 2050/3287, Loss: 0.6940
2025-10-10 01:05:31,649 [INFO] Época 9/30, Batch 2100/3287, Loss: 0.6239
2025-10-10 01:05:31,912 [INFO] Época 9/30, Batch 2150/3287, Loss: 0.6295
2025-10-10 01:05:32,173 [INFO] Época 9/30, Batch 2200/3287, Loss: 0.7370
2025-10-10 01:05:32,432 [INFO] Época 9/30, Batch 2250/3287, Loss: 0.6422
2025-10-10 01:05:32,691 [INFO] Época 9/30, Batch 2300/3287, Loss: 0.7149
2025-10-10 01:05:32,949 [INFO] Época 9/30, Batch 2350/3287, Loss: 0.6774
2025-10-10 01:05:33,208 [INFO] Época 9/30, Batch 2400/3287, Loss: 0.6938
2025-10-10 01:05:33,466 [INFO] Época 9/30, Batch 2450/3287, Loss: 0.6080
2025-10-10 01:05:33,725 [INFO] Época 9/30, Batch 2500/3287, Loss: 0.6407
2025-10-10 01:05:33,984 [INFO] Época 9/30, Batch 2550/3287, Loss: 0.6828
2025-10-10 01:05:34,242 [INFO] Época 9/30, Batch 2600/3287, Loss: 0.6069
2025-10-10 01:05:34,503 [INFO] Época 9/30, Batch 2650/3287, Loss: 0.9762
2025-10-10 01:05:34,760 [INFO] Época 9/30, Batch 2700/3287, Loss: 0.6598
2025-10-10 01:05:35,022 [INFO] Época 9/30, Batch 2750/3287, Loss: 0.6739
2025-10-10 01:05:35,283 [INFO] Época 9/30, Batch 2800/3287, Loss: 0.6442
2025-10-10 01:05:35,544 [INFO] Época 9/30, Batch 2850/3287, Loss: 0.7254
2025-10-10 01:05:35,806 [INFO] Época 9/30, Batch 2900/3287, Loss: 0.7361
2025-10-10 01:05:36,067 [INFO] Época 9/30, Batch 2950/3287, Loss: 0.6219
2025-10-10 01:05:36,326 [INFO] Época 9/30, Batch 3000/3287, Loss: 0.5719
2025-10-10 01:05:36,585 [INFO] Época 9/30, Batch 3050/3287, Loss: 0.6601
2025-10-10 01:05:36,845 [INFO] Época 9/30, Batch 3100/3287, Loss: 0.6906
2025-10-10 01:05:37,103 [INFO] Época 9/30, Batch 3150/3287, Loss: 0.6928
2025-10-10 01:05:37,362 [INFO] Época 9/30, Batch 3200/3287, Loss: 0.7282
2025-10-10 01:05:37,622 [INFO] Época 9/30, Batch 3250/3287, Loss: 0.6344
2025-10-10 01:05:39,383 [INFO] [9/30] Train Loss: 0.7014 | Val Loss: 0.7519 | Tempo: 19.02s
2025-10-10 01:05:39,954 [INFO] Época 10/30, Batch 50/3287, Loss: 0.5626
2025-10-10 01:05:40,224 [INFO] Época 10/30, Batch 100/3287, Loss: 0.4099
2025-10-10 01:05:40,493 [INFO] Época 10/30, Batch 150/3287, Loss: 0.7269
2025-10-10 01:05:40,757 [INFO] Época 10/30, Batch 200/3287, Loss: 0.5769
2025-10-10 01:05:41,013 [INFO] Época 10/30, Batch 250/3287, Loss: 0.6246
2025-10-10 01:05:41,269 [INFO] Época 10/30, Batch 300/3287, Loss: 0.6866
2025-10-10 01:05:41,526 [INFO] Época 10/30, Batch 350/3287, Loss: 0.6332
2025-10-10 01:05:41,790 [INFO] Época 10/30, Batch 400/3287, Loss: 0.5946
2025-10-10 01:05:42,056 [INFO] Época 10/30, Batch 450/3287, Loss: 0.6463
2025-10-10 01:05:42,322 [INFO] Época 10/30, Batch 500/3287, Loss: 0.6952
2025-10-10 01:05:42,586 [INFO] Época 10/30, Batch 550/3287, Loss: 0.6523
2025-10-10 01:05:42,849 [INFO] Época 10/30, Batch 600/3287, Loss: 0.7487
2025-10-10 01:05:43,115 [INFO] Época 10/30, Batch 650/3287, Loss: 0.6638
2025-10-10 01:05:43,382 [INFO] Época 10/30, Batch 700/3287, Loss: 0.7859
2025-10-10 01:05:43,649 [INFO] Época 10/30, Batch 750/3287, Loss: 0.6383
2025-10-10 01:05:43,914 [INFO] Época 10/30, Batch 800/3287, Loss: 0.6627
2025-10-10 01:05:44,180 [INFO] Época 10/30, Batch 850/3287, Loss: 0.7291
2025-10-10 01:05:44,446 [INFO] Época 10/30, Batch 900/3287, Loss: 0.7290
2025-10-10 01:05:44,714 [INFO] Época 10/30, Batch 950/3287, Loss: 0.7335
2025-10-10 01:05:44,968 [INFO] Época 10/30, Batch 1000/3287, Loss: 0.7901
2025-10-10 01:05:45,224 [INFO] Época 10/30, Batch 1050/3287, Loss: 0.6672
2025-10-10 01:05:45,480 [INFO] Época 10/30, Batch 1100/3287, Loss: 0.5809
2025-10-10 01:05:45,737 [INFO] Época 10/30, Batch 1150/3287, Loss: 0.7335
2025-10-10 01:05:45,993 [INFO] Época 10/30, Batch 1200/3287, Loss: 0.6500
2025-10-10 01:05:46,248 [INFO] Época 10/30, Batch 1250/3287, Loss: 0.8026
2025-10-10 01:05:46,503 [INFO] Época 10/30, Batch 1300/3287, Loss: 0.8747
2025-10-10 01:05:46,759 [INFO] Época 10/30, Batch 1350/3287, Loss: 0.6873
2025-10-10 01:05:47,016 [INFO] Época 10/30, Batch 1400/3287, Loss: 0.7204
2025-10-10 01:05:47,274 [INFO] Época 10/30, Batch 1450/3287, Loss: 0.5709
2025-10-10 01:05:47,531 [INFO] Época 10/30, Batch 1500/3287, Loss: 0.6634
2025-10-10 01:05:47,786 [INFO] Época 10/30, Batch 1550/3287, Loss: 0.7426
2025-10-10 01:05:48,043 [INFO] Época 10/30, Batch 1600/3287, Loss: 0.7658
2025-10-10 01:05:48,299 [INFO] Época 10/30, Batch 1650/3287, Loss: 0.6465
2025-10-10 01:05:48,556 [INFO] Época 10/30, Batch 1700/3287, Loss: 0.6911
2025-10-10 01:05:48,817 [INFO] Época 10/30, Batch 1750/3287, Loss: 0.6300
2025-10-10 01:05:49,082 [INFO] Época 10/30, Batch 1800/3287, Loss: 0.6526
2025-10-10 01:05:49,349 [INFO] Época 10/30, Batch 1850/3287, Loss: 0.6353
2025-10-10 01:05:49,613 [INFO] Época 10/30, Batch 1900/3287, Loss: 0.6053
2025-10-10 01:05:49,872 [INFO] Época 10/30, Batch 1950/3287, Loss: 0.6769
2025-10-10 01:05:50,130 [INFO] Época 10/30, Batch 2000/3287, Loss: 0.6415
2025-10-10 01:05:50,385 [INFO] Época 10/30, Batch 2050/3287, Loss: 0.5450
2025-10-10 01:05:50,641 [INFO] Época 10/30, Batch 2100/3287, Loss: 0.7714
2025-10-10 01:05:50,897 [INFO] Época 10/30, Batch 2150/3287, Loss: 0.6798
2025-10-10 01:05:51,154 [INFO] Época 10/30, Batch 2200/3287, Loss: 0.5832
2025-10-10 01:05:51,411 [INFO] Época 10/30, Batch 2250/3287, Loss: 0.6026
2025-10-10 01:05:51,670 [INFO] Época 10/30, Batch 2300/3287, Loss: 0.7571
2025-10-10 01:05:51,925 [INFO] Época 10/30, Batch 2350/3287, Loss: 0.4997
2025-10-10 01:05:52,181 [INFO] Época 10/30, Batch 2400/3287, Loss: 0.6953
2025-10-10 01:05:52,439 [INFO] Época 10/30, Batch 2450/3287, Loss: 0.8715
2025-10-10 01:05:52,694 [INFO] Época 10/30, Batch 2500/3287, Loss: 0.6956
2025-10-10 01:05:52,950 [INFO] Época 10/30, Batch 2550/3287, Loss: 0.7186
2025-10-10 01:05:53,206 [INFO] Época 10/30, Batch 2600/3287, Loss: 0.6590
2025-10-10 01:05:53,463 [INFO] Época 10/30, Batch 2650/3287, Loss: 0.6478
2025-10-10 01:05:53,719 [INFO] Época 10/30, Batch 2700/3287, Loss: 0.6927
2025-10-10 01:05:53,975 [INFO] Época 10/30, Batch 2750/3287, Loss: 0.6968
2025-10-10 01:05:54,231 [INFO] Época 10/30, Batch 2800/3287, Loss: 0.6450
2025-10-10 01:05:54,487 [INFO] Época 10/30, Batch 2850/3287, Loss: 0.7638
2025-10-10 01:05:54,744 [INFO] Época 10/30, Batch 2900/3287, Loss: 0.6065
2025-10-10 01:05:55,000 [INFO] Época 10/30, Batch 2950/3287, Loss: 0.6820
2025-10-10 01:05:55,258 [INFO] Época 10/30, Batch 3000/3287, Loss: 0.5445
2025-10-10 01:05:55,513 [INFO] Época 10/30, Batch 3050/3287, Loss: 0.6065
2025-10-10 01:05:55,771 [INFO] Época 10/30, Batch 3100/3287, Loss: 0.5867
2025-10-10 01:05:56,027 [INFO] Época 10/30, Batch 3150/3287, Loss: 0.5972
2025-10-10 01:05:56,282 [INFO] Época 10/30, Batch 3200/3287, Loss: 0.6041
2025-10-10 01:05:56,540 [INFO] Época 10/30, Batch 3250/3287, Loss: 0.5713
2025-10-10 01:05:58,301 [INFO] [10/30] Train Loss: 0.6994 | Val Loss: 0.7629 | Tempo: 18.92s
2025-10-10 01:05:58,868 [INFO] Época 11/30, Batch 50/3287, Loss: 0.7209
2025-10-10 01:05:59,132 [INFO] Época 11/30, Batch 100/3287, Loss: 0.7571
2025-10-10 01:05:59,395 [INFO] Época 11/30, Batch 150/3287, Loss: 0.7713
2025-10-10 01:05:59,659 [INFO] Época 11/30, Batch 200/3287, Loss: 0.7774
2025-10-10 01:05:59,924 [INFO] Época 11/30, Batch 250/3287, Loss: 0.7357
2025-10-10 01:06:00,184 [INFO] Época 11/30, Batch 300/3287, Loss: 0.7620
2025-10-10 01:06:00,444 [INFO] Época 11/30, Batch 350/3287, Loss: 0.7357
2025-10-10 01:06:00,702 [INFO] Época 11/30, Batch 400/3287, Loss: 0.4966
2025-10-10 01:06:00,960 [INFO] Época 11/30, Batch 450/3287, Loss: 0.7166
2025-10-10 01:06:01,218 [INFO] Época 11/30, Batch 500/3287, Loss: 0.5299
2025-10-10 01:06:01,475 [INFO] Época 11/30, Batch 550/3287, Loss: 0.7270
2025-10-10 01:06:01,735 [INFO] Época 11/30, Batch 600/3287, Loss: 0.8271
2025-10-10 01:06:01,994 [INFO] Época 11/30, Batch 650/3287, Loss: 0.7281
2025-10-10 01:06:02,253 [INFO] Época 11/30, Batch 700/3287, Loss: 0.6202
2025-10-10 01:06:02,514 [INFO] Época 11/30, Batch 750/3287, Loss: 0.6959
2025-10-10 01:06:02,763 [INFO] Época 11/30, Batch 800/3287, Loss: 0.7376
2025-10-10 01:06:03,006 [INFO] Época 11/30, Batch 850/3287, Loss: 0.6906
2025-10-10 01:06:03,249 [INFO] Época 11/30, Batch 900/3287, Loss: 0.7503
2025-10-10 01:06:03,492 [INFO] Época 11/30, Batch 950/3287, Loss: 0.6340
2025-10-10 01:06:03,736 [INFO] Época 11/30, Batch 1000/3287, Loss: 0.6972
2025-10-10 01:06:03,978 [INFO] Época 11/30, Batch 1050/3287, Loss: 0.5899
2025-10-10 01:06:04,220 [INFO] Época 11/30, Batch 1100/3287, Loss: 0.5981
2025-10-10 01:06:04,463 [INFO] Época 11/30, Batch 1150/3287, Loss: 0.8237
2025-10-10 01:06:04,715 [INFO] Época 11/30, Batch 1200/3287, Loss: 0.7959
2025-10-10 01:06:04,974 [INFO] Época 11/30, Batch 1250/3287, Loss: 0.8104
2025-10-10 01:06:05,233 [INFO] Época 11/30, Batch 1300/3287, Loss: 0.7038
2025-10-10 01:06:05,490 [INFO] Época 11/30, Batch 1350/3287, Loss: 0.8371
2025-10-10 01:06:05,754 [INFO] Época 11/30, Batch 1400/3287, Loss: 0.6018
2025-10-10 01:06:06,016 [INFO] Época 11/30, Batch 1450/3287, Loss: 0.6876
2025-10-10 01:06:06,277 [INFO] Época 11/30, Batch 1500/3287, Loss: 0.6554
2025-10-10 01:06:06,536 [INFO] Época 11/30, Batch 1550/3287, Loss: 0.6273
2025-10-10 01:06:06,797 [INFO] Época 11/30, Batch 1600/3287, Loss: 0.7052
2025-10-10 01:06:07,055 [INFO] Época 11/30, Batch 1650/3287, Loss: 0.7563
2025-10-10 01:06:07,316 [INFO] Época 11/30, Batch 1700/3287, Loss: 0.7549
2025-10-10 01:06:07,578 [INFO] Época 11/30, Batch 1750/3287, Loss: 0.7423
2025-10-10 01:06:07,837 [INFO] Época 11/30, Batch 1800/3287, Loss: 0.6702
2025-10-10 01:06:08,094 [INFO] Época 11/30, Batch 1850/3287, Loss: 0.7183
2025-10-10 01:06:08,355 [INFO] Época 11/30, Batch 1900/3287, Loss: 0.7140
2025-10-10 01:06:08,611 [INFO] Época 11/30, Batch 1950/3287, Loss: 0.6141
2025-10-10 01:06:08,872 [INFO] Época 11/30, Batch 2000/3287, Loss: 0.6600
2025-10-10 01:06:09,133 [INFO] Época 11/30, Batch 2050/3287, Loss: 0.8048
2025-10-10 01:06:09,393 [INFO] Época 11/30, Batch 2100/3287, Loss: 0.7109
2025-10-10 01:06:09,654 [INFO] Época 11/30, Batch 2150/3287, Loss: 0.6903
2025-10-10 01:06:09,917 [INFO] Época 11/30, Batch 2200/3287, Loss: 0.6835
2025-10-10 01:06:10,179 [INFO] Época 11/30, Batch 2250/3287, Loss: 0.6533
2025-10-10 01:06:10,440 [INFO] Época 11/30, Batch 2300/3287, Loss: 0.6124
2025-10-10 01:06:10,701 [INFO] Época 11/30, Batch 2350/3287, Loss: 0.6509
2025-10-10 01:06:10,959 [INFO] Época 11/30, Batch 2400/3287, Loss: 0.5875
2025-10-10 01:06:11,219 [INFO] Época 11/30, Batch 2450/3287, Loss: 0.6469
2025-10-10 01:06:11,479 [INFO] Época 11/30, Batch 2500/3287, Loss: 0.6548
2025-10-10 01:06:11,736 [INFO] Época 11/30, Batch 2550/3287, Loss: 0.6447
2025-10-10 01:06:11,992 [INFO] Época 11/30, Batch 2600/3287, Loss: 0.8248
2025-10-10 01:06:12,249 [INFO] Época 11/30, Batch 2650/3287, Loss: 0.7625
2025-10-10 01:06:12,507 [INFO] Época 11/30, Batch 2700/3287, Loss: 0.7382
2025-10-10 01:06:12,762 [INFO] Época 11/30, Batch 2750/3287, Loss: 0.6637
2025-10-10 01:06:13,021 [INFO] Época 11/30, Batch 2800/3287, Loss: 0.6921
2025-10-10 01:06:13,278 [INFO] Época 11/30, Batch 2850/3287, Loss: 0.6636
2025-10-10 01:06:13,536 [INFO] Época 11/30, Batch 2900/3287, Loss: 0.6319
2025-10-10 01:06:13,793 [INFO] Época 11/30, Batch 2950/3287, Loss: 0.7410
2025-10-10 01:06:14,051 [INFO] Época 11/30, Batch 3000/3287, Loss: 0.7782
2025-10-10 01:06:14,309 [INFO] Época 11/30, Batch 3050/3287, Loss: 0.6788
2025-10-10 01:06:14,568 [INFO] Época 11/30, Batch 3100/3287, Loss: 0.8910
2025-10-10 01:06:14,829 [INFO] Época 11/30, Batch 3150/3287, Loss: 0.6983
2025-10-10 01:06:15,089 [INFO] Época 11/30, Batch 3200/3287, Loss: 0.6979
2025-10-10 01:06:15,346 [INFO] Época 11/30, Batch 3250/3287, Loss: 0.6482
2025-10-10 01:06:16,963 [INFO] [11/30] Train Loss: 0.6989 | Val Loss: 0.7782 | Tempo: 18.66s
2025-10-10 01:06:17,520 [INFO] Época 12/30, Batch 50/3287, Loss: 0.6909
2025-10-10 01:06:17,788 [INFO] Época 12/30, Batch 100/3287, Loss: 0.7498
2025-10-10 01:06:18,054 [INFO] Época 12/30, Batch 150/3287, Loss: 0.7438
2025-10-10 01:06:18,316 [INFO] Época 12/30, Batch 200/3287, Loss: 0.9081
2025-10-10 01:06:18,580 [INFO] Época 12/30, Batch 250/3287, Loss: 0.7619
2025-10-10 01:06:18,842 [INFO] Época 12/30, Batch 300/3287, Loss: 0.5724
2025-10-10 01:06:19,102 [INFO] Época 12/30, Batch 350/3287, Loss: 0.6968
2025-10-10 01:06:19,364 [INFO] Época 12/30, Batch 400/3287, Loss: 0.5832
2025-10-10 01:06:19,627 [INFO] Época 12/30, Batch 450/3287, Loss: 0.7170
2025-10-10 01:06:19,890 [INFO] Época 12/30, Batch 500/3287, Loss: 0.6514
2025-10-10 01:06:20,154 [INFO] Época 12/30, Batch 550/3287, Loss: 0.6858
2025-10-10 01:06:20,414 [INFO] Época 12/30, Batch 600/3287, Loss: 0.7621
2025-10-10 01:06:20,672 [INFO] Época 12/30, Batch 650/3287, Loss: 0.6001
2025-10-10 01:06:20,925 [INFO] Época 12/30, Batch 700/3287, Loss: 0.6727
2025-10-10 01:06:21,175 [INFO] Época 12/30, Batch 750/3287, Loss: 0.7217
2025-10-10 01:06:21,426 [INFO] Época 12/30, Batch 800/3287, Loss: 0.6315
2025-10-10 01:06:21,679 [INFO] Época 12/30, Batch 850/3287, Loss: 0.8488
2025-10-10 01:06:21,935 [INFO] Época 12/30, Batch 900/3287, Loss: 0.7908
2025-10-10 01:06:22,191 [INFO] Época 12/30, Batch 950/3287, Loss: 0.7004
2025-10-10 01:06:22,447 [INFO] Época 12/30, Batch 1000/3287, Loss: 0.5920
2025-10-10 01:06:22,704 [INFO] Época 12/30, Batch 1050/3287, Loss: 0.5578
2025-10-10 01:06:22,959 [INFO] Época 12/30, Batch 1100/3287, Loss: 0.5822
2025-10-10 01:06:23,212 [INFO] Época 12/30, Batch 1150/3287, Loss: 0.6847
2025-10-10 01:06:23,467 [INFO] Época 12/30, Batch 1200/3287, Loss: 0.8870
2025-10-10 01:06:23,727 [INFO] Época 12/30, Batch 1250/3287, Loss: 0.7869
2025-10-10 01:06:23,998 [INFO] Época 12/30, Batch 1300/3287, Loss: 0.7403
2025-10-10 01:06:24,269 [INFO] Época 12/30, Batch 1350/3287, Loss: 0.6511
2025-10-10 01:06:24,537 [INFO] Época 12/30, Batch 1400/3287, Loss: 0.5569
2025-10-10 01:06:24,806 [INFO] Época 12/30, Batch 1450/3287, Loss: 0.7656
2025-10-10 01:06:25,076 [INFO] Época 12/30, Batch 1500/3287, Loss: 0.6937
2025-10-10 01:06:25,348 [INFO] Época 12/30, Batch 1550/3287, Loss: 0.7929
2025-10-10 01:06:25,617 [INFO] Época 12/30, Batch 1600/3287, Loss: 0.6777
2025-10-10 01:06:25,885 [INFO] Época 12/30, Batch 1650/3287, Loss: 0.7967
2025-10-10 01:06:26,155 [INFO] Época 12/30, Batch 1700/3287, Loss: 0.6917
2025-10-10 01:06:26,419 [INFO] Época 12/30, Batch 1750/3287, Loss: 0.5957
2025-10-10 01:06:26,680 [INFO] Época 12/30, Batch 1800/3287, Loss: 0.7863
2025-10-10 01:06:26,938 [INFO] Época 12/30, Batch 1850/3287, Loss: 0.7962
2025-10-10 01:06:27,197 [INFO] Época 12/30, Batch 1900/3287, Loss: 0.7836
2025-10-10 01:06:27,456 [INFO] Época 12/30, Batch 1950/3287, Loss: 0.7655
2025-10-10 01:06:27,716 [INFO] Época 12/30, Batch 2000/3287, Loss: 0.8064
2025-10-10 01:06:27,975 [INFO] Época 12/30, Batch 2050/3287, Loss: 0.8377
2025-10-10 01:06:28,234 [INFO] Época 12/30, Batch 2100/3287, Loss: 0.6327
2025-10-10 01:06:28,492 [INFO] Época 12/30, Batch 2150/3287, Loss: 0.7539
2025-10-10 01:06:28,750 [INFO] Época 12/30, Batch 2200/3287, Loss: 0.6461
2025-10-10 01:06:29,009 [INFO] Época 12/30, Batch 2250/3287, Loss: 0.7437
2025-10-10 01:06:29,268 [INFO] Época 12/30, Batch 2300/3287, Loss: 0.5720
2025-10-10 01:06:29,526 [INFO] Época 12/30, Batch 2350/3287, Loss: 0.6055
2025-10-10 01:06:29,784 [INFO] Época 12/30, Batch 2400/3287, Loss: 0.5961
2025-10-10 01:06:30,043 [INFO] Época 12/30, Batch 2450/3287, Loss: 0.6366
2025-10-10 01:06:30,300 [INFO] Época 12/30, Batch 2500/3287, Loss: 0.6522
2025-10-10 01:06:30,557 [INFO] Época 12/30, Batch 2550/3287, Loss: 0.6970
2025-10-10 01:06:30,816 [INFO] Época 12/30, Batch 2600/3287, Loss: 0.7561
2025-10-10 01:06:31,073 [INFO] Época 12/30, Batch 2650/3287, Loss: 0.6872
2025-10-10 01:06:31,331 [INFO] Época 12/30, Batch 2700/3287, Loss: 0.6120
2025-10-10 01:06:31,588 [INFO] Época 12/30, Batch 2750/3287, Loss: 0.7244
2025-10-10 01:06:31,846 [INFO] Época 12/30, Batch 2800/3287, Loss: 0.7290
2025-10-10 01:06:32,104 [INFO] Época 12/30, Batch 2850/3287, Loss: 0.7424
2025-10-10 01:06:32,358 [INFO] Época 12/30, Batch 2900/3287, Loss: 0.6177
2025-10-10 01:06:32,614 [INFO] Época 12/30, Batch 2950/3287, Loss: 0.7852
2025-10-10 01:06:32,870 [INFO] Época 12/30, Batch 3000/3287, Loss: 0.8286
2025-10-10 01:06:33,124 [INFO] Época 12/30, Batch 3050/3287, Loss: 0.6263
2025-10-10 01:06:33,382 [INFO] Época 12/30, Batch 3100/3287, Loss: 0.6064
2025-10-10 01:06:33,636 [INFO] Época 12/30, Batch 3150/3287, Loss: 0.7435
2025-10-10 01:06:33,893 [INFO] Época 12/30, Batch 3200/3287, Loss: 0.6120
2025-10-10 01:06:34,150 [INFO] Época 12/30, Batch 3250/3287, Loss: 0.8191
2025-10-10 01:06:35,832 [INFO] [12/30] Train Loss: 0.6975 | Val Loss: 0.7588 | Tempo: 18.87s
2025-10-10 01:06:36,389 [INFO] Época 13/30, Batch 50/3287, Loss: 0.6101
2025-10-10 01:06:36,655 [INFO] Época 13/30, Batch 100/3287, Loss: 0.6749
2025-10-10 01:06:36,915 [INFO] Época 13/30, Batch 150/3287, Loss: 0.7335
2025-10-10 01:06:37,175 [INFO] Época 13/30, Batch 200/3287, Loss: 0.7280
2025-10-10 01:06:37,434 [INFO] Época 13/30, Batch 250/3287, Loss: 0.7566
2025-10-10 01:06:37,695 [INFO] Época 13/30, Batch 300/3287, Loss: 0.8193
2025-10-10 01:06:37,957 [INFO] Época 13/30, Batch 350/3287, Loss: 0.6236
2025-10-10 01:06:38,214 [INFO] Época 13/30, Batch 400/3287, Loss: 0.7779
2025-10-10 01:06:38,471 [INFO] Época 13/30, Batch 450/3287, Loss: 0.8236
2025-10-10 01:06:38,730 [INFO] Época 13/30, Batch 500/3287, Loss: 0.7677
2025-10-10 01:06:38,985 [INFO] Época 13/30, Batch 550/3287, Loss: 0.5618
2025-10-10 01:06:39,245 [INFO] Época 13/30, Batch 600/3287, Loss: 0.7326
2025-10-10 01:06:39,501 [INFO] Época 13/30, Batch 650/3287, Loss: 0.6342
2025-10-10 01:06:39,757 [INFO] Época 13/30, Batch 700/3287, Loss: 0.6063
2025-10-10 01:06:40,013 [INFO] Época 13/30, Batch 750/3287, Loss: 0.6476
2025-10-10 01:06:40,270 [INFO] Época 13/30, Batch 800/3287, Loss: 0.6947
2025-10-10 01:06:40,528 [INFO] Época 13/30, Batch 850/3287, Loss: 0.6255
2025-10-10 01:06:40,787 [INFO] Época 13/30, Batch 900/3287, Loss: 0.6240
2025-10-10 01:06:41,044 [INFO] Época 13/30, Batch 950/3287, Loss: 0.8091
2025-10-10 01:06:41,293 [INFO] Época 13/30, Batch 1000/3287, Loss: 0.6837
2025-10-10 01:06:41,540 [INFO] Época 13/30, Batch 1050/3287, Loss: 0.6440
2025-10-10 01:06:41,797 [INFO] Época 13/30, Batch 1100/3287, Loss: 0.8581
2025-10-10 01:06:42,056 [INFO] Época 13/30, Batch 1150/3287, Loss: 0.7577
2025-10-10 01:06:42,311 [INFO] Época 13/30, Batch 1200/3287, Loss: 0.8116
2025-10-10 01:06:42,568 [INFO] Época 13/30, Batch 1250/3287, Loss: 0.7095
2025-10-10 01:06:42,826 [INFO] Época 13/30, Batch 1300/3287, Loss: 0.7204
2025-10-10 01:06:43,085 [INFO] Época 13/30, Batch 1350/3287, Loss: 0.6284
2025-10-10 01:06:43,343 [INFO] Época 13/30, Batch 1400/3287, Loss: 0.6129
2025-10-10 01:06:43,605 [INFO] Época 13/30, Batch 1450/3287, Loss: 0.6740
2025-10-10 01:06:43,862 [INFO] Época 13/30, Batch 1500/3287, Loss: 0.8196
2025-10-10 01:06:44,122 [INFO] Época 13/30, Batch 1550/3287, Loss: 0.7703
2025-10-10 01:06:44,379 [INFO] Época 13/30, Batch 1600/3287, Loss: 0.6283
2025-10-10 01:06:44,637 [INFO] Época 13/30, Batch 1650/3287, Loss: 0.5553
2025-10-10 01:06:44,894 [INFO] Época 13/30, Batch 1700/3287, Loss: 0.6493
2025-10-10 01:06:45,151 [INFO] Época 13/30, Batch 1750/3287, Loss: 0.6863
2025-10-10 01:06:45,408 [INFO] Época 13/30, Batch 1800/3287, Loss: 0.6074
2025-10-10 01:06:45,666 [INFO] Época 13/30, Batch 1850/3287, Loss: 0.6689
2025-10-10 01:06:45,923 [INFO] Época 13/30, Batch 1900/3287, Loss: 0.5076
2025-10-10 01:06:46,182 [INFO] Época 13/30, Batch 1950/3287, Loss: 0.7890
2025-10-10 01:06:46,440 [INFO] Época 13/30, Batch 2000/3287, Loss: 0.6906
2025-10-10 01:06:46,696 [INFO] Época 13/30, Batch 2050/3287, Loss: 0.7475
2025-10-10 01:06:46,956 [INFO] Época 13/30, Batch 2100/3287, Loss: 0.7879
2025-10-10 01:06:47,214 [INFO] Época 13/30, Batch 2150/3287, Loss: 0.5367
2025-10-10 01:06:47,472 [INFO] Época 13/30, Batch 2200/3287, Loss: 0.6059
2025-10-10 01:06:47,728 [INFO] Época 13/30, Batch 2250/3287, Loss: 0.7049
2025-10-10 01:06:47,985 [INFO] Época 13/30, Batch 2300/3287, Loss: 0.7792
2025-10-10 01:06:48,243 [INFO] Época 13/30, Batch 2350/3287, Loss: 0.6817
2025-10-10 01:06:48,502 [INFO] Época 13/30, Batch 2400/3287, Loss: 0.8200
2025-10-10 01:06:48,758 [INFO] Época 13/30, Batch 2450/3287, Loss: 0.8095
2025-10-10 01:06:49,013 [INFO] Época 13/30, Batch 2500/3287, Loss: 0.7867
2025-10-10 01:06:49,267 [INFO] Época 13/30, Batch 2550/3287, Loss: 0.5564
2025-10-10 01:06:49,525 [INFO] Época 13/30, Batch 2600/3287, Loss: 0.8066
2025-10-10 01:06:49,782 [INFO] Época 13/30, Batch 2650/3287, Loss: 0.8036
2025-10-10 01:06:50,040 [INFO] Época 13/30, Batch 2700/3287, Loss: 0.7862
2025-10-10 01:06:50,298 [INFO] Época 13/30, Batch 2750/3287, Loss: 0.5472
2025-10-10 01:06:50,554 [INFO] Época 13/30, Batch 2800/3287, Loss: 0.7826
2025-10-10 01:06:50,810 [INFO] Época 13/30, Batch 2850/3287, Loss: 0.6334
2025-10-10 01:06:51,071 [INFO] Época 13/30, Batch 2900/3287, Loss: 0.5997
2025-10-10 01:06:51,328 [INFO] Época 13/30, Batch 2950/3287, Loss: 0.6626
2025-10-10 01:06:51,582 [INFO] Época 13/30, Batch 3000/3287, Loss: 0.8178
2025-10-10 01:06:51,840 [INFO] Época 13/30, Batch 3050/3287, Loss: 0.6827
2025-10-10 01:06:52,099 [INFO] Época 13/30, Batch 3100/3287, Loss: 0.7351
2025-10-10 01:06:52,357 [INFO] Época 13/30, Batch 3150/3287, Loss: 0.6115
2025-10-10 01:06:52,613 [INFO] Época 13/30, Batch 3200/3287, Loss: 0.6420
2025-10-10 01:06:52,870 [INFO] Época 13/30, Batch 3250/3287, Loss: 0.6713
2025-10-10 01:06:54,500 [INFO] [13/30] Train Loss: 0.6968 | Val Loss: 0.7882 | Tempo: 18.67s
2025-10-10 01:06:55,063 [INFO] Época 14/30, Batch 50/3287, Loss: 0.5893
2025-10-10 01:06:55,334 [INFO] Época 14/30, Batch 100/3287, Loss: 0.7646
2025-10-10 01:06:55,607 [INFO] Época 14/30, Batch 150/3287, Loss: 0.7464
2025-10-10 01:06:55,879 [INFO] Época 14/30, Batch 200/3287, Loss: 0.7488
2025-10-10 01:06:56,150 [INFO] Época 14/30, Batch 250/3287, Loss: 0.6658
2025-10-10 01:06:56,422 [INFO] Época 14/30, Batch 300/3287, Loss: 0.7246
2025-10-10 01:06:56,685 [INFO] Época 14/30, Batch 350/3287, Loss: 0.8389
2025-10-10 01:06:56,948 [INFO] Época 14/30, Batch 400/3287, Loss: 0.6215
2025-10-10 01:06:57,204 [INFO] Época 14/30, Batch 450/3287, Loss: 0.5916
2025-10-10 01:06:57,458 [INFO] Época 14/30, Batch 500/3287, Loss: 0.7191
2025-10-10 01:06:57,711 [INFO] Época 14/30, Batch 550/3287, Loss: 0.7008
2025-10-10 01:06:57,966 [INFO] Época 14/30, Batch 600/3287, Loss: 0.7120
2025-10-10 01:06:58,221 [INFO] Época 14/30, Batch 650/3287, Loss: 0.5919
2025-10-10 01:06:58,477 [INFO] Época 14/30, Batch 700/3287, Loss: 0.6058
2025-10-10 01:06:58,737 [INFO] Época 14/30, Batch 750/3287, Loss: 0.6643
2025-10-10 01:06:59,002 [INFO] Época 14/30, Batch 800/3287, Loss: 0.8651
2025-10-10 01:06:59,251 [INFO] Época 14/30, Batch 850/3287, Loss: 0.7084
2025-10-10 01:06:59,499 [INFO] Época 14/30, Batch 900/3287, Loss: 0.8902
2025-10-10 01:06:59,769 [INFO] Época 14/30, Batch 950/3287, Loss: 0.6273
2025-10-10 01:07:00,016 [INFO] Época 14/30, Batch 1000/3287, Loss: 0.7768
2025-10-10 01:07:00,264 [INFO] Época 14/30, Batch 1050/3287, Loss: 0.7433
2025-10-10 01:07:00,511 [INFO] Época 14/30, Batch 1100/3287, Loss: 0.8429
2025-10-10 01:07:00,767 [INFO] Época 14/30, Batch 1150/3287, Loss: 0.7256
2025-10-10 01:07:01,022 [INFO] Época 14/30, Batch 1200/3287, Loss: 0.7291
2025-10-10 01:07:01,279 [INFO] Época 14/30, Batch 1250/3287, Loss: 0.5423
2025-10-10 01:07:01,536 [INFO] Época 14/30, Batch 1300/3287, Loss: 0.7686
2025-10-10 01:07:01,792 [INFO] Época 14/30, Batch 1350/3287, Loss: 0.7563
2025-10-10 01:07:02,053 [INFO] Época 14/30, Batch 1400/3287, Loss: 0.6252
2025-10-10 01:07:02,314 [INFO] Época 14/30, Batch 1450/3287, Loss: 0.6933
2025-10-10 01:07:02,575 [INFO] Época 14/30, Batch 1500/3287, Loss: 0.7555
2025-10-10 01:07:02,837 [INFO] Época 14/30, Batch 1550/3287, Loss: 0.8224
2025-10-10 01:07:03,095 [INFO] Época 14/30, Batch 1600/3287, Loss: 0.7154
2025-10-10 01:07:03,353 [INFO] Época 14/30, Batch 1650/3287, Loss: 0.6278
2025-10-10 01:07:03,609 [INFO] Época 14/30, Batch 1700/3287, Loss: 0.6769
2025-10-10 01:07:03,864 [INFO] Época 14/30, Batch 1750/3287, Loss: 0.7633
2025-10-10 01:07:04,121 [INFO] Época 14/30, Batch 1800/3287, Loss: 0.6943
2025-10-10 01:07:04,374 [INFO] Época 14/30, Batch 1850/3287, Loss: 0.6376
2025-10-10 01:07:04,632 [INFO] Época 14/30, Batch 1900/3287, Loss: 0.6332
2025-10-10 01:07:04,887 [INFO] Época 14/30, Batch 1950/3287, Loss: 0.7636
2025-10-10 01:07:05,143 [INFO] Época 14/30, Batch 2000/3287, Loss: 0.5844
2025-10-10 01:07:05,398 [INFO] Época 14/30, Batch 2050/3287, Loss: 0.5784
2025-10-10 01:07:05,654 [INFO] Época 14/30, Batch 2100/3287, Loss: 0.7616
2025-10-10 01:07:05,907 [INFO] Época 14/30, Batch 2150/3287, Loss: 0.6686
2025-10-10 01:07:06,168 [INFO] Época 14/30, Batch 2200/3287, Loss: 0.6571
2025-10-10 01:07:06,423 [INFO] Época 14/30, Batch 2250/3287, Loss: 0.7164
2025-10-10 01:07:06,679 [INFO] Época 14/30, Batch 2300/3287, Loss: 0.7377
2025-10-10 01:07:06,934 [INFO] Época 14/30, Batch 2350/3287, Loss: 0.7647
2025-10-10 01:07:07,191 [INFO] Época 14/30, Batch 2400/3287, Loss: 0.8453
2025-10-10 01:07:07,448 [INFO] Época 14/30, Batch 2450/3287, Loss: 0.6547
2025-10-10 01:07:07,705 [INFO] Época 14/30, Batch 2500/3287, Loss: 0.7780
2025-10-10 01:07:07,962 [INFO] Época 14/30, Batch 2550/3287, Loss: 0.6632
2025-10-10 01:07:08,218 [INFO] Época 14/30, Batch 2600/3287, Loss: 0.6223
2025-10-10 01:07:08,474 [INFO] Época 14/30, Batch 2650/3287, Loss: 0.8360
2025-10-10 01:07:08,737 [INFO] Época 14/30, Batch 2700/3287, Loss: 0.6925
2025-10-10 01:07:08,995 [INFO] Época 14/30, Batch 2750/3287, Loss: 0.6706
2025-10-10 01:07:09,254 [INFO] Época 14/30, Batch 2800/3287, Loss: 0.7430
2025-10-10 01:07:09,513 [INFO] Época 14/30, Batch 2850/3287, Loss: 0.7009
2025-10-10 01:07:09,772 [INFO] Época 14/30, Batch 2900/3287, Loss: 0.6378
2025-10-10 01:07:10,032 [INFO] Época 14/30, Batch 2950/3287, Loss: 0.7337
2025-10-10 01:07:10,290 [INFO] Época 14/30, Batch 3000/3287, Loss: 0.6860
2025-10-10 01:07:10,548 [INFO] Época 14/30, Batch 3050/3287, Loss: 0.6140
2025-10-10 01:07:10,817 [INFO] Época 14/30, Batch 3100/3287, Loss: 0.7417
2025-10-10 01:07:11,075 [INFO] Época 14/30, Batch 3150/3287, Loss: 0.5610
2025-10-10 01:07:11,333 [INFO] Época 14/30, Batch 3200/3287, Loss: 0.8611
2025-10-10 01:07:11,588 [INFO] Época 14/30, Batch 3250/3287, Loss: 0.6185
2025-10-10 01:07:13,248 [INFO] [14/30] Train Loss: 0.6958 | Val Loss: 0.7690 | Tempo: 18.75s
2025-10-10 01:07:13,812 [INFO] Época 15/30, Batch 50/3287, Loss: 0.6835
2025-10-10 01:07:14,090 [INFO] Época 15/30, Batch 100/3287, Loss: 0.6437
2025-10-10 01:07:14,362 [INFO] Época 15/30, Batch 150/3287, Loss: 0.6957
2025-10-10 01:07:14,636 [INFO] Época 15/30, Batch 200/3287, Loss: 0.7559
2025-10-10 01:07:14,905 [INFO] Época 15/30, Batch 250/3287, Loss: 0.6516
2025-10-10 01:07:15,174 [INFO] Época 15/30, Batch 300/3287, Loss: 0.8915
2025-10-10 01:07:15,441 [INFO] Época 15/30, Batch 350/3287, Loss: 0.5639
2025-10-10 01:07:15,708 [INFO] Época 15/30, Batch 400/3287, Loss: 0.7041
2025-10-10 01:07:15,966 [INFO] Época 15/30, Batch 450/3287, Loss: 0.7390
2025-10-10 01:07:16,224 [INFO] Época 15/30, Batch 500/3287, Loss: 0.6008
2025-10-10 01:07:16,482 [INFO] Época 15/30, Batch 550/3287, Loss: 0.5666
2025-10-10 01:07:16,742 [INFO] Época 15/30, Batch 600/3287, Loss: 0.6900
2025-10-10 01:07:16,999 [INFO] Época 15/30, Batch 650/3287, Loss: 0.7492
2025-10-10 01:07:17,257 [INFO] Época 15/30, Batch 700/3287, Loss: 0.6256
2025-10-10 01:07:17,516 [INFO] Época 15/30, Batch 750/3287, Loss: 0.6643
2025-10-10 01:07:17,775 [INFO] Época 15/30, Batch 800/3287, Loss: 0.6680
2025-10-10 01:07:18,032 [INFO] Época 15/30, Batch 850/3287, Loss: 0.7218
2025-10-10 01:07:18,290 [INFO] Época 15/30, Batch 900/3287, Loss: 0.6582
2025-10-10 01:07:18,549 [INFO] Época 15/30, Batch 950/3287, Loss: 0.5830
2025-10-10 01:07:18,805 [INFO] Época 15/30, Batch 1000/3287, Loss: 0.7076
2025-10-10 01:07:19,060 [INFO] Época 15/30, Batch 1050/3287, Loss: 0.7869
2025-10-10 01:07:19,316 [INFO] Época 15/30, Batch 1100/3287, Loss: 0.7778
2025-10-10 01:07:19,573 [INFO] Época 15/30, Batch 1150/3287, Loss: 0.8034
2025-10-10 01:07:19,829 [INFO] Época 15/30, Batch 1200/3287, Loss: 0.5361
2025-10-10 01:07:20,085 [INFO] Época 15/30, Batch 1250/3287, Loss: 0.6483
2025-10-10 01:07:20,340 [INFO] Época 15/30, Batch 1300/3287, Loss: 0.6973
2025-10-10 01:07:20,595 [INFO] Época 15/30, Batch 1350/3287, Loss: 0.6261
2025-10-10 01:07:20,851 [INFO] Época 15/30, Batch 1400/3287, Loss: 0.7139
2025-10-10 01:07:21,109 [INFO] Época 15/30, Batch 1450/3287, Loss: 0.7599
2025-10-10 01:07:21,364 [INFO] Época 15/30, Batch 1500/3287, Loss: 0.5368
2025-10-10 01:07:21,620 [INFO] Época 15/30, Batch 1550/3287, Loss: 0.6150
2025-10-10 01:07:21,875 [INFO] Época 15/30, Batch 1600/3287, Loss: 0.7879
2025-10-10 01:07:22,132 [INFO] Época 15/30, Batch 1650/3287, Loss: 0.7464
2025-10-10 01:07:22,390 [INFO] Época 15/30, Batch 1700/3287, Loss: 0.6773
2025-10-10 01:07:22,648 [INFO] Época 15/30, Batch 1750/3287, Loss: 0.6682
2025-10-10 01:07:22,905 [INFO] Época 15/30, Batch 1800/3287, Loss: 0.6696
2025-10-10 01:07:23,164 [INFO] Época 15/30, Batch 1850/3287, Loss: 0.6545
2025-10-10 01:07:23,424 [INFO] Época 15/30, Batch 1900/3287, Loss: 0.6086
2025-10-10 01:07:23,682 [INFO] Época 15/30, Batch 1950/3287, Loss: 0.7453
2025-10-10 01:07:23,940 [INFO] Época 15/30, Batch 2000/3287, Loss: 0.6732
2025-10-10 01:07:24,196 [INFO] Época 15/30, Batch 2050/3287, Loss: 0.6072
2025-10-10 01:07:24,454 [INFO] Época 15/30, Batch 2100/3287, Loss: 0.6803
2025-10-10 01:07:24,711 [INFO] Época 15/30, Batch 2150/3287, Loss: 0.7666
2025-10-10 01:07:24,967 [INFO] Época 15/30, Batch 2200/3287, Loss: 0.5775
2025-10-10 01:07:25,225 [INFO] Época 15/30, Batch 2250/3287, Loss: 0.6508
2025-10-10 01:07:25,483 [INFO] Época 15/30, Batch 2300/3287, Loss: 0.5787
2025-10-10 01:07:25,740 [INFO] Época 15/30, Batch 2350/3287, Loss: 0.6268
2025-10-10 01:07:25,997 [INFO] Época 15/30, Batch 2400/3287, Loss: 0.6518
2025-10-10 01:07:26,254 [INFO] Época 15/30, Batch 2450/3287, Loss: 0.5059
2025-10-10 01:07:26,513 [INFO] Época 15/30, Batch 2500/3287, Loss: 0.6247
2025-10-10 01:07:26,771 [INFO] Época 15/30, Batch 2550/3287, Loss: 0.8241
2025-10-10 01:07:27,028 [INFO] Época 15/30, Batch 2600/3287, Loss: 0.6368
2025-10-10 01:07:27,284 [INFO] Época 15/30, Batch 2650/3287, Loss: 0.8375
2025-10-10 01:07:27,544 [INFO] Época 15/30, Batch 2700/3287, Loss: 0.7461
2025-10-10 01:07:27,803 [INFO] Época 15/30, Batch 2750/3287, Loss: 0.6711
2025-10-10 01:07:28,062 [INFO] Época 15/30, Batch 2800/3287, Loss: 0.6781
2025-10-10 01:07:28,321 [INFO] Época 15/30, Batch 2850/3287, Loss: 0.6632
2025-10-10 01:07:28,578 [INFO] Época 15/30, Batch 2900/3287, Loss: 0.4827
2025-10-10 01:07:28,836 [INFO] Época 15/30, Batch 2950/3287, Loss: 0.6650
2025-10-10 01:07:29,096 [INFO] Época 15/30, Batch 3000/3287, Loss: 0.6367
2025-10-10 01:07:29,365 [INFO] Época 15/30, Batch 3050/3287, Loss: 0.5434
2025-10-10 01:07:29,634 [INFO] Época 15/30, Batch 3100/3287, Loss: 0.6944
2025-10-10 01:07:29,902 [INFO] Época 15/30, Batch 3150/3287, Loss: 0.6937
2025-10-10 01:07:30,170 [INFO] Época 15/30, Batch 3200/3287, Loss: 0.9220
2025-10-10 01:07:30,439 [INFO] Época 15/30, Batch 3250/3287, Loss: 0.6885
2025-10-10 01:07:32,082 [INFO] [15/30] Train Loss: 0.6955 | Val Loss: 0.7793 | Tempo: 18.83s
2025-10-10 01:07:32,641 [INFO] Época 16/30, Batch 50/3287, Loss: 0.6166
2025-10-10 01:07:32,903 [INFO] Época 16/30, Batch 100/3287, Loss: 0.6175
2025-10-10 01:07:33,162 [INFO] Época 16/30, Batch 150/3287, Loss: 0.6949
2025-10-10 01:07:33,421 [INFO] Época 16/30, Batch 200/3287, Loss: 0.7659
2025-10-10 01:07:33,680 [INFO] Época 16/30, Batch 250/3287, Loss: 0.6960
2025-10-10 01:07:33,939 [INFO] Época 16/30, Batch 300/3287, Loss: 0.6318
2025-10-10 01:07:34,198 [INFO] Época 16/30, Batch 350/3287, Loss: 0.6720
2025-10-10 01:07:34,456 [INFO] Época 16/30, Batch 400/3287, Loss: 0.7626
2025-10-10 01:07:34,714 [INFO] Época 16/30, Batch 450/3287, Loss: 0.5127
2025-10-10 01:07:34,974 [INFO] Época 16/30, Batch 500/3287, Loss: 0.7857
2025-10-10 01:07:35,231 [INFO] Época 16/30, Batch 550/3287, Loss: 0.7370
2025-10-10 01:07:35,490 [INFO] Época 16/30, Batch 600/3287, Loss: 0.6842
2025-10-10 01:07:35,749 [INFO] Época 16/30, Batch 650/3287, Loss: 0.7695
2025-10-10 01:07:36,005 [INFO] Época 16/30, Batch 700/3287, Loss: 0.7739
2025-10-10 01:07:36,262 [INFO] Época 16/30, Batch 750/3287, Loss: 0.6651
2025-10-10 01:07:36,519 [INFO] Época 16/30, Batch 800/3287, Loss: 0.7760
2025-10-10 01:07:36,774 [INFO] Época 16/30, Batch 850/3287, Loss: 0.7043
2025-10-10 01:07:37,030 [INFO] Época 16/30, Batch 900/3287, Loss: 0.8147
2025-10-10 01:07:37,285 [INFO] Época 16/30, Batch 950/3287, Loss: 0.7896
2025-10-10 01:07:37,543 [INFO] Época 16/30, Batch 1000/3287, Loss: 0.5896
2025-10-10 01:07:37,803 [INFO] Época 16/30, Batch 1050/3287, Loss: 0.8939
2025-10-10 01:07:38,064 [INFO] Época 16/30, Batch 1100/3287, Loss: 0.8139
2025-10-10 01:07:38,322 [INFO] Época 16/30, Batch 1150/3287, Loss: 0.6957
2025-10-10 01:07:38,583 [INFO] Época 16/30, Batch 1200/3287, Loss: 0.7356
2025-10-10 01:07:38,845 [INFO] Época 16/30, Batch 1250/3287, Loss: 0.7638
2025-10-10 01:07:39,105 [INFO] Época 16/30, Batch 1300/3287, Loss: 0.5293
2025-10-10 01:07:39,365 [INFO] Época 16/30, Batch 1350/3287, Loss: 0.6610
2025-10-10 01:07:39,625 [INFO] Época 16/30, Batch 1400/3287, Loss: 0.5619
2025-10-10 01:07:39,885 [INFO] Época 16/30, Batch 1450/3287, Loss: 0.6750
2025-10-10 01:07:40,148 [INFO] Época 16/30, Batch 1500/3287, Loss: 0.5162
2025-10-10 01:07:40,408 [INFO] Época 16/30, Batch 1550/3287, Loss: 0.6445
2025-10-10 01:07:40,667 [INFO] Época 16/30, Batch 1600/3287, Loss: 0.9266
2025-10-10 01:07:40,924 [INFO] Época 16/30, Batch 1650/3287, Loss: 0.5928
2025-10-10 01:07:41,181 [INFO] Época 16/30, Batch 1700/3287, Loss: 0.7203
2025-10-10 01:07:41,438 [INFO] Época 16/30, Batch 1750/3287, Loss: 0.6147
2025-10-10 01:07:41,696 [INFO] Época 16/30, Batch 1800/3287, Loss: 0.7458
2025-10-10 01:07:41,955 [INFO] Época 16/30, Batch 1850/3287, Loss: 0.6931
2025-10-10 01:07:42,212 [INFO] Época 16/30, Batch 1900/3287, Loss: 0.9385
2025-10-10 01:07:42,472 [INFO] Época 16/30, Batch 1950/3287, Loss: 0.7929
2025-10-10 01:07:42,729 [INFO] Época 16/30, Batch 2000/3287, Loss: 0.6182
2025-10-10 01:07:42,989 [INFO] Época 16/30, Batch 2050/3287, Loss: 0.6774
2025-10-10 01:07:43,248 [INFO] Época 16/30, Batch 2100/3287, Loss: 0.7344
2025-10-10 01:07:43,507 [INFO] Época 16/30, Batch 2150/3287, Loss: 0.5566
2025-10-10 01:07:43,766 [INFO] Época 16/30, Batch 2200/3287, Loss: 0.6546
2025-10-10 01:07:44,026 [INFO] Época 16/30, Batch 2250/3287, Loss: 0.8064
2025-10-10 01:07:44,286 [INFO] Época 16/30, Batch 2300/3287, Loss: 0.8133
2025-10-10 01:07:44,545 [INFO] Época 16/30, Batch 2350/3287, Loss: 0.7664
2025-10-10 01:07:44,804 [INFO] Época 16/30, Batch 2400/3287, Loss: 0.6082
2025-10-10 01:07:45,063 [INFO] Época 16/30, Batch 2450/3287, Loss: 0.8396
2025-10-10 01:07:45,322 [INFO] Época 16/30, Batch 2500/3287, Loss: 0.6641
2025-10-10 01:07:45,583 [INFO] Época 16/30, Batch 2550/3287, Loss: 0.6649
2025-10-10 01:07:45,852 [INFO] Época 16/30, Batch 2600/3287, Loss: 0.7066
2025-10-10 01:07:46,112 [INFO] Época 16/30, Batch 2650/3287, Loss: 0.8186
2025-10-10 01:07:46,370 [INFO] Época 16/30, Batch 2700/3287, Loss: 0.7569
2025-10-10 01:07:46,629 [INFO] Época 16/30, Batch 2750/3287, Loss: 0.7156
2025-10-10 01:07:46,891 [INFO] Época 16/30, Batch 2800/3287, Loss: 0.5686
2025-10-10 01:07:47,149 [INFO] Época 16/30, Batch 2850/3287, Loss: 0.6588
2025-10-10 01:07:47,408 [INFO] Época 16/30, Batch 2900/3287, Loss: 0.6324
2025-10-10 01:07:47,667 [INFO] Época 16/30, Batch 2950/3287, Loss: 0.6239
2025-10-10 01:07:47,927 [INFO] Época 16/30, Batch 3000/3287, Loss: 0.8306
2025-10-10 01:07:48,188 [INFO] Época 16/30, Batch 3050/3287, Loss: 0.7988
2025-10-10 01:07:48,450 [INFO] Época 16/30, Batch 3100/3287, Loss: 0.6465
2025-10-10 01:07:48,710 [INFO] Época 16/30, Batch 3150/3287, Loss: 0.7095
2025-10-10 01:07:48,968 [INFO] Época 16/30, Batch 3200/3287, Loss: 0.7275
2025-10-10 01:07:49,227 [INFO] Época 16/30, Batch 3250/3287, Loss: 0.4803
2025-10-10 01:07:50,860 [INFO] [16/30] Train Loss: 0.6948 | Val Loss: 0.7614 | Tempo: 18.78s
2025-10-10 01:07:51,401 [INFO] Época 17/30, Batch 50/3287, Loss: 0.7450
2025-10-10 01:07:51,663 [INFO] Época 17/30, Batch 100/3287, Loss: 0.7700
2025-10-10 01:07:51,923 [INFO] Época 17/30, Batch 150/3287, Loss: 0.6982
2025-10-10 01:07:52,180 [INFO] Época 17/30, Batch 200/3287, Loss: 0.6406
2025-10-10 01:07:52,438 [INFO] Época 17/30, Batch 250/3287, Loss: 0.7007
2025-10-10 01:07:52,697 [INFO] Época 17/30, Batch 300/3287, Loss: 0.6404
2025-10-10 01:07:52,954 [INFO] Época 17/30, Batch 350/3287, Loss: 0.5853
2025-10-10 01:07:53,212 [INFO] Época 17/30, Batch 400/3287, Loss: 0.6851
2025-10-10 01:07:53,470 [INFO] Época 17/30, Batch 450/3287, Loss: 0.8315
2025-10-10 01:07:53,727 [INFO] Época 17/30, Batch 500/3287, Loss: 0.6456
2025-10-10 01:07:53,987 [INFO] Época 17/30, Batch 550/3287, Loss: 0.7656
2025-10-10 01:07:54,253 [INFO] Época 17/30, Batch 600/3287, Loss: 0.7317
2025-10-10 01:07:54,519 [INFO] Época 17/30, Batch 650/3287, Loss: 0.6337
2025-10-10 01:07:54,779 [INFO] Época 17/30, Batch 700/3287, Loss: 0.6754
2025-10-10 01:07:55,037 [INFO] Época 17/30, Batch 750/3287, Loss: 0.7620
2025-10-10 01:07:55,296 [INFO] Época 17/30, Batch 800/3287, Loss: 0.8325
2025-10-10 01:07:55,553 [INFO] Época 17/30, Batch 850/3287, Loss: 0.6235
2025-10-10 01:07:55,809 [INFO] Época 17/30, Batch 900/3287, Loss: 0.6901
2025-10-10 01:07:56,065 [INFO] Época 17/30, Batch 950/3287, Loss: 0.6490
2025-10-10 01:07:56,321 [INFO] Época 17/30, Batch 1000/3287, Loss: 0.7141
2025-10-10 01:07:56,580 [INFO] Época 17/30, Batch 1050/3287, Loss: 0.6774
2025-10-10 01:07:56,835 [INFO] Época 17/30, Batch 1100/3287, Loss: 0.6801
2025-10-10 01:07:57,094 [INFO] Época 17/30, Batch 1150/3287, Loss: 0.7019
2025-10-10 01:07:57,350 [INFO] Época 17/30, Batch 1200/3287, Loss: 0.5364
2025-10-10 01:07:57,605 [INFO] Época 17/30, Batch 1250/3287, Loss: 0.5255
2025-10-10 01:07:57,865 [INFO] Época 17/30, Batch 1300/3287, Loss: 0.7215
2025-10-10 01:07:58,121 [INFO] Época 17/30, Batch 1350/3287, Loss: 0.8012
2025-10-10 01:07:58,378 [INFO] Época 17/30, Batch 1400/3287, Loss: 0.7910
2025-10-10 01:07:58,636 [INFO] Época 17/30, Batch 1450/3287, Loss: 0.6173
2025-10-10 01:07:58,893 [INFO] Época 17/30, Batch 1500/3287, Loss: 0.7031
2025-10-10 01:07:59,150 [INFO] Época 17/30, Batch 1550/3287, Loss: 0.5991
2025-10-10 01:07:59,408 [INFO] Época 17/30, Batch 1600/3287, Loss: 0.8444
2025-10-10 01:07:59,666 [INFO] Época 17/30, Batch 1650/3287, Loss: 0.4906
2025-10-10 01:07:59,923 [INFO] Época 17/30, Batch 1700/3287, Loss: 0.7806
2025-10-10 01:08:00,180 [INFO] Época 17/30, Batch 1750/3287, Loss: 0.5839
2025-10-10 01:08:00,438 [INFO] Época 17/30, Batch 1800/3287, Loss: 0.6436
2025-10-10 01:08:00,697 [INFO] Época 17/30, Batch 1850/3287, Loss: 0.5593
2025-10-10 01:08:00,956 [INFO] Época 17/30, Batch 1900/3287, Loss: 0.7499
2025-10-10 01:08:01,213 [INFO] Época 17/30, Batch 1950/3287, Loss: 0.6331
2025-10-10 01:08:01,471 [INFO] Época 17/30, Batch 2000/3287, Loss: 0.6193
2025-10-10 01:08:01,729 [INFO] Época 17/30, Batch 2050/3287, Loss: 0.8516
2025-10-10 01:08:01,988 [INFO] Época 17/30, Batch 2100/3287, Loss: 0.7445
2025-10-10 01:08:02,247 [INFO] Época 17/30, Batch 2150/3287, Loss: 0.7308
2025-10-10 01:08:02,505 [INFO] Época 17/30, Batch 2200/3287, Loss: 0.6276
2025-10-10 01:08:02,763 [INFO] Época 17/30, Batch 2250/3287, Loss: 0.7219
2025-10-10 01:08:03,020 [INFO] Época 17/30, Batch 2300/3287, Loss: 0.7861
2025-10-10 01:08:03,280 [INFO] Época 17/30, Batch 2350/3287, Loss: 0.6930
2025-10-10 01:08:03,536 [INFO] Época 17/30, Batch 2400/3287, Loss: 0.5474
2025-10-10 01:08:03,794 [INFO] Época 17/30, Batch 2450/3287, Loss: 0.7834
2025-10-10 01:08:04,052 [INFO] Época 17/30, Batch 2500/3287, Loss: 0.7939
2025-10-10 01:08:04,309 [INFO] Época 17/30, Batch 2550/3287, Loss: 0.6787
2025-10-10 01:08:04,568 [INFO] Época 17/30, Batch 2600/3287, Loss: 0.6312
2025-10-10 01:08:04,826 [INFO] Época 17/30, Batch 2650/3287, Loss: 0.5855
2025-10-10 01:08:05,087 [INFO] Época 17/30, Batch 2700/3287, Loss: 0.5749
2025-10-10 01:08:05,346 [INFO] Época 17/30, Batch 2750/3287, Loss: 0.8985
2025-10-10 01:08:05,604 [INFO] Época 17/30, Batch 2800/3287, Loss: 0.7370
2025-10-10 01:08:05,870 [INFO] Época 17/30, Batch 2850/3287, Loss: 0.6934
2025-10-10 01:08:06,128 [INFO] Época 17/30, Batch 2900/3287, Loss: 0.5157
2025-10-10 01:08:06,386 [INFO] Época 17/30, Batch 2950/3287, Loss: 0.6403
2025-10-10 01:08:06,642 [INFO] Época 17/30, Batch 3000/3287, Loss: 0.5940
2025-10-10 01:08:06,897 [INFO] Época 17/30, Batch 3050/3287, Loss: 0.6695
2025-10-10 01:08:07,156 [INFO] Época 17/30, Batch 3100/3287, Loss: 0.5591
2025-10-10 01:08:07,413 [INFO] Época 17/30, Batch 3150/3287, Loss: 0.6056
2025-10-10 01:08:07,672 [INFO] Época 17/30, Batch 3200/3287, Loss: 0.7866
2025-10-10 01:08:07,928 [INFO] Época 17/30, Batch 3250/3287, Loss: 0.5702
2025-10-10 01:08:09,688 [INFO] [17/30] Train Loss: 0.6937 | Val Loss: 0.7567 | Tempo: 18.83s
2025-10-10 01:08:10,254 [INFO] Época 18/30, Batch 50/3287, Loss: 0.6841
2025-10-10 01:08:10,520 [INFO] Época 18/30, Batch 100/3287, Loss: 0.6653
2025-10-10 01:08:10,783 [INFO] Época 18/30, Batch 150/3287, Loss: 0.5791
2025-10-10 01:08:11,045 [INFO] Época 18/30, Batch 200/3287, Loss: 0.7455
2025-10-10 01:08:11,304 [INFO] Época 18/30, Batch 250/3287, Loss: 0.7230
2025-10-10 01:08:11,563 [INFO] Época 18/30, Batch 300/3287, Loss: 0.7053
2025-10-10 01:08:11,823 [INFO] Época 18/30, Batch 350/3287, Loss: 0.6095
2025-10-10 01:08:12,082 [INFO] Época 18/30, Batch 400/3287, Loss: 0.5907
2025-10-10 01:08:12,341 [INFO] Época 18/30, Batch 450/3287, Loss: 0.7739
2025-10-10 01:08:12,602 [INFO] Época 18/30, Batch 500/3287, Loss: 0.7126
2025-10-10 01:08:12,862 [INFO] Época 18/30, Batch 550/3287, Loss: 0.7239
2025-10-10 01:08:13,121 [INFO] Época 18/30, Batch 600/3287, Loss: 0.7018
2025-10-10 01:08:13,386 [INFO] Época 18/30, Batch 650/3287, Loss: 0.5801
2025-10-10 01:08:13,645 [INFO] Época 18/30, Batch 700/3287, Loss: 0.6283
2025-10-10 01:08:13,901 [INFO] Época 18/30, Batch 750/3287, Loss: 0.6208
2025-10-10 01:08:14,160 [INFO] Época 18/30, Batch 800/3287, Loss: 0.7551
2025-10-10 01:08:14,420 [INFO] Época 18/30, Batch 850/3287, Loss: 0.6784
2025-10-10 01:08:14,679 [INFO] Época 18/30, Batch 900/3287, Loss: 0.6268
2025-10-10 01:08:14,942 [INFO] Época 18/30, Batch 950/3287, Loss: 0.7614
2025-10-10 01:08:15,206 [INFO] Época 18/30, Batch 1000/3287, Loss: 0.7712
2025-10-10 01:08:15,469 [INFO] Época 18/30, Batch 1050/3287, Loss: 0.9267
2025-10-10 01:08:15,734 [INFO] Época 18/30, Batch 1100/3287, Loss: 0.6966
2025-10-10 01:08:15,997 [INFO] Época 18/30, Batch 1150/3287, Loss: 0.6224
2025-10-10 01:08:16,260 [INFO] Época 18/30, Batch 1200/3287, Loss: 0.8093
2025-10-10 01:08:16,526 [INFO] Época 18/30, Batch 1250/3287, Loss: 0.8469
2025-10-10 01:08:16,789 [INFO] Época 18/30, Batch 1300/3287, Loss: 0.6119
2025-10-10 01:08:17,054 [INFO] Época 18/30, Batch 1350/3287, Loss: 0.6763
2025-10-10 01:08:17,320 [INFO] Época 18/30, Batch 1400/3287, Loss: 0.7014
2025-10-10 01:08:17,584 [INFO] Época 18/30, Batch 1450/3287, Loss: 0.8170
2025-10-10 01:08:17,849 [INFO] Época 18/30, Batch 1500/3287, Loss: 0.7337
2025-10-10 01:08:18,114 [INFO] Época 18/30, Batch 1550/3287, Loss: 0.6696
2025-10-10 01:08:18,379 [INFO] Época 18/30, Batch 1600/3287, Loss: 0.7358
2025-10-10 01:08:18,646 [INFO] Época 18/30, Batch 1650/3287, Loss: 0.6347
2025-10-10 01:08:18,913 [INFO] Época 18/30, Batch 1700/3287, Loss: 0.6578
2025-10-10 01:08:19,176 [INFO] Época 18/30, Batch 1750/3287, Loss: 0.7161
2025-10-10 01:08:19,436 [INFO] Época 18/30, Batch 1800/3287, Loss: 0.7468
2025-10-10 01:08:19,695 [INFO] Época 18/30, Batch 1850/3287, Loss: 0.7063
2025-10-10 01:08:19,956 [INFO] Época 18/30, Batch 1900/3287, Loss: 0.7288
2025-10-10 01:08:20,216 [INFO] Época 18/30, Batch 1950/3287, Loss: 0.7063
2025-10-10 01:08:20,475 [INFO] Época 18/30, Batch 2000/3287, Loss: 0.8547
2025-10-10 01:08:20,734 [INFO] Época 18/30, Batch 2050/3287, Loss: 0.6757
2025-10-10 01:08:20,994 [INFO] Época 18/30, Batch 2100/3287, Loss: 0.8103
2025-10-10 01:08:21,254 [INFO] Época 18/30, Batch 2150/3287, Loss: 0.6662
2025-10-10 01:08:21,515 [INFO] Época 18/30, Batch 2200/3287, Loss: 0.7995
2025-10-10 01:08:21,778 [INFO] Época 18/30, Batch 2250/3287, Loss: 0.8337
2025-10-10 01:08:22,036 [INFO] Época 18/30, Batch 2300/3287, Loss: 0.6390
2025-10-10 01:08:22,296 [INFO] Época 18/30, Batch 2350/3287, Loss: 0.6584
2025-10-10 01:08:22,556 [INFO] Época 18/30, Batch 2400/3287, Loss: 0.7198
2025-10-10 01:08:22,814 [INFO] Época 18/30, Batch 2450/3287, Loss: 0.6546
2025-10-10 01:08:23,072 [INFO] Época 18/30, Batch 2500/3287, Loss: 0.6202
2025-10-10 01:08:23,331 [INFO] Época 18/30, Batch 2550/3287, Loss: 0.6696
2025-10-10 01:08:23,590 [INFO] Época 18/30, Batch 2600/3287, Loss: 0.7525
2025-10-10 01:08:23,852 [INFO] Época 18/30, Batch 2650/3287, Loss: 0.7801
2025-10-10 01:08:24,110 [INFO] Época 18/30, Batch 2700/3287, Loss: 0.9404
2025-10-10 01:08:24,368 [INFO] Época 18/30, Batch 2750/3287, Loss: 0.8942
2025-10-10 01:08:24,629 [INFO] Época 18/30, Batch 2800/3287, Loss: 0.6438
2025-10-10 01:08:24,888 [INFO] Época 18/30, Batch 2850/3287, Loss: 0.7154
2025-10-10 01:08:25,148 [INFO] Época 18/30, Batch 2900/3287, Loss: 0.6436
2025-10-10 01:08:25,407 [INFO] Época 18/30, Batch 2950/3287, Loss: 0.7444
2025-10-10 01:08:25,666 [INFO] Época 18/30, Batch 3000/3287, Loss: 0.7449
2025-10-10 01:08:25,925 [INFO] Época 18/30, Batch 3050/3287, Loss: 0.6717
2025-10-10 01:08:26,184 [INFO] Época 18/30, Batch 3100/3287, Loss: 0.6022
2025-10-10 01:08:26,445 [INFO] Época 18/30, Batch 3150/3287, Loss: 0.7990
2025-10-10 01:08:26,706 [INFO] Época 18/30, Batch 3200/3287, Loss: 0.5542
2025-10-10 01:08:26,967 [INFO] Época 18/30, Batch 3250/3287, Loss: 0.8407
2025-10-10 01:08:28,649 [INFO] [18/30] Train Loss: 0.6932 | Val Loss: 0.7620 | Tempo: 18.96s
2025-10-10 01:08:28,650 [INFO] Early stopping ativado após 10 épocas sem melhoria
2025-10-10 01:08:28,650 [INFO] Treinamento concluído em 339.26 segundos (5.65 minutos)
2025-10-10 01:08:28,650 [INFO] Iniciando avaliação no conjunto de teste...
2025-10-10 01:08:30,061 [INFO] Avaliação do teste concluída em 1.41 segundos
2025-10-10 01:08:30,062 [INFO] MSE no teste: 0.8355
2025-10-10 01:08:30,062 [INFO] RMSE no teste: 0.9141
2025-10-10 01:08:30,062 [INFO] MAE no teste: 0.7391
2025-10-10 01:08:30,063 [INFO] Métricas salvas em /mnt/hdd/home/jdurao/ToolBox-ChemXAI/logs/mlp_att6_3D_metrics.json
