2025-10-09 15:06:24,086 [INFO] ================================================================================
2025-10-09 15:06:24,086 [INFO] INICIANDO TREINAMENTO DE MODELOS MLP COM DIFERENTES DESCRITORES
2025-10-09 15:06:24,086 [INFO] ================================================================================
2025-10-09 15:06:24,087 [INFO] Log global: /mnt/hdd/home/jdurao/ToolBox-ChemXAI/logs/training_20251009_150624.log
2025-10-09 15:06:24,087 [INFO] Arquivo de sumário: /mnt/hdd/home/jdurao/ToolBox-ChemXAI/logs/training_summary_20251009_150624.txt
2025-10-09 15:06:24,087 [INFO] Arquivo de resultados: /mnt/hdd/home/jdurao/ToolBox-ChemXAI/logs/training_results_20251009_150624.json
2025-10-09 15:06:24,087 [INFO] Parâmetros de treinamento:
2025-10-09 15:06:24,087 [INFO]   Épocas: 30
2025-10-09 15:06:24,087 [INFO]   Learning Rate: 0.001
2025-10-09 15:06:24,087 [INFO]   Batch Size: 32
2025-10-09 15:06:24,087 [INFO]   Descritores: ['Morgan', 'CM', 'Physicochemical', '3D', 'MACCS', 'Topological', 'AtomPair', 'EState', 'Pattern', 'Avalon', 'MorganCount', 'Autocorr']
2025-10-09 15:06:24,087 [INFO]   Propriedades: [0, 1, 2, 3, 4, 5, 6, 7, 8, 9, 10, 11, 12, 13]
2025-10-09 15:06:24,087 [INFO]   Arquiteturas: {'large': [128, 64, 32]}
2025-10-09 15:06:24,087 [INFO] Total de 168 modelos a serem treinados
2025-10-09 15:06:24,087 [INFO] [1/168] Iniciando treino: MLP_att0_Morgan_large
2025-10-09 15:06:24,087 [INFO]   Propriedade: 0
2025-10-09 15:06:24,087 [INFO]   Descritor: Morgan
2025-10-09 15:06:24,087 [INFO]   Arquitetura: [128, 64, 32]
2025-10-09 15:06:24,087 [INFO]   Propriedade: Rotational constant A: GHz
2025-10-09 15:06:24,087 [INFO] Iniciando treinamento do modelo mlp_att0_Morgan
2025-10-09 15:06:24,087 [INFO] Configuração: att_index=0, epochs=30, layers=[128, 64, 32], lr=0.001, batch_size=32, descriptor_type=Morgan
2025-10-09 15:06:24,087 [INFO] Diretório para modelos: /mnt/hdd/home/jdurao/ToolBox-ChemXAI/models
2025-10-09 15:06:24,087 [INFO] Carregando dados...
2025-10-09 15:06:24,551 [INFO] Preparando dataloaders sem ruído...
